stat.node.0.llc.pool_accesses = 10999
stat.node.0.llc.cxl_miss = 10979
stat.node.0.llc.total_miss = 10979
stat.node.0.llc.avg_miss_lat = 439.977
stat.node.0.llc.avg_cxl_miss_lat = 439.977
stat.node.0.llc.miss_lat_hist_bin_ns = 10
stat.node.0.llc.miss_lat_hist = [0,0,0,0,0,0,0,0,0,0,0,0,0,0,0,1604,2386,1859,1455,1131,841,624,411,291,184,101,56,28,8]
stat.node.0.util.dram_avg = 2.04298e-05
stat.node.0.bw.interval_cycles = 476475
stat.node.0.bw.host_to_switch_bytes = 511800
stat.node.0.bw.switch_to_host_bytes = 704256
stat.node.0.bw.host_link_total_bytes = 1216056
stat.node.0.bw.host_to_switch_gbps = 2.57793
stat.node.0.bw.switch_to_host_gbps = 3.54733
stat.node.0.bw.host_link_total_gbps = 6.12526
stat.node.0.fabric.ingress_wait_avg_cycles = 204.003
stat.node.0.fabric.egress_wait_avg_cycles = 1
stat.node.0.fabric.ingress_wait_max_cycles = 446
stat.node.0.fabric.egress_wait_max_cycles = 1
stat.node.0.fabric.ingress_queue_wait_avg_cycles = 59.0423
stat.node.0.fabric.ingress_queue_wait_max_cycles = 301
stat.node.0.fabric.egress_occ_avg_bytes = 0
stat.node.0.fabric.egress_occ_stddev_bytes = 0
stat.node.0.fabric.egress_occ_max_bytes = 0
stat.node.0.fabric.egress_occ_nonempty_frac = 0
stat.node.0.fabric.egress_blocked_cycles = 0
stat.node.0.fabric.egress_blocked_nonempty_frac = 0
stat.node.0.fabric.egress_blocked_avg_occ_bytes = 0
stat.node.0.fabric.egress_blocked_max_occ_bytes = 0
stat.node.0.fabric.egress_send_burst_max_pkts = 2
stat.node.0.fabric.egress_send_burst_max_bytes = 72
stat.node.0.fabric.egress_send_burst_avg_pkts = 1.01165
stat.node.0.fabric.egress_send_burst_avg_bytes = 29.3834
stat.node.0.fabric.egress_send_burst_stddev_pkts = 0.107326
stat.node.0.fabric.egress_send_burst_stddev_bytes = 27.3164
stat.node.0.fabric.egress_send_nonempty_frac = 0.036556
stat.node.0.fabric.ingress_occ_bytes = 640
stat.node.0.fabric.ready_wait_avg_cycles = 0
stat.node.0.fabric.ready_wait_max_cycles = 0
stat.node.0.fabric.ready_occ_avg_pkts = 0.0230841
stat.node.0.fabric.ready_occ_pkts = 0
stat.node.0.fabric.ready_occ_max_pkts = 1
stat.node.0.fabric.ready_retry_count = 0
stat.node.0.fabric.ingress_arrival_burst_max_pkts = 1
stat.node.0.fabric.ingress_arrival_burst_max_bytes = 64
stat.node.0.fabric.ingress_arrival_burst_avg_pkts = 1
stat.node.0.fabric.ingress_arrival_burst_avg_bytes = 64
stat.node.0.fabric.ingress_arrival_burst_stddev_pkts = 0
stat.node.0.fabric.ingress_arrival_burst_stddev_bytes = 0
stat.node.0.fabric.ingress_arrival_nonempty_frac = 0.0230946
stat.node.0.fabric.ingress_arrival_run_max_cycles = 1
stat.node.0.fabric.ingress_arrival_run_avg_cycles = 1
stat.node.0.fabric.ingress_arrival_run_stddev_cycles = 0
stat.node.0.fabric.ingress_arrival_gap_max_cycles = 638
stat.node.0.fabric.ingress_arrival_gap_avg_cycles = 42.278
stat.node.0.fabric.ingress_arrival_gap_stddev_cycles = 83.3638
stat.node.0.fabric.ingress_release_burst_max_pkts = 1
stat.node.0.fabric.ingress_release_burst_max_bytes = 64
stat.node.0.fabric.ingress_release_burst_avg_pkts = 1
stat.node.0.fabric.ingress_release_burst_avg_bytes = 64
stat.node.0.fabric.ingress_release_burst_stddev_pkts = 0
stat.node.0.fabric.ingress_release_burst_stddev_bytes = 0
stat.node.0.fabric.ingress_release_nonempty_frac = 0.0230841
stat.node.0.fabric.ingress_release_run_max_cycles = 1
stat.node.0.fabric.ingress_release_run_avg_cycles = 1
stat.node.0.fabric.ingress_release_run_stddev_cycles = 0
stat.node.0.fabric.ingress_release_gap_max_cycles = 406
stat.node.0.fabric.ingress_release_gap_avg_cycles = 42.3192
stat.node.0.fabric.ingress_release_gap_stddev_cycles = 51.8619
stat.node.0.fabric.ingress_occ_avg_bytes = 300.103
stat.node.0.fabric.ingress_occ_stddev_bytes = 214.746
stat.node.0.fabric.ingress_occ_max_bytes = 1024
stat.node.0.fabric.ingress_occ_nonempty_frac = 0.891524
stat.node.0.fabric.ingress_occ_run_max_cycles = 2924
stat.node.0.fabric.ingress_occ_run_avg_cycles = 570.953
stat.node.0.fabric.ingress_occ_run_stddev_cycles = 388.617
stat.node.0.fabric.ingress_occ_gap_max_cycles = 263
stat.node.0.fabric.ingress_occ_gap_avg_cycles = 69.5639
stat.node.0.fabric.ingress_occ_gap_stddev_cycles = 57.79
stat.node.0.fabric.ingress_wait_avg_cycles.demand_req = 0
stat.node.0.fabric.ingress_wait_max_cycles.demand_req = 0
stat.node.0.fabric.ingress_queue_wait_avg_cycles.demand_req = 0
stat.node.0.fabric.ingress_queue_wait_max_cycles.demand_req = 0
stat.node.0.fabric.egress_wait_avg_cycles.demand_req = 1
stat.node.0.fabric.egress_wait_max_cycles.demand_req = 1
stat.node.0.fabric.egress_occ_avg_bytes.demand_req = 0
stat.node.0.fabric.egress_occ_max_bytes.demand_req = 0
stat.node.0.fabric.egress_blocked_cycles.demand_req = 0
stat.node.0.fabric.ingress_arrival_empty_packets.demand_req = 0
stat.node.0.fabric.ingress_arrival_nonempty_packets.demand_req = 0
stat.node.0.fabric.ingress_arrival_nonempty_packet_frac.demand_req = 0
stat.node.0.fabric.ingress_nonempty_arrival_pre_occ_avg_bytes.demand_req = 0
stat.node.0.fabric.ingress_nonempty_arrival_pre_occ_max_bytes.demand_req = 0
stat.node.0.fabric.ingress_release_after_empty_arrival_packets.demand_req = 0
stat.node.0.fabric.ingress_release_after_nonempty_arrival_packets.demand_req = 0
stat.node.0.fabric.ingress_wait_after_empty_arrival_avg_cycles.demand_req = 0
stat.node.0.fabric.ingress_wait_after_nonempty_arrival_avg_cycles.demand_req = 0
stat.node.0.fabric.ingress_queue_wait_after_empty_arrival_avg_cycles.demand_req = 0
stat.node.0.fabric.ingress_queue_wait_after_nonempty_arrival_avg_cycles.demand_req = 0
stat.node.0.fabric.ingress_queue_wait_after_empty_arrival_max_cycles.demand_req = 0
stat.node.0.fabric.ingress_queue_wait_after_nonempty_arrival_max_cycles.demand_req = 0
stat.node.0.fabric.rx_bytes.demand_req = 0
stat.node.0.fabric.tx_bytes.demand_req = 87912
stat.node.0.fabric.rx_pkts.demand_req = 0
stat.node.0.fabric.tx_pkts.demand_req = 10989
stat.node.0.fabric.ingress_wait_avg_cycles.write_req = 0
stat.node.0.fabric.ingress_wait_max_cycles.write_req = 0
stat.node.0.fabric.ingress_queue_wait_avg_cycles.write_req = 0
stat.node.0.fabric.ingress_queue_wait_max_cycles.write_req = 0
stat.node.0.fabric.egress_wait_avg_cycles.write_req = 1
stat.node.0.fabric.egress_wait_max_cycles.write_req = 1
stat.node.0.fabric.egress_occ_avg_bytes.write_req = 0
stat.node.0.fabric.egress_occ_max_bytes.write_req = 0
stat.node.0.fabric.egress_blocked_cycles.write_req = 0
stat.node.0.fabric.ingress_arrival_empty_packets.write_req = 0
stat.node.0.fabric.ingress_arrival_nonempty_packets.write_req = 0
stat.node.0.fabric.ingress_arrival_nonempty_packet_frac.write_req = 0
stat.node.0.fabric.ingress_nonempty_arrival_pre_occ_avg_bytes.write_req = 0
stat.node.0.fabric.ingress_nonempty_arrival_pre_occ_max_bytes.write_req = 0
stat.node.0.fabric.ingress_release_after_empty_arrival_packets.write_req = 0
stat.node.0.fabric.ingress_release_after_nonempty_arrival_packets.write_req = 0
stat.node.0.fabric.ingress_wait_after_empty_arrival_avg_cycles.write_req = 0
stat.node.0.fabric.ingress_wait_after_nonempty_arrival_avg_cycles.write_req = 0
stat.node.0.fabric.ingress_queue_wait_after_empty_arrival_avg_cycles.write_req = 0
stat.node.0.fabric.ingress_queue_wait_after_nonempty_arrival_avg_cycles.write_req = 0
stat.node.0.fabric.ingress_queue_wait_after_empty_arrival_max_cycles.write_req = 0
stat.node.0.fabric.ingress_queue_wait_after_nonempty_arrival_max_cycles.write_req = 0
stat.node.0.fabric.rx_bytes.write_req = 0
stat.node.0.fabric.tx_bytes.write_req = 423808
stat.node.0.fabric.rx_pkts.write_req = 0
stat.node.0.fabric.tx_pkts.write_req = 6622
stat.node.0.fabric.ingress_wait_avg_cycles.response = 204.003
stat.node.0.fabric.ingress_wait_max_cycles.response = 446
stat.node.0.fabric.ingress_queue_wait_avg_cycles.response = 59.0423
stat.node.0.fabric.ingress_queue_wait_max_cycles.response = 301
stat.node.0.fabric.egress_wait_avg_cycles.response = 0
stat.node.0.fabric.egress_wait_max_cycles.response = 0
stat.node.0.fabric.egress_occ_avg_bytes.response = 0
stat.node.0.fabric.egress_occ_max_bytes.response = 0
stat.node.0.fabric.egress_blocked_cycles.response = 0
stat.node.0.fabric.ingress_arrival_empty_packets.response = 743
stat.node.0.fabric.ingress_arrival_nonempty_packets.response = 10261
stat.node.0.fabric.ingress_arrival_nonempty_packet_frac.response = 0.932479
stat.node.0.fabric.ingress_nonempty_arrival_pre_occ_avg_bytes.response = 330.079
stat.node.0.fabric.ingress_nonempty_arrival_pre_occ_max_bytes.response = 960
stat.node.0.fabric.ingress_release_after_empty_arrival_packets.response = 748
stat.node.0.fabric.ingress_release_after_nonempty_arrival_packets.response = 10251
stat.node.0.fabric.ingress_wait_after_empty_arrival_avg_cycles.response = 144.418
stat.node.0.fabric.ingress_wait_after_nonempty_arrival_avg_cycles.response = 208.351
stat.node.0.fabric.ingress_queue_wait_after_empty_arrival_avg_cycles.response = 0
stat.node.0.fabric.ingress_queue_wait_after_nonempty_arrival_avg_cycles.response = 63.3505
stat.node.0.fabric.ingress_queue_wait_after_empty_arrival_max_cycles.response = 0
stat.node.0.fabric.ingress_queue_wait_after_nonempty_arrival_max_cycles.response = 301
stat.node.0.fabric.rx_bytes.response = 704256
stat.node.0.fabric.tx_bytes.response = 0
stat.node.0.fabric.rx_pkts.response = 11004
stat.node.0.fabric.tx_pkts.response = 0
stat.node.0.fabric.ingress_wait_avg_cycles.other_req = 0
stat.node.0.fabric.ingress_wait_max_cycles.other_req = 0
stat.node.0.fabric.ingress_queue_wait_avg_cycles.other_req = 0
stat.node.0.fabric.ingress_queue_wait_max_cycles.other_req = 0
stat.node.0.fabric.egress_wait_avg_cycles.other_req = 1
stat.node.0.fabric.egress_wait_max_cycles.other_req = 1
stat.node.0.fabric.egress_occ_avg_bytes.other_req = 0
stat.node.0.fabric.egress_occ_max_bytes.other_req = 0
stat.node.0.fabric.egress_blocked_cycles.other_req = 0
stat.node.0.fabric.ingress_arrival_empty_packets.other_req = 0
stat.node.0.fabric.ingress_arrival_nonempty_packets.other_req = 0
stat.node.0.fabric.ingress_arrival_nonempty_packet_frac.other_req = 0
stat.node.0.fabric.ingress_nonempty_arrival_pre_occ_avg_bytes.other_req = 0
stat.node.0.fabric.ingress_nonempty_arrival_pre_occ_max_bytes.other_req = 0
stat.node.0.fabric.ingress_release_after_empty_arrival_packets.other_req = 0
stat.node.0.fabric.ingress_release_after_nonempty_arrival_packets.other_req = 0
stat.node.0.fabric.ingress_wait_after_empty_arrival_avg_cycles.other_req = 0
stat.node.0.fabric.ingress_wait_after_nonempty_arrival_avg_cycles.other_req = 0
stat.node.0.fabric.ingress_queue_wait_after_empty_arrival_avg_cycles.other_req = 0
stat.node.0.fabric.ingress_queue_wait_after_nonempty_arrival_avg_cycles.other_req = 0
stat.node.0.fabric.ingress_queue_wait_after_empty_arrival_max_cycles.other_req = 0
stat.node.0.fabric.ingress_queue_wait_after_nonempty_arrival_max_cycles.other_req = 0
stat.node.0.fabric.rx_bytes.other_req = 0
stat.node.0.fabric.tx_bytes.other_req = 80
stat.node.0.fabric.rx_pkts.other_req = 0
stat.node.0.fabric.tx_pkts.other_req = 10
stat.node.0.fabric.ingress_occ_bucket_bytes.0 = 51686
stat.node.0.fabric.ready_occ_bucket_bytes.0 = 465476
stat.node.0.fabric.ingress_occ_bucket_bytes.1_64 = 42179
stat.node.0.fabric.ready_occ_bucket_bytes.1_64 = 10999
stat.node.0.fabric.ingress_occ_bucket_bytes.65_256 = 155113
stat.node.0.fabric.ready_occ_bucket_bytes.65_256 = 0
stat.node.0.fabric.ingress_occ_bucket_bytes.257_1024 = 227497
stat.node.0.fabric.ready_occ_bucket_bytes.257_1024 = 0
stat.node.0.fabric.ingress_occ_bucket_bytes.1025_4096 = 0
stat.node.0.fabric.ready_occ_bucket_bytes.1025_4096 = 0
stat.node.0.fabric.ingress_occ_bucket_bytes.4097_plus = 0
stat.node.0.fabric.ready_occ_bucket_bytes.4097_plus = 0
stat.node.0.fabric.ingress_episode.count = 743
stat.node.0.fabric.ingress_episode.avg_cycles = 571.393
stat.node.0.fabric.ingress_episode.max_cycles = 2924
stat.node.0.fabric.ingress_episode.avg_peak_occ_bytes = 595.295
stat.node.0.fabric.ingress_episode.max_peak_occ_bytes = 1024
stat.node.0.fabric.ingress_episode.avg_arrival_pkts = 14.7914
stat.node.0.fabric.ingress_episode.max_arrival_pkts = 81
stat.node.0.fabric.ingress_episode.avg_arrival_bytes = 946.649
stat.node.0.fabric.ingress_episode.max_arrival_bytes = 5184
stat.node.0.fabric.ingress_episode.avg_release_pkts = 14.7981
stat.node.0.fabric.ingress_episode.max_release_pkts = 81
stat.node.0.fabric.ingress_episode.avg_release_bytes = 947.079
stat.node.0.fabric.ingress_episode.max_release_bytes = 5184
stat.node.0.fabric.ingress_episode.avg_wait_cycles = 3019.12
stat.node.0.fabric.ingress_episode.max_wait_cycles = 446
stat.node.0.fabric.ingress_episode.avg_queue_wait_cycles = 873.981
stat.node.0.fabric.ingress_episode.max_queue_wait_cycles = 301
stat.node.0.fabric.ingress_episode.avg_src_distinct = 1
stat.node.0.fabric.ingress_episode.max_src_distinct = 1
stat.node.0.fabric.ingress_episode.avg_dst_distinct = 1
stat.node.0.fabric.ingress_episode.max_dst_distinct = 1
stat.node.0.fabric.ingress_episode.avg_arrival_pkts.demand_req = 0
stat.node.0.fabric.ingress_episode.max_arrival_pkts.demand_req = 0
stat.node.0.fabric.ingress_episode.avg_release_pkts.demand_req = 0
stat.node.0.fabric.ingress_episode.max_release_pkts.demand_req = 0
stat.node.0.fabric.ingress_pre_occ_bucket.demand_req.0 = 0
stat.node.0.fabric.ingress_queue_wait_bucket.demand_req.0 = 0
stat.node.0.fabric.ingress_pre_occ_bucket.demand_req.1_64 = 0
stat.node.0.fabric.ingress_queue_wait_bucket.demand_req.1_63 = 0
stat.node.0.fabric.ingress_pre_occ_bucket.demand_req.65_256 = 0
stat.node.0.fabric.ingress_queue_wait_bucket.demand_req.64_255 = 0
stat.node.0.fabric.ingress_pre_occ_bucket.demand_req.257_1024 = 0
stat.node.0.fabric.ingress_queue_wait_bucket.demand_req.256_1023 = 0
stat.node.0.fabric.ingress_pre_occ_bucket.demand_req.1025_4096 = 0
stat.node.0.fabric.ingress_queue_wait_bucket.demand_req.1024_4095 = 0
stat.node.0.fabric.ingress_pre_occ_bucket.demand_req.4097_plus = 0
stat.node.0.fabric.ingress_queue_wait_bucket.demand_req.4096_plus = 0
stat.node.0.fabric.ingress_episode.avg_arrival_pkts.write_req = 0
stat.node.0.fabric.ingress_episode.max_arrival_pkts.write_req = 0
stat.node.0.fabric.ingress_episode.avg_release_pkts.write_req = 0
stat.node.0.fabric.ingress_episode.max_release_pkts.write_req = 0
stat.node.0.fabric.ingress_pre_occ_bucket.write_req.0 = 0
stat.node.0.fabric.ingress_queue_wait_bucket.write_req.0 = 0
stat.node.0.fabric.ingress_pre_occ_bucket.write_req.1_64 = 0
stat.node.0.fabric.ingress_queue_wait_bucket.write_req.1_63 = 0
stat.node.0.fabric.ingress_pre_occ_bucket.write_req.65_256 = 0
stat.node.0.fabric.ingress_queue_wait_bucket.write_req.64_255 = 0
stat.node.0.fabric.ingress_pre_occ_bucket.write_req.257_1024 = 0
stat.node.0.fabric.ingress_queue_wait_bucket.write_req.256_1023 = 0
stat.node.0.fabric.ingress_pre_occ_bucket.write_req.1025_4096 = 0
stat.node.0.fabric.ingress_queue_wait_bucket.write_req.1024_4095 = 0
stat.node.0.fabric.ingress_pre_occ_bucket.write_req.4097_plus = 0
stat.node.0.fabric.ingress_queue_wait_bucket.write_req.4096_plus = 0
stat.node.0.fabric.ingress_episode.avg_arrival_pkts.response = 14.7914
stat.node.0.fabric.ingress_episode.max_arrival_pkts.response = 81
stat.node.0.fabric.ingress_episode.avg_release_pkts.response = 14.7981
stat.node.0.fabric.ingress_episode.max_release_pkts.response = 81
stat.node.0.fabric.ingress_pre_occ_bucket.response.0 = 743
stat.node.0.fabric.ingress_queue_wait_bucket.response.0 = 2236
stat.node.0.fabric.ingress_pre_occ_bucket.response.1_64 = 1012
stat.node.0.fabric.ingress_queue_wait_bucket.response.1_63 = 4778
stat.node.0.fabric.ingress_pre_occ_bucket.response.65_256 = 3727
stat.node.0.fabric.ingress_queue_wait_bucket.response.64_255 = 3958
stat.node.0.fabric.ingress_pre_occ_bucket.response.257_1024 = 5522
stat.node.0.fabric.ingress_queue_wait_bucket.response.256_1023 = 27
stat.node.0.fabric.ingress_pre_occ_bucket.response.1025_4096 = 0
stat.node.0.fabric.ingress_queue_wait_bucket.response.1024_4095 = 0
stat.node.0.fabric.ingress_pre_occ_bucket.response.4097_plus = 0
stat.node.0.fabric.ingress_queue_wait_bucket.response.4096_plus = 0
stat.node.0.fabric.ingress_episode.avg_arrival_pkts.other_req = 0
stat.node.0.fabric.ingress_episode.max_arrival_pkts.other_req = 0
stat.node.0.fabric.ingress_episode.avg_release_pkts.other_req = 0
stat.node.0.fabric.ingress_episode.max_release_pkts.other_req = 0
stat.node.0.fabric.ingress_pre_occ_bucket.other_req.0 = 0
stat.node.0.fabric.ingress_queue_wait_bucket.other_req.0 = 0
stat.node.0.fabric.ingress_pre_occ_bucket.other_req.1_64 = 0
stat.node.0.fabric.ingress_queue_wait_bucket.other_req.1_63 = 0
stat.node.0.fabric.ingress_pre_occ_bucket.other_req.65_256 = 0
stat.node.0.fabric.ingress_queue_wait_bucket.other_req.64_255 = 0
stat.node.0.fabric.ingress_pre_occ_bucket.other_req.257_1024 = 0
stat.node.0.fabric.ingress_queue_wait_bucket.other_req.256_1023 = 0
stat.node.0.fabric.ingress_pre_occ_bucket.other_req.1025_4096 = 0
stat.node.0.fabric.ingress_queue_wait_bucket.other_req.1024_4095 = 0
stat.node.0.fabric.ingress_pre_occ_bucket.other_req.4097_plus = 0
stat.node.0.fabric.ingress_queue_wait_bucket.other_req.4096_plus = 0
stat.node.0.fabric.peer_src.100.rx_bytes.response = 704256
stat.node.0.fabric.peer_src.100.rx_pkts.response = 11004
stat.node.0.fabric.peer_src.100.tx_bytes.response = 0
stat.node.0.fabric.peer_src.100.tx_pkts.response = 0
stat.node.0.fabric.peer_src.100.ingress_arrivals.response = 11004
stat.node.0.fabric.peer_src.100.ingress_arrival_nonempty_packet_frac.response = 0.932479
stat.node.0.fabric.peer_src.100.ingress_nonempty_arrival_pre_occ_avg_bytes.response = 330.079
stat.node.0.fabric.peer_src.100.ingress_nonempty_arrival_pre_occ_max_bytes.response = 960
stat.node.0.fabric.peer_src.100.ingress_wait_avg_cycles.response = 204.003
stat.node.0.fabric.peer_src.100.ingress_queue_wait_avg_cycles.response = 59.0423
stat.node.0.fabric.peer_src.100.ingress_queue_wait_after_nonempty_arrival_avg_cycles.response = 63.3505
stat.node.0.fabric.peer_src.100.ingress_pre_occ_bucket.response.0 = 743
stat.node.0.fabric.peer_src.100.ingress_queue_wait_bucket.response.0 = 2236
stat.node.0.fabric.peer_src.100.ingress_pre_occ_bucket.response.1_64 = 1012
stat.node.0.fabric.peer_src.100.ingress_queue_wait_bucket.response.1_63 = 4778
stat.node.0.fabric.peer_src.100.ingress_pre_occ_bucket.response.65_256 = 3727
stat.node.0.fabric.peer_src.100.ingress_queue_wait_bucket.response.64_255 = 3958
stat.node.0.fabric.peer_src.100.ingress_pre_occ_bucket.response.257_1024 = 5522
stat.node.0.fabric.peer_src.100.ingress_queue_wait_bucket.response.256_1023 = 27
stat.node.0.fabric.peer_src.100.ingress_pre_occ_bucket.response.1025_4096 = 0
stat.node.0.fabric.peer_src.100.ingress_queue_wait_bucket.response.1024_4095 = 0
stat.node.0.fabric.peer_src.100.ingress_pre_occ_bucket.response.4097_plus = 0
stat.node.0.fabric.peer_src.100.ingress_queue_wait_bucket.response.4096_plus = 0
stat.node.0.fabric.peer_dst.0.rx_bytes.response = 704256
stat.node.0.fabric.peer_dst.0.rx_pkts.response = 11004
stat.node.0.fabric.peer_dst.0.tx_bytes.response = 0
stat.node.0.fabric.peer_dst.0.tx_pkts.response = 0
stat.node.0.fabric.peer_dst.0.ingress_arrivals.response = 11004
stat.node.0.fabric.peer_dst.0.ingress_arrival_nonempty_packet_frac.response = 0.932479
stat.node.0.fabric.peer_dst.0.ingress_nonempty_arrival_pre_occ_avg_bytes.response = 330.079
stat.node.0.fabric.peer_dst.0.ingress_nonempty_arrival_pre_occ_max_bytes.response = 960
stat.node.0.fabric.peer_dst.0.ingress_wait_avg_cycles.response = 204.003
stat.node.0.fabric.peer_dst.0.ingress_queue_wait_avg_cycles.response = 59.0423
stat.node.0.fabric.peer_dst.0.ingress_queue_wait_after_nonempty_arrival_avg_cycles.response = 63.3505
stat.node.0.fabric.peer_dst.0.ingress_pre_occ_bucket.response.0 = 743
stat.node.0.fabric.peer_dst.0.ingress_queue_wait_bucket.response.0 = 2236
stat.node.0.fabric.peer_dst.0.ingress_pre_occ_bucket.response.1_64 = 1012
stat.node.0.fabric.peer_dst.0.ingress_queue_wait_bucket.response.1_63 = 4778
stat.node.0.fabric.peer_dst.0.ingress_pre_occ_bucket.response.65_256 = 3727
stat.node.0.fabric.peer_dst.0.ingress_queue_wait_bucket.response.64_255 = 3958
stat.node.0.fabric.peer_dst.0.ingress_pre_occ_bucket.response.257_1024 = 5522
stat.node.0.fabric.peer_dst.0.ingress_queue_wait_bucket.response.256_1023 = 27
stat.node.0.fabric.peer_dst.0.ingress_pre_occ_bucket.response.1025_4096 = 0
stat.node.0.fabric.peer_dst.0.ingress_queue_wait_bucket.response.1024_4095 = 0
stat.node.0.fabric.peer_dst.0.ingress_pre_occ_bucket.response.4097_plus = 0
stat.node.0.fabric.peer_dst.0.ingress_queue_wait_bucket.response.4096_plus = 0
stat.node.0.fabric.tx_src.0.rx_bytes.demand_req = 0
stat.node.0.fabric.tx_src.0.rx_pkts.demand_req = 0
stat.node.0.fabric.tx_src.0.tx_bytes.demand_req = 87912
stat.node.0.fabric.tx_src.0.tx_pkts.demand_req = 10989
stat.node.0.fabric.tx_src.0.ingress_arrivals.demand_req = 0
stat.node.0.fabric.tx_src.0.ingress_arrival_nonempty_packet_frac.demand_req = 0
stat.node.0.fabric.tx_src.0.ingress_nonempty_arrival_pre_occ_avg_bytes.demand_req = 0
stat.node.0.fabric.tx_src.0.ingress_nonempty_arrival_pre_occ_max_bytes.demand_req = 0
stat.node.0.fabric.tx_src.0.ingress_wait_avg_cycles.demand_req = 0
stat.node.0.fabric.tx_src.0.ingress_queue_wait_avg_cycles.demand_req = 0
stat.node.0.fabric.tx_src.0.ingress_queue_wait_after_nonempty_arrival_avg_cycles.demand_req = 0
stat.node.0.fabric.tx_src.0.ingress_pre_occ_bucket.demand_req.0 = 0
stat.node.0.fabric.tx_src.0.ingress_queue_wait_bucket.demand_req.0 = 0
stat.node.0.fabric.tx_src.0.ingress_pre_occ_bucket.demand_req.1_64 = 0
stat.node.0.fabric.tx_src.0.ingress_queue_wait_bucket.demand_req.1_63 = 0
stat.node.0.fabric.tx_src.0.ingress_pre_occ_bucket.demand_req.65_256 = 0
stat.node.0.fabric.tx_src.0.ingress_queue_wait_bucket.demand_req.64_255 = 0
stat.node.0.fabric.tx_src.0.ingress_pre_occ_bucket.demand_req.257_1024 = 0
stat.node.0.fabric.tx_src.0.ingress_queue_wait_bucket.demand_req.256_1023 = 0
stat.node.0.fabric.tx_src.0.ingress_pre_occ_bucket.demand_req.1025_4096 = 0
stat.node.0.fabric.tx_src.0.ingress_queue_wait_bucket.demand_req.1024_4095 = 0
stat.node.0.fabric.tx_src.0.ingress_pre_occ_bucket.demand_req.4097_plus = 0
stat.node.0.fabric.tx_src.0.ingress_queue_wait_bucket.demand_req.4096_plus = 0
stat.node.0.fabric.tx_src.0.rx_bytes.write_req = 0
stat.node.0.fabric.tx_src.0.rx_pkts.write_req = 0
stat.node.0.fabric.tx_src.0.tx_bytes.write_req = 423808
stat.node.0.fabric.tx_src.0.tx_pkts.write_req = 6622
stat.node.0.fabric.tx_src.0.ingress_arrivals.write_req = 0
stat.node.0.fabric.tx_src.0.ingress_arrival_nonempty_packet_frac.write_req = 0
stat.node.0.fabric.tx_src.0.ingress_nonempty_arrival_pre_occ_avg_bytes.write_req = 0
stat.node.0.fabric.tx_src.0.ingress_nonempty_arrival_pre_occ_max_bytes.write_req = 0
stat.node.0.fabric.tx_src.0.ingress_wait_avg_cycles.write_req = 0
stat.node.0.fabric.tx_src.0.ingress_queue_wait_avg_cycles.write_req = 0
stat.node.0.fabric.tx_src.0.ingress_queue_wait_after_nonempty_arrival_avg_cycles.write_req = 0
stat.node.0.fabric.tx_src.0.ingress_pre_occ_bucket.write_req.0 = 0
stat.node.0.fabric.tx_src.0.ingress_queue_wait_bucket.write_req.0 = 0
stat.node.0.fabric.tx_src.0.ingress_pre_occ_bucket.write_req.1_64 = 0
stat.node.0.fabric.tx_src.0.ingress_queue_wait_bucket.write_req.1_63 = 0
stat.node.0.fabric.tx_src.0.ingress_pre_occ_bucket.write_req.65_256 = 0
stat.node.0.fabric.tx_src.0.ingress_queue_wait_bucket.write_req.64_255 = 0
stat.node.0.fabric.tx_src.0.ingress_pre_occ_bucket.write_req.257_1024 = 0
stat.node.0.fabric.tx_src.0.ingress_queue_wait_bucket.write_req.256_1023 = 0
stat.node.0.fabric.tx_src.0.ingress_pre_occ_bucket.write_req.1025_4096 = 0
stat.node.0.fabric.tx_src.0.ingress_queue_wait_bucket.write_req.1024_4095 = 0
stat.node.0.fabric.tx_src.0.ingress_pre_occ_bucket.write_req.4097_plus = 0
stat.node.0.fabric.tx_src.0.ingress_queue_wait_bucket.write_req.4096_plus = 0
stat.node.0.fabric.tx_src.0.rx_bytes.other_req = 0
stat.node.0.fabric.tx_src.0.rx_pkts.other_req = 0
stat.node.0.fabric.tx_src.0.tx_bytes.other_req = 80
stat.node.0.fabric.tx_src.0.tx_pkts.other_req = 10
stat.node.0.fabric.tx_src.0.ingress_arrivals.other_req = 0
stat.node.0.fabric.tx_src.0.ingress_arrival_nonempty_packet_frac.other_req = 0
stat.node.0.fabric.tx_src.0.ingress_nonempty_arrival_pre_occ_avg_bytes.other_req = 0
stat.node.0.fabric.tx_src.0.ingress_nonempty_arrival_pre_occ_max_bytes.other_req = 0
stat.node.0.fabric.tx_src.0.ingress_wait_avg_cycles.other_req = 0
stat.node.0.fabric.tx_src.0.ingress_queue_wait_avg_cycles.other_req = 0
stat.node.0.fabric.tx_src.0.ingress_queue_wait_after_nonempty_arrival_avg_cycles.other_req = 0
stat.node.0.fabric.tx_src.0.ingress_pre_occ_bucket.other_req.0 = 0
stat.node.0.fabric.tx_src.0.ingress_queue_wait_bucket.other_req.0 = 0
stat.node.0.fabric.tx_src.0.ingress_pre_occ_bucket.other_req.1_64 = 0
stat.node.0.fabric.tx_src.0.ingress_queue_wait_bucket.other_req.1_63 = 0
stat.node.0.fabric.tx_src.0.ingress_pre_occ_bucket.other_req.65_256 = 0
stat.node.0.fabric.tx_src.0.ingress_queue_wait_bucket.other_req.64_255 = 0
stat.node.0.fabric.tx_src.0.ingress_pre_occ_bucket.other_req.257_1024 = 0
stat.node.0.fabric.tx_src.0.ingress_queue_wait_bucket.other_req.256_1023 = 0
stat.node.0.fabric.tx_src.0.ingress_pre_occ_bucket.other_req.1025_4096 = 0
stat.node.0.fabric.tx_src.0.ingress_queue_wait_bucket.other_req.1024_4095 = 0
stat.node.0.fabric.tx_src.0.ingress_pre_occ_bucket.other_req.4097_plus = 0
stat.node.0.fabric.tx_src.0.ingress_queue_wait_bucket.other_req.4096_plus = 0
stat.node.0.fabric.tx_dst.100.rx_bytes.demand_req = 0
stat.node.0.fabric.tx_dst.100.rx_pkts.demand_req = 0
stat.node.0.fabric.tx_dst.100.tx_bytes.demand_req = 87912
stat.node.0.fabric.tx_dst.100.tx_pkts.demand_req = 10989
stat.node.0.fabric.tx_dst.100.ingress_arrivals.demand_req = 0
stat.node.0.fabric.tx_dst.100.ingress_arrival_nonempty_packet_frac.demand_req = 0
stat.node.0.fabric.tx_dst.100.ingress_nonempty_arrival_pre_occ_avg_bytes.demand_req = 0
stat.node.0.fabric.tx_dst.100.ingress_nonempty_arrival_pre_occ_max_bytes.demand_req = 0
stat.node.0.fabric.tx_dst.100.ingress_wait_avg_cycles.demand_req = 0
stat.node.0.fabric.tx_dst.100.ingress_queue_wait_avg_cycles.demand_req = 0
stat.node.0.fabric.tx_dst.100.ingress_queue_wait_after_nonempty_arrival_avg_cycles.demand_req = 0
stat.node.0.fabric.tx_dst.100.ingress_pre_occ_bucket.demand_req.0 = 0
stat.node.0.fabric.tx_dst.100.ingress_queue_wait_bucket.demand_req.0 = 0
stat.node.0.fabric.tx_dst.100.ingress_pre_occ_bucket.demand_req.1_64 = 0
stat.node.0.fabric.tx_dst.100.ingress_queue_wait_bucket.demand_req.1_63 = 0
stat.node.0.fabric.tx_dst.100.ingress_pre_occ_bucket.demand_req.65_256 = 0
stat.node.0.fabric.tx_dst.100.ingress_queue_wait_bucket.demand_req.64_255 = 0
stat.node.0.fabric.tx_dst.100.ingress_pre_occ_bucket.demand_req.257_1024 = 0
stat.node.0.fabric.tx_dst.100.ingress_queue_wait_bucket.demand_req.256_1023 = 0
stat.node.0.fabric.tx_dst.100.ingress_pre_occ_bucket.demand_req.1025_4096 = 0
stat.node.0.fabric.tx_dst.100.ingress_queue_wait_bucket.demand_req.1024_4095 = 0
stat.node.0.fabric.tx_dst.100.ingress_pre_occ_bucket.demand_req.4097_plus = 0
stat.node.0.fabric.tx_dst.100.ingress_queue_wait_bucket.demand_req.4096_plus = 0
stat.node.0.fabric.tx_dst.100.rx_bytes.write_req = 0
stat.node.0.fabric.tx_dst.100.rx_pkts.write_req = 0
stat.node.0.fabric.tx_dst.100.tx_bytes.write_req = 423808
stat.node.0.fabric.tx_dst.100.tx_pkts.write_req = 6622
stat.node.0.fabric.tx_dst.100.ingress_arrivals.write_req = 0
stat.node.0.fabric.tx_dst.100.ingress_arrival_nonempty_packet_frac.write_req = 0
stat.node.0.fabric.tx_dst.100.ingress_nonempty_arrival_pre_occ_avg_bytes.write_req = 0
stat.node.0.fabric.tx_dst.100.ingress_nonempty_arrival_pre_occ_max_bytes.write_req = 0
stat.node.0.fabric.tx_dst.100.ingress_wait_avg_cycles.write_req = 0
stat.node.0.fabric.tx_dst.100.ingress_queue_wait_avg_cycles.write_req = 0
stat.node.0.fabric.tx_dst.100.ingress_queue_wait_after_nonempty_arrival_avg_cycles.write_req = 0
stat.node.0.fabric.tx_dst.100.ingress_pre_occ_bucket.write_req.0 = 0
stat.node.0.fabric.tx_dst.100.ingress_queue_wait_bucket.write_req.0 = 0
stat.node.0.fabric.tx_dst.100.ingress_pre_occ_bucket.write_req.1_64 = 0
stat.node.0.fabric.tx_dst.100.ingress_queue_wait_bucket.write_req.1_63 = 0
stat.node.0.fabric.tx_dst.100.ingress_pre_occ_bucket.write_req.65_256 = 0
stat.node.0.fabric.tx_dst.100.ingress_queue_wait_bucket.write_req.64_255 = 0
stat.node.0.fabric.tx_dst.100.ingress_pre_occ_bucket.write_req.257_1024 = 0
stat.node.0.fabric.tx_dst.100.ingress_queue_wait_bucket.write_req.256_1023 = 0
stat.node.0.fabric.tx_dst.100.ingress_pre_occ_bucket.write_req.1025_4096 = 0
stat.node.0.fabric.tx_dst.100.ingress_queue_wait_bucket.write_req.1024_4095 = 0
stat.node.0.fabric.tx_dst.100.ingress_pre_occ_bucket.write_req.4097_plus = 0
stat.node.0.fabric.tx_dst.100.ingress_queue_wait_bucket.write_req.4096_plus = 0
stat.node.0.fabric.tx_dst.100.rx_bytes.other_req = 0
stat.node.0.fabric.tx_dst.100.rx_pkts.other_req = 0
stat.node.0.fabric.tx_dst.100.tx_bytes.other_req = 80
stat.node.0.fabric.tx_dst.100.tx_pkts.other_req = 10
stat.node.0.fabric.tx_dst.100.ingress_arrivals.other_req = 0
stat.node.0.fabric.tx_dst.100.ingress_arrival_nonempty_packet_frac.other_req = 0
stat.node.0.fabric.tx_dst.100.ingress_nonempty_arrival_pre_occ_avg_bytes.other_req = 0
stat.node.0.fabric.tx_dst.100.ingress_nonempty_arrival_pre_occ_max_bytes.other_req = 0
stat.node.0.fabric.tx_dst.100.ingress_wait_avg_cycles.other_req = 0
stat.node.0.fabric.tx_dst.100.ingress_queue_wait_avg_cycles.other_req = 0
stat.node.0.fabric.tx_dst.100.ingress_queue_wait_after_nonempty_arrival_avg_cycles.other_req = 0
stat.node.0.fabric.tx_dst.100.ingress_pre_occ_bucket.other_req.0 = 0
stat.node.0.fabric.tx_dst.100.ingress_queue_wait_bucket.other_req.0 = 0
stat.node.0.fabric.tx_dst.100.ingress_pre_occ_bucket.other_req.1_64 = 0
stat.node.0.fabric.tx_dst.100.ingress_queue_wait_bucket.other_req.1_63 = 0
stat.node.0.fabric.tx_dst.100.ingress_pre_occ_bucket.other_req.65_256 = 0
stat.node.0.fabric.tx_dst.100.ingress_queue_wait_bucket.other_req.64_255 = 0
stat.node.0.fabric.tx_dst.100.ingress_pre_occ_bucket.other_req.257_1024 = 0
stat.node.0.fabric.tx_dst.100.ingress_queue_wait_bucket.other_req.256_1023 = 0
stat.node.0.fabric.tx_dst.100.ingress_pre_occ_bucket.other_req.1025_4096 = 0
stat.node.0.fabric.tx_dst.100.ingress_queue_wait_bucket.other_req.1024_4095 = 0
stat.node.0.fabric.tx_dst.100.ingress_pre_occ_bucket.other_req.4097_plus = 0
stat.node.0.fabric.tx_dst.100.ingress_queue_wait_bucket.other_req.4096_plus = 0
stat.node.0.walltime_s = 175.424
stat.node.0.active_time_s = 157.612
stat.pool.100.util.mem_avg = 0.147975
stat.pool.100.util.req_link_avg = 0.419494
stat.pool.100.memq.demand.completed = 10994
stat.pool.100.memq.demand.response_completed = 10994
stat.pool.100.memq.demand.queue_wait_avg_cycles = 2.41623
stat.pool.100.memq.demand.queue_wait_max_cycles = 14
stat.pool.100.memq.demand.service_avg_cycles = 76.3404
stat.pool.100.memq.demand.service_max_cycles = 123
stat.pool.100.memq.demand.total_avg_cycles = 78.7566
stat.pool.100.memq.demand.total_max_cycles = 137
stat.pool.100.memq.demand.ahead_pkts_avg.load = 1.06949
stat.pool.100.memq.demand.ahead_pkts_max.load = 11
stat.pool.100.memq.demand.ahead_bytes_avg.load = 1.06949
stat.pool.100.memq.demand.ahead_bytes_max.load = 11
stat.pool.100.memq.demand.ahead_pkts_avg.rfo = 2.09605
stat.pool.100.memq.demand.ahead_pkts_max.rfo = 14
stat.pool.100.memq.demand.ahead_bytes_avg.rfo = 2.09605
stat.pool.100.memq.demand.ahead_bytes_max.rfo = 14
stat.pool.100.memq.demand.ahead_pkts_avg.write = 1.62925
stat.pool.100.memq.demand.ahead_pkts_max.write = 3
stat.pool.100.memq.demand.ahead_bytes_avg.write = 1.62925
stat.pool.100.memq.demand.ahead_bytes_max.write = 3
stat.pool.100.memq.demand.ahead_pkts_avg.other = 0.00318355
stat.pool.100.memq.demand.ahead_pkts_max.other = 1
stat.pool.100.memq.demand.ahead_bytes_avg.other = 0.00318355
stat.pool.100.memq.demand.ahead_bytes_max.other = 1
stat.pool.100.memq.demand.queue_wait_bucket.0 = 0
stat.pool.100.memq.demand.service_bucket.0 = 0
stat.pool.100.memq.demand.total_bucket.0 = 0
stat.pool.100.memq.demand.ahead_total_pkts_bucket.0 = 151
stat.pool.100.memq.demand.ahead_total_bytes_bucket.0 = 151
stat.pool.100.memq.demand.queue_wait_bucket.1_63 = 10994
stat.pool.100.memq.demand.service_bucket.1_63 = 0
stat.pool.100.memq.demand.total_bucket.1_63 = 0
stat.pool.100.memq.demand.ahead_total_pkts_bucket.1 = 727
stat.pool.100.memq.demand.ahead_total_bytes_bucket.1_64 = 10843
stat.pool.100.memq.demand.queue_wait_bucket.64_255 = 0
stat.pool.100.memq.demand.service_bucket.64_255 = 10994
stat.pool.100.memq.demand.total_bucket.64_255 = 10994
stat.pool.100.memq.demand.ahead_total_pkts_bucket.2 = 1448
stat.pool.100.memq.demand.ahead_total_bytes_bucket.65_256 = 0
stat.pool.100.memq.demand.queue_wait_bucket.256_1023 = 0
stat.pool.100.memq.demand.service_bucket.256_1023 = 0
stat.pool.100.memq.demand.total_bucket.256_1023 = 0
stat.pool.100.memq.demand.ahead_total_pkts_bucket.3_4 = 3474
stat.pool.100.memq.demand.ahead_total_bytes_bucket.257_1024 = 0
stat.pool.100.memq.demand.queue_wait_bucket.1024_4095 = 0
stat.pool.100.memq.demand.service_bucket.1024_4095 = 0
stat.pool.100.memq.demand.total_bucket.1024_4095 = 0
stat.pool.100.memq.demand.ahead_total_pkts_bucket.5_8 = 3965
stat.pool.100.memq.demand.ahead_total_bytes_bucket.1025_4096 = 0
stat.pool.100.memq.demand.queue_wait_bucket.4096_plus = 0
stat.pool.100.memq.demand.service_bucket.4096_plus = 0
stat.pool.100.memq.demand.total_bucket.4096_plus = 0
stat.pool.100.memq.demand.ahead_total_pkts_bucket.9_plus = 1229
stat.pool.100.memq.demand.ahead_total_bytes_bucket.4097_plus = 0
stat.pool.100.memq.queue_occ_avg_reqs = 2.86459
stat.pool.100.memq.queue_occ_stddev_reqs = 2.72203
stat.pool.100.memq.queue_occ_max_reqs = 17
stat.pool.100.memq.queue_occ_nonempty_frac = 0.78578
stat.pool.100.memq.enqueue_burst_avg_pkts = 1
stat.pool.100.memq.enqueue_burst_stddev_pkts = 0
stat.pool.100.memq.enqueue_burst_max_pkts = 1
stat.pool.100.memq.complete_burst_avg_pkts = 1
stat.pool.100.memq.complete_burst_stddev_pkts = 0
stat.pool.100.memq.complete_burst_max_pkts = 1
stat.pool.100.memq.queue_episode.count = 1278
stat.pool.100.memq.queue_episode.avg_cycles = 292.96
stat.pool.100.memq.queue_episode.max_cycles = 1307
stat.pool.100.memq.queue_episode.avg_peak_occ_reqs = 7.31455
stat.pool.100.memq.queue_episode.max_peak_occ_reqs = 17
stat.pool.100.memq.queue_episode.avg_enqueue_pkts = 13.7934
stat.pool.100.memq.queue_episode.max_enqueue_pkts = 57
stat.pool.100.memq.queue_episode.avg_complete_pkts = 13.5571
stat.pool.100.memq.queue_episode.max_complete_pkts = 57
stat.pool.100.memq.queue_occ_bucket.0 = 102070
stat.pool.100.memq.enqueue_burst_bucket.0 = 0
stat.pool.100.memq.complete_burst_bucket.0 = 0
stat.pool.100.memq.queue_occ_bucket.1 = 78842
stat.pool.100.memq.enqueue_burst_bucket.1 = 17628
stat.pool.100.memq.complete_burst_bucket.1 = 17628
stat.pool.100.memq.queue_occ_bucket.2 = 77560
stat.pool.100.memq.enqueue_burst_bucket.2 = 0
stat.pool.100.memq.complete_burst_bucket.2 = 0
stat.pool.100.memq.queue_occ_bucket.3_4 = 108569
stat.pool.100.memq.enqueue_burst_bucket.3_4 = 0
stat.pool.100.memq.complete_burst_bucket.3_4 = 0
stat.pool.100.memq.queue_occ_bucket.5_8 = 87295
stat.pool.100.memq.enqueue_burst_bucket.5_8 = 0
stat.pool.100.memq.complete_burst_bucket.5_8 = 0
stat.pool.100.memq.queue_occ_bucket.9_plus = 22137
stat.pool.100.memq.enqueue_burst_bucket.9_plus = 0
stat.pool.100.memq.complete_burst_bucket.9_plus = 0
stat.pool.100.memq.queue_occ_avg_reqs.load = 0.734147
stat.pool.100.memq.queue_occ_max_reqs.load = 12
stat.pool.100.memq.enqueue_burst_avg_pkts.load = 0.250567
stat.pool.100.memq.enqueue_burst_max_pkts.load = 1
stat.pool.100.memq.complete_burst_avg_pkts.load = 0.250567
stat.pool.100.memq.complete_burst_max_pkts.load = 1
stat.pool.100.memq.queue_occ_avg_reqs.rfo = 1.08306
stat.pool.100.memq.queue_occ_max_reqs.rfo = 15
stat.pool.100.memq.enqueue_burst_avg_pkts.rfo = 0.3731
stat.pool.100.memq.enqueue_burst_max_pkts.rfo = 1
stat.pool.100.memq.complete_burst_avg_pkts.rfo = 0.3731
stat.pool.100.memq.complete_burst_max_pkts.rfo = 1
stat.pool.100.memq.queue_occ_avg_reqs.write = 1.04578
stat.pool.100.memq.queue_occ_max_reqs.write = 3
stat.pool.100.memq.enqueue_burst_avg_pkts.write = 0.375766
stat.pool.100.memq.enqueue_burst_max_pkts.write = 1
stat.pool.100.memq.complete_burst_avg_pkts.write = 0.375766
stat.pool.100.memq.complete_burst_max_pkts.write = 1
stat.pool.100.memq.queue_occ_avg_reqs.other = 0.00160345
stat.pool.100.memq.queue_occ_max_reqs.other = 1
stat.pool.100.memq.enqueue_burst_avg_pkts.other = 0.000567279
stat.pool.100.memq.enqueue_burst_max_pkts.other = 1
stat.pool.100.memq.complete_burst_avg_pkts.other = 0.000567279
stat.pool.100.memq.complete_burst_max_pkts.other = 1
stat.pool.100.memq.load.completed = 4417
stat.pool.100.memq.load.response_completed = 4417
stat.pool.100.memq.load.queue_wait_avg_cycles = 2.49898
stat.pool.100.memq.load.queue_wait_max_cycles = 14
stat.pool.100.memq.load.service_avg_cycles = 76.6953
stat.pool.100.memq.load.service_max_cycles = 123
stat.pool.100.memq.load.total_avg_cycles = 79.1942
stat.pool.100.memq.load.total_max_cycles = 137
stat.pool.100.memq.load.ahead_pkts_avg.load = 1.25515
stat.pool.100.memq.load.ahead_pkts_max.load = 11
stat.pool.100.memq.load.ahead_bytes_avg.load = 1.25515
stat.pool.100.memq.load.ahead_bytes_max.load = 11
stat.pool.100.memq.load.ahead_pkts_avg.rfo = 2.29568
stat.pool.100.memq.load.ahead_pkts_max.rfo = 13
stat.pool.100.memq.load.ahead_bytes_avg.rfo = 2.29568
stat.pool.100.memq.load.ahead_bytes_max.rfo = 13
stat.pool.100.memq.load.ahead_pkts_avg.write = 1.60018
stat.pool.100.memq.load.ahead_pkts_max.write = 3
stat.pool.100.memq.load.ahead_bytes_avg.write = 1.60018
stat.pool.100.memq.load.ahead_bytes_max.write = 3
stat.pool.100.memq.load.ahead_pkts_avg.other = 0.00498076
stat.pool.100.memq.load.ahead_pkts_max.other = 1
stat.pool.100.memq.load.ahead_bytes_avg.other = 0.00498076
stat.pool.100.memq.load.ahead_bytes_max.other = 1
stat.pool.100.memq.load.queue_wait_bucket.0 = 0
stat.pool.100.memq.load.service_bucket.0 = 0
stat.pool.100.memq.load.total_bucket.0 = 0
stat.pool.100.memq.load.ahead_total_pkts_bucket.0 = 45
stat.pool.100.memq.load.ahead_total_bytes_bucket.0 = 45
stat.pool.100.memq.load.queue_wait_bucket.1_63 = 4417
stat.pool.100.memq.load.service_bucket.1_63 = 0
stat.pool.100.memq.load.total_bucket.1_63 = 0
stat.pool.100.memq.load.ahead_total_pkts_bucket.1 = 215
stat.pool.100.memq.load.ahead_total_bytes_bucket.1_64 = 4372
stat.pool.100.memq.load.queue_wait_bucket.64_255 = 0
stat.pool.100.memq.load.service_bucket.64_255 = 4417
stat.pool.100.memq.load.total_bucket.64_255 = 4417
stat.pool.100.memq.load.ahead_total_pkts_bucket.2 = 519
stat.pool.100.memq.load.ahead_total_bytes_bucket.65_256 = 0
stat.pool.100.memq.load.queue_wait_bucket.256_1023 = 0
stat.pool.100.memq.load.service_bucket.256_1023 = 0
stat.pool.100.memq.load.total_bucket.256_1023 = 0
stat.pool.100.memq.load.ahead_total_pkts_bucket.3_4 = 1322
stat.pool.100.memq.load.ahead_total_bytes_bucket.257_1024 = 0
stat.pool.100.memq.load.queue_wait_bucket.1024_4095 = 0
stat.pool.100.memq.load.service_bucket.1024_4095 = 0
stat.pool.100.memq.load.total_bucket.1024_4095 = 0
stat.pool.100.memq.load.ahead_total_pkts_bucket.5_8 = 1697
stat.pool.100.memq.load.ahead_total_bytes_bucket.1025_4096 = 0
stat.pool.100.memq.load.queue_wait_bucket.4096_plus = 0
stat.pool.100.memq.load.service_bucket.4096_plus = 0
stat.pool.100.memq.load.total_bucket.4096_plus = 0
stat.pool.100.memq.load.ahead_total_pkts_bucket.9_plus = 619
stat.pool.100.memq.load.ahead_total_bytes_bucket.4097_plus = 0
stat.pool.100.respq.load.attempted = 4417
stat.pool.100.respq.load.completed = 4417
stat.pool.100.respq.load.blocked = 0
stat.pool.100.respq.load.wait_avg_cycles = 0
stat.pool.100.respq.load.wait_max_cycles = 0
stat.pool.100.memq.rfo.completed = 6577
stat.pool.100.memq.rfo.response_completed = 6577
stat.pool.100.memq.rfo.queue_wait_avg_cycles = 2.36065
stat.pool.100.memq.rfo.queue_wait_max_cycles = 14
stat.pool.100.memq.rfo.service_avg_cycles = 76.102
stat.pool.100.memq.rfo.service_max_cycles = 123
stat.pool.100.memq.rfo.total_avg_cycles = 78.4627
stat.pool.100.memq.rfo.total_max_cycles = 137
stat.pool.100.memq.rfo.ahead_pkts_avg.load = 0.944808
stat.pool.100.memq.rfo.ahead_pkts_max.load = 7
stat.pool.100.memq.rfo.ahead_bytes_avg.load = 0.944808
stat.pool.100.memq.rfo.ahead_bytes_max.load = 7
stat.pool.100.memq.rfo.ahead_pkts_avg.rfo = 1.96199
stat.pool.100.memq.rfo.ahead_pkts_max.rfo = 14
stat.pool.100.memq.rfo.ahead_bytes_avg.rfo = 1.96199
stat.pool.100.memq.rfo.ahead_bytes_max.rfo = 14
stat.pool.100.memq.rfo.ahead_pkts_avg.write = 1.64878
stat.pool.100.memq.rfo.ahead_pkts_max.write = 3
stat.pool.100.memq.rfo.ahead_bytes_avg.write = 1.64878
stat.pool.100.memq.rfo.ahead_bytes_max.write = 3
stat.pool.100.memq.rfo.ahead_pkts_avg.other = 0.00197659
stat.pool.100.memq.rfo.ahead_pkts_max.other = 1
stat.pool.100.memq.rfo.ahead_bytes_avg.other = 0.00197659
stat.pool.100.memq.rfo.ahead_bytes_max.other = 1
stat.pool.100.memq.rfo.queue_wait_bucket.0 = 0
stat.pool.100.memq.rfo.service_bucket.0 = 0
stat.pool.100.memq.rfo.total_bucket.0 = 0
stat.pool.100.memq.rfo.ahead_total_pkts_bucket.0 = 106
stat.pool.100.memq.rfo.ahead_total_bytes_bucket.0 = 106
stat.pool.100.memq.rfo.queue_wait_bucket.1_63 = 6577
stat.pool.100.memq.rfo.service_bucket.1_63 = 0
stat.pool.100.memq.rfo.total_bucket.1_63 = 0
stat.pool.100.memq.rfo.ahead_total_pkts_bucket.1 = 512
stat.pool.100.memq.rfo.ahead_total_bytes_bucket.1_64 = 6471
stat.pool.100.memq.rfo.queue_wait_bucket.64_255 = 0
stat.pool.100.memq.rfo.service_bucket.64_255 = 6577
stat.pool.100.memq.rfo.total_bucket.64_255 = 6577
stat.pool.100.memq.rfo.ahead_total_pkts_bucket.2 = 929
stat.pool.100.memq.rfo.ahead_total_bytes_bucket.65_256 = 0
stat.pool.100.memq.rfo.queue_wait_bucket.256_1023 = 0
stat.pool.100.memq.rfo.service_bucket.256_1023 = 0
stat.pool.100.memq.rfo.total_bucket.256_1023 = 0
stat.pool.100.memq.rfo.ahead_total_pkts_bucket.3_4 = 2152
stat.pool.100.memq.rfo.ahead_total_bytes_bucket.257_1024 = 0
stat.pool.100.memq.rfo.queue_wait_bucket.1024_4095 = 0
stat.pool.100.memq.rfo.service_bucket.1024_4095 = 0
stat.pool.100.memq.rfo.total_bucket.1024_4095 = 0
stat.pool.100.memq.rfo.ahead_total_pkts_bucket.5_8 = 2268
stat.pool.100.memq.rfo.ahead_total_bytes_bucket.1025_4096 = 0
stat.pool.100.memq.rfo.queue_wait_bucket.4096_plus = 0
stat.pool.100.memq.rfo.service_bucket.4096_plus = 0
stat.pool.100.memq.rfo.total_bucket.4096_plus = 0
stat.pool.100.memq.rfo.ahead_total_pkts_bucket.9_plus = 610
stat.pool.100.memq.rfo.ahead_total_bytes_bucket.4097_plus = 0
stat.pool.100.respq.rfo.attempted = 6577
stat.pool.100.respq.rfo.completed = 6577
stat.pool.100.respq.rfo.blocked = 0
stat.pool.100.respq.rfo.wait_avg_cycles = 0
stat.pool.100.respq.rfo.wait_max_cycles = 0
stat.pool.100.memq.write.completed = 6624
stat.pool.100.memq.write.response_completed = 0
stat.pool.100.memq.write.queue_wait_avg_cycles = 1
stat.pool.100.memq.write.queue_wait_max_cycles = 1
stat.pool.100.memq.write.service_avg_cycles = 75.2246
stat.pool.100.memq.write.service_max_cycles = 123
stat.pool.100.memq.write.total_avg_cycles = 76.2246
stat.pool.100.memq.write.total_max_cycles = 124
stat.pool.100.memq.write.ahead_pkts_avg.load = 0.464523
stat.pool.100.memq.write.ahead_pkts_max.load = 9
stat.pool.100.memq.write.ahead_bytes_avg.load = 0.464523
stat.pool.100.memq.write.ahead_bytes_max.load = 9
stat.pool.100.memq.write.ahead_pkts_avg.rfo = 0.711202
stat.pool.100.memq.write.ahead_pkts_max.rfo = 10
stat.pool.100.memq.write.ahead_bytes_avg.rfo = 0.711202
stat.pool.100.memq.write.ahead_bytes_max.rfo = 10
stat.pool.100.memq.write.ahead_pkts_avg.write = 1.2032
stat.pool.100.memq.write.ahead_pkts_max.write = 3
stat.pool.100.memq.write.ahead_bytes_avg.write = 1.2032
stat.pool.100.memq.write.ahead_bytes_max.write = 3
stat.pool.100.memq.write.ahead_pkts_avg.other = 0.000301932
stat.pool.100.memq.write.ahead_pkts_max.other = 1
stat.pool.100.memq.write.ahead_bytes_avg.other = 0.000301932
stat.pool.100.memq.write.ahead_bytes_max.other = 1
stat.pool.100.memq.write.queue_wait_bucket.0 = 0
stat.pool.100.memq.write.service_bucket.0 = 0
stat.pool.100.memq.write.total_bucket.0 = 0
stat.pool.100.memq.write.ahead_total_pkts_bucket.0 = 1136
stat.pool.100.memq.write.ahead_total_bytes_bucket.0 = 1136
stat.pool.100.memq.write.queue_wait_bucket.1_63 = 6624
stat.pool.100.memq.write.service_bucket.1_63 = 0
stat.pool.100.memq.write.total_bucket.1_63 = 0
stat.pool.100.memq.write.ahead_total_pkts_bucket.1 = 1483
stat.pool.100.memq.write.ahead_total_bytes_bucket.1_64 = 5488
stat.pool.100.memq.write.queue_wait_bucket.64_255 = 0
stat.pool.100.memq.write.service_bucket.64_255 = 6624
stat.pool.100.memq.write.total_bucket.64_255 = 6624
stat.pool.100.memq.write.ahead_total_pkts_bucket.2 = 1434
stat.pool.100.memq.write.ahead_total_bytes_bucket.65_256 = 0
stat.pool.100.memq.write.queue_wait_bucket.256_1023 = 0
stat.pool.100.memq.write.service_bucket.256_1023 = 0
stat.pool.100.memq.write.total_bucket.256_1023 = 0
stat.pool.100.memq.write.ahead_total_pkts_bucket.3_4 = 1701
stat.pool.100.memq.write.ahead_total_bytes_bucket.257_1024 = 0
stat.pool.100.memq.write.queue_wait_bucket.1024_4095 = 0
stat.pool.100.memq.write.service_bucket.1024_4095 = 0
stat.pool.100.memq.write.total_bucket.1024_4095 = 0
stat.pool.100.memq.write.ahead_total_pkts_bucket.5_8 = 729
stat.pool.100.memq.write.ahead_total_bytes_bucket.1025_4096 = 0
stat.pool.100.memq.write.queue_wait_bucket.4096_plus = 0
stat.pool.100.memq.write.service_bucket.4096_plus = 0
stat.pool.100.memq.write.total_bucket.4096_plus = 0
stat.pool.100.memq.write.ahead_total_pkts_bucket.9_plus = 141
stat.pool.100.memq.write.ahead_total_bytes_bucket.4097_plus = 0
stat.pool.100.respq.write.attempted = 0
stat.pool.100.respq.write.completed = 0
stat.pool.100.respq.write.blocked = 0
stat.pool.100.respq.write.wait_avg_cycles = 0
stat.pool.100.respq.write.wait_max_cycles = 0
stat.pool.100.memq.other.completed = 10
stat.pool.100.memq.other.response_completed = 10
stat.pool.100.memq.other.queue_wait_avg_cycles = 1.4
stat.pool.100.memq.other.queue_wait_max_cycles = 4
stat.pool.100.memq.other.service_avg_cycles = 75
stat.pool.100.memq.other.service_max_cycles = 75
stat.pool.100.memq.other.total_avg_cycles = 76.4
stat.pool.100.memq.other.total_max_cycles = 79
stat.pool.100.memq.other.ahead_pkts_avg.load = 0.7
stat.pool.100.memq.other.ahead_pkts_max.load = 4
stat.pool.100.memq.other.ahead_bytes_avg.load = 0.7
stat.pool.100.memq.other.ahead_bytes_max.load = 4
stat.pool.100.memq.other.ahead_pkts_avg.rfo = 1.1
stat.pool.100.memq.other.ahead_pkts_max.rfo = 6
stat.pool.100.memq.other.ahead_bytes_avg.rfo = 1.1
stat.pool.100.memq.other.ahead_bytes_max.rfo = 6
stat.pool.100.memq.other.ahead_pkts_avg.write = 1.5
stat.pool.100.memq.other.ahead_pkts_max.write = 3
stat.pool.100.memq.other.ahead_bytes_avg.write = 1.5
stat.pool.100.memq.other.ahead_bytes_max.write = 3
stat.pool.100.memq.other.ahead_pkts_avg.other = 0
stat.pool.100.memq.other.ahead_pkts_max.other = 0
stat.pool.100.memq.other.ahead_bytes_avg.other = 0
stat.pool.100.memq.other.ahead_bytes_max.other = 0
stat.pool.100.memq.other.queue_wait_bucket.0 = 0
stat.pool.100.memq.other.service_bucket.0 = 0
stat.pool.100.memq.other.total_bucket.0 = 0
stat.pool.100.memq.other.ahead_total_pkts_bucket.0 = 0
stat.pool.100.memq.other.ahead_total_bytes_bucket.0 = 0
stat.pool.100.memq.other.queue_wait_bucket.1_63 = 10
stat.pool.100.memq.other.service_bucket.1_63 = 0
stat.pool.100.memq.other.total_bucket.1_63 = 0
stat.pool.100.memq.other.ahead_total_pkts_bucket.1 = 1
stat.pool.100.memq.other.ahead_total_bytes_bucket.1_64 = 10
stat.pool.100.memq.other.queue_wait_bucket.64_255 = 0
stat.pool.100.memq.other.service_bucket.64_255 = 10
stat.pool.100.memq.other.total_bucket.64_255 = 10
stat.pool.100.memq.other.ahead_total_pkts_bucket.2 = 5
stat.pool.100.memq.other.ahead_total_bytes_bucket.65_256 = 0
stat.pool.100.memq.other.queue_wait_bucket.256_1023 = 0
stat.pool.100.memq.other.service_bucket.256_1023 = 0
stat.pool.100.memq.other.total_bucket.256_1023 = 0
stat.pool.100.memq.other.ahead_total_pkts_bucket.3_4 = 2
stat.pool.100.memq.other.ahead_total_bytes_bucket.257_1024 = 0
stat.pool.100.memq.other.queue_wait_bucket.1024_4095 = 0
stat.pool.100.memq.other.service_bucket.1024_4095 = 0
stat.pool.100.memq.other.total_bucket.1024_4095 = 0
stat.pool.100.memq.other.ahead_total_pkts_bucket.5_8 = 1
stat.pool.100.memq.other.ahead_total_bytes_bucket.1025_4096 = 0
stat.pool.100.memq.other.queue_wait_bucket.4096_plus = 0
stat.pool.100.memq.other.service_bucket.4096_plus = 0
stat.pool.100.memq.other.total_bucket.4096_plus = 0
stat.pool.100.memq.other.ahead_total_pkts_bucket.9_plus = 1
stat.pool.100.memq.other.ahead_total_bytes_bucket.4097_plus = 0
stat.pool.100.respq.other.attempted = 10
stat.pool.100.respq.other.completed = 10
stat.pool.100.respq.other.blocked = 0
stat.pool.100.respq.other.wait_avg_cycles = 0
stat.pool.100.respq.other.wait_max_cycles = 0
stat.pool.100.response.returned_burst_max_pkts = 1
stat.pool.100.response.returned_burst_avg_pkts = 1
stat.pool.100.response.returned_burst_stddev_pkts = 0
stat.pool.100.response.returned_nonempty_frac = 0.0230947
stat.pool.100.response.sent_burst_max_pkts = 1
stat.pool.100.response.sent_burst_avg_pkts = 1
stat.pool.100.response.sent_burst_stddev_pkts = 0
stat.pool.100.response.sent_nonempty_frac = 0.0230947
stat.pool.100.response.blocked_cycles = 0
stat.pool.100.response.blocked_avg_pending_pkts = 0
stat.pool.100.response.blocked_max_pending_pkts = 0
stat.pool.100.response.returned_occ_avg_pkts = 0.0230947
stat.pool.100.response.returned_occ_stddev_pkts = 0.150204
stat.pool.100.response.returned_occ_max_pkts = 1
stat.pool.100.response.pending_occ_avg = 1.81881
stat.pool.100.response.pending_occ_stddev = 2.52347
stat.pool.100.response.pending_occ_max = 16
stat.pool.100.request.accept_src.distinct_avg = 1
stat.pool.100.request.accept_src.distinct_max = 1
stat.pool.100.request.accept_src.nonempty_frac = 0.0369969
stat.pool.100.request.blocked_src.distinct_avg = 0
stat.pool.100.request.blocked_src.distinct_max = 0
stat.pool.100.request.blocked_src.nonempty_frac = 0
stat.pool.100.pending.src.distinct_avg = 1
stat.pool.100.pending.src.distinct_max = 1
stat.pool.100.pending.src.nonempty_frac = 0.520165
stat.pool.100.pending.ready_src.distinct_avg = 1
stat.pool.100.pending.ready_src.distinct_max = 1
stat.pool.100.pending.ready_src.nonempty_frac = 0.0230947
stat.pool.100.response.ready_src.distinct_avg = 1
stat.pool.100.response.ready_src.distinct_max = 1
stat.pool.100.response.ready_src.nonempty_frac = 0.0230947
stat.pool.100.response.sent_dst.distinct_avg = 1
stat.pool.100.response.sent_dst.distinct_max = 1
stat.pool.100.response.sent_dst.nonempty_frac = 0.0230947
stat.pool.100.pending_episode.count = 1832
stat.pool.100.pending_episode.avg_cycles = 135.286
stat.pool.100.pending_episode.max_cycles = 584
stat.pool.100.pending_episode.avg_peak_occ = 5.1976
stat.pool.100.pending_episode.max_peak_occ = 16
stat.pool.100.pending_episode.avg_accepted = 7.53166
stat.pool.100.pending_episode.max_accepted = 35
stat.pool.100.pending_episode.avg_sent = 6.00655
stat.pool.100.pending_episode.max_sent = 21
stat.pool.100.pending_episode.avg_pending_distinct_src = 1
stat.pool.100.pending_episode.max_pending_distinct_src = 1
stat.pool.100.pending_episode.avg_ready_distinct_src = 1
stat.pool.100.pending_episode.max_ready_distinct_src = 1
stat.pool.100.pending_episode.avg_sent_distinct_dst = 1
stat.pool.100.pending_episode.max_sent_distinct_dst = 1
stat.pool.100.response.returned_episode.count = 11004
stat.pool.100.response.returned_episode.avg_cycles = 1
stat.pool.100.response.returned_episode.max_cycles = 1
stat.pool.100.response.returned_episode.avg_peak_occ = 1
stat.pool.100.response.returned_episode.max_peak_occ = 1
stat.pool.100.response.returned_episode.avg_sent = 1
stat.pool.100.response.returned_episode.max_sent = 1
stat.pool.100.response.returned_episode.avg_ready_distinct_src = 1
stat.pool.100.response.returned_episode.max_ready_distinct_src = 1
stat.pool.100.response.returned_episode.avg_sent_distinct_dst = 1
stat.pool.100.response.returned_episode.max_sent_distinct_dst = 1
stat.pool.100.node.0.pending_occ_avg = 1.81881
stat.pool.100.node.0.pending_occ_max = 16
stat.pool.100.node.0.ready_occ_avg = 0.0230947
stat.pool.100.node.0.ready_occ_max = 1
stat.pool.100.node.0.pending_age_avg_cycles = 39.3187
stat.pool.100.node.0.pending_age_max_cycles = 136
stat.pool.100.node.0.ready_age_avg_cycles = 0
stat.pool.100.node.0.ready_age_max_cycles = 0
stat.pool.100.node.0.request_enqueued.load = 4417
stat.pool.100.node.0.request_blocked.load = 0
stat.pool.100.node.0.response_ready.load = 4417
stat.pool.100.node.0.response_sent.load = 4417
stat.pool.100.node.0.response_blocked.load = 0
stat.pool.100.node.0.pending_occ_avg.load = 0.734148
stat.pool.100.node.0.pending_occ_max.load = 12
stat.pool.100.node.0.ready_occ_avg.load = 0.00927022
stat.pool.100.node.0.ready_occ_max.load = 1
stat.pool.100.node.0.mem_ready_avg_cycles.load = 78.1942
stat.pool.100.node.0.mem_ready_max_cycles.load = 136
stat.pool.100.node.0.response_wait_avg_cycles.load = 0
stat.pool.100.node.0.response_wait_max_cycles.load = 0
stat.pool.100.node.0.request_enqueue_gap_avg_cycles.load = 107.812
stat.pool.100.node.0.request_enqueue_gap_max_cycles.load = 687
stat.pool.100.node.0.response_ready_gap_avg_cycles.load = 107.813
stat.pool.100.node.0.response_ready_gap_max_cycles.load = 673
stat.pool.100.node.0.response_sent_gap_avg_cycles.load = 107.813
stat.pool.100.node.0.response_sent_gap_max_cycles.load = 673
stat.pool.100.node.0.total_turnaround_avg_cycles.load = 78.1942
stat.pool.100.node.0.total_turnaround_max_cycles.load = 136
stat.pool.100.node.0.request_enqueued.rfo = 6577
stat.pool.100.node.0.request_blocked.rfo = 0
stat.pool.100.node.0.response_ready.rfo = 6577
stat.pool.100.node.0.response_sent.rfo = 6577
stat.pool.100.node.0.response_blocked.rfo = 0
stat.pool.100.node.0.pending_occ_avg.rfo = 1.08306
stat.pool.100.node.0.pending_occ_max.rfo = 15
stat.pool.100.node.0.ready_occ_avg.rfo = 0.0138035
stat.pool.100.node.0.ready_occ_max.rfo = 1
stat.pool.100.node.0.mem_ready_avg_cycles.rfo = 77.4627
stat.pool.100.node.0.mem_ready_max_cycles.rfo = 136
stat.pool.100.node.0.response_wait_avg_cycles.rfo = 0
stat.pool.100.node.0.response_wait_max_cycles.rfo = 0
stat.pool.100.node.0.request_enqueue_gap_avg_cycles.rfo = 72.4121
stat.pool.100.node.0.request_enqueue_gap_max_cycles.rfo = 723
stat.pool.100.node.0.response_ready_gap_avg_cycles.rfo = 72.413
stat.pool.100.node.0.response_ready_gap_max_cycles.rfo = 718
stat.pool.100.node.0.response_sent_gap_avg_cycles.rfo = 72.413
stat.pool.100.node.0.response_sent_gap_max_cycles.rfo = 718
stat.pool.100.node.0.total_turnaround_avg_cycles.rfo = 77.4627
stat.pool.100.node.0.total_turnaround_max_cycles.rfo = 136
stat.pool.100.node.0.request_enqueued.write = 6624
stat.pool.100.node.0.request_blocked.write = 0
stat.pool.100.node.0.response_ready.write = 0
stat.pool.100.node.0.response_sent.write = 0
stat.pool.100.node.0.response_blocked.write = 0
stat.pool.100.node.0.pending_occ_avg.write = 0
stat.pool.100.node.0.pending_occ_max.write = 0
stat.pool.100.node.0.ready_occ_avg.write = 0
stat.pool.100.node.0.ready_occ_max.write = 0
stat.pool.100.node.0.mem_ready_avg_cycles.write = 0
stat.pool.100.node.0.mem_ready_max_cycles.write = 0
stat.pool.100.node.0.response_wait_avg_cycles.write = 0
stat.pool.100.node.0.response_wait_max_cycles.write = 0
stat.pool.100.node.0.request_enqueue_gap_avg_cycles.write = 71.8934
stat.pool.100.node.0.request_enqueue_gap_max_cycles.write = 637
stat.pool.100.node.0.response_ready_gap_avg_cycles.write = 0
stat.pool.100.node.0.response_ready_gap_max_cycles.write = 0
stat.pool.100.node.0.response_sent_gap_avg_cycles.write = 0
stat.pool.100.node.0.response_sent_gap_max_cycles.write = 0
stat.pool.100.node.0.total_turnaround_avg_cycles.write = 0
stat.pool.100.node.0.total_turnaround_max_cycles.write = 0
stat.pool.100.node.0.request_enqueued.other = 10
stat.pool.100.node.0.request_blocked.other = 0
stat.pool.100.node.0.response_ready.other = 10
stat.pool.100.node.0.response_sent.other = 10
stat.pool.100.node.0.response_blocked.other = 0
stat.pool.100.node.0.pending_occ_avg.other = 0.00160345
stat.pool.100.node.0.pending_occ_max.other = 1
stat.pool.100.node.0.ready_occ_avg.other = 2.09876e-05
stat.pool.100.node.0.ready_occ_max.other = 1
stat.pool.100.node.0.mem_ready_avg_cycles.other = 75.4
stat.pool.100.node.0.mem_ready_max_cycles.other = 78
stat.pool.100.node.0.response_wait_avg_cycles.other = 0
stat.pool.100.node.0.response_wait_max_cycles.other = 0
stat.pool.100.node.0.request_enqueue_gap_avg_cycles.other = 44103.7
stat.pool.100.node.0.request_enqueue_gap_max_cycles.other = 160164
stat.pool.100.node.0.response_ready_gap_avg_cycles.other = 44103.6
stat.pool.100.node.0.response_ready_gap_max_cycles.other = 160166
stat.pool.100.node.0.response_sent_gap_avg_cycles.other = 44103.6
stat.pool.100.node.0.response_sent_gap_max_cycles.other = 160166
stat.pool.100.node.0.total_turnaround_avg_cycles.other = 75.4
stat.pool.100.node.0.total_turnaround_max_cycles.other = 78
stat.pool.100.fabric.port_count = 1
stat.pool.100.fabric.ingress_wait_avg_cycles = 137.587
stat.pool.100.fabric.egress_wait_avg_cycles = 1
stat.pool.100.fabric.ingress_wait_max_cycles = 189
stat.pool.100.fabric.egress_wait_max_cycles = 1
stat.pool.100.fabric.ingress_queue_wait_avg_cycles = 5.72856
stat.pool.100.fabric.ingress_queue_wait_max_cycles = 59
stat.pool.100.fabric.ingress_occ_bytes = 128
stat.pool.100.fabric.ready_wait_avg_cycles = 0
stat.pool.100.fabric.ready_wait_max_cycles = 0
stat.pool.100.fabric.ready_occ_avg_pkts = 0.0369969
stat.pool.100.fabric.ready_occ_pkts = 0
stat.pool.100.fabric.ready_occ_max_pkts = 1
stat.pool.100.fabric.ready_retry_count = 0
stat.pool.100.fabric.ingress_arrival_burst_max_pkts = 2
stat.pool.100.fabric.ingress_arrival_burst_max_bytes = 72
stat.pool.100.fabric.ingress_arrival_burst_avg_pkts = 1.01165
stat.pool.100.fabric.ingress_arrival_burst_avg_bytes = 29.3834
stat.pool.100.fabric.ingress_arrival_burst_stddev_pkts = 0.107326
stat.pool.100.fabric.ingress_arrival_burst_stddev_bytes = 27.3164
stat.pool.100.fabric.ingress_arrival_nonempty_frac = 0.0365562
stat.pool.100.fabric.ingress_arrival_run_max_cycles = 7
stat.pool.100.fabric.ingress_arrival_run_avg_cycles = 1.14781
stat.pool.100.fabric.ingress_arrival_run_stddev_cycles = 0.462175
stat.pool.100.fabric.ingress_arrival_gap_max_cycles = 367
stat.pool.100.fabric.ingress_arrival_gap_avg_cycles = 30.2514
stat.pool.100.fabric.ingress_arrival_gap_stddev_cycles = 44.6098
stat.pool.100.fabric.ingress_release_burst_max_pkts = 1
stat.pool.100.fabric.ingress_release_burst_max_bytes = 64
stat.pool.100.fabric.ingress_release_burst_avg_pkts = 1
stat.pool.100.fabric.ingress_release_burst_avg_bytes = 29.0429
stat.pool.100.fabric.ingress_release_burst_stddev_pkts = 0
stat.pool.100.fabric.ingress_release_burst_stddev_bytes = 27.1219
stat.pool.100.fabric.ingress_release_nonempty_frac = 0.0369969
stat.pool.100.fabric.ingress_release_run_max_cycles = 1
stat.pool.100.fabric.ingress_release_run_avg_cycles = 1
stat.pool.100.fabric.ingress_release_run_stddev_cycles = 0
stat.pool.100.fabric.ingress_release_gap_max_cycles = 388
stat.pool.100.fabric.ingress_release_gap_avg_cycles = 26.0292
stat.pool.100.fabric.ingress_release_gap_stddev_cycles = 44.7847
stat.pool.100.fabric.ingress_occ_avg_bytes = 153.894
stat.pool.100.fabric.ingress_occ_stddev_bytes = 101.459
stat.pool.100.fabric.ingress_occ_max_bytes = 496
stat.pool.100.fabric.ingress_occ_nonempty_frac = 0.902542
stat.pool.100.fabric.ingress_occ_run_max_cycles = 3257
stat.pool.100.fabric.ingress_occ_run_avg_cycles = 644.732
stat.pool.100.fabric.ingress_occ_run_stddev_cycles = 478.54
stat.pool.100.fabric.ingress_occ_gap_max_cycles = 245
stat.pool.100.fabric.ingress_occ_gap_avg_cycles = 69.7237
stat.pool.100.fabric.ingress_occ_gap_stddev_cycles = 55.2865
stat.pool.100.fabric.rx_bytes.demand_req = 87912
stat.pool.100.fabric.tx_bytes.demand_req = 0
stat.pool.100.fabric.rx_pkts.demand_req = 10989
stat.pool.100.fabric.tx_pkts.demand_req = 0
stat.pool.100.fabric.rx_bytes.write_req = 423808
stat.pool.100.fabric.tx_bytes.write_req = 0
stat.pool.100.fabric.rx_pkts.write_req = 6622
stat.pool.100.fabric.tx_pkts.write_req = 0
stat.pool.100.fabric.rx_bytes.response = 0
stat.pool.100.fabric.tx_bytes.response = 704256
stat.pool.100.fabric.rx_pkts.response = 0
stat.pool.100.fabric.tx_pkts.response = 11004
stat.pool.100.fabric.rx_bytes.other_req = 80
stat.pool.100.fabric.tx_bytes.other_req = 0
stat.pool.100.fabric.rx_pkts.other_req = 10
stat.pool.100.fabric.tx_pkts.other_req = 0
stat.pool.100.port.core.0.ingress_wait_avg_cycles = 137.587
stat.pool.100.port.core.0.ingress_wait_max_cycles = 189
stat.pool.100.port.core.0.egress_wait_avg_cycles = 1
stat.pool.100.port.core.0.egress_wait_max_cycles = 1
stat.pool.100.port.core.0.ingress_queue_wait_avg_cycles = 5.72856
stat.pool.100.port.core.0.ingress_queue_wait_max_cycles = 59
stat.pool.100.port.core.0.egress_occ_avg_bytes = 0
stat.pool.100.port.core.0.egress_occ_stddev_bytes = 0
stat.pool.100.port.core.0.egress_occ_max_bytes = 0
stat.pool.100.port.core.0.egress_occ_nonempty_frac = 0
stat.pool.100.port.core.0.egress_blocked_cycles = 0
stat.pool.100.port.core.0.egress_blocked_nonempty_frac = 0
stat.pool.100.port.core.0.egress_blocked_avg_occ_bytes = 0
stat.pool.100.port.core.0.egress_blocked_max_occ_bytes = 0
stat.pool.100.port.core.0.egress_send_burst_max_pkts = 1
stat.pool.100.port.core.0.egress_send_burst_max_bytes = 64
stat.pool.100.port.core.0.egress_send_burst_avg_pkts = 1
stat.pool.100.port.core.0.egress_send_burst_avg_bytes = 64
stat.pool.100.port.core.0.egress_send_burst_stddev_pkts = 0
stat.pool.100.port.core.0.egress_send_burst_stddev_bytes = 0
stat.pool.100.port.core.0.egress_send_nonempty_frac = 0.0230947
stat.pool.100.port.core.0.ingress_arrival_burst_avg_bytes = 29.3834
stat.pool.100.port.core.0.ingress_arrival_nonempty_frac = 0.0365562
stat.pool.100.port.core.0.ingress_arrival_run_max_cycles = 7
stat.pool.100.port.core.0.ingress_arrival_run_avg_cycles = 1.14781
stat.pool.100.port.core.0.ingress_arrival_gap_max_cycles = 367
stat.pool.100.port.core.0.ingress_arrival_gap_avg_cycles = 30.2514
stat.pool.100.port.core.0.ingress_release_burst_avg_bytes = 29.0429
stat.pool.100.port.core.0.ingress_release_nonempty_frac = 0.0369969
stat.pool.100.port.core.0.ingress_release_run_max_cycles = 1
stat.pool.100.port.core.0.ingress_release_run_avg_cycles = 1
stat.pool.100.port.core.0.ingress_release_gap_max_cycles = 388
stat.pool.100.port.core.0.ingress_release_gap_avg_cycles = 26.0292
stat.pool.100.port.core.0.ingress_occ_avg_bytes = 153.894
stat.pool.100.port.core.0.ingress_occ_stddev_bytes = 101.459
stat.pool.100.port.core.0.ingress_occ_max_bytes = 496
stat.pool.100.port.core.0.ingress_occ_nonempty_frac = 0.902542
stat.pool.100.port.core.0.ingress_occ_run_max_cycles = 3257
stat.pool.100.port.core.0.ingress_occ_run_avg_cycles = 644.732
stat.pool.100.port.core.0.ingress_occ_gap_max_cycles = 245
stat.pool.100.port.core.0.ingress_occ_gap_avg_cycles = 69.7237
stat.pool.100.port.core.0.ingress_wait_avg_cycles.demand_req = 132.086
stat.pool.100.port.core.0.ingress_wait_max_cycles.demand_req = 183
stat.pool.100.port.core.0.ingress_queue_wait_avg_cycles.demand_req = 8.10124
stat.pool.100.port.core.0.ingress_queue_wait_max_cycles.demand_req = 59
stat.pool.100.port.core.0.egress_wait_avg_cycles.demand_req = 0
stat.pool.100.port.core.0.egress_wait_max_cycles.demand_req = 0
stat.pool.100.port.core.0.egress_occ_avg_bytes.demand_req = 0
stat.pool.100.port.core.0.egress_occ_max_bytes.demand_req = 0
stat.pool.100.port.core.0.egress_blocked_cycles.demand_req = 0
stat.pool.100.port.core.0.ingress_arrival_empty_packets.demand_req = 67
stat.pool.100.port.core.0.ingress_arrival_nonempty_packets.demand_req = 10922
stat.pool.100.port.core.0.ingress_arrival_nonempty_packet_frac.demand_req = 0.993903
stat.pool.100.port.core.0.ingress_nonempty_arrival_pre_occ_avg_bytes.demand_req = 204.33
stat.pool.100.port.core.0.ingress_nonempty_arrival_pre_occ_max_bytes.demand_req = 488
stat.pool.100.port.core.0.ingress_release_after_empty_arrival_packets.demand_req = 72
stat.pool.100.port.core.0.ingress_release_after_nonempty_arrival_packets.demand_req = 10922
stat.pool.100.port.core.0.ingress_wait_after_empty_arrival_avg_cycles.demand_req = 121.694
stat.pool.100.port.core.0.ingress_wait_after_nonempty_arrival_avg_cycles.demand_req = 132.155
stat.pool.100.port.core.0.ingress_queue_wait_after_empty_arrival_avg_cycles.demand_req = 0
stat.pool.100.port.core.0.ingress_queue_wait_after_nonempty_arrival_avg_cycles.demand_req = 8.15464
stat.pool.100.port.core.0.ingress_queue_wait_after_empty_arrival_max_cycles.demand_req = 0
stat.pool.100.port.core.0.ingress_queue_wait_after_nonempty_arrival_max_cycles.demand_req = 59
stat.pool.100.port.core.0.rx_bytes.demand_req = 87912
stat.pool.100.port.core.0.tx_bytes.demand_req = 0
stat.pool.100.port.core.0.rx_pkts.demand_req = 10989
stat.pool.100.port.core.0.tx_pkts.demand_req = 0
stat.pool.100.port.core.0.ingress_wait_avg_cycles.write_req = 146.735
stat.pool.100.port.core.0.ingress_wait_max_cycles.write_req = 189
stat.pool.100.port.core.0.ingress_queue_wait_avg_cycles.write_req = 1.79801
stat.pool.100.port.core.0.ingress_queue_wait_max_cycles.write_req = 44
stat.pool.100.port.core.0.egress_wait_avg_cycles.write_req = 0
stat.pool.100.port.core.0.egress_wait_max_cycles.write_req = 0
stat.pool.100.port.core.0.egress_occ_avg_bytes.write_req = 0
stat.pool.100.port.core.0.egress_occ_max_bytes.write_req = 0
stat.pool.100.port.core.0.egress_blocked_cycles.write_req = 0
stat.pool.100.port.core.0.ingress_arrival_empty_packets.write_req = 599
stat.pool.100.port.core.0.ingress_arrival_nonempty_packets.write_req = 6023
stat.pool.100.port.core.0.ingress_arrival_nonempty_packet_frac.write_req = 0.909544
stat.pool.100.port.core.0.ingress_nonempty_arrival_pre_occ_avg_bytes.write_req = 168.494
stat.pool.100.port.core.0.ingress_nonempty_arrival_pre_occ_max_bytes.write_req = 432
stat.pool.100.port.core.0.ingress_release_after_empty_arrival_packets.write_req = 602
stat.pool.100.port.core.0.ingress_release_after_nonempty_arrival_packets.write_req = 6022
stat.pool.100.port.core.0.ingress_wait_after_empty_arrival_avg_cycles.write_req = 144.306
stat.pool.100.port.core.0.ingress_wait_after_nonempty_arrival_avg_cycles.write_req = 146.978
stat.pool.100.port.core.0.ingress_queue_wait_after_empty_arrival_avg_cycles.write_req = 0
stat.pool.100.port.core.0.ingress_queue_wait_after_nonempty_arrival_avg_cycles.write_req = 1.97775
stat.pool.100.port.core.0.ingress_queue_wait_after_empty_arrival_max_cycles.write_req = 0
stat.pool.100.port.core.0.ingress_queue_wait_after_nonempty_arrival_max_cycles.write_req = 44
stat.pool.100.port.core.0.rx_bytes.write_req = 423808
stat.pool.100.port.core.0.tx_bytes.write_req = 0
stat.pool.100.port.core.0.rx_pkts.write_req = 6622
stat.pool.100.port.core.0.tx_pkts.write_req = 0
stat.pool.100.port.core.0.ingress_wait_avg_cycles.response = 0
stat.pool.100.port.core.0.ingress_wait_max_cycles.response = 0
stat.pool.100.port.core.0.ingress_queue_wait_avg_cycles.response = 0
stat.pool.100.port.core.0.ingress_queue_wait_max_cycles.response = 0
stat.pool.100.port.core.0.egress_wait_avg_cycles.response = 1
stat.pool.100.port.core.0.egress_wait_max_cycles.response = 1
stat.pool.100.port.core.0.egress_occ_avg_bytes.response = 0
stat.pool.100.port.core.0.egress_occ_max_bytes.response = 0
stat.pool.100.port.core.0.egress_blocked_cycles.response = 0
stat.pool.100.port.core.0.ingress_arrival_empty_packets.response = 0
stat.pool.100.port.core.0.ingress_arrival_nonempty_packets.response = 0
stat.pool.100.port.core.0.ingress_arrival_nonempty_packet_frac.response = 0
stat.pool.100.port.core.0.ingress_nonempty_arrival_pre_occ_avg_bytes.response = 0
stat.pool.100.port.core.0.ingress_nonempty_arrival_pre_occ_max_bytes.response = 0
stat.pool.100.port.core.0.ingress_release_after_empty_arrival_packets.response = 0
stat.pool.100.port.core.0.ingress_release_after_nonempty_arrival_packets.response = 0
stat.pool.100.port.core.0.ingress_wait_after_empty_arrival_avg_cycles.response = 0
stat.pool.100.port.core.0.ingress_wait_after_nonempty_arrival_avg_cycles.response = 0
stat.pool.100.port.core.0.ingress_queue_wait_after_empty_arrival_avg_cycles.response = 0
stat.pool.100.port.core.0.ingress_queue_wait_after_nonempty_arrival_avg_cycles.response = 0
stat.pool.100.port.core.0.ingress_queue_wait_after_empty_arrival_max_cycles.response = 0
stat.pool.100.port.core.0.ingress_queue_wait_after_nonempty_arrival_max_cycles.response = 0
stat.pool.100.port.core.0.rx_bytes.response = 0
stat.pool.100.port.core.0.tx_bytes.response = 704256
stat.pool.100.port.core.0.rx_pkts.response = 0
stat.pool.100.port.core.0.tx_pkts.response = 11004
stat.pool.100.port.core.0.ingress_wait_avg_cycles.other_req = 124.8
stat.pool.100.port.core.0.ingress_wait_max_cycles.other_req = 129
stat.pool.100.port.core.0.ingress_queue_wait_avg_cycles.other_req = 0.8
stat.pool.100.port.core.0.ingress_queue_wait_max_cycles.other_req = 5
stat.pool.100.port.core.0.egress_wait_avg_cycles.other_req = 0
stat.pool.100.port.core.0.egress_wait_max_cycles.other_req = 0
stat.pool.100.port.core.0.egress_occ_avg_bytes.other_req = 0
stat.pool.100.port.core.0.egress_occ_max_bytes.other_req = 0
stat.pool.100.port.core.0.egress_blocked_cycles.other_req = 0
stat.pool.100.port.core.0.ingress_arrival_empty_packets.other_req = 0
stat.pool.100.port.core.0.ingress_arrival_nonempty_packets.other_req = 10
stat.pool.100.port.core.0.ingress_arrival_nonempty_packet_frac.other_req = 1
stat.pool.100.port.core.0.ingress_nonempty_arrival_pre_occ_avg_bytes.other_req = 159.2
stat.pool.100.port.core.0.ingress_nonempty_arrival_pre_occ_max_bytes.other_req = 272
stat.pool.100.port.core.0.ingress_release_after_empty_arrival_packets.other_req = 0
stat.pool.100.port.core.0.ingress_release_after_nonempty_arrival_packets.other_req = 10
stat.pool.100.port.core.0.ingress_wait_after_empty_arrival_avg_cycles.other_req = 0
stat.pool.100.port.core.0.ingress_wait_after_nonempty_arrival_avg_cycles.other_req = 124.8
stat.pool.100.port.core.0.ingress_queue_wait_after_empty_arrival_avg_cycles.other_req = 0
stat.pool.100.port.core.0.ingress_queue_wait_after_nonempty_arrival_avg_cycles.other_req = 0.8
stat.pool.100.port.core.0.ingress_queue_wait_after_empty_arrival_max_cycles.other_req = 0
stat.pool.100.port.core.0.ingress_queue_wait_after_nonempty_arrival_max_cycles.other_req = 5
stat.pool.100.port.core.0.rx_bytes.other_req = 80
stat.pool.100.port.core.0.tx_bytes.other_req = 0
stat.pool.100.port.core.0.rx_pkts.other_req = 10
stat.pool.100.port.core.0.tx_pkts.other_req = 0
stat.pool.100.port.core.0.ingress_occ_bucket_bytes.0 = 46436
stat.pool.100.port.core.0.ready_occ_bucket_bytes.0 = 458844
stat.pool.100.port.core.0.ingress_occ_bucket_bytes.1_64 = 74668
stat.pool.100.port.core.0.ready_occ_bucket_bytes.1_64 = 17628
stat.pool.100.port.core.0.ingress_occ_bucket_bytes.65_256 = 274499
stat.pool.100.port.core.0.ready_occ_bucket_bytes.65_256 = 0
stat.pool.100.port.core.0.ingress_occ_bucket_bytes.257_1024 = 80869
stat.pool.100.port.core.0.ready_occ_bucket_bytes.257_1024 = 0
stat.pool.100.port.core.0.ingress_occ_bucket_bytes.1025_4096 = 0
stat.pool.100.port.core.0.ready_occ_bucket_bytes.1025_4096 = 0
stat.pool.100.port.core.0.ingress_occ_bucket_bytes.4097_plus = 0
stat.pool.100.port.core.0.ready_occ_bucket_bytes.4097_plus = 0
stat.pool.100.port.core.0.ingress_episode.count = 666
stat.pool.100.port.core.0.ingress_episode.avg_cycles = 645.601
stat.pool.100.port.core.0.ingress_episode.max_cycles = 3257
stat.pool.100.port.core.0.ingress_episode.avg_peak_occ_bytes = 310.102
stat.pool.100.port.core.0.ingress_episode.max_peak_occ_bytes = 496
stat.pool.100.port.core.0.ingress_episode.avg_arrival_pkts = 26.455
stat.pool.100.port.core.0.ingress_episode.max_arrival_pkts = 147
stat.pool.100.port.core.0.ingress_episode.avg_arrival_bytes = 768.276
stat.pool.100.port.core.0.ingress_episode.max_arrival_bytes = 4424
stat.pool.100.port.core.0.ingress_episode.avg_release_pkts = 26.4685
stat.pool.100.port.core.0.ingress_episode.max_release_pkts = 147
stat.pool.100.port.core.0.ingress_episode.avg_release_bytes = 768.721
stat.pool.100.port.core.0.ingress_episode.max_release_bytes = 4424
stat.pool.100.port.core.0.ingress_episode.avg_wait_cycles = 3641.7
stat.pool.100.port.core.0.ingress_episode.max_wait_cycles = 189
stat.pool.100.port.core.0.ingress_episode.avg_queue_wait_cycles = 151.626
stat.pool.100.port.core.0.ingress_episode.max_queue_wait_cycles = 59
stat.pool.100.port.core.0.ingress_episode.avg_src_distinct = 1
stat.pool.100.port.core.0.ingress_episode.max_src_distinct = 1
stat.pool.100.port.core.0.ingress_episode.avg_dst_distinct = 1
stat.pool.100.port.core.0.ingress_episode.max_dst_distinct = 1
stat.pool.100.port.core.0.ingress_episode.avg_arrival_pkts.demand_req = 16.5
stat.pool.100.port.core.0.ingress_episode.max_arrival_pkts.demand_req = 89
stat.pool.100.port.core.0.ingress_episode.avg_release_pkts.demand_req = 16.5075
stat.pool.100.port.core.0.ingress_episode.max_release_pkts.demand_req = 89
stat.pool.100.port.core.0.ingress_pre_occ_bucket.demand_req.0 = 67
stat.pool.100.port.core.0.ingress_queue_wait_bucket.demand_req.0 = 4419
stat.pool.100.port.core.0.ingress_pre_occ_bucket.demand_req.1_64 = 553
stat.pool.100.port.core.0.ingress_queue_wait_bucket.demand_req.1_63 = 6575
stat.pool.100.port.core.0.ingress_pre_occ_bucket.demand_req.65_256 = 7417
stat.pool.100.port.core.0.ingress_queue_wait_bucket.demand_req.64_255 = 0
stat.pool.100.port.core.0.ingress_pre_occ_bucket.demand_req.257_1024 = 2952
stat.pool.100.port.core.0.ingress_queue_wait_bucket.demand_req.256_1023 = 0
stat.pool.100.port.core.0.ingress_pre_occ_bucket.demand_req.1025_4096 = 0
stat.pool.100.port.core.0.ingress_queue_wait_bucket.demand_req.1024_4095 = 0
stat.pool.100.port.core.0.ingress_pre_occ_bucket.demand_req.4097_plus = 0
stat.pool.100.port.core.0.ingress_queue_wait_bucket.demand_req.4096_plus = 0
stat.pool.100.port.core.0.ingress_episode.avg_arrival_pkts.write_req = 9.93994
stat.pool.100.port.core.0.ingress_episode.max_arrival_pkts.write_req = 58
stat.pool.100.port.core.0.ingress_episode.avg_release_pkts.write_req = 9.94595
stat.pool.100.port.core.0.ingress_episode.max_release_pkts.write_req = 58
stat.pool.100.port.core.0.ingress_pre_occ_bucket.write_req.0 = 599
stat.pool.100.port.core.0.ingress_queue_wait_bucket.write_req.0 = 5169
stat.pool.100.port.core.0.ingress_pre_occ_bucket.write_req.1_64 = 1001
stat.pool.100.port.core.0.ingress_queue_wait_bucket.write_req.1_63 = 1455
stat.pool.100.port.core.0.ingress_pre_occ_bucket.write_req.65_256 = 4068
stat.pool.100.port.core.0.ingress_queue_wait_bucket.write_req.64_255 = 0
stat.pool.100.port.core.0.ingress_pre_occ_bucket.write_req.257_1024 = 954
stat.pool.100.port.core.0.ingress_queue_wait_bucket.write_req.256_1023 = 0
stat.pool.100.port.core.0.ingress_pre_occ_bucket.write_req.1025_4096 = 0
stat.pool.100.port.core.0.ingress_queue_wait_bucket.write_req.1024_4095 = 0
stat.pool.100.port.core.0.ingress_pre_occ_bucket.write_req.4097_plus = 0
stat.pool.100.port.core.0.ingress_queue_wait_bucket.write_req.4096_plus = 0
stat.pool.100.port.core.0.ingress_episode.avg_arrival_pkts.response = 0
stat.pool.100.port.core.0.ingress_episode.max_arrival_pkts.response = 0
stat.pool.100.port.core.0.ingress_episode.avg_release_pkts.response = 0
stat.pool.100.port.core.0.ingress_episode.max_release_pkts.response = 0
stat.pool.100.port.core.0.ingress_pre_occ_bucket.response.0 = 0
stat.pool.100.port.core.0.ingress_queue_wait_bucket.response.0 = 0
stat.pool.100.port.core.0.ingress_pre_occ_bucket.response.1_64 = 0
stat.pool.100.port.core.0.ingress_queue_wait_bucket.response.1_63 = 0
stat.pool.100.port.core.0.ingress_pre_occ_bucket.response.65_256 = 0
stat.pool.100.port.core.0.ingress_queue_wait_bucket.response.64_255 = 0
stat.pool.100.port.core.0.ingress_pre_occ_bucket.response.257_1024 = 0
stat.pool.100.port.core.0.ingress_queue_wait_bucket.response.256_1023 = 0
stat.pool.100.port.core.0.ingress_pre_occ_bucket.response.1025_4096 = 0
stat.pool.100.port.core.0.ingress_queue_wait_bucket.response.1024_4095 = 0
stat.pool.100.port.core.0.ingress_pre_occ_bucket.response.4097_plus = 0
stat.pool.100.port.core.0.ingress_queue_wait_bucket.response.4096_plus = 0
stat.pool.100.port.core.0.ingress_episode.avg_arrival_pkts.other_req = 0.015015
stat.pool.100.port.core.0.ingress_episode.max_arrival_pkts.other_req = 1
stat.pool.100.port.core.0.ingress_episode.avg_release_pkts.other_req = 0.015015
stat.pool.100.port.core.0.ingress_episode.max_release_pkts.other_req = 1
stat.pool.100.port.core.0.ingress_pre_occ_bucket.other_req.0 = 0
stat.pool.100.port.core.0.ingress_queue_wait_bucket.other_req.0 = 7
stat.pool.100.port.core.0.ingress_pre_occ_bucket.other_req.1_64 = 0
stat.pool.100.port.core.0.ingress_queue_wait_bucket.other_req.1_63 = 3
stat.pool.100.port.core.0.ingress_pre_occ_bucket.other_req.65_256 = 9
stat.pool.100.port.core.0.ingress_queue_wait_bucket.other_req.64_255 = 0
stat.pool.100.port.core.0.ingress_pre_occ_bucket.other_req.257_1024 = 1
stat.pool.100.port.core.0.ingress_queue_wait_bucket.other_req.256_1023 = 0
stat.pool.100.port.core.0.ingress_pre_occ_bucket.other_req.1025_4096 = 0
stat.pool.100.port.core.0.ingress_queue_wait_bucket.other_req.1024_4095 = 0
stat.pool.100.port.core.0.ingress_pre_occ_bucket.other_req.4097_plus = 0
stat.pool.100.port.core.0.ingress_queue_wait_bucket.other_req.4096_plus = 0
stat.pool.100.port.core.0.peer_src.0.rx_bytes.demand_req = 87912
stat.pool.100.port.core.0.peer_src.0.rx_pkts.demand_req = 10989
stat.pool.100.port.core.0.peer_src.0.tx_bytes.demand_req = 0
stat.pool.100.port.core.0.peer_src.0.tx_pkts.demand_req = 0
stat.pool.100.port.core.0.peer_src.0.ingress_arrivals.demand_req = 10989
stat.pool.100.port.core.0.peer_src.0.ingress_arrival_nonempty_packet_frac.demand_req = 0.993903
stat.pool.100.port.core.0.peer_src.0.ingress_nonempty_arrival_pre_occ_avg_bytes.demand_req = 204.33
stat.pool.100.port.core.0.peer_src.0.ingress_nonempty_arrival_pre_occ_max_bytes.demand_req = 488
stat.pool.100.port.core.0.peer_src.0.ingress_wait_avg_cycles.demand_req = 132.086
stat.pool.100.port.core.0.peer_src.0.ingress_queue_wait_avg_cycles.demand_req = 8.10124
stat.pool.100.port.core.0.peer_src.0.ingress_queue_wait_after_nonempty_arrival_avg_cycles.demand_req = 8.15464
stat.pool.100.port.core.0.peer_src.0.ingress_pre_occ_bucket.demand_req.0 = 67
stat.pool.100.port.core.0.peer_src.0.ingress_queue_wait_bucket.demand_req.0 = 4419
stat.pool.100.port.core.0.peer_src.0.ingress_pre_occ_bucket.demand_req.1_64 = 553
stat.pool.100.port.core.0.peer_src.0.ingress_queue_wait_bucket.demand_req.1_63 = 6575
stat.pool.100.port.core.0.peer_src.0.ingress_pre_occ_bucket.demand_req.65_256 = 7417
stat.pool.100.port.core.0.peer_src.0.ingress_queue_wait_bucket.demand_req.64_255 = 0
stat.pool.100.port.core.0.peer_src.0.ingress_pre_occ_bucket.demand_req.257_1024 = 2952
stat.pool.100.port.core.0.peer_src.0.ingress_queue_wait_bucket.demand_req.256_1023 = 0
stat.pool.100.port.core.0.peer_src.0.ingress_pre_occ_bucket.demand_req.1025_4096 = 0
stat.pool.100.port.core.0.peer_src.0.ingress_queue_wait_bucket.demand_req.1024_4095 = 0
stat.pool.100.port.core.0.peer_src.0.ingress_pre_occ_bucket.demand_req.4097_plus = 0
stat.pool.100.port.core.0.peer_src.0.ingress_queue_wait_bucket.demand_req.4096_plus = 0
stat.pool.100.port.core.0.peer_src.0.rx_bytes.write_req = 423808
stat.pool.100.port.core.0.peer_src.0.rx_pkts.write_req = 6622
stat.pool.100.port.core.0.peer_src.0.tx_bytes.write_req = 0
stat.pool.100.port.core.0.peer_src.0.tx_pkts.write_req = 0
stat.pool.100.port.core.0.peer_src.0.ingress_arrivals.write_req = 6622
stat.pool.100.port.core.0.peer_src.0.ingress_arrival_nonempty_packet_frac.write_req = 0.909544
stat.pool.100.port.core.0.peer_src.0.ingress_nonempty_arrival_pre_occ_avg_bytes.write_req = 168.494
stat.pool.100.port.core.0.peer_src.0.ingress_nonempty_arrival_pre_occ_max_bytes.write_req = 432
stat.pool.100.port.core.0.peer_src.0.ingress_wait_avg_cycles.write_req = 146.735
stat.pool.100.port.core.0.peer_src.0.ingress_queue_wait_avg_cycles.write_req = 1.79801
stat.pool.100.port.core.0.peer_src.0.ingress_queue_wait_after_nonempty_arrival_avg_cycles.write_req = 1.97775
stat.pool.100.port.core.0.peer_src.0.ingress_pre_occ_bucket.write_req.0 = 599
stat.pool.100.port.core.0.peer_src.0.ingress_queue_wait_bucket.write_req.0 = 5169
stat.pool.100.port.core.0.peer_src.0.ingress_pre_occ_bucket.write_req.1_64 = 1001
stat.pool.100.port.core.0.peer_src.0.ingress_queue_wait_bucket.write_req.1_63 = 1455
stat.pool.100.port.core.0.peer_src.0.ingress_pre_occ_bucket.write_req.65_256 = 4068
stat.pool.100.port.core.0.peer_src.0.ingress_queue_wait_bucket.write_req.64_255 = 0
stat.pool.100.port.core.0.peer_src.0.ingress_pre_occ_bucket.write_req.257_1024 = 954
stat.pool.100.port.core.0.peer_src.0.ingress_queue_wait_bucket.write_req.256_1023 = 0
stat.pool.100.port.core.0.peer_src.0.ingress_pre_occ_bucket.write_req.1025_4096 = 0
stat.pool.100.port.core.0.peer_src.0.ingress_queue_wait_bucket.write_req.1024_4095 = 0
stat.pool.100.port.core.0.peer_src.0.ingress_pre_occ_bucket.write_req.4097_plus = 0
stat.pool.100.port.core.0.peer_src.0.ingress_queue_wait_bucket.write_req.4096_plus = 0
stat.pool.100.port.core.0.peer_src.0.rx_bytes.other_req = 80
stat.pool.100.port.core.0.peer_src.0.rx_pkts.other_req = 10
stat.pool.100.port.core.0.peer_src.0.tx_bytes.other_req = 0
stat.pool.100.port.core.0.peer_src.0.tx_pkts.other_req = 0
stat.pool.100.port.core.0.peer_src.0.ingress_arrivals.other_req = 10
stat.pool.100.port.core.0.peer_src.0.ingress_arrival_nonempty_packet_frac.other_req = 1
stat.pool.100.port.core.0.peer_src.0.ingress_nonempty_arrival_pre_occ_avg_bytes.other_req = 159.2
stat.pool.100.port.core.0.peer_src.0.ingress_nonempty_arrival_pre_occ_max_bytes.other_req = 272
stat.pool.100.port.core.0.peer_src.0.ingress_wait_avg_cycles.other_req = 124.8
stat.pool.100.port.core.0.peer_src.0.ingress_queue_wait_avg_cycles.other_req = 0.8
stat.pool.100.port.core.0.peer_src.0.ingress_queue_wait_after_nonempty_arrival_avg_cycles.other_req = 0.8
stat.pool.100.port.core.0.peer_src.0.ingress_pre_occ_bucket.other_req.0 = 0
stat.pool.100.port.core.0.peer_src.0.ingress_queue_wait_bucket.other_req.0 = 7
stat.pool.100.port.core.0.peer_src.0.ingress_pre_occ_bucket.other_req.1_64 = 0
stat.pool.100.port.core.0.peer_src.0.ingress_queue_wait_bucket.other_req.1_63 = 3
stat.pool.100.port.core.0.peer_src.0.ingress_pre_occ_bucket.other_req.65_256 = 9
stat.pool.100.port.core.0.peer_src.0.ingress_queue_wait_bucket.other_req.64_255 = 0
stat.pool.100.port.core.0.peer_src.0.ingress_pre_occ_bucket.other_req.257_1024 = 1
stat.pool.100.port.core.0.peer_src.0.ingress_queue_wait_bucket.other_req.256_1023 = 0
stat.pool.100.port.core.0.peer_src.0.ingress_pre_occ_bucket.other_req.1025_4096 = 0
stat.pool.100.port.core.0.peer_src.0.ingress_queue_wait_bucket.other_req.1024_4095 = 0
stat.pool.100.port.core.0.peer_src.0.ingress_pre_occ_bucket.other_req.4097_plus = 0
stat.pool.100.port.core.0.peer_src.0.ingress_queue_wait_bucket.other_req.4096_plus = 0
stat.pool.100.port.core.0.peer_dst.100.rx_bytes.demand_req = 87912
stat.pool.100.port.core.0.peer_dst.100.rx_pkts.demand_req = 10989
stat.pool.100.port.core.0.peer_dst.100.tx_bytes.demand_req = 0
stat.pool.100.port.core.0.peer_dst.100.tx_pkts.demand_req = 0
stat.pool.100.port.core.0.peer_dst.100.ingress_arrivals.demand_req = 10989
stat.pool.100.port.core.0.peer_dst.100.ingress_arrival_nonempty_packet_frac.demand_req = 0.993903
stat.pool.100.port.core.0.peer_dst.100.ingress_nonempty_arrival_pre_occ_avg_bytes.demand_req = 204.33
stat.pool.100.port.core.0.peer_dst.100.ingress_nonempty_arrival_pre_occ_max_bytes.demand_req = 488
stat.pool.100.port.core.0.peer_dst.100.ingress_wait_avg_cycles.demand_req = 132.086
stat.pool.100.port.core.0.peer_dst.100.ingress_queue_wait_avg_cycles.demand_req = 8.10124
stat.pool.100.port.core.0.peer_dst.100.ingress_queue_wait_after_nonempty_arrival_avg_cycles.demand_req = 8.15464
stat.pool.100.port.core.0.peer_dst.100.ingress_pre_occ_bucket.demand_req.0 = 67
stat.pool.100.port.core.0.peer_dst.100.ingress_queue_wait_bucket.demand_req.0 = 4419
stat.pool.100.port.core.0.peer_dst.100.ingress_pre_occ_bucket.demand_req.1_64 = 553
stat.pool.100.port.core.0.peer_dst.100.ingress_queue_wait_bucket.demand_req.1_63 = 6575
stat.pool.100.port.core.0.peer_dst.100.ingress_pre_occ_bucket.demand_req.65_256 = 7417
stat.pool.100.port.core.0.peer_dst.100.ingress_queue_wait_bucket.demand_req.64_255 = 0
stat.pool.100.port.core.0.peer_dst.100.ingress_pre_occ_bucket.demand_req.257_1024 = 2952
stat.pool.100.port.core.0.peer_dst.100.ingress_queue_wait_bucket.demand_req.256_1023 = 0
stat.pool.100.port.core.0.peer_dst.100.ingress_pre_occ_bucket.demand_req.1025_4096 = 0
stat.pool.100.port.core.0.peer_dst.100.ingress_queue_wait_bucket.demand_req.1024_4095 = 0
stat.pool.100.port.core.0.peer_dst.100.ingress_pre_occ_bucket.demand_req.4097_plus = 0
stat.pool.100.port.core.0.peer_dst.100.ingress_queue_wait_bucket.demand_req.4096_plus = 0
stat.pool.100.port.core.0.peer_dst.100.rx_bytes.write_req = 423808
stat.pool.100.port.core.0.peer_dst.100.rx_pkts.write_req = 6622
stat.pool.100.port.core.0.peer_dst.100.tx_bytes.write_req = 0
stat.pool.100.port.core.0.peer_dst.100.tx_pkts.write_req = 0
stat.pool.100.port.core.0.peer_dst.100.ingress_arrivals.write_req = 6622
stat.pool.100.port.core.0.peer_dst.100.ingress_arrival_nonempty_packet_frac.write_req = 0.909544
stat.pool.100.port.core.0.peer_dst.100.ingress_nonempty_arrival_pre_occ_avg_bytes.write_req = 168.494
stat.pool.100.port.core.0.peer_dst.100.ingress_nonempty_arrival_pre_occ_max_bytes.write_req = 432
stat.pool.100.port.core.0.peer_dst.100.ingress_wait_avg_cycles.write_req = 146.735
stat.pool.100.port.core.0.peer_dst.100.ingress_queue_wait_avg_cycles.write_req = 1.79801
stat.pool.100.port.core.0.peer_dst.100.ingress_queue_wait_after_nonempty_arrival_avg_cycles.write_req = 1.97775
stat.pool.100.port.core.0.peer_dst.100.ingress_pre_occ_bucket.write_req.0 = 599
stat.pool.100.port.core.0.peer_dst.100.ingress_queue_wait_bucket.write_req.0 = 5169
stat.pool.100.port.core.0.peer_dst.100.ingress_pre_occ_bucket.write_req.1_64 = 1001
stat.pool.100.port.core.0.peer_dst.100.ingress_queue_wait_bucket.write_req.1_63 = 1455
stat.pool.100.port.core.0.peer_dst.100.ingress_pre_occ_bucket.write_req.65_256 = 4068
stat.pool.100.port.core.0.peer_dst.100.ingress_queue_wait_bucket.write_req.64_255 = 0
stat.pool.100.port.core.0.peer_dst.100.ingress_pre_occ_bucket.write_req.257_1024 = 954
stat.pool.100.port.core.0.peer_dst.100.ingress_queue_wait_bucket.write_req.256_1023 = 0
stat.pool.100.port.core.0.peer_dst.100.ingress_pre_occ_bucket.write_req.1025_4096 = 0
stat.pool.100.port.core.0.peer_dst.100.ingress_queue_wait_bucket.write_req.1024_4095 = 0
stat.pool.100.port.core.0.peer_dst.100.ingress_pre_occ_bucket.write_req.4097_plus = 0
stat.pool.100.port.core.0.peer_dst.100.ingress_queue_wait_bucket.write_req.4096_plus = 0
stat.pool.100.port.core.0.peer_dst.100.rx_bytes.other_req = 80
stat.pool.100.port.core.0.peer_dst.100.rx_pkts.other_req = 10
stat.pool.100.port.core.0.peer_dst.100.tx_bytes.other_req = 0
stat.pool.100.port.core.0.peer_dst.100.tx_pkts.other_req = 0
stat.pool.100.port.core.0.peer_dst.100.ingress_arrivals.other_req = 10
stat.pool.100.port.core.0.peer_dst.100.ingress_arrival_nonempty_packet_frac.other_req = 1
stat.pool.100.port.core.0.peer_dst.100.ingress_nonempty_arrival_pre_occ_avg_bytes.other_req = 159.2
stat.pool.100.port.core.0.peer_dst.100.ingress_nonempty_arrival_pre_occ_max_bytes.other_req = 272
stat.pool.100.port.core.0.peer_dst.100.ingress_wait_avg_cycles.other_req = 124.8
stat.pool.100.port.core.0.peer_dst.100.ingress_queue_wait_avg_cycles.other_req = 0.8
stat.pool.100.port.core.0.peer_dst.100.ingress_queue_wait_after_nonempty_arrival_avg_cycles.other_req = 0.8
stat.pool.100.port.core.0.peer_dst.100.ingress_pre_occ_bucket.other_req.0 = 0
stat.pool.100.port.core.0.peer_dst.100.ingress_queue_wait_bucket.other_req.0 = 7
stat.pool.100.port.core.0.peer_dst.100.ingress_pre_occ_bucket.other_req.1_64 = 0
stat.pool.100.port.core.0.peer_dst.100.ingress_queue_wait_bucket.other_req.1_63 = 3
stat.pool.100.port.core.0.peer_dst.100.ingress_pre_occ_bucket.other_req.65_256 = 9
stat.pool.100.port.core.0.peer_dst.100.ingress_queue_wait_bucket.other_req.64_255 = 0
stat.pool.100.port.core.0.peer_dst.100.ingress_pre_occ_bucket.other_req.257_1024 = 1
stat.pool.100.port.core.0.peer_dst.100.ingress_queue_wait_bucket.other_req.256_1023 = 0
stat.pool.100.port.core.0.peer_dst.100.ingress_pre_occ_bucket.other_req.1025_4096 = 0
stat.pool.100.port.core.0.peer_dst.100.ingress_queue_wait_bucket.other_req.1024_4095 = 0
stat.pool.100.port.core.0.peer_dst.100.ingress_pre_occ_bucket.other_req.4097_plus = 0
stat.pool.100.port.core.0.peer_dst.100.ingress_queue_wait_bucket.other_req.4096_plus = 0
stat.pool.100.port.core.0.tx_src.100.rx_bytes.response = 0
stat.pool.100.port.core.0.tx_src.100.rx_pkts.response = 0
stat.pool.100.port.core.0.tx_src.100.tx_bytes.response = 704256
stat.pool.100.port.core.0.tx_src.100.tx_pkts.response = 11004
stat.pool.100.port.core.0.tx_src.100.ingress_arrivals.response = 0
stat.pool.100.port.core.0.tx_src.100.ingress_arrival_nonempty_packet_frac.response = 0
stat.pool.100.port.core.0.tx_src.100.ingress_nonempty_arrival_pre_occ_avg_bytes.response = 0
stat.pool.100.port.core.0.tx_src.100.ingress_nonempty_arrival_pre_occ_max_bytes.response = 0
stat.pool.100.port.core.0.tx_src.100.ingress_wait_avg_cycles.response = 0
stat.pool.100.port.core.0.tx_src.100.ingress_queue_wait_avg_cycles.response = 0
stat.pool.100.port.core.0.tx_src.100.ingress_queue_wait_after_nonempty_arrival_avg_cycles.response = 0
stat.pool.100.port.core.0.tx_src.100.ingress_pre_occ_bucket.response.0 = 0
stat.pool.100.port.core.0.tx_src.100.ingress_queue_wait_bucket.response.0 = 0
stat.pool.100.port.core.0.tx_src.100.ingress_pre_occ_bucket.response.1_64 = 0
stat.pool.100.port.core.0.tx_src.100.ingress_queue_wait_bucket.response.1_63 = 0
stat.pool.100.port.core.0.tx_src.100.ingress_pre_occ_bucket.response.65_256 = 0
stat.pool.100.port.core.0.tx_src.100.ingress_queue_wait_bucket.response.64_255 = 0
stat.pool.100.port.core.0.tx_src.100.ingress_pre_occ_bucket.response.257_1024 = 0
stat.pool.100.port.core.0.tx_src.100.ingress_queue_wait_bucket.response.256_1023 = 0
stat.pool.100.port.core.0.tx_src.100.ingress_pre_occ_bucket.response.1025_4096 = 0
stat.pool.100.port.core.0.tx_src.100.ingress_queue_wait_bucket.response.1024_4095 = 0
stat.pool.100.port.core.0.tx_src.100.ingress_pre_occ_bucket.response.4097_plus = 0
stat.pool.100.port.core.0.tx_src.100.ingress_queue_wait_bucket.response.4096_plus = 0
stat.pool.100.port.core.0.tx_dst.0.rx_bytes.response = 0
stat.pool.100.port.core.0.tx_dst.0.rx_pkts.response = 0
stat.pool.100.port.core.0.tx_dst.0.tx_bytes.response = 704256
stat.pool.100.port.core.0.tx_dst.0.tx_pkts.response = 11004
stat.pool.100.port.core.0.tx_dst.0.ingress_arrivals.response = 0
stat.pool.100.port.core.0.tx_dst.0.ingress_arrival_nonempty_packet_frac.response = 0
stat.pool.100.port.core.0.tx_dst.0.ingress_nonempty_arrival_pre_occ_avg_bytes.response = 0
stat.pool.100.port.core.0.tx_dst.0.ingress_nonempty_arrival_pre_occ_max_bytes.response = 0
stat.pool.100.port.core.0.tx_dst.0.ingress_wait_avg_cycles.response = 0
stat.pool.100.port.core.0.tx_dst.0.ingress_queue_wait_avg_cycles.response = 0
stat.pool.100.port.core.0.tx_dst.0.ingress_queue_wait_after_nonempty_arrival_avg_cycles.response = 0
stat.pool.100.port.core.0.tx_dst.0.ingress_pre_occ_bucket.response.0 = 0
stat.pool.100.port.core.0.tx_dst.0.ingress_queue_wait_bucket.response.0 = 0
stat.pool.100.port.core.0.tx_dst.0.ingress_pre_occ_bucket.response.1_64 = 0
stat.pool.100.port.core.0.tx_dst.0.ingress_queue_wait_bucket.response.1_63 = 0
stat.pool.100.port.core.0.tx_dst.0.ingress_pre_occ_bucket.response.65_256 = 0
stat.pool.100.port.core.0.tx_dst.0.ingress_queue_wait_bucket.response.64_255 = 0
stat.pool.100.port.core.0.tx_dst.0.ingress_pre_occ_bucket.response.257_1024 = 0
stat.pool.100.port.core.0.tx_dst.0.ingress_queue_wait_bucket.response.256_1023 = 0
stat.pool.100.port.core.0.tx_dst.0.ingress_pre_occ_bucket.response.1025_4096 = 0
stat.pool.100.port.core.0.tx_dst.0.ingress_queue_wait_bucket.response.1024_4095 = 0
stat.pool.100.port.core.0.tx_dst.0.ingress_pre_occ_bucket.response.4097_plus = 0
stat.pool.100.port.core.0.tx_dst.0.ingress_queue_wait_bucket.response.4096_plus = 0
stat.pool.100.walltime_s = 175.425
stat.pool.100.active_time_s = 15.8569
Simulation is complete, simulated time: 489.874 us
