stat.node.0.llc.pool_accesses = 3535
stat.node.0.llc.cxl_miss = 3532
stat.node.0.llc.total_miss = 3532
stat.node.0.llc.avg_miss_lat = 392.57
stat.node.0.llc.avg_cxl_miss_lat = 392.57
stat.node.0.llc.miss_lat_hist_bin_ns = 10
stat.node.0.llc.miss_lat_hist = [0,0,0,0,0,0,0,0,0,0,0,0,0,0,0,1646,1027,507,240,89,20,3]
stat.node.0.util.dram_avg = 2.34145e-05
stat.node.0.bw.interval_cycles = 378273
stat.node.0.bw.host_to_switch_bytes = 74104
stat.node.0.bw.switch_to_host_bytes = 226240
stat.node.0.bw.host_link_total_bytes = 300344
stat.node.0.bw.host_to_switch_gbps = 0.470162
stat.node.0.bw.switch_to_host_gbps = 1.43541
stat.node.0.bw.host_link_total_gbps = 1.90557
stat.node.0.fabric.ingress_wait_avg_cycles = 166.27
stat.node.0.fabric.egress_wait_avg_cycles = 1
stat.node.0.fabric.ingress_wait_max_cycles = 299
stat.node.0.fabric.egress_wait_max_cycles = 1
stat.node.0.fabric.ingress_queue_wait_avg_cycles = 21.2699
stat.node.0.fabric.ingress_queue_wait_max_cycles = 154
stat.node.0.fabric.egress_occ_avg_bytes = 0
stat.node.0.fabric.egress_occ_stddev_bytes = 0
stat.node.0.fabric.egress_occ_max_bytes = 0
stat.node.0.fabric.egress_occ_nonempty_frac = 0
stat.node.0.fabric.egress_blocked_cycles = 0
stat.node.0.fabric.egress_blocked_nonempty_frac = 0
stat.node.0.fabric.egress_blocked_avg_occ_bytes = 0
stat.node.0.fabric.egress_blocked_max_occ_bytes = 0
stat.node.0.fabric.egress_send_burst_max_pkts = 2
stat.node.0.fabric.egress_send_burst_max_bytes = 72
stat.node.0.fabric.egress_send_burst_avg_pkts = 1.00118
stat.node.0.fabric.egress_send_burst_avg_bytes = 17.4527
stat.node.0.fabric.egress_send_burst_stddev_pkts = 0.0342957
stat.node.0.fabric.egress_send_burst_stddev_bytes = 20.9905
stat.node.0.fabric.egress_send_nonempty_frac = 0.0112247
stat.node.0.fabric.ingress_occ_bytes = 0
stat.node.0.fabric.ready_wait_avg_cycles = 0
stat.node.0.fabric.ready_wait_max_cycles = 0
stat.node.0.fabric.ready_occ_avg_pkts = 0.0093451
stat.node.0.fabric.ready_occ_pkts = 0
stat.node.0.fabric.ready_occ_max_pkts = 1
stat.node.0.fabric.ready_retry_count = 0
stat.node.0.fabric.ingress_arrival_burst_max_pkts = 1
stat.node.0.fabric.ingress_arrival_burst_max_bytes = 64
stat.node.0.fabric.ingress_arrival_burst_avg_pkts = 1
stat.node.0.fabric.ingress_arrival_burst_avg_bytes = 64
stat.node.0.fabric.ingress_arrival_burst_stddev_pkts = 0
stat.node.0.fabric.ingress_arrival_burst_stddev_bytes = 0
stat.node.0.fabric.ingress_arrival_nonempty_frac = 0.0093451
stat.node.0.fabric.ingress_arrival_run_max_cycles = 1
stat.node.0.fabric.ingress_arrival_run_avg_cycles = 1
stat.node.0.fabric.ingress_arrival_run_stddev_cycles = 0
stat.node.0.fabric.ingress_arrival_gap_max_cycles = 566
stat.node.0.fabric.ingress_arrival_gap_avg_cycles = 105.922
stat.node.0.fabric.ingress_arrival_gap_stddev_cycles = 158.208
stat.node.0.fabric.ingress_release_burst_max_pkts = 1
stat.node.0.fabric.ingress_release_burst_max_bytes = 64
stat.node.0.fabric.ingress_release_burst_avg_pkts = 1
stat.node.0.fabric.ingress_release_burst_avg_bytes = 64
stat.node.0.fabric.ingress_release_burst_stddev_pkts = 0
stat.node.0.fabric.ingress_release_burst_stddev_bytes = 0
stat.node.0.fabric.ingress_release_nonempty_frac = 0.0093451
stat.node.0.fabric.ingress_release_run_max_cycles = 1
stat.node.0.fabric.ingress_release_run_avg_cycles = 1
stat.node.0.fabric.ingress_release_run_stddev_cycles = 0
stat.node.0.fabric.ingress_release_gap_max_cycles = 483
stat.node.0.fabric.ingress_release_gap_avg_cycles = 105.902
stat.node.0.fabric.ingress_release_gap_stddev_cycles = 140.341
stat.node.0.fabric.ingress_occ_avg_bytes = 98.8457
stat.node.0.fabric.ingress_occ_stddev_bytes = 122.548
stat.node.0.fabric.ingress_occ_max_bytes = 640
stat.node.0.fabric.ingress_occ_nonempty_frac = 0.534725
stat.node.0.fabric.ingress_occ_run_max_cycles = 407
stat.node.0.fabric.ingress_occ_run_avg_cycles = 239.092
stat.node.0.fabric.ingress_occ_run_stddev_cycles = 49.5766
stat.node.0.fabric.ingress_occ_gap_max_cycles = 340
stat.node.0.fabric.ingress_occ_gap_avg_cycles = 207.766
stat.node.0.fabric.ingress_occ_gap_stddev_cycles = 53.1608
stat.node.0.fabric.ingress_wait_avg_cycles.demand_req = 0
stat.node.0.fabric.ingress_wait_max_cycles.demand_req = 0
stat.node.0.fabric.ingress_queue_wait_avg_cycles.demand_req = 0
stat.node.0.fabric.ingress_queue_wait_max_cycles.demand_req = 0
stat.node.0.fabric.egress_wait_avg_cycles.demand_req = 1
stat.node.0.fabric.egress_wait_max_cycles.demand_req = 1
stat.node.0.fabric.egress_occ_avg_bytes.demand_req = 0
stat.node.0.fabric.egress_occ_max_bytes.demand_req = 0
stat.node.0.fabric.egress_blocked_cycles.demand_req = 0
stat.node.0.fabric.ingress_arrival_empty_packets.demand_req = 0
stat.node.0.fabric.ingress_arrival_nonempty_packets.demand_req = 0
stat.node.0.fabric.ingress_arrival_nonempty_packet_frac.demand_req = 0
stat.node.0.fabric.ingress_nonempty_arrival_pre_occ_avg_bytes.demand_req = 0
stat.node.0.fabric.ingress_nonempty_arrival_pre_occ_max_bytes.demand_req = 0
stat.node.0.fabric.ingress_release_after_empty_arrival_packets.demand_req = 0
stat.node.0.fabric.ingress_release_after_nonempty_arrival_packets.demand_req = 0
stat.node.0.fabric.ingress_wait_after_empty_arrival_avg_cycles.demand_req = 0
stat.node.0.fabric.ingress_wait_after_nonempty_arrival_avg_cycles.demand_req = 0
stat.node.0.fabric.ingress_queue_wait_after_empty_arrival_avg_cycles.demand_req = 0
stat.node.0.fabric.ingress_queue_wait_after_nonempty_arrival_avg_cycles.demand_req = 0
stat.node.0.fabric.ingress_queue_wait_after_empty_arrival_max_cycles.demand_req = 0
stat.node.0.fabric.ingress_queue_wait_after_nonempty_arrival_max_cycles.demand_req = 0
stat.node.0.fabric.rx_bytes.demand_req = 0
stat.node.0.fabric.tx_bytes.demand_req = 28256
stat.node.0.fabric.rx_pkts.demand_req = 0
stat.node.0.fabric.tx_pkts.demand_req = 3532
stat.node.0.fabric.ingress_wait_avg_cycles.write_req = 0
stat.node.0.fabric.ingress_wait_max_cycles.write_req = 0
stat.node.0.fabric.ingress_queue_wait_avg_cycles.write_req = 0
stat.node.0.fabric.ingress_queue_wait_max_cycles.write_req = 0
stat.node.0.fabric.egress_wait_avg_cycles.write_req = 1
stat.node.0.fabric.egress_wait_max_cycles.write_req = 1
stat.node.0.fabric.egress_occ_avg_bytes.write_req = 0
stat.node.0.fabric.egress_occ_max_bytes.write_req = 0
stat.node.0.fabric.egress_blocked_cycles.write_req = 0
stat.node.0.fabric.ingress_arrival_empty_packets.write_req = 0
stat.node.0.fabric.ingress_arrival_nonempty_packets.write_req = 0
stat.node.0.fabric.ingress_arrival_nonempty_packet_frac.write_req = 0
stat.node.0.fabric.ingress_nonempty_arrival_pre_occ_avg_bytes.write_req = 0
stat.node.0.fabric.ingress_nonempty_arrival_pre_occ_max_bytes.write_req = 0
stat.node.0.fabric.ingress_release_after_empty_arrival_packets.write_req = 0
stat.node.0.fabric.ingress_release_after_nonempty_arrival_packets.write_req = 0
stat.node.0.fabric.ingress_wait_after_empty_arrival_avg_cycles.write_req = 0
stat.node.0.fabric.ingress_wait_after_nonempty_arrival_avg_cycles.write_req = 0
stat.node.0.fabric.ingress_queue_wait_after_empty_arrival_avg_cycles.write_req = 0
stat.node.0.fabric.ingress_queue_wait_after_nonempty_arrival_avg_cycles.write_req = 0
stat.node.0.fabric.ingress_queue_wait_after_empty_arrival_max_cycles.write_req = 0
stat.node.0.fabric.ingress_queue_wait_after_nonempty_arrival_max_cycles.write_req = 0
stat.node.0.fabric.rx_bytes.write_req = 0
stat.node.0.fabric.tx_bytes.write_req = 45824
stat.node.0.fabric.rx_pkts.write_req = 0
stat.node.0.fabric.tx_pkts.write_req = 716
stat.node.0.fabric.ingress_wait_avg_cycles.response = 166.27
stat.node.0.fabric.ingress_wait_max_cycles.response = 299
stat.node.0.fabric.ingress_queue_wait_avg_cycles.response = 21.2699
stat.node.0.fabric.ingress_queue_wait_max_cycles.response = 154
stat.node.0.fabric.egress_wait_avg_cycles.response = 0
stat.node.0.fabric.egress_wait_max_cycles.response = 0
stat.node.0.fabric.egress_occ_avg_bytes.response = 0
stat.node.0.fabric.egress_occ_max_bytes.response = 0
stat.node.0.fabric.egress_blocked_cycles.response = 0
stat.node.0.fabric.ingress_arrival_empty_packets.response = 846
stat.node.0.fabric.ingress_arrival_nonempty_packets.response = 2689
stat.node.0.fabric.ingress_arrival_nonempty_packet_frac.response = 0.760679
stat.node.0.fabric.ingress_nonempty_arrival_pre_occ_avg_bytes.response = 165.676
stat.node.0.fabric.ingress_nonempty_arrival_pre_occ_max_bytes.response = 576
stat.node.0.fabric.ingress_release_after_empty_arrival_packets.response = 846
stat.node.0.fabric.ingress_release_after_nonempty_arrival_packets.response = 2689
stat.node.0.fabric.ingress_wait_after_empty_arrival_avg_cycles.response = 145
stat.node.0.fabric.ingress_wait_after_nonempty_arrival_avg_cycles.response = 172.962
stat.node.0.fabric.ingress_queue_wait_after_empty_arrival_avg_cycles.response = 0
stat.node.0.fabric.ingress_queue_wait_after_nonempty_arrival_avg_cycles.response = 27.9617
stat.node.0.fabric.ingress_queue_wait_after_empty_arrival_max_cycles.response = 0
stat.node.0.fabric.ingress_queue_wait_after_nonempty_arrival_max_cycles.response = 154
stat.node.0.fabric.rx_bytes.response = 226240
stat.node.0.fabric.tx_bytes.response = 0
stat.node.0.fabric.rx_pkts.response = 3535
stat.node.0.fabric.tx_pkts.response = 0
stat.node.0.fabric.ingress_wait_avg_cycles.other_req = 0
stat.node.0.fabric.ingress_wait_max_cycles.other_req = 0
stat.node.0.fabric.ingress_queue_wait_avg_cycles.other_req = 0
stat.node.0.fabric.ingress_queue_wait_max_cycles.other_req = 0
stat.node.0.fabric.egress_wait_avg_cycles.other_req = 1
stat.node.0.fabric.egress_wait_max_cycles.other_req = 1
stat.node.0.fabric.egress_occ_avg_bytes.other_req = 0
stat.node.0.fabric.egress_occ_max_bytes.other_req = 0
stat.node.0.fabric.egress_blocked_cycles.other_req = 0
stat.node.0.fabric.ingress_arrival_empty_packets.other_req = 0
stat.node.0.fabric.ingress_arrival_nonempty_packets.other_req = 0
stat.node.0.fabric.ingress_arrival_nonempty_packet_frac.other_req = 0
stat.node.0.fabric.ingress_nonempty_arrival_pre_occ_avg_bytes.other_req = 0
stat.node.0.fabric.ingress_nonempty_arrival_pre_occ_max_bytes.other_req = 0
stat.node.0.fabric.ingress_release_after_empty_arrival_packets.other_req = 0
stat.node.0.fabric.ingress_release_after_nonempty_arrival_packets.other_req = 0
stat.node.0.fabric.ingress_wait_after_empty_arrival_avg_cycles.other_req = 0
stat.node.0.fabric.ingress_wait_after_nonempty_arrival_avg_cycles.other_req = 0
stat.node.0.fabric.ingress_queue_wait_after_empty_arrival_avg_cycles.other_req = 0
stat.node.0.fabric.ingress_queue_wait_after_nonempty_arrival_avg_cycles.other_req = 0
stat.node.0.fabric.ingress_queue_wait_after_empty_arrival_max_cycles.other_req = 0
stat.node.0.fabric.ingress_queue_wait_after_nonempty_arrival_max_cycles.other_req = 0
stat.node.0.fabric.rx_bytes.other_req = 0
stat.node.0.fabric.tx_bytes.other_req = 24
stat.node.0.fabric.rx_pkts.other_req = 0
stat.node.0.fabric.tx_pkts.other_req = 3
stat.node.0.fabric.ingress_occ_bucket_bytes.0 = 176001
stat.node.0.fabric.ready_occ_bucket_bytes.0 = 374738
stat.node.0.fabric.ingress_occ_bucket_bytes.1_64 = 52047
stat.node.0.fabric.ready_occ_bucket_bytes.1_64 = 3535
stat.node.0.fabric.ingress_occ_bucket_bytes.65_256 = 113097
stat.node.0.fabric.ready_occ_bucket_bytes.65_256 = 0
stat.node.0.fabric.ingress_occ_bucket_bytes.257_1024 = 37128
stat.node.0.fabric.ready_occ_bucket_bytes.257_1024 = 0
stat.node.0.fabric.ingress_occ_bucket_bytes.1025_4096 = 0
stat.node.0.fabric.ready_occ_bucket_bytes.1025_4096 = 0
stat.node.0.fabric.ingress_occ_bucket_bytes.4097_plus = 0
stat.node.0.fabric.ready_occ_bucket_bytes.4097_plus = 0
stat.node.0.fabric.ingress_episode.count = 846
stat.node.0.fabric.ingress_episode.avg_cycles = 239.092
stat.node.0.fabric.ingress_episode.max_cycles = 407
stat.node.0.fabric.ingress_episode.avg_peak_occ_bytes = 264.851
stat.node.0.fabric.ingress_episode.max_peak_occ_bytes = 640
stat.node.0.fabric.ingress_episode.avg_arrival_pkts = 4.17849
stat.node.0.fabric.ingress_episode.max_arrival_pkts = 10
stat.node.0.fabric.ingress_episode.avg_arrival_bytes = 267.423
stat.node.0.fabric.ingress_episode.max_arrival_bytes = 640
stat.node.0.fabric.ingress_episode.avg_release_pkts = 4.17849
stat.node.0.fabric.ingress_episode.max_release_pkts = 10
stat.node.0.fabric.ingress_episode.avg_release_bytes = 267.423
stat.node.0.fabric.ingress_episode.max_release_bytes = 640
stat.node.0.fabric.ingress_episode.avg_wait_cycles = 694.757
stat.node.0.fabric.ingress_episode.max_wait_cycles = 299
stat.node.0.fabric.ingress_episode.avg_queue_wait_cycles = 88.8759
stat.node.0.fabric.ingress_episode.max_queue_wait_cycles = 154
stat.node.0.fabric.ingress_episode.avg_src_distinct = 1
stat.node.0.fabric.ingress_episode.max_src_distinct = 1
stat.node.0.fabric.ingress_episode.avg_dst_distinct = 1
stat.node.0.fabric.ingress_episode.max_dst_distinct = 1
stat.node.0.fabric.ingress_episode.avg_arrival_pkts.demand_req = 0
stat.node.0.fabric.ingress_episode.max_arrival_pkts.demand_req = 0
stat.node.0.fabric.ingress_episode.avg_release_pkts.demand_req = 0
stat.node.0.fabric.ingress_episode.max_release_pkts.demand_req = 0
stat.node.0.fabric.ingress_pre_occ_bucket.demand_req.0 = 0
stat.node.0.fabric.ingress_queue_wait_bucket.demand_req.0 = 0
stat.node.0.fabric.ingress_pre_occ_bucket.demand_req.1_64 = 0
stat.node.0.fabric.ingress_queue_wait_bucket.demand_req.1_63 = 0
stat.node.0.fabric.ingress_pre_occ_bucket.demand_req.65_256 = 0
stat.node.0.fabric.ingress_queue_wait_bucket.demand_req.64_255 = 0
stat.node.0.fabric.ingress_pre_occ_bucket.demand_req.257_1024 = 0
stat.node.0.fabric.ingress_queue_wait_bucket.demand_req.256_1023 = 0
stat.node.0.fabric.ingress_pre_occ_bucket.demand_req.1025_4096 = 0
stat.node.0.fabric.ingress_queue_wait_bucket.demand_req.1024_4095 = 0
stat.node.0.fabric.ingress_pre_occ_bucket.demand_req.4097_plus = 0
stat.node.0.fabric.ingress_queue_wait_bucket.demand_req.4096_plus = 0
stat.node.0.fabric.ingress_episode.avg_arrival_pkts.write_req = 0
stat.node.0.fabric.ingress_episode.max_arrival_pkts.write_req = 0
stat.node.0.fabric.ingress_episode.avg_release_pkts.write_req = 0
stat.node.0.fabric.ingress_episode.max_release_pkts.write_req = 0
stat.node.0.fabric.ingress_pre_occ_bucket.write_req.0 = 0
stat.node.0.fabric.ingress_queue_wait_bucket.write_req.0 = 0
stat.node.0.fabric.ingress_pre_occ_bucket.write_req.1_64 = 0
stat.node.0.fabric.ingress_queue_wait_bucket.write_req.1_63 = 0
stat.node.0.fabric.ingress_pre_occ_bucket.write_req.65_256 = 0
stat.node.0.fabric.ingress_queue_wait_bucket.write_req.64_255 = 0
stat.node.0.fabric.ingress_pre_occ_bucket.write_req.257_1024 = 0
stat.node.0.fabric.ingress_queue_wait_bucket.write_req.256_1023 = 0
stat.node.0.fabric.ingress_pre_occ_bucket.write_req.1025_4096 = 0
stat.node.0.fabric.ingress_queue_wait_bucket.write_req.1024_4095 = 0
stat.node.0.fabric.ingress_pre_occ_bucket.write_req.4097_plus = 0
stat.node.0.fabric.ingress_queue_wait_bucket.write_req.4096_plus = 0
stat.node.0.fabric.ingress_episode.avg_arrival_pkts.response = 4.17849
stat.node.0.fabric.ingress_episode.max_arrival_pkts.response = 10
stat.node.0.fabric.ingress_episode.avg_release_pkts.response = 4.17849
stat.node.0.fabric.ingress_episode.max_release_pkts.response = 10
stat.node.0.fabric.ingress_pre_occ_bucket.response.0 = 846
stat.node.0.fabric.ingress_queue_wait_bucket.response.0 = 1387
stat.node.0.fabric.ingress_pre_occ_bucket.response.1_64 = 819
stat.node.0.fabric.ingress_queue_wait_bucket.response.1_63 = 1877
stat.node.0.fabric.ingress_pre_occ_bucket.response.65_256 = 1543
stat.node.0.fabric.ingress_queue_wait_bucket.response.64_255 = 271
stat.node.0.fabric.ingress_pre_occ_bucket.response.257_1024 = 327
stat.node.0.fabric.ingress_queue_wait_bucket.response.256_1023 = 0
stat.node.0.fabric.ingress_pre_occ_bucket.response.1025_4096 = 0
stat.node.0.fabric.ingress_queue_wait_bucket.response.1024_4095 = 0
stat.node.0.fabric.ingress_pre_occ_bucket.response.4097_plus = 0
stat.node.0.fabric.ingress_queue_wait_bucket.response.4096_plus = 0
stat.node.0.fabric.ingress_episode.avg_arrival_pkts.other_req = 0
stat.node.0.fabric.ingress_episode.max_arrival_pkts.other_req = 0
stat.node.0.fabric.ingress_episode.avg_release_pkts.other_req = 0
stat.node.0.fabric.ingress_episode.max_release_pkts.other_req = 0
stat.node.0.fabric.ingress_pre_occ_bucket.other_req.0 = 0
stat.node.0.fabric.ingress_queue_wait_bucket.other_req.0 = 0
stat.node.0.fabric.ingress_pre_occ_bucket.other_req.1_64 = 0
stat.node.0.fabric.ingress_queue_wait_bucket.other_req.1_63 = 0
stat.node.0.fabric.ingress_pre_occ_bucket.other_req.65_256 = 0
stat.node.0.fabric.ingress_queue_wait_bucket.other_req.64_255 = 0
stat.node.0.fabric.ingress_pre_occ_bucket.other_req.257_1024 = 0
stat.node.0.fabric.ingress_queue_wait_bucket.other_req.256_1023 = 0
stat.node.0.fabric.ingress_pre_occ_bucket.other_req.1025_4096 = 0
stat.node.0.fabric.ingress_queue_wait_bucket.other_req.1024_4095 = 0
stat.node.0.fabric.ingress_pre_occ_bucket.other_req.4097_plus = 0
stat.node.0.fabric.ingress_queue_wait_bucket.other_req.4096_plus = 0
stat.node.0.fabric.peer_src.100.rx_bytes.response = 226240
stat.node.0.fabric.peer_src.100.rx_pkts.response = 3535
stat.node.0.fabric.peer_src.100.tx_bytes.response = 0
stat.node.0.fabric.peer_src.100.tx_pkts.response = 0
stat.node.0.fabric.peer_src.100.ingress_arrivals.response = 3535
stat.node.0.fabric.peer_src.100.ingress_arrival_nonempty_packet_frac.response = 0.760679
stat.node.0.fabric.peer_src.100.ingress_nonempty_arrival_pre_occ_avg_bytes.response = 165.676
stat.node.0.fabric.peer_src.100.ingress_nonempty_arrival_pre_occ_max_bytes.response = 576
stat.node.0.fabric.peer_src.100.ingress_wait_avg_cycles.response = 166.27
stat.node.0.fabric.peer_src.100.ingress_queue_wait_avg_cycles.response = 21.2699
stat.node.0.fabric.peer_src.100.ingress_queue_wait_after_nonempty_arrival_avg_cycles.response = 27.9617
stat.node.0.fabric.peer_src.100.ingress_pre_occ_bucket.response.0 = 846
stat.node.0.fabric.peer_src.100.ingress_queue_wait_bucket.response.0 = 1387
stat.node.0.fabric.peer_src.100.ingress_pre_occ_bucket.response.1_64 = 819
stat.node.0.fabric.peer_src.100.ingress_queue_wait_bucket.response.1_63 = 1877
stat.node.0.fabric.peer_src.100.ingress_pre_occ_bucket.response.65_256 = 1543
stat.node.0.fabric.peer_src.100.ingress_queue_wait_bucket.response.64_255 = 271
stat.node.0.fabric.peer_src.100.ingress_pre_occ_bucket.response.257_1024 = 327
stat.node.0.fabric.peer_src.100.ingress_queue_wait_bucket.response.256_1023 = 0
stat.node.0.fabric.peer_src.100.ingress_pre_occ_bucket.response.1025_4096 = 0
stat.node.0.fabric.peer_src.100.ingress_queue_wait_bucket.response.1024_4095 = 0
stat.node.0.fabric.peer_src.100.ingress_pre_occ_bucket.response.4097_plus = 0
stat.node.0.fabric.peer_src.100.ingress_queue_wait_bucket.response.4096_plus = 0
stat.node.0.fabric.peer_dst.0.rx_bytes.response = 226240
stat.node.0.fabric.peer_dst.0.rx_pkts.response = 3535
stat.node.0.fabric.peer_dst.0.tx_bytes.response = 0
stat.node.0.fabric.peer_dst.0.tx_pkts.response = 0
stat.node.0.fabric.peer_dst.0.ingress_arrivals.response = 3535
stat.node.0.fabric.peer_dst.0.ingress_arrival_nonempty_packet_frac.response = 0.760679
stat.node.0.fabric.peer_dst.0.ingress_nonempty_arrival_pre_occ_avg_bytes.response = 165.676
stat.node.0.fabric.peer_dst.0.ingress_nonempty_arrival_pre_occ_max_bytes.response = 576
stat.node.0.fabric.peer_dst.0.ingress_wait_avg_cycles.response = 166.27
stat.node.0.fabric.peer_dst.0.ingress_queue_wait_avg_cycles.response = 21.2699
stat.node.0.fabric.peer_dst.0.ingress_queue_wait_after_nonempty_arrival_avg_cycles.response = 27.9617
stat.node.0.fabric.peer_dst.0.ingress_pre_occ_bucket.response.0 = 846
stat.node.0.fabric.peer_dst.0.ingress_queue_wait_bucket.response.0 = 1387
stat.node.0.fabric.peer_dst.0.ingress_pre_occ_bucket.response.1_64 = 819
stat.node.0.fabric.peer_dst.0.ingress_queue_wait_bucket.response.1_63 = 1877
stat.node.0.fabric.peer_dst.0.ingress_pre_occ_bucket.response.65_256 = 1543
stat.node.0.fabric.peer_dst.0.ingress_queue_wait_bucket.response.64_255 = 271
stat.node.0.fabric.peer_dst.0.ingress_pre_occ_bucket.response.257_1024 = 327
stat.node.0.fabric.peer_dst.0.ingress_queue_wait_bucket.response.256_1023 = 0
stat.node.0.fabric.peer_dst.0.ingress_pre_occ_bucket.response.1025_4096 = 0
stat.node.0.fabric.peer_dst.0.ingress_queue_wait_bucket.response.1024_4095 = 0
stat.node.0.fabric.peer_dst.0.ingress_pre_occ_bucket.response.4097_plus = 0
stat.node.0.fabric.peer_dst.0.ingress_queue_wait_bucket.response.4096_plus = 0
stat.node.0.fabric.tx_src.0.rx_bytes.demand_req = 0
stat.node.0.fabric.tx_src.0.rx_pkts.demand_req = 0
stat.node.0.fabric.tx_src.0.tx_bytes.demand_req = 28256
stat.node.0.fabric.tx_src.0.tx_pkts.demand_req = 3532
stat.node.0.fabric.tx_src.0.ingress_arrivals.demand_req = 0
stat.node.0.fabric.tx_src.0.ingress_arrival_nonempty_packet_frac.demand_req = 0
stat.node.0.fabric.tx_src.0.ingress_nonempty_arrival_pre_occ_avg_bytes.demand_req = 0
stat.node.0.fabric.tx_src.0.ingress_nonempty_arrival_pre_occ_max_bytes.demand_req = 0
stat.node.0.fabric.tx_src.0.ingress_wait_avg_cycles.demand_req = 0
stat.node.0.fabric.tx_src.0.ingress_queue_wait_avg_cycles.demand_req = 0
stat.node.0.fabric.tx_src.0.ingress_queue_wait_after_nonempty_arrival_avg_cycles.demand_req = 0
stat.node.0.fabric.tx_src.0.ingress_pre_occ_bucket.demand_req.0 = 0
stat.node.0.fabric.tx_src.0.ingress_queue_wait_bucket.demand_req.0 = 0
stat.node.0.fabric.tx_src.0.ingress_pre_occ_bucket.demand_req.1_64 = 0
stat.node.0.fabric.tx_src.0.ingress_queue_wait_bucket.demand_req.1_63 = 0
stat.node.0.fabric.tx_src.0.ingress_pre_occ_bucket.demand_req.65_256 = 0
stat.node.0.fabric.tx_src.0.ingress_queue_wait_bucket.demand_req.64_255 = 0
stat.node.0.fabric.tx_src.0.ingress_pre_occ_bucket.demand_req.257_1024 = 0
stat.node.0.fabric.tx_src.0.ingress_queue_wait_bucket.demand_req.256_1023 = 0
stat.node.0.fabric.tx_src.0.ingress_pre_occ_bucket.demand_req.1025_4096 = 0
stat.node.0.fabric.tx_src.0.ingress_queue_wait_bucket.demand_req.1024_4095 = 0
stat.node.0.fabric.tx_src.0.ingress_pre_occ_bucket.demand_req.4097_plus = 0
stat.node.0.fabric.tx_src.0.ingress_queue_wait_bucket.demand_req.4096_plus = 0
stat.node.0.fabric.tx_src.0.rx_bytes.write_req = 0
stat.node.0.fabric.tx_src.0.rx_pkts.write_req = 0
stat.node.0.fabric.tx_src.0.tx_bytes.write_req = 45824
stat.node.0.fabric.tx_src.0.tx_pkts.write_req = 716
stat.node.0.fabric.tx_src.0.ingress_arrivals.write_req = 0
stat.node.0.fabric.tx_src.0.ingress_arrival_nonempty_packet_frac.write_req = 0
stat.node.0.fabric.tx_src.0.ingress_nonempty_arrival_pre_occ_avg_bytes.write_req = 0
stat.node.0.fabric.tx_src.0.ingress_nonempty_arrival_pre_occ_max_bytes.write_req = 0
stat.node.0.fabric.tx_src.0.ingress_wait_avg_cycles.write_req = 0
stat.node.0.fabric.tx_src.0.ingress_queue_wait_avg_cycles.write_req = 0
stat.node.0.fabric.tx_src.0.ingress_queue_wait_after_nonempty_arrival_avg_cycles.write_req = 0
stat.node.0.fabric.tx_src.0.ingress_pre_occ_bucket.write_req.0 = 0
stat.node.0.fabric.tx_src.0.ingress_queue_wait_bucket.write_req.0 = 0
stat.node.0.fabric.tx_src.0.ingress_pre_occ_bucket.write_req.1_64 = 0
stat.node.0.fabric.tx_src.0.ingress_queue_wait_bucket.write_req.1_63 = 0
stat.node.0.fabric.tx_src.0.ingress_pre_occ_bucket.write_req.65_256 = 0
stat.node.0.fabric.tx_src.0.ingress_queue_wait_bucket.write_req.64_255 = 0
stat.node.0.fabric.tx_src.0.ingress_pre_occ_bucket.write_req.257_1024 = 0
stat.node.0.fabric.tx_src.0.ingress_queue_wait_bucket.write_req.256_1023 = 0
stat.node.0.fabric.tx_src.0.ingress_pre_occ_bucket.write_req.1025_4096 = 0
stat.node.0.fabric.tx_src.0.ingress_queue_wait_bucket.write_req.1024_4095 = 0
stat.node.0.fabric.tx_src.0.ingress_pre_occ_bucket.write_req.4097_plus = 0
stat.node.0.fabric.tx_src.0.ingress_queue_wait_bucket.write_req.4096_plus = 0
stat.node.0.fabric.tx_src.0.rx_bytes.other_req = 0
stat.node.0.fabric.tx_src.0.rx_pkts.other_req = 0
stat.node.0.fabric.tx_src.0.tx_bytes.other_req = 24
stat.node.0.fabric.tx_src.0.tx_pkts.other_req = 3
stat.node.0.fabric.tx_src.0.ingress_arrivals.other_req = 0
stat.node.0.fabric.tx_src.0.ingress_arrival_nonempty_packet_frac.other_req = 0
stat.node.0.fabric.tx_src.0.ingress_nonempty_arrival_pre_occ_avg_bytes.other_req = 0
stat.node.0.fabric.tx_src.0.ingress_nonempty_arrival_pre_occ_max_bytes.other_req = 0
stat.node.0.fabric.tx_src.0.ingress_wait_avg_cycles.other_req = 0
stat.node.0.fabric.tx_src.0.ingress_queue_wait_avg_cycles.other_req = 0
stat.node.0.fabric.tx_src.0.ingress_queue_wait_after_nonempty_arrival_avg_cycles.other_req = 0
stat.node.0.fabric.tx_src.0.ingress_pre_occ_bucket.other_req.0 = 0
stat.node.0.fabric.tx_src.0.ingress_queue_wait_bucket.other_req.0 = 0
stat.node.0.fabric.tx_src.0.ingress_pre_occ_bucket.other_req.1_64 = 0
stat.node.0.fabric.tx_src.0.ingress_queue_wait_bucket.other_req.1_63 = 0
stat.node.0.fabric.tx_src.0.ingress_pre_occ_bucket.other_req.65_256 = 0
stat.node.0.fabric.tx_src.0.ingress_queue_wait_bucket.other_req.64_255 = 0
stat.node.0.fabric.tx_src.0.ingress_pre_occ_bucket.other_req.257_1024 = 0
stat.node.0.fabric.tx_src.0.ingress_queue_wait_bucket.other_req.256_1023 = 0
stat.node.0.fabric.tx_src.0.ingress_pre_occ_bucket.other_req.1025_4096 = 0
stat.node.0.fabric.tx_src.0.ingress_queue_wait_bucket.other_req.1024_4095 = 0
stat.node.0.fabric.tx_src.0.ingress_pre_occ_bucket.other_req.4097_plus = 0
stat.node.0.fabric.tx_src.0.ingress_queue_wait_bucket.other_req.4096_plus = 0
stat.node.0.fabric.tx_dst.100.rx_bytes.demand_req = 0
stat.node.0.fabric.tx_dst.100.rx_pkts.demand_req = 0
stat.node.0.fabric.tx_dst.100.tx_bytes.demand_req = 28256
stat.node.0.fabric.tx_dst.100.tx_pkts.demand_req = 3532
stat.node.0.fabric.tx_dst.100.ingress_arrivals.demand_req = 0
stat.node.0.fabric.tx_dst.100.ingress_arrival_nonempty_packet_frac.demand_req = 0
stat.node.0.fabric.tx_dst.100.ingress_nonempty_arrival_pre_occ_avg_bytes.demand_req = 0
stat.node.0.fabric.tx_dst.100.ingress_nonempty_arrival_pre_occ_max_bytes.demand_req = 0
stat.node.0.fabric.tx_dst.100.ingress_wait_avg_cycles.demand_req = 0
stat.node.0.fabric.tx_dst.100.ingress_queue_wait_avg_cycles.demand_req = 0
stat.node.0.fabric.tx_dst.100.ingress_queue_wait_after_nonempty_arrival_avg_cycles.demand_req = 0
stat.node.0.fabric.tx_dst.100.ingress_pre_occ_bucket.demand_req.0 = 0
stat.node.0.fabric.tx_dst.100.ingress_queue_wait_bucket.demand_req.0 = 0
stat.node.0.fabric.tx_dst.100.ingress_pre_occ_bucket.demand_req.1_64 = 0
stat.node.0.fabric.tx_dst.100.ingress_queue_wait_bucket.demand_req.1_63 = 0
stat.node.0.fabric.tx_dst.100.ingress_pre_occ_bucket.demand_req.65_256 = 0
stat.node.0.fabric.tx_dst.100.ingress_queue_wait_bucket.demand_req.64_255 = 0
stat.node.0.fabric.tx_dst.100.ingress_pre_occ_bucket.demand_req.257_1024 = 0
stat.node.0.fabric.tx_dst.100.ingress_queue_wait_bucket.demand_req.256_1023 = 0
stat.node.0.fabric.tx_dst.100.ingress_pre_occ_bucket.demand_req.1025_4096 = 0
stat.node.0.fabric.tx_dst.100.ingress_queue_wait_bucket.demand_req.1024_4095 = 0
stat.node.0.fabric.tx_dst.100.ingress_pre_occ_bucket.demand_req.4097_plus = 0
stat.node.0.fabric.tx_dst.100.ingress_queue_wait_bucket.demand_req.4096_plus = 0
stat.node.0.fabric.tx_dst.100.rx_bytes.write_req = 0
stat.node.0.fabric.tx_dst.100.rx_pkts.write_req = 0
stat.node.0.fabric.tx_dst.100.tx_bytes.write_req = 45824
stat.node.0.fabric.tx_dst.100.tx_pkts.write_req = 716
stat.node.0.fabric.tx_dst.100.ingress_arrivals.write_req = 0
stat.node.0.fabric.tx_dst.100.ingress_arrival_nonempty_packet_frac.write_req = 0
stat.node.0.fabric.tx_dst.100.ingress_nonempty_arrival_pre_occ_avg_bytes.write_req = 0
stat.node.0.fabric.tx_dst.100.ingress_nonempty_arrival_pre_occ_max_bytes.write_req = 0
stat.node.0.fabric.tx_dst.100.ingress_wait_avg_cycles.write_req = 0
stat.node.0.fabric.tx_dst.100.ingress_queue_wait_avg_cycles.write_req = 0
stat.node.0.fabric.tx_dst.100.ingress_queue_wait_after_nonempty_arrival_avg_cycles.write_req = 0
stat.node.0.fabric.tx_dst.100.ingress_pre_occ_bucket.write_req.0 = 0
stat.node.0.fabric.tx_dst.100.ingress_queue_wait_bucket.write_req.0 = 0
stat.node.0.fabric.tx_dst.100.ingress_pre_occ_bucket.write_req.1_64 = 0
stat.node.0.fabric.tx_dst.100.ingress_queue_wait_bucket.write_req.1_63 = 0
stat.node.0.fabric.tx_dst.100.ingress_pre_occ_bucket.write_req.65_256 = 0
stat.node.0.fabric.tx_dst.100.ingress_queue_wait_bucket.write_req.64_255 = 0
stat.node.0.fabric.tx_dst.100.ingress_pre_occ_bucket.write_req.257_1024 = 0
stat.node.0.fabric.tx_dst.100.ingress_queue_wait_bucket.write_req.256_1023 = 0
stat.node.0.fabric.tx_dst.100.ingress_pre_occ_bucket.write_req.1025_4096 = 0
stat.node.0.fabric.tx_dst.100.ingress_queue_wait_bucket.write_req.1024_4095 = 0
stat.node.0.fabric.tx_dst.100.ingress_pre_occ_bucket.write_req.4097_plus = 0
stat.node.0.fabric.tx_dst.100.ingress_queue_wait_bucket.write_req.4096_plus = 0
stat.node.0.fabric.tx_dst.100.rx_bytes.other_req = 0
stat.node.0.fabric.tx_dst.100.rx_pkts.other_req = 0
stat.node.0.fabric.tx_dst.100.tx_bytes.other_req = 24
stat.node.0.fabric.tx_dst.100.tx_pkts.other_req = 3
stat.node.0.fabric.tx_dst.100.ingress_arrivals.other_req = 0
stat.node.0.fabric.tx_dst.100.ingress_arrival_nonempty_packet_frac.other_req = 0
stat.node.0.fabric.tx_dst.100.ingress_nonempty_arrival_pre_occ_avg_bytes.other_req = 0
stat.node.0.fabric.tx_dst.100.ingress_nonempty_arrival_pre_occ_max_bytes.other_req = 0
stat.node.0.fabric.tx_dst.100.ingress_wait_avg_cycles.other_req = 0
stat.node.0.fabric.tx_dst.100.ingress_queue_wait_avg_cycles.other_req = 0
stat.node.0.fabric.tx_dst.100.ingress_queue_wait_after_nonempty_arrival_avg_cycles.other_req = 0
stat.node.0.fabric.tx_dst.100.ingress_pre_occ_bucket.other_req.0 = 0
stat.node.0.fabric.tx_dst.100.ingress_queue_wait_bucket.other_req.0 = 0
stat.node.0.fabric.tx_dst.100.ingress_pre_occ_bucket.other_req.1_64 = 0
stat.node.0.fabric.tx_dst.100.ingress_queue_wait_bucket.other_req.1_63 = 0
stat.node.0.fabric.tx_dst.100.ingress_pre_occ_bucket.other_req.65_256 = 0
stat.node.0.fabric.tx_dst.100.ingress_queue_wait_bucket.other_req.64_255 = 0
stat.node.0.fabric.tx_dst.100.ingress_pre_occ_bucket.other_req.257_1024 = 0
stat.node.0.fabric.tx_dst.100.ingress_queue_wait_bucket.other_req.256_1023 = 0
stat.node.0.fabric.tx_dst.100.ingress_pre_occ_bucket.other_req.1025_4096 = 0
stat.node.0.fabric.tx_dst.100.ingress_queue_wait_bucket.other_req.1024_4095 = 0
stat.node.0.fabric.tx_dst.100.ingress_pre_occ_bucket.other_req.4097_plus = 0
stat.node.0.fabric.tx_dst.100.ingress_queue_wait_bucket.other_req.4096_plus = 0
stat.node.0.walltime_s = 163.827
stat.node.0.active_time_s = 149.286
stat.pool.100.util.mem_avg = 0.0449624
stat.pool.100.util.req_link_avg = 0.0765772
stat.pool.100.memq.demand.completed = 3532
stat.pool.100.memq.demand.response_completed = 3532
stat.pool.100.memq.demand.queue_wait_avg_cycles = 1.23924
stat.pool.100.memq.demand.queue_wait_max_cycles = 6
stat.pool.100.memq.demand.service_avg_cycles = 75
stat.pool.100.memq.demand.service_max_cycles = 75
stat.pool.100.memq.demand.total_avg_cycles = 76.2392
stat.pool.100.memq.demand.total_max_cycles = 81
stat.pool.100.memq.demand.ahead_pkts_avg.load = 1.30719
stat.pool.100.memq.demand.ahead_pkts_max.load = 7
stat.pool.100.memq.demand.ahead_bytes_avg.load = 1.30719
stat.pool.100.memq.demand.ahead_bytes_max.load = 7
stat.pool.100.memq.demand.ahead_pkts_avg.rfo = 0.432616
stat.pool.100.memq.demand.ahead_pkts_max.rfo = 4
stat.pool.100.memq.demand.ahead_bytes_avg.rfo = 0.432616
stat.pool.100.memq.demand.ahead_bytes_max.rfo = 4
stat.pool.100.memq.demand.ahead_pkts_avg.write = 0.377407
stat.pool.100.memq.demand.ahead_pkts_max.write = 3
stat.pool.100.memq.demand.ahead_bytes_avg.write = 0.377407
stat.pool.100.memq.demand.ahead_bytes_max.write = 3
stat.pool.100.memq.demand.ahead_pkts_avg.other = 0.00198188
stat.pool.100.memq.demand.ahead_pkts_max.other = 1
stat.pool.100.memq.demand.ahead_bytes_avg.other = 0.00198188
stat.pool.100.memq.demand.ahead_bytes_max.other = 1
stat.pool.100.memq.demand.queue_wait_bucket.0 = 0
stat.pool.100.memq.demand.service_bucket.0 = 0
stat.pool.100.memq.demand.total_bucket.0 = 0
stat.pool.100.memq.demand.ahead_total_pkts_bucket.0 = 556
stat.pool.100.memq.demand.ahead_total_bytes_bucket.0 = 556
stat.pool.100.memq.demand.queue_wait_bucket.1_63 = 3532
stat.pool.100.memq.demand.service_bucket.1_63 = 0
stat.pool.100.memq.demand.total_bucket.1_63 = 0
stat.pool.100.memq.demand.ahead_total_pkts_bucket.1 = 892
stat.pool.100.memq.demand.ahead_total_bytes_bucket.1_64 = 2976
stat.pool.100.memq.demand.queue_wait_bucket.64_255 = 0
stat.pool.100.memq.demand.service_bucket.64_255 = 3532
stat.pool.100.memq.demand.total_bucket.64_255 = 3532
stat.pool.100.memq.demand.ahead_total_pkts_bucket.2 = 814
stat.pool.100.memq.demand.ahead_total_bytes_bucket.65_256 = 0
stat.pool.100.memq.demand.queue_wait_bucket.256_1023 = 0
stat.pool.100.memq.demand.service_bucket.256_1023 = 0
stat.pool.100.memq.demand.total_bucket.256_1023 = 0
stat.pool.100.memq.demand.ahead_total_pkts_bucket.3_4 = 958
stat.pool.100.memq.demand.ahead_total_bytes_bucket.257_1024 = 0
stat.pool.100.memq.demand.queue_wait_bucket.1024_4095 = 0
stat.pool.100.memq.demand.service_bucket.1024_4095 = 0
stat.pool.100.memq.demand.total_bucket.1024_4095 = 0
stat.pool.100.memq.demand.ahead_total_pkts_bucket.5_8 = 311
stat.pool.100.memq.demand.ahead_total_bytes_bucket.1025_4096 = 0
stat.pool.100.memq.demand.queue_wait_bucket.4096_plus = 0
stat.pool.100.memq.demand.service_bucket.4096_plus = 0
stat.pool.100.memq.demand.total_bucket.4096_plus = 0
stat.pool.100.memq.demand.ahead_total_pkts_bucket.9_plus = 1
stat.pool.100.memq.demand.ahead_total_bytes_bucket.4097_plus = 0
stat.pool.100.memq.queue_occ_avg_reqs = 0.854628
stat.pool.100.memq.queue_occ_stddev_reqs = 1.41811
stat.pool.100.memq.queue_occ_max_reqs = 10
stat.pool.100.memq.queue_occ_nonempty_frac = 0.373433
stat.pool.100.memq.enqueue_burst_avg_pkts = 1
stat.pool.100.memq.enqueue_burst_stddev_pkts = 0
stat.pool.100.memq.enqueue_burst_max_pkts = 1
stat.pool.100.memq.complete_burst_avg_pkts = 1
stat.pool.100.memq.complete_burst_stddev_pkts = 0
stat.pool.100.memq.complete_burst_max_pkts = 1
stat.pool.100.memq.queue_episode.count = 1011
stat.pool.100.memq.queue_episode.avg_cycles = 139.722
stat.pool.100.memq.queue_episode.max_cycles = 326
stat.pool.100.memq.queue_episode.avg_peak_occ_reqs = 3.61523
stat.pool.100.memq.queue_episode.max_peak_occ_reqs = 10
stat.pool.100.memq.queue_episode.avg_enqueue_pkts = 4.20574
stat.pool.100.memq.queue_episode.max_enqueue_pkts = 13
stat.pool.100.memq.queue_episode.avg_complete_pkts = 4.10287
stat.pool.100.memq.queue_episode.max_complete_pkts = 13
stat.pool.100.memq.queue_occ_bucket.0 = 237012
stat.pool.100.memq.enqueue_burst_bucket.0 = 0
stat.pool.100.memq.complete_burst_bucket.0 = 0
stat.pool.100.memq.queue_occ_bucket.1 = 55545
stat.pool.100.memq.enqueue_burst_bucket.1 = 4252
stat.pool.100.memq.complete_burst_bucket.1 = 4252
stat.pool.100.memq.queue_occ_bucket.2 = 36428
stat.pool.100.memq.enqueue_burst_bucket.2 = 0
stat.pool.100.memq.complete_burst_bucket.2 = 0
stat.pool.100.memq.queue_occ_bucket.3_4 = 36342
stat.pool.100.memq.enqueue_burst_bucket.3_4 = 0
stat.pool.100.memq.complete_burst_bucket.3_4 = 0
stat.pool.100.memq.queue_occ_bucket.5_8 = 12865
stat.pool.100.memq.enqueue_burst_bucket.5_8 = 0
stat.pool.100.memq.complete_burst_bucket.5_8 = 0
stat.pool.100.memq.queue_occ_bucket.9_plus = 79
stat.pool.100.memq.enqueue_burst_bucket.9_plus = 0
stat.pool.100.memq.complete_burst_bucket.9_plus = 0
stat.pool.100.memq.queue_occ_avg_reqs.load = 0.572819
stat.pool.100.memq.queue_occ_max_reqs.load = 8
stat.pool.100.memq.enqueue_burst_avg_pkts.load = 0.668391
stat.pool.100.memq.enqueue_burst_max_pkts.load = 1
stat.pool.100.memq.complete_burst_avg_pkts.load = 0.668391
stat.pool.100.memq.complete_burst_max_pkts.load = 1
stat.pool.100.memq.queue_occ_avg_reqs.rfo = 0.139043
stat.pool.100.memq.queue_occ_max_reqs.rfo = 4
stat.pool.100.memq.enqueue_burst_avg_pkts.rfo = 0.162277
stat.pool.100.memq.enqueue_burst_max_pkts.rfo = 1
stat.pool.100.memq.complete_burst_avg_pkts.rfo = 0.162277
stat.pool.100.memq.complete_burst_max_pkts.rfo = 1
stat.pool.100.memq.queue_occ_avg_reqs.write = 0.14216
stat.pool.100.memq.queue_occ_max_reqs.write = 3
stat.pool.100.memq.enqueue_burst_avg_pkts.write = 0.168627
stat.pool.100.memq.enqueue_burst_max_pkts.write = 1
stat.pool.100.memq.complete_burst_avg_pkts.write = 0.168627
stat.pool.100.memq.complete_burst_max_pkts.write = 1
stat.pool.100.memq.queue_occ_avg_reqs.other = 0.000605386
stat.pool.100.memq.queue_occ_max_reqs.other = 1
stat.pool.100.memq.enqueue_burst_avg_pkts.other = 0.00070555
stat.pool.100.memq.enqueue_burst_max_pkts.other = 1
stat.pool.100.memq.complete_burst_avg_pkts.other = 0.00070555
stat.pool.100.memq.complete_burst_max_pkts.other = 1
stat.pool.100.memq.load.completed = 2842
stat.pool.100.memq.load.response_completed = 2842
stat.pool.100.memq.load.queue_wait_avg_cycles = 1.24243
stat.pool.100.memq.load.queue_wait_max_cycles = 6
stat.pool.100.memq.load.service_avg_cycles = 75
stat.pool.100.memq.load.service_max_cycles = 75
stat.pool.100.memq.load.total_avg_cycles = 76.2424
stat.pool.100.memq.load.total_max_cycles = 81
stat.pool.100.memq.load.ahead_pkts_avg.load = 1.38811
stat.pool.100.memq.load.ahead_pkts_max.load = 7
stat.pool.100.memq.load.ahead_bytes_avg.load = 1.38811
stat.pool.100.memq.load.ahead_bytes_max.load = 7
stat.pool.100.memq.load.ahead_pkts_avg.rfo = 0.452146
stat.pool.100.memq.load.ahead_pkts_max.rfo = 4
stat.pool.100.memq.load.ahead_bytes_avg.rfo = 0.452146
stat.pool.100.memq.load.ahead_bytes_max.rfo = 4
stat.pool.100.memq.load.ahead_pkts_avg.write = 0.363828
stat.pool.100.memq.load.ahead_pkts_max.write = 3
stat.pool.100.memq.load.ahead_bytes_avg.write = 0.363828
stat.pool.100.memq.load.ahead_bytes_max.write = 3
stat.pool.100.memq.load.ahead_pkts_avg.other = 0.00211119
stat.pool.100.memq.load.ahead_pkts_max.other = 1
stat.pool.100.memq.load.ahead_bytes_avg.other = 0.00211119
stat.pool.100.memq.load.ahead_bytes_max.other = 1
stat.pool.100.memq.load.queue_wait_bucket.0 = 0
stat.pool.100.memq.load.service_bucket.0 = 0
stat.pool.100.memq.load.total_bucket.0 = 0
stat.pool.100.memq.load.ahead_total_pkts_bucket.0 = 417
stat.pool.100.memq.load.ahead_total_bytes_bucket.0 = 417
stat.pool.100.memq.load.queue_wait_bucket.1_63 = 2842
stat.pool.100.memq.load.service_bucket.1_63 = 0
stat.pool.100.memq.load.total_bucket.1_63 = 0
stat.pool.100.memq.load.ahead_total_pkts_bucket.1 = 696
stat.pool.100.memq.load.ahead_total_bytes_bucket.1_64 = 2425
stat.pool.100.memq.load.queue_wait_bucket.64_255 = 0
stat.pool.100.memq.load.service_bucket.64_255 = 2842
stat.pool.100.memq.load.total_bucket.64_255 = 2842
stat.pool.100.memq.load.ahead_total_pkts_bucket.2 = 636
stat.pool.100.memq.load.ahead_total_bytes_bucket.65_256 = 0
stat.pool.100.memq.load.queue_wait_bucket.256_1023 = 0
stat.pool.100.memq.load.service_bucket.256_1023 = 0
stat.pool.100.memq.load.total_bucket.256_1023 = 0
stat.pool.100.memq.load.ahead_total_pkts_bucket.3_4 = 814
stat.pool.100.memq.load.ahead_total_bytes_bucket.257_1024 = 0
stat.pool.100.memq.load.queue_wait_bucket.1024_4095 = 0
stat.pool.100.memq.load.service_bucket.1024_4095 = 0
stat.pool.100.memq.load.total_bucket.1024_4095 = 0
stat.pool.100.memq.load.ahead_total_pkts_bucket.5_8 = 278
stat.pool.100.memq.load.ahead_total_bytes_bucket.1025_4096 = 0
stat.pool.100.memq.load.queue_wait_bucket.4096_plus = 0
stat.pool.100.memq.load.service_bucket.4096_plus = 0
stat.pool.100.memq.load.total_bucket.4096_plus = 0
stat.pool.100.memq.load.ahead_total_pkts_bucket.9_plus = 1
stat.pool.100.memq.load.ahead_total_bytes_bucket.4097_plus = 0
stat.pool.100.respq.load.attempted = 2842
stat.pool.100.respq.load.completed = 2842
stat.pool.100.respq.load.blocked = 0
stat.pool.100.respq.load.wait_avg_cycles = 0
stat.pool.100.respq.load.wait_max_cycles = 0
stat.pool.100.memq.rfo.completed = 690
stat.pool.100.memq.rfo.response_completed = 690
stat.pool.100.memq.rfo.queue_wait_avg_cycles = 1.22609
stat.pool.100.memq.rfo.queue_wait_max_cycles = 5
stat.pool.100.memq.rfo.service_avg_cycles = 75
stat.pool.100.memq.rfo.service_max_cycles = 75
stat.pool.100.memq.rfo.total_avg_cycles = 76.2261
stat.pool.100.memq.rfo.total_max_cycles = 80
stat.pool.100.memq.rfo.ahead_pkts_avg.load = 0.973913
stat.pool.100.memq.rfo.ahead_pkts_max.load = 5
stat.pool.100.memq.rfo.ahead_bytes_avg.load = 0.973913
stat.pool.100.memq.rfo.ahead_bytes_max.load = 5
stat.pool.100.memq.rfo.ahead_pkts_avg.rfo = 0.352174
stat.pool.100.memq.rfo.ahead_pkts_max.rfo = 3
stat.pool.100.memq.rfo.ahead_bytes_avg.rfo = 0.352174
stat.pool.100.memq.rfo.ahead_bytes_max.rfo = 3
stat.pool.100.memq.rfo.ahead_pkts_avg.write = 0.433333
stat.pool.100.memq.rfo.ahead_pkts_max.write = 3
stat.pool.100.memq.rfo.ahead_bytes_avg.write = 0.433333
stat.pool.100.memq.rfo.ahead_bytes_max.write = 3
stat.pool.100.memq.rfo.ahead_pkts_avg.other = 0.00144928
stat.pool.100.memq.rfo.ahead_pkts_max.other = 1
stat.pool.100.memq.rfo.ahead_bytes_avg.other = 0.00144928
stat.pool.100.memq.rfo.ahead_bytes_max.other = 1
stat.pool.100.memq.rfo.queue_wait_bucket.0 = 0
stat.pool.100.memq.rfo.service_bucket.0 = 0
stat.pool.100.memq.rfo.total_bucket.0 = 0
stat.pool.100.memq.rfo.ahead_total_pkts_bucket.0 = 139
stat.pool.100.memq.rfo.ahead_total_bytes_bucket.0 = 139
stat.pool.100.memq.rfo.queue_wait_bucket.1_63 = 690
stat.pool.100.memq.rfo.service_bucket.1_63 = 0
stat.pool.100.memq.rfo.total_bucket.1_63 = 0
stat.pool.100.memq.rfo.ahead_total_pkts_bucket.1 = 196
stat.pool.100.memq.rfo.ahead_total_bytes_bucket.1_64 = 551
stat.pool.100.memq.rfo.queue_wait_bucket.64_255 = 0
stat.pool.100.memq.rfo.service_bucket.64_255 = 690
stat.pool.100.memq.rfo.total_bucket.64_255 = 690
stat.pool.100.memq.rfo.ahead_total_pkts_bucket.2 = 178
stat.pool.100.memq.rfo.ahead_total_bytes_bucket.65_256 = 0
stat.pool.100.memq.rfo.queue_wait_bucket.256_1023 = 0
stat.pool.100.memq.rfo.service_bucket.256_1023 = 0
stat.pool.100.memq.rfo.total_bucket.256_1023 = 0
stat.pool.100.memq.rfo.ahead_total_pkts_bucket.3_4 = 144
stat.pool.100.memq.rfo.ahead_total_bytes_bucket.257_1024 = 0
stat.pool.100.memq.rfo.queue_wait_bucket.1024_4095 = 0
stat.pool.100.memq.rfo.service_bucket.1024_4095 = 0
stat.pool.100.memq.rfo.total_bucket.1024_4095 = 0
stat.pool.100.memq.rfo.ahead_total_pkts_bucket.5_8 = 33
stat.pool.100.memq.rfo.ahead_total_bytes_bucket.1025_4096 = 0
stat.pool.100.memq.rfo.queue_wait_bucket.4096_plus = 0
stat.pool.100.memq.rfo.service_bucket.4096_plus = 0
stat.pool.100.memq.rfo.total_bucket.4096_plus = 0
stat.pool.100.memq.rfo.ahead_total_pkts_bucket.9_plus = 0
stat.pool.100.memq.rfo.ahead_total_bytes_bucket.4097_plus = 0
stat.pool.100.respq.rfo.attempted = 690
stat.pool.100.respq.rfo.completed = 690
stat.pool.100.respq.rfo.blocked = 0
stat.pool.100.respq.rfo.wait_avg_cycles = 0
stat.pool.100.respq.rfo.wait_max_cycles = 0
stat.pool.100.memq.write.completed = 717
stat.pool.100.memq.write.response_completed = 0
stat.pool.100.memq.write.queue_wait_avg_cycles = 1
stat.pool.100.memq.write.queue_wait_max_cycles = 1
stat.pool.100.memq.write.service_avg_cycles = 75
stat.pool.100.memq.write.service_max_cycles = 75
stat.pool.100.memq.write.total_avg_cycles = 76
stat.pool.100.memq.write.total_max_cycles = 76
stat.pool.100.memq.write.ahead_pkts_avg.load = 0.202232
stat.pool.100.memq.write.ahead_pkts_max.load = 5
stat.pool.100.memq.write.ahead_bytes_avg.load = 0.202232
stat.pool.100.memq.write.ahead_bytes_max.load = 5
stat.pool.100.memq.write.ahead_pkts_avg.rfo = 0.0460251
stat.pool.100.memq.write.ahead_pkts_max.rfo = 3
stat.pool.100.memq.write.ahead_bytes_avg.rfo = 0.0460251
stat.pool.100.memq.write.ahead_bytes_max.rfo = 3
stat.pool.100.memq.write.ahead_pkts_avg.write = 0.316597
stat.pool.100.memq.write.ahead_pkts_max.write = 3
stat.pool.100.memq.write.ahead_bytes_avg.write = 0.316597
stat.pool.100.memq.write.ahead_bytes_max.write = 3
stat.pool.100.memq.write.ahead_pkts_avg.other = 0
stat.pool.100.memq.write.ahead_pkts_max.other = 0
stat.pool.100.memq.write.ahead_bytes_avg.other = 0
stat.pool.100.memq.write.ahead_bytes_max.other = 0
stat.pool.100.memq.write.queue_wait_bucket.0 = 0
stat.pool.100.memq.write.service_bucket.0 = 0
stat.pool.100.memq.write.total_bucket.0 = 0
stat.pool.100.memq.write.ahead_total_pkts_bucket.0 = 457
stat.pool.100.memq.write.ahead_total_bytes_bucket.0 = 457
stat.pool.100.memq.write.queue_wait_bucket.1_63 = 717
stat.pool.100.memq.write.service_bucket.1_63 = 0
stat.pool.100.memq.write.total_bucket.1_63 = 0
stat.pool.100.memq.write.ahead_total_pkts_bucket.1 = 166
stat.pool.100.memq.write.ahead_total_bytes_bucket.1_64 = 260
stat.pool.100.memq.write.queue_wait_bucket.64_255 = 0
stat.pool.100.memq.write.service_bucket.64_255 = 717
stat.pool.100.memq.write.total_bucket.64_255 = 717
stat.pool.100.memq.write.ahead_total_pkts_bucket.2 = 56
stat.pool.100.memq.write.ahead_total_bytes_bucket.65_256 = 0
stat.pool.100.memq.write.queue_wait_bucket.256_1023 = 0
stat.pool.100.memq.write.service_bucket.256_1023 = 0
stat.pool.100.memq.write.total_bucket.256_1023 = 0
stat.pool.100.memq.write.ahead_total_pkts_bucket.3_4 = 36
stat.pool.100.memq.write.ahead_total_bytes_bucket.257_1024 = 0
stat.pool.100.memq.write.queue_wait_bucket.1024_4095 = 0
stat.pool.100.memq.write.service_bucket.1024_4095 = 0
stat.pool.100.memq.write.total_bucket.1024_4095 = 0
stat.pool.100.memq.write.ahead_total_pkts_bucket.5_8 = 2
stat.pool.100.memq.write.ahead_total_bytes_bucket.1025_4096 = 0
stat.pool.100.memq.write.queue_wait_bucket.4096_plus = 0
stat.pool.100.memq.write.service_bucket.4096_plus = 0
stat.pool.100.memq.write.total_bucket.4096_plus = 0
stat.pool.100.memq.write.ahead_total_pkts_bucket.9_plus = 0
stat.pool.100.memq.write.ahead_total_bytes_bucket.4097_plus = 0
stat.pool.100.respq.write.attempted = 0
stat.pool.100.respq.write.completed = 0
stat.pool.100.respq.write.blocked = 0
stat.pool.100.respq.write.wait_avg_cycles = 0
stat.pool.100.respq.write.wait_max_cycles = 0
stat.pool.100.memq.other.completed = 3
stat.pool.100.memq.other.response_completed = 3
stat.pool.100.memq.other.queue_wait_avg_cycles = 1.33333
stat.pool.100.memq.other.queue_wait_max_cycles = 2
stat.pool.100.memq.other.service_avg_cycles = 75
stat.pool.100.memq.other.service_max_cycles = 75
stat.pool.100.memq.other.total_avg_cycles = 76.3333
stat.pool.100.memq.other.total_max_cycles = 77
stat.pool.100.memq.other.ahead_pkts_avg.load = 0.333333
stat.pool.100.memq.other.ahead_pkts_max.load = 1
stat.pool.100.memq.other.ahead_bytes_avg.load = 0.333333
stat.pool.100.memq.other.ahead_bytes_max.load = 1
stat.pool.100.memq.other.ahead_pkts_avg.rfo = 0.666667
stat.pool.100.memq.other.ahead_pkts_max.rfo = 1
stat.pool.100.memq.other.ahead_bytes_avg.rfo = 0.666667
stat.pool.100.memq.other.ahead_bytes_max.rfo = 1
stat.pool.100.memq.other.ahead_pkts_avg.write = 0.666667
stat.pool.100.memq.other.ahead_pkts_max.write = 1
stat.pool.100.memq.other.ahead_bytes_avg.write = 0.666667
stat.pool.100.memq.other.ahead_bytes_max.write = 1
stat.pool.100.memq.other.ahead_pkts_avg.other = 0
stat.pool.100.memq.other.ahead_pkts_max.other = 0
stat.pool.100.memq.other.ahead_bytes_avg.other = 0
stat.pool.100.memq.other.ahead_bytes_max.other = 0
stat.pool.100.memq.other.queue_wait_bucket.0 = 0
stat.pool.100.memq.other.service_bucket.0 = 0
stat.pool.100.memq.other.total_bucket.0 = 0
stat.pool.100.memq.other.ahead_total_pkts_bucket.0 = 0
stat.pool.100.memq.other.ahead_total_bytes_bucket.0 = 0
stat.pool.100.memq.other.queue_wait_bucket.1_63 = 3
stat.pool.100.memq.other.service_bucket.1_63 = 0
stat.pool.100.memq.other.total_bucket.1_63 = 0
stat.pool.100.memq.other.ahead_total_pkts_bucket.1 = 2
stat.pool.100.memq.other.ahead_total_bytes_bucket.1_64 = 3
stat.pool.100.memq.other.queue_wait_bucket.64_255 = 0
stat.pool.100.memq.other.service_bucket.64_255 = 3
stat.pool.100.memq.other.total_bucket.64_255 = 3
stat.pool.100.memq.other.ahead_total_pkts_bucket.2 = 0
stat.pool.100.memq.other.ahead_total_bytes_bucket.65_256 = 0
stat.pool.100.memq.other.queue_wait_bucket.256_1023 = 0
stat.pool.100.memq.other.service_bucket.256_1023 = 0
stat.pool.100.memq.other.total_bucket.256_1023 = 0
stat.pool.100.memq.other.ahead_total_pkts_bucket.3_4 = 1
stat.pool.100.memq.other.ahead_total_bytes_bucket.257_1024 = 0
stat.pool.100.memq.other.queue_wait_bucket.1024_4095 = 0
stat.pool.100.memq.other.service_bucket.1024_4095 = 0
stat.pool.100.memq.other.total_bucket.1024_4095 = 0
stat.pool.100.memq.other.ahead_total_pkts_bucket.5_8 = 0
stat.pool.100.memq.other.ahead_total_bytes_bucket.1025_4096 = 0
stat.pool.100.memq.other.queue_wait_bucket.4096_plus = 0
stat.pool.100.memq.other.service_bucket.4096_plus = 0
stat.pool.100.memq.other.total_bucket.4096_plus = 0
stat.pool.100.memq.other.ahead_total_pkts_bucket.9_plus = 0
stat.pool.100.memq.other.ahead_total_bytes_bucket.4097_plus = 0
stat.pool.100.respq.other.attempted = 3
stat.pool.100.respq.other.completed = 3
stat.pool.100.respq.other.blocked = 0
stat.pool.100.respq.other.wait_avg_cycles = 0
stat.pool.100.respq.other.wait_max_cycles = 0
stat.pool.100.response.returned_burst_max_pkts = 1
stat.pool.100.response.returned_burst_avg_pkts = 1
stat.pool.100.response.returned_burst_stddev_pkts = 0
stat.pool.100.response.returned_nonempty_frac = 0.00934518
stat.pool.100.response.sent_burst_max_pkts = 1
stat.pool.100.response.sent_burst_avg_pkts = 1
stat.pool.100.response.sent_burst_stddev_pkts = 0
stat.pool.100.response.sent_nonempty_frac = 0.00934518
stat.pool.100.response.blocked_cycles = 0
stat.pool.100.response.blocked_avg_pending_pkts = 0
stat.pool.100.response.blocked_max_pending_pkts = 0
stat.pool.100.response.returned_occ_avg_pkts = 0.00934515
stat.pool.100.response.returned_occ_stddev_pkts = 0.0962176
stat.pool.100.response.returned_occ_max_pkts = 1
stat.pool.100.response.pending_occ_avg = 0.712468
stat.pool.100.response.pending_occ_stddev = 1.33123
stat.pool.100.response.pending_occ_max = 9
stat.pool.100.request.accept_src.distinct_avg = 1
stat.pool.100.request.accept_src.distinct_max = 1
stat.pool.100.request.accept_src.nonempty_frac = 0.0112406
stat.pool.100.request.blocked_src.distinct_avg = 0
stat.pool.100.request.blocked_src.distinct_max = 0
stat.pool.100.request.blocked_src.nonempty_frac = 0
stat.pool.100.pending.src.distinct_avg = 1
stat.pool.100.pending.src.distinct_max = 1
stat.pool.100.pending.src.nonempty_frac = 0.308314
stat.pool.100.pending.ready_src.distinct_avg = 1
stat.pool.100.pending.ready_src.distinct_max = 1
stat.pool.100.pending.ready_src.nonempty_frac = 0.00934518
stat.pool.100.response.ready_src.distinct_avg = 1
stat.pool.100.response.ready_src.distinct_max = 1
stat.pool.100.response.ready_src.nonempty_frac = 0.00934518
stat.pool.100.response.sent_dst.distinct_avg = 1
stat.pool.100.response.sent_dst.distinct_max = 1
stat.pool.100.response.sent_dst.nonempty_frac = 0.00934518
stat.pool.100.pending_episode.count = 948
stat.pool.100.pending_episode.avg_cycles = 123.023
stat.pool.100.pending_episode.max_cycles = 228
stat.pool.100.pending_episode.avg_peak_occ = 3.47046
stat.pool.100.pending_episode.max_peak_occ = 9
stat.pool.100.pending_episode.avg_accepted = 3.83861
stat.pool.100.pending_episode.max_accepted = 11
stat.pool.100.pending_episode.avg_sent = 3.7289
stat.pool.100.pending_episode.max_sent = 10
stat.pool.100.pending_episode.avg_pending_distinct_src = 1
stat.pool.100.pending_episode.max_pending_distinct_src = 1
stat.pool.100.pending_episode.avg_ready_distinct_src = 1
stat.pool.100.pending_episode.max_ready_distinct_src = 1
stat.pool.100.pending_episode.avg_sent_distinct_dst = 1
stat.pool.100.pending_episode.max_sent_distinct_dst = 1
stat.pool.100.response.returned_episode.count = 3535
stat.pool.100.response.returned_episode.avg_cycles = 1
stat.pool.100.response.returned_episode.max_cycles = 1
stat.pool.100.response.returned_episode.avg_peak_occ = 1
stat.pool.100.response.returned_episode.max_peak_occ = 1
stat.pool.100.response.returned_episode.avg_sent = 1
stat.pool.100.response.returned_episode.max_sent = 1
stat.pool.100.response.returned_episode.avg_ready_distinct_src = 1
stat.pool.100.response.returned_episode.max_ready_distinct_src = 1
stat.pool.100.response.returned_episode.avg_sent_distinct_dst = 1
stat.pool.100.response.returned_episode.max_sent_distinct_dst = 1
stat.pool.100.node.0.pending_occ_avg = 0.71247
stat.pool.100.node.0.pending_occ_max = 9
stat.pool.100.node.0.ready_occ_avg = 0.00934518
stat.pool.100.node.0.ready_occ_max = 1
stat.pool.100.node.0.pending_age_avg_cycles = 37.622
stat.pool.100.node.0.pending_age_max_cycles = 80
stat.pool.100.node.0.ready_age_avg_cycles = 0
stat.pool.100.node.0.ready_age_max_cycles = 0
stat.pool.100.node.0.request_enqueued.load = 2842
stat.pool.100.node.0.request_blocked.load = 0
stat.pool.100.node.0.response_ready.load = 2842
stat.pool.100.node.0.response_sent.load = 2842
stat.pool.100.node.0.response_blocked.load = 0
stat.pool.100.node.0.pending_occ_avg.load = 0.572821
stat.pool.100.node.0.pending_occ_max.load = 8
stat.pool.100.node.0.ready_occ_avg.load = 0.00751315
stat.pool.100.node.0.ready_occ_max.load = 1
stat.pool.100.node.0.mem_ready_avg_cycles.load = 75.2424
stat.pool.100.node.0.mem_ready_max_cycles.load = 80
stat.pool.100.node.0.response_wait_avg_cycles.load = 0
stat.pool.100.node.0.response_wait_max_cycles.load = 0
stat.pool.100.node.0.request_enqueue_gap_avg_cycles.load = 133.004
stat.pool.100.node.0.request_enqueue_gap_max_cycles.load = 616
stat.pool.100.node.0.response_ready_gap_avg_cycles.load = 133.004
stat.pool.100.node.0.response_ready_gap_max_cycles.load = 616
stat.pool.100.node.0.response_sent_gap_avg_cycles.load = 133.004
stat.pool.100.node.0.response_sent_gap_max_cycles.load = 616
stat.pool.100.node.0.total_turnaround_avg_cycles.load = 75.2424
stat.pool.100.node.0.total_turnaround_max_cycles.load = 80
stat.pool.100.node.0.request_enqueued.rfo = 690
stat.pool.100.node.0.request_blocked.rfo = 0
stat.pool.100.node.0.response_ready.rfo = 690
stat.pool.100.node.0.response_sent.rfo = 690
stat.pool.100.node.0.response_blocked.rfo = 0
stat.pool.100.node.0.pending_occ_avg.rfo = 0.139044
stat.pool.100.node.0.pending_occ_max.rfo = 4
stat.pool.100.node.0.ready_occ_avg.rfo = 0.00182409
stat.pool.100.node.0.ready_occ_max.rfo = 1
stat.pool.100.node.0.mem_ready_avg_cycles.rfo = 75.2261
stat.pool.100.node.0.mem_ready_max_cycles.rfo = 79
stat.pool.100.node.0.response_wait_avg_cycles.rfo = 0
stat.pool.100.node.0.response_wait_max_cycles.rfo = 0
stat.pool.100.node.0.request_enqueue_gap_avg_cycles.rfo = 547.078
stat.pool.100.node.0.request_enqueue_gap_max_cycles.rfo = 3237
stat.pool.100.node.0.response_ready_gap_avg_cycles.rfo = 547.077
stat.pool.100.node.0.response_ready_gap_max_cycles.rfo = 3236
stat.pool.100.node.0.response_sent_gap_avg_cycles.rfo = 547.077
stat.pool.100.node.0.response_sent_gap_max_cycles.rfo = 3236
stat.pool.100.node.0.total_turnaround_avg_cycles.rfo = 75.2261
stat.pool.100.node.0.total_turnaround_max_cycles.rfo = 79
stat.pool.100.node.0.request_enqueued.write = 717
stat.pool.100.node.0.request_blocked.write = 0
stat.pool.100.node.0.response_ready.write = 0
stat.pool.100.node.0.response_sent.write = 0
stat.pool.100.node.0.response_blocked.write = 0
stat.pool.100.node.0.pending_occ_avg.write = 0
stat.pool.100.node.0.pending_occ_max.write = 0
stat.pool.100.node.0.ready_occ_avg.write = 0
stat.pool.100.node.0.ready_occ_max.write = 0
stat.pool.100.node.0.mem_ready_avg_cycles.write = 0
stat.pool.100.node.0.mem_ready_max_cycles.write = 0
stat.pool.100.node.0.response_wait_avg_cycles.write = 0
stat.pool.100.node.0.response_wait_max_cycles.write = 0
stat.pool.100.node.0.request_enqueue_gap_avg_cycles.write = 526.433
stat.pool.100.node.0.request_enqueue_gap_max_cycles.write = 3096
stat.pool.100.node.0.response_ready_gap_avg_cycles.write = 0
stat.pool.100.node.0.response_ready_gap_max_cycles.write = 0
stat.pool.100.node.0.response_sent_gap_avg_cycles.write = 0
stat.pool.100.node.0.response_sent_gap_max_cycles.write = 0
stat.pool.100.node.0.total_turnaround_avg_cycles.write = 0
stat.pool.100.node.0.total_turnaround_max_cycles.write = 0
stat.pool.100.node.0.request_enqueued.other = 3
stat.pool.100.node.0.request_blocked.other = 0
stat.pool.100.node.0.response_ready.other = 3
stat.pool.100.node.0.response_sent.other = 3
stat.pool.100.node.0.response_blocked.other = 0
stat.pool.100.node.0.pending_occ_avg.other = 0.000605388
stat.pool.100.node.0.pending_occ_max.other = 1
stat.pool.100.node.0.ready_occ_avg.other = 7.93084e-06
stat.pool.100.node.0.ready_occ_max.other = 1
stat.pool.100.node.0.mem_ready_avg_cycles.other = 75.3333
stat.pool.100.node.0.mem_ready_max_cycles.other = 76
stat.pool.100.node.0.response_wait_avg_cycles.other = 0
stat.pool.100.node.0.response_wait_max_cycles.other = 0
stat.pool.100.node.0.request_enqueue_gap_avg_cycles.other = 156172
stat.pool.100.node.0.request_enqueue_gap_max_cycles.other = 291120
stat.pool.100.node.0.response_ready_gap_avg_cycles.other = 156172
stat.pool.100.node.0.response_ready_gap_max_cycles.other = 291121
stat.pool.100.node.0.response_sent_gap_avg_cycles.other = 156172
stat.pool.100.node.0.response_sent_gap_max_cycles.other = 291121
stat.pool.100.node.0.total_turnaround_avg_cycles.other = 75.3333
stat.pool.100.node.0.total_turnaround_max_cycles.other = 76
stat.pool.100.fabric.port_count = 1
stat.pool.100.fabric.ingress_wait_avg_cycles = 128.429
stat.pool.100.fabric.egress_wait_avg_cycles = 1
stat.pool.100.fabric.ingress_wait_max_cycles = 155
stat.pool.100.fabric.egress_wait_max_cycles = 1
stat.pool.100.fabric.ingress_queue_wait_avg_cycles = 0.889464
stat.pool.100.fabric.ingress_queue_wait_max_cycles = 31
stat.pool.100.fabric.ingress_occ_bytes = 0
stat.pool.100.fabric.ready_wait_avg_cycles = 0
stat.pool.100.fabric.ready_wait_max_cycles = 0
stat.pool.100.fabric.ready_occ_avg_pkts = 0.0112406
stat.pool.100.fabric.ready_occ_pkts = 0
stat.pool.100.fabric.ready_occ_max_pkts = 1
stat.pool.100.fabric.ready_retry_count = 0
stat.pool.100.fabric.ingress_arrival_burst_max_pkts = 2
stat.pool.100.fabric.ingress_arrival_burst_max_bytes = 72
stat.pool.100.fabric.ingress_arrival_burst_avg_pkts = 1.00118
stat.pool.100.fabric.ingress_arrival_burst_avg_bytes = 17.4527
stat.pool.100.fabric.ingress_arrival_burst_stddev_pkts = 0.0342957
stat.pool.100.fabric.ingress_arrival_burst_stddev_bytes = 20.9905
stat.pool.100.fabric.ingress_arrival_nonempty_frac = 0.0112248
stat.pool.100.fabric.ingress_arrival_run_max_cycles = 3
stat.pool.100.fabric.ingress_arrival_run_avg_cycles = 1.05727
stat.pool.100.fabric.ingress_arrival_run_stddev_cycles = 0.248916
stat.pool.100.fabric.ingress_arrival_gap_max_cycles = 569
stat.pool.100.fabric.ingress_arrival_gap_avg_cycles = 93.0558
stat.pool.100.fabric.ingress_arrival_gap_stddev_cycles = 133.234
stat.pool.100.fabric.ingress_release_burst_max_pkts = 1
stat.pool.100.fabric.ingress_release_burst_max_bytes = 64
stat.pool.100.fabric.ingress_release_burst_avg_pkts = 1
stat.pool.100.fabric.ingress_release_burst_avg_bytes = 17.4431
stat.pool.100.fabric.ingress_release_burst_stddev_pkts = 0
stat.pool.100.fabric.ingress_release_burst_stddev_bytes = 20.9676
stat.pool.100.fabric.ingress_release_nonempty_frac = 0.0112406
stat.pool.100.fabric.ingress_release_run_max_cycles = 1
stat.pool.100.fabric.ingress_release_run_avg_cycles = 1
stat.pool.100.fabric.ingress_release_run_stddev_cycles = 0
stat.pool.100.fabric.ingress_release_gap_max_cycles = 568
stat.pool.100.fabric.ingress_release_gap_avg_cycles = 87.9302
stat.pool.100.fabric.ingress_release_gap_stddev_cycles = 135.053
stat.pool.100.fabric.ingress_occ_avg_bytes = 26.7559
stat.pool.100.fabric.ingress_occ_stddev_bytes = 40.5631
stat.pool.100.fabric.ingress_occ_max_bytes = 296
stat.pool.100.fabric.ingress_occ_nonempty_frac = 0.512288
stat.pool.100.fabric.ingress_occ_run_max_cycles = 469
stat.pool.100.fabric.ingress_occ_run_avg_cycles = 222.995
stat.pool.100.fabric.ingress_occ_run_stddev_cycles = 61.4428
stat.pool.100.fabric.ingress_occ_gap_max_cycles = 446
stat.pool.100.fabric.ingress_occ_gap_avg_cycles = 212.298
stat.pool.100.fabric.ingress_occ_gap_stddev_cycles = 68.6365
stat.pool.100.fabric.rx_bytes.demand_req = 28256
stat.pool.100.fabric.tx_bytes.demand_req = 0
stat.pool.100.fabric.rx_pkts.demand_req = 3532
stat.pool.100.fabric.tx_pkts.demand_req = 0
stat.pool.100.fabric.rx_bytes.write_req = 45824
stat.pool.100.fabric.tx_bytes.write_req = 0
stat.pool.100.fabric.rx_pkts.write_req = 716
stat.pool.100.fabric.tx_pkts.write_req = 0
stat.pool.100.fabric.rx_bytes.response = 0
stat.pool.100.fabric.tx_bytes.response = 226240
stat.pool.100.fabric.rx_pkts.response = 0
stat.pool.100.fabric.tx_pkts.response = 3535
stat.pool.100.fabric.rx_bytes.other_req = 24
stat.pool.100.fabric.tx_bytes.other_req = 0
stat.pool.100.fabric.rx_pkts.other_req = 3
stat.pool.100.fabric.tx_pkts.other_req = 0
stat.pool.100.port.core.0.ingress_wait_avg_cycles = 128.429
stat.pool.100.port.core.0.ingress_wait_max_cycles = 155
stat.pool.100.port.core.0.egress_wait_avg_cycles = 1
stat.pool.100.port.core.0.egress_wait_max_cycles = 1
stat.pool.100.port.core.0.ingress_queue_wait_avg_cycles = 0.889464
stat.pool.100.port.core.0.ingress_queue_wait_max_cycles = 31
stat.pool.100.port.core.0.egress_occ_avg_bytes = 0
stat.pool.100.port.core.0.egress_occ_stddev_bytes = 0
stat.pool.100.port.core.0.egress_occ_max_bytes = 0
stat.pool.100.port.core.0.egress_occ_nonempty_frac = 0
stat.pool.100.port.core.0.egress_blocked_cycles = 0
stat.pool.100.port.core.0.egress_blocked_nonempty_frac = 0
stat.pool.100.port.core.0.egress_blocked_avg_occ_bytes = 0
stat.pool.100.port.core.0.egress_blocked_max_occ_bytes = 0
stat.pool.100.port.core.0.egress_send_burst_max_pkts = 1
stat.pool.100.port.core.0.egress_send_burst_max_bytes = 64
stat.pool.100.port.core.0.egress_send_burst_avg_pkts = 1
stat.pool.100.port.core.0.egress_send_burst_avg_bytes = 64
stat.pool.100.port.core.0.egress_send_burst_stddev_pkts = 0
stat.pool.100.port.core.0.egress_send_burst_stddev_bytes = 0
stat.pool.100.port.core.0.egress_send_nonempty_frac = 0.00934518
stat.pool.100.port.core.0.ingress_arrival_burst_avg_bytes = 17.4527
stat.pool.100.port.core.0.ingress_arrival_nonempty_frac = 0.0112248
stat.pool.100.port.core.0.ingress_arrival_run_max_cycles = 3
stat.pool.100.port.core.0.ingress_arrival_run_avg_cycles = 1.05727
stat.pool.100.port.core.0.ingress_arrival_gap_max_cycles = 569
stat.pool.100.port.core.0.ingress_arrival_gap_avg_cycles = 93.0558
stat.pool.100.port.core.0.ingress_release_burst_avg_bytes = 17.4431
stat.pool.100.port.core.0.ingress_release_nonempty_frac = 0.0112406
stat.pool.100.port.core.0.ingress_release_run_max_cycles = 1
stat.pool.100.port.core.0.ingress_release_run_avg_cycles = 1
stat.pool.100.port.core.0.ingress_release_gap_max_cycles = 568
stat.pool.100.port.core.0.ingress_release_gap_avg_cycles = 87.9302
stat.pool.100.port.core.0.ingress_occ_avg_bytes = 26.7559
stat.pool.100.port.core.0.ingress_occ_stddev_bytes = 40.5631
stat.pool.100.port.core.0.ingress_occ_max_bytes = 296
stat.pool.100.port.core.0.ingress_occ_nonempty_frac = 0.512288
stat.pool.100.port.core.0.ingress_occ_run_max_cycles = 469
stat.pool.100.port.core.0.ingress_occ_run_avg_cycles = 222.995
stat.pool.100.port.core.0.ingress_occ_gap_max_cycles = 446
stat.pool.100.port.core.0.ingress_occ_gap_avg_cycles = 212.298
stat.pool.100.port.core.0.ingress_wait_avg_cycles.demand_req = 125.047
stat.pool.100.port.core.0.ingress_wait_max_cycles.demand_req = 155
stat.pool.100.port.core.0.ingress_queue_wait_avg_cycles.demand_req = 1.04672
stat.pool.100.port.core.0.ingress_queue_wait_max_cycles.demand_req = 31
stat.pool.100.port.core.0.egress_wait_avg_cycles.demand_req = 0
stat.pool.100.port.core.0.egress_wait_max_cycles.demand_req = 0
stat.pool.100.port.core.0.egress_occ_avg_bytes.demand_req = 0
stat.pool.100.port.core.0.egress_occ_max_bytes.demand_req = 0
stat.pool.100.port.core.0.egress_blocked_cycles.demand_req = 0
stat.pool.100.port.core.0.ingress_arrival_empty_packets.demand_req = 436
stat.pool.100.port.core.0.ingress_arrival_nonempty_packets.demand_req = 3096
stat.pool.100.port.core.0.ingress_arrival_nonempty_packet_frac.demand_req = 0.876557
stat.pool.100.port.core.0.ingress_nonempty_arrival_pre_occ_avg_bytes.demand_req = 61.509
stat.pool.100.port.core.0.ingress_nonempty_arrival_pre_occ_max_bytes.demand_req = 288
stat.pool.100.port.core.0.ingress_release_after_empty_arrival_packets.demand_req = 436
stat.pool.100.port.core.0.ingress_release_after_nonempty_arrival_packets.demand_req = 3096
stat.pool.100.port.core.0.ingress_wait_after_empty_arrival_avg_cycles.demand_req = 124
stat.pool.100.port.core.0.ingress_wait_after_nonempty_arrival_avg_cycles.demand_req = 125.194
stat.pool.100.port.core.0.ingress_queue_wait_after_empty_arrival_avg_cycles.demand_req = 0
stat.pool.100.port.core.0.ingress_queue_wait_after_nonempty_arrival_avg_cycles.demand_req = 1.19412
stat.pool.100.port.core.0.ingress_queue_wait_after_empty_arrival_max_cycles.demand_req = 0
stat.pool.100.port.core.0.ingress_queue_wait_after_nonempty_arrival_max_cycles.demand_req = 31
stat.pool.100.port.core.0.rx_bytes.demand_req = 28256
stat.pool.100.port.core.0.tx_bytes.demand_req = 0
stat.pool.100.port.core.0.rx_pkts.demand_req = 3532
stat.pool.100.port.core.0.tx_pkts.demand_req = 0
stat.pool.100.port.core.0.ingress_wait_avg_cycles.write_req = 145.11
stat.pool.100.port.core.0.ingress_wait_max_cycles.write_req = 155
stat.pool.100.port.core.0.ingress_queue_wait_avg_cycles.write_req = 0.117155
stat.pool.100.port.core.0.ingress_queue_wait_max_cycles.write_req = 10
stat.pool.100.port.core.0.egress_wait_avg_cycles.write_req = 0
stat.pool.100.port.core.0.egress_wait_max_cycles.write_req = 0
stat.pool.100.port.core.0.egress_occ_avg_bytes.write_req = 0
stat.pool.100.port.core.0.egress_occ_max_bytes.write_req = 0
stat.pool.100.port.core.0.egress_blocked_cycles.write_req = 0
stat.pool.100.port.core.0.ingress_arrival_empty_packets.write_req = 432
stat.pool.100.port.core.0.ingress_arrival_nonempty_packets.write_req = 284
stat.pool.100.port.core.0.ingress_arrival_nonempty_packet_frac.write_req = 0.396648
stat.pool.100.port.core.0.ingress_nonempty_arrival_pre_occ_avg_bytes.write_req = 70.1408
stat.pool.100.port.core.0.ingress_nonempty_arrival_pre_occ_max_bytes.write_req = 224
stat.pool.100.port.core.0.ingress_release_after_empty_arrival_packets.write_req = 433
stat.pool.100.port.core.0.ingress_release_after_nonempty_arrival_packets.write_req = 284
stat.pool.100.port.core.0.ingress_wait_after_empty_arrival_avg_cycles.write_req = 144.988
stat.pool.100.port.core.0.ingress_wait_after_nonempty_arrival_avg_cycles.write_req = 145.296
stat.pool.100.port.core.0.ingress_queue_wait_after_empty_arrival_avg_cycles.write_req = 0
stat.pool.100.port.core.0.ingress_queue_wait_after_nonempty_arrival_avg_cycles.write_req = 0.295775
stat.pool.100.port.core.0.ingress_queue_wait_after_empty_arrival_max_cycles.write_req = 0
stat.pool.100.port.core.0.ingress_queue_wait_after_nonempty_arrival_max_cycles.write_req = 10
stat.pool.100.port.core.0.rx_bytes.write_req = 45824
stat.pool.100.port.core.0.tx_bytes.write_req = 0
stat.pool.100.port.core.0.rx_pkts.write_req = 716
stat.pool.100.port.core.0.tx_pkts.write_req = 0
stat.pool.100.port.core.0.ingress_wait_avg_cycles.response = 0
stat.pool.100.port.core.0.ingress_wait_max_cycles.response = 0
stat.pool.100.port.core.0.ingress_queue_wait_avg_cycles.response = 0
stat.pool.100.port.core.0.ingress_queue_wait_max_cycles.response = 0
stat.pool.100.port.core.0.egress_wait_avg_cycles.response = 1
stat.pool.100.port.core.0.egress_wait_max_cycles.response = 1
stat.pool.100.port.core.0.egress_occ_avg_bytes.response = 0
stat.pool.100.port.core.0.egress_occ_max_bytes.response = 0
stat.pool.100.port.core.0.egress_blocked_cycles.response = 0
stat.pool.100.port.core.0.ingress_arrival_empty_packets.response = 0
stat.pool.100.port.core.0.ingress_arrival_nonempty_packets.response = 0
stat.pool.100.port.core.0.ingress_arrival_nonempty_packet_frac.response = 0
stat.pool.100.port.core.0.ingress_nonempty_arrival_pre_occ_avg_bytes.response = 0
stat.pool.100.port.core.0.ingress_nonempty_arrival_pre_occ_max_bytes.response = 0
stat.pool.100.port.core.0.ingress_release_after_empty_arrival_packets.response = 0
stat.pool.100.port.core.0.ingress_release_after_nonempty_arrival_packets.response = 0
stat.pool.100.port.core.0.ingress_wait_after_empty_arrival_avg_cycles.response = 0
stat.pool.100.port.core.0.ingress_wait_after_nonempty_arrival_avg_cycles.response = 0
stat.pool.100.port.core.0.ingress_queue_wait_after_empty_arrival_avg_cycles.response = 0
stat.pool.100.port.core.0.ingress_queue_wait_after_nonempty_arrival_avg_cycles.response = 0
stat.pool.100.port.core.0.ingress_queue_wait_after_empty_arrival_max_cycles.response = 0
stat.pool.100.port.core.0.ingress_queue_wait_after_nonempty_arrival_max_cycles.response = 0
stat.pool.100.port.core.0.rx_bytes.response = 0
stat.pool.100.port.core.0.tx_bytes.response = 226240
stat.pool.100.port.core.0.rx_pkts.response = 0
stat.pool.100.port.core.0.tx_pkts.response = 3535
stat.pool.100.port.core.0.ingress_wait_avg_cycles.other_req = 124.333
stat.pool.100.port.core.0.ingress_wait_max_cycles.other_req = 125
stat.pool.100.port.core.0.ingress_queue_wait_avg_cycles.other_req = 0.333333
stat.pool.100.port.core.0.ingress_queue_wait_max_cycles.other_req = 1
stat.pool.100.port.core.0.egress_wait_avg_cycles.other_req = 0
stat.pool.100.port.core.0.egress_wait_max_cycles.other_req = 0
stat.pool.100.port.core.0.egress_occ_avg_bytes.other_req = 0
stat.pool.100.port.core.0.egress_occ_max_bytes.other_req = 0
stat.pool.100.port.core.0.egress_blocked_cycles.other_req = 0
stat.pool.100.port.core.0.ingress_arrival_empty_packets.other_req = 0
stat.pool.100.port.core.0.ingress_arrival_nonempty_packets.other_req = 3
stat.pool.100.port.core.0.ingress_arrival_nonempty_packet_frac.other_req = 1
stat.pool.100.port.core.0.ingress_nonempty_arrival_pre_occ_avg_bytes.other_req = 50.6667
stat.pool.100.port.core.0.ingress_nonempty_arrival_pre_occ_max_bytes.other_req = 80
stat.pool.100.port.core.0.ingress_release_after_empty_arrival_packets.other_req = 0
stat.pool.100.port.core.0.ingress_release_after_nonempty_arrival_packets.other_req = 3
stat.pool.100.port.core.0.ingress_wait_after_empty_arrival_avg_cycles.other_req = 0
stat.pool.100.port.core.0.ingress_wait_after_nonempty_arrival_avg_cycles.other_req = 124.333
stat.pool.100.port.core.0.ingress_queue_wait_after_empty_arrival_avg_cycles.other_req = 0
stat.pool.100.port.core.0.ingress_queue_wait_after_nonempty_arrival_avg_cycles.other_req = 0.333333
stat.pool.100.port.core.0.ingress_queue_wait_after_empty_arrival_max_cycles.other_req = 0
stat.pool.100.port.core.0.ingress_queue_wait_after_nonempty_arrival_max_cycles.other_req = 1
stat.pool.100.port.core.0.rx_bytes.other_req = 24
stat.pool.100.port.core.0.tx_bytes.other_req = 0
stat.pool.100.port.core.0.rx_pkts.other_req = 3
stat.pool.100.port.core.0.tx_pkts.other_req = 0
stat.pool.100.port.core.0.ingress_occ_bucket_bytes.0 = 184487
stat.pool.100.port.core.0.ready_occ_bucket_bytes.0 = 374018
stat.pool.100.port.core.0.ingress_occ_bucket_bytes.1_64 = 138176
stat.pool.100.port.core.0.ready_occ_bucket_bytes.1_64 = 4252
stat.pool.100.port.core.0.ingress_occ_bucket_bytes.65_256 = 55303
stat.pool.100.port.core.0.ready_occ_bucket_bytes.65_256 = 0
stat.pool.100.port.core.0.ingress_occ_bucket_bytes.257_1024 = 304
stat.pool.100.port.core.0.ready_occ_bucket_bytes.257_1024 = 0
stat.pool.100.port.core.0.ingress_occ_bucket_bytes.1025_4096 = 0
stat.pool.100.port.core.0.ready_occ_bucket_bytes.1025_4096 = 0
stat.pool.100.port.core.0.ingress_occ_bucket_bytes.4097_plus = 0
stat.pool.100.port.core.0.ready_occ_bucket_bytes.4097_plus = 0
stat.pool.100.port.core.0.ingress_episode.count = 869
stat.pool.100.port.core.0.ingress_episode.avg_cycles = 222.965
stat.pool.100.port.core.0.ingress_episode.max_cycles = 469
stat.pool.100.port.core.0.ingress_episode.avg_peak_occ_bytes = 79.8895
stat.pool.100.port.core.0.ingress_episode.max_peak_occ_bytes = 296
stat.pool.100.port.core.0.ingress_episode.avg_arrival_pkts = 4.89183
stat.pool.100.port.core.0.ingress_episode.max_arrival_pkts = 13
stat.pool.100.port.core.0.ingress_episode.avg_arrival_bytes = 85.275
stat.pool.100.port.core.0.ingress_episode.max_arrival_bytes = 344
stat.pool.100.port.core.0.ingress_episode.avg_release_pkts = 4.89298
stat.pool.100.port.core.0.ingress_episode.max_release_pkts = 13
stat.pool.100.port.core.0.ingress_episode.avg_release_bytes = 85.3487
stat.pool.100.port.core.0.ingress_episode.max_release_bytes = 344
stat.pool.100.port.core.0.ingress_episode.avg_wait_cycles = 628.403
stat.pool.100.port.core.0.ingress_episode.max_wait_cycles = 155
stat.pool.100.port.core.0.ingress_episode.avg_queue_wait_cycles = 4.35213
stat.pool.100.port.core.0.ingress_episode.max_queue_wait_cycles = 31
stat.pool.100.port.core.0.ingress_episode.avg_src_distinct = 1
stat.pool.100.port.core.0.ingress_episode.max_src_distinct = 1
stat.pool.100.port.core.0.ingress_episode.avg_dst_distinct = 1
stat.pool.100.port.core.0.ingress_episode.max_dst_distinct = 1
stat.pool.100.port.core.0.ingress_episode.avg_arrival_pkts.demand_req = 4.06444
stat.pool.100.port.core.0.ingress_episode.max_arrival_pkts.demand_req = 10
stat.pool.100.port.core.0.ingress_episode.avg_release_pkts.demand_req = 4.06444
stat.pool.100.port.core.0.ingress_episode.max_release_pkts.demand_req = 10
stat.pool.100.port.core.0.ingress_pre_occ_bucket.demand_req.0 = 436
stat.pool.100.port.core.0.ingress_queue_wait_bucket.demand_req.0 = 2947
stat.pool.100.port.core.0.ingress_pre_occ_bucket.demand_req.1_64 = 1756
stat.pool.100.port.core.0.ingress_queue_wait_bucket.demand_req.1_63 = 585
stat.pool.100.port.core.0.ingress_pre_occ_bucket.demand_req.65_256 = 1332
stat.pool.100.port.core.0.ingress_queue_wait_bucket.demand_req.64_255 = 0
stat.pool.100.port.core.0.ingress_pre_occ_bucket.demand_req.257_1024 = 8
stat.pool.100.port.core.0.ingress_queue_wait_bucket.demand_req.256_1023 = 0
stat.pool.100.port.core.0.ingress_pre_occ_bucket.demand_req.1025_4096 = 0
stat.pool.100.port.core.0.ingress_queue_wait_bucket.demand_req.1024_4095 = 0
stat.pool.100.port.core.0.ingress_pre_occ_bucket.demand_req.4097_plus = 0
stat.pool.100.port.core.0.ingress_queue_wait_bucket.demand_req.4096_plus = 0
stat.pool.100.port.core.0.ingress_episode.avg_arrival_pkts.write_req = 0.823936
stat.pool.100.port.core.0.ingress_episode.max_arrival_pkts.write_req = 5
stat.pool.100.port.core.0.ingress_episode.avg_release_pkts.write_req = 0.825086
stat.pool.100.port.core.0.ingress_episode.max_release_pkts.write_req = 5
stat.pool.100.port.core.0.ingress_pre_occ_bucket.write_req.0 = 432
stat.pool.100.port.core.0.ingress_queue_wait_bucket.write_req.0 = 693
stat.pool.100.port.core.0.ingress_pre_occ_bucket.write_req.1_64 = 188
stat.pool.100.port.core.0.ingress_queue_wait_bucket.write_req.1_63 = 24
stat.pool.100.port.core.0.ingress_pre_occ_bucket.write_req.65_256 = 96
stat.pool.100.port.core.0.ingress_queue_wait_bucket.write_req.64_255 = 0
stat.pool.100.port.core.0.ingress_pre_occ_bucket.write_req.257_1024 = 0
stat.pool.100.port.core.0.ingress_queue_wait_bucket.write_req.256_1023 = 0
stat.pool.100.port.core.0.ingress_pre_occ_bucket.write_req.1025_4096 = 0
stat.pool.100.port.core.0.ingress_queue_wait_bucket.write_req.1024_4095 = 0
stat.pool.100.port.core.0.ingress_pre_occ_bucket.write_req.4097_plus = 0
stat.pool.100.port.core.0.ingress_queue_wait_bucket.write_req.4096_plus = 0
stat.pool.100.port.core.0.ingress_episode.avg_arrival_pkts.response = 0
stat.pool.100.port.core.0.ingress_episode.max_arrival_pkts.response = 0
stat.pool.100.port.core.0.ingress_episode.avg_release_pkts.response = 0
stat.pool.100.port.core.0.ingress_episode.max_release_pkts.response = 0
stat.pool.100.port.core.0.ingress_pre_occ_bucket.response.0 = 0
stat.pool.100.port.core.0.ingress_queue_wait_bucket.response.0 = 0
stat.pool.100.port.core.0.ingress_pre_occ_bucket.response.1_64 = 0
stat.pool.100.port.core.0.ingress_queue_wait_bucket.response.1_63 = 0
stat.pool.100.port.core.0.ingress_pre_occ_bucket.response.65_256 = 0
stat.pool.100.port.core.0.ingress_queue_wait_bucket.response.64_255 = 0
stat.pool.100.port.core.0.ingress_pre_occ_bucket.response.257_1024 = 0
stat.pool.100.port.core.0.ingress_queue_wait_bucket.response.256_1023 = 0
stat.pool.100.port.core.0.ingress_pre_occ_bucket.response.1025_4096 = 0
stat.pool.100.port.core.0.ingress_queue_wait_bucket.response.1024_4095 = 0
stat.pool.100.port.core.0.ingress_pre_occ_bucket.response.4097_plus = 0
stat.pool.100.port.core.0.ingress_queue_wait_bucket.response.4096_plus = 0
stat.pool.100.port.core.0.ingress_episode.avg_arrival_pkts.other_req = 0.00345224
stat.pool.100.port.core.0.ingress_episode.max_arrival_pkts.other_req = 1
stat.pool.100.port.core.0.ingress_episode.avg_release_pkts.other_req = 0.00345224
stat.pool.100.port.core.0.ingress_episode.max_release_pkts.other_req = 1
stat.pool.100.port.core.0.ingress_pre_occ_bucket.other_req.0 = 0
stat.pool.100.port.core.0.ingress_queue_wait_bucket.other_req.0 = 2
stat.pool.100.port.core.0.ingress_pre_occ_bucket.other_req.1_64 = 2
stat.pool.100.port.core.0.ingress_queue_wait_bucket.other_req.1_63 = 1
stat.pool.100.port.core.0.ingress_pre_occ_bucket.other_req.65_256 = 1
stat.pool.100.port.core.0.ingress_queue_wait_bucket.other_req.64_255 = 0
stat.pool.100.port.core.0.ingress_pre_occ_bucket.other_req.257_1024 = 0
stat.pool.100.port.core.0.ingress_queue_wait_bucket.other_req.256_1023 = 0
stat.pool.100.port.core.0.ingress_pre_occ_bucket.other_req.1025_4096 = 0
stat.pool.100.port.core.0.ingress_queue_wait_bucket.other_req.1024_4095 = 0
stat.pool.100.port.core.0.ingress_pre_occ_bucket.other_req.4097_plus = 0
stat.pool.100.port.core.0.ingress_queue_wait_bucket.other_req.4096_plus = 0
stat.pool.100.port.core.0.peer_src.0.rx_bytes.demand_req = 28256
stat.pool.100.port.core.0.peer_src.0.rx_pkts.demand_req = 3532
stat.pool.100.port.core.0.peer_src.0.tx_bytes.demand_req = 0
stat.pool.100.port.core.0.peer_src.0.tx_pkts.demand_req = 0
stat.pool.100.port.core.0.peer_src.0.ingress_arrivals.demand_req = 3532
stat.pool.100.port.core.0.peer_src.0.ingress_arrival_nonempty_packet_frac.demand_req = 0.876557
stat.pool.100.port.core.0.peer_src.0.ingress_nonempty_arrival_pre_occ_avg_bytes.demand_req = 61.509
stat.pool.100.port.core.0.peer_src.0.ingress_nonempty_arrival_pre_occ_max_bytes.demand_req = 288
stat.pool.100.port.core.0.peer_src.0.ingress_wait_avg_cycles.demand_req = 125.047
stat.pool.100.port.core.0.peer_src.0.ingress_queue_wait_avg_cycles.demand_req = 1.04672
stat.pool.100.port.core.0.peer_src.0.ingress_queue_wait_after_nonempty_arrival_avg_cycles.demand_req = 1.19412
stat.pool.100.port.core.0.peer_src.0.ingress_pre_occ_bucket.demand_req.0 = 436
stat.pool.100.port.core.0.peer_src.0.ingress_queue_wait_bucket.demand_req.0 = 2947
stat.pool.100.port.core.0.peer_src.0.ingress_pre_occ_bucket.demand_req.1_64 = 1756
stat.pool.100.port.core.0.peer_src.0.ingress_queue_wait_bucket.demand_req.1_63 = 585
stat.pool.100.port.core.0.peer_src.0.ingress_pre_occ_bucket.demand_req.65_256 = 1332
stat.pool.100.port.core.0.peer_src.0.ingress_queue_wait_bucket.demand_req.64_255 = 0
stat.pool.100.port.core.0.peer_src.0.ingress_pre_occ_bucket.demand_req.257_1024 = 8
stat.pool.100.port.core.0.peer_src.0.ingress_queue_wait_bucket.demand_req.256_1023 = 0
stat.pool.100.port.core.0.peer_src.0.ingress_pre_occ_bucket.demand_req.1025_4096 = 0
stat.pool.100.port.core.0.peer_src.0.ingress_queue_wait_bucket.demand_req.1024_4095 = 0
stat.pool.100.port.core.0.peer_src.0.ingress_pre_occ_bucket.demand_req.4097_plus = 0
stat.pool.100.port.core.0.peer_src.0.ingress_queue_wait_bucket.demand_req.4096_plus = 0
stat.pool.100.port.core.0.peer_src.0.rx_bytes.write_req = 45824
stat.pool.100.port.core.0.peer_src.0.rx_pkts.write_req = 716
stat.pool.100.port.core.0.peer_src.0.tx_bytes.write_req = 0
stat.pool.100.port.core.0.peer_src.0.tx_pkts.write_req = 0
stat.pool.100.port.core.0.peer_src.0.ingress_arrivals.write_req = 716
stat.pool.100.port.core.0.peer_src.0.ingress_arrival_nonempty_packet_frac.write_req = 0.396648
stat.pool.100.port.core.0.peer_src.0.ingress_nonempty_arrival_pre_occ_avg_bytes.write_req = 70.1408
stat.pool.100.port.core.0.peer_src.0.ingress_nonempty_arrival_pre_occ_max_bytes.write_req = 224
stat.pool.100.port.core.0.peer_src.0.ingress_wait_avg_cycles.write_req = 145.11
stat.pool.100.port.core.0.peer_src.0.ingress_queue_wait_avg_cycles.write_req = 0.117155
stat.pool.100.port.core.0.peer_src.0.ingress_queue_wait_after_nonempty_arrival_avg_cycles.write_req = 0.295775
stat.pool.100.port.core.0.peer_src.0.ingress_pre_occ_bucket.write_req.0 = 432
stat.pool.100.port.core.0.peer_src.0.ingress_queue_wait_bucket.write_req.0 = 693
stat.pool.100.port.core.0.peer_src.0.ingress_pre_occ_bucket.write_req.1_64 = 188
stat.pool.100.port.core.0.peer_src.0.ingress_queue_wait_bucket.write_req.1_63 = 24
stat.pool.100.port.core.0.peer_src.0.ingress_pre_occ_bucket.write_req.65_256 = 96
stat.pool.100.port.core.0.peer_src.0.ingress_queue_wait_bucket.write_req.64_255 = 0
stat.pool.100.port.core.0.peer_src.0.ingress_pre_occ_bucket.write_req.257_1024 = 0
stat.pool.100.port.core.0.peer_src.0.ingress_queue_wait_bucket.write_req.256_1023 = 0
stat.pool.100.port.core.0.peer_src.0.ingress_pre_occ_bucket.write_req.1025_4096 = 0
stat.pool.100.port.core.0.peer_src.0.ingress_queue_wait_bucket.write_req.1024_4095 = 0
stat.pool.100.port.core.0.peer_src.0.ingress_pre_occ_bucket.write_req.4097_plus = 0
stat.pool.100.port.core.0.peer_src.0.ingress_queue_wait_bucket.write_req.4096_plus = 0
stat.pool.100.port.core.0.peer_src.0.rx_bytes.other_req = 24
stat.pool.100.port.core.0.peer_src.0.rx_pkts.other_req = 3
stat.pool.100.port.core.0.peer_src.0.tx_bytes.other_req = 0
stat.pool.100.port.core.0.peer_src.0.tx_pkts.other_req = 0
stat.pool.100.port.core.0.peer_src.0.ingress_arrivals.other_req = 3
stat.pool.100.port.core.0.peer_src.0.ingress_arrival_nonempty_packet_frac.other_req = 1
stat.pool.100.port.core.0.peer_src.0.ingress_nonempty_arrival_pre_occ_avg_bytes.other_req = 50.6667
stat.pool.100.port.core.0.peer_src.0.ingress_nonempty_arrival_pre_occ_max_bytes.other_req = 80
stat.pool.100.port.core.0.peer_src.0.ingress_wait_avg_cycles.other_req = 124.333
stat.pool.100.port.core.0.peer_src.0.ingress_queue_wait_avg_cycles.other_req = 0.333333
stat.pool.100.port.core.0.peer_src.0.ingress_queue_wait_after_nonempty_arrival_avg_cycles.other_req = 0.333333
stat.pool.100.port.core.0.peer_src.0.ingress_pre_occ_bucket.other_req.0 = 0
stat.pool.100.port.core.0.peer_src.0.ingress_queue_wait_bucket.other_req.0 = 2
stat.pool.100.port.core.0.peer_src.0.ingress_pre_occ_bucket.other_req.1_64 = 2
stat.pool.100.port.core.0.peer_src.0.ingress_queue_wait_bucket.other_req.1_63 = 1
stat.pool.100.port.core.0.peer_src.0.ingress_pre_occ_bucket.other_req.65_256 = 1
stat.pool.100.port.core.0.peer_src.0.ingress_queue_wait_bucket.other_req.64_255 = 0
stat.pool.100.port.core.0.peer_src.0.ingress_pre_occ_bucket.other_req.257_1024 = 0
stat.pool.100.port.core.0.peer_src.0.ingress_queue_wait_bucket.other_req.256_1023 = 0
stat.pool.100.port.core.0.peer_src.0.ingress_pre_occ_bucket.other_req.1025_4096 = 0
stat.pool.100.port.core.0.peer_src.0.ingress_queue_wait_bucket.other_req.1024_4095 = 0
stat.pool.100.port.core.0.peer_src.0.ingress_pre_occ_bucket.other_req.4097_plus = 0
stat.pool.100.port.core.0.peer_src.0.ingress_queue_wait_bucket.other_req.4096_plus = 0
stat.pool.100.port.core.0.peer_dst.100.rx_bytes.demand_req = 28256
stat.pool.100.port.core.0.peer_dst.100.rx_pkts.demand_req = 3532
stat.pool.100.port.core.0.peer_dst.100.tx_bytes.demand_req = 0
stat.pool.100.port.core.0.peer_dst.100.tx_pkts.demand_req = 0
stat.pool.100.port.core.0.peer_dst.100.ingress_arrivals.demand_req = 3532
stat.pool.100.port.core.0.peer_dst.100.ingress_arrival_nonempty_packet_frac.demand_req = 0.876557
stat.pool.100.port.core.0.peer_dst.100.ingress_nonempty_arrival_pre_occ_avg_bytes.demand_req = 61.509
stat.pool.100.port.core.0.peer_dst.100.ingress_nonempty_arrival_pre_occ_max_bytes.demand_req = 288
stat.pool.100.port.core.0.peer_dst.100.ingress_wait_avg_cycles.demand_req = 125.047
stat.pool.100.port.core.0.peer_dst.100.ingress_queue_wait_avg_cycles.demand_req = 1.04672
stat.pool.100.port.core.0.peer_dst.100.ingress_queue_wait_after_nonempty_arrival_avg_cycles.demand_req = 1.19412
stat.pool.100.port.core.0.peer_dst.100.ingress_pre_occ_bucket.demand_req.0 = 436
stat.pool.100.port.core.0.peer_dst.100.ingress_queue_wait_bucket.demand_req.0 = 2947
stat.pool.100.port.core.0.peer_dst.100.ingress_pre_occ_bucket.demand_req.1_64 = 1756
stat.pool.100.port.core.0.peer_dst.100.ingress_queue_wait_bucket.demand_req.1_63 = 585
stat.pool.100.port.core.0.peer_dst.100.ingress_pre_occ_bucket.demand_req.65_256 = 1332
stat.pool.100.port.core.0.peer_dst.100.ingress_queue_wait_bucket.demand_req.64_255 = 0
stat.pool.100.port.core.0.peer_dst.100.ingress_pre_occ_bucket.demand_req.257_1024 = 8
stat.pool.100.port.core.0.peer_dst.100.ingress_queue_wait_bucket.demand_req.256_1023 = 0
stat.pool.100.port.core.0.peer_dst.100.ingress_pre_occ_bucket.demand_req.1025_4096 = 0
stat.pool.100.port.core.0.peer_dst.100.ingress_queue_wait_bucket.demand_req.1024_4095 = 0
stat.pool.100.port.core.0.peer_dst.100.ingress_pre_occ_bucket.demand_req.4097_plus = 0
stat.pool.100.port.core.0.peer_dst.100.ingress_queue_wait_bucket.demand_req.4096_plus = 0
stat.pool.100.port.core.0.peer_dst.100.rx_bytes.write_req = 45824
stat.pool.100.port.core.0.peer_dst.100.rx_pkts.write_req = 716
stat.pool.100.port.core.0.peer_dst.100.tx_bytes.write_req = 0
stat.pool.100.port.core.0.peer_dst.100.tx_pkts.write_req = 0
stat.pool.100.port.core.0.peer_dst.100.ingress_arrivals.write_req = 716
stat.pool.100.port.core.0.peer_dst.100.ingress_arrival_nonempty_packet_frac.write_req = 0.396648
stat.pool.100.port.core.0.peer_dst.100.ingress_nonempty_arrival_pre_occ_avg_bytes.write_req = 70.1408
stat.pool.100.port.core.0.peer_dst.100.ingress_nonempty_arrival_pre_occ_max_bytes.write_req = 224
stat.pool.100.port.core.0.peer_dst.100.ingress_wait_avg_cycles.write_req = 145.11
stat.pool.100.port.core.0.peer_dst.100.ingress_queue_wait_avg_cycles.write_req = 0.117155
stat.pool.100.port.core.0.peer_dst.100.ingress_queue_wait_after_nonempty_arrival_avg_cycles.write_req = 0.295775
stat.pool.100.port.core.0.peer_dst.100.ingress_pre_occ_bucket.write_req.0 = 432
stat.pool.100.port.core.0.peer_dst.100.ingress_queue_wait_bucket.write_req.0 = 693
stat.pool.100.port.core.0.peer_dst.100.ingress_pre_occ_bucket.write_req.1_64 = 188
stat.pool.100.port.core.0.peer_dst.100.ingress_queue_wait_bucket.write_req.1_63 = 24
stat.pool.100.port.core.0.peer_dst.100.ingress_pre_occ_bucket.write_req.65_256 = 96
stat.pool.100.port.core.0.peer_dst.100.ingress_queue_wait_bucket.write_req.64_255 = 0
stat.pool.100.port.core.0.peer_dst.100.ingress_pre_occ_bucket.write_req.257_1024 = 0
stat.pool.100.port.core.0.peer_dst.100.ingress_queue_wait_bucket.write_req.256_1023 = 0
stat.pool.100.port.core.0.peer_dst.100.ingress_pre_occ_bucket.write_req.1025_4096 = 0
stat.pool.100.port.core.0.peer_dst.100.ingress_queue_wait_bucket.write_req.1024_4095 = 0
stat.pool.100.port.core.0.peer_dst.100.ingress_pre_occ_bucket.write_req.4097_plus = 0
stat.pool.100.port.core.0.peer_dst.100.ingress_queue_wait_bucket.write_req.4096_plus = 0
stat.pool.100.port.core.0.peer_dst.100.rx_bytes.other_req = 24
stat.pool.100.port.core.0.peer_dst.100.rx_pkts.other_req = 3
stat.pool.100.port.core.0.peer_dst.100.tx_bytes.other_req = 0
stat.pool.100.port.core.0.peer_dst.100.tx_pkts.other_req = 0
stat.pool.100.port.core.0.peer_dst.100.ingress_arrivals.other_req = 3
stat.pool.100.port.core.0.peer_dst.100.ingress_arrival_nonempty_packet_frac.other_req = 1
stat.pool.100.port.core.0.peer_dst.100.ingress_nonempty_arrival_pre_occ_avg_bytes.other_req = 50.6667
stat.pool.100.port.core.0.peer_dst.100.ingress_nonempty_arrival_pre_occ_max_bytes.other_req = 80
stat.pool.100.port.core.0.peer_dst.100.ingress_wait_avg_cycles.other_req = 124.333
stat.pool.100.port.core.0.peer_dst.100.ingress_queue_wait_avg_cycles.other_req = 0.333333
stat.pool.100.port.core.0.peer_dst.100.ingress_queue_wait_after_nonempty_arrival_avg_cycles.other_req = 0.333333
stat.pool.100.port.core.0.peer_dst.100.ingress_pre_occ_bucket.other_req.0 = 0
stat.pool.100.port.core.0.peer_dst.100.ingress_queue_wait_bucket.other_req.0 = 2
stat.pool.100.port.core.0.peer_dst.100.ingress_pre_occ_bucket.other_req.1_64 = 2
stat.pool.100.port.core.0.peer_dst.100.ingress_queue_wait_bucket.other_req.1_63 = 1
stat.pool.100.port.core.0.peer_dst.100.ingress_pre_occ_bucket.other_req.65_256 = 1
stat.pool.100.port.core.0.peer_dst.100.ingress_queue_wait_bucket.other_req.64_255 = 0
stat.pool.100.port.core.0.peer_dst.100.ingress_pre_occ_bucket.other_req.257_1024 = 0
stat.pool.100.port.core.0.peer_dst.100.ingress_queue_wait_bucket.other_req.256_1023 = 0
stat.pool.100.port.core.0.peer_dst.100.ingress_pre_occ_bucket.other_req.1025_4096 = 0
stat.pool.100.port.core.0.peer_dst.100.ingress_queue_wait_bucket.other_req.1024_4095 = 0
stat.pool.100.port.core.0.peer_dst.100.ingress_pre_occ_bucket.other_req.4097_plus = 0
stat.pool.100.port.core.0.peer_dst.100.ingress_queue_wait_bucket.other_req.4096_plus = 0
stat.pool.100.port.core.0.tx_src.100.rx_bytes.response = 0
stat.pool.100.port.core.0.tx_src.100.rx_pkts.response = 0
stat.pool.100.port.core.0.tx_src.100.tx_bytes.response = 226240
stat.pool.100.port.core.0.tx_src.100.tx_pkts.response = 3535
stat.pool.100.port.core.0.tx_src.100.ingress_arrivals.response = 0
stat.pool.100.port.core.0.tx_src.100.ingress_arrival_nonempty_packet_frac.response = 0
stat.pool.100.port.core.0.tx_src.100.ingress_nonempty_arrival_pre_occ_avg_bytes.response = 0
stat.pool.100.port.core.0.tx_src.100.ingress_nonempty_arrival_pre_occ_max_bytes.response = 0
stat.pool.100.port.core.0.tx_src.100.ingress_wait_avg_cycles.response = 0
stat.pool.100.port.core.0.tx_src.100.ingress_queue_wait_avg_cycles.response = 0
stat.pool.100.port.core.0.tx_src.100.ingress_queue_wait_after_nonempty_arrival_avg_cycles.response = 0
stat.pool.100.port.core.0.tx_src.100.ingress_pre_occ_bucket.response.0 = 0
stat.pool.100.port.core.0.tx_src.100.ingress_queue_wait_bucket.response.0 = 0
stat.pool.100.port.core.0.tx_src.100.ingress_pre_occ_bucket.response.1_64 = 0
stat.pool.100.port.core.0.tx_src.100.ingress_queue_wait_bucket.response.1_63 = 0
stat.pool.100.port.core.0.tx_src.100.ingress_pre_occ_bucket.response.65_256 = 0
stat.pool.100.port.core.0.tx_src.100.ingress_queue_wait_bucket.response.64_255 = 0
stat.pool.100.port.core.0.tx_src.100.ingress_pre_occ_bucket.response.257_1024 = 0
stat.pool.100.port.core.0.tx_src.100.ingress_queue_wait_bucket.response.256_1023 = 0
stat.pool.100.port.core.0.tx_src.100.ingress_pre_occ_bucket.response.1025_4096 = 0
stat.pool.100.port.core.0.tx_src.100.ingress_queue_wait_bucket.response.1024_4095 = 0
stat.pool.100.port.core.0.tx_src.100.ingress_pre_occ_bucket.response.4097_plus = 0
stat.pool.100.port.core.0.tx_src.100.ingress_queue_wait_bucket.response.4096_plus = 0
stat.pool.100.port.core.0.tx_dst.0.rx_bytes.response = 0
stat.pool.100.port.core.0.tx_dst.0.rx_pkts.response = 0
stat.pool.100.port.core.0.tx_dst.0.tx_bytes.response = 226240
stat.pool.100.port.core.0.tx_dst.0.tx_pkts.response = 3535
stat.pool.100.port.core.0.tx_dst.0.ingress_arrivals.response = 0
stat.pool.100.port.core.0.tx_dst.0.ingress_arrival_nonempty_packet_frac.response = 0
stat.pool.100.port.core.0.tx_dst.0.ingress_nonempty_arrival_pre_occ_avg_bytes.response = 0
stat.pool.100.port.core.0.tx_dst.0.ingress_nonempty_arrival_pre_occ_max_bytes.response = 0
stat.pool.100.port.core.0.tx_dst.0.ingress_wait_avg_cycles.response = 0
stat.pool.100.port.core.0.tx_dst.0.ingress_queue_wait_avg_cycles.response = 0
stat.pool.100.port.core.0.tx_dst.0.ingress_queue_wait_after_nonempty_arrival_avg_cycles.response = 0
stat.pool.100.port.core.0.tx_dst.0.ingress_pre_occ_bucket.response.0 = 0
stat.pool.100.port.core.0.tx_dst.0.ingress_queue_wait_bucket.response.0 = 0
stat.pool.100.port.core.0.tx_dst.0.ingress_pre_occ_bucket.response.1_64 = 0
stat.pool.100.port.core.0.tx_dst.0.ingress_queue_wait_bucket.response.1_63 = 0
stat.pool.100.port.core.0.tx_dst.0.ingress_pre_occ_bucket.response.65_256 = 0
stat.pool.100.port.core.0.tx_dst.0.ingress_queue_wait_bucket.response.64_255 = 0
stat.pool.100.port.core.0.tx_dst.0.ingress_pre_occ_bucket.response.257_1024 = 0
stat.pool.100.port.core.0.tx_dst.0.ingress_queue_wait_bucket.response.256_1023 = 0
stat.pool.100.port.core.0.tx_dst.0.ingress_pre_occ_bucket.response.1025_4096 = 0
stat.pool.100.port.core.0.tx_dst.0.ingress_queue_wait_bucket.response.1024_4095 = 0
stat.pool.100.port.core.0.tx_dst.0.ingress_pre_occ_bucket.response.4097_plus = 0
stat.pool.100.port.core.0.tx_dst.0.ingress_queue_wait_bucket.response.4096_plus = 0
stat.pool.100.walltime_s = 163.865
stat.pool.100.active_time_s = 13.0192
Simulation is complete, simulated time: 427.428 us
