stat.node.0.llc.pool_accesses = 14364
stat.node.0.llc.cxl_miss = 14335
stat.node.0.llc.total_miss = 14335
stat.node.0.llc.avg_miss_lat = 420.143
stat.node.0.llc.avg_cxl_miss_lat = 420.143
stat.node.0.llc.miss_lat_hist_bin_ns = 10
stat.node.0.llc.miss_lat_hist = [0,0,0,0,0,0,0,0,0,0,0,0,0,0,0,2989,4046,2557,1822,1189,780,415,272,140,65,31,15,8,4,2]
stat.node.0.util.dram_avg = 1.98938e-05
stat.node.0.bw.interval_cycles = 514322
stat.node.0.bw.host_to_switch_bytes = 303136
stat.node.0.bw.switch_to_host_bytes = 919232
stat.node.0.bw.host_link_total_bytes = 1222368
stat.node.0.bw.host_to_switch_gbps = 1.41453
stat.node.0.bw.switch_to_host_gbps = 4.28945
stat.node.0.bw.host_link_total_gbps = 5.70398
stat.node.0.fabric.ingress_wait_avg_cycles = 191.128
stat.node.0.fabric.egress_wait_avg_cycles = 1
stat.node.0.fabric.ingress_wait_max_cycles = 459
stat.node.0.fabric.egress_wait_max_cycles = 1
stat.node.0.fabric.ingress_queue_wait_avg_cycles = 46.1286
stat.node.0.fabric.ingress_queue_wait_max_cycles = 314
stat.node.0.fabric.egress_occ_avg_bytes = 0
stat.node.0.fabric.egress_occ_stddev_bytes = 0
stat.node.0.fabric.egress_occ_max_bytes = 0
stat.node.0.fabric.egress_occ_nonempty_frac = 0
stat.node.0.fabric.egress_blocked_cycles = 0
stat.node.0.fabric.egress_blocked_nonempty_frac = 0
stat.node.0.fabric.egress_blocked_avg_occ_bytes = 0
stat.node.0.fabric.egress_blocked_max_occ_bytes = 0
stat.node.0.fabric.egress_send_burst_max_pkts = 2
stat.node.0.fabric.egress_send_burst_max_bytes = 72
stat.node.0.fabric.egress_send_burst_avg_pkts = 1.00377
stat.node.0.fabric.egress_send_burst_avg_bytes = 17.5833
stat.node.0.fabric.egress_send_burst_stddev_pkts = 0.0612869
stat.node.0.fabric.egress_send_burst_stddev_bytes = 21.1366
stat.node.0.fabric.egress_send_nonempty_frac = 0.0335199
stat.node.0.fabric.ingress_occ_bytes = 384
stat.node.0.fabric.ready_wait_avg_cycles = 0
stat.node.0.fabric.ready_wait_max_cycles = 0
stat.node.0.fabric.ready_occ_avg_pkts = 0.0279164
stat.node.0.fabric.ready_occ_pkts = 0
stat.node.0.fabric.ready_occ_max_pkts = 1
stat.node.0.fabric.ready_retry_count = 0
stat.node.0.fabric.ingress_arrival_burst_max_pkts = 1
stat.node.0.fabric.ingress_arrival_burst_max_bytes = 64
stat.node.0.fabric.ingress_arrival_burst_avg_pkts = 1
stat.node.0.fabric.ingress_arrival_burst_avg_bytes = 64
stat.node.0.fabric.ingress_arrival_burst_stddev_pkts = 0
stat.node.0.fabric.ingress_arrival_burst_stddev_bytes = 0
stat.node.0.fabric.ingress_arrival_nonempty_frac = 0.0279261
stat.node.0.fabric.ingress_arrival_run_max_cycles = 1
stat.node.0.fabric.ingress_arrival_run_avg_cycles = 1
stat.node.0.fabric.ingress_arrival_run_stddev_cycles = 0
stat.node.0.fabric.ingress_arrival_gap_max_cycles = 569
stat.node.0.fabric.ingress_arrival_gap_avg_cycles = 34.8109
stat.node.0.fabric.ingress_arrival_gap_stddev_cycles = 54.1899
stat.node.0.fabric.ingress_release_burst_max_pkts = 1
stat.node.0.fabric.ingress_release_burst_max_bytes = 64
stat.node.0.fabric.ingress_release_burst_avg_pkts = 1
stat.node.0.fabric.ingress_release_burst_avg_bytes = 64
stat.node.0.fabric.ingress_release_burst_stddev_pkts = 0
stat.node.0.fabric.ingress_release_burst_stddev_bytes = 0
stat.node.0.fabric.ingress_release_nonempty_frac = 0.0279164
stat.node.0.fabric.ingress_release_run_max_cycles = 1
stat.node.0.fabric.ingress_release_run_avg_cycles = 1
stat.node.0.fabric.ingress_release_run_stddev_cycles = 0
stat.node.0.fabric.ingress_release_gap_max_cycles = 407
stat.node.0.fabric.ingress_release_gap_avg_cycles = 34.8115
stat.node.0.fabric.ingress_release_gap_stddev_cycles = 33.1749
stat.node.0.fabric.ingress_occ_avg_bytes = 339.715
stat.node.0.fabric.ingress_occ_stddev_bytes = 181.096
stat.node.0.fabric.ingress_occ_max_bytes = 1024
stat.node.0.fabric.ingress_occ_nonempty_frac = 0.964503
stat.node.0.fabric.ingress_occ_run_max_cycles = 8869
stat.node.0.fabric.ingress_occ_run_avg_cycles = 1285.14
stat.node.0.fabric.ingress_occ_run_stddev_cycles = 1286.2
stat.node.0.fabric.ingress_occ_gap_max_cycles = 264
stat.node.0.fabric.ingress_occ_gap_avg_cycles = 47.4208
stat.node.0.fabric.ingress_occ_gap_stddev_cycles = 47.9023
stat.node.0.fabric.ingress_wait_avg_cycles.demand_req = 0
stat.node.0.fabric.ingress_wait_max_cycles.demand_req = 0
stat.node.0.fabric.ingress_queue_wait_avg_cycles.demand_req = 0
stat.node.0.fabric.ingress_queue_wait_max_cycles.demand_req = 0
stat.node.0.fabric.egress_wait_avg_cycles.demand_req = 1
stat.node.0.fabric.egress_wait_max_cycles.demand_req = 1
stat.node.0.fabric.egress_occ_avg_bytes.demand_req = 0
stat.node.0.fabric.egress_occ_max_bytes.demand_req = 0
stat.node.0.fabric.egress_blocked_cycles.demand_req = 0
stat.node.0.fabric.ingress_arrival_empty_packets.demand_req = 0
stat.node.0.fabric.ingress_arrival_nonempty_packets.demand_req = 0
stat.node.0.fabric.ingress_arrival_nonempty_packet_frac.demand_req = 0
stat.node.0.fabric.ingress_nonempty_arrival_pre_occ_avg_bytes.demand_req = 0
stat.node.0.fabric.ingress_nonempty_arrival_pre_occ_max_bytes.demand_req = 0
stat.node.0.fabric.ingress_release_after_empty_arrival_packets.demand_req = 0
stat.node.0.fabric.ingress_release_after_nonempty_arrival_packets.demand_req = 0
stat.node.0.fabric.ingress_wait_after_empty_arrival_avg_cycles.demand_req = 0
stat.node.0.fabric.ingress_wait_after_nonempty_arrival_avg_cycles.demand_req = 0
stat.node.0.fabric.ingress_queue_wait_after_empty_arrival_avg_cycles.demand_req = 0
stat.node.0.fabric.ingress_queue_wait_after_nonempty_arrival_avg_cycles.demand_req = 0
stat.node.0.fabric.ingress_queue_wait_after_empty_arrival_max_cycles.demand_req = 0
stat.node.0.fabric.ingress_queue_wait_after_nonempty_arrival_max_cycles.demand_req = 0
stat.node.0.fabric.rx_bytes.demand_req = 0
stat.node.0.fabric.tx_bytes.demand_req = 114824
stat.node.0.fabric.rx_pkts.demand_req = 0
stat.node.0.fabric.tx_pkts.demand_req = 14353
stat.node.0.fabric.ingress_wait_avg_cycles.write_req = 0
stat.node.0.fabric.ingress_wait_max_cycles.write_req = 0
stat.node.0.fabric.ingress_queue_wait_avg_cycles.write_req = 0
stat.node.0.fabric.ingress_queue_wait_max_cycles.write_req = 0
stat.node.0.fabric.egress_wait_avg_cycles.write_req = 1
stat.node.0.fabric.egress_wait_max_cycles.write_req = 1
stat.node.0.fabric.egress_occ_avg_bytes.write_req = 0
stat.node.0.fabric.egress_occ_max_bytes.write_req = 0
stat.node.0.fabric.egress_blocked_cycles.write_req = 0
stat.node.0.fabric.ingress_arrival_empty_packets.write_req = 0
stat.node.0.fabric.ingress_arrival_nonempty_packets.write_req = 0
stat.node.0.fabric.ingress_arrival_nonempty_packet_frac.write_req = 0
stat.node.0.fabric.ingress_nonempty_arrival_pre_occ_avg_bytes.write_req = 0
stat.node.0.fabric.ingress_nonempty_arrival_pre_occ_max_bytes.write_req = 0
stat.node.0.fabric.ingress_release_after_empty_arrival_packets.write_req = 0
stat.node.0.fabric.ingress_release_after_nonempty_arrival_packets.write_req = 0
stat.node.0.fabric.ingress_wait_after_empty_arrival_avg_cycles.write_req = 0
stat.node.0.fabric.ingress_wait_after_nonempty_arrival_avg_cycles.write_req = 0
stat.node.0.fabric.ingress_queue_wait_after_empty_arrival_avg_cycles.write_req = 0
stat.node.0.fabric.ingress_queue_wait_after_nonempty_arrival_avg_cycles.write_req = 0
stat.node.0.fabric.ingress_queue_wait_after_empty_arrival_max_cycles.write_req = 0
stat.node.0.fabric.ingress_queue_wait_after_nonempty_arrival_max_cycles.write_req = 0
stat.node.0.fabric.rx_bytes.write_req = 0
stat.node.0.fabric.tx_bytes.write_req = 188224
stat.node.0.fabric.rx_pkts.write_req = 0
stat.node.0.fabric.tx_pkts.write_req = 2941
stat.node.0.fabric.ingress_wait_avg_cycles.response = 191.128
stat.node.0.fabric.ingress_wait_max_cycles.response = 459
stat.node.0.fabric.ingress_queue_wait_avg_cycles.response = 46.1286
stat.node.0.fabric.ingress_queue_wait_max_cycles.response = 314
stat.node.0.fabric.egress_wait_avg_cycles.response = 0
stat.node.0.fabric.egress_wait_max_cycles.response = 0
stat.node.0.fabric.egress_occ_avg_bytes.response = 0
stat.node.0.fabric.egress_occ_max_bytes.response = 0
stat.node.0.fabric.egress_blocked_cycles.response = 0
stat.node.0.fabric.ingress_arrival_empty_packets.response = 385
stat.node.0.fabric.ingress_arrival_nonempty_packets.response = 13978
stat.node.0.fabric.ingress_arrival_nonempty_packet_frac.response = 0.973195
stat.node.0.fabric.ingress_nonempty_arrival_pre_occ_avg_bytes.response = 341.295
stat.node.0.fabric.ingress_nonempty_arrival_pre_occ_max_bytes.response = 960
stat.node.0.fabric.ingress_release_after_empty_arrival_packets.response = 386
stat.node.0.fabric.ingress_release_after_nonempty_arrival_packets.response = 13972
stat.node.0.fabric.ingress_wait_after_empty_arrival_avg_cycles.response = 144.99
stat.node.0.fabric.ingress_wait_after_nonempty_arrival_avg_cycles.response = 192.403
stat.node.0.fabric.ingress_queue_wait_after_empty_arrival_avg_cycles.response = 0
stat.node.0.fabric.ingress_queue_wait_after_nonempty_arrival_avg_cycles.response = 47.403
stat.node.0.fabric.ingress_queue_wait_after_empty_arrival_max_cycles.response = 0
stat.node.0.fabric.ingress_queue_wait_after_nonempty_arrival_max_cycles.response = 314
stat.node.0.fabric.rx_bytes.response = 919232
stat.node.0.fabric.tx_bytes.response = 0
stat.node.0.fabric.rx_pkts.response = 14363
stat.node.0.fabric.tx_pkts.response = 0
stat.node.0.fabric.ingress_wait_avg_cycles.other_req = 0
stat.node.0.fabric.ingress_wait_max_cycles.other_req = 0
stat.node.0.fabric.ingress_queue_wait_avg_cycles.other_req = 0
stat.node.0.fabric.ingress_queue_wait_max_cycles.other_req = 0
stat.node.0.fabric.egress_wait_avg_cycles.other_req = 1
stat.node.0.fabric.egress_wait_max_cycles.other_req = 1
stat.node.0.fabric.egress_occ_avg_bytes.other_req = 0
stat.node.0.fabric.egress_occ_max_bytes.other_req = 0
stat.node.0.fabric.egress_blocked_cycles.other_req = 0
stat.node.0.fabric.ingress_arrival_empty_packets.other_req = 0
stat.node.0.fabric.ingress_arrival_nonempty_packets.other_req = 0
stat.node.0.fabric.ingress_arrival_nonempty_packet_frac.other_req = 0
stat.node.0.fabric.ingress_nonempty_arrival_pre_occ_avg_bytes.other_req = 0
stat.node.0.fabric.ingress_nonempty_arrival_pre_occ_max_bytes.other_req = 0
stat.node.0.fabric.ingress_release_after_empty_arrival_packets.other_req = 0
stat.node.0.fabric.ingress_release_after_nonempty_arrival_packets.other_req = 0
stat.node.0.fabric.ingress_wait_after_empty_arrival_avg_cycles.other_req = 0
stat.node.0.fabric.ingress_wait_after_nonempty_arrival_avg_cycles.other_req = 0
stat.node.0.fabric.ingress_queue_wait_after_empty_arrival_avg_cycles.other_req = 0
stat.node.0.fabric.ingress_queue_wait_after_nonempty_arrival_avg_cycles.other_req = 0
stat.node.0.fabric.ingress_queue_wait_after_empty_arrival_max_cycles.other_req = 0
stat.node.0.fabric.ingress_queue_wait_after_nonempty_arrival_max_cycles.other_req = 0
stat.node.0.fabric.rx_bytes.other_req = 0
stat.node.0.fabric.tx_bytes.other_req = 88
stat.node.0.fabric.rx_pkts.other_req = 0
stat.node.0.fabric.tx_pkts.other_req = 11
stat.node.0.fabric.ingress_occ_bucket_bytes.0 = 18257
stat.node.0.fabric.ready_occ_bucket_bytes.0 = 499964
stat.node.0.fabric.ingress_occ_bucket_bytes.1_64 = 26919
stat.node.0.fabric.ready_occ_bucket_bytes.1_64 = 14358
stat.node.0.fabric.ingress_occ_bucket_bytes.65_256 = 160932
stat.node.0.fabric.ready_occ_bucket_bytes.65_256 = 0
stat.node.0.fabric.ingress_occ_bucket_bytes.257_1024 = 308214
stat.node.0.fabric.ready_occ_bucket_bytes.257_1024 = 0
stat.node.0.fabric.ingress_occ_bucket_bytes.1025_4096 = 0
stat.node.0.fabric.ready_occ_bucket_bytes.1025_4096 = 0
stat.node.0.fabric.ingress_occ_bucket_bytes.4097_plus = 0
stat.node.0.fabric.ready_occ_bucket_bytes.4097_plus = 0
stat.node.0.fabric.ingress_episode.count = 385
stat.node.0.fabric.ingress_episode.avg_cycles = 1284.15
stat.node.0.fabric.ingress_episode.max_cycles = 8869
stat.node.0.fabric.ingress_episode.avg_peak_occ_bytes = 669.257
stat.node.0.fabric.ingress_episode.max_peak_occ_bytes = 1024
stat.node.0.fabric.ingress_episode.avg_arrival_pkts = 37.1662
stat.node.0.fabric.ingress_episode.max_arrival_pkts = 261
stat.node.0.fabric.ingress_episode.avg_arrival_bytes = 2378.64
stat.node.0.fabric.ingress_episode.max_arrival_bytes = 16704
stat.node.0.fabric.ingress_episode.avg_release_pkts = 37.1688
stat.node.0.fabric.ingress_episode.max_release_pkts = 261
stat.node.0.fabric.ingress_episode.avg_release_bytes = 2378.81
stat.node.0.fabric.ingress_episode.max_release_bytes = 16704
stat.node.0.fabric.ingress_episode.avg_wait_cycles = 7104.21
stat.node.0.fabric.ingress_episode.max_wait_cycles = 459
stat.node.0.fabric.ingress_episode.avg_queue_wait_cycles = 1714.74
stat.node.0.fabric.ingress_episode.max_queue_wait_cycles = 314
stat.node.0.fabric.ingress_episode.avg_src_distinct = 1
stat.node.0.fabric.ingress_episode.max_src_distinct = 1
stat.node.0.fabric.ingress_episode.avg_dst_distinct = 1
stat.node.0.fabric.ingress_episode.max_dst_distinct = 1
stat.node.0.fabric.ingress_episode.avg_arrival_pkts.demand_req = 0
stat.node.0.fabric.ingress_episode.max_arrival_pkts.demand_req = 0
stat.node.0.fabric.ingress_episode.avg_release_pkts.demand_req = 0
stat.node.0.fabric.ingress_episode.max_release_pkts.demand_req = 0
stat.node.0.fabric.ingress_pre_occ_bucket.demand_req.0 = 0
stat.node.0.fabric.ingress_queue_wait_bucket.demand_req.0 = 0
stat.node.0.fabric.ingress_pre_occ_bucket.demand_req.1_64 = 0
stat.node.0.fabric.ingress_queue_wait_bucket.demand_req.1_63 = 0
stat.node.0.fabric.ingress_pre_occ_bucket.demand_req.65_256 = 0
stat.node.0.fabric.ingress_queue_wait_bucket.demand_req.64_255 = 0
stat.node.0.fabric.ingress_pre_occ_bucket.demand_req.257_1024 = 0
stat.node.0.fabric.ingress_queue_wait_bucket.demand_req.256_1023 = 0
stat.node.0.fabric.ingress_pre_occ_bucket.demand_req.1025_4096 = 0
stat.node.0.fabric.ingress_queue_wait_bucket.demand_req.1024_4095 = 0
stat.node.0.fabric.ingress_pre_occ_bucket.demand_req.4097_plus = 0
stat.node.0.fabric.ingress_queue_wait_bucket.demand_req.4096_plus = 0
stat.node.0.fabric.ingress_episode.avg_arrival_pkts.write_req = 0
stat.node.0.fabric.ingress_episode.max_arrival_pkts.write_req = 0
stat.node.0.fabric.ingress_episode.avg_release_pkts.write_req = 0
stat.node.0.fabric.ingress_episode.max_release_pkts.write_req = 0
stat.node.0.fabric.ingress_pre_occ_bucket.write_req.0 = 0
stat.node.0.fabric.ingress_queue_wait_bucket.write_req.0 = 0
stat.node.0.fabric.ingress_pre_occ_bucket.write_req.1_64 = 0
stat.node.0.fabric.ingress_queue_wait_bucket.write_req.1_63 = 0
stat.node.0.fabric.ingress_pre_occ_bucket.write_req.65_256 = 0
stat.node.0.fabric.ingress_queue_wait_bucket.write_req.64_255 = 0
stat.node.0.fabric.ingress_pre_occ_bucket.write_req.257_1024 = 0
stat.node.0.fabric.ingress_queue_wait_bucket.write_req.256_1023 = 0
stat.node.0.fabric.ingress_pre_occ_bucket.write_req.1025_4096 = 0
stat.node.0.fabric.ingress_queue_wait_bucket.write_req.1024_4095 = 0
stat.node.0.fabric.ingress_pre_occ_bucket.write_req.4097_plus = 0
stat.node.0.fabric.ingress_queue_wait_bucket.write_req.4096_plus = 0
stat.node.0.fabric.ingress_episode.avg_arrival_pkts.response = 37.1662
stat.node.0.fabric.ingress_episode.max_arrival_pkts.response = 261
stat.node.0.fabric.ingress_episode.avg_release_pkts.response = 37.1688
stat.node.0.fabric.ingress_episode.max_release_pkts.response = 261
stat.node.0.fabric.ingress_pre_occ_bucket.response.0 = 385
stat.node.0.fabric.ingress_queue_wait_bucket.response.0 = 2917
stat.node.0.fabric.ingress_pre_occ_bucket.response.1_64 = 793
stat.node.0.fabric.ingress_queue_wait_bucket.response.1_63 = 7497
stat.node.0.fabric.ingress_pre_occ_bucket.response.65_256 = 4557
stat.node.0.fabric.ingress_queue_wait_bucket.response.64_255 = 3929
stat.node.0.fabric.ingress_pre_occ_bucket.response.257_1024 = 8628
stat.node.0.fabric.ingress_queue_wait_bucket.response.256_1023 = 15
stat.node.0.fabric.ingress_pre_occ_bucket.response.1025_4096 = 0
stat.node.0.fabric.ingress_queue_wait_bucket.response.1024_4095 = 0
stat.node.0.fabric.ingress_pre_occ_bucket.response.4097_plus = 0
stat.node.0.fabric.ingress_queue_wait_bucket.response.4096_plus = 0
stat.node.0.fabric.ingress_episode.avg_arrival_pkts.other_req = 0
stat.node.0.fabric.ingress_episode.max_arrival_pkts.other_req = 0
stat.node.0.fabric.ingress_episode.avg_release_pkts.other_req = 0
stat.node.0.fabric.ingress_episode.max_release_pkts.other_req = 0
stat.node.0.fabric.ingress_pre_occ_bucket.other_req.0 = 0
stat.node.0.fabric.ingress_queue_wait_bucket.other_req.0 = 0
stat.node.0.fabric.ingress_pre_occ_bucket.other_req.1_64 = 0
stat.node.0.fabric.ingress_queue_wait_bucket.other_req.1_63 = 0
stat.node.0.fabric.ingress_pre_occ_bucket.other_req.65_256 = 0
stat.node.0.fabric.ingress_queue_wait_bucket.other_req.64_255 = 0
stat.node.0.fabric.ingress_pre_occ_bucket.other_req.257_1024 = 0
stat.node.0.fabric.ingress_queue_wait_bucket.other_req.256_1023 = 0
stat.node.0.fabric.ingress_pre_occ_bucket.other_req.1025_4096 = 0
stat.node.0.fabric.ingress_queue_wait_bucket.other_req.1024_4095 = 0
stat.node.0.fabric.ingress_pre_occ_bucket.other_req.4097_plus = 0
stat.node.0.fabric.ingress_queue_wait_bucket.other_req.4096_plus = 0
stat.node.0.fabric.peer_src.100.rx_bytes.response = 919232
stat.node.0.fabric.peer_src.100.rx_pkts.response = 14363
stat.node.0.fabric.peer_src.100.tx_bytes.response = 0
stat.node.0.fabric.peer_src.100.tx_pkts.response = 0
stat.node.0.fabric.peer_src.100.ingress_arrivals.response = 14363
stat.node.0.fabric.peer_src.100.ingress_arrival_nonempty_packet_frac.response = 0.973195
stat.node.0.fabric.peer_src.100.ingress_nonempty_arrival_pre_occ_avg_bytes.response = 341.295
stat.node.0.fabric.peer_src.100.ingress_nonempty_arrival_pre_occ_max_bytes.response = 960
stat.node.0.fabric.peer_src.100.ingress_wait_avg_cycles.response = 191.128
stat.node.0.fabric.peer_src.100.ingress_queue_wait_avg_cycles.response = 46.1286
stat.node.0.fabric.peer_src.100.ingress_queue_wait_after_nonempty_arrival_avg_cycles.response = 47.403
stat.node.0.fabric.peer_src.100.ingress_pre_occ_bucket.response.0 = 385
stat.node.0.fabric.peer_src.100.ingress_queue_wait_bucket.response.0 = 2917
stat.node.0.fabric.peer_src.100.ingress_pre_occ_bucket.response.1_64 = 793
stat.node.0.fabric.peer_src.100.ingress_queue_wait_bucket.response.1_63 = 7497
stat.node.0.fabric.peer_src.100.ingress_pre_occ_bucket.response.65_256 = 4557
stat.node.0.fabric.peer_src.100.ingress_queue_wait_bucket.response.64_255 = 3929
stat.node.0.fabric.peer_src.100.ingress_pre_occ_bucket.response.257_1024 = 8628
stat.node.0.fabric.peer_src.100.ingress_queue_wait_bucket.response.256_1023 = 15
stat.node.0.fabric.peer_src.100.ingress_pre_occ_bucket.response.1025_4096 = 0
stat.node.0.fabric.peer_src.100.ingress_queue_wait_bucket.response.1024_4095 = 0
stat.node.0.fabric.peer_src.100.ingress_pre_occ_bucket.response.4097_plus = 0
stat.node.0.fabric.peer_src.100.ingress_queue_wait_bucket.response.4096_plus = 0
stat.node.0.fabric.peer_dst.0.rx_bytes.response = 919232
stat.node.0.fabric.peer_dst.0.rx_pkts.response = 14363
stat.node.0.fabric.peer_dst.0.tx_bytes.response = 0
stat.node.0.fabric.peer_dst.0.tx_pkts.response = 0
stat.node.0.fabric.peer_dst.0.ingress_arrivals.response = 14363
stat.node.0.fabric.peer_dst.0.ingress_arrival_nonempty_packet_frac.response = 0.973195
stat.node.0.fabric.peer_dst.0.ingress_nonempty_arrival_pre_occ_avg_bytes.response = 341.295
stat.node.0.fabric.peer_dst.0.ingress_nonempty_arrival_pre_occ_max_bytes.response = 960
stat.node.0.fabric.peer_dst.0.ingress_wait_avg_cycles.response = 191.128
stat.node.0.fabric.peer_dst.0.ingress_queue_wait_avg_cycles.response = 46.1286
stat.node.0.fabric.peer_dst.0.ingress_queue_wait_after_nonempty_arrival_avg_cycles.response = 47.403
stat.node.0.fabric.peer_dst.0.ingress_pre_occ_bucket.response.0 = 385
stat.node.0.fabric.peer_dst.0.ingress_queue_wait_bucket.response.0 = 2917
stat.node.0.fabric.peer_dst.0.ingress_pre_occ_bucket.response.1_64 = 793
stat.node.0.fabric.peer_dst.0.ingress_queue_wait_bucket.response.1_63 = 7497
stat.node.0.fabric.peer_dst.0.ingress_pre_occ_bucket.response.65_256 = 4557
stat.node.0.fabric.peer_dst.0.ingress_queue_wait_bucket.response.64_255 = 3929
stat.node.0.fabric.peer_dst.0.ingress_pre_occ_bucket.response.257_1024 = 8628
stat.node.0.fabric.peer_dst.0.ingress_queue_wait_bucket.response.256_1023 = 15
stat.node.0.fabric.peer_dst.0.ingress_pre_occ_bucket.response.1025_4096 = 0
stat.node.0.fabric.peer_dst.0.ingress_queue_wait_bucket.response.1024_4095 = 0
stat.node.0.fabric.peer_dst.0.ingress_pre_occ_bucket.response.4097_plus = 0
stat.node.0.fabric.peer_dst.0.ingress_queue_wait_bucket.response.4096_plus = 0
stat.node.0.fabric.tx_src.0.rx_bytes.demand_req = 0
stat.node.0.fabric.tx_src.0.rx_pkts.demand_req = 0
stat.node.0.fabric.tx_src.0.tx_bytes.demand_req = 114824
stat.node.0.fabric.tx_src.0.tx_pkts.demand_req = 14353
stat.node.0.fabric.tx_src.0.ingress_arrivals.demand_req = 0
stat.node.0.fabric.tx_src.0.ingress_arrival_nonempty_packet_frac.demand_req = 0
stat.node.0.fabric.tx_src.0.ingress_nonempty_arrival_pre_occ_avg_bytes.demand_req = 0
stat.node.0.fabric.tx_src.0.ingress_nonempty_arrival_pre_occ_max_bytes.demand_req = 0
stat.node.0.fabric.tx_src.0.ingress_wait_avg_cycles.demand_req = 0
stat.node.0.fabric.tx_src.0.ingress_queue_wait_avg_cycles.demand_req = 0
stat.node.0.fabric.tx_src.0.ingress_queue_wait_after_nonempty_arrival_avg_cycles.demand_req = 0
stat.node.0.fabric.tx_src.0.ingress_pre_occ_bucket.demand_req.0 = 0
stat.node.0.fabric.tx_src.0.ingress_queue_wait_bucket.demand_req.0 = 0
stat.node.0.fabric.tx_src.0.ingress_pre_occ_bucket.demand_req.1_64 = 0
stat.node.0.fabric.tx_src.0.ingress_queue_wait_bucket.demand_req.1_63 = 0
stat.node.0.fabric.tx_src.0.ingress_pre_occ_bucket.demand_req.65_256 = 0
stat.node.0.fabric.tx_src.0.ingress_queue_wait_bucket.demand_req.64_255 = 0
stat.node.0.fabric.tx_src.0.ingress_pre_occ_bucket.demand_req.257_1024 = 0
stat.node.0.fabric.tx_src.0.ingress_queue_wait_bucket.demand_req.256_1023 = 0
stat.node.0.fabric.tx_src.0.ingress_pre_occ_bucket.demand_req.1025_4096 = 0
stat.node.0.fabric.tx_src.0.ingress_queue_wait_bucket.demand_req.1024_4095 = 0
stat.node.0.fabric.tx_src.0.ingress_pre_occ_bucket.demand_req.4097_plus = 0
stat.node.0.fabric.tx_src.0.ingress_queue_wait_bucket.demand_req.4096_plus = 0
stat.node.0.fabric.tx_src.0.rx_bytes.write_req = 0
stat.node.0.fabric.tx_src.0.rx_pkts.write_req = 0
stat.node.0.fabric.tx_src.0.tx_bytes.write_req = 188224
stat.node.0.fabric.tx_src.0.tx_pkts.write_req = 2941
stat.node.0.fabric.tx_src.0.ingress_arrivals.write_req = 0
stat.node.0.fabric.tx_src.0.ingress_arrival_nonempty_packet_frac.write_req = 0
stat.node.0.fabric.tx_src.0.ingress_nonempty_arrival_pre_occ_avg_bytes.write_req = 0
stat.node.0.fabric.tx_src.0.ingress_nonempty_arrival_pre_occ_max_bytes.write_req = 0
stat.node.0.fabric.tx_src.0.ingress_wait_avg_cycles.write_req = 0
stat.node.0.fabric.tx_src.0.ingress_queue_wait_avg_cycles.write_req = 0
stat.node.0.fabric.tx_src.0.ingress_queue_wait_after_nonempty_arrival_avg_cycles.write_req = 0
stat.node.0.fabric.tx_src.0.ingress_pre_occ_bucket.write_req.0 = 0
stat.node.0.fabric.tx_src.0.ingress_queue_wait_bucket.write_req.0 = 0
stat.node.0.fabric.tx_src.0.ingress_pre_occ_bucket.write_req.1_64 = 0
stat.node.0.fabric.tx_src.0.ingress_queue_wait_bucket.write_req.1_63 = 0
stat.node.0.fabric.tx_src.0.ingress_pre_occ_bucket.write_req.65_256 = 0
stat.node.0.fabric.tx_src.0.ingress_queue_wait_bucket.write_req.64_255 = 0
stat.node.0.fabric.tx_src.0.ingress_pre_occ_bucket.write_req.257_1024 = 0
stat.node.0.fabric.tx_src.0.ingress_queue_wait_bucket.write_req.256_1023 = 0
stat.node.0.fabric.tx_src.0.ingress_pre_occ_bucket.write_req.1025_4096 = 0
stat.node.0.fabric.tx_src.0.ingress_queue_wait_bucket.write_req.1024_4095 = 0
stat.node.0.fabric.tx_src.0.ingress_pre_occ_bucket.write_req.4097_plus = 0
stat.node.0.fabric.tx_src.0.ingress_queue_wait_bucket.write_req.4096_plus = 0
stat.node.0.fabric.tx_src.0.rx_bytes.other_req = 0
stat.node.0.fabric.tx_src.0.rx_pkts.other_req = 0
stat.node.0.fabric.tx_src.0.tx_bytes.other_req = 88
stat.node.0.fabric.tx_src.0.tx_pkts.other_req = 11
stat.node.0.fabric.tx_src.0.ingress_arrivals.other_req = 0
stat.node.0.fabric.tx_src.0.ingress_arrival_nonempty_packet_frac.other_req = 0
stat.node.0.fabric.tx_src.0.ingress_nonempty_arrival_pre_occ_avg_bytes.other_req = 0
stat.node.0.fabric.tx_src.0.ingress_nonempty_arrival_pre_occ_max_bytes.other_req = 0
stat.node.0.fabric.tx_src.0.ingress_wait_avg_cycles.other_req = 0
stat.node.0.fabric.tx_src.0.ingress_queue_wait_avg_cycles.other_req = 0
stat.node.0.fabric.tx_src.0.ingress_queue_wait_after_nonempty_arrival_avg_cycles.other_req = 0
stat.node.0.fabric.tx_src.0.ingress_pre_occ_bucket.other_req.0 = 0
stat.node.0.fabric.tx_src.0.ingress_queue_wait_bucket.other_req.0 = 0
stat.node.0.fabric.tx_src.0.ingress_pre_occ_bucket.other_req.1_64 = 0
stat.node.0.fabric.tx_src.0.ingress_queue_wait_bucket.other_req.1_63 = 0
stat.node.0.fabric.tx_src.0.ingress_pre_occ_bucket.other_req.65_256 = 0
stat.node.0.fabric.tx_src.0.ingress_queue_wait_bucket.other_req.64_255 = 0
stat.node.0.fabric.tx_src.0.ingress_pre_occ_bucket.other_req.257_1024 = 0
stat.node.0.fabric.tx_src.0.ingress_queue_wait_bucket.other_req.256_1023 = 0
stat.node.0.fabric.tx_src.0.ingress_pre_occ_bucket.other_req.1025_4096 = 0
stat.node.0.fabric.tx_src.0.ingress_queue_wait_bucket.other_req.1024_4095 = 0
stat.node.0.fabric.tx_src.0.ingress_pre_occ_bucket.other_req.4097_plus = 0
stat.node.0.fabric.tx_src.0.ingress_queue_wait_bucket.other_req.4096_plus = 0
stat.node.0.fabric.tx_dst.100.rx_bytes.demand_req = 0
stat.node.0.fabric.tx_dst.100.rx_pkts.demand_req = 0
stat.node.0.fabric.tx_dst.100.tx_bytes.demand_req = 114824
stat.node.0.fabric.tx_dst.100.tx_pkts.demand_req = 14353
stat.node.0.fabric.tx_dst.100.ingress_arrivals.demand_req = 0
stat.node.0.fabric.tx_dst.100.ingress_arrival_nonempty_packet_frac.demand_req = 0
stat.node.0.fabric.tx_dst.100.ingress_nonempty_arrival_pre_occ_avg_bytes.demand_req = 0
stat.node.0.fabric.tx_dst.100.ingress_nonempty_arrival_pre_occ_max_bytes.demand_req = 0
stat.node.0.fabric.tx_dst.100.ingress_wait_avg_cycles.demand_req = 0
stat.node.0.fabric.tx_dst.100.ingress_queue_wait_avg_cycles.demand_req = 0
stat.node.0.fabric.tx_dst.100.ingress_queue_wait_after_nonempty_arrival_avg_cycles.demand_req = 0
stat.node.0.fabric.tx_dst.100.ingress_pre_occ_bucket.demand_req.0 = 0
stat.node.0.fabric.tx_dst.100.ingress_queue_wait_bucket.demand_req.0 = 0
stat.node.0.fabric.tx_dst.100.ingress_pre_occ_bucket.demand_req.1_64 = 0
stat.node.0.fabric.tx_dst.100.ingress_queue_wait_bucket.demand_req.1_63 = 0
stat.node.0.fabric.tx_dst.100.ingress_pre_occ_bucket.demand_req.65_256 = 0
stat.node.0.fabric.tx_dst.100.ingress_queue_wait_bucket.demand_req.64_255 = 0
stat.node.0.fabric.tx_dst.100.ingress_pre_occ_bucket.demand_req.257_1024 = 0
stat.node.0.fabric.tx_dst.100.ingress_queue_wait_bucket.demand_req.256_1023 = 0
stat.node.0.fabric.tx_dst.100.ingress_pre_occ_bucket.demand_req.1025_4096 = 0
stat.node.0.fabric.tx_dst.100.ingress_queue_wait_bucket.demand_req.1024_4095 = 0
stat.node.0.fabric.tx_dst.100.ingress_pre_occ_bucket.demand_req.4097_plus = 0
stat.node.0.fabric.tx_dst.100.ingress_queue_wait_bucket.demand_req.4096_plus = 0
stat.node.0.fabric.tx_dst.100.rx_bytes.write_req = 0
stat.node.0.fabric.tx_dst.100.rx_pkts.write_req = 0
stat.node.0.fabric.tx_dst.100.tx_bytes.write_req = 188224
stat.node.0.fabric.tx_dst.100.tx_pkts.write_req = 2941
stat.node.0.fabric.tx_dst.100.ingress_arrivals.write_req = 0
stat.node.0.fabric.tx_dst.100.ingress_arrival_nonempty_packet_frac.write_req = 0
stat.node.0.fabric.tx_dst.100.ingress_nonempty_arrival_pre_occ_avg_bytes.write_req = 0
stat.node.0.fabric.tx_dst.100.ingress_nonempty_arrival_pre_occ_max_bytes.write_req = 0
stat.node.0.fabric.tx_dst.100.ingress_wait_avg_cycles.write_req = 0
stat.node.0.fabric.tx_dst.100.ingress_queue_wait_avg_cycles.write_req = 0
stat.node.0.fabric.tx_dst.100.ingress_queue_wait_after_nonempty_arrival_avg_cycles.write_req = 0
stat.node.0.fabric.tx_dst.100.ingress_pre_occ_bucket.write_req.0 = 0
stat.node.0.fabric.tx_dst.100.ingress_queue_wait_bucket.write_req.0 = 0
stat.node.0.fabric.tx_dst.100.ingress_pre_occ_bucket.write_req.1_64 = 0
stat.node.0.fabric.tx_dst.100.ingress_queue_wait_bucket.write_req.1_63 = 0
stat.node.0.fabric.tx_dst.100.ingress_pre_occ_bucket.write_req.65_256 = 0
stat.node.0.fabric.tx_dst.100.ingress_queue_wait_bucket.write_req.64_255 = 0
stat.node.0.fabric.tx_dst.100.ingress_pre_occ_bucket.write_req.257_1024 = 0
stat.node.0.fabric.tx_dst.100.ingress_queue_wait_bucket.write_req.256_1023 = 0
stat.node.0.fabric.tx_dst.100.ingress_pre_occ_bucket.write_req.1025_4096 = 0
stat.node.0.fabric.tx_dst.100.ingress_queue_wait_bucket.write_req.1024_4095 = 0
stat.node.0.fabric.tx_dst.100.ingress_pre_occ_bucket.write_req.4097_plus = 0
stat.node.0.fabric.tx_dst.100.ingress_queue_wait_bucket.write_req.4096_plus = 0
stat.node.0.fabric.tx_dst.100.rx_bytes.other_req = 0
stat.node.0.fabric.tx_dst.100.rx_pkts.other_req = 0
stat.node.0.fabric.tx_dst.100.tx_bytes.other_req = 88
stat.node.0.fabric.tx_dst.100.tx_pkts.other_req = 11
stat.node.0.fabric.tx_dst.100.ingress_arrivals.other_req = 0
stat.node.0.fabric.tx_dst.100.ingress_arrival_nonempty_packet_frac.other_req = 0
stat.node.0.fabric.tx_dst.100.ingress_nonempty_arrival_pre_occ_avg_bytes.other_req = 0
stat.node.0.fabric.tx_dst.100.ingress_nonempty_arrival_pre_occ_max_bytes.other_req = 0
stat.node.0.fabric.tx_dst.100.ingress_wait_avg_cycles.other_req = 0
stat.node.0.fabric.tx_dst.100.ingress_queue_wait_avg_cycles.other_req = 0
stat.node.0.fabric.tx_dst.100.ingress_queue_wait_after_nonempty_arrival_avg_cycles.other_req = 0
stat.node.0.fabric.tx_dst.100.ingress_pre_occ_bucket.other_req.0 = 0
stat.node.0.fabric.tx_dst.100.ingress_queue_wait_bucket.other_req.0 = 0
stat.node.0.fabric.tx_dst.100.ingress_pre_occ_bucket.other_req.1_64 = 0
stat.node.0.fabric.tx_dst.100.ingress_queue_wait_bucket.other_req.1_63 = 0
stat.node.0.fabric.tx_dst.100.ingress_pre_occ_bucket.other_req.65_256 = 0
stat.node.0.fabric.tx_dst.100.ingress_queue_wait_bucket.other_req.64_255 = 0
stat.node.0.fabric.tx_dst.100.ingress_pre_occ_bucket.other_req.257_1024 = 0
stat.node.0.fabric.tx_dst.100.ingress_queue_wait_bucket.other_req.256_1023 = 0
stat.node.0.fabric.tx_dst.100.ingress_pre_occ_bucket.other_req.1025_4096 = 0
stat.node.0.fabric.tx_dst.100.ingress_queue_wait_bucket.other_req.1024_4095 = 0
stat.node.0.fabric.tx_dst.100.ingress_pre_occ_bucket.other_req.4097_plus = 0
stat.node.0.fabric.tx_dst.100.ingress_queue_wait_bucket.other_req.4096_plus = 0
stat.node.0.walltime_s = 191.322
stat.node.0.active_time_s = 172.324
stat.pool.100.util.mem_avg = 0.134519
stat.pool.100.util.req_link_avg = 0.230235
stat.pool.100.memq.demand.completed = 14351
stat.pool.100.memq.demand.response_completed = 14351
stat.pool.100.memq.demand.queue_wait_avg_cycles = 1.75298
stat.pool.100.memq.demand.queue_wait_max_cycles = 14
stat.pool.100.memq.demand.service_avg_cycles = 75.0202
stat.pool.100.memq.demand.service_max_cycles = 123
stat.pool.100.memq.demand.total_avg_cycles = 76.7732
stat.pool.100.memq.demand.total_max_cycles = 130
stat.pool.100.memq.demand.ahead_pkts_avg.load = 2.03846
stat.pool.100.memq.demand.ahead_pkts_max.load = 14
stat.pool.100.memq.demand.ahead_bytes_avg.load = 2.03846
stat.pool.100.memq.demand.ahead_bytes_max.load = 14
stat.pool.100.memq.demand.ahead_pkts_avg.rfo = 0.59083
stat.pool.100.memq.demand.ahead_pkts_max.rfo = 6
stat.pool.100.memq.demand.ahead_bytes_avg.rfo = 0.59083
stat.pool.100.memq.demand.ahead_bytes_max.rfo = 6
stat.pool.100.memq.demand.ahead_pkts_avg.write = 0.617379
stat.pool.100.memq.demand.ahead_pkts_max.write = 3
stat.pool.100.memq.demand.ahead_bytes_avg.write = 0.617379
stat.pool.100.memq.demand.ahead_bytes_max.write = 3
stat.pool.100.memq.demand.ahead_pkts_avg.other = 0.00216013
stat.pool.100.memq.demand.ahead_pkts_max.other = 1
stat.pool.100.memq.demand.ahead_bytes_avg.other = 0.00216013
stat.pool.100.memq.demand.ahead_bytes_max.other = 1
stat.pool.100.memq.demand.queue_wait_bucket.0 = 5
stat.pool.100.memq.demand.service_bucket.0 = 0
stat.pool.100.memq.demand.total_bucket.0 = 0
stat.pool.100.memq.demand.ahead_total_pkts_bucket.0 = 1064
stat.pool.100.memq.demand.ahead_total_bytes_bucket.0 = 1064
stat.pool.100.memq.demand.queue_wait_bucket.1_63 = 14346
stat.pool.100.memq.demand.service_bucket.1_63 = 4
stat.pool.100.memq.demand.total_bucket.1_63 = 4
stat.pool.100.memq.demand.ahead_total_pkts_bucket.1 = 2116
stat.pool.100.memq.demand.ahead_total_bytes_bucket.1_64 = 13287
stat.pool.100.memq.demand.queue_wait_bucket.64_255 = 0
stat.pool.100.memq.demand.service_bucket.64_255 = 14347
stat.pool.100.memq.demand.total_bucket.64_255 = 14347
stat.pool.100.memq.demand.ahead_total_pkts_bucket.2 = 2781
stat.pool.100.memq.demand.ahead_total_bytes_bucket.65_256 = 0
stat.pool.100.memq.demand.queue_wait_bucket.256_1023 = 0
stat.pool.100.memq.demand.service_bucket.256_1023 = 0
stat.pool.100.memq.demand.total_bucket.256_1023 = 0
stat.pool.100.memq.demand.ahead_total_pkts_bucket.3_4 = 4862
stat.pool.100.memq.demand.ahead_total_bytes_bucket.257_1024 = 0
stat.pool.100.memq.demand.queue_wait_bucket.1024_4095 = 0
stat.pool.100.memq.demand.service_bucket.1024_4095 = 0
stat.pool.100.memq.demand.total_bucket.1024_4095 = 0
stat.pool.100.memq.demand.ahead_total_pkts_bucket.5_8 = 3187
stat.pool.100.memq.demand.ahead_total_bytes_bucket.1025_4096 = 0
stat.pool.100.memq.demand.queue_wait_bucket.4096_plus = 0
stat.pool.100.memq.demand.service_bucket.4096_plus = 0
stat.pool.100.memq.demand.total_bucket.4096_plus = 0
stat.pool.100.memq.demand.ahead_total_pkts_bucket.9_plus = 341
stat.pool.100.memq.demand.ahead_total_bytes_bucket.4097_plus = 0
stat.pool.100.memq.queue_occ_avg_reqs = 2.57314
stat.pool.100.memq.queue_occ_stddev_reqs = 2.22036
stat.pool.100.memq.queue_occ_max_reqs = 16
stat.pool.100.memq.queue_occ_nonempty_frac = 0.80433
stat.pool.100.memq.enqueue_burst_avg_pkts = 1
stat.pool.100.memq.enqueue_burst_stddev_pkts = 0
stat.pool.100.memq.enqueue_burst_max_pkts = 1
stat.pool.100.memq.complete_burst_avg_pkts = 1
stat.pool.100.memq.complete_burst_stddev_pkts = 0
stat.pool.100.memq.complete_burst_max_pkts = 1
stat.pool.100.memq.queue_episode.count = 1816
stat.pool.100.memq.queue_episode.avg_cycles = 227.599
stat.pool.100.memq.queue_episode.max_cycles = 1371
stat.pool.100.memq.queue_episode.avg_peak_occ_reqs = 5.48789
stat.pool.100.memq.queue_episode.max_peak_occ_reqs = 16
stat.pool.100.memq.queue_episode.avg_enqueue_pkts = 9.51707
stat.pool.100.memq.queue_episode.max_enqueue_pkts = 55
stat.pool.100.memq.queue_episode.avg_complete_pkts = 9.38546
stat.pool.100.memq.queue_episode.max_complete_pkts = 55
stat.pool.100.memq.queue_occ_bucket.0 = 100637
stat.pool.100.memq.enqueue_burst_bucket.0 = 0
stat.pool.100.memq.complete_burst_bucket.0 = 0
stat.pool.100.memq.queue_occ_bucket.1 = 92908
stat.pool.100.memq.enqueue_burst_bucket.1 = 17302
stat.pool.100.memq.complete_burst_bucket.1 = 17305
stat.pool.100.memq.queue_occ_bucket.2 = 88794
stat.pool.100.memq.enqueue_burst_bucket.2 = 0
stat.pool.100.memq.complete_burst_bucket.2 = 0
stat.pool.100.memq.queue_occ_bucket.3_4 = 141218
stat.pool.100.memq.enqueue_burst_bucket.3_4 = 0
stat.pool.100.memq.complete_burst_bucket.3_4 = 0
stat.pool.100.memq.queue_occ_bucket.5_8 = 82304
stat.pool.100.memq.enqueue_burst_bucket.5_8 = 0
stat.pool.100.memq.complete_burst_bucket.5_8 = 0
stat.pool.100.memq.queue_occ_bucket.9_plus = 8459
stat.pool.100.memq.enqueue_burst_bucket.9_plus = 0
stat.pool.100.memq.complete_burst_bucket.9_plus = 0
stat.pool.100.memq.queue_occ_avg_reqs.load = 1.72142
stat.pool.100.memq.queue_occ_max_reqs.load = 15
stat.pool.100.memq.enqueue_burst_avg_pkts.load = 0.666108
stat.pool.100.memq.enqueue_burst_max_pkts.load = 1
stat.pool.100.memq.complete_burst_avg_pkts.load = 0.666166
stat.pool.100.memq.complete_burst_max_pkts.load = 1
stat.pool.100.memq.queue_occ_avg_reqs.rfo = 0.420923
stat.pool.100.memq.queue_occ_max_reqs.rfo = 7
stat.pool.100.memq.enqueue_burst_avg_pkts.rfo = 0.16316
stat.pool.100.memq.enqueue_burst_max_pkts.rfo = 1
stat.pool.100.memq.complete_burst_avg_pkts.rfo = 0.163132
stat.pool.100.memq.complete_burst_max_pkts.rfo = 1
stat.pool.100.memq.queue_occ_avg_reqs.write = 0.429159
stat.pool.100.memq.queue_occ_max_reqs.write = 3
stat.pool.100.memq.enqueue_burst_avg_pkts.write = 0.170096
stat.pool.100.memq.enqueue_burst_max_pkts.write = 1
stat.pool.100.memq.complete_burst_avg_pkts.write = 0.170066
stat.pool.100.memq.complete_burst_max_pkts.write = 1
stat.pool.100.memq.queue_occ_avg_reqs.other = 0.00163711
stat.pool.100.memq.queue_occ_max_reqs.other = 1
stat.pool.100.memq.enqueue_burst_avg_pkts.other = 0.000635765
stat.pool.100.memq.enqueue_burst_max_pkts.other = 1
stat.pool.100.memq.complete_burst_avg_pkts.other = 0.000635654
stat.pool.100.memq.complete_burst_max_pkts.other = 1
stat.pool.100.memq.load.completed = 11528
stat.pool.100.memq.load.response_completed = 11528
stat.pool.100.memq.load.queue_wait_avg_cycles = 1.79042
stat.pool.100.memq.load.queue_wait_max_cycles = 14
stat.pool.100.memq.load.service_avg_cycles = 75.0047
stat.pool.100.memq.load.service_max_cycles = 123
stat.pool.100.memq.load.total_avg_cycles = 76.7951
stat.pool.100.memq.load.total_max_cycles = 130
stat.pool.100.memq.load.ahead_pkts_avg.load = 2.10349
stat.pool.100.memq.load.ahead_pkts_max.load = 14
stat.pool.100.memq.load.ahead_bytes_avg.load = 2.10349
stat.pool.100.memq.load.ahead_bytes_max.load = 14
stat.pool.100.memq.load.ahead_pkts_avg.rfo = 0.606783
stat.pool.100.memq.load.ahead_pkts_max.rfo = 6
stat.pool.100.memq.load.ahead_bytes_avg.rfo = 0.606783
stat.pool.100.memq.load.ahead_bytes_max.rfo = 6
stat.pool.100.memq.load.ahead_pkts_avg.write = 0.619622
stat.pool.100.memq.load.ahead_pkts_max.write = 3
stat.pool.100.memq.load.ahead_bytes_avg.write = 0.619622
stat.pool.100.memq.load.ahead_bytes_max.write = 3
stat.pool.100.memq.load.ahead_pkts_avg.other = 0.0026891
stat.pool.100.memq.load.ahead_pkts_max.other = 1
stat.pool.100.memq.load.ahead_bytes_avg.other = 0.0026891
stat.pool.100.memq.load.ahead_bytes_max.other = 1
stat.pool.100.memq.load.queue_wait_bucket.0 = 4
stat.pool.100.memq.load.service_bucket.0 = 0
stat.pool.100.memq.load.total_bucket.0 = 0
stat.pool.100.memq.load.ahead_total_pkts_bucket.0 = 767
stat.pool.100.memq.load.ahead_total_bytes_bucket.0 = 767
stat.pool.100.memq.load.queue_wait_bucket.1_63 = 11524
stat.pool.100.memq.load.service_bucket.1_63 = 3
stat.pool.100.memq.load.total_bucket.1_63 = 3
stat.pool.100.memq.load.ahead_total_pkts_bucket.1 = 1621
stat.pool.100.memq.load.ahead_total_bytes_bucket.1_64 = 10761
stat.pool.100.memq.load.queue_wait_bucket.64_255 = 0
stat.pool.100.memq.load.service_bucket.64_255 = 11525
stat.pool.100.memq.load.total_bucket.64_255 = 11525
stat.pool.100.memq.load.ahead_total_pkts_bucket.2 = 2217
stat.pool.100.memq.load.ahead_total_bytes_bucket.65_256 = 0
stat.pool.100.memq.load.queue_wait_bucket.256_1023 = 0
stat.pool.100.memq.load.service_bucket.256_1023 = 0
stat.pool.100.memq.load.total_bucket.256_1023 = 0
stat.pool.100.memq.load.ahead_total_pkts_bucket.3_4 = 3949
stat.pool.100.memq.load.ahead_total_bytes_bucket.257_1024 = 0
stat.pool.100.memq.load.queue_wait_bucket.1024_4095 = 0
stat.pool.100.memq.load.service_bucket.1024_4095 = 0
stat.pool.100.memq.load.total_bucket.1024_4095 = 0
stat.pool.100.memq.load.ahead_total_pkts_bucket.5_8 = 2686
stat.pool.100.memq.load.ahead_total_bytes_bucket.1025_4096 = 0
stat.pool.100.memq.load.queue_wait_bucket.4096_plus = 0
stat.pool.100.memq.load.service_bucket.4096_plus = 0
stat.pool.100.memq.load.total_bucket.4096_plus = 0
stat.pool.100.memq.load.ahead_total_pkts_bucket.9_plus = 288
stat.pool.100.memq.load.ahead_total_bytes_bucket.4097_plus = 0
stat.pool.100.respq.load.attempted = 11528
stat.pool.100.respq.load.completed = 11528
stat.pool.100.respq.load.blocked = 0
stat.pool.100.respq.load.wait_avg_cycles = 0
stat.pool.100.respq.load.wait_max_cycles = 0
stat.pool.100.memq.rfo.completed = 2823
stat.pool.100.memq.rfo.response_completed = 2823
stat.pool.100.memq.rfo.queue_wait_avg_cycles = 1.60007
stat.pool.100.memq.rfo.queue_wait_max_cycles = 11
stat.pool.100.memq.rfo.service_avg_cycles = 75.0836
stat.pool.100.memq.rfo.service_max_cycles = 123
stat.pool.100.memq.rfo.total_avg_cycles = 76.6837
stat.pool.100.memq.rfo.total_max_cycles = 128
stat.pool.100.memq.rfo.ahead_pkts_avg.load = 1.77294
stat.pool.100.memq.rfo.ahead_pkts_max.load = 10
stat.pool.100.memq.rfo.ahead_bytes_avg.load = 1.77294
stat.pool.100.memq.rfo.ahead_bytes_max.load = 10
stat.pool.100.memq.rfo.ahead_pkts_avg.rfo = 0.525682
stat.pool.100.memq.rfo.ahead_pkts_max.rfo = 6
stat.pool.100.memq.rfo.ahead_bytes_avg.rfo = 0.525682
stat.pool.100.memq.rfo.ahead_bytes_max.rfo = 6
stat.pool.100.memq.rfo.ahead_pkts_avg.write = 0.608218
stat.pool.100.memq.rfo.ahead_pkts_max.write = 3
stat.pool.100.memq.rfo.ahead_bytes_avg.write = 0.608218
stat.pool.100.memq.rfo.ahead_bytes_max.write = 3
stat.pool.100.memq.rfo.ahead_pkts_avg.other = 0
stat.pool.100.memq.rfo.ahead_pkts_max.other = 0
stat.pool.100.memq.rfo.ahead_bytes_avg.other = 0
stat.pool.100.memq.rfo.ahead_bytes_max.other = 0
stat.pool.100.memq.rfo.queue_wait_bucket.0 = 1
stat.pool.100.memq.rfo.service_bucket.0 = 0
stat.pool.100.memq.rfo.total_bucket.0 = 0
stat.pool.100.memq.rfo.ahead_total_pkts_bucket.0 = 297
stat.pool.100.memq.rfo.ahead_total_bytes_bucket.0 = 297
stat.pool.100.memq.rfo.queue_wait_bucket.1_63 = 2822
stat.pool.100.memq.rfo.service_bucket.1_63 = 1
stat.pool.100.memq.rfo.total_bucket.1_63 = 1
stat.pool.100.memq.rfo.ahead_total_pkts_bucket.1 = 495
stat.pool.100.memq.rfo.ahead_total_bytes_bucket.1_64 = 2526
stat.pool.100.memq.rfo.queue_wait_bucket.64_255 = 0
stat.pool.100.memq.rfo.service_bucket.64_255 = 2822
stat.pool.100.memq.rfo.total_bucket.64_255 = 2822
stat.pool.100.memq.rfo.ahead_total_pkts_bucket.2 = 564
stat.pool.100.memq.rfo.ahead_total_bytes_bucket.65_256 = 0
stat.pool.100.memq.rfo.queue_wait_bucket.256_1023 = 0
stat.pool.100.memq.rfo.service_bucket.256_1023 = 0
stat.pool.100.memq.rfo.total_bucket.256_1023 = 0
stat.pool.100.memq.rfo.ahead_total_pkts_bucket.3_4 = 913
stat.pool.100.memq.rfo.ahead_total_bytes_bucket.257_1024 = 0
stat.pool.100.memq.rfo.queue_wait_bucket.1024_4095 = 0
stat.pool.100.memq.rfo.service_bucket.1024_4095 = 0
stat.pool.100.memq.rfo.total_bucket.1024_4095 = 0
stat.pool.100.memq.rfo.ahead_total_pkts_bucket.5_8 = 501
stat.pool.100.memq.rfo.ahead_total_bytes_bucket.1025_4096 = 0
stat.pool.100.memq.rfo.queue_wait_bucket.4096_plus = 0
stat.pool.100.memq.rfo.service_bucket.4096_plus = 0
stat.pool.100.memq.rfo.total_bucket.4096_plus = 0
stat.pool.100.memq.rfo.ahead_total_pkts_bucket.9_plus = 53
stat.pool.100.memq.rfo.ahead_total_bytes_bucket.4097_plus = 0
stat.pool.100.respq.rfo.attempted = 2823
stat.pool.100.respq.rfo.completed = 2823
stat.pool.100.respq.rfo.blocked = 0
stat.pool.100.respq.rfo.wait_avg_cycles = 0
stat.pool.100.respq.rfo.wait_max_cycles = 0
stat.pool.100.memq.write.completed = 2943
stat.pool.100.memq.write.response_completed = 0
stat.pool.100.memq.write.queue_wait_avg_cycles = 1
stat.pool.100.memq.write.queue_wait_max_cycles = 1
stat.pool.100.memq.write.service_avg_cycles = 75
stat.pool.100.memq.write.service_max_cycles = 75
stat.pool.100.memq.write.total_avg_cycles = 76
stat.pool.100.memq.write.total_max_cycles = 76
stat.pool.100.memq.write.ahead_pkts_avg.load = 1.11723
stat.pool.100.memq.write.ahead_pkts_max.load = 8
stat.pool.100.memq.write.ahead_bytes_avg.load = 1.11723
stat.pool.100.memq.write.ahead_bytes_max.load = 8
stat.pool.100.memq.write.ahead_pkts_avg.rfo = 0.276249
stat.pool.100.memq.write.ahead_pkts_max.rfo = 4
stat.pool.100.memq.write.ahead_bytes_avg.rfo = 0.276249
stat.pool.100.memq.write.ahead_bytes_max.rfo = 4
stat.pool.100.memq.write.ahead_pkts_avg.write = 0.445464
stat.pool.100.memq.write.ahead_pkts_max.write = 3
stat.pool.100.memq.write.ahead_bytes_avg.write = 0.445464
stat.pool.100.memq.write.ahead_bytes_max.write = 3
stat.pool.100.memq.write.ahead_pkts_avg.other = 0.00101937
stat.pool.100.memq.write.ahead_pkts_max.other = 1
stat.pool.100.memq.write.ahead_bytes_avg.other = 0.00101937
stat.pool.100.memq.write.ahead_bytes_max.other = 1
stat.pool.100.memq.write.queue_wait_bucket.0 = 0
stat.pool.100.memq.write.service_bucket.0 = 0
stat.pool.100.memq.write.total_bucket.0 = 0
stat.pool.100.memq.write.ahead_total_pkts_bucket.0 = 781
stat.pool.100.memq.write.ahead_total_bytes_bucket.0 = 781
stat.pool.100.memq.write.queue_wait_bucket.1_63 = 2943
stat.pool.100.memq.write.service_bucket.1_63 = 0
stat.pool.100.memq.write.total_bucket.1_63 = 0
stat.pool.100.memq.write.ahead_total_pkts_bucket.1 = 688
stat.pool.100.memq.write.ahead_total_bytes_bucket.1_64 = 2162
stat.pool.100.memq.write.queue_wait_bucket.64_255 = 0
stat.pool.100.memq.write.service_bucket.64_255 = 2943
stat.pool.100.memq.write.total_bucket.64_255 = 2943
stat.pool.100.memq.write.ahead_total_pkts_bucket.2 = 609
stat.pool.100.memq.write.ahead_total_bytes_bucket.65_256 = 0
stat.pool.100.memq.write.queue_wait_bucket.256_1023 = 0
stat.pool.100.memq.write.service_bucket.256_1023 = 0
stat.pool.100.memq.write.total_bucket.256_1023 = 0
stat.pool.100.memq.write.ahead_total_pkts_bucket.3_4 = 628
stat.pool.100.memq.write.ahead_total_bytes_bucket.257_1024 = 0
stat.pool.100.memq.write.queue_wait_bucket.1024_4095 = 0
stat.pool.100.memq.write.service_bucket.1024_4095 = 0
stat.pool.100.memq.write.total_bucket.1024_4095 = 0
stat.pool.100.memq.write.ahead_total_pkts_bucket.5_8 = 225
stat.pool.100.memq.write.ahead_total_bytes_bucket.1025_4096 = 0
stat.pool.100.memq.write.queue_wait_bucket.4096_plus = 0
stat.pool.100.memq.write.service_bucket.4096_plus = 0
stat.pool.100.memq.write.total_bucket.4096_plus = 0
stat.pool.100.memq.write.ahead_total_pkts_bucket.9_plus = 12
stat.pool.100.memq.write.ahead_total_bytes_bucket.4097_plus = 0
stat.pool.100.respq.write.attempted = 0
stat.pool.100.respq.write.completed = 0
stat.pool.100.respq.write.blocked = 0
stat.pool.100.respq.write.wait_avg_cycles = 0
stat.pool.100.respq.write.wait_max_cycles = 0
stat.pool.100.memq.other.completed = 11
stat.pool.100.memq.other.response_completed = 11
stat.pool.100.memq.other.queue_wait_avg_cycles = 1.54545
stat.pool.100.memq.other.queue_wait_max_cycles = 4
stat.pool.100.memq.other.service_avg_cycles = 75
stat.pool.100.memq.other.service_max_cycles = 75
stat.pool.100.memq.other.total_avg_cycles = 76.5455
stat.pool.100.memq.other.total_max_cycles = 79
stat.pool.100.memq.other.ahead_pkts_avg.load = 1.18182
stat.pool.100.memq.other.ahead_pkts_max.load = 3
stat.pool.100.memq.other.ahead_bytes_avg.load = 1.18182
stat.pool.100.memq.other.ahead_bytes_max.load = 3
stat.pool.100.memq.other.ahead_pkts_avg.rfo = 0.636364
stat.pool.100.memq.other.ahead_pkts_max.rfo = 2
stat.pool.100.memq.other.ahead_bytes_avg.rfo = 0.636364
stat.pool.100.memq.other.ahead_bytes_max.rfo = 2
stat.pool.100.memq.other.ahead_pkts_avg.write = 0.727273
stat.pool.100.memq.other.ahead_pkts_max.write = 2
stat.pool.100.memq.other.ahead_bytes_avg.write = 0.727273
stat.pool.100.memq.other.ahead_bytes_max.write = 2
stat.pool.100.memq.other.ahead_pkts_avg.other = 0
stat.pool.100.memq.other.ahead_pkts_max.other = 0
stat.pool.100.memq.other.ahead_bytes_avg.other = 0
stat.pool.100.memq.other.ahead_bytes_max.other = 0
stat.pool.100.memq.other.queue_wait_bucket.0 = 0
stat.pool.100.memq.other.service_bucket.0 = 0
stat.pool.100.memq.other.total_bucket.0 = 0
stat.pool.100.memq.other.ahead_total_pkts_bucket.0 = 0
stat.pool.100.memq.other.ahead_total_bytes_bucket.0 = 0
stat.pool.100.memq.other.queue_wait_bucket.1_63 = 11
stat.pool.100.memq.other.service_bucket.1_63 = 0
stat.pool.100.memq.other.total_bucket.1_63 = 0
stat.pool.100.memq.other.ahead_total_pkts_bucket.1 = 3
stat.pool.100.memq.other.ahead_total_bytes_bucket.1_64 = 11
stat.pool.100.memq.other.queue_wait_bucket.64_255 = 0
stat.pool.100.memq.other.service_bucket.64_255 = 11
stat.pool.100.memq.other.total_bucket.64_255 = 11
stat.pool.100.memq.other.ahead_total_pkts_bucket.2 = 3
stat.pool.100.memq.other.ahead_total_bytes_bucket.65_256 = 0
stat.pool.100.memq.other.queue_wait_bucket.256_1023 = 0
stat.pool.100.memq.other.service_bucket.256_1023 = 0
stat.pool.100.memq.other.total_bucket.256_1023 = 0
stat.pool.100.memq.other.ahead_total_pkts_bucket.3_4 = 4
stat.pool.100.memq.other.ahead_total_bytes_bucket.257_1024 = 0
stat.pool.100.memq.other.queue_wait_bucket.1024_4095 = 0
stat.pool.100.memq.other.service_bucket.1024_4095 = 0
stat.pool.100.memq.other.total_bucket.1024_4095 = 0
stat.pool.100.memq.other.ahead_total_pkts_bucket.5_8 = 1
stat.pool.100.memq.other.ahead_total_bytes_bucket.1025_4096 = 0
stat.pool.100.memq.other.queue_wait_bucket.4096_plus = 0
stat.pool.100.memq.other.service_bucket.4096_plus = 0
stat.pool.100.memq.other.total_bucket.4096_plus = 0
stat.pool.100.memq.other.ahead_total_pkts_bucket.9_plus = 0
stat.pool.100.memq.other.ahead_total_bytes_bucket.4097_plus = 0
stat.pool.100.respq.other.attempted = 11
stat.pool.100.respq.other.completed = 11
stat.pool.100.respq.other.blocked = 0
stat.pool.100.respq.other.wait_avg_cycles = 0
stat.pool.100.respq.other.wait_max_cycles = 0
stat.pool.100.response.returned_burst_max_pkts = 1
stat.pool.100.response.returned_burst_avg_pkts = 1
stat.pool.100.response.returned_burst_stddev_pkts = 0
stat.pool.100.response.returned_nonempty_frac = 0.0279243
stat.pool.100.response.sent_burst_max_pkts = 1
stat.pool.100.response.sent_burst_avg_pkts = 1
stat.pool.100.response.sent_burst_stddev_pkts = 0
stat.pool.100.response.sent_nonempty_frac = 0.0279243
stat.pool.100.response.blocked_cycles = 0
stat.pool.100.response.blocked_avg_pending_pkts = 0
stat.pool.100.response.blocked_max_pending_pkts = 0
stat.pool.100.response.returned_occ_avg_pkts = 0.0279242
stat.pool.100.response.returned_occ_stddev_pkts = 0.164756
stat.pool.100.response.returned_occ_max_pkts = 1
stat.pool.100.response.pending_occ_avg = 2.14398
stat.pool.100.response.pending_occ_stddev = 2.11613
stat.pool.100.response.pending_occ_max = 16
stat.pool.100.request.accept_src.distinct_avg = 1
stat.pool.100.request.accept_src.distinct_max = 1
stat.pool.100.request.accept_src.nonempty_frac = 0.0336406
stat.pool.100.request.blocked_src.distinct_avg = 0
stat.pool.100.request.blocked_src.distinct_max = 0
stat.pool.100.request.blocked_src.nonempty_frac = 0
stat.pool.100.pending.src.distinct_avg = 1
stat.pool.100.pending.src.distinct_max = 1
stat.pool.100.pending.src.nonempty_frac = 0.718315
stat.pool.100.pending.ready_src.distinct_avg = 1
stat.pool.100.pending.ready_src.distinct_max = 1
stat.pool.100.pending.ready_src.nonempty_frac = 0.0279243
stat.pool.100.response.ready_src.distinct_avg = 1
stat.pool.100.response.ready_src.distinct_max = 1
stat.pool.100.response.ready_src.nonempty_frac = 0.0279243
stat.pool.100.response.sent_dst.distinct_avg = 1
stat.pool.100.response.sent_dst.distinct_max = 1
stat.pool.100.response.sent_dst.nonempty_frac = 0.0279243
stat.pool.100.pending_episode.count = 2106
stat.pool.100.pending_episode.avg_cycles = 175.359
stat.pool.100.pending_episode.max_cycles = 1367
stat.pool.100.pending_episode.avg_peak_occ = 4.74027
stat.pool.100.pending_episode.max_peak_occ = 16
stat.pool.100.pending_episode.avg_accepted = 7.65764
stat.pool.100.pending_episode.max_accepted = 54
stat.pool.100.pending_episode.avg_sent = 6.81671
stat.pool.100.pending_episode.max_sent = 50
stat.pool.100.pending_episode.avg_pending_distinct_src = 1
stat.pool.100.pending_episode.max_pending_distinct_src = 1
stat.pool.100.pending_episode.avg_ready_distinct_src = 1
stat.pool.100.pending_episode.max_ready_distinct_src = 1
stat.pool.100.pending_episode.avg_sent_distinct_dst = 1
stat.pool.100.pending_episode.max_sent_distinct_dst = 1
stat.pool.100.response.returned_episode.count = 14362
stat.pool.100.response.returned_episode.avg_cycles = 1
stat.pool.100.response.returned_episode.max_cycles = 1
stat.pool.100.response.returned_episode.avg_peak_occ = 1
stat.pool.100.response.returned_episode.max_peak_occ = 1
stat.pool.100.response.returned_episode.avg_sent = 1
stat.pool.100.response.returned_episode.max_sent = 1
stat.pool.100.response.returned_episode.avg_ready_distinct_src = 1
stat.pool.100.response.returned_episode.max_ready_distinct_src = 1
stat.pool.100.response.returned_episode.avg_sent_distinct_dst = 1
stat.pool.100.response.returned_episode.max_sent_distinct_dst = 1
stat.pool.100.node.0.pending_occ_avg = 2.14398
stat.pool.100.node.0.pending_occ_max = 16
stat.pool.100.node.0.ready_occ_avg = 0.0279243
stat.pool.100.node.0.ready_occ_max = 1
stat.pool.100.node.0.pending_age_avg_cycles = 37.9098
stat.pool.100.node.0.pending_age_max_cycles = 129
stat.pool.100.node.0.ready_age_avg_cycles = 0
stat.pool.100.node.0.ready_age_max_cycles = 0
stat.pool.100.node.0.request_enqueued.load = 11525
stat.pool.100.node.0.request_blocked.load = 0
stat.pool.100.node.0.response_ready.load = 11528
stat.pool.100.node.0.response_sent.load = 11528
stat.pool.100.node.0.response_blocked.load = 0
stat.pool.100.node.0.pending_occ_avg.load = 1.72142
stat.pool.100.node.0.pending_occ_max.load = 15
stat.pool.100.node.0.ready_occ_avg.load = 0.0224141
stat.pool.100.node.0.ready_occ_max.load = 1
stat.pool.100.node.0.mem_ready_avg_cycles.load = 75.7955
stat.pool.100.node.0.mem_ready_max_cycles.load = 129
stat.pool.100.node.0.response_wait_avg_cycles.load = 0
stat.pool.100.node.0.response_wait_max_cycles.load = 0
stat.pool.100.node.0.request_enqueue_gap_avg_cycles.load = 44.6129
stat.pool.100.node.0.request_enqueue_gap_max_cycles.load = 586
stat.pool.100.node.0.response_ready_gap_avg_cycles.load = 44.6142
stat.pool.100.node.0.response_ready_gap_max_cycles.load = 579
stat.pool.100.node.0.response_sent_gap_avg_cycles.load = 44.6142
stat.pool.100.node.0.response_sent_gap_max_cycles.load = 579
stat.pool.100.node.0.total_turnaround_avg_cycles.load = 75.7955
stat.pool.100.node.0.total_turnaround_max_cycles.load = 129
stat.pool.100.node.0.request_enqueued.rfo = 2823
stat.pool.100.node.0.request_blocked.rfo = 0
stat.pool.100.node.0.response_ready.rfo = 2823
stat.pool.100.node.0.response_sent.rfo = 2823
stat.pool.100.node.0.response_blocked.rfo = 0
stat.pool.100.node.0.pending_occ_avg.rfo = 0.420924
stat.pool.100.node.0.pending_occ_max.rfo = 7
stat.pool.100.node.0.ready_occ_avg.rfo = 0.00548881
stat.pool.100.node.0.ready_occ_max.rfo = 1
stat.pool.100.node.0.mem_ready_avg_cycles.rfo = 75.684
stat.pool.100.node.0.mem_ready_max_cycles.rfo = 127
stat.pool.100.node.0.response_wait_avg_cycles.rfo = 0
stat.pool.100.node.0.response_wait_max_cycles.rfo = 0
stat.pool.100.node.0.request_enqueue_gap_avg_cycles.rfo = 182.2
stat.pool.100.node.0.request_enqueue_gap_max_cycles.rfo = 1408
stat.pool.100.node.0.response_ready_gap_avg_cycles.rfo = 182.231
stat.pool.100.node.0.response_ready_gap_max_cycles.rfo = 1408
stat.pool.100.node.0.response_sent_gap_avg_cycles.rfo = 182.231
stat.pool.100.node.0.response_sent_gap_max_cycles.rfo = 1408
stat.pool.100.node.0.total_turnaround_avg_cycles.rfo = 75.684
stat.pool.100.node.0.total_turnaround_max_cycles.rfo = 127
stat.pool.100.node.0.request_enqueued.write = 2943
stat.pool.100.node.0.request_blocked.write = 0
stat.pool.100.node.0.response_ready.write = 0
stat.pool.100.node.0.response_sent.write = 0
stat.pool.100.node.0.response_blocked.write = 0
stat.pool.100.node.0.pending_occ_avg.write = 0
stat.pool.100.node.0.pending_occ_max.write = 0
stat.pool.100.node.0.ready_occ_avg.write = 0
stat.pool.100.node.0.ready_occ_max.write = 0
stat.pool.100.node.0.mem_ready_avg_cycles.write = 0
stat.pool.100.node.0.mem_ready_max_cycles.write = 0
stat.pool.100.node.0.response_wait_avg_cycles.write = 0
stat.pool.100.node.0.response_wait_max_cycles.write = 0
stat.pool.100.node.0.request_enqueue_gap_avg_cycles.write = 174.735
stat.pool.100.node.0.request_enqueue_gap_max_cycles.write = 1311
stat.pool.100.node.0.response_ready_gap_avg_cycles.write = 0
stat.pool.100.node.0.response_ready_gap_max_cycles.write = 0
stat.pool.100.node.0.response_sent_gap_avg_cycles.write = 0
stat.pool.100.node.0.response_sent_gap_max_cycles.write = 0
stat.pool.100.node.0.total_turnaround_avg_cycles.write = 0
stat.pool.100.node.0.total_turnaround_max_cycles.write = 0
stat.pool.100.node.0.request_enqueued.other = 11
stat.pool.100.node.0.request_blocked.other = 0
stat.pool.100.node.0.response_ready.other = 11
stat.pool.100.node.0.response_sent.other = 11
stat.pool.100.node.0.response_blocked.other = 0
stat.pool.100.node.0.pending_occ_avg.other = 0.00163712
stat.pool.100.node.0.pending_occ_max.other = 1
stat.pool.100.node.0.ready_occ_avg.other = 2.13875e-05
stat.pool.100.node.0.ready_occ_max.other = 1
stat.pool.100.node.0.mem_ready_avg_cycles.other = 75.5455
stat.pool.100.node.0.mem_ready_max_cycles.other = 78
stat.pool.100.node.0.response_wait_avg_cycles.other = 0
stat.pool.100.node.0.response_wait_max_cycles.other = 0
stat.pool.100.node.0.request_enqueue_gap_avg_cycles.other = 48392.3
stat.pool.100.node.0.request_enqueue_gap_max_cycles.other = 107814
stat.pool.100.node.0.response_ready_gap_avg_cycles.other = 48392.3
stat.pool.100.node.0.response_ready_gap_max_cycles.other = 107811
stat.pool.100.node.0.response_sent_gap_avg_cycles.other = 48392.3
stat.pool.100.node.0.response_sent_gap_max_cycles.other = 107811
stat.pool.100.node.0.total_turnaround_avg_cycles.other = 75.5455
stat.pool.100.node.0.total_turnaround_max_cycles.other = 78
stat.pool.100.fabric.port_count = 1
stat.pool.100.fabric.ingress_wait_avg_cycles = 130.323
stat.pool.100.fabric.egress_wait_avg_cycles = 1
stat.pool.100.fabric.ingress_wait_max_cycles = 170
stat.pool.100.fabric.egress_wait_max_cycles = 1
stat.pool.100.fabric.ingress_queue_wait_avg_cycles = 2.75679
stat.pool.100.fabric.ingress_queue_wait_max_cycles = 39
stat.pool.100.fabric.ingress_occ_bytes = 48
stat.pool.100.fabric.ready_wait_avg_cycles = 0
stat.pool.100.fabric.ready_wait_max_cycles = 0
stat.pool.100.fabric.ready_occ_avg_pkts = 0.0336406
stat.pool.100.fabric.ready_occ_pkts = 0
stat.pool.100.fabric.ready_occ_max_pkts = 1
stat.pool.100.fabric.ready_retry_count = 0
stat.pool.100.fabric.ingress_arrival_burst_max_pkts = 2
stat.pool.100.fabric.ingress_arrival_burst_max_bytes = 72
stat.pool.100.fabric.ingress_arrival_burst_avg_pkts = 1.00377
stat.pool.100.fabric.ingress_arrival_burst_avg_bytes = 17.5833
stat.pool.100.fabric.ingress_arrival_burst_stddev_pkts = 0.0612869
stat.pool.100.fabric.ingress_arrival_burst_stddev_bytes = 21.1366
stat.pool.100.fabric.ingress_arrival_nonempty_frac = 0.0335201
stat.pool.100.fabric.ingress_arrival_run_max_cycles = 8
stat.pool.100.fabric.ingress_arrival_run_avg_cycles = 1.14704
stat.pool.100.fabric.ingress_arrival_run_stddev_cycles = 0.473028
stat.pool.100.fabric.ingress_arrival_gap_max_cycles = 458
stat.pool.100.fabric.ingress_arrival_gap_avg_cycles = 33.0727
stat.pool.100.fabric.ingress_arrival_gap_stddev_cycles = 43.0522
stat.pool.100.fabric.ingress_release_burst_max_pkts = 1
stat.pool.100.fabric.ingress_release_burst_max_bytes = 64
stat.pool.100.fabric.ingress_release_burst_avg_pkts = 1
stat.pool.100.fabric.ingress_release_burst_avg_bytes = 17.5254
stat.pool.100.fabric.ingress_release_burst_stddev_pkts = 0
stat.pool.100.fabric.ingress_release_burst_stddev_bytes = 21.0402
stat.pool.100.fabric.ingress_release_nonempty_frac = 0.0336406
stat.pool.100.fabric.ingress_release_run_max_cycles = 1
stat.pool.100.fabric.ingress_release_run_avg_cycles = 1
stat.pool.100.fabric.ingress_release_run_stddev_cycles = 0
stat.pool.100.fabric.ingress_release_gap_max_cycles = 433
stat.pool.100.fabric.ingress_release_gap_avg_cycles = 28.7225
stat.pool.100.fabric.ingress_release_gap_stddev_cycles = 42.7545
stat.pool.100.fabric.ingress_occ_avg_bytes = 81.1268
stat.pool.100.fabric.ingress_occ_stddev_bytes = 61.1438
stat.pool.100.fabric.ingress_occ_max_bytes = 416
stat.pool.100.fabric.ingress_occ_nonempty_frac = 0.929717
stat.pool.100.fabric.ingress_occ_run_max_cycles = 4023
stat.pool.100.fabric.ingress_occ_run_avg_cycles = 703.193
stat.pool.100.fabric.ingress_occ_run_stddev_cycles = 619.379
stat.pool.100.fabric.ingress_occ_gap_max_cycles = 311
stat.pool.100.fabric.ingress_occ_gap_avg_cycles = 53.2371
stat.pool.100.fabric.ingress_occ_gap_stddev_cycles = 48.5957
stat.pool.100.fabric.rx_bytes.demand_req = 114824
stat.pool.100.fabric.tx_bytes.demand_req = 0
stat.pool.100.fabric.rx_pkts.demand_req = 14353
stat.pool.100.fabric.tx_pkts.demand_req = 0
stat.pool.100.fabric.rx_bytes.write_req = 188224
stat.pool.100.fabric.tx_bytes.write_req = 0
stat.pool.100.fabric.rx_pkts.write_req = 2941
stat.pool.100.fabric.tx_pkts.write_req = 0
stat.pool.100.fabric.rx_bytes.response = 0
stat.pool.100.fabric.tx_bytes.response = 919168
stat.pool.100.fabric.rx_pkts.response = 0
stat.pool.100.fabric.tx_pkts.response = 14362
stat.pool.100.fabric.rx_bytes.other_req = 88
stat.pool.100.fabric.tx_bytes.other_req = 0
stat.pool.100.fabric.rx_pkts.other_req = 11
stat.pool.100.fabric.tx_pkts.other_req = 0
stat.pool.100.port.core.0.ingress_wait_avg_cycles = 130.323
stat.pool.100.port.core.0.ingress_wait_max_cycles = 170
stat.pool.100.port.core.0.egress_wait_avg_cycles = 1
stat.pool.100.port.core.0.egress_wait_max_cycles = 1
stat.pool.100.port.core.0.ingress_queue_wait_avg_cycles = 2.75679
stat.pool.100.port.core.0.ingress_queue_wait_max_cycles = 39
stat.pool.100.port.core.0.egress_occ_avg_bytes = 0
stat.pool.100.port.core.0.egress_occ_stddev_bytes = 0
stat.pool.100.port.core.0.egress_occ_max_bytes = 0
stat.pool.100.port.core.0.egress_occ_nonempty_frac = 0
stat.pool.100.port.core.0.egress_blocked_cycles = 0
stat.pool.100.port.core.0.egress_blocked_nonempty_frac = 0
stat.pool.100.port.core.0.egress_blocked_avg_occ_bytes = 0
stat.pool.100.port.core.0.egress_blocked_max_occ_bytes = 0
stat.pool.100.port.core.0.egress_send_burst_max_pkts = 1
stat.pool.100.port.core.0.egress_send_burst_max_bytes = 64
stat.pool.100.port.core.0.egress_send_burst_avg_pkts = 1
stat.pool.100.port.core.0.egress_send_burst_avg_bytes = 64
stat.pool.100.port.core.0.egress_send_burst_stddev_pkts = 0
stat.pool.100.port.core.0.egress_send_burst_stddev_bytes = 0
stat.pool.100.port.core.0.egress_send_nonempty_frac = 0.0279243
stat.pool.100.port.core.0.ingress_arrival_burst_avg_bytes = 17.5833
stat.pool.100.port.core.0.ingress_arrival_nonempty_frac = 0.0335201
stat.pool.100.port.core.0.ingress_arrival_run_max_cycles = 8
stat.pool.100.port.core.0.ingress_arrival_run_avg_cycles = 1.14704
stat.pool.100.port.core.0.ingress_arrival_gap_max_cycles = 458
stat.pool.100.port.core.0.ingress_arrival_gap_avg_cycles = 33.0727
stat.pool.100.port.core.0.ingress_release_burst_avg_bytes = 17.5254
stat.pool.100.port.core.0.ingress_release_nonempty_frac = 0.0336406
stat.pool.100.port.core.0.ingress_release_run_max_cycles = 1
stat.pool.100.port.core.0.ingress_release_run_avg_cycles = 1
stat.pool.100.port.core.0.ingress_release_gap_max_cycles = 433
stat.pool.100.port.core.0.ingress_release_gap_avg_cycles = 28.7225
stat.pool.100.port.core.0.ingress_occ_avg_bytes = 81.1268
stat.pool.100.port.core.0.ingress_occ_stddev_bytes = 61.1438
stat.pool.100.port.core.0.ingress_occ_max_bytes = 416
stat.pool.100.port.core.0.ingress_occ_nonempty_frac = 0.929717
stat.pool.100.port.core.0.ingress_occ_run_max_cycles = 4023
stat.pool.100.port.core.0.ingress_occ_run_avg_cycles = 703.193
stat.pool.100.port.core.0.ingress_occ_gap_max_cycles = 311
stat.pool.100.port.core.0.ingress_occ_gap_avg_cycles = 53.2371
stat.pool.100.port.core.0.ingress_wait_avg_cycles.demand_req = 127.204
stat.pool.100.port.core.0.ingress_wait_max_cycles.demand_req = 163
stat.pool.100.port.core.0.ingress_queue_wait_avg_cycles.demand_req = 3.20407
stat.pool.100.port.core.0.ingress_queue_wait_max_cycles.demand_req = 39
stat.pool.100.port.core.0.egress_wait_avg_cycles.demand_req = 0
stat.pool.100.port.core.0.egress_wait_max_cycles.demand_req = 0
stat.pool.100.port.core.0.egress_occ_avg_bytes.demand_req = 0
stat.pool.100.port.core.0.egress_occ_max_bytes.demand_req = 0
stat.pool.100.port.core.0.egress_blocked_cycles.demand_req = 0
stat.pool.100.port.core.0.ingress_arrival_empty_packets.demand_req = 425
stat.pool.100.port.core.0.ingress_arrival_nonempty_packets.demand_req = 13928
stat.pool.100.port.core.0.ingress_arrival_nonempty_packet_frac.demand_req = 0.970389
stat.pool.100.port.core.0.ingress_nonempty_arrival_pre_occ_avg_bytes.demand_req = 94.2929
stat.pool.100.port.core.0.ingress_nonempty_arrival_pre_occ_max_bytes.demand_req = 408
stat.pool.100.port.core.0.ingress_release_after_empty_arrival_packets.demand_req = 426
stat.pool.100.port.core.0.ingress_release_after_nonempty_arrival_packets.demand_req = 13922
stat.pool.100.port.core.0.ingress_wait_after_empty_arrival_avg_cycles.demand_req = 124.038
stat.pool.100.port.core.0.ingress_wait_after_nonempty_arrival_avg_cycles.demand_req = 127.301
stat.pool.100.port.core.0.ingress_queue_wait_after_empty_arrival_avg_cycles.demand_req = 0.0375587
stat.pool.100.port.core.0.ingress_queue_wait_after_nonempty_arrival_avg_cycles.demand_req = 3.30096
stat.pool.100.port.core.0.ingress_queue_wait_after_empty_arrival_max_cycles.demand_req = 16
stat.pool.100.port.core.0.ingress_queue_wait_after_nonempty_arrival_max_cycles.demand_req = 39
stat.pool.100.port.core.0.rx_bytes.demand_req = 114824
stat.pool.100.port.core.0.tx_bytes.demand_req = 0
stat.pool.100.port.core.0.rx_pkts.demand_req = 14353
stat.pool.100.port.core.0.tx_pkts.demand_req = 0
stat.pool.100.port.core.0.ingress_wait_avg_cycles.write_req = 145.538
stat.pool.100.port.core.0.ingress_wait_max_cycles.write_req = 170
stat.pool.100.port.core.0.ingress_queue_wait_avg_cycles.write_req = 0.569827
stat.pool.100.port.core.0.ingress_queue_wait_max_cycles.write_req = 25
stat.pool.100.port.core.0.egress_wait_avg_cycles.write_req = 0
stat.pool.100.port.core.0.egress_wait_max_cycles.write_req = 0
stat.pool.100.port.core.0.egress_occ_avg_bytes.write_req = 0
stat.pool.100.port.core.0.egress_occ_max_bytes.write_req = 0
stat.pool.100.port.core.0.egress_blocked_cycles.write_req = 0
stat.pool.100.port.core.0.ingress_arrival_empty_packets.write_req = 254
stat.pool.100.port.core.0.ingress_arrival_nonempty_packets.write_req = 2687
stat.pool.100.port.core.0.ingress_arrival_nonempty_packet_frac.write_req = 0.913635
stat.pool.100.port.core.0.ingress_nonempty_arrival_pre_occ_avg_bytes.write_req = 82.6349
stat.pool.100.port.core.0.ingress_nonempty_arrival_pre_occ_max_bytes.write_req = 344
stat.pool.100.port.core.0.ingress_release_after_empty_arrival_packets.write_req = 256
stat.pool.100.port.core.0.ingress_release_after_nonempty_arrival_packets.write_req = 2687
stat.pool.100.port.core.0.ingress_wait_after_empty_arrival_avg_cycles.write_req = 144.637
stat.pool.100.port.core.0.ingress_wait_after_nonempty_arrival_avg_cycles.write_req = 145.624
stat.pool.100.port.core.0.ingress_queue_wait_after_empty_arrival_avg_cycles.write_req = 0
stat.pool.100.port.core.0.ingress_queue_wait_after_nonempty_arrival_avg_cycles.write_req = 0.624116
stat.pool.100.port.core.0.ingress_queue_wait_after_empty_arrival_max_cycles.write_req = 0
stat.pool.100.port.core.0.ingress_queue_wait_after_nonempty_arrival_max_cycles.write_req = 25
stat.pool.100.port.core.0.rx_bytes.write_req = 188224
stat.pool.100.port.core.0.tx_bytes.write_req = 0
stat.pool.100.port.core.0.rx_pkts.write_req = 2941
stat.pool.100.port.core.0.tx_pkts.write_req = 0
stat.pool.100.port.core.0.ingress_wait_avg_cycles.response = 0
stat.pool.100.port.core.0.ingress_wait_max_cycles.response = 0
stat.pool.100.port.core.0.ingress_queue_wait_avg_cycles.response = 0
stat.pool.100.port.core.0.ingress_queue_wait_max_cycles.response = 0
stat.pool.100.port.core.0.egress_wait_avg_cycles.response = 1
stat.pool.100.port.core.0.egress_wait_max_cycles.response = 1
stat.pool.100.port.core.0.egress_occ_avg_bytes.response = 0
stat.pool.100.port.core.0.egress_occ_max_bytes.response = 0
stat.pool.100.port.core.0.egress_blocked_cycles.response = 0
stat.pool.100.port.core.0.ingress_arrival_empty_packets.response = 0
stat.pool.100.port.core.0.ingress_arrival_nonempty_packets.response = 0
stat.pool.100.port.core.0.ingress_arrival_nonempty_packet_frac.response = 0
stat.pool.100.port.core.0.ingress_nonempty_arrival_pre_occ_avg_bytes.response = 0
stat.pool.100.port.core.0.ingress_nonempty_arrival_pre_occ_max_bytes.response = 0
stat.pool.100.port.core.0.ingress_release_after_empty_arrival_packets.response = 0
stat.pool.100.port.core.0.ingress_release_after_nonempty_arrival_packets.response = 0
stat.pool.100.port.core.0.ingress_wait_after_empty_arrival_avg_cycles.response = 0
stat.pool.100.port.core.0.ingress_wait_after_nonempty_arrival_avg_cycles.response = 0
stat.pool.100.port.core.0.ingress_queue_wait_after_empty_arrival_avg_cycles.response = 0
stat.pool.100.port.core.0.ingress_queue_wait_after_nonempty_arrival_avg_cycles.response = 0
stat.pool.100.port.core.0.ingress_queue_wait_after_empty_arrival_max_cycles.response = 0
stat.pool.100.port.core.0.ingress_queue_wait_after_nonempty_arrival_max_cycles.response = 0
stat.pool.100.port.core.0.rx_bytes.response = 0
stat.pool.100.port.core.0.tx_bytes.response = 919168
stat.pool.100.port.core.0.rx_pkts.response = 0
stat.pool.100.port.core.0.tx_pkts.response = 14362
stat.pool.100.port.core.0.ingress_wait_avg_cycles.other_req = 128.455
stat.pool.100.port.core.0.ingress_wait_max_cycles.other_req = 148
stat.pool.100.port.core.0.ingress_queue_wait_avg_cycles.other_req = 4.45455
stat.pool.100.port.core.0.ingress_queue_wait_max_cycles.other_req = 24
stat.pool.100.port.core.0.egress_wait_avg_cycles.other_req = 0
stat.pool.100.port.core.0.egress_wait_max_cycles.other_req = 0
stat.pool.100.port.core.0.egress_occ_avg_bytes.other_req = 0
stat.pool.100.port.core.0.egress_occ_max_bytes.other_req = 0
stat.pool.100.port.core.0.egress_blocked_cycles.other_req = 0
stat.pool.100.port.core.0.ingress_arrival_empty_packets.other_req = 0
stat.pool.100.port.core.0.ingress_arrival_nonempty_packets.other_req = 11
stat.pool.100.port.core.0.ingress_arrival_nonempty_packet_frac.other_req = 1
stat.pool.100.port.core.0.ingress_nonempty_arrival_pre_occ_avg_bytes.other_req = 77.0909
stat.pool.100.port.core.0.ingress_nonempty_arrival_pre_occ_max_bytes.other_req = 160
stat.pool.100.port.core.0.ingress_release_after_empty_arrival_packets.other_req = 0
stat.pool.100.port.core.0.ingress_release_after_nonempty_arrival_packets.other_req = 11
stat.pool.100.port.core.0.ingress_wait_after_empty_arrival_avg_cycles.other_req = 0
stat.pool.100.port.core.0.ingress_wait_after_nonempty_arrival_avg_cycles.other_req = 128.455
stat.pool.100.port.core.0.ingress_queue_wait_after_empty_arrival_avg_cycles.other_req = 0
stat.pool.100.port.core.0.ingress_queue_wait_after_nonempty_arrival_avg_cycles.other_req = 4.45455
stat.pool.100.port.core.0.ingress_queue_wait_after_empty_arrival_max_cycles.other_req = 0
stat.pool.100.port.core.0.ingress_queue_wait_after_nonempty_arrival_max_cycles.other_req = 24
stat.pool.100.port.core.0.rx_bytes.other_req = 88
stat.pool.100.port.core.0.tx_bytes.other_req = 0
stat.pool.100.port.core.0.rx_pkts.other_req = 11
stat.pool.100.port.core.0.tx_pkts.other_req = 0
stat.pool.100.port.core.0.ingress_occ_bucket_bytes.0 = 36148
stat.pool.100.port.core.0.ready_occ_bucket_bytes.0 = 497017
stat.pool.100.port.core.0.ingress_occ_bucket_bytes.1_64 = 196657
stat.pool.100.port.core.0.ready_occ_bucket_bytes.1_64 = 17302
stat.pool.100.port.core.0.ingress_occ_bucket_bytes.65_256 = 277703
stat.pool.100.port.core.0.ready_occ_bucket_bytes.65_256 = 0
stat.pool.100.port.core.0.ingress_occ_bucket_bytes.257_1024 = 3811
stat.pool.100.port.core.0.ready_occ_bucket_bytes.257_1024 = 0
stat.pool.100.port.core.0.ingress_occ_bucket_bytes.1025_4096 = 0
stat.pool.100.port.core.0.ready_occ_bucket_bytes.1025_4096 = 0
stat.pool.100.port.core.0.ingress_occ_bucket_bytes.4097_plus = 0
stat.pool.100.port.core.0.ready_occ_bucket_bytes.4097_plus = 0
stat.pool.100.port.core.0.ingress_episode.count = 679
stat.pool.100.port.core.0.ingress_episode.avg_cycles = 701.979
stat.pool.100.port.core.0.ingress_episode.max_cycles = 4023
stat.pool.100.port.core.0.ingress_episode.avg_peak_occ_bytes = 172.053
stat.pool.100.port.core.0.ingress_episode.max_peak_occ_bytes = 416
stat.pool.100.port.core.0.ingress_episode.avg_arrival_pkts = 25.3962
stat.pool.100.port.core.0.ingress_episode.max_arrival_pkts = 156
stat.pool.100.port.core.0.ingress_episode.avg_arrival_bytes = 444.571
stat.pool.100.port.core.0.ingress_episode.max_arrival_bytes = 3096
stat.pool.100.port.core.0.ingress_episode.avg_release_pkts = 25.4006
stat.pool.100.port.core.0.ingress_episode.max_release_pkts = 156
stat.pool.100.port.core.0.ingress_episode.avg_release_bytes = 444.772
stat.pool.100.port.core.0.ingress_episode.max_release_bytes = 3096
stat.pool.100.port.core.0.ingress_episode.avg_wait_cycles = 3310.09
stat.pool.100.port.core.0.ingress_episode.max_wait_cycles = 170
stat.pool.100.port.core.0.ingress_episode.avg_queue_wait_cycles = 69.9647
stat.pool.100.port.core.0.ingress_episode.max_queue_wait_cycles = 39
stat.pool.100.port.core.0.ingress_episode.avg_src_distinct = 1
stat.pool.100.port.core.0.ingress_episode.max_src_distinct = 1
stat.pool.100.port.core.0.ingress_episode.avg_dst_distinct = 1
stat.pool.100.port.core.0.ingress_episode.max_dst_distinct = 1
stat.pool.100.port.core.0.ingress_episode.avg_arrival_pkts.demand_req = 21.0692
stat.pool.100.port.core.0.ingress_episode.max_arrival_pkts.demand_req = 123
stat.pool.100.port.core.0.ingress_episode.avg_release_pkts.demand_req = 21.0707
stat.pool.100.port.core.0.ingress_episode.max_release_pkts.demand_req = 123
stat.pool.100.port.core.0.ingress_pre_occ_bucket.demand_req.0 = 425
stat.pool.100.port.core.0.ingress_queue_wait_bucket.demand_req.0 = 8974
stat.pool.100.port.core.0.ingress_pre_occ_bucket.demand_req.1_64 = 4742
stat.pool.100.port.core.0.ingress_queue_wait_bucket.demand_req.1_63 = 5374
stat.pool.100.port.core.0.ingress_pre_occ_bucket.demand_req.65_256 = 9078
stat.pool.100.port.core.0.ingress_queue_wait_bucket.demand_req.64_255 = 0
stat.pool.100.port.core.0.ingress_pre_occ_bucket.demand_req.257_1024 = 108
stat.pool.100.port.core.0.ingress_queue_wait_bucket.demand_req.256_1023 = 0
stat.pool.100.port.core.0.ingress_pre_occ_bucket.demand_req.1025_4096 = 0
stat.pool.100.port.core.0.ingress_queue_wait_bucket.demand_req.1024_4095 = 0
stat.pool.100.port.core.0.ingress_pre_occ_bucket.demand_req.4097_plus = 0
stat.pool.100.port.core.0.ingress_queue_wait_bucket.demand_req.4096_plus = 0
stat.pool.100.port.core.0.ingress_episode.avg_arrival_pkts.write_req = 4.31075
stat.pool.100.port.core.0.ingress_episode.max_arrival_pkts.write_req = 33
stat.pool.100.port.core.0.ingress_episode.avg_release_pkts.write_req = 4.3137
stat.pool.100.port.core.0.ingress_episode.max_release_pkts.write_req = 33
stat.pool.100.port.core.0.ingress_pre_occ_bucket.write_req.0 = 254
stat.pool.100.port.core.0.ingress_queue_wait_bucket.write_req.0 = 2601
stat.pool.100.port.core.0.ingress_pre_occ_bucket.write_req.1_64 = 1183
stat.pool.100.port.core.0.ingress_queue_wait_bucket.write_req.1_63 = 342
stat.pool.100.port.core.0.ingress_pre_occ_bucket.write_req.65_256 = 1489
stat.pool.100.port.core.0.ingress_queue_wait_bucket.write_req.64_255 = 0
stat.pool.100.port.core.0.ingress_pre_occ_bucket.write_req.257_1024 = 15
stat.pool.100.port.core.0.ingress_queue_wait_bucket.write_req.256_1023 = 0
stat.pool.100.port.core.0.ingress_pre_occ_bucket.write_req.1025_4096 = 0
stat.pool.100.port.core.0.ingress_queue_wait_bucket.write_req.1024_4095 = 0
stat.pool.100.port.core.0.ingress_pre_occ_bucket.write_req.4097_plus = 0
stat.pool.100.port.core.0.ingress_queue_wait_bucket.write_req.4096_plus = 0
stat.pool.100.port.core.0.ingress_episode.avg_arrival_pkts.response = 0
stat.pool.100.port.core.0.ingress_episode.max_arrival_pkts.response = 0
stat.pool.100.port.core.0.ingress_episode.avg_release_pkts.response = 0
stat.pool.100.port.core.0.ingress_episode.max_release_pkts.response = 0
stat.pool.100.port.core.0.ingress_pre_occ_bucket.response.0 = 0
stat.pool.100.port.core.0.ingress_queue_wait_bucket.response.0 = 0
stat.pool.100.port.core.0.ingress_pre_occ_bucket.response.1_64 = 0
stat.pool.100.port.core.0.ingress_queue_wait_bucket.response.1_63 = 0
stat.pool.100.port.core.0.ingress_pre_occ_bucket.response.65_256 = 0
stat.pool.100.port.core.0.ingress_queue_wait_bucket.response.64_255 = 0
stat.pool.100.port.core.0.ingress_pre_occ_bucket.response.257_1024 = 0
stat.pool.100.port.core.0.ingress_queue_wait_bucket.response.256_1023 = 0
stat.pool.100.port.core.0.ingress_pre_occ_bucket.response.1025_4096 = 0
stat.pool.100.port.core.0.ingress_queue_wait_bucket.response.1024_4095 = 0
stat.pool.100.port.core.0.ingress_pre_occ_bucket.response.4097_plus = 0
stat.pool.100.port.core.0.ingress_queue_wait_bucket.response.4096_plus = 0
stat.pool.100.port.core.0.ingress_episode.avg_arrival_pkts.other_req = 0.0162003
stat.pool.100.port.core.0.ingress_episode.max_arrival_pkts.other_req = 1
stat.pool.100.port.core.0.ingress_episode.avg_release_pkts.other_req = 0.0162003
stat.pool.100.port.core.0.ingress_episode.max_release_pkts.other_req = 1
stat.pool.100.port.core.0.ingress_pre_occ_bucket.other_req.0 = 0
stat.pool.100.port.core.0.ingress_queue_wait_bucket.other_req.0 = 7
stat.pool.100.port.core.0.ingress_pre_occ_bucket.other_req.1_64 = 5
stat.pool.100.port.core.0.ingress_queue_wait_bucket.other_req.1_63 = 4
stat.pool.100.port.core.0.ingress_pre_occ_bucket.other_req.65_256 = 6
stat.pool.100.port.core.0.ingress_queue_wait_bucket.other_req.64_255 = 0
stat.pool.100.port.core.0.ingress_pre_occ_bucket.other_req.257_1024 = 0
stat.pool.100.port.core.0.ingress_queue_wait_bucket.other_req.256_1023 = 0
stat.pool.100.port.core.0.ingress_pre_occ_bucket.other_req.1025_4096 = 0
stat.pool.100.port.core.0.ingress_queue_wait_bucket.other_req.1024_4095 = 0
stat.pool.100.port.core.0.ingress_pre_occ_bucket.other_req.4097_plus = 0
stat.pool.100.port.core.0.ingress_queue_wait_bucket.other_req.4096_plus = 0
stat.pool.100.port.core.0.peer_src.0.rx_bytes.demand_req = 114824
stat.pool.100.port.core.0.peer_src.0.rx_pkts.demand_req = 14353
stat.pool.100.port.core.0.peer_src.0.tx_bytes.demand_req = 0
stat.pool.100.port.core.0.peer_src.0.tx_pkts.demand_req = 0
stat.pool.100.port.core.0.peer_src.0.ingress_arrivals.demand_req = 14353
stat.pool.100.port.core.0.peer_src.0.ingress_arrival_nonempty_packet_frac.demand_req = 0.970389
stat.pool.100.port.core.0.peer_src.0.ingress_nonempty_arrival_pre_occ_avg_bytes.demand_req = 94.2929
stat.pool.100.port.core.0.peer_src.0.ingress_nonempty_arrival_pre_occ_max_bytes.demand_req = 408
stat.pool.100.port.core.0.peer_src.0.ingress_wait_avg_cycles.demand_req = 127.204
stat.pool.100.port.core.0.peer_src.0.ingress_queue_wait_avg_cycles.demand_req = 3.20407
stat.pool.100.port.core.0.peer_src.0.ingress_queue_wait_after_nonempty_arrival_avg_cycles.demand_req = 3.30096
stat.pool.100.port.core.0.peer_src.0.ingress_pre_occ_bucket.demand_req.0 = 425
stat.pool.100.port.core.0.peer_src.0.ingress_queue_wait_bucket.demand_req.0 = 8974
stat.pool.100.port.core.0.peer_src.0.ingress_pre_occ_bucket.demand_req.1_64 = 4742
stat.pool.100.port.core.0.peer_src.0.ingress_queue_wait_bucket.demand_req.1_63 = 5374
stat.pool.100.port.core.0.peer_src.0.ingress_pre_occ_bucket.demand_req.65_256 = 9078
stat.pool.100.port.core.0.peer_src.0.ingress_queue_wait_bucket.demand_req.64_255 = 0
stat.pool.100.port.core.0.peer_src.0.ingress_pre_occ_bucket.demand_req.257_1024 = 108
stat.pool.100.port.core.0.peer_src.0.ingress_queue_wait_bucket.demand_req.256_1023 = 0
stat.pool.100.port.core.0.peer_src.0.ingress_pre_occ_bucket.demand_req.1025_4096 = 0
stat.pool.100.port.core.0.peer_src.0.ingress_queue_wait_bucket.demand_req.1024_4095 = 0
stat.pool.100.port.core.0.peer_src.0.ingress_pre_occ_bucket.demand_req.4097_plus = 0
stat.pool.100.port.core.0.peer_src.0.ingress_queue_wait_bucket.demand_req.4096_plus = 0
stat.pool.100.port.core.0.peer_src.0.rx_bytes.write_req = 188224
stat.pool.100.port.core.0.peer_src.0.rx_pkts.write_req = 2941
stat.pool.100.port.core.0.peer_src.0.tx_bytes.write_req = 0
stat.pool.100.port.core.0.peer_src.0.tx_pkts.write_req = 0
stat.pool.100.port.core.0.peer_src.0.ingress_arrivals.write_req = 2941
stat.pool.100.port.core.0.peer_src.0.ingress_arrival_nonempty_packet_frac.write_req = 0.913635
stat.pool.100.port.core.0.peer_src.0.ingress_nonempty_arrival_pre_occ_avg_bytes.write_req = 82.6349
stat.pool.100.port.core.0.peer_src.0.ingress_nonempty_arrival_pre_occ_max_bytes.write_req = 344
stat.pool.100.port.core.0.peer_src.0.ingress_wait_avg_cycles.write_req = 145.538
stat.pool.100.port.core.0.peer_src.0.ingress_queue_wait_avg_cycles.write_req = 0.569827
stat.pool.100.port.core.0.peer_src.0.ingress_queue_wait_after_nonempty_arrival_avg_cycles.write_req = 0.624116
stat.pool.100.port.core.0.peer_src.0.ingress_pre_occ_bucket.write_req.0 = 254
stat.pool.100.port.core.0.peer_src.0.ingress_queue_wait_bucket.write_req.0 = 2601
stat.pool.100.port.core.0.peer_src.0.ingress_pre_occ_bucket.write_req.1_64 = 1183
stat.pool.100.port.core.0.peer_src.0.ingress_queue_wait_bucket.write_req.1_63 = 342
stat.pool.100.port.core.0.peer_src.0.ingress_pre_occ_bucket.write_req.65_256 = 1489
stat.pool.100.port.core.0.peer_src.0.ingress_queue_wait_bucket.write_req.64_255 = 0
stat.pool.100.port.core.0.peer_src.0.ingress_pre_occ_bucket.write_req.257_1024 = 15
stat.pool.100.port.core.0.peer_src.0.ingress_queue_wait_bucket.write_req.256_1023 = 0
stat.pool.100.port.core.0.peer_src.0.ingress_pre_occ_bucket.write_req.1025_4096 = 0
stat.pool.100.port.core.0.peer_src.0.ingress_queue_wait_bucket.write_req.1024_4095 = 0
stat.pool.100.port.core.0.peer_src.0.ingress_pre_occ_bucket.write_req.4097_plus = 0
stat.pool.100.port.core.0.peer_src.0.ingress_queue_wait_bucket.write_req.4096_plus = 0
stat.pool.100.port.core.0.peer_src.0.rx_bytes.other_req = 88
stat.pool.100.port.core.0.peer_src.0.rx_pkts.other_req = 11
stat.pool.100.port.core.0.peer_src.0.tx_bytes.other_req = 0
stat.pool.100.port.core.0.peer_src.0.tx_pkts.other_req = 0
stat.pool.100.port.core.0.peer_src.0.ingress_arrivals.other_req = 11
stat.pool.100.port.core.0.peer_src.0.ingress_arrival_nonempty_packet_frac.other_req = 1
stat.pool.100.port.core.0.peer_src.0.ingress_nonempty_arrival_pre_occ_avg_bytes.other_req = 77.0909
stat.pool.100.port.core.0.peer_src.0.ingress_nonempty_arrival_pre_occ_max_bytes.other_req = 160
stat.pool.100.port.core.0.peer_src.0.ingress_wait_avg_cycles.other_req = 128.455
stat.pool.100.port.core.0.peer_src.0.ingress_queue_wait_avg_cycles.other_req = 4.45455
stat.pool.100.port.core.0.peer_src.0.ingress_queue_wait_after_nonempty_arrival_avg_cycles.other_req = 4.45455
stat.pool.100.port.core.0.peer_src.0.ingress_pre_occ_bucket.other_req.0 = 0
stat.pool.100.port.core.0.peer_src.0.ingress_queue_wait_bucket.other_req.0 = 7
stat.pool.100.port.core.0.peer_src.0.ingress_pre_occ_bucket.other_req.1_64 = 5
stat.pool.100.port.core.0.peer_src.0.ingress_queue_wait_bucket.other_req.1_63 = 4
stat.pool.100.port.core.0.peer_src.0.ingress_pre_occ_bucket.other_req.65_256 = 6
stat.pool.100.port.core.0.peer_src.0.ingress_queue_wait_bucket.other_req.64_255 = 0
stat.pool.100.port.core.0.peer_src.0.ingress_pre_occ_bucket.other_req.257_1024 = 0
stat.pool.100.port.core.0.peer_src.0.ingress_queue_wait_bucket.other_req.256_1023 = 0
stat.pool.100.port.core.0.peer_src.0.ingress_pre_occ_bucket.other_req.1025_4096 = 0
stat.pool.100.port.core.0.peer_src.0.ingress_queue_wait_bucket.other_req.1024_4095 = 0
stat.pool.100.port.core.0.peer_src.0.ingress_pre_occ_bucket.other_req.4097_plus = 0
stat.pool.100.port.core.0.peer_src.0.ingress_queue_wait_bucket.other_req.4096_plus = 0
stat.pool.100.port.core.0.peer_dst.100.rx_bytes.demand_req = 114824
stat.pool.100.port.core.0.peer_dst.100.rx_pkts.demand_req = 14353
stat.pool.100.port.core.0.peer_dst.100.tx_bytes.demand_req = 0
stat.pool.100.port.core.0.peer_dst.100.tx_pkts.demand_req = 0
stat.pool.100.port.core.0.peer_dst.100.ingress_arrivals.demand_req = 14353
stat.pool.100.port.core.0.peer_dst.100.ingress_arrival_nonempty_packet_frac.demand_req = 0.970389
stat.pool.100.port.core.0.peer_dst.100.ingress_nonempty_arrival_pre_occ_avg_bytes.demand_req = 94.2929
stat.pool.100.port.core.0.peer_dst.100.ingress_nonempty_arrival_pre_occ_max_bytes.demand_req = 408
stat.pool.100.port.core.0.peer_dst.100.ingress_wait_avg_cycles.demand_req = 127.204
stat.pool.100.port.core.0.peer_dst.100.ingress_queue_wait_avg_cycles.demand_req = 3.20407
stat.pool.100.port.core.0.peer_dst.100.ingress_queue_wait_after_nonempty_arrival_avg_cycles.demand_req = 3.30096
stat.pool.100.port.core.0.peer_dst.100.ingress_pre_occ_bucket.demand_req.0 = 425
stat.pool.100.port.core.0.peer_dst.100.ingress_queue_wait_bucket.demand_req.0 = 8974
stat.pool.100.port.core.0.peer_dst.100.ingress_pre_occ_bucket.demand_req.1_64 = 4742
stat.pool.100.port.core.0.peer_dst.100.ingress_queue_wait_bucket.demand_req.1_63 = 5374
stat.pool.100.port.core.0.peer_dst.100.ingress_pre_occ_bucket.demand_req.65_256 = 9078
stat.pool.100.port.core.0.peer_dst.100.ingress_queue_wait_bucket.demand_req.64_255 = 0
stat.pool.100.port.core.0.peer_dst.100.ingress_pre_occ_bucket.demand_req.257_1024 = 108
stat.pool.100.port.core.0.peer_dst.100.ingress_queue_wait_bucket.demand_req.256_1023 = 0
stat.pool.100.port.core.0.peer_dst.100.ingress_pre_occ_bucket.demand_req.1025_4096 = 0
stat.pool.100.port.core.0.peer_dst.100.ingress_queue_wait_bucket.demand_req.1024_4095 = 0
stat.pool.100.port.core.0.peer_dst.100.ingress_pre_occ_bucket.demand_req.4097_plus = 0
stat.pool.100.port.core.0.peer_dst.100.ingress_queue_wait_bucket.demand_req.4096_plus = 0
stat.pool.100.port.core.0.peer_dst.100.rx_bytes.write_req = 188224
stat.pool.100.port.core.0.peer_dst.100.rx_pkts.write_req = 2941
stat.pool.100.port.core.0.peer_dst.100.tx_bytes.write_req = 0
stat.pool.100.port.core.0.peer_dst.100.tx_pkts.write_req = 0
stat.pool.100.port.core.0.peer_dst.100.ingress_arrivals.write_req = 2941
stat.pool.100.port.core.0.peer_dst.100.ingress_arrival_nonempty_packet_frac.write_req = 0.913635
stat.pool.100.port.core.0.peer_dst.100.ingress_nonempty_arrival_pre_occ_avg_bytes.write_req = 82.6349
stat.pool.100.port.core.0.peer_dst.100.ingress_nonempty_arrival_pre_occ_max_bytes.write_req = 344
stat.pool.100.port.core.0.peer_dst.100.ingress_wait_avg_cycles.write_req = 145.538
stat.pool.100.port.core.0.peer_dst.100.ingress_queue_wait_avg_cycles.write_req = 0.569827
stat.pool.100.port.core.0.peer_dst.100.ingress_queue_wait_after_nonempty_arrival_avg_cycles.write_req = 0.624116
stat.pool.100.port.core.0.peer_dst.100.ingress_pre_occ_bucket.write_req.0 = 254
stat.pool.100.port.core.0.peer_dst.100.ingress_queue_wait_bucket.write_req.0 = 2601
stat.pool.100.port.core.0.peer_dst.100.ingress_pre_occ_bucket.write_req.1_64 = 1183
stat.pool.100.port.core.0.peer_dst.100.ingress_queue_wait_bucket.write_req.1_63 = 342
stat.pool.100.port.core.0.peer_dst.100.ingress_pre_occ_bucket.write_req.65_256 = 1489
stat.pool.100.port.core.0.peer_dst.100.ingress_queue_wait_bucket.write_req.64_255 = 0
stat.pool.100.port.core.0.peer_dst.100.ingress_pre_occ_bucket.write_req.257_1024 = 15
stat.pool.100.port.core.0.peer_dst.100.ingress_queue_wait_bucket.write_req.256_1023 = 0
stat.pool.100.port.core.0.peer_dst.100.ingress_pre_occ_bucket.write_req.1025_4096 = 0
stat.pool.100.port.core.0.peer_dst.100.ingress_queue_wait_bucket.write_req.1024_4095 = 0
stat.pool.100.port.core.0.peer_dst.100.ingress_pre_occ_bucket.write_req.4097_plus = 0
stat.pool.100.port.core.0.peer_dst.100.ingress_queue_wait_bucket.write_req.4096_plus = 0
stat.pool.100.port.core.0.peer_dst.100.rx_bytes.other_req = 88
stat.pool.100.port.core.0.peer_dst.100.rx_pkts.other_req = 11
stat.pool.100.port.core.0.peer_dst.100.tx_bytes.other_req = 0
stat.pool.100.port.core.0.peer_dst.100.tx_pkts.other_req = 0
stat.pool.100.port.core.0.peer_dst.100.ingress_arrivals.other_req = 11
stat.pool.100.port.core.0.peer_dst.100.ingress_arrival_nonempty_packet_frac.other_req = 1
stat.pool.100.port.core.0.peer_dst.100.ingress_nonempty_arrival_pre_occ_avg_bytes.other_req = 77.0909
stat.pool.100.port.core.0.peer_dst.100.ingress_nonempty_arrival_pre_occ_max_bytes.other_req = 160
stat.pool.100.port.core.0.peer_dst.100.ingress_wait_avg_cycles.other_req = 128.455
stat.pool.100.port.core.0.peer_dst.100.ingress_queue_wait_avg_cycles.other_req = 4.45455
stat.pool.100.port.core.0.peer_dst.100.ingress_queue_wait_after_nonempty_arrival_avg_cycles.other_req = 4.45455
stat.pool.100.port.core.0.peer_dst.100.ingress_pre_occ_bucket.other_req.0 = 0
stat.pool.100.port.core.0.peer_dst.100.ingress_queue_wait_bucket.other_req.0 = 7
stat.pool.100.port.core.0.peer_dst.100.ingress_pre_occ_bucket.other_req.1_64 = 5
stat.pool.100.port.core.0.peer_dst.100.ingress_queue_wait_bucket.other_req.1_63 = 4
stat.pool.100.port.core.0.peer_dst.100.ingress_pre_occ_bucket.other_req.65_256 = 6
stat.pool.100.port.core.0.peer_dst.100.ingress_queue_wait_bucket.other_req.64_255 = 0
stat.pool.100.port.core.0.peer_dst.100.ingress_pre_occ_bucket.other_req.257_1024 = 0
stat.pool.100.port.core.0.peer_dst.100.ingress_queue_wait_bucket.other_req.256_1023 = 0
stat.pool.100.port.core.0.peer_dst.100.ingress_pre_occ_bucket.other_req.1025_4096 = 0
stat.pool.100.port.core.0.peer_dst.100.ingress_queue_wait_bucket.other_req.1024_4095 = 0
stat.pool.100.port.core.0.peer_dst.100.ingress_pre_occ_bucket.other_req.4097_plus = 0
stat.pool.100.port.core.0.peer_dst.100.ingress_queue_wait_bucket.other_req.4096_plus = 0
stat.pool.100.port.core.0.tx_src.100.rx_bytes.response = 0
stat.pool.100.port.core.0.tx_src.100.rx_pkts.response = 0
stat.pool.100.port.core.0.tx_src.100.tx_bytes.response = 919168
stat.pool.100.port.core.0.tx_src.100.tx_pkts.response = 14362
stat.pool.100.port.core.0.tx_src.100.ingress_arrivals.response = 0
stat.pool.100.port.core.0.tx_src.100.ingress_arrival_nonempty_packet_frac.response = 0
stat.pool.100.port.core.0.tx_src.100.ingress_nonempty_arrival_pre_occ_avg_bytes.response = 0
stat.pool.100.port.core.0.tx_src.100.ingress_nonempty_arrival_pre_occ_max_bytes.response = 0
stat.pool.100.port.core.0.tx_src.100.ingress_wait_avg_cycles.response = 0
stat.pool.100.port.core.0.tx_src.100.ingress_queue_wait_avg_cycles.response = 0
stat.pool.100.port.core.0.tx_src.100.ingress_queue_wait_after_nonempty_arrival_avg_cycles.response = 0
stat.pool.100.port.core.0.tx_src.100.ingress_pre_occ_bucket.response.0 = 0
stat.pool.100.port.core.0.tx_src.100.ingress_queue_wait_bucket.response.0 = 0
stat.pool.100.port.core.0.tx_src.100.ingress_pre_occ_bucket.response.1_64 = 0
stat.pool.100.port.core.0.tx_src.100.ingress_queue_wait_bucket.response.1_63 = 0
stat.pool.100.port.core.0.tx_src.100.ingress_pre_occ_bucket.response.65_256 = 0
stat.pool.100.port.core.0.tx_src.100.ingress_queue_wait_bucket.response.64_255 = 0
stat.pool.100.port.core.0.tx_src.100.ingress_pre_occ_bucket.response.257_1024 = 0
stat.pool.100.port.core.0.tx_src.100.ingress_queue_wait_bucket.response.256_1023 = 0
stat.pool.100.port.core.0.tx_src.100.ingress_pre_occ_bucket.response.1025_4096 = 0
stat.pool.100.port.core.0.tx_src.100.ingress_queue_wait_bucket.response.1024_4095 = 0
stat.pool.100.port.core.0.tx_src.100.ingress_pre_occ_bucket.response.4097_plus = 0
stat.pool.100.port.core.0.tx_src.100.ingress_queue_wait_bucket.response.4096_plus = 0
stat.pool.100.port.core.0.tx_dst.0.rx_bytes.response = 0
stat.pool.100.port.core.0.tx_dst.0.rx_pkts.response = 0
stat.pool.100.port.core.0.tx_dst.0.tx_bytes.response = 919168
stat.pool.100.port.core.0.tx_dst.0.tx_pkts.response = 14362
stat.pool.100.port.core.0.tx_dst.0.ingress_arrivals.response = 0
stat.pool.100.port.core.0.tx_dst.0.ingress_arrival_nonempty_packet_frac.response = 0
stat.pool.100.port.core.0.tx_dst.0.ingress_nonempty_arrival_pre_occ_avg_bytes.response = 0
stat.pool.100.port.core.0.tx_dst.0.ingress_nonempty_arrival_pre_occ_max_bytes.response = 0
stat.pool.100.port.core.0.tx_dst.0.ingress_wait_avg_cycles.response = 0
stat.pool.100.port.core.0.tx_dst.0.ingress_queue_wait_avg_cycles.response = 0
stat.pool.100.port.core.0.tx_dst.0.ingress_queue_wait_after_nonempty_arrival_avg_cycles.response = 0
stat.pool.100.port.core.0.tx_dst.0.ingress_pre_occ_bucket.response.0 = 0
stat.pool.100.port.core.0.tx_dst.0.ingress_queue_wait_bucket.response.0 = 0
stat.pool.100.port.core.0.tx_dst.0.ingress_pre_occ_bucket.response.1_64 = 0
stat.pool.100.port.core.0.tx_dst.0.ingress_queue_wait_bucket.response.1_63 = 0
stat.pool.100.port.core.0.tx_dst.0.ingress_pre_occ_bucket.response.65_256 = 0
stat.pool.100.port.core.0.tx_dst.0.ingress_queue_wait_bucket.response.64_255 = 0
stat.pool.100.port.core.0.tx_dst.0.ingress_pre_occ_bucket.response.257_1024 = 0
stat.pool.100.port.core.0.tx_dst.0.ingress_queue_wait_bucket.response.256_1023 = 0
stat.pool.100.port.core.0.tx_dst.0.ingress_pre_occ_bucket.response.1025_4096 = 0
stat.pool.100.port.core.0.tx_dst.0.ingress_queue_wait_bucket.response.1024_4095 = 0
stat.pool.100.port.core.0.tx_dst.0.ingress_pre_occ_bucket.response.4097_plus = 0
stat.pool.100.port.core.0.tx_dst.0.ingress_queue_wait_bucket.response.4096_plus = 0
stat.pool.100.walltime_s = 191.324
stat.pool.100.active_time_s = 17.2156
Simulation is complete, simulated time: 503.07 us
