stat.node.0.llc.pool_accesses = 19716
stat.node.0.llc.cxl_miss = 19679
stat.node.0.llc.total_miss = 19679
stat.node.0.llc.avg_miss_lat = 439.634
stat.node.0.llc.avg_cxl_miss_lat = 439.634
stat.node.0.llc.miss_lat_hist_bin_ns = 10
stat.node.0.llc.miss_lat_hist = [0,0,0,0,0,0,0,0,0,0,0,0,0,0,0,920,6527,4208,2412,1545,1195,914,706,473,302,206,147,66,39,18,1]
stat.node.0.util.dram_avg = 1.75305e-05
stat.node.0.bw.interval_cycles = 605662
stat.node.0.bw.host_to_switch_bytes = 1168480
stat.node.0.bw.switch_to_host_bytes = 1261696
stat.node.0.bw.host_link_total_bytes = 2430176
stat.node.0.bw.host_to_switch_gbps = 4.63023
stat.node.0.bw.switch_to_host_gbps = 4.9996
stat.node.0.bw.host_link_total_gbps = 9.62983
stat.node.0.fabric.ingress_wait_avg_cycles = 187.282
stat.node.0.fabric.egress_wait_avg_cycles = 1
stat.node.0.fabric.ingress_wait_max_cycles = 460
stat.node.0.fabric.egress_wait_max_cycles = 1
stat.node.0.fabric.ingress_queue_wait_avg_cycles = 42.3016
stat.node.0.fabric.ingress_queue_wait_max_cycles = 315
stat.node.0.fabric.egress_occ_avg_bytes = 0
stat.node.0.fabric.egress_occ_stddev_bytes = 0
stat.node.0.fabric.egress_occ_max_bytes = 0
stat.node.0.fabric.egress_occ_nonempty_frac = 0
stat.node.0.fabric.egress_blocked_cycles = 0
stat.node.0.fabric.egress_blocked_nonempty_frac = 0
stat.node.0.fabric.egress_blocked_avg_occ_bytes = 0
stat.node.0.fabric.egress_blocked_max_occ_bytes = 0
stat.node.0.fabric.egress_send_burst_max_pkts = 2
stat.node.0.fabric.egress_send_burst_max_bytes = 72
stat.node.0.fabric.egress_send_burst_avg_pkts = 1.00866
stat.node.0.fabric.egress_send_burst_avg_bytes = 33.1917
stat.node.0.fabric.egress_send_burst_stddev_pkts = 0.0926754
stat.node.0.fabric.egress_send_burst_stddev_bytes = 27.9383
stat.node.0.fabric.egress_send_nonempty_frac = 0.0581248
stat.node.0.fabric.ingress_occ_bytes = 0
stat.node.0.fabric.ready_wait_avg_cycles = 0
stat.node.0.fabric.ready_wait_max_cycles = 0
stat.node.0.fabric.ready_occ_avg_pkts = 0.0325594
stat.node.0.fabric.ready_occ_pkts = 0
stat.node.0.fabric.ready_occ_max_pkts = 1
stat.node.0.fabric.ready_retry_count = 0
stat.node.0.fabric.ingress_arrival_burst_max_pkts = 2
stat.node.0.fabric.ingress_arrival_burst_max_bytes = 128
stat.node.0.fabric.ingress_arrival_burst_avg_pkts = 1.00076
stat.node.0.fabric.ingress_arrival_burst_avg_bytes = 64.0487
stat.node.0.fabric.ingress_arrival_burst_stddev_pkts = 0.0275841
stat.node.0.fabric.ingress_arrival_burst_stddev_bytes = 1.76538
stat.node.0.fabric.ingress_arrival_nonempty_frac = 0.0325247
stat.node.0.fabric.ingress_arrival_run_max_cycles = 2
stat.node.0.fabric.ingress_arrival_run_avg_cycles = 1.00137
stat.node.0.fabric.ingress_arrival_run_stddev_cycles = 0.037022
stat.node.0.fabric.ingress_arrival_gap_max_cycles = 519
stat.node.0.fabric.ingress_arrival_gap_avg_cycles = 29.7781
stat.node.0.fabric.ingress_arrival_gap_stddev_cycles = 41.9662
stat.node.0.fabric.ingress_release_burst_max_pkts = 1
stat.node.0.fabric.ingress_release_burst_max_bytes = 64
stat.node.0.fabric.ingress_release_burst_avg_pkts = 1
stat.node.0.fabric.ingress_release_burst_avg_bytes = 64
stat.node.0.fabric.ingress_release_burst_stddev_pkts = 0
stat.node.0.fabric.ingress_release_burst_stddev_bytes = 0
stat.node.0.fabric.ingress_release_nonempty_frac = 0.0325594
stat.node.0.fabric.ingress_release_run_max_cycles = 1
stat.node.0.fabric.ingress_release_run_avg_cycles = 1
stat.node.0.fabric.ingress_release_run_stddev_cycles = 0
stat.node.0.fabric.ingress_release_gap_max_cycles = 407
stat.node.0.fabric.ingress_release_gap_avg_cycles = 29.7122
stat.node.0.fabric.ingress_release_gap_stddev_cycles = 27.5702
stat.node.0.fabric.ingress_occ_avg_bytes = 388.176
stat.node.0.fabric.ingress_occ_stddev_bytes = 167.878
stat.node.0.fabric.ingress_occ_max_bytes = 1024
stat.node.0.fabric.ingress_occ_nonempty_frac = 0.962347
stat.node.0.fabric.ingress_occ_run_max_cycles = 9443
stat.node.0.fabric.ingress_occ_run_avg_cycles = 1868.13
stat.node.0.fabric.ingress_occ_run_stddev_cycles = 1566.76
stat.node.0.fabric.ingress_occ_gap_max_cycles = 264
stat.node.0.fabric.ingress_occ_gap_avg_cycles = 73.0929
stat.node.0.fabric.ingress_occ_gap_stddev_cycles = 65.2159
stat.node.0.fabric.ingress_wait_avg_cycles.demand_req = 0
stat.node.0.fabric.ingress_wait_max_cycles.demand_req = 0
stat.node.0.fabric.ingress_queue_wait_avg_cycles.demand_req = 0
stat.node.0.fabric.ingress_queue_wait_max_cycles.demand_req = 0
stat.node.0.fabric.egress_wait_avg_cycles.demand_req = 1
stat.node.0.fabric.egress_wait_max_cycles.demand_req = 1
stat.node.0.fabric.egress_occ_avg_bytes.demand_req = 0
stat.node.0.fabric.egress_occ_max_bytes.demand_req = 0
stat.node.0.fabric.egress_blocked_cycles.demand_req = 0
stat.node.0.fabric.ingress_arrival_empty_packets.demand_req = 0
stat.node.0.fabric.ingress_arrival_nonempty_packets.demand_req = 0
stat.node.0.fabric.ingress_arrival_nonempty_packet_frac.demand_req = 0
stat.node.0.fabric.ingress_nonempty_arrival_pre_occ_avg_bytes.demand_req = 0
stat.node.0.fabric.ingress_nonempty_arrival_pre_occ_max_bytes.demand_req = 0
stat.node.0.fabric.ingress_release_after_empty_arrival_packets.demand_req = 0
stat.node.0.fabric.ingress_release_after_nonempty_arrival_packets.demand_req = 0
stat.node.0.fabric.ingress_wait_after_empty_arrival_avg_cycles.demand_req = 0
stat.node.0.fabric.ingress_wait_after_nonempty_arrival_avg_cycles.demand_req = 0
stat.node.0.fabric.ingress_queue_wait_after_empty_arrival_avg_cycles.demand_req = 0
stat.node.0.fabric.ingress_queue_wait_after_nonempty_arrival_avg_cycles.demand_req = 0
stat.node.0.fabric.ingress_queue_wait_after_empty_arrival_max_cycles.demand_req = 0
stat.node.0.fabric.ingress_queue_wait_after_nonempty_arrival_max_cycles.demand_req = 0
stat.node.0.fabric.rx_bytes.demand_req = 0
stat.node.0.fabric.tx_bytes.demand_req = 157504
stat.node.0.fabric.rx_pkts.demand_req = 0
stat.node.0.fabric.tx_pkts.demand_req = 19688
stat.node.0.fabric.ingress_wait_avg_cycles.write_req = 0
stat.node.0.fabric.ingress_wait_max_cycles.write_req = 0
stat.node.0.fabric.ingress_queue_wait_avg_cycles.write_req = 0
stat.node.0.fabric.ingress_queue_wait_max_cycles.write_req = 0
stat.node.0.fabric.egress_wait_avg_cycles.write_req = 1
stat.node.0.fabric.egress_wait_max_cycles.write_req = 1
stat.node.0.fabric.egress_occ_avg_bytes.write_req = 0
stat.node.0.fabric.egress_occ_max_bytes.write_req = 0
stat.node.0.fabric.egress_blocked_cycles.write_req = 0
stat.node.0.fabric.ingress_arrival_empty_packets.write_req = 0
stat.node.0.fabric.ingress_arrival_nonempty_packets.write_req = 0
stat.node.0.fabric.ingress_arrival_nonempty_packet_frac.write_req = 0
stat.node.0.fabric.ingress_nonempty_arrival_pre_occ_avg_bytes.write_req = 0
stat.node.0.fabric.ingress_nonempty_arrival_pre_occ_max_bytes.write_req = 0
stat.node.0.fabric.ingress_release_after_empty_arrival_packets.write_req = 0
stat.node.0.fabric.ingress_release_after_nonempty_arrival_packets.write_req = 0
stat.node.0.fabric.ingress_wait_after_empty_arrival_avg_cycles.write_req = 0
stat.node.0.fabric.ingress_wait_after_nonempty_arrival_avg_cycles.write_req = 0
stat.node.0.fabric.ingress_queue_wait_after_empty_arrival_avg_cycles.write_req = 0
stat.node.0.fabric.ingress_queue_wait_after_nonempty_arrival_avg_cycles.write_req = 0
stat.node.0.fabric.ingress_queue_wait_after_empty_arrival_max_cycles.write_req = 0
stat.node.0.fabric.ingress_queue_wait_after_nonempty_arrival_max_cycles.write_req = 0
stat.node.0.fabric.rx_bytes.write_req = 0
stat.node.0.fabric.tx_bytes.write_req = 1010752
stat.node.0.fabric.rx_pkts.write_req = 0
stat.node.0.fabric.tx_pkts.write_req = 15793
stat.node.0.fabric.ingress_wait_avg_cycles.response = 187.282
stat.node.0.fabric.ingress_wait_max_cycles.response = 460
stat.node.0.fabric.ingress_queue_wait_avg_cycles.response = 42.3016
stat.node.0.fabric.ingress_queue_wait_max_cycles.response = 315
stat.node.0.fabric.egress_wait_avg_cycles.response = 0
stat.node.0.fabric.egress_wait_max_cycles.response = 0
stat.node.0.fabric.egress_occ_avg_bytes.response = 0
stat.node.0.fabric.egress_occ_max_bytes.response = 0
stat.node.0.fabric.egress_blocked_cycles.response = 0
stat.node.0.fabric.ingress_arrival_empty_packets.response = 311
stat.node.0.fabric.ingress_arrival_nonempty_packets.response = 19403
stat.node.0.fabric.ingress_arrival_nonempty_packet_frac.response = 0.984224
stat.node.0.fabric.ingress_nonempty_arrival_pre_occ_avg_bytes.response = 371.763
stat.node.0.fabric.ingress_nonempty_arrival_pre_occ_max_bytes.response = 960
stat.node.0.fabric.ingress_release_after_empty_arrival_packets.response = 317
stat.node.0.fabric.ingress_release_after_nonempty_arrival_packets.response = 19403
stat.node.0.fabric.ingress_wait_after_empty_arrival_avg_cycles.response = 143.817
stat.node.0.fabric.ingress_wait_after_nonempty_arrival_avg_cycles.response = 187.993
stat.node.0.fabric.ingress_queue_wait_after_empty_arrival_avg_cycles.response = 0.00946372
stat.node.0.fabric.ingress_queue_wait_after_nonempty_arrival_avg_cycles.response = 42.9925
stat.node.0.fabric.ingress_queue_wait_after_empty_arrival_max_cycles.response = 3
stat.node.0.fabric.ingress_queue_wait_after_nonempty_arrival_max_cycles.response = 315
stat.node.0.fabric.rx_bytes.response = 1261696
stat.node.0.fabric.tx_bytes.response = 0
stat.node.0.fabric.rx_pkts.response = 19714
stat.node.0.fabric.tx_pkts.response = 0
stat.node.0.fabric.ingress_wait_avg_cycles.other_req = 0
stat.node.0.fabric.ingress_wait_max_cycles.other_req = 0
stat.node.0.fabric.ingress_queue_wait_avg_cycles.other_req = 0
stat.node.0.fabric.ingress_queue_wait_max_cycles.other_req = 0
stat.node.0.fabric.egress_wait_avg_cycles.other_req = 1
stat.node.0.fabric.egress_wait_max_cycles.other_req = 1
stat.node.0.fabric.egress_occ_avg_bytes.other_req = 0
stat.node.0.fabric.egress_occ_max_bytes.other_req = 0
stat.node.0.fabric.egress_blocked_cycles.other_req = 0
stat.node.0.fabric.ingress_arrival_empty_packets.other_req = 0
stat.node.0.fabric.ingress_arrival_nonempty_packets.other_req = 0
stat.node.0.fabric.ingress_arrival_nonempty_packet_frac.other_req = 0
stat.node.0.fabric.ingress_nonempty_arrival_pre_occ_avg_bytes.other_req = 0
stat.node.0.fabric.ingress_nonempty_arrival_pre_occ_max_bytes.other_req = 0
stat.node.0.fabric.ingress_release_after_empty_arrival_packets.other_req = 0
stat.node.0.fabric.ingress_release_after_nonempty_arrival_packets.other_req = 0
stat.node.0.fabric.ingress_wait_after_empty_arrival_avg_cycles.other_req = 0
stat.node.0.fabric.ingress_wait_after_nonempty_arrival_avg_cycles.other_req = 0
stat.node.0.fabric.ingress_queue_wait_after_empty_arrival_avg_cycles.other_req = 0
stat.node.0.fabric.ingress_queue_wait_after_nonempty_arrival_avg_cycles.other_req = 0
stat.node.0.fabric.ingress_queue_wait_after_empty_arrival_max_cycles.other_req = 0
stat.node.0.fabric.ingress_queue_wait_after_nonempty_arrival_max_cycles.other_req = 0
stat.node.0.fabric.rx_bytes.other_req = 0
stat.node.0.fabric.tx_bytes.other_req = 224
stat.node.0.fabric.rx_pkts.other_req = 0
stat.node.0.fabric.tx_pkts.other_req = 28
stat.node.0.fabric.ingress_occ_bucket_bytes.0 = 22805
stat.node.0.fabric.ready_occ_bucket_bytes.0 = 585942
stat.node.0.fabric.ingress_occ_bucket_bytes.1_64 = 15277
stat.node.0.fabric.ready_occ_bucket_bytes.1_64 = 19720
stat.node.0.fabric.ingress_occ_bucket_bytes.65_256 = 73833
stat.node.0.fabric.ready_occ_bucket_bytes.65_256 = 0
stat.node.0.fabric.ingress_occ_bucket_bytes.257_1024 = 493747
stat.node.0.fabric.ready_occ_bucket_bytes.257_1024 = 0
stat.node.0.fabric.ingress_occ_bucket_bytes.1025_4096 = 0
stat.node.0.fabric.ready_occ_bucket_bytes.1025_4096 = 0
stat.node.0.fabric.ingress_occ_bucket_bytes.4097_plus = 0
stat.node.0.fabric.ready_occ_bucket_bytes.4097_plus = 0
stat.node.0.fabric.ingress_episode.count = 312
stat.node.0.fabric.ingress_episode.avg_cycles = 1868.08
stat.node.0.fabric.ingress_episode.max_cycles = 9443
stat.node.0.fabric.ingress_episode.avg_peak_occ_bytes = 777.436
stat.node.0.fabric.ingress_episode.max_peak_occ_bytes = 1024
stat.node.0.fabric.ingress_episode.avg_arrival_pkts = 63.1859
stat.node.0.fabric.ingress_episode.max_arrival_pkts = 329
stat.node.0.fabric.ingress_episode.avg_arrival_bytes = 4043.9
stat.node.0.fabric.ingress_episode.max_arrival_bytes = 21056
stat.node.0.fabric.ingress_episode.avg_release_pkts = 63.2051
stat.node.0.fabric.ingress_episode.max_release_pkts = 329
stat.node.0.fabric.ingress_episode.avg_release_bytes = 4045.13
stat.node.0.fabric.ingress_episode.max_release_bytes = 21056
stat.node.0.fabric.ingress_episode.avg_wait_cycles = 11837.2
stat.node.0.fabric.ingress_episode.max_wait_cycles = 460
stat.node.0.fabric.ingress_episode.avg_queue_wait_cycles = 2673.68
stat.node.0.fabric.ingress_episode.max_queue_wait_cycles = 315
stat.node.0.fabric.ingress_episode.avg_src_distinct = 1
stat.node.0.fabric.ingress_episode.max_src_distinct = 1
stat.node.0.fabric.ingress_episode.avg_dst_distinct = 1
stat.node.0.fabric.ingress_episode.max_dst_distinct = 1
stat.node.0.fabric.ingress_episode.avg_arrival_pkts.demand_req = 0
stat.node.0.fabric.ingress_episode.max_arrival_pkts.demand_req = 0
stat.node.0.fabric.ingress_episode.avg_release_pkts.demand_req = 0
stat.node.0.fabric.ingress_episode.max_release_pkts.demand_req = 0
stat.node.0.fabric.ingress_pre_occ_bucket.demand_req.0 = 0
stat.node.0.fabric.ingress_queue_wait_bucket.demand_req.0 = 0
stat.node.0.fabric.ingress_pre_occ_bucket.demand_req.1_64 = 0
stat.node.0.fabric.ingress_queue_wait_bucket.demand_req.1_63 = 0
stat.node.0.fabric.ingress_pre_occ_bucket.demand_req.65_256 = 0
stat.node.0.fabric.ingress_queue_wait_bucket.demand_req.64_255 = 0
stat.node.0.fabric.ingress_pre_occ_bucket.demand_req.257_1024 = 0
stat.node.0.fabric.ingress_queue_wait_bucket.demand_req.256_1023 = 0
stat.node.0.fabric.ingress_pre_occ_bucket.demand_req.1025_4096 = 0
stat.node.0.fabric.ingress_queue_wait_bucket.demand_req.1024_4095 = 0
stat.node.0.fabric.ingress_pre_occ_bucket.demand_req.4097_plus = 0
stat.node.0.fabric.ingress_queue_wait_bucket.demand_req.4096_plus = 0
stat.node.0.fabric.ingress_episode.avg_arrival_pkts.write_req = 0
stat.node.0.fabric.ingress_episode.max_arrival_pkts.write_req = 0
stat.node.0.fabric.ingress_episode.avg_release_pkts.write_req = 0
stat.node.0.fabric.ingress_episode.max_release_pkts.write_req = 0
stat.node.0.fabric.ingress_pre_occ_bucket.write_req.0 = 0
stat.node.0.fabric.ingress_queue_wait_bucket.write_req.0 = 0
stat.node.0.fabric.ingress_pre_occ_bucket.write_req.1_64 = 0
stat.node.0.fabric.ingress_queue_wait_bucket.write_req.1_63 = 0
stat.node.0.fabric.ingress_pre_occ_bucket.write_req.65_256 = 0
stat.node.0.fabric.ingress_queue_wait_bucket.write_req.64_255 = 0
stat.node.0.fabric.ingress_pre_occ_bucket.write_req.257_1024 = 0
stat.node.0.fabric.ingress_queue_wait_bucket.write_req.256_1023 = 0
stat.node.0.fabric.ingress_pre_occ_bucket.write_req.1025_4096 = 0
stat.node.0.fabric.ingress_queue_wait_bucket.write_req.1024_4095 = 0
stat.node.0.fabric.ingress_pre_occ_bucket.write_req.4097_plus = 0
stat.node.0.fabric.ingress_queue_wait_bucket.write_req.4096_plus = 0
stat.node.0.fabric.ingress_episode.avg_arrival_pkts.response = 63.1859
stat.node.0.fabric.ingress_episode.max_arrival_pkts.response = 329
stat.node.0.fabric.ingress_episode.avg_release_pkts.response = 63.2051
stat.node.0.fabric.ingress_episode.max_release_pkts.response = 329
stat.node.0.fabric.ingress_pre_occ_bucket.response.0 = 311
stat.node.0.fabric.ingress_queue_wait_bucket.response.0 = 5234
stat.node.0.fabric.ingress_pre_occ_bucket.response.1_64 = 478
stat.node.0.fabric.ingress_queue_wait_bucket.response.1_63 = 9863
stat.node.0.fabric.ingress_pre_occ_bucket.response.65_256 = 2766
stat.node.0.fabric.ingress_queue_wait_bucket.response.64_255 = 4599
stat.node.0.fabric.ingress_pre_occ_bucket.response.257_1024 = 16159
stat.node.0.fabric.ingress_queue_wait_bucket.response.256_1023 = 24
stat.node.0.fabric.ingress_pre_occ_bucket.response.1025_4096 = 0
stat.node.0.fabric.ingress_queue_wait_bucket.response.1024_4095 = 0
stat.node.0.fabric.ingress_pre_occ_bucket.response.4097_plus = 0
stat.node.0.fabric.ingress_queue_wait_bucket.response.4096_plus = 0
stat.node.0.fabric.ingress_episode.avg_arrival_pkts.other_req = 0
stat.node.0.fabric.ingress_episode.max_arrival_pkts.other_req = 0
stat.node.0.fabric.ingress_episode.avg_release_pkts.other_req = 0
stat.node.0.fabric.ingress_episode.max_release_pkts.other_req = 0
stat.node.0.fabric.ingress_pre_occ_bucket.other_req.0 = 0
stat.node.0.fabric.ingress_queue_wait_bucket.other_req.0 = 0
stat.node.0.fabric.ingress_pre_occ_bucket.other_req.1_64 = 0
stat.node.0.fabric.ingress_queue_wait_bucket.other_req.1_63 = 0
stat.node.0.fabric.ingress_pre_occ_bucket.other_req.65_256 = 0
stat.node.0.fabric.ingress_queue_wait_bucket.other_req.64_255 = 0
stat.node.0.fabric.ingress_pre_occ_bucket.other_req.257_1024 = 0
stat.node.0.fabric.ingress_queue_wait_bucket.other_req.256_1023 = 0
stat.node.0.fabric.ingress_pre_occ_bucket.other_req.1025_4096 = 0
stat.node.0.fabric.ingress_queue_wait_bucket.other_req.1024_4095 = 0
stat.node.0.fabric.ingress_pre_occ_bucket.other_req.4097_plus = 0
stat.node.0.fabric.ingress_queue_wait_bucket.other_req.4096_plus = 0
stat.node.0.fabric.peer_src.100.rx_bytes.response = 1261696
stat.node.0.fabric.peer_src.100.rx_pkts.response = 19714
stat.node.0.fabric.peer_src.100.tx_bytes.response = 0
stat.node.0.fabric.peer_src.100.tx_pkts.response = 0
stat.node.0.fabric.peer_src.100.ingress_arrivals.response = 19714
stat.node.0.fabric.peer_src.100.ingress_arrival_nonempty_packet_frac.response = 0.984224
stat.node.0.fabric.peer_src.100.ingress_nonempty_arrival_pre_occ_avg_bytes.response = 371.763
stat.node.0.fabric.peer_src.100.ingress_nonempty_arrival_pre_occ_max_bytes.response = 960
stat.node.0.fabric.peer_src.100.ingress_wait_avg_cycles.response = 187.282
stat.node.0.fabric.peer_src.100.ingress_queue_wait_avg_cycles.response = 42.3016
stat.node.0.fabric.peer_src.100.ingress_queue_wait_after_nonempty_arrival_avg_cycles.response = 42.9925
stat.node.0.fabric.peer_src.100.ingress_pre_occ_bucket.response.0 = 311
stat.node.0.fabric.peer_src.100.ingress_queue_wait_bucket.response.0 = 5234
stat.node.0.fabric.peer_src.100.ingress_pre_occ_bucket.response.1_64 = 478
stat.node.0.fabric.peer_src.100.ingress_queue_wait_bucket.response.1_63 = 9863
stat.node.0.fabric.peer_src.100.ingress_pre_occ_bucket.response.65_256 = 2766
stat.node.0.fabric.peer_src.100.ingress_queue_wait_bucket.response.64_255 = 4599
stat.node.0.fabric.peer_src.100.ingress_pre_occ_bucket.response.257_1024 = 16159
stat.node.0.fabric.peer_src.100.ingress_queue_wait_bucket.response.256_1023 = 24
stat.node.0.fabric.peer_src.100.ingress_pre_occ_bucket.response.1025_4096 = 0
stat.node.0.fabric.peer_src.100.ingress_queue_wait_bucket.response.1024_4095 = 0
stat.node.0.fabric.peer_src.100.ingress_pre_occ_bucket.response.4097_plus = 0
stat.node.0.fabric.peer_src.100.ingress_queue_wait_bucket.response.4096_plus = 0
stat.node.0.fabric.peer_dst.0.rx_bytes.response = 1261696
stat.node.0.fabric.peer_dst.0.rx_pkts.response = 19714
stat.node.0.fabric.peer_dst.0.tx_bytes.response = 0
stat.node.0.fabric.peer_dst.0.tx_pkts.response = 0
stat.node.0.fabric.peer_dst.0.ingress_arrivals.response = 19714
stat.node.0.fabric.peer_dst.0.ingress_arrival_nonempty_packet_frac.response = 0.984224
stat.node.0.fabric.peer_dst.0.ingress_nonempty_arrival_pre_occ_avg_bytes.response = 371.763
stat.node.0.fabric.peer_dst.0.ingress_nonempty_arrival_pre_occ_max_bytes.response = 960
stat.node.0.fabric.peer_dst.0.ingress_wait_avg_cycles.response = 187.282
stat.node.0.fabric.peer_dst.0.ingress_queue_wait_avg_cycles.response = 42.3016
stat.node.0.fabric.peer_dst.0.ingress_queue_wait_after_nonempty_arrival_avg_cycles.response = 42.9925
stat.node.0.fabric.peer_dst.0.ingress_pre_occ_bucket.response.0 = 311
stat.node.0.fabric.peer_dst.0.ingress_queue_wait_bucket.response.0 = 5234
stat.node.0.fabric.peer_dst.0.ingress_pre_occ_bucket.response.1_64 = 478
stat.node.0.fabric.peer_dst.0.ingress_queue_wait_bucket.response.1_63 = 9863
stat.node.0.fabric.peer_dst.0.ingress_pre_occ_bucket.response.65_256 = 2766
stat.node.0.fabric.peer_dst.0.ingress_queue_wait_bucket.response.64_255 = 4599
stat.node.0.fabric.peer_dst.0.ingress_pre_occ_bucket.response.257_1024 = 16159
stat.node.0.fabric.peer_dst.0.ingress_queue_wait_bucket.response.256_1023 = 24
stat.node.0.fabric.peer_dst.0.ingress_pre_occ_bucket.response.1025_4096 = 0
stat.node.0.fabric.peer_dst.0.ingress_queue_wait_bucket.response.1024_4095 = 0
stat.node.0.fabric.peer_dst.0.ingress_pre_occ_bucket.response.4097_plus = 0
stat.node.0.fabric.peer_dst.0.ingress_queue_wait_bucket.response.4096_plus = 0
stat.node.0.fabric.tx_src.0.rx_bytes.demand_req = 0
stat.node.0.fabric.tx_src.0.rx_pkts.demand_req = 0
stat.node.0.fabric.tx_src.0.tx_bytes.demand_req = 157504
stat.node.0.fabric.tx_src.0.tx_pkts.demand_req = 19688
stat.node.0.fabric.tx_src.0.ingress_arrivals.demand_req = 0
stat.node.0.fabric.tx_src.0.ingress_arrival_nonempty_packet_frac.demand_req = 0
stat.node.0.fabric.tx_src.0.ingress_nonempty_arrival_pre_occ_avg_bytes.demand_req = 0
stat.node.0.fabric.tx_src.0.ingress_nonempty_arrival_pre_occ_max_bytes.demand_req = 0
stat.node.0.fabric.tx_src.0.ingress_wait_avg_cycles.demand_req = 0
stat.node.0.fabric.tx_src.0.ingress_queue_wait_avg_cycles.demand_req = 0
stat.node.0.fabric.tx_src.0.ingress_queue_wait_after_nonempty_arrival_avg_cycles.demand_req = 0
stat.node.0.fabric.tx_src.0.ingress_pre_occ_bucket.demand_req.0 = 0
stat.node.0.fabric.tx_src.0.ingress_queue_wait_bucket.demand_req.0 = 0
stat.node.0.fabric.tx_src.0.ingress_pre_occ_bucket.demand_req.1_64 = 0
stat.node.0.fabric.tx_src.0.ingress_queue_wait_bucket.demand_req.1_63 = 0
stat.node.0.fabric.tx_src.0.ingress_pre_occ_bucket.demand_req.65_256 = 0
stat.node.0.fabric.tx_src.0.ingress_queue_wait_bucket.demand_req.64_255 = 0
stat.node.0.fabric.tx_src.0.ingress_pre_occ_bucket.demand_req.257_1024 = 0
stat.node.0.fabric.tx_src.0.ingress_queue_wait_bucket.demand_req.256_1023 = 0
stat.node.0.fabric.tx_src.0.ingress_pre_occ_bucket.demand_req.1025_4096 = 0
stat.node.0.fabric.tx_src.0.ingress_queue_wait_bucket.demand_req.1024_4095 = 0
stat.node.0.fabric.tx_src.0.ingress_pre_occ_bucket.demand_req.4097_plus = 0
stat.node.0.fabric.tx_src.0.ingress_queue_wait_bucket.demand_req.4096_plus = 0
stat.node.0.fabric.tx_src.0.rx_bytes.write_req = 0
stat.node.0.fabric.tx_src.0.rx_pkts.write_req = 0
stat.node.0.fabric.tx_src.0.tx_bytes.write_req = 1010752
stat.node.0.fabric.tx_src.0.tx_pkts.write_req = 15793
stat.node.0.fabric.tx_src.0.ingress_arrivals.write_req = 0
stat.node.0.fabric.tx_src.0.ingress_arrival_nonempty_packet_frac.write_req = 0
stat.node.0.fabric.tx_src.0.ingress_nonempty_arrival_pre_occ_avg_bytes.write_req = 0
stat.node.0.fabric.tx_src.0.ingress_nonempty_arrival_pre_occ_max_bytes.write_req = 0
stat.node.0.fabric.tx_src.0.ingress_wait_avg_cycles.write_req = 0
stat.node.0.fabric.tx_src.0.ingress_queue_wait_avg_cycles.write_req = 0
stat.node.0.fabric.tx_src.0.ingress_queue_wait_after_nonempty_arrival_avg_cycles.write_req = 0
stat.node.0.fabric.tx_src.0.ingress_pre_occ_bucket.write_req.0 = 0
stat.node.0.fabric.tx_src.0.ingress_queue_wait_bucket.write_req.0 = 0
stat.node.0.fabric.tx_src.0.ingress_pre_occ_bucket.write_req.1_64 = 0
stat.node.0.fabric.tx_src.0.ingress_queue_wait_bucket.write_req.1_63 = 0
stat.node.0.fabric.tx_src.0.ingress_pre_occ_bucket.write_req.65_256 = 0
stat.node.0.fabric.tx_src.0.ingress_queue_wait_bucket.write_req.64_255 = 0
stat.node.0.fabric.tx_src.0.ingress_pre_occ_bucket.write_req.257_1024 = 0
stat.node.0.fabric.tx_src.0.ingress_queue_wait_bucket.write_req.256_1023 = 0
stat.node.0.fabric.tx_src.0.ingress_pre_occ_bucket.write_req.1025_4096 = 0
stat.node.0.fabric.tx_src.0.ingress_queue_wait_bucket.write_req.1024_4095 = 0
stat.node.0.fabric.tx_src.0.ingress_pre_occ_bucket.write_req.4097_plus = 0
stat.node.0.fabric.tx_src.0.ingress_queue_wait_bucket.write_req.4096_plus = 0
stat.node.0.fabric.tx_src.0.rx_bytes.other_req = 0
stat.node.0.fabric.tx_src.0.rx_pkts.other_req = 0
stat.node.0.fabric.tx_src.0.tx_bytes.other_req = 224
stat.node.0.fabric.tx_src.0.tx_pkts.other_req = 28
stat.node.0.fabric.tx_src.0.ingress_arrivals.other_req = 0
stat.node.0.fabric.tx_src.0.ingress_arrival_nonempty_packet_frac.other_req = 0
stat.node.0.fabric.tx_src.0.ingress_nonempty_arrival_pre_occ_avg_bytes.other_req = 0
stat.node.0.fabric.tx_src.0.ingress_nonempty_arrival_pre_occ_max_bytes.other_req = 0
stat.node.0.fabric.tx_src.0.ingress_wait_avg_cycles.other_req = 0
stat.node.0.fabric.tx_src.0.ingress_queue_wait_avg_cycles.other_req = 0
stat.node.0.fabric.tx_src.0.ingress_queue_wait_after_nonempty_arrival_avg_cycles.other_req = 0
stat.node.0.fabric.tx_src.0.ingress_pre_occ_bucket.other_req.0 = 0
stat.node.0.fabric.tx_src.0.ingress_queue_wait_bucket.other_req.0 = 0
stat.node.0.fabric.tx_src.0.ingress_pre_occ_bucket.other_req.1_64 = 0
stat.node.0.fabric.tx_src.0.ingress_queue_wait_bucket.other_req.1_63 = 0
stat.node.0.fabric.tx_src.0.ingress_pre_occ_bucket.other_req.65_256 = 0
stat.node.0.fabric.tx_src.0.ingress_queue_wait_bucket.other_req.64_255 = 0
stat.node.0.fabric.tx_src.0.ingress_pre_occ_bucket.other_req.257_1024 = 0
stat.node.0.fabric.tx_src.0.ingress_queue_wait_bucket.other_req.256_1023 = 0
stat.node.0.fabric.tx_src.0.ingress_pre_occ_bucket.other_req.1025_4096 = 0
stat.node.0.fabric.tx_src.0.ingress_queue_wait_bucket.other_req.1024_4095 = 0
stat.node.0.fabric.tx_src.0.ingress_pre_occ_bucket.other_req.4097_plus = 0
stat.node.0.fabric.tx_src.0.ingress_queue_wait_bucket.other_req.4096_plus = 0
stat.node.0.fabric.tx_dst.100.rx_bytes.demand_req = 0
stat.node.0.fabric.tx_dst.100.rx_pkts.demand_req = 0
stat.node.0.fabric.tx_dst.100.tx_bytes.demand_req = 157504
stat.node.0.fabric.tx_dst.100.tx_pkts.demand_req = 19688
stat.node.0.fabric.tx_dst.100.ingress_arrivals.demand_req = 0
stat.node.0.fabric.tx_dst.100.ingress_arrival_nonempty_packet_frac.demand_req = 0
stat.node.0.fabric.tx_dst.100.ingress_nonempty_arrival_pre_occ_avg_bytes.demand_req = 0
stat.node.0.fabric.tx_dst.100.ingress_nonempty_arrival_pre_occ_max_bytes.demand_req = 0
stat.node.0.fabric.tx_dst.100.ingress_wait_avg_cycles.demand_req = 0
stat.node.0.fabric.tx_dst.100.ingress_queue_wait_avg_cycles.demand_req = 0
stat.node.0.fabric.tx_dst.100.ingress_queue_wait_after_nonempty_arrival_avg_cycles.demand_req = 0
stat.node.0.fabric.tx_dst.100.ingress_pre_occ_bucket.demand_req.0 = 0
stat.node.0.fabric.tx_dst.100.ingress_queue_wait_bucket.demand_req.0 = 0
stat.node.0.fabric.tx_dst.100.ingress_pre_occ_bucket.demand_req.1_64 = 0
stat.node.0.fabric.tx_dst.100.ingress_queue_wait_bucket.demand_req.1_63 = 0
stat.node.0.fabric.tx_dst.100.ingress_pre_occ_bucket.demand_req.65_256 = 0
stat.node.0.fabric.tx_dst.100.ingress_queue_wait_bucket.demand_req.64_255 = 0
stat.node.0.fabric.tx_dst.100.ingress_pre_occ_bucket.demand_req.257_1024 = 0
stat.node.0.fabric.tx_dst.100.ingress_queue_wait_bucket.demand_req.256_1023 = 0
stat.node.0.fabric.tx_dst.100.ingress_pre_occ_bucket.demand_req.1025_4096 = 0
stat.node.0.fabric.tx_dst.100.ingress_queue_wait_bucket.demand_req.1024_4095 = 0
stat.node.0.fabric.tx_dst.100.ingress_pre_occ_bucket.demand_req.4097_plus = 0
stat.node.0.fabric.tx_dst.100.ingress_queue_wait_bucket.demand_req.4096_plus = 0
stat.node.0.fabric.tx_dst.100.rx_bytes.write_req = 0
stat.node.0.fabric.tx_dst.100.rx_pkts.write_req = 0
stat.node.0.fabric.tx_dst.100.tx_bytes.write_req = 1010752
stat.node.0.fabric.tx_dst.100.tx_pkts.write_req = 15793
stat.node.0.fabric.tx_dst.100.ingress_arrivals.write_req = 0
stat.node.0.fabric.tx_dst.100.ingress_arrival_nonempty_packet_frac.write_req = 0
stat.node.0.fabric.tx_dst.100.ingress_nonempty_arrival_pre_occ_avg_bytes.write_req = 0
stat.node.0.fabric.tx_dst.100.ingress_nonempty_arrival_pre_occ_max_bytes.write_req = 0
stat.node.0.fabric.tx_dst.100.ingress_wait_avg_cycles.write_req = 0
stat.node.0.fabric.tx_dst.100.ingress_queue_wait_avg_cycles.write_req = 0
stat.node.0.fabric.tx_dst.100.ingress_queue_wait_after_nonempty_arrival_avg_cycles.write_req = 0
stat.node.0.fabric.tx_dst.100.ingress_pre_occ_bucket.write_req.0 = 0
stat.node.0.fabric.tx_dst.100.ingress_queue_wait_bucket.write_req.0 = 0
stat.node.0.fabric.tx_dst.100.ingress_pre_occ_bucket.write_req.1_64 = 0
stat.node.0.fabric.tx_dst.100.ingress_queue_wait_bucket.write_req.1_63 = 0
stat.node.0.fabric.tx_dst.100.ingress_pre_occ_bucket.write_req.65_256 = 0
stat.node.0.fabric.tx_dst.100.ingress_queue_wait_bucket.write_req.64_255 = 0
stat.node.0.fabric.tx_dst.100.ingress_pre_occ_bucket.write_req.257_1024 = 0
stat.node.0.fabric.tx_dst.100.ingress_queue_wait_bucket.write_req.256_1023 = 0
stat.node.0.fabric.tx_dst.100.ingress_pre_occ_bucket.write_req.1025_4096 = 0
stat.node.0.fabric.tx_dst.100.ingress_queue_wait_bucket.write_req.1024_4095 = 0
stat.node.0.fabric.tx_dst.100.ingress_pre_occ_bucket.write_req.4097_plus = 0
stat.node.0.fabric.tx_dst.100.ingress_queue_wait_bucket.write_req.4096_plus = 0
stat.node.0.fabric.tx_dst.100.rx_bytes.other_req = 0
stat.node.0.fabric.tx_dst.100.rx_pkts.other_req = 0
stat.node.0.fabric.tx_dst.100.tx_bytes.other_req = 224
stat.node.0.fabric.tx_dst.100.tx_pkts.other_req = 28
stat.node.0.fabric.tx_dst.100.ingress_arrivals.other_req = 0
stat.node.0.fabric.tx_dst.100.ingress_arrival_nonempty_packet_frac.other_req = 0
stat.node.0.fabric.tx_dst.100.ingress_nonempty_arrival_pre_occ_avg_bytes.other_req = 0
stat.node.0.fabric.tx_dst.100.ingress_nonempty_arrival_pre_occ_max_bytes.other_req = 0
stat.node.0.fabric.tx_dst.100.ingress_wait_avg_cycles.other_req = 0
stat.node.0.fabric.tx_dst.100.ingress_queue_wait_avg_cycles.other_req = 0
stat.node.0.fabric.tx_dst.100.ingress_queue_wait_after_nonempty_arrival_avg_cycles.other_req = 0
stat.node.0.fabric.tx_dst.100.ingress_pre_occ_bucket.other_req.0 = 0
stat.node.0.fabric.tx_dst.100.ingress_queue_wait_bucket.other_req.0 = 0
stat.node.0.fabric.tx_dst.100.ingress_pre_occ_bucket.other_req.1_64 = 0
stat.node.0.fabric.tx_dst.100.ingress_queue_wait_bucket.other_req.1_63 = 0
stat.node.0.fabric.tx_dst.100.ingress_pre_occ_bucket.other_req.65_256 = 0
stat.node.0.fabric.tx_dst.100.ingress_queue_wait_bucket.other_req.64_255 = 0
stat.node.0.fabric.tx_dst.100.ingress_pre_occ_bucket.other_req.257_1024 = 0
stat.node.0.fabric.tx_dst.100.ingress_queue_wait_bucket.other_req.256_1023 = 0
stat.node.0.fabric.tx_dst.100.ingress_pre_occ_bucket.other_req.1025_4096 = 0
stat.node.0.fabric.tx_dst.100.ingress_queue_wait_bucket.other_req.1024_4095 = 0
stat.node.0.fabric.tx_dst.100.ingress_pre_occ_bucket.other_req.4097_plus = 0
stat.node.0.fabric.tx_dst.100.ingress_queue_wait_bucket.other_req.4096_plus = 0
stat.node.0.walltime_s = 204.65
stat.node.0.active_time_s = 183.29
stat.pool.100.util.mem_avg = 0.234464
stat.pool.100.util.req_link_avg = 0.753403
stat.pool.100.memq.demand.completed = 19686
stat.pool.100.memq.demand.response_completed = 19686
stat.pool.100.memq.demand.queue_wait_avg_cycles = 2.43864
stat.pool.100.memq.demand.queue_wait_max_cycles = 15
stat.pool.100.memq.demand.service_avg_cycles = 81.8447
stat.pool.100.memq.demand.service_max_cycles = 123
stat.pool.100.memq.demand.total_avg_cycles = 84.2833
stat.pool.100.memq.demand.total_max_cycles = 138
stat.pool.100.memq.demand.ahead_pkts_avg.load = 0.51021
stat.pool.100.memq.demand.ahead_pkts_max.load = 6
stat.pool.100.memq.demand.ahead_bytes_avg.load = 0.51021
stat.pool.100.memq.demand.ahead_bytes_max.load = 6
stat.pool.100.memq.demand.ahead_pkts_avg.rfo = 2.50244
stat.pool.100.memq.demand.ahead_pkts_max.rfo = 15
stat.pool.100.memq.demand.ahead_bytes_avg.rfo = 2.50244
stat.pool.100.memq.demand.ahead_bytes_max.rfo = 15
stat.pool.100.memq.demand.ahead_pkts_avg.write = 2.5061
stat.pool.100.memq.demand.ahead_pkts_max.write = 5
stat.pool.100.memq.demand.ahead_bytes_avg.write = 2.5061
stat.pool.100.memq.demand.ahead_bytes_max.write = 5
stat.pool.100.memq.demand.ahead_pkts_avg.other = 0.00502895
stat.pool.100.memq.demand.ahead_pkts_max.other = 1
stat.pool.100.memq.demand.ahead_bytes_avg.other = 0.00502895
stat.pool.100.memq.demand.ahead_bytes_max.other = 1
stat.pool.100.memq.demand.queue_wait_bucket.0 = 3
stat.pool.100.memq.demand.service_bucket.0 = 0
stat.pool.100.memq.demand.total_bucket.0 = 0
stat.pool.100.memq.demand.ahead_total_pkts_bucket.0 = 24
stat.pool.100.memq.demand.ahead_total_bytes_bucket.0 = 24
stat.pool.100.memq.demand.queue_wait_bucket.1_63 = 19683
stat.pool.100.memq.demand.service_bucket.1_63 = 2
stat.pool.100.memq.demand.total_bucket.1_63 = 2
stat.pool.100.memq.demand.ahead_total_pkts_bucket.1 = 209
stat.pool.100.memq.demand.ahead_total_bytes_bucket.1_64 = 19662
stat.pool.100.memq.demand.queue_wait_bucket.64_255 = 0
stat.pool.100.memq.demand.service_bucket.64_255 = 19684
stat.pool.100.memq.demand.total_bucket.64_255 = 19684
stat.pool.100.memq.demand.ahead_total_pkts_bucket.2 = 754
stat.pool.100.memq.demand.ahead_total_bytes_bucket.65_256 = 0
stat.pool.100.memq.demand.queue_wait_bucket.256_1023 = 0
stat.pool.100.memq.demand.service_bucket.256_1023 = 0
stat.pool.100.memq.demand.total_bucket.256_1023 = 0
stat.pool.100.memq.demand.ahead_total_pkts_bucket.3_4 = 4324
stat.pool.100.memq.demand.ahead_total_bytes_bucket.257_1024 = 0
stat.pool.100.memq.demand.queue_wait_bucket.1024_4095 = 0
stat.pool.100.memq.demand.service_bucket.1024_4095 = 0
stat.pool.100.memq.demand.total_bucket.1024_4095 = 0
stat.pool.100.memq.demand.ahead_total_pkts_bucket.5_8 = 12517
stat.pool.100.memq.demand.ahead_total_bytes_bucket.1025_4096 = 0
stat.pool.100.memq.demand.queue_wait_bucket.4096_plus = 0
stat.pool.100.memq.demand.service_bucket.4096_plus = 0
stat.pool.100.memq.demand.total_bucket.4096_plus = 0
stat.pool.100.memq.demand.ahead_total_pkts_bucket.9_plus = 1858
stat.pool.100.memq.demand.ahead_total_bytes_bucket.4097_plus = 0
stat.pool.100.memq.queue_occ_avg_reqs = 4.75798
stat.pool.100.memq.queue_occ_stddev_reqs = 2.32294
stat.pool.100.memq.queue_occ_max_reqs = 17
stat.pool.100.memq.queue_occ_nonempty_frac = 0.961069
stat.pool.100.memq.enqueue_burst_avg_pkts = 1
stat.pool.100.memq.enqueue_burst_stddev_pkts = 0
stat.pool.100.memq.enqueue_burst_max_pkts = 1
stat.pool.100.memq.complete_burst_avg_pkts = 1.0009
stat.pool.100.memq.complete_burst_stddev_pkts = 0.0300201
stat.pool.100.memq.complete_burst_max_pkts = 2
stat.pool.100.memq.queue_episode.count = 433
stat.pool.100.memq.queue_episode.avg_cycles = 1341.83
stat.pool.100.memq.queue_episode.max_cycles = 8101
stat.pool.100.memq.queue_episode.avg_peak_occ_reqs = 11.127
stat.pool.100.memq.queue_episode.max_peak_occ_reqs = 17
stat.pool.100.memq.queue_episode.avg_enqueue_pkts = 81.8684
stat.pool.100.memq.queue_episode.max_enqueue_pkts = 524
stat.pool.100.memq.queue_episode.avg_complete_pkts = 81.7644
stat.pool.100.memq.queue_episode.max_complete_pkts = 524
stat.pool.100.memq.queue_occ_bucket.0 = 23579
stat.pool.100.memq.enqueue_burst_bucket.0 = 0
stat.pool.100.memq.complete_burst_bucket.0 = 0
stat.pool.100.memq.queue_occ_bucket.1 = 22848
stat.pool.100.memq.enqueue_burst_bucket.1 = 35506
stat.pool.100.memq.complete_burst_bucket.1 = 35444
stat.pool.100.memq.queue_occ_bucket.2 = 45308
stat.pool.100.memq.enqueue_burst_bucket.2 = 0
stat.pool.100.memq.complete_burst_bucket.2 = 32
stat.pool.100.memq.queue_occ_bucket.3_4 = 170954
stat.pool.100.memq.enqueue_burst_bucket.3_4 = 0
stat.pool.100.memq.complete_burst_bucket.3_4 = 0
stat.pool.100.memq.queue_occ_bucket.5_8 = 311744
stat.pool.100.memq.enqueue_burst_bucket.5_8 = 0
stat.pool.100.memq.complete_burst_bucket.5_8 = 0
stat.pool.100.memq.queue_occ_bucket.9_plus = 31227
stat.pool.100.memq.enqueue_burst_bucket.9_plus = 0
stat.pool.100.memq.complete_burst_bucket.9_plus = 0
stat.pool.100.memq.queue_occ_avg_reqs.load = 0.544419
stat.pool.100.memq.queue_occ_max_reqs.load = 6
stat.pool.100.memq.enqueue_burst_avg_pkts.load = 0.110179
stat.pool.100.memq.enqueue_burst_max_pkts.load = 1
stat.pool.100.memq.complete_burst_avg_pkts.load = 0.110272
stat.pool.100.memq.complete_burst_max_pkts.load = 2
stat.pool.100.memq.queue_occ_avg_reqs.rfo = 2.19534
stat.pool.100.memq.queue_occ_max_reqs.rfo = 16
stat.pool.100.memq.enqueue_burst_avg_pkts.rfo = 0.444263
stat.pool.100.memq.enqueue_burst_max_pkts.rfo = 1
stat.pool.100.memq.complete_burst_avg_pkts.rfo = 0.444639
stat.pool.100.memq.complete_burst_max_pkts.rfo = 2
stat.pool.100.memq.queue_occ_avg_reqs.write = 2.01448
stat.pool.100.memq.queue_occ_max_reqs.write = 5
stat.pool.100.memq.enqueue_burst_avg_pkts.write = 0.44477
stat.pool.100.memq.enqueue_burst_max_pkts.write = 1
stat.pool.100.memq.complete_burst_avg_pkts.write = 0.445202
stat.pool.100.memq.complete_burst_max_pkts.write = 1
stat.pool.100.memq.queue_occ_avg_reqs.other = 0.00374798
stat.pool.100.memq.queue_occ_max_reqs.other = 1
stat.pool.100.memq.enqueue_burst_avg_pkts.other = 0.000788599
stat.pool.100.memq.enqueue_burst_max_pkts.other = 1
stat.pool.100.memq.complete_burst_avg_pkts.other = 0.000789266
stat.pool.100.memq.complete_burst_max_pkts.other = 1
stat.pool.100.memq.load.completed = 3912
stat.pool.100.memq.load.response_completed = 3912
stat.pool.100.memq.load.queue_wait_avg_cycles = 2.36733
stat.pool.100.memq.load.queue_wait_max_cycles = 15
stat.pool.100.memq.load.service_avg_cycles = 81.9202
stat.pool.100.memq.load.service_max_cycles = 123
stat.pool.100.memq.load.total_avg_cycles = 84.2876
stat.pool.100.memq.load.total_max_cycles = 138
stat.pool.100.memq.load.ahead_pkts_avg.load = 0.632413
stat.pool.100.memq.load.ahead_pkts_max.load = 5
stat.pool.100.memq.load.ahead_bytes_avg.load = 0.632413
stat.pool.100.memq.load.ahead_bytes_max.load = 5
stat.pool.100.memq.load.ahead_pkts_avg.rfo = 2.41641
stat.pool.100.memq.load.ahead_pkts_max.rfo = 14
stat.pool.100.memq.load.ahead_bytes_avg.rfo = 2.41641
stat.pool.100.memq.load.ahead_bytes_max.rfo = 14
stat.pool.100.memq.load.ahead_pkts_avg.write = 2.53911
stat.pool.100.memq.load.ahead_pkts_max.write = 4
stat.pool.100.memq.load.ahead_bytes_avg.write = 2.53911
stat.pool.100.memq.load.ahead_bytes_max.write = 4
stat.pool.100.memq.load.ahead_pkts_avg.other = 0.00485685
stat.pool.100.memq.load.ahead_pkts_max.other = 1
stat.pool.100.memq.load.ahead_bytes_avg.other = 0.00485685
stat.pool.100.memq.load.ahead_bytes_max.other = 1
stat.pool.100.memq.load.queue_wait_bucket.0 = 0
stat.pool.100.memq.load.service_bucket.0 = 0
stat.pool.100.memq.load.total_bucket.0 = 0
stat.pool.100.memq.load.ahead_total_pkts_bucket.0 = 4
stat.pool.100.memq.load.ahead_total_bytes_bucket.0 = 4
stat.pool.100.memq.load.queue_wait_bucket.1_63 = 3912
stat.pool.100.memq.load.service_bucket.1_63 = 0
stat.pool.100.memq.load.total_bucket.1_63 = 0
stat.pool.100.memq.load.ahead_total_pkts_bucket.1 = 31
stat.pool.100.memq.load.ahead_total_bytes_bucket.1_64 = 3908
stat.pool.100.memq.load.queue_wait_bucket.64_255 = 0
stat.pool.100.memq.load.service_bucket.64_255 = 3912
stat.pool.100.memq.load.total_bucket.64_255 = 3912
stat.pool.100.memq.load.ahead_total_pkts_bucket.2 = 103
stat.pool.100.memq.load.ahead_total_bytes_bucket.65_256 = 0
stat.pool.100.memq.load.queue_wait_bucket.256_1023 = 0
stat.pool.100.memq.load.service_bucket.256_1023 = 0
stat.pool.100.memq.load.total_bucket.256_1023 = 0
stat.pool.100.memq.load.ahead_total_pkts_bucket.3_4 = 738
stat.pool.100.memq.load.ahead_total_bytes_bucket.257_1024 = 0
stat.pool.100.memq.load.queue_wait_bucket.1024_4095 = 0
stat.pool.100.memq.load.service_bucket.1024_4095 = 0
stat.pool.100.memq.load.total_bucket.1024_4095 = 0
stat.pool.100.memq.load.ahead_total_pkts_bucket.5_8 = 2709
stat.pool.100.memq.load.ahead_total_bytes_bucket.1025_4096 = 0
stat.pool.100.memq.load.queue_wait_bucket.4096_plus = 0
stat.pool.100.memq.load.service_bucket.4096_plus = 0
stat.pool.100.memq.load.total_bucket.4096_plus = 0
stat.pool.100.memq.load.ahead_total_pkts_bucket.9_plus = 327
stat.pool.100.memq.load.ahead_total_bytes_bucket.4097_plus = 0
stat.pool.100.respq.load.attempted = 3912
stat.pool.100.respq.load.completed = 3912
stat.pool.100.respq.load.blocked = 0
stat.pool.100.respq.load.wait_avg_cycles = 0
stat.pool.100.respq.load.wait_max_cycles = 0
stat.pool.100.memq.rfo.completed = 15774
stat.pool.100.memq.rfo.response_completed = 15774
stat.pool.100.memq.rfo.queue_wait_avg_cycles = 2.45632
stat.pool.100.memq.rfo.queue_wait_max_cycles = 15
stat.pool.100.memq.rfo.service_avg_cycles = 81.8259
stat.pool.100.memq.rfo.service_max_cycles = 123
stat.pool.100.memq.rfo.total_avg_cycles = 84.2822
stat.pool.100.memq.rfo.total_max_cycles = 138
stat.pool.100.memq.rfo.ahead_pkts_avg.load = 0.479904
stat.pool.100.memq.rfo.ahead_pkts_max.load = 6
stat.pool.100.memq.rfo.ahead_bytes_avg.load = 0.479904
stat.pool.100.memq.rfo.ahead_bytes_max.load = 6
stat.pool.100.memq.rfo.ahead_pkts_avg.rfo = 2.52377
stat.pool.100.memq.rfo.ahead_pkts_max.rfo = 15
stat.pool.100.memq.rfo.ahead_bytes_avg.rfo = 2.52377
stat.pool.100.memq.rfo.ahead_bytes_max.rfo = 15
stat.pool.100.memq.rfo.ahead_pkts_avg.write = 2.49791
stat.pool.100.memq.rfo.ahead_pkts_max.write = 5
stat.pool.100.memq.rfo.ahead_bytes_avg.write = 2.49791
stat.pool.100.memq.rfo.ahead_bytes_max.write = 5
stat.pool.100.memq.rfo.ahead_pkts_avg.other = 0.00507164
stat.pool.100.memq.rfo.ahead_pkts_max.other = 1
stat.pool.100.memq.rfo.ahead_bytes_avg.other = 0.00507164
stat.pool.100.memq.rfo.ahead_bytes_max.other = 1
stat.pool.100.memq.rfo.queue_wait_bucket.0 = 3
stat.pool.100.memq.rfo.service_bucket.0 = 0
stat.pool.100.memq.rfo.total_bucket.0 = 0
stat.pool.100.memq.rfo.ahead_total_pkts_bucket.0 = 20
stat.pool.100.memq.rfo.ahead_total_bytes_bucket.0 = 20
stat.pool.100.memq.rfo.queue_wait_bucket.1_63 = 15771
stat.pool.100.memq.rfo.service_bucket.1_63 = 2
stat.pool.100.memq.rfo.total_bucket.1_63 = 2
stat.pool.100.memq.rfo.ahead_total_pkts_bucket.1 = 178
stat.pool.100.memq.rfo.ahead_total_bytes_bucket.1_64 = 15754
stat.pool.100.memq.rfo.queue_wait_bucket.64_255 = 0
stat.pool.100.memq.rfo.service_bucket.64_255 = 15772
stat.pool.100.memq.rfo.total_bucket.64_255 = 15772
stat.pool.100.memq.rfo.ahead_total_pkts_bucket.2 = 651
stat.pool.100.memq.rfo.ahead_total_bytes_bucket.65_256 = 0
stat.pool.100.memq.rfo.queue_wait_bucket.256_1023 = 0
stat.pool.100.memq.rfo.service_bucket.256_1023 = 0
stat.pool.100.memq.rfo.total_bucket.256_1023 = 0
stat.pool.100.memq.rfo.ahead_total_pkts_bucket.3_4 = 3586
stat.pool.100.memq.rfo.ahead_total_bytes_bucket.257_1024 = 0
stat.pool.100.memq.rfo.queue_wait_bucket.1024_4095 = 0
stat.pool.100.memq.rfo.service_bucket.1024_4095 = 0
stat.pool.100.memq.rfo.total_bucket.1024_4095 = 0
stat.pool.100.memq.rfo.ahead_total_pkts_bucket.5_8 = 9808
stat.pool.100.memq.rfo.ahead_total_bytes_bucket.1025_4096 = 0
stat.pool.100.memq.rfo.queue_wait_bucket.4096_plus = 0
stat.pool.100.memq.rfo.service_bucket.4096_plus = 0
stat.pool.100.memq.rfo.total_bucket.4096_plus = 0
stat.pool.100.memq.rfo.ahead_total_pkts_bucket.9_plus = 1531
stat.pool.100.memq.rfo.ahead_total_bytes_bucket.4097_plus = 0
stat.pool.100.respq.rfo.attempted = 15774
stat.pool.100.respq.rfo.completed = 15774
stat.pool.100.respq.rfo.blocked = 0
stat.pool.100.respq.rfo.wait_avg_cycles = 0
stat.pool.100.respq.rfo.wait_max_cycles = 0
stat.pool.100.memq.write.completed = 15794
stat.pool.100.memq.write.response_completed = 0
stat.pool.100.memq.write.queue_wait_avg_cycles = 0.99981
stat.pool.100.memq.write.queue_wait_max_cycles = 1
stat.pool.100.memq.write.service_avg_cycles = 77.2487
stat.pool.100.memq.write.service_max_cycles = 123
stat.pool.100.memq.write.total_avg_cycles = 78.2485
stat.pool.100.memq.write.total_max_cycles = 124
stat.pool.100.memq.write.ahead_pkts_avg.load = 0.422819
stat.pool.100.memq.write.ahead_pkts_max.load = 5
stat.pool.100.memq.write.ahead_bytes_avg.load = 0.422819
stat.pool.100.memq.write.ahead_bytes_max.load = 5
stat.pool.100.memq.write.ahead_pkts_avg.rfo = 1.62296
stat.pool.100.memq.write.ahead_pkts_max.rfo = 13
stat.pool.100.memq.write.ahead_bytes_avg.rfo = 1.62296
stat.pool.100.memq.write.ahead_bytes_max.rfo = 13
stat.pool.100.memq.write.ahead_pkts_avg.write = 1.75345
stat.pool.100.memq.write.ahead_pkts_max.write = 4
stat.pool.100.memq.write.ahead_bytes_avg.write = 1.75345
stat.pool.100.memq.write.ahead_bytes_max.write = 4
stat.pool.100.memq.write.ahead_pkts_avg.other = 0.00240598
stat.pool.100.memq.write.ahead_pkts_max.other = 1
stat.pool.100.memq.write.ahead_bytes_avg.other = 0.00240598
stat.pool.100.memq.write.ahead_bytes_max.other = 1
stat.pool.100.memq.write.queue_wait_bucket.0 = 3
stat.pool.100.memq.write.service_bucket.0 = 0
stat.pool.100.memq.write.total_bucket.0 = 0
stat.pool.100.memq.write.ahead_total_pkts_bucket.0 = 415
stat.pool.100.memq.write.ahead_total_bytes_bucket.0 = 415
stat.pool.100.memq.write.queue_wait_bucket.1_63 = 15791
stat.pool.100.memq.write.service_bucket.1_63 = 2
stat.pool.100.memq.write.total_bucket.1_63 = 2
stat.pool.100.memq.write.ahead_total_pkts_bucket.1 = 891
stat.pool.100.memq.write.ahead_total_bytes_bucket.1_64 = 15379
stat.pool.100.memq.write.queue_wait_bucket.64_255 = 0
stat.pool.100.memq.write.service_bucket.64_255 = 15792
stat.pool.100.memq.write.total_bucket.64_255 = 15792
stat.pool.100.memq.write.ahead_total_pkts_bucket.2 = 1569
stat.pool.100.memq.write.ahead_total_bytes_bucket.65_256 = 0
stat.pool.100.memq.write.queue_wait_bucket.256_1023 = 0
stat.pool.100.memq.write.service_bucket.256_1023 = 0
stat.pool.100.memq.write.total_bucket.256_1023 = 0
stat.pool.100.memq.write.ahead_total_pkts_bucket.3_4 = 8966
stat.pool.100.memq.write.ahead_total_bytes_bucket.257_1024 = 0
stat.pool.100.memq.write.queue_wait_bucket.1024_4095 = 0
stat.pool.100.memq.write.service_bucket.1024_4095 = 0
stat.pool.100.memq.write.total_bucket.1024_4095 = 0
stat.pool.100.memq.write.ahead_total_pkts_bucket.5_8 = 3596
stat.pool.100.memq.write.ahead_total_bytes_bucket.1025_4096 = 0
stat.pool.100.memq.write.queue_wait_bucket.4096_plus = 0
stat.pool.100.memq.write.service_bucket.4096_plus = 0
stat.pool.100.memq.write.total_bucket.4096_plus = 0
stat.pool.100.memq.write.ahead_total_pkts_bucket.9_plus = 357
stat.pool.100.memq.write.ahead_total_bytes_bucket.4097_plus = 0
stat.pool.100.respq.write.attempted = 0
stat.pool.100.respq.write.completed = 0
stat.pool.100.respq.write.blocked = 0
stat.pool.100.respq.write.wait_avg_cycles = 0
stat.pool.100.respq.write.wait_max_cycles = 0
stat.pool.100.memq.other.completed = 28
stat.pool.100.memq.other.response_completed = 28
stat.pool.100.memq.other.queue_wait_avg_cycles = 2.64286
stat.pool.100.memq.other.queue_wait_max_cycles = 10
stat.pool.100.memq.other.service_avg_cycles = 78.4286
stat.pool.100.memq.other.service_max_cycles = 123
stat.pool.100.memq.other.total_avg_cycles = 81.0714
stat.pool.100.memq.other.total_max_cycles = 133
stat.pool.100.memq.other.ahead_pkts_avg.load = 0.571429
stat.pool.100.memq.other.ahead_pkts_max.load = 2
stat.pool.100.memq.other.ahead_bytes_avg.load = 0.571429
stat.pool.100.memq.other.ahead_bytes_max.load = 2
stat.pool.100.memq.other.ahead_pkts_avg.rfo = 2.64286
stat.pool.100.memq.other.ahead_pkts_max.rfo = 13
stat.pool.100.memq.other.ahead_bytes_avg.rfo = 2.64286
stat.pool.100.memq.other.ahead_bytes_max.rfo = 13
stat.pool.100.memq.other.ahead_pkts_avg.write = 2.5
stat.pool.100.memq.other.ahead_pkts_max.write = 3
stat.pool.100.memq.other.ahead_bytes_avg.write = 2.5
stat.pool.100.memq.other.ahead_bytes_max.write = 3
stat.pool.100.memq.other.ahead_pkts_avg.other = 0
stat.pool.100.memq.other.ahead_pkts_max.other = 0
stat.pool.100.memq.other.ahead_bytes_avg.other = 0
stat.pool.100.memq.other.ahead_bytes_max.other = 0
stat.pool.100.memq.other.queue_wait_bucket.0 = 0
stat.pool.100.memq.other.service_bucket.0 = 0
stat.pool.100.memq.other.total_bucket.0 = 0
stat.pool.100.memq.other.ahead_total_pkts_bucket.0 = 0
stat.pool.100.memq.other.ahead_total_bytes_bucket.0 = 0
stat.pool.100.memq.other.queue_wait_bucket.1_63 = 28
stat.pool.100.memq.other.service_bucket.1_63 = 0
stat.pool.100.memq.other.total_bucket.1_63 = 0
stat.pool.100.memq.other.ahead_total_pkts_bucket.1 = 0
stat.pool.100.memq.other.ahead_total_bytes_bucket.1_64 = 28
stat.pool.100.memq.other.queue_wait_bucket.64_255 = 0
stat.pool.100.memq.other.service_bucket.64_255 = 28
stat.pool.100.memq.other.total_bucket.64_255 = 28
stat.pool.100.memq.other.ahead_total_pkts_bucket.2 = 0
stat.pool.100.memq.other.ahead_total_bytes_bucket.65_256 = 0
stat.pool.100.memq.other.queue_wait_bucket.256_1023 = 0
stat.pool.100.memq.other.service_bucket.256_1023 = 0
stat.pool.100.memq.other.total_bucket.256_1023 = 0
stat.pool.100.memq.other.ahead_total_pkts_bucket.3_4 = 6
stat.pool.100.memq.other.ahead_total_bytes_bucket.257_1024 = 0
stat.pool.100.memq.other.queue_wait_bucket.1024_4095 = 0
stat.pool.100.memq.other.service_bucket.1024_4095 = 0
stat.pool.100.memq.other.total_bucket.1024_4095 = 0
stat.pool.100.memq.other.ahead_total_pkts_bucket.5_8 = 20
stat.pool.100.memq.other.ahead_total_bytes_bucket.1025_4096 = 0
stat.pool.100.memq.other.queue_wait_bucket.4096_plus = 0
stat.pool.100.memq.other.service_bucket.4096_plus = 0
stat.pool.100.memq.other.total_bucket.4096_plus = 0
stat.pool.100.memq.other.ahead_total_pkts_bucket.9_plus = 2
stat.pool.100.memq.other.ahead_total_bytes_bucket.4097_plus = 0
stat.pool.100.respq.other.attempted = 28
stat.pool.100.respq.other.completed = 28
stat.pool.100.respq.other.blocked = 0
stat.pool.100.respq.other.wait_avg_cycles = 0
stat.pool.100.respq.other.wait_max_cycles = 0
stat.pool.100.response.returned_burst_max_pkts = 2
stat.pool.100.response.returned_burst_avg_pkts = 1.00076
stat.pool.100.response.returned_burst_stddev_pkts = 0.0275841
stat.pool.100.response.returned_nonempty_frac = 0.0325249
stat.pool.100.response.sent_burst_max_pkts = 2
stat.pool.100.response.sent_burst_avg_pkts = 1.00076
stat.pool.100.response.sent_burst_stddev_pkts = 0.0275841
stat.pool.100.response.sent_nonempty_frac = 0.0325249
stat.pool.100.response.blocked_cycles = 0
stat.pool.100.response.blocked_avg_pending_pkts = 0
stat.pool.100.response.blocked_max_pending_pkts = 0
stat.pool.100.response.returned_occ_avg_pkts = 0.0325496
stat.pool.100.response.returned_occ_stddev_pkts = 0.177594
stat.pool.100.response.returned_occ_max_pkts = 2
stat.pool.100.response.pending_occ_avg = 2.7435
stat.pool.100.response.pending_occ_stddev = 2.14979
stat.pool.100.response.pending_occ_max = 16
stat.pool.100.request.accept_src.distinct_avg = 1
stat.pool.100.request.accept_src.distinct_max = 1
stat.pool.100.request.accept_src.nonempty_frac = 0.0586237
stat.pool.100.request.blocked_src.distinct_avg = 0
stat.pool.100.request.blocked_src.distinct_max = 0
stat.pool.100.request.blocked_src.nonempty_frac = 0
stat.pool.100.pending.src.distinct_avg = 1
stat.pool.100.pending.src.distinct_max = 1
stat.pool.100.pending.src.nonempty_frac = 0.828184
stat.pool.100.pending.ready_src.distinct_avg = 1
stat.pool.100.pending.ready_src.distinct_max = 1
stat.pool.100.pending.ready_src.nonempty_frac = 0.0325249
stat.pool.100.response.ready_src.distinct_avg = 1
stat.pool.100.response.ready_src.distinct_max = 1
stat.pool.100.response.ready_src.nonempty_frac = 0.0325249
stat.pool.100.response.sent_dst.distinct_avg = 1
stat.pool.100.response.sent_dst.distinct_max = 1
stat.pool.100.response.sent_dst.nonempty_frac = 0.0325249
stat.pool.100.pending_episode.count = 1358
stat.pool.100.pending_episode.avg_cycles = 369.324
stat.pool.100.pending_episode.max_cycles = 3562
stat.pool.100.pending_episode.avg_peak_occ = 6.31811
stat.pool.100.pending_episode.max_peak_occ = 16
stat.pool.100.pending_episode.avg_accepted = 23.8785
stat.pool.100.pending_episode.max_accepted = 229
stat.pool.100.pending_episode.avg_sent = 14.5169
stat.pool.100.pending_episode.max_sent = 135
stat.pool.100.pending_episode.avg_pending_distinct_src = 1
stat.pool.100.pending_episode.max_pending_distinct_src = 1
stat.pool.100.pending_episode.avg_ready_distinct_src = 1
stat.pool.100.pending_episode.max_ready_distinct_src = 1
stat.pool.100.pending_episode.avg_sent_distinct_dst = 1
stat.pool.100.pending_episode.max_sent_distinct_dst = 1
stat.pool.100.response.returned_episode.count = 19699
stat.pool.100.response.returned_episode.avg_cycles = 1
stat.pool.100.response.returned_episode.max_cycles = 1
stat.pool.100.response.returned_episode.avg_peak_occ = 1.00076
stat.pool.100.response.returned_episode.max_peak_occ = 2
stat.pool.100.response.returned_episode.avg_sent = 1.00076
stat.pool.100.response.returned_episode.max_sent = 2
stat.pool.100.response.returned_episode.avg_ready_distinct_src = 1
stat.pool.100.response.returned_episode.max_ready_distinct_src = 1
stat.pool.100.response.returned_episode.avg_sent_distinct_dst = 1
stat.pool.100.response.returned_episode.max_sent_distinct_dst = 1
stat.pool.100.node.0.pending_occ_avg = 2.74351
stat.pool.100.node.0.pending_occ_max = 16
stat.pool.100.node.0.ready_occ_avg = 0.0325497
stat.pool.100.node.0.ready_occ_max = 2
stat.pool.100.node.0.pending_age_avg_cycles = 43.3692
stat.pool.100.node.0.pending_age_max_cycles = 137
stat.pool.100.node.0.ready_age_avg_cycles = 0
stat.pool.100.node.0.ready_age_max_cycles = 0
stat.pool.100.node.0.request_enqueued.load = 3912
stat.pool.100.node.0.request_blocked.load = 0
stat.pool.100.node.0.response_ready.load = 3912
stat.pool.100.node.0.response_sent.load = 3912
stat.pool.100.node.0.response_blocked.load = 0
stat.pool.100.node.0.pending_occ_avg.load = 0.54442
stat.pool.100.node.0.pending_occ_max.load = 6
stat.pool.100.node.0.ready_occ_avg.load = 0.00645908
stat.pool.100.node.0.ready_occ_max.load = 2
stat.pool.100.node.0.mem_ready_avg_cycles.load = 83.2876
stat.pool.100.node.0.mem_ready_max_cycles.load = 137
stat.pool.100.node.0.response_wait_avg_cycles.load = 0
stat.pool.100.node.0.response_wait_max_cycles.load = 0
stat.pool.100.node.0.request_enqueue_gap_avg_cycles.load = 154.768
stat.pool.100.node.0.request_enqueue_gap_max_cycles.load = 1537
stat.pool.100.node.0.response_ready_gap_avg_cycles.load = 154.781
stat.pool.100.node.0.response_ready_gap_max_cycles.load = 1487
stat.pool.100.node.0.response_sent_gap_avg_cycles.load = 154.781
stat.pool.100.node.0.response_sent_gap_max_cycles.load = 1487
stat.pool.100.node.0.total_turnaround_avg_cycles.load = 83.2876
stat.pool.100.node.0.total_turnaround_max_cycles.load = 137
stat.pool.100.node.0.request_enqueued.rfo = 15774
stat.pool.100.node.0.request_blocked.rfo = 0
stat.pool.100.node.0.response_ready.rfo = 15774
stat.pool.100.node.0.response_sent.rfo = 15774
stat.pool.100.node.0.response_blocked.rfo = 0
stat.pool.100.node.0.pending_occ_avg.rfo = 2.19534
stat.pool.100.node.0.pending_occ_max.rfo = 16
stat.pool.100.node.0.ready_occ_avg.rfo = 0.0260444
stat.pool.100.node.0.ready_occ_max.rfo = 2
stat.pool.100.node.0.mem_ready_avg_cycles.rfo = 83.2824
stat.pool.100.node.0.mem_ready_max_cycles.rfo = 137
stat.pool.100.node.0.response_wait_avg_cycles.rfo = 0
stat.pool.100.node.0.response_wait_max_cycles.rfo = 0
stat.pool.100.node.0.request_enqueue_gap_avg_cycles.rfo = 38.3938
stat.pool.100.node.0.request_enqueue_gap_max_cycles.rfo = 586
stat.pool.100.node.0.response_ready_gap_avg_cycles.rfo = 38.386
stat.pool.100.node.0.response_ready_gap_max_cycles.rfo = 579
stat.pool.100.node.0.response_sent_gap_avg_cycles.rfo = 38.386
stat.pool.100.node.0.response_sent_gap_max_cycles.rfo = 579
stat.pool.100.node.0.total_turnaround_avg_cycles.rfo = 83.2824
stat.pool.100.node.0.total_turnaround_max_cycles.rfo = 137
stat.pool.100.node.0.request_enqueued.write = 15792
stat.pool.100.node.0.request_blocked.write = 0
stat.pool.100.node.0.response_ready.write = 0
stat.pool.100.node.0.response_sent.write = 0
stat.pool.100.node.0.response_blocked.write = 0
stat.pool.100.node.0.pending_occ_avg.write = 0
stat.pool.100.node.0.pending_occ_max.write = 0
stat.pool.100.node.0.ready_occ_avg.write = 0
stat.pool.100.node.0.ready_occ_max.write = 0
stat.pool.100.node.0.mem_ready_avg_cycles.write = 0
stat.pool.100.node.0.mem_ready_max_cycles.write = 0
stat.pool.100.node.0.response_wait_avg_cycles.write = 0
stat.pool.100.node.0.response_wait_max_cycles.write = 0
stat.pool.100.node.0.request_enqueue_gap_avg_cycles.write = 38.3518
stat.pool.100.node.0.request_enqueue_gap_max_cycles.write = 508
stat.pool.100.node.0.response_ready_gap_avg_cycles.write = 0
stat.pool.100.node.0.response_ready_gap_max_cycles.write = 0
stat.pool.100.node.0.response_sent_gap_avg_cycles.write = 0
stat.pool.100.node.0.response_sent_gap_max_cycles.write = 0
stat.pool.100.node.0.total_turnaround_avg_cycles.write = 0
stat.pool.100.node.0.total_turnaround_max_cycles.write = 0
stat.pool.100.node.0.request_enqueued.other = 28
stat.pool.100.node.0.request_blocked.other = 0
stat.pool.100.node.0.response_ready.other = 28
stat.pool.100.node.0.response_sent.other = 28
stat.pool.100.node.0.response_blocked.other = 0
stat.pool.100.node.0.pending_occ_avg.other = 0.00374798
stat.pool.100.node.0.pending_occ_max.other = 1
stat.pool.100.node.0.ready_occ_avg.other = 4.62306e-05
stat.pool.100.node.0.ready_occ_max.other = 1
stat.pool.100.node.0.mem_ready_avg_cycles.other = 80.0714
stat.pool.100.node.0.mem_ready_max_cycles.other = 132
stat.pool.100.node.0.response_wait_avg_cycles.other = 0
stat.pool.100.node.0.response_wait_max_cycles.other = 0
stat.pool.100.node.0.request_enqueue_gap_avg_cycles.other = 19941.3
stat.pool.100.node.0.request_enqueue_gap_max_cycles.other = 95741
stat.pool.100.node.0.response_ready_gap_avg_cycles.other = 19943
stat.pool.100.node.0.response_ready_gap_max_cycles.other = 95741
stat.pool.100.node.0.response_sent_gap_avg_cycles.other = 19943
stat.pool.100.node.0.response_sent_gap_max_cycles.other = 95741
stat.pool.100.node.0.total_turnaround_avg_cycles.other = 80.0714
stat.pool.100.node.0.total_turnaround_max_cycles.other = 132
stat.pool.100.fabric.port_count = 1
stat.pool.100.fabric.ingress_wait_avg_cycles = 147.278
stat.pool.100.fabric.egress_wait_avg_cycles = 1
stat.pool.100.fabric.ingress_wait_max_cycles = 192
stat.pool.100.fabric.egress_wait_max_cycles = 1
stat.pool.100.fabric.ingress_queue_wait_avg_cycles = 13.9536
stat.pool.100.fabric.ingress_queue_wait_max_cycles = 68
stat.pool.100.fabric.ingress_occ_bytes = 368
stat.pool.100.fabric.ready_wait_avg_cycles = 0
stat.pool.100.fabric.ready_wait_max_cycles = 0
stat.pool.100.fabric.ready_occ_avg_pkts = 0.0586237
stat.pool.100.fabric.ready_occ_pkts = 0
stat.pool.100.fabric.ready_occ_max_pkts = 1
stat.pool.100.fabric.ready_retry_count = 0
stat.pool.100.fabric.ingress_arrival_burst_max_pkts = 2
stat.pool.100.fabric.ingress_arrival_burst_max_bytes = 72
stat.pool.100.fabric.ingress_arrival_burst_avg_pkts = 1.00866
stat.pool.100.fabric.ingress_arrival_burst_avg_bytes = 33.1908
stat.pool.100.fabric.ingress_arrival_burst_stddev_pkts = 0.0926767
stat.pool.100.fabric.ingress_arrival_burst_stddev_bytes = 27.9382
stat.pool.100.fabric.ingress_arrival_nonempty_frac = 0.0581235
stat.pool.100.fabric.ingress_arrival_run_max_cycles = 8
stat.pool.100.fabric.ingress_arrival_run_avg_cycles = 1.07875
stat.pool.100.fabric.ingress_arrival_run_stddev_cycles = 0.395157
stat.pool.100.fabric.ingress_arrival_gap_max_cycles = 353
stat.pool.100.fabric.ingress_arrival_gap_avg_cycles = 17.4807
stat.pool.100.fabric.ingress_arrival_gap_stddev_cycles = 21.3636
stat.pool.100.fabric.ingress_release_burst_max_pkts = 1
stat.pool.100.fabric.ingress_release_burst_max_bytes = 64
stat.pool.100.fabric.ingress_release_burst_avg_pkts = 1
stat.pool.100.fabric.ingress_release_burst_avg_bytes = 32.9071
stat.pool.100.fabric.ingress_release_burst_stddev_pkts = 0
stat.pool.100.fabric.ingress_release_burst_stddev_bytes = 27.8287
stat.pool.100.fabric.ingress_release_nonempty_frac = 0.0586237
stat.pool.100.fabric.ingress_release_run_max_cycles = 1
stat.pool.100.fabric.ingress_release_run_avg_cycles = 1
stat.pool.100.fabric.ingress_release_run_stddev_cycles = 0
stat.pool.100.fabric.ingress_release_gap_max_cycles = 349
stat.pool.100.fabric.ingress_release_gap_avg_cycles = 16.0573
stat.pool.100.fabric.ingress_release_gap_stddev_cycles = 22.9928
stat.pool.100.fabric.ingress_occ_avg_bytes = 290.062
stat.pool.100.fabric.ingress_occ_stddev_bytes = 108.948
stat.pool.100.fabric.ingress_occ_max_bytes = 552
stat.pool.100.fabric.ingress_occ_nonempty_frac = 0.973579
stat.pool.100.fabric.ingress_occ_run_max_cycles = 12581
stat.pool.100.fabric.ingress_occ_run_avg_cycles = 2446.71
stat.pool.100.fabric.ingress_occ_run_stddev_cycles = 2057.31
stat.pool.100.fabric.ingress_occ_gap_max_cycles = 213
stat.pool.100.fabric.ingress_occ_gap_avg_cycles = 66.675
stat.pool.100.fabric.ingress_occ_gap_stddev_cycles = 54.6542
stat.pool.100.fabric.rx_bytes.demand_req = 157504
stat.pool.100.fabric.tx_bytes.demand_req = 0
stat.pool.100.fabric.rx_pkts.demand_req = 19688
stat.pool.100.fabric.tx_pkts.demand_req = 0
stat.pool.100.fabric.rx_bytes.write_req = 1010688
stat.pool.100.fabric.tx_bytes.write_req = 0
stat.pool.100.fabric.rx_pkts.write_req = 15792
stat.pool.100.fabric.tx_pkts.write_req = 0
stat.pool.100.fabric.rx_bytes.response = 0
stat.pool.100.fabric.tx_bytes.response = 1261696
stat.pool.100.fabric.rx_pkts.response = 0
stat.pool.100.fabric.tx_pkts.response = 19714
stat.pool.100.fabric.rx_bytes.other_req = 224
stat.pool.100.fabric.tx_bytes.other_req = 0
stat.pool.100.fabric.rx_pkts.other_req = 28
stat.pool.100.fabric.tx_pkts.other_req = 0
stat.pool.100.port.core.0.ingress_wait_avg_cycles = 147.278
stat.pool.100.port.core.0.ingress_wait_max_cycles = 192
stat.pool.100.port.core.0.egress_wait_avg_cycles = 1
stat.pool.100.port.core.0.egress_wait_max_cycles = 1
stat.pool.100.port.core.0.ingress_queue_wait_avg_cycles = 13.9536
stat.pool.100.port.core.0.ingress_queue_wait_max_cycles = 68
stat.pool.100.port.core.0.egress_occ_avg_bytes = 0
stat.pool.100.port.core.0.egress_occ_stddev_bytes = 0
stat.pool.100.port.core.0.egress_occ_max_bytes = 0
stat.pool.100.port.core.0.egress_occ_nonempty_frac = 0
stat.pool.100.port.core.0.egress_blocked_cycles = 0
stat.pool.100.port.core.0.egress_blocked_nonempty_frac = 0
stat.pool.100.port.core.0.egress_blocked_avg_occ_bytes = 0
stat.pool.100.port.core.0.egress_blocked_max_occ_bytes = 0
stat.pool.100.port.core.0.egress_send_burst_max_pkts = 2
stat.pool.100.port.core.0.egress_send_burst_max_bytes = 128
stat.pool.100.port.core.0.egress_send_burst_avg_pkts = 1.00076
stat.pool.100.port.core.0.egress_send_burst_avg_bytes = 64.0487
stat.pool.100.port.core.0.egress_send_burst_stddev_pkts = 0.0275841
stat.pool.100.port.core.0.egress_send_burst_stddev_bytes = 1.76538
stat.pool.100.port.core.0.egress_send_nonempty_frac = 0.0325249
stat.pool.100.port.core.0.ingress_arrival_burst_avg_bytes = 33.1908
stat.pool.100.port.core.0.ingress_arrival_nonempty_frac = 0.0581235
stat.pool.100.port.core.0.ingress_arrival_run_max_cycles = 8
stat.pool.100.port.core.0.ingress_arrival_run_avg_cycles = 1.07875
stat.pool.100.port.core.0.ingress_arrival_gap_max_cycles = 353
stat.pool.100.port.core.0.ingress_arrival_gap_avg_cycles = 17.4807
stat.pool.100.port.core.0.ingress_release_burst_avg_bytes = 32.9071
stat.pool.100.port.core.0.ingress_release_nonempty_frac = 0.0586237
stat.pool.100.port.core.0.ingress_release_run_max_cycles = 1
stat.pool.100.port.core.0.ingress_release_run_avg_cycles = 1
stat.pool.100.port.core.0.ingress_release_gap_max_cycles = 349
stat.pool.100.port.core.0.ingress_release_gap_avg_cycles = 16.0573
stat.pool.100.port.core.0.ingress_occ_avg_bytes = 290.062
stat.pool.100.port.core.0.ingress_occ_stddev_bytes = 108.948
stat.pool.100.port.core.0.ingress_occ_max_bytes = 552
stat.pool.100.port.core.0.ingress_occ_nonempty_frac = 0.973579
stat.pool.100.port.core.0.ingress_occ_run_max_cycles = 12581
stat.pool.100.port.core.0.ingress_occ_run_avg_cycles = 2446.71
stat.pool.100.port.core.0.ingress_occ_gap_max_cycles = 213
stat.pool.100.port.core.0.ingress_occ_gap_avg_cycles = 66.675
stat.pool.100.port.core.0.ingress_wait_avg_cycles.demand_req = 142.986
stat.pool.100.port.core.0.ingress_wait_max_cycles.demand_req = 192
stat.pool.100.port.core.0.ingress_queue_wait_avg_cycles.demand_req = 19.0005
stat.pool.100.port.core.0.ingress_queue_wait_max_cycles.demand_req = 68
stat.pool.100.port.core.0.egress_wait_avg_cycles.demand_req = 0
stat.pool.100.port.core.0.egress_wait_max_cycles.demand_req = 0
stat.pool.100.port.core.0.egress_occ_avg_bytes.demand_req = 0
stat.pool.100.port.core.0.egress_occ_max_bytes.demand_req = 0
stat.pool.100.port.core.0.egress_blocked_cycles.demand_req = 0
stat.pool.100.port.core.0.ingress_arrival_empty_packets.demand_req = 14
stat.pool.100.port.core.0.ingress_arrival_nonempty_packets.demand_req = 19674
stat.pool.100.port.core.0.ingress_arrival_nonempty_packet_frac.demand_req = 0.999289
stat.pool.100.port.core.0.ingress_nonempty_arrival_pre_occ_avg_bytes.demand_req = 319.374
stat.pool.100.port.core.0.ingress_nonempty_arrival_pre_occ_max_bytes.demand_req = 536
stat.pool.100.port.core.0.ingress_release_after_empty_arrival_packets.demand_req = 18
stat.pool.100.port.core.0.ingress_release_after_nonempty_arrival_packets.demand_req = 19668
stat.pool.100.port.core.0.ingress_wait_after_empty_arrival_avg_cycles.demand_req = 108.5
stat.pool.100.port.core.0.ingress_wait_after_nonempty_arrival_avg_cycles.demand_req = 143.018
stat.pool.100.port.core.0.ingress_queue_wait_after_empty_arrival_avg_cycles.demand_req = 0
stat.pool.100.port.core.0.ingress_queue_wait_after_nonempty_arrival_avg_cycles.demand_req = 19.0178
stat.pool.100.port.core.0.ingress_queue_wait_after_empty_arrival_max_cycles.demand_req = 0
stat.pool.100.port.core.0.ingress_queue_wait_after_nonempty_arrival_max_cycles.demand_req = 68
stat.pool.100.port.core.0.rx_bytes.demand_req = 157504
stat.pool.100.port.core.0.tx_bytes.demand_req = 0
stat.pool.100.port.core.0.rx_pkts.demand_req = 19688
stat.pool.100.port.core.0.tx_pkts.demand_req = 0
stat.pool.100.port.core.0.ingress_wait_avg_cycles.write_req = 152.64
stat.pool.100.port.core.0.ingress_wait_max_cycles.write_req = 192
stat.pool.100.port.core.0.ingress_queue_wait_avg_cycles.write_req = 7.65742
stat.pool.100.port.core.0.ingress_queue_wait_max_cycles.write_req = 47
stat.pool.100.port.core.0.egress_wait_avg_cycles.write_req = 0
stat.pool.100.port.core.0.egress_wait_max_cycles.write_req = 0
stat.pool.100.port.core.0.egress_occ_avg_bytes.write_req = 0
stat.pool.100.port.core.0.egress_occ_max_bytes.write_req = 0
stat.pool.100.port.core.0.egress_blocked_cycles.write_req = 0
stat.pool.100.port.core.0.ingress_arrival_empty_packets.write_req = 226
stat.pool.100.port.core.0.ingress_arrival_nonempty_packets.write_req = 15566
stat.pool.100.port.core.0.ingress_arrival_nonempty_packet_frac.write_req = 0.985689
stat.pool.100.port.core.0.ingress_nonempty_arrival_pre_occ_avg_bytes.write_req = 283.209
stat.pool.100.port.core.0.ingress_nonempty_arrival_pre_occ_max_bytes.write_req = 488
stat.pool.100.port.core.0.ingress_release_after_empty_arrival_packets.write_req = 231
stat.pool.100.port.core.0.ingress_release_after_nonempty_arrival_packets.write_req = 15561
stat.pool.100.port.core.0.ingress_wait_after_empty_arrival_avg_cycles.write_req = 143.779
stat.pool.100.port.core.0.ingress_wait_after_nonempty_arrival_avg_cycles.write_req = 152.771
stat.pool.100.port.core.0.ingress_queue_wait_after_empty_arrival_avg_cycles.write_req = 0
stat.pool.100.port.core.0.ingress_queue_wait_after_nonempty_arrival_avg_cycles.write_req = 7.77109
stat.pool.100.port.core.0.ingress_queue_wait_after_empty_arrival_max_cycles.write_req = 0
stat.pool.100.port.core.0.ingress_queue_wait_after_nonempty_arrival_max_cycles.write_req = 47
stat.pool.100.port.core.0.rx_bytes.write_req = 1010688
stat.pool.100.port.core.0.tx_bytes.write_req = 0
stat.pool.100.port.core.0.rx_pkts.write_req = 15792
stat.pool.100.port.core.0.tx_pkts.write_req = 0
stat.pool.100.port.core.0.ingress_wait_avg_cycles.response = 0
stat.pool.100.port.core.0.ingress_wait_max_cycles.response = 0
stat.pool.100.port.core.0.ingress_queue_wait_avg_cycles.response = 0
stat.pool.100.port.core.0.ingress_queue_wait_max_cycles.response = 0
stat.pool.100.port.core.0.egress_wait_avg_cycles.response = 1
stat.pool.100.port.core.0.egress_wait_max_cycles.response = 1
stat.pool.100.port.core.0.egress_occ_avg_bytes.response = 0
stat.pool.100.port.core.0.egress_occ_max_bytes.response = 0
stat.pool.100.port.core.0.egress_blocked_cycles.response = 0
stat.pool.100.port.core.0.ingress_arrival_empty_packets.response = 0
stat.pool.100.port.core.0.ingress_arrival_nonempty_packets.response = 0
stat.pool.100.port.core.0.ingress_arrival_nonempty_packet_frac.response = 0
stat.pool.100.port.core.0.ingress_nonempty_arrival_pre_occ_avg_bytes.response = 0
stat.pool.100.port.core.0.ingress_nonempty_arrival_pre_occ_max_bytes.response = 0
stat.pool.100.port.core.0.ingress_release_after_empty_arrival_packets.response = 0
stat.pool.100.port.core.0.ingress_release_after_nonempty_arrival_packets.response = 0
stat.pool.100.port.core.0.ingress_wait_after_empty_arrival_avg_cycles.response = 0
stat.pool.100.port.core.0.ingress_wait_after_nonempty_arrival_avg_cycles.response = 0
stat.pool.100.port.core.0.ingress_queue_wait_after_empty_arrival_avg_cycles.response = 0
stat.pool.100.port.core.0.ingress_queue_wait_after_nonempty_arrival_avg_cycles.response = 0
stat.pool.100.port.core.0.ingress_queue_wait_after_empty_arrival_max_cycles.response = 0
stat.pool.100.port.core.0.ingress_queue_wait_after_nonempty_arrival_max_cycles.response = 0
stat.pool.100.port.core.0.rx_bytes.response = 0
stat.pool.100.port.core.0.tx_bytes.response = 1261696
stat.pool.100.port.core.0.rx_pkts.response = 0
stat.pool.100.port.core.0.tx_pkts.response = 19714
stat.pool.100.port.core.0.ingress_wait_avg_cycles.other_req = 140.714
stat.pool.100.port.core.0.ingress_wait_max_cycles.other_req = 190
stat.pool.100.port.core.0.ingress_queue_wait_avg_cycles.other_req = 16.7143
stat.pool.100.port.core.0.ingress_queue_wait_max_cycles.other_req = 66
stat.pool.100.port.core.0.egress_wait_avg_cycles.other_req = 0
stat.pool.100.port.core.0.egress_wait_max_cycles.other_req = 0
stat.pool.100.port.core.0.egress_occ_avg_bytes.other_req = 0
stat.pool.100.port.core.0.egress_occ_max_bytes.other_req = 0
stat.pool.100.port.core.0.egress_blocked_cycles.other_req = 0
stat.pool.100.port.core.0.ingress_arrival_empty_packets.other_req = 0
stat.pool.100.port.core.0.ingress_arrival_nonempty_packets.other_req = 28
stat.pool.100.port.core.0.ingress_arrival_nonempty_packet_frac.other_req = 1
stat.pool.100.port.core.0.ingress_nonempty_arrival_pre_occ_avg_bytes.other_req = 322
stat.pool.100.port.core.0.ingress_nonempty_arrival_pre_occ_max_bytes.other_req = 512
stat.pool.100.port.core.0.ingress_release_after_empty_arrival_packets.other_req = 0
stat.pool.100.port.core.0.ingress_release_after_nonempty_arrival_packets.other_req = 28
stat.pool.100.port.core.0.ingress_wait_after_empty_arrival_avg_cycles.other_req = 0
stat.pool.100.port.core.0.ingress_wait_after_nonempty_arrival_avg_cycles.other_req = 140.714
stat.pool.100.port.core.0.ingress_queue_wait_after_empty_arrival_avg_cycles.other_req = 0
stat.pool.100.port.core.0.ingress_queue_wait_after_nonempty_arrival_avg_cycles.other_req = 16.7143
stat.pool.100.port.core.0.ingress_queue_wait_after_empty_arrival_max_cycles.other_req = 0
stat.pool.100.port.core.0.ingress_queue_wait_after_nonempty_arrival_max_cycles.other_req = 66
stat.pool.100.port.core.0.rx_bytes.other_req = 224
stat.pool.100.port.core.0.tx_bytes.other_req = 0
stat.pool.100.port.core.0.rx_pkts.other_req = 28
stat.pool.100.port.core.0.tx_pkts.other_req = 0
stat.pool.100.port.core.0.ingress_occ_bucket_bytes.0 = 16002
stat.pool.100.port.core.0.ready_occ_bucket_bytes.0 = 570153
stat.pool.100.port.core.0.ingress_occ_bucket_bytes.1_64 = 14786
stat.pool.100.port.core.0.ready_occ_bucket_bytes.1_64 = 35506
stat.pool.100.port.core.0.ingress_occ_bucket_bytes.65_256 = 170682
stat.pool.100.port.core.0.ready_occ_bucket_bytes.65_256 = 0
stat.pool.100.port.core.0.ingress_occ_bucket_bytes.257_1024 = 404189
stat.pool.100.port.core.0.ready_occ_bucket_bytes.257_1024 = 0
stat.pool.100.port.core.0.ingress_occ_bucket_bytes.1025_4096 = 0
stat.pool.100.port.core.0.ready_occ_bucket_bytes.1025_4096 = 0
stat.pool.100.port.core.0.ingress_occ_bucket_bytes.4097_plus = 0
stat.pool.100.port.core.0.ready_occ_bucket_bytes.4097_plus = 0
stat.pool.100.port.core.0.ingress_episode.count = 240
stat.pool.100.port.core.0.ingress_episode.avg_cycles = 2451.78
stat.pool.100.port.core.0.ingress_episode.max_cycles = 12581
stat.pool.100.port.core.0.ingress_episode.avg_peak_occ_bytes = 465.533
stat.pool.100.port.core.0.ingress_episode.max_peak_occ_bytes = 552
stat.pool.100.port.core.0.ingress_episode.avg_arrival_pkts = 147.667
stat.pool.100.port.core.0.ingress_episode.max_arrival_pkts = 760
stat.pool.100.port.core.0.ingress_episode.avg_arrival_bytes = 4858.67
stat.pool.100.port.core.0.ingress_episode.max_arrival_bytes = 25008
stat.pool.100.port.core.0.ingress_episode.avg_release_pkts = 147.704
stat.pool.100.port.core.0.ingress_episode.max_release_pkts = 760
stat.pool.100.port.core.0.ingress_episode.avg_release_bytes = 4860.13
stat.pool.100.port.core.0.ingress_episode.max_release_bytes = 25008
stat.pool.100.port.core.0.ingress_episode.avg_wait_cycles = 21754.3
stat.pool.100.port.core.0.ingress_episode.max_wait_cycles = 192
stat.pool.100.port.core.0.ingress_episode.avg_queue_wait_cycles = 2061.85
stat.pool.100.port.core.0.ingress_episode.max_queue_wait_cycles = 68
stat.pool.100.port.core.0.ingress_episode.avg_src_distinct = 1
stat.pool.100.port.core.0.ingress_episode.max_src_distinct = 1
stat.pool.100.port.core.0.ingress_episode.avg_dst_distinct = 1
stat.pool.100.port.core.0.ingress_episode.max_dst_distinct = 1
stat.pool.100.port.core.0.ingress_episode.avg_arrival_pkts.demand_req = 81.8833
stat.pool.100.port.core.0.ingress_episode.max_arrival_pkts.demand_req = 422
stat.pool.100.port.core.0.ingress_episode.avg_release_pkts.demand_req = 81.9
stat.pool.100.port.core.0.ingress_episode.max_release_pkts.demand_req = 422
stat.pool.100.port.core.0.ingress_pre_occ_bucket.demand_req.0 = 14
stat.pool.100.port.core.0.ingress_queue_wait_bucket.demand_req.0 = 2759
stat.pool.100.port.core.0.ingress_pre_occ_bucket.demand_req.1_64 = 119
stat.pool.100.port.core.0.ingress_queue_wait_bucket.demand_req.1_63 = 16864
stat.pool.100.port.core.0.ingress_pre_occ_bucket.demand_req.65_256 = 4221
stat.pool.100.port.core.0.ingress_queue_wait_bucket.demand_req.64_255 = 63
stat.pool.100.port.core.0.ingress_pre_occ_bucket.demand_req.257_1024 = 15334
stat.pool.100.port.core.0.ingress_queue_wait_bucket.demand_req.256_1023 = 0
stat.pool.100.port.core.0.ingress_pre_occ_bucket.demand_req.1025_4096 = 0
stat.pool.100.port.core.0.ingress_queue_wait_bucket.demand_req.1024_4095 = 0
stat.pool.100.port.core.0.ingress_pre_occ_bucket.demand_req.4097_plus = 0
stat.pool.100.port.core.0.ingress_queue_wait_bucket.demand_req.4096_plus = 0
stat.pool.100.port.core.0.ingress_episode.avg_arrival_pkts.write_req = 65.6667
stat.pool.100.port.core.0.ingress_episode.max_arrival_pkts.write_req = 338
stat.pool.100.port.core.0.ingress_episode.avg_release_pkts.write_req = 65.6875
stat.pool.100.port.core.0.ingress_episode.max_release_pkts.write_req = 338
stat.pool.100.port.core.0.ingress_pre_occ_bucket.write_req.0 = 226
stat.pool.100.port.core.0.ingress_queue_wait_bucket.write_req.0 = 5946
stat.pool.100.port.core.0.ingress_pre_occ_bucket.write_req.1_64 = 340
stat.pool.100.port.core.0.ingress_queue_wait_bucket.write_req.1_63 = 9846
stat.pool.100.port.core.0.ingress_pre_occ_bucket.write_req.65_256 = 5102
stat.pool.100.port.core.0.ingress_queue_wait_bucket.write_req.64_255 = 0
stat.pool.100.port.core.0.ingress_pre_occ_bucket.write_req.257_1024 = 10124
stat.pool.100.port.core.0.ingress_queue_wait_bucket.write_req.256_1023 = 0
stat.pool.100.port.core.0.ingress_pre_occ_bucket.write_req.1025_4096 = 0
stat.pool.100.port.core.0.ingress_queue_wait_bucket.write_req.1024_4095 = 0
stat.pool.100.port.core.0.ingress_pre_occ_bucket.write_req.4097_plus = 0
stat.pool.100.port.core.0.ingress_queue_wait_bucket.write_req.4096_plus = 0
stat.pool.100.port.core.0.ingress_episode.avg_arrival_pkts.response = 0
stat.pool.100.port.core.0.ingress_episode.max_arrival_pkts.response = 0
stat.pool.100.port.core.0.ingress_episode.avg_release_pkts.response = 0
stat.pool.100.port.core.0.ingress_episode.max_release_pkts.response = 0
stat.pool.100.port.core.0.ingress_pre_occ_bucket.response.0 = 0
stat.pool.100.port.core.0.ingress_queue_wait_bucket.response.0 = 0
stat.pool.100.port.core.0.ingress_pre_occ_bucket.response.1_64 = 0
stat.pool.100.port.core.0.ingress_queue_wait_bucket.response.1_63 = 0
stat.pool.100.port.core.0.ingress_pre_occ_bucket.response.65_256 = 0
stat.pool.100.port.core.0.ingress_queue_wait_bucket.response.64_255 = 0
stat.pool.100.port.core.0.ingress_pre_occ_bucket.response.257_1024 = 0
stat.pool.100.port.core.0.ingress_queue_wait_bucket.response.256_1023 = 0
stat.pool.100.port.core.0.ingress_pre_occ_bucket.response.1025_4096 = 0
stat.pool.100.port.core.0.ingress_queue_wait_bucket.response.1024_4095 = 0
stat.pool.100.port.core.0.ingress_pre_occ_bucket.response.4097_plus = 0
stat.pool.100.port.core.0.ingress_queue_wait_bucket.response.4096_plus = 0
stat.pool.100.port.core.0.ingress_episode.avg_arrival_pkts.other_req = 0.116667
stat.pool.100.port.core.0.ingress_episode.max_arrival_pkts.other_req = 3
stat.pool.100.port.core.0.ingress_episode.avg_release_pkts.other_req = 0.116667
stat.pool.100.port.core.0.ingress_episode.max_release_pkts.other_req = 3
stat.pool.100.port.core.0.ingress_pre_occ_bucket.other_req.0 = 0
stat.pool.100.port.core.0.ingress_queue_wait_bucket.other_req.0 = 7
stat.pool.100.port.core.0.ingress_pre_occ_bucket.other_req.1_64 = 0
stat.pool.100.port.core.0.ingress_queue_wait_bucket.other_req.1_63 = 20
stat.pool.100.port.core.0.ingress_pre_occ_bucket.other_req.65_256 = 6
stat.pool.100.port.core.0.ingress_queue_wait_bucket.other_req.64_255 = 1
stat.pool.100.port.core.0.ingress_pre_occ_bucket.other_req.257_1024 = 22
stat.pool.100.port.core.0.ingress_queue_wait_bucket.other_req.256_1023 = 0
stat.pool.100.port.core.0.ingress_pre_occ_bucket.other_req.1025_4096 = 0
stat.pool.100.port.core.0.ingress_queue_wait_bucket.other_req.1024_4095 = 0
stat.pool.100.port.core.0.ingress_pre_occ_bucket.other_req.4097_plus = 0
stat.pool.100.port.core.0.ingress_queue_wait_bucket.other_req.4096_plus = 0
stat.pool.100.port.core.0.peer_src.0.rx_bytes.demand_req = 157504
stat.pool.100.port.core.0.peer_src.0.rx_pkts.demand_req = 19688
stat.pool.100.port.core.0.peer_src.0.tx_bytes.demand_req = 0
stat.pool.100.port.core.0.peer_src.0.tx_pkts.demand_req = 0
stat.pool.100.port.core.0.peer_src.0.ingress_arrivals.demand_req = 19688
stat.pool.100.port.core.0.peer_src.0.ingress_arrival_nonempty_packet_frac.demand_req = 0.999289
stat.pool.100.port.core.0.peer_src.0.ingress_nonempty_arrival_pre_occ_avg_bytes.demand_req = 319.374
stat.pool.100.port.core.0.peer_src.0.ingress_nonempty_arrival_pre_occ_max_bytes.demand_req = 536
stat.pool.100.port.core.0.peer_src.0.ingress_wait_avg_cycles.demand_req = 142.986
stat.pool.100.port.core.0.peer_src.0.ingress_queue_wait_avg_cycles.demand_req = 19.0005
stat.pool.100.port.core.0.peer_src.0.ingress_queue_wait_after_nonempty_arrival_avg_cycles.demand_req = 19.0178
stat.pool.100.port.core.0.peer_src.0.ingress_pre_occ_bucket.demand_req.0 = 14
stat.pool.100.port.core.0.peer_src.0.ingress_queue_wait_bucket.demand_req.0 = 2759
stat.pool.100.port.core.0.peer_src.0.ingress_pre_occ_bucket.demand_req.1_64 = 119
stat.pool.100.port.core.0.peer_src.0.ingress_queue_wait_bucket.demand_req.1_63 = 16864
stat.pool.100.port.core.0.peer_src.0.ingress_pre_occ_bucket.demand_req.65_256 = 4221
stat.pool.100.port.core.0.peer_src.0.ingress_queue_wait_bucket.demand_req.64_255 = 63
stat.pool.100.port.core.0.peer_src.0.ingress_pre_occ_bucket.demand_req.257_1024 = 15334
stat.pool.100.port.core.0.peer_src.0.ingress_queue_wait_bucket.demand_req.256_1023 = 0
stat.pool.100.port.core.0.peer_src.0.ingress_pre_occ_bucket.demand_req.1025_4096 = 0
stat.pool.100.port.core.0.peer_src.0.ingress_queue_wait_bucket.demand_req.1024_4095 = 0
stat.pool.100.port.core.0.peer_src.0.ingress_pre_occ_bucket.demand_req.4097_plus = 0
stat.pool.100.port.core.0.peer_src.0.ingress_queue_wait_bucket.demand_req.4096_plus = 0
stat.pool.100.port.core.0.peer_src.0.rx_bytes.write_req = 1010688
stat.pool.100.port.core.0.peer_src.0.rx_pkts.write_req = 15792
stat.pool.100.port.core.0.peer_src.0.tx_bytes.write_req = 0
stat.pool.100.port.core.0.peer_src.0.tx_pkts.write_req = 0
stat.pool.100.port.core.0.peer_src.0.ingress_arrivals.write_req = 15792
stat.pool.100.port.core.0.peer_src.0.ingress_arrival_nonempty_packet_frac.write_req = 0.985689
stat.pool.100.port.core.0.peer_src.0.ingress_nonempty_arrival_pre_occ_avg_bytes.write_req = 283.209
stat.pool.100.port.core.0.peer_src.0.ingress_nonempty_arrival_pre_occ_max_bytes.write_req = 488
stat.pool.100.port.core.0.peer_src.0.ingress_wait_avg_cycles.write_req = 152.64
stat.pool.100.port.core.0.peer_src.0.ingress_queue_wait_avg_cycles.write_req = 7.65742
stat.pool.100.port.core.0.peer_src.0.ingress_queue_wait_after_nonempty_arrival_avg_cycles.write_req = 7.77109
stat.pool.100.port.core.0.peer_src.0.ingress_pre_occ_bucket.write_req.0 = 226
stat.pool.100.port.core.0.peer_src.0.ingress_queue_wait_bucket.write_req.0 = 5946
stat.pool.100.port.core.0.peer_src.0.ingress_pre_occ_bucket.write_req.1_64 = 340
stat.pool.100.port.core.0.peer_src.0.ingress_queue_wait_bucket.write_req.1_63 = 9846
stat.pool.100.port.core.0.peer_src.0.ingress_pre_occ_bucket.write_req.65_256 = 5102
stat.pool.100.port.core.0.peer_src.0.ingress_queue_wait_bucket.write_req.64_255 = 0
stat.pool.100.port.core.0.peer_src.0.ingress_pre_occ_bucket.write_req.257_1024 = 10124
stat.pool.100.port.core.0.peer_src.0.ingress_queue_wait_bucket.write_req.256_1023 = 0
stat.pool.100.port.core.0.peer_src.0.ingress_pre_occ_bucket.write_req.1025_4096 = 0
stat.pool.100.port.core.0.peer_src.0.ingress_queue_wait_bucket.write_req.1024_4095 = 0
stat.pool.100.port.core.0.peer_src.0.ingress_pre_occ_bucket.write_req.4097_plus = 0
stat.pool.100.port.core.0.peer_src.0.ingress_queue_wait_bucket.write_req.4096_plus = 0
stat.pool.100.port.core.0.peer_src.0.rx_bytes.other_req = 224
stat.pool.100.port.core.0.peer_src.0.rx_pkts.other_req = 28
stat.pool.100.port.core.0.peer_src.0.tx_bytes.other_req = 0
stat.pool.100.port.core.0.peer_src.0.tx_pkts.other_req = 0
stat.pool.100.port.core.0.peer_src.0.ingress_arrivals.other_req = 28
stat.pool.100.port.core.0.peer_src.0.ingress_arrival_nonempty_packet_frac.other_req = 1
stat.pool.100.port.core.0.peer_src.0.ingress_nonempty_arrival_pre_occ_avg_bytes.other_req = 322
stat.pool.100.port.core.0.peer_src.0.ingress_nonempty_arrival_pre_occ_max_bytes.other_req = 512
stat.pool.100.port.core.0.peer_src.0.ingress_wait_avg_cycles.other_req = 140.714
stat.pool.100.port.core.0.peer_src.0.ingress_queue_wait_avg_cycles.other_req = 16.7143
stat.pool.100.port.core.0.peer_src.0.ingress_queue_wait_after_nonempty_arrival_avg_cycles.other_req = 16.7143
stat.pool.100.port.core.0.peer_src.0.ingress_pre_occ_bucket.other_req.0 = 0
stat.pool.100.port.core.0.peer_src.0.ingress_queue_wait_bucket.other_req.0 = 7
stat.pool.100.port.core.0.peer_src.0.ingress_pre_occ_bucket.other_req.1_64 = 0
stat.pool.100.port.core.0.peer_src.0.ingress_queue_wait_bucket.other_req.1_63 = 20
stat.pool.100.port.core.0.peer_src.0.ingress_pre_occ_bucket.other_req.65_256 = 6
stat.pool.100.port.core.0.peer_src.0.ingress_queue_wait_bucket.other_req.64_255 = 1
stat.pool.100.port.core.0.peer_src.0.ingress_pre_occ_bucket.other_req.257_1024 = 22
stat.pool.100.port.core.0.peer_src.0.ingress_queue_wait_bucket.other_req.256_1023 = 0
stat.pool.100.port.core.0.peer_src.0.ingress_pre_occ_bucket.other_req.1025_4096 = 0
stat.pool.100.port.core.0.peer_src.0.ingress_queue_wait_bucket.other_req.1024_4095 = 0
stat.pool.100.port.core.0.peer_src.0.ingress_pre_occ_bucket.other_req.4097_plus = 0
stat.pool.100.port.core.0.peer_src.0.ingress_queue_wait_bucket.other_req.4096_plus = 0
stat.pool.100.port.core.0.peer_dst.100.rx_bytes.demand_req = 157504
stat.pool.100.port.core.0.peer_dst.100.rx_pkts.demand_req = 19688
stat.pool.100.port.core.0.peer_dst.100.tx_bytes.demand_req = 0
stat.pool.100.port.core.0.peer_dst.100.tx_pkts.demand_req = 0
stat.pool.100.port.core.0.peer_dst.100.ingress_arrivals.demand_req = 19688
stat.pool.100.port.core.0.peer_dst.100.ingress_arrival_nonempty_packet_frac.demand_req = 0.999289
stat.pool.100.port.core.0.peer_dst.100.ingress_nonempty_arrival_pre_occ_avg_bytes.demand_req = 319.374
stat.pool.100.port.core.0.peer_dst.100.ingress_nonempty_arrival_pre_occ_max_bytes.demand_req = 536
stat.pool.100.port.core.0.peer_dst.100.ingress_wait_avg_cycles.demand_req = 142.986
stat.pool.100.port.core.0.peer_dst.100.ingress_queue_wait_avg_cycles.demand_req = 19.0005
stat.pool.100.port.core.0.peer_dst.100.ingress_queue_wait_after_nonempty_arrival_avg_cycles.demand_req = 19.0178
stat.pool.100.port.core.0.peer_dst.100.ingress_pre_occ_bucket.demand_req.0 = 14
stat.pool.100.port.core.0.peer_dst.100.ingress_queue_wait_bucket.demand_req.0 = 2759
stat.pool.100.port.core.0.peer_dst.100.ingress_pre_occ_bucket.demand_req.1_64 = 119
stat.pool.100.port.core.0.peer_dst.100.ingress_queue_wait_bucket.demand_req.1_63 = 16864
stat.pool.100.port.core.0.peer_dst.100.ingress_pre_occ_bucket.demand_req.65_256 = 4221
stat.pool.100.port.core.0.peer_dst.100.ingress_queue_wait_bucket.demand_req.64_255 = 63
stat.pool.100.port.core.0.peer_dst.100.ingress_pre_occ_bucket.demand_req.257_1024 = 15334
stat.pool.100.port.core.0.peer_dst.100.ingress_queue_wait_bucket.demand_req.256_1023 = 0
stat.pool.100.port.core.0.peer_dst.100.ingress_pre_occ_bucket.demand_req.1025_4096 = 0
stat.pool.100.port.core.0.peer_dst.100.ingress_queue_wait_bucket.demand_req.1024_4095 = 0
stat.pool.100.port.core.0.peer_dst.100.ingress_pre_occ_bucket.demand_req.4097_plus = 0
stat.pool.100.port.core.0.peer_dst.100.ingress_queue_wait_bucket.demand_req.4096_plus = 0
stat.pool.100.port.core.0.peer_dst.100.rx_bytes.write_req = 1010688
stat.pool.100.port.core.0.peer_dst.100.rx_pkts.write_req = 15792
stat.pool.100.port.core.0.peer_dst.100.tx_bytes.write_req = 0
stat.pool.100.port.core.0.peer_dst.100.tx_pkts.write_req = 0
stat.pool.100.port.core.0.peer_dst.100.ingress_arrivals.write_req = 15792
stat.pool.100.port.core.0.peer_dst.100.ingress_arrival_nonempty_packet_frac.write_req = 0.985689
stat.pool.100.port.core.0.peer_dst.100.ingress_nonempty_arrival_pre_occ_avg_bytes.write_req = 283.209
stat.pool.100.port.core.0.peer_dst.100.ingress_nonempty_arrival_pre_occ_max_bytes.write_req = 488
stat.pool.100.port.core.0.peer_dst.100.ingress_wait_avg_cycles.write_req = 152.64
stat.pool.100.port.core.0.peer_dst.100.ingress_queue_wait_avg_cycles.write_req = 7.65742
stat.pool.100.port.core.0.peer_dst.100.ingress_queue_wait_after_nonempty_arrival_avg_cycles.write_req = 7.77109
stat.pool.100.port.core.0.peer_dst.100.ingress_pre_occ_bucket.write_req.0 = 226
stat.pool.100.port.core.0.peer_dst.100.ingress_queue_wait_bucket.write_req.0 = 5946
stat.pool.100.port.core.0.peer_dst.100.ingress_pre_occ_bucket.write_req.1_64 = 340
stat.pool.100.port.core.0.peer_dst.100.ingress_queue_wait_bucket.write_req.1_63 = 9846
stat.pool.100.port.core.0.peer_dst.100.ingress_pre_occ_bucket.write_req.65_256 = 5102
stat.pool.100.port.core.0.peer_dst.100.ingress_queue_wait_bucket.write_req.64_255 = 0
stat.pool.100.port.core.0.peer_dst.100.ingress_pre_occ_bucket.write_req.257_1024 = 10124
stat.pool.100.port.core.0.peer_dst.100.ingress_queue_wait_bucket.write_req.256_1023 = 0
stat.pool.100.port.core.0.peer_dst.100.ingress_pre_occ_bucket.write_req.1025_4096 = 0
stat.pool.100.port.core.0.peer_dst.100.ingress_queue_wait_bucket.write_req.1024_4095 = 0
stat.pool.100.port.core.0.peer_dst.100.ingress_pre_occ_bucket.write_req.4097_plus = 0
stat.pool.100.port.core.0.peer_dst.100.ingress_queue_wait_bucket.write_req.4096_plus = 0
stat.pool.100.port.core.0.peer_dst.100.rx_bytes.other_req = 224
stat.pool.100.port.core.0.peer_dst.100.rx_pkts.other_req = 28
stat.pool.100.port.core.0.peer_dst.100.tx_bytes.other_req = 0
stat.pool.100.port.core.0.peer_dst.100.tx_pkts.other_req = 0
stat.pool.100.port.core.0.peer_dst.100.ingress_arrivals.other_req = 28
stat.pool.100.port.core.0.peer_dst.100.ingress_arrival_nonempty_packet_frac.other_req = 1
stat.pool.100.port.core.0.peer_dst.100.ingress_nonempty_arrival_pre_occ_avg_bytes.other_req = 322
stat.pool.100.port.core.0.peer_dst.100.ingress_nonempty_arrival_pre_occ_max_bytes.other_req = 512
stat.pool.100.port.core.0.peer_dst.100.ingress_wait_avg_cycles.other_req = 140.714
stat.pool.100.port.core.0.peer_dst.100.ingress_queue_wait_avg_cycles.other_req = 16.7143
stat.pool.100.port.core.0.peer_dst.100.ingress_queue_wait_after_nonempty_arrival_avg_cycles.other_req = 16.7143
stat.pool.100.port.core.0.peer_dst.100.ingress_pre_occ_bucket.other_req.0 = 0
stat.pool.100.port.core.0.peer_dst.100.ingress_queue_wait_bucket.other_req.0 = 7
stat.pool.100.port.core.0.peer_dst.100.ingress_pre_occ_bucket.other_req.1_64 = 0
stat.pool.100.port.core.0.peer_dst.100.ingress_queue_wait_bucket.other_req.1_63 = 20
stat.pool.100.port.core.0.peer_dst.100.ingress_pre_occ_bucket.other_req.65_256 = 6
stat.pool.100.port.core.0.peer_dst.100.ingress_queue_wait_bucket.other_req.64_255 = 1
stat.pool.100.port.core.0.peer_dst.100.ingress_pre_occ_bucket.other_req.257_1024 = 22
stat.pool.100.port.core.0.peer_dst.100.ingress_queue_wait_bucket.other_req.256_1023 = 0
stat.pool.100.port.core.0.peer_dst.100.ingress_pre_occ_bucket.other_req.1025_4096 = 0
stat.pool.100.port.core.0.peer_dst.100.ingress_queue_wait_bucket.other_req.1024_4095 = 0
stat.pool.100.port.core.0.peer_dst.100.ingress_pre_occ_bucket.other_req.4097_plus = 0
stat.pool.100.port.core.0.peer_dst.100.ingress_queue_wait_bucket.other_req.4096_plus = 0
stat.pool.100.port.core.0.tx_src.100.rx_bytes.response = 0
stat.pool.100.port.core.0.tx_src.100.rx_pkts.response = 0
stat.pool.100.port.core.0.tx_src.100.tx_bytes.response = 1261696
stat.pool.100.port.core.0.tx_src.100.tx_pkts.response = 19714
stat.pool.100.port.core.0.tx_src.100.ingress_arrivals.response = 0
stat.pool.100.port.core.0.tx_src.100.ingress_arrival_nonempty_packet_frac.response = 0
stat.pool.100.port.core.0.tx_src.100.ingress_nonempty_arrival_pre_occ_avg_bytes.response = 0
stat.pool.100.port.core.0.tx_src.100.ingress_nonempty_arrival_pre_occ_max_bytes.response = 0
stat.pool.100.port.core.0.tx_src.100.ingress_wait_avg_cycles.response = 0
stat.pool.100.port.core.0.tx_src.100.ingress_queue_wait_avg_cycles.response = 0
stat.pool.100.port.core.0.tx_src.100.ingress_queue_wait_after_nonempty_arrival_avg_cycles.response = 0
stat.pool.100.port.core.0.tx_src.100.ingress_pre_occ_bucket.response.0 = 0
stat.pool.100.port.core.0.tx_src.100.ingress_queue_wait_bucket.response.0 = 0
stat.pool.100.port.core.0.tx_src.100.ingress_pre_occ_bucket.response.1_64 = 0
stat.pool.100.port.core.0.tx_src.100.ingress_queue_wait_bucket.response.1_63 = 0
stat.pool.100.port.core.0.tx_src.100.ingress_pre_occ_bucket.response.65_256 = 0
stat.pool.100.port.core.0.tx_src.100.ingress_queue_wait_bucket.response.64_255 = 0
stat.pool.100.port.core.0.tx_src.100.ingress_pre_occ_bucket.response.257_1024 = 0
stat.pool.100.port.core.0.tx_src.100.ingress_queue_wait_bucket.response.256_1023 = 0
stat.pool.100.port.core.0.tx_src.100.ingress_pre_occ_bucket.response.1025_4096 = 0
stat.pool.100.port.core.0.tx_src.100.ingress_queue_wait_bucket.response.1024_4095 = 0
stat.pool.100.port.core.0.tx_src.100.ingress_pre_occ_bucket.response.4097_plus = 0
stat.pool.100.port.core.0.tx_src.100.ingress_queue_wait_bucket.response.4096_plus = 0
stat.pool.100.port.core.0.tx_dst.0.rx_bytes.response = 0
stat.pool.100.port.core.0.tx_dst.0.rx_pkts.response = 0
stat.pool.100.port.core.0.tx_dst.0.tx_bytes.response = 1261696
stat.pool.100.port.core.0.tx_dst.0.tx_pkts.response = 19714
stat.pool.100.port.core.0.tx_dst.0.ingress_arrivals.response = 0
stat.pool.100.port.core.0.tx_dst.0.ingress_arrival_nonempty_packet_frac.response = 0
stat.pool.100.port.core.0.tx_dst.0.ingress_nonempty_arrival_pre_occ_avg_bytes.response = 0
stat.pool.100.port.core.0.tx_dst.0.ingress_nonempty_arrival_pre_occ_max_bytes.response = 0
stat.pool.100.port.core.0.tx_dst.0.ingress_wait_avg_cycles.response = 0
stat.pool.100.port.core.0.tx_dst.0.ingress_queue_wait_avg_cycles.response = 0
stat.pool.100.port.core.0.tx_dst.0.ingress_queue_wait_after_nonempty_arrival_avg_cycles.response = 0
stat.pool.100.port.core.0.tx_dst.0.ingress_pre_occ_bucket.response.0 = 0
stat.pool.100.port.core.0.tx_dst.0.ingress_queue_wait_bucket.response.0 = 0
stat.pool.100.port.core.0.tx_dst.0.ingress_pre_occ_bucket.response.1_64 = 0
stat.pool.100.port.core.0.tx_dst.0.ingress_queue_wait_bucket.response.1_63 = 0
stat.pool.100.port.core.0.tx_dst.0.ingress_pre_occ_bucket.response.65_256 = 0
stat.pool.100.port.core.0.tx_dst.0.ingress_queue_wait_bucket.response.64_255 = 0
stat.pool.100.port.core.0.tx_dst.0.ingress_pre_occ_bucket.response.257_1024 = 0
stat.pool.100.port.core.0.tx_dst.0.ingress_queue_wait_bucket.response.256_1023 = 0
stat.pool.100.port.core.0.tx_dst.0.ingress_pre_occ_bucket.response.1025_4096 = 0
stat.pool.100.port.core.0.tx_dst.0.ingress_queue_wait_bucket.response.1024_4095 = 0
stat.pool.100.port.core.0.tx_dst.0.ingress_pre_occ_bucket.response.4097_plus = 0
stat.pool.100.port.core.0.tx_dst.0.ingress_queue_wait_bucket.response.4096_plus = 0
stat.pool.100.walltime_s = 204.651
stat.pool.100.active_time_s = 19.5015
Simulation is complete, simulated time: 570.891 us
