stat.node.0.llc.pool_accesses = 8735
stat.node.0.llc.cxl_miss = 8724
stat.node.0.llc.total_miss = 8724
stat.node.0.llc.avg_miss_lat = 428.389
stat.node.0.llc.avg_cxl_miss_lat = 428.389
stat.node.0.llc.miss_lat_hist_bin_ns = 10
stat.node.0.llc.miss_lat_hist = [0,0,0,0,0,0,0,0,0,0,0,0,0,0,0,1713,2071,1578,1123,809,529,354,224,133,84,54,28,20,4]
stat.node.0.util.dram_avg = 2.10679e-05
stat.node.0.bw.interval_cycles = 455896
stat.node.0.bw.host_to_switch_bytes = 351480
stat.node.0.bw.switch_to_host_bytes = 559552
stat.node.0.bw.host_link_total_bytes = 911032
stat.node.0.bw.host_to_switch_gbps = 1.85032
stat.node.0.bw.switch_to_host_gbps = 2.94568
stat.node.0.bw.host_link_total_gbps = 4.796
stat.node.0.fabric.ingress_wait_avg_cycles = 196.779
stat.node.0.fabric.egress_wait_avg_cycles = 1
stat.node.0.fabric.ingress_wait_max_cycles = 443
stat.node.0.fabric.egress_wait_max_cycles = 1
stat.node.0.fabric.ingress_queue_wait_avg_cycles = 51.779
stat.node.0.fabric.ingress_queue_wait_max_cycles = 298
stat.node.0.fabric.egress_occ_avg_bytes = 0
stat.node.0.fabric.egress_occ_stddev_bytes = 0
stat.node.0.fabric.egress_occ_max_bytes = 0
stat.node.0.fabric.egress_occ_nonempty_frac = 0
stat.node.0.fabric.egress_blocked_cycles = 0
stat.node.0.fabric.egress_blocked_nonempty_frac = 0
stat.node.0.fabric.egress_blocked_avg_occ_bytes = 0
stat.node.0.fabric.egress_blocked_max_occ_bytes = 0
stat.node.0.fabric.egress_send_burst_max_pkts = 2
stat.node.0.fabric.egress_send_burst_max_bytes = 72
stat.node.0.fabric.egress_send_burst_avg_pkts = 1.0069
stat.node.0.fabric.egress_send_burst_avg_bytes = 26.9437
stat.node.0.fabric.egress_send_burst_stddev_pkts = 0.0827744
stat.node.0.fabric.egress_send_burst_stddev_bytes = 26.5615
stat.node.0.fabric.egress_send_nonempty_frac = 0.028614
stat.node.0.fabric.ingress_occ_bytes = 256
stat.node.0.fabric.ready_wait_avg_cycles = 0
stat.node.0.fabric.ready_wait_max_cycles = 0
stat.node.0.fabric.ready_occ_avg_pkts = 0.0191688
stat.node.0.fabric.ready_occ_pkts = 0
stat.node.0.fabric.ready_occ_max_pkts = 1
stat.node.0.fabric.ready_retry_count = 0
stat.node.0.fabric.ingress_arrival_burst_max_pkts = 1
stat.node.0.fabric.ingress_arrival_burst_max_bytes = 64
stat.node.0.fabric.ingress_arrival_burst_avg_pkts = 1
stat.node.0.fabric.ingress_arrival_burst_avg_bytes = 64
stat.node.0.fabric.ingress_arrival_burst_stddev_pkts = 0
stat.node.0.fabric.ingress_arrival_burst_stddev_bytes = 0
stat.node.0.fabric.ingress_arrival_nonempty_frac = 0.0191776
stat.node.0.fabric.ingress_arrival_run_max_cycles = 1
stat.node.0.fabric.ingress_arrival_run_avg_cycles = 1
stat.node.0.fabric.ingress_arrival_run_stddev_cycles = 0
stat.node.0.fabric.ingress_arrival_gap_max_cycles = 613
stat.node.0.fabric.ingress_arrival_gap_avg_cycles = 51.1471
stat.node.0.fabric.ingress_arrival_gap_stddev_cycles = 99.3046
stat.node.0.fabric.ingress_release_burst_max_pkts = 1
stat.node.0.fabric.ingress_release_burst_max_bytes = 64
stat.node.0.fabric.ingress_release_burst_avg_pkts = 1
stat.node.0.fabric.ingress_release_burst_avg_bytes = 64
stat.node.0.fabric.ingress_release_burst_stddev_pkts = 0
stat.node.0.fabric.ingress_release_burst_stddev_bytes = 0
stat.node.0.fabric.ingress_release_nonempty_frac = 0.0191688
stat.node.0.fabric.ingress_release_run_max_cycles = 1
stat.node.0.fabric.ingress_release_run_avg_cycles = 1
stat.node.0.fabric.ingress_release_run_stddev_cycles = 0
stat.node.0.fabric.ingress_release_gap_max_cycles = 405
stat.node.0.fabric.ingress_release_gap_avg_cycles = 51.1501
stat.node.0.fabric.ingress_release_gap_stddev_cycles = 68.0506
stat.node.0.fabric.ingress_occ_avg_bytes = 240.22
stat.node.0.fabric.ingress_occ_stddev_bytes = 203.486
stat.node.0.fabric.ingress_occ_max_bytes = 1024
stat.node.0.fabric.ingress_occ_nonempty_frac = 0.819498
stat.node.0.fabric.ingress_occ_run_max_cycles = 2400
stat.node.0.fabric.ingress_occ_run_avg_cycles = 412.369
stat.node.0.fabric.ingress_occ_run_stddev_cycles = 221.465
stat.node.0.fabric.ingress_occ_gap_max_cycles = 262
stat.node.0.fabric.ingress_occ_gap_avg_cycles = 90.9149
stat.node.0.fabric.ingress_occ_gap_stddev_cycles = 63.3846
stat.node.0.fabric.ingress_wait_avg_cycles.demand_req = 0
stat.node.0.fabric.ingress_wait_max_cycles.demand_req = 0
stat.node.0.fabric.ingress_queue_wait_avg_cycles.demand_req = 0
stat.node.0.fabric.ingress_queue_wait_max_cycles.demand_req = 0
stat.node.0.fabric.egress_wait_avg_cycles.demand_req = 1
stat.node.0.fabric.egress_wait_max_cycles.demand_req = 1
stat.node.0.fabric.egress_occ_avg_bytes.demand_req = 0
stat.node.0.fabric.egress_occ_max_bytes.demand_req = 0
stat.node.0.fabric.egress_blocked_cycles.demand_req = 0
stat.node.0.fabric.ingress_arrival_empty_packets.demand_req = 0
stat.node.0.fabric.ingress_arrival_nonempty_packets.demand_req = 0
stat.node.0.fabric.ingress_arrival_nonempty_packet_frac.demand_req = 0
stat.node.0.fabric.ingress_nonempty_arrival_pre_occ_avg_bytes.demand_req = 0
stat.node.0.fabric.ingress_nonempty_arrival_pre_occ_max_bytes.demand_req = 0
stat.node.0.fabric.ingress_release_after_empty_arrival_packets.demand_req = 0
stat.node.0.fabric.ingress_release_after_nonempty_arrival_packets.demand_req = 0
stat.node.0.fabric.ingress_wait_after_empty_arrival_avg_cycles.demand_req = 0
stat.node.0.fabric.ingress_wait_after_nonempty_arrival_avg_cycles.demand_req = 0
stat.node.0.fabric.ingress_queue_wait_after_empty_arrival_avg_cycles.demand_req = 0
stat.node.0.fabric.ingress_queue_wait_after_nonempty_arrival_avg_cycles.demand_req = 0
stat.node.0.fabric.ingress_queue_wait_after_empty_arrival_max_cycles.demand_req = 0
stat.node.0.fabric.ingress_queue_wait_after_nonempty_arrival_max_cycles.demand_req = 0
stat.node.0.fabric.rx_bytes.demand_req = 0
stat.node.0.fabric.tx_bytes.demand_req = 69832
stat.node.0.fabric.rx_pkts.demand_req = 0
stat.node.0.fabric.tx_pkts.demand_req = 8729
stat.node.0.fabric.ingress_wait_avg_cycles.write_req = 0
stat.node.0.fabric.ingress_wait_max_cycles.write_req = 0
stat.node.0.fabric.ingress_queue_wait_avg_cycles.write_req = 0
stat.node.0.fabric.ingress_queue_wait_max_cycles.write_req = 0
stat.node.0.fabric.egress_wait_avg_cycles.write_req = 1
stat.node.0.fabric.egress_wait_max_cycles.write_req = 1
stat.node.0.fabric.egress_occ_avg_bytes.write_req = 0
stat.node.0.fabric.egress_occ_max_bytes.write_req = 0
stat.node.0.fabric.egress_blocked_cycles.write_req = 0
stat.node.0.fabric.ingress_arrival_empty_packets.write_req = 0
stat.node.0.fabric.ingress_arrival_nonempty_packets.write_req = 0
stat.node.0.fabric.ingress_arrival_nonempty_packet_frac.write_req = 0
stat.node.0.fabric.ingress_nonempty_arrival_pre_occ_avg_bytes.write_req = 0
stat.node.0.fabric.ingress_nonempty_arrival_pre_occ_max_bytes.write_req = 0
stat.node.0.fabric.ingress_release_after_empty_arrival_packets.write_req = 0
stat.node.0.fabric.ingress_release_after_nonempty_arrival_packets.write_req = 0
stat.node.0.fabric.ingress_wait_after_empty_arrival_avg_cycles.write_req = 0
stat.node.0.fabric.ingress_wait_after_nonempty_arrival_avg_cycles.write_req = 0
stat.node.0.fabric.ingress_queue_wait_after_empty_arrival_avg_cycles.write_req = 0
stat.node.0.fabric.ingress_queue_wait_after_nonempty_arrival_avg_cycles.write_req = 0
stat.node.0.fabric.ingress_queue_wait_after_empty_arrival_max_cycles.write_req = 0
stat.node.0.fabric.ingress_queue_wait_after_nonempty_arrival_max_cycles.write_req = 0
stat.node.0.fabric.rx_bytes.write_req = 0
stat.node.0.fabric.tx_bytes.write_req = 281600
stat.node.0.fabric.rx_pkts.write_req = 0
stat.node.0.fabric.tx_pkts.write_req = 4400
stat.node.0.fabric.ingress_wait_avg_cycles.response = 196.779
stat.node.0.fabric.ingress_wait_max_cycles.response = 443
stat.node.0.fabric.ingress_queue_wait_avg_cycles.response = 51.779
stat.node.0.fabric.ingress_queue_wait_max_cycles.response = 298
stat.node.0.fabric.egress_wait_avg_cycles.response = 0
stat.node.0.fabric.egress_wait_max_cycles.response = 0
stat.node.0.fabric.egress_occ_avg_bytes.response = 0
stat.node.0.fabric.egress_occ_max_bytes.response = 0
stat.node.0.fabric.egress_blocked_cycles.response = 0
stat.node.0.fabric.ingress_arrival_empty_packets.response = 906
stat.node.0.fabric.ingress_arrival_nonempty_packets.response = 7837
stat.node.0.fabric.ingress_arrival_nonempty_packet_frac.response = 0.896374
stat.node.0.fabric.ingress_nonempty_arrival_pre_occ_avg_bytes.response = 288.437
stat.node.0.fabric.ingress_nonempty_arrival_pre_occ_max_bytes.response = 960
stat.node.0.fabric.ingress_release_after_empty_arrival_packets.response = 906
stat.node.0.fabric.ingress_release_after_nonempty_arrival_packets.response = 7833
stat.node.0.fabric.ingress_wait_after_empty_arrival_avg_cycles.response = 145
stat.node.0.fabric.ingress_wait_after_nonempty_arrival_avg_cycles.response = 202.768
stat.node.0.fabric.ingress_queue_wait_after_empty_arrival_avg_cycles.response = 0
stat.node.0.fabric.ingress_queue_wait_after_nonempty_arrival_avg_cycles.response = 57.768
stat.node.0.fabric.ingress_queue_wait_after_empty_arrival_max_cycles.response = 0
stat.node.0.fabric.ingress_queue_wait_after_nonempty_arrival_max_cycles.response = 298
stat.node.0.fabric.rx_bytes.response = 559552
stat.node.0.fabric.tx_bytes.response = 0
stat.node.0.fabric.rx_pkts.response = 8743
stat.node.0.fabric.tx_pkts.response = 0
stat.node.0.fabric.ingress_wait_avg_cycles.other_req = 0
stat.node.0.fabric.ingress_wait_max_cycles.other_req = 0
stat.node.0.fabric.ingress_queue_wait_avg_cycles.other_req = 0
stat.node.0.fabric.ingress_queue_wait_max_cycles.other_req = 0
stat.node.0.fabric.egress_wait_avg_cycles.other_req = 1
stat.node.0.fabric.egress_wait_max_cycles.other_req = 1
stat.node.0.fabric.egress_occ_avg_bytes.other_req = 0
stat.node.0.fabric.egress_occ_max_bytes.other_req = 0
stat.node.0.fabric.egress_blocked_cycles.other_req = 0
stat.node.0.fabric.ingress_arrival_empty_packets.other_req = 0
stat.node.0.fabric.ingress_arrival_nonempty_packets.other_req = 0
stat.node.0.fabric.ingress_arrival_nonempty_packet_frac.other_req = 0
stat.node.0.fabric.ingress_nonempty_arrival_pre_occ_avg_bytes.other_req = 0
stat.node.0.fabric.ingress_nonempty_arrival_pre_occ_max_bytes.other_req = 0
stat.node.0.fabric.ingress_release_after_empty_arrival_packets.other_req = 0
stat.node.0.fabric.ingress_release_after_nonempty_arrival_packets.other_req = 0
stat.node.0.fabric.ingress_wait_after_empty_arrival_avg_cycles.other_req = 0
stat.node.0.fabric.ingress_wait_after_nonempty_arrival_avg_cycles.other_req = 0
stat.node.0.fabric.ingress_queue_wait_after_empty_arrival_avg_cycles.other_req = 0
stat.node.0.fabric.ingress_queue_wait_after_nonempty_arrival_avg_cycles.other_req = 0
stat.node.0.fabric.ingress_queue_wait_after_empty_arrival_max_cycles.other_req = 0
stat.node.0.fabric.ingress_queue_wait_after_nonempty_arrival_max_cycles.other_req = 0
stat.node.0.fabric.rx_bytes.other_req = 0
stat.node.0.fabric.tx_bytes.other_req = 48
stat.node.0.fabric.rx_pkts.other_req = 0
stat.node.0.fabric.tx_pkts.other_req = 6
stat.node.0.fabric.ingress_occ_bucket_bytes.0 = 82290
stat.node.0.fabric.ready_occ_bucket_bytes.0 = 447157
stat.node.0.fabric.ingress_occ_bucket_bytes.1_64 = 52399
stat.node.0.fabric.ready_occ_bucket_bytes.1_64 = 8739
stat.node.0.fabric.ingress_occ_bucket_bytes.65_256 = 156431
stat.node.0.fabric.ready_occ_bucket_bytes.65_256 = 0
stat.node.0.fabric.ingress_occ_bucket_bytes.257_1024 = 164776
stat.node.0.fabric.ready_occ_bucket_bytes.257_1024 = 0
stat.node.0.fabric.ingress_occ_bucket_bytes.1025_4096 = 0
stat.node.0.fabric.ready_occ_bucket_bytes.1025_4096 = 0
stat.node.0.fabric.ingress_occ_bucket_bytes.4097_plus = 0
stat.node.0.fabric.ready_occ_bucket_bytes.4097_plus = 0
stat.node.0.fabric.ingress_episode.count = 905
stat.node.0.fabric.ingress_episode.avg_cycles = 412.582
stat.node.0.fabric.ingress_episode.max_cycles = 2400
stat.node.0.fabric.ingress_episode.avg_peak_occ_bytes = 490.148
stat.node.0.fabric.ingress_episode.max_peak_occ_bytes = 1024
stat.node.0.fabric.ingress_episode.avg_arrival_pkts = 9.65304
stat.node.0.fabric.ingress_episode.max_arrival_pkts = 61
stat.node.0.fabric.ingress_episode.avg_arrival_bytes = 617.794
stat.node.0.fabric.ingress_episode.max_arrival_bytes = 3904
stat.node.0.fabric.ingress_episode.avg_release_pkts = 9.65304
stat.node.0.fabric.ingress_episode.max_release_pkts = 61
stat.node.0.fabric.ingress_episode.avg_release_bytes = 617.794
stat.node.0.fabric.ingress_episode.max_release_bytes = 3904
stat.node.0.fabric.ingress_episode.avg_wait_cycles = 1899.66
stat.node.0.fabric.ingress_episode.max_wait_cycles = 443
stat.node.0.fabric.ingress_episode.avg_queue_wait_cycles = 499.973
stat.node.0.fabric.ingress_episode.max_queue_wait_cycles = 298
stat.node.0.fabric.ingress_episode.avg_src_distinct = 1
stat.node.0.fabric.ingress_episode.max_src_distinct = 1
stat.node.0.fabric.ingress_episode.avg_dst_distinct = 1
stat.node.0.fabric.ingress_episode.max_dst_distinct = 1
stat.node.0.fabric.ingress_episode.avg_arrival_pkts.demand_req = 0
stat.node.0.fabric.ingress_episode.max_arrival_pkts.demand_req = 0
stat.node.0.fabric.ingress_episode.avg_release_pkts.demand_req = 0
stat.node.0.fabric.ingress_episode.max_release_pkts.demand_req = 0
stat.node.0.fabric.ingress_pre_occ_bucket.demand_req.0 = 0
stat.node.0.fabric.ingress_queue_wait_bucket.demand_req.0 = 0
stat.node.0.fabric.ingress_pre_occ_bucket.demand_req.1_64 = 0
stat.node.0.fabric.ingress_queue_wait_bucket.demand_req.1_63 = 0
stat.node.0.fabric.ingress_pre_occ_bucket.demand_req.65_256 = 0
stat.node.0.fabric.ingress_queue_wait_bucket.demand_req.64_255 = 0
stat.node.0.fabric.ingress_pre_occ_bucket.demand_req.257_1024 = 0
stat.node.0.fabric.ingress_queue_wait_bucket.demand_req.256_1023 = 0
stat.node.0.fabric.ingress_pre_occ_bucket.demand_req.1025_4096 = 0
stat.node.0.fabric.ingress_queue_wait_bucket.demand_req.1024_4095 = 0
stat.node.0.fabric.ingress_pre_occ_bucket.demand_req.4097_plus = 0
stat.node.0.fabric.ingress_queue_wait_bucket.demand_req.4096_plus = 0
stat.node.0.fabric.ingress_episode.avg_arrival_pkts.write_req = 0
stat.node.0.fabric.ingress_episode.max_arrival_pkts.write_req = 0
stat.node.0.fabric.ingress_episode.avg_release_pkts.write_req = 0
stat.node.0.fabric.ingress_episode.max_release_pkts.write_req = 0
stat.node.0.fabric.ingress_pre_occ_bucket.write_req.0 = 0
stat.node.0.fabric.ingress_queue_wait_bucket.write_req.0 = 0
stat.node.0.fabric.ingress_pre_occ_bucket.write_req.1_64 = 0
stat.node.0.fabric.ingress_queue_wait_bucket.write_req.1_63 = 0
stat.node.0.fabric.ingress_pre_occ_bucket.write_req.65_256 = 0
stat.node.0.fabric.ingress_queue_wait_bucket.write_req.64_255 = 0
stat.node.0.fabric.ingress_pre_occ_bucket.write_req.257_1024 = 0
stat.node.0.fabric.ingress_queue_wait_bucket.write_req.256_1023 = 0
stat.node.0.fabric.ingress_pre_occ_bucket.write_req.1025_4096 = 0
stat.node.0.fabric.ingress_queue_wait_bucket.write_req.1024_4095 = 0
stat.node.0.fabric.ingress_pre_occ_bucket.write_req.4097_plus = 0
stat.node.0.fabric.ingress_queue_wait_bucket.write_req.4096_plus = 0
stat.node.0.fabric.ingress_episode.avg_arrival_pkts.response = 9.65304
stat.node.0.fabric.ingress_episode.max_arrival_pkts.response = 61
stat.node.0.fabric.ingress_episode.avg_release_pkts.response = 9.65304
stat.node.0.fabric.ingress_episode.max_release_pkts.response = 61
stat.node.0.fabric.ingress_pre_occ_bucket.response.0 = 906
stat.node.0.fabric.ingress_queue_wait_bucket.response.0 = 1990
stat.node.0.fabric.ingress_pre_occ_bucket.response.1_64 = 1085
stat.node.0.fabric.ingress_queue_wait_bucket.response.1_63 = 4094
stat.node.0.fabric.ingress_pre_occ_bucket.response.65_256 = 3344
stat.node.0.fabric.ingress_queue_wait_bucket.response.64_255 = 2634
stat.node.0.fabric.ingress_pre_occ_bucket.response.257_1024 = 3408
stat.node.0.fabric.ingress_queue_wait_bucket.response.256_1023 = 21
stat.node.0.fabric.ingress_pre_occ_bucket.response.1025_4096 = 0
stat.node.0.fabric.ingress_queue_wait_bucket.response.1024_4095 = 0
stat.node.0.fabric.ingress_pre_occ_bucket.response.4097_plus = 0
stat.node.0.fabric.ingress_queue_wait_bucket.response.4096_plus = 0
stat.node.0.fabric.ingress_episode.avg_arrival_pkts.other_req = 0
stat.node.0.fabric.ingress_episode.max_arrival_pkts.other_req = 0
stat.node.0.fabric.ingress_episode.avg_release_pkts.other_req = 0
stat.node.0.fabric.ingress_episode.max_release_pkts.other_req = 0
stat.node.0.fabric.ingress_pre_occ_bucket.other_req.0 = 0
stat.node.0.fabric.ingress_queue_wait_bucket.other_req.0 = 0
stat.node.0.fabric.ingress_pre_occ_bucket.other_req.1_64 = 0
stat.node.0.fabric.ingress_queue_wait_bucket.other_req.1_63 = 0
stat.node.0.fabric.ingress_pre_occ_bucket.other_req.65_256 = 0
stat.node.0.fabric.ingress_queue_wait_bucket.other_req.64_255 = 0
stat.node.0.fabric.ingress_pre_occ_bucket.other_req.257_1024 = 0
stat.node.0.fabric.ingress_queue_wait_bucket.other_req.256_1023 = 0
stat.node.0.fabric.ingress_pre_occ_bucket.other_req.1025_4096 = 0
stat.node.0.fabric.ingress_queue_wait_bucket.other_req.1024_4095 = 0
stat.node.0.fabric.ingress_pre_occ_bucket.other_req.4097_plus = 0
stat.node.0.fabric.ingress_queue_wait_bucket.other_req.4096_plus = 0
stat.node.0.fabric.peer_src.100.rx_bytes.response = 559552
stat.node.0.fabric.peer_src.100.rx_pkts.response = 8743
stat.node.0.fabric.peer_src.100.tx_bytes.response = 0
stat.node.0.fabric.peer_src.100.tx_pkts.response = 0
stat.node.0.fabric.peer_src.100.ingress_arrivals.response = 8743
stat.node.0.fabric.peer_src.100.ingress_arrival_nonempty_packet_frac.response = 0.896374
stat.node.0.fabric.peer_src.100.ingress_nonempty_arrival_pre_occ_avg_bytes.response = 288.437
stat.node.0.fabric.peer_src.100.ingress_nonempty_arrival_pre_occ_max_bytes.response = 960
stat.node.0.fabric.peer_src.100.ingress_wait_avg_cycles.response = 196.779
stat.node.0.fabric.peer_src.100.ingress_queue_wait_avg_cycles.response = 51.779
stat.node.0.fabric.peer_src.100.ingress_queue_wait_after_nonempty_arrival_avg_cycles.response = 57.768
stat.node.0.fabric.peer_src.100.ingress_pre_occ_bucket.response.0 = 906
stat.node.0.fabric.peer_src.100.ingress_queue_wait_bucket.response.0 = 1990
stat.node.0.fabric.peer_src.100.ingress_pre_occ_bucket.response.1_64 = 1085
stat.node.0.fabric.peer_src.100.ingress_queue_wait_bucket.response.1_63 = 4094
stat.node.0.fabric.peer_src.100.ingress_pre_occ_bucket.response.65_256 = 3344
stat.node.0.fabric.peer_src.100.ingress_queue_wait_bucket.response.64_255 = 2634
stat.node.0.fabric.peer_src.100.ingress_pre_occ_bucket.response.257_1024 = 3408
stat.node.0.fabric.peer_src.100.ingress_queue_wait_bucket.response.256_1023 = 21
stat.node.0.fabric.peer_src.100.ingress_pre_occ_bucket.response.1025_4096 = 0
stat.node.0.fabric.peer_src.100.ingress_queue_wait_bucket.response.1024_4095 = 0
stat.node.0.fabric.peer_src.100.ingress_pre_occ_bucket.response.4097_plus = 0
stat.node.0.fabric.peer_src.100.ingress_queue_wait_bucket.response.4096_plus = 0
stat.node.0.fabric.peer_dst.0.rx_bytes.response = 559552
stat.node.0.fabric.peer_dst.0.rx_pkts.response = 8743
stat.node.0.fabric.peer_dst.0.tx_bytes.response = 0
stat.node.0.fabric.peer_dst.0.tx_pkts.response = 0
stat.node.0.fabric.peer_dst.0.ingress_arrivals.response = 8743
stat.node.0.fabric.peer_dst.0.ingress_arrival_nonempty_packet_frac.response = 0.896374
stat.node.0.fabric.peer_dst.0.ingress_nonempty_arrival_pre_occ_avg_bytes.response = 288.437
stat.node.0.fabric.peer_dst.0.ingress_nonempty_arrival_pre_occ_max_bytes.response = 960
stat.node.0.fabric.peer_dst.0.ingress_wait_avg_cycles.response = 196.779
stat.node.0.fabric.peer_dst.0.ingress_queue_wait_avg_cycles.response = 51.779
stat.node.0.fabric.peer_dst.0.ingress_queue_wait_after_nonempty_arrival_avg_cycles.response = 57.768
stat.node.0.fabric.peer_dst.0.ingress_pre_occ_bucket.response.0 = 906
stat.node.0.fabric.peer_dst.0.ingress_queue_wait_bucket.response.0 = 1990
stat.node.0.fabric.peer_dst.0.ingress_pre_occ_bucket.response.1_64 = 1085
stat.node.0.fabric.peer_dst.0.ingress_queue_wait_bucket.response.1_63 = 4094
stat.node.0.fabric.peer_dst.0.ingress_pre_occ_bucket.response.65_256 = 3344
stat.node.0.fabric.peer_dst.0.ingress_queue_wait_bucket.response.64_255 = 2634
stat.node.0.fabric.peer_dst.0.ingress_pre_occ_bucket.response.257_1024 = 3408
stat.node.0.fabric.peer_dst.0.ingress_queue_wait_bucket.response.256_1023 = 21
stat.node.0.fabric.peer_dst.0.ingress_pre_occ_bucket.response.1025_4096 = 0
stat.node.0.fabric.peer_dst.0.ingress_queue_wait_bucket.response.1024_4095 = 0
stat.node.0.fabric.peer_dst.0.ingress_pre_occ_bucket.response.4097_plus = 0
stat.node.0.fabric.peer_dst.0.ingress_queue_wait_bucket.response.4096_plus = 0
stat.node.0.fabric.tx_src.0.rx_bytes.demand_req = 0
stat.node.0.fabric.tx_src.0.rx_pkts.demand_req = 0
stat.node.0.fabric.tx_src.0.tx_bytes.demand_req = 69832
stat.node.0.fabric.tx_src.0.tx_pkts.demand_req = 8729
stat.node.0.fabric.tx_src.0.ingress_arrivals.demand_req = 0
stat.node.0.fabric.tx_src.0.ingress_arrival_nonempty_packet_frac.demand_req = 0
stat.node.0.fabric.tx_src.0.ingress_nonempty_arrival_pre_occ_avg_bytes.demand_req = 0
stat.node.0.fabric.tx_src.0.ingress_nonempty_arrival_pre_occ_max_bytes.demand_req = 0
stat.node.0.fabric.tx_src.0.ingress_wait_avg_cycles.demand_req = 0
stat.node.0.fabric.tx_src.0.ingress_queue_wait_avg_cycles.demand_req = 0
stat.node.0.fabric.tx_src.0.ingress_queue_wait_after_nonempty_arrival_avg_cycles.demand_req = 0
stat.node.0.fabric.tx_src.0.ingress_pre_occ_bucket.demand_req.0 = 0
stat.node.0.fabric.tx_src.0.ingress_queue_wait_bucket.demand_req.0 = 0
stat.node.0.fabric.tx_src.0.ingress_pre_occ_bucket.demand_req.1_64 = 0
stat.node.0.fabric.tx_src.0.ingress_queue_wait_bucket.demand_req.1_63 = 0
stat.node.0.fabric.tx_src.0.ingress_pre_occ_bucket.demand_req.65_256 = 0
stat.node.0.fabric.tx_src.0.ingress_queue_wait_bucket.demand_req.64_255 = 0
stat.node.0.fabric.tx_src.0.ingress_pre_occ_bucket.demand_req.257_1024 = 0
stat.node.0.fabric.tx_src.0.ingress_queue_wait_bucket.demand_req.256_1023 = 0
stat.node.0.fabric.tx_src.0.ingress_pre_occ_bucket.demand_req.1025_4096 = 0
stat.node.0.fabric.tx_src.0.ingress_queue_wait_bucket.demand_req.1024_4095 = 0
stat.node.0.fabric.tx_src.0.ingress_pre_occ_bucket.demand_req.4097_plus = 0
stat.node.0.fabric.tx_src.0.ingress_queue_wait_bucket.demand_req.4096_plus = 0
stat.node.0.fabric.tx_src.0.rx_bytes.write_req = 0
stat.node.0.fabric.tx_src.0.rx_pkts.write_req = 0
stat.node.0.fabric.tx_src.0.tx_bytes.write_req = 281600
stat.node.0.fabric.tx_src.0.tx_pkts.write_req = 4400
stat.node.0.fabric.tx_src.0.ingress_arrivals.write_req = 0
stat.node.0.fabric.tx_src.0.ingress_arrival_nonempty_packet_frac.write_req = 0
stat.node.0.fabric.tx_src.0.ingress_nonempty_arrival_pre_occ_avg_bytes.write_req = 0
stat.node.0.fabric.tx_src.0.ingress_nonempty_arrival_pre_occ_max_bytes.write_req = 0
stat.node.0.fabric.tx_src.0.ingress_wait_avg_cycles.write_req = 0
stat.node.0.fabric.tx_src.0.ingress_queue_wait_avg_cycles.write_req = 0
stat.node.0.fabric.tx_src.0.ingress_queue_wait_after_nonempty_arrival_avg_cycles.write_req = 0
stat.node.0.fabric.tx_src.0.ingress_pre_occ_bucket.write_req.0 = 0
stat.node.0.fabric.tx_src.0.ingress_queue_wait_bucket.write_req.0 = 0
stat.node.0.fabric.tx_src.0.ingress_pre_occ_bucket.write_req.1_64 = 0
stat.node.0.fabric.tx_src.0.ingress_queue_wait_bucket.write_req.1_63 = 0
stat.node.0.fabric.tx_src.0.ingress_pre_occ_bucket.write_req.65_256 = 0
stat.node.0.fabric.tx_src.0.ingress_queue_wait_bucket.write_req.64_255 = 0
stat.node.0.fabric.tx_src.0.ingress_pre_occ_bucket.write_req.257_1024 = 0
stat.node.0.fabric.tx_src.0.ingress_queue_wait_bucket.write_req.256_1023 = 0
stat.node.0.fabric.tx_src.0.ingress_pre_occ_bucket.write_req.1025_4096 = 0
stat.node.0.fabric.tx_src.0.ingress_queue_wait_bucket.write_req.1024_4095 = 0
stat.node.0.fabric.tx_src.0.ingress_pre_occ_bucket.write_req.4097_plus = 0
stat.node.0.fabric.tx_src.0.ingress_queue_wait_bucket.write_req.4096_plus = 0
stat.node.0.fabric.tx_src.0.rx_bytes.other_req = 0
stat.node.0.fabric.tx_src.0.rx_pkts.other_req = 0
stat.node.0.fabric.tx_src.0.tx_bytes.other_req = 48
stat.node.0.fabric.tx_src.0.tx_pkts.other_req = 6
stat.node.0.fabric.tx_src.0.ingress_arrivals.other_req = 0
stat.node.0.fabric.tx_src.0.ingress_arrival_nonempty_packet_frac.other_req = 0
stat.node.0.fabric.tx_src.0.ingress_nonempty_arrival_pre_occ_avg_bytes.other_req = 0
stat.node.0.fabric.tx_src.0.ingress_nonempty_arrival_pre_occ_max_bytes.other_req = 0
stat.node.0.fabric.tx_src.0.ingress_wait_avg_cycles.other_req = 0
stat.node.0.fabric.tx_src.0.ingress_queue_wait_avg_cycles.other_req = 0
stat.node.0.fabric.tx_src.0.ingress_queue_wait_after_nonempty_arrival_avg_cycles.other_req = 0
stat.node.0.fabric.tx_src.0.ingress_pre_occ_bucket.other_req.0 = 0
stat.node.0.fabric.tx_src.0.ingress_queue_wait_bucket.other_req.0 = 0
stat.node.0.fabric.tx_src.0.ingress_pre_occ_bucket.other_req.1_64 = 0
stat.node.0.fabric.tx_src.0.ingress_queue_wait_bucket.other_req.1_63 = 0
stat.node.0.fabric.tx_src.0.ingress_pre_occ_bucket.other_req.65_256 = 0
stat.node.0.fabric.tx_src.0.ingress_queue_wait_bucket.other_req.64_255 = 0
stat.node.0.fabric.tx_src.0.ingress_pre_occ_bucket.other_req.257_1024 = 0
stat.node.0.fabric.tx_src.0.ingress_queue_wait_bucket.other_req.256_1023 = 0
stat.node.0.fabric.tx_src.0.ingress_pre_occ_bucket.other_req.1025_4096 = 0
stat.node.0.fabric.tx_src.0.ingress_queue_wait_bucket.other_req.1024_4095 = 0
stat.node.0.fabric.tx_src.0.ingress_pre_occ_bucket.other_req.4097_plus = 0
stat.node.0.fabric.tx_src.0.ingress_queue_wait_bucket.other_req.4096_plus = 0
stat.node.0.fabric.tx_dst.100.rx_bytes.demand_req = 0
stat.node.0.fabric.tx_dst.100.rx_pkts.demand_req = 0
stat.node.0.fabric.tx_dst.100.tx_bytes.demand_req = 69832
stat.node.0.fabric.tx_dst.100.tx_pkts.demand_req = 8729
stat.node.0.fabric.tx_dst.100.ingress_arrivals.demand_req = 0
stat.node.0.fabric.tx_dst.100.ingress_arrival_nonempty_packet_frac.demand_req = 0
stat.node.0.fabric.tx_dst.100.ingress_nonempty_arrival_pre_occ_avg_bytes.demand_req = 0
stat.node.0.fabric.tx_dst.100.ingress_nonempty_arrival_pre_occ_max_bytes.demand_req = 0
stat.node.0.fabric.tx_dst.100.ingress_wait_avg_cycles.demand_req = 0
stat.node.0.fabric.tx_dst.100.ingress_queue_wait_avg_cycles.demand_req = 0
stat.node.0.fabric.tx_dst.100.ingress_queue_wait_after_nonempty_arrival_avg_cycles.demand_req = 0
stat.node.0.fabric.tx_dst.100.ingress_pre_occ_bucket.demand_req.0 = 0
stat.node.0.fabric.tx_dst.100.ingress_queue_wait_bucket.demand_req.0 = 0
stat.node.0.fabric.tx_dst.100.ingress_pre_occ_bucket.demand_req.1_64 = 0
stat.node.0.fabric.tx_dst.100.ingress_queue_wait_bucket.demand_req.1_63 = 0
stat.node.0.fabric.tx_dst.100.ingress_pre_occ_bucket.demand_req.65_256 = 0
stat.node.0.fabric.tx_dst.100.ingress_queue_wait_bucket.demand_req.64_255 = 0
stat.node.0.fabric.tx_dst.100.ingress_pre_occ_bucket.demand_req.257_1024 = 0
stat.node.0.fabric.tx_dst.100.ingress_queue_wait_bucket.demand_req.256_1023 = 0
stat.node.0.fabric.tx_dst.100.ingress_pre_occ_bucket.demand_req.1025_4096 = 0
stat.node.0.fabric.tx_dst.100.ingress_queue_wait_bucket.demand_req.1024_4095 = 0
stat.node.0.fabric.tx_dst.100.ingress_pre_occ_bucket.demand_req.4097_plus = 0
stat.node.0.fabric.tx_dst.100.ingress_queue_wait_bucket.demand_req.4096_plus = 0
stat.node.0.fabric.tx_dst.100.rx_bytes.write_req = 0
stat.node.0.fabric.tx_dst.100.rx_pkts.write_req = 0
stat.node.0.fabric.tx_dst.100.tx_bytes.write_req = 281600
stat.node.0.fabric.tx_dst.100.tx_pkts.write_req = 4400
stat.node.0.fabric.tx_dst.100.ingress_arrivals.write_req = 0
stat.node.0.fabric.tx_dst.100.ingress_arrival_nonempty_packet_frac.write_req = 0
stat.node.0.fabric.tx_dst.100.ingress_nonempty_arrival_pre_occ_avg_bytes.write_req = 0
stat.node.0.fabric.tx_dst.100.ingress_nonempty_arrival_pre_occ_max_bytes.write_req = 0
stat.node.0.fabric.tx_dst.100.ingress_wait_avg_cycles.write_req = 0
stat.node.0.fabric.tx_dst.100.ingress_queue_wait_avg_cycles.write_req = 0
stat.node.0.fabric.tx_dst.100.ingress_queue_wait_after_nonempty_arrival_avg_cycles.write_req = 0
stat.node.0.fabric.tx_dst.100.ingress_pre_occ_bucket.write_req.0 = 0
stat.node.0.fabric.tx_dst.100.ingress_queue_wait_bucket.write_req.0 = 0
stat.node.0.fabric.tx_dst.100.ingress_pre_occ_bucket.write_req.1_64 = 0
stat.node.0.fabric.tx_dst.100.ingress_queue_wait_bucket.write_req.1_63 = 0
stat.node.0.fabric.tx_dst.100.ingress_pre_occ_bucket.write_req.65_256 = 0
stat.node.0.fabric.tx_dst.100.ingress_queue_wait_bucket.write_req.64_255 = 0
stat.node.0.fabric.tx_dst.100.ingress_pre_occ_bucket.write_req.257_1024 = 0
stat.node.0.fabric.tx_dst.100.ingress_queue_wait_bucket.write_req.256_1023 = 0
stat.node.0.fabric.tx_dst.100.ingress_pre_occ_bucket.write_req.1025_4096 = 0
stat.node.0.fabric.tx_dst.100.ingress_queue_wait_bucket.write_req.1024_4095 = 0
stat.node.0.fabric.tx_dst.100.ingress_pre_occ_bucket.write_req.4097_plus = 0
stat.node.0.fabric.tx_dst.100.ingress_queue_wait_bucket.write_req.4096_plus = 0
stat.node.0.fabric.tx_dst.100.rx_bytes.other_req = 0
stat.node.0.fabric.tx_dst.100.rx_pkts.other_req = 0
stat.node.0.fabric.tx_dst.100.tx_bytes.other_req = 48
stat.node.0.fabric.tx_dst.100.tx_pkts.other_req = 6
stat.node.0.fabric.tx_dst.100.ingress_arrivals.other_req = 0
stat.node.0.fabric.tx_dst.100.ingress_arrival_nonempty_packet_frac.other_req = 0
stat.node.0.fabric.tx_dst.100.ingress_nonempty_arrival_pre_occ_avg_bytes.other_req = 0
stat.node.0.fabric.tx_dst.100.ingress_nonempty_arrival_pre_occ_max_bytes.other_req = 0
stat.node.0.fabric.tx_dst.100.ingress_wait_avg_cycles.other_req = 0
stat.node.0.fabric.tx_dst.100.ingress_queue_wait_avg_cycles.other_req = 0
stat.node.0.fabric.tx_dst.100.ingress_queue_wait_after_nonempty_arrival_avg_cycles.other_req = 0
stat.node.0.fabric.tx_dst.100.ingress_pre_occ_bucket.other_req.0 = 0
stat.node.0.fabric.tx_dst.100.ingress_queue_wait_bucket.other_req.0 = 0
stat.node.0.fabric.tx_dst.100.ingress_pre_occ_bucket.other_req.1_64 = 0
stat.node.0.fabric.tx_dst.100.ingress_queue_wait_bucket.other_req.1_63 = 0
stat.node.0.fabric.tx_dst.100.ingress_pre_occ_bucket.other_req.65_256 = 0
stat.node.0.fabric.tx_dst.100.ingress_queue_wait_bucket.other_req.64_255 = 0
stat.node.0.fabric.tx_dst.100.ingress_pre_occ_bucket.other_req.257_1024 = 0
stat.node.0.fabric.tx_dst.100.ingress_queue_wait_bucket.other_req.256_1023 = 0
stat.node.0.fabric.tx_dst.100.ingress_pre_occ_bucket.other_req.1025_4096 = 0
stat.node.0.fabric.tx_dst.100.ingress_queue_wait_bucket.other_req.1024_4095 = 0
stat.node.0.fabric.tx_dst.100.ingress_pre_occ_bucket.other_req.4097_plus = 0
stat.node.0.fabric.tx_dst.100.ingress_queue_wait_bucket.other_req.4096_plus = 0
stat.node.0.walltime_s = 173.044
stat.node.0.active_time_s = 156.39
stat.pool.100.util.mem_avg = 0.115199
stat.pool.100.util.req_link_avg = 0.301036
stat.pool.100.memq.demand.completed = 8737
stat.pool.100.memq.demand.response_completed = 8737
stat.pool.100.memq.demand.queue_wait_avg_cycles = 2.04052
stat.pool.100.memq.demand.queue_wait_max_cycles = 14
stat.pool.100.memq.demand.service_avg_cycles = 75.1226
stat.pool.100.memq.demand.service_max_cycles = 123
stat.pool.100.memq.demand.total_avg_cycles = 77.1631
stat.pool.100.memq.demand.total_max_cycles = 136
stat.pool.100.memq.demand.ahead_pkts_avg.load = 1.25959
stat.pool.100.memq.demand.ahead_pkts_max.load = 11
stat.pool.100.memq.demand.ahead_bytes_avg.load = 1.25959
stat.pool.100.memq.demand.ahead_bytes_max.load = 11
stat.pool.100.memq.demand.ahead_pkts_avg.rfo = 1.64942
stat.pool.100.memq.demand.ahead_pkts_max.rfo = 14
stat.pool.100.memq.demand.ahead_bytes_avg.rfo = 1.64942
stat.pool.100.memq.demand.ahead_bytes_max.rfo = 14
stat.pool.100.memq.demand.ahead_pkts_avg.write = 1.29747
stat.pool.100.memq.demand.ahead_pkts_max.write = 3
stat.pool.100.memq.demand.ahead_bytes_avg.write = 1.29747
stat.pool.100.memq.demand.ahead_bytes_max.write = 3
stat.pool.100.memq.demand.ahead_pkts_avg.other = 0.00183129
stat.pool.100.memq.demand.ahead_pkts_max.other = 1
stat.pool.100.memq.demand.ahead_bytes_avg.other = 0.00183129
stat.pool.100.memq.demand.ahead_bytes_max.other = 1
stat.pool.100.memq.demand.queue_wait_bucket.0 = 9
stat.pool.100.memq.demand.service_bucket.0 = 0
stat.pool.100.memq.demand.total_bucket.0 = 0
stat.pool.100.memq.demand.ahead_total_pkts_bucket.0 = 250
stat.pool.100.memq.demand.ahead_total_bytes_bucket.0 = 250
stat.pool.100.memq.demand.queue_wait_bucket.1_63 = 8728
stat.pool.100.memq.demand.service_bucket.1_63 = 9
stat.pool.100.memq.demand.total_bucket.1_63 = 9
stat.pool.100.memq.demand.ahead_total_pkts_bucket.1 = 844
stat.pool.100.memq.demand.ahead_total_bytes_bucket.1_64 = 8487
stat.pool.100.memq.demand.queue_wait_bucket.64_255 = 0
stat.pool.100.memq.demand.service_bucket.64_255 = 8728
stat.pool.100.memq.demand.total_bucket.64_255 = 8728
stat.pool.100.memq.demand.ahead_total_pkts_bucket.2 = 1402
stat.pool.100.memq.demand.ahead_total_bytes_bucket.65_256 = 0
stat.pool.100.memq.demand.queue_wait_bucket.256_1023 = 0
stat.pool.100.memq.demand.service_bucket.256_1023 = 0
stat.pool.100.memq.demand.total_bucket.256_1023 = 0
stat.pool.100.memq.demand.ahead_total_pkts_bucket.3_4 = 2865
stat.pool.100.memq.demand.ahead_total_bytes_bucket.257_1024 = 0
stat.pool.100.memq.demand.queue_wait_bucket.1024_4095 = 0
stat.pool.100.memq.demand.service_bucket.1024_4095 = 0
stat.pool.100.memq.demand.total_bucket.1024_4095 = 0
stat.pool.100.memq.demand.ahead_total_pkts_bucket.5_8 = 2753
stat.pool.100.memq.demand.ahead_total_bytes_bucket.1025_4096 = 0
stat.pool.100.memq.demand.queue_wait_bucket.4096_plus = 0
stat.pool.100.memq.demand.service_bucket.4096_plus = 0
stat.pool.100.memq.demand.total_bucket.4096_plus = 0
stat.pool.100.memq.demand.ahead_total_pkts_bucket.9_plus = 623
stat.pool.100.memq.demand.ahead_total_bytes_bucket.4097_plus = 0
stat.pool.100.memq.queue_occ_avg_reqs = 2.20355
stat.pool.100.memq.queue_occ_stddev_reqs = 2.48343
stat.pool.100.memq.queue_occ_max_reqs = 16
stat.pool.100.memq.queue_occ_nonempty_frac = 0.669287
stat.pool.100.memq.enqueue_burst_avg_pkts = 1
stat.pool.100.memq.enqueue_burst_stddev_pkts = 0
stat.pool.100.memq.enqueue_burst_max_pkts = 1
stat.pool.100.memq.complete_burst_avg_pkts = 1
stat.pool.100.memq.complete_burst_stddev_pkts = 0
stat.pool.100.memq.complete_burst_max_pkts = 1
stat.pool.100.memq.queue_episode.count = 1401
stat.pool.100.memq.queue_episode.avg_cycles = 217.54
stat.pool.100.memq.queue_episode.max_cycles = 1340
stat.pool.100.memq.queue_episode.avg_peak_occ_reqs = 6.05853
stat.pool.100.memq.queue_episode.max_peak_occ_reqs = 16
stat.pool.100.memq.queue_episode.avg_enqueue_pkts = 9.36545
stat.pool.100.memq.queue_episode.max_enqueue_pkts = 61
stat.pool.100.memq.queue_episode.avg_complete_pkts = 9.14847
stat.pool.100.memq.queue_episode.max_complete_pkts = 61
stat.pool.100.memq.queue_occ_bucket.0 = 150770
stat.pool.100.memq.enqueue_burst_bucket.0 = 0
stat.pool.100.memq.complete_burst_bucket.0 = 0
stat.pool.100.memq.queue_occ_bucket.1 = 81226
stat.pool.100.memq.enqueue_burst_bucket.1 = 13133
stat.pool.100.memq.complete_burst_bucket.1 = 13141
stat.pool.100.memq.queue_occ_bucket.2 = 65306
stat.pool.100.memq.enqueue_burst_bucket.2 = 0
stat.pool.100.memq.complete_burst_bucket.2 = 0
stat.pool.100.memq.queue_occ_bucket.3_4 = 81462
stat.pool.100.memq.enqueue_burst_bucket.3_4 = 0
stat.pool.100.memq.complete_burst_bucket.3_4 = 0
stat.pool.100.memq.queue_occ_bucket.5_8 = 65476
stat.pool.100.memq.enqueue_burst_bucket.5_8 = 0
stat.pool.100.memq.complete_burst_bucket.5_8 = 0
stat.pool.100.memq.queue_occ_bucket.9_plus = 11654
stat.pool.100.memq.enqueue_burst_bucket.9_plus = 0
stat.pool.100.memq.complete_burst_bucket.9_plus = 0
stat.pool.100.memq.queue_occ_avg_reqs.load = 0.746823
stat.pool.100.memq.queue_occ_max_reqs.load = 12
stat.pool.100.memq.enqueue_burst_avg_pkts.load = 0.334958
stat.pool.100.memq.enqueue_burst_max_pkts.load = 1
stat.pool.100.memq.complete_burst_avg_pkts.load = 0.335058
stat.pool.100.memq.complete_burst_max_pkts.load = 1
stat.pool.100.memq.queue_occ_avg_reqs.rfo = 0.732085
stat.pool.100.memq.queue_occ_max_reqs.rfo = 14
stat.pool.100.memq.enqueue_burst_avg_pkts.rfo = 0.329704
stat.pool.100.memq.enqueue_burst_max_pkts.rfo = 1
stat.pool.100.memq.complete_burst_avg_pkts.rfo = 0.329807
stat.pool.100.memq.complete_burst_max_pkts.rfo = 1
stat.pool.100.memq.queue_occ_avg_reqs.write = 0.723629
stat.pool.100.memq.queue_occ_max_reqs.write = 3
stat.pool.100.memq.enqueue_burst_avg_pkts.write = 0.334882
stat.pool.100.memq.enqueue_burst_max_pkts.write = 1
stat.pool.100.memq.complete_burst_avg_pkts.write = 0.334678
stat.pool.100.memq.complete_burst_max_pkts.write = 1
stat.pool.100.memq.queue_occ_avg_reqs.other = 0.0010112
stat.pool.100.memq.queue_occ_max_reqs.other = 1
stat.pool.100.memq.enqueue_burst_avg_pkts.other = 0.000456864
stat.pool.100.memq.enqueue_burst_max_pkts.other = 1
stat.pool.100.memq.complete_burst_avg_pkts.other = 0.000456586
stat.pool.100.memq.complete_burst_max_pkts.other = 1
stat.pool.100.memq.load.completed = 4403
stat.pool.100.memq.load.response_completed = 4403
stat.pool.100.memq.load.queue_wait_avg_cycles = 2.08835
stat.pool.100.memq.load.queue_wait_max_cycles = 14
stat.pool.100.memq.load.service_avg_cycles = 75.238
stat.pool.100.memq.load.service_max_cycles = 123
stat.pool.100.memq.load.total_avg_cycles = 77.3264
stat.pool.100.memq.load.total_max_cycles = 136
stat.pool.100.memq.load.ahead_pkts_avg.load = 1.44061
stat.pool.100.memq.load.ahead_pkts_max.load = 11
stat.pool.100.memq.load.ahead_bytes_avg.load = 1.44061
stat.pool.100.memq.load.ahead_bytes_max.load = 11
stat.pool.100.memq.load.ahead_pkts_avg.rfo = 1.81263
stat.pool.100.memq.load.ahead_pkts_max.rfo = 14
stat.pool.100.memq.load.ahead_bytes_avg.rfo = 1.81263
stat.pool.100.memq.load.ahead_bytes_max.rfo = 14
stat.pool.100.memq.load.ahead_pkts_avg.write = 1.28481
stat.pool.100.memq.load.ahead_pkts_max.write = 3
stat.pool.100.memq.load.ahead_bytes_avg.write = 1.28481
stat.pool.100.memq.load.ahead_bytes_max.write = 3
stat.pool.100.memq.load.ahead_pkts_avg.other = 0.00317965
stat.pool.100.memq.load.ahead_pkts_max.other = 1
stat.pool.100.memq.load.ahead_bytes_avg.other = 0.00317965
stat.pool.100.memq.load.ahead_bytes_max.other = 1
stat.pool.100.memq.load.queue_wait_bucket.0 = 4
stat.pool.100.memq.load.service_bucket.0 = 0
stat.pool.100.memq.load.total_bucket.0 = 0
stat.pool.100.memq.load.ahead_total_pkts_bucket.0 = 86
stat.pool.100.memq.load.ahead_total_bytes_bucket.0 = 86
stat.pool.100.memq.load.queue_wait_bucket.1_63 = 4399
stat.pool.100.memq.load.service_bucket.1_63 = 4
stat.pool.100.memq.load.total_bucket.1_63 = 4
stat.pool.100.memq.load.ahead_total_pkts_bucket.1 = 332
stat.pool.100.memq.load.ahead_total_bytes_bucket.1_64 = 4317
stat.pool.100.memq.load.queue_wait_bucket.64_255 = 0
stat.pool.100.memq.load.service_bucket.64_255 = 4399
stat.pool.100.memq.load.total_bucket.64_255 = 4399
stat.pool.100.memq.load.ahead_total_pkts_bucket.2 = 641
stat.pool.100.memq.load.ahead_total_bytes_bucket.65_256 = 0
stat.pool.100.memq.load.queue_wait_bucket.256_1023 = 0
stat.pool.100.memq.load.service_bucket.256_1023 = 0
stat.pool.100.memq.load.total_bucket.256_1023 = 0
stat.pool.100.memq.load.ahead_total_pkts_bucket.3_4 = 1438
stat.pool.100.memq.load.ahead_total_bytes_bucket.257_1024 = 0
stat.pool.100.memq.load.queue_wait_bucket.1024_4095 = 0
stat.pool.100.memq.load.service_bucket.1024_4095 = 0
stat.pool.100.memq.load.total_bucket.1024_4095 = 0
stat.pool.100.memq.load.ahead_total_pkts_bucket.5_8 = 1503
stat.pool.100.memq.load.ahead_total_bytes_bucket.1025_4096 = 0
stat.pool.100.memq.load.queue_wait_bucket.4096_plus = 0
stat.pool.100.memq.load.service_bucket.4096_plus = 0
stat.pool.100.memq.load.total_bucket.4096_plus = 0
stat.pool.100.memq.load.ahead_total_pkts_bucket.9_plus = 403
stat.pool.100.memq.load.ahead_total_bytes_bucket.4097_plus = 0
stat.pool.100.respq.load.attempted = 4403
stat.pool.100.respq.load.completed = 4403
stat.pool.100.respq.load.blocked = 0
stat.pool.100.respq.load.wait_avg_cycles = 0
stat.pool.100.respq.load.wait_max_cycles = 0
stat.pool.100.memq.rfo.completed = 4334
stat.pool.100.memq.rfo.response_completed = 4334
stat.pool.100.memq.rfo.queue_wait_avg_cycles = 1.99192
stat.pool.100.memq.rfo.queue_wait_max_cycles = 13
stat.pool.100.memq.rfo.service_avg_cycles = 75.0053
stat.pool.100.memq.rfo.service_max_cycles = 123
stat.pool.100.memq.rfo.total_avg_cycles = 76.9972
stat.pool.100.memq.rfo.total_max_cycles = 133
stat.pool.100.memq.rfo.ahead_pkts_avg.load = 1.07568
stat.pool.100.memq.rfo.ahead_pkts_max.load = 9
stat.pool.100.memq.rfo.ahead_bytes_avg.load = 1.07568
stat.pool.100.memq.rfo.ahead_bytes_max.load = 9
stat.pool.100.memq.rfo.ahead_pkts_avg.rfo = 1.48362
stat.pool.100.memq.rfo.ahead_pkts_max.rfo = 13
stat.pool.100.memq.rfo.ahead_bytes_avg.rfo = 1.48362
stat.pool.100.memq.rfo.ahead_bytes_max.rfo = 13
stat.pool.100.memq.rfo.ahead_pkts_avg.write = 1.31034
stat.pool.100.memq.rfo.ahead_pkts_max.write = 3
stat.pool.100.memq.rfo.ahead_bytes_avg.write = 1.31034
stat.pool.100.memq.rfo.ahead_bytes_max.write = 3
stat.pool.100.memq.rfo.ahead_pkts_avg.other = 0.000461467
stat.pool.100.memq.rfo.ahead_pkts_max.other = 1
stat.pool.100.memq.rfo.ahead_bytes_avg.other = 0.000461467
stat.pool.100.memq.rfo.ahead_bytes_max.other = 1
stat.pool.100.memq.rfo.queue_wait_bucket.0 = 5
stat.pool.100.memq.rfo.service_bucket.0 = 0
stat.pool.100.memq.rfo.total_bucket.0 = 0
stat.pool.100.memq.rfo.ahead_total_pkts_bucket.0 = 164
stat.pool.100.memq.rfo.ahead_total_bytes_bucket.0 = 164
stat.pool.100.memq.rfo.queue_wait_bucket.1_63 = 4329
stat.pool.100.memq.rfo.service_bucket.1_63 = 5
stat.pool.100.memq.rfo.total_bucket.1_63 = 5
stat.pool.100.memq.rfo.ahead_total_pkts_bucket.1 = 512
stat.pool.100.memq.rfo.ahead_total_bytes_bucket.1_64 = 4170
stat.pool.100.memq.rfo.queue_wait_bucket.64_255 = 0
stat.pool.100.memq.rfo.service_bucket.64_255 = 4329
stat.pool.100.memq.rfo.total_bucket.64_255 = 4329
stat.pool.100.memq.rfo.ahead_total_pkts_bucket.2 = 761
stat.pool.100.memq.rfo.ahead_total_bytes_bucket.65_256 = 0
stat.pool.100.memq.rfo.queue_wait_bucket.256_1023 = 0
stat.pool.100.memq.rfo.service_bucket.256_1023 = 0
stat.pool.100.memq.rfo.total_bucket.256_1023 = 0
stat.pool.100.memq.rfo.ahead_total_pkts_bucket.3_4 = 1427
stat.pool.100.memq.rfo.ahead_total_bytes_bucket.257_1024 = 0
stat.pool.100.memq.rfo.queue_wait_bucket.1024_4095 = 0
stat.pool.100.memq.rfo.service_bucket.1024_4095 = 0
stat.pool.100.memq.rfo.total_bucket.1024_4095 = 0
stat.pool.100.memq.rfo.ahead_total_pkts_bucket.5_8 = 1250
stat.pool.100.memq.rfo.ahead_total_bytes_bucket.1025_4096 = 0
stat.pool.100.memq.rfo.queue_wait_bucket.4096_plus = 0
stat.pool.100.memq.rfo.service_bucket.4096_plus = 0
stat.pool.100.memq.rfo.total_bucket.4096_plus = 0
stat.pool.100.memq.rfo.ahead_total_pkts_bucket.9_plus = 220
stat.pool.100.memq.rfo.ahead_total_bytes_bucket.4097_plus = 0
stat.pool.100.respq.rfo.attempted = 4334
stat.pool.100.respq.rfo.completed = 4334
stat.pool.100.respq.rfo.blocked = 0
stat.pool.100.respq.rfo.wait_avg_cycles = 0
stat.pool.100.respq.rfo.wait_max_cycles = 0
stat.pool.100.memq.write.completed = 4398
stat.pool.100.memq.write.response_completed = 0
stat.pool.100.memq.write.queue_wait_avg_cycles = 1
stat.pool.100.memq.write.queue_wait_max_cycles = 1
stat.pool.100.memq.write.service_avg_cycles = 75.0109
stat.pool.100.memq.write.service_max_cycles = 123
stat.pool.100.memq.write.total_avg_cycles = 76.0109
stat.pool.100.memq.write.total_max_cycles = 124
stat.pool.100.memq.write.ahead_pkts_avg.load = 0.447021
stat.pool.100.memq.write.ahead_pkts_max.load = 8
stat.pool.100.memq.write.ahead_bytes_avg.load = 0.447021
stat.pool.100.memq.write.ahead_bytes_max.load = 8
stat.pool.100.memq.write.ahead_pkts_avg.rfo = 0.454525
stat.pool.100.memq.write.ahead_pkts_max.rfo = 9
stat.pool.100.memq.write.ahead_bytes_avg.rfo = 0.454525
stat.pool.100.memq.write.ahead_bytes_max.rfo = 9
stat.pool.100.memq.write.ahead_pkts_avg.write = 0.952024
stat.pool.100.memq.write.ahead_pkts_max.write = 3
stat.pool.100.memq.write.ahead_bytes_avg.write = 0.952024
stat.pool.100.memq.write.ahead_bytes_max.write = 3
stat.pool.100.memq.write.ahead_pkts_avg.other = 0.00113688
stat.pool.100.memq.write.ahead_pkts_max.other = 1
stat.pool.100.memq.write.ahead_bytes_avg.other = 0.00113688
stat.pool.100.memq.write.ahead_bytes_max.other = 1
stat.pool.100.memq.write.queue_wait_bucket.0 = 0
stat.pool.100.memq.write.service_bucket.0 = 0
stat.pool.100.memq.write.total_bucket.0 = 0
stat.pool.100.memq.write.ahead_total_pkts_bucket.0 = 1162
stat.pool.100.memq.write.ahead_total_bytes_bucket.0 = 1162
stat.pool.100.memq.write.queue_wait_bucket.1_63 = 4398
stat.pool.100.memq.write.service_bucket.1_63 = 0
stat.pool.100.memq.write.total_bucket.1_63 = 0
stat.pool.100.memq.write.ahead_total_pkts_bucket.1 = 1155
stat.pool.100.memq.write.ahead_total_bytes_bucket.1_64 = 3236
stat.pool.100.memq.write.queue_wait_bucket.64_255 = 0
stat.pool.100.memq.write.service_bucket.64_255 = 4398
stat.pool.100.memq.write.total_bucket.64_255 = 4398
stat.pool.100.memq.write.ahead_total_pkts_bucket.2 = 854
stat.pool.100.memq.write.ahead_total_bytes_bucket.65_256 = 0
stat.pool.100.memq.write.queue_wait_bucket.256_1023 = 0
stat.pool.100.memq.write.service_bucket.256_1023 = 0
stat.pool.100.memq.write.total_bucket.256_1023 = 0
stat.pool.100.memq.write.ahead_total_pkts_bucket.3_4 = 809
stat.pool.100.memq.write.ahead_total_bytes_bucket.257_1024 = 0
stat.pool.100.memq.write.queue_wait_bucket.1024_4095 = 0
stat.pool.100.memq.write.service_bucket.1024_4095 = 0
stat.pool.100.memq.write.total_bucket.1024_4095 = 0
stat.pool.100.memq.write.ahead_total_pkts_bucket.5_8 = 378
stat.pool.100.memq.write.ahead_total_bytes_bucket.1025_4096 = 0
stat.pool.100.memq.write.queue_wait_bucket.4096_plus = 0
stat.pool.100.memq.write.service_bucket.4096_plus = 0
stat.pool.100.memq.write.total_bucket.4096_plus = 0
stat.pool.100.memq.write.ahead_total_pkts_bucket.9_plus = 40
stat.pool.100.memq.write.ahead_total_bytes_bucket.4097_plus = 0
stat.pool.100.respq.write.attempted = 0
stat.pool.100.respq.write.completed = 0
stat.pool.100.respq.write.blocked = 0
stat.pool.100.respq.write.wait_avg_cycles = 0
stat.pool.100.respq.write.wait_max_cycles = 0
stat.pool.100.memq.other.completed = 6
stat.pool.100.memq.other.response_completed = 6
stat.pool.100.memq.other.queue_wait_avg_cycles = 1.83333
stat.pool.100.memq.other.queue_wait_max_cycles = 4
stat.pool.100.memq.other.service_avg_cycles = 75
stat.pool.100.memq.other.service_max_cycles = 75
stat.pool.100.memq.other.total_avg_cycles = 76.8333
stat.pool.100.memq.other.total_max_cycles = 79
stat.pool.100.memq.other.ahead_pkts_avg.load = 1
stat.pool.100.memq.other.ahead_pkts_max.load = 3
stat.pool.100.memq.other.ahead_bytes_avg.load = 1
stat.pool.100.memq.other.ahead_bytes_max.load = 3
stat.pool.100.memq.other.ahead_pkts_avg.rfo = 1.83333
stat.pool.100.memq.other.ahead_pkts_max.rfo = 4
stat.pool.100.memq.other.ahead_bytes_avg.rfo = 1.83333
stat.pool.100.memq.other.ahead_bytes_max.rfo = 4
stat.pool.100.memq.other.ahead_pkts_avg.write = 1.33333
stat.pool.100.memq.other.ahead_pkts_max.write = 2
stat.pool.100.memq.other.ahead_bytes_avg.write = 1.33333
stat.pool.100.memq.other.ahead_bytes_max.write = 2
stat.pool.100.memq.other.ahead_pkts_avg.other = 0
stat.pool.100.memq.other.ahead_pkts_max.other = 0
stat.pool.100.memq.other.ahead_bytes_avg.other = 0
stat.pool.100.memq.other.ahead_bytes_max.other = 0
stat.pool.100.memq.other.queue_wait_bucket.0 = 0
stat.pool.100.memq.other.service_bucket.0 = 0
stat.pool.100.memq.other.total_bucket.0 = 0
stat.pool.100.memq.other.ahead_total_pkts_bucket.0 = 0
stat.pool.100.memq.other.ahead_total_bytes_bucket.0 = 0
stat.pool.100.memq.other.queue_wait_bucket.1_63 = 6
stat.pool.100.memq.other.service_bucket.1_63 = 0
stat.pool.100.memq.other.total_bucket.1_63 = 0
stat.pool.100.memq.other.ahead_total_pkts_bucket.1 = 0
stat.pool.100.memq.other.ahead_total_bytes_bucket.1_64 = 6
stat.pool.100.memq.other.queue_wait_bucket.64_255 = 0
stat.pool.100.memq.other.service_bucket.64_255 = 6
stat.pool.100.memq.other.total_bucket.64_255 = 6
stat.pool.100.memq.other.ahead_total_pkts_bucket.2 = 2
stat.pool.100.memq.other.ahead_total_bytes_bucket.65_256 = 0
stat.pool.100.memq.other.queue_wait_bucket.256_1023 = 0
stat.pool.100.memq.other.service_bucket.256_1023 = 0
stat.pool.100.memq.other.total_bucket.256_1023 = 0
stat.pool.100.memq.other.ahead_total_pkts_bucket.3_4 = 1
stat.pool.100.memq.other.ahead_total_bytes_bucket.257_1024 = 0
stat.pool.100.memq.other.queue_wait_bucket.1024_4095 = 0
stat.pool.100.memq.other.service_bucket.1024_4095 = 0
stat.pool.100.memq.other.total_bucket.1024_4095 = 0
stat.pool.100.memq.other.ahead_total_pkts_bucket.5_8 = 3
stat.pool.100.memq.other.ahead_total_bytes_bucket.1025_4096 = 0
stat.pool.100.memq.other.queue_wait_bucket.4096_plus = 0
stat.pool.100.memq.other.service_bucket.4096_plus = 0
stat.pool.100.memq.other.total_bucket.4096_plus = 0
stat.pool.100.memq.other.ahead_total_pkts_bucket.9_plus = 0
stat.pool.100.memq.other.ahead_total_bytes_bucket.4097_plus = 0
stat.pool.100.respq.other.attempted = 6
stat.pool.100.respq.other.completed = 6
stat.pool.100.respq.other.blocked = 0
stat.pool.100.respq.other.wait_avg_cycles = 0
stat.pool.100.respq.other.wait_max_cycles = 0
stat.pool.100.response.returned_burst_max_pkts = 1
stat.pool.100.response.returned_burst_avg_pkts = 1
stat.pool.100.response.returned_burst_stddev_pkts = 0
stat.pool.100.response.returned_nonempty_frac = 0.0191777
stat.pool.100.response.sent_burst_max_pkts = 1
stat.pool.100.response.sent_burst_avg_pkts = 1
stat.pool.100.response.sent_burst_stddev_pkts = 0
stat.pool.100.response.sent_nonempty_frac = 0.0191777
stat.pool.100.response.blocked_cycles = 0
stat.pool.100.response.blocked_avg_pending_pkts = 0
stat.pool.100.response.blocked_max_pending_pkts = 0
stat.pool.100.response.returned_occ_avg_pkts = 0.0191777
stat.pool.100.response.returned_occ_stddev_pkts = 0.137149
stat.pool.100.response.returned_occ_max_pkts = 1
stat.pool.100.response.pending_occ_avg = 1.47992
stat.pool.100.response.pending_occ_stddev = 2.266
stat.pool.100.response.pending_occ_max = 16
stat.pool.100.request.accept_src.distinct_avg = 1
stat.pool.100.request.accept_src.distinct_max = 1
stat.pool.100.request.accept_src.nonempty_frac = 0.0288072
stat.pool.100.request.blocked_src.distinct_avg = 0
stat.pool.100.request.blocked_src.distinct_max = 0
stat.pool.100.request.blocked_src.nonempty_frac = 0
stat.pool.100.pending.src.distinct_avg = 1
stat.pool.100.pending.src.distinct_max = 1
stat.pool.100.pending.src.nonempty_frac = 0.450404
stat.pool.100.pending.ready_src.distinct_avg = 1
stat.pool.100.pending.ready_src.distinct_max = 1
stat.pool.100.pending.ready_src.nonempty_frac = 0.0191777
stat.pool.100.response.ready_src.distinct_avg = 1
stat.pool.100.response.ready_src.distinct_max = 1
stat.pool.100.response.ready_src.nonempty_frac = 0.0191777
stat.pool.100.response.sent_dst.distinct_avg = 1
stat.pool.100.response.sent_dst.distinct_max = 1
stat.pool.100.response.sent_dst.nonempty_frac = 0.0191777
stat.pool.100.pending_episode.count = 1608
stat.pool.100.pending_episode.avg_cycles = 127.613
stat.pool.100.pending_episode.max_cycles = 401
stat.pool.100.pending_episode.avg_peak_occ = 4.82463
stat.pool.100.pending_episode.max_peak_occ = 16
stat.pool.100.pending_episode.avg_accepted = 6.37562
stat.pool.100.pending_episode.max_accepted = 20
stat.pool.100.pending_episode.avg_sent = 5.43532
stat.pool.100.pending_episode.max_sent = 16
stat.pool.100.pending_episode.avg_pending_distinct_src = 1
stat.pool.100.pending_episode.max_pending_distinct_src = 1
stat.pool.100.pending_episode.avg_ready_distinct_src = 1
stat.pool.100.pending_episode.max_ready_distinct_src = 1
stat.pool.100.pending_episode.avg_sent_distinct_dst = 1
stat.pool.100.pending_episode.max_sent_distinct_dst = 1
stat.pool.100.response.returned_episode.count = 8743
stat.pool.100.response.returned_episode.avg_cycles = 1
stat.pool.100.response.returned_episode.max_cycles = 1
stat.pool.100.response.returned_episode.avg_peak_occ = 1
stat.pool.100.response.returned_episode.max_peak_occ = 1
stat.pool.100.response.returned_episode.avg_sent = 1
stat.pool.100.response.returned_episode.max_sent = 1
stat.pool.100.response.returned_episode.avg_ready_distinct_src = 1
stat.pool.100.response.returned_episode.max_ready_distinct_src = 1
stat.pool.100.response.returned_episode.avg_sent_distinct_dst = 1
stat.pool.100.response.returned_episode.max_sent_distinct_dst = 1
stat.pool.100.node.0.pending_occ_avg = 1.47992
stat.pool.100.node.0.pending_occ_max = 16
stat.pool.100.node.0.ready_occ_avg = 0.0191777
stat.pool.100.node.0.ready_occ_max = 1
stat.pool.100.node.0.pending_age_avg_cycles = 38.1696
stat.pool.100.node.0.pending_age_max_cycles = 135
stat.pool.100.node.0.ready_age_avg_cycles = 0
stat.pool.100.node.0.ready_age_max_cycles = 0
stat.pool.100.node.0.request_enqueued.load = 4399
stat.pool.100.node.0.request_blocked.load = 0
stat.pool.100.node.0.response_ready.load = 4403
stat.pool.100.node.0.response_sent.load = 4403
stat.pool.100.node.0.response_blocked.load = 0
stat.pool.100.node.0.pending_occ_avg.load = 0.746824
stat.pool.100.node.0.pending_occ_max.load = 12
stat.pool.100.node.0.ready_occ_avg.load = 0.00965797
stat.pool.100.node.0.ready_occ_max.load = 1
stat.pool.100.node.0.mem_ready_avg_cycles.load = 76.3273
stat.pool.100.node.0.mem_ready_max_cycles.load = 135
stat.pool.100.node.0.response_wait_avg_cycles.load = 0
stat.pool.100.node.0.response_wait_max_cycles.load = 0
stat.pool.100.node.0.request_enqueue_gap_avg_cycles.load = 103.599
stat.pool.100.node.0.request_enqueue_gap_max_cycles.load = 705
stat.pool.100.node.0.response_ready_gap_avg_cycles.load = 103.554
stat.pool.100.node.0.response_ready_gap_max_cycles.load = 704
stat.pool.100.node.0.response_sent_gap_avg_cycles.load = 103.554
stat.pool.100.node.0.response_sent_gap_max_cycles.load = 704
stat.pool.100.node.0.total_turnaround_avg_cycles.load = 76.3273
stat.pool.100.node.0.total_turnaround_max_cycles.load = 135
stat.pool.100.node.0.request_enqueued.rfo = 4330
stat.pool.100.node.0.request_blocked.rfo = 0
stat.pool.100.node.0.response_ready.rfo = 4334
stat.pool.100.node.0.response_sent.rfo = 4334
stat.pool.100.node.0.response_blocked.rfo = 0
stat.pool.100.node.0.pending_occ_avg.rfo = 0.732086
stat.pool.100.node.0.pending_occ_max.rfo = 14
stat.pool.100.node.0.ready_occ_avg.rfo = 0.00950662
stat.pool.100.node.0.ready_occ_max.rfo = 1
stat.pool.100.node.0.mem_ready_avg_cycles.rfo = 75.9984
stat.pool.100.node.0.mem_ready_max_cycles.rfo = 132
stat.pool.100.node.0.response_wait_avg_cycles.rfo = 0
stat.pool.100.node.0.response_wait_max_cycles.rfo = 0
stat.pool.100.node.0.request_enqueue_gap_avg_cycles.rfo = 105.264
stat.pool.100.node.0.request_enqueue_gap_max_cycles.rfo = 1160
stat.pool.100.node.0.response_ready_gap_avg_cycles.rfo = 105.206
stat.pool.100.node.0.response_ready_gap_max_cycles.rfo = 1160
stat.pool.100.node.0.response_sent_gap_avg_cycles.rfo = 105.206
stat.pool.100.node.0.response_sent_gap_max_cycles.rfo = 1160
stat.pool.100.node.0.total_turnaround_avg_cycles.rfo = 75.9984
stat.pool.100.node.0.total_turnaround_max_cycles.rfo = 132
stat.pool.100.node.0.request_enqueued.write = 4398
stat.pool.100.node.0.request_blocked.write = 0
stat.pool.100.node.0.response_ready.write = 0
stat.pool.100.node.0.response_sent.write = 0
stat.pool.100.node.0.response_blocked.write = 0
stat.pool.100.node.0.pending_occ_avg.write = 0
stat.pool.100.node.0.pending_occ_max.write = 0
stat.pool.100.node.0.ready_occ_avg.write = 0
stat.pool.100.node.0.ready_occ_max.write = 0
stat.pool.100.node.0.mem_ready_avg_cycles.write = 0
stat.pool.100.node.0.mem_ready_max_cycles.write = 0
stat.pool.100.node.0.response_wait_avg_cycles.write = 0
stat.pool.100.node.0.response_wait_max_cycles.write = 0
stat.pool.100.node.0.request_enqueue_gap_avg_cycles.write = 103.622
stat.pool.100.node.0.request_enqueue_gap_max_cycles.write = 811
stat.pool.100.node.0.response_ready_gap_avg_cycles.write = 0
stat.pool.100.node.0.response_ready_gap_max_cycles.write = 0
stat.pool.100.node.0.response_sent_gap_avg_cycles.write = 0
stat.pool.100.node.0.response_sent_gap_max_cycles.write = 0
stat.pool.100.node.0.total_turnaround_avg_cycles.write = 0
stat.pool.100.node.0.total_turnaround_max_cycles.write = 0
stat.pool.100.node.0.request_enqueued.other = 6
stat.pool.100.node.0.request_blocked.other = 0
stat.pool.100.node.0.response_ready.other = 6
stat.pool.100.node.0.response_sent.other = 6
stat.pool.100.node.0.response_blocked.other = 0
stat.pool.100.node.0.pending_occ_avg.other = 0.0010112
stat.pool.100.node.0.pending_occ_max.other = 1
stat.pool.100.node.0.ready_occ_avg.other = 1.3161e-05
stat.pool.100.node.0.ready_occ_max.other = 1
stat.pool.100.node.0.mem_ready_avg_cycles.other = 75.8333
stat.pool.100.node.0.mem_ready_max_cycles.other = 78
stat.pool.100.node.0.response_wait_avg_cycles.other = 0
stat.pool.100.node.0.response_wait_max_cycles.other = 0
stat.pool.100.node.0.request_enqueue_gap_avg_cycles.other = 57320.4
stat.pool.100.node.0.request_enqueue_gap_max_cycles.other = 192615
stat.pool.100.node.0.response_ready_gap_avg_cycles.other = 57319.8
stat.pool.100.node.0.response_ready_gap_max_cycles.other = 192615
stat.pool.100.node.0.response_sent_gap_avg_cycles.other = 57319.8
stat.pool.100.node.0.response_sent_gap_max_cycles.other = 192615
stat.pool.100.node.0.total_turnaround_avg_cycles.other = 75.8333
stat.pool.100.node.0.total_turnaround_max_cycles.other = 78
stat.pool.100.fabric.port_count = 1
stat.pool.100.fabric.ingress_wait_avg_cycles = 134.975
stat.pool.100.fabric.egress_wait_avg_cycles = 1
stat.pool.100.fabric.ingress_wait_max_cycles = 177
stat.pool.100.fabric.egress_wait_max_cycles = 1
stat.pool.100.fabric.ingress_queue_wait_avg_cycles = 3.94381
stat.pool.100.fabric.ingress_queue_wait_max_cycles = 49
stat.pool.100.fabric.ingress_occ_bytes = 192
stat.pool.100.fabric.ready_wait_avg_cycles = 0
stat.pool.100.fabric.ready_wait_max_cycles = 0
stat.pool.100.fabric.ready_occ_avg_pkts = 0.0288072
stat.pool.100.fabric.ready_occ_pkts = 0
stat.pool.100.fabric.ready_occ_max_pkts = 1
stat.pool.100.fabric.ready_retry_count = 0
stat.pool.100.fabric.ingress_arrival_burst_max_pkts = 2
stat.pool.100.fabric.ingress_arrival_burst_max_bytes = 72
stat.pool.100.fabric.ingress_arrival_burst_avg_pkts = 1.0069
stat.pool.100.fabric.ingress_arrival_burst_avg_bytes = 26.9437
stat.pool.100.fabric.ingress_arrival_burst_stddev_pkts = 0.0827744
stat.pool.100.fabric.ingress_arrival_burst_stddev_bytes = 26.5615
stat.pool.100.fabric.ingress_arrival_nonempty_frac = 0.0286142
stat.pool.100.fabric.ingress_arrival_run_max_cycles = 6
stat.pool.100.fabric.ingress_arrival_run_avg_cycles = 1.12263
stat.pool.100.fabric.ingress_arrival_run_stddev_cycles = 0.401401
stat.pool.100.fabric.ingress_arrival_gap_max_cycles = 398
stat.pool.100.fabric.ingress_arrival_gap_avg_cycles = 38.11
stat.pool.100.fabric.ingress_arrival_gap_stddev_cycles = 59.3172
stat.pool.100.fabric.ingress_release_burst_max_pkts = 1
stat.pool.100.fabric.ingress_release_burst_max_bytes = 64
stat.pool.100.fabric.ingress_release_burst_avg_pkts = 1
stat.pool.100.fabric.ingress_release_burst_avg_bytes = 26.7534
stat.pool.100.fabric.ingress_release_burst_stddev_pkts = 0
stat.pool.100.fabric.ingress_release_burst_stddev_bytes = 26.4291
stat.pool.100.fabric.ingress_release_nonempty_frac = 0.0288072
stat.pool.100.fabric.ingress_release_run_max_cycles = 1
stat.pool.100.fabric.ingress_release_run_avg_cycles = 1
stat.pool.100.fabric.ingress_release_run_stddev_cycles = 0
stat.pool.100.fabric.ingress_release_gap_max_cycles = 412
stat.pool.100.fabric.ingress_release_gap_avg_cycles = 33.7036
stat.pool.100.fabric.ingress_release_gap_stddev_cycles = 60.2246
stat.pool.100.fabric.ingress_occ_avg_bytes = 109.244
stat.pool.100.fabric.ingress_occ_stddev_bytes = 89.1853
stat.pool.100.fabric.ingress_occ_max_bytes = 440
stat.pool.100.fabric.ingress_occ_nonempty_frac = 0.825082
stat.pool.100.fabric.ingress_occ_run_max_cycles = 2284
stat.pool.100.fabric.ingress_occ_run_avg_cycles = 420.748
stat.pool.100.fabric.ingress_occ_run_stddev_cycles = 231.345
stat.pool.100.fabric.ingress_occ_gap_max_cycles = 269
stat.pool.100.fabric.ingress_occ_gap_avg_cycles = 89.299
stat.pool.100.fabric.ingress_occ_gap_stddev_cycles = 61.7204
stat.pool.100.fabric.rx_bytes.demand_req = 69832
stat.pool.100.fabric.tx_bytes.demand_req = 0
stat.pool.100.fabric.rx_pkts.demand_req = 8729
stat.pool.100.fabric.tx_pkts.demand_req = 0
stat.pool.100.fabric.rx_bytes.write_req = 281600
stat.pool.100.fabric.tx_bytes.write_req = 0
stat.pool.100.fabric.rx_pkts.write_req = 4400
stat.pool.100.fabric.tx_pkts.write_req = 0
stat.pool.100.fabric.rx_bytes.response = 0
stat.pool.100.fabric.tx_bytes.response = 559552
stat.pool.100.fabric.rx_pkts.response = 0
stat.pool.100.fabric.tx_pkts.response = 8743
stat.pool.100.fabric.rx_bytes.other_req = 48
stat.pool.100.fabric.tx_bytes.other_req = 0
stat.pool.100.fabric.rx_pkts.other_req = 6
stat.pool.100.fabric.tx_pkts.other_req = 0
stat.pool.100.port.core.0.ingress_wait_avg_cycles = 134.975
stat.pool.100.port.core.0.ingress_wait_max_cycles = 177
stat.pool.100.port.core.0.egress_wait_avg_cycles = 1
stat.pool.100.port.core.0.egress_wait_max_cycles = 1
stat.pool.100.port.core.0.ingress_queue_wait_avg_cycles = 3.94381
stat.pool.100.port.core.0.ingress_queue_wait_max_cycles = 49
stat.pool.100.port.core.0.egress_occ_avg_bytes = 0
stat.pool.100.port.core.0.egress_occ_stddev_bytes = 0
stat.pool.100.port.core.0.egress_occ_max_bytes = 0
stat.pool.100.port.core.0.egress_occ_nonempty_frac = 0
stat.pool.100.port.core.0.egress_blocked_cycles = 0
stat.pool.100.port.core.0.egress_blocked_nonempty_frac = 0
stat.pool.100.port.core.0.egress_blocked_avg_occ_bytes = 0
stat.pool.100.port.core.0.egress_blocked_max_occ_bytes = 0
stat.pool.100.port.core.0.egress_send_burst_max_pkts = 1
stat.pool.100.port.core.0.egress_send_burst_max_bytes = 64
stat.pool.100.port.core.0.egress_send_burst_avg_pkts = 1
stat.pool.100.port.core.0.egress_send_burst_avg_bytes = 64
stat.pool.100.port.core.0.egress_send_burst_stddev_pkts = 0
stat.pool.100.port.core.0.egress_send_burst_stddev_bytes = 0
stat.pool.100.port.core.0.egress_send_nonempty_frac = 0.0191777
stat.pool.100.port.core.0.ingress_arrival_burst_avg_bytes = 26.9437
stat.pool.100.port.core.0.ingress_arrival_nonempty_frac = 0.0286142
stat.pool.100.port.core.0.ingress_arrival_run_max_cycles = 6
stat.pool.100.port.core.0.ingress_arrival_run_avg_cycles = 1.12263
stat.pool.100.port.core.0.ingress_arrival_gap_max_cycles = 398
stat.pool.100.port.core.0.ingress_arrival_gap_avg_cycles = 38.11
stat.pool.100.port.core.0.ingress_release_burst_avg_bytes = 26.7534
stat.pool.100.port.core.0.ingress_release_nonempty_frac = 0.0288072
stat.pool.100.port.core.0.ingress_release_run_max_cycles = 1
stat.pool.100.port.core.0.ingress_release_run_avg_cycles = 1
stat.pool.100.port.core.0.ingress_release_gap_max_cycles = 412
stat.pool.100.port.core.0.ingress_release_gap_avg_cycles = 33.7036
stat.pool.100.port.core.0.ingress_occ_avg_bytes = 109.244
stat.pool.100.port.core.0.ingress_occ_stddev_bytes = 89.1853
stat.pool.100.port.core.0.ingress_occ_max_bytes = 440
stat.pool.100.port.core.0.ingress_occ_nonempty_frac = 0.825082
stat.pool.100.port.core.0.ingress_occ_run_max_cycles = 2284
stat.pool.100.port.core.0.ingress_occ_run_avg_cycles = 420.748
stat.pool.100.port.core.0.ingress_occ_gap_max_cycles = 269
stat.pool.100.port.core.0.ingress_occ_gap_avg_cycles = 89.299
stat.pool.100.port.core.0.ingress_wait_avg_cycles.demand_req = 129.406
stat.pool.100.port.core.0.ingress_wait_max_cycles.demand_req = 173
stat.pool.100.port.core.0.ingress_queue_wait_avg_cycles.demand_req = 5.40623
stat.pool.100.port.core.0.ingress_queue_wait_max_cycles.demand_req = 49
stat.pool.100.port.core.0.egress_wait_avg_cycles.demand_req = 0
stat.pool.100.port.core.0.egress_wait_max_cycles.demand_req = 0
stat.pool.100.port.core.0.egress_occ_avg_bytes.demand_req = 0
stat.pool.100.port.core.0.egress_occ_max_bytes.demand_req = 0
stat.pool.100.port.core.0.egress_blocked_cycles.demand_req = 0
stat.pool.100.port.core.0.ingress_arrival_empty_packets.demand_req = 132
stat.pool.100.port.core.0.ingress_arrival_nonempty_packets.demand_req = 8597
stat.pool.100.port.core.0.ingress_arrival_nonempty_packet_frac.demand_req = 0.984878
stat.pool.100.port.core.0.ingress_nonempty_arrival_pre_occ_avg_bytes.demand_req = 162.704
stat.pool.100.port.core.0.ingress_nonempty_arrival_pre_occ_max_bytes.demand_req = 432
stat.pool.100.port.core.0.ingress_release_after_empty_arrival_packets.demand_req = 132
stat.pool.100.port.core.0.ingress_release_after_nonempty_arrival_packets.demand_req = 8597
stat.pool.100.port.core.0.ingress_wait_after_empty_arrival_avg_cycles.demand_req = 124
stat.pool.100.port.core.0.ingress_wait_after_nonempty_arrival_avg_cycles.demand_req = 129.489
stat.pool.100.port.core.0.ingress_queue_wait_after_empty_arrival_avg_cycles.demand_req = 0
stat.pool.100.port.core.0.ingress_queue_wait_after_nonempty_arrival_avg_cycles.demand_req = 5.48924
stat.pool.100.port.core.0.ingress_queue_wait_after_empty_arrival_max_cycles.demand_req = 0
stat.pool.100.port.core.0.ingress_queue_wait_after_nonempty_arrival_max_cycles.demand_req = 49
stat.pool.100.port.core.0.rx_bytes.demand_req = 69832
stat.pool.100.port.core.0.tx_bytes.demand_req = 0
stat.pool.100.port.core.0.rx_pkts.demand_req = 8729
stat.pool.100.port.core.0.tx_pkts.demand_req = 0
stat.pool.100.port.core.0.ingress_wait_avg_cycles.write_req = 146.035
stat.pool.100.port.core.0.ingress_wait_max_cycles.write_req = 177
stat.pool.100.port.core.0.ingress_queue_wait_avg_cycles.write_req = 1.03774
stat.pool.100.port.core.0.ingress_queue_wait_max_cycles.write_req = 32
stat.pool.100.port.core.0.egress_wait_avg_cycles.write_req = 0
stat.pool.100.port.core.0.egress_wait_max_cycles.write_req = 0
stat.pool.100.port.core.0.egress_occ_avg_bytes.write_req = 0
stat.pool.100.port.core.0.egress_occ_max_bytes.write_req = 0
stat.pool.100.port.core.0.egress_blocked_cycles.write_req = 0
stat.pool.100.port.core.0.ingress_arrival_empty_packets.write_req = 761
stat.pool.100.port.core.0.ingress_arrival_nonempty_packets.write_req = 3639
stat.pool.100.port.core.0.ingress_arrival_nonempty_packet_frac.write_req = 0.827045
stat.pool.100.port.core.0.ingress_nonempty_arrival_pre_occ_avg_bytes.write_req = 135.987
stat.pool.100.port.core.0.ingress_nonempty_arrival_pre_occ_max_bytes.write_req = 368
stat.pool.100.port.core.0.ingress_release_after_empty_arrival_packets.write_req = 762
stat.pool.100.port.core.0.ingress_release_after_nonempty_arrival_packets.write_req = 3636
stat.pool.100.port.core.0.ingress_wait_after_empty_arrival_avg_cycles.write_req = 144.983
stat.pool.100.port.core.0.ingress_wait_after_nonempty_arrival_avg_cycles.write_req = 146.255
stat.pool.100.port.core.0.ingress_queue_wait_after_empty_arrival_avg_cycles.write_req = 0
stat.pool.100.port.core.0.ingress_queue_wait_after_nonempty_arrival_avg_cycles.write_req = 1.25523
stat.pool.100.port.core.0.ingress_queue_wait_after_empty_arrival_max_cycles.write_req = 0
stat.pool.100.port.core.0.ingress_queue_wait_after_nonempty_arrival_max_cycles.write_req = 32
stat.pool.100.port.core.0.rx_bytes.write_req = 281600
stat.pool.100.port.core.0.tx_bytes.write_req = 0
stat.pool.100.port.core.0.rx_pkts.write_req = 4400
stat.pool.100.port.core.0.tx_pkts.write_req = 0
stat.pool.100.port.core.0.ingress_wait_avg_cycles.response = 0
stat.pool.100.port.core.0.ingress_wait_max_cycles.response = 0
stat.pool.100.port.core.0.ingress_queue_wait_avg_cycles.response = 0
stat.pool.100.port.core.0.ingress_queue_wait_max_cycles.response = 0
stat.pool.100.port.core.0.egress_wait_avg_cycles.response = 1
stat.pool.100.port.core.0.egress_wait_max_cycles.response = 1
stat.pool.100.port.core.0.egress_occ_avg_bytes.response = 0
stat.pool.100.port.core.0.egress_occ_max_bytes.response = 0
stat.pool.100.port.core.0.egress_blocked_cycles.response = 0
stat.pool.100.port.core.0.ingress_arrival_empty_packets.response = 0
stat.pool.100.port.core.0.ingress_arrival_nonempty_packets.response = 0
stat.pool.100.port.core.0.ingress_arrival_nonempty_packet_frac.response = 0
stat.pool.100.port.core.0.ingress_nonempty_arrival_pre_occ_avg_bytes.response = 0
stat.pool.100.port.core.0.ingress_nonempty_arrival_pre_occ_max_bytes.response = 0
stat.pool.100.port.core.0.ingress_release_after_empty_arrival_packets.response = 0
stat.pool.100.port.core.0.ingress_release_after_nonempty_arrival_packets.response = 0
stat.pool.100.port.core.0.ingress_wait_after_empty_arrival_avg_cycles.response = 0
stat.pool.100.port.core.0.ingress_wait_after_nonempty_arrival_avg_cycles.response = 0
stat.pool.100.port.core.0.ingress_queue_wait_after_empty_arrival_avg_cycles.response = 0
stat.pool.100.port.core.0.ingress_queue_wait_after_nonempty_arrival_avg_cycles.response = 0
stat.pool.100.port.core.0.ingress_queue_wait_after_empty_arrival_max_cycles.response = 0
stat.pool.100.port.core.0.ingress_queue_wait_after_nonempty_arrival_max_cycles.response = 0
stat.pool.100.port.core.0.rx_bytes.response = 0
stat.pool.100.port.core.0.tx_bytes.response = 559552
stat.pool.100.port.core.0.rx_pkts.response = 0
stat.pool.100.port.core.0.tx_pkts.response = 8743
stat.pool.100.port.core.0.ingress_wait_avg_cycles.other_req = 130.5
stat.pool.100.port.core.0.ingress_wait_max_cycles.other_req = 143
stat.pool.100.port.core.0.ingress_queue_wait_avg_cycles.other_req = 6.5
stat.pool.100.port.core.0.ingress_queue_wait_max_cycles.other_req = 19
stat.pool.100.port.core.0.egress_wait_avg_cycles.other_req = 0
stat.pool.100.port.core.0.egress_wait_max_cycles.other_req = 0
stat.pool.100.port.core.0.egress_occ_avg_bytes.other_req = 0
stat.pool.100.port.core.0.egress_occ_max_bytes.other_req = 0
stat.pool.100.port.core.0.egress_blocked_cycles.other_req = 0
stat.pool.100.port.core.0.ingress_arrival_empty_packets.other_req = 0
stat.pool.100.port.core.0.ingress_arrival_nonempty_packets.other_req = 6
stat.pool.100.port.core.0.ingress_arrival_nonempty_packet_frac.other_req = 1
stat.pool.100.port.core.0.ingress_nonempty_arrival_pre_occ_avg_bytes.other_req = 172
stat.pool.100.port.core.0.ingress_nonempty_arrival_pre_occ_max_bytes.other_req = 296
stat.pool.100.port.core.0.ingress_release_after_empty_arrival_packets.other_req = 0
stat.pool.100.port.core.0.ingress_release_after_nonempty_arrival_packets.other_req = 6
stat.pool.100.port.core.0.ingress_wait_after_empty_arrival_avg_cycles.other_req = 0
stat.pool.100.port.core.0.ingress_wait_after_nonempty_arrival_avg_cycles.other_req = 130.5
stat.pool.100.port.core.0.ingress_queue_wait_after_empty_arrival_avg_cycles.other_req = 0
stat.pool.100.port.core.0.ingress_queue_wait_after_nonempty_arrival_avg_cycles.other_req = 6.5
stat.pool.100.port.core.0.ingress_queue_wait_after_empty_arrival_max_cycles.other_req = 0
stat.pool.100.port.core.0.ingress_queue_wait_after_nonempty_arrival_max_cycles.other_req = 19
stat.pool.100.port.core.0.rx_bytes.other_req = 48
stat.pool.100.port.core.0.tx_bytes.other_req = 0
stat.pool.100.port.core.0.rx_pkts.other_req = 6
stat.pool.100.port.core.0.tx_pkts.other_req = 0
stat.pool.100.port.core.0.ingress_occ_bucket_bytes.0 = 79744
stat.pool.100.port.core.0.ready_occ_bucket_bytes.0 = 442760
stat.pool.100.port.core.0.ingress_occ_bucket_bytes.1_64 = 105247
stat.pool.100.port.core.0.ready_occ_bucket_bytes.1_64 = 13133
stat.pool.100.port.core.0.ingress_occ_bucket_bytes.65_256 = 240372
stat.pool.100.port.core.0.ready_occ_bucket_bytes.65_256 = 0
stat.pool.100.port.core.0.ingress_occ_bucket_bytes.257_1024 = 30530
stat.pool.100.port.core.0.ready_occ_bucket_bytes.257_1024 = 0
stat.pool.100.port.core.0.ingress_occ_bucket_bytes.1025_4096 = 0
stat.pool.100.port.core.0.ready_occ_bucket_bytes.1025_4096 = 0
stat.pool.100.port.core.0.ingress_occ_bucket_bytes.4097_plus = 0
stat.pool.100.port.core.0.ready_occ_bucket_bytes.4097_plus = 0
stat.pool.100.port.core.0.ingress_episode.count = 893
stat.pool.100.port.core.0.ingress_episode.avg_cycles = 420.622
stat.pool.100.port.core.0.ingress_episode.max_cycles = 2284
stat.pool.100.port.core.0.ingress_episode.avg_peak_occ_bytes = 239.167
stat.pool.100.port.core.0.ingress_episode.max_peak_occ_bytes = 440
stat.pool.100.port.core.0.ingress_episode.avg_arrival_pkts = 14.692
stat.pool.100.port.core.0.ingress_episode.max_arrival_pkts = 94
stat.pool.100.port.core.0.ingress_episode.avg_arrival_bytes = 393.021
stat.pool.100.port.core.0.ingress_episode.max_arrival_bytes = 3160
stat.pool.100.port.core.0.ingress_episode.avg_release_pkts = 14.6932
stat.pool.100.port.core.0.ingress_episode.max_release_pkts = 94
stat.pool.100.port.core.0.ingress_episode.avg_release_bytes = 393.093
stat.pool.100.port.core.0.ingress_episode.max_release_bytes = 3160
stat.pool.100.port.core.0.ingress_episode.avg_wait_cycles = 1983.26
stat.pool.100.port.core.0.ingress_episode.max_wait_cycles = 177
stat.pool.100.port.core.0.ingress_episode.avg_queue_wait_cycles = 57.9955
stat.pool.100.port.core.0.ingress_episode.max_queue_wait_cycles = 49
stat.pool.100.port.core.0.ingress_episode.avg_src_distinct = 1
stat.pool.100.port.core.0.ingress_episode.max_src_distinct = 1
stat.pool.100.port.core.0.ingress_episode.avg_dst_distinct = 1
stat.pool.100.port.core.0.ingress_episode.max_dst_distinct = 1
stat.pool.100.port.core.0.ingress_episode.avg_arrival_pkts.demand_req = 9.76596
stat.pool.100.port.core.0.ingress_episode.max_arrival_pkts.demand_req = 51
stat.pool.100.port.core.0.ingress_episode.avg_release_pkts.demand_req = 9.76596
stat.pool.100.port.core.0.ingress_episode.max_release_pkts.demand_req = 51
stat.pool.100.port.core.0.ingress_pre_occ_bucket.demand_req.0 = 132
stat.pool.100.port.core.0.ingress_queue_wait_bucket.demand_req.0 = 4520
stat.pool.100.port.core.0.ingress_pre_occ_bucket.demand_req.1_64 = 905
stat.pool.100.port.core.0.ingress_queue_wait_bucket.demand_req.1_63 = 4209
stat.pool.100.port.core.0.ingress_pre_occ_bucket.demand_req.65_256 = 6592
stat.pool.100.port.core.0.ingress_queue_wait_bucket.demand_req.64_255 = 0
stat.pool.100.port.core.0.ingress_pre_occ_bucket.demand_req.257_1024 = 1100
stat.pool.100.port.core.0.ingress_queue_wait_bucket.demand_req.256_1023 = 0
stat.pool.100.port.core.0.ingress_pre_occ_bucket.demand_req.1025_4096 = 0
stat.pool.100.port.core.0.ingress_queue_wait_bucket.demand_req.1024_4095 = 0
stat.pool.100.port.core.0.ingress_pre_occ_bucket.demand_req.4097_plus = 0
stat.pool.100.port.core.0.ingress_queue_wait_bucket.demand_req.4096_plus = 0
stat.pool.100.port.core.0.ingress_episode.avg_arrival_pkts.write_req = 4.91937
stat.pool.100.port.core.0.ingress_episode.max_arrival_pkts.write_req = 43
stat.pool.100.port.core.0.ingress_episode.avg_release_pkts.write_req = 4.92049
stat.pool.100.port.core.0.ingress_episode.max_release_pkts.write_req = 43
stat.pool.100.port.core.0.ingress_pre_occ_bucket.write_req.0 = 761
stat.pool.100.port.core.0.ingress_queue_wait_bucket.write_req.0 = 3755
stat.pool.100.port.core.0.ingress_pre_occ_bucket.write_req.1_64 = 949
stat.pool.100.port.core.0.ingress_queue_wait_bucket.write_req.1_63 = 643
stat.pool.100.port.core.0.ingress_pre_occ_bucket.write_req.65_256 = 2437
stat.pool.100.port.core.0.ingress_queue_wait_bucket.write_req.64_255 = 0
stat.pool.100.port.core.0.ingress_pre_occ_bucket.write_req.257_1024 = 253
stat.pool.100.port.core.0.ingress_queue_wait_bucket.write_req.256_1023 = 0
stat.pool.100.port.core.0.ingress_pre_occ_bucket.write_req.1025_4096 = 0
stat.pool.100.port.core.0.ingress_queue_wait_bucket.write_req.1024_4095 = 0
stat.pool.100.port.core.0.ingress_pre_occ_bucket.write_req.4097_plus = 0
stat.pool.100.port.core.0.ingress_queue_wait_bucket.write_req.4096_plus = 0
stat.pool.100.port.core.0.ingress_episode.avg_arrival_pkts.response = 0
stat.pool.100.port.core.0.ingress_episode.max_arrival_pkts.response = 0
stat.pool.100.port.core.0.ingress_episode.avg_release_pkts.response = 0
stat.pool.100.port.core.0.ingress_episode.max_release_pkts.response = 0
stat.pool.100.port.core.0.ingress_pre_occ_bucket.response.0 = 0
stat.pool.100.port.core.0.ingress_queue_wait_bucket.response.0 = 0
stat.pool.100.port.core.0.ingress_pre_occ_bucket.response.1_64 = 0
stat.pool.100.port.core.0.ingress_queue_wait_bucket.response.1_63 = 0
stat.pool.100.port.core.0.ingress_pre_occ_bucket.response.65_256 = 0
stat.pool.100.port.core.0.ingress_queue_wait_bucket.response.64_255 = 0
stat.pool.100.port.core.0.ingress_pre_occ_bucket.response.257_1024 = 0
stat.pool.100.port.core.0.ingress_queue_wait_bucket.response.256_1023 = 0
stat.pool.100.port.core.0.ingress_pre_occ_bucket.response.1025_4096 = 0
stat.pool.100.port.core.0.ingress_queue_wait_bucket.response.1024_4095 = 0
stat.pool.100.port.core.0.ingress_pre_occ_bucket.response.4097_plus = 0
stat.pool.100.port.core.0.ingress_queue_wait_bucket.response.4096_plus = 0
stat.pool.100.port.core.0.ingress_episode.avg_arrival_pkts.other_req = 0.00671892
stat.pool.100.port.core.0.ingress_episode.max_arrival_pkts.other_req = 1
stat.pool.100.port.core.0.ingress_episode.avg_release_pkts.other_req = 0.00671892
stat.pool.100.port.core.0.ingress_episode.max_release_pkts.other_req = 1
stat.pool.100.port.core.0.ingress_pre_occ_bucket.other_req.0 = 0
stat.pool.100.port.core.0.ingress_queue_wait_bucket.other_req.0 = 2
stat.pool.100.port.core.0.ingress_pre_occ_bucket.other_req.1_64 = 1
stat.pool.100.port.core.0.ingress_queue_wait_bucket.other_req.1_63 = 4
stat.pool.100.port.core.0.ingress_pre_occ_bucket.other_req.65_256 = 4
stat.pool.100.port.core.0.ingress_queue_wait_bucket.other_req.64_255 = 0
stat.pool.100.port.core.0.ingress_pre_occ_bucket.other_req.257_1024 = 1
stat.pool.100.port.core.0.ingress_queue_wait_bucket.other_req.256_1023 = 0
stat.pool.100.port.core.0.ingress_pre_occ_bucket.other_req.1025_4096 = 0
stat.pool.100.port.core.0.ingress_queue_wait_bucket.other_req.1024_4095 = 0
stat.pool.100.port.core.0.ingress_pre_occ_bucket.other_req.4097_plus = 0
stat.pool.100.port.core.0.ingress_queue_wait_bucket.other_req.4096_plus = 0
stat.pool.100.port.core.0.peer_src.0.rx_bytes.demand_req = 69832
stat.pool.100.port.core.0.peer_src.0.rx_pkts.demand_req = 8729
stat.pool.100.port.core.0.peer_src.0.tx_bytes.demand_req = 0
stat.pool.100.port.core.0.peer_src.0.tx_pkts.demand_req = 0
stat.pool.100.port.core.0.peer_src.0.ingress_arrivals.demand_req = 8729
stat.pool.100.port.core.0.peer_src.0.ingress_arrival_nonempty_packet_frac.demand_req = 0.984878
stat.pool.100.port.core.0.peer_src.0.ingress_nonempty_arrival_pre_occ_avg_bytes.demand_req = 162.704
stat.pool.100.port.core.0.peer_src.0.ingress_nonempty_arrival_pre_occ_max_bytes.demand_req = 432
stat.pool.100.port.core.0.peer_src.0.ingress_wait_avg_cycles.demand_req = 129.406
stat.pool.100.port.core.0.peer_src.0.ingress_queue_wait_avg_cycles.demand_req = 5.40623
stat.pool.100.port.core.0.peer_src.0.ingress_queue_wait_after_nonempty_arrival_avg_cycles.demand_req = 5.48924
stat.pool.100.port.core.0.peer_src.0.ingress_pre_occ_bucket.demand_req.0 = 132
stat.pool.100.port.core.0.peer_src.0.ingress_queue_wait_bucket.demand_req.0 = 4520
stat.pool.100.port.core.0.peer_src.0.ingress_pre_occ_bucket.demand_req.1_64 = 905
stat.pool.100.port.core.0.peer_src.0.ingress_queue_wait_bucket.demand_req.1_63 = 4209
stat.pool.100.port.core.0.peer_src.0.ingress_pre_occ_bucket.demand_req.65_256 = 6592
stat.pool.100.port.core.0.peer_src.0.ingress_queue_wait_bucket.demand_req.64_255 = 0
stat.pool.100.port.core.0.peer_src.0.ingress_pre_occ_bucket.demand_req.257_1024 = 1100
stat.pool.100.port.core.0.peer_src.0.ingress_queue_wait_bucket.demand_req.256_1023 = 0
stat.pool.100.port.core.0.peer_src.0.ingress_pre_occ_bucket.demand_req.1025_4096 = 0
stat.pool.100.port.core.0.peer_src.0.ingress_queue_wait_bucket.demand_req.1024_4095 = 0
stat.pool.100.port.core.0.peer_src.0.ingress_pre_occ_bucket.demand_req.4097_plus = 0
stat.pool.100.port.core.0.peer_src.0.ingress_queue_wait_bucket.demand_req.4096_plus = 0
stat.pool.100.port.core.0.peer_src.0.rx_bytes.write_req = 281600
stat.pool.100.port.core.0.peer_src.0.rx_pkts.write_req = 4400
stat.pool.100.port.core.0.peer_src.0.tx_bytes.write_req = 0
stat.pool.100.port.core.0.peer_src.0.tx_pkts.write_req = 0
stat.pool.100.port.core.0.peer_src.0.ingress_arrivals.write_req = 4400
stat.pool.100.port.core.0.peer_src.0.ingress_arrival_nonempty_packet_frac.write_req = 0.827045
stat.pool.100.port.core.0.peer_src.0.ingress_nonempty_arrival_pre_occ_avg_bytes.write_req = 135.987
stat.pool.100.port.core.0.peer_src.0.ingress_nonempty_arrival_pre_occ_max_bytes.write_req = 368
stat.pool.100.port.core.0.peer_src.0.ingress_wait_avg_cycles.write_req = 146.035
stat.pool.100.port.core.0.peer_src.0.ingress_queue_wait_avg_cycles.write_req = 1.03774
stat.pool.100.port.core.0.peer_src.0.ingress_queue_wait_after_nonempty_arrival_avg_cycles.write_req = 1.25523
stat.pool.100.port.core.0.peer_src.0.ingress_pre_occ_bucket.write_req.0 = 761
stat.pool.100.port.core.0.peer_src.0.ingress_queue_wait_bucket.write_req.0 = 3755
stat.pool.100.port.core.0.peer_src.0.ingress_pre_occ_bucket.write_req.1_64 = 949
stat.pool.100.port.core.0.peer_src.0.ingress_queue_wait_bucket.write_req.1_63 = 643
stat.pool.100.port.core.0.peer_src.0.ingress_pre_occ_bucket.write_req.65_256 = 2437
stat.pool.100.port.core.0.peer_src.0.ingress_queue_wait_bucket.write_req.64_255 = 0
stat.pool.100.port.core.0.peer_src.0.ingress_pre_occ_bucket.write_req.257_1024 = 253
stat.pool.100.port.core.0.peer_src.0.ingress_queue_wait_bucket.write_req.256_1023 = 0
stat.pool.100.port.core.0.peer_src.0.ingress_pre_occ_bucket.write_req.1025_4096 = 0
stat.pool.100.port.core.0.peer_src.0.ingress_queue_wait_bucket.write_req.1024_4095 = 0
stat.pool.100.port.core.0.peer_src.0.ingress_pre_occ_bucket.write_req.4097_plus = 0
stat.pool.100.port.core.0.peer_src.0.ingress_queue_wait_bucket.write_req.4096_plus = 0
stat.pool.100.port.core.0.peer_src.0.rx_bytes.other_req = 48
stat.pool.100.port.core.0.peer_src.0.rx_pkts.other_req = 6
stat.pool.100.port.core.0.peer_src.0.tx_bytes.other_req = 0
stat.pool.100.port.core.0.peer_src.0.tx_pkts.other_req = 0
stat.pool.100.port.core.0.peer_src.0.ingress_arrivals.other_req = 6
stat.pool.100.port.core.0.peer_src.0.ingress_arrival_nonempty_packet_frac.other_req = 1
stat.pool.100.port.core.0.peer_src.0.ingress_nonempty_arrival_pre_occ_avg_bytes.other_req = 172
stat.pool.100.port.core.0.peer_src.0.ingress_nonempty_arrival_pre_occ_max_bytes.other_req = 296
stat.pool.100.port.core.0.peer_src.0.ingress_wait_avg_cycles.other_req = 130.5
stat.pool.100.port.core.0.peer_src.0.ingress_queue_wait_avg_cycles.other_req = 6.5
stat.pool.100.port.core.0.peer_src.0.ingress_queue_wait_after_nonempty_arrival_avg_cycles.other_req = 6.5
stat.pool.100.port.core.0.peer_src.0.ingress_pre_occ_bucket.other_req.0 = 0
stat.pool.100.port.core.0.peer_src.0.ingress_queue_wait_bucket.other_req.0 = 2
stat.pool.100.port.core.0.peer_src.0.ingress_pre_occ_bucket.other_req.1_64 = 1
stat.pool.100.port.core.0.peer_src.0.ingress_queue_wait_bucket.other_req.1_63 = 4
stat.pool.100.port.core.0.peer_src.0.ingress_pre_occ_bucket.other_req.65_256 = 4
stat.pool.100.port.core.0.peer_src.0.ingress_queue_wait_bucket.other_req.64_255 = 0
stat.pool.100.port.core.0.peer_src.0.ingress_pre_occ_bucket.other_req.257_1024 = 1
stat.pool.100.port.core.0.peer_src.0.ingress_queue_wait_bucket.other_req.256_1023 = 0
stat.pool.100.port.core.0.peer_src.0.ingress_pre_occ_bucket.other_req.1025_4096 = 0
stat.pool.100.port.core.0.peer_src.0.ingress_queue_wait_bucket.other_req.1024_4095 = 0
stat.pool.100.port.core.0.peer_src.0.ingress_pre_occ_bucket.other_req.4097_plus = 0
stat.pool.100.port.core.0.peer_src.0.ingress_queue_wait_bucket.other_req.4096_plus = 0
stat.pool.100.port.core.0.peer_dst.100.rx_bytes.demand_req = 69832
stat.pool.100.port.core.0.peer_dst.100.rx_pkts.demand_req = 8729
stat.pool.100.port.core.0.peer_dst.100.tx_bytes.demand_req = 0
stat.pool.100.port.core.0.peer_dst.100.tx_pkts.demand_req = 0
stat.pool.100.port.core.0.peer_dst.100.ingress_arrivals.demand_req = 8729
stat.pool.100.port.core.0.peer_dst.100.ingress_arrival_nonempty_packet_frac.demand_req = 0.984878
stat.pool.100.port.core.0.peer_dst.100.ingress_nonempty_arrival_pre_occ_avg_bytes.demand_req = 162.704
stat.pool.100.port.core.0.peer_dst.100.ingress_nonempty_arrival_pre_occ_max_bytes.demand_req = 432
stat.pool.100.port.core.0.peer_dst.100.ingress_wait_avg_cycles.demand_req = 129.406
stat.pool.100.port.core.0.peer_dst.100.ingress_queue_wait_avg_cycles.demand_req = 5.40623
stat.pool.100.port.core.0.peer_dst.100.ingress_queue_wait_after_nonempty_arrival_avg_cycles.demand_req = 5.48924
stat.pool.100.port.core.0.peer_dst.100.ingress_pre_occ_bucket.demand_req.0 = 132
stat.pool.100.port.core.0.peer_dst.100.ingress_queue_wait_bucket.demand_req.0 = 4520
stat.pool.100.port.core.0.peer_dst.100.ingress_pre_occ_bucket.demand_req.1_64 = 905
stat.pool.100.port.core.0.peer_dst.100.ingress_queue_wait_bucket.demand_req.1_63 = 4209
stat.pool.100.port.core.0.peer_dst.100.ingress_pre_occ_bucket.demand_req.65_256 = 6592
stat.pool.100.port.core.0.peer_dst.100.ingress_queue_wait_bucket.demand_req.64_255 = 0
stat.pool.100.port.core.0.peer_dst.100.ingress_pre_occ_bucket.demand_req.257_1024 = 1100
stat.pool.100.port.core.0.peer_dst.100.ingress_queue_wait_bucket.demand_req.256_1023 = 0
stat.pool.100.port.core.0.peer_dst.100.ingress_pre_occ_bucket.demand_req.1025_4096 = 0
stat.pool.100.port.core.0.peer_dst.100.ingress_queue_wait_bucket.demand_req.1024_4095 = 0
stat.pool.100.port.core.0.peer_dst.100.ingress_pre_occ_bucket.demand_req.4097_plus = 0
stat.pool.100.port.core.0.peer_dst.100.ingress_queue_wait_bucket.demand_req.4096_plus = 0
stat.pool.100.port.core.0.peer_dst.100.rx_bytes.write_req = 281600
stat.pool.100.port.core.0.peer_dst.100.rx_pkts.write_req = 4400
stat.pool.100.port.core.0.peer_dst.100.tx_bytes.write_req = 0
stat.pool.100.port.core.0.peer_dst.100.tx_pkts.write_req = 0
stat.pool.100.port.core.0.peer_dst.100.ingress_arrivals.write_req = 4400
stat.pool.100.port.core.0.peer_dst.100.ingress_arrival_nonempty_packet_frac.write_req = 0.827045
stat.pool.100.port.core.0.peer_dst.100.ingress_nonempty_arrival_pre_occ_avg_bytes.write_req = 135.987
stat.pool.100.port.core.0.peer_dst.100.ingress_nonempty_arrival_pre_occ_max_bytes.write_req = 368
stat.pool.100.port.core.0.peer_dst.100.ingress_wait_avg_cycles.write_req = 146.035
stat.pool.100.port.core.0.peer_dst.100.ingress_queue_wait_avg_cycles.write_req = 1.03774
stat.pool.100.port.core.0.peer_dst.100.ingress_queue_wait_after_nonempty_arrival_avg_cycles.write_req = 1.25523
stat.pool.100.port.core.0.peer_dst.100.ingress_pre_occ_bucket.write_req.0 = 761
stat.pool.100.port.core.0.peer_dst.100.ingress_queue_wait_bucket.write_req.0 = 3755
stat.pool.100.port.core.0.peer_dst.100.ingress_pre_occ_bucket.write_req.1_64 = 949
stat.pool.100.port.core.0.peer_dst.100.ingress_queue_wait_bucket.write_req.1_63 = 643
stat.pool.100.port.core.0.peer_dst.100.ingress_pre_occ_bucket.write_req.65_256 = 2437
stat.pool.100.port.core.0.peer_dst.100.ingress_queue_wait_bucket.write_req.64_255 = 0
stat.pool.100.port.core.0.peer_dst.100.ingress_pre_occ_bucket.write_req.257_1024 = 253
stat.pool.100.port.core.0.peer_dst.100.ingress_queue_wait_bucket.write_req.256_1023 = 0
stat.pool.100.port.core.0.peer_dst.100.ingress_pre_occ_bucket.write_req.1025_4096 = 0
stat.pool.100.port.core.0.peer_dst.100.ingress_queue_wait_bucket.write_req.1024_4095 = 0
stat.pool.100.port.core.0.peer_dst.100.ingress_pre_occ_bucket.write_req.4097_plus = 0
stat.pool.100.port.core.0.peer_dst.100.ingress_queue_wait_bucket.write_req.4096_plus = 0
stat.pool.100.port.core.0.peer_dst.100.rx_bytes.other_req = 48
stat.pool.100.port.core.0.peer_dst.100.rx_pkts.other_req = 6
stat.pool.100.port.core.0.peer_dst.100.tx_bytes.other_req = 0
stat.pool.100.port.core.0.peer_dst.100.tx_pkts.other_req = 0
stat.pool.100.port.core.0.peer_dst.100.ingress_arrivals.other_req = 6
stat.pool.100.port.core.0.peer_dst.100.ingress_arrival_nonempty_packet_frac.other_req = 1
stat.pool.100.port.core.0.peer_dst.100.ingress_nonempty_arrival_pre_occ_avg_bytes.other_req = 172
stat.pool.100.port.core.0.peer_dst.100.ingress_nonempty_arrival_pre_occ_max_bytes.other_req = 296
stat.pool.100.port.core.0.peer_dst.100.ingress_wait_avg_cycles.other_req = 130.5
stat.pool.100.port.core.0.peer_dst.100.ingress_queue_wait_avg_cycles.other_req = 6.5
stat.pool.100.port.core.0.peer_dst.100.ingress_queue_wait_after_nonempty_arrival_avg_cycles.other_req = 6.5
stat.pool.100.port.core.0.peer_dst.100.ingress_pre_occ_bucket.other_req.0 = 0
stat.pool.100.port.core.0.peer_dst.100.ingress_queue_wait_bucket.other_req.0 = 2
stat.pool.100.port.core.0.peer_dst.100.ingress_pre_occ_bucket.other_req.1_64 = 1
stat.pool.100.port.core.0.peer_dst.100.ingress_queue_wait_bucket.other_req.1_63 = 4
stat.pool.100.port.core.0.peer_dst.100.ingress_pre_occ_bucket.other_req.65_256 = 4
stat.pool.100.port.core.0.peer_dst.100.ingress_queue_wait_bucket.other_req.64_255 = 0
stat.pool.100.port.core.0.peer_dst.100.ingress_pre_occ_bucket.other_req.257_1024 = 1
stat.pool.100.port.core.0.peer_dst.100.ingress_queue_wait_bucket.other_req.256_1023 = 0
stat.pool.100.port.core.0.peer_dst.100.ingress_pre_occ_bucket.other_req.1025_4096 = 0
stat.pool.100.port.core.0.peer_dst.100.ingress_queue_wait_bucket.other_req.1024_4095 = 0
stat.pool.100.port.core.0.peer_dst.100.ingress_pre_occ_bucket.other_req.4097_plus = 0
stat.pool.100.port.core.0.peer_dst.100.ingress_queue_wait_bucket.other_req.4096_plus = 0
stat.pool.100.port.core.0.tx_src.100.rx_bytes.response = 0
stat.pool.100.port.core.0.tx_src.100.rx_pkts.response = 0
stat.pool.100.port.core.0.tx_src.100.tx_bytes.response = 559552
stat.pool.100.port.core.0.tx_src.100.tx_pkts.response = 8743
stat.pool.100.port.core.0.tx_src.100.ingress_arrivals.response = 0
stat.pool.100.port.core.0.tx_src.100.ingress_arrival_nonempty_packet_frac.response = 0
stat.pool.100.port.core.0.tx_src.100.ingress_nonempty_arrival_pre_occ_avg_bytes.response = 0
stat.pool.100.port.core.0.tx_src.100.ingress_nonempty_arrival_pre_occ_max_bytes.response = 0
stat.pool.100.port.core.0.tx_src.100.ingress_wait_avg_cycles.response = 0
stat.pool.100.port.core.0.tx_src.100.ingress_queue_wait_avg_cycles.response = 0
stat.pool.100.port.core.0.tx_src.100.ingress_queue_wait_after_nonempty_arrival_avg_cycles.response = 0
stat.pool.100.port.core.0.tx_src.100.ingress_pre_occ_bucket.response.0 = 0
stat.pool.100.port.core.0.tx_src.100.ingress_queue_wait_bucket.response.0 = 0
stat.pool.100.port.core.0.tx_src.100.ingress_pre_occ_bucket.response.1_64 = 0
stat.pool.100.port.core.0.tx_src.100.ingress_queue_wait_bucket.response.1_63 = 0
stat.pool.100.port.core.0.tx_src.100.ingress_pre_occ_bucket.response.65_256 = 0
stat.pool.100.port.core.0.tx_src.100.ingress_queue_wait_bucket.response.64_255 = 0
stat.pool.100.port.core.0.tx_src.100.ingress_pre_occ_bucket.response.257_1024 = 0
stat.pool.100.port.core.0.tx_src.100.ingress_queue_wait_bucket.response.256_1023 = 0
stat.pool.100.port.core.0.tx_src.100.ingress_pre_occ_bucket.response.1025_4096 = 0
stat.pool.100.port.core.0.tx_src.100.ingress_queue_wait_bucket.response.1024_4095 = 0
stat.pool.100.port.core.0.tx_src.100.ingress_pre_occ_bucket.response.4097_plus = 0
stat.pool.100.port.core.0.tx_src.100.ingress_queue_wait_bucket.response.4096_plus = 0
stat.pool.100.port.core.0.tx_dst.0.rx_bytes.response = 0
stat.pool.100.port.core.0.tx_dst.0.rx_pkts.response = 0
stat.pool.100.port.core.0.tx_dst.0.tx_bytes.response = 559552
stat.pool.100.port.core.0.tx_dst.0.tx_pkts.response = 8743
stat.pool.100.port.core.0.tx_dst.0.ingress_arrivals.response = 0
stat.pool.100.port.core.0.tx_dst.0.ingress_arrival_nonempty_packet_frac.response = 0
stat.pool.100.port.core.0.tx_dst.0.ingress_nonempty_arrival_pre_occ_avg_bytes.response = 0
stat.pool.100.port.core.0.tx_dst.0.ingress_nonempty_arrival_pre_occ_max_bytes.response = 0
stat.pool.100.port.core.0.tx_dst.0.ingress_wait_avg_cycles.response = 0
stat.pool.100.port.core.0.tx_dst.0.ingress_queue_wait_avg_cycles.response = 0
stat.pool.100.port.core.0.tx_dst.0.ingress_queue_wait_after_nonempty_arrival_avg_cycles.response = 0
stat.pool.100.port.core.0.tx_dst.0.ingress_pre_occ_bucket.response.0 = 0
stat.pool.100.port.core.0.tx_dst.0.ingress_queue_wait_bucket.response.0 = 0
stat.pool.100.port.core.0.tx_dst.0.ingress_pre_occ_bucket.response.1_64 = 0
stat.pool.100.port.core.0.tx_dst.0.ingress_queue_wait_bucket.response.1_63 = 0
stat.pool.100.port.core.0.tx_dst.0.ingress_pre_occ_bucket.response.65_256 = 0
stat.pool.100.port.core.0.tx_dst.0.ingress_queue_wait_bucket.response.64_255 = 0
stat.pool.100.port.core.0.tx_dst.0.ingress_pre_occ_bucket.response.257_1024 = 0
stat.pool.100.port.core.0.tx_dst.0.ingress_queue_wait_bucket.response.256_1023 = 0
stat.pool.100.port.core.0.tx_dst.0.ingress_pre_occ_bucket.response.1025_4096 = 0
stat.pool.100.port.core.0.tx_dst.0.ingress_queue_wait_bucket.response.1024_4095 = 0
stat.pool.100.port.core.0.tx_dst.0.ingress_pre_occ_bucket.response.4097_plus = 0
stat.pool.100.port.core.0.tx_dst.0.ingress_queue_wait_bucket.response.4096_plus = 0
stat.pool.100.walltime_s = 173.045
stat.pool.100.active_time_s = 14.7407
Simulation is complete, simulated time: 475.036 us
