# CMD: sst /nethome/kshan9/scratch/src/sst-elements/src/sst/elements/cscore_sstelem/experiments/real_workloads/switch_replication.py
# TRACE_PATH: /coc/scratch/kshan/coaxial_high_mpki/gz/603.bwaves_s-2931B.champsimtrace.gz
# WARMUP_INSTS: 5000000
# SIM_INSTS: 20000000
stat.node.0.cpu.0.retired = 502627
stat.node.0.cpu.0.cycles = 1000000
stat.node.1.cpu.0.retired = 502627
stat.node.1.cpu.0.cycles = 1000000
stat.node.2.cpu.0.retired = 502520
stat.node.2.cpu.0.cycles = 1000000
stat.node.0.cpu.0.retired = 1028064
stat.node.0.cpu.0.cycles = 2000000
stat.node.1.cpu.0.retired = 1028064
stat.node.1.cpu.0.cycles = 2000000
stat.node.2.cpu.0.retired = 1028064
stat.node.2.cpu.0.cycles = 2000000
stat.node.0.cpu.0.retired = 1555816
stat.node.0.cpu.0.cycles = 3000000
stat.node.1.cpu.0.retired = 1555425
stat.node.1.cpu.0.cycles = 3000000
stat.node.2.cpu.0.retired = 1555425
stat.node.2.cpu.0.cycles = 3000000
stat.node.0.cpu.0.retired = 2083756
stat.node.0.cpu.0.cycles = 4000000
stat.node.1.cpu.0.retired = 2083756
stat.node.1.cpu.0.cycles = 4000000
stat.node.2.cpu.0.retired = 2083756
stat.node.2.cpu.0.cycles = 4000000
stat.node.0.cpu.0.retired = 2605808
stat.node.0.cpu.0.cycles = 5000000
stat.node.1.cpu.0.retired = 2605509
stat.node.1.cpu.0.cycles = 5000000
stat.node.2.cpu.0.retired = 2605417
stat.node.2.cpu.0.cycles = 5000000
stat.node.0.cpu.0.retired = 3118569
stat.node.0.cpu.0.cycles = 6000000
stat.node.1.cpu.0.retired = 3118466
stat.node.1.cpu.0.cycles = 6000000
stat.node.2.cpu.0.retired = 3118466
stat.node.2.cpu.0.cycles = 6000000
stat.node.0.cpu.0.retired = 3633394
stat.node.0.cpu.0.cycles = 7000000
stat.node.1.cpu.0.retired = 3632913
stat.node.1.cpu.0.cycles = 7000000
stat.node.2.cpu.0.retired = 3632818
stat.node.2.cpu.0.cycles = 7000000
stat.node.0.cpu.0.retired = 4147841
stat.node.0.cpu.0.cycles = 8000000
stat.node.1.cpu.0.retired = 4147142
stat.node.1.cpu.0.cycles = 8000000
stat.node.2.cpu.0.retired = 4147142
stat.node.2.cpu.0.cycles = 8000000
stat.node.0.cpu.0.retired = 4662887
stat.node.0.cpu.0.cycles = 9000000
stat.node.1.cpu.0.retired = 4662188
stat.node.1.cpu.0.cycles = 9000000
stat.node.2.cpu.0.retired = 4662188
stat.node.2.cpu.0.cycles = 9000000
stat.node.0.cpu.0.retired = 5177279
stat.node.0.cpu.0.cycles = 10000000
stat.node.1.cpu.0.retired = 5176635
stat.node.1.cpu.0.cycles = 10000000
stat.node.2.cpu.0.retired = 5176635
stat.node.2.cpu.0.cycles = 10000000
stat.node.0.cpu.0.retired = 5690864
stat.node.0.cpu.0.cycles = 11000000
stat.node.1.cpu.0.retired = 5688659
stat.node.1.cpu.0.cycles = 11000000
stat.node.2.cpu.0.retired = 5689684
stat.node.2.cpu.0.cycles = 11000000
stat.node.0.cpu.0.retired = 6206082
stat.node.0.cpu.0.cycles = 12000000
stat.node.1.cpu.0.retired = 6204893
stat.node.1.cpu.0.cycles = 12000000
stat.node.2.cpu.0.retired = 6205820
stat.node.2.cpu.0.cycles = 12000000
stat.node.0.cpu.0.retired = 6720859
stat.node.0.cpu.0.cycles = 13000000
stat.node.1.cpu.0.retired = 6719177
stat.node.1.cpu.0.cycles = 13000000
stat.node.2.cpu.0.retired = 6719658
stat.node.2.cpu.0.cycles = 13000000
stat.node.0.cpu.0.retired = 7234683
stat.node.0.cpu.0.cycles = 14000000
stat.node.1.cpu.0.retired = 7232537
stat.node.1.cpu.0.cycles = 14000000
stat.node.2.cpu.0.retired = 7233406
stat.node.2.cpu.0.cycles = 14000000
stat.node.0.cpu.0.retired = 7750231
stat.node.0.cpu.0.cycles = 15000000
stat.node.1.cpu.0.retired = 7747971
stat.node.1.cpu.0.cycles = 15000000
stat.node.2.cpu.0.retired = 7748452
stat.node.2.cpu.0.cycles = 15000000
stat.node.0.cpu.0.retired = 8264447
stat.node.0.cpu.0.cycles = 16000000
stat.node.1.cpu.0.retired = 8261719
stat.node.1.cpu.0.cycles = 16000000
stat.node.2.cpu.0.retired = 8262363
stat.node.2.cpu.0.cycles = 16000000
stat.node.0.cpu.0.retired = 8778917
stat.node.0.cpu.0.cycles = 17000000
stat.node.1.cpu.0.retired = 8777128
stat.node.1.cpu.0.cycles = 17000000
stat.node.2.cpu.0.retired = 8777827
stat.node.2.cpu.0.cycles = 17000000
stat.node.0.cpu.0.retired = 9292665
stat.node.0.cpu.0.cycles = 18000000
stat.node.1.cpu.0.retired = 9291039
stat.node.1.cpu.0.cycles = 18000000
stat.node.2.cpu.0.retired = 9291575
stat.node.2.cpu.0.cycles = 18000000
stat.node.0.cpu.0.retired = 9808453
stat.node.0.cpu.0.cycles = 19000000
stat.node.1.cpu.0.retired = 9806621
stat.node.1.cpu.0.cycles = 19000000
stat.node.2.cpu.0.retired = 9807175
stat.node.2.cpu.0.cycles = 19000000
Heartbeat CPU 0 instructions: 10000007 cycles: 19373704 heartbeat IPC: 0.5162 cumulative IPC: 0.5144 (Simulation time: 00 hr 11 min 18 sec)
Heartbeat CPU 0 instructions: 10000007 cycles: 19376255 heartbeat IPC: 0.5161 cumulative IPC: 0.5144 (Simulation time: 00 hr 11 min 18 sec)
Heartbeat CPU 0 instructions: 10000007 cycles: 19377907 heartbeat IPC: 0.5161 cumulative IPC: 0.5143 (Simulation time: 00 hr 11 min 18 sec)
stat.node.0.cpu.0.retired = 10321459
stat.node.0.cpu.0.cycles = 20000000
stat.node.1.cpu.0.retired = 10319189
stat.node.1.cpu.0.cycles = 20000000
stat.node.2.cpu.0.retired = 10320369
stat.node.2.cpu.0.cycles = 20000000
stat.node.0.cpu.0.retired = 10835688
stat.node.0.cpu.0.cycles = 21000000
stat.node.1.cpu.0.retired = 10833720
stat.node.1.cpu.0.cycles = 21000000
stat.node.2.cpu.0.retired = 10834598
stat.node.2.cpu.0.cycles = 21000000
stat.node.0.cpu.0.retired = 11351531
stat.node.0.cpu.0.cycles = 22000000
stat.node.1.cpu.0.retired = 11349807
stat.node.1.cpu.0.cycles = 22000000
stat.node.2.cpu.0.retired = 11350253
stat.node.2.cpu.0.cycles = 22000000
stat.node.0.cpu.0.retired = 11865923
stat.node.0.cpu.0.cycles = 23000000
stat.node.1.cpu.0.retired = 11864255
stat.node.1.cpu.0.cycles = 23000000
stat.node.2.cpu.0.retired = 11864645
stat.node.2.cpu.0.cycles = 23000000
stat.node.0.cpu.0.retired = 12380679
stat.node.0.cpu.0.cycles = 24000000
stat.node.1.cpu.0.retired = 12378483
stat.node.1.cpu.0.cycles = 24000000
stat.node.2.cpu.0.retired = 12379013
stat.node.2.cpu.0.cycles = 24000000
stat.node.0.cpu.0.retired = 12895644
stat.node.0.cpu.0.cycles = 25000000
stat.node.1.cpu.0.retired = 12894403
stat.node.1.cpu.0.cycles = 25000000
stat.node.2.cpu.0.retired = 12894403
stat.node.2.cpu.0.cycles = 25000000
stat.node.0.cpu.0.retired = 13409645
stat.node.0.cpu.0.cycles = 26000000
stat.node.1.cpu.0.retired = 13408093
stat.node.1.cpu.0.cycles = 26000000
stat.node.2.cpu.0.retired = 13408367
stat.node.2.cpu.0.cycles = 26000000
stat.node.0.cpu.0.retired = 13923230
stat.node.0.cpu.0.cycles = 27000000
stat.node.1.cpu.0.retired = 13921025
stat.node.1.cpu.0.cycles = 27000000
stat.node.2.cpu.0.retired = 13921561
stat.node.2.cpu.0.cycles = 27000000
stat.node.0.cpu.0.retired = 14436399
stat.node.0.cpu.0.cycles = 28000000
stat.node.1.cpu.0.retired = 14434724
stat.node.1.cpu.0.cycles = 28000000
stat.node.2.cpu.0.retired = 14435309
stat.node.2.cpu.0.cycles = 28000000
stat.node.0.cpu.0.retired = 14952121
stat.node.0.cpu.0.cycles = 29000000
stat.node.1.cpu.0.retired = 14950746
stat.node.1.cpu.0.cycles = 29000000
stat.node.2.cpu.0.retired = 14950909
stat.node.2.cpu.0.cycles = 29000000
stat.node.0.cpu.0.retired = 15465785
stat.node.0.cpu.0.cycles = 30000000
stat.node.1.cpu.0.retired = 15464494
stat.node.1.cpu.0.cycles = 30000000
stat.node.2.cpu.0.retired = 15465193
stat.node.2.cpu.0.cycles = 30000000
stat.node.0.cpu.0.retired = 15980700
stat.node.0.cpu.0.cycles = 31000000
stat.node.1.cpu.0.retired = 15979031
stat.node.1.cpu.0.cycles = 31000000
stat.node.2.cpu.0.retired = 15979585
stat.node.2.cpu.0.cycles = 31000000
stat.node.0.cpu.0.retired = 16495265
stat.node.0.cpu.0.cycles = 32000000
stat.node.1.cpu.0.retired = 16493987
stat.node.1.cpu.0.cycles = 32000000
stat.node.2.cpu.0.retired = 16494468
stat.node.2.cpu.0.cycles = 32000000
stat.node.0.cpu.0.retired = 17009657
stat.node.0.cpu.0.cycles = 33000000
stat.node.1.cpu.0.retired = 17007289
stat.node.1.cpu.0.cycles = 33000000
stat.node.2.cpu.0.retired = 17008915
stat.node.2.cpu.0.cycles = 33000000
stat.node.0.cpu.0.retired = 17523941
stat.node.0.cpu.0.cycles = 34000000
stat.node.1.cpu.0.retired = 17520874
stat.node.1.cpu.0.cycles = 34000000
stat.node.2.cpu.0.retired = 17523144
stat.node.2.cpu.0.cycles = 34000000
stat.node.0.cpu.0.retired = 18038333
stat.node.0.cpu.0.cycles = 35000000
stat.node.1.cpu.0.retired = 18035321
stat.node.1.cpu.0.cycles = 35000000
stat.node.2.cpu.0.retired = 18037591
stat.node.2.cpu.0.cycles = 35000000
stat.node.0.cpu.0.retired = 18555005
stat.node.0.cpu.0.cycles = 36000000
stat.node.1.cpu.0.retired = 18552101
stat.node.1.cpu.0.cycles = 36000000
stat.node.2.cpu.0.retired = 18553915
stat.node.2.cpu.0.cycles = 36000000
stat.node.0.cpu.0.retired = 19068307
stat.node.0.cpu.0.cycles = 37000000
stat.node.1.cpu.0.retired = 19066334
stat.node.1.cpu.0.cycles = 37000000
stat.node.2.cpu.0.retired = 19068054
stat.node.2.cpu.0.cycles = 37000000
stat.node.0.cpu.0.retired = 19581406
stat.node.0.cpu.0.cycles = 38000000
stat.node.1.cpu.0.retired = 19578507
stat.node.1.cpu.0.cycles = 38000000
stat.node.2.cpu.0.retired = 19580614
stat.node.2.cpu.0.cycles = 38000000
Heartbeat CPU 0 instructions: 20000007 cycles: 38822687 heartbeat IPC: 0.5142 cumulative IPC: 0.5143 (Simulation time: 00 hr 22 min 37 sec)
Heartbeat CPU 0 instructions: 20000007 cycles: 38823396 heartbeat IPC: 0.5142 cumulative IPC: 0.5143 (Simulation time: 00 hr 22 min 37 sec)
Heartbeat CPU 0 instructions: 20000007 cycles: 38827516 heartbeat IPC: 0.5141 cumulative IPC: 0.5142 (Simulation time: 00 hr 22 min 37 sec)
stat.node.0.cpu.0.retired = 20091251
stat.node.0.cpu.0.cycles = 39000000
stat.node.1.cpu.0.retired = 20088891
stat.node.1.cpu.0.cycles = 39000000
stat.node.2.cpu.0.retired = 20090071
stat.node.2.cpu.0.cycles = 39000000
stat.node.0.cpu.0.retired = 20606089
stat.node.0.cpu.0.cycles = 40000000
stat.node.1.cpu.0.retired = 20604252
stat.node.1.cpu.0.cycles = 40000000
stat.node.2.cpu.0.retired = 20605535
stat.node.2.cpu.0.cycles = 40000000
stat.node.0.cpu.0.retired = 21118584
stat.node.0.cpu.0.cycles = 41000000
stat.node.1.cpu.0.retired = 21116313
stat.node.1.cpu.0.cycles = 41000000
stat.node.2.cpu.0.retired = 21118103
stat.node.2.cpu.0.cycles = 41000000
stat.node.0.cpu.0.retired = 21638268
stat.node.0.cpu.0.cycles = 42000000
stat.node.1.cpu.0.retired = 21636161
stat.node.1.cpu.0.cycles = 42000000
stat.node.2.cpu.0.retired = 21638268
stat.node.2.cpu.0.cycles = 42000000
stat.node.0.cpu.0.retired = 22153993
stat.node.0.cpu.0.cycles = 43000000
stat.node.1.cpu.0.retired = 22152016
stat.node.1.cpu.0.cycles = 43000000
stat.node.2.cpu.0.retired = 22153457
stat.node.2.cpu.0.cycles = 43000000
stat.node.0.cpu.0.retired = 22670011
stat.node.0.cpu.0.cycles = 44000000
stat.node.1.cpu.0.retired = 22666944
stat.node.1.cpu.0.cycles = 44000000
stat.node.2.cpu.0.retired = 22669423
stat.node.2.cpu.0.cycles = 44000000
stat.node.0.cpu.0.retired = 23184403
stat.node.0.cpu.0.cycles = 45000000
stat.node.1.cpu.0.retired = 23181391
stat.node.1.cpu.0.cycles = 45000000
stat.node.2.cpu.0.retired = 23184240
stat.node.2.cpu.0.cycles = 45000000
stat.node.0.cpu.0.retired = 23700083
stat.node.0.cpu.0.cycles = 46000000
stat.node.1.cpu.0.retired = 23696538
stat.node.1.cpu.0.cycles = 46000000
stat.node.2.cpu.0.retired = 23699449
stat.node.2.cpu.0.cycles = 46000000
stat.node.0.cpu.0.retired = 24215011
stat.node.0.cpu.0.cycles = 47000000
stat.node.1.cpu.0.retired = 24210764
stat.node.1.cpu.0.cycles = 47000000
stat.node.2.cpu.0.retired = 24213733
stat.node.2.cpu.0.cycles = 47000000
stat.node.0.cpu.0.retired = 24729150
stat.node.0.cpu.0.cycles = 48000000
stat.node.1.cpu.0.retired = 24724414
stat.node.1.cpu.0.cycles = 48000000
stat.node.2.cpu.0.retired = 24727481
stat.node.2.cpu.0.cycles = 48000000
stat.node.0.exec.total_cycles = 48524924
stat.node.0.exec.total_time_us = 20218.7
stat.node.0.exec.phase_cycles = 38870564
stat.node.0.exec.phase_time_us = 16196.1
stat.node.0.cpu.0.load_issue_to_complete_count = 3891610
stat.node.0.cpu.0.avg_load_issue_to_complete_lat = 65.6756
stat.node.0.cpu.0.retired_load_ops = 5864606
stat.node.0.cpu.0.retired_store_ops = 3664910
stat.node.0.cpu.0.load_store_ratio = 1.6002
stat.node.0.amat.avg_load_issue_to_complete_lat = 65.6756
stat.node.0.amat.retired_load_ops = 5864606
stat.node.0.amat.retired_store_ops = 3664910
stat.node.0.amat.load_store_ratio = 1.6002
stat.node.0.injector.phase_cycles = 38870564
stat.node.0.injector.request_bytes = 0
stat.node.0.injector.response_bytes = 0
stat.node.0.injector.aggregate_bytes = 0
stat.node.0.injector.request_gbps = 0
stat.node.0.injector.response_gbps = 0
stat.node.0.injector.aggregate_gbps = 0
stat.node.0.cxl.phase_cycles = 38870564
stat.node.0.cxl.request_bytes = 9808352
stat.node.0.cxl.response_bytes = 17493120
stat.node.0.cxl.aggregate_bytes = 27301472
stat.node.0.cxl.request_gbps = 4.84481
stat.node.0.cxl.response_gbps = 8.64067
stat.node.0.cxl.aggregate_gbps = 13.4855
stat.node.0.llc.cxl_miss = 273208
stat.node.0.llc.local_miss = 0
stat.node.0.llc.total_miss = 273208
stat.node.0.llc.avg_miss_lat = 667.87
stat.node.0.llc.avg_local_lat = 0
stat.node.0.llc.avg_cxl_lat = 667.87
stat.node.0.amat.llc_avg_miss_lat = 667.87
stat.node.0.amat.llc_avg_local_miss_lat = 0
stat.node.0.amat.llc_avg_cxl_miss_lat = 667.87
stat.node.0.amat.cxl_avg_roundtrip_lat = 666.87
stat.node.0.amat.cxl_avg_queue_delay = 99.8734
stat.node.0.amat.cxl_avg_access_service_time = 72.0009
stat.node.0.amat.cxl_avg_interface_delay = 494.998
stat.node.0.util.dram_avg = 0
stat.node.0.walltime_s = 1698.23
stat.node.0.active_time_s = 543.23
stat.node.2.exec.total_cycles = 48528117
stat.node.2.exec.total_time_us = 20220
stat.node.2.exec.phase_cycles = 38871892
stat.node.2.exec.phase_time_us = 16196.6
stat.node.2.cpu.0.load_issue_to_complete_count = 3891584
stat.node.2.cpu.0.avg_load_issue_to_complete_lat = 65.6765
stat.node.2.cpu.0.retired_load_ops = 5864606
stat.node.2.cpu.0.retired_store_ops = 3664910
stat.node.2.cpu.0.load_store_ratio = 1.6002
stat.node.2.amat.avg_load_issue_to_complete_lat = 65.6765
stat.node.2.amat.retired_load_ops = 5864606
stat.node.2.amat.retired_store_ops = 3664910
stat.node.2.amat.load_store_ratio = 1.6002
stat.node.2.injector.phase_cycles = 38871892
stat.node.2.injector.request_bytes = 0
stat.node.2.injector.response_bytes = 0
stat.node.2.injector.aggregate_bytes = 0
stat.node.2.injector.request_gbps = 0
stat.node.2.injector.response_gbps = 0
stat.node.2.injector.aggregate_gbps = 0
stat.node.2.cxl.phase_cycles = 38871892
stat.node.2.cxl.request_bytes = 9808448
stat.node.2.cxl.response_bytes = 17493376
stat.node.2.cxl.aggregate_bytes = 27301824
stat.node.2.cxl.request_gbps = 4.84469
stat.node.2.cxl.response_gbps = 8.64051
stat.node.2.cxl.aggregate_gbps = 13.4852
stat.node.2.llc.cxl_miss = 273208
stat.node.2.llc.local_miss = 0
stat.node.2.llc.total_miss = 273208
stat.node.2.llc.avg_miss_lat = 667.719
stat.node.2.llc.avg_local_lat = 0
stat.node.2.llc.avg_cxl_lat = 667.719
stat.node.2.amat.llc_avg_miss_lat = 667.719
stat.node.2.amat.llc_avg_local_miss_lat = 0
stat.node.2.amat.llc_avg_cxl_miss_lat = 667.719
stat.node.2.amat.cxl_avg_roundtrip_lat = 666.719
stat.node.2.amat.cxl_avg_queue_delay = 99.724
stat.node.2.amat.cxl_avg_access_service_time = 72
stat.node.2.amat.cxl_avg_interface_delay = 494.997
stat.node.2.util.dram_avg = 0
stat.node.2.walltime_s = 1698.35
stat.node.2.active_time_s = 544.097
stat.node.1.exec.total_cycles = 48533828
stat.node.1.exec.total_time_us = 20222.4
stat.node.1.exec.phase_cycles = 38877674
stat.node.1.exec.phase_time_us = 16199
stat.node.1.cpu.0.load_issue_to_complete_count = 3891594
stat.node.1.cpu.0.avg_load_issue_to_complete_lat = 65.6928
stat.node.1.cpu.0.retired_load_ops = 5864606
stat.node.1.cpu.0.retired_store_ops = 3664910
stat.node.1.cpu.0.load_store_ratio = 1.6002
stat.node.1.amat.avg_load_issue_to_complete_lat = 65.6928
stat.node.1.amat.retired_load_ops = 5864606
stat.node.1.amat.retired_store_ops = 3664910
stat.node.1.amat.load_store_ratio = 1.6002
stat.node.1.injector.phase_cycles = 38877674
stat.node.1.injector.request_bytes = 0
stat.node.1.injector.response_bytes = 0
stat.node.1.injector.aggregate_bytes = 0
stat.node.1.injector.request_gbps = 0
stat.node.1.injector.response_gbps = 0
stat.node.1.injector.aggregate_gbps = 0
stat.node.1.cxl.phase_cycles = 38877674
stat.node.1.cxl.request_bytes = 9808352
stat.node.1.cxl.response_bytes = 17493120
stat.node.1.cxl.aggregate_bytes = 27301472
stat.node.1.cxl.request_gbps = 4.84392
stat.node.1.cxl.response_gbps = 8.63909
stat.node.1.cxl.aggregate_gbps = 13.483
stat.node.1.llc.cxl_miss = 273207
stat.node.1.llc.local_miss = 0
stat.node.1.llc.total_miss = 273207
stat.node.1.llc.avg_miss_lat = 667.982
stat.node.1.llc.avg_local_lat = 0
stat.node.1.llc.avg_cxl_lat = 667.982
stat.node.1.amat.llc_avg_miss_lat = 667.982
stat.node.1.amat.llc_avg_local_miss_lat = 0
stat.node.1.amat.llc_avg_cxl_miss_lat = 667.982
stat.node.1.amat.cxl_avg_roundtrip_lat = 666.982
stat.node.1.amat.cxl_avg_queue_delay = 99.9865
stat.node.1.amat.cxl_avg_access_service_time = 72
stat.node.1.amat.cxl_avg_interface_delay = 494.997
stat.node.1.util.dram_avg = 0
stat.node.1.walltime_s = 1698.55
stat.node.1.active_time_s = 543.446
stat.pool.101.util.mem_avg = 0.0757108
stat.pool.101.util.req_link_avg = 0.241551
stat.pool.101.walltime_s = 1698.55
stat.pool.101.active_time_s = 10.575
stat.pool.100.util.mem_avg = 0.0757108
stat.pool.100.util.req_link_avg = 0.241551
stat.pool.100.walltime_s = 1698.55
stat.pool.100.active_time_s = 12.5447
stat.switch.replicated_messages = 809384
stat.switch.util.node_ingress_avg = 0.0915476
stat.switch.util.pool_ingress_avg = 0.264733
stat.switch.bw.host_to_switch_gbps = 13.4992
stat.switch.bw.switch_to_host_gbps = 26.0244
stat.switch.bw.host_link_total_gbps = 39.5236
stat.switch.walltime_s = 1698.55
stat.switch.active_time_s = 27.017
Simulation is complete, simulated time: 20.2386 ms
