stat.node.0.cpu.0.retired = 810
stat.node.0.cpu.0.cycles = 1000000
stat.node.0.cpu.0.retired = 1836
stat.node.0.cpu.0.cycles = 2000000
stat.node.0.cpu.0.retired = 2875
stat.node.0.cpu.0.cycles = 3000000
stat.node.0.cpu.0.retired = 3916
stat.node.0.cpu.0.cycles = 4000000
stat.node.0.cpu.0.retired = 4957
stat.node.0.cpu.0.cycles = 5000000
stat.node.0.cpu.0.load_issue_to_complete_count = 3999
stat.node.0.cpu.0.avg_load_issue_to_complete_lat = 963.21
stat.node.0.injector.phase_cycles = 3856900
stat.node.0.injector.request_bytes = 3606344
stat.node.0.injector.response_bytes = 9616768
stat.node.0.injector.aggregate_bytes = 13223112
stat.node.0.injector.request_gbps = 17.9527
stat.node.0.injector.response_gbps = 47.8731
stat.node.0.injector.aggregate_gbps = 65.8259
stat.node.0.llc.cxl_miss = 4000
stat.node.0.llc.total_miss = 4000
stat.node.0.llc.avg_miss_lat = 854.886
stat.node.0.llc.avg_cxl_lat = 854.886
stat.node.0.llc.miss_lat_hist_bin_ns = 10
stat.node.0.llc.miss_lat_hist = [0,0,0,0,0,0,0,0,0,0,0,0,0,0,0,0,0,0,0,0,0,0,0,0,0,0,0,0,0,0,0,0,70,307,786,1030,1366,441]
stat.node.0.util.dram_avg = 4.76007e-06
stat.node.0.walltime_s = 123.966
stat.node.0.active_time_s = 114.446
stat.pool.100.util.mem_avg = 0.198957
stat.pool.100.util.req_link_avg = 0.368499
stat.pool.100.walltime_s = 123.966
stat.pool.100.active_time_s = 7.67953
Simulation is complete, simulated time: 2.10249 ms
