stat.node.0.cpu.0.retired = 647
stat.node.0.cpu.0.cycles = 1000000
stat.node.0.cpu.0.retired = 1479
stat.node.0.cpu.0.cycles = 2000000
stat.node.0.cpu.0.retired = 2335
stat.node.0.cpu.0.cycles = 3000000
stat.node.0.cpu.0.retired = 3217
stat.node.0.cpu.0.cycles = 4000000
stat.node.0.cpu.0.retired = 4114
stat.node.0.cpu.0.cycles = 5000000
stat.node.0.cpu.0.load_issue_to_complete_count = 3999
stat.node.0.cpu.0.avg_load_issue_to_complete_lat = 1135.2
stat.node.0.injector.phase_cycles = 4544900
stat.node.0.injector.request_bytes = 9007672
stat.node.0.injector.response_bytes = 11378048
stat.node.0.injector.aggregate_bytes = 20385720
stat.node.0.injector.request_gbps = 38.053
stat.node.0.injector.response_gbps = 48.0667
stat.node.0.injector.aggregate_gbps = 86.1198
stat.node.0.llc.cxl_miss = 4000
stat.node.0.llc.total_miss = 4000
stat.node.0.llc.avg_miss_lat = 1026.17
stat.node.0.llc.avg_cxl_lat = 1026.17
stat.node.0.llc.miss_lat_hist_bin_ns = 10
stat.node.0.llc.miss_lat_hist = [0,0,0,0,0,0,0,0,0,0,0,0,0,0,0,0,0,0,0,0,0,0,0,0,0,0,0,0,0,0,0,0,0,0,0,0,0,0,0,0,12,223,2822,943]
stat.node.0.util.dram_avg = 4.01668e-06
stat.node.0.walltime_s = 326.739
stat.node.0.active_time_s = 302.047
stat.pool.100.util.mem_avg = 0.264319
stat.pool.100.util.req_link_avg = 0.777021
stat.pool.100.walltime_s = 326.739
stat.pool.100.active_time_s = 19.3418
Simulation is complete, simulated time: 2.49161 ms
