stat.node.0.cpu.0.retired = 1632
stat.node.0.cpu.0.cycles = 1000000
stat.node.0.cpu.0.retired = 3759
stat.node.0.cpu.0.cycles = 2000000
stat.node.0.cpu.0.load_issue_to_complete_count = 3999
stat.node.0.cpu.0.avg_load_issue_to_complete_lat = 466.223
stat.node.0.injector.phase_cycles = 1869033
stat.node.0.injector.request_bytes = 4627728
stat.node.0.injector.response_bytes = 4113536
stat.node.0.injector.aggregate_bytes = 8741264
stat.node.0.injector.request_gbps = 47.5392
stat.node.0.injector.response_gbps = 42.2571
stat.node.0.injector.aggregate_gbps = 89.7963
stat.node.0.llc.cxl_miss = 4000
stat.node.0.llc.total_miss = 4000
stat.node.0.llc.avg_miss_lat = 359.495
stat.node.0.llc.avg_cxl_lat = 359.495
stat.node.0.llc.miss_lat_hist_bin_ns = 10
stat.node.0.llc.miss_lat_hist = [0,0,0,0,0,0,0,0,0,0,0,0,0,0,3342,658]
stat.node.0.util.dram_avg = 9.44117e-06
stat.node.0.walltime_s = 134.046
stat.node.0.active_time_s = 127.785
stat.pool.100.util.mem_avg = 0.283356
stat.pool.100.util.req_link_avg = 0.97359
stat.pool.100.walltime_s = 134.046
stat.pool.100.active_time_s = 4.22267
Simulation is complete, simulated time: 1.06004 ms
