stat.node.0.cpu.0.load_issue_to_complete_count = 599
stat.node.0.cpu.0.avg_load_issue_to_complete_lat = 666.11
stat.node.0.injector.phase_cycles = 400774
stat.node.0.injector.request_bytes = 231744
stat.node.0.injector.response_bytes = 981504
stat.node.0.injector.aggregate_bytes = 1213248
stat.node.0.injector.request_gbps = 11.1022
stat.node.0.injector.response_gbps = 47.0212
stat.node.0.injector.aggregate_gbps = 58.1234
stat.node.0.llc.cxl_miss = 600
stat.node.0.llc.total_miss = 600
stat.node.0.llc.avg_miss_lat = 441.918
stat.node.0.llc.avg_cxl_lat = 441.918
stat.node.0.llc.miss_lat_hist_bin_ns = 10
stat.node.0.llc.miss_lat_hist = [0,0,0,0,0,0,0,0,0,0,0,0,0,0,0,0,0,152,410,38]
stat.node.0.util.dram_avg = 3.09219e-05
stat.node.0.walltime_s = 7.36086
stat.node.0.active_time_s = 6.99107
stat.pool.100.util.mem_avg = 0.176427
stat.pool.100.util.req_link_avg = 0.230851
stat.pool.100.walltime_s = 7.36089
stat.pool.100.active_time_s = 0.260682
Simulation is complete, simulated time: 323.654 us
