stat.node.0.cpu.0.load_issue_to_complete_count = 599
stat.node.0.cpu.0.avg_load_issue_to_complete_lat = 3659.45
stat.node.0.injector.phase_cycles = 2197419
stat.node.0.injector.request_bytes = 5625344
stat.node.0.injector.response_bytes = 0
stat.node.0.injector.aggregate_bytes = 5625344
stat.node.0.injector.request_gbps = 49.1516
stat.node.0.injector.response_gbps = 0
stat.node.0.injector.aggregate_gbps = 49.1516
stat.node.0.llc.cxl_miss = 600
stat.node.0.llc.total_miss = 600
stat.node.0.llc.avg_miss_lat = 3276.76
stat.node.0.llc.avg_cxl_lat = 3276.76
stat.node.0.llc.miss_lat_hist_bin_ns = 10
stat.node.0.llc.miss_lat_hist = [0,0,0,0,0,0,0,0,0,0,0,0,0,0,0,0,0,0,0,0,0,0,0,0,0,0,0,0,0,0,0,0,0,0,0,0,0,0,0,0,0,0,0,0,0,0,0,0,0,0,0,0,0,0,0,0,0,0,0,0,0,0,0,0,0,0,0,0,0,0,0,0,0,0,0,0,0,0,0,0,0,0,0,0,0,0,0,0,0,0,0,0,0,0,4,4,9,8,7,8,7,3,6,7,8,6,9,8,7,6,6,9,9,5,9,8,7,8,3,11,8,6,8,6,8,3,9,5,10,4,9,7,9,5,5,8,8,7,8,7,5,11,5,6,9,8,6,6,9,9,2,8,7,9,8,9,8,6,7,9,6,9,6,8,9,7,8,7,6,8,8,9,10,6,3,8,9,4]
stat.node.0.util.dram_avg = 7.74419e-06
stat.node.0.walltime_s = 162.852
stat.node.0.active_time_s = 155.612
stat.pool.100.util.mem_avg = 0.161392
stat.pool.100.util.req_link_avg = 0.99995
stat.pool.100.walltime_s = 162.852
stat.pool.100.active_time_s = 4.90391
Simulation is complete, simulated time: 1.29232 ms
