stat.node.0.cpu.0.retired = 723
stat.node.0.cpu.0.cycles = 1000000
stat.node.0.cpu.0.retired = 1649
stat.node.0.cpu.0.cycles = 2000000
stat.node.0.cpu.0.retired = 2588
stat.node.0.cpu.0.cycles = 3000000
stat.node.0.cpu.0.retired = 3531
stat.node.0.cpu.0.cycles = 4000000
stat.node.0.cpu.0.retired = 4475
stat.node.0.cpu.0.cycles = 5000000
stat.node.0.cpu.0.load_issue_to_complete_count = 3999
stat.node.0.cpu.0.avg_load_issue_to_complete_lat = 1062.78
stat.node.0.injector.phase_cycles = 4255200
stat.node.0.injector.request_bytes = 1329576
stat.node.0.injector.response_bytes = 10636416
stat.node.0.injector.aggregate_bytes = 11965992
stat.node.0.injector.request_gbps = 5.99921
stat.node.0.injector.response_gbps = 47.9929
stat.node.0.injector.aggregate_gbps = 53.9921
stat.node.0.llc.cxl_miss = 4000
stat.node.0.llc.total_miss = 4000
stat.node.0.llc.avg_miss_lat = 954.111
stat.node.0.llc.avg_cxl_lat = 954.111
stat.node.0.llc.miss_lat_hist_bin_ns = 10
stat.node.0.llc.miss_lat_hist = [0,0,0,0,0,0,0,0,0,0,0,0,0,0,0,0,0,0,0,0,0,0,0,0,0,0,0,0,0,0,0,0,0,0,0,0,77,310,783,1019,1374,437]
stat.node.0.util.dram_avg = 4.31868e-06
stat.node.0.walltime_s = 109.189
stat.node.0.active_time_s = 100.574
stat.pool.100.util.mem_avg = 0.160001
stat.pool.100.util.req_link_avg = 0.12501
stat.pool.100.walltime_s = 109.189
stat.pool.100.active_time_s = 6.86005
Simulation is complete, simulated time: 2.31738 ms
