stat.node.0.cpu.0.retired = 993
stat.node.0.cpu.0.cycles = 1000000
stat.node.0.cpu.0.retired = 2282
stat.node.0.cpu.0.cycles = 2000000
stat.node.0.cpu.0.retired = 3657
stat.node.0.cpu.0.cycles = 3000000
stat.node.0.cpu.0.load_issue_to_complete_count = 3999
stat.node.0.cpu.0.avg_load_issue_to_complete_lat = 735.348
stat.node.0.injector.phase_cycles = 2945528
stat.node.0.injector.request_bytes = 7508384
stat.node.0.injector.response_bytes = 6674176
stat.node.0.injector.aggregate_bytes = 14182560
stat.node.0.injector.request_gbps = 48.9423
stat.node.0.injector.response_gbps = 43.5047
stat.node.0.injector.aggregate_gbps = 92.447
stat.node.0.llc.cxl_miss = 4000
stat.node.0.llc.total_miss = 4000
stat.node.0.llc.avg_miss_lat = 627.669
stat.node.0.llc.avg_cxl_lat = 627.669
stat.node.0.llc.miss_lat_hist_bin_ns = 10
stat.node.0.llc.miss_lat_hist = [0,0,0,0,0,0,0,0,0,0,0,0,0,0,0,0,0,0,0,0,0,0,0,0,0,904,3096]
stat.node.0.util.dram_avg = 6.07484e-06
stat.node.0.walltime_s = 212.909
stat.node.0.active_time_s = 201.851
stat.pool.100.util.mem_avg = 0.288566
stat.pool.100.util.req_link_avg = 0.999958
stat.pool.100.walltime_s = 212.909
stat.pool.100.active_time_s = 7.89861
Simulation is complete, simulated time: 1.64745 ms
