stat.node.0.cpu.0.load_issue_to_complete_count = 599
stat.node.0.cpu.0.avg_load_issue_to_complete_lat = 751.295
stat.node.0.injector.phase_cycles = 452025
stat.node.0.injector.request_bytes = 263576
stat.node.0.injector.response_bytes = 1116352
stat.node.0.injector.aggregate_bytes = 1379928
stat.node.0.injector.request_gbps = 11.1955
stat.node.0.injector.response_gbps = 47.4176
stat.node.0.injector.aggregate_gbps = 58.6132
stat.node.0.llc.cxl_miss = 600
stat.node.0.llc.total_miss = 600
stat.node.0.llc.avg_miss_lat = 520.628
stat.node.0.llc.avg_cxl_lat = 520.628
stat.node.0.llc.miss_lat_hist_bin_ns = 10
stat.node.0.llc.miss_lat_hist = [0,0,0,0,0,0,0,0,0,0,0,0,0,0,0,0,0,0,0,62,180,132,126,52,48]
stat.node.0.util.dram_avg = 2.72519e-05
stat.node.0.walltime_s = 8.69622
stat.node.0.active_time_s = 8.27499
stat.pool.100.util.mem_avg = 0.177098
stat.pool.100.util.req_link_avg = 0.232152
stat.pool.100.walltime_s = 8.69625
stat.pool.100.active_time_s = 0.297514
Simulation is complete, simulated time: 367.241 us
