stat.node.0.cpu.0.load_issue_to_complete_count = 599
stat.node.0.cpu.0.avg_load_issue_to_complete_lat = 740.736
stat.node.0.injector.phase_cycles = 445650
stat.node.0.injector.request_bytes = 608928
stat.node.0.injector.response_bytes = 1100032
stat.node.0.injector.aggregate_bytes = 1708960
stat.node.0.injector.request_gbps = 26.2345
stat.node.0.injector.response_gbps = 47.3928
stat.node.0.injector.aggregate_gbps = 73.6274
stat.node.0.llc.cxl_miss = 600
stat.node.0.llc.total_miss = 600
stat.node.0.llc.avg_miss_lat = 511.212
stat.node.0.llc.avg_cxl_lat = 511.212
stat.node.0.llc.miss_lat_hist_bin_ns = 10
stat.node.0.llc.miss_lat_hist = [0,0,0,0,0,0,0,0,0,0,0,0,0,0,0,0,0,0,0,47,187,283,79,4]
stat.node.0.util.dram_avg = 2.76457e-05
stat.node.0.walltime_s = 16.6741
stat.node.0.active_time_s = 15.7485
stat.pool.100.util.mem_avg = 0.22605
stat.pool.100.util.req_link_avg = 0.538131
stat.pool.100.walltime_s = 16.6741
stat.pool.100.active_time_s = 0.648693
Simulation is complete, simulated time: 362.01 us
