stat.node.0.cpu.0.load_issue_to_complete_count = 599
stat.node.0.cpu.0.avg_load_issue_to_complete_lat = 588.806
stat.node.0.injector.phase_cycles = 354323
stat.node.0.injector.request_bytes = 426808
stat.node.0.injector.response_bytes = 771008
stat.node.0.injector.aggregate_bytes = 1197816
stat.node.0.injector.request_gbps = 23.1278
stat.node.0.injector.response_gbps = 41.7793
stat.node.0.injector.aggregate_gbps = 64.9071
stat.node.0.llc.cxl_miss = 600
stat.node.0.llc.total_miss = 600
stat.node.0.llc.avg_miss_lat = 368.29
stat.node.0.llc.avg_cxl_lat = 368.29
stat.node.0.llc.miss_lat_hist_bin_ns = 10
stat.node.0.llc.miss_lat_hist = [0,0,0,0,0,0,0,0,0,0,0,0,0,0,0,517,53,30]
stat.node.0.util.dram_avg = 3.51293e-05
stat.node.0.walltime_s = 35.8781
stat.node.0.active_time_s = 34.0781
stat.pool.100.util.mem_avg = 0.201494
stat.pool.100.util.req_link_avg = 0.47612
stat.pool.100.walltime_s = 35.8781
stat.pool.100.active_time_s = 1.1055
Simulation is complete, simulated time: 284.891 us
