stat.node.0.cpu.0.load_issue_to_complete_count = 599
stat.node.0.cpu.0.avg_load_issue_to_complete_lat = 756.22
stat.node.0.injector.phase_cycles = 454950
stat.node.0.injector.request_bytes = 140480
stat.node.0.injector.response_bytes = 1123840
stat.node.0.injector.aggregate_bytes = 1264320
stat.node.0.injector.request_gbps = 5.9286
stat.node.0.injector.response_gbps = 47.4288
stat.node.0.injector.aggregate_gbps = 53.3574
stat.node.0.llc.cxl_miss = 600
stat.node.0.llc.total_miss = 600
stat.node.0.llc.avg_miss_lat = 525.545
stat.node.0.llc.avg_cxl_lat = 525.545
stat.node.0.llc.miss_lat_hist_bin_ns = 10
stat.node.0.llc.miss_lat_hist = [0,0,0,0,0,0,0,0,0,0,0,0,0,0,0,0,0,0,0,0,17,423,153,6,1]
stat.node.0.util.dram_avg = 2.71263e-05
stat.node.0.walltime_s = 4.91609
stat.node.0.active_time_s = 4.68179
stat.pool.100.util.mem_avg = 0.159972
stat.pool.100.util.req_link_avg = 0.124995
stat.pool.100.walltime_s = 4.91612
stat.pool.100.active_time_s = 0.150972
Simulation is complete, simulated time: 368.94 us
