stat.node.0.cpu.0.retired = 752
stat.node.0.cpu.0.cycles = 1000000
stat.node.0.cpu.0.retired = 1718
stat.node.0.cpu.0.cycles = 2000000
stat.node.0.cpu.0.retired = 2692
stat.node.0.cpu.0.cycles = 3000000
stat.node.0.cpu.0.retired = 3671
stat.node.0.cpu.0.cycles = 4000000
stat.node.0.cpu.0.retired = 4649
stat.node.0.cpu.0.cycles = 5000000
stat.node.0.cpu.0.load_issue_to_complete_count = 3999
stat.node.0.cpu.0.avg_load_issue_to_complete_lat = 1024.24
stat.node.0.injector.phase_cycles = 4101050
stat.node.0.injector.request_bytes = 8108288
stat.node.0.injector.response_bytes = 10241792
stat.node.0.injector.aggregate_bytes = 18350080
stat.node.0.injector.request_gbps = 37.9608
stat.node.0.injector.response_gbps = 47.9493
stat.node.0.injector.aggregate_gbps = 85.9101
stat.node.0.llc.cxl_miss = 4000
stat.node.0.llc.total_miss = 4000
stat.node.0.llc.avg_miss_lat = 915.723
stat.node.0.llc.avg_cxl_lat = 915.723
stat.node.0.llc.miss_lat_hist_bin_ns = 10
stat.node.0.llc.miss_lat_hist = [0,0,0,0,0,0,0,0,0,0,0,0,0,0,0,0,0,0,0,0,0,0,0,0,0,0,0,0,0,0,0,0,0,0,10,225,527,937,1203,1054,44]
stat.node.0.util.dram_avg = 4.47884e-06
stat.node.0.walltime_s = 132.135
stat.node.0.active_time_s = 122.447
stat.pool.100.util.mem_avg = 0.264048
stat.pool.100.util.req_link_avg = 0.775334
stat.pool.100.walltime_s = 132.135
stat.pool.100.active_time_s = 7.9552
Simulation is complete, simulated time: 2.23451 ms
