stat.node.0.cpu.0.retired = 1668
stat.node.0.cpu.0.cycles = 1000000
stat.node.0.cpu.0.retired = 3845
stat.node.0.cpu.0.cycles = 2000000
stat.node.0.cpu.0.load_issue_to_complete_count = 3999
stat.node.0.cpu.0.avg_load_issue_to_complete_lat = 456.795
stat.node.0.injector.phase_cycles = 1831330
stat.node.0.injector.request_bytes = 28576
stat.node.0.injector.response_bytes = 6912
stat.node.0.injector.aggregate_bytes = 35488
stat.node.0.injector.request_gbps = 0.299596
stat.node.0.injector.response_gbps = 0.0724667
stat.node.0.injector.aggregate_gbps = 0.372063
stat.node.0.llc.cxl_miss = 4000
stat.node.0.llc.total_miss = 4000
stat.node.0.llc.avg_miss_lat = 350.101
stat.node.0.llc.avg_cxl_lat = 350.101
stat.node.0.llc.miss_lat_hist_bin_ns = 10
stat.node.0.llc.miss_lat_hist = [0,0,0,0,0,0,0,0,0,0,0,0,0,0,3984,16]
stat.node.0.util.dram_avg = 9.63069e-06
stat.node.0.walltime_s = 129.614
stat.node.0.active_time_s = 123.555
stat.pool.100.util.mem_avg = 0.00962409
stat.pool.100.util.req_link_avg = 0.0126892
stat.pool.100.walltime_s = 129.614
stat.pool.100.active_time_s = 4.35778
Simulation is complete, simulated time: 1.03918 ms
