stat.node.0.cpu.0.load_issue_to_complete_count = 599
stat.node.0.cpu.0.avg_load_issue_to_complete_lat = 723.958
stat.node.0.injector.phase_cycles = 435575
stat.node.0.injector.request_bytes = 850368
stat.node.0.injector.response_bytes = 1074240
stat.node.0.injector.aggregate_bytes = 1924608
stat.node.0.injector.request_gbps = 37.4839
stat.node.0.injector.response_gbps = 47.3521
stat.node.0.injector.aggregate_gbps = 84.8361
stat.node.0.llc.cxl_miss = 600
stat.node.0.llc.total_miss = 600
stat.node.0.llc.avg_miss_lat = 495.045
stat.node.0.llc.avg_cxl_lat = 495.045
stat.node.0.llc.miss_lat_hist_bin_ns = 10
stat.node.0.llc.miss_lat_hist = [0,0,0,0,0,0,0,0,0,0,0,0,0,0,0,0,0,0,1,123,337,135,4]
stat.node.0.util.dram_avg = 2.82746e-05
stat.node.0.walltime_s = 19.9588
stat.node.0.active_time_s = 18.9633
stat.pool.100.util.mem_avg = 0.262676
stat.pool.100.util.req_link_avg = 0.767098
stat.pool.100.walltime_s = 19.9588
stat.pool.100.active_time_s = 0.591792
Simulation is complete, simulated time: 353.958 us
