stat.node.0.cpu.0.load_issue_to_complete_count = 599
stat.node.0.cpu.0.avg_load_issue_to_complete_lat = 1317.48
stat.node.0.injector.phase_cycles = 791997
stat.node.0.injector.request_bytes = 2022760
stat.node.0.injector.response_bytes = 1797696
stat.node.0.injector.aggregate_bytes = 3820456
stat.node.0.injector.request_gbps = 49.0368
stat.node.0.injector.response_gbps = 43.5807
stat.node.0.injector.aggregate_gbps = 92.6175
stat.node.0.llc.cxl_miss = 600
stat.node.0.llc.total_miss = 600
stat.node.0.llc.avg_miss_lat = 1055.53
stat.node.0.llc.avg_cxl_lat = 1055.53
stat.node.0.llc.miss_lat_hist_bin_ns = 10
stat.node.0.llc.miss_lat_hist = [0,0,0,0,0,0,0,0,0,0,0,0,0,0,0,0,0,0,0,0,0,0,0,0,0,0,0,0,0,0,0,0,0,0,0,0,0,0,0,0,12,65,86,103,148,149,37]
stat.node.0.util.dram_avg = 1.77497e-05
stat.node.0.walltime_s = 71.5817
stat.node.0.active_time_s = 68.2275
stat.pool.100.util.mem_avg = 0.287249
stat.pool.100.util.req_link_avg = 0.999881
stat.pool.100.walltime_s = 71.5817
stat.pool.100.active_time_s = 2.23138
Simulation is complete, simulated time: 563.839 us
