stat.node.0.cpu.0.load_issue_to_complete_count = 599
stat.node.0.cpu.0.avg_load_issue_to_complete_lat = 677.871
stat.node.0.injector.phase_cycles = 407837
stat.node.0.injector.request_bytes = 1038896
stat.node.0.injector.response_bytes = 639360
stat.node.0.injector.aggregate_bytes = 1678256
stat.node.0.injector.request_gbps = 48.9088
stat.node.0.injector.response_gbps = 30.0996
stat.node.0.injector.aggregate_gbps = 79.0083
stat.node.0.llc.cxl_miss = 600
stat.node.0.llc.total_miss = 600
stat.node.0.llc.avg_miss_lat = 451.852
stat.node.0.llc.avg_cxl_lat = 451.852
stat.node.0.llc.miss_lat_hist_bin_ns = 10
stat.node.0.llc.miss_lat_hist = [0,0,0,0,0,0,0,0,0,0,0,0,0,0,0,0,0,83,337,180]
stat.node.0.util.dram_avg = 3.07308e-05
stat.node.0.walltime_s = 41.0316
stat.node.0.active_time_s = 38.3457
stat.pool.100.util.mem_avg = 0.251212
stat.pool.100.util.req_link_avg = 0.999788
stat.pool.100.walltime_s = 41.0317
stat.pool.100.active_time_s = 1.73539
Simulation is complete, simulated time: 325.667 us
