stat.node.0.cpu.0.load_issue_to_complete_count = 599
stat.node.0.cpu.0.avg_load_issue_to_complete_lat = 607.679
stat.node.0.injector.phase_cycles = 365650
stat.node.0.injector.request_bytes = 927288
stat.node.0.injector.response_bytes = 824256
stat.node.0.injector.aggregate_bytes = 1751544
stat.node.0.injector.request_gbps = 48.6912
stat.node.0.injector.response_gbps = 43.281
stat.node.0.injector.aggregate_gbps = 91.9722
stat.node.0.llc.cxl_miss = 600
stat.node.0.llc.total_miss = 600
stat.node.0.llc.avg_miss_lat = 386.508
stat.node.0.llc.avg_cxl_lat = 386.508
stat.node.0.llc.miss_lat_hist_bin_ns = 10
stat.node.0.llc.miss_lat_hist = [0,0,0,0,0,0,0,0,0,0,0,0,0,0,0,235,365]
stat.node.0.util.dram_avg = 3.41257e-05
stat.node.0.walltime_s = 36.7612
stat.node.0.active_time_s = 34.7525
stat.pool.100.util.mem_avg = 0.288747
stat.pool.100.util.req_link_avg = 0.995941
stat.pool.100.walltime_s = 36.7613
stat.pool.100.active_time_s = 1.49983
Simulation is complete, simulated time: 293.269 us
