stat.node.0.cpu.0.load_issue_to_complete_count = 599
stat.node.0.cpu.0.avg_load_issue_to_complete_lat = 751.421
stat.node.0.injector.phase_cycles = 452075
stat.node.0.injector.request_bytes = 139552
stat.node.0.injector.response_bytes = 1116480
stat.node.0.injector.aggregate_bytes = 1256032
stat.node.0.injector.request_gbps = 5.92689
stat.node.0.injector.response_gbps = 47.4178
stat.node.0.injector.aggregate_gbps = 53.3447
stat.node.0.llc.cxl_miss = 600
stat.node.0.llc.total_miss = 600
stat.node.0.llc.avg_miss_lat = 520.962
stat.node.0.llc.avg_cxl_lat = 520.962
stat.node.0.llc.miss_lat_hist_bin_ns = 10
stat.node.0.llc.miss_lat_hist = [0,0,0,0,0,0,0,0,0,0,0,0,0,0,0,0,0,0,0,0,63,436,99,2]
stat.node.0.util.dram_avg = 2.72945e-05
stat.node.0.walltime_s = 4.8386
stat.node.0.active_time_s = 4.60617
stat.pool.100.util.mem_avg = 0.159971
stat.pool.100.util.req_link_avg = 0.124994
stat.pool.100.walltime_s = 4.83863
stat.pool.100.active_time_s = 0.149081
Simulation is complete, simulated time: 366.668 us
