stat.node.0.cpu.0.retired = 1568
stat.node.0.cpu.0.cycles = 1000000
stat.node.0.cpu.0.retired = 3605
stat.node.0.cpu.0.cycles = 2000000
stat.node.0.cpu.0.load_issue_to_complete_count = 3999
stat.node.0.cpu.0.avg_load_issue_to_complete_lat = 484.378
stat.node.0.injector.phase_cycles = 1941655
stat.node.0.injector.request_bytes = 2493640
stat.node.0.injector.response_bytes = 4504640
stat.node.0.injector.aggregate_bytes = 6998280
stat.node.0.injector.request_gbps = 24.6583
stat.node.0.injector.response_gbps = 44.544
stat.node.0.injector.aggregate_gbps = 69.2023
stat.node.0.llc.cxl_miss = 4000
stat.node.0.llc.total_miss = 4000
stat.node.0.llc.avg_miss_lat = 377.579
stat.node.0.llc.avg_cxl_lat = 377.579
stat.node.0.llc.miss_lat_hist_bin_ns = 10
stat.node.0.llc.miss_lat_hist = [0,0,0,0,0,0,0,0,0,0,0,0,0,0,0,2352,1648]
stat.node.0.util.dram_avg = 9.10508e-06
stat.node.0.walltime_s = 138.562
stat.node.0.active_time_s = 131.382
stat.pool.100.util.mem_avg = 0.215102
stat.pool.100.util.req_link_avg = 0.507876
stat.pool.100.walltime_s = 138.562
stat.pool.100.active_time_s = 5.11904
Simulation is complete, simulated time: 1.09917 ms
