stat.node.0.cpu.0.retired = 1629
stat.node.0.cpu.0.cycles = 1000000
stat.node.0.cpu.0.retired = 3726
stat.node.0.cpu.0.cycles = 2000000
stat.node.0.cpu.0.load_issue_to_complete_count = 3999
stat.node.0.cpu.0.avg_load_issue_to_complete_lat = 472.941
stat.node.0.injector.phase_cycles = 1895905
stat.node.0.injector.request_bytes = 4694248
stat.node.0.injector.response_bytes = 1138048
stat.node.0.injector.aggregate_bytes = 5832296
stat.node.0.injector.request_gbps = 47.5391
stat.node.0.injector.response_gbps = 11.5251
stat.node.0.injector.aggregate_gbps = 59.0642
stat.node.0.llc.cxl_miss = 4000
stat.node.0.llc.total_miss = 4000
stat.node.0.llc.avg_miss_lat = 366.223
stat.node.0.llc.avg_cxl_lat = 366.223
stat.node.0.llc.miss_lat_hist_bin_ns = 10
stat.node.0.llc.miss_lat_hist = [0,0,0,0,0,0,0,0,0,0,0,0,0,0,1712,2288]
stat.node.0.util.dram_avg = 9.34232e-06
stat.node.0.walltime_s = 134.829
stat.node.0.active_time_s = 128.636
stat.pool.100.util.mem_avg = 0.195743
stat.pool.100.util.req_link_avg = 0.973523
stat.pool.100.walltime_s = 134.829
stat.pool.100.active_time_s = 4.43552
Simulation is complete, simulated time: 1.07125 ms
