stat.node.0.cpu.0.retired = 647
stat.node.0.cpu.0.cycles = 1000000
stat.node.0.cpu.0.retired = 1479
stat.node.0.cpu.0.cycles = 2000000
stat.node.0.cpu.0.retired = 2331
stat.node.0.cpu.0.cycles = 3000000
stat.node.0.cpu.0.retired = 3187
stat.node.0.cpu.0.cycles = 4000000
stat.node.0.cpu.0.retired = 4044
stat.node.0.cpu.0.cycles = 5000000
stat.node.0.cpu.0.retired = 4900
stat.node.0.cpu.0.cycles = 6000000
stat.node.0.cpu.0.load_issue_to_complete_count = 3999
stat.node.0.cpu.0.avg_load_issue_to_complete_lat = 1170.82
stat.node.0.injector.phase_cycles = 4687375
stat.node.0.injector.request_bytes = 6500648
stat.node.0.injector.response_bytes = 11742784
stat.node.0.injector.aggregate_bytes = 18243432
stat.node.0.injector.request_gbps = 26.6274
stat.node.0.injector.response_gbps = 48.0997
stat.node.0.injector.aggregate_gbps = 74.7271
stat.node.0.llc.cxl_miss = 4000
stat.node.0.llc.total_miss = 4000
stat.node.0.llc.avg_miss_lat = 1061.79
stat.node.0.llc.avg_cxl_lat = 1061.79
stat.node.0.llc.miss_lat_hist_bin_ns = 10
stat.node.0.llc.miss_lat_hist = [0,0,0,0,0,0,0,0,0,0,0,0,0,0,0,0,0,0,0,0,0,0,0,0,0,0,0,0,0,0,0,0,0,0,0,0,0,0,0,0,13,223,544,908,1234,1044,34]
stat.node.0.util.dram_avg = 3.92319e-06
stat.node.0.walltime_s = 330.333
stat.node.0.active_time_s = 306.932
stat.pool.100.util.mem_avg = 0.227097
stat.pool.100.util.req_link_avg = 0.544388
stat.pool.100.walltime_s = 330.333
stat.pool.100.active_time_s = 18.9508
Simulation is complete, simulated time: 2.55099 ms
