stat.node.0.cpu.0.load_issue_to_complete_count = 599
stat.node.0.cpu.0.avg_load_issue_to_complete_lat = 707.347
stat.node.0.injector.phase_cycles = 425600
stat.node.0.injector.request_bytes = 131088
stat.node.0.injector.response_bytes = 1048704
stat.node.0.injector.aggregate_bytes = 1179792
stat.node.0.injector.request_gbps = 5.91374
stat.node.0.injector.response_gbps = 47.31
stat.node.0.injector.aggregate_gbps = 53.2237
stat.node.0.llc.cxl_miss = 600
stat.node.0.llc.total_miss = 600
stat.node.0.llc.avg_miss_lat = 479.545
stat.node.0.llc.avg_cxl_lat = 479.545
stat.node.0.llc.miss_lat_hist_bin_ns = 10
stat.node.0.llc.miss_lat_hist = [0,0,0,0,0,0,0,0,0,0,0,0,0,0,0,0,0,0,3,366,213,18]
stat.node.0.util.dram_avg = 2.8946e-05
stat.node.0.walltime_s = 4.55731
stat.node.0.active_time_s = 4.34321
stat.pool.100.util.mem_avg = 0.159961
stat.pool.100.util.req_link_avg = 0.124988
stat.pool.100.walltime_s = 4.55733
stat.pool.100.active_time_s = 0.137028
Simulation is complete, simulated time: 345.747 us
