stat.node.0.cpu.0.retired = 562
stat.node.0.cpu.0.cycles = 1000000
stat.node.0.cpu.0.retired = 1293
stat.node.0.cpu.0.cycles = 2000000
stat.node.0.cpu.0.retired = 2045
stat.node.0.cpu.0.cycles = 3000000
stat.node.0.cpu.0.retired = 2804
stat.node.0.cpu.0.cycles = 4000000
stat.node.0.cpu.0.retired = 3562
stat.node.0.cpu.0.cycles = 5000000
stat.node.0.cpu.0.retired = 4321
stat.node.0.cpu.0.cycles = 6000000
stat.node.0.cpu.0.load_issue_to_complete_count = 3999
stat.node.0.cpu.0.avg_load_issue_to_complete_lat = 1321.24
stat.node.0.injector.phase_cycles = 5289025
stat.node.0.injector.request_bytes = 3136312
stat.node.0.injector.response_bytes = 13283008
stat.node.0.injector.aggregate_bytes = 16419320
stat.node.0.injector.request_gbps = 11.3853
stat.node.0.injector.response_gbps = 48.2194
stat.node.0.injector.aggregate_gbps = 59.6047
stat.node.0.llc.cxl_miss = 4000
stat.node.0.llc.total_miss = 4000
stat.node.0.llc.avg_miss_lat = 1211.68
stat.node.0.llc.avg_cxl_lat = 1211.68
stat.node.0.llc.miss_lat_hist_bin_ns = 10
stat.node.0.llc.miss_lat_hist = [0,0,0,0,0,0,0,0,0,0,0,0,0,0,0,0,0,0,0,0,0,0,0,0,0,0,0,0,0,0,0,0,0,0,0,0,0,0,0,0,0,0,0,0,0,0,6,232,194,701,874,1341,652]
stat.node.0.util.dram_avg = 3.48097e-06
stat.node.0.walltime_s = 127.155
stat.node.0.active_time_s = 117.603
stat.pool.100.util.mem_avg = 0.177439
stat.pool.100.util.req_link_avg = 0.234013
stat.pool.100.walltime_s = 127.155
stat.pool.100.active_time_s = 7.60482
Simulation is complete, simulated time: 2.87506 ms
