stat.node.0.cpu.0.load_issue_to_complete_count = 599
stat.node.0.cpu.0.avg_load_issue_to_complete_lat = 620.005
stat.node.0.injector.phase_cycles = 373041
stat.node.0.injector.request_bytes = 304408
stat.node.0.injector.response_bytes = 811776
stat.node.0.injector.aggregate_bytes = 1116184
stat.node.0.injector.request_gbps = 15.6675
stat.node.0.injector.response_gbps = 41.7812
stat.node.0.injector.aggregate_gbps = 57.4487
stat.node.0.llc.cxl_miss = 600
stat.node.0.llc.total_miss = 600
stat.node.0.llc.avg_miss_lat = 397.383
stat.node.0.llc.avg_cxl_lat = 397.383
stat.node.0.llc.miss_lat_hist_bin_ns = 10
stat.node.0.llc.miss_lat_hist = [0,0,0,0,0,0,0,0,0,0,0,0,0,0,8,213,226,110,43]
stat.node.0.util.dram_avg = 3.34495e-05
stat.node.0.walltime_s = 38.0718
stat.node.0.active_time_s = 36.1964
stat.pool.100.util.mem_avg = 0.176874
stat.pool.100.util.req_link_avg = 0.3241
stat.pool.100.walltime_s = 38.0718
stat.pool.100.active_time_s = 1.30295
Simulation is complete, simulated time: 299.198 us
