stat.node.0.cpu.0.retired = 1658
stat.node.0.cpu.0.cycles = 1000000
stat.node.0.cpu.0.retired = 3826
stat.node.0.cpu.0.cycles = 2000000
stat.node.0.cpu.0.load_issue_to_complete_count = 3999
stat.node.0.cpu.0.avg_load_issue_to_complete_lat = 458.64
stat.node.0.injector.phase_cycles = 1838706
stat.node.0.injector.request_bytes = 294192
stat.node.0.injector.response_bytes = 2353536
stat.node.0.injector.aggregate_bytes = 2647728
stat.node.0.injector.request_gbps = 3.07199
stat.node.0.injector.response_gbps = 24.5759
stat.node.0.injector.aggregate_gbps = 27.6479
stat.node.0.llc.cxl_miss = 4000
stat.node.0.llc.total_miss = 4000
stat.node.0.llc.avg_miss_lat = 351.943
stat.node.0.llc.avg_cxl_lat = 351.943
stat.node.0.llc.miss_lat_hist_bin_ns = 10
stat.node.0.llc.miss_lat_hist = [0,0,0,0,0,0,0,0,0,0,0,0,0,0,3620,380]
stat.node.0.util.dram_avg = 9.58829e-06
stat.node.0.walltime_s = 131.414
stat.node.0.active_time_s = 124.985
stat.pool.100.util.mem_avg = 0.0883963
stat.pool.100.util.req_link_avg = 0.0690628
stat.pool.100.walltime_s = 131.414
stat.pool.100.active_time_s = 4.59114
Simulation is complete, simulated time: 1.04377 ms
