stat.node.0.cpu.0.load_issue_to_complete_count = 599
stat.node.0.cpu.0.avg_load_issue_to_complete_lat = 1701.97
stat.node.0.injector.phase_cycles = 1022819
stat.node.0.injector.request_bytes = 2614104
stat.node.0.injector.response_bytes = 2322944
stat.node.0.injector.aggregate_bytes = 4937048
stat.node.0.injector.request_gbps = 49.071
stat.node.0.injector.response_gbps = 43.6055
stat.node.0.injector.aggregate_gbps = 92.6765
stat.node.0.llc.cxl_miss = 600
stat.node.0.llc.total_miss = 600
stat.node.0.llc.avg_miss_lat = 1419.03
stat.node.0.llc.avg_cxl_lat = 1419.03
stat.node.0.llc.miss_lat_hist_bin_ns = 10
stat.node.0.llc.miss_lat_hist = [0,0,0,0,0,0,0,0,0,0,0,0,0,0,0,0,0,0,0,0,0,0,0,0,0,0,0,0,0,0,0,0,0,0,0,0,0,0,0,0,0,0,0,0,0,0,0,0,0,0,0,11,36,36,17,40,40,48,33,56,36,53,78,81,35]
stat.node.0.util.dram_avg = 1.44325e-05
stat.node.0.walltime_s = 87.7329
stat.node.0.active_time_s = 83.2692
stat.pool.100.util.mem_avg = 0.286725
stat.pool.100.util.req_link_avg = 0.999904
stat.pool.100.walltime_s = 87.7329
stat.pool.100.active_time_s = 3.15074
Simulation is complete, simulated time: 693.435 us
