stat.node.0.cpu.0.retired = 1638
stat.node.0.cpu.0.cycles = 1000000
stat.node.0.cpu.0.retired = 3779
stat.node.0.cpu.0.cycles = 2000000
stat.node.0.cpu.0.load_issue_to_complete_count = 3999
stat.node.0.cpu.0.avg_load_issue_to_complete_lat = 463.718
stat.node.0.injector.phase_cycles = 1859028
stat.node.0.injector.request_bytes = 4312944
stat.node.0.injector.response_bytes = 3833728
stat.node.0.injector.aggregate_bytes = 8146672
stat.node.0.injector.request_gbps = 44.544
stat.node.0.injector.response_gbps = 39.5947
stat.node.0.injector.aggregate_gbps = 84.1386
stat.node.0.llc.cxl_miss = 4000
stat.node.0.llc.total_miss = 4000
stat.node.0.llc.avg_miss_lat = 357.005
stat.node.0.llc.avg_cxl_lat = 357.005
stat.node.0.llc.miss_lat_hist_bin_ns = 10
stat.node.0.llc.miss_lat_hist = [0,0,0,0,0,0,0,0,0,0,0,0,0,0,3033,967]
stat.node.0.util.dram_avg = 9.48693e-06
stat.node.0.walltime_s = 133.66
stat.node.0.active_time_s = 126.454
stat.pool.100.util.mem_avg = 0.266065
stat.pool.100.util.req_link_avg = 0.912687
stat.pool.100.walltime_s = 133.66
stat.pool.100.active_time_s = 5.03212
Simulation is complete, simulated time: 1.05493 ms
