stat.node.0.cpu.0.retired = 656
stat.node.0.cpu.0.cycles = 1000000
stat.node.0.cpu.0.retired = 1500
stat.node.0.cpu.0.cycles = 2000000
stat.node.0.cpu.0.retired = 2363
stat.node.0.cpu.0.cycles = 3000000
stat.node.0.cpu.0.retired = 3230
stat.node.0.cpu.0.cycles = 4000000
stat.node.0.cpu.0.retired = 4097
stat.node.0.cpu.0.cycles = 5000000
stat.node.0.cpu.0.retired = 4964
stat.node.0.cpu.0.cycles = 6000000
stat.node.0.cpu.0.load_issue_to_complete_count = 3999
stat.node.0.cpu.0.avg_load_issue_to_complete_lat = 1156.22
stat.node.0.injector.phase_cycles = 4628950
stat.node.0.injector.request_bytes = 6417824
stat.node.0.injector.response_bytes = 11593216
stat.node.0.injector.aggregate_bytes = 18011040
stat.node.0.injector.request_gbps = 26.6199
stat.node.0.injector.response_gbps = 48.0864
stat.node.0.injector.aggregate_gbps = 74.7064
stat.node.0.llc.cxl_miss = 4000
stat.node.0.llc.total_miss = 4000
stat.node.0.llc.avg_miss_lat = 1047.21
stat.node.0.llc.avg_cxl_lat = 1047.21
stat.node.0.llc.miss_lat_hist_bin_ns = 10
stat.node.0.llc.miss_lat_hist = [0,0,0,0,0,0,0,0,0,0,0,0,0,0,0,0,0,0,0,0,0,0,0,0,0,0,0,0,0,0,0,0,0,0,0,0,0,0,0,1,141,316,866,997,1396,283]
stat.node.0.util.dram_avg = 3.97218e-06
stat.node.0.walltime_s = 147.722
stat.node.0.active_time_s = 136.456
stat.pool.100.util.mem_avg = 0.227079
stat.pool.100.util.req_link_avg = 0.544274
stat.pool.100.walltime_s = 147.722
stat.pool.100.active_time_s = 9.21589
Simulation is complete, simulated time: 2.51953 ms
