stat.node.0.cpu.0.retired = 746
stat.node.0.cpu.0.cycles = 1000000
stat.node.0.cpu.0.retired = 1701
stat.node.0.cpu.0.cycles = 2000000
stat.node.0.cpu.0.retired = 2667
stat.node.0.cpu.0.cycles = 3000000
stat.node.0.cpu.0.retired = 3637
stat.node.0.cpu.0.cycles = 4000000
stat.node.0.cpu.0.retired = 4607
stat.node.0.cpu.0.cycles = 5000000
stat.node.0.cpu.0.load_issue_to_complete_count = 3999
stat.node.0.cpu.0.avg_load_issue_to_complete_lat = 1033.2
stat.node.0.injector.phase_cycles = 4136875
stat.node.0.injector.request_bytes = 2439880
stat.node.0.injector.response_bytes = 10333504
stat.node.0.injector.aggregate_bytes = 12773384
stat.node.0.injector.request_gbps = 11.3239
stat.node.0.injector.response_gbps = 47.9597
stat.node.0.injector.aggregate_gbps = 59.2836
stat.node.0.llc.cxl_miss = 4000
stat.node.0.llc.total_miss = 4000
stat.node.0.llc.avg_miss_lat = 924.624
stat.node.0.llc.avg_cxl_lat = 924.624
stat.node.0.llc.miss_lat_hist_bin_ns = 10
stat.node.0.llc.miss_lat_hist = [0,0,0,0,0,0,0,0,0,0,0,0,0,0,0,0,0,0,0,0,0,0,0,0,0,0,0,0,0,0,0,0,0,0,1,131,353,888,1019,1356,252]
stat.node.0.util.dram_avg = 4.44035e-06
stat.node.0.walltime_s = 76.5774
stat.node.0.active_time_s = 70.8168
stat.pool.100.util.mem_avg = 0.177346
stat.pool.100.util.req_link_avg = 0.233422
stat.pool.100.walltime_s = 76.5774
stat.pool.100.active_time_s = 4.6779
Simulation is complete, simulated time: 2.25388 ms
