stat.node.0.cpu.0.retired = 390
stat.node.0.cpu.0.cycles = 1000000
stat.node.0.cpu.0.retired = 898
stat.node.0.cpu.0.cycles = 2000000
stat.node.0.cpu.0.retired = 1436
stat.node.0.cpu.0.cycles = 3000000
stat.node.0.cpu.0.retired = 1978
stat.node.0.cpu.0.cycles = 4000000
stat.node.0.cpu.0.retired = 2526
stat.node.0.cpu.0.cycles = 5000000
stat.node.0.cpu.0.retired = 3074
stat.node.0.cpu.0.cycles = 6000000
stat.node.0.cpu.0.retired = 3621
stat.node.0.cpu.0.cycles = 7000000
stat.node.0.cpu.0.retired = 4168
stat.node.0.cpu.0.cycles = 8000000
stat.node.0.cpu.0.retired = 4715
stat.node.0.cpu.0.cycles = 9000000
stat.node.0.cpu.0.load_issue_to_complete_count = 3999
stat.node.0.cpu.0.avg_load_issue_to_complete_lat = 1831.93
stat.node.0.injector.phase_cycles = 7331775
stat.node.0.injector.request_bytes = 4371048
stat.node.0.injector.response_bytes = 18512448
stat.node.0.injector.aggregate_bytes = 22883496
stat.node.0.injector.request_gbps = 11.4466
stat.node.0.injector.response_gbps = 48.4793
stat.node.0.injector.aggregate_gbps = 59.9259
stat.node.0.llc.cxl_miss = 4000
stat.node.0.llc.total_miss = 4000
stat.node.0.llc.avg_miss_lat = 1720.58
stat.node.0.llc.avg_cxl_lat = 1720.58
stat.node.0.llc.miss_lat_hist_bin_ns = 10
stat.node.0.llc.miss_lat_hist = [0,0,0,0,0,0,0,0,0,0,0,0,0,0,0,0,0,0,0,0,0,0,0,0,0,0,0,0,0,0,0,0,0,0,0,0,0,0,0,0,0,0,0,0,0,0,0,0,0,0,0,0,0,0,0,0,0,0,0,0,0,0,0,0,0,0,0,0,141,354,886,995,431,1149,44]
stat.node.0.util.dram_avg = 2.52098e-06
stat.node.0.walltime_s = 513.481
stat.node.0.active_time_s = 476.835
stat.pool.100.util.mem_avg = 0.177533
stat.pool.100.util.req_link_avg = 0.234596
stat.pool.100.walltime_s = 513.481
stat.pool.100.active_time_s = 29.4994
Simulation is complete, simulated time: 3.96988 ms
