stat.node.0.cpu.0.retired = 619
stat.node.0.cpu.0.cycles = 1000000
stat.node.0.cpu.0.retired = 1420
stat.node.0.cpu.0.cycles = 2000000
stat.node.0.cpu.0.retired = 2274
stat.node.0.cpu.0.cycles = 3000000
stat.node.0.cpu.0.retired = 3155
stat.node.0.cpu.0.cycles = 4000000
stat.node.0.cpu.0.retired = 4052
stat.node.0.cpu.0.cycles = 5000000
stat.node.0.cpu.0.retired = 4960
stat.node.0.cpu.0.cycles = 6000000
stat.node.0.cpu.0.load_issue_to_complete_count = 3999
stat.node.0.cpu.0.avg_load_issue_to_complete_lat = 1138.15
stat.node.0.injector.phase_cycles = 4556750
stat.node.0.injector.request_bytes = 9031616
stat.node.0.injector.response_bytes = 11408384
stat.node.0.injector.aggregate_bytes = 20440000
stat.node.0.injector.request_gbps = 38.055
stat.node.0.injector.response_gbps = 48.0696
stat.node.0.injector.aggregate_gbps = 86.1245
stat.node.0.llc.cxl_miss = 4000
stat.node.0.llc.total_miss = 4000
stat.node.0.llc.avg_miss_lat = 1029.09
stat.node.0.llc.avg_cxl_lat = 1029.09
stat.node.0.llc.miss_lat_hist_bin_ns = 10
stat.node.0.llc.miss_lat_hist = [0,0,0,0,0,0,0,0,0,0,0,0,0,0,0,0,0,0,0,0,0,0,0,0,0,0,0,0,0,0,0,0,0,0,0,0,0,0,0,0,0,0,2831,1169]
stat.node.0.util.dram_avg = 3.97065e-06
stat.node.0.walltime_s = 215.499
stat.node.0.active_time_s = 199.716
stat.pool.100.util.mem_avg = 0.264345
stat.pool.100.util.req_link_avg = 0.777188
stat.pool.100.walltime_s = 215.499
stat.pool.100.active_time_s = 12.6523
Simulation is complete, simulated time: 2.52049 ms
