stat.node.2.cpu.0.load_issue_to_complete_count = 100
stat.node.2.cpu.0.avg_load_issue_to_complete_lat = 7010.97
stat.node.2.injector.phase_cycles = 702907
stat.node.2.injector.request_bytes = 236264
stat.node.2.injector.response_bytes = 95616
stat.node.2.injector.aggregate_bytes = 331880
stat.node.2.injector.request_gbps = 6.45358
stat.node.2.injector.response_gbps = 2.61176
stat.node.2.injector.aggregate_gbps = 9.06535
stat.node.2.llc.cxl_miss = 100
stat.node.2.llc.total_miss = 101
stat.node.2.llc.avg_miss_lat = 3511.58
stat.node.2.llc.avg_cxl_lat = 3545.92
stat.node.2.llc.miss_lat_hist_bin_ns = 10
stat.node.2.llc.miss_lat_hist = [0,0,0,1,0,0,0,0,0,0,0,0,0,0,0,0,0,0,0,0,0,0,0,0,0,0,0,0,0,0,0,0,0,0,0,0,0,0,0,0,0,0,0,1,0,0,0,0,0,0,0,0,0,0,0,0,0,0,0,0,0,0,0,0,0,0,0,0,0,0,0,0,1,0,0,0,0,0,0,1,0,0,0,0,0,0,0,0,0,0,0,0,0,0,0,0,0,0,0,0,0,0,0,0,0,0,0,0,0,0,0,0,0,0,1,0,0,0,2,0,0,0,2,2,0,2,2,2,1,0,1,1,4,0,2,4,4,1,0,3,3,4,1,2,4,1,1,2,0,0,4,2,2,1,2,0,0,3,0,2,1,2,3,0,2,0,1,0,1,2,1,2,1,0,0,0,2,1,0,0,2,0,0,1,0,0,0,0,0,0,0,0,1,2,1,1,0,0,0,0,1,0,0,0,0,0,0,1]
stat.node.2.util.dram_avg = 3.41439e-05
stat.node.2.walltime_s = 102.386
stat.node.2.active_time_s = 8.49345
stat.node.4.cpu.0.load_issue_to_complete_count = 100
stat.node.4.cpu.0.avg_load_issue_to_complete_lat = 7136.23
stat.node.4.injector.phase_cycles = 715433
stat.node.4.injector.request_bytes = 236472
stat.node.4.injector.response_bytes = 95744
stat.node.4.injector.aggregate_bytes = 332216
stat.node.4.injector.request_gbps = 6.34617
stat.node.4.injector.response_gbps = 2.56947
stat.node.4.injector.aggregate_gbps = 8.91565
stat.node.4.llc.cxl_miss = 100
stat.node.4.llc.total_miss = 101
stat.node.4.llc.avg_miss_lat = 3590.86
stat.node.4.llc.avg_cxl_lat = 3625.99
stat.node.4.llc.miss_lat_hist_bin_ns = 10
stat.node.4.llc.miss_lat_hist = [0,0,0,1,0,0,0,0,0,0,0,0,0,0,0,0,0,0,0,0,0,0,0,0,0,0,0,0,0,0,0,0,0,0,0,0,0,0,0,0,0,0,0,0,0,0,0,0,0,1,0,0,0,1,0,0,0,0,0,0,0,0,0,0,0,0,0,0,0,0,0,0,0,0,0,1,0,0,0,0,0,0,0,0,0,0,0,0,0,0,0,0,0,0,0,0,0,0,0,0,0,0,0,0,0,0,0,0,0,0,0,1,0,0,1,1,1,1,0,0,0,0,0,0,1,1,2,1,0,1,2,1,0,2,0,2,1,2,3,1,1,2,5,2,2,2,0,1,2,0,1,4,2,1,2,1,2,2,1,3,4,0,4,3,2,0,2,1,1,2,1,0,2,2,0,0,0,0,0,2,0,1,0,0,1,0,0,1,0,0,1,0,0,0,0,0,1,0,0,0,1,0,2,0,0,0,1,0,0,0,0,0,0,0,0,0,0,0,0,0,0,0,0,1]
stat.node.4.util.dram_avg = 3.35461e-05
stat.node.4.walltime_s = 102.993
stat.node.4.active_time_s = 12.5878
stat.node.3.cpu.0.load_issue_to_complete_count = 100
stat.node.3.cpu.0.avg_load_issue_to_complete_lat = 7163.6
stat.node.3.injector.phase_cycles = 718170
stat.node.3.injector.request_bytes = 237888
stat.node.3.injector.response_bytes = 96256
stat.node.3.injector.aggregate_bytes = 334144
stat.node.3.injector.request_gbps = 6.35984
stat.node.3.injector.response_gbps = 2.57337
stat.node.3.injector.aggregate_gbps = 8.93321
stat.node.3.llc.cxl_miss = 100
stat.node.3.llc.total_miss = 101
stat.node.3.llc.avg_miss_lat = 3597.83
stat.node.3.llc.avg_cxl_lat = 3633.03
stat.node.3.llc.miss_lat_hist_bin_ns = 10
stat.node.3.llc.miss_lat_hist = [0,0,0,1,0,0,0,0,0,0,0,0,0,0,0,0,0,0,0,0,0,0,0,0,0,0,0,0,0,0,0,0,0,0,0,0,0,0,0,0,0,0,0,0,0,1,0,0,0,0,0,1,0,0,0,0,0,0,0,0,0,0,0,0,1,0,0,0,0,0,0,0,0,0,0,0,0,0,0,0,0,0,0,0,0,0,0,0,0,0,0,0,0,0,0,0,0,0,0,0,0,0,0,0,0,0,0,0,0,0,0,0,1,2,0,0,0,0,1,1,0,0,0,0,0,1,1,3,1,2,1,1,1,0,0,0,2,1,1,1,1,3,1,2,6,2,2,3,2,1,0,1,3,2,5,1,1,2,3,0,1,0,1,2,2,2,2,1,0,2,0,3,0,0,1,2,2,1,0,1,0,0,2,1,0,0,0,1,2,1,1,1,0,0,0,0,0,0,2,0,0,0,1]
stat.node.3.util.dram_avg = 3.34183e-05
stat.node.3.walltime_s = 103.11
stat.node.3.active_time_s = 10.5811
stat.node.1.cpu.0.load_issue_to_complete_count = 100
stat.node.1.cpu.0.avg_load_issue_to_complete_lat = 7237.89
stat.node.1.injector.phase_cycles = 725599
stat.node.1.injector.request_bytes = 238424
stat.node.1.injector.response_bytes = 96384
stat.node.1.injector.aggregate_bytes = 334808
stat.node.1.injector.request_gbps = 6.30891
stat.node.1.injector.response_gbps = 2.55041
stat.node.1.injector.aggregate_gbps = 8.85932
stat.node.1.llc.cxl_miss = 100
stat.node.1.llc.total_miss = 101
stat.node.1.llc.avg_miss_lat = 3633.36
stat.node.1.llc.avg_cxl_lat = 3668.91
stat.node.1.llc.miss_lat_hist_bin_ns = 10
stat.node.1.llc.miss_lat_hist = [0,0,0,1,0,0,0,0,0,0,0,0,0,0,0,0,0,0,0,0,0,0,0,0,0,0,0,0,0,0,0,0,0,0,0,0,0,0,0,0,0,0,1,0,0,0,0,0,0,0,0,0,0,0,0,0,0,0,0,0,0,0,0,0,0,0,0,0,0,0,0,0,0,0,0,0,0,0,0,0,0,0,0,0,0,0,0,0,0,0,0,0,0,0,1,0,0,0,0,0,0,0,0,0,0,0,0,0,0,0,0,0,0,0,0,0,0,0,0,0,0,0,3,2,0,0,2,1,0,2,3,1,2,1,0,1,3,2,0,1,2,2,1,1,1,3,4,2,2,0,2,3,0,4,1,0,3,2,2,1,3,1,4,1,2,1,1,3,0,2,2,0,0,1,1,2,0,2,2,1,0,1,1,0,1,0,0,0,1,0,0,1,0,0,1,0,0,0,0,0,0,1,0,0,0,1,0,0,0,0,0,1]
stat.node.1.util.dram_avg = 3.30761e-05
stat.node.1.walltime_s = 103.397
stat.node.1.active_time_s = 13.299
stat.node.5.cpu.0.load_issue_to_complete_count = 100
stat.node.5.cpu.0.avg_load_issue_to_complete_lat = 7291.85
stat.node.5.injector.phase_cycles = 730995
stat.node.5.injector.request_bytes = 240584
stat.node.5.injector.response_bytes = 97344
stat.node.5.injector.aggregate_bytes = 337928
stat.node.5.injector.request_gbps = 6.31908
stat.node.5.injector.response_gbps = 2.5568
stat.node.5.injector.aggregate_gbps = 8.87587
stat.node.5.llc.cxl_miss = 100
stat.node.5.llc.total_miss = 101
stat.node.5.llc.avg_miss_lat = 3685.59
stat.node.5.llc.avg_cxl_lat = 3721.67
stat.node.5.llc.miss_lat_hist_bin_ns = 10
stat.node.5.llc.miss_lat_hist = [0,0,0,1,0,0,0,0,0,0,0,0,0,0,0,0,0,0,0,0,0,0,0,0,0,0,0,0,0,0,0,0,0,0,0,0,0,0,0,0,0,0,0,0,0,0,0,0,0,0,0,0,0,0,0,0,0,0,0,0,0,0,0,0,0,0,0,0,0,0,0,0,0,0,0,0,0,0,0,0,1,0,0,0,0,0,0,0,0,0,0,0,0,0,0,0,0,0,0,0,0,0,0,0,0,0,0,0,0,0,0,0,0,0,0,0,2,0,0,2,0,0,1,2,0,2,0,2,3,0,0,1,1,2,1,0,1,3,0,1,2,3,3,0,2,5,1,3,2,1,3,1,2,2,2,0,1,0,2,2,1,1,1,0,2,2,0,0,0,2,1,4,3,0,0,0,1,1,1,0,0,1,3,1,1,1,0,1,0,0,0,2,0,0,1,0,0,0,1,1,2,0,0,0,2,0,1]
stat.node.5.util.dram_avg = 3.2832e-05
stat.node.5.walltime_s = 103.582
stat.node.5.active_time_s = 13.5495
stat.node.0.cpu.0.load_issue_to_complete_count = 100
stat.node.0.cpu.0.avg_load_issue_to_complete_lat = 7295.46
stat.node.0.injector.phase_cycles = 731356
stat.node.0.injector.request_bytes = 237816
stat.node.0.injector.response_bytes = 96192
stat.node.0.injector.aggregate_bytes = 334008
stat.node.0.injector.request_gbps = 6.24329
stat.node.0.injector.response_gbps = 2.52529
stat.node.0.injector.aggregate_gbps = 8.76858
stat.node.0.llc.cxl_miss = 100
stat.node.0.llc.total_miss = 101
stat.node.0.llc.avg_miss_lat = 3645.15
stat.node.0.llc.avg_cxl_lat = 3680.82
stat.node.0.llc.miss_lat_hist_bin_ns = 10
stat.node.0.llc.miss_lat_hist = [0,0,0,1,0,0,0,0,0,0,0,0,0,0,0,0,0,0,0,0,0,0,0,0,0,0,0,0,0,0,0,0,0,0,0,0,0,0,0,0,0,0,0,0,0,0,0,0,0,0,0,0,0,0,0,0,0,0,0,0,0,0,0,0,0,0,0,0,0,1,0,0,0,0,0,0,0,0,0,0,0,0,0,0,0,0,0,0,0,0,0,0,0,0,0,0,0,0,0,0,0,1,0,0,0,0,0,0,0,0,0,0,0,1,0,0,0,0,1,0,2,1,3,0,1,0,1,1,0,2,1,1,4,1,1,3,1,4,1,2,1,0,3,2,0,4,1,1,1,0,2,3,0,1,3,0,1,1,2,0,2,1,3,0,1,2,0,1,1,5,0,3,2,1,0,0,2,1,1,0,1,0,0,0,0,0,2,0,1,0,1,1,0,0,1,1,0,1,1,1,1,0,0,1,0,0,0,0,0,0,0,0,0,0,0,0,0,0,0,0,0,0,1]
stat.node.0.util.dram_avg = 3.28158e-05
stat.node.0.walltime_s = 103.621
stat.node.0.active_time_s = 11.6339
stat.node.7.cpu.0.load_issue_to_complete_count = 100
stat.node.7.cpu.0.avg_load_issue_to_complete_lat = 7347.65
stat.node.7.injector.phase_cycles = 736575
stat.node.7.injector.request_bytes = 237544
stat.node.7.injector.response_bytes = 96064
stat.node.7.injector.aggregate_bytes = 333608
stat.node.7.injector.request_gbps = 6.19196
stat.node.7.injector.response_gbps = 2.50406
stat.node.7.injector.aggregate_gbps = 8.69602
stat.node.7.llc.cxl_miss = 100
stat.node.7.llc.total_miss = 101
stat.node.7.llc.avg_miss_lat = 3726.95
stat.node.7.llc.avg_cxl_lat = 3763.44
stat.node.7.llc.miss_lat_hist_bin_ns = 10
stat.node.7.llc.miss_lat_hist = [0,0,0,1,0,0,0,0,0,0,0,0,0,0,0,0,0,0,0,0,0,0,0,0,0,0,0,0,0,0,0,0,0,0,0,0,0,0,0,0,0,0,0,0,0,0,0,0,0,0,0,0,0,0,0,1,0,0,0,0,0,0,0,0,0,0,0,0,0,0,0,0,0,0,0,0,0,0,0,0,0,1,0,0,0,0,0,0,0,0,0,0,0,0,0,0,0,0,0,0,0,0,0,0,0,0,0,0,0,0,0,0,0,0,0,0,1,0,1,0,0,0,1,0,0,0,1,1,2,0,0,2,0,1,0,1,2,3,3,3,1,4,2,2,1,5,2,0,1,1,0,1,3,0,1,1,3,2,1,0,2,1,3,2,2,4,1,2,0,2,1,2,1,0,4,0,0,0,0,0,0,1,0,2,0,2,0,2,0,2,0,0,0,0,1,1,1,0,0,0,0,1,0,1,0,0,1,0,0,0,0,0,1,0,0,0,1,0,1]
stat.node.7.util.dram_avg = 3.25832e-05
stat.node.7.walltime_s = 103.818
stat.node.7.active_time_s = 15.159
stat.node.6.cpu.0.load_issue_to_complete_count = 100
stat.node.6.cpu.0.avg_load_issue_to_complete_lat = 7398.71
stat.node.6.injector.phase_cycles = 741681
stat.node.6.injector.request_bytes = 241192
stat.node.6.injector.response_bytes = 97664
stat.node.6.injector.aggregate_bytes = 338856
stat.node.6.injector.request_gbps = 6.24377
stat.node.6.injector.response_gbps = 2.52824
stat.node.6.injector.aggregate_gbps = 8.77201
stat.node.6.llc.cxl_miss = 100
stat.node.6.llc.total_miss = 101
stat.node.6.llc.avg_miss_lat = 3748.47
stat.node.6.llc.avg_cxl_lat = 3785.17
stat.node.6.llc.miss_lat_hist_bin_ns = 10
stat.node.6.llc.miss_lat_hist = [0,0,0,1,0,0,0,0,0,0,0,0,0,0,0,0,0,0,0,0,0,0,0,0,0,0,0,0,0,0,0,0,0,0,0,0,0,0,0,0,0,0,0,0,0,0,0,0,1,0,0,0,0,0,0,0,0,0,0,0,0,0,0,0,0,0,0,0,0,0,0,0,0,0,0,0,0,0,0,0,0,0,0,0,0,0,0,0,0,0,0,0,0,0,0,0,0,0,0,0,0,0,0,0,0,1,0,0,0,0,0,1,0,0,0,0,0,0,0,0,1,1,0,0,0,0,3,2,1,0,1,0,2,1,0,1,5,3,2,1,1,0,1,1,2,2,1,4,0,2,0,1,1,1,1,4,0,0,0,4,2,0,1,2,2,3,0,1,1,3,1,3,0,2,1,3,2,2,0,1,3,0,0,1,0,0,0,1,0,2,1,0,1,0,2,0,0,0,0,0,1,1,0,1,0,0,0,1,0,0,0,0,0,0,0,1,0,0,0,0,0,0,0,0,0,0,0,0,0,0,0,0,0,0,1]
stat.node.6.util.dram_avg = 3.23589e-05
stat.node.6.walltime_s = 104.005
stat.node.6.active_time_s = 9.365
stat.pool.101.util.mem_avg = 0.192613
stat.pool.101.util.req_link_avg = 0.999386
stat.pool.101.walltime_s = 104.005
stat.pool.101.active_time_s = 0.574563
stat.pool.100.util.mem_avg = 0.192626
stat.pool.100.util.req_link_avg = 0.999385
stat.pool.100.walltime_s = 104.02
stat.pool.100.active_time_s = 0.505108
stat.switch.replicated_messages = 57592
stat.switch.util.node_ingress_avg = 0.128896
stat.switch.util.pool_ingress_avg = 0.233872
stat.switch.bw.host_to_switch_gbps = 6.33669
stat.switch.bw.switch_to_host_gbps = 2.87367
stat.switch.bw.host_link_total_gbps = 9.21036
stat.switch.walltime_s = 104.02
stat.switch.active_time_s = 1.81087
Simulation is complete, simulated time: 309.281 us
