stat.node.6.cpu.0.retired = 788
stat.node.6.cpu.0.cycles = 1000000
stat.node.7.cpu.0.retired = 788
stat.node.7.cpu.0.cycles = 1000000
stat.node.0.cpu.0.retired = 788
stat.node.0.cpu.0.cycles = 1000000
stat.node.1.cpu.0.retired = 788
stat.node.1.cpu.0.cycles = 1000000
stat.node.2.cpu.0.retired = 788
stat.node.2.cpu.0.cycles = 1000000
stat.node.3.cpu.0.retired = 788
stat.node.3.cpu.0.cycles = 1000000
stat.node.4.cpu.0.retired = 788
stat.node.4.cpu.0.cycles = 1000000
stat.node.5.cpu.0.retired = 788
stat.node.5.cpu.0.cycles = 1000000
stat.node.6.cpu.0.retired = 1836
stat.node.6.cpu.0.cycles = 2000000
stat.node.5.cpu.0.retired = 1836
stat.node.5.cpu.0.cycles = 2000000
stat.node.7.cpu.0.retired = 1836
stat.node.7.cpu.0.cycles = 2000000
stat.node.0.cpu.0.retired = 1835
stat.node.0.cpu.0.cycles = 2000000
stat.node.1.cpu.0.retired = 1835
stat.node.1.cpu.0.cycles = 2000000
stat.node.2.cpu.0.retired = 1835
stat.node.2.cpu.0.cycles = 2000000
stat.node.3.cpu.0.retired = 1835
stat.node.3.cpu.0.cycles = 2000000
stat.node.4.cpu.0.retired = 1836
stat.node.4.cpu.0.cycles = 2000000
stat.node.4.cpu.0.load_issue_to_complete_count = 1499
stat.node.4.cpu.0.avg_load_issue_to_complete_lat = 968.974
stat.node.4.injector.phase_cycles = 1455868
stat.node.4.injector.request_bytes = 452864
stat.node.4.injector.response_bytes = 49600
stat.node.4.injector.aggregate_bytes = 502464
stat.node.4.injector.request_gbps = 5.97237
stat.node.4.injector.response_gbps = 0.654125
stat.node.4.injector.aggregate_gbps = 6.6265
stat.node.4.llc.cxl_miss = 1500
stat.node.4.llc.total_miss = 1500
stat.node.4.llc.avg_miss_lat = 785.845
stat.node.4.llc.avg_cxl_lat = 785.845
stat.node.4.llc.miss_lat_hist_bin_ns = 10
stat.node.4.llc.miss_lat_hist = [0,0,0,0,0,0,0,0,0,0,0,0,0,0,0,0,0,0,0,0,0,0,0,0,0,0,0,0,0,18,168,51,563,511,46,143]
stat.node.4.util.dram_avg = 1.11529e-05
stat.node.4.walltime_s = 709.531
stat.node.4.active_time_s = 29.1331
stat.node.5.cpu.0.load_issue_to_complete_count = 1499
stat.node.5.cpu.0.avg_load_issue_to_complete_lat = 968.974
stat.node.5.injector.phase_cycles = 1455868
stat.node.5.injector.request_bytes = 452928
stat.node.5.injector.response_bytes = 49600
stat.node.5.injector.aggregate_bytes = 502528
stat.node.5.injector.request_gbps = 5.97322
stat.node.5.injector.response_gbps = 0.654125
stat.node.5.injector.aggregate_gbps = 6.62734
stat.node.5.llc.cxl_miss = 1500
stat.node.5.llc.total_miss = 1500
stat.node.5.llc.avg_miss_lat = 785.845
stat.node.5.llc.avg_cxl_lat = 785.845
stat.node.5.llc.miss_lat_hist_bin_ns = 10
stat.node.5.llc.miss_lat_hist = [0,0,0,0,0,0,0,0,0,0,0,0,0,0,0,0,0,0,0,0,0,0,0,0,0,0,0,0,0,18,168,51,563,511,46,143]
stat.node.5.util.dram_avg = 1.11528e-05
stat.node.5.walltime_s = 709.516
stat.node.5.active_time_s = 45.5041
stat.node.6.cpu.0.load_issue_to_complete_count = 1499
stat.node.6.cpu.0.avg_load_issue_to_complete_lat = 968.974
stat.node.6.injector.phase_cycles = 1455868
stat.node.6.injector.request_bytes = 452928
stat.node.6.injector.response_bytes = 49600
stat.node.6.injector.aggregate_bytes = 502528
stat.node.6.injector.request_gbps = 5.97322
stat.node.6.injector.response_gbps = 0.654125
stat.node.6.injector.aggregate_gbps = 6.62734
stat.node.6.llc.cxl_miss = 1500
stat.node.6.llc.total_miss = 1500
stat.node.6.llc.avg_miss_lat = 785.845
stat.node.6.llc.avg_cxl_lat = 785.845
stat.node.6.llc.miss_lat_hist_bin_ns = 10
stat.node.6.llc.miss_lat_hist = [0,0,0,0,0,0,0,0,0,0,0,0,0,0,0,0,0,0,0,0,0,0,0,0,0,0,0,0,0,18,168,51,563,511,46,143]
stat.node.6.util.dram_avg = 1.11526e-05
stat.node.6.walltime_s = 709.532
stat.node.6.active_time_s = 34.4692
stat.node.7.cpu.0.load_issue_to_complete_count = 1499
stat.node.7.cpu.0.avg_load_issue_to_complete_lat = 968.974
stat.node.7.injector.phase_cycles = 1455868
stat.node.7.injector.request_bytes = 452928
stat.node.7.injector.response_bytes = 49600
stat.node.7.injector.aggregate_bytes = 502528
stat.node.7.injector.request_gbps = 5.97322
stat.node.7.injector.response_gbps = 0.654125
stat.node.7.injector.aggregate_gbps = 6.62734
stat.node.7.llc.cxl_miss = 1500
stat.node.7.llc.total_miss = 1500
stat.node.7.llc.avg_miss_lat = 785.845
stat.node.7.llc.avg_cxl_lat = 785.845
stat.node.7.llc.miss_lat_hist_bin_ns = 10
stat.node.7.llc.miss_lat_hist = [0,0,0,0,0,0,0,0,0,0,0,0,0,0,0,0,0,0,0,0,0,0,0,0,0,0,0,0,0,18,168,51,563,511,46,143]
stat.node.7.util.dram_avg = 1.11525e-05
stat.node.7.walltime_s = 709.533
stat.node.7.active_time_s = 40.9595
stat.node.0.cpu.0.load_issue_to_complete_count = 1499
stat.node.0.cpu.0.avg_load_issue_to_complete_lat = 969.127
stat.node.0.injector.phase_cycles = 1456098
stat.node.0.injector.request_bytes = 452992
stat.node.0.injector.response_bytes = 49664
stat.node.0.injector.aggregate_bytes = 502656
stat.node.0.injector.request_gbps = 5.97312
stat.node.0.injector.response_gbps = 0.654866
stat.node.0.injector.aggregate_gbps = 6.62798
stat.node.0.llc.cxl_miss = 1500
stat.node.0.llc.total_miss = 1500
stat.node.0.llc.avg_miss_lat = 785.969
stat.node.0.llc.avg_cxl_lat = 785.969
stat.node.0.llc.miss_lat_hist_bin_ns = 10
stat.node.0.llc.miss_lat_hist = [0,0,0,0,0,0,0,0,0,0,0,0,0,0,0,0,0,0,0,0,0,0,0,0,0,0,0,6,53,0,17,154,603,544,14,49,17,43]
stat.node.0.util.dram_avg = 1.11512e-05
stat.node.0.walltime_s = 709.584
stat.node.0.active_time_s = 35.2627
stat.node.1.cpu.0.load_issue_to_complete_count = 1499
stat.node.1.cpu.0.avg_load_issue_to_complete_lat = 969.067
stat.node.1.injector.phase_cycles = 1456007
stat.node.1.injector.request_bytes = 452928
stat.node.1.injector.response_bytes = 49664
stat.node.1.injector.aggregate_bytes = 502592
stat.node.1.injector.request_gbps = 5.97265
stat.node.1.injector.response_gbps = 0.654907
stat.node.1.injector.aggregate_gbps = 6.62755
stat.node.1.llc.cxl_miss = 1500
stat.node.1.llc.total_miss = 1500
stat.node.1.llc.avg_miss_lat = 786.035
stat.node.1.llc.avg_cxl_lat = 786.035
stat.node.1.llc.miss_lat_hist_bin_ns = 10
stat.node.1.llc.miss_lat_hist = [0,0,0,0,0,0,0,0,0,0,0,0,0,0,0,0,0,0,0,0,0,0,0,0,0,0,0,10,155,8,0,56,575,520,0,3,39,134]
stat.node.1.util.dram_avg = 1.11511e-05
stat.node.1.walltime_s = 709.961
stat.node.1.active_time_s = 35.3505
stat.node.2.cpu.0.load_issue_to_complete_count = 1499
stat.node.2.cpu.0.avg_load_issue_to_complete_lat = 969.109
stat.node.2.injector.phase_cycles = 1456071
stat.node.2.injector.request_bytes = 452992
stat.node.2.injector.response_bytes = 49664
stat.node.2.injector.aggregate_bytes = 502656
stat.node.2.injector.request_gbps = 5.97323
stat.node.2.injector.response_gbps = 0.654878
stat.node.2.injector.aggregate_gbps = 6.62811
stat.node.2.llc.cxl_miss = 1500
stat.node.2.llc.total_miss = 1500
stat.node.2.llc.avg_miss_lat = 786.077
stat.node.2.llc.avg_cxl_lat = 786.077
stat.node.2.llc.miss_lat_hist_bin_ns = 10
stat.node.2.llc.miss_lat_hist = [0,0,0,0,0,0,0,0,0,0,0,0,0,0,0,0,0,0,0,0,0,0,0,0,0,0,0,10,104,6,21,57,604,553,2,26,21,96]
stat.node.2.util.dram_avg = 1.11506e-05
stat.node.2.walltime_s = 709.959
stat.node.2.active_time_s = 32.6177
stat.node.3.cpu.0.load_issue_to_complete_count = 1499
stat.node.3.cpu.0.avg_load_issue_to_complete_lat = 969.109
stat.node.3.injector.phase_cycles = 1456071
stat.node.3.injector.request_bytes = 452992
stat.node.3.injector.response_bytes = 49664
stat.node.3.injector.aggregate_bytes = 502656
stat.node.3.injector.request_gbps = 5.97323
stat.node.3.injector.response_gbps = 0.654878
stat.node.3.injector.aggregate_gbps = 6.62811
stat.node.3.llc.cxl_miss = 1500
stat.node.3.llc.total_miss = 1500
stat.node.3.llc.avg_miss_lat = 786.036
stat.node.3.llc.avg_cxl_lat = 786.036
stat.node.3.llc.miss_lat_hist_bin_ns = 10
stat.node.3.llc.miss_lat_hist = [0,0,0,0,0,0,0,0,0,0,0,0,0,0,0,0,0,0,0,0,0,0,0,0,0,0,0,0,0,106,36,110,580,526,4,75,13,50]
stat.node.3.util.dram_avg = 1.11505e-05
stat.node.3.walltime_s = 709.959
stat.node.3.active_time_s = 43.9647
stat.pool.100.util.mem_avg = 0.204013
stat.pool.100.util.req_link_avg = 0.998219
stat.pool.100.walltime_s = 709.975
stat.pool.100.active_time_s = 1.38474
stat.switch.replicated_messages = 0
stat.switch.util.node_ingress_avg = 0.124791
stat.switch.util.pool_ingress_avg = 0.316488
stat.switch.bw.host_to_switch_gbps = 6.13428
stat.switch.bw.switch_to_host_gbps = 1.9445
stat.switch.bw.host_link_total_gbps = 8.07878
stat.switch.walltime_s = 709.976
stat.switch.active_time_s = 4.43271
Simulation is complete, simulated time: 897.54 us
