stat.node.5.cpu.0.retired = 784
stat.node.5.cpu.0.cycles = 1000000
stat.node.6.cpu.0.retired = 783
stat.node.6.cpu.0.cycles = 1000000
stat.node.7.cpu.0.retired = 783
stat.node.7.cpu.0.cycles = 1000000
stat.node.0.cpu.0.retired = 781
stat.node.0.cpu.0.cycles = 1000000
stat.node.1.cpu.0.retired = 781
stat.node.1.cpu.0.cycles = 1000000
stat.node.2.cpu.0.retired = 781
stat.node.2.cpu.0.cycles = 1000000
stat.node.3.cpu.0.retired = 779
stat.node.3.cpu.0.cycles = 1000000
stat.node.4.cpu.0.retired = 784
stat.node.4.cpu.0.cycles = 1000000
stat.node.4.cpu.0.retired = 1800
stat.node.4.cpu.0.cycles = 2000000
stat.node.7.cpu.0.retired = 1795
stat.node.7.cpu.0.cycles = 2000000
stat.node.0.cpu.0.retired = 1795
stat.node.0.cpu.0.cycles = 2000000
stat.node.1.cpu.0.retired = 1794
stat.node.1.cpu.0.cycles = 2000000
stat.node.2.cpu.0.retired = 1793
stat.node.2.cpu.0.cycles = 2000000
stat.node.3.cpu.0.retired = 1792
stat.node.3.cpu.0.cycles = 2000000
stat.node.5.cpu.0.retired = 1799
stat.node.5.cpu.0.cycles = 2000000
stat.node.6.cpu.0.retired = 1797
stat.node.6.cpu.0.cycles = 2000000
stat.node.4.cpu.0.load_issue_to_complete_count = 1499
stat.node.4.cpu.0.avg_load_issue_to_complete_lat = 995.664
stat.node.4.injector.phase_cycles = 1495975
stat.node.4.injector.request_bytes = 47544
stat.node.4.injector.response_bytes = 380352
stat.node.4.injector.aggregate_bytes = 427896
stat.node.4.injector.request_gbps = 0.610201
stat.node.4.injector.response_gbps = 4.8816
stat.node.4.injector.aggregate_gbps = 5.49181
stat.node.4.llc.cxl_miss = 1500
stat.node.4.llc.total_miss = 1500
stat.node.4.llc.avg_miss_lat = 810.857
stat.node.4.llc.avg_cxl_lat = 810.857
stat.node.4.llc.miss_lat_hist_bin_ns = 10
stat.node.4.llc.miss_lat_hist = [0,0,0,0,0,0,0,0,0,0,0,0,0,0,0,0,0,0,0,0,0,0,0,0,0,0,0,0,0,0,85,543,204,102,59,79,78,83,140,124,3]
stat.node.4.util.dram_avg = 1.09241e-05
stat.node.4.walltime_s = 19.8792
stat.node.4.active_time_s = 11.5122
stat.node.5.cpu.0.load_issue_to_complete_count = 1499
stat.node.5.cpu.0.avg_load_issue_to_complete_lat = 996.315
stat.node.5.injector.phase_cycles = 1496975
stat.node.5.injector.request_bytes = 47576
stat.node.5.injector.response_bytes = 380608
stat.node.5.injector.aggregate_bytes = 428184
stat.node.5.injector.request_gbps = 0.610203
stat.node.5.injector.response_gbps = 4.88163
stat.node.5.injector.aggregate_gbps = 5.49183
stat.node.5.llc.cxl_miss = 1500
stat.node.5.llc.total_miss = 1500
stat.node.5.llc.avg_miss_lat = 811.507
stat.node.5.llc.avg_cxl_lat = 811.507
stat.node.5.llc.miss_lat_hist_bin_ns = 10
stat.node.5.llc.miss_lat_hist = [0,0,0,0,0,0,0,0,0,0,0,0,0,0,0,0,0,0,0,0,0,0,0,0,0,0,0,0,0,2,88,520,201,96,86,85,72,94,134,120,2]
stat.node.5.util.dram_avg = 1.09179e-05
stat.node.5.walltime_s = 19.8906
stat.node.5.active_time_s = 11.6444
stat.node.6.cpu.0.load_issue_to_complete_count = 1499
stat.node.6.cpu.0.avg_load_issue_to_complete_lat = 997.149
stat.node.6.injector.phase_cycles = 1498225
stat.node.6.injector.request_bytes = 47616
stat.node.6.injector.response_bytes = 380928
stat.node.6.injector.aggregate_bytes = 428544
stat.node.6.injector.request_gbps = 0.610207
stat.node.6.injector.response_gbps = 4.88166
stat.node.6.injector.aggregate_gbps = 5.49186
stat.node.6.llc.cxl_miss = 1500
stat.node.6.llc.total_miss = 1500
stat.node.6.llc.avg_miss_lat = 812.474
stat.node.6.llc.avg_cxl_lat = 812.474
stat.node.6.llc.miss_lat_hist_bin_ns = 10
stat.node.6.llc.miss_lat_hist = [0,0,0,0,0,0,0,0,0,0,0,0,0,0,0,0,0,0,0,0,0,0,0,0,0,0,0,0,0,1,82,548,188,86,76,87,67,80,149,131,5]
stat.node.6.util.dram_avg = 1.09104e-05
stat.node.6.walltime_s = 19.9043
stat.node.6.active_time_s = 11.6956
stat.node.7.cpu.0.load_issue_to_complete_count = 1499
stat.node.7.cpu.0.avg_load_issue_to_complete_lat = 997.833
stat.node.7.injector.phase_cycles = 1499250
stat.node.7.injector.request_bytes = 47648
stat.node.7.injector.response_bytes = 381184
stat.node.7.injector.aggregate_bytes = 428832
stat.node.7.injector.request_gbps = 0.610199
stat.node.7.injector.response_gbps = 4.8816
stat.node.7.injector.aggregate_gbps = 5.4918
stat.node.7.llc.cxl_miss = 1500
stat.node.7.llc.total_miss = 1500
stat.node.7.llc.avg_miss_lat = 813.441
stat.node.7.llc.avg_cxl_lat = 813.441
stat.node.7.llc.miss_lat_hist_bin_ns = 10
stat.node.7.llc.miss_lat_hist = [0,0,0,0,0,0,0,0,0,0,0,0,0,0,0,0,0,0,0,0,0,0,0,0,0,0,0,0,0,1,81,535,203,88,83,64,54,98,147,141,5]
stat.node.7.util.dram_avg = 1.09041e-05
stat.node.7.walltime_s = 19.9159
stat.node.7.active_time_s = 11.5412
stat.node.0.cpu.0.load_issue_to_complete_count = 1499
stat.node.0.cpu.0.avg_load_issue_to_complete_lat = 998.216
stat.node.0.injector.phase_cycles = 1499600
stat.node.0.injector.request_bytes = 47664
stat.node.0.injector.response_bytes = 381248
stat.node.0.injector.aggregate_bytes = 428912
stat.node.0.injector.request_gbps = 0.610262
stat.node.0.injector.response_gbps = 4.88128
stat.node.0.injector.aggregate_gbps = 5.49154
stat.node.0.llc.cxl_miss = 1500
stat.node.0.llc.total_miss = 1500
stat.node.0.llc.avg_miss_lat = 814.024
stat.node.0.llc.avg_cxl_lat = 814.024
stat.node.0.llc.miss_lat_hist_bin_ns = 10
stat.node.0.llc.miss_lat_hist = [0,0,0,0,0,0,0,0,0,0,0,0,0,0,0,0,0,0,0,0,0,0,0,0,0,0,0,0,0,0,80,536,189,100,80,49,82,100,134,147,3]
stat.node.0.util.dram_avg = 1.08974e-05
stat.node.0.walltime_s = 19.9281
stat.node.0.active_time_s = 11.5415
stat.node.1.cpu.0.load_issue_to_complete_count = 1499
stat.node.1.cpu.0.avg_load_issue_to_complete_lat = 998.35
stat.node.1.injector.phase_cycles = 1500000
stat.node.1.injector.request_bytes = 47672
stat.node.1.injector.response_bytes = 381376
stat.node.1.injector.aggregate_bytes = 429048
stat.node.1.injector.request_gbps = 0.610202
stat.node.1.injector.response_gbps = 4.88161
stat.node.1.injector.aggregate_gbps = 5.49181
stat.node.1.llc.cxl_miss = 1500
stat.node.1.llc.total_miss = 1500
stat.node.1.llc.avg_miss_lat = 813.524
stat.node.1.llc.avg_cxl_lat = 813.524
stat.node.1.llc.miss_lat_hist_bin_ns = 10
stat.node.1.llc.miss_lat_hist = [0,0,0,0,0,0,0,0,0,0,0,0,0,0,0,0,0,0,0,0,0,0,0,0,0,0,0,0,0,0,71,541,194,97,76,68,76,103,149,120,5]
stat.node.1.util.dram_avg = 1.08928e-05
stat.node.1.walltime_s = 19.9366
stat.node.1.active_time_s = 11.6605
stat.node.2.cpu.0.load_issue_to_complete_count = 1499
stat.node.2.cpu.0.avg_load_issue_to_complete_lat = 999
stat.node.2.injector.phase_cycles = 1500775
stat.node.2.injector.request_bytes = 47696
stat.node.2.injector.response_bytes = 381568
stat.node.2.injector.aggregate_bytes = 429264
stat.node.2.injector.request_gbps = 0.610194
stat.node.2.injector.response_gbps = 4.88155
stat.node.2.injector.aggregate_gbps = 5.49174
stat.node.2.llc.cxl_miss = 1500
stat.node.2.llc.total_miss = 1500
stat.node.2.llc.avg_miss_lat = 814.674
stat.node.2.llc.avg_cxl_lat = 814.674
stat.node.2.llc.miss_lat_hist_bin_ns = 10
stat.node.2.llc.miss_lat_hist = [0,0,0,0,0,0,0,0,0,0,0,0,0,0,0,0,0,0,0,0,0,0,0,0,0,0,0,0,0,1,69,510,221,93,82,77,68,99,135,139,6]
stat.node.2.util.dram_avg = 1.08854e-05
stat.node.2.walltime_s = 19.9502
stat.node.2.active_time_s = 11.5982
stat.pool.100.util.mem_avg = 0.159947
stat.pool.100.util.req_link_avg = 0.124966
stat.pool.100.walltime_s = 19.9574
stat.pool.100.active_time_s = 0.426443
stat.switch.replicated_messages = 0
stat.switch.util.node_ingress_avg = 0.0156216
stat.switch.util.pool_ingress_avg = 0.999531
stat.switch.bw.host_to_switch_gbps = 0.767858
stat.switch.bw.switch_to_host_gbps = 6.14112
stat.switch.bw.host_link_total_gbps = 6.90898
stat.switch.walltime_s = 19.9574
stat.switch.active_time_s = 1.2436
stat.node.3.cpu.0.load_issue_to_complete_count = 1499
stat.node.3.cpu.0.avg_load_issue_to_complete_lat = 999.35
stat.node.3.injector.phase_cycles = 1501525
stat.node.3.injector.request_bytes = 47728
stat.node.3.injector.response_bytes = 381760
stat.node.3.injector.aggregate_bytes = 429488
stat.node.3.injector.request_gbps = 0.610298
stat.node.3.injector.response_gbps = 4.88157
stat.node.3.injector.aggregate_gbps = 5.49186
stat.node.3.llc.cxl_miss = 1500
stat.node.3.llc.total_miss = 1500
stat.node.3.llc.avg_miss_lat = 815.257
stat.node.3.llc.avg_cxl_lat = 815.257
stat.node.3.llc.miss_lat_hist_bin_ns = 10
stat.node.3.llc.miss_lat_hist = [0,0,0,0,0,0,0,0,0,0,0,0,0,0,0,0,0,0,0,0,0,0,0,0,0,0,0,0,0,2,76,505,235,92,59,68,56,99,161,142,5]
stat.node.3.util.dram_avg = 1.08816e-05
stat.node.3.walltime_s = 19.9574
stat.node.3.active_time_s = 11.7029
Simulation is complete, simulated time: 919.717 us
