stat.node.3.cpu.0.load_issue_to_complete_count = 299
stat.node.3.cpu.0.avg_load_issue_to_complete_lat = 1045.93
stat.node.3.injector.phase_cycles = 313958
stat.node.3.injector.request_bytes = 187768
stat.node.3.injector.response_bytes = 45504
stat.node.3.injector.aggregate_bytes = 233272
stat.node.3.injector.request_gbps = 11.4829
stat.node.3.injector.response_gbps = 2.78278
stat.node.3.injector.aggregate_gbps = 14.2657
stat.node.3.llc.cxl_miss = 300
stat.node.3.llc.total_miss = 300
stat.node.3.llc.avg_miss_lat = 721.077
stat.node.3.llc.avg_cxl_lat = 721.077
stat.node.3.llc.miss_lat_hist_bin_ns = 10
stat.node.3.llc.miss_lat_hist = [0,0,0,0,0,0,0,0,0,0,0,0,0,0,0,0,0,0,0,0,0,0,0,0,0,0,7,49,53,57,47,32,24,10,11,6,2,1,1]
stat.node.3.util.dram_avg = 3.21014e-05
stat.node.3.walltime_s = 1691.1
stat.node.3.active_time_s = 21.3649
stat.node.7.cpu.0.load_issue_to_complete_count = 299
stat.node.7.cpu.0.avg_load_issue_to_complete_lat = 1047.33
stat.node.7.injector.phase_cycles = 314493
stat.node.7.injector.request_bytes = 188032
stat.node.7.injector.response_bytes = 45632
stat.node.7.injector.aggregate_bytes = 233664
stat.node.7.injector.request_gbps = 11.4795
stat.node.7.injector.response_gbps = 2.78586
stat.node.7.injector.aggregate_gbps = 14.2653
stat.node.7.llc.cxl_miss = 300
stat.node.7.llc.total_miss = 300
stat.node.7.llc.avg_miss_lat = 723.163
stat.node.7.llc.avg_cxl_lat = 723.163
stat.node.7.llc.miss_lat_hist_bin_ns = 10
stat.node.7.llc.miss_lat_hist = [0,0,0,0,0,0,0,0,0,0,0,0,0,0,0,0,0,0,0,0,0,0,0,0,0,0,32,34,49,45,29,38,31,18,11,6,4,2,1]
stat.node.7.util.dram_avg = 3.20929e-05
stat.node.7.walltime_s = 1691.79
stat.node.7.active_time_s = 22.0633
stat.node.1.cpu.0.load_issue_to_complete_count = 299
stat.node.1.cpu.0.avg_load_issue_to_complete_lat = 1051.42
stat.node.1.injector.phase_cycles = 315674
stat.node.1.injector.request_bytes = 188760
stat.node.1.injector.response_bytes = 45760
stat.node.1.injector.aggregate_bytes = 234520
stat.node.1.injector.request_gbps = 11.4808
stat.node.1.injector.response_gbps = 2.78323
stat.node.1.injector.aggregate_gbps = 14.264
stat.node.1.llc.cxl_miss = 300
stat.node.1.llc.total_miss = 300
stat.node.1.llc.avg_miss_lat = 728.213
stat.node.1.llc.avg_cxl_lat = 728.213
stat.node.1.llc.miss_lat_hist_bin_ns = 10
stat.node.1.llc.miss_lat_hist = [0,0,0,0,0,0,0,0,0,0,0,0,0,0,0,0,0,0,0,0,0,0,0,0,0,0,5,46,32,55,55,39,31,16,15,3,2,0,1]
stat.node.1.util.dram_avg = 3.20663e-05
stat.node.1.walltime_s = 1692.67
stat.node.1.active_time_s = 22.0765
stat.node.2.cpu.0.load_issue_to_complete_count = 299
stat.node.2.cpu.0.avg_load_issue_to_complete_lat = 1050.54
stat.node.2.injector.phase_cycles = 315417
stat.node.2.injector.request_bytes = 188624
stat.node.2.injector.response_bytes = 45760
stat.node.2.injector.aggregate_bytes = 234384
stat.node.2.injector.request_gbps = 11.4819
stat.node.2.injector.response_gbps = 2.78549
stat.node.2.injector.aggregate_gbps = 14.2674
stat.node.2.llc.cxl_miss = 300
stat.node.2.llc.total_miss = 300
stat.node.2.llc.avg_miss_lat = 724.067
stat.node.2.llc.avg_cxl_lat = 724.067
stat.node.2.llc.miss_lat_hist_bin_ns = 10
stat.node.2.llc.miss_lat_hist = [0,0,0,0,0,0,0,0,0,0,0,0,0,0,0,0,0,0,0,0,0,0,0,0,0,0,31,31,45,45,48,31,27,13,13,4,6,6]
stat.node.2.util.dram_avg = 3.20371e-05
stat.node.2.walltime_s = 1695.6
stat.node.2.active_time_s = 12.8589
stat.node.4.cpu.0.load_issue_to_complete_count = 299
stat.node.4.cpu.0.avg_load_issue_to_complete_lat = 1049.34
stat.node.4.injector.phase_cycles = 315151
stat.node.4.injector.request_bytes = 188432
stat.node.4.injector.response_bytes = 45696
stat.node.4.injector.aggregate_bytes = 234128
stat.node.4.injector.request_gbps = 11.4799
stat.node.4.injector.response_gbps = 2.78395
stat.node.4.injector.aggregate_gbps = 14.2638
stat.node.4.llc.cxl_miss = 300
stat.node.4.llc.total_miss = 300
stat.node.4.llc.avg_miss_lat = 724.25
stat.node.4.llc.avg_cxl_lat = 724.25
stat.node.4.llc.miss_lat_hist_bin_ns = 10
stat.node.4.llc.miss_lat_hist = [0,0,0,0,0,0,0,0,0,0,0,0,0,0,0,0,0,0,0,0,0,0,0,0,0,0,32,31,49,43,38,36,20,27,10,9,2,2,1]
stat.node.4.util.dram_avg = 3.20252e-05
stat.node.4.walltime_s = 1695.63
stat.node.4.active_time_s = 11.545
stat.node.6.cpu.0.load_issue_to_complete_count = 299
stat.node.6.cpu.0.avg_load_issue_to_complete_lat = 1058.52
stat.node.6.injector.phase_cycles = 317785
stat.node.6.injector.request_bytes = 190080
stat.node.6.injector.response_bytes = 46080
stat.node.6.injector.aggregate_bytes = 236160
stat.node.6.injector.request_gbps = 11.4843
stat.node.6.injector.response_gbps = 2.78407
stat.node.6.injector.aggregate_gbps = 14.2684
stat.node.6.llc.cxl_miss = 300
stat.node.6.llc.total_miss = 300
stat.node.6.llc.avg_miss_lat = 732.127
stat.node.6.llc.avg_cxl_lat = 732.127
stat.node.6.llc.miss_lat_hist_bin_ns = 10
stat.node.6.llc.miss_lat_hist = [0,0,0,0,0,0,0,0,0,0,0,0,0,0,0,0,0,0,0,0,0,0,0,0,0,0,9,22,44,41,76,37,35,18,12,4,1,1]
stat.node.6.util.dram_avg = 3.19915e-05
stat.node.6.walltime_s = 1697.63
stat.node.6.active_time_s = 13.0424
stat.node.5.cpu.0.load_issue_to_complete_count = 299
stat.node.5.cpu.0.avg_load_issue_to_complete_lat = 1053.84
stat.node.5.injector.phase_cycles = 316532
stat.node.5.injector.request_bytes = 189288
stat.node.5.injector.response_bytes = 45888
stat.node.5.injector.aggregate_bytes = 235176
stat.node.5.injector.request_gbps = 11.4817
stat.node.5.injector.response_gbps = 2.78345
stat.node.5.injector.aggregate_gbps = 14.2652
stat.node.5.llc.cxl_miss = 300
stat.node.5.llc.total_miss = 300
stat.node.5.llc.avg_miss_lat = 726.22
stat.node.5.llc.avg_cxl_lat = 726.22
stat.node.5.llc.miss_lat_hist_bin_ns = 10
stat.node.5.llc.miss_lat_hist = [0,0,0,0,0,0,0,0,0,0,0,0,0,0,0,0,0,0,0,0,0,0,0,0,0,0,21,33,47,52,33,47,21,20,17,5,2,2]
stat.node.5.util.dram_avg = 3.19699e-05
stat.node.5.walltime_s = 1698.88
stat.node.5.active_time_s = 22.7583
stat.node.0.cpu.0.load_issue_to_complete_count = 299
stat.node.0.cpu.0.avg_load_issue_to_complete_lat = 1055.65
stat.node.0.injector.phase_cycles = 316930
stat.node.0.injector.request_bytes = 189552
stat.node.0.injector.response_bytes = 45952
stat.node.0.injector.aggregate_bytes = 235504
stat.node.0.injector.request_gbps = 11.4833
stat.node.0.injector.response_gbps = 2.78383
stat.node.0.injector.aggregate_gbps = 14.2671
stat.node.0.llc.cxl_miss = 300
stat.node.0.llc.total_miss = 300
stat.node.0.llc.avg_miss_lat = 731.163
stat.node.0.llc.avg_cxl_lat = 731.163
stat.node.0.llc.miss_lat_hist_bin_ns = 10
stat.node.0.llc.miss_lat_hist = [0,0,0,0,0,0,0,0,0,0,0,0,0,0,0,0,0,0,0,0,0,0,0,0,0,0,13,20,56,31,67,45,28,17,15,6,1,1]
stat.node.0.util.dram_avg = 3.19162e-05
stat.node.0.walltime_s = 1699.82
stat.node.0.active_time_s = 13.0378
stat.pool.101.util.mem_avg = 0.198726
stat.pool.101.util.req_link_avg = 0.946809
stat.pool.101.walltime_s = 1699.81
stat.pool.101.active_time_s = 0.966128
stat.pool.100.util.mem_avg = 0.198708
stat.pool.100.util.req_link_avg = 0.948375
stat.pool.100.walltime_s = 1699.81
stat.pool.100.active_time_s = 1.00801
stat.switch.replicated_messages = 0
stat.switch.util.node_ingress_avg = 0.236978
stat.switch.util.pool_ingress_avg = 0.336563
stat.switch.bw.host_to_switch_gbps = 11.6506
stat.switch.bw.switch_to_host_gbps = 4.13572
stat.switch.bw.host_link_total_gbps = 15.7863
stat.switch.walltime_s = 1699.81
stat.switch.active_time_s = 3.16676
Simulation is complete, simulated time: 313.571 us
