stat.node.6.cpu.0.retired = 741
stat.node.6.cpu.0.cycles = 1000000
stat.node.7.cpu.0.retired = 741
stat.node.7.cpu.0.cycles = 1000000
stat.node.0.cpu.0.retired = 741
stat.node.0.cpu.0.cycles = 1000000
stat.node.1.cpu.0.retired = 740
stat.node.1.cpu.0.cycles = 1000000
stat.node.2.cpu.0.retired = 739
stat.node.2.cpu.0.cycles = 1000000
stat.node.3.cpu.0.retired = 737
stat.node.3.cpu.0.cycles = 1000000
stat.node.4.cpu.0.retired = 741
stat.node.4.cpu.0.cycles = 1000000
stat.node.5.cpu.0.retired = 741
stat.node.5.cpu.0.cycles = 1000000
stat.node.6.cpu.0.retired = 1704
stat.node.6.cpu.0.cycles = 2000000
stat.node.5.cpu.0.retired = 1707
stat.node.5.cpu.0.cycles = 2000000
stat.node.7.cpu.0.retired = 1704
stat.node.7.cpu.0.cycles = 2000000
stat.node.0.cpu.0.retired = 1703
stat.node.0.cpu.0.cycles = 2000000
stat.node.1.cpu.0.retired = 1702
stat.node.1.cpu.0.cycles = 2000000
stat.node.2.cpu.0.retired = 1702
stat.node.2.cpu.0.cycles = 2000000
stat.node.3.cpu.0.retired = 1694
stat.node.3.cpu.0.cycles = 2000000
stat.node.4.cpu.0.retired = 1708
stat.node.4.cpu.0.cycles = 2000000
stat.node.5.cpu.0.retired = 2683
stat.node.5.cpu.0.cycles = 3000000
stat.node.7.cpu.0.retired = 2679
stat.node.7.cpu.0.cycles = 3000000
stat.node.0.cpu.0.retired = 2677
stat.node.0.cpu.0.cycles = 3000000
stat.node.1.cpu.0.retired = 2674
stat.node.1.cpu.0.cycles = 3000000
stat.node.2.cpu.0.retired = 2674
stat.node.2.cpu.0.cycles = 3000000
stat.node.3.cpu.0.retired = 2663
stat.node.3.cpu.0.cycles = 3000000
stat.node.6.cpu.0.retired = 2679
stat.node.6.cpu.0.cycles = 3000000
stat.node.4.cpu.0.retired = 2687
stat.node.4.cpu.0.cycles = 3000000
stat.node.2.cpu.0.retired = 3646
stat.node.2.cpu.0.cycles = 4000000
stat.node.3.cpu.0.retired = 3642
stat.node.3.cpu.0.cycles = 4000000
stat.node.4.cpu.0.retired = 3663
stat.node.4.cpu.0.cycles = 4000000
stat.node.6.cpu.0.retired = 3660
stat.node.5.cpu.0.retired = 3663
stat.node.5.cpu.0.cycles = 4000000
stat.node.7.cpu.0.retired = 3659
stat.node.7.cpu.0.cycles = 4000000
stat.node.0.cpu.0.retired = 3657
stat.node.0.cpu.0.cycles = 4000000
stat.node.1.cpu.0.retired = 3652
stat.node.1.cpu.0.cycles = 4000000
stat.node.6.cpu.0.cycles = 4000000
stat.node.6.cpu.0.retired = 4639
stat.node.6.cpu.0.cycles = 5000000
stat.node.4.cpu.0.retired = 4639
stat.node.4.cpu.0.cycles = 5000000
stat.node.1.cpu.0.retired = 4637
stat.node.1.cpu.0.cycles = 5000000
stat.node.5.cpu.0.retired = 4639
stat.node.5.cpu.0.cycles = 5000000
stat.node.7.cpu.0.retired = 4639
stat.node.7.cpu.0.cycles = 5000000
stat.node.0.cpu.0.retired = 4638
stat.node.0.cpu.0.cycles = 5000000
stat.node.3.cpu.0.retired = 4616
stat.node.3.cpu.0.cycles = 5000000
stat.node.2.cpu.0.retired = 4616
stat.node.2.cpu.0.cycles = 5000000
stat.node.4.cpu.0.load_issue_to_complete_count = 3999
stat.node.4.cpu.0.avg_load_issue_to_complete_lat = 1023.85
stat.node.4.injector.phase_cycles = 4099470
stat.node.4.injector.request_bytes = 1279744
stat.node.4.injector.response_bytes = 310272
stat.node.4.injector.aggregate_bytes = 1590016
stat.node.4.injector.request_gbps = 5.99372
stat.node.4.injector.response_gbps = 1.45317
stat.node.4.injector.aggregate_gbps = 7.44689
stat.node.4.llc.cxl_miss = 4000
stat.node.4.llc.total_miss = 4000
stat.node.4.llc.avg_miss_lat = 915.356
stat.node.4.llc.avg_cxl_lat = 915.356
stat.node.4.llc.miss_lat_hist_bin_ns = 10
stat.node.4.llc.miss_lat_hist = [0,0,0,0,0,0,0,0,0,0,0,0,0,0,0,0,0,0,0,0,0,0,0,0,0,0,0,0,0,0,0,4,44,656,558,285,117,107,176,375,713,438,200,257,64,5,1]
stat.node.4.util.dram_avg = 4.47033e-06
stat.node.4.walltime_s = 239.147
stat.node.4.active_time_s = 68.2871
stat.node.5.cpu.0.load_issue_to_complete_count = 3999
stat.node.5.cpu.0.avg_load_issue_to_complete_lat = 1023.74
stat.node.5.injector.phase_cycles = 4098985
stat.node.5.injector.request_bytes = 1279608
stat.node.5.injector.response_bytes = 310208
stat.node.5.injector.aggregate_bytes = 1589816
stat.node.5.injector.request_gbps = 5.99379
stat.node.5.injector.response_gbps = 1.45304
stat.node.5.injector.aggregate_gbps = 7.44684
stat.node.5.llc.cxl_miss = 4000
stat.node.5.llc.total_miss = 4000
stat.node.5.llc.avg_miss_lat = 915.219
stat.node.5.llc.avg_cxl_lat = 915.219
stat.node.5.llc.miss_lat_hist_bin_ns = 10
stat.node.5.llc.miss_lat_hist = [0,0,0,0,0,0,0,0,0,0,0,0,0,0,0,0,0,0,0,0,0,0,0,0,0,0,0,0,0,0,0,0,19,263,292,431,279,267,659,1015,454,123,49,91,48,8,2]
stat.node.5.util.dram_avg = 4.4702e-06
stat.node.5.walltime_s = 239.151
stat.node.5.active_time_s = 72.575
stat.node.6.cpu.0.load_issue_to_complete_count = 3999
stat.node.6.cpu.0.avg_load_issue_to_complete_lat = 1023.33
stat.node.6.injector.phase_cycles = 4097345
stat.node.6.injector.request_bytes = 1279080
stat.node.6.injector.response_bytes = 310080
stat.node.6.injector.aggregate_bytes = 1589160
stat.node.6.injector.request_gbps = 5.99372
stat.node.6.injector.response_gbps = 1.45302
stat.node.6.injector.aggregate_gbps = 7.44674
stat.node.6.llc.cxl_miss = 4000
stat.node.6.llc.total_miss = 4000
stat.node.6.llc.avg_miss_lat = 914.815
stat.node.6.llc.avg_cxl_lat = 914.815
stat.node.6.llc.miss_lat_hist_bin_ns = 10
stat.node.6.llc.miss_lat_hist = [0,0,0,0,0,0,0,0,0,0,0,0,0,0,0,0,0,0,0,0,0,0,0,0,0,0,0,0,0,0,0,1,16,240,182,162,346,1210,496,555,437,169,64,53,60,7,2]
stat.node.6.util.dram_avg = 4.47017e-06
stat.node.6.walltime_s = 239.152
stat.node.6.active_time_s = 68.4016
stat.node.7.cpu.0.load_issue_to_complete_count = 3999
stat.node.7.cpu.0.avg_load_issue_to_complete_lat = 1023.31
stat.node.7.injector.phase_cycles = 4097366
stat.node.7.injector.request_bytes = 1279080
stat.node.7.injector.response_bytes = 310080
stat.node.7.injector.aggregate_bytes = 1589160
stat.node.7.injector.request_gbps = 5.99369
stat.node.7.injector.response_gbps = 1.45302
stat.node.7.injector.aggregate_gbps = 7.4467
stat.node.7.llc.cxl_miss = 4000
stat.node.7.llc.total_miss = 4000
stat.node.7.llc.avg_miss_lat = 914.85
stat.node.7.llc.avg_cxl_lat = 914.85
stat.node.7.llc.miss_lat_hist_bin_ns = 10
stat.node.7.llc.miss_lat_hist = [0,0,0,0,0,0,0,0,0,0,0,0,0,0,0,0,0,0,0,0,0,0,0,0,0,0,0,0,0,0,0,1,15,278,550,357,238,249,386,734,731,244,64,78,61,14]
stat.node.7.util.dram_avg = 4.47e-06
stat.node.7.walltime_s = 239.155
stat.node.7.active_time_s = 72.3166
stat.node.0.cpu.0.load_issue_to_complete_count = 3999
stat.node.0.cpu.0.avg_load_issue_to_complete_lat = 1023.38
stat.node.0.injector.phase_cycles = 4097644
stat.node.0.injector.request_bytes = 1279216
stat.node.0.injector.response_bytes = 310144
stat.node.0.injector.aggregate_bytes = 1589360
stat.node.0.injector.request_gbps = 5.99392
stat.node.0.injector.response_gbps = 1.45322
stat.node.0.injector.aggregate_gbps = 7.44714
stat.node.0.llc.cxl_miss = 4000
stat.node.0.llc.total_miss = 4000
stat.node.0.llc.avg_miss_lat = 914.916
stat.node.0.llc.avg_cxl_lat = 914.916
stat.node.0.llc.miss_lat_hist_bin_ns = 10
stat.node.0.llc.miss_lat_hist = [0,0,0,0,0,0,0,0,0,0,0,0,0,0,0,0,0,0,0,0,0,0,0,0,0,0,0,0,0,0,0,0,15,235,201,172,494,555,1063,634,332,111,54,64,60,7,3]
stat.node.0.util.dram_avg = 4.46975e-06
stat.node.0.walltime_s = 239.161
stat.node.0.active_time_s = 69.7561
stat.node.1.cpu.0.load_issue_to_complete_count = 3999
stat.node.1.cpu.0.avg_load_issue_to_complete_lat = 1023.35
stat.node.1.injector.phase_cycles = 4097520
stat.node.1.injector.request_bytes = 1279208
stat.node.1.injector.response_bytes = 310080
stat.node.1.injector.aggregate_bytes = 1589288
stat.node.1.injector.request_gbps = 5.99406
stat.node.1.injector.response_gbps = 1.45296
stat.node.1.injector.aggregate_gbps = 7.44702
stat.node.1.llc.cxl_miss = 4000
stat.node.1.llc.total_miss = 4000
stat.node.1.llc.avg_miss_lat = 914.903
stat.node.1.llc.avg_cxl_lat = 914.903
stat.node.1.llc.miss_lat_hist_bin_ns = 10
stat.node.1.llc.miss_lat_hist = [0,0,0,0,0,0,0,0,0,0,0,0,0,0,0,0,0,0,0,0,0,0,0,0,0,0,0,0,0,0,0,0,5,174,281,899,233,256,401,851,338,133,190,159,74,5,1]
stat.node.1.util.dram_avg = 4.4696e-06
stat.node.1.walltime_s = 239.165
stat.node.1.active_time_s = 71.1099
stat.node.2.cpu.0.load_issue_to_complete_count = 3999
stat.node.2.cpu.0.avg_load_issue_to_complete_lat = 1029.25
stat.node.2.injector.phase_cycles = 4121017
stat.node.2.injector.request_bytes = 1286472
stat.node.2.injector.response_bytes = 311872
stat.node.2.injector.aggregate_bytes = 1598344
stat.node.2.injector.request_gbps = 5.99373
stat.node.2.injector.response_gbps = 1.45303
stat.node.2.injector.aggregate_gbps = 7.44676
stat.node.2.llc.cxl_miss = 4000
stat.node.2.llc.total_miss = 4000
stat.node.2.llc.avg_miss_lat = 920.785
stat.node.2.llc.avg_cxl_lat = 920.785
stat.node.2.llc.miss_lat_hist_bin_ns = 10
stat.node.2.llc.miss_lat_hist = [0,0,0,0,0,0,0,0,0,0,0,0,0,0,0,0,0,0,0,0,0,0,0,0,0,0,0,0,0,0,0,3,34,477,427,347,195,178,256,465,503,676,317,89,31,2]
stat.node.2.util.dram_avg = 4.44913e-06
stat.node.2.walltime_s = 239.836
stat.node.2.active_time_s = 64.8734
stat.node.3.cpu.0.load_issue_to_complete_count = 3999
stat.node.3.cpu.0.avg_load_issue_to_complete_lat = 1028.46
stat.node.3.injector.phase_cycles = 4117885
stat.node.3.injector.request_bytes = 1285544
stat.node.3.injector.response_bytes = 311616
stat.node.3.injector.aggregate_bytes = 1597160
stat.node.3.injector.request_gbps = 5.99396
stat.node.3.injector.response_gbps = 1.45294
stat.node.3.injector.aggregate_gbps = 7.4469
stat.node.3.llc.cxl_miss = 4000
stat.node.3.llc.total_miss = 4000
stat.node.3.llc.avg_miss_lat = 919.876
stat.node.3.llc.avg_cxl_lat = 919.876
stat.node.3.llc.miss_lat_hist_bin_ns = 10
stat.node.3.llc.miss_lat_hist = [0,0,0,0,0,0,0,0,0,0,0,0,0,0,0,0,0,0,0,0,0,0,0,0,0,0,0,0,0,0,0,0,9,161,165,303,838,277,674,668,275,317,140,81,79,10,3]
stat.node.3.util.dram_avg = 4.44911e-06
stat.node.3.walltime_s = 239.836
stat.node.3.active_time_s = 75.4638
stat.pool.100.util.mem_avg = 0.220482
stat.pool.100.util.req_link_avg = 0.9999
stat.pool.100.walltime_s = 239.836
stat.pool.100.active_time_s = 2.31717
stat.switch.replicated_messages = 0
stat.switch.util.node_ingress_avg = 0.124996
stat.switch.util.pool_ingress_avg = 0.432141
stat.switch.bw.host_to_switch_gbps = 6.1441
stat.switch.bw.switch_to_host_gbps = 2.65506
stat.switch.bw.host_link_total_gbps = 8.79916
stat.switch.walltime_s = 239.837
stat.switch.active_time_s = 8.76454
Simulation is complete, simulated time: 2.24944 ms
