stat.node.7.cpu.0.retired = 700
stat.node.7.cpu.0.cycles = 1000000
stat.node.0.cpu.0.retired = 699
stat.node.1.cpu.0.retired = 698
stat.node.1.cpu.0.cycles = 1000000
stat.node.2.cpu.0.retired = 697
stat.node.2.cpu.0.cycles = 1000000
stat.node.3.cpu.0.retired = 697
stat.node.3.cpu.0.cycles = 1000000
stat.node.4.cpu.0.retired = 705
stat.node.4.cpu.0.cycles = 1000000
stat.node.5.cpu.0.retired = 702
stat.node.5.cpu.0.cycles = 1000000
stat.node.6.cpu.0.retired = 701
stat.node.6.cpu.0.cycles = 1000000
stat.node.0.cpu.0.cycles = 1000000
stat.node.4.cpu.0.load_issue_to_complete_count = 499
stat.node.4.cpu.0.avg_load_issue_to_complete_lat = 1127.69
stat.node.4.injector.phase_cycles = 565285
stat.node.4.injector.request_bytes = 98280
stat.node.4.injector.response_bytes = 87360
stat.node.4.injector.aggregate_bytes = 185640
stat.node.4.injector.request_gbps = 3.3381
stat.node.4.injector.response_gbps = 2.9672
stat.node.4.injector.aggregate_gbps = 6.30529
stat.node.4.llc.cxl_miss = 500
stat.node.4.llc.total_miss = 500
stat.node.4.llc.avg_miss_lat = 891.446
stat.node.4.llc.avg_cxl_lat = 891.446
stat.node.4.llc.miss_lat_hist_bin_ns = 10
stat.node.4.llc.miss_lat_hist = [0,0,0,0,0,0,0,0,0,0,0,0,0,0,0,0,0,0,0,0,0,0,0,0,0,0,2,1,8,14,13,28,28,29,29,17,8,58,23,52,135,54,1]
stat.node.4.util.dram_avg = 1.80867e-05
stat.node.4.walltime_s = 800.82
stat.node.4.active_time_s = 25.2432
stat.node.5.cpu.0.load_issue_to_complete_count = 499
stat.node.5.cpu.0.avg_load_issue_to_complete_lat = 1128.52
stat.node.5.injector.phase_cycles = 565699
stat.node.5.injector.request_bytes = 98352
stat.node.5.injector.response_bytes = 87424
stat.node.5.injector.aggregate_bytes = 185776
stat.node.5.injector.request_gbps = 3.3381
stat.node.5.injector.response_gbps = 2.9672
stat.node.5.injector.aggregate_gbps = 6.3053
stat.node.5.llc.cxl_miss = 500
stat.node.5.llc.total_miss = 500
stat.node.5.llc.avg_miss_lat = 891.422
stat.node.5.llc.avg_cxl_lat = 891.422
stat.node.5.llc.miss_lat_hist_bin_ns = 10
stat.node.5.llc.miss_lat_hist = [0,0,0,0,0,0,0,0,0,0,0,0,0,0,0,0,0,0,0,0,0,0,0,0,0,0,7,0,9,12,12,12,36,32,36,14,12,44,18,81,115,60]
stat.node.5.util.dram_avg = 1.80417e-05
stat.node.5.walltime_s = 804.172
stat.node.5.active_time_s = 22.9452
stat.node.6.cpu.0.load_issue_to_complete_count = 499
stat.node.6.cpu.0.avg_load_issue_to_complete_lat = 1128.41
stat.node.6.injector.phase_cycles = 565699
stat.node.6.injector.request_bytes = 98352
stat.node.6.injector.response_bytes = 87424
stat.node.6.injector.aggregate_bytes = 185776
stat.node.6.injector.request_gbps = 3.3381
stat.node.6.injector.response_gbps = 2.9672
stat.node.6.injector.aggregate_gbps = 6.3053
stat.node.6.llc.cxl_miss = 500
stat.node.6.llc.total_miss = 500
stat.node.6.llc.avg_miss_lat = 892.068
stat.node.6.llc.avg_cxl_lat = 892.068
stat.node.6.llc.miss_lat_hist_bin_ns = 10
stat.node.6.llc.miss_lat_hist = [0,0,0,0,0,0,0,0,0,0,0,0,0,0,0,0,0,0,0,0,0,0,0,0,0,0,5,2,4,13,16,13,35,36,28,16,10,58,21,50,143,50]
stat.node.6.util.dram_avg = 1.80248e-05
stat.node.6.walltime_s = 804.426
stat.node.6.active_time_s = 21.7588
stat.node.7.cpu.0.load_issue_to_complete_count = 499
stat.node.7.cpu.0.avg_load_issue_to_complete_lat = 1129.2
stat.node.7.injector.phase_cycles = 566088
stat.node.7.injector.request_bytes = 98424
stat.node.7.injector.response_bytes = 87488
stat.node.7.injector.aggregate_bytes = 185912
stat.node.7.injector.request_gbps = 3.33825
stat.node.7.injector.response_gbps = 2.96733
stat.node.7.injector.aggregate_gbps = 6.30558
stat.node.7.llc.cxl_miss = 500
stat.node.7.llc.total_miss = 500
stat.node.7.llc.avg_miss_lat = 892.446
stat.node.7.llc.avg_cxl_lat = 892.446
stat.node.7.llc.miss_lat_hist_bin_ns = 10
stat.node.7.llc.miss_lat_hist = [0,0,0,0,0,0,0,0,0,0,0,0,0,0,0,0,0,0,0,0,0,0,0,0,0,0,1,1,12,11,16,16,31,44,21,16,10,58,20,40,140,62,1]
stat.node.7.util.dram_avg = 1.80028e-05
stat.node.7.walltime_s = 804.824
stat.node.7.active_time_s = 30.5946
stat.node.0.cpu.0.load_issue_to_complete_count = 499
stat.node.0.cpu.0.avg_load_issue_to_complete_lat = 1129.25
stat.node.0.injector.phase_cycles = 566113
stat.node.0.injector.request_bytes = 98424
stat.node.0.injector.response_bytes = 87488
stat.node.0.injector.aggregate_bytes = 185912
stat.node.0.injector.request_gbps = 3.3381
stat.node.0.injector.response_gbps = 2.9672
stat.node.0.injector.aggregate_gbps = 6.3053
stat.node.0.llc.cxl_miss = 500
stat.node.0.llc.total_miss = 500
stat.node.0.llc.avg_miss_lat = 892.486
stat.node.0.llc.avg_cxl_lat = 892.486
stat.node.0.llc.miss_lat_hist_bin_ns = 10
stat.node.0.llc.miss_lat_hist = [0,0,0,0,0,0,0,0,0,0,0,0,0,0,0,0,0,0,0,0,0,0,0,0,0,0,2,1,12,15,8,18,28,33,35,16,12,50,29,43,142,56]
stat.node.0.util.dram_avg = 1.79857e-05
stat.node.0.walltime_s = 805.031
stat.node.0.active_time_s = 19.5452
stat.node.1.cpu.0.load_issue_to_complete_count = 499
stat.node.1.cpu.0.avg_load_issue_to_complete_lat = 1128.47
stat.node.1.injector.phase_cycles = 565674
stat.node.1.injector.request_bytes = 98352
stat.node.1.injector.response_bytes = 87424
stat.node.1.injector.aggregate_bytes = 185776
stat.node.1.injector.request_gbps = 3.33824
stat.node.1.injector.response_gbps = 2.96733
stat.node.1.injector.aggregate_gbps = 6.30557
stat.node.1.llc.cxl_miss = 500
stat.node.1.llc.total_miss = 500
stat.node.1.llc.avg_miss_lat = 892.114
stat.node.1.llc.avg_cxl_lat = 892.114
stat.node.1.llc.miss_lat_hist_bin_ns = 10
stat.node.1.llc.miss_lat_hist = [0,0,0,0,0,0,0,0,0,0,0,0,0,0,0,0,0,0,0,0,0,0,0,0,0,0,1,0,8,21,10,22,33,39,27,11,8,60,16,38,127,79]
stat.node.1.util.dram_avg = 1.79801e-05
stat.node.1.walltime_s = 805.056
stat.node.1.active_time_s = 27.9509
stat.node.2.cpu.0.load_issue_to_complete_count = 499
stat.node.2.cpu.0.avg_load_issue_to_complete_lat = 1131.83
stat.node.2.injector.phase_cycles = 567380
stat.node.2.injector.request_bytes = 98640
stat.node.2.injector.response_bytes = 87680
stat.node.2.injector.aggregate_bytes = 186320
stat.node.2.injector.request_gbps = 3.33795
stat.node.2.injector.response_gbps = 2.96707
stat.node.2.injector.aggregate_gbps = 6.30502
stat.node.2.llc.cxl_miss = 500
stat.node.2.llc.total_miss = 500
stat.node.2.llc.avg_miss_lat = 896.05
stat.node.2.llc.avg_cxl_lat = 896.05
stat.node.2.llc.miss_lat_hist_bin_ns = 10
stat.node.2.llc.miss_lat_hist = [0,0,0,0,0,0,0,0,0,0,0,0,0,0,0,0,0,0,0,0,0,0,0,0,0,0,0,2,7,14,14,15,30,33,38,15,9,40,18,58,144,63]
stat.node.2.util.dram_avg = 1.79519e-05
stat.node.2.walltime_s = 807.269
stat.node.2.active_time_s = 23.5591
stat.node.3.cpu.0.load_issue_to_complete_count = 499
stat.node.3.cpu.0.avg_load_issue_to_complete_lat = 1132.41
stat.node.3.injector.phase_cycles = 567669
stat.node.3.injector.request_bytes = 98712
stat.node.3.injector.response_bytes = 87744
stat.node.3.injector.aggregate_bytes = 186456
stat.node.3.injector.request_gbps = 3.33869
stat.node.3.injector.response_gbps = 2.96772
stat.node.3.injector.aggregate_gbps = 6.30641
stat.node.3.llc.cxl_miss = 500
stat.node.3.llc.total_miss = 500
stat.node.3.llc.avg_miss_lat = 897.21
stat.node.3.llc.avg_cxl_lat = 897.21
stat.node.3.llc.miss_lat_hist_bin_ns = 10
stat.node.3.llc.miss_lat_hist = [0,0,0,0,0,0,0,0,0,0,0,0,0,0,0,0,0,0,0,0,0,0,0,0,0,0,1,0,4,7,19,28,33,33,29,10,11,40,18,53,136,78]
stat.node.3.util.dram_avg = 1.79474e-05
stat.node.3.walltime_s = 807.312
stat.node.3.active_time_s = 26.9515
stat.pool.100.util.mem_avg = 0.184383
stat.pool.100.util.req_link_avg = 0.566512
stat.pool.100.walltime_s = 807.416
stat.pool.100.active_time_s = 1.08997
stat.switch.replicated_messages = 0
stat.switch.util.node_ingress_avg = 0.0708304
stat.switch.util.pool_ingress_avg = 0.66951
stat.switch.bw.host_to_switch_gbps = 3.48163
stat.switch.bw.switch_to_host_gbps = 4.11336
stat.switch.bw.host_link_total_gbps = 7.59499
stat.switch.walltime_s = 807.416
stat.switch.active_time_s = 3.28605
Simulation is complete, simulated time: 557.631 us
