stat.node.4.cpu.0.retired = 753
stat.node.4.cpu.0.cycles = 1000000
stat.node.5.cpu.0.retired = 753
stat.node.6.cpu.0.retired = 753
stat.node.6.cpu.0.cycles = 1000000
stat.node.7.cpu.0.retired = 753
stat.node.7.cpu.0.cycles = 1000000
stat.node.0.cpu.0.retired = 753
stat.node.0.cpu.0.cycles = 1000000
stat.node.1.cpu.0.retired = 753
stat.node.1.cpu.0.cycles = 1000000
stat.node.2.cpu.0.retired = 753
stat.node.2.cpu.0.cycles = 1000000
stat.node.3.cpu.0.retired = 753
stat.node.3.cpu.0.cycles = 1000000
stat.node.5.cpu.0.cycles = 1000000
stat.node.6.cpu.0.retired = 1737
stat.node.6.cpu.0.cycles = 2000000
stat.node.5.cpu.0.retired = 1735
stat.node.5.cpu.0.cycles = 2000000
stat.node.7.cpu.0.retired = 1734
stat.node.7.cpu.0.cycles = 2000000
stat.node.0.cpu.0.retired = 1736
stat.node.0.cpu.0.cycles = 2000000
stat.node.1.cpu.0.retired = 1737
stat.node.1.cpu.0.cycles = 2000000
stat.node.2.cpu.0.retired = 1733
stat.node.2.cpu.0.cycles = 2000000
stat.node.4.cpu.0.retired = 1735
stat.node.4.cpu.0.cycles = 2000000
stat.node.3.cpu.0.retired = 1735
stat.node.3.cpu.0.cycles = 2000000
stat.node.5.cpu.0.retired = 2735
stat.node.5.cpu.0.cycles = 3000000
stat.node.7.cpu.0.retired = 2731
stat.node.7.cpu.0.cycles = 3000000
stat.node.0.cpu.0.retired = 2738
stat.node.0.cpu.0.cycles = 3000000
stat.node.1.cpu.0.retired = 2739
stat.node.1.cpu.0.cycles = 3000000
stat.node.2.cpu.0.retired = 2730
stat.node.2.cpu.0.cycles = 3000000
stat.node.4.cpu.0.retired = 2730
stat.node.4.cpu.0.cycles = 3000000
stat.node.6.cpu.0.retired = 2739
stat.node.6.cpu.0.cycles = 3000000
stat.node.3.cpu.0.retired = 2733
stat.node.3.cpu.0.cycles = 3000000
stat.node.6.cpu.0.retired = 3745
stat.node.6.cpu.0.cycles = 4000000
stat.node.5.cpu.0.retired = 3741
stat.node.5.cpu.0.cycles = 4000000
stat.node.7.cpu.0.retired = 3734
stat.node.7.cpu.0.cycles = 4000000
stat.node.0.cpu.0.retired = 3745
stat.node.1.cpu.0.retired = 3745
stat.node.1.cpu.0.cycles = 4000000
stat.node.2.cpu.0.retired = 3731
stat.node.2.cpu.0.cycles = 4000000
stat.node.4.cpu.0.retired = 3726
stat.node.4.cpu.0.cycles = 4000000
stat.node.3.cpu.0.retired = 3737
stat.node.3.cpu.0.cycles = 4000000
stat.node.0.cpu.0.cycles = 4000000
stat.node.0.cpu.0.retired = 4751
stat.node.0.cpu.0.cycles = 5000000
stat.node.4.cpu.0.retired = 4720
stat.node.4.cpu.0.cycles = 5000000
stat.node.6.cpu.0.retired = 4751
stat.node.6.cpu.0.cycles = 5000000
stat.node.7.cpu.0.retired = 4737
stat.node.7.cpu.0.cycles = 5000000
stat.node.3.cpu.0.retired = 4744
stat.node.3.cpu.0.cycles = 5000000
stat.node.1.cpu.0.retired = 4753
stat.node.1.cpu.0.cycles = 5000000
stat.node.2.cpu.0.retired = 4731
stat.node.2.cpu.0.cycles = 5000000
stat.node.5.cpu.0.retired = 4748
stat.node.5.cpu.0.cycles = 5000000
stat.node.1.cpu.0.load_issue_to_complete_count = 3999
stat.node.1.cpu.0.avg_load_issue_to_complete_lat = 997.127
stat.node.1.injector.phase_cycles = 3992510
stat.node.1.injector.request_bytes = 808416
stat.node.1.injector.response_bytes = 1021120
stat.node.1.injector.aggregate_bytes = 1829536
stat.node.1.injector.request_gbps = 3.88768
stat.node.1.injector.response_gbps = 4.91057
stat.node.1.injector.aggregate_gbps = 8.79825
stat.node.1.llc.cxl_miss = 4000
stat.node.1.llc.total_miss = 4000
stat.node.1.llc.avg_miss_lat = 888.482
stat.node.1.llc.avg_cxl_lat = 888.482
stat.node.1.llc.miss_lat_hist_bin_ns = 10
stat.node.1.llc.miss_lat_hist = [0,0,0,0,0,0,0,0,0,0,0,0,0,0,0,0,0,0,0,0,0,0,0,0,0,0,0,0,0,0,24,253,377,283,160,196,183,318,651,1497,58]
stat.node.1.util.dram_avg = 4.57541e-06
stat.node.1.walltime_s = 1781.84
stat.node.1.active_time_s = 95.2106
stat.node.6.cpu.0.load_issue_to_complete_count = 3999
stat.node.6.cpu.0.avg_load_issue_to_complete_lat = 997.696
stat.node.6.injector.phase_cycles = 3994860
stat.node.6.injector.request_bytes = 808864
stat.node.6.injector.response_bytes = 1021760
stat.node.6.injector.aggregate_bytes = 1830624
stat.node.6.injector.request_gbps = 3.88754
stat.node.6.injector.response_gbps = 4.91076
stat.node.6.injector.aggregate_gbps = 8.7983
stat.node.6.llc.cxl_miss = 4000
stat.node.6.llc.total_miss = 4000
stat.node.6.llc.avg_miss_lat = 889.076
stat.node.6.llc.avg_cxl_lat = 889.076
stat.node.6.llc.miss_lat_hist_bin_ns = 10
stat.node.6.llc.miss_lat_hist = [0,0,0,0,0,0,0,0,0,0,0,0,0,0,0,0,0,0,0,0,0,0,0,0,0,0,0,0,0,0,27,200,240,200,371,349,306,216,581,1458,52]
stat.node.6.util.dram_avg = 4.57356e-06
stat.node.6.walltime_s = 1782.81
stat.node.6.active_time_s = 89.1022
stat.node.0.cpu.0.load_issue_to_complete_count = 3999
stat.node.0.cpu.0.avg_load_issue_to_complete_lat = 997.877
stat.node.0.injector.phase_cycles = 3995610
stat.node.0.injector.request_bytes = 809024
stat.node.0.injector.response_bytes = 1021888
stat.node.0.injector.aggregate_bytes = 1830912
stat.node.0.injector.request_gbps = 3.88758
stat.node.0.injector.response_gbps = 4.91045
stat.node.0.injector.aggregate_gbps = 8.79803
stat.node.0.llc.cxl_miss = 4000
stat.node.0.llc.total_miss = 4000
stat.node.0.llc.avg_miss_lat = 889.364
stat.node.0.llc.avg_cxl_lat = 889.364
stat.node.0.llc.miss_lat_hist_bin_ns = 10
stat.node.0.llc.miss_lat_hist = [0,0,0,0,0,0,0,0,0,0,0,0,0,0,0,0,0,0,0,0,0,0,0,0,0,0,0,0,0,0,36,237,253,230,282,307,299,179,590,1536,51]
stat.node.0.util.dram_avg = 4.57258e-06
stat.node.0.walltime_s = 1784.3
stat.node.0.active_time_s = 94.4426
stat.node.5.cpu.0.load_issue_to_complete_count = 3999
stat.node.5.cpu.0.avg_load_issue_to_complete_lat = 998.196
stat.node.5.injector.phase_cycles = 3996985
stat.node.5.injector.request_bytes = 809256
stat.node.5.injector.response_bytes = 1022272
stat.node.5.injector.aggregate_bytes = 1831528
stat.node.5.injector.request_gbps = 3.88736
stat.node.5.injector.response_gbps = 4.91061
stat.node.5.injector.aggregate_gbps = 8.79797
stat.node.5.llc.cxl_miss = 4000
stat.node.5.llc.total_miss = 4000
stat.node.5.llc.avg_miss_lat = 889.62
stat.node.5.llc.avg_cxl_lat = 889.62
stat.node.5.llc.miss_lat_hist_bin_ns = 10
stat.node.5.llc.miss_lat_hist = [0,0,0,0,0,0,0,0,0,0,0,0,0,0,0,0,0,0,0,0,0,0,0,0,0,0,0,0,0,0,34,268,239,284,254,170,312,246,608,1529,56]
stat.node.5.util.dram_avg = 4.57149e-06
stat.node.5.walltime_s = 1784.56
stat.node.5.active_time_s = 98.6493
stat.node.3.cpu.0.load_issue_to_complete_count = 3999
stat.node.3.cpu.0.avg_load_issue_to_complete_lat = 999.165
stat.node.3.injector.phase_cycles = 4000710
stat.node.3.injector.request_bytes = 810008
stat.node.3.injector.response_bytes = 1023232
stat.node.3.injector.aggregate_bytes = 1833240
stat.node.3.injector.request_gbps = 3.88735
stat.node.3.injector.response_gbps = 4.91064
stat.node.3.injector.aggregate_gbps = 8.79799
stat.node.3.llc.cxl_miss = 4000
stat.node.3.llc.total_miss = 4000
stat.node.3.llc.avg_miss_lat = 890.632
stat.node.3.llc.avg_cxl_lat = 890.632
stat.node.3.llc.miss_lat_hist_bin_ns = 10
stat.node.3.llc.miss_lat_hist = [0,0,0,0,0,0,0,0,0,0,0,0,0,0,0,0,0,0,0,0,0,0,0,0,0,0,0,0,0,0,24,232,222,310,259,248,260,259,579,1553,54]
stat.node.3.util.dram_avg = 4.56781e-06
stat.node.3.walltime_s = 1785.74
stat.node.3.active_time_s = 89.0944
stat.node.7.cpu.0.load_issue_to_complete_count = 3999
stat.node.7.cpu.0.avg_load_issue_to_complete_lat = 1000.88
stat.node.7.injector.phase_cycles = 4007660
stat.node.7.injector.request_bytes = 811448
stat.node.7.injector.response_bytes = 1025024
stat.node.7.injector.aggregate_bytes = 1836472
stat.node.7.injector.request_gbps = 3.88751
stat.node.7.injector.response_gbps = 4.91071
stat.node.7.injector.aggregate_gbps = 8.79822
stat.node.7.llc.cxl_miss = 4000
stat.node.7.llc.total_miss = 4000
stat.node.7.llc.avg_miss_lat = 892.201
stat.node.7.llc.avg_cxl_lat = 892.201
stat.node.7.llc.miss_lat_hist_bin_ns = 10
stat.node.7.llc.miss_lat_hist = [0,0,0,0,0,0,0,0,0,0,0,0,0,0,0,0,0,0,0,0,0,0,0,0,0,0,0,0,0,0,36,306,344,249,121,92,125,331,710,1620,66]
stat.node.7.util.dram_avg = 4.56172e-06
stat.node.7.walltime_s = 1789.44
stat.node.7.active_time_s = 81.6273
stat.node.2.cpu.0.load_issue_to_complete_count = 3999
stat.node.2.cpu.0.avg_load_issue_to_complete_lat = 1002.4
stat.node.2.injector.phase_cycles = 4013760
stat.node.2.injector.request_bytes = 812672
stat.node.2.injector.response_bytes = 1026560
stat.node.2.injector.aggregate_bytes = 1839232
stat.node.2.injector.request_gbps = 3.88745
stat.node.2.injector.response_gbps = 4.9106
stat.node.2.injector.aggregate_gbps = 8.79805
stat.node.2.llc.cxl_miss = 4000
stat.node.2.llc.total_miss = 4000
stat.node.2.llc.avg_miss_lat = 893.695
stat.node.2.llc.avg_cxl_lat = 893.695
stat.node.2.llc.miss_lat_hist_bin_ns = 10
stat.node.2.llc.miss_lat_hist = [0,0,0,0,0,0,0,0,0,0,0,0,0,0,0,0,0,0,0,0,0,0,0,0,0,0,0,0,0,1,36,272,366,213,134,121,116,227,852,1586,76]
stat.node.2.util.dram_avg = 4.55585e-06
stat.node.2.walltime_s = 1792.54
stat.node.2.active_time_s = 83.5759
stat.node.4.cpu.0.load_issue_to_complete_count = 3999
stat.node.4.cpu.0.avg_load_issue_to_complete_lat = 1005.59
stat.node.4.injector.phase_cycles = 4026535
stat.node.4.injector.request_bytes = 815328
stat.node.4.injector.response_bytes = 1029824
stat.node.4.injector.aggregate_bytes = 1845152
stat.node.4.injector.request_gbps = 3.88778
stat.node.4.injector.response_gbps = 4.91058
stat.node.4.injector.aggregate_gbps = 8.79836
stat.node.4.llc.cxl_miss = 4000
stat.node.4.llc.total_miss = 4000
stat.node.4.llc.avg_miss_lat = 896.895
stat.node.4.llc.avg_cxl_lat = 896.895
stat.node.4.llc.miss_lat_hist_bin_ns = 10
stat.node.4.llc.miss_lat_hist = [0,0,0,0,0,0,0,0,0,0,0,0,0,0,0,0,0,0,0,0,0,0,0,0,0,0,0,0,0,0,64,394,300,153,97,86,85,143,555,2018,105]
stat.node.4.util.dram_avg = 4.54569e-06
stat.node.4.walltime_s = 1797.54
stat.node.4.active_time_s = 91.9275
stat.pool.100.util.mem_avg = 0.245129
stat.pool.100.util.req_link_avg = 0.657692
stat.pool.100.walltime_s = 1797.53
stat.pool.100.active_time_s = 3.11565
stat.switch.replicated_messages = 0
stat.switch.util.node_ingress_avg = 0.082214
stat.switch.util.pool_ingress_avg = 0.999236
stat.switch.bw.host_to_switch_gbps = 4.04124
stat.switch.bw.switch_to_host_gbps = 6.13931
stat.switch.bw.host_link_total_gbps = 10.1805
stat.switch.walltime_s = 1797.54
stat.switch.active_time_s = 9.14354
Simulation is complete, simulated time: 2.20165 ms
