stat.node.5.cpu.0.retired = 764
stat.node.5.cpu.0.cycles = 1000000
stat.node.6.cpu.0.retired = 764
stat.node.6.cpu.0.cycles = 1000000
stat.node.7.cpu.0.retired = 763
stat.node.7.cpu.0.cycles = 1000000
stat.node.0.cpu.0.retired = 763
stat.node.0.cpu.0.cycles = 1000000
stat.node.1.cpu.0.retired = 763
stat.node.1.cpu.0.cycles = 1000000
stat.node.2.cpu.0.retired = 764
stat.node.2.cpu.0.cycles = 1000000
stat.node.3.cpu.0.retired = 763
stat.node.3.cpu.0.cycles = 1000000
stat.node.4.cpu.0.retired = 765
stat.node.4.cpu.0.cycles = 1000000
stat.node.2.cpu.0.retired = 1765
stat.node.2.cpu.0.cycles = 2000000
stat.node.3.cpu.0.retired = 1762
stat.node.3.cpu.0.cycles = 2000000
stat.node.5.cpu.0.retired = 1765
stat.node.5.cpu.0.cycles = 2000000
stat.node.6.cpu.0.retired = 1765
stat.node.6.cpu.0.cycles = 2000000
stat.node.4.cpu.0.retired = 1766
stat.node.4.cpu.0.cycles = 2000000
stat.node.7.cpu.0.retired = 1764
stat.node.7.cpu.0.cycles = 2000000
stat.node.0.cpu.0.retired = 1764
stat.node.0.cpu.0.cycles = 2000000
stat.node.1.cpu.0.retired = 1762
stat.node.1.cpu.0.cycles = 2000000
stat.node.1.cpu.0.retired = 2773
stat.node.1.cpu.0.cycles = 3000000
stat.node.4.cpu.0.retired = 2782
stat.node.4.cpu.0.cycles = 3000000
stat.node.7.cpu.0.retired = 2777
stat.node.7.cpu.0.cycles = 3000000
stat.node.0.cpu.0.retired = 2775
stat.node.0.cpu.0.cycles = 3000000
stat.node.6.cpu.0.retired = 2777
stat.node.6.cpu.0.cycles = 3000000
stat.node.2.cpu.0.retired = 2778
stat.node.2.cpu.0.cycles = 3000000
stat.node.3.cpu.0.retired = 2773
stat.node.3.cpu.0.cycles = 3000000
stat.node.5.cpu.0.retired = 2778
stat.node.5.cpu.0.cycles = 3000000
stat.node.2.cpu.0.retired = 3794
stat.node.2.cpu.0.cycles = 4000000
stat.node.3.cpu.0.retired = 3786
stat.node.3.cpu.0.cycles = 4000000
stat.node.5.cpu.0.retired = 3795
stat.node.5.cpu.0.cycles = 4000000
stat.node.1.cpu.0.retired = 3786
stat.node.1.cpu.0.cycles = 4000000
stat.node.4.cpu.0.retired = 3801
stat.node.4.cpu.0.cycles = 4000000
stat.node.7.cpu.0.retired = 3794
stat.node.7.cpu.0.cycles = 4000000
stat.node.0.cpu.0.retired = 3793
stat.node.0.cpu.0.cycles = 4000000
stat.node.6.cpu.0.retired = 3794
stat.node.6.cpu.0.cycles = 4000000
stat.node.0.cpu.0.retired = 4807
stat.node.0.cpu.0.cycles = 5000000
stat.node.3.cpu.0.retired = 4798
stat.node.3.cpu.0.cycles = 5000000
stat.node.2.cpu.0.retired = 4811
stat.node.2.cpu.0.cycles = 5000000
stat.node.6.cpu.0.retired = 4810
stat.node.6.cpu.0.cycles = 5000000
stat.node.5.cpu.0.retired = 4811
stat.node.5.cpu.0.cycles = 5000000
stat.node.1.cpu.0.retired = 4799
stat.node.1.cpu.0.cycles = 5000000
stat.node.4.cpu.0.retired = 4820
stat.node.4.cpu.0.cycles = 5000000
stat.node.7.cpu.0.retired = 4810
stat.node.7.cpu.0.cycles = 5000000
stat.node.4.cpu.0.load_issue_to_complete_count = 3999
stat.node.4.cpu.0.avg_load_issue_to_complete_lat = 984.113
stat.node.4.injector.phase_cycles = 3940525
stat.node.4.injector.request_bytes = 1224496
stat.node.4.injector.response_bytes = 296832
stat.node.4.injector.aggregate_bytes = 1521328
stat.node.4.injector.request_gbps = 5.96629
stat.node.4.injector.response_gbps = 1.4463
stat.node.4.injector.aggregate_gbps = 7.41259
stat.node.4.llc.cxl_miss = 4000
stat.node.4.llc.total_miss = 4000
stat.node.4.llc.avg_miss_lat = 875.647
stat.node.4.llc.avg_cxl_lat = 875.647
stat.node.4.llc.miss_lat_hist_bin_ns = 10
stat.node.4.llc.miss_lat_hist = [0,0,0,0,0,0,0,0,0,0,0,0,0,0,0,0,0,0,0,0,0,0,0,0,0,0,0,0,0,0,9,14,112,1016,821,341,182,81,111,508,501,180,63,44,16,1]
stat.node.4.util.dram_avg = 4.636e-06
stat.node.4.walltime_s = 289.616
stat.node.4.active_time_s = 72.7387
stat.node.5.cpu.0.load_issue_to_complete_count = 3999
stat.node.5.cpu.0.avg_load_issue_to_complete_lat = 986.121
stat.node.5.injector.phase_cycles = 3948485
stat.node.5.injector.request_bytes = 1227000
stat.node.5.injector.response_bytes = 297408
stat.node.5.injector.aggregate_bytes = 1524408
stat.node.5.injector.request_gbps = 5.96644
stat.node.5.injector.response_gbps = 1.44618
stat.node.5.injector.aggregate_gbps = 7.41262
stat.node.5.llc.cxl_miss = 4000
stat.node.5.llc.total_miss = 4000
stat.node.5.llc.avg_miss_lat = 877.654
stat.node.5.llc.avg_cxl_lat = 877.654
stat.node.5.llc.miss_lat_hist_bin_ns = 10
stat.node.5.llc.miss_lat_hist = [0,0,0,0,0,0,0,0,0,0,0,0,0,0,0,0,0,0,0,0,0,0,0,0,0,0,0,0,0,0,7,15,101,687,609,692,337,162,429,547,174,108,95,35,2]
stat.node.5.util.dram_avg = 4.62822e-06
stat.node.5.walltime_s = 289.823
stat.node.5.active_time_s = 71.2124
stat.node.2.cpu.0.load_issue_to_complete_count = 3999
stat.node.2.cpu.0.avg_load_issue_to_complete_lat = 986.026
stat.node.2.injector.phase_cycles = 3948197
stat.node.2.injector.request_bytes = 1226880
stat.node.2.injector.response_bytes = 297472
stat.node.2.injector.aggregate_bytes = 1524352
stat.node.2.injector.request_gbps = 5.96629
stat.node.2.injector.response_gbps = 1.4466
stat.node.2.injector.aggregate_gbps = 7.41289
stat.node.2.llc.cxl_miss = 4000
stat.node.2.llc.total_miss = 4000
stat.node.2.llc.avg_miss_lat = 877.606
stat.node.2.llc.avg_cxl_lat = 877.606
stat.node.2.llc.miss_lat_hist_bin_ns = 10
stat.node.2.llc.miss_lat_hist = [0,0,0,0,0,0,0,0,0,0,0,0,0,0,0,0,0,0,0,0,0,0,0,0,0,0,0,0,0,0,0,10,112,1029,770,353,171,85,120,491,501,251,70,31,6]
stat.node.2.util.dram_avg = 4.62801e-06
stat.node.2.walltime_s = 289.82
stat.node.2.active_time_s = 76.2567
stat.node.6.cpu.0.load_issue_to_complete_count = 3999
stat.node.6.cpu.0.avg_load_issue_to_complete_lat = 986.065
stat.node.6.injector.phase_cycles = 3948379
stat.node.6.injector.request_bytes = 1226944
stat.node.6.injector.response_bytes = 297472
stat.node.6.injector.aggregate_bytes = 1524416
stat.node.6.injector.request_gbps = 5.96633
stat.node.6.injector.response_gbps = 1.44653
stat.node.6.injector.aggregate_gbps = 7.41286
stat.node.6.llc.cxl_miss = 4000
stat.node.6.llc.total_miss = 4000
stat.node.6.llc.avg_miss_lat = 877.63
stat.node.6.llc.avg_cxl_lat = 877.63
stat.node.6.llc.miss_lat_hist_bin_ns = 10
stat.node.6.llc.miss_lat_hist = [0,0,0,0,0,0,0,0,0,0,0,0,0,0,0,0,0,0,0,0,0,0,0,0,0,0,0,0,0,0,0,9,94,748,510,305,519,945,249,230,116,124,109,40,2]
stat.node.6.util.dram_avg = 4.62783e-06
stat.node.6.walltime_s = 289.828
stat.node.6.active_time_s = 62.3836
stat.node.7.cpu.0.load_issue_to_complete_count = 3999
stat.node.7.cpu.0.avg_load_issue_to_complete_lat = 986.103
stat.node.7.injector.phase_cycles = 3948532
stat.node.7.injector.request_bytes = 1227008
stat.node.7.injector.response_bytes = 297472
stat.node.7.injector.aggregate_bytes = 1524480
stat.node.7.injector.request_gbps = 5.96641
stat.node.7.injector.response_gbps = 1.44648
stat.node.7.injector.aggregate_gbps = 7.41289
stat.node.7.llc.cxl_miss = 4000
stat.node.7.llc.total_miss = 4000
stat.node.7.llc.avg_miss_lat = 877.758
stat.node.7.llc.avg_cxl_lat = 877.758
stat.node.7.llc.miss_lat_hist_bin_ns = 10
stat.node.7.llc.miss_lat_hist = [0,0,0,0,0,0,0,0,0,0,0,0,0,0,0,0,0,0,0,0,0,0,0,0,0,0,0,0,0,0,1,15,101,750,911,475,179,119,210,628,349,133,94,35]
stat.node.7.util.dram_avg = 4.62767e-06
stat.node.7.walltime_s = 289.835
stat.node.7.active_time_s = 71.2879
stat.node.0.cpu.0.load_issue_to_complete_count = 3999
stat.node.0.cpu.0.avg_load_issue_to_complete_lat = 986.88
stat.node.0.injector.phase_cycles = 3951538
stat.node.0.injector.request_bytes = 1227928
stat.node.0.injector.response_bytes = 297664
stat.node.0.injector.aggregate_bytes = 1525592
stat.node.0.injector.request_gbps = 5.96634
stat.node.0.injector.response_gbps = 1.44631
stat.node.0.injector.aggregate_gbps = 7.41265
stat.node.0.llc.cxl_miss = 4000
stat.node.0.llc.total_miss = 4000
stat.node.0.llc.avg_miss_lat = 878.508
stat.node.0.llc.avg_cxl_lat = 878.508
stat.node.0.llc.miss_lat_hist_bin_ns = 10
stat.node.0.llc.miss_lat_hist = [0,0,0,0,0,0,0,0,0,0,0,0,0,0,0,0,0,0,0,0,0,0,0,0,0,0,0,0,0,0,1,25,72,736,521,326,683,508,369,327,188,117,91,34,1,1]
stat.node.0.util.dram_avg = 4.62478e-06
stat.node.0.walltime_s = 289.902
stat.node.0.active_time_s = 63.4513
stat.node.1.cpu.0.load_issue_to_complete_count = 3999
stat.node.1.cpu.0.avg_load_issue_to_complete_lat = 988.787
stat.node.1.injector.phase_cycles = 3959162
stat.node.1.injector.request_bytes = 1230304
stat.node.1.injector.response_bytes = 298240
stat.node.1.injector.aggregate_bytes = 1528544
stat.node.1.injector.request_gbps = 5.96637
stat.node.1.injector.response_gbps = 1.44632
stat.node.1.injector.aggregate_gbps = 7.41269
stat.node.1.llc.cxl_miss = 4000
stat.node.1.llc.total_miss = 4000
stat.node.1.llc.avg_miss_lat = 880.417
stat.node.1.llc.avg_cxl_lat = 880.417
stat.node.1.llc.miss_lat_hist_bin_ns = 10
stat.node.1.llc.miss_lat_hist = [0,0,0,0,0,0,0,0,0,0,0,0,0,0,0,0,0,0,0,0,0,0,0,0,0,0,0,0,0,0,1,13,90,678,690,720,280,153,163,685,212,147,125,40,2,1]
stat.node.1.util.dram_avg = 4.61797e-06
stat.node.1.walltime_s = 290.092
stat.node.1.active_time_s = 65.5242
stat.node.3.cpu.0.load_issue_to_complete_count = 3999
stat.node.3.cpu.0.avg_load_issue_to_complete_lat = 988.756
stat.node.3.injector.phase_cycles = 3959085
stat.node.3.injector.request_bytes = 1230304
stat.node.3.injector.response_bytes = 298240
stat.node.3.injector.aggregate_bytes = 1528544
stat.node.3.injector.request_gbps = 5.96649
stat.node.3.injector.response_gbps = 1.44635
stat.node.3.injector.aggregate_gbps = 7.41284
stat.node.3.llc.cxl_miss = 4000
stat.node.3.llc.total_miss = 4000
stat.node.3.llc.avg_miss_lat = 880.341
stat.node.3.llc.avg_cxl_lat = 880.341
stat.node.3.llc.miss_lat_hist_bin_ns = 10
stat.node.3.llc.miss_lat_hist = [0,0,0,0,0,0,0,0,0,0,0,0,0,0,0,0,0,0,0,0,0,0,0,0,0,0,0,0,0,2,3,12,63,725,541,466,651,147,600,345,122,170,111,37,5]
stat.node.3.util.dram_avg = 4.61792e-06
stat.node.3.walltime_s = 290.101
stat.node.3.active_time_s = 92.9632
stat.pool.100.util.mem_avg = 0.220749
stat.pool.100.util.req_link_avg = 0.99633
stat.pool.100.walltime_s = 290.097
stat.pool.100.active_time_s = 2.34553
stat.switch.replicated_messages = 0
stat.switch.util.node_ingress_avg = 0.12455
stat.switch.util.pool_ingress_avg = 0.438135
stat.switch.bw.host_to_switch_gbps = 6.12215
stat.switch.bw.switch_to_host_gbps = 2.6919
stat.switch.bw.host_link_total_gbps = 8.81405
stat.switch.walltime_s = 290.098
stat.switch.active_time_s = 8.15921
Simulation is complete, simulated time: 2.16721 ms
