stat.node.6.cpu.0.load_issue_to_complete_count = 299
stat.node.6.cpu.0.avg_load_issue_to_complete_lat = 1060.9
stat.node.6.injector.phase_cycles = 318497
stat.node.6.injector.request_bytes = 54280
stat.node.6.injector.response_bytes = 22080
stat.node.6.injector.aggregate_bytes = 76360
stat.node.6.injector.request_gbps = 3.27217
stat.node.6.injector.response_gbps = 1.33105
stat.node.6.injector.aggregate_gbps = 4.60322
stat.node.6.llc.cxl_miss = 300
stat.node.6.llc.total_miss = 300
stat.node.6.llc.avg_miss_lat = 734.32
stat.node.6.llc.avg_cxl_lat = 734.32
stat.node.6.llc.miss_lat_hist_bin_ns = 10
stat.node.6.llc.miss_lat_hist = [0,0,0,0,0,0,0,0,0,0,0,0,0,0,0,0,0,0,0,0,0,0,0,0,0,0,67,6,20,16,35,69,41,18,10,1,0,2,12,2,1]
stat.node.6.util.dram_avg = 3.13412e-05
stat.node.6.walltime_s = 563.066
stat.node.6.active_time_s = 13.4937
stat.node.1.cpu.0.load_issue_to_complete_count = 299
stat.node.1.cpu.0.avg_load_issue_to_complete_lat = 1061.35
stat.node.1.injector.phase_cycles = 318523
stat.node.1.injector.request_bytes = 54280
stat.node.1.injector.response_bytes = 22080
stat.node.1.injector.aggregate_bytes = 76360
stat.node.1.injector.request_gbps = 3.2719
stat.node.1.injector.response_gbps = 1.33094
stat.node.1.injector.aggregate_gbps = 4.60285
stat.node.1.llc.cxl_miss = 300
stat.node.1.llc.total_miss = 300
stat.node.1.llc.avg_miss_lat = 735.477
stat.node.1.llc.avg_cxl_lat = 735.477
stat.node.1.llc.miss_lat_hist_bin_ns = 10
stat.node.1.llc.miss_lat_hist = [0,0,0,0,0,0,0,0,0,0,0,0,0,0,0,0,0,0,0,0,0,0,0,0,0,0,46,6,52,13,27,71,38,24,6,2,1,6,4,2,2]
stat.node.1.util.dram_avg = 3.13293e-05
stat.node.1.walltime_s = 563.129
stat.node.1.active_time_s = 18.8444
stat.node.3.cpu.0.load_issue_to_complete_count = 299
stat.node.3.cpu.0.avg_load_issue_to_complete_lat = 1061.35
stat.node.3.injector.phase_cycles = 318523
stat.node.3.injector.request_bytes = 54280
stat.node.3.injector.response_bytes = 22080
stat.node.3.injector.aggregate_bytes = 76360
stat.node.3.injector.request_gbps = 3.2719
stat.node.3.injector.response_gbps = 1.33094
stat.node.3.injector.aggregate_gbps = 4.60285
stat.node.3.llc.cxl_miss = 300
stat.node.3.llc.total_miss = 300
stat.node.3.llc.avg_miss_lat = 734.737
stat.node.3.llc.avg_cxl_lat = 734.737
stat.node.3.llc.miss_lat_hist_bin_ns = 10
stat.node.3.llc.miss_lat_hist = [0,0,0,0,0,0,0,0,0,0,0,0,0,0,0,0,0,0,0,0,0,0,0,0,0,0,58,5,25,38,24,59,48,17,4,3,3,5,5,3,2,1]
stat.node.3.util.dram_avg = 3.13282e-05
stat.node.3.walltime_s = 563.141
stat.node.3.active_time_s = 18.5183
stat.node.0.cpu.0.load_issue_to_complete_count = 299
stat.node.0.cpu.0.avg_load_issue_to_complete_lat = 1063.86
stat.node.0.injector.phase_cycles = 319275
stat.node.0.injector.request_bytes = 54416
stat.node.0.injector.response_bytes = 22144
stat.node.0.injector.aggregate_bytes = 76560
stat.node.0.injector.request_gbps = 3.27237
stat.node.0.injector.response_gbps = 1.33166
stat.node.0.injector.aggregate_gbps = 4.60403
stat.node.0.llc.cxl_miss = 300
stat.node.0.llc.total_miss = 300
stat.node.0.llc.avg_miss_lat = 735.573
stat.node.0.llc.avg_cxl_lat = 735.573
stat.node.0.llc.miss_lat_hist_bin_ns = 10
stat.node.0.llc.miss_lat_hist = [0,0,0,0,0,0,0,0,0,0,0,0,0,0,0,0,0,0,0,0,0,0,0,0,0,0,66,12,14,16,26,70,49,21,4,5,3,5,6,1,2]
stat.node.0.util.dram_avg = 3.12965e-05
stat.node.0.walltime_s = 565.241
stat.node.0.active_time_s = 10.5898
stat.node.5.cpu.0.load_issue_to_complete_count = 299
stat.node.5.cpu.0.avg_load_issue_to_complete_lat = 1061.71
stat.node.5.injector.phase_cycles = 318774
stat.node.5.injector.request_bytes = 54344
stat.node.5.injector.response_bytes = 22080
stat.node.5.injector.aggregate_bytes = 76424
stat.node.5.injector.request_gbps = 3.27318
stat.node.5.injector.response_gbps = 1.3299
stat.node.5.injector.aggregate_gbps = 4.60308
stat.node.5.llc.cxl_miss = 300
stat.node.5.llc.total_miss = 300
stat.node.5.llc.avg_miss_lat = 732.247
stat.node.5.llc.avg_cxl_lat = 732.247
stat.node.5.llc.miss_lat_hist_bin_ns = 10
stat.node.5.llc.miss_lat_hist = [0,0,0,0,0,0,0,0,0,0,0,0,0,0,0,0,0,0,0,0,0,0,0,0,0,0,78,14,12,16,12,54,63,29,4,3,4,4,5,1,1]
stat.node.5.util.dram_avg = 3.12955e-05
stat.node.5.walltime_s = 565.232
stat.node.5.active_time_s = 18.5497
stat.node.7.cpu.0.load_issue_to_complete_count = 299
stat.node.7.cpu.0.avg_load_issue_to_complete_lat = 1064.28
stat.node.7.injector.phase_cycles = 319543
stat.node.7.injector.request_bytes = 54480
stat.node.7.injector.response_bytes = 22144
stat.node.7.injector.aggregate_bytes = 76624
stat.node.7.injector.request_gbps = 3.27347
stat.node.7.injector.response_gbps = 1.33054
stat.node.7.injector.aggregate_gbps = 4.60402
stat.node.7.llc.cxl_miss = 300
stat.node.7.llc.total_miss = 300
stat.node.7.llc.avg_miss_lat = 735.36
stat.node.7.llc.avg_cxl_lat = 735.36
stat.node.7.llc.miss_lat_hist_bin_ns = 10
stat.node.7.llc.miss_lat_hist = [0,0,0,0,0,0,0,0,0,0,0,0,0,0,0,0,0,0,0,0,0,0,0,0,0,0,71,20,11,17,13,46,53,47,5,2,1,6,2,3,1,1,1]
stat.node.7.util.dram_avg = 3.12631e-05
stat.node.7.walltime_s = 565.668
stat.node.7.active_time_s = 20.3565
stat.node.2.cpu.0.load_issue_to_complete_count = 299
stat.node.2.cpu.0.avg_load_issue_to_complete_lat = 1064.03
stat.node.2.injector.phase_cycles = 319367
stat.node.2.injector.request_bytes = 54416
stat.node.2.injector.response_bytes = 22144
stat.node.2.injector.aggregate_bytes = 76560
stat.node.2.injector.request_gbps = 3.27143
stat.node.2.injector.response_gbps = 1.33127
stat.node.2.injector.aggregate_gbps = 4.6027
stat.node.2.llc.cxl_miss = 300
stat.node.2.llc.total_miss = 300
stat.node.2.llc.avg_miss_lat = 733.567
stat.node.2.llc.avg_cxl_lat = 733.567
stat.node.2.llc.miss_lat_hist_bin_ns = 10
stat.node.2.llc.miss_lat_hist = [0,0,0,0,0,0,0,0,0,0,0,0,0,0,0,0,0,0,0,0,0,0,0,0,0,0,74,25,16,11,8,54,42,39,13,1,1,4,6,4,2]
stat.node.2.util.dram_avg = 3.12621e-05
stat.node.2.walltime_s = 565.681
stat.node.2.active_time_s = 12.45
stat.node.4.cpu.0.load_issue_to_complete_count = 299
stat.node.4.cpu.0.avg_load_issue_to_complete_lat = 1066.72
stat.node.4.injector.phase_cycles = 320173
stat.node.4.injector.request_bytes = 54552
stat.node.4.injector.response_bytes = 22208
stat.node.4.injector.aggregate_bytes = 76760
stat.node.4.injector.request_gbps = 3.27135
stat.node.4.injector.response_gbps = 1.33176
stat.node.4.injector.aggregate_gbps = 4.60311
stat.node.4.llc.cxl_miss = 300
stat.node.4.llc.total_miss = 300
stat.node.4.llc.avg_miss_lat = 736.137
stat.node.4.llc.avg_cxl_lat = 736.137
stat.node.4.llc.miss_lat_hist_bin_ns = 10
stat.node.4.llc.miss_lat_hist = [0,0,0,0,0,0,0,0,0,0,0,0,0,0,0,0,0,0,0,0,0,0,0,0,0,0,84,22,11,7,7,44,30,57,17,1,3,5,6,3,1,2]
stat.node.4.util.dram_avg = 3.12283e-05
stat.node.4.walltime_s = 565.832
stat.node.4.active_time_s = 12.0332
stat.pool.100.util.mem_avg = 0.149916
stat.pool.100.util.req_link_avg = 0.559107
stat.pool.100.walltime_s = 565.86
stat.pool.100.active_time_s = 0.634173
stat.switch.replicated_messages = 0
stat.switch.util.node_ingress_avg = 0.069911
stat.switch.util.pool_ingress_avg = 0.431924
stat.switch.bw.host_to_switch_gbps = 3.43698
stat.switch.bw.switch_to_host_gbps = 2.65375
stat.switch.bw.host_link_total_gbps = 6.09073
stat.switch.walltime_s = 565.86
stat.switch.active_time_s = 2.22859
Simulation is complete, simulated time: 320.479 us
