stat.node.3.cpu.0.load_issue_to_complete_count = 299
stat.node.3.cpu.0.avg_load_issue_to_complete_lat = 1062.03
stat.node.3.injector.phase_cycles = 319031
stat.node.3.injector.request_bytes = 39072
stat.node.3.injector.response_bytes = 104192
stat.node.3.injector.aggregate_bytes = 143264
stat.node.3.injector.request_gbps = 2.35144
stat.node.3.injector.response_gbps = 6.27051
stat.node.3.injector.aggregate_gbps = 8.62195
stat.node.3.llc.cxl_miss = 300
stat.node.3.llc.total_miss = 300
stat.node.3.llc.avg_miss_lat = 736.123
stat.node.3.llc.avg_cxl_lat = 736.123
stat.node.3.llc.miss_lat_hist_bin_ns = 10
stat.node.3.llc.miss_lat_hist = [0,0,0,0,0,0,0,0,0,0,0,0,0,0,0,0,0,0,0,0,0,0,0,0,0,0,117,10,6,21,12,14,25,6,13,29,20,6,6,12,3]
stat.node.3.util.dram_avg = 3.24125e-05
stat.node.3.walltime_s = 225.446
stat.node.3.active_time_s = 12.7439
stat.node.1.cpu.0.load_issue_to_complete_count = 299
stat.node.1.cpu.0.avg_load_issue_to_complete_lat = 1066.39
stat.node.1.injector.phase_cycles = 320338
stat.node.1.injector.request_bytes = 39192
stat.node.1.injector.response_bytes = 104640
stat.node.1.injector.aggregate_bytes = 143832
stat.node.1.injector.request_gbps = 2.34904
stat.node.1.injector.response_gbps = 6.27178
stat.node.1.injector.aggregate_gbps = 8.62081
stat.node.1.llc.cxl_miss = 300
stat.node.1.llc.total_miss = 300
stat.node.1.llc.avg_miss_lat = 739.45
stat.node.1.llc.avg_cxl_lat = 739.45
stat.node.1.llc.miss_lat_hist_bin_ns = 10
stat.node.1.llc.miss_lat_hist = [0,0,0,0,0,0,0,0,0,0,0,0,0,0,0,0,0,0,0,0,0,0,0,0,0,0,116,11,10,9,13,12,29,12,16,23,15,7,11,12,3,1]
stat.node.1.util.dram_avg = 3.23842e-05
stat.node.1.walltime_s = 225.475
stat.node.1.active_time_s = 12.7121
stat.node.2.cpu.0.load_issue_to_complete_count = 299
stat.node.2.cpu.0.avg_load_issue_to_complete_lat = 1066.22
stat.node.2.injector.phase_cycles = 320233
stat.node.2.injector.request_bytes = 39192
stat.node.2.injector.response_bytes = 104704
stat.node.2.injector.aggregate_bytes = 143896
stat.node.2.injector.request_gbps = 2.34981
stat.node.2.injector.response_gbps = 6.27767
stat.node.7.cpu.0.load_issue_to_complete_count = 299
stat.node.7.cpu.0.avg_load_issue_to_complete_lat = 1066.16
stat.node.7.injector.phase_cycles = 320212
stat.node.7.injector.request_bytes = 39184
stat.node.7.injector.response_bytes = 104640
stat.node.7.injector.aggregate_bytes = 143824
stat.node.7.injector.request_gbps = 2.34948
stat.node.7.injector.response_gbps = 6.27424
stat.node.7.injector.aggregate_gbps = 8.62373
stat.node.7.llc.cxl_miss = 300
stat.node.7.llc.total_miss = 300
stat.node.7.llc.avg_miss_lat = 743.683
stat.node.7.llc.avg_cxl_lat = 743.683
stat.node.7.llc.miss_lat_hist_bin_ns = 10
stat.node.7.llc.miss_lat_hist = [0,0,0,0,0,0,0,0,0,0,0,0,0,0,0,0,0,0,0,0,0,0,0,0,0,0,118,13,5,4,14,12,47,10,5,15,12,2,10,25,8]
stat.node.7.util.dram_avg = 3.2352e-05
stat.node.7.walltime_s = 225.505
stat.node.7.active_time_s = 9.15333
stat.node.2.injector.aggregate_gbps = 8.62748
stat.node.2.llc.cxl_miss = 300
stat.node.2.llc.total_miss = 300
stat.node.2.llc.avg_miss_lat = 740.39
stat.node.2.llc.avg_cxl_lat = 740.39
stat.node.2.llc.miss_lat_hist_bin_ns = 10
stat.node.2.llc.miss_lat_hist = [0,0,0,0,0,0,0,0,0,0,0,0,0,0,0,0,0,0,0,0,0,0,0,0,0,0,122,10,6,7,11,13,20,28,15,15,18,2,16,15,2]
stat.node.2.util.dram_avg = 3.23522e-05
stat.node.2.walltime_s = 225.497
stat.node.2.active_time_s = 15.6618
stat.node.4.cpu.0.load_issue_to_complete_count = 299
stat.node.4.cpu.0.avg_load_issue_to_complete_lat = 1068.84
stat.node.4.injector.phase_cycles = 321071
stat.node.4.injector.request_bytes = 39288
stat.node.4.injector.response_bytes = 104960
stat.node.4.injector.aggregate_bytes = 144248
stat.node.4.injector.request_gbps = 2.34942
stat.node.4.injector.response_gbps = 6.27659
stat.node.4.injector.aggregate_gbps = 8.62601
stat.node.4.llc.cxl_miss = 300
stat.node.4.llc.total_miss = 300
stat.node.4.llc.avg_miss_lat = 742.477
stat.node.4.llc.avg_cxl_lat = 742.477
stat.node.4.llc.miss_lat_hist_bin_ns = 10
stat.node.4.llc.miss_lat_hist = [0,0,0,0,0,0,0,0,0,0,0,0,0,0,0,0,0,0,0,0,0,0,0,0,0,0,132,4,1,5,9,13,19,24,12,25,20,4,12,17,2,1]
stat.node.4.util.dram_avg = 3.23511e-05
stat.node.4.walltime_s = 225.506
stat.node.4.active_time_s = 11.5363
stat.node.5.cpu.0.load_issue_to_complete_count = 299
stat.node.5.cpu.0.avg_load_issue_to_complete_lat = 1066.58
stat.node.5.injector.phase_cycles = 320391
stat.node.5.injector.request_bytes = 39200
stat.node.5.injector.response_bytes = 104704
stat.node.5.injector.aggregate_bytes = 143904
stat.node.5.injector.request_gbps = 2.34913
stat.node.5.injector.response_gbps = 6.27457
stat.node.5.injector.aggregate_gbps = 8.6237
stat.node.5.llc.cxl_miss = 300
stat.node.5.llc.total_miss = 300
stat.node.5.llc.avg_miss_lat = 742.13
stat.node.5.llc.avg_cxl_lat = 742.13
stat.node.5.llc.miss_lat_hist_bin_ns = 10
stat.node.5.llc.miss_lat_hist = [0,0,0,0,0,0,0,0,0,0,0,0,0,0,0,0,0,0,0,0,0,0,0,0,0,0,116,13,8,4,9,20,34,18,8,15,10,5,26,12,2]
stat.node.5.util.dram_avg = 3.23509e-05
stat.node.5.walltime_s = 225.49
stat.node.5.active_time_s = 15.5857
stat.node.6.cpu.0.load_issue_to_complete_count = 299
stat.node.6.cpu.0.avg_load_issue_to_complete_lat = 1066.4
stat.node.6.injector.phase_cycles = 320358
stat.node.6.injector.request_bytes = 39192
stat.node.6.injector.response_bytes = 104704
stat.node.6.injector.aggregate_bytes = 143896
stat.node.6.injector.request_gbps = 2.34889
stat.node.6.injector.response_gbps = 6.27522
stat.node.6.injector.aggregate_gbps = 8.62411
stat.node.6.llc.cxl_miss = 300
stat.node.6.llc.total_miss = 300
stat.node.6.llc.avg_miss_lat = 743.557
stat.node.6.llc.avg_cxl_lat = 743.557
stat.node.6.llc.miss_lat_hist_bin_ns = 10
stat.node.6.llc.miss_lat_hist = [0,0,0,0,0,0,0,0,0,0,0,0,0,0,0,0,0,0,0,0,0,0,0,0,0,0,112,17,2,15,23,7,20,17,8,18,16,5,21,14,4,1]
stat.node.6.util.dram_avg = 3.235e-05
stat.node.6.walltime_s = 225.507
stat.node.6.active_time_s = 12.8636
stat.node.0.cpu.0.load_issue_to_complete_count = 299
stat.node.0.cpu.0.avg_load_issue_to_complete_lat = 1065.99
stat.node.0.injector.phase_cycles = 320190
stat.node.0.injector.request_bytes = 39264
stat.node.0.injector.response_bytes = 104640
stat.node.0.injector.aggregate_bytes = 143904
stat.node.0.injector.request_gbps = 2.35444
stat.node.0.injector.response_gbps = 6.27467
stat.node.0.injector.aggregate_gbps = 8.62912
stat.node.0.llc.cxl_miss = 300
stat.node.0.llc.total_miss = 300
stat.node.0.llc.avg_miss_lat = 740.063
stat.node.0.llc.avg_cxl_lat = 740.063
stat.node.0.llc.miss_lat_hist_bin_ns = 10
stat.node.0.llc.miss_lat_hist = [0,0,0,0,0,0,0,0,0,0,0,0,0,0,0,0,0,0,0,0,0,0,0,0,0,0,107,11,11,8,27,29,21,10,9,8,10,21,9,16,3]
stat.node.0.util.dram_avg = 3.23266e-05
stat.node.0.walltime_s = 225.517
stat.node.0.active_time_s = 11.8951
stat.pool.101.util.mem_avg = 0.140155
stat.pool.101.util.req_link_avg = 0.332605
stat.pool.101.walltime_s = 225.517
stat.pool.101.active_time_s = 0.294096
stat.pool.100.util.mem_avg = 0.14016
stat.pool.100.util.req_link_avg = 0.332609
stat.pool.100.walltime_s = 225.517
stat.pool.100.active_time_s = 0.330819
stat.switch.replicated_messages = 15152
stat.switch.util.node_ingress_avg = 0.0513139
stat.switch.util.pool_ingress_avg = 0.621101
stat.switch.bw.host_to_switch_gbps = 2.52243
stat.switch.bw.switch_to_host_gbps = 7.63237
stat.switch.bw.host_link_total_gbps = 10.1548
stat.switch.walltime_s = 225.517
stat.switch.active_time_s = 1.15823
Simulation is complete, simulated time: 309.59 us
