stat.node.5.cpu.0.load_issue_to_complete_count = 299
stat.node.5.cpu.0.avg_load_issue_to_complete_lat = 1323.92
stat.node.5.injector.phase_cycles = 397350
stat.node.5.injector.request_bytes = 29032
stat.node.5.injector.response_bytes = 232256
stat.node.5.injector.aggregate_bytes = 261288
stat.node.5.injector.request_gbps = 1.40283
stat.node.5.injector.response_gbps = 11.2226
stat.node.5.injector.aggregate_gbps = 12.6255
stat.node.5.llc.cxl_miss = 300
stat.node.5.llc.total_miss = 300
stat.node.5.llc.avg_miss_lat = 963.69
stat.node.5.llc.avg_cxl_lat = 963.69
stat.node.5.llc.miss_lat_hist_bin_ns = 10
stat.node.5.llc.miss_lat_hist = [0,0,0,0,0,0,0,0,0,0,0,0,0,0,0,0,0,0,0,0,0,0,0,0,0,0,0,0,0,0,0,0,0,0,0,0,0,0,7,162,74,19,33,5]
stat.node.5.util.dram_avg = 2.52448e-05
stat.node.5.walltime_s = 704.316
stat.node.5.active_time_s = 23.9434
stat.node.6.cpu.0.load_issue_to_complete_count = 299
stat.node.6.cpu.0.avg_load_issue_to_complete_lat = 1324.24
stat.node.6.injector.phase_cycles = 397450
stat.node.6.injector.request_bytes = 29040
stat.node.6.injector.response_bytes = 232320
stat.node.6.injector.aggregate_bytes = 261360
stat.node.6.injector.request_gbps = 1.40286
stat.node.6.injector.response_gbps = 11.2229
stat.node.6.injector.aggregate_gbps = 12.6258
stat.node.6.llc.cxl_miss = 300
stat.node.6.llc.total_miss = 300
stat.node.6.llc.avg_miss_lat = 963.537
stat.node.6.llc.avg_cxl_lat = 963.537
stat.node.6.llc.miss_lat_hist_bin_ns = 10
stat.node.6.llc.miss_lat_hist = [0,0,0,0,0,0,0,0,0,0,0,0,0,0,0,0,0,0,0,0,0,0,0,0,0,0,0,0,0,0,0,0,0,0,0,0,0,0,2,167,62,39,26,4]
stat.node.6.util.dram_avg = 2.52361e-05
stat.node.6.walltime_s = 711.302
stat.node.6.active_time_s = 12.7552
stat.node.7.cpu.0.load_issue_to_complete_count = 299
stat.node.7.cpu.0.avg_load_issue_to_complete_lat = 1323.92
stat.node.7.injector.phase_cycles = 397350
stat.node.7.injector.request_bytes = 29032
stat.node.7.injector.response_bytes = 232256
stat.node.7.injector.aggregate_bytes = 261288
stat.node.7.injector.request_gbps = 1.40283
stat.node.7.injector.response_gbps = 11.2226
stat.node.7.injector.aggregate_gbps = 12.6255
stat.node.7.llc.cxl_miss = 300
stat.node.7.llc.total_miss = 300
stat.node.7.llc.avg_miss_lat = 963.817
stat.node.7.llc.avg_cxl_lat = 963.817
stat.node.7.llc.miss_lat_hist_bin_ns = 10
stat.node.7.llc.miss_lat_hist = [0,0,0,0,0,0,0,0,0,0,0,0,0,0,0,0,0,0,0,0,0,0,0,0,0,0,0,0,0,0,0,0,0,0,0,0,0,0,4,162,70,28,29,7]
stat.node.7.util.dram_avg = 2.52302e-05
stat.node.7.walltime_s = 711.347
stat.node.7.active_time_s = 24.5707
stat.node.0.cpu.0.load_issue_to_complete_count = 299
stat.node.0.cpu.0.avg_load_issue_to_complete_lat = 1324.25
stat.node.0.injector.phase_cycles = 397450
stat.node.0.injector.request_bytes = 29040
stat.node.0.injector.response_bytes = 232320
stat.node.0.injector.aggregate_bytes = 261360
stat.node.0.injector.request_gbps = 1.40286
stat.node.0.injector.response_gbps = 11.2229
stat.node.0.injector.aggregate_gbps = 12.6258
stat.node.0.llc.cxl_miss = 300
stat.node.0.llc.total_miss = 300
stat.node.0.llc.avg_miss_lat = 963.62
stat.node.0.llc.avg_cxl_lat = 963.62
stat.node.0.llc.miss_lat_hist_bin_ns = 10
stat.node.0.llc.miss_lat_hist = [0,0,0,0,0,0,0,0,0,0,0,0,0,0,0,0,0,0,0,0,0,0,0,0,0,0,0,0,0,0,0,0,0,0,0,0,0,0,4,167,65,28,30,6]
stat.node.0.util.dram_avg = 2.52274e-05
stat.node.0.walltime_s = 711.378
stat.node.0.active_time_s = 14.4752
stat.node.1.cpu.0.load_issue_to_complete_count = 299
stat.node.1.cpu.0.avg_load_issue_to_complete_lat = 1323.92
stat.node.1.injector.phase_cycles = 397350
stat.node.1.injector.request_bytes = 29032
stat.node.1.injector.response_bytes = 232256
stat.node.1.injector.aggregate_bytes = 261288
stat.node.1.injector.request_gbps = 1.40283
stat.node.1.injector.response_gbps = 11.2226
stat.node.1.injector.aggregate_gbps = 12.6255
stat.node.1.llc.cxl_miss = 300
stat.node.1.llc.total_miss = 300
stat.node.1.llc.avg_miss_lat = 963.077
stat.node.1.llc.avg_cxl_lat = 963.077
stat.node.1.llc.miss_lat_hist_bin_ns = 10
stat.node.1.llc.miss_lat_hist = [0,0,0,0,0,0,0,0,0,0,0,0,0,0,0,0,0,0,0,0,0,0,0,0,0,0,0,0,0,0,0,0,0,0,0,0,0,0,2,168,71,26,28,5]
stat.node.1.util.dram_avg = 2.52216e-05
stat.node.1.walltime_s = 711.42
stat.node.1.active_time_s = 21.7347
stat.node.2.cpu.0.load_issue_to_complete_count = 299
stat.node.2.cpu.0.avg_load_issue_to_complete_lat = 1324.25
stat.node.2.injector.phase_cycles = 397450
stat.node.2.injector.request_bytes = 29040
stat.node.2.injector.response_bytes = 232320
stat.node.2.injector.aggregate_bytes = 261360
stat.node.2.injector.request_gbps = 1.40286
stat.node.2.injector.response_gbps = 11.2229
stat.node.2.injector.aggregate_gbps = 12.6258
stat.node.2.llc.cxl_miss = 300
stat.node.2.llc.total_miss = 300
stat.node.2.llc.avg_miss_lat = 963.293
stat.node.2.llc.avg_cxl_lat = 963.293
stat.node.2.llc.miss_lat_hist_bin_ns = 10
stat.node.2.llc.miss_lat_hist = [0,0,0,0,0,0,0,0,0,0,0,0,0,0,0,0,0,0,0,0,0,0,0,0,0,0,0,0,0,0,0,0,0,0,0,0,0,0,2,175,60,27,28,8]
stat.node.2.util.dram_avg = 2.52188e-05
stat.node.2.walltime_s = 714.92
stat.node.2.active_time_s = 15.3613
stat.node.3.cpu.0.load_issue_to_complete_count = 299
stat.node.3.cpu.0.avg_load_issue_to_complete_lat = 1323.83
stat.node.3.injector.phase_cycles = 397328
stat.node.3.injector.request_bytes = 29032
stat.node.3.injector.response_bytes = 232256
stat.node.3.injector.aggregate_bytes = 261288
stat.node.3.injector.request_gbps = 1.40291
stat.node.3.injector.response_gbps = 11.2233
stat.node.3.injector.aggregate_gbps = 12.6262
stat.node.3.llc.cxl_miss = 300
stat.node.3.llc.total_miss = 300
stat.node.3.llc.avg_miss_lat = 963.557
stat.node.3.llc.avg_cxl_lat = 963.557
stat.node.3.llc.miss_lat_hist_bin_ns = 10
stat.node.3.llc.miss_lat_hist = [0,0,0,0,0,0,0,0,0,0,0,0,0,0,0,0,0,0,0,0,0,0,0,0,0,0,0,0,0,0,0,0,0,0,0,0,0,0,5,162,71,31,27,4]
stat.node.3.util.dram_avg = 2.52076e-05
stat.node.3.walltime_s = 715.004
stat.node.3.active_time_s = 19.949
stat.node.4.cpu.0.load_issue_to_complete_count = 299
stat.node.4.cpu.0.avg_load_issue_to_complete_lat = 1339.12
stat.node.4.injector.phase_cycles = 401925
stat.node.4.injector.request_bytes = 29368
stat.node.4.injector.response_bytes = 234944
stat.node.4.injector.aggregate_bytes = 264312
stat.node.4.injector.request_gbps = 1.40291
stat.node.4.injector.response_gbps = 11.2233
stat.node.4.injector.aggregate_gbps = 12.6262
stat.node.4.llc.cxl_miss = 300
stat.node.4.llc.total_miss = 300
stat.node.4.llc.avg_miss_lat = 975.98
stat.node.4.llc.avg_cxl_lat = 975.98
stat.node.4.llc.miss_lat_hist_bin_ns = 10
stat.node.4.llc.miss_lat_hist = [0,0,0,0,0,0,0,0,0,0,0,0,0,0,0,0,0,0,0,0,0,0,0,0,0,0,0,0,0,0,0,0,0,0,0,0,0,0,0,106,87,51,34,21,1]
stat.node.4.util.dram_avg = 2.50256e-05
stat.node.4.walltime_s = 729.093
stat.node.4.active_time_s = 15.2189
stat.pool.101.util.mem_avg = 0.159948
stat.pool.101.util.req_link_avg = 0.124976
stat.pool.101.walltime_s = 729.093
stat.pool.101.active_time_s = 1.14503
stat.pool.100.util.mem_avg = 0.15995
stat.pool.100.util.req_link_avg = 0.124977
stat.pool.100.walltime_s = 729.093
stat.pool.100.active_time_s = 1.53912
stat.switch.replicated_messages = 0
stat.switch.util.node_ingress_avg = 0.0312484
stat.switch.util.pool_ingress_avg = 0.999246
stat.switch.bw.host_to_switch_gbps = 1.53615
stat.switch.bw.switch_to_host_gbps = 12.2788
stat.switch.bw.host_link_total_gbps = 13.8149
stat.switch.walltime_s = 729.093
stat.switch.active_time_s = 3.43599
Simulation is complete, simulated time: 399.91 us
