stat.node.5.cpu.0.load_issue_to_complete_count = 2
stat.node.5.cpu.0.avg_load_issue_to_complete_lat = 5190
stat.node.5.injector.phase_cycles = 12091
stat.node.5.injector.request_bytes = 8840
stat.node.5.injector.response_bytes = 1728
stat.node.5.injector.aggregate_bytes = 10568
stat.node.5.injector.request_gbps = 14.0375
stat.node.5.injector.response_gbps = 2.74399
stat.node.5.injector.aggregate_gbps = 16.7815
stat.node.5.llc.cxl_miss = 2
stat.node.5.llc.total_miss = 3
stat.node.5.llc.avg_miss_lat = 1208.67
stat.node.5.llc.avg_cxl_lat = 1774
stat.node.5.llc.miss_lat_hist_bin_ns = 10
stat.node.5.llc.miss_lat_hist = [0,0,0,1,0,0,0,0,0,0,0,0,0,0,0,0,0,0,0,0,0,0,0,0,0,0,0,0,0,0,0,0,0,0,0,0,0,0,0,0,0,0,0,0,0,0,0,0,0,0,0,0,0,0,0,0,0,1,0,0,0,0,0,0,0,0,0,0,0,0,0,0,0,0,0,0,0,0,0,0,0,0,0,0,0,0,0,0,0,0,1]
stat.node.5.util.dram_avg = 0.00198495
stat.node.5.walltime_s = 15.5841
stat.node.5.active_time_s = 0.306331
stat.node.7.cpu.0.load_issue_to_complete_count = 2
stat.node.7.cpu.0.avg_load_issue_to_complete_lat = 5301
stat.node.7.injector.phase_cycles = 12313
stat.node.7.injector.request_bytes = 8976
stat.node.7.injector.response_bytes = 1792
stat.node.7.injector.aggregate_bytes = 10768
stat.node.7.injector.request_gbps = 13.9965
stat.node.7.injector.response_gbps = 2.79431
stat.node.7.injector.aggregate_gbps = 16.7908
stat.node.7.llc.cxl_miss = 2
stat.node.7.llc.total_miss = 3
stat.node.7.llc.avg_miss_lat = 1066.67
stat.node.7.llc.avg_cxl_lat = 1561
stat.node.7.llc.miss_lat_hist_bin_ns = 10
stat.node.7.llc.miss_lat_hist = [0,0,0,1,0,0,0,0,0,0,0,0,0,0,0,0,0,0,0,0,0,0,0,0,0,0,0,0,0,0,0,0,0,0,0,0,0,0,0,0,0,0,0,0,0,0,0,0,0,0,0,0,0,1,0,0,0,0,0,0,0,0,0,0,0,0,0,0,0,0,0,0,0,0,0,0,0,1]
stat.node.7.util.dram_avg = 0.00194916
stat.node.7.walltime_s = 15.6248
stat.node.7.active_time_s = 0.344321
stat.node.6.cpu.0.load_issue_to_complete_count = 2
stat.node.6.cpu.0.avg_load_issue_to_complete_lat = 5466.5
stat.node.6.injector.phase_cycles = 12644
stat.node.6.injector.request_bytes = 9104
stat.node.6.injector.response_bytes = 1856
stat.node.6.injector.aggregate_bytes = 10960
stat.node.6.injector.request_gbps = 13.8245
stat.node.6.injector.response_gbps = 2.81835
stat.node.6.injector.aggregate_gbps = 16.6428
stat.node.6.llc.cxl_miss = 2
stat.node.6.llc.total_miss = 3
stat.node.6.llc.avg_miss_lat = 1311.67
stat.node.6.llc.avg_cxl_lat = 1928.5
stat.node.6.llc.miss_lat_hist_bin_ns = 10
stat.node.6.llc.miss_lat_hist = [0,0,0,1,0,0,0,0,0,0,0,0,0,0,0,0,0,0,0,0,0,0,0,0,0,0,0,0,0,0,0,0,0,0,0,0,0,0,0,0,0,0,0,0,0,0,0,0,0,0,0,0,0,0,0,0,0,0,0,0,0,0,0,0,0,0,0,0,0,0,0,0,0,0,0,1,0,0,0,0,0,0,0,0,0,1]
stat.node.6.util.dram_avg = 0.00189813
stat.node.6.walltime_s = 15.7962
stat.node.6.active_time_s = 0.144429
stat.node.0.cpu.0.load_issue_to_complete_count = 2
stat.node.0.cpu.0.avg_load_issue_to_complete_lat = 5682.5
stat.node.0.injector.phase_cycles = 13076
stat.node.0.injector.request_bytes = 9304
stat.node.0.injector.response_bytes = 1856
stat.node.0.injector.aggregate_bytes = 11160
stat.node.0.injector.request_gbps = 13.6614
stat.node.0.injector.response_gbps = 2.72524
stat.node.0.injector.aggregate_gbps = 16.3867
stat.node.0.llc.cxl_miss = 2
stat.node.0.llc.total_miss = 3
stat.node.0.llc.avg_miss_lat = 1248.67
stat.node.0.llc.avg_cxl_lat = 1834
stat.node.0.llc.miss_lat_hist_bin_ns = 10
stat.node.0.llc.miss_lat_hist = [0,0,0,1,0,0,0,0,0,0,0,0,0,0,0,0,0,0,0,0,0,0,0,0,0,0,0,0,0,0,0,0,0,0,0,0,0,0,0,0,0,0,0,0,0,0,0,0,0,0,0,0,0,0,0,0,0,0,0,0,0,0,0,0,0,1,0,0,0,0,0,0,0,0,0,0,0,0,0,0,0,0,0,0,0,0,0,1]
stat.node.0.util.dram_avg = 0.00183542
stat.node.0.walltime_s = 15.9248
stat.node.0.active_time_s = 0.151097
stat.node.1.cpu.0.load_issue_to_complete_count = 2
stat.node.1.cpu.0.avg_load_issue_to_complete_lat = 5696.5
stat.node.1.injector.phase_cycles = 13104
stat.node.1.injector.request_bytes = 8712
stat.node.1.injector.response_bytes = 1728
stat.node.1.injector.aggregate_bytes = 10440
stat.node.1.injector.request_gbps = 12.7648
stat.node.1.injector.response_gbps = 2.53187
stat.node.1.injector.aggregate_gbps = 15.2967
stat.node.1.llc.cxl_miss = 2
stat.node.1.llc.total_miss = 3
stat.node.1.llc.avg_miss_lat = 1326
stat.node.1.llc.avg_cxl_lat = 1950
stat.node.1.llc.miss_lat_hist_bin_ns = 10
stat.node.1.llc.miss_lat_hist = [0,0,0,1,0,0,0,0,0,0,0,0,0,0,0,0,0,0,0,0,0,0,0,0,0,0,0,0,0,0,0,0,0,0,0,0,0,0,0,0,0,0,0,0,0,0,1,0,0,0,0,0,0,0,0,0,0,0,0,0,0,0,0,0,0,0,0,0,0,0,0,0,0,0,0,0,0,0,0,0,0,0,0,0,0,0,0,0,0,0,0,0,0,0,0,0,0,0,0,0,0,0,0,0,0,0,0,0,0,0,0,0,0,0,0,0,1]
stat.node.1.util.dram_avg = 0.0018315
stat.node.1.walltime_s = 16.0727
stat.node.1.active_time_s = 0.279095
stat.node.4.cpu.0.load_issue_to_complete_count = 2
stat.node.4.cpu.0.avg_load_issue_to_complete_lat = 5748
stat.node.4.injector.phase_cycles = 13207
stat.node.4.injector.request_bytes = 9104
stat.node.4.injector.response_bytes = 1856
stat.node.4.injector.aggregate_bytes = 10960
stat.node.4.injector.request_gbps = 13.2352
stat.node.4.injector.response_gbps = 2.69821
stat.node.4.injector.aggregate_gbps = 15.9334
stat.node.4.llc.cxl_miss = 2
stat.node.4.llc.total_miss = 3
stat.node.4.llc.avg_miss_lat = 1275.67
stat.node.4.llc.avg_cxl_lat = 1874.5
stat.node.4.llc.miss_lat_hist_bin_ns = 10
stat.node.4.llc.miss_lat_hist = [0,0,0,1,0,0,0,0,0,0,0,0,0,0,0,0,0,0,0,0,0,0,0,0,0,0,0,0,0,0,0,0,0,0,0,0,0,0,0,0,0,0,0,0,0,0,0,0,0,0,0,0,0,0,0,0,0,0,0,0,0,0,0,0,0,1,0,0,0,0,0,0,0,0,0,0,0,0,0,0,0,0,0,0,0,0,0,0,0,0,1]
stat.node.4.util.dram_avg = 0.00181722
stat.node.4.walltime_s = 16.0753
stat.node.4.active_time_s = 0.152331
stat.node.3.cpu.0.load_issue_to_complete_count = 3
stat.node.3.cpu.0.avg_load_issue_to_complete_lat = 5250.33
stat.node.3.injector.phase_cycles = 17463
stat.node.3.injector.request_bytes = 11880
stat.node.3.injector.response_bytes = 2560
stat.node.3.injector.aggregate_bytes = 14440
stat.node.3.injector.request_gbps = 13.0617
stat.node.3.injector.response_gbps = 2.81464
stat.node.3.injector.aggregate_gbps = 15.8763
stat.node.3.llc.cxl_miss = 3
stat.node.3.llc.total_miss = 4
stat.node.3.llc.avg_miss_lat = 1222
stat.node.3.llc.avg_cxl_lat = 1603.33
stat.node.3.llc.miss_lat_hist_bin_ns = 10
stat.node.3.llc.miss_lat_hist = [0,0,0,1,0,0,0,0,0,0,0,0,0,0,0,0,0,0,0,0,0,0,0,0,0,0,0,0,0,0,0,0,0,0,0,0,0,0,0,0,0,0,0,0,0,1,0,0,0,0,0,0,0,0,0,0,1,0,0,0,0,0,0,0,0,0,0,0,0,0,0,0,0,0,0,0,0,0,0,0,0,0,0,0,0,0,0,0,0,0,0,0,0,0,0,0,0,0,1]
stat.node.3.util.dram_avg = 0.00137433
stat.node.3.walltime_s = 18.0129
stat.node.3.active_time_s = 0.668023
stat.node.2.cpu.0.load_issue_to_complete_count = 7
stat.node.2.cpu.0.avg_load_issue_to_complete_lat = 5206.86
stat.node.2.injector.phase_cycles = 38164
stat.node.2.injector.request_bytes = 25536
stat.node.2.injector.response_bytes = 5760
stat.node.2.injector.aggregate_bytes = 31296
stat.node.2.injector.request_gbps = 12.847
stat.node.2.injector.response_gbps = 2.89781
stat.node.2.injector.aggregate_gbps = 15.7448
stat.node.2.llc.cxl_miss = 7
stat.node.2.llc.total_miss = 8
stat.node.2.llc.avg_miss_lat = 1784.62
stat.node.2.llc.avg_cxl_lat = 2028.43
stat.node.2.llc.miss_lat_hist_bin_ns = 10
stat.node.2.llc.miss_lat_hist = [0,0,0,1,0,0,0,0,0,0,0,0,0,0,0,0,0,0,0,0,0,0,0,0,0,0,0,0,0,0,0,0,0,0,0,0,0,0,0,0,0,0,0,0,0,0,0,0,1,1,0,0,0,0,0,0,0,0,0,0,0,0,0,0,0,0,0,0,0,0,0,0,0,0,0,0,0,0,0,0,0,0,0,0,0,0,0,0,0,0,1,0,2,0,0,0,0,0,0,0,0,0,0,0,0,0,1,0,0,0,0,0,0,1]
stat.node.2.util.dram_avg = 0.000628865
stat.node.2.walltime_s = 90.2685
stat.node.2.active_time_s = 0.640676
stat.pool.101.util.mem_avg = 0.18668
stat.pool.101.util.req_link_avg = 0.990295
stat.pool.101.walltime_s = 90.436
stat.pool.101.active_time_s = 0.0184052
stat.pool.100.util.mem_avg = 0.207466
stat.pool.100.util.req_link_avg = 0.990079
stat.pool.100.walltime_s = 90.4362
stat.pool.100.active_time_s = 0.0458023
stat.switch.replicated_messages = 0
stat.switch.util.node_ingress_avg = 0.254425
stat.switch.util.pool_ingress_avg = 0.279349
stat.switch.bw.host_to_switch_gbps = 12.5511
stat.switch.bw.switch_to_host_gbps = 3.4331
stat.switch.bw.host_link_total_gbps = 15.9842
stat.switch.walltime_s = 90.4362
stat.switch.active_time_s = 0.128506
Simulation is complete, simulated time: 15.9144 us
