stat.node.0.cpu.0.retired = 660
stat.node.0.cpu.0.cycles = 1000000
stat.node.1.cpu.0.retired = 658
stat.node.1.cpu.0.cycles = 1000000
stat.node.2.cpu.0.retired = 657
stat.node.2.cpu.0.cycles = 1000000
stat.node.3.cpu.0.retired = 664
stat.node.3.cpu.0.cycles = 1000000
stat.node.4.cpu.0.retired = 669
stat.node.4.cpu.0.cycles = 1000000
stat.node.5.cpu.0.retired = 668
stat.node.5.cpu.0.cycles = 1000000
stat.node.6.cpu.0.retired = 663
stat.node.6.cpu.0.cycles = 1000000
stat.node.7.cpu.0.retired = 661
stat.node.7.cpu.0.cycles = 1000000
stat.node.6.cpu.0.retired = 1573
stat.node.6.cpu.0.cycles = 2000000
stat.node.7.cpu.0.retired = 1569
stat.node.7.cpu.0.cycles = 2000000
stat.node.0.cpu.0.retired = 1566
stat.node.0.cpu.0.cycles = 2000000
stat.node.1.cpu.0.retired = 1565
stat.node.1.cpu.0.cycles = 2000000
stat.node.2.cpu.0.retired = 1564
stat.node.2.cpu.0.cycles = 2000000
stat.node.3.cpu.0.retired = 1571
stat.node.3.cpu.0.cycles = 2000000
stat.node.4.cpu.0.retired = 1577
stat.node.4.cpu.0.cycles = 2000000
stat.node.5.cpu.0.retired = 1576
stat.node.5.cpu.0.cycles = 2000000
stat.node.5.cpu.0.retired = 2540
stat.node.5.cpu.0.cycles = 3000000
stat.node.7.cpu.0.retired = 2531
stat.node.7.cpu.0.cycles = 3000000
stat.node.0.cpu.0.retired = 2532
stat.node.0.cpu.0.cycles = 3000000
stat.node.1.cpu.0.retired = 2530
stat.node.1.cpu.0.cycles = 3000000
stat.node.2.cpu.0.retired = 2529
stat.node.2.cpu.0.cycles = 3000000
stat.node.3.cpu.0.retired = 2536
stat.node.3.cpu.0.cycles = 3000000
stat.node.4.cpu.0.retired = 2541
stat.node.6.cpu.0.retired = 2539
stat.node.6.cpu.0.cycles = 3000000
stat.node.4.cpu.0.cycles = 3000000
stat.node.7.cpu.0.retired = 3529
stat.node.7.cpu.0.cycles = 4000000
stat.node.0.cpu.0.retired = 3526
stat.node.0.cpu.0.cycles = 4000000
stat.node.1.cpu.0.retired = 3530
stat.node.1.cpu.0.cycles = 4000000
stat.node.2.cpu.0.retired = 3530
stat.node.2.cpu.0.cycles = 4000000
stat.node.3.cpu.0.retired = 3532
stat.node.3.cpu.0.cycles = 4000000
stat.node.6.cpu.0.retired = 3534
stat.node.6.cpu.0.cycles = 4000000
stat.node.4.cpu.0.retired = 3536
stat.node.5.cpu.0.retired = 3535
stat.node.5.cpu.0.cycles = 4000000
stat.node.4.cpu.0.cycles = 4000000
stat.node.3.cpu.0.retired = 4549
stat.node.3.cpu.0.cycles = 5000000
stat.node.4.cpu.0.retired = 4550
stat.node.4.cpu.0.cycles = 5000000
stat.node.5.cpu.0.retired = 4546
stat.node.5.cpu.0.cycles = 5000000
stat.node.6.cpu.0.retired = 4545
stat.node.6.cpu.0.cycles = 5000000
stat.node.7.cpu.0.retired = 4545
stat.node.7.cpu.0.cycles = 5000000
stat.node.0.cpu.0.retired = 4539
stat.node.1.cpu.0.retired = 4552
stat.node.1.cpu.0.cycles = 5000000
stat.node.2.cpu.0.retired = 4549
stat.node.2.cpu.0.cycles = 5000000
stat.node.0.cpu.0.cycles = 5000000
stat.node.1.cpu.0.load_issue_to_complete_count = 3999
stat.node.1.cpu.0.avg_load_issue_to_complete_lat = 1010.06
stat.node.1.injector.phase_cycles = 4044343
stat.node.1.injector.request_bytes = 671136
stat.node.1.injector.response_bytes = 1789632
stat.node.1.injector.aggregate_bytes = 2460768
stat.node.1.injector.request_gbps = 3.18613
stat.node.1.injector.response_gbps = 8.49605
stat.node.1.injector.aggregate_gbps = 11.6822
stat.node.1.llc.cxl_miss = 4000
stat.node.1.llc.total_miss = 4000
stat.node.1.llc.avg_miss_lat = 901.586
stat.node.1.llc.avg_cxl_lat = 901.586
stat.node.1.llc.miss_lat_hist_bin_ns = 10
stat.node.1.llc.miss_lat_hist = [0,0,0,0,0,0,0,0,0,0,0,0,0,0,0,0,0,0,0,0,0,0,0,0,0,0,0,0,106,170,69,270,116,85,132,228,302,515,228,380,709,331,244,85,24,5,1]
stat.node.1.util.dram_avg = 4.41464e-06
stat.node.1.walltime_s = 2169.86
stat.node.1.active_time_s = 99.6628
stat.node.2.cpu.0.load_issue_to_complete_count = 3999
stat.node.2.cpu.0.avg_load_issue_to_complete_lat = 1011.41
stat.node.2.injector.phase_cycles = 4049874
stat.node.2.injector.request_bytes = 672096
stat.node.2.injector.response_bytes = 1792064
stat.node.2.injector.aggregate_bytes = 2464160
stat.node.2.injector.request_gbps = 3.18633
stat.node.2.injector.response_gbps = 8.49598
stat.node.2.injector.aggregate_gbps = 11.6823
stat.node.2.llc.cxl_miss = 4000
stat.node.2.llc.total_miss = 4000
stat.node.2.llc.avg_miss_lat = 902.955
stat.node.2.llc.avg_cxl_lat = 902.955
stat.node.2.llc.miss_lat_hist_bin_ns = 10
stat.node.2.llc.miss_lat_hist = [0,0,0,0,0,0,0,0,0,0,0,0,0,0,0,0,0,0,0,0,0,0,0,0,0,0,0,5,61,124,65,122,87,412,139,161,283,554,214,475,765,279,159,68,19,8]
stat.node.2.util.dram_avg = 4.41142e-06
stat.node.2.walltime_s = 2170.6
stat.node.2.active_time_s = 94.4241
stat.node.3.cpu.0.load_issue_to_complete_count = 3999
stat.node.3.cpu.0.avg_load_issue_to_complete_lat = 1013.33
stat.node.3.injector.phase_cycles = 4057528
stat.node.3.injector.request_bytes = 673344
stat.node.3.injector.response_bytes = 1795456
stat.node.3.injector.aggregate_bytes = 2468800
stat.node.3.injector.request_gbps = 3.18623
stat.node.3.injector.response_gbps = 8.496
stat.node.3.injector.aggregate_gbps = 11.6822
stat.node.3.llc.cxl_miss = 4000
stat.node.3.llc.total_miss = 4000
stat.node.3.llc.avg_miss_lat = 904.759
stat.node.3.llc.avg_cxl_lat = 904.759
stat.node.3.llc.miss_lat_hist_bin_ns = 10
stat.node.3.llc.miss_lat_hist = [0,0,0,0,0,0,0,0,0,0,0,0,0,0,0,0,0,0,0,0,0,0,0,0,0,0,0,1,18,182,51,338,160,98,123,170,251,577,173,279,900,387,202,71,17,2]
stat.node.3.util.dram_avg = 4.41135e-06
stat.node.3.walltime_s = 2170.65
stat.node.3.active_time_s = 96.1258
stat.node.4.cpu.0.load_issue_to_complete_count = 3999
stat.node.4.cpu.0.avg_load_issue_to_complete_lat = 1015.18
stat.node.4.injector.phase_cycles = 4064866
stat.node.4.injector.request_bytes = 674576
stat.node.4.injector.response_bytes = 1798784
stat.node.4.injector.aggregate_bytes = 2473360
stat.node.4.injector.request_gbps = 3.18629
stat.node.4.injector.response_gbps = 8.49638
stat.node.4.injector.aggregate_gbps = 11.6827
stat.node.4.llc.cxl_miss = 4000
stat.node.4.llc.total_miss = 4000
stat.node.4.llc.avg_miss_lat = 906.756
stat.node.4.llc.avg_cxl_lat = 906.756
stat.node.4.llc.miss_lat_hist_bin_ns = 10
stat.node.4.llc.miss_lat_hist = [0,0,0,0,0,0,0,0,0,0,0,0,0,0,0,0,0,0,0,0,0,0,0,0,0,0,0,7,81,116,70,66,66,306,200,219,302,580,208,404,713,330,222,88,20,2]
stat.node.4.util.dram_avg = 4.41014e-06
stat.node.4.walltime_s = 2170.84
stat.node.4.active_time_s = 108.54
stat.node.5.cpu.0.load_issue_to_complete_count = 3999
stat.node.5.cpu.0.avg_load_issue_to_complete_lat = 1014.88
stat.node.5.injector.phase_cycles = 4063762
stat.node.5.injector.request_bytes = 674400
stat.node.5.injector.response_bytes = 1798272
stat.node.5.injector.aggregate_bytes = 2472672
stat.node.5.injector.request_gbps = 3.18633
stat.node.5.injector.response_gbps = 8.49627
stat.node.5.injector.aggregate_gbps = 11.6826
stat.node.5.llc.cxl_miss = 4000
stat.node.5.llc.total_miss = 4000
stat.node.5.llc.avg_miss_lat = 906.348
stat.node.5.llc.avg_cxl_lat = 906.348
stat.node.5.llc.miss_lat_hist_bin_ns = 10
stat.node.5.llc.miss_lat_hist = [0,0,0,0,0,0,0,0,0,0,0,0,0,0,0,0,0,0,0,0,0,0,0,0,0,0,0,1,10,19,46,372,345,159,65,166,234,546,171,337,817,408,210,75,16,3]
stat.node.5.util.dram_avg = 4.41005e-06
stat.node.5.walltime_s = 2170.86
stat.node.5.active_time_s = 100.35
stat.node.6.cpu.0.load_issue_to_complete_count = 3999
stat.node.6.cpu.0.avg_load_issue_to_complete_lat = 1014.59
stat.node.6.injector.phase_cycles = 4062555
stat.node.6.injector.request_bytes = 674200
stat.node.6.injector.response_bytes = 1797696
stat.node.6.injector.aggregate_bytes = 2471896
stat.node.6.injector.request_gbps = 3.18633
stat.node.6.injector.response_gbps = 8.49607
stat.node.6.injector.aggregate_gbps = 11.6824
stat.node.6.llc.cxl_miss = 4000
stat.node.6.llc.total_miss = 4000
stat.node.6.llc.avg_miss_lat = 906.031
stat.node.6.llc.avg_cxl_lat = 906.031
stat.node.6.llc.miss_lat_hist_bin_ns = 10
stat.node.6.llc.miss_lat_hist = [0,0,0,0,0,0,0,0,0,0,0,0,0,0,0,0,0,0,0,0,0,0,0,0,0,0,0,1,9,53,262,331,115,122,136,125,201,608,171,347,770,314,216,181,34,4]
stat.node.6.util.dram_avg = 4.40728e-06
stat.node.6.walltime_s = 2175.5
stat.node.6.active_time_s = 96.4674
stat.node.7.cpu.0.load_issue_to_complete_count = 3999
stat.node.7.cpu.0.avg_load_issue_to_complete_lat = 1014.17
stat.node.7.injector.phase_cycles = 4060920
stat.node.7.injector.request_bytes = 673920
stat.node.7.injector.response_bytes = 1796992
stat.node.7.injector.aggregate_bytes = 2470912
stat.node.7.injector.request_gbps = 3.18629
stat.node.7.injector.response_gbps = 8.49617
stat.node.7.injector.aggregate_gbps = 11.6825
stat.node.7.llc.cxl_miss = 4000
stat.node.7.llc.total_miss = 4000
stat.node.7.llc.avg_miss_lat = 905.658
stat.node.7.llc.avg_cxl_lat = 905.658
stat.node.7.llc.miss_lat_hist_bin_ns = 10
stat.node.7.llc.miss_lat_hist = [0,0,0,0,0,0,0,0,0,0,0,0,0,0,0,0,0,0,0,0,0,0,0,0,0,0,0,5,65,58,45,134,430,181,135,69,222,603,169,359,968,303,147,90,16,1]
stat.node.7.util.dram_avg = 4.40675e-06
stat.node.7.walltime_s = 2175.56
stat.node.7.active_time_s = 86.5739
stat.node.0.cpu.0.load_issue_to_complete_count = 3999
stat.node.0.cpu.0.avg_load_issue_to_complete_lat = 1015.28
stat.node.0.injector.phase_cycles = 4065373
stat.node.0.injector.request_bytes = 674616
stat.node.0.injector.response_bytes = 1798976
stat.node.0.injector.aggregate_bytes = 2473592
stat.node.0.injector.request_gbps = 3.18609
stat.node.0.injector.response_gbps = 8.49623
stat.node.0.injector.aggregate_gbps = 11.6823
stat.node.0.llc.cxl_miss = 4000
stat.node.0.llc.total_miss = 4000
stat.node.0.llc.avg_miss_lat = 906.718
stat.node.0.llc.avg_cxl_lat = 906.718
stat.node.0.llc.miss_lat_hist_bin_ns = 10
stat.node.0.llc.miss_lat_hist = [0,0,0,0,0,0,0,0,0,0,0,0,0,0,0,0,0,0,0,0,0,0,0,0,0,0,0,0,14,25,52,607,135,111,93,144,189,578,151,364,720,372,316,115,13,1]
stat.node.0.util.dram_avg = 4.40212e-06
stat.node.0.walltime_s = 2186.63
stat.node.0.active_time_s = 86.5383
stat.pool.101.util.mem_avg = 0.181385
stat.pool.101.util.req_link_avg = 0.444177
stat.pool.101.walltime_s = 2186.68
stat.pool.101.active_time_s = 2.8926
stat.pool.100.util.mem_avg = 0.181385
stat.pool.100.util.req_link_avg = 0.444177
stat.pool.100.walltime_s = 2186.68
stat.pool.100.active_time_s = 3.00141
stat.switch.replicated_messages = 150784
stat.switch.util.node_ingress_avg = 0.0678382
stat.switch.util.pool_ingress_avg = 0.787928
stat.switch.bw.host_to_switch_gbps = 3.33452
stat.switch.bw.switch_to_host_gbps = 9.68206
stat.switch.bw.host_link_total_gbps = 13.0166
stat.switch.walltime_s = 2186.68
stat.switch.active_time_s = 10.7712
Simulation is complete, simulated time: 2.27345 ms
