stat.node.1.cpu.0.load_issue_to_complete_count = 299
stat.node.1.cpu.0.avg_load_issue_to_complete_lat = 1235.16
stat.node.1.injector.phase_cycles = 370696
stat.node.1.injector.request_bytes = 206416
stat.node.1.injector.response_bytes = 183552
stat.node.1.injector.aggregate_bytes = 389968
stat.node.1.injector.request_gbps = 10.6912
stat.node.1.injector.response_gbps = 9.50698
stat.node.1.injector.aggregate_gbps = 20.1982
stat.node.1.llc.cxl_miss = 300
stat.node.1.llc.total_miss = 300
stat.node.1.llc.avg_miss_lat = 888.983
stat.node.1.llc.avg_cxl_lat = 888.983
stat.node.1.llc.miss_lat_hist_bin_ns = 10
stat.node.1.llc.miss_lat_hist = [0,0,0,0,0,0,0,0,0,0,0,0,0,0,0,0,0,0,0,0,0,0,0,0,0,0,0,0,0,0,2,3,8,21,42,41,43,36,36,22,18,11,7,7,2,1]
stat.node.1.util.dram_avg = 2.72751e-05
stat.node.1.walltime_s = 1154.08
stat.node.1.active_time_s = 24.8747
stat.node.3.cpu.0.load_issue_to_complete_count = 299
stat.node.3.cpu.0.avg_load_issue_to_complete_lat = 1240.16
stat.node.3.injector.phase_cycles = 372306
stat.node.3.injector.request_bytes = 207352
stat.node.3.injector.response_bytes = 184256
stat.node.3.injector.aggregate_bytes = 391608
stat.node.3.injector.request_gbps = 10.6932
stat.node.3.injector.response_gbps = 9.50217
stat.node.3.injector.aggregate_gbps = 20.1954
stat.node.3.llc.cxl_miss = 300
stat.node.3.llc.total_miss = 300
stat.node.3.llc.avg_miss_lat = 894.037
stat.node.3.llc.avg_cxl_lat = 894.037
stat.node.3.llc.miss_lat_hist_bin_ns = 10
stat.node.3.llc.miss_lat_hist = [0,0,0,0,0,0,0,0,0,0,0,0,0,0,0,0,0,0,0,0,0,0,0,0,0,0,0,0,0,0,0,4,2,14,31,51,57,36,35,24,18,12,11,2,2,0,1]
stat.node.3.util.dram_avg = 2.71949e-05
stat.node.3.walltime_s = 1156.28
stat.node.3.active_time_s = 25.8193
stat.node.6.cpu.0.load_issue_to_complete_count = 299
stat.node.6.cpu.0.avg_load_issue_to_complete_lat = 1240.5
stat.node.6.injector.phase_cycles = 372345
stat.node.6.injector.request_bytes = 207288
stat.node.6.injector.response_bytes = 184320
stat.node.6.injector.aggregate_bytes = 391608
stat.node.6.injector.request_gbps = 10.6888
stat.node.6.injector.response_gbps = 9.50448
stat.node.6.injector.aggregate_gbps = 20.1933
stat.node.6.llc.cxl_miss = 300
stat.node.6.llc.total_miss = 300
stat.node.6.llc.avg_miss_lat = 891.023
stat.node.6.llc.avg_cxl_lat = 891.023
stat.node.6.llc.miss_lat_hist_bin_ns = 10
stat.node.6.llc.miss_lat_hist = [0,0,0,0,0,0,0,0,0,0,0,0,0,0,0,0,0,0,0,0,0,0,0,0,0,0,0,0,0,0,1,3,6,17,39,39,47,46,29,33,17,11,7,3,1,1]
stat.node.6.util.dram_avg = 2.71558e-05
stat.node.6.walltime_s = 1161.51
stat.node.6.active_time_s = 13.6984
stat.node.7.cpu.0.load_issue_to_complete_count = 299
stat.node.7.cpu.0.avg_load_issue_to_complete_lat = 1242.51
stat.node.7.injector.phase_cycles = 372835
stat.node.7.injector.request_bytes = 207648
stat.node.7.injector.response_bytes = 184576
stat.node.7.injector.aggregate_bytes = 392224
stat.node.7.injector.request_gbps = 10.6933
stat.node.7.injector.response_gbps = 9.50517
stat.node.7.injector.aggregate_gbps = 20.1985
stat.node.7.llc.cxl_miss = 300
stat.node.7.llc.total_miss = 300
stat.node.7.llc.avg_miss_lat = 894.25
stat.node.7.llc.avg_cxl_lat = 894.25
stat.node.7.llc.miss_lat_hist_bin_ns = 10
stat.node.7.llc.miss_lat_hist = [0,0,0,0,0,0,0,0,0,0,0,0,0,0,0,0,0,0,0,0,0,0,0,0,0,0,0,0,0,0,1,2,14,18,27,33,47,49,42,21,13,15,6,7,5]
stat.node.7.util.dram_avg = 2.71145e-05
stat.node.7.walltime_s = 1165.31
stat.node.7.active_time_s = 23.4267
stat.node.4.cpu.0.load_issue_to_complete_count = 299
stat.node.4.cpu.0.avg_load_issue_to_complete_lat = 1238.92
stat.node.4.injector.phase_cycles = 371919
stat.node.4.injector.request_bytes = 207072
stat.node.4.injector.response_bytes = 184128
stat.node.4.injector.aggregate_bytes = 391200
stat.node.4.injector.request_gbps = 10.6899
stat.node.4.injector.response_gbps = 9.50545
stat.node.4.injector.aggregate_gbps = 20.1954
stat.node.4.llc.cxl_miss = 300
stat.node.4.llc.total_miss = 300
stat.node.4.llc.avg_miss_lat = 893.3
stat.node.4.llc.avg_cxl_lat = 893.3
stat.node.4.llc.miss_lat_hist_bin_ns = 10
stat.node.4.llc.miss_lat_hist = [0,0,0,0,0,0,0,0,0,0,0,0,0,0,0,0,0,0,0,0,0,0,0,0,0,0,0,0,0,1,0,5,7,19,33,39,44,42,32,29,20,11,9,5,4]
stat.node.4.util.dram_avg = 2.70622e-05
stat.node.4.walltime_s = 1168.24
stat.node.4.active_time_s = 11.9563
stat.node.5.cpu.0.load_issue_to_complete_count = 299
stat.node.5.cpu.0.avg_load_issue_to_complete_lat = 1240.7
stat.node.5.injector.phase_cycles = 372639
stat.node.5.injector.request_bytes = 207504
stat.node.5.injector.response_bytes = 184576
stat.node.5.injector.aggregate_bytes = 392080
stat.node.5.injector.request_gbps = 10.6915
stat.node.5.injector.response_gbps = 9.51017
stat.node.5.injector.aggregate_gbps = 20.2017
stat.node.5.llc.cxl_miss = 300
stat.node.5.llc.total_miss = 300
stat.node.5.llc.avg_miss_lat = 892.233
stat.node.5.llc.avg_cxl_lat = 892.233
stat.node.5.llc.miss_lat_hist_bin_ns = 10
stat.node.5.llc.miss_lat_hist = [0,0,0,0,0,0,0,0,0,0,0,0,0,0,0,0,0,0,0,0,0,0,0,0,0,0,0,0,0,0,1,3,8,20,32,43,49,40,33,31,14,8,10,2,3,0,2,1]
stat.node.5.util.dram_avg = 2.70498e-05
stat.node.5.walltime_s = 1168.28
stat.node.5.active_time_s = 25.6011
stat.node.2.cpu.0.load_issue_to_complete_count = 299
stat.node.2.cpu.0.avg_load_issue_to_complete_lat = 1237.23
stat.node.2.injector.phase_cycles = 371325
stat.node.2.injector.request_bytes = 206784
stat.node.2.injector.response_bytes = 183808
stat.node.2.injector.aggregate_bytes = 390592
stat.node.2.injector.request_gbps = 10.6921
stat.node.2.injector.response_gbps = 9.50411
stat.node.2.injector.aggregate_gbps = 20.1962
stat.node.2.llc.cxl_miss = 300
stat.node.2.llc.total_miss = 300
stat.node.2.llc.avg_miss_lat = 890.91
stat.node.2.llc.avg_cxl_lat = 890.91
stat.node.2.llc.miss_lat_hist_bin_ns = 10
stat.node.2.llc.miss_lat_hist = [0,0,0,0,0,0,0,0,0,0,0,0,0,0,0,0,0,0,0,0,0,0,0,0,0,0,0,0,0,0,1,5,12,22,32,42,35,42,38,23,19,9,9,8,3]
stat.node.2.util.dram_avg = 2.70073e-05
stat.node.2.walltime_s = 1168.99
stat.node.2.active_time_s = 12.6507
stat.node.0.cpu.0.load_issue_to_complete_count = 299
stat.node.0.cpu.0.avg_load_issue_to_complete_lat = 1244.45
stat.node.0.injector.phase_cycles = 373502
stat.node.0.injector.request_bytes = 207936
stat.node.0.injector.response_bytes = 184832
stat.node.0.injector.aggregate_bytes = 392768
stat.node.0.injector.request_gbps = 10.689
stat.node.0.injector.response_gbps = 9.50135
stat.node.0.injector.aggregate_gbps = 20.1904
stat.node.0.llc.cxl_miss = 300
stat.node.0.llc.total_miss = 300
stat.node.0.llc.avg_miss_lat = 896.287
stat.node.0.llc.avg_cxl_lat = 896.287
stat.node.0.llc.miss_lat_hist_bin_ns = 10
stat.node.0.llc.miss_lat_hist = [0,0,0,0,0,0,0,0,0,0,0,0,0,0,0,0,0,0,0,0,0,0,0,0,0,0,0,0,0,0,0,1,6,13,39,41,50,38,31,26,29,14,7,2,3]
stat.node.0.util.dram_avg = 2.69711e-05
stat.node.0.walltime_s = 1170
stat.node.0.active_time_s = 15.0284
stat.pool.101.util.mem_avg = 0.262243
stat.pool.101.util.req_link_avg = 0.882425
stat.pool.101.walltime_s = 1170.12
stat.pool.101.active_time_s = 1.10567
stat.pool.100.util.mem_avg = 0.262257
stat.pool.100.util.req_link_avg = 0.880053
stat.pool.100.walltime_s = 1170.12
stat.pool.100.active_time_s = 0.91703
stat.switch.replicated_messages = 0
stat.switch.util.node_ingress_avg = 0.220375
stat.switch.util.pool_ingress_avg = 0.865984
stat.switch.bw.host_to_switch_gbps = 10.8334
stat.switch.bw.switch_to_host_gbps = 10.6408
stat.switch.bw.host_link_total_gbps = 21.4742
stat.switch.walltime_s = 1170.12
stat.switch.active_time_s = 3.33366
Simulation is complete, simulated time: 371.063 us
