stat.node.5.cpu.0.retired = 691
stat.node.5.cpu.0.cycles = 1000000
stat.node.6.cpu.0.retired = 689
stat.node.6.cpu.0.cycles = 1000000
stat.node.7.cpu.0.retired = 688
stat.node.7.cpu.0.cycles = 1000000
stat.node.0.cpu.0.retired = 684
stat.node.0.cpu.0.cycles = 1000000
stat.node.1.cpu.0.retired = 689
stat.node.1.cpu.0.cycles = 1000000
stat.node.2.cpu.0.retired = 672
stat.node.2.cpu.0.cycles = 1000000
stat.node.3.cpu.0.retired = 689
stat.node.3.cpu.0.cycles = 1000000
stat.node.4.cpu.0.retired = 668
stat.node.4.cpu.0.cycles = 1000000
stat.node.5.cpu.0.retired = 1565
stat.node.5.cpu.0.cycles = 2000000
stat.node.6.cpu.0.retired = 1563
stat.node.6.cpu.0.cycles = 2000000
stat.node.4.cpu.0.retired = 1514
stat.node.4.cpu.0.cycles = 2000000
stat.node.7.cpu.0.retired = 1561
stat.node.7.cpu.0.cycles = 2000000
stat.node.0.cpu.0.retired = 1559
stat.node.0.cpu.0.cycles = 2000000
stat.node.1.cpu.0.retired = 1561
stat.node.1.cpu.0.cycles = 2000000
stat.node.2.cpu.0.retired = 1519
stat.node.2.cpu.0.cycles = 2000000
stat.node.3.cpu.0.retired = 1563
stat.node.3.cpu.0.cycles = 2000000
stat.node.2.cpu.0.retired = 2385
stat.node.2.cpu.0.cycles = 3000000
stat.node.6.cpu.0.retired = 2428
stat.node.6.cpu.0.cycles = 3000000
stat.node.5.cpu.0.retired = 2430
stat.node.5.cpu.0.cycles = 3000000
stat.node.3.cpu.0.retired = 2426
stat.node.3.cpu.0.cycles = 3000000
stat.node.4.cpu.0.retired = 2382
stat.node.4.cpu.0.cycles = 3000000
stat.node.7.cpu.0.retired = 2426
stat.node.7.cpu.0.cycles = 3000000
stat.node.0.cpu.0.retired = 2424
stat.node.0.cpu.0.cycles = 3000000
stat.node.1.cpu.0.retired = 2427
stat.node.1.cpu.0.cycles = 3000000
stat.node.3.cpu.0.retired = 3303
stat.node.3.cpu.0.cycles = 4000000
stat.node.4.cpu.0.retired = 3265
stat.node.4.cpu.0.cycles = 4000000
stat.node.7.cpu.0.retired = 3303
stat.node.7.cpu.0.cycles = 4000000
stat.node.0.cpu.0.retired = 3301
stat.node.0.cpu.0.cycles = 4000000
stat.node.5.cpu.0.retired = 3309
stat.node.5.cpu.0.cycles = 4000000
stat.node.2.cpu.0.retired = 3266
stat.node.2.cpu.0.cycles = 4000000
stat.node.6.cpu.0.retired = 3306
stat.node.6.cpu.0.cycles = 4000000
stat.node.1.cpu.0.retired = 3307
stat.node.1.cpu.0.cycles = 4000000
stat.node.6.cpu.0.retired = 4195
stat.node.6.cpu.0.cycles = 5000000
stat.node.3.cpu.0.retired = 4194
stat.node.3.cpu.0.cycles = 5000000
stat.node.4.cpu.0.retired = 4157
stat.node.4.cpu.0.cycles = 5000000
stat.node.7.cpu.0.retired = 4186
stat.node.7.cpu.0.cycles = 5000000
stat.node.0.cpu.0.retired = 4186
stat.node.0.cpu.0.cycles = 5000000
stat.node.5.cpu.0.retired = 4193
stat.node.5.cpu.0.cycles = 5000000
stat.node.2.cpu.0.retired = 4156
stat.node.2.cpu.0.cycles = 5000000
stat.node.1.cpu.0.retired = 4197
stat.node.1.cpu.0.cycles = 5000000
stat.node.1.cpu.0.load_issue_to_complete_count = 3999
stat.node.1.cpu.0.avg_load_issue_to_complete_lat = 1134.26
stat.node.1.injector.phase_cycles = 4541167
stat.node.1.injector.request_bytes = 1472840
stat.node.1.injector.response_bytes = 599104
stat.node.1.injector.aggregate_bytes = 2071944
stat.node.1.injector.request_gbps = 6.22715
stat.node.1.injector.response_gbps = 2.533
stat.node.1.injector.aggregate_gbps = 8.76015
stat.node.1.llc.cxl_miss = 4000
stat.node.1.llc.total_miss = 4000
stat.node.1.llc.avg_miss_lat = 1025.4
stat.node.1.llc.avg_cxl_lat = 1025.4
stat.node.1.llc.miss_lat_hist_bin_ns = 10
stat.node.1.llc.miss_lat_hist = [0,0,0,0,0,0,0,0,0,0,0,0,0,0,0,0,0,0,0,0,0,0,0,0,0,0,0,0,0,0,0,0,0,0,2,25,25,25,29,81,376,974,1008,709,307,121,67,73,55,78,35,7,2,1]
stat.node.1.util.dram_avg = 4.06965e-06
stat.node.1.walltime_s = 71.2494
stat.node.1.active_time_s = 36.9057
stat.node.3.cpu.0.load_issue_to_complete_count = 3999
stat.node.3.cpu.0.avg_load_issue_to_complete_lat = 1135.28
stat.node.3.injector.phase_cycles = 4545107
stat.node.3.injector.request_bytes = 1474120
stat.node.3.injector.response_bytes = 599616
stat.node.3.injector.aggregate_bytes = 2073736
stat.node.3.injector.request_gbps = 6.22716
stat.node.3.injector.response_gbps = 2.53297
stat.node.3.injector.aggregate_gbps = 8.76013
stat.node.3.llc.cxl_miss = 4000
stat.node.3.llc.total_miss = 4000
stat.node.3.llc.avg_miss_lat = 1026.37
stat.node.3.llc.avg_cxl_lat = 1026.37
stat.node.3.llc.miss_lat_hist_bin_ns = 10
stat.node.3.llc.miss_lat_hist = [0,0,0,0,0,0,0,0,0,0,0,0,0,0,0,0,0,0,0,0,0,0,0,0,0,0,0,0,0,0,0,0,0,0,9,8,28,47,29,64,380,985,799,869,359,125,80,47,54,74,36,5,2]
stat.node.3.util.dram_avg = 4.06731e-06
stat.node.3.walltime_s = 71.285
stat.node.3.active_time_s = 37.1819
stat.node.6.cpu.0.load_issue_to_complete_count = 3999
stat.node.6.cpu.0.avg_load_issue_to_complete_lat = 1135.21
stat.node.6.injector.phase_cycles = 4544872
stat.node.6.injector.request_bytes = 1474056
stat.node.6.injector.response_bytes = 599616
stat.node.6.injector.aggregate_bytes = 2073672
stat.node.6.injector.request_gbps = 6.22721
stat.node.6.injector.response_gbps = 2.5331
stat.node.6.injector.aggregate_gbps = 8.76031
stat.node.6.llc.cxl_miss = 4000
stat.node.6.llc.total_miss = 4000
stat.node.6.llc.avg_miss_lat = 1026.28
stat.node.6.llc.avg_cxl_lat = 1026.28
stat.node.6.llc.miss_lat_hist_bin_ns = 10
stat.node.6.llc.miss_lat_hist = [0,0,0,0,0,0,0,0,0,0,0,0,0,0,0,0,0,0,0,0,0,0,0,0,0,0,0,0,0,0,0,0,0,0,9,12,22,63,36,67,408,1019,744,717,396,187,87,73,49,77,26,7,1]
stat.node.6.util.dram_avg = 4.06676e-06
stat.node.6.walltime_s = 71.2934
stat.node.6.active_time_s = 43.3364
stat.node.5.cpu.0.load_issue_to_complete_count = 3999
stat.node.5.cpu.0.avg_load_issue_to_complete_lat = 1136.85
stat.node.5.injector.phase_cycles = 4551352
stat.node.5.injector.request_bytes = 1476144
stat.node.5.injector.response_bytes = 600448
stat.node.5.injector.aggregate_bytes = 2076592
stat.node.5.injector.request_gbps = 6.22715
stat.node.5.injector.response_gbps = 2.53301
stat.node.5.injector.aggregate_gbps = 8.76016
stat.node.5.llc.cxl_miss = 4000
stat.node.5.llc.total_miss = 4000
stat.node.5.llc.avg_miss_lat = 1027.96
stat.node.5.llc.avg_cxl_lat = 1027.96
stat.node.5.llc.miss_lat_hist_bin_ns = 10
stat.node.5.llc.miss_lat_hist = [0,0,0,0,0,0,0,0,0,0,0,0,0,0,0,0,0,0,0,0,0,0,0,0,0,0,0,0,0,0,0,0,0,3,28,27,4,10,19,106,531,1161,671,455,289,184,134,113,108,101,33,13,4,5,1]
stat.node.5.util.dram_avg = 4.06368e-06
stat.node.5.walltime_s = 71.3403
stat.node.5.active_time_s = 42.7372
stat.node.7.cpu.0.load_issue_to_complete_count = 3999
stat.node.7.cpu.0.avg_load_issue_to_complete_lat = 1138.19
stat.node.7.injector.phase_cycles = 4556769
stat.node.7.injector.request_bytes = 1477896
stat.node.7.injector.response_bytes = 601152
stat.node.7.injector.aggregate_bytes = 2079048
stat.node.7.injector.request_gbps = 6.22713
stat.node.7.injector.response_gbps = 2.53296
stat.node.7.injector.aggregate_gbps = 8.76009
stat.node.7.llc.cxl_miss = 4000
stat.node.7.llc.total_miss = 4000
stat.node.7.llc.avg_miss_lat = 1029.29
stat.node.7.llc.avg_cxl_lat = 1029.29
stat.node.7.llc.miss_lat_hist_bin_ns = 10
stat.node.7.llc.miss_lat_hist = [0,0,0,0,0,0,0,0,0,0,0,0,0,0,0,0,0,0,0,0,0,0,0,0,0,0,0,0,0,0,0,0,0,10,38,6,4,4,6,96,577,1174,605,429,252,251,157,135,115,76,36,20,7,2]
stat.node.7.util.dram_avg = 4.05794e-06
stat.node.7.walltime_s = 71.4276
stat.node.7.active_time_s = 42.823
stat.node.0.cpu.0.load_issue_to_complete_count = 3999
stat.node.0.cpu.0.avg_load_issue_to_complete_lat = 1137.42
stat.node.0.injector.phase_cycles = 4553672
stat.node.0.injector.request_bytes = 1476896
stat.node.0.injector.response_bytes = 600704
stat.node.0.injector.aggregate_bytes = 2077600
stat.node.0.injector.request_gbps = 6.22715
stat.node.0.injector.response_gbps = 2.53279
stat.node.0.injector.aggregate_gbps = 8.75995
stat.node.0.llc.cxl_miss = 4000
stat.node.0.llc.total_miss = 4000
stat.node.0.llc.avg_miss_lat = 1028.53
stat.node.0.llc.avg_cxl_lat = 1028.53
stat.node.0.llc.miss_lat_hist_bin_ns = 10
stat.node.0.llc.miss_lat_hist = [0,0,0,0,0,0,0,0,0,0,0,0,0,0,0,0,0,0,0,0,0,0,0,0,0,0,0,0,0,0,0,0,0,1,10,22,20,20,50,81,463,1141,666,501,375,182,117,99,101,101,33,12,5]
stat.node.0.util.dram_avg = 4.05725e-06
stat.node.0.walltime_s = 71.4382
stat.node.0.active_time_s = 43.5672
stat.node.4.cpu.0.load_issue_to_complete_count = 3999
stat.node.4.cpu.0.avg_load_issue_to_complete_lat = 1134.82
stat.node.4.injector.phase_cycles = 4543407
stat.node.4.injector.request_bytes = 1473584
stat.node.4.injector.response_bytes = 599424
stat.node.4.injector.aggregate_bytes = 2073008
stat.node.4.injector.request_gbps = 6.22722
stat.node.4.injector.response_gbps = 2.53311
stat.node.4.injector.aggregate_gbps = 8.76033
stat.node.4.llc.cxl_miss = 4000
stat.node.4.llc.total_miss = 4000
stat.node.4.llc.avg_miss_lat = 1025.87
stat.node.4.llc.avg_cxl_lat = 1025.87
stat.node.4.llc.miss_lat_hist_bin_ns = 10
stat.node.4.llc.miss_lat_hist = [0,0,0,0,0,0,0,0,0,0,0,0,0,0,0,0,0,0,0,0,0,0,0,0,0,0,0,0,0,0,0,0,0,4,2,3,1,2,14,84,600,1298,716,366,254,201,152,109,65,88,33,4,2,1,1]
stat.node.4.util.dram_avg = 4.03879e-06
stat.node.4.walltime_s = 71.721
stat.node.4.active_time_s = 43.9745
stat.node.2.cpu.0.load_issue_to_complete_count = 3999
stat.node.2.cpu.0.avg_load_issue_to_complete_lat = 1136.49
stat.node.2.injector.phase_cycles = 4550041
stat.node.2.injector.request_bytes = 1475736
stat.node.2.injector.response_bytes = 600256
stat.node.2.injector.aggregate_bytes = 2075992
stat.node.2.injector.request_gbps = 6.22723
stat.node.2.injector.response_gbps = 2.53293
stat.node.2.injector.aggregate_gbps = 8.76015
stat.node.2.llc.cxl_miss = 4000
stat.node.2.llc.total_miss = 4000
stat.node.2.llc.avg_miss_lat = 1027.52
stat.node.2.llc.avg_cxl_lat = 1027.52
stat.node.2.llc.miss_lat_hist_bin_ns = 10
stat.node.2.llc.miss_lat_hist = [0,0,0,0,0,0,0,0,0,0,0,0,0,0,0,0,0,0,0,0,0,0,0,0,0,0,0,0,0,0,0,0,0,9,1,2,0,2,7,72,584,1325,676,364,272,197,148,133,84,72,38,10,1,2,1]
stat.node.2.util.dram_avg = 4.03811e-06
stat.node.2.walltime_s = 71.7316
stat.node.2.active_time_s = 37.286
stat.pool.101.util.mem_avg = 0.201112
stat.pool.101.util.req_link_avg = 0.998754
stat.pool.101.walltime_s = 71.7317
stat.pool.101.active_time_s = 1.2828
stat.pool.100.util.mem_avg = 0.201087
stat.pool.100.util.req_link_avg = 0.998733
stat.pool.100.walltime_s = 71.7317
stat.pool.100.active_time_s = 1.33663
stat.switch.replicated_messages = 457366
stat.switch.util.node_ingress_avg = 0.129465
stat.switch.util.pool_ingress_avg = 0.295018
stat.switch.bw.host_to_switch_gbps = 6.3636
stat.switch.bw.switch_to_host_gbps = 3.62515
stat.switch.bw.host_link_total_gbps = 9.98875
stat.switch.walltime_s = 71.7317
stat.switch.active_time_s = 5.5202
Simulation is complete, simulated time: 2.47839 ms
