stat.node.0.cpu.0.retired = 751
stat.node.0.cpu.0.cycles = 1000000
stat.node.1.cpu.0.retired = 751
stat.node.1.cpu.0.cycles = 1000000
stat.node.2.cpu.0.retired = 751
stat.node.2.cpu.0.cycles = 1000000
stat.node.3.cpu.0.retired = 751
stat.node.3.cpu.0.cycles = 1000000
stat.node.4.cpu.0.retired = 741
stat.node.4.cpu.0.cycles = 1000000
stat.node.5.cpu.0.retired = 751
stat.node.5.cpu.0.cycles = 1000000
stat.node.6.cpu.0.retired = 751
stat.node.6.cpu.0.cycles = 1000000
stat.node.7.cpu.0.retired = 751
stat.node.7.cpu.0.cycles = 1000000
stat.node.0.cpu.0.retired = 1757
stat.node.1.cpu.0.retired = 1756
stat.node.1.cpu.0.cycles = 2000000
stat.node.2.cpu.0.retired = 1755
stat.node.2.cpu.0.cycles = 2000000
stat.node.3.cpu.0.retired = 1756
stat.node.3.cpu.0.cycles = 2000000
stat.node.4.cpu.0.retired = 1738
stat.node.4.cpu.0.cycles = 2000000
stat.node.5.cpu.0.retired = 1756
stat.node.5.cpu.0.cycles = 2000000
stat.node.6.cpu.0.retired = 1753
stat.node.6.cpu.0.cycles = 2000000
stat.node.7.cpu.0.retired = 1756
stat.node.7.cpu.0.cycles = 2000000
stat.node.0.cpu.0.cycles = 2000000
stat.node.3.cpu.0.retired = 2827
stat.node.3.cpu.0.cycles = 3000000
stat.node.4.cpu.0.retired = 2797
stat.node.4.cpu.0.cycles = 3000000
stat.node.5.cpu.0.retired = 2827
stat.node.5.cpu.0.cycles = 3000000
stat.node.0.cpu.0.retired = 2828
stat.node.0.cpu.0.cycles = 3000000
stat.node.6.cpu.0.retired = 2816
stat.node.6.cpu.0.cycles = 3000000
stat.node.7.cpu.0.retired = 2828
stat.node.7.cpu.0.cycles = 3000000
stat.node.1.cpu.0.retired = 2827
stat.node.1.cpu.0.cycles = 3000000
stat.node.2.cpu.0.retired = 2827
stat.node.2.cpu.0.cycles = 3000000
stat.node.2.cpu.0.retired = 3938
stat.node.2.cpu.0.cycles = 4000000
stat.node.0.cpu.0.retired = 3939
stat.node.0.cpu.0.cycles = 4000000
stat.node.6.cpu.0.retired = 3928
stat.node.6.cpu.0.cycles = 4000000
stat.node.7.cpu.0.retired = 3939
stat.node.7.cpu.0.cycles = 4000000
stat.node.1.cpu.0.retired = 3941
stat.node.1.cpu.0.cycles = 4000000
stat.node.5.cpu.0.retired = 3938
stat.node.5.cpu.0.cycles = 4000000
stat.node.3.cpu.0.retired = 3938
stat.node.3.cpu.0.cycles = 4000000
stat.node.4.cpu.0.retired = 3901
stat.node.4.cpu.0.cycles = 4000000
stat.node.1.cpu.0.load_issue_to_complete_count = 3999
stat.node.1.cpu.0.avg_load_issue_to_complete_lat = 914.423
stat.node.1.injector.phase_cycles = 3661841
stat.node.1.injector.request_bytes = 1096656
stat.node.1.injector.response_bytes = 1981056
stat.node.1.injector.aggregate_bytes = 3077712
stat.node.1.injector.request_gbps = 5.75006
stat.node.1.injector.response_gbps = 10.3872
stat.node.1.injector.aggregate_gbps = 16.1373
stat.node.1.llc.cxl_miss = 4000
stat.node.1.llc.total_miss = 4000
stat.node.1.llc.avg_miss_lat = 806.111
stat.node.1.llc.avg_cxl_lat = 806.111
stat.node.1.llc.miss_lat_hist_bin_ns = 10
stat.node.1.llc.miss_lat_hist = [0,0,0,0,0,0,0,0,0,0,0,0,0,0,0,0,0,0,0,0,0,0,0,0,0,0,0,0,0,0,20,412,1691,1002,217,85,120,129,179,139,6]
stat.node.1.util.dram_avg = 4.87793e-06
stat.node.1.walltime_s = 1290.87
stat.node.1.active_time_s = 74.9779
stat.node.7.cpu.0.load_issue_to_complete_count = 3999
stat.node.7.cpu.0.avg_load_issue_to_complete_lat = 915.408
stat.node.7.injector.phase_cycles = 3665782
stat.node.7.injector.request_bytes = 1097816
stat.node.7.injector.response_bytes = 1983168
stat.node.7.injector.aggregate_bytes = 3080984
stat.node.7.injector.request_gbps = 5.74995
stat.node.7.injector.response_gbps = 10.3871
stat.node.7.injector.aggregate_gbps = 16.137
stat.node.7.llc.cxl_miss = 4000
stat.node.7.llc.total_miss = 4000
stat.node.7.llc.avg_miss_lat = 807.201
stat.node.7.llc.avg_cxl_lat = 807.201
stat.node.7.llc.miss_lat_hist_bin_ns = 10
stat.node.7.llc.miss_lat_hist = [0,0,0,0,0,0,0,0,0,0,0,0,0,0,0,0,0,0,0,0,0,0,0,0,0,0,0,0,0,2,16,356,1777,959,259,59,51,110,254,139,18]
stat.node.7.util.dram_avg = 4.87403e-06
stat.node.7.walltime_s = 1291.53
stat.node.7.active_time_s = 92.8324
stat.node.2.cpu.0.load_issue_to_complete_count = 3999
stat.node.2.cpu.0.avg_load_issue_to_complete_lat = 915.615
stat.node.2.injector.phase_cycles = 3666632
stat.node.2.injector.request_bytes = 1098064
stat.node.2.injector.response_bytes = 1983616
stat.node.2.injector.aggregate_bytes = 3081680
stat.node.2.injector.request_gbps = 5.74992
stat.node.2.injector.response_gbps = 10.387
stat.node.2.injector.aggregate_gbps = 16.1369
stat.node.2.llc.cxl_miss = 4000
stat.node.2.llc.total_miss = 4000
stat.node.2.llc.avg_miss_lat = 807.365
stat.node.2.llc.avg_cxl_lat = 807.365
stat.node.2.llc.miss_lat_hist_bin_ns = 10
stat.node.2.llc.miss_lat_hist = [0,0,0,0,0,0,0,0,0,0,0,0,0,0,0,0,0,0,0,0,0,0,0,0,0,0,0,0,0,2,12,354,1872,841,209,100,89,142,223,151,5]
stat.node.2.util.dram_avg = 4.87239e-06
stat.node.2.walltime_s = 1291.94
stat.node.2.active_time_s = 73.464
stat.node.3.cpu.0.load_issue_to_complete_count = 3999
stat.node.3.cpu.0.avg_load_issue_to_complete_lat = 915.931
stat.node.3.injector.phase_cycles = 3667871
stat.node.3.injector.request_bytes = 1098472
stat.node.3.injector.response_bytes = 1984320
stat.node.3.injector.aggregate_bytes = 3082792
stat.node.3.injector.request_gbps = 5.75011
stat.node.3.injector.response_gbps = 10.3872
stat.node.3.injector.aggregate_gbps = 16.1373
stat.node.3.llc.cxl_miss = 4000
stat.node.3.llc.total_miss = 4000
stat.node.3.llc.avg_miss_lat = 807.655
stat.node.3.llc.avg_cxl_lat = 807.655
stat.node.3.llc.miss_lat_hist_bin_ns = 10
stat.node.3.llc.miss_lat_hist = [0,0,0,0,0,0,0,0,0,0,0,0,0,0,0,0,0,0,0,0,0,0,0,0,0,0,0,0,0,0,8,382,1709,979,245,76,111,111,232,138,9]
stat.node.3.util.dram_avg = 4.87193e-06
stat.node.3.walltime_s = 1291.95
stat.node.3.active_time_s = 105.332
stat.node.0.cpu.0.load_issue_to_complete_count = 3999
stat.node.0.cpu.0.avg_load_issue_to_complete_lat = 916.144
stat.node.0.injector.phase_cycles = 3668733
stat.node.0.injector.request_bytes = 1098720
stat.node.0.injector.response_bytes = 1984768
stat.node.0.injector.aggregate_bytes = 3083488
stat.node.0.injector.request_gbps = 5.75006
stat.node.0.injector.response_gbps = 10.3871
stat.node.0.injector.aggregate_gbps = 16.1372
stat.node.0.llc.cxl_miss = 4000
stat.node.0.llc.total_miss = 4000
stat.node.0.llc.avg_miss_lat = 807.839
stat.node.0.llc.avg_cxl_lat = 807.839
stat.node.0.llc.miss_lat_hist_bin_ns = 10
stat.node.0.llc.miss_lat_hist = [0,0,0,0,0,0,0,0,0,0,0,0,0,0,0,0,0,0,0,0,0,0,0,0,0,0,0,0,0,0,18,319,1745,1003,235,87,99,124,252,109,9]
stat.node.0.util.dram_avg = 4.87191e-06
stat.node.0.walltime_s = 1291.97
stat.node.0.active_time_s = 103.429
stat.node.5.cpu.0.load_issue_to_complete_count = 3999
stat.node.5.cpu.0.avg_load_issue_to_complete_lat = 916.151
stat.node.5.injector.phase_cycles = 3668853
stat.node.5.injector.request_bytes = 1098792
stat.node.5.injector.response_bytes = 1984832
stat.node.5.injector.aggregate_bytes = 3083624
stat.node.5.injector.request_gbps = 5.75025
stat.node.5.injector.response_gbps = 10.3871
stat.node.5.injector.aggregate_gbps = 16.1374
stat.node.5.llc.cxl_miss = 4000
stat.node.5.llc.total_miss = 4000
stat.node.5.llc.avg_miss_lat = 807.985
stat.node.5.llc.avg_cxl_lat = 807.985
stat.node.5.llc.miss_lat_hist_bin_ns = 10
stat.node.5.llc.miss_lat_hist = [0,0,0,0,0,0,0,0,0,0,0,0,0,0,0,0,0,0,0,0,0,0,0,0,0,0,0,0,0,1,14,328,1810,888,235,136,100,115,237,132,4]
stat.node.5.util.dram_avg = 4.8707e-06
stat.node.5.walltime_s = 1292.5
stat.node.5.active_time_s = 81.7904
stat.node.6.cpu.0.load_issue_to_complete_count = 3999
stat.node.6.cpu.0.avg_load_issue_to_complete_lat = 918.115
stat.node.6.injector.phase_cycles = 3676736
stat.node.6.injector.request_bytes = 1101120
stat.node.6.injector.response_bytes = 1989120
stat.node.6.injector.aggregate_bytes = 3090240
stat.node.6.injector.request_gbps = 5.75007
stat.node.6.injector.response_gbps = 10.3872
stat.node.6.injector.aggregate_gbps = 16.1373
stat.node.6.llc.cxl_miss = 4000
stat.node.6.llc.total_miss = 4000
stat.node.6.llc.avg_miss_lat = 809.871
stat.node.6.llc.avg_cxl_lat = 809.871
stat.node.6.llc.miss_lat_hist_bin_ns = 10
stat.node.6.llc.miss_lat_hist = [0,0,0,0,0,0,0,0,0,0,0,0,0,0,0,0,0,0,0,0,0,0,0,0,0,0,0,0,0,1,36,344,1593,995,271,129,116,132,244,131,8]
stat.node.6.util.dram_avg = 4.86213e-06
stat.node.6.walltime_s = 1293.67
stat.node.6.active_time_s = 59.5923
stat.node.4.cpu.0.load_issue_to_complete_count = 3999
stat.node.4.cpu.0.avg_load_issue_to_complete_lat = 920.396
stat.node.4.injector.phase_cycles = 3685867
stat.node.4.injector.request_bytes = 1103848
stat.node.4.injector.response_bytes = 1994048
stat.node.4.injector.aggregate_bytes = 3097896
stat.node.4.injector.request_gbps = 5.75004
stat.node.4.injector.response_gbps = 10.3872
stat.node.4.injector.aggregate_gbps = 16.1372
stat.node.4.llc.cxl_miss = 4000
stat.node.4.llc.total_miss = 4000
stat.node.4.llc.avg_miss_lat = 812.112
stat.node.4.llc.avg_cxl_lat = 812.112
stat.node.4.llc.miss_lat_hist_bin_ns = 10
stat.node.4.llc.miss_lat_hist = [0,0,0,0,0,0,0,0,0,0,0,0,0,0,0,0,0,0,0,0,0,0,0,0,0,0,0,0,0,2,17,432,1573,835,226,185,153,185,234,134,22,2]
stat.node.4.util.dram_avg = 4.84181e-06
stat.node.4.walltime_s = 1296.78
stat.node.4.active_time_s = 83.8302
stat.pool.101.util.mem_avg = 0.268222
stat.pool.101.util.req_link_avg = 0.84348
stat.pool.101.walltime_s = 1296.78
stat.pool.101.active_time_s = 3.29418
stat.pool.100.util.mem_avg = 0.268222
stat.pool.100.util.req_link_avg = 0.84348
stat.pool.100.walltime_s = 1296.78
stat.pool.100.active_time_s = 3.29506
stat.switch.replicated_messages = 287312
stat.switch.util.node_ingress_avg = 0.120315
stat.switch.util.pool_ingress_avg = 0.951887
stat.switch.bw.host_to_switch_gbps = 5.91385
stat.switch.bw.switch_to_host_gbps = 11.6968
stat.switch.bw.host_link_total_gbps = 17.6106
stat.switch.walltime_s = 1296.78
stat.switch.active_time_s = 12.0163
Simulation is complete, simulated time: 2.06699 ms
