stat.node.5.cpu.0.load_issue_to_complete_count = 299
stat.node.5.cpu.0.avg_load_issue_to_complete_lat = 1021.6
stat.node.5.injector.phase_cycles = 306648
stat.node.5.injector.request_bytes = 49640
stat.node.5.injector.response_bytes = 5440
stat.node.5.injector.aggregate_bytes = 55080
stat.node.5.injector.request_gbps = 3.10808
stat.node.5.injector.response_gbps = 0.340612
stat.node.5.injector.aggregate_gbps = 3.4487
stat.node.5.llc.cxl_miss = 300
stat.node.5.llc.total_miss = 300
stat.node.5.llc.avg_miss_lat = 698.49
stat.node.5.llc.avg_cxl_lat = 698.49
stat.node.5.llc.miss_lat_hist_bin_ns = 10
stat.node.5.llc.miss_lat_hist = [0,0,0,0,0,0,0,0,0,0,0,0,0,0,0,0,0,0,0,0,0,0,0,0,0,0,139,12,9,11,16,24,64,16,3,2,0,1,3]
stat.node.5.util.dram_avg = 3.2674e-05
stat.node.5.walltime_s = 167.671
stat.node.5.active_time_s = 12.8784
stat.node.4.cpu.0.load_issue_to_complete_count = 299
stat.node.4.cpu.0.avg_load_issue_to_complete_lat = 1018.84
stat.node.4.injector.phase_cycles = 305908
stat.node.4.injector.request_bytes = 49504
stat.node.4.injector.response_bytes = 5440
stat.node.4.injector.aggregate_bytes = 54944
stat.node.4.injector.request_gbps = 3.10707
stat.node.4.injector.response_gbps = 0.341436
stat.node.4.injector.aggregate_gbps = 3.4485
stat.node.4.llc.cxl_miss = 300
stat.node.4.llc.total_miss = 300
stat.node.4.llc.avg_miss_lat = 698.253
stat.node.4.llc.avg_cxl_lat = 698.253
stat.node.4.llc.miss_lat_hist_bin_ns = 10
stat.node.4.llc.miss_lat_hist = [0,0,0,0,0,0,0,0,0,0,0,0,0,0,0,0,0,0,0,0,0,0,0,0,0,0,140,11,13,14,25,11,38,37,5,0,2,1,1,1,1]
stat.node.4.util.dram_avg = 3.26359e-05
stat.node.4.walltime_s = 167.704
stat.node.4.active_time_s = 10.2004
stat.node.6.cpu.0.load_issue_to_complete_count = 299
stat.node.6.cpu.0.avg_load_issue_to_complete_lat = 1019.12
stat.node.6.injector.phase_cycles = 306028
stat.node.6.injector.request_bytes = 49576
stat.node.6.injector.response_bytes = 5376
stat.node.6.injector.aggregate_bytes = 54952
stat.node.6.injector.request_gbps = 3.11037
stat.node.6.injector.response_gbps = 0.337287
stat.node.6.injector.aggregate_gbps = 3.44765
stat.node.6.llc.cxl_miss = 300
stat.node.6.llc.total_miss = 300
stat.node.6.llc.avg_miss_lat = 702.463
stat.node.6.llc.avg_cxl_lat = 702.463
stat.node.6.llc.miss_lat_hist_bin_ns = 10
stat.node.6.llc.miss_lat_hist = [0,0,0,0,0,0,0,0,0,0,0,0,0,0,0,0,0,0,0,0,0,0,0,0,0,0,121,14,17,26,28,22,33,22,6,3,1,1,1,3,1,1]
stat.node.6.util.dram_avg = 3.25862e-05
stat.node.6.walltime_s = 167.758
stat.node.6.active_time_s = 8.75241
stat.node.7.cpu.0.load_issue_to_complete_count = 299
stat.node.7.cpu.0.avg_load_issue_to_complete_lat = 1021.28
stat.node.7.injector.phase_cycles = 306673
stat.node.7.injector.request_bytes = 49640
stat.node.7.injector.response_bytes = 5440
stat.node.7.injector.aggregate_bytes = 55080
stat.node.7.injector.request_gbps = 3.10783
stat.node.7.injector.response_gbps = 0.340584
stat.node.7.injector.aggregate_gbps = 3.44842
stat.node.7.llc.cxl_miss = 300
stat.node.7.llc.total_miss = 300
stat.node.7.llc.avg_miss_lat = 700.097
stat.node.7.llc.avg_cxl_lat = 700.097
stat.node.7.llc.miss_lat_hist_bin_ns = 10
stat.node.7.llc.miss_lat_hist = [0,0,0,0,0,0,0,0,0,0,0,0,0,0,0,0,0,0,0,0,0,0,0,0,0,0,137,12,13,14,16,23,41,34,4,0,0,0,1,3,1,1]
stat.node.7.util.dram_avg = 3.25566e-05
stat.node.7.walltime_s = 167.814
stat.node.7.active_time_s = 17.4671
stat.node.1.cpu.0.load_issue_to_complete_count = 299
stat.node.1.cpu.0.avg_load_issue_to_complete_lat = 1021.28
stat.node.1.injector.phase_cycles = 306673
stat.node.1.injector.request_bytes = 49640
stat.node.1.injector.response_bytes = 5440
stat.node.1.injector.aggregate_bytes = 55080
stat.node.1.injector.request_gbps = 3.10783
stat.node.1.injector.response_gbps = 0.340584
stat.node.1.injector.aggregate_gbps = 3.44842
stat.node.1.llc.cxl_miss = 300
stat.node.1.llc.total_miss = 300
stat.node.1.llc.avg_miss_lat = 698.643
stat.node.1.llc.avg_cxl_lat = 698.643
stat.node.1.llc.miss_lat_hist_bin_ns = 10
stat.node.1.llc.miss_lat_hist = [0,0,0,0,0,0,0,0,0,0,0,0,0,0,0,0,0,0,0,0,0,0,0,0,0,0,115,15,39,19,24,19,29,34,2,0,0,1,2,0,0,1]
stat.node.1.util.dram_avg = 3.25555e-05
stat.node.1.walltime_s = 167.815
stat.node.1.active_time_s = 15.1666
stat.node.0.cpu.0.load_issue_to_complete_count = 299
stat.node.0.cpu.0.avg_load_issue_to_complete_lat = 1024.41
stat.node.0.injector.phase_cycles = 307535
stat.node.0.injector.request_bytes = 49768
stat.node.0.injector.response_bytes = 5440
stat.node.0.injector.aggregate_bytes = 55208
stat.node.0.injector.request_gbps = 3.10711
stat.node.0.injector.response_gbps = 0.33963
stat.node.0.injector.aggregate_gbps = 3.44674
stat.node.0.llc.cxl_miss = 300
stat.node.0.llc.total_miss = 300
stat.node.0.llc.avg_miss_lat = 705.833
stat.node.0.llc.avg_cxl_lat = 705.833
stat.node.0.llc.miss_lat_hist_bin_ns = 10
stat.node.0.llc.miss_lat_hist = [0,0,0,0,0,0,0,0,0,0,0,0,0,0,0,0,0,0,0,0,0,0,0,0,0,0,122,15,12,9,28,33,44,24,2,1,2,1,3,2,2]
stat.node.0.util.dram_avg = 3.25131e-05
stat.node.0.walltime_s = 167.853
stat.node.0.active_time_s = 10.7666
stat.node.2.cpu.0.load_issue_to_complete_count = 299
stat.node.2.cpu.0.avg_load_issue_to_complete_lat = 1021.93
stat.node.2.injector.phase_cycles = 306748
stat.node.2.injector.request_bytes = 49640
stat.node.2.injector.response_bytes = 5440
stat.node.2.injector.aggregate_bytes = 55080
stat.node.2.injector.request_gbps = 3.10707
stat.node.2.injector.response_gbps = 0.340501
stat.node.2.injector.aggregate_gbps = 3.44757
stat.node.2.llc.cxl_miss = 300
stat.node.2.llc.total_miss = 300
stat.node.2.llc.avg_miss_lat = 703.173
stat.node.2.llc.avg_cxl_lat = 703.173
stat.node.2.llc.miss_lat_hist_bin_ns = 10
stat.node.2.llc.miss_lat_hist = [0,0,0,0,0,0,0,0,0,0,0,0,0,0,0,0,0,0,0,0,0,0,0,0,0,0,132,12,15,11,18,24,37,36,7,1,1,2,1,2,1]
stat.node.2.util.dram_avg = 3.2512e-05
stat.node.2.walltime_s = 167.854
stat.node.2.active_time_s = 11.1075
stat.node.3.cpu.0.load_issue_to_complete_count = 299
stat.node.3.cpu.0.avg_load_issue_to_complete_lat = 1022.18
stat.node.3.injector.phase_cycles = 306823
stat.node.3.injector.request_bytes = 49640
stat.pool.100.util.mem_avg = 0.124494
stat.pool.100.util.req_link_avg = 0.533427
stat.pool.100.walltime_s = 167.852
stat.pool.100.active_time_s = 0.576644
stat.node.3.injector.response_bytes = 5440
stat.node.3.injector.aggregate_bytes = 55080
stat.node.3.injector.request_gbps = 3.10631
stat.node.3.injector.response_gbps = 0.340418
stat.node.3.injector.aggregate_gbps = 3.44673
stat.node.3.llc.cxl_miss = 300
stat.node.3.llc.total_miss = 300
stat.node.3.llc.avg_miss_lat = 699.837
stat.node.3.llc.avg_cxl_lat = 699.837
stat.node.3.llc.miss_lat_hist_bin_ns = 10
stat.node.3.llc.miss_lat_hist = [0,0,0,0,0,0,0,0,0,0,0,0,0,0,0,0,0,0,0,0,0,0,0,0,0,0,119,10,14,43,19,29,37,20,5,1,2,0,1]
stat.node.3.util.dram_avg = 3.25076e-05
stat.node.3.walltime_s = 167.856
stat.node.3.active_time_s = 15.5603
stat.switch.replicated_messages = 0
stat.switch.util.node_ingress_avg = 0.066704
stat.switch.util.pool_ingress_avg = 0.279667
stat.switch.bw.host_to_switch_gbps = 3.27895
stat.switch.bw.switch_to_host_gbps = 1.71827
stat.switch.bw.host_link_total_gbps = 4.99722
stat.switch.walltime_s = 167.852
stat.switch.active_time_s = 2.18577
Simulation is complete, simulated time: 307.866 us
