stat.node.0.cpu.0.retired = 456
stat.node.0.cpu.0.cycles = 1000000
stat.node.1.cpu.0.retired = 456
stat.node.1.cpu.0.cycles = 1000000
stat.node.2.cpu.0.retired = 454
stat.node.2.cpu.0.cycles = 1000000
stat.node.3.cpu.0.retired = 456
stat.node.3.cpu.0.cycles = 1000000
stat.node.4.cpu.0.retired = 459
stat.node.5.cpu.0.retired = 458
stat.node.5.cpu.0.cycles = 1000000
stat.node.6.cpu.0.retired = 457
stat.node.6.cpu.0.cycles = 1000000
stat.node.7.cpu.0.retired = 456
stat.node.7.cpu.0.cycles = 1000000
stat.node.4.cpu.0.cycles = 1000000
stat.node.4.cpu.0.load_issue_to_complete_count = 299
stat.node.4.cpu.0.avg_load_issue_to_complete_lat = 1699.17
stat.node.4.injector.phase_cycles = 509575
stat.node.4.injector.request_bytes = 52896
stat.node.4.injector.response_bytes = 141056
stat.node.4.injector.aggregate_bytes = 193952
stat.node.4.injector.request_gbps = 1.99304
stat.node.4.injector.response_gbps = 5.31477
stat.node.4.injector.aggregate_gbps = 7.30781
stat.node.4.llc.cxl_miss = 300
stat.node.4.llc.total_miss = 300
stat.node.4.llc.avg_miss_lat = 1311.45
stat.node.4.llc.avg_cxl_lat = 1311.45
stat.node.4.llc.miss_lat_hist_bin_ns = 10
stat.node.4.llc.miss_lat_hist = [0,0,0,0,0,0,0,0,0,0,0,0,0,0,0,0,0,0,0,0,0,0,0,0,0,0,0,0,0,0,0,0,0,0,0,0,0,0,0,17,10,2,0,5,9,11,14,23,1,3,3,2,1,5,0,4,68,13,22,7,9,3,4,6,45,12,0,1]
stat.node.4.util.dram_avg = 1.96232e-05
stat.node.4.walltime_s = 513.556
stat.node.4.active_time_s = 15.4975
stat.node.5.cpu.0.load_issue_to_complete_count = 299
stat.node.5.cpu.0.avg_load_issue_to_complete_lat = 1703.26
stat.node.5.injector.phase_cycles = 511175
stat.node.5.injector.request_bytes = 53024
stat.node.5.injector.response_bytes = 141504
stat.node.5.injector.aggregate_bytes = 194528
stat.node.5.injector.request_gbps = 1.99161
stat.node.5.injector.response_gbps = 5.31496
stat.node.5.injector.aggregate_gbps = 7.30657
stat.node.5.llc.cxl_miss = 300
stat.node.5.llc.total_miss = 300
stat.node.5.llc.avg_miss_lat = 1311.79
stat.node.5.llc.avg_cxl_lat = 1311.79
stat.node.5.llc.miss_lat_hist_bin_ns = 10
stat.node.5.llc.miss_lat_hist = [0,0,0,0,0,0,0,0,0,0,0,0,0,0,0,0,0,0,0,0,0,0,0,0,0,0,0,0,0,0,0,0,0,0,0,0,0,0,1,16,3,6,0,5,10,12,12,27,2,4,2,2,0,2,1,4,64,20,21,10,5,3,7,4,44,12,1]
stat.node.5.util.dram_avg = 1.95935e-05
stat.node.5.walltime_s = 513.623
stat.node.5.active_time_s = 22.7637
stat.node.6.cpu.0.load_issue_to_complete_count = 299
stat.node.6.cpu.0.avg_load_issue_to_complete_lat = 1702.85
stat.node.6.injector.phase_cycles = 511225
stat.node.6.injector.request_bytes = 53016
stat.node.6.injector.response_bytes = 141568
stat.node.6.injector.aggregate_bytes = 194584
stat.node.6.injector.request_gbps = 1.99111
stat.node.6.injector.response_gbps = 5.31685
stat.node.6.injector.aggregate_gbps = 7.30796
stat.node.6.llc.cxl_miss = 300
stat.node.6.llc.total_miss = 300
stat.node.6.llc.avg_miss_lat = 1315.87
stat.node.6.llc.avg_cxl_lat = 1315.87
stat.node.6.llc.miss_lat_hist_bin_ns = 10
stat.node.6.llc.miss_lat_hist = [0,0,0,0,0,0,0,0,0,0,0,0,0,0,0,0,0,0,0,0,0,0,0,0,0,0,0,0,0,0,0,0,0,0,0,0,0,0,2,20,8,8,5,1,7,8,9,20,2,3,2,2,4,2,3,1,60,18,12,8,7,12,5,4,48,18,1]
stat.node.6.util.dram_avg = 1.95915e-05
stat.node.6.walltime_s = 513.625
stat.node.6.active_time_s = 16.5459
stat.node.7.cpu.0.load_issue_to_complete_count = 299
stat.node.7.cpu.0.avg_load_issue_to_complete_lat = 1703.35
stat.node.7.injector.phase_cycles = 511225
stat.node.7.injector.request_bytes = 53088
stat.node.7.injector.response_bytes = 141504
stat.node.7.injector.aggregate_bytes = 194592
stat.node.7.injector.request_gbps = 1.99382
stat.node.7.injector.response_gbps = 5.31444
stat.node.7.injector.aggregate_gbps = 7.30826
stat.node.7.llc.cxl_miss = 300
stat.node.7.llc.total_miss = 300
stat.node.7.llc.avg_miss_lat = 1310.29
stat.node.7.llc.avg_cxl_lat = 1310.29
stat.node.7.llc.miss_lat_hist_bin_ns = 10
stat.node.7.llc.miss_lat_hist = [0,0,0,0,0,0,0,0,0,0,0,0,0,0,0,0,0,0,0,0,0,0,0,0,0,0,0,0,0,0,0,0,0,0,0,0,0,0,2,20,4,4,2,1,6,8,13,28,8,3,6,1,5,1,0,2,58,23,14,9,6,8,3,5,44,14,2]
stat.node.7.util.dram_avg = 1.9564e-05
stat.node.7.walltime_s = 513.704
stat.node.7.active_time_s = 27.4977
stat.node.0.cpu.0.load_issue_to_complete_count = 299
stat.node.0.cpu.0.avg_load_issue_to_complete_lat = 1703.01
stat.node.0.injector.phase_cycles = 511275
stat.node.0.injector.request_bytes = 53024
stat.node.0.injector.response_bytes = 141504
stat.node.0.injector.aggregate_bytes = 194528
stat.node.0.injector.request_gbps = 1.99122
stat.node.0.injector.response_gbps = 5.31392
stat.node.0.injector.aggregate_gbps = 7.30514
stat.node.0.llc.cxl_miss = 300
stat.node.0.llc.total_miss = 300
stat.node.0.llc.avg_miss_lat = 1318.04
stat.node.0.llc.avg_cxl_lat = 1318.04
stat.node.0.llc.miss_lat_hist_bin_ns = 10
stat.node.0.llc.miss_lat_hist = [0,0,0,0,0,0,0,0,0,0,0,0,0,0,0,0,0,0,0,0,0,0,0,0,0,0,0,0,0,0,0,0,0,0,0,0,0,0,1,20,10,2,3,3,3,6,10,26,6,4,5,2,2,1,1,4,67,14,8,7,4,10,8,9,55,7,2]
stat.node.0.util.dram_avg = 1.9562e-05
stat.node.0.walltime_s = 513.707
stat.node.0.active_time_s = 16.6988
stat.node.1.cpu.0.load_issue_to_complete_count = 299
stat.node.1.cpu.0.avg_load_issue_to_complete_lat = 1704.85
stat.node.1.injector.phase_cycles = 511250
stat.node.1.injector.request_bytes = 53088
stat.node.1.injector.response_bytes = 141504
stat.node.1.injector.aggregate_bytes = 194592
stat.node.1.injector.request_gbps = 1.99372
stat.node.1.injector.response_gbps = 5.31418
stat.node.1.injector.aggregate_gbps = 7.3079
stat.node.1.llc.cxl_miss = 300
stat.node.1.llc.total_miss = 300
stat.node.1.llc.avg_miss_lat = 1310.12
stat.node.1.llc.avg_cxl_lat = 1310.12
stat.node.1.llc.miss_lat_hist_bin_ns = 10
stat.node.1.llc.miss_lat_hist = [0,0,0,0,0,0,0,0,0,0,0,0,0,0,0,0,0,0,0,0,0,0,0,0,0,0,0,0,0,0,0,0,0,0,0,0,0,0,1,20,2,4,3,5,4,8,13,29,5,5,6,6,3,4,1,0,57,18,10,5,11,12,6,5,42,15]
stat.node.1.util.dram_avg = 1.9552e-05
stat.node.1.walltime_s = 513.719
stat.node.1.active_time_s = 24.746
stat.node.3.cpu.0.load_issue_to_complete_count = 299
stat.node.3.cpu.0.avg_load_issue_to_complete_lat = 1708.7
stat.node.3.injector.phase_cycles = 512425
stat.node.3.injector.request_bytes = 53184
stat.node.3.injector.response_bytes = 141888
stat.node.3.injector.aggregate_bytes = 195072
stat.node.3.injector.request_gbps = 1.99275
stat.node.3.injector.response_gbps = 5.31639
stat.node.3.injector.aggregate_gbps = 7.30913
stat.node.3.llc.cxl_miss = 300
stat.node.3.llc.total_miss = 300
stat.node.3.llc.avg_miss_lat = 1314.2
stat.node.3.llc.avg_cxl_lat = 1314.2
stat.node.3.llc.miss_lat_hist_bin_ns = 10
stat.node.3.llc.miss_lat_hist = [0,0,0,0,0,0,0,0,0,0,0,0,0,0,0,0,0,0,0,0,0,0,0,0,0,0,0,0,0,0,0,0,0,0,0,0,0,0,0,11,14,7,3,0,8,5,11,18,11,10,4,0,6,4,2,2,53,25,12,7,7,5,8,8,43,15,1]
stat.node.3.util.dram_avg = 1.9533e-05
stat.node.3.walltime_s = 513.773
stat.node.3.active_time_s = 28.7963
stat.node.2.cpu.0.load_issue_to_complete_count = 299
stat.node.2.cpu.0.avg_load_issue_to_complete_lat = 1706.11
stat.node.2.injector.phase_cycles = 511650
stat.node.2.injector.request_bytes = 53152
stat.node.2.injector.response_bytes = 141632
stat.node.2.injector.aggregate_bytes = 194784
stat.node.2.injector.request_gbps = 1.99456
stat.node.2.injector.response_gbps = 5.31483
stat.node.2.injector.aggregate_gbps = 7.3094
stat.node.2.llc.cxl_miss = 300
stat.node.2.llc.total_miss = 300
stat.node.2.llc.avg_miss_lat = 1314.37
stat.node.2.llc.avg_cxl_lat = 1314.37
stat.node.2.llc.miss_lat_hist_bin_ns = 10
stat.node.2.llc.miss_lat_hist = [0,0,0,0,0,0,0,0,0,0,0,0,0,0,0,0,0,0,0,0,0,0,0,0,0,0,0,0,0,0,0,0,0,0,0,0,0,0,0,14,7,8,1,2,2,11,11,17,10,7,4,7,4,4,2,6,59,20,16,7,7,9,7,5,41,11,1]
stat.node.2.util.dram_avg = 1.95159e-05
stat.node.2.walltime_s = 513.81
stat.node.2.active_time_s = 17.2707
stat.pool.100.util.mem_avg = 0.194451
stat.pool.100.util.req_link_avg = 0.34107
stat.pool.100.walltime_s = 513.81
stat.pool.100.active_time_s = 1.88744
stat.switch.replicated_messages = 0
stat.switch.util.node_ingress_avg = 0.0426352
stat.switch.util.pool_ingress_avg = 0.998803
stat.switch.bw.host_to_switch_gbps = 2.09653
stat.switch.bw.switch_to_host_gbps = 6.13666
stat.switch.bw.host_link_total_gbps = 8.2332
stat.switch.walltime_s = 513.81
stat.switch.active_time_s = 3.11109
Simulation is complete, simulated time: 512.813 us
