stat.node.2.cpu.0.retired = 796
stat.node.2.cpu.0.cycles = 1000000
stat.node.3.cpu.0.retired = 823
stat.node.3.cpu.0.cycles = 1000000
stat.node.4.cpu.0.retired = 803
stat.node.4.cpu.0.cycles = 1000000
stat.node.5.cpu.0.retired = 822
stat.node.5.cpu.0.cycles = 1000000
stat.node.6.cpu.0.retired = 824
stat.node.6.cpu.0.cycles = 1000000
stat.node.7.cpu.0.retired = 822
stat.node.7.cpu.0.cycles = 1000000
stat.node.0.cpu.0.retired = 824
stat.node.0.cpu.0.cycles = 1000000
stat.node.1.cpu.0.retired = 826
stat.node.1.cpu.0.cycles = 1000000
stat.node.1.cpu.0.load_issue_to_complete_count = 499
stat.node.1.cpu.0.avg_load_issue_to_complete_lat = 992.794
stat.node.1.injector.phase_cycles = 497719
stat.node.1.injector.request_bytes = 162864
stat.node.1.injector.response_bytes = 144768
stat.node.1.injector.aggregate_bytes = 307632
stat.node.1.injector.request_gbps = 6.28264
stat.node.1.injector.response_gbps = 5.58457
stat.node.1.injector.aggregate_gbps = 11.8672
stat.node.1.llc.cxl_miss = 500
stat.node.1.llc.total_miss = 500
stat.node.1.llc.avg_miss_lat = 757.916
stat.node.1.llc.avg_cxl_lat = 757.916
stat.node.1.llc.miss_lat_hist_bin_ns = 10
stat.node.1.llc.miss_lat_hist = [0,0,0,0,0,0,0,0,0,0,0,0,0,0,0,0,0,0,0,0,0,0,0,0,0,0,0,13,74,83,23,126,31,43,102,5]
stat.node.1.util.dram_avg = 2.05628e-05
stat.node.1.walltime_s = 383.677
stat.node.1.active_time_s = 23.9245
stat.node.6.cpu.0.load_issue_to_complete_count = 499
stat.node.6.cpu.0.avg_load_issue_to_complete_lat = 995.657
stat.node.6.injector.phase_cycles = 499156
stat.node.6.injector.request_bytes = 163296
stat.node.6.injector.response_bytes = 145216
stat.node.6.injector.aggregate_bytes = 308512
stat.node.6.injector.request_gbps = 6.28117
stat.node.6.injector.response_gbps = 5.58572
stat.node.6.injector.aggregate_gbps = 11.8669
stat.node.6.llc.cxl_miss = 500
stat.node.6.llc.total_miss = 500
stat.node.6.llc.avg_miss_lat = 760.21
stat.node.6.llc.avg_cxl_lat = 760.21
stat.node.6.llc.miss_lat_hist_bin_ns = 10
stat.node.6.llc.miss_lat_hist = [0,0,0,0,0,0,0,0,0,0,0,0,0,0,0,0,0,0,0,0,0,0,0,0,0,0,0,5,45,78,69,138,33,24,103,5]
stat.node.6.util.dram_avg = 2.05396e-05
stat.node.6.walltime_s = 383.79
stat.node.6.active_time_s = 17.734
stat.node.0.cpu.0.load_issue_to_complete_count = 499
stat.node.0.cpu.0.avg_load_issue_to_complete_lat = 993.012
stat.node.0.injector.phase_cycles = 497716
stat.node.0.injector.request_bytes = 162864
stat.node.0.injector.response_bytes = 144768
stat.node.0.injector.aggregate_bytes = 307632
stat.node.0.injector.request_gbps = 6.28268
stat.node.0.injector.response_gbps = 5.5846
stat.node.0.injector.aggregate_gbps = 11.8673
stat.node.0.llc.cxl_miss = 500
stat.node.0.llc.total_miss = 500
stat.node.0.llc.avg_miss_lat = 758.502
stat.node.0.llc.avg_cxl_lat = 758.502
stat.node.0.llc.miss_lat_hist_bin_ns = 10
stat.node.0.llc.miss_lat_hist = [0,0,0,0,0,0,0,0,0,0,0,0,0,0,0,0,0,0,0,0,0,0,0,0,0,0,0,10,59,89,19,154,44,19,99,7]
stat.node.0.util.dram_avg = 2.05391e-05
stat.node.0.walltime_s = 383.819
stat.node.0.active_time_s = 17.1307
stat.node.3.cpu.0.load_issue_to_complete_count = 499
stat.node.3.cpu.0.avg_load_issue_to_complete_lat = 997.485
stat.node.3.injector.phase_cycles = 499922
stat.node.3.injector.request_bytes = 163584
stat.node.3.injector.response_bytes = 145408
stat.node.3.injector.aggregate_bytes = 308992
stat.node.3.injector.request_gbps = 6.28261
stat.node.3.injector.response_gbps = 5.58454
stat.node.3.injector.aggregate_gbps = 11.8671
stat.node.3.llc.cxl_miss = 500
stat.node.3.llc.total_miss = 500
stat.node.3.llc.avg_miss_lat = 762.51
stat.node.3.llc.avg_cxl_lat = 762.51
stat.node.3.llc.miss_lat_hist_bin_ns = 10
stat.node.3.llc.miss_lat_hist = [0,0,0,0,0,0,0,0,0,0,0,0,0,0,0,0,0,0,0,0,0,0,0,0,0,0,0,11,59,94,13,105,64,28,118,8]
stat.node.3.util.dram_avg = 2.05202e-05
stat.node.3.walltime_s = 383.871
stat.node.3.active_time_s = 21.5421
stat.node.5.cpu.0.load_issue_to_complete_count = 499
stat.node.5.cpu.0.avg_load_issue_to_complete_lat = 995.557
stat.node.5.injector.phase_cycles = 499159
stat.node.5.injector.request_bytes = 163304
stat.node.5.injector.response_bytes = 145216
stat.node.5.injector.aggregate_bytes = 308520
stat.node.5.injector.request_gbps = 6.28144
stat.node.5.injector.response_gbps = 5.58569
stat.node.5.injector.aggregate_gbps = 11.8671
stat.node.5.llc.cxl_miss = 500
stat.node.5.llc.total_miss = 500
stat.node.5.llc.avg_miss_lat = 760.216
stat.node.5.llc.avg_cxl_lat = 760.216
stat.node.5.llc.miss_lat_hist_bin_ns = 10
stat.node.5.llc.miss_lat_hist = [0,0,0,0,0,0,0,0,0,0,0,0,0,0,0,0,0,0,0,0,0,0,0,0,0,0,0,19,76,77,9,76,85,50,100,8]
stat.node.5.util.dram_avg = 2.05048e-05
stat.node.5.walltime_s = 384.003
stat.node.5.active_time_s = 27.2586
stat.node.7.cpu.0.load_issue_to_complete_count = 499
stat.node.7.cpu.0.avg_load_issue_to_complete_lat = 996.826
stat.node.7.injector.phase_cycles = 499839
stat.node.7.injector.request_bytes = 163584
stat.node.7.injector.response_bytes = 145344
stat.node.7.injector.aggregate_bytes = 308928
stat.node.7.injector.request_gbps = 6.28365
stat.node.7.injector.response_gbps = 5.58301
stat.node.7.injector.aggregate_gbps = 11.8667
stat.node.7.llc.cxl_miss = 500
stat.node.7.llc.total_miss = 500
stat.node.7.llc.avg_miss_lat = 762.192
stat.node.7.llc.avg_cxl_lat = 762.192
stat.node.7.llc.miss_lat_hist_bin_ns = 10
stat.node.7.llc.miss_lat_hist = [0,0,0,0,0,0,0,0,0,0,0,0,0,0,0,0,0,0,0,0,0,0,0,0,0,0,2,57,91,26,0,1,97,89,133,4]
stat.node.7.util.dram_avg = 2.04933e-05
stat.node.7.walltime_s = 384.083
stat.node.7.active_time_s = 18.7921
stat.node.4.cpu.0.load_issue_to_complete_count = 499
stat.node.4.cpu.0.avg_load_issue_to_complete_lat = 1017.49
stat.node.4.injector.phase_cycles = 509991
stat.node.4.injector.request_bytes = 166896
stat.node.4.injector.response_bytes = 148288
stat.node.4.injector.aggregate_bytes = 315184
stat.node.4.injector.request_gbps = 6.28325
stat.node.4.injector.response_gbps = 5.58271
stat.node.4.injector.aggregate_gbps = 11.866
stat.node.4.llc.cxl_miss = 500
stat.node.4.llc.total_miss = 500
stat.node.4.llc.avg_miss_lat = 779.762
stat.node.4.llc.avg_cxl_lat = 779.762
stat.node.4.llc.miss_lat_hist_bin_ns = 10
stat.node.4.llc.miss_lat_hist = [0,0,0,0,0,0,0,0,0,0,0,0,0,0,0,0,0,0,0,0,0,0,0,0,0,0,20,98,19,1,0,0,0,24,301,30,7]
stat.node.4.util.dram_avg = 2.00963e-05
stat.node.4.walltime_s = 385.56
stat.node.4.active_time_s = 17.9664
stat.node.2.cpu.0.load_issue_to_complete_count = 499
stat.node.2.cpu.0.avg_load_issue_to_complete_lat = 1022.85
stat.node.2.injector.phase_cycles = 512684
stat.node.2.injector.request_bytes = 167760
stat.node.2.injector.response_bytes = 149184
stat.node.2.injector.aggregate_bytes = 316944
stat.node.2.injector.request_gbps = 6.28261
stat.node.2.injector.response_gbps = 5.58694
stat.node.2.injector.aggregate_gbps = 11.8695
stat.node.2.llc.cxl_miss = 500
stat.node.2.llc.total_miss = 500
stat.node.2.llc.avg_miss_lat = 785.082
stat.node.2.llc.avg_cxl_lat = 785.082
stat.node.2.llc.miss_lat_hist_bin_ns = 10
stat.node.2.llc.miss_lat_hist = [0,0,0,0,0,0,0,0,0,0,0,0,0,0,0,0,0,0,0,0,0,0,0,0,0,0,6,93,27,0,0,0,0,8,312,54]
stat.node.2.util.dram_avg = 1.99781e-05
stat.node.2.walltime_s = 386.092
stat.node.2.active_time_s = 15.8123
stat.pool.101.util.mem_avg = 0.234995
stat.pool.101.util.req_link_avg = 0.978667
stat.pool.101.walltime_s = 386.06
stat.pool.101.active_time_s = 0.567759
stat.pool.100.util.mem_avg = 0.234996
stat.pool.100.util.req_link_avg = 0.978667
stat.pool.100.walltime_s = 386.06
stat.pool.100.active_time_s = 0.612766
stat.switch.replicated_messages = 87344
stat.switch.util.node_ingress_avg = 0.131112
stat.switch.util.pool_ingress_avg = 0.56015
stat.switch.bw.host_to_switch_gbps = 6.44505
stat.switch.bw.switch_to_host_gbps = 6.88319
stat.switch.bw.host_link_total_gbps = 13.3282
stat.switch.walltime_s = 386.06
stat.switch.active_time_s = 2.27159
Simulation is complete, simulated time: 500.949 us
