stat.node.2.cpu.0.retired = 776
stat.node.2.cpu.0.cycles = 1000000
stat.node.3.cpu.0.retired = 780
stat.node.3.cpu.0.cycles = 1000000
stat.node.4.cpu.0.retired = 776
stat.node.4.cpu.0.cycles = 1000000
stat.node.5.cpu.0.retired = 781
stat.node.5.cpu.0.cycles = 1000000
stat.node.6.cpu.0.retired = 781
stat.node.6.cpu.0.cycles = 1000000
stat.node.7.cpu.0.retired = 780
stat.node.7.cpu.0.cycles = 1000000
stat.node.0.cpu.0.retired = 781
stat.node.0.cpu.0.cycles = 1000000
stat.node.1.cpu.0.retired = 781
stat.node.1.cpu.0.cycles = 1000000
stat.node.4.cpu.0.retired = 1791
stat.node.4.cpu.0.cycles = 2000000
stat.node.5.cpu.0.retired = 1798
stat.node.5.cpu.0.cycles = 2000000
stat.node.6.cpu.0.retired = 1802
stat.node.6.cpu.0.cycles = 2000000
stat.node.1.cpu.0.retired = 1805
stat.node.1.cpu.0.cycles = 2000000
stat.node.7.cpu.0.retired = 1799
stat.node.7.cpu.0.cycles = 2000000
stat.node.0.cpu.0.retired = 1798
stat.node.0.cpu.0.cycles = 2000000
stat.node.2.cpu.0.retired = 1795
stat.node.2.cpu.0.cycles = 2000000
stat.node.3.cpu.0.retired = 1805
stat.node.3.cpu.0.cycles = 2000000
stat.node.3.cpu.0.retired = 2842
stat.node.3.cpu.0.cycles = 3000000
stat.node.1.cpu.0.retired = 2844
stat.node.1.cpu.0.cycles = 3000000
stat.node.7.cpu.0.retired = 2827
stat.node.7.cpu.0.cycles = 3000000
stat.node.0.cpu.0.retired = 2825
stat.node.0.cpu.0.cycles = 3000000
stat.node.2.cpu.0.retired = 2820
stat.node.2.cpu.0.cycles = 3000000
stat.node.6.cpu.0.retired = 2839
stat.node.6.cpu.0.cycles = 3000000
stat.node.4.cpu.0.retired = 2812
stat.node.4.cpu.0.cycles = 3000000
stat.node.5.cpu.0.retired = 2825
stat.node.5.cpu.0.cycles = 3000000
stat.node.4.cpu.0.retired = 3734
stat.node.4.cpu.0.cycles = 4000000
stat.node.5.cpu.0.retired = 3781
stat.node.5.cpu.0.cycles = 4000000
stat.node.3.cpu.0.retired = 3793
stat.node.3.cpu.0.cycles = 4000000
stat.node.1.cpu.0.retired = 3796
stat.node.1.cpu.0.cycles = 4000000
stat.node.7.cpu.0.retired = 3775
stat.node.7.cpu.0.cycles = 4000000
stat.node.0.cpu.0.retired = 3779
stat.node.0.cpu.0.cycles = 4000000
stat.node.2.cpu.0.retired = 3747
stat.node.2.cpu.0.cycles = 4000000
stat.node.6.cpu.0.retired = 3793
stat.node.6.cpu.0.cycles = 4000000
stat.node.1.cpu.0.retired = 4677
stat.node.1.cpu.0.cycles = 5000000
stat.node.7.cpu.0.retired = 4649
stat.node.7.cpu.0.cycles = 5000000
stat.node.0.cpu.0.retired = 4658
stat.node.0.cpu.0.cycles = 5000000
stat.node.2.cpu.0.retired = 4616
stat.node.2.cpu.0.cycles = 5000000
stat.node.4.cpu.0.retired = 4606
stat.node.4.cpu.0.cycles = 5000000
stat.node.6.cpu.0.retired = 4678
stat.node.6.cpu.0.cycles = 5000000
stat.node.5.cpu.0.retired = 4657
stat.node.5.cpu.0.cycles = 5000000
stat.node.3.cpu.0.retired = 4675
stat.node.3.cpu.0.cycles = 5000000
stat.node.1.cpu.0.load_issue_to_complete_count = 3999
stat.node.1.cpu.0.avg_load_issue_to_complete_lat = 1036.95
stat.node.1.injector.phase_cycles = 4151826
stat.node.1.injector.request_bytes = 1363920
stat.node.1.injector.response_bytes = 839296
stat.node.1.injector.aggregate_bytes = 2203216
stat.node.1.injector.request_gbps = 6.30741
stat.node.1.injector.response_gbps = 3.8813
stat.node.1.injector.aggregate_gbps = 10.1887
stat.node.1.llc.cxl_miss = 4000
stat.node.1.llc.total_miss = 4000
stat.node.1.llc.avg_miss_lat = 928.572
stat.node.1.llc.avg_cxl_lat = 928.572
stat.node.1.llc.miss_lat_hist_bin_ns = 10
stat.node.1.llc.miss_lat_hist = [0,0,0,0,0,0,0,0,0,0,0,0,0,0,0,0,0,0,0,0,0,0,0,0,0,0,0,0,1,1,32,134,180,619,203,179,301,377,157,152,225,428,402,173,77,42,45,26,36,52,68,55,26,9]
stat.node.1.util.dram_avg = 4.46978e-06
stat.node.1.walltime_s = 52.0707
stat.node.1.active_time_s = 29.4615
stat.node.6.cpu.0.load_issue_to_complete_count = 3999
stat.node.6.cpu.0.avg_load_issue_to_complete_lat = 1038.12
stat.node.6.injector.phase_cycles = 4156524
stat.node.6.injector.request_bytes = 1365456
stat.node.6.injector.response_bytes = 840192
stat.node.6.injector.aggregate_bytes = 2205648
stat.node.6.injector.request_gbps = 6.30737
stat.node.6.injector.response_gbps = 3.88105
stat.node.6.injector.aggregate_gbps = 10.1884
stat.node.6.llc.cxl_miss = 4000
stat.node.6.llc.total_miss = 4000
stat.node.6.llc.avg_miss_lat = 929.783
stat.node.6.llc.avg_cxl_lat = 929.783
stat.node.6.llc.miss_lat_hist_bin_ns = 10
stat.node.6.llc.miss_lat_hist = [0,0,0,0,0,0,0,0,0,0,0,0,0,0,0,0,0,0,0,0,0,0,0,0,0,0,0,0,1,3,11,38,155,756,192,165,282,421,233,126,200,436,300,235,100,51,45,31,35,36,58,57,23,7,3]
stat.node.6.util.dram_avg = 4.46674e-06
stat.node.6.walltime_s = 52.1055
stat.node.6.active_time_s = 29.8695
stat.node.3.cpu.0.load_issue_to_complete_count = 3999
stat.node.3.cpu.0.avg_load_issue_to_complete_lat = 1038.42
stat.node.3.injector.phase_cycles = 4157685
stat.node.3.injector.request_bytes = 1365800
stat.node.3.injector.response_bytes = 840448
stat.node.3.injector.aggregate_bytes = 2206248
stat.node.3.injector.request_gbps = 6.3072
stat.node.3.injector.response_gbps = 3.88115
stat.node.3.injector.aggregate_gbps = 10.1884
stat.node.3.llc.cxl_miss = 4000
stat.node.3.llc.total_miss = 4000
stat.node.3.llc.avg_miss_lat = 930.082
stat.node.3.llc.avg_cxl_lat = 930.082
stat.node.3.llc.miss_lat_hist_bin_ns = 10
stat.node.3.llc.miss_lat_hist = [0,0,0,0,0,0,0,0,0,0,0,0,0,0,0,0,0,0,0,0,0,0,0,0,0,0,0,0,0,13,28,44,233,661,200,147,276,425,199,118,204,414,346,235,102,44,38,27,31,45,75,63,22,10]
stat.node.3.util.dram_avg = 4.46473e-06
stat.node.3.walltime_s = 52.1287
stat.node.3.active_time_s = 29.7105
stat.node.0.cpu.0.load_issue_to_complete_count = 3999
stat.node.0.cpu.0.avg_load_issue_to_complete_lat = 1044.42
stat.node.0.injector.phase_cycles = 4181681
stat.node.0.injector.request_bytes = 1373704
stat.node.0.injector.response_bytes = 845312
stat.node.0.injector.aggregate_bytes = 2219016
stat.node.0.injector.request_gbps = 6.3073
stat.node.0.injector.response_gbps = 3.88121
stat.node.0.injector.aggregate_gbps = 10.1885
stat.node.0.llc.cxl_miss = 4000
stat.node.0.llc.total_miss = 4000
stat.node.0.llc.avg_miss_lat = 936.095
stat.node.0.llc.avg_cxl_lat = 936.095
stat.node.0.llc.miss_lat_hist_bin_ns = 10
stat.node.0.llc.miss_lat_hist = [0,0,0,0,0,0,0,0,0,0,0,0,0,0,0,0,0,0,0,0,0,0,0,0,0,0,0,0,2,8,24,22,144,594,224,175,402,384,193,178,218,436,292,176,114,57,46,39,38,54,90,59,23,7,1]
stat.node.0.util.dram_avg = 4.44541e-06
stat.node.0.walltime_s = 52.3504
stat.node.0.active_time_s = 30.1489
stat.node.5.cpu.0.load_issue_to_complete_count = 3999
stat.node.5.cpu.0.avg_load_issue_to_complete_lat = 1045.45
stat.node.5.injector.phase_cycles = 4185817
stat.node.5.injector.request_bytes = 1375088
stat.node.5.injector.response_bytes = 846144
stat.node.5.injector.aggregate_bytes = 2221232
stat.node.5.injector.request_gbps = 6.30742
stat.node.5.injector.response_gbps = 3.88119
stat.node.5.injector.aggregate_gbps = 10.1886
stat.node.5.llc.cxl_miss = 4000
stat.node.5.llc.total_miss = 4000
stat.node.5.llc.avg_miss_lat = 937.054
stat.node.5.llc.avg_cxl_lat = 937.054
stat.node.5.llc.miss_lat_hist_bin_ns = 10
stat.node.5.llc.miss_lat_hist = [0,0,0,0,0,0,0,0,0,0,0,0,0,0,0,0,0,0,0,0,0,0,0,0,0,0,0,0,1,13,19,37,132,604,179,377,279,372,102,166,246,463,304,135,108,62,47,48,54,57,80,80,29,5,0,1]
stat.node.5.util.dram_avg = 4.44166e-06
stat.node.5.walltime_s = 52.3938
stat.node.5.active_time_s = 29.8028
stat.node.7.cpu.0.load_issue_to_complete_count = 3999
stat.node.7.cpu.0.avg_load_issue_to_complete_lat = 1046.76
stat.node.7.injector.phase_cycles = 4191032
stat.node.7.injector.request_bytes = 1376824
stat.node.7.injector.response_bytes = 847232
stat.node.7.injector.aggregate_bytes = 2224056
stat.node.7.injector.request_gbps = 6.30752
stat.node.7.injector.response_gbps = 3.88135
stat.node.7.injector.aggregate_gbps = 10.1889
stat.node.7.llc.cxl_miss = 4000
stat.node.7.llc.total_miss = 4000
stat.node.7.llc.avg_miss_lat = 938.388
stat.node.7.llc.avg_cxl_lat = 938.388
stat.node.7.llc.miss_lat_hist_bin_ns = 10
stat.node.7.llc.miss_lat_hist = [0,0,0,0,0,0,0,0,0,0,0,0,0,0,0,0,0,0,0,0,0,0,0,0,0,0,1,0,0,17,24,50,161,569,268,217,286,373,91,69,322,529,330,122,100,71,51,56,51,56,82,64,26,11,1,2]
stat.node.7.util.dram_avg = 4.43686e-06
stat.node.7.walltime_s = 52.4495
stat.node.7.active_time_s = 30.0452
stat.node.2.cpu.0.load_issue_to_complete_count = 3999
stat.node.2.cpu.0.avg_load_issue_to_complete_lat = 1055.62
stat.node.2.injector.phase_cycles = 4226473
stat.node.2.injector.request_bytes = 1388400
stat.node.2.injector.response_bytes = 854336
stat.node.2.injector.aggregate_bytes = 2242736
stat.node.2.injector.request_gbps = 6.30722
stat.node.2.injector.response_gbps = 3.88107
stat.node.2.injector.aggregate_gbps = 10.1883
stat.node.2.llc.cxl_miss = 4000
stat.node.2.llc.total_miss = 4000
stat.node.2.llc.avg_miss_lat = 947.188
stat.node.2.llc.avg_cxl_lat = 947.188
stat.node.2.llc.miss_lat_hist_bin_ns = 10
stat.node.2.llc.miss_lat_hist = [0,0,0,0,0,0,0,0,0,0,0,0,0,0,0,0,0,0,0,0,0,0,0,0,0,0,0,0,0,34,32,50,153,638,145,61,228,461,127,31,135,713,450,154,110,65,47,40,53,57,89,84,32,10,1]
stat.node.2.util.dram_avg = 4.40439e-06
stat.node.2.walltime_s = 52.8284
stat.node.2.active_time_s = 30.2051
stat.pool.101.util.mem_avg = 0.217687
stat.pool.101.util.req_link_avg = 0.999127
stat.pool.101.walltime_s = 52.955
stat.pool.101.active_time_s = 0.892765
stat.pool.100.util.mem_avg = 0.217671
stat.pool.100.util.req_link_avg = 0.999114
stat.pool.100.walltime_s = 52.955
stat.pool.100.active_time_s = 0.951805
stat.switch.replicated_messages = 414076
stat.switch.util.node_ingress_avg = 0.131357
stat.switch.util.pool_ingress_avg = 0.413015
stat.switch.bw.host_to_switch_gbps = 6.45654
stat.switch.bw.switch_to_host_gbps = 5.07507
stat.switch.bw.host_link_total_gbps = 11.5316
stat.switch.walltime_s = 52.955
stat.switch.active_time_s = 3.64953
stat.node.4.cpu.0.load_issue_to_complete_count = 3999
stat.node.4.cpu.0.avg_load_issue_to_complete_lat = 1058.95
stat.node.4.injector.phase_cycles = 4239785
stat.node.4.injector.request_bytes = 1392840
stat.node.4.injector.response_bytes = 857088
stat.node.4.injector.aggregate_bytes = 2249928
stat.node.4.injector.request_gbps = 6.30752
stat.node.4.injector.response_gbps = 3.88135
stat.node.4.injector.aggregate_gbps = 10.1889
stat.node.4.llc.cxl_miss = 4000
stat.node.4.llc.total_miss = 4000
stat.node.4.llc.avg_miss_lat = 950.6
stat.node.4.llc.avg_cxl_lat = 950.6
stat.node.4.llc.miss_lat_hist_bin_ns = 10
stat.node.4.llc.miss_lat_hist = [0,0,0,0,0,0,0,0,0,0,0,0,0,0,0,0,0,0,0,0,0,0,0,0,0,0,0,0,1,33,29,44,153,630,88,48,162,522,176,42,143,641,581,109,105,82,57,47,34,56,95,79,32,8,2,0,0,1]
stat.node.4.util.dram_avg = 4.39365e-06
stat.node.4.walltime_s = 52.9549
stat.node.4.active_time_s = 30.3776
Simulation is complete, simulated time: 2.27783 ms
