stat.node.0.cpu.0.retired = 802
stat.node.0.cpu.0.cycles = 1000000
stat.node.2.cpu.0.retired = 802
stat.node.2.cpu.0.cycles = 1000000
stat.node.4.cpu.0.retired = 804
stat.node.4.cpu.0.cycles = 1000000
stat.node.6.cpu.0.retired = 803
stat.node.6.cpu.0.cycles = 1000000
stat.node.7.cpu.0.retired = 803
stat.node.7.cpu.0.cycles = 1000000
stat.node.1.cpu.0.retired = 802
stat.node.1.cpu.0.cycles = 1000000
stat.node.3.cpu.0.retired = 801
stat.node.3.cpu.0.cycles = 1000000
stat.node.5.cpu.0.retired = 803
stat.node.5.cpu.0.cycles = 1000000
stat.node.1.cpu.0.retired = 1838
stat.node.1.cpu.0.cycles = 2000000
stat.node.2.cpu.0.retired = 1838
stat.node.2.cpu.0.cycles = 2000000
stat.node.3.cpu.0.retired = 1836
stat.node.3.cpu.0.cycles = 2000000
stat.node.4.cpu.0.retired = 1843
stat.node.4.cpu.0.cycles = 2000000
stat.node.6.cpu.0.retired = 1839
stat.node.6.cpu.0.cycles = 2000000
stat.node.5.cpu.0.retired = 1840
stat.node.5.cpu.0.cycles = 2000000
stat.node.7.cpu.0.retired = 1839
stat.node.7.cpu.0.cycles = 2000000
stat.node.0.cpu.0.retired = 1838
stat.node.0.cpu.0.cycles = 2000000
stat.node.4.cpu.0.load_issue_to_complete_count = 1499
stat.node.4.cpu.0.avg_load_issue_to_complete_lat = 974.62
stat.node.4.injector.phase_cycles = 1464276
stat.node.4.injector.request_bytes = 456256
stat.node.4.injector.response_bytes = 0
stat.node.4.injector.aggregate_bytes = 456256
stat.node.4.injector.request_gbps = 5.98256
stat.node.4.injector.response_gbps = 0
stat.node.4.injector.aggregate_gbps = 5.98256
stat.node.4.llc.cxl_miss = 1500
stat.node.4.llc.total_miss = 1500
stat.node.4.llc.avg_miss_lat = 791.577
stat.node.4.llc.avg_cxl_lat = 791.577
stat.node.4.llc.miss_lat_hist_bin_ns = 10
stat.node.4.llc.miss_lat_hist = [0,0,0,0,0,0,0,0,0,0,0,0,0,0,0,0,0,0,0,0,0,0,0,0,0,0,0,0,0,0,12,225,784,293,36,2,1,6,91,48,2]
stat.node.4.util.dram_avg = 1.11641e-05
stat.node.4.walltime_s = 1556.57
stat.node.4.active_time_s = 35.5193
stat.node.5.cpu.0.load_issue_to_complete_count = 1499
stat.node.5.cpu.0.avg_load_issue_to_complete_lat = 976.416
stat.node.5.injector.phase_cycles = 1466994
stat.node.5.injector.request_bytes = 457152
stat.node.5.injector.response_bytes = 0
stat.node.5.injector.aggregate_bytes = 457152
stat.node.5.injector.request_gbps = 5.9832
stat.node.5.injector.response_gbps = 0
stat.node.5.injector.aggregate_gbps = 5.9832
stat.node.5.llc.cxl_miss = 1500
stat.node.5.llc.total_miss = 1500
stat.node.5.llc.avg_miss_lat = 793.146
stat.node.5.llc.avg_cxl_lat = 793.146
stat.node.5.llc.miss_lat_hist_bin_ns = 10
stat.node.5.llc.miss_lat_hist = [0,0,0,0,0,0,0,0,0,0,0,0,0,0,0,0,0,0,0,0,0,0,0,0,0,0,0,0,0,0,5,99,923,160,131,25,46,99,12]
stat.node.5.util.dram_avg = 1.11478e-05
stat.node.5.walltime_s = 1557.81
stat.node.5.active_time_s = 45.6096
stat.node.6.cpu.0.load_issue_to_complete_count = 1499
stat.node.6.cpu.0.avg_load_issue_to_complete_lat = 976.865
stat.node.6.injector.phase_cycles = 1467669
stat.node.6.injector.request_bytes = 457344
stat.node.6.injector.response_bytes = 0
stat.node.6.injector.aggregate_bytes = 457344
stat.node.6.injector.request_gbps = 5.98296
stat.node.6.injector.response_gbps = 0
stat.node.6.injector.aggregate_gbps = 5.98296
stat.node.6.llc.cxl_miss = 1500
stat.node.6.llc.total_miss = 1500
stat.node.6.llc.avg_miss_lat = 794.061
stat.node.6.llc.avg_cxl_lat = 794.061
stat.node.6.llc.miss_lat_hist_bin_ns = 10
stat.node.6.llc.miss_lat_hist = [0,0,0,0,0,0,0,0,0,0,0,0,0,0,0,0,0,0,0,0,0,0,0,0,0,0,0,0,0,0,32,148,729,252,53,138,118,25,5]
stat.node.6.util.dram_avg = 1.11424e-05
stat.node.6.walltime_s = 1557.96
stat.node.6.active_time_s = 35.4634
stat.node.7.cpu.0.load_issue_to_complete_count = 1499
stat.node.7.cpu.0.avg_load_issue_to_complete_lat = 976.674
stat.node.7.injector.phase_cycles = 1467359
stat.node.7.injector.request_bytes = 457216
stat.node.7.injector.response_bytes = 0
stat.node.7.injector.aggregate_bytes = 457216
stat.node.7.injector.request_gbps = 5.98255
stat.node.7.injector.response_gbps = 0
stat.node.7.injector.aggregate_gbps = 5.98255
stat.node.7.llc.cxl_miss = 1500
stat.node.7.llc.total_miss = 1500
stat.node.7.llc.avg_miss_lat = 794.031
stat.node.7.llc.avg_cxl_lat = 794.031
stat.node.7.llc.miss_lat_hist_bin_ns = 10
stat.node.7.llc.miss_lat_hist = [0,0,0,0,0,0,0,0,0,0,0,0,0,0,0,0,0,0,0,0,0,0,0,0,0,0,0,0,0,0,3,212,678,378,65,2,0,79,80,3]
stat.node.7.util.dram_avg = 1.11416e-05
stat.node.7.walltime_s = 1558
stat.node.7.active_time_s = 48.8804
stat.node.0.cpu.0.load_issue_to_complete_count = 1499
stat.node.0.cpu.0.avg_load_issue_to_complete_lat = 976.473
stat.node.0.injector.phase_cycles = 1467054
stat.node.0.injector.request_bytes = 457152
stat.node.0.injector.response_bytes = 0
stat.node.0.injector.aggregate_bytes = 457152
stat.node.0.injector.request_gbps = 5.98296
stat.node.0.injector.response_gbps = 0
stat.node.0.injector.aggregate_gbps = 5.98296
stat.node.0.llc.cxl_miss = 1500
stat.node.0.llc.total_miss = 1500
stat.node.0.llc.avg_miss_lat = 792.981
stat.node.0.llc.avg_cxl_lat = 792.981
stat.node.0.llc.miss_lat_hist_bin_ns = 10
stat.node.0.llc.miss_lat_hist = [0,0,0,0,0,0,0,0,0,0,0,0,0,0,0,0,0,0,0,0,0,0,0,0,0,0,0,0,0,2,20,138,829,183,39,142,127,11,8,1]
stat.node.0.util.dram_avg = 1.11401e-05
stat.node.0.walltime_s = 1558.05
stat.node.0.active_time_s = 34.7871
stat.node.1.cpu.0.load_issue_to_complete_count = 1499
stat.node.1.cpu.0.avg_load_issue_to_complete_lat = 976.696
stat.node.1.injector.phase_cycles = 1467412
stat.node.1.injector.request_bytes = 457216
stat.node.1.injector.response_bytes = 0
stat.node.1.injector.aggregate_bytes = 457216
stat.node.1.injector.request_gbps = 5.98233
stat.node.1.injector.response_gbps = 0
stat.node.1.injector.aggregate_gbps = 5.98233
stat.node.1.llc.cxl_miss = 1500
stat.node.1.llc.total_miss = 1500
stat.node.1.llc.avg_miss_lat = 793.685
stat.node.1.llc.avg_cxl_lat = 793.685
stat.node.1.llc.miss_lat_hist_bin_ns = 10
stat.node.1.llc.miss_lat_hist = [0,0,0,0,0,0,0,0,0,0,0,0,0,0,0,0,0,0,0,0,0,0,0,0,0,0,0,0,0,0,0,82,944,230,65,26,39,47,65,2]
stat.node.1.util.dram_avg = 1.11373e-05
stat.node.1.walltime_s = 1558.21
stat.node.1.active_time_s = 46.0902
stat.node.2.cpu.0.load_issue_to_complete_count = 1499
stat.node.2.cpu.0.avg_load_issue_to_complete_lat = 976.662
stat.node.2.injector.phase_cycles = 1467363
stat.node.2.injector.request_bytes = 457216
stat.node.2.injector.response_bytes = 0
stat.node.2.injector.aggregate_bytes = 457216
stat.node.2.injector.request_gbps = 5.98253
stat.node.2.injector.response_gbps = 0
stat.node.2.injector.aggregate_gbps = 5.98253
stat.node.2.llc.cxl_miss = 1500
stat.node.2.llc.total_miss = 1500
stat.node.2.llc.avg_miss_lat = 793.653
stat.node.2.llc.avg_cxl_lat = 793.653
stat.node.2.llc.miss_lat_hist_bin_ns = 10
stat.node.2.llc.miss_lat_hist = [0,0,0,0,0,0,0,0,0,0,0,0,0,0,0,0,0,0,0,0,0,0,0,0,0,0,0,0,0,0,2,109,1026,153,43,4,1,14,83,65]
stat.node.2.util.dram_avg = 1.11365e-05
stat.node.2.walltime_s = 1558.9
stat.node.2.active_time_s = 44.0685
stat.node.3.cpu.0.load_issue_to_complete_count = 1499
stat.node.3.cpu.0.avg_load_issue_to_complete_lat = 977.48
stat.node.3.injector.phase_cycles = 1468588
stat.node.3.injector.request_bytes = 457600
stat.node.3.injector.response_bytes = 0
stat.node.3.injector.aggregate_bytes = 457600
stat.node.3.injector.request_gbps = 5.98256
stat.node.3.injector.response_gbps = 0
stat.node.3.injector.aggregate_gbps = 5.98256
stat.node.3.llc.cxl_miss = 1500
stat.node.3.llc.total_miss = 1500
stat.node.3.llc.avg_miss_lat = 794.49
stat.node.3.llc.avg_cxl_lat = 794.49
stat.node.3.llc.miss_lat_hist_bin_ns = 10
stat.node.3.llc.miss_lat_hist = [0,0,0,0,0,0,0,0,0,0,0,0,0,0,0,0,0,0,0,0,0,0,0,0,0,0,0,0,0,0,1,119,879,173,148,18,17,131,14]
stat.node.3.util.dram_avg = 1.11291e-05
stat.node.3.walltime_s = 1559.47
stat.node.3.active_time_s = 33.8062
stat.pool.100.util.mem_avg = 0.189325
stat.pool.100.util.req_link_avg = 0.999729
stat.pool.100.walltime_s = 1559.46
stat.pool.100.active_time_s = 1.62969
stat.switch.replicated_messages = 0
stat.switch.util.node_ingress_avg = 0.124986
stat.switch.util.pool_ingress_avg = 0.209826
stat.switch.bw.host_to_switch_gbps = 6.14362
stat.switch.bw.switch_to_host_gbps = 1.28912
stat.switch.bw.host_link_total_gbps = 7.43274
stat.switch.walltime_s = 1559.46
stat.switch.active_time_s = 5.22275
Simulation is complete, simulated time: 899.265 us
