stat.node.2.cpu.0.retired = 762
stat.node.2.cpu.0.cycles = 1000000
stat.node.3.cpu.0.retired = 807
stat.node.3.cpu.0.cycles = 1000000
stat.node.4.cpu.0.retired = 776
stat.node.4.cpu.0.cycles = 1000000
stat.node.5.cpu.0.retired = 807
stat.node.5.cpu.0.cycles = 1000000
stat.node.6.cpu.0.retired = 807
stat.node.6.cpu.0.cycles = 1000000
stat.node.7.cpu.0.retired = 809
stat.node.0.cpu.0.retired = 806
stat.node.0.cpu.0.cycles = 1000000
stat.node.1.cpu.0.retired = 808
stat.node.1.cpu.0.cycles = 1000000
stat.node.7.cpu.0.cycles = 1000000
stat.node.2.cpu.0.retired = 1763
stat.node.2.cpu.0.cycles = 2000000
stat.node.3.cpu.0.retired = 1852
stat.node.3.cpu.0.cycles = 2000000
stat.node.4.cpu.0.retired = 1792
stat.node.4.cpu.0.cycles = 2000000
stat.node.5.cpu.0.retired = 1852
stat.node.5.cpu.0.cycles = 2000000
stat.node.6.cpu.0.retired = 1851
stat.node.6.cpu.0.cycles = 2000000
stat.node.7.cpu.0.retired = 1853
stat.node.1.cpu.0.retired = 1852
stat.node.1.cpu.0.cycles = 2000000
stat.node.0.cpu.0.retired = 1850
stat.node.0.cpu.0.cycles = 2000000
stat.node.7.cpu.0.cycles = 2000000
stat.node.7.cpu.0.load_issue_to_complete_count = 1499
stat.node.7.cpu.0.avg_load_issue_to_complete_lat = 970.688
stat.node.7.injector.phase_cycles = 1458335
stat.node.7.injector.request_bytes = 480384
stat.node.7.injector.response_bytes = 426944
stat.node.7.injector.aggregate_bytes = 907328
stat.node.7.injector.request_gbps = 6.32459
stat.node.7.injector.response_gbps = 5.62102
stat.node.7.injector.aggregate_gbps = 11.9456
stat.node.7.llc.cxl_miss = 1500
stat.node.7.llc.total_miss = 1500
stat.node.7.llc.avg_miss_lat = 787.505
stat.node.7.llc.avg_cxl_lat = 787.505
stat.node.7.llc.miss_lat_hist_bin_ns = 10
stat.node.7.llc.miss_lat_hist = [0,0,0,0,0,0,0,0,0,0,0,0,0,0,0,0,0,0,0,0,0,0,0,0,0,0,0,163,105,31,0,0,7,690,476,28]
stat.node.7.util.dram_avg = 1.12308e-05
stat.node.7.walltime_s = 669.983
stat.node.7.active_time_s = 29.0627
stat.node.3.cpu.0.load_issue_to_complete_count = 1499
stat.node.3.cpu.0.avg_load_issue_to_complete_lat = 970.617
stat.node.3.injector.phase_cycles = 1458420
stat.node.3.injector.request_bytes = 480392
stat.node.3.injector.response_bytes = 427008
stat.node.3.injector.aggregate_bytes = 907400
stat.node.3.injector.request_gbps = 6.32433
stat.node.3.injector.response_gbps = 5.62153
stat.node.3.injector.aggregate_gbps = 11.9459
stat.node.3.llc.cxl_miss = 1500
stat.node.3.llc.total_miss = 1500
stat.node.3.llc.avg_miss_lat = 787.756
stat.node.3.llc.avg_cxl_lat = 787.756
stat.node.3.llc.miss_lat_hist_bin_ns = 10
stat.node.3.llc.miss_lat_hist = [0,0,0,0,0,0,0,0,0,0,0,0,0,0,0,0,0,0,0,0,0,0,0,0,0,0,0,0,9,217,137,130,87,398,489,33]
stat.node.3.util.dram_avg = 1.12244e-05
stat.node.3.walltime_s = 670.112
stat.node.3.active_time_s = 38.9766
stat.node.5.cpu.0.load_issue_to_complete_count = 1499
stat.node.5.cpu.0.avg_load_issue_to_complete_lat = 970.724
stat.node.5.injector.phase_cycles = 1458580
stat.node.5.injector.request_bytes = 480392
stat.node.5.injector.response_bytes = 427072
stat.node.5.injector.aggregate_bytes = 907464
stat.node.5.injector.request_gbps = 6.32363
stat.node.5.injector.response_gbps = 5.62176
stat.node.5.injector.aggregate_gbps = 11.9454
stat.node.5.llc.cxl_miss = 1500
stat.node.5.llc.total_miss = 1500
stat.node.5.llc.avg_miss_lat = 787.863
stat.node.5.llc.avg_cxl_lat = 787.863
stat.node.5.llc.miss_lat_hist_bin_ns = 10
stat.node.5.llc.miss_lat_hist = [0,0,0,0,0,0,0,0,0,0,0,0,0,0,0,0,0,0,0,0,0,0,0,0,0,0,0,0,111,142,43,1,300,398,467,38]
stat.node.5.util.dram_avg = 1.12236e-05
stat.node.5.walltime_s = 670.143
stat.node.5.active_time_s = 43.345
stat.node.6.cpu.0.load_issue_to_complete_count = 1499
stat.node.6.cpu.0.avg_load_issue_to_complete_lat = 971.219
stat.node.6.injector.phase_cycles = 1459105
stat.node.6.injector.request_bytes = 480608
stat.node.6.injector.response_bytes = 427200
stat.node.6.injector.aggregate_bytes = 907808
stat.node.6.injector.request_gbps = 6.3242
stat.node.6.injector.response_gbps = 5.62142
stat.node.6.injector.aggregate_gbps = 11.9456
stat.node.6.llc.cxl_miss = 1500
stat.node.6.llc.total_miss = 1500
stat.node.6.llc.avg_miss_lat = 788.129
stat.node.6.llc.avg_cxl_lat = 788.129
stat.node.6.llc.miss_lat_hist_bin_ns = 10
stat.node.6.llc.miss_lat_hist = [0,0,0,0,0,0,0,0,0,0,0,0,0,0,0,0,0,0,0,0,0,0,0,0,0,0,0,1,2,51,327,183,26,390,482,38]
stat.node.6.util.dram_avg = 1.1222e-05
stat.node.6.walltime_s = 670.178
stat.node.6.active_time_s = 41.2659
stat.node.1.cpu.0.load_issue_to_complete_count = 1499
stat.node.1.cpu.0.avg_load_issue_to_complete_lat = 971.767
stat.node.1.injector.phase_cycles = 1460145
stat.node.1.injector.request_bytes = 480968
stat.node.1.injector.response_bytes = 427520
stat.node.1.injector.aggregate_bytes = 908488
stat.node.1.injector.request_gbps = 6.32443
stat.node.1.injector.response_gbps = 5.62162
stat.node.1.injector.aggregate_gbps = 11.9461
stat.node.1.llc.cxl_miss = 1500
stat.node.1.llc.total_miss = 1500
stat.node.1.llc.avg_miss_lat = 788.407
stat.node.1.llc.avg_cxl_lat = 788.407
stat.node.1.llc.miss_lat_hist_bin_ns = 10
stat.node.1.llc.miss_lat_hist = [0,0,0,0,0,0,0,0,0,0,0,0,0,0,0,0,0,0,0,0,0,0,0,0,0,0,0,1,143,88,116,79,41,472,526,34]
stat.node.1.util.dram_avg = 1.12211e-05
stat.node.1.walltime_s = 670.206
stat.node.1.active_time_s = 46.4023
stat.node.0.cpu.0.load_issue_to_complete_count = 1499
stat.node.0.cpu.0.avg_load_issue_to_complete_lat = 972.44
stat.node.0.injector.phase_cycles = 1461066
stat.node.0.injector.request_bytes = 481248
stat.node.0.injector.response_bytes = 427840
stat.node.0.injector.aggregate_bytes = 909088
stat.node.0.injector.request_gbps = 6.32412
stat.node.0.injector.response_gbps = 5.62228
stat.node.0.injector.aggregate_gbps = 11.9464
stat.node.0.llc.cxl_miss = 1500
stat.node.0.llc.total_miss = 1500
stat.node.0.llc.avg_miss_lat = 789.574
stat.node.0.llc.avg_cxl_lat = 789.574
stat.node.0.llc.miss_lat_hist_bin_ns = 10
stat.node.0.llc.miss_lat_hist = [0,0,0,0,0,0,0,0,0,0,0,0,0,0,0,0,0,0,0,0,0,0,0,0,0,0,0,1,3,97,176,284,13,412,451,63]
stat.node.0.util.dram_avg = 1.121e-05
stat.node.0.walltime_s = 670.939
stat.node.0.active_time_s = 37.976
stat.node.4.cpu.0.load_issue_to_complete_count = 1499
stat.node.4.cpu.0.avg_load_issue_to_complete_lat = 997.843
stat.node.4.injector.phase_cycles = 1499043
stat.node.4.injector.request_bytes = 493776
stat.node.4.injector.response_bytes = 438976
stat.node.4.injector.aggregate_bytes = 932752
stat.node.4.injector.request_gbps = 6.32437
stat.node.4.injector.response_gbps = 5.62248
stat.node.4.injector.aggregate_gbps = 11.9468
stat.node.4.llc.cxl_miss = 1500
stat.node.4.llc.total_miss = 1500
stat.node.4.llc.avg_miss_lat = 813.519
stat.node.4.llc.avg_cxl_lat = 813.519
stat.node.4.llc.miss_lat_hist_bin_ns = 10
stat.node.4.llc.miss_lat_hist = [0,0,0,0,0,0,0,0,0,0,0,0,0,0,0,0,0,0,0,0,0,0,0,0,0,0,56,63,3,0,0,0,0,417,727,197,37]
stat.node.4.util.dram_avg = 1.08983e-05
stat.node.4.walltime_s = 680.591
stat.node.4.active_time_s = 40.9574
stat.node.2.cpu.0.load_issue_to_complete_count = 1499
stat.node.2.cpu.0.avg_load_issue_to_complete_lat = 1012.43
stat.node.2.injector.phase_cycles = 1520901
stat.node.2.injector.request_bytes = 500976
stat.node.2.injector.response_bytes = 445376
stat.node.2.injector.aggregate_bytes = 946352
stat.node.2.injector.request_gbps = 6.32437
stat.node.2.injector.response_gbps = 5.62247
stat.node.2.injector.aggregate_gbps = 11.9468
stat.node.2.llc.cxl_miss = 1500
stat.node.2.llc.total_miss = 1500
stat.node.2.llc.avg_miss_lat = 828.057
stat.node.2.llc.avg_cxl_lat = 828.057
stat.node.2.llc.miss_lat_hist_bin_ns = 10
stat.node.2.llc.miss_lat_hist = [0,0,0,0,0,0,0,0,0,0,0,0,0,0,0,0,0,0,0,0,0,0,0,0,0,0,0,11,9,2,0,0,1,146,1198,133]
stat.node.2.util.dram_avg = 1.07521e-05
stat.node.2.walltime_s = 694.153
stat.node.2.active_time_s = 28.8406
stat.pool.101.util.mem_avg = 0.236317
stat.pool.101.util.req_link_avg = 0.985089
stat.pool.101.walltime_s = 694.141
stat.pool.101.active_time_s = 0.874637
stat.pool.100.util.mem_avg = 0.236318
stat.pool.100.util.req_link_avg = 0.98509
stat.pool.100.walltime_s = 694.141
stat.pool.100.active_time_s = 0.967149
stat.switch.replicated_messages = 163376
stat.switch.util.node_ingress_avg = 0.131934
stat.switch.util.pool_ingress_avg = 0.562204
stat.switch.bw.host_to_switch_gbps = 6.48523
stat.switch.bw.switch_to_host_gbps = 6.90831
stat.switch.bw.host_link_total_gbps = 13.3935
stat.switch.walltime_s = 694.141
stat.switch.active_time_s = 3.69417
Simulation is complete, simulated time: 930.795 us
