stat.node.0.cpu.0.retired = 692
stat.node.0.cpu.0.cycles = 1000000
stat.node.1.cpu.0.retired = 692
stat.node.1.cpu.0.cycles = 1000000
stat.node.2.cpu.0.retired = 692
stat.node.2.cpu.0.cycles = 1000000
stat.node.3.cpu.0.retired = 692
stat.node.3.cpu.0.cycles = 1000000
stat.node.4.cpu.0.retired = 692
stat.node.4.cpu.0.cycles = 1000000
stat.node.5.cpu.0.retired = 692
stat.node.5.cpu.0.cycles = 1000000
stat.node.6.cpu.0.retired = 692
stat.node.6.cpu.0.cycles = 1000000
stat.node.7.cpu.0.retired = 692
stat.node.7.cpu.0.cycles = 1000000
stat.node.2.cpu.0.retired = 1602
stat.node.3.cpu.0.retired = 1602
stat.node.3.cpu.0.cycles = 2000000
stat.node.4.cpu.0.retired = 1602
stat.node.4.cpu.0.cycles = 2000000
stat.node.5.cpu.0.retired = 1602
stat.node.5.cpu.0.cycles = 2000000
stat.node.6.cpu.0.retired = 1602
stat.node.6.cpu.0.cycles = 2000000
stat.node.7.cpu.0.retired = 1602
stat.node.7.cpu.0.cycles = 2000000
stat.node.0.cpu.0.retired = 1602
stat.node.0.cpu.0.cycles = 2000000
stat.node.1.cpu.0.retired = 1602
stat.node.1.cpu.0.cycles = 2000000
stat.node.2.cpu.0.cycles = 2000000
stat.node.4.cpu.0.load_issue_to_complete_count = 1499
stat.node.4.cpu.0.avg_load_issue_to_complete_lat = 1102.56
stat.node.4.injector.phase_cycles = 1656380
stat.node.4.injector.request_bytes = 234080
stat.node.4.injector.response_bytes = 295680
stat.node.4.injector.aggregate_bytes = 529760
stat.node.4.injector.request_gbps = 2.71335
stat.node.4.injector.response_gbps = 3.42739
stat.node.4.injector.aggregate_gbps = 6.14074
stat.node.4.llc.cxl_miss = 1500
stat.node.4.llc.total_miss = 1500
stat.node.4.llc.avg_miss_lat = 913.065
stat.node.4.llc.avg_cxl_lat = 913.065
stat.node.4.llc.miss_lat_hist_bin_ns = 10
stat.node.4.llc.miss_lat_hist = [0,0,0,0,0,0,0,0,0,0,0,0,0,0,0,0,0,0,0,0,0,0,0,0,0,0,0,0,0,0,0,0,0,147,673,0,0,0,0,0,0,0,634,46]
stat.node.4.util.dram_avg = 9.86871e-06
stat.node.4.walltime_s = 886.008
stat.node.4.active_time_s = 35.3133
stat.node.6.cpu.0.load_issue_to_complete_count = 1499
stat.node.6.cpu.0.avg_load_issue_to_complete_lat = 1102.56
stat.node.6.injector.phase_cycles = 1656380
stat.node.6.injector.request_bytes = 234080
stat.node.6.injector.response_bytes = 295680
stat.node.6.injector.aggregate_bytes = 529760
stat.node.6.injector.request_gbps = 2.71335
stat.node.6.injector.response_gbps = 3.42739
stat.node.6.injector.aggregate_gbps = 6.14074
stat.node.6.llc.cxl_miss = 1500
stat.node.6.llc.total_miss = 1500
stat.node.6.llc.avg_miss_lat = 913.065
stat.node.6.llc.avg_cxl_lat = 913.065
stat.node.6.llc.miss_lat_hist_bin_ns = 10
stat.node.6.llc.miss_lat_hist = [0,0,0,0,0,0,0,0,0,0,0,0,0,0,0,0,0,0,0,0,0,0,0,0,0,0,0,0,0,0,0,0,0,147,673,0,0,0,0,0,0,0,634,46]
stat.node.6.util.dram_avg = 9.8686e-06
stat.node.6.walltime_s = 886.008
stat.node.6.active_time_s = 42.5609
stat.node.7.cpu.0.load_issue_to_complete_count = 1499
stat.node.7.cpu.0.avg_load_issue_to_complete_lat = 1102.54
stat.node.7.injector.phase_cycles = 1656380
stat.node.7.injector.request_bytes = 234080
stat.node.7.injector.response_bytes = 295680
stat.node.7.injector.aggregate_bytes = 529760
stat.node.7.injector.request_gbps = 2.71335
stat.node.7.injector.response_gbps = 3.42739
stat.node.7.injector.aggregate_gbps = 6.14074
stat.node.7.llc.cxl_miss = 1500
stat.node.7.llc.total_miss = 1500
stat.node.7.llc.avg_miss_lat = 913.065
stat.node.7.llc.avg_cxl_lat = 913.065
stat.node.7.llc.miss_lat_hist_bin_ns = 10
stat.node.7.llc.miss_lat_hist = [0,0,0,0,0,0,0,0,0,0,0,0,0,0,0,0,0,0,0,0,0,0,0,0,0,0,0,0,0,0,0,0,0,167,633,20,0,0,0,0,0,0,634,46]
stat.node.7.util.dram_avg = 9.8685e-06
stat.node.7.walltime_s = 886.033
stat.node.7.active_time_s = 53.5924
stat.node.5.cpu.0.load_issue_to_complete_count = 1499
stat.node.5.cpu.0.avg_load_issue_to_complete_lat = 1102.57
stat.node.5.injector.phase_cycles = 1656380
stat.node.5.injector.request_bytes = 234080
stat.node.5.injector.response_bytes = 295680
stat.node.5.injector.aggregate_bytes = 529760
stat.node.5.injector.request_gbps = 2.71335
stat.node.5.injector.response_gbps = 3.42739
stat.node.5.injector.aggregate_gbps = 6.14074
stat.node.5.llc.cxl_miss = 1500
stat.node.5.llc.total_miss = 1500
stat.node.5.llc.avg_miss_lat = 913.065
stat.node.5.llc.avg_cxl_lat = 913.065
stat.node.5.llc.miss_lat_hist_bin_ns = 10
stat.node.5.llc.miss_lat_hist = [0,0,0,0,0,0,0,0,0,0,0,0,0,0,0,0,0,0,0,0,0,0,0,0,0,0,0,0,0,0,0,0,0,167,633,20,0,0,0,0,0,0,634,46]
stat.node.5.util.dram_avg = 9.8684e-06
stat.node.5.walltime_s = 886.033
stat.node.5.active_time_s = 40.066
stat.node.0.cpu.0.load_issue_to_complete_count = 1499
stat.node.0.cpu.0.avg_load_issue_to_complete_lat = 1102.56
stat.node.0.injector.phase_cycles = 1656380
stat.node.0.injector.request_bytes = 234080
stat.node.0.injector.response_bytes = 295680
stat.node.0.injector.aggregate_bytes = 529760
stat.node.0.injector.request_gbps = 2.71335
stat.node.0.injector.response_gbps = 3.42739
stat.node.0.injector.aggregate_gbps = 6.14074
stat.node.0.llc.cxl_miss = 1500
stat.node.0.llc.total_miss = 1500
stat.node.0.llc.avg_miss_lat = 913.065
stat.node.0.llc.avg_cxl_lat = 913.065
stat.node.0.llc.miss_lat_hist_bin_ns = 10
stat.node.0.llc.miss_lat_hist = [0,0,0,0,0,0,0,0,0,0,0,0,0,0,0,0,0,0,0,0,0,0,0,0,0,0,0,0,0,0,0,0,0,147,673,0,0,0,0,0,0,0,634,46]
stat.node.0.util.dram_avg = 9.8683e-06
stat.node.0.walltime_s = 886.034
stat.node.0.active_time_s = 48.5138
stat.node.1.cpu.0.load_issue_to_complete_count = 1499
stat.node.1.cpu.0.avg_load_issue_to_complete_lat = 1102.56
stat.node.1.injector.phase_cycles = 1656380
stat.node.1.injector.request_bytes = 234080
stat.node.1.injector.response_bytes = 295680
stat.node.1.injector.aggregate_bytes = 529760
stat.node.1.injector.request_gbps = 2.71335
stat.node.1.injector.response_gbps = 3.42739
stat.node.1.injector.aggregate_gbps = 6.14074
stat.node.1.llc.cxl_miss = 1500
stat.node.1.llc.total_miss = 1500
stat.node.1.llc.avg_miss_lat = 913.065
stat.node.1.llc.avg_cxl_lat = 913.065
stat.node.1.llc.miss_lat_hist_bin_ns = 10
stat.node.1.llc.miss_lat_hist = [0,0,0,0,0,0,0,0,0,0,0,0,0,0,0,0,0,0,0,0,0,0,0,0,0,0,0,0,0,0,0,0,0,147,673,0,0,0,0,0,0,0,634,46]
stat.node.1.util.dram_avg = 9.8682e-06
stat.node.1.walltime_s = 886.035
stat.node.1.active_time_s = 39.374
stat.node.2.cpu.0.load_issue_to_complete_count = 1499
stat.node.2.cpu.0.avg_load_issue_to_complete_lat = 1102.56
stat.node.2.injector.phase_cycles = 1656355
stat.node.2.injector.request_bytes = 234080
stat.node.2.injector.response_bytes = 295680
stat.node.2.injector.aggregate_bytes = 529760
stat.node.2.injector.request_gbps = 2.71339
stat.node.2.injector.response_gbps = 3.42744
stat.node.2.injector.aggregate_gbps = 6.14083
stat.node.2.llc.cxl_miss = 1500
stat.node.2.llc.total_miss = 1500
stat.node.2.llc.avg_miss_lat = 913.174
stat.node.2.llc.avg_cxl_lat = 913.174
stat.node.2.llc.miss_lat_hist_bin_ns = 10
stat.node.2.llc.miss_lat_hist = [0,0,0,0,0,0,0,0,0,0,0,0,0,0,0,0,0,0,0,0,0,0,0,0,0,0,0,0,0,0,0,0,0,91,729,0,0,0,0,0,0,316,23,317,24]
stat.node.2.util.dram_avg = 9.8681e-06
stat.node.2.walltime_s = 886.023
stat.node.2.active_time_s = 33.5326
stat.node.3.cpu.0.load_issue_to_complete_count = 1499
stat.node.3.cpu.0.avg_load_issue_to_complete_lat = 1102.56
stat.node.3.injector.phase_cycles = 1656405
stat.node.3.injector.request_bytes = 234080
stat.node.3.injector.response_bytes = 295680
stat.node.3.injector.aggregate_bytes = 529760
stat.node.3.injector.request_gbps = 2.71331
stat.node.3.injector.response_gbps = 3.42734
stat.node.3.injector.aggregate_gbps = 6.14064
stat.node.3.llc.cxl_miss = 1500
stat.node.3.llc.total_miss = 1500
stat.node.3.llc.avg_miss_lat = 913.174
stat.node.3.llc.avg_cxl_lat = 913.174
stat.node.3.llc.miss_lat_hist_bin_ns = 10
stat.node.3.llc.miss_lat_hist = [0,0,0,0,0,0,0,0,0,0,0,0,0,0,0,0,0,0,0,0,0,0,0,0,0,0,0,0,0,0,0,0,0,85,727,4,3,2,2,2,1,313,24,316,21]
stat.node.3.util.dram_avg = 9.868e-06
stat.node.3.walltime_s = 886.024
stat.node.3.active_time_s = 51.8115
stat.pool.100.util.mem_avg = 0.17844
stat.pool.100.util.req_link_avg = 0.464743
stat.pool.100.walltime_s = 886.064
stat.pool.100.active_time_s = 2.0436
stat.switch.replicated_messages = 0
stat.switch.util.node_ingress_avg = 0.0581017
stat.switch.util.pool_ingress_avg = 0.743444
stat.switch.bw.host_to_switch_gbps = 2.85586
stat.switch.bw.switch_to_host_gbps = 4.56776
stat.switch.bw.host_link_total_gbps = 7.42362
stat.switch.walltime_s = 886.064
stat.switch.active_time_s = 5.91374
Simulation is complete, simulated time: 1.01419 ms
