stat.node.0.cpu.0.retired = 674
stat.node.0.cpu.0.cycles = 1000000
stat.node.1.cpu.0.retired = 677
stat.node.1.cpu.0.cycles = 1000000
stat.node.2.cpu.0.retired = 673
stat.node.2.cpu.0.cycles = 1000000
stat.node.3.cpu.0.retired = 672
stat.node.3.cpu.0.cycles = 1000000
stat.node.4.cpu.0.retired = 679
stat.node.4.cpu.0.cycles = 1000000
stat.node.5.cpu.0.retired = 674
stat.node.6.cpu.0.retired = 677
stat.node.6.cpu.0.cycles = 1000000
stat.node.7.cpu.0.retired = 677
stat.node.7.cpu.0.cycles = 1000000
stat.node.5.cpu.0.cycles = 1000000
stat.node.1.cpu.0.retired = 1605
stat.node.1.cpu.0.cycles = 2000000
stat.node.2.cpu.0.retired = 1590
stat.node.3.cpu.0.retired = 1593
stat.node.3.cpu.0.cycles = 2000000
stat.node.4.cpu.0.retired = 1608
stat.node.4.cpu.0.cycles = 2000000
stat.node.7.cpu.0.retired = 1597
stat.node.7.cpu.0.cycles = 2000000
stat.node.6.cpu.0.retired = 1600
stat.node.6.cpu.0.cycles = 2000000
stat.node.5.cpu.0.retired = 1590
stat.node.5.cpu.0.cycles = 2000000
stat.node.0.cpu.0.retired = 1596
stat.node.0.cpu.0.cycles = 2000000
stat.node.2.cpu.0.cycles = 2000000
stat.node.6.cpu.0.retired = 2583
stat.node.6.cpu.0.cycles = 3000000
stat.node.1.cpu.0.retired = 2596
stat.node.1.cpu.0.cycles = 3000000
stat.node.0.cpu.0.retired = 2579
stat.node.0.cpu.0.cycles = 3000000
stat.node.3.cpu.0.retired = 2579
stat.node.3.cpu.0.cycles = 3000000
stat.node.4.cpu.0.retired = 2593
stat.node.4.cpu.0.cycles = 3000000
stat.node.7.cpu.0.retired = 2581
stat.node.7.cpu.0.cycles = 3000000
stat.node.2.cpu.0.retired = 2576
stat.node.2.cpu.0.cycles = 3000000
stat.node.5.cpu.0.retired = 2574
stat.node.5.cpu.0.cycles = 3000000
stat.node.2.cpu.0.retired = 3610
stat.node.2.cpu.0.cycles = 4000000
stat.node.7.cpu.0.retired = 3614
stat.node.7.cpu.0.cycles = 4000000
stat.node.6.cpu.0.retired = 3616
stat.node.1.cpu.0.retired = 3630
stat.node.1.cpu.0.cycles = 4000000
stat.node.0.cpu.0.retired = 3613
stat.node.0.cpu.0.cycles = 4000000
stat.node.3.cpu.0.retired = 3615
stat.node.3.cpu.0.cycles = 4000000
stat.node.4.cpu.0.retired = 3630
stat.node.4.cpu.0.cycles = 4000000
stat.node.5.cpu.0.retired = 3602
stat.node.5.cpu.0.cycles = 4000000
stat.node.6.cpu.0.cycles = 4000000
stat.node.4.cpu.0.retired = 4681
stat.node.4.cpu.0.cycles = 5000000
stat.node.2.cpu.0.retired = 4662
stat.node.7.cpu.0.retired = 4667
stat.node.7.cpu.0.cycles = 5000000
stat.node.5.cpu.0.retired = 4650
stat.node.5.cpu.0.cycles = 5000000
stat.node.1.cpu.0.retired = 4691
stat.node.1.cpu.0.cycles = 5000000
stat.node.0.cpu.0.retired = 4667
stat.node.0.cpu.0.cycles = 5000000
stat.node.3.cpu.0.retired = 4673
stat.node.3.cpu.0.cycles = 5000000
stat.node.6.cpu.0.retired = 4674
stat.node.6.cpu.0.cycles = 5000000
stat.node.2.cpu.0.cycles = 5000000
stat.node.1.cpu.0.load_issue_to_complete_count = 3999
stat.node.1.cpu.0.avg_load_issue_to_complete_lat = 981.439
stat.node.1.injector.phase_cycles = 3930152
stat.node.1.injector.request_bytes = 419696
stat.node.1.injector.response_bytes = 758144
stat.node.1.injector.aggregate_bytes = 1177840
stat.node.1.injector.request_gbps = 2.05034
stat.node.1.injector.response_gbps = 3.70377
stat.node.1.injector.aggregate_gbps = 5.75411
stat.node.1.llc.cxl_miss = 4000
stat.node.1.llc.total_miss = 4000
stat.node.1.llc.avg_miss_lat = 873.14
stat.node.1.llc.avg_cxl_lat = 873.14
stat.node.1.llc.miss_lat_hist_bin_ns = 10
stat.node.1.llc.miss_lat_hist = [0,0,0,0,0,0,0,0,0,0,0,0,0,0,0,0,0,0,0,0,0,0,0,0,0,0,292,63,227,62,139,153,316,399,143,70,139,317,358,218,198,161,97,66,118,178,171,76,22,11,6]
stat.node.1.util.dram_avg = 4.53685e-06
stat.node.1.walltime_s = 874.241
stat.node.1.active_time_s = 63.9155
stat.node.4.cpu.0.load_issue_to_complete_count = 3999
stat.node.4.cpu.0.avg_load_issue_to_complete_lat = 985.106
stat.node.4.injector.phase_cycles = 3944785
stat.node.4.injector.request_bytes = 421272
stat.node.4.injector.response_bytes = 760960
stat.node.4.injector.aggregate_bytes = 1182232
stat.node.4.injector.request_gbps = 2.05041
stat.node.4.injector.response_gbps = 3.70373
stat.node.4.injector.aggregate_gbps = 5.75414
stat.node.4.llc.cxl_miss = 4000
stat.node.4.llc.total_miss = 4000
stat.node.4.llc.avg_miss_lat = 876.778
stat.node.4.llc.avg_cxl_lat = 876.778
stat.node.4.llc.miss_lat_hist_bin_ns = 10
stat.node.4.llc.miss_lat_hist = [0,0,0,0,0,0,0,0,0,0,0,0,0,0,0,0,0,0,0,0,0,0,0,0,0,0,334,23,28,67,136,148,328,450,259,67,103,390,366,267,239,154,74,55,84,153,149,87,29,6,2,1,1]
stat.node.4.util.dram_avg = 4.52629e-06
stat.node.4.walltime_s = 875.133
stat.node.4.active_time_s = 80.3989
stat.node.6.cpu.0.load_issue_to_complete_count = 3999
stat.node.6.cpu.0.avg_load_issue_to_complete_lat = 985.405
stat.node.6.injector.phase_cycles = 3945859
stat.node.6.injector.request_bytes = 421416
stat.node.6.injector.response_bytes = 761152
stat.node.6.injector.aggregate_bytes = 1182568
stat.node.6.injector.request_gbps = 2.05055
stat.node.6.injector.response_gbps = 3.70366
stat.node.6.injector.aggregate_gbps = 5.75421
stat.node.6.llc.cxl_miss = 4000
stat.node.6.llc.total_miss = 4000
stat.node.6.llc.avg_miss_lat = 876.824
stat.node.6.llc.avg_cxl_lat = 876.824
stat.node.6.llc.miss_lat_hist_bin_ns = 10
stat.node.6.llc.miss_lat_hist = [0,0,0,0,0,0,0,0,0,0,0,0,0,0,0,0,0,0,0,0,0,0,0,0,0,0,321,7,12,72,292,167,368,479,138,63,116,326,311,233,195,135,78,71,115,193,159,69,28,18,11,18,1,4]
stat.node.6.util.dram_avg = 4.52344e-06
stat.node.6.walltime_s = 875.372
stat.node.6.active_time_s = 82.5363
stat.node.3.cpu.0.load_issue_to_complete_count = 3999
stat.node.3.cpu.0.avg_load_issue_to_complete_lat = 983.488
stat.node.3.injector.phase_cycles = 3937989
stat.node.3.injector.request_bytes = 420520
stat.node.3.injector.response_bytes = 759680
stat.node.3.injector.aggregate_bytes = 1180200
stat.node.3.injector.request_gbps = 2.05028
stat.node.3.injector.response_gbps = 3.70388
stat.node.3.injector.aggregate_gbps = 5.75417
stat.node.3.llc.cxl_miss = 4000
stat.node.3.llc.total_miss = 4000
stat.node.3.llc.avg_miss_lat = 875.021
stat.node.3.llc.avg_cxl_lat = 875.021
stat.node.3.llc.miss_lat_hist_bin_ns = 10
stat.node.3.llc.miss_lat_hist = [0,0,0,0,0,0,0,0,0,0,0,0,0,0,0,0,0,0,0,0,0,0,0,0,0,0,291,7,52,279,150,164,314,433,134,82,114,293,331,257,180,145,105,77,138,173,151,67,38,13,7,5]
stat.node.3.util.dram_avg = 4.52297e-06
stat.node.3.walltime_s = 875.482
stat.node.3.active_time_s = 76.035
stat.node.7.cpu.0.load_issue_to_complete_count = 3999
stat.node.7.cpu.0.avg_load_issue_to_complete_lat = 986.723
stat.node.7.injector.phase_cycles = 3951228
stat.node.7.injector.request_bytes = 422000
stat.node.7.injector.response_bytes = 762176
stat.node.7.injector.aggregate_bytes = 1184176
stat.node.7.injector.request_gbps = 2.0506
stat.node.7.injector.response_gbps = 3.7036
stat.node.7.injector.aggregate_gbps = 5.75421
stat.node.7.llc.cxl_miss = 4000
stat.node.7.llc.total_miss = 4000
stat.node.7.llc.avg_miss_lat = 878.267
stat.node.7.llc.avg_cxl_lat = 878.267
stat.node.7.llc.miss_lat_hist_bin_ns = 10
stat.node.7.llc.miss_lat_hist = [0,0,0,0,0,0,0,0,0,0,0,0,0,0,0,0,0,0,0,0,0,0,0,0,0,0,360,7,18,61,152,150,342,563,116,59,98,342,426,238,222,150,75,55,105,163,161,73,44,14,3,3]
stat.node.7.util.dram_avg = 4.51683e-06
stat.node.7.walltime_s = 876.081
stat.node.7.active_time_s = 109.493
stat.node.0.cpu.0.load_issue_to_complete_count = 3999
stat.node.0.cpu.0.avg_load_issue_to_complete_lat = 986.698
stat.node.0.injector.phase_cycles = 3951102
stat.node.0.injector.request_bytes = 421928
stat.node.0.injector.response_bytes = 762176
stat.node.0.injector.aggregate_bytes = 1184104
stat.node.0.injector.request_gbps = 2.05032
stat.node.0.injector.response_gbps = 3.70372
stat.node.0.injector.aggregate_gbps = 5.75404
stat.node.0.llc.cxl_miss = 4000
stat.node.0.llc.total_miss = 4000
stat.node.0.llc.avg_miss_lat = 878.346
stat.node.0.llc.avg_cxl_lat = 878.346
stat.node.0.llc.miss_lat_hist_bin_ns = 10
stat.node.0.llc.miss_lat_hist = [0,0,0,0,0,0,0,0,0,0,0,0,0,0,0,0,0,0,0,0,0,0,0,0,0,0,337,12,13,45,179,294,408,398,124,67,94,343,336,225,212,154,82,68,118,187,156,72,33,18,16,5,3,1]
stat.node.0.util.dram_avg = 4.51492e-06
stat.node.0.walltime_s = 876.8
stat.node.0.active_time_s = 74.5085
stat.node.2.cpu.0.load_issue_to_complete_count = 3999
stat.node.2.cpu.0.avg_load_issue_to_complete_lat = 986.586
stat.node.2.injector.phase_cycles = 3950379
stat.node.2.injector.request_bytes = 421848
stat.node.2.injector.response_bytes = 762048
stat.node.2.injector.aggregate_bytes = 1183896
stat.node.2.injector.request_gbps = 2.0503
stat.node.2.injector.response_gbps = 3.70378
stat.node.2.injector.aggregate_gbps = 5.75408
stat.node.2.llc.cxl_miss = 4000
stat.node.2.llc.total_miss = 4000
stat.node.2.llc.avg_miss_lat = 877.89
stat.node.2.llc.avg_cxl_lat = 877.89
stat.node.2.llc.miss_lat_hist_bin_ns = 10
stat.node.2.llc.miss_lat_hist = [0,0,0,0,0,0,0,0,0,0,0,0,0,0,0,0,0,0,0,0,0,0,0,0,0,0,352,13,20,66,138,164,313,451,266,65,107,358,375,288,201,143,69,68,93,163,154,93,24,11,3,1,1]
stat.node.2.util.dram_avg = 4.51246e-06
stat.node.2.walltime_s = 877.052
stat.node.2.active_time_s = 95.7989
stat.node.5.cpu.0.load_issue_to_complete_count = 3999
stat.node.5.cpu.0.avg_load_issue_to_complete_lat = 990.276
stat.node.5.injector.phase_cycles = 3965212
stat.node.5.injector.request_bytes = 423416
stat.node.5.injector.response_bytes = 764928
stat.node.5.injector.aggregate_bytes = 1188344
stat.node.5.injector.request_gbps = 2.05023
stat.node.5.injector.response_gbps = 3.70387
stat.node.5.injector.aggregate_gbps = 5.75409
stat.node.5.llc.cxl_miss = 4000
stat.node.5.llc.total_miss = 4000
stat.node.5.llc.avg_miss_lat = 881.644
stat.node.5.llc.avg_cxl_lat = 881.644
stat.node.5.llc.miss_lat_hist_bin_ns = 10
stat.node.5.llc.miss_lat_hist = [0,0,0,0,0,0,0,0,0,0,0,0,0,0,0,0,0,0,0,0,0,0,0,0,0,0,318,15,18,58,122,211,514,365,122,65,118,325,326,296,238,165,77,78,92,166,157,76,44,23,4,7]
stat.node.5.util.dram_avg = 4.50183e-06
stat.node.5.walltime_s = 878.242
stat.node.5.active_time_s = 91.1003
stat.pool.100.util.mem_avg = 0.169477
stat.pool.100.util.req_link_avg = 0.358446
stat.pool.100.walltime_s = 878.242
stat.pool.100.active_time_s = 3.95145
stat.switch.replicated_messages = 0
stat.switch.util.node_ingress_avg = 0.0448058
stat.switch.util.pool_ingress_avg = 0.800853
stat.switch.bw.host_to_switch_gbps = 2.2023
stat.switch.bw.switch_to_host_gbps = 4.92043
stat.switch.bw.host_link_total_gbps = 7.12273
stat.switch.walltime_s = 878.242
stat.switch.active_time_s = 11.7768
Simulation is complete, simulated time: 2.2231 ms
