stat.node.6.cpu.0.load_issue_to_complete_count = 299
stat.node.6.cpu.0.avg_load_issue_to_complete_lat = 1062.54
stat.node.6.injector.phase_cycles = 319256
stat.node.6.injector.request_bytes = 16632
stat.node.6.injector.response_bytes = 30016
stat.node.6.injector.aggregate_bytes = 46648
stat.node.6.injector.request_gbps = 1.00025
stat.node.6.injector.response_gbps = 1.80516
stat.node.6.injector.aggregate_gbps = 2.8054
stat.node.6.llc.cxl_miss = 300
stat.node.6.llc.total_miss = 300
stat.node.6.llc.avg_miss_lat = 743.7
stat.node.6.llc.avg_cxl_lat = 743.7
stat.node.6.llc.miss_lat_hist_bin_ns = 10
stat.node.6.llc.miss_lat_hist = [0,0,0,0,0,0,0,0,0,0,0,0,0,0,0,0,0,0,0,0,0,0,0,0,0,0,123,4,3,7,16,16,21,18,13,21,19,14,8,7,2,5,3]
stat.node.6.util.dram_avg = 3.20364e-05
stat.node.6.walltime_s = 845.412
stat.node.6.active_time_s = 13.313
stat.node.5.cpu.0.load_issue_to_complete_count = 299
stat.node.5.cpu.0.avg_load_issue_to_complete_lat = 1064.4
stat.node.5.injector.phase_cycles = 319814
stat.node.5.injector.request_bytes = 16632
stat.node.5.injector.response_bytes = 30016
stat.node.5.injector.aggregate_bytes = 46648
stat.node.5.injector.request_gbps = 0.9985
stat.node.5.injector.response_gbps = 1.80201
stat.node.5.injector.aggregate_gbps = 2.80051
stat.node.5.llc.cxl_miss = 300
stat.node.5.llc.total_miss = 300
stat.node.5.llc.avg_miss_lat = 740.303
stat.node.5.llc.avg_cxl_lat = 740.303
stat.node.5.llc.miss_lat_hist_bin_ns = 10
stat.node.5.llc.miss_lat_hist = [0,0,0,0,0,0,0,0,0,0,0,0,0,0,0,0,0,0,0,0,0,0,0,0,0,0,123,4,4,7,15,17,26,20,14,16,20,14,6,4,5,2,1,1,1]
stat.node.5.util.dram_avg = 3.20137e-05
stat.node.5.walltime_s = 845.587
stat.node.5.active_time_s = 20.1865
stat.node.4.cpu.0.load_issue_to_complete_count = 299
stat.node.4.cpu.0.avg_load_issue_to_complete_lat = 1062.88
stat.node.4.injector.phase_cycles = 319056
stat.node.4.injector.request_bytes = 16616
stat.node.4.injector.response_bytes = 30016
stat.node.4.injector.aggregate_bytes = 46632
stat.node.4.injector.request_gbps = 0.99991
stat.node.4.injector.response_gbps = 1.80629
stat.node.4.injector.aggregate_gbps = 2.8062
stat.node.4.llc.cxl_miss = 300
stat.node.4.llc.total_miss = 300
stat.node.4.llc.avg_miss_lat = 740.543
stat.node.4.llc.avg_cxl_lat = 740.543
stat.node.4.llc.miss_lat_hist_bin_ns = 10
stat.node.4.llc.miss_lat_hist = [0,0,0,0,0,0,0,0,0,0,0,0,0,0,0,0,0,0,0,0,0,0,0,0,0,0,123,3,2,7,14,24,20,20,18,24,17,10,2,4,2,4,4,1,1]
stat.node.4.util.dram_avg = 3.19665e-05
stat.node.4.walltime_s = 845.828
stat.node.4.active_time_s = 11.909
stat.node.7.cpu.0.load_issue_to_complete_count = 299
stat.node.7.cpu.0.avg_load_issue_to_complete_lat = 1065.14
stat.node.7.injector.phase_cycles = 319807
stat.node.7.injector.request_bytes = 16624
stat.node.7.injector.response_bytes = 30080
stat.node.7.injector.aggregate_bytes = 46704
stat.node.7.injector.request_gbps = 0.998042
stat.node.7.injector.response_gbps = 1.80589
stat.node.7.injector.aggregate_gbps = 2.80393
stat.node.7.llc.cxl_miss = 300
stat.node.7.llc.total_miss = 300
stat.node.7.llc.avg_miss_lat = 742.07
stat.node.7.llc.avg_cxl_lat = 742.07
stat.node.7.llc.miss_lat_hist_bin_ns = 10
stat.node.7.llc.miss_lat_hist = [0,0,0,0,0,0,0,0,0,0,0,0,0,0,0,0,0,0,0,0,0,0,0,0,0,0,126,2,2,2,11,24,26,21,14,21,16,16,5,4,3,2,4,1]
stat.node.7.util.dram_avg = 3.19409e-05
stat.node.7.walltime_s = 846.61
stat.node.7.active_time_s = 18.9833
stat.node.0.cpu.0.load_issue_to_complete_count = 299
stat.node.0.cpu.0.avg_load_issue_to_complete_lat = 1065.65
stat.node.0.injector.phase_cycles = 319882
stat.node.0.injector.request_bytes = 16616
stat.node.0.injector.response_bytes = 30144
stat.node.0.injector.aggregate_bytes = 46760
stat.node.0.injector.request_gbps = 0.997328
stat.node.0.injector.response_gbps = 1.80931
stat.node.0.injector.aggregate_gbps = 2.80663
stat.node.0.llc.cxl_miss = 300
stat.node.0.llc.total_miss = 300
stat.node.0.llc.avg_miss_lat = 742.123
stat.node.0.llc.avg_cxl_lat = 742.123
stat.node.0.llc.miss_lat_hist_bin_ns = 10
stat.node.0.llc.miss_lat_hist = [0,0,0,0,0,0,0,0,0,0,0,0,0,0,0,0,0,0,0,0,0,0,0,0,0,0,127,3,0,5,9,23,30,19,13,22,17,6,10,2,4,2,5,1,1,1]
stat.node.0.util.dram_avg = 3.19303e-05
stat.node.0.walltime_s = 846.655
stat.node.0.active_time_s = 11.7929
stat.node.3.cpu.0.load_issue_to_complete_count = 299
stat.node.3.cpu.0.avg_load_issue_to_complete_lat = 1061
stat.node.3.injector.phase_cycles = 318621
stat.node.3.injector.request_bytes = 16544
stat.node.3.injector.response_bytes = 30016
stat.node.3.injector.aggregate_bytes = 46560
stat.node.3.injector.request_gbps = 0.996936
stat.node.3.injector.response_gbps = 1.80875
stat.node.3.injector.aggregate_gbps = 2.80569
stat.node.3.llc.cxl_miss = 300
stat.node.3.llc.total_miss = 300
stat.node.3.llc.avg_miss_lat = 737.337
stat.node.3.llc.avg_cxl_lat = 737.337
stat.node.3.llc.miss_lat_hist_bin_ns = 10
stat.node.3.llc.miss_lat_hist = [0,0,0,0,0,0,0,0,0,0,0,0,0,0,0,0,0,0,0,0,0,0,0,0,0,0,132,8,4,9,14,20,19,13,16,6,13,8,13,8,6,2,4,3,1,0,1]
stat.node.3.util.dram_avg = 3.19292e-05
stat.node.3.walltime_s = 846.815
stat.node.3.active_time_s = 17.4639
stat.node.2.cpu.0.load_issue_to_complete_count = 299
stat.node.2.cpu.0.avg_load_issue_to_complete_lat = 1069.22
stat.node.2.injector.phase_cycles = 320950
stat.node.2.injector.request_bytes = 16704
stat.node.2.injector.response_bytes = 30144
stat.node.2.injector.aggregate_bytes = 46848
stat.node.2.injector.request_gbps = 0.999273
stat.node.2.injector.response_gbps = 1.80329
stat.node.2.injector.aggregate_gbps = 2.80256
stat.node.2.llc.cxl_miss = 300
stat.node.2.llc.total_miss = 300
stat.node.2.llc.avg_miss_lat = 746.96
stat.node.2.llc.avg_cxl_lat = 746.96
stat.node.2.llc.miss_lat_hist_bin_ns = 10
stat.node.2.llc.miss_lat_hist = [0,0,0,0,0,0,0,0,0,0,0,0,0,0,0,0,0,0,0,0,0,0,0,0,0,0,121,5,7,5,11,18,24,20,19,18,8,4,10,9,12,3,4,1,1]
stat.node.2.util.dram_avg = 3.18839e-05
stat.node.2.walltime_s = 853.887
stat.node.2.active_time_s = 11.3624
stat.node.1.cpu.0.load_issue_to_complete_count = 299
stat.node.1.cpu.0.avg_load_issue_to_complete_lat = 1064.23
stat.node.1.injector.phase_cycles = 319689
stat.node.1.injector.request_bytes = 16632
stat.node.1.injector.response_bytes = 30016
stat.node.1.injector.aggregate_bytes = 46648
stat.node.1.injector.request_gbps = 0.998891
stat.node.1.injector.response_gbps = 1.80271
stat.node.1.injector.aggregate_gbps = 2.8016
stat.node.1.llc.cxl_miss = 300
stat.node.1.llc.total_miss = 300
stat.node.1.llc.avg_miss_lat = 742.273
stat.node.1.llc.avg_cxl_lat = 742.273
stat.node.1.llc.miss_lat_hist_bin_ns = 10
stat.node.1.llc.miss_lat_hist = [0,0,0,0,0,0,0,0,0,0,0,0,0,0,0,0,0,0,0,0,0,0,0,0,0,0,117,7,7,11,13,22,22,13,18,19,11,9,13,7,4,2,1,1,3]
stat.node.1.util.dram_avg = 3.18829e-05
stat.node.1.walltime_s = 853.916
stat.node.1.active_time_s = 16.0413
stat.pool.100.util.mem_avg = 0.102367
stat.pool.100.util.req_link_avg = 0.19019
stat.pool.100.walltime_s = 853.947
stat.pool.100.active_time_s = 0.677193
stat.switch.replicated_messages = 0
stat.switch.util.node_ingress_avg = 0.0237744
stat.switch.util.pool_ingress_avg = 0.513342
stat.switch.bw.host_to_switch_gbps = 1.16862
stat.switch.bw.switch_to_host_gbps = 3.154
stat.switch.bw.host_link_total_gbps = 4.32262
stat.switch.walltime_s = 853.947
stat.switch.active_time_s = 1.99987
Simulation is complete, simulated time: 313.899 us
