stat.node.3.cpu.0.retired = 843
stat.node.3.cpu.0.cycles = 1000000
stat.node.4.cpu.0.retired = 807
stat.node.4.cpu.0.cycles = 1000000
stat.node.5.cpu.0.retired = 840
stat.node.5.cpu.0.cycles = 1000000
stat.node.6.cpu.0.retired = 841
stat.node.6.cpu.0.cycles = 1000000
stat.node.7.cpu.0.retired = 839
stat.node.7.cpu.0.cycles = 1000000
stat.node.0.cpu.0.retired = 840
stat.node.0.cpu.0.cycles = 1000000
stat.node.1.cpu.0.retired = 844
stat.node.1.cpu.0.cycles = 1000000
stat.node.2.cpu.0.retired = 807
stat.node.2.cpu.0.cycles = 1000000
stat.node.1.cpu.0.load_issue_to_complete_count = 499
stat.node.1.cpu.0.avg_load_issue_to_complete_lat = 986.293
stat.node.1.injector.phase_cycles = 494530
stat.node.1.injector.request_bytes = 147200
stat.node.1.injector.response_bytes = 0
stat.node.1.injector.aggregate_bytes = 147200
stat.node.1.injector.request_gbps = 5.715
stat.node.1.injector.response_gbps = 0
stat.node.1.injector.aggregate_gbps = 5.715
stat.node.1.llc.cxl_miss = 500
stat.node.1.llc.total_miss = 500
stat.node.1.llc.avg_miss_lat = 753.188
stat.node.1.llc.avg_cxl_lat = 753.188
stat.node.1.llc.miss_lat_hist_bin_ns = 10
stat.node.1.llc.miss_lat_hist = [0,0,0,0,0,0,0,0,0,0,0,0,0,0,0,0,0,0,0,0,0,0,0,0,0,0,2,32,58,57,62,76,60,99,51,3]
stat.node.1.util.dram_avg = 2.08802e-05
stat.node.1.walltime_s = 615.293
stat.node.1.active_time_s = 25.1038
stat.node.3.cpu.0.load_issue_to_complete_count = 499
stat.node.3.cpu.0.avg_load_issue_to_complete_lat = 994.301
stat.node.3.injector.phase_cycles = 498441
stat.node.3.injector.request_bytes = 148288
stat.node.3.injector.response_bytes = 0
stat.node.3.injector.aggregate_bytes = 148288
stat.node.3.injector.request_gbps = 5.71207
stat.node.3.injector.response_gbps = 0
stat.node.3.injector.aggregate_gbps = 5.71207
stat.node.3.llc.cxl_miss = 500
stat.node.3.llc.total_miss = 500
stat.node.3.llc.avg_miss_lat = 760.806
stat.node.3.llc.avg_cxl_lat = 760.806
stat.node.3.llc.miss_lat_hist_bin_ns = 10
stat.node.3.llc.miss_lat_hist = [0,0,0,0,0,0,0,0,0,0,0,0,0,0,0,0,0,0,0,0,0,0,0,0,0,0,3,13,58,68,54,40,92,92,73,7]
stat.node.3.util.dram_avg = 2.07951e-05
stat.node.3.walltime_s = 615.916
stat.node.3.active_time_s = 24.7311
stat.node.6.cpu.0.load_issue_to_complete_count = 499
stat.node.6.cpu.0.avg_load_issue_to_complete_lat = 993.158
stat.node.6.injector.phase_cycles = 497780
stat.node.6.injector.request_bytes = 148160
stat.node.6.injector.response_bytes = 0
stat.node.6.injector.aggregate_bytes = 148160
stat.node.6.injector.request_gbps = 5.71472
stat.node.6.injector.response_gbps = 0
stat.node.6.injector.aggregate_gbps = 5.71472
stat.node.6.llc.cxl_miss = 500
stat.node.6.llc.total_miss = 500
stat.node.6.llc.avg_miss_lat = 759.142
stat.node.6.llc.avg_cxl_lat = 759.142
stat.node.6.llc.miss_lat_hist_bin_ns = 10
stat.node.6.llc.miss_lat_hist = [0,0,0,0,0,0,0,0,0,0,0,0,0,0,0,0,0,0,0,0,0,0,0,0,0,0,1,8,17,118,88,41,62,92,61,12]
stat.node.6.util.dram_avg = 2.07933e-05
stat.node.6.walltime_s = 615.914
stat.node.6.active_time_s = 22.0072
stat.node.0.cpu.0.load_issue_to_complete_count = 499
stat.node.0.cpu.0.avg_load_issue_to_complete_lat = 992.377
stat.node.0.injector.phase_cycles = 497580
stat.node.0.injector.request_bytes = 148032
stat.node.0.injector.response_bytes = 0
stat.node.0.injector.aggregate_bytes = 148032
stat.node.0.injector.request_gbps = 5.71208
stat.node.0.injector.response_gbps = 0
stat.node.0.injector.aggregate_gbps = 5.71208
stat.node.0.llc.cxl_miss = 500
stat.node.0.llc.total_miss = 500
stat.node.0.llc.avg_miss_lat = 759.1
stat.node.0.llc.avg_cxl_lat = 759.1
stat.node.0.llc.miss_lat_hist_bin_ns = 10
stat.node.0.llc.miss_lat_hist = [0,0,0,0,0,0,0,0,0,0,0,0,0,0,0,0,0,0,0,0,0,0,0,0,0,0,5,12,40,50,67,96,65,92,67,6]
stat.node.0.util.dram_avg = 2.07796e-05
stat.node.0.walltime_s = 616.04
stat.node.0.active_time_s = 15.6121
stat.node.5.cpu.0.load_issue_to_complete_count = 499
stat.node.5.cpu.0.avg_load_issue_to_complete_lat = 992.319
stat.node.5.injector.phase_cycles = 497580
stat.node.5.injector.request_bytes = 148096
stat.node.5.injector.response_bytes = 0
stat.node.5.injector.aggregate_bytes = 148096
stat.node.5.injector.request_gbps = 5.71454
stat.node.5.injector.response_gbps = 0
stat.node.5.injector.aggregate_gbps = 5.71454
stat.node.5.llc.cxl_miss = 500
stat.node.5.llc.total_miss = 500
stat.node.5.llc.avg_miss_lat = 759.982
stat.node.5.llc.avg_cxl_lat = 759.982
stat.node.5.llc.miss_lat_hist_bin_ns = 10
stat.node.5.llc.miss_lat_hist = [0,0,0,0,0,0,0,0,0,0,0,0,0,0,0,0,0,0,0,0,0,0,0,0,0,0,12,53,34,20,12,88,117,89,64,10,1]
stat.node.5.util.dram_avg = 2.07792e-05
stat.node.5.walltime_s = 616.117
stat.node.5.active_time_s = 22.8691
stat.node.7.cpu.0.load_issue_to_complete_count = 499
stat.node.7.cpu.0.avg_load_issue_to_complete_lat = 995.006
stat.node.7.injector.phase_cycles = 498871
stat.node.7.injector.request_bytes = 148480
stat.node.7.injector.response_bytes = 0
stat.node.7.injector.aggregate_bytes = 148480
stat.node.7.injector.request_gbps = 5.71454
stat.node.7.injector.response_gbps = 0
stat.node.7.injector.aggregate_gbps = 5.71454
stat.node.7.llc.cxl_miss = 500
stat.node.7.llc.total_miss = 500
stat.node.7.llc.avg_miss_lat = 761.5
stat.node.7.llc.avg_cxl_lat = 761.5
stat.node.7.llc.miss_lat_hist_bin_ns = 10
stat.node.7.llc.miss_lat_hist = [0,0,0,0,0,0,0,0,0,0,0,0,0,0,0,0,0,0,0,0,0,0,0,0,0,0,54,40,28,6,2,6,149,140,68,7]
stat.node.7.util.dram_avg = 2.07483e-05
stat.node.7.walltime_s = 616.488
stat.node.7.active_time_s = 22.0391
stat.node.2.cpu.0.load_issue_to_complete_count = 499
stat.node.2.cpu.0.avg_load_issue_to_complete_lat = 1043.12
stat.node.2.injector.phase_cycles = 522765
stat.node.2.injector.request_bytes = 155584
stat.node.2.injector.response_bytes = 0
stat.node.2.injector.aggregate_bytes = 155584
stat.node.2.injector.request_gbps = 5.71426
stat.node.2.injector.response_gbps = 0
stat.node.2.injector.aggregate_gbps = 5.71426
stat.node.2.llc.cxl_miss = 500
stat.node.2.llc.total_miss = 500
stat.node.2.llc.avg_miss_lat = 806.324
stat.node.2.llc.avg_cxl_lat = 806.324
stat.node.2.llc.miss_lat_hist_bin_ns = 10
stat.node.2.llc.miss_lat_hist = [0,0,0,0,0,0,0,0,0,0,0,0,0,0,0,0,0,0,0,0,0,0,0,0,0,0,17,7,1,0,0,1,11,204,258,1]
stat.node.2.util.dram_avg = 2.00877e-05
stat.node.2.walltime_s = 622.317
stat.node.2.active_time_s = 15.956
stat.node.4.cpu.0.load_issue_to_complete_count = 499
stat.node.4.cpu.0.avg_load_issue_to_complete_lat = 1042.74
stat.node.4.injector.phase_cycles = 522546
stat.node.4.injector.request_bytes = 155520
stat.node.4.injector.response_bytes = 0
stat.node.4.injector.aggregate_bytes = 155520
stat.node.4.injector.request_gbps = 5.7143
stat.node.4.injector.response_gbps = 0
stat.node.4.injector.aggregate_gbps = 5.7143
stat.node.4.llc.cxl_miss = 500
stat.node.4.llc.total_miss = 500
stat.node.4.llc.avg_miss_lat = 806.174
stat.node.4.llc.avg_cxl_lat = 806.174
stat.node.4.llc.miss_lat_hist_bin_ns = 10
stat.node.4.llc.miss_lat_hist = [0,0,0,0,0,0,0,0,0,0,0,0,0,0,0,0,0,0,0,0,0,0,0,0,0,0,16,7,3,0,0,4,9,201,259,1]
stat.node.4.util.dram_avg = 2.00841e-05
stat.node.4.walltime_s = 622.345
stat.node.4.active_time_s = 25.0256
stat.pool.100.util.mem_avg = 0.182964
stat.pool.100.util.req_link_avg = 0.956421
stat.pool.100.walltime_s = 622.341
stat.pool.100.active_time_s = 0.749305
stat.switch.replicated_messages = 0
stat.switch.util.node_ingress_avg = 0.119575
stat.switch.util.pool_ingress_avg = 0.213943
stat.switch.bw.host_to_switch_gbps = 5.87764
stat.switch.bw.switch_to_host_gbps = 1.31443
stat.switch.bw.host_link_total_gbps = 7.19207
stat.switch.walltime_s = 622.356
stat.switch.active_time_s = 2.63885
Simulation is complete, simulated time: 498.305 us
