stat.node.6.cpu.0.retired = 626
stat.node.6.cpu.0.cycles = 1000000
stat.node.7.cpu.0.retired = 625
stat.node.7.cpu.0.cycles = 1000000
stat.node.0.cpu.0.retired = 623
stat.node.0.cpu.0.cycles = 1000000
stat.node.1.cpu.0.retired = 621
stat.node.1.cpu.0.cycles = 1000000
stat.node.2.cpu.0.retired = 619
stat.node.2.cpu.0.cycles = 1000000
stat.node.3.cpu.0.retired = 619
stat.node.3.cpu.0.cycles = 1000000
stat.node.4.cpu.0.retired = 636
stat.node.5.cpu.0.retired = 629
stat.node.5.cpu.0.cycles = 1000000
stat.node.4.cpu.0.cycles = 1000000
stat.node.3.cpu.0.retired = 1460
stat.node.3.cpu.0.cycles = 2000000
stat.node.5.cpu.0.retired = 1472
stat.node.5.cpu.0.cycles = 2000000
stat.node.6.cpu.0.retired = 1466
stat.node.6.cpu.0.cycles = 2000000
stat.node.4.cpu.0.retired = 1483
stat.node.4.cpu.0.cycles = 2000000
stat.node.7.cpu.0.retired = 1468
stat.node.7.cpu.0.cycles = 2000000
stat.node.0.cpu.0.retired = 1464
stat.node.0.cpu.0.cycles = 2000000
stat.node.1.cpu.0.retired = 1462
stat.node.1.cpu.0.cycles = 2000000
stat.node.2.cpu.0.retired = 1456
stat.node.2.cpu.0.cycles = 2000000
stat.node.4.cpu.0.load_issue_to_complete_count = 1499
stat.node.4.cpu.0.avg_load_issue_to_complete_lat = 1168.98
stat.node.4.injector.phase_cycles = 1756082
stat.node.4.injector.request_bytes = 225872
stat.node.4.injector.response_bytes = 285312
stat.node.4.injector.aggregate_bytes = 511184
stat.node.4.injector.request_gbps = 2.46956
stat.node.4.injector.response_gbps = 3.11944
stat.node.4.injector.aggregate_gbps = 5.58899
stat.node.4.llc.cxl_miss = 1500
stat.node.4.llc.total_miss = 1500
stat.node.4.llc.avg_miss_lat = 979.765
stat.node.4.llc.avg_cxl_lat = 979.765
stat.node.4.llc.miss_lat_hist_bin_ns = 10
stat.node.4.llc.miss_lat_hist = [0,0,0,0,0,0,0,0,0,0,0,0,0,0,0,0,0,0,0,0,0,0,0,0,0,0,42,0,0,0,0,4,8,24,18,20,38,70,239,179,143,109,60,109,169,157,90,21]
stat.node.4.util.dram_avg = 9.27743e-06
stat.node.4.walltime_s = 91.4778
stat.node.4.active_time_s = 30.875
stat.node.5.cpu.0.load_issue_to_complete_count = 1499
stat.node.5.cpu.0.avg_load_issue_to_complete_lat = 1171.32
stat.node.5.injector.phase_cycles = 1759603
stat.node.5.injector.request_bytes = 226328
stat.node.5.injector.response_bytes = 285888
stat.node.5.injector.aggregate_bytes = 512216
stat.node.5.injector.request_gbps = 2.46959
stat.node.5.injector.response_gbps = 3.11948
stat.node.5.injector.aggregate_gbps = 5.58907
stat.node.5.llc.cxl_miss = 1500
stat.node.5.llc.total_miss = 1500
stat.node.5.llc.avg_miss_lat = 982.885
stat.node.5.llc.avg_cxl_lat = 982.885
stat.node.5.llc.miss_lat_hist_bin_ns = 10
stat.node.5.llc.miss_lat_hist = [0,0,0,0,0,0,0,0,0,0,0,0,0,0,0,0,0,0,0,0,0,0,0,0,0,0,40,0,0,0,0,12,4,12,16,9,45,75,231,194,133,103,64,128,130,163,113,28]
stat.node.5.util.dram_avg = 9.22685e-06
stat.node.5.walltime_s = 91.8149
stat.node.5.active_time_s = 36.5742
stat.node.7.cpu.0.load_issue_to_complete_count = 1499
stat.node.7.cpu.0.avg_load_issue_to_complete_lat = 1169.75
stat.node.7.injector.phase_cycles = 1757264
stat.node.7.injector.request_bytes = 226024
stat.node.7.injector.response_bytes = 285504
stat.node.7.injector.aggregate_bytes = 511528
stat.node.7.injector.request_gbps = 2.46956
stat.node.7.injector.response_gbps = 3.11944
stat.node.7.injector.aggregate_gbps = 5.58899
stat.node.7.llc.cxl_miss = 1500
stat.node.7.llc.total_miss = 1500
stat.node.7.llc.avg_miss_lat = 981.043
stat.node.7.llc.avg_cxl_lat = 981.043
stat.node.7.llc.miss_lat_hist_bin_ns = 10
stat.node.7.llc.miss_lat_hist = [0,0,0,0,0,0,0,0,0,0,0,0,0,0,0,0,0,0,0,0,0,0,0,0,0,0,46,0,0,0,0,2,13,17,15,11,39,80,215,201,130,114,63,125,140,162,98,28,1]
stat.node.7.util.dram_avg = 9.2142e-06
stat.node.7.walltime_s = 91.8911
stat.node.7.active_time_s = 36.7726
stat.node.6.cpu.0.load_issue_to_complete_count = 1499
stat.node.6.cpu.0.avg_load_issue_to_complete_lat = 1172.9
stat.node.6.injector.phase_cycles = 1761991
stat.node.6.injector.request_bytes = 226632
stat.node.6.injector.response_bytes = 286272
stat.node.6.injector.aggregate_bytes = 512904
stat.node.6.injector.request_gbps = 2.46956
stat.node.6.injector.response_gbps = 3.11944
stat.node.6.injector.aggregate_gbps = 5.58899
stat.node.6.llc.cxl_miss = 1500
stat.node.6.llc.total_miss = 1500
stat.node.6.llc.avg_miss_lat = 984.387
stat.node.6.llc.avg_cxl_lat = 984.387
stat.node.6.llc.miss_lat_hist_bin_ns = 10
stat.node.6.llc.miss_lat_hist = [0,0,0,0,0,0,0,0,0,0,0,0,0,0,0,0,0,0,0,0,0,0,0,0,0,0,32,2,0,1,3,12,4,13,16,13,39,76,223,186,143,103,69,106,179,143,103,32,2]
stat.node.6.util.dram_avg = 9.20585e-06
stat.node.6.walltime_s = 91.9427
stat.node.6.active_time_s = 31.3821
stat.node.0.cpu.0.load_issue_to_complete_count = 1499
stat.node.0.cpu.0.avg_load_issue_to_complete_lat = 1173.74
stat.node.0.injector.phase_cycles = 1763173
stat.node.0.injector.request_bytes = 226784
stat.node.0.injector.response_bytes = 286464
stat.node.0.injector.aggregate_bytes = 513248
stat.node.0.injector.request_gbps = 2.46956
stat.node.0.injector.response_gbps = 3.11944
stat.node.0.injector.aggregate_gbps = 5.58899
stat.node.0.llc.cxl_miss = 1500
stat.node.0.llc.total_miss = 1500
stat.node.0.llc.avg_miss_lat = 985.06
stat.node.0.llc.avg_cxl_lat = 985.06
stat.node.0.llc.miss_lat_hist_bin_ns = 10
stat.node.0.llc.miss_lat_hist = [0,0,0,0,0,0,0,0,0,0,0,0,0,0,0,0,0,0,0,0,0,0,0,0,0,0,33,1,0,0,2,14,5,13,16,10,40,71,223,174,143,101,83,135,160,149,100,25,2]
stat.node.0.util.dram_avg = 9.18918e-06
stat.node.0.walltime_s = 92.0337
stat.node.0.active_time_s = 31.2166
stat.node.1.cpu.0.load_issue_to_complete_count = 1499
stat.node.1.cpu.0.avg_load_issue_to_complete_lat = 1172.9
stat.node.1.injector.phase_cycles = 1761967
stat.node.1.injector.request_bytes = 226632
stat.node.1.injector.response_bytes = 286272
stat.node.1.injector.aggregate_bytes = 512904
stat.node.1.injector.request_gbps = 2.46959
stat.node.1.injector.response_gbps = 3.11948
stat.node.1.injector.aggregate_gbps = 5.58907
stat.node.1.llc.cxl_miss = 1500
stat.node.1.llc.total_miss = 1500
stat.node.1.llc.avg_miss_lat = 984.195
stat.node.1.llc.avg_cxl_lat = 984.195
stat.node.1.llc.miss_lat_hist_bin_ns = 10
stat.node.1.llc.miss_lat_hist = [0,0,0,0,0,0,0,0,0,0,0,0,0,0,0,0,0,0,0,0,0,0,0,0,0,0,35,0,2,4,0,7,5,21,11,12,44,76,212,172,143,106,79,140,153,153,91,33,1]
stat.node.1.util.dram_avg = 9.18503e-06
stat.node.1.walltime_s = 92.0473
stat.node.1.active_time_s = 37.3606
stat.node.3.cpu.0.load_issue_to_complete_count = 1499
stat.node.3.cpu.0.avg_load_issue_to_complete_lat = 1175.28
stat.node.3.injector.phase_cycles = 1765537
stat.node.3.injector.request_bytes = 227088
stat.node.3.injector.response_bytes = 286848
stat.node.3.injector.aggregate_bytes = 513936
stat.node.3.injector.request_gbps = 2.46955
stat.node.3.injector.response_gbps = 3.11944
stat.node.3.injector.aggregate_gbps = 5.58899
stat.node.3.llc.cxl_miss = 1500
stat.node.3.llc.total_miss = 1500
stat.node.3.llc.avg_miss_lat = 986.223
stat.node.3.llc.avg_cxl_lat = 986.223
stat.node.3.llc.miss_lat_hist_bin_ns = 10
stat.node.3.llc.miss_lat_hist = [0,0,0,0,0,0,0,0,0,0,0,0,0,0,0,0,0,0,0,0,0,0,0,0,0,0,34,0,1,1,1,11,2,5,17,12,36,79,226,205,124,106,65,136,137,148,115,36,3]
stat.node.3.util.dram_avg = 9.16853e-06
stat.node.3.walltime_s = 92.1255
stat.node.3.active_time_s = 34.5484
stat.node.2.cpu.0.load_issue_to_complete_count = 1499
stat.node.2.cpu.0.avg_load_issue_to_complete_lat = 1176.83
stat.node.2.injector.phase_cycles = 1767850
stat.node.2.injector.request_bytes = 227392
stat.node.2.injector.response_bytes = 287232
stat.node.2.injector.aggregate_bytes = 514624
stat.node.2.injector.request_gbps = 2.46962
stat.node.2.injector.response_gbps = 3.11953
stat.node.2.injector.aggregate_gbps = 5.58915
stat.node.2.llc.cxl_miss = 1500
stat.node.2.llc.total_miss = 1500
stat.node.2.llc.avg_miss_lat = 986.957
stat.node.2.llc.avg_cxl_lat = 986.957
stat.node.2.llc.miss_lat_hist_bin_ns = 10
stat.node.2.llc.miss_lat_hist = [0,0,0,0,0,0,0,0,0,0,0,0,0,0,0,0,0,0,0,0,0,0,0,0,0,0,27,0,0,0,0,3,11,27,10,13,44,71,204,200,125,123,72,130,148,150,111,26,5]
stat.node.2.util.dram_avg = 9.16026e-06
stat.node.2.walltime_s = 92.1848
stat.node.2.active_time_s = 31.448
stat.pool.100.util.mem_avg = 0.16309
stat.pool.100.util.req_link_avg = 0.423512
stat.pool.100.walltime_s = 92.1848
stat.pool.100.active_time_s = 1.29519
stat.switch.replicated_messages = 0
stat.switch.util.node_ingress_avg = 0.0529461
stat.switch.util.pool_ingress_avg = 0.680876
stat.switch.bw.host_to_switch_gbps = 2.60265
stat.switch.bw.switch_to_host_gbps = 4.18329
stat.switch.bw.host_link_total_gbps = 6.78594
stat.switch.walltime_s = 92.1849
stat.switch.active_time_s = 4.31739
Simulation is complete, simulated time: 1.09255 ms
