stat.node.4.cpu.0.load_issue_to_complete_count = 299
stat.node.4.cpu.0.avg_load_issue_to_complete_lat = 1055.37
stat.node.4.injector.phase_cycles = 316847
stat.node.4.injector.request_bytes = 87048
stat.node.4.injector.response_bytes = 35392
stat.node.4.injector.aggregate_bytes = 122440
stat.node.4.injector.request_gbps = 5.27485
stat.node.4.injector.response_gbps = 2.14465
stat.node.4.injector.aggregate_gbps = 7.41951
stat.node.4.llc.cxl_miss = 300
stat.node.4.llc.total_miss = 300
stat.node.4.llc.avg_miss_lat = 731.147
stat.node.4.llc.avg_cxl_lat = 731.147
stat.node.4.llc.miss_lat_hist_bin_ns = 10
stat.node.4.llc.miss_lat_hist = [0,0,0,0,0,0,0,0,0,0,0,0,0,0,0,0,0,0,0,0,0,0,0,0,0,0,35,29,23,28,70,33,18,39,14,5,5,1]
stat.node.4.util.dram_avg = 3.20208e-05
stat.node.4.walltime_s = 439.941
stat.node.4.active_time_s = 12.3292
stat.node.5.cpu.0.load_issue_to_complete_count = 299
stat.node.5.cpu.0.avg_load_issue_to_complete_lat = 1064.84
stat.node.5.injector.phase_cycles = 319567
stat.node.5.injector.request_bytes = 87792
stat.node.5.injector.response_bytes = 35712
stat.node.5.injector.aggregate_bytes = 123504
stat.node.5.injector.request_gbps = 5.27466
stat.node.5.injector.response_gbps = 2.14562
stat.node.5.injector.aggregate_gbps = 7.42028
stat.node.5.llc.cxl_miss = 300
stat.node.5.llc.total_miss = 300
stat.node.5.llc.avg_miss_lat = 740.373
stat.node.5.llc.avg_cxl_lat = 740.373
stat.node.5.llc.miss_lat_hist_bin_ns = 10
stat.node.5.llc.miss_lat_hist = [0,0,0,0,0,0,0,0,0,0,0,0,0,0,0,0,0,0,0,0,0,0,0,0,0,0,36,14,24,26,53,32,36,57,11,6,4,1]
stat.node.5.util.dram_avg = 3.18726e-05
stat.node.5.walltime_s = 440.276
stat.node.5.active_time_s = 18.997
stat.node.6.cpu.0.load_issue_to_complete_count = 299
stat.node.6.cpu.0.avg_load_issue_to_complete_lat = 1064.85
stat.node.6.injector.phase_cycles = 319588
stat.node.6.injector.request_bytes = 87792
stat.node.6.injector.response_bytes = 35712
stat.node.6.injector.aggregate_bytes = 123504
stat.node.6.injector.request_gbps = 5.27431
stat.node.6.injector.response_gbps = 2.14548
stat.node.6.injector.aggregate_gbps = 7.41979
stat.node.6.llc.cxl_miss = 300
stat.node.6.llc.total_miss = 300
stat.node.6.llc.avg_miss_lat = 739.327
stat.node.6.llc.avg_cxl_lat = 739.327
stat.node.6.llc.miss_lat_hist_bin_ns = 10
stat.node.6.llc.miss_lat_hist = [0,0,0,0,0,0,0,0,0,0,0,0,0,0,0,0,0,0,0,0,0,0,0,0,0,0,33,18,19,17,84,27,23,58,14,3,3,0,1]
stat.node.6.util.dram_avg = 3.18517e-05
stat.node.6.walltime_s = 440.309
stat.node.6.active_time_s = 9.94329
stat.node.7.cpu.0.load_issue_to_complete_count = 299
stat.node.7.cpu.0.avg_load_issue_to_complete_lat = 1064.34
stat.node.7.injector.phase_cycles = 319588
stat.node.7.injector.request_bytes = 87792
stat.node.7.injector.response_bytes = 35712
stat.node.7.injector.aggregate_bytes = 123504
stat.node.7.injector.request_gbps = 5.27431
stat.node.7.injector.response_gbps = 2.14548
stat.node.7.injector.aggregate_gbps = 7.41979
stat.node.7.llc.cxl_miss = 300
stat.node.7.llc.total_miss = 300
stat.node.7.llc.avg_miss_lat = 741.547
stat.node.7.llc.avg_cxl_lat = 741.547
stat.node.7.llc.miss_lat_hist_bin_ns = 10
stat.node.7.llc.miss_lat_hist = [0,0,0,0,0,0,0,0,0,0,0,0,0,0,0,0,0,0,0,0,0,0,0,0,0,0,33,13,25,18,63,36,25,71,13,1,2]
stat.node.7.util.dram_avg = 3.18444e-05
stat.node.7.walltime_s = 440.372
stat.node.7.active_time_s = 11.8805
stat.node.0.cpu.0.load_issue_to_complete_count = 299
stat.node.0.cpu.0.avg_load_issue_to_complete_lat = 1063.71
stat.node.0.injector.phase_cycles = 319448
stat.node.0.injector.request_bytes = 87728
stat.node.0.injector.response_bytes = 35712
stat.node.0.injector.aggregate_bytes = 123440
stat.node.0.injector.request_gbps = 5.27278
stat.node.0.injector.response_gbps = 2.14642
stat.node.0.injector.aggregate_gbps = 7.4192
stat.node.0.llc.cxl_miss = 300
stat.node.0.llc.total_miss = 300
stat.node.0.llc.avg_miss_lat = 741.623
stat.node.0.llc.avg_cxl_lat = 741.623
stat.node.0.llc.miss_lat_hist_bin_ns = 10
stat.node.0.llc.miss_lat_hist = [0,0,0,0,0,0,0,0,0,0,0,0,0,0,0,0,0,0,0,0,0,0,0,0,0,0,40,14,18,11,65,54,21,49,14,7,4,3]
stat.node.0.util.dram_avg = 3.18335e-05
stat.node.0.walltime_s = 440.445
stat.node.0.active_time_s = 11.7995
stat.node.2.cpu.0.load_issue_to_complete_count = 299
stat.node.2.cpu.0.avg_load_issue_to_complete_lat = 1064.38
stat.node.2.injector.phase_cycles = 319572
stat.node.2.injector.request_bytes = 87792
stat.node.2.injector.response_bytes = 35712
stat.node.2.injector.aggregate_bytes = 123504
stat.node.2.injector.request_gbps = 5.27457
stat.node.2.injector.response_gbps = 2.14559
stat.node.2.injector.aggregate_gbps = 7.42016
stat.node.2.llc.cxl_miss = 300
stat.node.2.llc.total_miss = 300
stat.node.2.llc.avg_miss_lat = 739.06
stat.node.2.llc.avg_cxl_lat = 739.06
stat.node.2.llc.miss_lat_hist_bin_ns = 10
stat.node.2.llc.miss_lat_hist = [0,0,0,0,0,0,0,0,0,0,0,0,0,0,0,0,0,0,0,0,0,0,0,0,0,0,35,19,20,23,63,37,23,47,27,5,1]
stat.node.2.util.dram_avg = 3.18209e-05
stat.node.2.walltime_s = 440.475
stat.node.2.active_time_s = 10.6878
stat.node.1.cpu.0.load_issue_to_complete_count = 299
stat.node.1.cpu.0.avg_load_issue_to_complete_lat = 1064.38
stat.node.1.injector.phase_cycles = 319572
stat.node.1.injector.request_bytes = 87792
stat.node.1.injector.response_bytes = 35712
stat.node.1.injector.aggregate_bytes = 123504
stat.node.1.injector.request_gbps = 5.27457
stat.node.1.injector.response_gbps = 2.14559
stat.node.1.injector.aggregate_gbps = 7.42016
stat.node.1.llc.cxl_miss = 300
stat.node.1.llc.total_miss = 300
stat.node.1.llc.avg_miss_lat = 739.117
stat.node.1.llc.avg_cxl_lat = 739.117
stat.node.1.llc.miss_lat_hist_bin_ns = 10
stat.node.1.llc.miss_lat_hist = [0,0,0,0,0,0,0,0,0,0,0,0,0,0,0,0,0,0,0,0,0,0,0,0,0,0,15,15,49,30,62,41,16,43,18,3,6,1,1]
stat.node.1.util.dram_avg = 3.18199e-05
stat.node.1.walltime_s = 440.459
stat.node.1.active_time_s = 19.5851
stat.node.3.cpu.0.load_issue_to_complete_count = 299
stat.node.3.cpu.0.avg_load_issue_to_complete_lat = 1064.38
stat.node.3.injector.phase_cycles = 319572
stat.node.3.injector.request_bytes = 87728
stat.node.3.injector.response_bytes = 35712
stat.node.3.injector.aggregate_bytes = 123440
stat.node.3.injector.request_gbps = 5.27073
stat.node.3.injector.response_gbps = 2.14559
stat.node.3.injector.aggregate_gbps = 7.41632
stat.node.3.llc.cxl_miss = 300
stat.node.3.llc.total_miss = 300
stat.node.3.llc.avg_miss_lat = 739.433
stat.node.3.llc.avg_cxl_lat = 739.433
stat.node.3.llc.miss_lat_hist_bin_ns = 10
stat.node.3.llc.miss_lat_hist = [0,0,0,0,0,0,0,0,0,0,0,0,0,0,0,0,0,0,0,0,0,0,0,0,0,0,24,17,25,40,55,40,22,54,13,8,2]
stat.node.3.util.dram_avg = 3.18188e-05
stat.node.3.walltime_s = 440.492
stat.node.3.active_time_s = 18.1993
stat.pool.100.util.mem_avg = 0.221184
stat.pool.100.util.req_link_avg = 0.885329
stat.pool.100.walltime_s = 440.504
stat.pool.100.active_time_s = 0.437143
stat.switch.replicated_messages = 0
stat.switch.util.node_ingress_avg = 0.110698
stat.switch.util.pool_ingress_avg = 0.568197
stat.switch.bw.host_to_switch_gbps = 5.44151
stat.switch.bw.switch_to_host_gbps = 3.491
stat.switch.bw.host_link_total_gbps = 8.93251
stat.switch.walltime_s = 440.504
stat.switch.active_time_s = 1.35424
Simulation is complete, simulated time: 314.531 us
