stat.node.7.cpu.0.retired = 157
stat.node.0.cpu.0.retired = 152
stat.node.0.cpu.0.cycles = 1000000
stat.node.2.cpu.0.retired = 143
stat.node.2.cpu.0.cycles = 1000000
stat.node.4.cpu.0.retired = 142
stat.node.4.cpu.0.cycles = 1000000
stat.node.6.cpu.0.retired = 162
stat.node.6.cpu.0.cycles = 1000000
stat.node.5.cpu.0.retired = 156
stat.node.5.cpu.0.cycles = 1000000
stat.node.1.cpu.0.retired = 148
stat.node.1.cpu.0.cycles = 1000000
stat.node.3.cpu.0.retired = 141
stat.node.3.cpu.0.cycles = 1000000
stat.node.7.cpu.0.cycles = 1000000
stat.node.7.cpu.0.retired = 326
stat.node.7.cpu.0.cycles = 2000000
stat.node.3.cpu.0.retired = 308
stat.node.3.cpu.0.cycles = 2000000
stat.node.5.cpu.0.retired = 326
stat.node.5.cpu.0.cycles = 2000000
stat.node.0.cpu.0.retired = 320
stat.node.0.cpu.0.cycles = 2000000
stat.node.1.cpu.0.retired = 316
stat.node.1.cpu.0.cycles = 2000000
stat.node.2.cpu.0.retired = 310
stat.node.2.cpu.0.cycles = 2000000
stat.node.6.cpu.0.retired = 334
stat.node.6.cpu.0.cycles = 2000000
stat.node.4.cpu.0.retired = 311
stat.node.4.cpu.0.cycles = 2000000
stat.node.0.cpu.0.retired = 519
stat.node.0.cpu.0.cycles = 3000000
stat.node.1.cpu.0.retired = 513
stat.node.1.cpu.0.cycles = 3000000
stat.node.2.cpu.0.retired = 508
stat.node.2.cpu.0.cycles = 3000000
stat.node.6.cpu.0.retired = 535
stat.node.6.cpu.0.cycles = 3000000
stat.node.4.cpu.0.retired = 509
stat.node.4.cpu.0.cycles = 3000000
stat.node.7.cpu.0.retired = 525
stat.node.7.cpu.0.cycles = 3000000
stat.node.3.cpu.0.retired = 505
stat.node.3.cpu.0.cycles = 3000000
stat.node.5.cpu.0.retired = 527
stat.node.5.cpu.0.cycles = 3000000
stat.node.0.cpu.0.retired = 735
stat.node.0.cpu.0.cycles = 4000000
stat.node.1.cpu.0.retired = 729
stat.node.1.cpu.0.cycles = 4000000
stat.node.2.cpu.0.retired = 723
stat.node.2.cpu.0.cycles = 4000000
stat.node.5.cpu.0.retired = 742
stat.node.5.cpu.0.cycles = 4000000
stat.node.4.cpu.0.retired = 724
stat.node.4.cpu.0.cycles = 4000000
stat.node.7.cpu.0.retired = 741
stat.node.7.cpu.0.cycles = 4000000
stat.node.3.cpu.0.retired = 720
stat.node.6.cpu.0.retired = 751
stat.node.6.cpu.0.cycles = 4000000
stat.node.3.cpu.0.cycles = 4000000
stat.node.5.cpu.0.retired = 967
stat.node.5.cpu.0.cycles = 5000000
stat.node.4.cpu.0.retired = 947
stat.node.4.cpu.0.cycles = 5000000
stat.node.7.cpu.0.retired = 967
stat.node.7.cpu.0.cycles = 5000000
stat.node.6.cpu.0.retired = 977
stat.node.6.cpu.0.cycles = 5000000
stat.node.2.cpu.0.retired = 947
stat.node.2.cpu.0.cycles = 5000000
stat.node.0.cpu.0.retired = 960
stat.node.0.cpu.0.cycles = 5000000
stat.node.1.cpu.0.retired = 954
stat.node.1.cpu.0.cycles = 5000000
stat.node.3.cpu.0.retired = 944
stat.node.3.cpu.0.cycles = 5000000
stat.node.0.cpu.0.retired = 1190
stat.node.0.cpu.0.cycles = 6000000
stat.node.3.cpu.0.retired = 1172
stat.node.3.cpu.0.cycles = 6000000
stat.node.1.cpu.0.retired = 1187
stat.node.1.cpu.0.cycles = 6000000
stat.node.5.cpu.0.retired = 1200
stat.node.5.cpu.0.cycles = 6000000
stat.node.4.cpu.0.retired = 1177
stat.node.4.cpu.0.cycles = 6000000
stat.node.7.cpu.0.retired = 1198
stat.node.7.cpu.0.cycles = 6000000
stat.node.6.cpu.0.retired = 1210
stat.node.6.cpu.0.cycles = 6000000
stat.node.2.cpu.0.retired = 1176
stat.node.2.cpu.0.cycles = 6000000
stat.node.4.cpu.0.retired = 1408
stat.node.4.cpu.0.cycles = 7000000
stat.node.7.cpu.0.retired = 1429
stat.node.7.cpu.0.cycles = 7000000
stat.node.6.cpu.0.retired = 1441
stat.node.6.cpu.0.cycles = 7000000
stat.node.0.cpu.0.retired = 1422
stat.node.0.cpu.0.cycles = 7000000
stat.node.2.cpu.0.retired = 1409
stat.node.2.cpu.0.cycles = 7000000
stat.node.3.cpu.0.retired = 1404
stat.node.3.cpu.0.cycles = 7000000
stat.node.1.cpu.0.retired = 1419
stat.node.1.cpu.0.cycles = 7000000
stat.node.5.cpu.0.retired = 1430
stat.node.5.cpu.0.cycles = 7000000
stat.node.0.cpu.0.retired = 1658
stat.node.0.cpu.0.cycles = 8000000
stat.node.4.cpu.0.retired = 1644
stat.node.4.cpu.0.cycles = 8000000
stat.node.7.cpu.0.retired = 1666
stat.node.7.cpu.0.cycles = 8000000
stat.node.6.cpu.0.retired = 1678
stat.node.6.cpu.0.cycles = 8000000
stat.node.5.cpu.0.retired = 1666
stat.node.5.cpu.0.cycles = 8000000
stat.node.2.cpu.0.retired = 1645
stat.node.2.cpu.0.cycles = 8000000
stat.node.3.cpu.0.retired = 1639
stat.node.3.cpu.0.cycles = 8000000
stat.node.1.cpu.0.retired = 1656
stat.node.1.cpu.0.cycles = 8000000
stat.node.4.cpu.0.retired = 1880
stat.node.4.cpu.0.cycles = 9000000
stat.node.7.cpu.0.retired = 1901
stat.node.1.cpu.0.retired = 1889
stat.node.1.cpu.0.cycles = 9000000
stat.node.5.cpu.0.retired = 1901
stat.node.5.cpu.0.cycles = 9000000
stat.node.2.cpu.0.retired = 1878
stat.node.2.cpu.0.cycles = 9000000
stat.node.3.cpu.0.retired = 1874
stat.node.3.cpu.0.cycles = 9000000
stat.node.6.cpu.0.retired = 1912
stat.node.6.cpu.0.cycles = 9000000
stat.node.0.cpu.0.retired = 1893
stat.node.0.cpu.0.cycles = 9000000
stat.node.7.cpu.0.cycles = 9000000
stat.node.6.cpu.0.load_issue_to_complete_count = 1499
stat.node.6.cpu.0.avg_load_issue_to_complete_lat = 4351.37
stat.node.6.injector.phase_cycles = 6532597
stat.node.6.injector.request_bytes = 2086528
stat.node.6.injector.response_bytes = 0
stat.node.6.injector.aggregate_bytes = 2086528
stat.node.6.injector.request_gbps = 6.13253
stat.node.6.injector.response_gbps = 0
stat.node.6.injector.aggregate_gbps = 6.13253
stat.node.6.llc.cxl_miss = 1500
stat.node.6.llc.total_miss = 1500
stat.node.6.llc.avg_miss_lat = 3975.23
stat.node.6.llc.avg_cxl_lat = 3975.23
stat.node.6.llc.miss_lat_hist_bin_ns = 10
stat.node.6.llc.miss_lat_hist = [0,0,0,0,0,0,0,0,0,0,0,0,0,0,0,0,0,0,0,0,0,0,0,0,0,0,0,0,0,0,0,0,0,0,0,0,0,0,0,0,0,0,0,0,0,0,0,0,0,0,0,0,0,0,0,0,0,0,0,0,0,0,0,0,0,0,0,0,0,0,0,0,0,0,0,0,0,0,0,0,0,0,0,0,0,0,0,0,0,0,0,0,0,0,0,0,0,0,0,0,0,0,0,0,0,0,0,0,0,0,0,0,0,0,0,0,0,0,0,0,0,0,0,0,0,0,0,0,0,0,0,0,0,0,1,1,0,0,2,0,0,2,2,3,6,3,3,6,13,6,3,9,12,12,24,19,45,42,36,53,50,30,73,69,101,123,92,75,89,72,87,71,93,33,18,36,14,11,20,3,4,3,4,1,15,2,2,2,0,0,0,0,1,0,0,0,0,0,0,0,1,0,2]
stat.node.6.util.dram_avg = 2.56132e-06
stat.node.6.walltime_s = 4265.38
stat.node.6.active_time_s = 165.601
stat.node.5.cpu.0.load_issue_to_complete_count = 1499
stat.node.5.cpu.0.avg_load_issue_to_complete_lat = 4365.33
stat.node.5.injector.phase_cycles = 6553722
stat.node.5.injector.request_bytes = 2087360
stat.node.5.injector.response_bytes = 0
stat.node.5.injector.aggregate_bytes = 2087360
stat.node.5.injector.request_gbps = 6.1152
stat.node.5.injector.response_gbps = 0
stat.node.5.injector.aggregate_gbps = 6.1152
stat.node.5.llc.cxl_miss = 1500
stat.node.5.llc.total_miss = 1500
stat.node.5.llc.avg_miss_lat = 3988.83
stat.node.5.llc.avg_cxl_lat = 3988.83
stat.node.5.llc.miss_lat_hist_bin_ns = 10
stat.node.5.llc.miss_lat_hist = [0,0,0,0,0,0,0,0,0,0,0,0,0,0,0,0,0,0,0,0,0,0,0,0,0,0,0,0,0,0,0,0,0,0,0,0,0,0,0,0,0,0,0,0,0,0,0,0,0,0,0,0,0,0,0,0,0,0,0,0,0,0,0,0,0,0,0,0,0,0,0,0,0,0,0,0,0,0,0,0,0,0,0,0,0,0,0,0,0,0,0,0,0,0,0,0,0,0,0,0,0,0,0,0,0,0,0,0,0,0,0,0,0,0,0,0,0,0,0,0,0,0,0,0,0,0,0,0,0,0,0,0,0,0,0,0,0,0,1,0,0,2,2,5,0,4,5,7,8,3,7,13,11,22,16,18,24,40,32,50,45,34,96,42,109,132,73,95,72,77,93,53,97,32,13,54,18,15,29,3,6,7,2,1,10,2,5,5,0,0,0,1,8,1]
stat.node.5.util.dram_avg = 2.54744e-06
stat.node.5.walltime_s = 4277.01
stat.node.5.active_time_s = 222.245
stat.node.7.cpu.0.load_issue_to_complete_count = 1499
stat.node.7.cpu.0.avg_load_issue_to_complete_lat = 4358.08
stat.node.7.injector.phase_cycles = 6542303
stat.node.7.injector.request_bytes = 2083008
stat.node.7.injector.response_bytes = 0
stat.node.7.injector.aggregate_bytes = 2083008
stat.node.7.injector.request_gbps = 6.1131
stat.node.7.injector.response_gbps = 0
stat.node.7.injector.aggregate_gbps = 6.1131
stat.node.7.llc.cxl_miss = 1500
stat.node.7.llc.total_miss = 1500
stat.node.7.llc.avg_miss_lat = 3985.34
stat.node.7.llc.avg_cxl_lat = 3985.34
stat.node.7.llc.miss_lat_hist_bin_ns = 10
stat.node.7.llc.miss_lat_hist = [0,0,0,0,0,0,0,0,0,0,0,0,0,0,0,0,0,0,0,0,0,0,0,0,0,0,0,0,0,0,0,0,0,0,0,0,0,0,0,0,0,0,0,0,0,0,0,0,0,0,0,0,0,0,0,0,0,0,0,0,0,0,0,0,0,0,0,0,0,0,0,0,0,0,0,0,0,0,0,0,0,0,0,0,0,0,0,0,0,0,0,0,0,0,0,0,0,0,0,0,0,0,0,0,0,0,0,0,0,0,0,0,0,0,0,0,0,0,0,0,0,0,0,0,0,0,0,0,0,0,0,0,0,0,0,0,1,4,0,2,1,0,4,2,1,4,1,5,9,13,6,10,7,19,21,22,33,32,25,49,54,48,81,66,101,132,73,78,101,61,81,69,92,33,9,34,19,8,22,3,5,6,4,0,13,10,5,2,3,0,0,0,9,2,1,0,0,0,0,0,1,0,0,0,0,1,0,0,0,2]
stat.node.7.util.dram_avg = 2.54743e-06
stat.node.7.walltime_s = 4277.03
stat.node.7.active_time_s = 163.296
stat.node.0.cpu.0.load_issue_to_complete_count = 1499
stat.node.0.cpu.0.avg_load_issue_to_complete_lat = 4363.73
stat.node.0.injector.phase_cycles = 6551316
stat.node.0.injector.request_bytes = 2081408
stat.node.0.injector.response_bytes = 0
stat.node.0.injector.aggregate_bytes = 2081408
stat.node.0.injector.request_gbps = 6.1
stat.node.0.injector.response_gbps = 0
stat.node.0.injector.aggregate_gbps = 6.1
stat.node.0.llc.cxl_miss = 1500
stat.node.0.llc.total_miss = 1500
stat.node.0.llc.avg_miss_lat = 3986.62
stat.node.0.llc.avg_cxl_lat = 3986.62
stat.node.0.llc.miss_lat_hist_bin_ns = 10
stat.node.0.llc.miss_lat_hist = [0,0,0,0,0,0,0,0,0,0,0,0,0,0,0,0,0,0,0,0,0,0,0,0,0,0,0,0,0,0,0,0,0,0,0,0,0,0,0,0,0,0,0,0,0,0,0,0,0,0,0,0,0,0,0,0,0,0,0,0,0,0,0,0,0,0,0,0,0,0,0,0,0,0,0,0,0,0,0,0,0,0,0,0,0,0,0,0,0,0,0,0,0,0,0,0,0,0,0,0,0,0,0,0,0,0,0,0,0,0,0,0,0,0,0,0,0,0,0,0,0,0,0,0,0,0,0,0,0,0,0,0,1,0,0,1,0,1,1,0,0,1,3,2,4,5,3,1,7,9,9,11,7,12,24,18,29,42,34,44,54,36,77,68,95,150,74,82,84,70,102,82,76,19,12,40,13,17,15,9,6,5,3,1,13,2,2,3,0,0,1,1,11,2,0,2,0,0,0,0,4]
stat.node.0.util.dram_avg = 2.53725e-06
stat.node.0.walltime_s = 4280.86
stat.node.0.active_time_s = 165.634
stat.node.1.cpu.0.load_issue_to_complete_count = 1499
stat.node.1.cpu.0.avg_load_issue_to_complete_lat = 4355.28
stat.node.1.injector.phase_cycles = 6538369
stat.node.1.injector.request_bytes = 2077184
stat.node.1.injector.response_bytes = 0
stat.node.1.injector.aggregate_bytes = 2077184
stat.node.1.injector.request_gbps = 6.09968
stat.node.1.injector.response_gbps = 0
stat.node.1.injector.aggregate_gbps = 6.09968
stat.node.1.llc.cxl_miss = 1500
stat.node.1.llc.total_miss = 1500
stat.node.1.llc.avg_miss_lat = 3985.22
stat.node.1.llc.avg_cxl_lat = 3985.22
stat.node.1.llc.miss_lat_hist_bin_ns = 10
stat.node.1.llc.miss_lat_hist = [0,0,0,0,0,0,0,0,0,0,0,0,0,0,0,0,0,0,0,0,0,0,0,0,0,0,0,0,0,0,0,0,0,0,0,0,0,0,0,0,0,0,0,0,0,0,0,0,0,0,0,0,0,0,0,0,0,0,0,0,0,0,0,0,0,0,0,0,0,0,0,0,0,0,0,0,0,0,0,0,0,0,0,0,0,0,0,0,0,0,0,0,0,0,0,0,0,0,0,0,0,0,0,0,0,0,0,0,0,0,0,0,0,0,0,0,0,0,0,0,0,0,0,0,0,0,0,0,0,0,0,0,0,0,0,0,0,2,0,1,2,1,4,5,2,4,4,3,4,9,7,15,15,14,22,21,30,30,20,42,56,31,91,64,101,121,70,76,97,66,104,83,107,32,18,23,18,14,18,13,7,2,2,2,10,2,0,3,1,0,0,0,5,4,0,0,0,0,0,0,2]
stat.node.1.util.dram_avg = 2.53397e-06
stat.node.1.walltime_s = 4282.22
stat.node.1.active_time_s = 184.162
stat.node.4.cpu.0.load_issue_to_complete_count = 1499
stat.node.4.cpu.0.avg_load_issue_to_complete_lat = 4365.61
stat.node.4.injector.phase_cycles = 6553678
stat.node.4.injector.request_bytes = 2090112
stat.node.4.injector.response_bytes = 0
stat.node.4.injector.aggregate_bytes = 2090112
stat.node.4.injector.request_gbps = 6.1233
stat.node.4.injector.response_gbps = 0
stat.node.4.injector.aggregate_gbps = 6.1233
stat.node.4.llc.cxl_miss = 1500
stat.node.4.llc.total_miss = 1500
stat.node.4.llc.avg_miss_lat = 3991.03
stat.node.4.llc.avg_cxl_lat = 3991.03
stat.node.4.llc.miss_lat_hist_bin_ns = 10
stat.node.4.llc.miss_lat_hist = [0,0,0,0,0,0,0,0,0,0,0,0,0,0,0,0,0,0,0,0,0,0,0,0,0,0,0,0,0,0,0,0,0,0,0,0,0,0,0,0,0,0,0,0,0,0,0,0,0,0,0,0,0,0,0,0,0,0,0,0,0,0,0,0,0,0,0,0,0,0,0,0,0,0,0,0,0,0,0,0,0,0,0,0,0,0,0,0,0,0,0,0,0,0,0,0,0,0,0,0,0,0,0,0,0,0,0,0,0,0,0,0,0,0,0,0,0,0,0,0,0,0,0,0,0,0,0,0,0,0,0,0,0,0,0,2,0,0,2,0,5,2,4,3,2,2,7,6,7,3,5,14,10,19,21,16,26,32,18,51,44,39,85,66,103,142,87,72,78,51,86,92,87,33,21,31,23,14,22,5,5,5,0,1,20,4,4,5,0,1,3,1,4,1,1,0,0,0,0,1,5,0,0,0,0,0,0,0,0,0,1]
stat.node.4.util.dram_avg = 2.52399e-06
stat.node.4.walltime_s = 4289.32
stat.node.4.active_time_s = 144.181
stat.node.2.cpu.0.load_issue_to_complete_count = 1499
stat.node.2.cpu.0.avg_load_issue_to_complete_lat = 4367.13
stat.node.2.injector.phase_cycles = 6555693
stat.node.2.injector.request_bytes = 2081856
stat.node.2.injector.response_bytes = 0
stat.node.2.injector.aggregate_bytes = 2081856
stat.node.2.injector.request_gbps = 6.09724
stat.node.2.injector.response_gbps = 0
stat.node.2.injector.aggregate_gbps = 6.09724
stat.node.2.llc.cxl_miss = 1500
stat.node.2.llc.total_miss = 1500
stat.node.2.llc.avg_miss_lat = 3994.39
stat.node.2.llc.avg_cxl_lat = 3994.39
stat.node.2.llc.miss_lat_hist_bin_ns = 10
stat.node.2.llc.miss_lat_hist = [0,0,0,0,0,0,0,0,0,0,0,0,0,0,0,0,0,0,0,0,0,0,0,0,0,0,0,0,0,0,0,0,0,0,0,0,0,0,0,0,0,0,0,0,0,0,0,0,0,0,0,0,0,0,0,0,0,0,0,0,0,0,0,0,0,0,0,0,0,0,0,0,0,0,0,0,0,0,0,0,0,0,0,0,0,0,0,0,0,0,0,0,0,0,0,0,0,0,0,0,0,0,0,0,0,0,0,0,0,0,0,0,0,0,0,0,0,0,0,0,0,0,0,0,0,0,0,0,0,0,0,0,0,0,0,0,0,1,1,1,3,0,3,2,3,5,5,5,8,5,9,9,7,18,22,14,27,31,28,46,42,32,89,72,107,109,60,92,97,70,107,81,88,29,13,39,24,12,19,4,8,4,2,1,17,3,5,3,2,2,1,0,4,0,1,1,0,1,0,0,5,0,0,0,1]
stat.node.2.util.dram_avg = 2.52195e-06
stat.node.2.walltime_s = 4290.36
stat.node.2.active_time_s = 148.964
stat.node.3.cpu.0.load_issue_to_complete_count = 1499
stat.node.3.cpu.0.avg_load_issue_to_complete_lat = 4372.23
stat.node.3.injector.phase_cycles = 6564243
stat.node.3.injector.request_bytes = 2081472
stat.node.3.injector.response_bytes = 0
stat.node.3.injector.aggregate_bytes = 2081472
stat.node.3.injector.request_gbps = 6.08818
stat.node.3.injector.response_gbps = 0
stat.node.3.injector.aggregate_gbps = 6.08818
stat.node.3.llc.cxl_miss = 1500
stat.node.3.llc.total_miss = 1500
stat.node.3.llc.avg_miss_lat = 3999.42
stat.node.3.llc.avg_cxl_lat = 3999.42
stat.node.3.llc.miss_lat_hist_bin_ns = 10
stat.node.3.llc.miss_lat_hist = [0,0,0,0,0,0,0,0,0,0,0,0,0,0,0,0,0,0,0,0,0,0,0,0,0,0,0,0,0,0,0,0,0,0,0,0,0,0,0,0,0,0,0,0,0,0,0,0,0,0,0,0,0,0,0,0,0,0,0,0,0,0,0,0,0,0,0,0,0,0,0,0,0,0,0,0,0,0,0,0,0,0,0,0,0,0,0,0,0,0,0,0,0,0,0,0,0,0,0,0,0,0,0,0,0,0,0,0,0,0,0,0,0,0,0,0,0,0,0,0,0,0,0,0,0,0,0,0,0,0,0,0,1,1,0,0,0,1,1,0,2,2,3,5,2,2,2,3,4,9,6,8,11,17,11,12,19,24,16,46,55,37,99,67,99,134,57,85,99,62,112,72,95,45,19,46,18,8,30,9,4,4,1,3,9,1,2,3,1,0,1,1,7,1,0,0,1,0,0,0,3,0,0,0,0,1,0,0,0,1]
stat.node.3.util.dram_avg = 2.51639e-06
stat.node.3.walltime_s = 4293.14
stat.node.3.active_time_s = 193.603
stat.pool.100.util.mem_avg = 0.166675
stat.pool.100.util.req_link_avg = 0.999947
stat.pool.100.walltime_s = 4293.14
stat.pool.100.active_time_s = 5.41858
stat.switch.replicated_messages = 0
stat.switch.util.node_ingress_avg = 0.12502
stat.switch.util.pool_ingress_avg = 0.0477563
stat.switch.bw.host_to_switch_gbps = 6.14507
stat.switch.bw.switch_to_host_gbps = 0.293415
stat.switch.bw.host_link_total_gbps = 6.43848
stat.switch.walltime_s = 4293.14
stat.switch.active_time_s = 20.8639
Simulation is complete, simulated time: 3.97713 ms
