stat.node.0.cpu.0.retired = 708
stat.node.0.cpu.0.cycles = 1000000
stat.node.1.cpu.0.retired = 704
stat.node.1.cpu.0.cycles = 1000000
stat.node.2.cpu.0.retired = 701
stat.node.2.cpu.0.cycles = 1000000
stat.node.3.cpu.0.retired = 703
stat.node.3.cpu.0.cycles = 1000000
stat.node.4.cpu.0.retired = 700
stat.node.4.cpu.0.cycles = 1000000
stat.node.5.cpu.0.retired = 714
stat.node.5.cpu.0.cycles = 1000000
stat.node.6.cpu.0.retired = 712
stat.node.6.cpu.0.cycles = 1000000
stat.node.7.cpu.0.retired = 709
stat.node.7.cpu.0.cycles = 1000000
stat.node.7.cpu.0.retired = 1685
stat.node.7.cpu.0.cycles = 2000000
stat.node.0.cpu.0.retired = 1683
stat.node.0.cpu.0.cycles = 2000000
stat.node.1.cpu.0.retired = 1681
stat.node.4.cpu.0.retired = 1671
stat.node.4.cpu.0.cycles = 2000000
stat.node.2.cpu.0.retired = 1678
stat.node.2.cpu.0.cycles = 2000000
stat.node.3.cpu.0.retired = 1679
stat.node.3.cpu.0.cycles = 2000000
stat.node.1.cpu.0.cycles = 2000000
stat.node.5.cpu.0.retired = 1687
stat.node.5.cpu.0.cycles = 2000000
stat.node.6.cpu.0.retired = 1684
stat.node.6.cpu.0.cycles = 2000000
stat.node.5.cpu.0.load_issue_to_complete_count = 1499
stat.node.5.cpu.0.avg_load_issue_to_complete_lat = 1028.81
stat.node.5.injector.phase_cycles = 1545867
stat.node.5.injector.request_bytes = 348928
stat.node.5.injector.response_bytes = 630336
stat.node.5.injector.aggregate_bytes = 979264
stat.node.5.injector.request_gbps = 4.33376
stat.node.5.injector.response_gbps = 7.82891
stat.node.5.injector.aggregate_gbps = 12.1627
stat.node.5.llc.cxl_miss = 1500
stat.node.5.llc.total_miss = 1500
stat.node.5.llc.avg_miss_lat = 844.425
stat.node.5.llc.avg_cxl_lat = 844.425
stat.node.5.llc.miss_lat_hist_bin_ns = 10
stat.node.5.llc.miss_lat_hist = [0,0,0,0,0,0,0,0,0,0,0,0,0,0,0,0,0,0,0,0,0,0,0,0,0,0,0,7,68,78,38,36,43,93,278,334,159,78,105,51,66,48,16,2]
stat.node.5.util.dram_avg = 1.04071e-05
stat.node.5.walltime_s = 974.703
stat.node.5.active_time_s = 32.8877
stat.node.7.cpu.0.load_issue_to_complete_count = 1499
stat.node.7.cpu.0.avg_load_issue_to_complete_lat = 1026.6
stat.node.7.injector.phase_cycles = 1542542
stat.node.7.injector.request_bytes = 348184
stat.node.7.injector.response_bytes = 628992
stat.node.7.injector.aggregate_bytes = 977176
stat.node.7.injector.request_gbps = 4.33384
stat.node.7.injector.response_gbps = 7.82906
stat.node.7.injector.aggregate_gbps = 12.1629
stat.node.7.llc.cxl_miss = 1500
stat.node.7.llc.total_miss = 1500
stat.node.7.llc.avg_miss_lat = 842.523
stat.node.7.llc.avg_cxl_lat = 842.523
stat.node.7.llc.miss_lat_hist_bin_ns = 10
stat.node.7.llc.miss_lat_hist = [0,0,0,0,0,0,0,0,0,0,0,0,0,0,0,0,0,0,0,0,0,0,0,0,0,0,1,10,74,80,30,23,53,85,300,341,165,66,94,44,73,45,16]
stat.node.7.util.dram_avg = 1.03972e-05
stat.node.7.walltime_s = 974.959
stat.node.7.active_time_s = 45.8981
stat.node.6.cpu.0.load_issue_to_complete_count = 1499
stat.node.6.cpu.0.avg_load_issue_to_complete_lat = 1029.68
stat.node.6.injector.phase_cycles = 1546987
stat.node.6.injector.request_bytes = 349184
stat.node.6.injector.response_bytes = 630784
stat.node.6.injector.aggregate_bytes = 979968
stat.node.6.injector.request_gbps = 4.3338
stat.node.6.injector.response_gbps = 7.8288
stat.node.6.injector.aggregate_gbps = 12.1626
stat.node.6.llc.cxl_miss = 1500
stat.node.6.llc.total_miss = 1500
stat.node.6.llc.avg_miss_lat = 845.481
stat.node.6.llc.avg_cxl_lat = 845.481
stat.node.6.llc.miss_lat_hist_bin_ns = 10
stat.node.6.llc.miss_lat_hist = [0,0,0,0,0,0,0,0,0,0,0,0,0,0,0,0,0,0,0,0,0,0,0,0,0,0,0,5,71,90,26,29,46,101,270,316,155,107,97,35,73,61,16,2]
stat.node.6.util.dram_avg = 1.03922e-05
stat.node.6.walltime_s = 975.049
stat.node.6.active_time_s = 34.8859
stat.node.0.cpu.0.load_issue_to_complete_count = 1499
stat.node.0.cpu.0.avg_load_issue_to_complete_lat = 1027.04
stat.node.0.injector.phase_cycles = 1543186
stat.node.0.injector.request_bytes = 348280
stat.node.0.injector.response_bytes = 629248
stat.node.0.injector.aggregate_bytes = 977528
stat.node.0.injector.request_gbps = 4.33323
stat.node.0.injector.response_gbps = 7.82897
stat.node.0.injector.aggregate_gbps = 12.1622
stat.node.0.llc.cxl_miss = 1500
stat.node.0.llc.total_miss = 1500
stat.node.0.llc.avg_miss_lat = 842.747
stat.node.0.llc.avg_cxl_lat = 842.747
stat.node.0.llc.miss_lat_hist_bin_ns = 10
stat.node.0.llc.miss_lat_hist = [0,0,0,0,0,0,0,0,0,0,0,0,0,0,0,0,0,0,0,0,0,0,0,0,0,0,0,8,66,94,38,19,55,93,272,348,156,69,104,44,56,65,10,3]
stat.node.0.util.dram_avg = 1.03893e-05
stat.node.0.walltime_s = 975.085
stat.node.0.active_time_s = 38.2741
stat.node.1.cpu.0.load_issue_to_complete_count = 1499
stat.node.1.cpu.0.avg_load_issue_to_complete_lat = 1027.35
stat.node.1.injector.phase_cycles = 1543641
stat.node.1.injector.request_bytes = 348424
stat.node.1.injector.response_bytes = 629440
stat.node.1.injector.aggregate_bytes = 977864
stat.node.1.injector.request_gbps = 4.33374
stat.node.1.injector.response_gbps = 7.82905
stat.node.1.injector.aggregate_gbps = 12.1628
stat.node.1.llc.cxl_miss = 1500
stat.node.1.llc.total_miss = 1500
stat.node.1.llc.avg_miss_lat = 843.192
stat.node.1.llc.avg_cxl_lat = 843.192
stat.node.1.llc.miss_lat_hist_bin_ns = 10
stat.node.1.llc.miss_lat_hist = [0,0,0,0,0,0,0,0,0,0,0,0,0,0,0,0,0,0,0,0,0,0,0,0,0,0,0,12,66,82,33,20,63,98,279,339,156,64,97,64,60,49,15,3]
stat.node.1.util.dram_avg = 1.03774e-05
stat.node.1.walltime_s = 975.284
stat.node.1.active_time_s = 49.111
stat.node.3.cpu.0.load_issue_to_complete_count = 1499
stat.node.3.cpu.0.avg_load_issue_to_complete_lat = 1027.35
stat.node.3.injector.phase_cycles = 1543663
stat.node.3.injector.request_bytes = 348432
stat.node.3.injector.response_bytes = 629440
stat.node.3.injector.aggregate_bytes = 977872
stat.node.3.injector.request_gbps = 4.33378
stat.node.3.injector.response_gbps = 7.82894
stat.node.3.injector.aggregate_gbps = 12.1627
stat.node.3.llc.cxl_miss = 1500
stat.node.3.llc.total_miss = 1500
stat.node.3.llc.avg_miss_lat = 842.735
stat.node.3.llc.avg_cxl_lat = 842.735
stat.node.3.llc.miss_lat_hist_bin_ns = 10
stat.node.3.llc.miss_lat_hist = [0,0,0,0,0,0,0,0,0,0,0,0,0,0,0,0,0,0,0,0,0,0,0,0,0,0,0,4,82,78,36,26,54,96,278,302,199,57,109,57,63,43,16]
stat.node.3.util.dram_avg = 1.03773e-05
stat.node.3.walltime_s = 975.297
stat.node.3.active_time_s = 34.0446
stat.node.2.cpu.0.load_issue_to_complete_count = 1499
stat.node.2.cpu.0.avg_load_issue_to_complete_lat = 1026.58
stat.node.2.injector.phase_cycles = 1542521
stat.node.2.injector.request_bytes = 348176
stat.node.2.injector.response_bytes = 628992
stat.node.2.injector.aggregate_bytes = 977168
stat.node.2.injector.request_gbps = 4.3338
stat.node.2.injector.response_gbps = 7.82916
stat.node.2.injector.aggregate_gbps = 12.163
stat.node.2.llc.cxl_miss = 1500
stat.node.2.llc.total_miss = 1500
stat.node.2.llc.avg_miss_lat = 842.674
stat.node.2.llc.avg_cxl_lat = 842.674
stat.node.2.llc.miss_lat_hist_bin_ns = 10
stat.node.2.llc.miss_lat_hist = [0,0,0,0,0,0,0,0,0,0,0,0,0,0,0,0,0,0,0,0,0,0,0,0,0,0,1,12,81,74,26,20,62,93,298,327,158,54,116,59,45,47,27]
stat.node.2.util.dram_avg = 1.03675e-05
stat.node.2.walltime_s = 987.617
stat.node.2.active_time_s = 47.5907
stat.node.4.cpu.0.load_issue_to_complete_count = 1499
stat.node.4.cpu.0.avg_load_issue_to_complete_lat = 1031.76
stat.node.4.injector.phase_cycles = 1550280
stat.node.4.injector.request_bytes = 349928
stat.node.4.injector.response_bytes = 632128
stat.node.4.injector.aggregate_bytes = 982056
stat.node.4.injector.request_gbps = 4.33381
stat.node.4.injector.response_gbps = 7.82882
stat.node.4.injector.aggregate_gbps = 12.1626
stat.node.4.llc.cxl_miss = 1500
stat.node.4.llc.total_miss = 1500
stat.node.4.llc.avg_miss_lat = 846.813
stat.node.4.llc.avg_cxl_lat = 846.813
stat.node.4.llc.miss_lat_hist_bin_ns = 10
stat.node.4.llc.miss_lat_hist = [0,0,0,0,0,0,0,0,0,0,0,0,0,0,0,0,0,0,0,0,0,0,0,0,0,0,0,9,103,59,27,14,63,84,235,365,161,34,136,60,72,52,23,3]
stat.node.4.util.dram_avg = 1.03281e-05
stat.node.4.walltime_s = 998.962
stat.node.4.active_time_s = 47.1453
stat.pool.101.util.mem_avg = 0.204903
stat.pool.101.util.req_link_avg = 0.637829
stat.pool.101.walltime_s = 998.949
stat.pool.101.active_time_s = 1.46084
stat.pool.100.util.mem_avg = 0.204903
stat.pool.100.util.req_link_avg = 0.637829
stat.pool.100.walltime_s = 998.949
stat.pool.100.active_time_s = 1.66845
stat.switch.replicated_messages = 101504
stat.switch.util.node_ingress_avg = 0.0912163
stat.switch.util.pool_ingress_avg = 0.734657
stat.switch.bw.host_to_switch_gbps = 4.48397
stat.switch.bw.switch_to_host_gbps = 9.02747
stat.switch.bw.host_link_total_gbps = 13.5114
stat.switch.walltime_s = 998.949
stat.switch.active_time_s = 5.85703
Simulation is complete, simulated time: 969.005 us
