stat.node.5.cpu.0.retired = 743
stat.node.5.cpu.0.cycles = 1000000
stat.node.6.cpu.0.retired = 743
stat.node.6.cpu.0.cycles = 1000000
stat.node.7.cpu.0.retired = 742
stat.node.7.cpu.0.cycles = 1000000
stat.node.0.cpu.0.retired = 745
stat.node.0.cpu.0.cycles = 1000000
stat.node.1.cpu.0.retired = 739
stat.node.1.cpu.0.cycles = 1000000
stat.node.2.cpu.0.retired = 742
stat.node.2.cpu.0.cycles = 1000000
stat.node.3.cpu.0.retired = 743
stat.node.3.cpu.0.cycles = 1000000
stat.node.4.cpu.0.retired = 742
stat.node.4.cpu.0.cycles = 1000000
stat.node.2.cpu.0.retired = 1754
stat.node.2.cpu.0.cycles = 2000000
stat.node.3.cpu.0.retired = 1754
stat.node.5.cpu.0.retired = 1755
stat.node.5.cpu.0.cycles = 2000000
stat.node.6.cpu.0.retired = 1755
stat.node.6.cpu.0.cycles = 2000000
stat.node.4.cpu.0.retired = 1754
stat.node.4.cpu.0.cycles = 2000000
stat.node.7.cpu.0.retired = 1754
stat.node.7.cpu.0.cycles = 2000000
stat.node.0.cpu.0.retired = 1763
stat.node.0.cpu.0.cycles = 2000000
stat.node.1.cpu.0.retired = 1743
stat.node.1.cpu.0.cycles = 2000000
stat.node.3.cpu.0.cycles = 2000000
stat.node.0.cpu.0.load_issue_to_complete_count = 1499
stat.node.0.cpu.0.avg_load_issue_to_complete_lat = 993.526
stat.node.0.injector.phase_cycles = 1492684
stat.node.0.injector.request_bytes = 213504
stat.node.0.injector.response_bytes = 569344
stat.node.0.injector.aggregate_bytes = 782848
stat.node.0.injector.request_gbps = 2.74625
stat.node.0.injector.response_gbps = 7.32332
stat.node.0.injector.aggregate_gbps = 10.0696
stat.node.0.llc.cxl_miss = 1500
stat.node.0.llc.total_miss = 1500
stat.node.0.llc.avg_miss_lat = 811.505
stat.node.0.llc.avg_cxl_lat = 811.505
stat.node.0.llc.miss_lat_hist_bin_ns = 10
stat.node.0.llc.miss_lat_hist = [0,0,0,0,0,0,0,0,0,0,0,0,0,0,0,0,0,0,0,0,0,0,0,0,0,0,292,63,37,16,96,106,55,66,53,90,95,67,85,193,106,37,36,7]
stat.node.0.util.dram_avg = 1.07947e-05
stat.node.0.walltime_s = 566.783
stat.node.0.active_time_s = 32.6357
stat.node.5.cpu.0.load_issue_to_complete_count = 1499
stat.node.5.cpu.0.avg_load_issue_to_complete_lat = 999.107
stat.node.5.injector.phase_cycles = 1501100
stat.node.5.injector.request_bytes = 214752
stat.node.5.injector.response_bytes = 572480
stat.node.5.injector.aggregate_bytes = 787232
stat.node.5.injector.request_gbps = 2.74681
stat.node.5.injector.response_gbps = 7.32237
stat.node.5.injector.aggregate_gbps = 10.0692
stat.node.5.llc.cxl_miss = 1500
stat.node.5.llc.total_miss = 1500
stat.node.5.llc.avg_miss_lat = 816.994
stat.node.5.llc.avg_cxl_lat = 816.994
stat.node.5.llc.miss_lat_hist_bin_ns = 10
stat.node.5.llc.miss_lat_hist = [0,0,0,0,0,0,0,0,0,0,0,0,0,0,0,0,0,0,0,0,0,0,0,0,0,0,241,66,42,7,48,107,129,127,47,62,78,59,68,247,103,33,29,7]
stat.node.5.util.dram_avg = 1.07508e-05
stat.node.5.walltime_s = 570.152
stat.node.5.active_time_s = 40.4013
stat.node.7.cpu.0.load_issue_to_complete_count = 1499
stat.node.2.cpu.0.load_issue_to_complete_count = 1499
stat.node.7.cpu.0.avg_load_issue_to_complete_lat = 999.505
stat.node.7.injector.phase_cycles = 1501671
stat.node.7.injector.request_bytes = 214840
stat.node.7.injector.response_bytes = 572672
stat.node.7.injector.aggregate_bytes = 787512
stat.node.7.injector.request_gbps = 2.74689
stat.node.7.injector.response_gbps = 7.32204
stat.node.7.injector.aggregate_gbps = 10.0689
stat.node.7.llc.cxl_miss = 1500
stat.node.7.llc.total_miss = 1500
stat.node.7.llc.avg_miss_lat = 817.69
stat.node.7.llc.avg_cxl_lat = 817.69
stat.node.7.llc.miss_lat_hist_bin_ns = 10
stat.node.7.llc.miss_lat_hist = [0,0,0,0,0,0,0,0,0,0,0,0,0,0,0,0,0,0,0,0,0,0,0,0,0,0,285,53,31,29,75,84,69,111,39,97,82,23,53,203,173,67,23,3]
stat.node.7.util.dram_avg = 1.07479e-05
stat.node.7.walltime_s = 570.987
stat.node.7.active_time_s = 35.4262
stat.node.2.cpu.0.avg_load_issue_to_complete_lat = 999.588
stat.node.2.injector.phase_cycles = 1501821
stat.node.2.injector.request_bytes = 214840
stat.node.2.injector.response_bytes = 572736
stat.node.2.injector.aggregate_bytes = 787576
stat.node.2.injector.request_gbps = 2.74662
stat.node.2.injector.response_gbps = 7.32213
stat.node.2.injector.aggregate_gbps = 10.0687
stat.node.2.llc.cxl_miss = 1500
stat.node.2.llc.total_miss = 1500
stat.node.2.llc.avg_miss_lat = 817.011
stat.node.2.llc.avg_cxl_lat = 817.011
stat.node.2.llc.miss_lat_hist_bin_ns = 10
stat.node.2.llc.miss_lat_hist = [0,0,0,0,0,0,0,0,0,0,0,0,0,0,0,0,0,0,0,0,0,0,0,0,0,0,293,59,10,19,62,85,72,119,85,94,63,26,73,238,126,45,25,6]
stat.node.2.util.dram_avg = 1.07479e-05
stat.node.2.walltime_s = 570.987
stat.node.2.active_time_s = 36.6894
stat.node.3.cpu.0.load_issue_to_complete_count = 1499
stat.node.3.cpu.0.avg_load_issue_to_complete_lat = 1000.04
stat.node.3.injector.phase_cycles = 1502496
stat.node.3.injector.request_bytes = 214936
stat.node.3.injector.response_bytes = 573056
stat.node.3.injector.aggregate_bytes = 787992
stat.node.3.injector.request_gbps = 2.74661
stat.node.3.injector.response_gbps = 7.32293
stat.node.3.injector.aggregate_gbps = 10.0695
stat.node.3.llc.cxl_miss = 1500
stat.node.3.llc.total_miss = 1500
stat.node.3.llc.avg_miss_lat = 817.307
stat.node.3.llc.avg_cxl_lat = 817.307
stat.node.3.llc.miss_lat_hist_bin_ns = 10
stat.node.3.llc.miss_lat_hist = [0,0,0,0,0,0,0,0,0,0,0,0,0,0,0,0,0,0,0,0,0,0,0,0,0,0,257,58,32,50,79,100,67,79,49,93,81,37,65,259,137,32,19,6]
stat.node.3.util.dram_avg = 1.07447e-05
stat.node.3.walltime_s = 571.113
stat.node.3.active_time_s = 48.0739
stat.node.4.cpu.0.load_issue_to_complete_count = 1499
stat.node.6.cpu.0.load_issue_to_complete_count = 1499
stat.node.6.cpu.0.avg_load_issue_to_complete_lat = 999.672
stat.node.6.injector.phase_cycles = 1501921
stat.node.6.injector.request_bytes = 214848
stat.node.6.injector.response_bytes = 572800
stat.node.6.injector.aggregate_bytes = 787648
stat.node.6.injector.request_gbps = 2.74654
stat.node.6.injector.response_gbps = 7.32246
stat.node.6.injector.aggregate_gbps = 10.069
stat.node.6.llc.cxl_miss = 1500
stat.node.6.llc.total_miss = 1500
stat.node.6.llc.avg_miss_lat = 817.578
stat.node.4.cpu.0.avg_load_issue_to_complete_lat = 1000.02
stat.node.6.llc.avg_cxl_lat = 817.578
stat.node.6.llc.miss_lat_hist_bin_ns = 10
stat.node.6.llc.miss_lat_hist = [0,0,0,0,0,0,0,0,0,0,0,0,0,0,0,0,0,0,0,0,0,0,0,0,0,0,272,49,24,35,109,88,66,78,57,60,88,59,74,235,141,41,22,2]
stat.node.6.util.dram_avg = 1.07442e-05
stat.node.6.walltime_s = 571.115
stat.node.6.active_time_s = 32.9575
stat.node.4.injector.phase_cycles = 1502467
stat.node.4.injector.request_bytes = 214944
stat.node.4.injector.response_bytes = 572992
stat.node.4.injector.aggregate_bytes = 787936
stat.node.4.injector.request_gbps = 2.74677
stat.node.4.injector.response_gbps = 7.32225
stat.node.4.injector.aggregate_gbps = 10.069
stat.node.4.llc.cxl_miss = 1500
stat.node.4.llc.total_miss = 1500
stat.node.4.llc.avg_miss_lat = 817.977
stat.node.4.llc.avg_cxl_lat = 817.977
stat.node.4.llc.miss_lat_hist_bin_ns = 10
stat.node.4.llc.miss_lat_hist = [0,0,0,0,0,0,0,0,0,0,0,0,0,0,0,0,0,0,0,0,0,0,0,0,0,0,285,54,33,40,92,87,41,84,58,99,63,30,51,199,179,69,31,4,1]
stat.node.4.util.dram_avg = 1.07442e-05
stat.node.4.walltime_s = 571.115
stat.node.4.active_time_s = 30.4392
stat.node.1.cpu.0.load_issue_to_complete_count = 1499
stat.node.1.cpu.0.avg_load_issue_to_complete_lat = 1005.49
stat.node.1.injector.phase_cycles = 1510625
stat.node.1.injector.request_bytes = 216096
stat.node.1.injector.response_bytes = 576192
stat.node.1.injector.aggregate_bytes = 792288
stat.node.1.injector.request_gbps = 2.74657
stat.node.1.injector.response_gbps = 7.32338
stat.node.1.injector.aggregate_gbps = 10.07
stat.node.1.llc.cxl_miss = 1500
stat.node.1.llc.total_miss = 1500
stat.node.1.llc.avg_miss_lat = 823.289
stat.node.1.llc.avg_cxl_lat = 823.289
stat.node.1.llc.miss_lat_hist_bin_ns = 10
stat.node.1.llc.miss_lat_hist = [0,0,0,0,0,0,0,0,0,0,0,0,0,0,0,0,0,0,0,0,0,0,0,0,0,0,158,59,155,28,92,71,61,82,47,114,73,55,58,201,126,79,36,4,1]
stat.node.1.util.dram_avg = 1.06923e-05
stat.node.1.walltime_s = 572.744
stat.node.1.active_time_s = 46.2192
stat.pool.101.util.mem_avg = 0.159179
stat.pool.101.util.req_link_avg = 0.385053
stat.pool.101.walltime_s = 572.752
stat.pool.101.active_time_s = 1.10235
stat.pool.100.util.mem_avg = 0.159179
stat.pool.100.util.req_link_avg = 0.385053
stat.pool.100.walltime_s = 572.768
stat.pool.100.active_time_s = 1.33383
stat.switch.replicated_messages = 53504
stat.switch.util.node_ingress_avg = 0.0590309
stat.switch.util.pool_ingress_avg = 0.696956
stat.switch.bw.host_to_switch_gbps = 2.90152
stat.switch.bw.switch_to_host_gbps = 8.56424
stat.switch.bw.host_link_total_gbps = 11.4658
stat.switch.walltime_s = 572.768
stat.switch.active_time_s = 4.86504
Simulation is complete, simulated time: 936 us
