stat.node.6.cpu.0.retired = 589
stat.node.6.cpu.0.cycles = 1000000
stat.node.7.cpu.0.retired = 594
stat.node.7.cpu.0.cycles = 1000000
stat.node.0.cpu.0.retired = 591
stat.node.0.cpu.0.cycles = 1000000
stat.node.1.cpu.0.retired = 586
stat.node.1.cpu.0.cycles = 1000000
stat.node.2.cpu.0.retired = 591
stat.node.3.cpu.0.retired = 591
stat.node.3.cpu.0.cycles = 1000000
stat.node.4.cpu.0.retired = 583
stat.node.4.cpu.0.cycles = 1000000
stat.node.5.cpu.0.retired = 587
stat.node.5.cpu.0.cycles = 1000000
stat.node.2.cpu.0.cycles = 1000000
stat.node.7.cpu.0.load_issue_to_complete_count = 299
stat.node.7.cpu.0.avg_load_issue_to_complete_lat = 1403.51
stat.node.7.injector.phase_cycles = 421742
stat.node.7.injector.request_bytes = 92440
stat.node.7.injector.response_bytes = 246656
stat.node.7.injector.aggregate_bytes = 339096
stat.node.7.injector.request_gbps = 4.20837
stat.node.7.injector.response_gbps = 11.2291
stat.node.7.injector.aggregate_gbps = 15.4375
stat.node.7.llc.cxl_miss = 300
stat.node.7.llc.total_miss = 300
stat.node.7.llc.avg_miss_lat = 1032.38
stat.node.7.llc.avg_cxl_lat = 1032.38
stat.node.7.llc.miss_lat_hist_bin_ns = 10
stat.node.7.llc.miss_lat_hist = [0,0,0,0,0,0,0,0,0,0,0,0,0,0,0,0,0,0,0,0,0,0,0,0,0,0,0,0,0,1,4,7,7,14,13,12,18,10,15,12,10,16,12,19,13,24,13,9,12,12,8,6,1,4,3,5,5,8,1,0,1,1,1,1,2]
stat.node.7.util.dram_avg = 2.3807e-05
stat.node.7.walltime_s = 1648.64
stat.node.7.active_time_s = 25.2826
stat.node.2.cpu.0.load_issue_to_complete_count = 299
stat.node.2.cpu.0.avg_load_issue_to_complete_lat = 1405.31
stat.node.2.injector.phase_cycles = 421720
stat.node.2.injector.request_bytes = 92448
stat.node.2.injector.response_bytes = 246656
stat.node.2.injector.aggregate_bytes = 339104
stat.node.2.injector.request_gbps = 4.20896
stat.node.2.injector.response_gbps = 11.2297
stat.node.2.injector.aggregate_gbps = 15.4387
stat.node.2.llc.cxl_miss = 300
stat.node.2.llc.total_miss = 300
stat.node.2.llc.avg_miss_lat = 1033.14
stat.node.2.llc.avg_cxl_lat = 1033.14
stat.node.2.llc.miss_lat_hist_bin_ns = 10
stat.node.2.llc.miss_lat_hist = [0,0,0,0,0,0,0,0,0,0,0,0,0,0,0,0,0,0,0,0,0,0,0,0,0,0,0,0,0,2,7,6,12,11,11,10,12,11,16,13,20,21,13,8,14,14,11,9,12,7,9,8,9,6,7,4,3,5,2,2,0,3,0,1,0,0,0,1]
stat.node.2.util.dram_avg = 2.37371e-05
stat.node.2.walltime_s = 1658.15
stat.node.2.active_time_s = 17.8916
stat.node.0.cpu.0.load_issue_to_complete_count = 299
stat.node.0.cpu.0.avg_load_issue_to_complete_lat = 1406.26
stat.node.0.injector.phase_cycles = 422345
stat.node.0.injector.request_bytes = 92544
stat.node.0.injector.response_bytes = 246848
stat.node.0.injector.aggregate_bytes = 339392
stat.node.0.injector.request_gbps = 4.20709
stat.node.0.injector.response_gbps = 11.2218
stat.node.0.injector.aggregate_gbps = 15.4289
stat.node.0.llc.cxl_miss = 300
stat.node.0.llc.total_miss = 300
stat.node.0.llc.avg_miss_lat = 1040.75
stat.node.0.llc.avg_cxl_lat = 1040.75
stat.node.0.llc.miss_lat_hist_bin_ns = 10
stat.node.0.llc.miss_lat_hist = [0,0,0,0,0,0,0,0,0,0,0,0,0,0,0,0,0,0,0,0,0,0,0,0,0,0,0,0,0,0,4,5,8,7,19,12,17,6,19,13,11,16,20,15,19,15,9,9,1,9,12,6,10,11,6,7,1,0,4,2,1,3,1,0,1,1]
stat.node.0.util.dram_avg = 2.37277e-05
stat.node.0.walltime_s = 1658.87
stat.node.0.active_time_s = 16.0718
stat.node.3.cpu.0.load_issue_to_complete_count = 299
stat.node.3.cpu.0.avg_load_issue_to_complete_lat = 1403.14
stat.node.3.injector.phase_cycles = 421020
stat.node.3.injector.request_bytes = 92256
stat.node.3.injector.response_bytes = 246336
stat.node.3.injector.aggregate_bytes = 338592
stat.node.3.injector.request_gbps = 4.2072
stat.node.3.injector.response_gbps = 11.2338
stat.node.3.injector.aggregate_gbps = 15.441
stat.node.3.llc.cxl_miss = 300
stat.node.3.llc.total_miss = 300
stat.node.3.llc.avg_miss_lat = 1038.6
stat.node.3.llc.avg_cxl_lat = 1038.6
stat.node.3.llc.miss_lat_hist_bin_ns = 10
stat.node.3.llc.miss_lat_hist = [0,0,0,0,0,0,0,0,0,0,0,0,0,0,0,0,0,0,0,0,0,0,0,0,0,0,0,0,0,1,3,3,10,8,12,17,11,14,19,16,17,13,20,9,11,18,12,7,7,11,10,8,8,8,7,4,5,3,4,0,0,0,0,1,3]
stat.node.3.util.dram_avg = 2.37253e-05
stat.node.3.walltime_s = 1658.88
stat.node.3.active_time_s = 29.8814
stat.node.6.cpu.0.load_issue_to_complete_count = 299
stat.node.6.cpu.0.avg_load_issue_to_complete_lat = 1403.82
stat.node.6.injector.phase_cycles = 421245
stat.node.6.injector.request_bytes = 92352
stat.node.6.injector.response_bytes = 246208
stat.node.6.injector.aggregate_bytes = 338560
stat.node.6.injector.request_gbps = 4.20933
stat.node.6.injector.response_gbps = 11.222
stat.node.6.injector.aggregate_gbps = 15.4313
stat.node.6.llc.cxl_miss = 300
stat.node.6.llc.total_miss = 300
stat.node.6.llc.avg_miss_lat = 1034.85
stat.node.6.llc.avg_cxl_lat = 1034.85
stat.node.6.llc.miss_lat_hist_bin_ns = 10
stat.node.6.llc.miss_lat_hist = [0,0,0,0,0,0,0,0,0,0,0,0,0,0,0,0,0,0,0,0,0,0,0,0,0,0,0,0,0,1,3,5,5,12,11,20,19,15,11,16,13,13,13,17,15,13,10,8,10,6,13,10,11,9,7,2,0,2,1,2,0,1,3,1,1,0,0,1]
stat.node.6.util.dram_avg = 2.36464e-05
stat.node.6.walltime_s = 1662.33
stat.node.6.active_time_s = 16.8476
stat.node.5.cpu.0.load_issue_to_complete_count = 299
stat.node.5.cpu.0.avg_load_issue_to_complete_lat = 1409.43
stat.node.5.injector.phase_cycles = 422741
stat.node.5.injector.request_bytes = 92640
stat.node.5.injector.response_bytes = 247296
stat.node.5.injector.aggregate_bytes = 339936
stat.node.5.injector.request_gbps = 4.20751
stat.node.5.injector.response_gbps = 11.2317
stat.node.5.injector.aggregate_gbps = 15.4392
stat.node.5.llc.cxl_miss = 300
stat.node.5.llc.total_miss = 300
stat.node.5.llc.avg_miss_lat = 1037.23
stat.node.5.llc.avg_cxl_lat = 1037.23
stat.node.5.llc.miss_lat_hist_bin_ns = 10
stat.node.5.llc.miss_lat_hist = [0,0,0,0,0,0,0,0,0,0,0,0,0,0,0,0,0,0,0,0,0,0,0,0,0,0,0,0,0,0,5,4,8,8,13,17,17,10,7,18,25,15,11,14,15,14,14,10,10,6,8,10,12,6,2,4,5,1,1,3,4,0,1,0,2]
stat.node.5.util.dram_avg = 2.36051e-05
stat.node.5.walltime_s = 1664.67
stat.node.5.active_time_s = 27.3437
stat.node.1.cpu.0.load_issue_to_complete_count = 299
stat.node.1.cpu.0.avg_load_issue_to_complete_lat = 1411.02
stat.node.1.injector.phase_cycles = 423945
stat.node.1.injector.request_bytes = 92928
stat.node.1.injector.response_bytes = 247936
stat.node.1.injector.aggregate_bytes = 340864
stat.node.1.injector.request_gbps = 4.20861
stat.node.1.injector.response_gbps = 11.2287
stat.node.1.injector.aggregate_gbps = 15.4374
stat.node.1.llc.cxl_miss = 300
stat.node.1.llc.total_miss = 300
stat.node.1.llc.avg_miss_lat = 1048.22
stat.node.1.llc.avg_cxl_lat = 1048.22
stat.node.1.llc.miss_lat_hist_bin_ns = 10
stat.node.1.llc.miss_lat_hist = [0,0,0,0,0,0,0,0,0,0,0,0,0,0,0,0,0,0,0,0,0,0,0,0,0,0,0,0,0,5,4,3,4,15,11,14,7,13,11,10,17,16,18,13,13,23,11,10,8,8,12,7,11,5,8,3,5,4,2,2,2,1,3,0,0,0,0,1]
stat.node.1.util.dram_avg = 2.35536e-05
stat.node.1.walltime_s = 1669.73
stat.node.1.active_time_s = 25.0402
stat.node.4.cpu.0.load_issue_to_complete_count = 299
stat.node.4.cpu.0.avg_load_issue_to_complete_lat = 1402.26
stat.node.4.injector.phase_cycles = 420872
stat.node.4.injector.request_bytes = 92256
stat.node.4.injector.response_bytes = 246080
stat.node.4.injector.aggregate_bytes = 338336
stat.node.4.injector.request_gbps = 4.20868
stat.node.4.injector.response_gbps = 11.2261
stat.node.4.injector.aggregate_gbps = 15.4347
stat.node.4.llc.cxl_miss = 300
stat.node.4.llc.total_miss = 300
stat.node.4.llc.avg_miss_lat = 1027.78
stat.node.4.llc.avg_cxl_lat = 1027.78
stat.node.4.llc.miss_lat_hist_bin_ns = 10
stat.node.4.llc.miss_lat_hist = [0,0,0,0,0,0,0,0,0,0,0,0,0,0,0,0,0,0,0,0,0,0,0,0,0,0,0,0,0,2,3,7,6,14,14,14,16,17,10,6,25,13,20,19,8,11,10,7,9,12,10,8,8,8,5,6,2,4,2,2,0,1,0,1]
stat.node.4.util.dram_avg = 2.34936e-05
stat.node.4.walltime_s = 1672.08
stat.node.4.active_time_s = 17.7514
stat.pool.101.util.mem_avg = 0.195592
stat.pool.101.util.req_link_avg = 0.35242
stat.pool.101.walltime_s = 1672.06
stat.pool.101.active_time_s = 1.14751
stat.pool.100.util.mem_avg = 0.195596
stat.pool.100.util.req_link_avg = 0.352631
stat.pool.100.walltime_s = 1672.06
stat.pool.100.active_time_s = 1.31977
stat.switch.replicated_messages = 0
stat.switch.util.node_ingress_avg = 0.0881522
stat.switch.util.pool_ingress_avg = 0.993936
stat.switch.bw.host_to_switch_gbps = 4.33297
stat.switch.bw.switch_to_host_gbps = 12.2135
stat.switch.bw.host_link_total_gbps = 16.5465
stat.switch.walltime_s = 1672.06
stat.switch.active_time_s = 3.52822
Simulation is complete, simulated time: 425.988 us
