stat.node.0.cpu.0.load_issue_to_complete_count = 299
stat.node.0.cpu.0.avg_load_issue_to_complete_lat = 1200.47
stat.node.0.injector.phase_cycles = 360400
stat.node.0.injector.request_bytes = 114576
stat.node.0.injector.response_bytes = 206976
stat.node.0.injector.aggregate_bytes = 321552
stat.node.0.injector.request_gbps = 6.10394
stat.node.0.injector.response_gbps = 11.0265
stat.node.0.injector.aggregate_gbps = 17.1304
stat.node.0.llc.cxl_miss = 300
stat.node.0.llc.total_miss = 300
stat.node.0.llc.avg_miss_lat = 857.277
stat.node.0.llc.avg_cxl_lat = 857.277
stat.node.0.llc.miss_lat_hist_bin_ns = 10
stat.node.0.llc.miss_lat_hist = [0,0,0,0,0,0,0,0,0,0,0,0,0,0,0,0,0,0,0,0,0,0,0,0,0,0,0,0,0,0,1,12,22,53,35,57,29,24,30,23,13,1]
stat.node.0.util.dram_avg = 2.81071e-05
stat.node.0.walltime_s = 1152.06
stat.node.0.active_time_s = 14.7191
stat.node.1.cpu.0.load_issue_to_complete_count = 299
stat.node.1.cpu.0.avg_load_issue_to_complete_lat = 1202.01
stat.node.1.injector.phase_cycles = 360750
stat.node.1.injector.request_bytes = 114664
stat.node.1.injector.response_bytes = 207232
stat.node.1.injector.aggregate_bytes = 321896
stat.node.1.injector.request_gbps = 6.1027
stat.node.1.injector.response_gbps = 11.0294
stat.node.1.injector.aggregate_gbps = 17.1321
stat.node.1.llc.cxl_miss = 300
stat.node.1.llc.total_miss = 300
stat.node.1.llc.avg_miss_lat = 857.43
stat.node.1.llc.avg_cxl_lat = 857.43
stat.node.1.llc.miss_lat_hist_bin_ns = 10
stat.node.1.llc.miss_lat_hist = [0,0,0,0,0,0,0,0,0,0,0,0,0,0,0,0,0,0,0,0,0,0,0,0,0,0,0,0,0,0,1,28,31,24,28,56,41,16,31,26,17,1]
stat.node.1.util.dram_avg = 2.81053e-05
stat.node.1.walltime_s = 1152.11
stat.node.1.active_time_s = 15.1037
stat.node.3.cpu.0.load_issue_to_complete_count = 299
stat.node.3.cpu.0.avg_load_issue_to_complete_lat = 1199.99
stat.node.3.injector.phase_cycles = 360125
stat.node.3.injector.request_bytes = 114568
stat.node.3.injector.response_bytes = 206848
stat.node.3.injector.aggregate_bytes = 321416
stat.node.3.injector.request_gbps = 6.10817
stat.node.3.injector.response_gbps = 11.0281
stat.node.3.injector.aggregate_gbps = 17.1362
stat.node.3.llc.cxl_miss = 300
stat.node.3.llc.total_miss = 300
stat.node.3.llc.avg_miss_lat = 854.533
stat.node.3.llc.avg_cxl_lat = 854.533
stat.node.3.llc.miss_lat_hist_bin_ns = 10
stat.node.3.llc.miss_lat_hist = [0,0,0,0,0,0,0,0,0,0,0,0,0,0,0,0,0,0,0,0,0,0,0,0,0,0,0,0,0,0,3,32,33,22,23,59,31,26,22,40,7,2]
stat.node.3.util.dram_avg = 2.80929e-05
stat.node.3.walltime_s = 1152.2
stat.node.3.active_time_s = 26.4327
stat.node.6.cpu.0.load_issue_to_complete_count = 299
stat.node.6.cpu.0.avg_load_issue_to_complete_lat = 1199.8
stat.node.6.injector.phase_cycles = 360170
stat.node.6.injector.request_bytes = 114568
stat.node.6.injector.response_bytes = 206912
stat.node.6.injector.aggregate_bytes = 321480
stat.node.6.injector.request_gbps = 6.10741
stat.node.6.injector.response_gbps = 11.0301
stat.node.6.injector.aggregate_gbps = 17.1375
stat.node.6.llc.cxl_miss = 300
stat.node.6.llc.total_miss = 300
stat.node.6.llc.avg_miss_lat = 850.777
stat.node.6.llc.avg_cxl_lat = 850.777
stat.node.6.llc.miss_lat_hist_bin_ns = 10
stat.node.6.llc.miss_lat_hist = [0,0,0,0,0,0,0,0,0,0,0,0,0,0,0,0,0,0,0,0,0,0,0,0,0,0,0,0,0,0,4,26,45,17,34,56,34,19,23,32,7,3]
stat.node.6.util.dram_avg = 2.80841e-05
stat.node.6.walltime_s = 1152.21
stat.node.6.active_time_s = 15.886
stat.node.5.cpu.0.load_issue_to_complete_count = 299
stat.node.5.cpu.0.avg_load_issue_to_complete_lat = 1203.01
stat.node.5.injector.phase_cycles = 361184
stat.node.5.injector.request_bytes = 114824
stat.node.5.injector.response_bytes = 207488
stat.node.5.injector.aggregate_bytes = 322312
stat.node.5.injector.request_gbps = 6.10387
stat.node.5.injector.response_gbps = 11.0298
stat.node.5.injector.aggregate_gbps = 17.1336
stat.node.5.llc.cxl_miss = 300
stat.node.5.llc.total_miss = 300
stat.node.5.llc.avg_miss_lat = 857.74
stat.node.5.llc.avg_cxl_lat = 857.74
stat.node.5.llc.miss_lat_hist_bin_ns = 10
stat.node.5.llc.miss_lat_hist = [0,0,0,0,0,0,0,0,0,0,0,0,0,0,0,0,0,0,0,0,0,0,0,0,0,0,0,0,0,1,2,20,11,48,37,62,28,27,16,30,16,2]
stat.node.5.util.dram_avg = 2.80788e-05
stat.node.5.walltime_s = 1152.26
stat.node.5.active_time_s = 23.1921
stat.node.7.cpu.0.load_issue_to_complete_count = 299
stat.node.7.cpu.0.avg_load_issue_to_complete_lat = 1207.04
stat.node.7.injector.phase_cycles = 362285
stat.node.7.injector.request_bytes = 115168
stat.node.7.injector.response_bytes = 208064
stat.node.7.injector.aggregate_bytes = 323232
stat.node.7.injector.request_gbps = 6.10355
stat.node.7.injector.response_gbps = 11.0268
stat.node.7.injector.aggregate_gbps = 17.1303
stat.node.7.llc.cxl_miss = 300
stat.node.7.llc.total_miss = 300
stat.node.7.llc.avg_miss_lat = 863.27
stat.node.7.llc.avg_cxl_lat = 863.27
stat.node.7.llc.miss_lat_hist_bin_ns = 10
stat.node.7.llc.miss_lat_hist = [0,0,0,0,0,0,0,0,0,0,0,0,0,0,0,0,0,0,0,0,0,0,0,0,0,0,0,0,0,1,1,24,14,18,42,58,50,26,21,29,11,5]
stat.node.7.util.dram_avg = 2.80295e-05
stat.node.7.walltime_s = 1152.9
stat.node.7.active_time_s = 17.1624
stat.node.2.cpu.0.load_issue_to_complete_count = 299
stat.node.2.cpu.0.avg_load_issue_to_complete_lat = 1209.27
stat.node.2.injector.phase_cycles = 363019
stat.node.2.injector.request_bytes = 115408
stat.node.2.injector.response_bytes = 208512
stat.node.2.injector.aggregate_bytes = 323920
stat.node.2.injector.request_gbps = 6.10391
stat.node.2.injector.response_gbps = 11.0282
stat.node.2.injector.aggregate_gbps = 17.1321
stat.node.2.llc.cxl_miss = 300
stat.node.2.llc.total_miss = 300
stat.node.2.llc.avg_miss_lat = 864.577
stat.node.2.llc.avg_cxl_lat = 864.577
stat.node.2.llc.miss_lat_hist_bin_ns = 10
stat.node.2.llc.miss_lat_hist = [0,0,0,0,0,0,0,0,0,0,0,0,0,0,0,0,0,0,0,0,0,0,0,0,0,0,0,0,0,3,4,22,12,8,46,60,46,26,26,28,15,4]
stat.node.2.util.dram_avg = 2.79792e-05
stat.node.2.walltime_s = 1153.13
stat.node.2.active_time_s = 14.4858
stat.node.4.cpu.0.load_issue_to_complete_count = 299
stat.node.4.cpu.0.avg_load_issue_to_complete_lat = 1218.18
stat.node.4.injector.phase_cycles = 365806
stat.node.4.injector.request_bytes = 116312
stat.node.4.injector.response_bytes = 210112
stat.node.4.injector.aggregate_bytes = 326424
stat.node.4.injector.request_gbps = 6.10485
stat.node.4.injector.response_gbps = 11.0281
stat.node.4.injector.aggregate_gbps = 17.133
stat.node.4.llc.cxl_miss = 300
stat.node.4.llc.total_miss = 300
stat.node.4.llc.avg_miss_lat = 871.323
stat.node.4.llc.avg_cxl_lat = 871.323
stat.node.4.llc.miss_lat_hist_bin_ns = 10
stat.node.4.llc.miss_lat_hist = [0,0,0,0,0,0,0,0,0,0,0,0,0,0,0,0,0,0,0,0,0,0,0,0,0,0,0,0,0,1,4,24,12,5,17,84,50,19,30,24,21,8,1]
stat.node.4.util.dram_avg = 2.78787e-05
stat.node.4.walltime_s = 1153.32
stat.node.4.active_time_s = 14.4126
stat.pool.101.util.mem_avg = 0.281929
stat.pool.101.util.req_link_avg = 0.893036
stat.pool.101.walltime_s = 1153.32
stat.pool.101.active_time_s = 0.548362
stat.pool.100.util.mem_avg = 0.281931
stat.pool.100.util.req_link_avg = 0.893036
stat.pool.100.walltime_s = 1153.32
stat.pool.100.active_time_s = 0.820107
stat.switch.replicated_messages = 52960
stat.switch.util.node_ingress_avg = 0.127188
stat.switch.util.pool_ingress_avg = 0.993142
stat.switch.bw.host_to_switch_gbps = 6.25285
stat.switch.bw.switch_to_host_gbps = 12.2038
stat.switch.bw.host_link_total_gbps = 18.4567
stat.switch.walltime_s = 1153.32
stat.switch.active_time_s = 2.53156
Simulation is complete, simulated time: 358.984 us
