stat.node.4.cpu.0.load_issue_to_complete_count = 299
stat.node.4.cpu.0.avg_load_issue_to_complete_lat = 981.903
stat.node.4.injector.phase_cycles = 294855
stat.node.4.injector.request_bytes = 88056
stat.node.4.injector.response_bytes = 54208
stat.node.4.injector.aggregate_bytes = 142264
stat.node.4.injector.request_gbps = 5.73392
stat.node.4.injector.response_gbps = 3.52985
stat.node.4.injector.aggregate_gbps = 9.26377
stat.node.4.llc.cxl_miss = 300
stat.node.4.llc.total_miss = 300
stat.node.4.llc.avg_miss_lat = 670.07
stat.node.4.llc.avg_cxl_lat = 670.07
stat.node.4.llc.miss_lat_hist_bin_ns = 10
stat.node.4.llc.miss_lat_hist = [0,0,0,0,0,0,0,0,0,0,0,0,0,0,0,0,0,0,0,0,0,0,0,0,0,0,83,65,99,48,4,0,0,1]
stat.node.4.util.dram_avg = 3.42595e-05
stat.node.4.walltime_s = 695.853
stat.node.4.active_time_s = 12.3136
stat.node.2.cpu.0.load_issue_to_complete_count = 299
stat.node.2.cpu.0.avg_load_issue_to_complete_lat = 988.191
stat.node.2.injector.phase_cycles = 296649
stat.node.2.injector.request_bytes = 88608
stat.node.2.injector.response_bytes = 54528
stat.node.2.injector.aggregate_bytes = 143136
stat.node.2.injector.request_gbps = 5.73497
stat.node.2.injector.response_gbps = 3.52921
stat.node.2.injector.aggregate_gbps = 9.26418
stat.node.2.llc.cxl_miss = 300
stat.node.2.llc.total_miss = 300
stat.node.2.llc.avg_miss_lat = 674.213
stat.node.2.llc.avg_cxl_lat = 674.213
stat.node.2.llc.miss_lat_hist_bin_ns = 10
stat.node.2.llc.miss_lat_hist = [0,0,0,0,0,0,0,0,0,0,0,0,0,0,0,0,0,0,0,0,0,0,0,0,0,0,80,60,107,42,2,0,0,0,5,4]
stat.node.2.util.dram_avg = 3.41133e-05
stat.node.2.walltime_s = 703.224
stat.node.2.active_time_s = 10.734
stat.node.7.cpu.0.load_issue_to_complete_count = 299
stat.node.7.cpu.0.avg_load_issue_to_complete_lat = 990.304
stat.node.7.injector.phase_cycles = 297346
stat.node.7.injector.request_bytes = 88816
stat.node.7.injector.response_bytes = 54656
stat.node.7.injector.aggregate_bytes = 143472
stat.node.7.injector.request_gbps = 5.73496
stat.node.7.injector.response_gbps = 3.52921
stat.node.7.injector.aggregate_gbps = 9.26416
stat.node.7.llc.cxl_miss = 300
stat.node.7.llc.total_miss = 300
stat.node.7.llc.avg_miss_lat = 676.59
stat.node.7.llc.avg_cxl_lat = 676.59
stat.node.7.llc.miss_lat_hist_bin_ns = 10
stat.node.7.llc.miss_lat_hist = [0,0,0,0,0,0,0,0,0,0,0,0,0,0,0,0,0,0,0,0,0,0,0,0,0,0,76,56,108,44,7,0,0,8,1]
stat.node.7.util.dram_avg = 3.39019e-05
stat.node.7.walltime_s = 718.562
stat.node.7.active_time_s = 15.8293
stat.node.1.cpu.0.load_issue_to_complete_count = 299
stat.node.1.cpu.0.avg_load_issue_to_complete_lat = 1002.02
stat.node.1.injector.phase_cycles = 300849
stat.node.1.injector.request_bytes = 89856
stat.node.1.injector.response_bytes = 55296
stat.node.1.injector.aggregate_bytes = 145152
stat.node.1.injector.request_gbps = 5.73456
stat.node.1.injector.response_gbps = 3.52896
stat.node.1.injector.aggregate_gbps = 9.26351
stat.node.1.llc.cxl_miss = 300
stat.node.1.llc.total_miss = 300
stat.node.1.llc.avg_miss_lat = 683.683
stat.node.1.llc.avg_cxl_lat = 683.683
stat.node.1.llc.miss_lat_hist_bin_ns = 10
stat.node.1.llc.miss_lat_hist = [0,0,0,0,0,0,0,0,0,0,0,0,0,0,0,0,0,0,0,0,0,0,0,0,0,0,57,39,147,34,5,3,4,6,5]
stat.node.1.util.dram_avg = 3.37031e-05
stat.node.1.walltime_s = 720.4
stat.node.1.active_time_s = 15.3958
stat.node.5.cpu.0.load_issue_to_complete_count = 299
stat.node.5.cpu.0.avg_load_issue_to_complete_lat = 1002.77
stat.node.5.injector.phase_cycles = 301055
stat.node.5.injector.request_bytes = 89920
stat.node.5.injector.response_bytes = 55296
stat.node.5.injector.aggregate_bytes = 145216
stat.node.5.injector.request_gbps = 5.73471
stat.node.5.injector.response_gbps = 3.52654
stat.node.5.injector.aggregate_gbps = 9.26126
stat.node.5.llc.cxl_miss = 300
stat.node.5.llc.total_miss = 300
stat.node.5.llc.avg_miss_lat = 684.43
stat.node.5.llc.avg_cxl_lat = 684.43
stat.node.5.llc.miss_lat_hist_bin_ns = 10
stat.node.5.llc.miss_lat_hist = [0,0,0,0,0,0,0,0,0,0,0,0,0,0,0,0,0,0,0,0,0,0,0,0,0,0,66,43,112,34,22,10,13]
stat.node.5.util.dram_avg = 3.36702e-05
stat.node.5.walltime_s = 721.064
stat.node.5.active_time_s = 16.5246
stat.node.3.cpu.0.load_issue_to_complete_count = 299
stat.node.3.cpu.0.avg_load_issue_to_complete_lat = 1003.73
stat.node.3.injector.phase_cycles = 301361
stat.node.3.injector.request_bytes = 90000
stat.node.3.injector.response_bytes = 55424
stat.node.3.injector.aggregate_bytes = 145424
stat.node.3.injector.request_gbps = 5.73399
stat.node.3.injector.response_gbps = 3.53112
stat.node.3.injector.aggregate_gbps = 9.2651
stat.node.3.llc.cxl_miss = 300
stat.node.3.llc.total_miss = 300
stat.node.3.llc.avg_miss_lat = 688.113
stat.node.3.llc.avg_cxl_lat = 688.113
stat.node.3.llc.miss_lat_hist_bin_ns = 10
stat.node.3.llc.miss_lat_hist = [0,0,0,0,0,0,0,0,0,0,0,0,0,0,0,0,0,0,0,0,0,0,0,0,0,0,53,42,110,68,2,1,16,6,2]
stat.node.3.util.dram_avg = 3.36461e-05
stat.node.3.walltime_s = 723.54
stat.node.3.active_time_s = 16.0286
stat.node.6.cpu.0.load_issue_to_complete_count = 299
stat.node.6.cpu.0.avg_load_issue_to_complete_lat = 1007.51
stat.node.6.injector.phase_cycles = 302447
stat.node.6.injector.request_bytes = 90336
stat.node.6.injector.response_bytes = 55552
stat.node.6.injector.aggregate_bytes = 145888
stat.node.6.injector.request_gbps = 5.73473
stat.node.6.injector.response_gbps = 3.52656
stat.node.6.injector.aggregate_gbps = 9.26129
stat.node.6.llc.cxl_miss = 300
stat.node.6.llc.total_miss = 300
stat.node.6.llc.avg_miss_lat = 692.107
stat.node.6.llc.avg_cxl_lat = 692.107
stat.node.6.llc.miss_lat_hist_bin_ns = 10
stat.node.6.llc.miss_lat_hist = [0,0,0,0,0,0,0,0,0,0,0,0,0,0,0,0,0,0,0,0,0,0,0,0,0,0,66,34,104,34,31,4,8,19]
stat.node.6.util.dram_avg = 3.36374e-05
stat.node.6.walltime_s = 723.596
stat.node.6.active_time_s = 13.7814
stat.node.0.cpu.0.load_issue_to_complete_count = 299
stat.node.0.cpu.0.avg_load_issue_to_complete_lat = 1002.77
stat.node.0.injector.phase_cycles = 301055
stat.node.0.injector.request_bytes = 89920
stat.node.0.injector.response_bytes = 55296
stat.node.0.injector.aggregate_bytes = 145216
stat.node.0.injector.request_gbps = 5.73471
stat.node.0.injector.response_gbps = 3.52654
stat.node.0.injector.aggregate_gbps = 9.26126
stat.node.0.llc.cxl_miss = 300
stat.node.0.llc.total_miss = 300
stat.node.0.llc.avg_miss_lat = 686.56
stat.node.0.llc.avg_cxl_lat = 686.56
stat.node.0.llc.miss_lat_hist_bin_ns = 10
stat.node.0.llc.miss_lat_hist = [0,0,0,0,0,0,0,0,0,0,0,0,0,0,0,0,0,0,0,0,0,0,0,0,0,0,58,50,104,38,10,25,15]
stat.node.0.util.dram_avg = 3.36373e-05
stat.node.0.walltime_s = 723.632
stat.node.0.active_time_s = 12.9806
stat.pool.101.util.mem_avg = 0.202276
stat.pool.101.util.req_link_avg = 0.911427
stat.pool.101.walltime_s = 723.704
stat.pool.101.active_time_s = 0.581326
stat.pool.100.util.mem_avg = 0.202279
stat.pool.100.util.req_link_avg = 0.911427
stat.pool.100.walltime_s = 723.704
stat.pool.100.active_time_s = 0.510164
stat.switch.replicated_messages = 49160
stat.switch.util.node_ingress_avg = 0.120269
stat.switch.util.pool_ingress_avg = 0.403325
stat.switch.bw.host_to_switch_gbps = 5.9123
stat.switch.bw.switch_to_host_gbps = 4.95592
stat.switch.bw.host_link_total_gbps = 10.8682
stat.switch.walltime_s = 723.704
stat.switch.active_time_s = 1.9943
Simulation is complete, simulated time: 297.527 us
