stat.node.2.cpu.0.load_issue_to_complete_count = 299
stat.node.2.cpu.0.avg_load_issue_to_complete_lat = 985.682
stat.node.2.injector.phase_cycles = 296098
stat.node.2.injector.request_bytes = 85456
stat.node.2.injector.response_bytes = 9344
stat.node.2.injector.aggregate_bytes = 94800
stat.node.2.injector.request_gbps = 5.54126
stat.node.2.injector.response_gbps = 0.605897
stat.node.2.injector.aggregate_gbps = 6.14715
stat.node.2.llc.cxl_miss = 300
stat.node.2.llc.total_miss = 300
stat.node.2.llc.avg_miss_lat = 669.413
stat.node.2.llc.avg_cxl_lat = 669.413
stat.node.2.llc.miss_lat_hist_bin_ns = 10
stat.node.2.llc.miss_lat_hist = [0,0,0,0,0,0,0,0,0,0,0,0,0,0,0,0,0,0,0,0,0,0,0,0,0,0,135,87,38,3,0,0,2,12,23]
stat.node.2.util.dram_avg = 3.42033e-05
stat.node.2.walltime_s = 1042.93
stat.node.2.active_time_s = 11.0979
stat.node.4.cpu.0.load_issue_to_complete_count = 299
stat.node.4.cpu.0.avg_load_issue_to_complete_lat = 988.468
stat.node.4.injector.phase_cycles = 296795
stat.node.4.injector.request_bytes = 85656
stat.node.4.injector.response_bytes = 9408
stat.node.4.injector.aggregate_bytes = 95064
stat.node.4.injector.request_gbps = 5.54118
stat.node.4.injector.response_gbps = 0.608614
stat.node.4.injector.aggregate_gbps = 6.1498
stat.node.4.llc.cxl_miss = 300
stat.node.4.llc.total_miss = 300
stat.node.4.llc.avg_miss_lat = 671.95
stat.node.4.llc.avg_cxl_lat = 671.95
stat.node.4.llc.miss_lat_hist_bin_ns = 10
stat.node.4.llc.miss_lat_hist = [0,0,0,0,0,0,0,0,0,0,0,0,0,0,0,0,0,0,0,0,0,0,0,0,0,0,135,82,38,5,0,0,1,13,26]
stat.node.4.util.dram_avg = 3.41169e-05
stat.node.4.walltime_s = 1044.38
stat.node.4.active_time_s = 8.97385
stat.node.5.cpu.0.load_issue_to_complete_count = 299
stat.node.5.cpu.0.avg_load_issue_to_complete_lat = 988.565
stat.node.5.injector.phase_cycles = 296794
stat.node.5.injector.request_bytes = 85648
stat.node.5.injector.response_bytes = 9408
stat.node.5.injector.aggregate_bytes = 95056
stat.node.5.injector.request_gbps = 5.54068
stat.node.5.injector.response_gbps = 0.608616
stat.node.5.injector.aggregate_gbps = 6.1493
stat.node.5.llc.cxl_miss = 300
stat.node.5.llc.total_miss = 300
stat.node.5.llc.avg_miss_lat = 672.033
stat.node.5.llc.avg_cxl_lat = 672.033
stat.node.5.llc.miss_lat_hist_bin_ns = 10
stat.node.5.llc.miss_lat_hist = [0,0,0,0,0,0,0,0,0,0,0,0,0,0,0,0,0,0,0,0,0,0,0,0,0,0,117,80,31,26,9,6,28,1,2]
stat.node.5.util.dram_avg = 3.41062e-05
stat.node.5.walltime_s = 1044.57
stat.node.5.active_time_s = 19.7455
stat.node.7.cpu.0.load_issue_to_complete_count = 299
stat.node.7.cpu.0.avg_load_issue_to_complete_lat = 989.234
stat.node.7.injector.phase_cycles = 297016
stat.node.7.injector.request_bytes = 85712
stat.node.7.injector.response_bytes = 9408
stat.node.7.injector.aggregate_bytes = 95120
stat.node.7.injector.request_gbps = 5.54068
stat.node.7.injector.response_gbps = 0.608161
stat.node.7.injector.aggregate_gbps = 6.14884
stat.node.7.llc.cxl_miss = 300
stat.node.7.llc.total_miss = 300
stat.node.7.llc.avg_miss_lat = 674.713
stat.node.7.llc.avg_cxl_lat = 674.713
stat.node.7.llc.miss_lat_hist_bin_ns = 10
stat.node.7.llc.miss_lat_hist = [0,0,0,0,0,0,0,0,0,0,0,0,0,0,0,0,0,0,0,0,0,0,0,0,0,0,123,68,50,14,1,0,10,34]
stat.node.7.util.dram_avg = 3.40846e-05
stat.node.7.walltime_s = 1044.61
stat.node.7.active_time_s = 21.204
stat.node.0.cpu.0.load_issue_to_complete_count = 299
stat.node.0.cpu.0.avg_load_issue_to_complete_lat = 989.485
stat.node.0.injector.phase_cycles = 297046
stat.node.0.injector.request_bytes = 85720
stat.node.0.injector.response_bytes = 9408
stat.node.0.injector.aggregate_bytes = 95128
stat.node.0.injector.request_gbps = 5.54064
stat.node.0.injector.response_gbps = 0.6081
stat.node.0.injector.aggregate_gbps = 6.14874
stat.node.0.llc.cxl_miss = 300
stat.node.0.llc.total_miss = 300
stat.node.0.llc.avg_miss_lat = 672.453
stat.node.0.llc.avg_cxl_lat = 672.453
stat.node.0.llc.miss_lat_hist_bin_ns = 10
stat.node.0.llc.miss_lat_hist = [0,0,0,0,0,0,0,0,0,0,0,0,0,0,0,0,0,0,0,0,0,0,0,0,0,0,113,83,33,12,16,36,5,2]
stat.node.0.util.dram_avg = 3.40391e-05
stat.node.0.walltime_s = 1045.37
stat.node.0.active_time_s = 12.9473
stat.node.1.cpu.0.load_issue_to_complete_count = 299
stat.node.1.cpu.0.avg_load_issue_to_complete_lat = 1004.32
stat.node.1.injector.phase_cycles = 301507
stat.node.1.injector.request_bytes = 87016
stat.node.1.injector.response_bytes = 9536
stat.node.1.injector.aggregate_bytes = 96552
stat.node.1.injector.request_gbps = 5.54119
stat.node.1.injector.response_gbps = 0.607254
stat.node.1.injector.aggregate_gbps = 6.14844
stat.node.1.llc.cxl_miss = 300
stat.node.1.llc.total_miss = 300
stat.node.1.llc.avg_miss_lat = 685.327
stat.node.1.llc.avg_cxl_lat = 685.327
stat.node.1.llc.miss_lat_hist_bin_ns = 10
stat.node.1.llc.miss_lat_hist = [0,0,0,0,0,0,0,0,0,0,0,0,0,0,0,0,0,0,0,0,0,0,0,0,0,0,69,81,86,2,1,22,19,12,8]
stat.node.1.util.dram_avg = 3.34023e-05
stat.node.1.walltime_s = 1048.9
stat.node.1.active_time_s = 19.5089
stat.node.3.cpu.0.load_issue_to_complete_count = 299
stat.node.3.cpu.0.avg_load_issue_to_complete_lat = 1011.83
stat.node.3.injector.phase_cycles = 303752
stat.node.3.injector.request_bytes = 87664
stat.node.3.injector.response_bytes = 9600
stat.node.3.injector.aggregate_bytes = 97264
stat.node.3.injector.request_gbps = 5.54119
stat.node.3.injector.response_gbps = 0.606811
stat.node.3.injector.aggregate_gbps = 6.148
stat.node.3.llc.cxl_miss = 300
stat.node.3.llc.total_miss = 300
stat.node.3.llc.avg_miss_lat = 692.573
stat.node.3.llc.avg_cxl_lat = 692.573
stat.node.3.llc.miss_lat_hist_bin_ns = 10
stat.node.3.llc.miss_lat_hist = [0,0,0,0,0,0,0,0,0,0,0,0,0,0,0,0,0,0,0,0,0,0,0,0,0,0,86,67,19,50,6,16,33,23]
stat.node.3.util.dram_avg = 3.30201e-05
stat.node.3.walltime_s = 1051.29
stat.node.3.active_time_s = 19.5476
stat.node.6.cpu.0.load_issue_to_complete_count = 299
stat.node.6.cpu.0.avg_load_issue_to_complete_lat = 1008.21
stat.node.6.injector.phase_cycles = 302641
stat.node.6.injector.request_bytes = 87344
stat.node.6.injector.response_bytes = 9536
stat.node.6.injector.aggregate_bytes = 96880
stat.node.6.injector.request_gbps = 5.54123
stat.node.6.injector.response_gbps = 0.604978
stat.node.6.injector.aggregate_gbps = 6.14621
stat.node.6.llc.cxl_miss = 300
stat.node.6.llc.total_miss = 300
stat.node.6.llc.avg_miss_lat = 686.923
stat.node.6.llc.avg_cxl_lat = 686.923
stat.node.6.llc.miss_lat_hist_bin_ns = 10
stat.node.6.llc.miss_lat_hist = [0,0,0,0,0,0,0,0,0,0,0,0,0,0,0,0,0,0,0,0,0,0,0,0,0,0,93,64,28,9,54,24,24,4]
stat.node.6.util.dram_avg = 3.30089e-05
stat.node.6.walltime_s = 1051.35
stat.node.6.active_time_s = 10.987
stat.pool.101.util.mem_avg = 0.168702
stat.pool.101.util.req_link_avg = 0.909638
stat.pool.101.walltime_s = 1051.35
stat.pool.101.active_time_s = 0.730222
stat.pool.100.util.mem_avg = 0.168706
stat.pool.100.util.req_link_avg = 0.909641
stat.pool.100.walltime_s = 1051.35
stat.pool.100.active_time_s = 0.925895
stat.switch.replicated_messages = 51728
stat.switch.util.node_ingress_avg = 0.116328
stat.switch.util.pool_ingress_avg = 0.165569
stat.switch.bw.host_to_switch_gbps = 5.7184
stat.switch.bw.switch_to_host_gbps = 2.0344
stat.switch.bw.host_link_total_gbps = 7.7528
stat.switch.walltime_s = 1051.35
stat.switch.active_time_s = 2.65486
Simulation is complete, simulated time: 303.191 us
