stat.node.2.cpu.0.retired = 736
stat.node.2.cpu.0.cycles = 1000000
stat.node.3.cpu.0.retired = 738
stat.node.3.cpu.0.cycles = 1000000
stat.node.4.cpu.0.retired = 736
stat.node.4.cpu.0.cycles = 1000000
stat.node.5.cpu.0.retired = 739
stat.node.5.cpu.0.cycles = 1000000
stat.node.6.cpu.0.retired = 740
stat.node.6.cpu.0.cycles = 1000000
stat.node.7.cpu.0.retired = 736
stat.node.0.cpu.0.retired = 738
stat.node.0.cpu.0.cycles = 1000000
stat.node.1.cpu.0.retired = 738
stat.node.1.cpu.0.cycles = 1000000
stat.node.7.cpu.0.cycles = 1000000
stat.node.2.cpu.0.retired = 1713
stat.node.2.cpu.0.cycles = 2000000
stat.node.3.cpu.0.retired = 1719
stat.node.3.cpu.0.cycles = 2000000
stat.node.4.cpu.0.retired = 1711
stat.node.4.cpu.0.cycles = 2000000
stat.node.5.cpu.0.retired = 1720
stat.node.5.cpu.0.cycles = 2000000
stat.node.6.cpu.0.retired = 1723
stat.node.6.cpu.0.cycles = 2000000
stat.node.7.cpu.0.retired = 1717
stat.node.7.cpu.0.cycles = 2000000
stat.node.1.cpu.0.retired = 1720
stat.node.1.cpu.0.cycles = 2000000
stat.node.0.cpu.0.retired = 1719
stat.node.0.cpu.0.cycles = 2000000
stat.node.7.cpu.0.retired = 2745
stat.node.7.cpu.0.cycles = 3000000
stat.node.1.cpu.0.retired = 2748
stat.node.1.cpu.0.cycles = 3000000
stat.node.6.cpu.0.retired = 2750
stat.node.6.cpu.0.cycles = 3000000
stat.node.2.cpu.0.retired = 2740
stat.node.2.cpu.0.cycles = 3000000
stat.node.3.cpu.0.retired = 2745
stat.node.4.cpu.0.retired = 2736
stat.node.4.cpu.0.cycles = 3000000
stat.node.5.cpu.0.retired = 2748
stat.node.5.cpu.0.cycles = 3000000
stat.node.0.cpu.0.retired = 2747
stat.node.0.cpu.0.cycles = 3000000
stat.node.3.cpu.0.cycles = 3000000
stat.node.5.cpu.0.retired = 3797
stat.node.5.cpu.0.cycles = 4000000
stat.node.7.cpu.0.retired = 3790
stat.node.7.cpu.0.cycles = 4000000
stat.node.1.cpu.0.retired = 3796
stat.node.1.cpu.0.cycles = 4000000
stat.node.6.cpu.0.retired = 3797
stat.node.6.cpu.0.cycles = 4000000
stat.node.2.cpu.0.retired = 3786
stat.node.0.cpu.0.retired = 3794
stat.node.0.cpu.0.cycles = 4000000
stat.node.4.cpu.0.retired = 3776
stat.node.4.cpu.0.cycles = 4000000
stat.node.3.cpu.0.retired = 3792
stat.node.3.cpu.0.cycles = 4000000
stat.node.2.cpu.0.cycles = 4000000
stat.node.7.cpu.0.retired = 4842
stat.node.7.cpu.0.cycles = 5000000
stat.node.1.cpu.0.retired = 4849
stat.node.1.cpu.0.cycles = 5000000
stat.node.6.cpu.0.retired = 4852
stat.node.6.cpu.0.cycles = 5000000
stat.node.3.cpu.0.retired = 4844
stat.node.3.cpu.0.cycles = 5000000
stat.node.0.cpu.0.retired = 4844
stat.node.0.cpu.0.cycles = 5000000
stat.node.2.cpu.0.retired = 4837
stat.node.2.cpu.0.cycles = 5000000
stat.node.4.cpu.0.retired = 4822
stat.node.4.cpu.0.cycles = 5000000
stat.node.5.cpu.0.retired = 4851
stat.node.5.cpu.0.cycles = 5000000
stat.node.6.cpu.0.load_issue_to_complete_count = 3999
stat.node.6.cpu.0.avg_load_issue_to_complete_lat = 965.627
stat.node.6.injector.phase_cycles = 3866673
stat.node.6.injector.request_bytes = 1225776
stat.node.6.injector.response_bytes = 2214272
stat.node.6.injector.aggregate_bytes = 3440048
stat.node.6.injector.request_gbps = 6.0866
stat.node.6.injector.response_gbps = 10.995
stat.node.6.injector.aggregate_gbps = 17.0816
stat.node.6.llc.cxl_miss = 4000
stat.node.6.llc.total_miss = 4000
stat.node.6.llc.avg_miss_lat = 857.209
stat.node.6.llc.avg_cxl_lat = 857.209
stat.node.6.llc.miss_lat_hist_bin_ns = 10
stat.node.6.llc.miss_lat_hist = [0,0,0,0,0,0,0,0,0,0,0,0,0,0,0,0,0,0,0,0,0,0,0,0,0,0,0,0,0,6,30,108,168,133,532,1401,718,608,252,35,8,1]
stat.node.6.util.dram_avg = 4.6686e-06
stat.node.6.walltime_s = 1514.61
stat.node.6.active_time_s = 72.2306
stat.node.5.cpu.0.load_issue_to_complete_count = 3999
stat.node.5.cpu.0.avg_load_issue_to_complete_lat = 965.446
stat.node.5.injector.phase_cycles = 3865818
stat.node.5.injector.request_bytes = 1225520
stat.node.5.injector.response_bytes = 2213760
stat.node.5.injector.aggregate_bytes = 3439280
stat.node.5.injector.request_gbps = 6.08668
stat.node.5.injector.response_gbps = 10.9949
stat.node.5.injector.aggregate_gbps = 17.0816
stat.node.5.llc.cxl_miss = 4000
stat.node.5.llc.total_miss = 4000
stat.node.5.llc.avg_miss_lat = 857
stat.node.5.llc.avg_cxl_lat = 857
stat.node.5.llc.miss_lat_hist_bin_ns = 10
stat.node.5.llc.miss_lat_hist = [0,0,0,0,0,0,0,0,0,0,0,0,0,0,0,0,0,0,0,0,0,0,0,0,0,0,0,0,1,8,28,114,170,124,488,1513,710,519,253,55,9,8]
stat.node.5.util.dram_avg = 4.6681e-06
stat.node.5.walltime_s = 1514.65
stat.node.5.active_time_s = 87.0948
stat.node.1.cpu.0.load_issue_to_complete_count = 3999
stat.node.1.cpu.0.avg_load_issue_to_complete_lat = 965.762
stat.node.1.injector.phase_cycles = 3867205
stat.node.1.injector.request_bytes = 1225936
stat.node.1.injector.response_bytes = 2214528
stat.node.1.injector.aggregate_bytes = 3440464
stat.node.1.injector.request_gbps = 6.08656
stat.node.1.injector.response_gbps = 10.9947
stat.node.1.injector.aggregate_gbps = 17.0813
stat.node.1.llc.cxl_miss = 4000
stat.node.1.llc.total_miss = 4000
stat.node.1.llc.avg_miss_lat = 857.288
stat.node.1.llc.avg_cxl_lat = 857.288
stat.node.1.llc.miss_lat_hist_bin_ns = 10
stat.node.1.llc.miss_lat_hist = [0,0,0,0,0,0,0,0,0,0,0,0,0,0,0,0,0,0,0,0,0,0,0,0,0,0,0,0,1,2,32,111,178,148,547,1377,698,564,260,70,8,3,1]
stat.node.1.util.dram_avg = 4.66646e-06
stat.node.1.walltime_s = 1515.12
stat.node.1.active_time_s = 99.0467
stat.node.0.cpu.0.load_issue_to_complete_count = 3999
stat.node.0.cpu.0.avg_load_issue_to_complete_lat = 966.819
stat.node.0.injector.phase_cycles = 3871431
stat.node.0.injector.request_bytes = 1227264
stat.node.0.injector.response_bytes = 2216960
stat.node.0.injector.aggregate_bytes = 3444224
stat.node.0.injector.request_gbps = 6.0865
stat.node.0.injector.response_gbps = 10.9948
stat.node.0.injector.aggregate_gbps = 17.0813
stat.node.0.llc.cxl_miss = 4000
stat.node.0.llc.total_miss = 4000
stat.node.0.llc.avg_miss_lat = 858.408
stat.node.0.llc.avg_cxl_lat = 858.408
stat.node.0.llc.miss_lat_hist_bin_ns = 10
stat.node.0.llc.miss_lat_hist = [0,0,0,0,0,0,0,0,0,0,0,0,0,0,0,0,0,0,0,0,0,0,0,0,0,0,0,0,2,5,31,115,143,115,534,1384,797,528,271,65,9,1]
stat.node.0.util.dram_avg = 4.66231e-06
stat.node.0.walltime_s = 1516.15
stat.node.0.active_time_s = 79.8473
stat.node.3.cpu.0.load_issue_to_complete_count = 3999
stat.node.3.cpu.0.avg_load_issue_to_complete_lat = 967.115
stat.node.3.injector.phase_cycles = 3872616
stat.node.3.injector.request_bytes = 1227672
stat.node.3.injector.response_bytes = 2217664
stat.node.3.injector.aggregate_bytes = 3445336
stat.node.3.injector.request_gbps = 6.08666
stat.node.3.injector.response_gbps = 10.9949
stat.node.3.injector.aggregate_gbps = 17.0816
stat.node.3.llc.cxl_miss = 4000
stat.node.3.llc.total_miss = 4000
stat.node.3.llc.avg_miss_lat = 858.69
stat.node.3.llc.avg_cxl_lat = 858.69
stat.node.3.llc.miss_lat_hist_bin_ns = 10
stat.node.3.llc.miss_lat_hist = [0,0,0,0,0,0,0,0,0,0,0,0,0,0,0,0,0,0,0,0,0,0,0,0,0,0,0,0,1,3,14,91,145,130,511,1484,754,552,252,51,9,3]
stat.node.3.util.dram_avg = 4.66153e-06
stat.node.3.walltime_s = 1516.37
stat.node.3.active_time_s = 94.2297
stat.node.7.cpu.0.load_issue_to_complete_count = 3999
stat.node.7.cpu.0.avg_load_issue_to_complete_lat = 967.021
stat.node.7.injector.phase_cycles = 3872241
stat.node.7.injector.request_bytes = 1227512
stat.node.7.injector.response_bytes = 2217408
stat.node.7.injector.aggregate_bytes = 3444920
stat.node.7.injector.request_gbps = 6.08646
stat.node.7.injector.response_gbps = 10.9947
stat.node.7.injector.aggregate_gbps = 17.0812
stat.node.7.llc.cxl_miss = 4000
stat.node.7.llc.total_miss = 4000
stat.node.7.llc.avg_miss_lat = 858.569
stat.node.7.llc.avg_cxl_lat = 858.569
stat.node.7.llc.miss_lat_hist_bin_ns = 10
stat.node.7.llc.miss_lat_hist = [0,0,0,0,0,0,0,0,0,0,0,0,0,0,0,0,0,0,0,0,0,0,0,0,0,0,0,0,0,5,37,111,154,133,514,1380,739,544,309,63,7,4]
stat.node.7.util.dram_avg = 4.66017e-06
stat.node.7.walltime_s = 1516.64
stat.node.7.active_time_s = 101.023
stat.node.2.cpu.0.load_issue_to_complete_count = 3999
stat.node.2.cpu.0.avg_load_issue_to_complete_lat = 967.949
stat.node.2.injector.phase_cycles = 3876016
stat.node.2.injector.request_bytes = 1228680
stat.node.2.injector.response_bytes = 2219584
stat.node.2.injector.aggregate_bytes = 3448264
stat.node.2.injector.request_gbps = 6.08632
stat.node.2.injector.response_gbps = 10.9948
stat.node.2.injector.aggregate_gbps = 17.0811
stat.node.2.llc.cxl_miss = 4000
stat.node.2.llc.total_miss = 4000
stat.node.2.llc.avg_miss_lat = 859.575
stat.node.2.llc.avg_cxl_lat = 859.575
stat.node.2.llc.miss_lat_hist_bin_ns = 10
stat.node.2.llc.miss_lat_hist = [0,0,0,0,0,0,0,0,0,0,0,0,0,0,0,0,0,0,0,0,0,0,0,0,0,0,0,0,0,8,29,107,159,136,515,1318,730,583,339,64,8,3,1]
stat.node.2.util.dram_avg = 4.65595e-06
stat.node.2.walltime_s = 1517.08
stat.node.2.active_time_s = 71.4879
stat.node.4.cpu.0.load_issue_to_complete_count = 3999
stat.node.4.cpu.0.avg_load_issue_to_complete_lat = 971.639
stat.node.4.injector.phase_cycles = 3890659
stat.node.4.injector.request_bytes = 1233376
stat.node.4.injector.response_bytes = 2227904
stat.node.4.injector.aggregate_bytes = 3461280
stat.node.4.injector.request_gbps = 6.08658
stat.node.4.injector.response_gbps = 10.9945
stat.node.4.injector.aggregate_gbps = 17.0811
stat.node.4.llc.cxl_miss = 4000
stat.node.4.llc.total_miss = 4000
stat.node.4.llc.avg_miss_lat = 863.223
stat.node.4.llc.avg_cxl_lat = 863.223
stat.node.4.llc.miss_lat_hist_bin_ns = 10
stat.node.4.llc.miss_lat_hist = [0,0,0,0,0,0,0,0,0,0,0,0,0,0,0,0,0,0,0,0,0,0,0,0,0,0,0,0,0,3,38,90,128,144,473,1189,791,650,381,102,10,1]
stat.node.4.util.dram_avg = 4.64175e-06
stat.node.4.walltime_s = 1518.2
stat.node.4.active_time_s = 87.5778
stat.pool.101.util.mem_avg = 0.282186
stat.pool.101.util.req_link_avg = 0.891471
stat.pool.101.walltime_s = 1518.2
stat.pool.101.active_time_s = 3.56207
stat.pool.100.util.mem_avg = 0.282187
stat.pool.100.util.req_link_avg = 0.891471
stat.pool.100.walltime_s = 1518.2
stat.pool.100.active_time_s = 3.97539
stat.switch.replicated_messages = 317216
stat.switch.util.node_ingress_avg = 0.127015
stat.switch.util.pool_ingress_avg = 0.99678
stat.switch.bw.host_to_switch_gbps = 6.24331
stat.switch.bw.switch_to_host_gbps = 12.2484
stat.switch.bw.host_link_total_gbps = 18.4917
stat.switch.walltime_s = 1518.2
stat.switch.active_time_s = 13.1814
Simulation is complete, simulated time: 2.15608 ms
