stat.node.4.cpu.0.load_issue_to_complete_count = 299
stat.node.4.cpu.0.avg_load_issue_to_complete_lat = 995.321
stat.node.4.injector.phase_cycles = 298800
stat.node.4.injector.request_bytes = 65208
stat.node.4.injector.response_bytes = 15808
stat.node.4.injector.aggregate_bytes = 81016
stat.node.4.injector.request_gbps = 4.19007
stat.node.4.injector.response_gbps = 1.01578
stat.node.4.injector.aggregate_gbps = 5.20585
stat.node.4.llc.cxl_miss = 300
stat.node.4.llc.total_miss = 300
stat.node.4.llc.avg_miss_lat = 673.557
stat.node.4.llc.avg_cxl_lat = 673.557
stat.node.4.llc.miss_lat_hist_bin_ns = 10
stat.node.4.llc.miss_lat_hist = [0,0,0,0,0,0,0,0,0,0,0,0,0,0,0,0,0,0,0,0,0,0,0,0,0,0,131,56,35,34,4,5,9,9,11,6]
stat.node.4.util.dram_avg = 3.39023e-05
stat.node.4.walltime_s = 579.294
stat.node.4.active_time_s = 12.1159
stat.node.2.cpu.0.load_issue_to_complete_count = 299
stat.node.2.cpu.0.avg_load_issue_to_complete_lat = 994.254
stat.node.2.injector.phase_cycles = 298473
stat.node.2.injector.request_bytes = 65136
stat.node.2.injector.response_bytes = 15808
stat.node.2.injector.aggregate_bytes = 80944
stat.node.7.cpu.0.load_issue_to_complete_count = 299
stat.node.7.cpu.0.avg_load_issue_to_complete_lat = 999.14
stat.node.2.injector.request_gbps = 4.19003
stat.node.2.injector.response_gbps = 1.01689
stat.node.2.injector.aggregate_gbps = 5.20692
stat.node.2.llc.cxl_miss = 300
stat.node.2.llc.total_miss = 300
stat.node.2.llc.avg_miss_lat = 669.747
stat.node.2.llc.avg_cxl_lat = 669.747
stat.node.2.llc.miss_lat_hist_bin_ns = 10
stat.node.2.llc.miss_lat_hist = [0,0,0,0,0,0,0,0,0,0,0,0,0,0,0,0,0,0,0,0,0,0,0,0,0,0,135,56,33,32,10,9,9,4,11,0,1]
stat.node.2.util.dram_avg = 3.38597e-05
stat.node.2.walltime_s = 579.387
stat.node.2.active_time_s = 11.9816
stat.node.7.injector.phase_cycles = 299984
stat.node.7.injector.request_bytes = 65472
stat.node.7.injector.response_bytes = 15872
stat.node.7.injector.aggregate_bytes = 81344
stat.node.7.injector.request_gbps = 4.19043
stat.node.7.injector.response_gbps = 1.01586
stat.node.7.injector.aggregate_gbps = 5.20629
stat.node.7.llc.cxl_miss = 300
stat.node.7.llc.total_miss = 300
stat.node.7.llc.avg_miss_lat = 676.927
stat.node.7.llc.avg_cxl_lat = 676.927
stat.node.7.llc.miss_lat_hist_bin_ns = 10
stat.node.7.llc.miss_lat_hist = [0,0,0,0,0,0,0,0,0,0,0,0,0,0,0,0,0,0,0,0,0,0,0,0,0,0,112,62,31,45,8,5,18,15,1,2,1]
stat.node.7.util.dram_avg = 3.38597e-05
stat.node.7.walltime_s = 579.4
stat.node.7.active_time_s = 17.4132
stat.node.5.cpu.0.load_issue_to_complete_count = 299
stat.node.5.cpu.0.avg_load_issue_to_complete_lat = 1002.26
stat.node.5.injector.phase_cycles = 300876
stat.node.5.injector.request_bytes = 65664
stat.node.5.injector.response_bytes = 15936
stat.node.5.injector.aggregate_bytes = 81600
stat.node.5.injector.request_gbps = 4.19026
stat.node.5.injector.response_gbps = 1.01693
stat.node.5.injector.aggregate_gbps = 5.20719
stat.node.5.llc.cxl_miss = 300
stat.node.5.llc.total_miss = 300
stat.node.5.llc.avg_miss_lat = 678.087
stat.node.5.llc.avg_cxl_lat = 678.087
stat.node.5.llc.miss_lat_hist_bin_ns = 10
stat.node.5.llc.miss_lat_hist = [0,0,0,0,0,0,0,0,0,0,0,0,0,0,0,0,0,0,0,0,0,0,0,0,0,0,114,59,20,43,15,10,30,7,0,2]
stat.node.5.util.dram_avg = 3.35731e-05
stat.node.5.walltime_s = 581.224
stat.node.5.active_time_s = 13.3716
stat.node.6.cpu.0.load_issue_to_complete_count = 299
stat.node.6.cpu.0.avg_load_issue_to_complete_lat = 1002.35
stat.node.6.injector.phase_cycles = 300900
stat.node.6.injector.request_bytes = 65664
stat.node.6.injector.response_bytes = 15936
stat.node.6.injector.aggregate_bytes = 81600
stat.node.6.injector.request_gbps = 4.18993
stat.node.6.injector.response_gbps = 1.01685
stat.node.6.injector.aggregate_gbps = 5.20678
stat.node.6.llc.cxl_miss = 300
stat.node.6.llc.total_miss = 300
stat.node.6.llc.avg_miss_lat = 679.963
stat.node.6.llc.avg_cxl_lat = 679.963
stat.node.6.llc.miss_lat_hist_bin_ns = 10
stat.node.6.llc.miss_lat_hist = [0,0,0,0,0,0,0,0,0,0,0,0,0,0,0,0,0,0,0,0,0,0,0,0,0,0,111,52,29,40,23,12,19,9,3,2]
stat.node.6.util.dram_avg = 3.35153e-05
stat.node.6.walltime_s = 582.17
stat.node.6.active_time_s = 12.6746
stat.node.1.cpu.0.load_issue_to_complete_count = 299
stat.node.1.cpu.0.avg_load_issue_to_complete_lat = 1002.43
stat.node.1.injector.phase_cycles = 300925
stat.node.1.injector.request_bytes = 65664
stat.node.1.injector.response_bytes = 15936
stat.node.1.injector.aggregate_bytes = 81600
stat.node.1.injector.request_gbps = 4.18958
stat.node.1.injector.response_gbps = 1.01677
stat.node.1.injector.aggregate_gbps = 5.20635
stat.node.1.llc.cxl_miss = 300
stat.node.1.llc.total_miss = 300
stat.node.1.llc.avg_miss_lat = 681.61
stat.node.1.llc.avg_cxl_lat = 681.61
stat.node.1.llc.miss_lat_hist_bin_ns = 10
stat.node.1.llc.miss_lat_hist = [0,0,0,0,0,0,0,0,0,0,0,0,0,0,0,0,0,0,0,0,0,0,0,0,0,0,82,55,69,37,22,15,13,1,1,4,1]
stat.node.1.util.dram_avg = 3.35153e-05
stat.node.1.walltime_s = 582.17
stat.node.1.active_time_s = 17.2709
stat.node.0.cpu.0.load_issue_to_complete_count = 299
stat.node.0.cpu.0.avg_load_issue_to_complete_lat = 1006.37
stat.node.0.injector.phase_cycles = 302085
stat.node.0.injector.request_bytes = 65928
stat.node.0.injector.response_bytes = 16000
stat.node.0.injector.aggregate_bytes = 81928
stat.node.0.injector.request_gbps = 4.19027
stat.node.0.injector.response_gbps = 1.01693
stat.node.0.injector.aggregate_gbps = 5.2072
stat.node.0.llc.cxl_miss = 300
stat.node.0.llc.total_miss = 300
stat.node.0.llc.avg_miss_lat = 683.257
stat.node.0.llc.avg_cxl_lat = 683.257
stat.node.0.llc.miss_lat_hist_bin_ns = 10
stat.node.0.llc.miss_lat_hist = [0,0,0,0,0,0,0,0,0,0,0,0,0,0,0,0,0,0,0,0,0,0,0,0,0,0,82,76,29,41,14,37,16,3,0,2]
stat.node.0.util.dram_avg = 3.34599e-05
stat.node.0.walltime_s = 582.233
stat.node.0.active_time_s = 11.2495
stat.node.3.cpu.0.load_issue_to_complete_count = 299
stat.node.3.cpu.0.avg_load_issue_to_complete_lat = 1006.39
stat.node.3.injector.phase_cycles = 302111
stat.node.3.injector.request_bytes = 65928
stat.node.3.injector.response_bytes = 16000
stat.node.3.injector.aggregate_bytes = 81928
stat.node.3.injector.request_gbps = 4.18991
stat.node.3.injector.response_gbps = 1.01684
stat.node.3.injector.aggregate_gbps = 5.20675
stat.node.3.llc.cxl_miss = 300
stat.node.3.llc.total_miss = 300
stat.node.3.llc.avg_miss_lat = 687.067
stat.node.3.llc.avg_cxl_lat = 687.067
stat.node.3.llc.miss_lat_hist_bin_ns = 10
stat.node.3.llc.miss_lat_hist = [0,0,0,0,0,0,0,0,0,0,0,0,0,0,0,0,0,0,0,0,0,0,0,0,0,0,92,68,24,52,7,5,24,22,3,2,1]
stat.node.3.util.dram_avg = 3.34036e-05
stat.node.3.walltime_s = 582.328
stat.node.3.active_time_s = 16.4228
stat.pool.101.util.mem_avg = 0.13746
stat.pool.101.util.req_link_avg = 0.685663
stat.pool.101.walltime_s = 582.328
stat.pool.101.active_time_s = 0.415244
stat.pool.100.util.mem_avg = 0.137462
stat.pool.100.util.req_link_avg = 0.685666
stat.pool.100.walltime_s = 582.328
stat.pool.100.active_time_s = 0.592237
stat.switch.replicated_messages = 38000
stat.switch.util.node_ingress_avg = 0.0888379
stat.switch.util.pool_ingress_avg = 0.198368
stat.switch.bw.host_to_switch_gbps = 4.36668
stat.switch.bw.switch_to_host_gbps = 2.43755
stat.switch.bw.host_link_total_gbps = 6.80423
stat.switch.walltime_s = 582.328
stat.switch.active_time_s = 2.15042
Simulation is complete, simulated time: 299.609 us
