stat.node.1.cpu.0.load_issue_to_complete_count = 299
stat.node.1.cpu.0.avg_load_issue_to_complete_lat = 1044.39
stat.node.1.injector.phase_cycles = 313613
stat.node.1.injector.request_bytes = 170592
stat.node.1.injector.response_bytes = 69440
stat.node.1.injector.aggregate_bytes = 240032
stat.node.1.injector.request_gbps = 10.444
stat.node.1.injector.response_gbps = 4.25125
stat.node.1.injector.aggregate_gbps = 14.6952
stat.node.1.llc.cxl_miss = 300
stat.node.1.llc.total_miss = 300
stat.node.1.llc.avg_miss_lat = 719.797
stat.node.1.llc.avg_cxl_lat = 719.797
stat.node.1.llc.miss_lat_hist_bin_ns = 10
stat.node.1.llc.miss_lat_hist = [0,0,0,0,0,0,0,0,0,0,0,0,0,0,0,0,0,0,0,0,0,0,0,0,0,0,16,45,58,54,29,40,22,20,9,4,2,1]
stat.node.1.util.dram_avg = 3.22309e-05
stat.node.1.walltime_s = 1376.46
stat.node.1.active_time_s = 21.816
stat.node.3.cpu.0.load_issue_to_complete_count = 299
stat.node.3.cpu.0.avg_load_issue_to_complete_lat = 1049.93
stat.node.3.injector.phase_cycles = 315139
stat.node.3.injector.request_bytes = 171400
stat.node.3.injector.response_bytes = 69696
stat.node.3.injector.aggregate_bytes = 241096
stat.node.3.injector.request_gbps = 10.4426
stat.node.3.injector.response_gbps = 4.24626
stat.node.3.injector.aggregate_gbps = 14.6889
stat.node.3.llc.cxl_miss = 300
stat.node.3.llc.total_miss = 300
stat.node.3.llc.avg_miss_lat = 724.913
stat.node.3.llc.avg_cxl_lat = 724.913
stat.node.3.llc.miss_lat_hist_bin_ns = 10
stat.node.3.llc.miss_lat_hist = [0,0,0,0,0,0,0,0,0,0,0,0,0,0,0,0,0,0,0,0,0,0,0,0,0,0,16,27,61,56,43,28,30,17,14,4,4]
stat.node.3.util.dram_avg = 3.21186e-05
stat.node.3.walltime_s = 1378.32
stat.node.3.active_time_s = 19.9602
stat.node.0.cpu.0.load_issue_to_complete_count = 299
stat.node.0.cpu.0.avg_load_issue_to_complete_lat = 1052.47
stat.node.0.injector.phase_cycles = 315924
stat.node.0.injector.request_bytes = 171880
stat.node.0.injector.response_bytes = 69888
stat.node.0.injector.aggregate_bytes = 241768
stat.node.0.injector.request_gbps = 10.4459
stat.node.0.injector.response_gbps = 4.24738
stat.node.0.injector.aggregate_gbps = 14.6932
stat.node.0.llc.cxl_miss = 300
stat.node.0.llc.total_miss = 300
stat.node.0.llc.avg_miss_lat = 727.237
stat.node.0.llc.avg_cxl_lat = 727.237
stat.node.0.llc.miss_lat_hist_bin_ns = 10
stat.node.0.llc.miss_lat_hist = [0,0,0,0,0,0,0,0,0,0,0,0,0,0,0,0,0,0,0,0,0,0,0,0,0,0,25,22,39,39,57,50,36,19,12,0,1]
stat.node.0.util.dram_avg = 3.20508e-05
stat.node.0.walltime_s = 1381.61
stat.node.0.active_time_s = 12.7247
stat.node.4.cpu.0.load_issue_to_complete_count = 299
stat.node.4.cpu.0.avg_load_issue_to_complete_lat = 1052.81
stat.node.4.injector.phase_cycles = 316103
stat.node.4.injector.request_bytes = 171944
stat.node.4.injector.response_bytes = 69888
stat.node.4.injector.aggregate_bytes = 241832
stat.node.4.injector.request_gbps = 10.4438
stat.node.4.injector.response_gbps = 4.24498
stat.node.4.injector.aggregate_gbps = 14.6888
stat.node.4.llc.cxl_miss = 300
stat.node.4.llc.total_miss = 300
stat.node.4.llc.avg_miss_lat = 725.3
stat.node.4.llc.avg_cxl_lat = 725.3
stat.node.4.llc.miss_lat_hist_bin_ns = 10
stat.node.4.llc.miss_lat_hist = [0,0,0,0,0,0,0,0,0,0,0,0,0,0,0,0,0,0,0,0,0,0,0,0,0,0,40,41,35,39,23,28,32,34,15,7,6]
stat.node.4.util.dram_avg = 3.20395e-05
stat.node.4.walltime_s = 1381.93
stat.node.4.active_time_s = 12.97
stat.node.6.cpu.0.load_issue_to_complete_count = 299
stat.node.6.cpu.0.avg_load_issue_to_complete_lat = 1052.01
stat.node.6.injector.phase_cycles = 315892
stat.node.6.injector.request_bytes = 171816
stat.node.6.injector.response_bytes = 69888
stat.node.6.injector.aggregate_bytes = 241704
stat.node.6.injector.request_gbps = 10.443
stat.node.6.injector.response_gbps = 4.24781
stat.node.6.injector.aggregate_gbps = 14.6908
stat.node.6.llc.cxl_miss = 300
stat.node.6.llc.total_miss = 300
stat.node.6.llc.avg_miss_lat = 726.48
stat.node.6.llc.avg_cxl_lat = 726.48
stat.node.6.llc.miss_lat_hist_bin_ns = 10
stat.node.6.llc.miss_lat_hist = [0,0,0,0,0,0,0,0,0,0,0,0,0,0,0,0,0,0,0,0,0,0,0,0,0,0,22,23,35,60,57,38,32,19,6,6,1,1]
stat.node.6.util.dram_avg = 3.19965e-05
stat.node.6.walltime_s = 1383
stat.node.6.active_time_s = 12.0299
stat.node.5.cpu.0.load_issue_to_complete_count = 299
stat.node.5.cpu.0.avg_load_issue_to_complete_lat = 1059.06
stat.node.5.injector.phase_cycles = 317926
stat.node.5.injector.request_bytes = 172952
stat.node.5.injector.response_bytes = 70336
stat.node.5.injector.aggregate_bytes = 243288
stat.node.5.injector.request_gbps = 10.4448
stat.node.5.injector.response_gbps = 4.24769
stat.node.5.injector.aggregate_gbps = 14.6925
stat.node.5.llc.cxl_miss = 300
stat.node.5.llc.total_miss = 300
stat.node.5.llc.avg_miss_lat = 731.67
stat.node.5.llc.avg_cxl_lat = 731.67
stat.node.5.llc.miss_lat_hist_bin_ns = 10
stat.node.5.llc.miss_lat_hist = [0,0,0,0,0,0,0,0,0,0,0,0,0,0,0,0,0,0,0,0,0,0,0,0,0,0,21,23,46,49,21,60,31,32,11,4,2]
stat.node.5.util.dram_avg = 3.193e-05
stat.node.5.walltime_s = 1387.17
stat.node.5.active_time_s = 19.7967
stat.node.2.cpu.0.load_issue_to_complete_count = 299
stat.node.2.cpu.0.avg_load_issue_to_complete_lat = 1057.36
stat.node.2.injector.phase_cycles = 317376
stat.node.2.injector.request_bytes = 172624
stat.node.2.injector.response_bytes = 70272
stat.node.2.injector.aggregate_bytes = 242896
stat.node.2.injector.request_gbps = 10.4431
stat.node.2.injector.response_gbps = 4.25118
stat.node.2.injector.aggregate_gbps = 14.6943
stat.node.2.llc.cxl_miss = 300
stat.node.2.llc.total_miss = 300
stat.node.2.llc.avg_miss_lat = 729.59
stat.node.2.llc.avg_cxl_lat = 729.59
stat.node.2.llc.miss_lat_hist_bin_ns = 10
stat.node.2.llc.miss_lat_hist = [0,0,0,0,0,0,0,0,0,0,0,0,0,0,0,0,0,0,0,0,0,0,0,0,0,0,32,35,38,44,25,24,37,33,21,9,1,1]
stat.node.2.util.dram_avg = 3.18988e-05
stat.node.2.walltime_s = 1389.19
stat.node.2.active_time_s = 13.5661
stat.node.7.cpu.0.load_issue_to_complete_count = 299
stat.node.7.cpu.0.avg_load_issue_to_complete_lat = 1065.34
stat.node.7.injector.phase_cycles = 319760
stat.node.7.injector.request_bytes = 173968
stat.node.7.injector.response_bytes = 70720
stat.node.7.injector.aggregate_bytes = 244688
stat.node.7.injector.request_gbps = 10.4459
stat.node.7.injector.response_gbps = 4.24638
stat.node.7.injector.aggregate_gbps = 14.6923
stat.node.7.llc.cxl_miss = 300
stat.node.7.llc.total_miss = 300
stat.node.7.llc.avg_miss_lat = 737.153
stat.node.7.llc.avg_cxl_lat = 737.153
stat.node.7.llc.miss_lat_hist_bin_ns = 10
stat.node.7.llc.miss_lat_hist = [0,0,0,0,0,0,0,0,0,0,0,0,0,0,0,0,0,0,0,0,0,0,0,0,0,0,30,27,30,38,25,42,52,24,24,3,4,1]
stat.node.7.util.dram_avg = 3.18607e-05
stat.node.7.walltime_s = 1391.86
stat.node.7.active_time_s = 19.3218
stat.pool.101.util.mem_avg = 0.201825
stat.pool.101.util.req_link_avg = 0.870703
stat.pool.101.walltime_s = 1392.02
stat.pool.101.active_time_s = 0.787289
stat.pool.100.util.mem_avg = 0.202
stat.pool.100.util.req_link_avg = 0.855941
stat.pool.100.walltime_s = 1392.02
stat.pool.100.active_time_s = 0.929123
stat.switch.replicated_messages = 0
stat.switch.util.node_ingress_avg = 0.215888
stat.switch.util.pool_ingress_avg = 0.455645
stat.switch.bw.host_to_switch_gbps = 10.6137
stat.switch.bw.switch_to_host_gbps = 5.59912
stat.switch.bw.host_link_total_gbps = 16.2128
stat.switch.walltime_s = 1392.02
stat.switch.active_time_s = 2.89661
Simulation is complete, simulated time: 314.117 us
