stat.node.0.cpu.0.retired = 233
stat.node.0.cpu.0.cycles = 1000000
stat.node.1.cpu.0.retired = 233
stat.node.1.cpu.0.cycles = 1000000
stat.node.2.cpu.0.retired = 235
stat.node.2.cpu.0.cycles = 1000000
stat.node.3.cpu.0.retired = 232
stat.node.3.cpu.0.cycles = 1000000
stat.node.4.cpu.0.retired = 236
stat.node.4.cpu.0.cycles = 1000000
stat.node.5.cpu.0.retired = 235
stat.node.5.cpu.0.cycles = 1000000
stat.node.6.cpu.0.retired = 233
stat.node.6.cpu.0.cycles = 1000000
stat.node.7.cpu.0.retired = 236
stat.node.7.cpu.0.cycles = 1000000
stat.node.0.cpu.0.retired = 540
stat.node.0.cpu.0.cycles = 2000000
stat.node.1.cpu.0.retired = 535
stat.node.1.cpu.0.cycles = 2000000
stat.node.2.cpu.0.retired = 541
stat.node.2.cpu.0.cycles = 2000000
stat.node.3.cpu.0.retired = 534
stat.node.4.cpu.0.retired = 545
stat.node.4.cpu.0.cycles = 2000000
stat.node.5.cpu.0.retired = 541
stat.node.5.cpu.0.cycles = 2000000
stat.node.6.cpu.0.retired = 538
stat.node.6.cpu.0.cycles = 2000000
stat.node.7.cpu.0.retired = 543
stat.node.7.cpu.0.cycles = 2000000
stat.node.3.cpu.0.cycles = 2000000
stat.node.4.cpu.0.load_issue_to_complete_count = 299
stat.node.4.cpu.0.avg_load_issue_to_complete_lat = 3052.85
stat.node.4.injector.phase_cycles = 915750
stat.node.4.injector.request_bytes = 133192
stat.node.4.injector.response_bytes = 564096
stat.node.4.injector.aggregate_bytes = 697288
stat.node.4.injector.request_gbps = 2.79256
stat.node.4.injector.response_gbps = 11.8271
stat.node.4.injector.aggregate_gbps = 14.6196
stat.node.4.llc.cxl_miss = 300
stat.node.4.llc.total_miss = 300
stat.node.4.llc.avg_miss_lat = 2468.79
stat.node.4.llc.avg_cxl_lat = 2468.79
stat.node.4.llc.miss_lat_hist_bin_ns = 10
stat.node.4.llc.miss_lat_hist = [0,0,0,0,0,0,0,0,0,0,0,0,0,0,0,0,0,0,0,0,0,0,0,0,0,0,0,0,0,0,0,0,0,0,0,0,0,0,0,0,0,0,0,0,0,0,0,0,0,0,0,0,0,0,0,0,0,0,0,0,0,0,0,0,0,0,0,0,0,0,0,0,0,0,0,0,0,0,0,0,0,0,0,0,4,1,1,0,3,4,1,6,6,7,8,8,5,7,10,11,15,7,14,16,6,44,37,35,13,6,10,3,1,7,1,2,1]
stat.node.4.util.dram_avg = 1.11352e-05
stat.node.4.walltime_s = 1969.53
stat.node.4.active_time_s = 37.2953
stat.node.7.cpu.0.load_issue_to_complete_count = 299
stat.node.7.cpu.0.avg_load_issue_to_complete_lat = 3053.77
stat.node.7.injector.phase_cycles = 916300
stat.node.7.injector.request_bytes = 133272
stat.node.7.injector.response_bytes = 564480
stat.node.7.injector.aggregate_bytes = 697752
stat.node.7.injector.request_gbps = 2.79256
stat.node.7.injector.response_gbps = 11.828
stat.node.7.injector.aggregate_gbps = 14.6206
stat.node.7.llc.cxl_miss = 300
stat.node.7.llc.total_miss = 300
stat.node.7.llc.avg_miss_lat = 2477.04
stat.node.7.llc.avg_cxl_lat = 2477.04
stat.node.7.llc.miss_lat_hist_bin_ns = 10
stat.node.7.llc.miss_lat_hist = [0,0,0,0,0,0,0,0,0,0,0,0,0,0,0,0,0,0,0,0,0,0,0,0,0,0,0,0,0,0,0,0,0,0,0,0,0,0,0,0,0,0,0,0,0,0,0,0,0,0,0,0,0,0,0,0,0,0,0,0,0,0,0,0,0,0,0,0,0,0,0,0,0,0,0,0,0,0,0,0,0,0,0,2,2,1,1,0,1,2,5,2,5,6,5,10,8,7,7,12,7,11,13,21,2,42,50,35,17,5,5,5,0,6,2,1,0,2]
stat.node.7.util.dram_avg = 1.11129e-05
stat.node.7.walltime_s = 1970.78
stat.node.7.active_time_s = 50.1743
stat.node.2.cpu.0.load_issue_to_complete_count = 299
stat.node.2.cpu.0.avg_load_issue_to_complete_lat = 3069.74
stat.node.2.injector.phase_cycles = 920800
stat.node.2.injector.request_bytes = 133928
stat.node.2.injector.response_bytes = 567232
stat.node.2.injector.aggregate_bytes = 701160
stat.node.2.injector.request_gbps = 2.79259
stat.node.2.injector.response_gbps = 11.8276
stat.node.2.injector.aggregate_gbps = 14.6202
stat.node.2.llc.cxl_miss = 300
stat.node.2.llc.total_miss = 300
stat.node.2.llc.avg_miss_lat = 2481.95
stat.node.2.llc.avg_cxl_lat = 2481.95
stat.node.2.llc.miss_lat_hist_bin_ns = 10
stat.node.2.llc.miss_lat_hist = [0,0,0,0,0,0,0,0,0,0,0,0,0,0,0,0,0,0,0,0,0,0,0,0,0,0,0,0,0,0,0,0,0,0,0,0,0,0,0,0,0,0,0,0,0,0,0,0,0,0,0,0,0,0,0,0,0,0,0,0,0,0,0,0,0,0,0,0,0,0,0,0,0,0,0,0,0,0,0,0,0,0,0,0,2,0,1,1,0,4,1,6,6,6,7,5,10,8,9,12,6,13,12,15,7,34,47,29,25,7,11,5,4,5,1,0,1]
stat.node.2.util.dram_avg = 1.10784e-05
stat.node.2.walltime_s = 1971.62
stat.node.2.active_time_s = 36.2625
stat.node.5.cpu.0.load_issue_to_complete_count = 299
stat.node.5.cpu.0.avg_load_issue_to_complete_lat = 3069.07
stat.node.5.injector.phase_cycles = 920425
stat.node.5.injector.request_bytes = 133928
stat.node.5.injector.response_bytes = 566976
stat.node.5.injector.aggregate_bytes = 700904
stat.node.5.injector.request_gbps = 2.79373
stat.node.5.injector.response_gbps = 11.8271
stat.node.5.injector.aggregate_gbps = 14.6208
stat.node.5.llc.cxl_miss = 300
stat.node.5.llc.total_miss = 300
stat.node.5.llc.avg_miss_lat = 2480.7
stat.node.5.llc.avg_cxl_lat = 2480.7
stat.node.5.llc.miss_lat_hist_bin_ns = 10
stat.node.5.llc.miss_lat_hist = [0,0,0,0,0,0,0,0,0,0,0,0,0,0,0,0,0,0,0,0,0,0,0,0,0,0,0,0,0,0,0,0,0,0,0,0,0,0,0,0,0,0,0,0,0,0,0,0,0,0,0,0,0,0,0,0,0,0,0,0,0,0,0,0,0,0,0,0,0,0,0,0,0,0,0,0,0,0,0,0,0,0,0,0,0,1,0,1,2,2,5,5,8,7,9,7,11,6,6,8,8,10,9,16,12,40,38,31,16,11,14,6,3,4,1,0,2,1]
stat.node.5.util.dram_avg = 1.10737e-05
stat.node.5.walltime_s = 1972.04
stat.node.5.active_time_s = 48.1436
stat.node.0.cpu.0.load_issue_to_complete_count = 299
stat.node.0.cpu.0.avg_load_issue_to_complete_lat = 3071.66
stat.node.0.injector.phase_cycles = 921550
stat.node.0.injector.request_bytes = 133992
stat.node.0.injector.response_bytes = 567616
stat.node.0.injector.aggregate_bytes = 701608
stat.node.0.injector.request_gbps = 2.79165
stat.node.0.injector.response_gbps = 11.826
stat.node.0.injector.aggregate_gbps = 14.6176
stat.node.0.llc.cxl_miss = 300
stat.node.0.llc.total_miss = 300
stat.node.0.llc.avg_miss_lat = 2490.45
stat.node.0.llc.avg_cxl_lat = 2490.45
stat.node.0.llc.miss_lat_hist_bin_ns = 10
stat.node.0.llc.miss_lat_hist = [0,0,0,0,0,0,0,0,0,0,0,0,0,0,0,0,0,0,0,0,0,0,0,0,0,0,0,0,0,0,0,0,0,0,0,0,0,0,0,0,0,0,0,0,0,0,0,0,0,0,0,0,0,0,0,0,0,0,0,0,0,0,0,0,0,0,0,0,0,0,0,0,0,0,0,0,0,0,0,0,0,0,1,1,2,3,1,2,1,3,1,1,3,10,4,4,10,4,5,6,6,6,12,17,8,38,54,35,23,17,7,7,4,2,2]
stat.node.0.util.dram_avg = 1.10425e-05
stat.node.0.walltime_s = 1973.27
stat.node.0.active_time_s = 36.4797
stat.node.6.cpu.0.load_issue_to_complete_count = 299
stat.node.6.cpu.0.avg_load_issue_to_complete_lat = 3073.5
stat.node.6.injector.phase_cycles = 921725
stat.node.6.injector.request_bytes = 134032
stat.node.6.injector.response_bytes = 567744
stat.node.6.injector.aggregate_bytes = 701776
stat.node.6.injector.request_gbps = 2.79195
stat.node.6.injector.response_gbps = 11.8264
stat.node.6.injector.aggregate_gbps = 14.6184
stat.node.6.llc.cxl_miss = 300
stat.node.6.llc.total_miss = 300
stat.node.6.llc.avg_miss_lat = 2481.12
stat.node.6.llc.avg_cxl_lat = 2481.12
stat.node.6.llc.miss_lat_hist_bin_ns = 10
stat.node.6.llc.miss_lat_hist = [0,0,0,0,0,0,0,0,0,0,0,0,0,0,0,0,0,0,0,0,0,0,0,0,0,0,0,0,0,0,0,0,0,0,0,0,0,0,0,0,0,0,0,0,0,0,0,0,0,0,0,0,0,0,0,0,0,0,0,0,0,0,0,0,0,0,0,0,0,0,0,0,0,0,0,0,0,0,0,0,0,0,0,1,0,1,0,1,0,1,2,6,10,11,10,4,10,2,5,5,9,8,11,24,8,34,45,39,21,13,12,1,3,1,1,0,0,1]
stat.node.6.util.dram_avg = 1.10241e-05
stat.node.6.walltime_s = 1973.68
stat.node.6.active_time_s = 36.9184
stat.node.1.cpu.0.load_issue_to_complete_count = 299
stat.node.1.cpu.0.avg_load_issue_to_complete_lat = 3080.02
stat.node.1.injector.phase_cycles = 924050
stat.node.1.injector.request_bytes = 134400
stat.node.1.injector.response_bytes = 569280
stat.node.1.injector.aggregate_bytes = 703680
stat.node.1.injector.request_gbps = 2.79258
stat.node.1.injector.response_gbps = 11.8286
stat.node.1.injector.aggregate_gbps = 14.6211
stat.node.1.llc.cxl_miss = 300
stat.node.1.llc.total_miss = 300
stat.node.1.llc.avg_miss_lat = 2494.2
stat.node.1.llc.avg_cxl_lat = 2494.2
stat.node.1.llc.miss_lat_hist_bin_ns = 10
stat.node.1.llc.miss_lat_hist = [0,0,0,0,0,0,0,0,0,0,0,0,0,0,0,0,0,0,0,0,0,0,0,0,0,0,0,0,0,0,0,0,0,0,0,0,0,0,0,0,0,0,0,0,0,0,0,0,0,0,0,0,0,0,0,0,0,0,0,0,0,0,0,0,0,0,0,0,0,0,0,0,0,0,0,0,0,0,0,0,0,0,0,1,1,3,1,0,2,2,2,8,5,5,9,7,5,1,6,14,6,4,9,15,3,33,48,41,22,14,9,6,7,6,1,3,0,0,0,1]
stat.node.1.util.dram_avg = 1.1007e-05
stat.node.1.walltime_s = 1975.1
stat.node.1.active_time_s = 48.4015
stat.node.3.cpu.0.load_issue_to_complete_count = 299
stat.node.3.cpu.0.avg_load_issue_to_complete_lat = 3085.2
stat.node.3.injector.phase_cycles = 925625
stat.node.3.injector.request_bytes = 134624
stat.node.3.injector.response_bytes = 570240
stat.node.3.injector.aggregate_bytes = 704864
stat.node.3.injector.request_gbps = 2.79247
stat.node.3.injector.response_gbps = 11.8283
stat.node.3.injector.aggregate_gbps = 14.6208
stat.node.3.llc.cxl_miss = 300
stat.node.3.llc.total_miss = 300
stat.node.3.llc.avg_miss_lat = 2495.29
stat.node.3.llc.avg_cxl_lat = 2495.29
stat.node.3.llc.miss_lat_hist_bin_ns = 10
stat.node.3.llc.miss_lat_hist = [0,0,0,0,0,0,0,0,0,0,0,0,0,0,0,0,0,0,0,0,0,0,0,0,0,0,0,0,0,0,0,0,0,0,0,0,0,0,0,0,0,0,0,0,0,0,0,0,0,0,0,0,0,0,0,0,0,0,0,0,0,0,0,0,0,0,0,0,0,0,0,0,0,0,0,0,0,0,0,0,0,0,0,0,3,0,0,0,1,0,0,3,5,5,11,7,9,4,6,12,8,8,13,20,6,46,46,27,13,18,11,5,4,4,2,2,1]
stat.node.3.util.dram_avg = 1.0984e-05
stat.node.3.walltime_s = 1975.77
stat.node.3.active_time_s = 45.9721
stat.pool.101.util.mem_avg = 0.194146
stat.pool.101.util.req_link_avg = 0.338776
stat.pool.101.walltime_s = 1975.77
stat.pool.101.active_time_s = 2.81334
stat.pool.100.util.mem_avg = 0.194146
stat.pool.100.util.req_link_avg = 0.338776
stat.pool.100.walltime_s = 1975.78
stat.pool.100.active_time_s = 3.33135
stat.switch.replicated_messages = 37378
stat.switch.util.node_ingress_avg = 0.0579996
stat.switch.util.pool_ingress_avg = 0.999471
stat.switch.bw.host_to_switch_gbps = 2.85103
stat.switch.bw.switch_to_host_gbps = 12.2815
stat.switch.bw.host_link_total_gbps = 15.1325
stat.switch.walltime_s = 1975.78
stat.switch.active_time_s = 7.14012
Simulation is complete, simulated time: 911.146 us
