stat.node.7.cpu.0.load_issue_to_complete_count = 169
stat.node.7.cpu.0.avg_load_issue_to_complete_lat = 5011.08
stat.node.7.injector.phase_cycles = 848751
stat.node.7.injector.request_bytes = 294576
stat.node.7.injector.response_bytes = 370752
stat.node.7.injector.aggregate_bytes = 665328
stat.node.7.injector.request_gbps = 6.66374
stat.node.7.injector.response_gbps = 8.38696
stat.node.7.injector.aggregate_gbps = 15.0507
stat.node.7.llc.cxl_miss = 169
stat.node.7.llc.total_miss = 170
stat.node.7.llc.avg_miss_lat = 2737.03
stat.node.7.llc.avg_cxl_lat = 2752.76
stat.node.7.llc.miss_lat_hist_bin_ns = 10
stat.node.7.llc.miss_lat_hist = [0,0,0,1,0,0,0,0,0,0,0,0,0,0,0,0,0,0,0,0,0,0,0,0,0,0,0,0,0,0,0,0,0,0,1,1,0,1,0,1,2,0,0,1,4,4,3,0,2,2,5,0,1,2,0,0,0,1,0,3,1,2,1,1,0,0,0,2,1,1,0,0,1,1,0,0,0,3,0,0,0,0,0,1,0,1,0,1,1,0,1,2,1,0,1,1,0,0,2,0,0,0,1,1,0,0,0,1,0,0,3,1,0,1,0,0,1,0,0,1,2,1,1,0,3,2,1,3,0,2,3,3,3,2,1,1,4,3,4,2,2,2,1,2,1,3,0,1,3,2,2,3,0,1,3,2,2,1,1,1,0,0,4,2,2,1,4,0,0,0,2,0,3,0,0,0,0,0,1,0,0,3,0,0,0,0,1,0,1,0,0,0,0,0,0,0,1]
stat.node.7.util.dram_avg = 2.82768e-05
stat.node.7.walltime_s = 497.857
stat.node.7.active_time_s = 19.1015
stat.node.6.cpu.0.retired = 292
stat.node.6.cpu.0.cycles = 1000000
stat.node.7.cpu.0.retired = 196
stat.node.7.cpu.0.cycles = 1000000
stat.node.0.cpu.0.retired = 217
stat.node.0.cpu.0.cycles = 1000000
stat.node.1.cpu.0.retired = 295
stat.node.1.cpu.0.cycles = 1000000
stat.node.2.cpu.0.retired = 261
stat.node.2.cpu.0.cycles = 1000000
stat.node.3.cpu.0.retired = 252
stat.node.3.cpu.0.cycles = 1000000
stat.node.4.cpu.0.retired = 224
stat.node.4.cpu.0.cycles = 1000000
stat.node.5.cpu.0.retired = 260
stat.node.5.cpu.0.cycles = 1000000
stat.node.5.cpu.0.load_issue_to_complete_count = 2
stat.node.5.cpu.0.avg_load_issue_to_complete_lat = 5893
stat.node.5.injector.phase_cycles = 15434
stat.node.5.injector.request_bytes = 5240
stat.node.5.injector.response_bytes = 6720
stat.node.5.injector.aggregate_bytes = 11960
stat.node.5.injector.request_gbps = 6.5186
stat.node.5.injector.response_gbps = 8.35973
stat.node.5.injector.aggregate_gbps = 14.8783
stat.node.5.llc.cxl_miss = 3
stat.node.5.llc.total_miss = 3
stat.node.5.llc.avg_miss_lat = 3709.33
stat.node.5.llc.avg_cxl_lat = 3709.33
stat.node.5.llc.miss_lat_hist_bin_ns = 10
stat.node.5.llc.miss_lat_hist = [0,0,0,0,0,0,0,0,0,0,0,0,0,0,0,0,0,0,0,0,0,0,0,0,0,0,0,0,0,0,0,0,0,0,0,0,0,0,0,0,0,0,0,0,0,0,0,0,0,0,0,0,0,0,0,0,0,0,0,0,0,0,0,0,0,0,0,0,0,0,0,0,0,0,0,0,0,0,0,0,0,0,0,0,0,0,0,0,0,0,0,0,0,0,0,0,0,0,0,0,0,0,0,0,0,0,0,0,0,0,0,0,0,0,0,0,0,0,0,0,0,0,0,0,0,0,0,0,0,0,0,0,0,0,0,0,0,0,0,0,0,1,0,1,0,0,0,0,0,0,0,0,0,0,0,0,0,0,0,0,0,0,0,0,0,0,0,0,0,0,0,0,0,0,0,0,0,0,0,1]
stat.node.5.util.dram_avg = 1.9626e-05
stat.node.5.walltime_s = 657.977
stat.node.5.active_time_s = 32.1517
stat.node.3.cpu.0.load_issue_to_complete_count = 2
stat.node.3.cpu.0.avg_load_issue_to_complete_lat = 5938.5
stat.node.3.injector.phase_cycles = 16162
stat.node.3.injector.request_bytes = 5776
stat.node.3.injector.response_bytes = 7104
stat.node.3.injector.aggregate_bytes = 12880
stat.node.3.injector.request_gbps = 6.86173
stat.node.3.injector.response_gbps = 8.43935
stat.node.3.injector.aggregate_gbps = 15.3011
stat.node.3.llc.cxl_miss = 3
stat.node.3.llc.total_miss = 3
stat.node.3.llc.avg_miss_lat = 4082
stat.node.3.llc.avg_cxl_lat = 4082
stat.node.3.llc.miss_lat_hist_bin_ns = 10
stat.node.3.llc.miss_lat_hist = [0,0,0,0,0,0,0,0,0,0,0,0,0,0,0,0,0,0,0,0,0,0,0,0,0,0,0,0,0,0,0,0,0,0,0,0,0,0,0,0,0,0,0,0,0,0,0,0,0,0,0,0,0,0,0,0,0,0,0,0,0,0,0,0,0,0,0,0,0,0,0,0,0,0,0,0,0,0,0,0,0,0,0,0,0,0,0,0,0,0,0,0,0,0,0,0,0,0,0,0,0,0,0,0,0,0,0,0,0,0,0,0,0,0,0,0,0,0,0,0,0,0,0,0,0,0,0,0,0,0,0,0,0,0,0,0,0,0,0,0,0,0,0,0,0,0,0,0,0,0,0,0,0,0,0,0,0,0,0,0,0,0,0,0,0,0,0,1,0,0,1,1]
stat.node.3.util.dram_avg = 1.88185e-05
stat.node.3.walltime_s = 692.088
stat.node.3.active_time_s = 35.0972
stat.node.4.cpu.0.load_issue_to_complete_count = 2
stat.node.4.cpu.0.avg_load_issue_to_complete_lat = 5763
stat.node.4.injector.phase_cycles = 15180
stat.node.4.injector.request_bytes = 5168
stat.node.4.injector.response_bytes = 6464
stat.node.4.injector.aggregate_bytes = 11632
stat.node.4.injector.request_gbps = 6.5366
stat.node.4.injector.response_gbps = 8.17581
stat.node.4.injector.aggregate_gbps = 14.7124
stat.node.4.llc.cxl_miss = 3
stat.node.4.llc.total_miss = 3
stat.node.4.llc.avg_miss_lat = 3681.67
stat.node.4.llc.avg_cxl_lat = 3681.67
stat.node.4.llc.miss_lat_hist_bin_ns = 10
stat.node.4.llc.miss_lat_hist = [0,0,0,0,0,0,0,0,0,0,0,0,0,0,0,0,0,0,0,0,0,0,0,0,0,0,0,0,0,0,0,0,0,0,0,0,0,0,0,0,0,0,0,0,0,0,0,0,0,0,0,0,0,0,0,0,0,0,0,0,0,0,0,0,0,0,0,0,0,0,0,0,0,0,0,0,0,0,0,0,0,0,0,0,0,0,0,0,0,0,0,0,0,0,0,0,0,0,0,0,0,0,0,0,0,0,0,0,0,0,1,0,0,0,0,0,0,0,0,0,0,0,0,0,0,0,0,0,0,0,0,0,0,0,0,0,0,0,0,0,0,1,0,0,0,0,0,0,0,0,0,0,0,0,0,0,0,0,0,0,0,0,0,0,0,0,0,0,0,0,0,0,0,0,0,0,0,0,0,0,0,0,0,0,0,0,0,0,0,0,0,0,0,0,0,0,0,0,0,0,0,0,0,0,0,0,0,0,1]
stat.node.4.util.dram_avg = 1.77602e-05
stat.node.4.walltime_s = 760.947
stat.node.4.active_time_s = 18.7243
stat.node.0.cpu.0.load_issue_to_complete_count = 2
stat.node.0.cpu.0.avg_load_issue_to_complete_lat = 5582
stat.node.0.injector.phase_cycles = 14540
stat.node.0.injector.request_bytes = 4792
stat.node.0.injector.response_bytes = 6144
stat.node.0.injector.aggregate_bytes = 10936
stat.node.0.injector.request_gbps = 6.32781
stat.node.0.injector.response_gbps = 8.11312
stat.node.0.injector.aggregate_gbps = 14.4409
stat.node.0.llc.cxl_miss = 3
stat.node.0.llc.total_miss = 3
stat.node.0.llc.avg_miss_lat = 3078.67
stat.node.0.llc.avg_cxl_lat = 3078.67
stat.node.0.llc.miss_lat_hist_bin_ns = 10
stat.node.0.llc.miss_lat_hist = [0,0,0,0,0,0,0,0,0,0,0,0,0,0,0,0,0,0,0,0,0,0,0,0,0,0,0,0,0,0,0,0,0,0,0,0,0,0,0,0,0,0,0,0,0,0,0,0,0,0,0,0,0,0,0,0,0,0,0,0,0,0,0,0,0,0,0,0,0,0,0,0,0,0,0,0,0,0,0,0,0,0,0,0,0,0,0,0,0,0,0,0,0,0,0,0,0,0,0,0,0,0,0,0,0,0,0,0,0,0,0,0,0,0,0,1,0,0,0,0,0,0,0,0,0,0,0,0,0,0,1,0,0,0,0,0,0,0,0,1]
stat.node.0.util.dram_avg = 1.65275e-05
stat.node.0.walltime_s = 876.607
stat.node.0.active_time_s = 20.1553
stat.node.5.cpu.0.retired = 557
stat.node.5.cpu.0.cycles = 2000000
stat.node.3.cpu.0.retired = 459
stat.node.3.cpu.0.cycles = 2000000
stat.node.6.cpu.0.retired = 591
stat.node.6.cpu.0.cycles = 2000000
stat.node.0.cpu.0.retired = 417
stat.node.0.cpu.0.cycles = 2000000
stat.node.7.cpu.0.retired = 500
stat.node.7.cpu.0.cycles = 2000000
stat.node.4.cpu.0.retired = 442
stat.node.4.cpu.0.cycles = 2000000
stat.node.1.cpu.0.retired = 561
stat.node.1.cpu.0.cycles = 2000000
stat.node.2.cpu.0.retired = 519
stat.node.2.cpu.0.cycles = 2000000
stat.node.6.cpu.0.load_issue_to_complete_count = 299
stat.node.6.cpu.0.avg_load_issue_to_complete_lat = 3347.39
stat.node.6.injector.phase_cycles = 1004872
stat.node.6.injector.request_bytes = 349072
stat.node.6.injector.response_bytes = 440768
stat.node.6.injector.aggregate_bytes = 789840
stat.node.6.injector.request_gbps = 6.66969
stat.node.6.injector.response_gbps = 8.42172
stat.node.6.injector.aggregate_gbps = 15.0914
stat.node.6.llc.cxl_miss = 300
stat.node.6.llc.total_miss = 300
stat.node.6.llc.avg_miss_lat = 2718.55
stat.node.6.llc.avg_cxl_lat = 2718.55
stat.node.6.llc.miss_lat_hist_bin_ns = 10
stat.node.6.llc.miss_lat_hist = [0,0,0,0,0,0,0,0,0,0,0,0,0,0,0,0,0,0,0,0,0,0,0,0,0,0,0,0,0,0,0,0,0,0,0,0,0,0,0,0,0,0,0,2,5,2,0,2,1,0,1,2,3,2,1,2,1,3,1,3,2,2,2,4,1,2,2,1,4,1,1,4,1,0,3,3,5,2,1,1,1,1,3,2,2,2,3,2,2,3,1,4,3,2,2,0,2,1,1,3,1,0,1,4,4,3,5,0,1,1,7,4,1,1,3,1,2,3,2,1,0,1,3,2,4,4,1,1,2,4,9,1,2,3,1,5,3,2,5,4,4,6,2,4,1,5,3,3,4,3,1,2,3,1,4,2,2,0,3,1,1,1,0,5,1,1,1,2,2,3,2,0,1,0,0,0,0,0,1,1,0,1,1,0,0,0,0,0,1,0,0,1,1,1,0,0,0,0,0,1,1,0,0,0,0,0,0,0,0,0,0,0,0,0,0,0,0,0,0,0,0,0,0,0,0,1]
stat.node.6.util.dram_avg = 1.18008e-05
stat.node.6.walltime_s = 1384.11
stat.node.6.active_time_s = 28.3075
stat.node.1.cpu.0.load_issue_to_complete_count = 299
stat.node.1.cpu.0.avg_load_issue_to_complete_lat = 3675.91
stat.node.1.injector.phase_cycles = 1101250
stat.node.1.injector.request_bytes = 382208
stat.node.1.injector.response_bytes = 481856
stat.node.1.injector.aggregate_bytes = 864064
stat.node.1.injector.request_gbps = 6.66369
stat.node.1.injector.response_gbps = 8.40103
stat.node.1.injector.aggregate_gbps = 15.0647
stat.node.1.llc.cxl_miss = 300
stat.node.1.llc.total_miss = 300
stat.node.1.llc.avg_miss_lat = 2985.23
stat.node.1.llc.avg_cxl_lat = 2985.23
stat.node.1.llc.miss_lat_hist_bin_ns = 10
stat.node.1.llc.miss_lat_hist = [0,0,0,0,0,0,0,0,0,0,0,0,0,0,0,0,0,0,0,0,0,0,0,0,0,0,0,0,0,0,0,0,0,0,0,0,0,0,0,0,0,0,0,1,1,0,2,5,2,2,2,0,1,2,2,0,2,1,1,3,1,0,4,0,2,1,2,3,1,2,1,2,2,2,2,1,2,1,0,2,2,0,1,2,1,2,1,0,0,2,0,0,0,3,0,1,0,2,0,1,0,0,0,2,3,4,0,3,1,0,3,3,1,2,2,1,4,3,3,3,4,2,0,3,6,4,4,2,3,4,3,2,6,5,6,4,0,2,3,3,4,2,3,0,5,4,3,2,3,5,6,1,4,3,2,4,5,6,1,4,3,2,3,2,1,3,2,2,1,1,2,0,4,2,3,1,1,3,1,3,1,1,0,0,3,1,0,0,0,1,0,0,0,1,2,0,1,0,0,0,0,2]
stat.node.1.util.dram_avg = 1.13766e-05
stat.node.1.walltime_s = 1495.43
stat.node.1.active_time_s = 46.593
stat.node.2.cpu.0.load_issue_to_complete_count = 299
stat.node.2.cpu.0.avg_load_issue_to_complete_lat = 3606.15
stat.node.2.injector.phase_cycles = 1080137
stat.node.2.injector.request_bytes = 375280
stat.node.2.injector.response_bytes = 474048
stat.node.2.injector.aggregate_bytes = 849328
stat.node.2.injector.request_gbps = 6.6708
stat.node.2.injector.response_gbps = 8.42645
stat.node.2.injector.aggregate_gbps = 15.0972
stat.node.2.llc.cxl_miss = 300
stat.node.2.llc.total_miss = 300
stat.node.2.llc.avg_miss_lat = 2940.82
stat.node.2.llc.avg_cxl_lat = 2940.82
stat.node.2.llc.miss_lat_hist_bin_ns = 10
stat.node.2.llc.miss_lat_hist = [0,0,0,0,0,0,0,0,0,0,0,0,0,0,0,0,0,0,0,0,0,0,0,0,0,0,0,0,0,0,0,0,0,0,0,0,0,0,0,0,0,0,0,0,0,1,2,1,1,0,1,3,3,0,2,3,2,1,2,2,2,3,4,0,3,0,2,1,1,0,5,0,3,3,1,2,2,4,1,2,1,0,4,2,1,3,2,1,3,0,0,0,2,1,0,2,3,3,4,1,0,3,2,1,0,1,0,0,1,1,3,0,1,1,1,2,2,5,2,0,2,3,1,2,2,1,2,3,3,4,3,5,3,3,8,7,1,1,9,1,2,5,3,3,5,3,4,2,0,2,6,3,3,4,3,4,2,5,2,3,3,2,1,1,0,3,1,3,1,1,1,1,0,3,1,2,3,3,1,2,1,0,0,1,1,1,5,1,0,1,0,1,1,0,0,0,0,0,1,0,0,0,1,0,0,0,0,0,0,0,1,0,0,0,1]
stat.node.2.util.dram_avg = 1.08747e-05
stat.node.2.walltime_s = 1642.38
stat.node.2.active_time_s = 38.8904
stat.pool.101.util.mem_avg = 0.260541
stat.pool.101.util.req_link_avg = 0.99979
stat.pool.101.walltime_s = 1642.39
stat.pool.101.active_time_s = 1.77435
stat.pool.100.util.mem_avg = 0.26054
stat.pool.100.util.req_link_avg = 0.99979
stat.pool.100.walltime_s = 1642.39
stat.pool.100.active_time_s = 1.76632
stat.switch.replicated_messages = 160690
stat.switch.util.node_ingress_avg = 0.136298
stat.switch.util.pool_ingress_avg = 0.718411
stat.switch.bw.host_to_switch_gbps = 6.69979
stat.switch.bw.switch_to_host_gbps = 8.82775
stat.switch.bw.host_link_total_gbps = 15.5275
stat.switch.walltime_s = 1642.39
stat.switch.active_time_s = 6.89616
Simulation is complete, simulated time: 920.301 us
