stat.node.1.cpu.0.retired = 858
stat.node.1.cpu.0.cycles = 1000000
stat.node.2.cpu.0.retired = 857
stat.node.2.cpu.0.cycles = 1000000
stat.node.3.cpu.0.retired = 857
stat.node.3.cpu.0.cycles = 1000000
stat.node.4.cpu.0.retired = 859
stat.node.4.cpu.0.cycles = 1000000
stat.node.5.cpu.0.retired = 859
stat.node.5.cpu.0.cycles = 1000000
stat.node.6.cpu.0.retired = 859
stat.node.7.cpu.0.retired = 858
stat.node.7.cpu.0.cycles = 1000000
stat.node.0.cpu.0.retired = 858
stat.node.0.cpu.0.cycles = 1000000
stat.node.6.cpu.0.cycles = 1000000
stat.node.4.cpu.0.load_issue_to_complete_count = 499
stat.node.4.cpu.0.avg_load_issue_to_complete_lat = 963.768
stat.node.4.injector.phase_cycles = 483169
stat.node.4.injector.request_bytes = 141376
stat.node.4.injector.response_bytes = 0
stat.node.4.injector.aggregate_bytes = 141376
stat.node.4.injector.request_gbps = 5.61795
stat.node.4.injector.response_gbps = 0
stat.node.4.injector.aggregate_gbps = 5.61795
stat.node.4.llc.cxl_miss = 500
stat.node.4.llc.total_miss = 500
stat.node.4.llc.avg_miss_lat = 729.51
stat.node.4.llc.avg_cxl_lat = 729.51
stat.node.4.llc.miss_lat_hist_bin_ns = 10
stat.node.4.llc.miss_lat_hist = [0,0,0,0,0,0,0,0,0,0,0,0,0,0,0,0,0,0,0,0,0,0,0,0,0,0,159,62,17,2,1,4,38,120,91,5,1]
stat.node.4.util.dram_avg = 2.12241e-05
stat.node.4.walltime_s = 952.64
stat.node.4.active_time_s = 20.1794
stat.node.5.cpu.0.load_issue_to_complete_count = 499
stat.node.5.cpu.0.avg_load_issue_to_complete_lat = 964.146
stat.node.5.injector.phase_cycles = 483358
stat.node.5.injector.request_bytes = 141440
stat.node.5.injector.response_bytes = 0
stat.node.5.injector.aggregate_bytes = 141440
stat.node.5.injector.request_gbps = 5.6183
stat.node.5.injector.response_gbps = 0
stat.node.5.injector.aggregate_gbps = 5.6183
stat.node.5.llc.cxl_miss = 500
stat.node.5.llc.total_miss = 500
stat.node.5.llc.avg_miss_lat = 731.292
stat.node.5.llc.avg_cxl_lat = 731.292
stat.node.5.llc.miss_lat_hist_bin_ns = 10
stat.node.5.llc.miss_lat_hist = [0,0,0,0,0,0,0,0,0,0,0,0,0,0,0,0,0,0,0,0,0,0,0,0,0,0,42,62,85,37,8,90,110,50,16]
stat.node.5.util.dram_avg = 2.122e-05
stat.node.5.walltime_s = 952.632
stat.node.5.active_time_s = 26.3286
stat.node.6.cpu.0.load_issue_to_complete_count = 499
stat.node.6.cpu.0.avg_load_issue_to_complete_lat = 964.455
stat.node.6.injector.phase_cycles = 483581
stat.node.6.injector.request_bytes = 141440
stat.node.6.injector.response_bytes = 0
stat.node.6.injector.aggregate_bytes = 141440
stat.node.6.injector.request_gbps = 5.6157
stat.node.6.injector.response_gbps = 0
stat.node.6.injector.aggregate_gbps = 5.6157
stat.node.6.llc.cxl_miss = 500
stat.node.6.llc.total_miss = 500
stat.node.6.llc.avg_miss_lat = 731.568
stat.node.6.llc.avg_cxl_lat = 731.568
stat.node.6.llc.miss_lat_hist_bin_ns = 10
stat.node.6.llc.miss_lat_hist = [0,0,0,0,0,0,0,0,0,0,0,0,0,0,0,0,0,0,0,0,0,0,0,0,0,0,4,10,17,125,266,27,22,26,3]
stat.node.6.util.dram_avg = 2.12154e-05
stat.node.6.walltime_s = 952.88
stat.node.6.active_time_s = 18.8804
stat.node.7.cpu.0.load_issue_to_complete_count = 499
stat.node.7.cpu.0.avg_load_issue_to_complete_lat = 964.577
stat.node.7.injector.phase_cycles = 483721
stat.node.7.injector.request_bytes = 141504
stat.node.7.injector.response_bytes = 0
stat.node.7.injector.aggregate_bytes = 141504
stat.node.7.injector.request_gbps = 5.61662
stat.node.7.injector.response_gbps = 0
stat.node.7.injector.aggregate_gbps = 5.61662
stat.node.7.llc.cxl_miss = 500
stat.node.7.llc.total_miss = 500
stat.node.7.llc.avg_miss_lat = 730.836
stat.node.7.llc.avg_cxl_lat = 730.836
stat.node.7.llc.miss_lat_hist_bin_ns = 10
stat.node.7.llc.miss_lat_hist = [0,0,0,0,0,0,0,0,0,0,0,0,0,0,0,0,0,0,0,0,0,0,0,0,0,0,67,112,48,6,4,4,104,143,11,1]
stat.node.7.util.dram_avg = 2.12123e-05
stat.node.7.walltime_s = 952.927
stat.node.7.active_time_s = 24.8365
stat.node.0.cpu.0.load_issue_to_complete_count = 499
stat.node.0.cpu.0.avg_load_issue_to_complete_lat = 964.198
stat.node.0.injector.phase_cycles = 483384
stat.node.0.injector.request_bytes = 141440
stat.node.0.injector.response_bytes = 0
stat.node.0.injector.aggregate_bytes = 141440
stat.node.0.injector.request_gbps = 5.61799
stat.node.0.injector.response_gbps = 0
stat.node.0.injector.aggregate_gbps = 5.61799
stat.node.0.llc.cxl_miss = 500
stat.node.0.llc.total_miss = 500
stat.node.0.llc.avg_miss_lat = 730.978
stat.node.0.llc.avg_cxl_lat = 730.978
stat.node.0.llc.miss_lat_hist_bin_ns = 10
stat.node.0.llc.miss_lat_hist = [0,0,0,0,0,0,0,0,0,0,0,0,0,0,0,0,0,0,0,0,0,0,0,0,0,0,20,21,65,103,44,164,34,41,7,1]
stat.node.0.util.dram_avg = 2.12118e-05
stat.node.0.walltime_s = 952.932
stat.node.0.active_time_s = 15.8168
stat.node.1.cpu.0.load_issue_to_complete_count = 499
stat.node.1.cpu.0.avg_load_issue_to_complete_lat = 964.635
stat.node.1.injector.phase_cycles = 483602
stat.node.1.injector.request_bytes = 141504
stat.node.1.injector.response_bytes = 0
stat.node.1.injector.aggregate_bytes = 141504
stat.node.1.injector.request_gbps = 5.618
stat.node.1.injector.response_gbps = 0
stat.node.1.injector.aggregate_gbps = 5.618
stat.node.1.llc.cxl_miss = 500
stat.node.1.llc.total_miss = 500
stat.node.1.llc.avg_miss_lat = 732.632
stat.node.1.llc.avg_cxl_lat = 732.632
stat.node.1.llc.miss_lat_hist_bin_ns = 10
stat.node.1.llc.miss_lat_hist = [0,0,0,0,0,0,0,0,0,0,0,0,0,0,0,0,0,0,0,0,0,0,0,0,0,0,4,11,199,16,9,70,137,44,9,1]
stat.node.1.util.dram_avg = 2.12036e-05
stat.node.1.walltime_s = 954.06
stat.node.1.active_time_s = 27.8765
stat.node.2.cpu.0.load_issue_to_complete_count = 499
stat.node.2.cpu.0.avg_load_issue_to_complete_lat = 968.142
stat.node.2.injector.phase_cycles = 485352
stat.node.2.injector.request_bytes = 142016
stat.node.2.injector.response_bytes = 0
stat.node.2.injector.aggregate_bytes = 142016
stat.node.2.injector.request_gbps = 5.618
stat.node.2.injector.response_gbps = 0
stat.node.2.injector.aggregate_gbps = 5.618
stat.node.2.llc.cxl_miss = 500
stat.node.2.llc.total_miss = 500
stat.node.2.llc.avg_miss_lat = 731.384
stat.node.2.llc.avg_cxl_lat = 731.384
stat.node.2.llc.miss_lat_hist_bin_ns = 10
stat.node.2.llc.miss_lat_hist = [0,0,0,0,0,0,0,0,0,0,0,0,0,0,0,0,0,0,0,0,0,0,0,0,0,0,185,40,7,5,0,0,25,82,156]
stat.node.2.util.dram_avg = 2.11704e-05
stat.node.2.walltime_s = 954.492
stat.node.2.active_time_s = 16.3845
stat.node.3.cpu.0.load_issue_to_complete_count = 499
stat.node.3.cpu.0.avg_load_issue_to_complete_lat = 967.309
stat.node.3.injector.phase_cycles = 484936
stat.node.3.injector.request_bytes = 141888
stat.node.3.injector.response_bytes = 0
stat.node.3.injector.aggregate_bytes = 141888
stat.node.3.injector.request_gbps = 5.61775
stat.node.3.injector.response_gbps = 0
stat.node.3.injector.aggregate_gbps = 5.61775
stat.node.3.llc.cxl_miss = 500
stat.node.3.llc.total_miss = 500
stat.node.3.llc.avg_miss_lat = 734.612
stat.node.3.llc.avg_cxl_lat = 734.612
stat.node.3.llc.miss_lat_hist_bin_ns = 10
stat.node.3.llc.miss_lat_hist = [0,0,0,0,0,0,0,0,0,0,0,0,0,0,0,0,0,0,0,0,0,0,0,0,0,0,5,5,17,205,61,129,30,27,21]
stat.node.3.util.dram_avg = 2.11664e-05
stat.node.3.walltime_s = 954.684
stat.node.3.active_time_s = 22.2009
stat.pool.100.util.mem_avg = 0.181441
stat.pool.100.util.req_link_avg = 0.941512
stat.pool.100.walltime_s = 954.7
stat.pool.100.active_time_s = 0.856167
stat.switch.replicated_messages = 0
stat.switch.util.node_ingress_avg = 0.117711
stat.switch.util.pool_ingress_avg = 0.22011
stat.switch.bw.host_to_switch_gbps = 5.78601
stat.switch.bw.switch_to_host_gbps = 1.35234
stat.switch.bw.host_link_total_gbps = 7.13835
stat.switch.walltime_s = 954.7
stat.switch.active_time_s = 2.63323
Simulation is complete, simulated time: 472.826 us
