stat.node.4.cpu.0.retired = 824
stat.node.4.cpu.0.cycles = 1000000
stat.node.5.cpu.0.retired = 823
stat.node.5.cpu.0.cycles = 1000000
stat.node.6.cpu.0.retired = 823
stat.node.6.cpu.0.cycles = 1000000
stat.node.7.cpu.0.retired = 822
stat.node.7.cpu.0.cycles = 1000000
stat.node.0.cpu.0.retired = 822
stat.node.0.cpu.0.cycles = 1000000
stat.node.1.cpu.0.retired = 822
stat.node.1.cpu.0.cycles = 1000000
stat.node.2.cpu.0.retired = 821
stat.node.2.cpu.0.cycles = 1000000
stat.node.3.cpu.0.retired = 819
stat.node.3.cpu.0.cycles = 1000000
stat.node.4.cpu.0.load_issue_to_complete_count = 499
stat.node.4.cpu.0.avg_load_issue_to_complete_lat = 994.194
stat.node.4.injector.phase_cycles = 498285
stat.node.4.injector.request_bytes = 14816
stat.node.4.injector.response_bytes = 118528
stat.node.4.injector.aggregate_bytes = 133344
stat.node.4.injector.request_gbps = 0.570893
stat.node.4.injector.response_gbps = 4.56714
stat.node.4.injector.aggregate_gbps = 5.13803
stat.node.4.llc.cxl_miss = 500
stat.node.4.llc.total_miss = 500
stat.node.4.llc.avg_miss_lat = 759.964
stat.node.4.llc.avg_cxl_lat = 759.964
stat.node.4.llc.miss_lat_hist_bin_ns = 10
stat.node.4.llc.miss_lat_hist = [0,0,0,0,0,0,0,0,0,0,0,0,0,0,0,0,0,0,0,0,0,0,0,0,0,0,13,48,25,24,41,66,98,144,39,2]
stat.node.4.util.dram_avg = 2.05337e-05
stat.node.4.walltime_s = 10.6657
stat.node.4.active_time_s = 6.175
stat.node.5.cpu.0.load_issue_to_complete_count = 499
stat.node.5.cpu.0.avg_load_issue_to_complete_lat = 992.916
stat.node.5.injector.phase_cycles = 497741
stat.node.5.injector.request_bytes = 14800
stat.node.5.injector.response_bytes = 118400
stat.node.5.injector.aggregate_bytes = 133200
stat.node.5.injector.request_gbps = 0.570899
stat.node.5.injector.response_gbps = 4.56719
stat.node.5.injector.aggregate_gbps = 5.13809
stat.node.5.llc.cxl_miss = 500
stat.node.5.llc.total_miss = 500
stat.node.5.llc.avg_miss_lat = 759.172
stat.node.5.llc.avg_cxl_lat = 759.172
stat.node.5.llc.miss_lat_hist_bin_ns = 10
stat.node.5.llc.miss_lat_hist = [0,0,0,0,0,0,0,0,0,0,0,0,0,0,0,0,0,0,0,0,0,0,0,0,0,0,16,48,18,33,36,71,91,141,46]
stat.node.5.util.dram_avg = 2.05332e-05
stat.node.5.walltime_s = 10.666
stat.node.5.active_time_s = 6.28305
stat.node.6.cpu.0.load_issue_to_complete_count = 499
stat.node.6.cpu.0.avg_load_issue_to_complete_lat = 993.293
stat.node.6.injector.phase_cycles = 498029
stat.node.6.injector.request_bytes = 14808
stat.node.6.injector.response_bytes = 118464
stat.node.6.injector.aggregate_bytes = 133272
stat.node.6.injector.request_gbps = 0.570878
stat.node.6.injector.response_gbps = 4.56702
stat.node.6.injector.aggregate_gbps = 5.1379
stat.node.6.llc.cxl_miss = 500
stat.node.6.llc.total_miss = 500
stat.node.6.llc.avg_miss_lat = 760.306
stat.node.6.llc.avg_cxl_lat = 760.306
stat.node.6.llc.miss_lat_hist_bin_ns = 10
stat.node.6.llc.miss_lat_hist = [0,0,0,0,0,0,0,0,0,0,0,0,0,0,0,0,0,0,0,0,0,0,0,0,0,0,11,51,22,26,39,79,80,137,55]
stat.node.6.util.dram_avg = 2.05238e-05
stat.node.6.walltime_s = 10.671
stat.node.6.active_time_s = 6.16237
stat.node.7.cpu.0.load_issue_to_complete_count = 499
stat.node.7.cpu.0.avg_load_issue_to_complete_lat = 993.255
stat.node.7.injector.phase_cycles = 498027
stat.node.7.injector.request_bytes = 14808
stat.node.7.injector.response_bytes = 118464
stat.node.7.injector.aggregate_bytes = 133272
stat.node.7.injector.request_gbps = 0.57088
stat.node.7.injector.response_gbps = 4.56704
stat.node.7.injector.aggregate_gbps = 5.13792
stat.node.7.llc.cxl_miss = 500
stat.node.7.llc.total_miss = 500
stat.node.7.llc.avg_miss_lat = 760.182
stat.node.7.llc.avg_cxl_lat = 760.182
stat.node.7.llc.miss_lat_hist_bin_ns = 10
stat.node.7.llc.miss_lat_hist = [0,0,0,0,0,0,0,0,0,0,0,0,0,0,0,0,0,0,0,0,0,0,0,0,0,0,10,48,18,36,29,70,124,132,33]
stat.node.7.util.dram_avg = 2.05006e-05
stat.node.7.walltime_s = 10.6831
stat.node.7.active_time_s = 6.18173
stat.node.0.cpu.0.load_issue_to_complete_count = 499
stat.node.0.cpu.0.avg_load_issue_to_complete_lat = 993.844
stat.node.0.injector.phase_cycles = 498241
stat.node.0.injector.request_bytes = 14816
stat.node.0.injector.response_bytes = 118528
stat.node.0.injector.aggregate_bytes = 133344
stat.node.0.injector.request_gbps = 0.570943
stat.node.0.injector.response_gbps = 4.56754
stat.node.0.injector.aggregate_gbps = 5.13849
stat.node.0.llc.cxl_miss = 500
stat.node.0.llc.total_miss = 500
stat.node.0.llc.avg_miss_lat = 759.544
stat.node.0.llc.avg_cxl_lat = 759.544
stat.node.0.llc.miss_lat_hist_bin_ns = 10
stat.node.0.llc.miss_lat_hist = [0,0,0,0,0,0,0,0,0,0,0,0,0,0,0,0,0,0,0,0,0,0,0,0,0,0,23,40,20,29,35,66,107,142,38]
stat.node.0.util.dram_avg = 2.0495e-05
stat.node.0.walltime_s = 10.6861
stat.node.0.active_time_s = 6.14659
stat.node.1.cpu.0.load_issue_to_complete_count = 499
stat.node.1.cpu.0.avg_load_issue_to_complete_lat = 994.094
stat.node.1.injector.phase_cycles = 498266
stat.node.1.injector.request_bytes = 14816
stat.node.1.injector.response_bytes = 118528
stat.node.1.injector.aggregate_bytes = 133344
stat.node.1.injector.request_gbps = 0.570914
stat.node.1.injector.response_gbps = 4.56731
stat.node.1.injector.aggregate_gbps = 5.13823
stat.node.1.llc.cxl_miss = 500
stat.node.1.llc.total_miss = 500
stat.node.1.llc.avg_miss_lat = 760.314
stat.node.1.llc.avg_cxl_lat = 760.314
stat.node.1.llc.miss_lat_hist_bin_ns = 10
stat.node.1.llc.miss_lat_hist = [0,0,0,0,0,0,0,0,0,0,0,0,0,0,0,0,0,0,0,0,0,0,0,0,0,0,10,50,20,30,45,69,89,136,50,1]
stat.node.1.util.dram_avg = 2.04911e-05
stat.node.1.walltime_s = 10.6882
stat.node.1.active_time_s = 6.2312
stat.node.2.cpu.0.load_issue_to_complete_count = 499
stat.node.2.cpu.0.avg_load_issue_to_complete_lat = 994.87
stat.node.2.injector.phase_cycles = 498655
stat.node.2.injector.request_bytes = 14832
stat.node.2.injector.response_bytes = 118656
stat.node.2.injector.aggregate_bytes = 133488
stat.node.2.injector.request_gbps = 0.571085
stat.node.2.injector.response_gbps = 4.56868
stat.node.2.injector.aggregate_gbps = 5.13977
stat.node.2.llc.cxl_miss = 500
stat.node.2.llc.total_miss = 500
stat.node.2.llc.avg_miss_lat = 761.956
stat.node.2.llc.avg_cxl_lat = 761.956
stat.node.2.llc.miss_lat_hist_bin_ns = 10
stat.node.2.llc.miss_lat_hist = [0,0,0,0,0,0,0,0,0,0,0,0,0,0,0,0,0,0,0,0,0,0,0,0,0,0,13,35,26,25,50,78,72,139,60,2]
stat.node.2.util.dram_avg = 2.04812e-05
stat.node.2.walltime_s = 10.6934
stat.node.2.active_time_s = 6.17953
stat.pool.100.util.mem_avg = 0.152939
stat.pool.100.util.req_link_avg = 0.119497
stat.pool.100.walltime_s = 10.7057
stat.pool.100.active_time_s = 0.219082
stat.switch.replicated_messages = 0
stat.switch.util.node_ingress_avg = 0.0149385
stat.switch.util.pool_ingress_avg = 0.955715
stat.switch.bw.host_to_switch_gbps = 0.734384
stat.switch.bw.switch_to_host_gbps = 5.87193
stat.switch.bw.host_link_total_gbps = 6.60631
stat.switch.walltime_s = 10.7057
stat.switch.active_time_s = 0.676514
stat.node.3.cpu.0.load_issue_to_complete_count = 499
stat.node.3.cpu.0.avg_load_issue_to_complete_lat = 994.91
stat.node.3.injector.phase_cycles = 498661
stat.node.3.injector.request_bytes = 14832
stat.node.3.injector.response_bytes = 118592
stat.node.3.injector.aggregate_bytes = 133424
stat.node.3.injector.request_gbps = 0.571078
stat.node.3.injector.response_gbps = 4.56616
stat.node.3.injector.aggregate_gbps = 5.13724
stat.node.3.llc.cxl_miss = 500
stat.node.3.llc.total_miss = 500
stat.node.3.llc.avg_miss_lat = 760.988
stat.node.3.llc.avg_cxl_lat = 760.988
stat.node.3.llc.miss_lat_hist_bin_ns = 10
stat.node.3.llc.miss_lat_hist = [0,0,0,0,0,0,0,0,0,0,0,0,0,0,0,0,0,0,0,0,0,0,0,0,0,0,12,38,28,35,35,62,102,143,45]
stat.node.3.util.dram_avg = 2.04578e-05
stat.node.3.walltime_s = 10.7056
stat.node.3.active_time_s = 6.3686
Simulation is complete, simulated time: 489.203 us
