stat.node.0.cpu.0.retired = 985
stat.node.0.cpu.0.cycles = 1000000
stat.node.1.cpu.0.retired = 985
stat.node.1.cpu.0.cycles = 1000000
stat.node.2.cpu.0.retired = 985
stat.node.2.cpu.0.cycles = 1000000
stat.node.3.cpu.0.retired = 985
stat.node.3.cpu.0.cycles = 1000000
stat.node.4.cpu.0.retired = 987
stat.node.4.cpu.0.cycles = 1000000
stat.node.5.cpu.0.retired = 987
stat.node.5.cpu.0.cycles = 1000000
stat.node.6.cpu.0.retired = 985
stat.node.6.cpu.0.cycles = 1000000
stat.node.7.cpu.0.retired = 985
stat.node.7.cpu.0.cycles = 1000000
stat.node.0.cpu.0.retired = 2266
stat.node.0.cpu.0.cycles = 2000000
stat.node.1.cpu.0.retired = 2267
stat.node.1.cpu.0.cycles = 2000000
stat.node.2.cpu.0.retired = 2266
stat.node.2.cpu.0.cycles = 2000000
stat.node.3.cpu.0.retired = 2265
stat.node.3.cpu.0.cycles = 2000000
stat.node.4.cpu.0.retired = 2267
stat.node.4.cpu.0.cycles = 2000000
stat.node.5.cpu.0.retired = 2267
stat.node.5.cpu.0.cycles = 2000000
stat.node.6.cpu.0.retired = 2267
stat.node.6.cpu.0.cycles = 2000000
stat.node.7.cpu.0.retired = 2267
stat.node.7.cpu.0.cycles = 2000000
stat.node.2.cpu.0.retired = 3631
stat.node.2.cpu.0.cycles = 3000000
stat.node.3.cpu.0.retired = 3630
stat.node.3.cpu.0.cycles = 3000000
stat.node.4.cpu.0.retired = 3631
stat.node.4.cpu.0.cycles = 3000000
stat.node.5.cpu.0.retired = 3632
stat.node.5.cpu.0.cycles = 3000000
stat.node.7.cpu.0.retired = 3631
stat.node.7.cpu.0.cycles = 3000000
stat.node.6.cpu.0.retired = 3631
stat.node.6.cpu.0.cycles = 3000000
stat.node.0.cpu.0.retired = 3630
stat.node.0.cpu.0.cycles = 3000000
stat.node.1.cpu.0.retired = 3631
stat.node.1.cpu.0.cycles = 3000000
stat.node.6.cpu.0.load_issue_to_complete_count = 3999
stat.node.6.cpu.0.avg_load_issue_to_complete_lat = 739.061
stat.node.6.injector.phase_cycles = 2960383
stat.node.6.injector.request_bytes = 46264
stat.node.6.injector.response_bytes = 123392
stat.node.6.injector.aggregate_bytes = 169656
stat.node.6.injector.request_gbps = 0.300052
stat.node.6.injector.response_gbps = 0.800277
stat.node.6.injector.aggregate_gbps = 1.10033
stat.node.6.llc.cxl_miss = 4000
stat.node.6.llc.total_miss = 4000
stat.node.6.llc.avg_miss_lat = 631.396
stat.node.6.llc.avg_cxl_lat = 631.396
stat.node.6.llc.miss_lat_hist_bin_ns = 10
stat.node.6.llc.miss_lat_hist = [0,0,0,0,0,0,0,0,0,0,0,0,0,0,0,0,0,0,0,0,0,0,0,0,0,0,3676,132,49,46,26,40,15,9,7]
stat.node.6.util.dram_avg = 6.0432e-06
stat.node.6.walltime_s = 3440.99
stat.node.6.active_time_s = 65.4559
stat.node.7.cpu.0.load_issue_to_complete_count = 3999
stat.node.7.cpu.0.avg_load_issue_to_complete_lat = 739.165
stat.node.7.injector.phase_cycles = 2960801
stat.node.7.injector.request_bytes = 46264
stat.node.7.injector.response_bytes = 123392
stat.node.7.injector.aggregate_bytes = 169656
stat.node.7.injector.request_gbps = 0.30001
stat.node.7.injector.response_gbps = 0.800164
stat.node.7.injector.aggregate_gbps = 1.10017
stat.node.7.llc.cxl_miss = 4000
stat.node.7.llc.total_miss = 4000
stat.node.7.llc.avg_miss_lat = 631.5
stat.node.7.llc.avg_cxl_lat = 631.5
stat.node.7.llc.miss_lat_hist_bin_ns = 10
stat.node.7.llc.miss_lat_hist = [0,0,0,0,0,0,0,0,0,0,0,0,0,0,0,0,0,0,0,0,0,0,0,0,0,0,3661,140,60,50,31,28,11,8,10,1]
stat.node.7.util.dram_avg = 6.04256e-06
stat.node.7.walltime_s = 3441.05
stat.node.7.active_time_s = 75.4191
stat.node.4.cpu.0.load_issue_to_complete_count = 3999
stat.node.4.cpu.0.avg_load_issue_to_complete_lat = 739.545
stat.node.4.injector.phase_cycles = 2962331
stat.node.4.injector.request_bytes = 46272
stat.node.4.injector.response_bytes = 123456
stat.node.4.injector.aggregate_bytes = 169728
stat.node.4.injector.request_gbps = 0.299907
stat.node.4.injector.response_gbps = 0.800166
stat.node.4.injector.aggregate_gbps = 1.10007
stat.node.4.llc.cxl_miss = 4000
stat.node.4.llc.total_miss = 4000
stat.node.4.llc.avg_miss_lat = 631.844
stat.node.4.llc.avg_cxl_lat = 631.844
stat.node.4.llc.miss_lat_hist_bin_ns = 10
stat.node.4.llc.miss_lat_hist = [0,0,0,0,0,0,0,0,0,0,0,0,0,0,0,0,0,0,0,0,0,0,0,0,0,0,3658,142,50,50,36,29,13,6,10,6]
stat.node.4.util.dram_avg = 6.04252e-06
stat.node.4.walltime_s = 3441.06
stat.node.4.active_time_s = 80.0754
stat.node.5.cpu.0.load_issue_to_complete_count = 3999
stat.node.5.cpu.0.avg_load_issue_to_complete_lat = 739.555
stat.node.5.injector.phase_cycles = 2962371
stat.node.5.injector.request_bytes = 46272
stat.node.5.injector.response_bytes = 123456
stat.node.5.injector.aggregate_bytes = 169728
stat.node.5.injector.request_gbps = 0.299902
stat.node.5.injector.response_gbps = 0.800155
stat.node.5.injector.aggregate_gbps = 1.10006
stat.node.5.llc.cxl_miss = 4000
stat.node.5.llc.total_miss = 4000
stat.node.5.llc.avg_miss_lat = 631.861
stat.node.5.llc.avg_cxl_lat = 631.861
stat.node.5.llc.miss_lat_hist_bin_ns = 10
stat.node.5.llc.miss_lat_hist = [0,0,0,0,0,0,0,0,0,0,0,0,0,0,0,0,0,0,0,0,0,0,0,0,0,0,3666,136,63,30,29,32,13,22,8,1]
stat.node.5.util.dram_avg = 6.04246e-06
stat.node.5.walltime_s = 3441.06
stat.node.5.active_time_s = 90.722
stat.node.0.cpu.0.load_issue_to_complete_count = 3999
stat.node.0.cpu.0.avg_load_issue_to_complete_lat = 739.246
stat.node.0.injector.phase_cycles = 2961124
stat.node.0.injector.request_bytes = 46272
stat.node.0.injector.response_bytes = 123392
stat.node.0.injector.aggregate_bytes = 169664
stat.node.0.injector.request_gbps = 0.300029
stat.node.0.injector.response_gbps = 0.800077
stat.node.0.injector.aggregate_gbps = 1.10011
stat.node.0.llc.cxl_miss = 4000
stat.node.0.llc.total_miss = 4000
stat.node.0.llc.avg_miss_lat = 631.586
stat.node.0.llc.avg_cxl_lat = 631.586
stat.node.0.llc.miss_lat_hist_bin_ns = 10
stat.node.0.llc.miss_lat_hist = [0,0,0,0,0,0,0,0,0,0,0,0,0,0,0,0,0,0,0,0,0,0,0,0,0,0,3683,115,55,47,32,25,22,15,6]
stat.node.0.util.dram_avg = 6.04203e-06
stat.node.0.walltime_s = 3441.31
stat.node.0.active_time_s = 65.4356
stat.node.1.cpu.0.load_issue_to_complete_count = 3999
stat.node.1.cpu.0.avg_load_issue_to_complete_lat = 739.331
stat.node.1.injector.phase_cycles = 2961465
stat.node.1.injector.request_bytes = 46272
stat.node.1.injector.response_bytes = 123392
stat.node.1.injector.aggregate_bytes = 169664
stat.node.1.injector.request_gbps = 0.299994
stat.node.1.injector.response_gbps = 0.799985
stat.node.1.injector.aggregate_gbps = 1.09998
stat.node.1.llc.cxl_miss = 4000
stat.node.1.llc.total_miss = 4000
stat.node.1.llc.avg_miss_lat = 631.667
stat.node.1.llc.avg_cxl_lat = 631.667
stat.node.1.llc.miss_lat_hist_bin_ns = 10
stat.node.1.llc.miss_lat_hist = [0,0,0,0,0,0,0,0,0,0,0,0,0,0,0,0,0,0,0,0,0,0,0,0,0,0,3649,130,69,70,40,22,7,7,6]
stat.node.1.util.dram_avg = 6.04151e-06
stat.node.1.walltime_s = 3441.33
stat.node.1.active_time_s = 93.027
stat.node.3.cpu.0.load_issue_to_complete_count = 3999
stat.node.3.cpu.0.avg_load_issue_to_complete_lat = 739.551
stat.node.3.injector.phase_cycles = 2962345
stat.node.3.injector.request_bytes = 46272
stat.node.3.injector.response_bytes = 123456
stat.node.3.injector.aggregate_bytes = 169728
stat.node.3.injector.request_gbps = 0.299905
stat.node.3.injector.response_gbps = 0.800162
stat.node.3.injector.aggregate_gbps = 1.10007
stat.node.3.llc.cxl_miss = 4000
stat.node.3.llc.total_miss = 4000
stat.node.3.llc.avg_miss_lat = 631.841
stat.node.3.llc.avg_cxl_lat = 631.841
stat.node.3.llc.miss_lat_hist_bin_ns = 10
stat.node.3.llc.miss_lat_hist = [0,0,0,0,0,0,0,0,0,0,0,0,0,0,0,0,0,0,0,0,0,0,0,0,0,0,3677,123,55,35,38,28,21,18,5]
stat.node.3.util.dram_avg = 6.03995e-06
stat.node.3.walltime_s = 3441.38
stat.node.3.active_time_s = 84.8922
stat.node.2.cpu.0.load_issue_to_complete_count = 3999
stat.node.2.cpu.0.avg_load_issue_to_complete_lat = 739.563
stat.node.2.injector.phase_cycles = 2962393
stat.node.2.injector.request_bytes = 46272
stat.node.2.injector.response_bytes = 123456
stat.node.2.injector.aggregate_bytes = 169728
stat.node.2.injector.request_gbps = 0.2999
stat.node.2.injector.response_gbps = 0.800149
stat.node.2.injector.aggregate_gbps = 1.10005
stat.node.2.llc.cxl_miss = 4000
stat.node.2.llc.total_miss = 4000
stat.node.2.llc.avg_miss_lat = 631.887
stat.node.2.llc.avg_cxl_lat = 631.887
stat.node.2.llc.miss_lat_hist_bin_ns = 10
stat.node.2.llc.miss_lat_hist = [0,0,0,0,0,0,0,0,0,0,0,0,0,0,0,0,0,0,0,0,0,0,0,0,0,0,3669,130,57,35,38,30,13,16,8,4]
stat.node.2.util.dram_avg = 6.03991e-06
stat.node.2.walltime_s = 3441.43
stat.node.2.active_time_s = 67.5643
stat.pool.101.util.mem_avg = 0.0368009
stat.pool.101.util.req_link_avg = 0.0572014
stat.pool.101.walltime_s = 3441.52
stat.pool.101.active_time_s = 2.15003
stat.pool.100.util.mem_avg = 0.0368012
stat.pool.100.util.req_link_avg = 0.0572014
stat.pool.100.walltime_s = 3441.52
stat.pool.100.active_time_s = 2.18403
stat.switch.replicated_messages = 10336
stat.switch.util.node_ingress_avg = 0.0102361
stat.switch.util.pool_ingress_avg = 0.19749
stat.switch.bw.host_to_switch_gbps = 0.503139
stat.switch.bw.switch_to_host_gbps = 2.42675
stat.switch.bw.host_link_total_gbps = 2.92989
stat.switch.walltime_s = 3441.52
stat.switch.active_time_s = 9.09683
Simulation is complete, simulated time: 1.65698 ms
