stat.node.1.cpu.0.retired = 671
stat.node.1.cpu.0.cycles = 1000000
stat.node.2.cpu.0.retired = 670
stat.node.2.cpu.0.cycles = 1000000
stat.node.3.cpu.0.retired = 669
stat.node.3.cpu.0.cycles = 1000000
stat.node.4.cpu.0.retired = 671
stat.node.4.cpu.0.cycles = 1000000
stat.node.5.cpu.0.retired = 671
stat.node.5.cpu.0.cycles = 1000000
stat.node.6.cpu.0.retired = 671
stat.node.6.cpu.0.cycles = 1000000
stat.node.7.cpu.0.retired = 671
stat.node.7.cpu.0.cycles = 1000000
stat.node.0.cpu.0.retired = 671
stat.node.0.cpu.0.cycles = 1000000
stat.node.2.cpu.0.retired = 1552
stat.node.2.cpu.0.cycles = 2000000
stat.node.3.cpu.0.retired = 1551
stat.node.3.cpu.0.cycles = 2000000
stat.node.4.cpu.0.retired = 1554
stat.node.4.cpu.0.cycles = 2000000
stat.node.5.cpu.0.retired = 1555
stat.node.5.cpu.0.cycles = 2000000
stat.node.6.cpu.0.retired = 1554
stat.node.6.cpu.0.cycles = 2000000
stat.node.0.cpu.0.retired = 1553
stat.node.0.cpu.0.cycles = 2000000
stat.node.7.cpu.0.retired = 1553
stat.node.7.cpu.0.cycles = 2000000
stat.node.1.cpu.0.retired = 1554
stat.node.1.cpu.0.cycles = 2000000
stat.node.5.cpu.0.retired = 2458
stat.node.5.cpu.0.cycles = 3000000
stat.node.1.cpu.0.retired = 2454
stat.node.1.cpu.0.cycles = 3000000
stat.node.0.cpu.0.retired = 2454
stat.node.0.cpu.0.cycles = 3000000
stat.node.7.cpu.0.retired = 2454
stat.node.7.cpu.0.cycles = 3000000
stat.node.6.cpu.0.retired = 2454
stat.node.6.cpu.0.cycles = 3000000
stat.node.2.cpu.0.retired = 2454
stat.node.2.cpu.0.cycles = 3000000
stat.node.3.cpu.0.retired = 2452
stat.node.3.cpu.0.cycles = 3000000
stat.node.4.cpu.0.retired = 2455
stat.node.4.cpu.0.cycles = 3000000
stat.node.0.cpu.0.retired = 3359
stat.node.0.cpu.0.cycles = 4000000
stat.node.7.cpu.0.retired = 3359
stat.node.7.cpu.0.cycles = 4000000
stat.node.6.cpu.0.retired = 3359
stat.node.6.cpu.0.cycles = 4000000
stat.node.2.cpu.0.retired = 3358
stat.node.2.cpu.0.cycles = 4000000
stat.node.3.cpu.0.retired = 3358
stat.node.3.cpu.0.cycles = 4000000
stat.node.5.cpu.0.retired = 3365
stat.node.5.cpu.0.cycles = 4000000
stat.node.4.cpu.0.retired = 3360
stat.node.4.cpu.0.cycles = 4000000
stat.node.1.cpu.0.retired = 3359
stat.node.1.cpu.0.cycles = 4000000
stat.node.4.cpu.0.retired = 4265
stat.node.4.cpu.0.cycles = 5000000
stat.node.5.cpu.0.retired = 4269
stat.node.5.cpu.0.cycles = 5000000
stat.node.0.cpu.0.retired = 4264
stat.node.0.cpu.0.cycles = 5000000
stat.node.7.cpu.0.retired = 4264
stat.node.7.cpu.0.cycles = 5000000
stat.node.6.cpu.0.retired = 4264
stat.node.6.cpu.0.cycles = 5000000
stat.node.2.cpu.0.retired = 4264
stat.node.2.cpu.0.cycles = 5000000
stat.node.3.cpu.0.retired = 4264
stat.node.3.cpu.0.cycles = 5000000
stat.node.1.cpu.0.retired = 4264
stat.node.1.cpu.0.cycles = 5000000
stat.node.5.cpu.0.load_issue_to_complete_count = 3999
stat.node.5.cpu.0.avg_load_issue_to_complete_lat = 1106.31
stat.node.5.injector.phase_cycles = 4429350
stat.node.5.injector.request_bytes = 274056
stat.node.5.injector.response_bytes = 1160768
stat.node.5.injector.aggregate_bytes = 1434824
stat.node.5.injector.request_gbps = 1.18796
stat.node.5.injector.response_gbps = 5.03161
stat.node.5.injector.aggregate_gbps = 6.21956
stat.node.5.llc.cxl_miss = 4000
stat.node.5.llc.total_miss = 4000
stat.node.5.llc.avg_miss_lat = 997.461
stat.node.5.llc.avg_cxl_lat = 997.461
stat.node.5.llc.miss_lat_hist_bin_ns = 10
stat.node.5.llc.miss_lat_hist = [0,0,0,0,0,0,0,0,0,0,0,0,0,0,0,0,0,0,0,0,0,0,0,0,0,0,0,0,0,0,0,0,6,4,5,3,7,23,300,1559,459,265,260,236,254,252,212,155]
stat.node.5.util.dram_avg = 4.13379e-06
stat.node.5.walltime_s = 83.7334
stat.node.5.active_time_s = 43.2504
stat.node.4.cpu.0.load_issue_to_complete_count = 3999
stat.node.4.cpu.0.avg_load_issue_to_complete_lat = 1107.82
stat.node.4.injector.phase_cycles = 4435375
stat.node.4.injector.request_bytes = 274448
stat.node.4.injector.response_bytes = 1162304
stat.node.4.injector.aggregate_bytes = 1436752
stat.node.4.injector.request_gbps = 1.18804
stat.node.4.injector.response_gbps = 5.03142
stat.node.4.injector.aggregate_gbps = 6.21946
stat.node.4.llc.cxl_miss = 4000
stat.node.4.llc.total_miss = 4000
stat.node.4.llc.avg_miss_lat = 998.967
stat.node.4.llc.avg_cxl_lat = 998.967
stat.node.4.llc.miss_lat_hist_bin_ns = 10
stat.node.4.llc.miss_lat_hist = [0,0,0,0,0,0,0,0,0,0,0,0,0,0,0,0,0,0,0,0,0,0,0,0,0,0,0,0,0,0,0,0,3,3,3,5,2,10,375,1589,398,254,202,240,189,262,242,219,3,1]
stat.node.4.util.dram_avg = 4.12933e-06
stat.node.4.walltime_s = 83.82
stat.node.4.active_time_s = 42.3653
stat.node.6.cpu.0.load_issue_to_complete_count = 3999
stat.node.6.cpu.0.avg_load_issue_to_complete_lat = 1107.78
stat.node.6.injector.phase_cycles = 4435225
stat.node.6.injector.request_bytes = 274440
stat.node.6.injector.response_bytes = 1162304
stat.node.6.injector.aggregate_bytes = 1436744
stat.node.6.injector.request_gbps = 1.18805
stat.node.6.injector.response_gbps = 5.03159
stat.node.6.injector.aggregate_gbps = 6.21964
stat.node.6.llc.cxl_miss = 4000
stat.node.6.llc.total_miss = 4000
stat.node.6.llc.avg_miss_lat = 998.942
stat.node.6.llc.avg_cxl_lat = 998.942
stat.node.6.llc.miss_lat_hist_bin_ns = 10
stat.node.6.llc.miss_lat_hist = [0,0,0,0,0,0,0,0,0,0,0,0,0,0,0,0,0,0,0,0,0,0,0,0,0,0,0,0,0,0,0,1,4,2,3,7,5,3,328,1594,370,211,294,279,299,225,212,162,1]
stat.node.6.util.dram_avg = 4.12927e-06
stat.node.6.walltime_s = 83.8211
stat.node.6.active_time_s = 64.1125
stat.node.1.cpu.0.load_issue_to_complete_count = 3999
stat.node.1.cpu.0.avg_load_issue_to_complete_lat = 1107.74
stat.node.1.injector.phase_cycles = 4435050
stat.node.1.injector.request_bytes = 274440
stat.node.1.injector.response_bytes = 1162304
stat.node.1.injector.aggregate_bytes = 1436744
stat.node.1.injector.request_gbps = 1.18809
stat.node.1.injector.response_gbps = 5.03179
stat.node.1.injector.aggregate_gbps = 6.21988
stat.node.1.llc.cxl_miss = 4000
stat.node.1.llc.total_miss = 4000
stat.node.1.llc.avg_miss_lat = 998.867
stat.node.1.llc.avg_cxl_lat = 998.867
stat.node.1.llc.miss_lat_hist_bin_ns = 10
stat.node.1.llc.miss_lat_hist = [0,0,0,0,0,0,0,0,0,0,0,0,0,0,0,0,0,0,0,0,0,0,0,0,0,0,0,0,0,0,0,2,2,4,4,5,8,8,338,1571,421,255,227,242,226,263,256,167,1]
stat.node.1.util.dram_avg = 4.12906e-06
stat.node.1.walltime_s = 83.8254
stat.node.1.active_time_s = 45.3645
stat.node.0.cpu.0.load_issue_to_complete_count = 3999
stat.node.0.cpu.0.avg_load_issue_to_complete_lat = 1107.78
stat.node.0.injector.phase_cycles = 4435200
stat.node.0.injector.request_bytes = 274440
stat.node.0.injector.response_bytes = 1162304
stat.node.0.injector.aggregate_bytes = 1436744
stat.node.0.injector.request_gbps = 1.18805
stat.node.0.injector.response_gbps = 5.03162
stat.node.0.injector.aggregate_gbps = 6.21967
stat.node.0.llc.cxl_miss = 4000
stat.node.0.llc.total_miss = 4000
stat.node.0.llc.avg_miss_lat = 998.923
stat.node.0.llc.avg_cxl_lat = 998.923
stat.node.0.llc.miss_lat_hist_bin_ns = 10
stat.node.0.llc.miss_lat_hist = [0,0,0,0,0,0,0,0,0,0,0,0,0,0,0,0,0,0,0,0,0,0,0,0,0,0,0,0,0,0,0,0,4,2,4,2,6,10,320,1584,397,232,311,193,322,230,212,171]
stat.node.0.util.dram_avg = 4.12894e-06
stat.node.0.walltime_s = 83.828
stat.node.0.active_time_s = 42.4233
stat.node.3.cpu.0.load_issue_to_complete_count = 3999
stat.node.3.cpu.0.avg_load_issue_to_complete_lat = 1107.32
stat.node.3.injector.phase_cycles = 4433375
stat.node.3.injector.request_bytes = 274320
stat.node.3.injector.response_bytes = 1161856
stat.node.3.injector.aggregate_bytes = 1436176
stat.node.3.injector.request_gbps = 1.18802
stat.node.3.injector.response_gbps = 5.03175
stat.node.3.injector.aggregate_gbps = 6.21977
stat.node.3.llc.cxl_miss = 4000
stat.node.3.llc.total_miss = 4000
stat.node.3.llc.avg_miss_lat = 998.492
stat.node.3.llc.avg_cxl_lat = 998.492
stat.node.3.llc.miss_lat_hist_bin_ns = 10
stat.node.3.llc.miss_lat_hist = [0,0,0,0,0,0,0,0,0,0,0,0,0,0,0,0,0,0,0,0,0,0,0,0,0,0,0,0,0,0,0,0,1,6,3,3,5,10,319,1524,483,237,258,292,255,226,240,138]
stat.node.3.util.dram_avg = 4.12885e-06
stat.node.3.walltime_s = 83.8298
stat.node.3.active_time_s = 53.6462
stat.node.7.cpu.0.load_issue_to_complete_count = 3999
stat.node.7.cpu.0.avg_load_issue_to_complete_lat = 1107.78
stat.node.7.injector.phase_cycles = 4435200
stat.node.7.injector.request_bytes = 274440
stat.node.7.injector.response_bytes = 1162304
stat.node.7.injector.aggregate_bytes = 1436744
stat.node.7.injector.request_gbps = 1.18805
stat.node.7.injector.response_gbps = 5.03162
stat.node.7.injector.aggregate_gbps = 6.21967
stat.node.7.llc.cxl_miss = 4000
stat.node.7.llc.total_miss = 4000
stat.node.7.llc.avg_miss_lat = 998.942
stat.node.7.llc.avg_cxl_lat = 998.942
stat.node.7.llc.miss_lat_hist_bin_ns = 10
stat.node.7.llc.miss_lat_hist = [0,0,0,0,0,0,0,0,0,0,0,0,0,0,0,0,0,0,0,0,0,0,0,0,0,0,0,0,0,0,0,2,2,2,5,4,5,8,339,1654,351,236,253,203,247,248,224,216,1]
stat.node.7.util.dram_avg = 4.12876e-06
stat.node.7.walltime_s = 83.8317
stat.node.7.active_time_s = 44.5094
stat.node.2.cpu.0.load_issue_to_complete_count = 3999
stat.node.2.cpu.0.avg_load_issue_to_complete_lat = 1107.46
stat.node.2.injector.phase_cycles = 4433925
stat.node.2.injector.request_bytes = 274336
stat.node.2.injector.response_bytes = 1161920
stat.node.2.injector.aggregate_bytes = 1436256
stat.node.2.injector.request_gbps = 1.18794
stat.node.2.injector.response_gbps = 5.0314
stat.node.2.injector.aggregate_gbps = 6.21935
stat.node.2.llc.cxl_miss = 4000
stat.node.2.llc.total_miss = 4000
stat.node.2.llc.avg_miss_lat = 998.586
stat.node.2.llc.avg_cxl_lat = 998.586
stat.node.2.llc.miss_lat_hist_bin_ns = 10
stat.node.2.llc.miss_lat_hist = [0,0,0,0,0,0,0,0,0,0,0,0,0,0,0,0,0,0,0,0,0,0,0,0,0,0,0,0,0,0,0,2,1,2,6,5,4,8,320,1598,448,230,219,269,215,248,240,183,2]
stat.node.2.util.dram_avg = 4.12864e-06
stat.node.2.walltime_s = 83.8342
stat.node.2.active_time_s = 44.4628
stat.pool.100.util.mem_avg = 0.174539
stat.pool.100.util.req_link_avg = 0.215959
stat.pool.100.walltime_s = 83.8342
stat.pool.100.active_time_s = 2.17281
stat.switch.replicated_messages = 0
stat.switch.util.node_ingress_avg = 0.0269953
stat.switch.util.pool_ingress_avg = 0.999826
stat.switch.bw.host_to_switch_gbps = 1.32689
stat.switch.bw.switch_to_host_gbps = 6.14293
stat.switch.bw.host_link_total_gbps = 7.46982
stat.switch.walltime_s = 83.8342
stat.switch.active_time_s = 4.83782
Simulation is complete, simulated time: 2.42405 ms
