stat.node.6.cpu.0.retired = 939
stat.node.6.cpu.0.cycles = 1000000
stat.node.0.cpu.0.retired = 938
stat.node.0.cpu.0.cycles = 1000000
stat.node.2.cpu.0.retired = 937
stat.node.2.cpu.0.cycles = 1000000
stat.node.4.cpu.0.retired = 930
stat.node.4.cpu.0.cycles = 1000000
stat.node.7.cpu.0.retired = 938
stat.node.7.cpu.0.cycles = 1000000
stat.node.1.cpu.0.retired = 937
stat.node.1.cpu.0.cycles = 1000000
stat.node.3.cpu.0.retired = 937
stat.node.3.cpu.0.cycles = 1000000
stat.node.5.cpu.0.retired = 939
stat.node.5.cpu.0.cycles = 1000000
stat.node.5.cpu.0.load_issue_to_complete_count = 1499
stat.node.5.cpu.0.avg_load_issue_to_complete_lat = 859.531
stat.node.5.injector.phase_cycles = 1291536
stat.node.5.injector.request_bytes = 90952
stat.node.5.injector.response_bytes = 727616
stat.node.5.injector.aggregate_bytes = 818568
stat.node.5.injector.request_gbps = 1.35209
stat.node.5.injector.response_gbps = 10.8168
stat.node.5.injector.aggregate_gbps = 12.1688
stat.node.5.llc.cxl_miss = 1500
stat.node.5.llc.total_miss = 1500
stat.node.5.llc.avg_miss_lat = 679.238
stat.node.5.llc.avg_cxl_lat = 679.238
stat.node.5.llc.miss_lat_hist_bin_ns = 10
stat.node.5.llc.miss_lat_hist = [0,0,0,0,0,0,0,0,0,0,0,0,0,0,0,0,0,0,0,0,0,0,0,0,0,0,337,489,200,204,177,92,1]
stat.node.5.util.dram_avg = 1.26466e-05
stat.node.5.walltime_s = 35.7523
stat.node.5.active_time_s = 20.382
stat.node.6.cpu.0.load_issue_to_complete_count = 1499
stat.node.6.cpu.0.avg_load_issue_to_complete_lat = 859.592
stat.node.6.injector.phase_cycles = 1291611
stat.node.6.injector.request_bytes = 90960
stat.node.6.injector.response_bytes = 727680
stat.node.6.injector.aggregate_bytes = 818640
stat.node.6.injector.request_gbps = 1.35213
stat.node.6.injector.response_gbps = 10.8171
stat.node.6.injector.aggregate_gbps = 12.1692
stat.node.6.llc.cxl_miss = 1500
stat.node.6.llc.total_miss = 1500
stat.node.6.llc.avg_miss_lat = 679.023
stat.node.6.llc.avg_cxl_lat = 679.023
stat.node.6.llc.miss_lat_hist_bin_ns = 10
stat.node.6.llc.miss_lat_hist = [0,0,0,0,0,0,0,0,0,0,0,0,0,0,0,0,0,0,0,0,0,0,0,0,0,0,327,484,224,207,169,88,1]
stat.node.6.util.dram_avg = 1.26452e-05
stat.node.6.walltime_s = 35.7563
stat.node.6.active_time_s = 21.5275
stat.node.7.cpu.0.load_issue_to_complete_count = 1499
stat.node.7.cpu.0.avg_load_issue_to_complete_lat = 859.514
stat.node.7.injector.phase_cycles = 1291511
stat.node.7.injector.request_bytes = 90952
stat.node.7.injector.response_bytes = 727616
stat.node.7.injector.aggregate_bytes = 818568
stat.node.7.injector.request_gbps = 1.35212
stat.node.7.injector.response_gbps = 10.817
stat.node.7.injector.aggregate_gbps = 12.1691
stat.node.7.llc.cxl_miss = 1500
stat.node.7.llc.total_miss = 1500
stat.node.7.llc.avg_miss_lat = 679.016
stat.node.7.llc.avg_cxl_lat = 679.016
stat.node.7.llc.miss_lat_hist_bin_ns = 10
stat.node.7.llc.miss_lat_hist = [0,0,0,0,0,0,0,0,0,0,0,0,0,0,0,0,0,0,0,0,0,0,0,0,0,0,348,442,232,223,152,103]
stat.node.7.util.dram_avg = 1.26437e-05
stat.node.7.walltime_s = 35.7608
stat.node.7.active_time_s = 22.7928
stat.node.0.cpu.0.load_issue_to_complete_count = 1499
stat.node.0.cpu.0.avg_load_issue_to_complete_lat = 860.359
stat.node.0.injector.phase_cycles = 1292752
stat.node.0.injector.request_bytes = 91040
stat.node.0.injector.response_bytes = 728320
stat.node.0.injector.aggregate_bytes = 819360
stat.node.0.injector.request_gbps = 1.35213
stat.node.0.injector.response_gbps = 10.817
stat.node.0.injector.aggregate_gbps = 12.1692
stat.node.0.llc.cxl_miss = 1500
stat.node.0.llc.total_miss = 1500
stat.node.0.llc.avg_miss_lat = 679.957
stat.node.0.llc.avg_cxl_lat = 679.957
stat.node.0.llc.miss_lat_hist_bin_ns = 10
stat.node.0.llc.miss_lat_hist = [0,0,0,0,0,0,0,0,0,0,0,0,0,0,0,0,0,0,0,0,0,0,0,0,0,0,303,491,231,199,176,100]
stat.node.0.util.dram_avg = 1.26346e-05
stat.node.0.walltime_s = 35.787
stat.node.0.active_time_s = 14.2631
stat.node.1.cpu.0.load_issue_to_complete_count = 1499
stat.node.1.cpu.0.avg_load_issue_to_complete_lat = 860.342
stat.node.1.injector.phase_cycles = 1292752
stat.node.1.injector.request_bytes = 91040
stat.node.1.injector.response_bytes = 728320
stat.node.1.injector.aggregate_bytes = 819360
stat.node.1.injector.request_gbps = 1.35213
stat.node.1.injector.response_gbps = 10.817
stat.node.1.injector.aggregate_gbps = 12.1692
stat.node.1.llc.cxl_miss = 1500
stat.node.1.llc.total_miss = 1500
stat.node.1.llc.avg_miss_lat = 680.065
stat.node.1.llc.avg_cxl_lat = 680.065
stat.node.1.llc.miss_lat_hist_bin_ns = 10
stat.node.1.llc.miss_lat_hist = [0,0,0,0,0,0,0,0,0,0,0,0,0,0,0,0,0,0,0,0,0,0,0,0,0,0,292,474,265,214,181,74]
stat.node.1.util.dram_avg = 1.26309e-05
stat.node.1.walltime_s = 35.7977
stat.node.1.active_time_s = 22.557
stat.node.2.cpu.0.load_issue_to_complete_count = 1499
stat.node.2.cpu.0.avg_load_issue_to_complete_lat = 861.043
stat.node.2.injector.phase_cycles = 1293786
stat.node.2.injector.request_bytes = 91112
stat.node.2.injector.response_bytes = 728896
stat.node.2.injector.aggregate_bytes = 820008
stat.node.2.injector.request_gbps = 1.35212
stat.node.2.injector.response_gbps = 10.8169
stat.node.2.injector.aggregate_gbps = 12.1691
stat.node.2.llc.cxl_miss = 1500
stat.node.2.llc.total_miss = 1500
stat.node.2.llc.avg_miss_lat = 680.47
stat.node.2.llc.avg_cxl_lat = 680.47
stat.node.2.llc.miss_lat_hist_bin_ns = 10
stat.node.2.llc.miss_lat_hist = [0,0,0,0,0,0,0,0,0,0,0,0,0,0,0,0,0,0,0,0,0,0,0,0,0,0,301,488,233,198,159,121]
stat.node.2.util.dram_avg = 1.26218e-05
stat.node.2.walltime_s = 35.824
stat.node.2.active_time_s = 16.6212
stat.node.3.cpu.0.load_issue_to_complete_count = 1499
stat.node.3.cpu.0.avg_load_issue_to_complete_lat = 861.191
stat.node.3.injector.phase_cycles = 1294016
stat.node.3.injector.request_bytes = 91128
stat.node.3.injector.response_bytes = 729024
stat.node.3.injector.aggregate_bytes = 820152
stat.node.3.injector.request_gbps = 1.35211
stat.node.3.injector.response_gbps = 10.8169
stat.node.3.injector.aggregate_gbps = 12.169
stat.node.3.llc.cxl_miss = 1500
stat.node.3.llc.total_miss = 1500
stat.node.3.llc.avg_miss_lat = 680.635
stat.node.3.llc.avg_cxl_lat = 680.635
stat.node.3.llc.miss_lat_hist_bin_ns = 10
stat.node.3.llc.miss_lat_hist = [0,0,0,0,0,0,0,0,0,0,0,0,0,0,0,0,0,0,0,0,0,0,0,0,0,0,290,487,230,217,181,95]
stat.node.3.util.dram_avg = 1.26202e-05
stat.node.3.walltime_s = 35.8287
stat.node.3.active_time_s = 22.1297
stat.node.4.cpu.0.load_issue_to_complete_count = 1499
stat.node.4.cpu.0.avg_load_issue_to_complete_lat = 871.513
stat.node.4.injector.phase_cycles = 1309483
stat.node.4.injector.request_bytes = 92216
stat.node.4.injector.response_bytes = 737728
stat.node.4.injector.aggregate_bytes = 829944
stat.node.4.injector.request_gbps = 1.3521
stat.node.4.injector.response_gbps = 10.8168
stat.node.4.injector.aggregate_gbps = 12.1689
stat.node.4.llc.cxl_miss = 1500
stat.node.4.llc.total_miss = 1500
stat.node.4.llc.avg_miss_lat = 690.725
stat.node.4.llc.avg_cxl_lat = 690.725
stat.node.4.llc.miss_lat_hist_bin_ns = 10
stat.node.4.llc.miss_lat_hist = [0,0,0,0,0,0,0,0,0,0,0,0,0,0,0,0,0,0,0,0,0,0,0,0,0,0,210,415,234,241,203,189,8]
stat.node.4.util.dram_avg = 1.24991e-05
stat.node.4.walltime_s = 36.178
stat.node.4.active_time_s = 18.8286
stat.pool.101.util.mem_avg = 0.159829
stat.pool.101.util.req_link_avg = 0.124873
stat.pool.101.walltime_s = 36.178
stat.pool.101.active_time_s = 0.750094
stat.pool.100.util.mem_avg = 0.159829
stat.pool.100.util.req_link_avg = 0.124874
stat.pool.100.walltime_s = 36.1781
stat.pool.100.active_time_s = 0.771369
stat.switch.replicated_messages = 0
stat.switch.util.node_ingress_avg = 0.0312205
stat.switch.util.pool_ingress_avg = 0.998843
stat.switch.bw.host_to_switch_gbps = 1.53463
stat.switch.bw.switch_to_host_gbps = 12.2738
stat.switch.bw.host_link_total_gbps = 13.8084
stat.switch.walltime_s = 36.1781
stat.switch.active_time_s = 2.99786
Simulation is complete, simulated time: 800.697 us
