stat.node.3.cpu.0.retired = 767
stat.node.3.cpu.0.cycles = 1000000
stat.node.4.cpu.0.retired = 767
stat.node.4.cpu.0.cycles = 1000000
stat.node.5.cpu.0.retired = 767
stat.node.5.cpu.0.cycles = 1000000
stat.node.6.cpu.0.retired = 767
stat.node.6.cpu.0.cycles = 1000000
stat.node.7.cpu.0.retired = 767
stat.node.0.cpu.0.retired = 767
stat.node.0.cpu.0.cycles = 1000000
stat.node.1.cpu.0.retired = 767
stat.node.1.cpu.0.cycles = 1000000
stat.node.2.cpu.0.retired = 767
stat.node.2.cpu.0.cycles = 1000000
stat.node.7.cpu.0.cycles = 1000000
stat.node.0.cpu.0.retired = 1792
stat.node.0.cpu.0.cycles = 2000000
stat.node.1.cpu.0.retired = 1791
stat.node.1.cpu.0.cycles = 2000000
stat.node.3.cpu.0.retired = 1791
stat.node.3.cpu.0.cycles = 2000000
stat.node.4.cpu.0.retired = 1792
stat.node.4.cpu.0.cycles = 2000000
stat.node.5.cpu.0.retired = 1792
stat.node.5.cpu.0.cycles = 2000000
stat.node.6.cpu.0.retired = 1792
stat.node.6.cpu.0.cycles = 2000000
stat.node.7.cpu.0.retired = 1792
stat.node.7.cpu.0.cycles = 2000000
stat.node.2.cpu.0.retired = 1791
stat.node.2.cpu.0.cycles = 2000000
stat.node.1.cpu.0.retired = 2872
stat.node.1.cpu.0.cycles = 3000000
stat.node.3.cpu.0.retired = 2872
stat.node.3.cpu.0.cycles = 3000000
stat.node.4.cpu.0.retired = 2872
stat.node.4.cpu.0.cycles = 3000000
stat.node.5.cpu.0.retired = 2872
stat.node.5.cpu.0.cycles = 3000000
stat.node.2.cpu.0.retired = 2872
stat.node.2.cpu.0.cycles = 3000000
stat.node.7.cpu.0.retired = 2872
stat.node.7.cpu.0.cycles = 3000000
stat.node.6.cpu.0.retired = 2872
stat.node.6.cpu.0.cycles = 3000000
stat.node.0.cpu.0.retired = 2872
stat.node.0.cpu.0.cycles = 3000000
stat.node.2.cpu.0.retired = 3989
stat.node.2.cpu.0.cycles = 4000000
stat.node.7.cpu.0.retired = 3989
stat.node.7.cpu.0.cycles = 4000000
stat.node.6.cpu.0.retired = 3989
stat.node.6.cpu.0.cycles = 4000000
stat.node.5.cpu.0.retired = 3989
stat.node.5.cpu.0.cycles = 4000000
stat.node.1.cpu.0.retired = 3989
stat.node.1.cpu.0.cycles = 4000000
stat.node.3.cpu.0.retired = 3989
stat.node.3.cpu.0.cycles = 4000000
stat.node.4.cpu.0.retired = 3989
stat.node.4.cpu.0.cycles = 4000000
stat.node.0.cpu.0.retired = 3989
stat.node.0.cpu.0.cycles = 4000000
stat.node.4.cpu.0.load_issue_to_complete_count = 3999
stat.node.4.cpu.0.avg_load_issue_to_complete_lat = 912.021
stat.node.4.injector.phase_cycles = 3652228
stat.node.4.injector.request_bytes = 1130976
stat.node.4.injector.response_bytes = 274176
stat.node.4.injector.aggregate_bytes = 1405152
stat.node.4.injector.request_gbps = 5.94561
stat.node.4.injector.response_gbps = 1.44136
stat.node.4.injector.aggregate_gbps = 7.38698
stat.node.4.llc.cxl_miss = 4000
stat.node.4.llc.total_miss = 4000
stat.node.4.llc.avg_miss_lat = 803.702
stat.node.4.llc.avg_cxl_lat = 803.702
stat.node.4.llc.miss_lat_hist_bin_ns = 10
stat.node.4.llc.miss_lat_hist = [0,0,0,0,0,0,0,0,0,0,0,0,0,0,0,0,0,0,0,0,0,0,0,0,0,0,0,0,0,0,0,220,172,3220,118,270]
stat.node.4.util.dram_avg = 4.91104e-06
stat.node.4.walltime_s = 1454.37
stat.node.4.active_time_s = 59.6092
stat.node.5.cpu.0.load_issue_to_complete_count = 3999
stat.node.5.cpu.0.avg_load_issue_to_complete_lat = 912.021
stat.node.5.injector.phase_cycles = 3652228
stat.node.5.injector.request_bytes = 1130912
stat.node.5.injector.response_bytes = 274176
stat.node.5.injector.aggregate_bytes = 1405088
stat.node.5.injector.request_gbps = 5.94528
stat.node.5.injector.response_gbps = 1.44136
stat.node.5.injector.aggregate_gbps = 7.38664
stat.node.5.llc.cxl_miss = 4000
stat.node.5.llc.total_miss = 4000
stat.node.5.llc.avg_miss_lat = 803.734
stat.node.5.llc.avg_cxl_lat = 803.734
stat.node.5.llc.miss_lat_hist_bin_ns = 10
stat.node.5.llc.miss_lat_hist = [0,0,0,0,0,0,0,0,0,0,0,0,0,0,0,0,0,0,0,0,0,0,0,0,0,0,0,0,0,0,0,263,132,3329,6,107,161,2]
stat.node.5.util.dram_avg = 4.91101e-06
stat.node.5.walltime_s = 1454.38
stat.node.5.active_time_s = 105.99
stat.node.6.cpu.0.load_issue_to_complete_count = 3999
stat.node.6.cpu.0.avg_load_issue_to_complete_lat = 912.021
stat.node.6.injector.phase_cycles = 3652228
stat.node.6.injector.request_bytes = 1130912
stat.node.6.injector.response_bytes = 274176
stat.node.6.injector.aggregate_bytes = 1405088
stat.node.6.injector.request_gbps = 5.94528
stat.node.6.injector.response_gbps = 1.44136
stat.node.6.injector.aggregate_gbps = 7.38664
stat.node.6.llc.cxl_miss = 4000
stat.node.6.llc.total_miss = 4000
stat.node.6.llc.avg_miss_lat = 803.734
stat.node.6.llc.avg_cxl_lat = 803.734
stat.node.6.llc.miss_lat_hist_bin_ns = 10
stat.node.6.llc.miss_lat_hist = [0,0,0,0,0,0,0,0,0,0,0,0,0,0,0,0,0,0,0,0,0,0,0,0,0,0,0,0,0,0,0,263,132,3329,6,107,161,2]
stat.node.6.util.dram_avg = 4.91099e-06
stat.node.6.walltime_s = 1454.39
stat.node.6.active_time_s = 83.1815
stat.node.7.cpu.0.load_issue_to_complete_count = 3999
stat.node.7.cpu.0.avg_load_issue_to_complete_lat = 912.021
stat.node.7.injector.phase_cycles = 3652228
stat.node.7.injector.request_bytes = 1130912
stat.node.7.injector.response_bytes = 274176
stat.node.7.injector.aggregate_bytes = 1405088
stat.node.7.injector.request_gbps = 5.94528
stat.node.7.injector.response_gbps = 1.44136
stat.node.7.injector.aggregate_gbps = 7.38664
stat.node.7.llc.cxl_miss = 4000
stat.node.7.llc.total_miss = 4000
stat.node.7.llc.avg_miss_lat = 803.734
stat.node.7.llc.avg_cxl_lat = 803.734
stat.node.7.llc.miss_lat_hist_bin_ns = 10
stat.node.7.llc.miss_lat_hist = [0,0,0,0,0,0,0,0,0,0,0,0,0,0,0,0,0,0,0,0,0,0,0,0,0,0,0,0,0,0,0,263,132,3329,6,107,161,2]
stat.node.7.util.dram_avg = 4.91096e-06
stat.node.7.walltime_s = 1454.39
stat.node.7.active_time_s = 85.2751
stat.node.0.cpu.0.load_issue_to_complete_count = 3999
stat.node.0.cpu.0.avg_load_issue_to_complete_lat = 912.021
stat.node.0.injector.phase_cycles = 3652228
stat.node.0.injector.request_bytes = 1130912
stat.node.0.injector.response_bytes = 274176
stat.node.0.injector.aggregate_bytes = 1405088
stat.node.0.injector.request_gbps = 5.94528
stat.node.0.injector.response_gbps = 1.44136
stat.node.0.injector.aggregate_gbps = 7.38664
stat.node.0.llc.cxl_miss = 4000
stat.node.0.llc.total_miss = 4000
stat.node.0.llc.avg_miss_lat = 803.734
stat.node.0.llc.avg_cxl_lat = 803.734
stat.node.0.llc.miss_lat_hist_bin_ns = 10
stat.node.0.llc.miss_lat_hist = [0,0,0,0,0,0,0,0,0,0,0,0,0,0,0,0,0,0,0,0,0,0,0,0,0,0,0,0,0,0,0,263,132,3329,6,107,161,2]
stat.node.0.util.dram_avg = 4.91094e-06
stat.node.0.walltime_s = 1454.46
stat.node.0.active_time_s = 71.3933
stat.node.1.cpu.0.load_issue_to_complete_count = 3999
stat.node.1.cpu.0.avg_load_issue_to_complete_lat = 912.021
stat.node.1.injector.phase_cycles = 3652228
stat.node.1.injector.request_bytes = 1130912
stat.node.1.injector.response_bytes = 274176
stat.node.1.injector.aggregate_bytes = 1405088
stat.node.1.injector.request_gbps = 5.94528
stat.node.1.injector.response_gbps = 1.44136
stat.node.1.injector.aggregate_gbps = 7.38664
stat.node.1.llc.cxl_miss = 4000
stat.node.1.llc.total_miss = 4000
stat.node.1.llc.avg_miss_lat = 803.734
stat.node.1.llc.avg_cxl_lat = 803.734
stat.node.1.llc.miss_lat_hist_bin_ns = 10
stat.node.1.llc.miss_lat_hist = [0,0,0,0,0,0,0,0,0,0,0,0,0,0,0,0,0,0,0,0,0,0,0,0,0,0,0,0,0,0,0,263,132,3329,6,107,161,2]
stat.node.1.util.dram_avg = 4.91091e-06
stat.node.1.walltime_s = 1454.46
stat.node.1.active_time_s = 86.0757
stat.node.2.cpu.0.load_issue_to_complete_count = 3999
stat.node.2.cpu.0.avg_load_issue_to_complete_lat = 912.01
stat.node.2.injector.phase_cycles = 3652185
stat.node.2.injector.request_bytes = 1130912
stat.node.2.injector.response_bytes = 274176
stat.node.2.injector.aggregate_bytes = 1405088
stat.node.2.injector.request_gbps = 5.94535
stat.node.2.injector.response_gbps = 1.44138
stat.node.2.injector.aggregate_gbps = 7.38673
stat.node.2.llc.cxl_miss = 4000
stat.node.2.llc.total_miss = 4000
stat.node.2.llc.avg_miss_lat = 803.723
stat.node.2.llc.avg_cxl_lat = 803.723
stat.node.2.llc.miss_lat_hist_bin_ns = 10
stat.node.2.llc.miss_lat_hist = [0,0,0,0,0,0,0,0,0,0,0,0,0,0,0,0,0,0,0,0,0,0,0,0,0,0,0,1,106,161,0,2,126,3324,9,1,0,3,267]
stat.node.2.util.dram_avg = 4.91086e-06
stat.node.2.walltime_s = 1454.46
stat.node.2.active_time_s = 74.8363
stat.node.3.cpu.0.load_issue_to_complete_count = 3999
stat.node.3.cpu.0.avg_load_issue_to_complete_lat = 912.01
stat.node.3.injector.phase_cycles = 3652185
stat.node.3.injector.request_bytes = 1130912
stat.node.3.injector.response_bytes = 274176
stat.node.3.injector.aggregate_bytes = 1405088
stat.node.3.injector.request_gbps = 5.94535
stat.node.3.injector.response_gbps = 1.44138
stat.node.3.injector.aggregate_gbps = 7.38673
stat.node.3.llc.cxl_miss = 4000
stat.node.3.llc.total_miss = 4000
stat.node.3.llc.avg_miss_lat = 803.723
stat.node.3.llc.avg_cxl_lat = 803.723
stat.node.3.llc.miss_lat_hist_bin_ns = 10
stat.node.3.llc.miss_lat_hist = [0,0,0,0,0,0,0,0,0,0,0,0,0,0,0,0,0,0,0,0,0,0,0,0,0,0,0,0,106,163,1,1,126,3324,9,0,0,0,267,3]
stat.node.3.util.dram_avg = 4.91084e-06
stat.node.3.walltime_s = 1454.47
stat.node.3.active_time_s = 91.041
stat.pool.100.util.mem_avg = 0.222083
stat.pool.100.util.req_link_avg = 0.994479
stat.pool.100.walltime_s = 1454.58
stat.pool.100.active_time_s = 2.82945
stat.switch.replicated_messages = 0
stat.switch.util.node_ingress_avg = 0.124316
stat.switch.util.pool_ingress_avg = 0.449792
stat.switch.bw.host_to_switch_gbps = 6.11064
stat.switch.bw.switch_to_host_gbps = 2.76352
stat.switch.bw.host_link_total_gbps = 8.87416
stat.switch.walltime_s = 1454.58
stat.switch.active_time_s = 9.44535
Simulation is complete, simulated time: 2.03794 ms
