stat.node.0.cpu.0.retired = 866
stat.node.0.cpu.0.cycles = 1000000
stat.node.1.cpu.0.retired = 854
stat.node.1.cpu.0.cycles = 1000000
stat.node.2.cpu.0.retired = 857
stat.node.2.cpu.0.cycles = 1000000
stat.node.3.cpu.0.retired = 864
stat.node.3.cpu.0.cycles = 1000000
stat.node.4.cpu.0.retired = 858
stat.node.4.cpu.0.cycles = 1000000
stat.node.5.cpu.0.retired = 868
stat.node.5.cpu.0.cycles = 1000000
stat.node.6.cpu.0.retired = 867
stat.node.6.cpu.0.cycles = 1000000
stat.node.7.cpu.0.retired = 868
stat.node.7.cpu.0.cycles = 1000000
stat.node.5.cpu.0.load_issue_to_complete_count = 499
stat.node.5.cpu.0.avg_load_issue_to_complete_lat = 951.339
stat.node.5.injector.phase_cycles = 476972
stat.node.5.injector.request_bytes = 145712
stat.node.5.injector.response_bytes = 59264
stat.node.5.injector.aggregate_bytes = 204976
stat.node.5.injector.request_gbps = 5.86548
stat.node.5.injector.response_gbps = 2.38561
stat.node.5.injector.aggregate_gbps = 8.25109
stat.node.5.llc.cxl_miss = 500
stat.node.5.llc.total_miss = 500
stat.node.5.llc.avg_miss_lat = 718.756
stat.node.5.llc.avg_cxl_lat = 718.756
stat.node.5.llc.miss_lat_hist_bin_ns = 10
stat.node.5.llc.miss_lat_hist = [0,0,0,0,0,0,0,0,0,0,0,0,0,0,0,0,0,0,0,0,0,0,0,0,0,0,90,67,81,41,7,66,88,22,33,5]
stat.node.5.util.dram_avg = 2.14093e-05
stat.node.5.walltime_s = 437.476
stat.node.5.active_time_s = 24.1161
stat.node.6.cpu.0.load_issue_to_complete_count = 499
stat.node.6.cpu.0.avg_load_issue_to_complete_lat = 950.842
stat.node.6.injector.phase_cycles = 476571
stat.node.6.injector.request_bytes = 145576
stat.node.6.injector.response_bytes = 59200
stat.node.6.injector.aggregate_bytes = 204776
stat.node.6.injector.request_gbps = 5.86494
stat.node.6.injector.response_gbps = 2.38504
stat.node.6.injector.aggregate_gbps = 8.24998
stat.node.6.llc.cxl_miss = 500
stat.node.6.llc.total_miss = 500
stat.node.6.llc.avg_miss_lat = 718.564
stat.node.6.llc.avg_cxl_lat = 718.564
stat.node.6.llc.miss_lat_hist_bin_ns = 10
stat.node.6.llc.miss_lat_hist = [0,0,0,0,0,0,0,0,0,0,0,0,0,0,0,0,0,0,0,0,0,0,0,0,0,0,76,61,36,47,137,58,46,16,18,5]
stat.node.6.util.dram_avg = 2.14008e-05
stat.node.6.walltime_s = 437.516
stat.node.6.active_time_s = 17.639
stat.node.7.cpu.0.load_issue_to_complete_count = 499
stat.node.7.cpu.0.avg_load_issue_to_complete_lat = 951.168
stat.node.7.injector.phase_cycles = 476876
stat.node.7.injector.request_bytes = 145648
stat.node.7.injector.response_bytes = 59200
stat.node.7.injector.aggregate_bytes = 204848
stat.node.7.injector.request_gbps = 5.86409
stat.node.7.injector.response_gbps = 2.38351
stat.node.7.injector.aggregate_gbps = 8.2476
stat.node.7.llc.cxl_miss = 500
stat.node.7.llc.total_miss = 500
stat.node.7.llc.avg_miss_lat = 719.034
stat.node.7.llc.avg_cxl_lat = 719.034
stat.node.7.llc.miss_lat_hist_bin_ns = 10
stat.node.7.llc.miss_lat_hist = [0,0,0,0,0,0,0,0,0,0,0,0,0,0,0,0,0,0,0,0,0,0,0,0,0,0,97,116,56,14,1,1,100,71,38,6]
stat.node.7.util.dram_avg = 2.13939e-05
stat.node.7.walltime_s = 437.523
stat.node.7.active_time_s = 16.0238
stat.node.0.cpu.0.load_issue_to_complete_count = 499
stat.node.0.cpu.0.avg_load_issue_to_complete_lat = 954.437
stat.node.0.injector.phase_cycles = 478509
stat.node.0.injector.request_bytes = 146184
stat.node.0.injector.response_bytes = 59456
stat.node.0.injector.aggregate_bytes = 205640
stat.node.0.injector.request_gbps = 5.86558
stat.node.0.injector.response_gbps = 2.38565
stat.node.0.injector.aggregate_gbps = 8.25123
stat.node.0.llc.cxl_miss = 500
stat.node.0.llc.total_miss = 500
stat.node.0.llc.avg_miss_lat = 722.678
stat.node.0.llc.avg_cxl_lat = 722.678
stat.node.0.llc.miss_lat_hist_bin_ns = 10
stat.node.0.llc.miss_lat_hist = [0,0,0,0,0,0,0,0,0,0,0,0,0,0,0,0,0,0,0,0,0,0,0,0,0,0,68,63,55,56,37,127,46,13,30,5]
stat.node.0.util.dram_avg = 2.13714e-05
stat.node.0.walltime_s = 438.108
stat.node.0.active_time_s = 19.1937
stat.node.3.cpu.0.load_issue_to_complete_count = 499
stat.node.3.cpu.0.avg_load_issue_to_complete_lat = 954.79
stat.node.3.injector.phase_cycles = 478725
stat.node.3.injector.request_bytes = 146184
stat.node.3.injector.response_bytes = 59520
stat.node.3.injector.aggregate_bytes = 205704
stat.node.3.injector.request_gbps = 5.86293
stat.node.3.injector.response_gbps = 2.38714
stat.node.3.injector.aggregate_gbps = 8.25007
stat.node.3.llc.cxl_miss = 500
stat.node.3.llc.total_miss = 500
stat.node.3.llc.avg_miss_lat = 722.178
stat.node.3.llc.avg_cxl_lat = 722.178
stat.node.3.llc.miss_lat_hist_bin_ns = 10
stat.node.3.llc.miss_lat_hist = [0,0,0,0,0,0,0,0,0,0,0,0,0,0,0,0,0,0,0,0,0,0,0,0,0,0,55,57,51,101,55,71,69,17,20,4]
stat.node.3.util.dram_avg = 2.13425e-05
stat.node.3.walltime_s = 438.392
stat.node.3.active_time_s = 25.207
stat.node.4.cpu.0.load_issue_to_complete_count = 499
stat.node.4.cpu.0.avg_load_issue_to_complete_lat = 963.667
stat.node.4.injector.phase_cycles = 483118
stat.node.4.injector.request_bytes = 147536
stat.node.4.injector.response_bytes = 60032
stat.node.4.injector.aggregate_bytes = 207568
stat.node.4.injector.request_gbps = 5.86335
stat.node.4.injector.response_gbps = 2.38578
stat.node.4.injector.aggregate_gbps = 8.24913
stat.node.4.llc.cxl_miss = 500
stat.node.4.llc.total_miss = 500
stat.node.4.llc.avg_miss_lat = 730.926
stat.node.4.llc.avg_cxl_lat = 730.926
stat.node.4.llc.miss_lat_hist_bin_ns = 10
stat.node.4.llc.miss_lat_hist = [0,0,0,0,0,0,0,0,0,0,0,0,0,0,0,0,0,0,0,0,0,0,0,0,0,0,145,95,17,1,0,1,19,55,133,26,8]
stat.node.4.util.dram_avg = 2.11968e-05
stat.node.4.walltime_s = 440.411
stat.node.4.active_time_s = 16.2543
stat.node.2.cpu.0.load_issue_to_complete_count = 499
stat.node.2.cpu.0.avg_load_issue_to_complete_lat = 961.329
stat.node.2.injector.phase_cycles = 481801
stat.node.2.injector.request_bytes = 147128
stat.node.2.injector.response_bytes = 59904
stat.node.2.injector.aggregate_bytes = 207032
stat.node.2.injector.request_gbps = 5.86312
stat.node.2.injector.response_gbps = 2.3872
stat.node.2.injector.aggregate_gbps = 8.25032
stat.node.2.llc.cxl_miss = 500
stat.node.2.llc.total_miss = 500
stat.node.2.llc.avg_miss_lat = 728.344
stat.node.2.llc.avg_cxl_lat = 728.344
stat.node.2.llc.miss_lat_hist_bin_ns = 10
stat.node.2.llc.miss_lat_hist = [0,0,0,0,0,0,0,0,0,0,0,0,0,0,0,0,0,0,0,0,0,0,0,0,0,0,150,97,14,2,0,0,20,46,149,21,1]
stat.node.2.util.dram_avg = 2.1193e-05
stat.node.2.walltime_s = 440.443
stat.node.2.active_time_s = 16.523
stat.node.1.cpu.0.load_issue_to_complete_count = 499
stat.node.1.cpu.0.avg_load_issue_to_complete_lat = 966.826
stat.node.1.injector.phase_cycles = 484700
stat.node.1.injector.request_bytes = 148072
stat.node.1.injector.response_bytes = 60224
stat.node.1.injector.aggregate_bytes = 208296
stat.node.1.injector.request_gbps = 5.86545
stat.node.1.injector.response_gbps = 2.3856
stat.node.1.injector.aggregate_gbps = 8.25105
stat.node.1.llc.cxl_miss = 500
stat.node.1.llc.total_miss = 500
stat.node.1.llc.avg_miss_lat = 734.136
stat.node.1.llc.avg_cxl_lat = 734.136
stat.node.1.llc.miss_lat_hist_bin_ns = 10
stat.node.1.llc.miss_lat_hist = [0,0,0,0,0,0,0,0,0,0,0,0,0,0,0,0,0,0,0,0,0,0,0,0,0,0,0,28,174,43,20,91,81,43,18,2]
stat.node.1.util.dram_avg = 2.11182e-05
stat.node.1.walltime_s = 440.794
stat.node.1.active_time_s = 21.7756
stat.pool.101.util.mem_avg = 0.193575
stat.pool.101.util.req_link_avg = 0.943488
stat.pool.101.walltime_s = 440.794
stat.pool.101.active_time_s = 0.503538
stat.pool.100.util.mem_avg = 0.193576
stat.pool.100.util.req_link_avg = 0.943488
stat.pool.100.walltime_s = 440.794
stat.pool.100.active_time_s = 0.531404
stat.switch.replicated_messages = 82336
stat.switch.util.node_ingress_avg = 0.122718
stat.switch.util.pool_ingress_avg = 0.304515
stat.switch.bw.host_to_switch_gbps = 6.03299
stat.switch.bw.switch_to_host_gbps = 3.74179
stat.switch.bw.host_link_total_gbps = 9.77478
stat.switch.walltime_s = 440.794
stat.switch.active_time_s = 2.01524
Simulation is complete, simulated time: 473.905 us
