stat.node.3.cpu.0.retired = 920
stat.node.3.cpu.0.cycles = 1000000
stat.node.4.cpu.0.retired = 923
stat.node.4.cpu.0.cycles = 1000000
stat.node.5.cpu.0.retired = 920
stat.node.5.cpu.0.cycles = 1000000
stat.node.6.cpu.0.retired = 919
stat.node.6.cpu.0.cycles = 1000000
stat.node.7.cpu.0.retired = 920
stat.node.7.cpu.0.cycles = 1000000
stat.node.0.cpu.0.retired = 919
stat.node.0.cpu.0.cycles = 1000000
stat.node.1.cpu.0.retired = 920
stat.node.1.cpu.0.cycles = 1000000
stat.node.2.cpu.0.retired = 922
stat.node.2.cpu.0.cycles = 1000000
stat.node.4.cpu.0.load_issue_to_complete_count = 1499
stat.node.4.cpu.0.avg_load_issue_to_complete_lat = 849.662
stat.node.4.injector.phase_cycles = 1276784
stat.node.4.injector.request_bytes = 392040
stat.node.4.injector.response_bytes = 348480
stat.node.4.injector.aggregate_bytes = 740520
stat.node.4.injector.request_gbps = 5.89541
stat.node.4.injector.response_gbps = 5.24037
stat.node.4.injector.aggregate_gbps = 11.1358
stat.node.4.llc.cxl_miss = 1500
stat.node.4.llc.total_miss = 1500
stat.node.4.llc.avg_miss_lat = 669.562
stat.node.4.llc.avg_cxl_lat = 669.562
stat.node.4.llc.miss_lat_hist_bin_ns = 10
stat.node.4.llc.miss_lat_hist = [0,0,0,0,0,0,0,0,0,0,0,0,0,0,0,0,0,0,0,0,0,0,0,0,0,0,73,677,687,58,1,0,0,0,4]
stat.node.4.util.dram_avg = 1.26961e-05
stat.node.4.walltime_s = 827.183
stat.node.4.active_time_s = 35.1649
stat.node.2.cpu.0.load_issue_to_complete_count = 1499
stat.node.2.cpu.0.avg_load_issue_to_complete_lat = 849.332
stat.node.2.injector.phase_cycles = 1276290
stat.node.2.injector.request_bytes = 391896
stat.node.2.injector.response_bytes = 348352
stat.node.2.injector.aggregate_bytes = 740248
stat.node.2.injector.request_gbps = 5.89553
stat.node.2.injector.response_gbps = 5.24047
stat.node.2.injector.aggregate_gbps = 11.136
stat.node.2.llc.cxl_miss = 1500
stat.node.2.llc.total_miss = 1500
stat.node.2.llc.avg_miss_lat = 669.385
stat.node.2.llc.avg_cxl_lat = 669.385
stat.node.2.llc.miss_lat_hist_bin_ns = 10
stat.node.2.llc.miss_lat_hist = [0,0,0,0,0,0,0,0,0,0,0,0,0,0,0,0,0,0,0,0,0,0,0,0,0,0,77,668,711,41,0,0,0,0,2,1]
stat.node.2.util.dram_avg = 1.26947e-05
stat.node.2.walltime_s = 827.215
stat.node.2.active_time_s = 25.6412
stat.node.5.cpu.0.load_issue_to_complete_count = 1499
stat.node.5.cpu.0.avg_load_issue_to_complete_lat = 861.221
stat.node.5.injector.phase_cycles = 1294110
stat.node.5.injector.request_bytes = 397368
stat.node.5.injector.response_bytes = 353216
stat.node.5.injector.aggregate_bytes = 750584
stat.node.5.injector.request_gbps = 5.89553
stat.node.5.injector.response_gbps = 5.24047
stat.node.5.injector.aggregate_gbps = 11.136
stat.node.5.llc.cxl_miss = 1500
stat.node.5.llc.total_miss = 1500
stat.node.5.llc.avg_miss_lat = 681.039
stat.node.5.llc.avg_cxl_lat = 681.039
stat.node.5.llc.miss_lat_hist_bin_ns = 10
stat.node.5.llc.miss_lat_hist = [0,0,0,0,0,0,0,0,0,0,0,0,0,0,0,0,0,0,0,0,0,0,0,0,0,0,18,607,674,48,36,37,79,1]
stat.node.5.util.dram_avg = 1.25715e-05
stat.node.5.walltime_s = 829.865
stat.node.5.active_time_s = 43.7705
stat.node.7.cpu.0.load_issue_to_complete_count = 1499
stat.node.7.cpu.0.avg_load_issue_to_complete_lat = 861.534
stat.node.7.injector.phase_cycles = 1294580
stat.node.7.injector.request_bytes = 397512
stat.node.7.injector.response_bytes = 353344
stat.node.6.cpu.0.load_issue_to_complete_count = 1499
stat.node.7.injector.aggregate_bytes = 750856
stat.node.7.injector.request_gbps = 5.89553
stat.node.7.injector.response_gbps = 5.24047
stat.node.7.injector.aggregate_gbps = 11.136
stat.node.7.llc.cxl_miss = 1500
stat.node.7.llc.total_miss = 1500
stat.node.7.llc.avg_miss_lat = 680.985
stat.node.7.llc.avg_cxl_lat = 680.985
stat.node.7.llc.miss_lat_hist_bin_ns = 10
stat.node.7.llc.miss_lat_hist = [0,0,0,0,0,0,0,0,0,0,0,0,0,0,0,0,0,0,0,0,0,0,0,0,0,0,13,616,673,79,37,7,3,72]
stat.node.7.util.dram_avg = 1.25699e-05
stat.node.7.walltime_s = 829.909
stat.node.7.active_time_s = 34.7274
stat.node.6.cpu.0.avg_load_issue_to_complete_lat = 861.065
stat.node.6.injector.phase_cycles = 1293876
stat.node.6.injector.request_bytes = 397296
stat.node.6.injector.response_bytes = 353152
stat.node.6.injector.aggregate_bytes = 750448
stat.node.6.injector.request_gbps = 5.89553
stat.node.6.injector.response_gbps = 5.24047
stat.node.6.injector.aggregate_gbps = 11.136
stat.node.6.llc.cxl_miss = 1500
stat.node.6.llc.total_miss = 1500
stat.node.6.llc.avg_miss_lat = 680.877
stat.node.6.llc.avg_cxl_lat = 680.877
stat.node.6.llc.miss_lat_hist_bin_ns = 10
stat.node.6.llc.miss_lat_hist = [0,0,0,0,0,0,0,0,0,0,0,0,0,0,0,0,0,0,0,0,0,0,0,0,0,0,7,619,685,35,77,0,37,39,1]
stat.node.6.util.dram_avg = 1.25699e-05
stat.node.6.walltime_s = 829.932
stat.node.6.active_time_s = 37.1748
stat.node.0.cpu.0.load_issue_to_complete_count = 1499
stat.node.0.cpu.0.avg_load_issue_to_complete_lat = 861.534
stat.node.0.injector.phase_cycles = 1294579
stat.node.0.injector.request_bytes = 397512
stat.node.0.injector.response_bytes = 353344
stat.node.0.injector.aggregate_bytes = 750856
stat.node.0.injector.request_gbps = 5.89553
stat.node.0.injector.response_gbps = 5.24047
stat.node.0.injector.aggregate_gbps = 11.136
stat.node.0.llc.cxl_miss = 1500
stat.node.0.llc.total_miss = 1500
stat.node.0.llc.avg_miss_lat = 680.995
stat.node.0.llc.avg_cxl_lat = 680.995
stat.node.0.llc.miss_lat_hist_bin_ns = 10
stat.node.0.llc.miss_lat_hist = [0,0,0,0,0,0,0,0,0,0,0,0,0,0,0,0,0,0,0,0,0,0,0,0,0,0,15,608,685,38,1,107,40,6]
stat.node.0.util.dram_avg = 1.25684e-05
stat.node.0.walltime_s = 829.945
stat.node.0.active_time_s = 27.0016
stat.node.1.cpu.0.load_issue_to_complete_count = 1499
stat.node.1.cpu.0.avg_load_issue_to_complete_lat = 862.003
stat.node.1.injector.phase_cycles = 1295283
stat.node.1.injector.request_bytes = 397728
stat.node.1.injector.response_bytes = 353536
stat.node.1.injector.aggregate_bytes = 751264
stat.node.1.injector.request_gbps = 5.89553
stat.node.1.injector.response_gbps = 5.24047
stat.node.1.injector.aggregate_gbps = 11.136
stat.node.1.llc.cxl_miss = 1500
stat.node.1.llc.total_miss = 1500
stat.node.1.llc.avg_miss_lat = 681.958
stat.node.1.llc.avg_cxl_lat = 681.958
stat.node.1.llc.miss_lat_hist_bin_ns = 10
stat.node.1.llc.miss_lat_hist = [0,0,0,0,0,0,0,0,0,0,0,0,0,0,0,0,0,0,0,0,0,0,0,0,0,0,3,533,768,72,40,0,67,17]
stat.node.1.util.dram_avg = 1.25669e-05
stat.node.1.walltime_s = 829.95
stat.node.1.active_time_s = 42.857
stat.node.3.cpu.0.load_issue_to_complete_count = 1499
stat.node.3.cpu.0.avg_load_issue_to_complete_lat = 864.036
stat.node.3.injector.phase_cycles = 1298331
stat.node.3.injector.request_bytes = 398664
stat.node.3.injector.response_bytes = 354368
stat.node.3.injector.aggregate_bytes = 753032
stat.node.3.injector.request_gbps = 5.89553
stat.node.3.injector.response_gbps = 5.24047
stat.node.3.injector.aggregate_gbps = 11.136
stat.node.3.llc.cxl_miss = 1500
stat.node.3.llc.total_miss = 1500
stat.node.3.llc.avg_miss_lat = 683.674
stat.node.3.llc.avg_cxl_lat = 683.674
stat.node.3.llc.miss_lat_hist_bin_ns = 10
stat.node.3.llc.miss_lat_hist = [0,0,0,0,0,0,0,0,0,0,0,0,0,0,0,0,0,0,0,0,0,0,0,0,0,0,4,556,668,161,15,6,36,40,14]
stat.node.3.util.dram_avg = 1.25453e-05
stat.node.3.walltime_s = 830.674
stat.node.3.active_time_s = 36.5433
stat.pool.101.util.mem_avg = 0.223626
stat.pool.101.util.req_link_avg = 0.920858
stat.pool.101.walltime_s = 830.674
stat.pool.101.active_time_s = 0.974022
stat.pool.100.util.mem_avg = 0.223626
stat.pool.100.util.req_link_avg = 0.920858
stat.pool.100.walltime_s = 830.674
stat.pool.100.active_time_s = 1.1019
stat.switch.replicated_messages = 130528
stat.switch.util.node_ingress_avg = 0.123638
stat.switch.util.pool_ingress_avg = 0.54496
stat.switch.bw.host_to_switch_gbps = 6.07733
stat.switch.bw.switch_to_host_gbps = 6.69641
stat.switch.bw.host_link_total_gbps = 12.7737
stat.switch.walltime_s = 830.674
stat.switch.active_time_s = 4.22995
Simulation is complete, simulated time: 797.749 us
