stat.node.2.cpu.0.load_issue_to_complete_count = 299
stat.node.2.cpu.0.avg_load_issue_to_complete_lat = 983.699
stat.node.2.injector.phase_cycles = 295362
stat.node.2.injector.request_bytes = 86448
stat.node.2.injector.response_bytes = 35136
stat.node.2.injector.aggregate_bytes = 121584
stat.node.2.injector.request_gbps = 5.61955
stat.node.2.injector.response_gbps = 2.28401
stat.node.2.injector.aggregate_gbps = 7.90357
stat.node.2.llc.cxl_miss = 300
stat.node.2.llc.total_miss = 300
stat.node.2.llc.avg_miss_lat = 670.08
stat.node.2.llc.avg_cxl_lat = 670.08
stat.node.2.llc.miss_lat_hist_bin_ns = 10
stat.node.2.llc.miss_lat_hist = [0,0,0,0,0,0,0,0,0,0,0,0,0,0,0,0,0,0,0,0,0,0,0,0,0,0,80,60,129,21,0,0,0,2,8]
stat.node.2.util.dram_avg = 3.41433e-05
stat.node.2.walltime_s = 683.34
stat.node.2.active_time_s = 9.45402
stat.node.4.cpu.0.load_issue_to_complete_count = 299
stat.node.4.cpu.0.avg_load_issue_to_complete_lat = 992.418
stat.node.4.injector.phase_cycles = 297927
stat.node.4.injector.request_bytes = 87184
stat.node.4.injector.response_bytes = 35456
stat.node.4.injector.aggregate_bytes = 122640
stat.node.4.injector.request_gbps = 5.6186
stat.node.4.injector.response_gbps = 2.28497
stat.node.4.injector.aggregate_gbps = 7.90357
stat.node.4.llc.cxl_miss = 300
stat.node.4.llc.total_miss = 300
stat.node.4.llc.avg_miss_lat = 674.36
stat.node.4.llc.avg_cxl_lat = 674.36
stat.node.4.llc.miss_lat_hist_bin_ns = 10
stat.node.4.llc.miss_lat_hist = [0,0,0,0,0,0,0,0,0,0,0,0,0,0,0,0,0,0,0,0,0,0,0,0,0,0,78,66,103,37,0,0,0,0,12,4]
stat.node.4.util.dram_avg = 3.39741e-05
stat.node.4.walltime_s = 686.325
stat.node.4.active_time_s = 9.50274
stat.node.7.cpu.0.load_issue_to_complete_count = 299
stat.node.7.cpu.0.avg_load_issue_to_complete_lat = 994.702
stat.node.7.injector.phase_cycles = 298674
stat.node.7.injector.request_bytes = 87392
stat.node.7.injector.response_bytes = 35584
stat.node.7.injector.aggregate_bytes = 122976
stat.node.7.injector.request_gbps = 5.61792
stat.node.7.injector.response_gbps = 2.28749
stat.node.7.injector.aggregate_gbps = 7.90541
stat.node.7.llc.cxl_miss = 300
stat.node.7.llc.total_miss = 300
stat.node.7.llc.avg_miss_lat = 678.253
stat.node.7.llc.avg_cxl_lat = 678.253
stat.node.7.llc.miss_lat_hist_bin_ns = 10
stat.node.7.llc.miss_lat_hist = [0,0,0,0,0,0,0,0,0,0,0,0,0,0,0,0,0,0,0,0,0,0,0,0,0,0,71,51,111,41,4,2,0,20]
stat.node.7.util.dram_avg = 3.39293e-05
stat.node.7.walltime_s = 687.602
stat.node.7.active_time_s = 13.1868
stat.node.5.cpu.0.load_issue_to_complete_count = 299
stat.node.5.cpu.0.avg_load_issue_to_complete_lat = 996.161
stat.node.5.injector.phase_cycles = 299071
stat.node.5.injector.request_bytes = 87520
stat.node.5.injector.response_bytes = 35584
stat.node.5.injector.aggregate_bytes = 123104
stat.node.5.injector.request_gbps = 5.61868
stat.node.5.injector.response_gbps = 2.28445
stat.node.5.injector.aggregate_gbps = 7.90313
stat.node.5.llc.cxl_miss = 300
stat.node.5.llc.total_miss = 300
stat.node.5.llc.avg_miss_lat = 680.43
stat.node.5.llc.avg_cxl_lat = 680.43
stat.node.5.llc.miss_lat_hist_bin_ns = 10
stat.node.5.llc.miss_lat_hist = [0,0,0,0,0,0,0,0,0,0,0,0,0,0,0,0,0,0,0,0,0,0,0,0,0,0,68,50,113,28,10,7,24]
stat.node.5.util.dram_avg = 3.39203e-05
stat.node.5.walltime_s = 687.628
stat.node.5.active_time_s = 20.87
stat.node.1.cpu.0.load_issue_to_complete_count = 299
stat.node.1.cpu.0.avg_load_issue_to_complete_lat = 1001.52
stat.node.1.injector.phase_cycles = 300662
stat.node.1.injector.request_bytes = 87992
stat.node.1.injector.response_bytes = 35776
stat.node.1.injector.aggregate_bytes = 123768
stat.node.1.injector.request_gbps = 5.61909
stat.node.1.injector.response_gbps = 2.28462
stat.node.1.injector.aggregate_gbps = 7.90371
stat.node.1.llc.cxl_miss = 300
stat.node.1.llc.total_miss = 300
stat.node.1.llc.avg_miss_lat = 685
stat.node.1.llc.avg_cxl_lat = 685
stat.node.1.llc.miss_lat_hist_bin_ns = 10
stat.node.1.llc.miss_lat_hist = [0,0,0,0,0,0,0,0,0,0,0,0,0,0,0,0,0,0,0,0,0,0,0,0,0,0,45,38,167,17,4,2,9,0,16,2]
stat.node.1.util.dram_avg = 3.38654e-05
stat.node.1.walltime_s = 688.375
stat.node.1.active_time_s = 13.9395
stat.node.6.cpu.0.load_issue_to_complete_count = 299
stat.node.6.cpu.0.avg_load_issue_to_complete_lat = 1004.01
stat.node.6.injector.phase_cycles = 301435
stat.node.6.injector.request_bytes = 88200
stat.node.6.injector.response_bytes = 35904
stat.node.6.injector.aggregate_bytes = 124104
stat.node.6.injector.request_gbps = 5.61793
stat.node.6.injector.response_gbps = 2.28692
stat.node.6.injector.aggregate_gbps = 7.90484
stat.node.6.llc.cxl_miss = 300
stat.node.6.llc.total_miss = 300
stat.node.6.llc.avg_miss_lat = 688.727
stat.node.6.llc.avg_cxl_lat = 688.727
stat.node.6.llc.miss_lat_hist_bin_ns = 10
stat.node.6.llc.miss_lat_hist = [0,0,0,0,0,0,0,0,0,0,0,0,0,0,0,0,0,0,0,0,0,0,0,0,0,0,48,49,109,27,31,6,22,7,1]
stat.node.6.util.dram_avg = 3.37973e-05
stat.node.6.walltime_s = 689.242
stat.node.6.active_time_s = 13.7344
stat.node.0.cpu.0.load_issue_to_complete_count = 299
stat.node.0.cpu.0.avg_load_issue_to_complete_lat = 1007.27
stat.node.0.injector.phase_cycles = 302490
stat.node.0.injector.request_bytes = 88536
stat.node.0.injector.response_bytes = 35968
stat.node.0.injector.aggregate_bytes = 124504
stat.node.0.injector.request_gbps = 5.61966
stat.node.0.injector.response_gbps = 2.283
stat.node.0.injector.aggregate_gbps = 7.90266
stat.node.0.llc.cxl_miss = 300
stat.node.0.llc.total_miss = 300
stat.node.0.llc.avg_miss_lat = 691.013
stat.node.0.llc.avg_cxl_lat = 691.013
stat.node.0.llc.miss_lat_hist_bin_ns = 10
stat.node.0.llc.miss_lat_hist = [0,0,0,0,0,0,0,0,0,0,0,0,0,0,0,0,0,0,0,0,0,0,0,0,0,0,53,32,118,26,10,49,7,5]
stat.node.0.util.dram_avg = 3.36577e-05
stat.node.0.walltime_s = 691.409
stat.node.0.active_time_s = 10.6438
stat.node.3.cpu.0.load_issue_to_complete_count = 299
stat.node.3.cpu.0.avg_load_issue_to_complete_lat = 1010.88
stat.node.3.injector.phase_cycles = 303512
stat.node.3.injector.request_bytes = 88808
stat.node.3.injector.response_bytes = 36160
stat.node.3.injector.aggregate_bytes = 124968
stat.node.3.injector.request_gbps = 5.61794
stat.node.3.injector.response_gbps = 2.28746
stat.node.3.injector.aggregate_gbps = 7.90541
stat.node.3.llc.cxl_miss = 300
stat.node.3.llc.total_miss = 300
stat.node.3.llc.avg_miss_lat = 695.19
stat.node.3.llc.avg_cxl_lat = 695.19
stat.node.3.llc.miss_lat_hist_bin_ns = 10
stat.node.3.llc.miss_lat_hist = [0,0,0,0,0,0,0,0,0,0,0,0,0,0,0,0,0,0,0,0,0,0,0,0,0,0,36,41,105,73,2,3,11,22,7]
stat.node.3.util.dram_avg = 3.36226e-05
stat.node.3.walltime_s = 691.472
stat.node.3.active_time_s = 20.7292
stat.pool.101.util.mem_avg = 0.18714
stat.pool.101.util.req_link_avg = 0.90521
stat.pool.101.walltime_s = 691.472
stat.pool.101.active_time_s = 0.318201
stat.pool.100.util.mem_avg = 0.187145
stat.pool.100.util.req_link_avg = 0.905215
stat.pool.100.walltime_s = 691.484
stat.pool.100.active_time_s = 0.522275
stat.switch.replicated_messages = 49552
stat.switch.util.node_ingress_avg = 0.117915
stat.switch.util.pool_ingress_avg = 0.302389
stat.switch.bw.host_to_switch_gbps = 5.7962
stat.switch.bw.switch_to_host_gbps = 3.71559
stat.switch.bw.host_link_total_gbps = 9.51179
stat.switch.walltime_s = 691.484
stat.switch.active_time_s = 1.80714
Simulation is complete, simulated time: 297.657 us
