stat.node.0.cpu.0.retired = 674
stat.node.0.cpu.0.cycles = 1000000
stat.node.1.cpu.0.retired = 671
stat.node.1.cpu.0.cycles = 1000000
stat.node.2.cpu.0.retired = 674
stat.node.2.cpu.0.cycles = 1000000
stat.node.3.cpu.0.retired = 669
stat.node.3.cpu.0.cycles = 1000000
stat.node.4.cpu.0.retired = 677
stat.node.4.cpu.0.cycles = 1000000
stat.node.5.cpu.0.retired = 678
stat.node.5.cpu.0.cycles = 1000000
stat.node.6.cpu.0.retired = 676
stat.node.6.cpu.0.cycles = 1000000
stat.node.7.cpu.0.retired = 675
stat.node.7.cpu.0.cycles = 1000000
stat.node.6.cpu.0.retired = 1581
stat.node.6.cpu.0.cycles = 2000000
stat.node.7.cpu.0.retired = 1577
stat.node.7.cpu.0.cycles = 2000000
stat.node.0.cpu.0.retired = 1575
stat.node.0.cpu.0.cycles = 2000000
stat.node.1.cpu.0.retired = 1573
stat.node.1.cpu.0.cycles = 2000000
stat.node.2.cpu.0.retired = 1575
stat.node.2.cpu.0.cycles = 2000000
stat.node.3.cpu.0.retired = 1567
stat.node.3.cpu.0.cycles = 2000000
stat.node.4.cpu.0.retired = 1577
stat.node.4.cpu.0.cycles = 2000000
stat.node.5.cpu.0.retired = 1584
stat.node.5.cpu.0.cycles = 2000000
stat.node.6.cpu.0.retired = 2548
stat.node.6.cpu.0.cycles = 3000000
stat.node.5.cpu.0.retired = 2550
stat.node.5.cpu.0.cycles = 3000000
stat.node.7.cpu.0.retired = 2544
stat.node.7.cpu.0.cycles = 3000000
stat.node.0.cpu.0.retired = 2539
stat.node.0.cpu.0.cycles = 3000000
stat.node.1.cpu.0.retired = 2537
stat.node.1.cpu.0.cycles = 3000000
stat.node.2.cpu.0.retired = 2539
stat.node.2.cpu.0.cycles = 3000000
stat.node.3.cpu.0.retired = 2530
stat.node.3.cpu.0.cycles = 3000000
stat.node.4.cpu.0.retired = 2539
stat.node.4.cpu.0.cycles = 3000000
stat.node.5.cpu.0.retired = 3549
stat.node.5.cpu.0.cycles = 4000000
stat.node.7.cpu.0.retired = 3543
stat.node.7.cpu.0.cycles = 4000000
stat.node.0.cpu.0.retired = 3541
stat.node.0.cpu.0.cycles = 4000000
stat.node.1.cpu.0.retired = 3537
stat.node.1.cpu.0.cycles = 4000000
stat.node.2.cpu.0.retired = 3541
stat.node.2.cpu.0.cycles = 4000000
stat.node.3.cpu.0.retired = 3531
stat.node.3.cpu.0.cycles = 4000000
stat.node.6.cpu.0.retired = 3548
stat.node.6.cpu.0.cycles = 4000000
stat.node.4.cpu.0.retired = 3539
stat.node.4.cpu.0.cycles = 4000000
stat.node.5.cpu.0.retired = 4568
stat.node.5.cpu.0.cycles = 5000000
stat.node.7.cpu.0.retired = 4562
stat.node.7.cpu.0.cycles = 5000000
stat.node.0.cpu.0.retired = 4561
stat.node.1.cpu.0.retired = 4555
stat.node.1.cpu.0.cycles = 5000000
stat.node.2.cpu.0.retired = 4560
stat.node.2.cpu.0.cycles = 5000000
stat.node.3.cpu.0.retired = 4547
stat.node.3.cpu.0.cycles = 5000000
stat.node.4.cpu.0.retired = 4560
stat.node.4.cpu.0.cycles = 5000000
stat.node.6.cpu.0.retired = 4566
stat.node.6.cpu.0.cycles = 5000000
stat.node.0.cpu.0.cycles = 5000000
stat.node.5.cpu.0.load_issue_to_complete_count = 3999
stat.node.5.cpu.0.avg_load_issue_to_complete_lat = 1011.62
stat.node.5.injector.phase_cycles = 4050673
stat.node.5.injector.request_bytes = 423688
stat.node.5.injector.response_bytes = 1794624
stat.node.5.injector.aggregate_bytes = 2218312
stat.node.5.injector.request_gbps = 2.00826
stat.node.5.injector.response_gbps = 8.50643
stat.node.5.injector.aggregate_gbps = 10.5147
stat.node.5.llc.cxl_miss = 4000
stat.node.5.llc.total_miss = 4000
stat.node.5.llc.avg_miss_lat = 903.105
stat.node.5.llc.avg_cxl_lat = 903.105
stat.node.5.llc.miss_lat_hist_bin_ns = 10
stat.node.5.llc.miss_lat_hist = [0,0,0,0,0,0,0,0,0,0,0,0,0,0,0,0,0,0,0,0,0,0,0,0,0,0,226,93,19,17,30,134,298,96,152,261,144,326,332,251,367,271,668,283,26,5,1]
stat.node.5.util.dram_avg = 4.42759e-06
stat.node.5.walltime_s = 1684.77
stat.node.5.active_time_s = 89.4398
stat.node.6.cpu.0.load_issue_to_complete_count = 3999
stat.node.6.cpu.0.avg_load_issue_to_complete_lat = 1011.38
stat.node.6.injector.phase_cycles = 4049694
stat.node.6.injector.request_bytes = 423640
stat.node.6.injector.response_bytes = 1794240
stat.node.6.injector.aggregate_bytes = 2217880
stat.node.6.injector.request_gbps = 2.00852
stat.node.6.injector.response_gbps = 8.50667
stat.node.6.injector.aggregate_gbps = 10.5152
stat.node.6.llc.cxl_miss = 4000
stat.node.6.llc.total_miss = 4000
stat.node.6.llc.avg_miss_lat = 902.872
stat.node.6.llc.avg_cxl_lat = 902.872
stat.node.6.llc.miss_lat_hist_bin_ns = 10
stat.node.6.llc.miss_lat_hist = [0,0,0,0,0,0,0,0,0,0,0,0,0,0,0,0,0,0,0,0,0,0,0,0,0,0,224,108,25,39,232,122,35,82,169,276,171,310,317,268,190,288,765,337,37,5]
stat.node.6.util.dram_avg = 4.42627e-06
stat.node.6.walltime_s = 1685.87
stat.node.6.active_time_s = 103.299
stat.node.7.cpu.0.load_issue_to_complete_count = 3999
stat.node.7.cpu.0.avg_load_issue_to_complete_lat = 1012.27
stat.node.7.injector.phase_cycles = 4053274
stat.node.7.injector.request_bytes = 423960
stat.node.7.injector.response_bytes = 1795776
stat.node.7.injector.aggregate_bytes = 2219736
stat.node.7.injector.request_gbps = 2.00826
stat.node.7.injector.response_gbps = 8.50643
stat.node.7.injector.aggregate_gbps = 10.5147
stat.node.7.llc.cxl_miss = 4000
stat.node.7.llc.total_miss = 4000
stat.node.7.llc.avg_miss_lat = 903.604
stat.node.7.llc.avg_cxl_lat = 903.604
stat.node.7.llc.miss_lat_hist_bin_ns = 10
stat.node.7.llc.miss_lat_hist = [0,0,0,0,0,0,0,0,0,0,0,0,0,0,0,0,0,0,0,0,0,0,0,0,0,0,205,130,15,17,50,118,53,300,160,258,171,302,318,432,223,269,666,287,23,2,1]
stat.node.7.util.dram_avg = 4.42229e-06
stat.node.7.walltime_s = 1686.66
stat.node.7.active_time_s = 85.2063
stat.node.0.cpu.0.load_issue_to_complete_count = 3999
stat.node.0.cpu.0.avg_load_issue_to_complete_lat = 1011.71
stat.node.0.injector.phase_cycles = 4051049
stat.node.0.injector.request_bytes = 423784
stat.node.0.injector.response_bytes = 1794816
stat.node.0.injector.aggregate_bytes = 2218600
stat.node.0.injector.request_gbps = 2.00853
stat.node.0.injector.response_gbps = 8.50655
stat.node.0.injector.aggregate_gbps = 10.5151
stat.node.0.llc.cxl_miss = 4000
stat.node.0.llc.total_miss = 4000
stat.node.0.llc.avg_miss_lat = 903.088
stat.node.0.llc.avg_cxl_lat = 903.088
stat.node.0.llc.miss_lat_hist_bin_ns = 10
stat.node.0.llc.miss_lat_hist = [0,0,0,0,0,0,0,0,0,0,0,0,0,0,0,0,0,0,0,0,0,0,0,0,0,0,209,100,19,12,31,366,51,102,180,279,139,321,321,257,204,432,643,294,39,1]
stat.node.0.util.dram_avg = 4.42198e-06
stat.node.0.walltime_s = 1686.69
stat.node.0.active_time_s = 89.7634
stat.node.2.cpu.0.load_issue_to_complete_count = 3999
stat.node.2.cpu.0.avg_load_issue_to_complete_lat = 1011.78
stat.node.2.injector.phase_cycles = 4051320
stat.node.2.injector.request_bytes = 423808
stat.node.2.injector.response_bytes = 1794944
stat.node.2.injector.aggregate_bytes = 2218752
stat.node.2.injector.request_gbps = 2.00851
stat.node.2.injector.response_gbps = 8.50659
stat.node.2.injector.aggregate_gbps = 10.5151
stat.node.2.llc.cxl_miss = 4000
stat.node.2.llc.total_miss = 4000
stat.node.2.llc.avg_miss_lat = 903.129
stat.node.2.llc.avg_cxl_lat = 903.129
stat.node.2.llc.miss_lat_hist_bin_ns = 10
stat.node.2.llc.miss_lat_hist = [0,0,0,0,0,0,0,0,0,0,0,0,0,0,0,0,0,0,0,0,0,0,0,0,0,0,241,91,23,15,51,152,21,92,374,262,153,339,344,386,192,356,596,271,37,3,1]
stat.node.2.util.dram_avg = 4.42182e-06
stat.node.2.walltime_s = 1686.69
stat.node.2.active_time_s = 100.01
stat.node.4.cpu.0.load_issue_to_complete_count = 3999
stat.node.4.cpu.0.avg_load_issue_to_complete_lat = 1012.98
stat.node.4.injector.phase_cycles = 4056174
stat.node.4.injector.request_bytes = 424320
stat.node.4.injector.response_bytes = 1797120
stat.node.4.injector.aggregate_bytes = 2221440
stat.node.4.injector.request_gbps = 2.00853
stat.node.4.injector.response_gbps = 8.50671
stat.node.4.injector.aggregate_gbps = 10.5152
stat.node.4.llc.cxl_miss = 4000
stat.node.4.llc.total_miss = 4000
stat.node.4.llc.avg_miss_lat = 904.416
stat.node.4.llc.avg_cxl_lat = 904.416
stat.node.4.llc.miss_lat_hist_bin_ns = 10
stat.node.4.llc.miss_lat_hist = [0,0,0,0,0,0,0,0,0,0,0,0,0,0,0,0,0,0,0,0,0,0,0,0,0,0,343,58,48,31,50,91,33,136,239,227,153,269,419,320,195,348,619,341,56,13,7,4]
stat.node.4.util.dram_avg = 4.42097e-06
stat.node.4.walltime_s = 1686.79
stat.node.4.active_time_s = 84.4404
stat.node.1.cpu.0.load_issue_to_complete_count = 3999
stat.node.1.cpu.0.avg_load_issue_to_complete_lat = 1011.43
stat.node.1.injector.phase_cycles = 4049973
stat.node.1.injector.request_bytes = 423672
stat.node.1.injector.response_bytes = 1794304
stat.node.1.injector.aggregate_bytes = 2217976
stat.node.1.injector.request_gbps = 2.00853
stat.node.1.injector.response_gbps = 8.50639
stat.node.1.injector.aggregate_gbps = 10.5149
stat.node.1.llc.cxl_miss = 4000
stat.node.1.llc.total_miss = 4000
stat.node.1.llc.avg_miss_lat = 902.781
stat.node.1.llc.avg_cxl_lat = 902.781
stat.node.1.llc.miss_lat_hist_bin_ns = 10
stat.node.1.llc.miss_lat_hist = [0,0,0,0,0,0,0,0,0,0,0,0,0,0,0,0,0,0,0,0,0,0,0,0,0,0,201,115,246,33,32,108,28,73,174,267,238,312,280,288,219,283,564,338,103,96,2]
stat.node.1.util.dram_avg = 4.41859e-06
stat.node.1.walltime_s = 1687.47
stat.node.1.active_time_s = 94.2144
stat.node.3.cpu.0.load_issue_to_complete_count = 3999
stat.node.3.cpu.0.avg_load_issue_to_complete_lat = 1013.48
stat.node.3.injector.phase_cycles = 4058148
stat.node.3.injector.request_bytes = 424504
stat.node.3.injector.response_bytes = 1797888
stat.node.3.injector.aggregate_bytes = 2222392
stat.node.3.injector.request_gbps = 2.00842
stat.node.3.injector.response_gbps = 8.50621
stat.node.3.injector.aggregate_gbps = 10.5146
stat.node.3.llc.cxl_miss = 4000
stat.node.3.llc.total_miss = 4000
stat.node.3.llc.avg_miss_lat = 904.93
stat.node.3.llc.avg_cxl_lat = 904.93
stat.node.3.llc.miss_lat_hist_bin_ns = 10
stat.node.3.llc.miss_lat_hist = [0,0,0,0,0,0,0,0,0,0,0,0,0,0,0,0,0,0,0,0,0,0,0,0,0,0,208,81,42,268,12,124,39,65,184,270,136,316,349,256,193,301,648,454,52,2]
stat.node.3.util.dram_avg = 4.40988e-06
stat.node.3.walltime_s = 1688.76
stat.node.3.active_time_s = 98.4431
stat.pool.101.util.mem_avg = 0.15087
stat.pool.101.util.req_link_avg = 0.252473
stat.pool.101.walltime_s = 1688.76
stat.pool.101.active_time_s = 3.39683
stat.pool.100.util.mem_avg = 0.15087
stat.pool.100.util.req_link_avg = 0.252474
stat.pool.100.walltime_s = 1688.76
stat.pool.100.active_time_s = 3.6541
stat.switch.replicated_messages = 66976
stat.switch.util.node_ingress_avg = 0.04389
stat.switch.util.pool_ingress_avg = 0.789023
stat.switch.bw.host_to_switch_gbps = 2.15729
stat.switch.bw.switch_to_host_gbps = 9.69552
stat.switch.bw.host_link_total_gbps = 11.8528
stat.switch.walltime_s = 1688.76
stat.switch.active_time_s = 10.4112
Simulation is complete, simulated time: 2.26945 ms
