stat.node.6.cpu.0.retired = 179
stat.node.6.cpu.0.cycles = 1000000
stat.node.7.cpu.0.retired = 210
stat.node.7.cpu.0.cycles = 1000000
stat.node.0.cpu.0.retired = 174
stat.node.0.cpu.0.cycles = 1000000
stat.node.1.cpu.0.retired = 187
stat.node.1.cpu.0.cycles = 1000000
stat.node.2.cpu.0.retired = 180
stat.node.2.cpu.0.cycles = 1000000
stat.node.3.cpu.0.retired = 171
stat.node.3.cpu.0.cycles = 1000000
stat.node.4.cpu.0.retired = 168
stat.node.4.cpu.0.cycles = 1000000
stat.node.5.cpu.0.retired = 195
stat.node.5.cpu.0.cycles = 1000000
stat.node.7.cpu.0.retired = 435
stat.node.7.cpu.0.cycles = 2000000
stat.node.0.cpu.0.retired = 372
stat.node.0.cpu.0.cycles = 2000000
stat.node.1.cpu.0.retired = 388
stat.node.1.cpu.0.cycles = 2000000
stat.node.2.cpu.0.retired = 378
stat.node.2.cpu.0.cycles = 2000000
stat.node.3.cpu.0.retired = 369
stat.node.3.cpu.0.cycles = 2000000
stat.node.4.cpu.0.retired = 365
stat.node.4.cpu.0.cycles = 2000000
stat.node.6.cpu.0.retired = 375
stat.node.6.cpu.0.cycles = 2000000
stat.node.5.cpu.0.retired = 396
stat.node.5.cpu.0.cycles = 2000000
stat.node.1.cpu.0.retired = 627
stat.node.1.cpu.0.cycles = 3000000
stat.node.2.cpu.0.retired = 622
stat.node.2.cpu.0.cycles = 3000000
stat.node.3.cpu.0.retired = 609
stat.node.3.cpu.0.cycles = 3000000
stat.node.4.cpu.0.retired = 600
stat.node.4.cpu.0.cycles = 3000000
stat.node.5.cpu.0.retired = 636
stat.node.5.cpu.0.cycles = 3000000
stat.node.6.cpu.0.retired = 617
stat.node.6.cpu.0.cycles = 3000000
stat.node.7.cpu.0.retired = 679
stat.node.7.cpu.0.cycles = 3000000
stat.node.0.cpu.0.retired = 609
stat.node.0.cpu.0.cycles = 3000000
stat.node.0.cpu.0.retired = 858
stat.node.0.cpu.0.cycles = 4000000
stat.node.5.cpu.0.retired = 889
stat.node.5.cpu.0.cycles = 4000000
stat.node.6.cpu.0.retired = 865
stat.node.6.cpu.0.cycles = 4000000
stat.node.7.cpu.0.retired = 931
stat.node.7.cpu.0.cycles = 4000000
stat.node.4.cpu.0.retired = 850
stat.node.4.cpu.0.cycles = 4000000
stat.node.1.cpu.0.retired = 876
stat.node.1.cpu.0.cycles = 4000000
stat.node.2.cpu.0.retired = 870
stat.node.2.cpu.0.cycles = 4000000
stat.node.3.cpu.0.retired = 854
stat.node.3.cpu.0.cycles = 4000000
stat.node.1.cpu.0.retired = 1137
stat.node.1.cpu.0.cycles = 5000000
stat.node.2.cpu.0.retired = 1127
stat.node.2.cpu.0.cycles = 5000000
stat.node.3.cpu.0.retired = 1116
stat.node.3.cpu.0.cycles = 5000000
stat.node.0.cpu.0.retired = 1114
stat.node.0.cpu.0.cycles = 5000000
stat.node.5.cpu.0.retired = 1152
stat.node.5.cpu.0.cycles = 5000000
stat.node.6.cpu.0.retired = 1122
stat.node.6.cpu.0.cycles = 5000000
stat.node.7.cpu.0.retired = 1192
stat.node.7.cpu.0.cycles = 5000000
stat.node.4.cpu.0.retired = 1109
stat.node.4.cpu.0.cycles = 5000000
stat.node.6.cpu.0.retired = 1381
stat.node.6.cpu.0.cycles = 6000000
stat.node.7.cpu.0.retired = 1457
stat.node.7.cpu.0.cycles = 6000000
stat.node.2.cpu.0.retired = 1386
stat.node.2.cpu.0.cycles = 6000000
stat.node.1.cpu.0.retired = 1396
stat.node.1.cpu.0.cycles = 6000000
stat.node.4.cpu.0.retired = 1372
stat.node.4.cpu.0.cycles = 6000000
stat.node.3.cpu.0.retired = 1381
stat.node.3.cpu.0.cycles = 6000000
stat.node.0.cpu.0.retired = 1379
stat.node.5.cpu.0.retired = 1415
stat.node.5.cpu.0.cycles = 6000000
stat.node.0.cpu.0.cycles = 6000000
stat.node.0.cpu.0.retired = 1641
stat.node.0.cpu.0.cycles = 7000000
stat.node.4.cpu.0.retired = 1635
stat.node.4.cpu.0.cycles = 7000000
stat.node.3.cpu.0.retired = 1648
stat.node.3.cpu.0.cycles = 7000000
stat.node.5.cpu.0.retired = 1682
stat.node.5.cpu.0.cycles = 7000000
stat.node.1.cpu.0.retired = 1664
stat.node.1.cpu.0.cycles = 7000000
stat.node.6.cpu.0.retired = 1646
stat.node.6.cpu.0.cycles = 7000000
stat.node.7.cpu.0.retired = 1726
stat.node.7.cpu.0.cycles = 7000000
stat.node.2.cpu.0.retired = 1655
stat.node.2.cpu.0.cycles = 7000000
stat.node.0.cpu.0.retired = 1910
stat.node.0.cpu.0.cycles = 8000000
stat.node.4.cpu.0.retired = 1898
stat.node.4.cpu.0.cycles = 8000000
stat.node.3.cpu.0.retired = 1913
stat.node.3.cpu.0.cycles = 8000000
stat.node.5.cpu.0.retired = 1942
stat.node.5.cpu.0.cycles = 8000000
stat.node.1.cpu.0.retired = 1929
stat.node.1.cpu.0.cycles = 8000000
stat.node.6.cpu.0.retired = 1915
stat.node.6.cpu.0.cycles = 8000000
stat.node.7.cpu.0.retired = 1991
stat.node.7.cpu.0.cycles = 8000000
stat.node.2.cpu.0.retired = 1921
stat.node.2.cpu.0.cycles = 8000000
stat.node.3.cpu.0.retired = 2182
stat.node.3.cpu.0.cycles = 9000000
stat.node.5.cpu.0.retired = 2210
stat.node.5.cpu.0.cycles = 9000000
stat.node.1.cpu.0.retired = 2196
stat.node.6.cpu.0.retired = 2186
stat.node.6.cpu.0.cycles = 9000000
stat.node.2.cpu.0.retired = 2189
stat.node.2.cpu.0.cycles = 9000000
stat.node.7.cpu.0.retired = 2263
stat.node.7.cpu.0.cycles = 9000000
stat.node.0.cpu.0.retired = 2174
stat.node.0.cpu.0.cycles = 9000000
stat.node.4.cpu.0.retired = 2163
stat.node.4.cpu.0.cycles = 9000000
stat.node.1.cpu.0.cycles = 9000000
stat.node.4.cpu.0.retired = 2432
stat.node.4.cpu.0.cycles = 10000000
stat.node.1.cpu.0.retired = 2465
stat.node.1.cpu.0.cycles = 10000000
stat.node.2.cpu.0.retired = 2456
stat.node.2.cpu.0.cycles = 10000000
stat.node.7.cpu.0.retired = 2533
stat.node.7.cpu.0.cycles = 10000000
stat.node.0.cpu.0.retired = 2444
stat.node.0.cpu.0.cycles = 10000000
stat.node.6.cpu.0.retired = 2455
stat.node.6.cpu.0.cycles = 10000000
stat.node.3.cpu.0.retired = 2453
stat.node.5.cpu.0.retired = 2480
stat.node.5.cpu.0.cycles = 10000000
stat.node.3.cpu.0.cycles = 10000000
stat.node.2.cpu.0.retired = 2728
stat.node.2.cpu.0.cycles = 11000000
stat.node.7.cpu.0.retired = 2802
stat.node.7.cpu.0.cycles = 11000000
stat.node.0.cpu.0.retired = 2718
stat.node.6.cpu.0.retired = 2721
stat.node.6.cpu.0.cycles = 11000000
stat.node.5.cpu.0.retired = 2749
stat.node.5.cpu.0.cycles = 11000000
stat.node.4.cpu.0.retired = 2705
stat.node.4.cpu.0.cycles = 11000000
stat.node.3.cpu.0.retired = 2724
stat.node.3.cpu.0.cycles = 11000000
stat.node.1.cpu.0.retired = 2731
stat.node.1.cpu.0.cycles = 11000000
stat.node.0.cpu.0.cycles = 11000000
stat.node.7.cpu.0.retired = 3072
stat.node.7.cpu.0.cycles = 12000000
stat.node.1.cpu.0.retired = 3004
stat.node.1.cpu.0.cycles = 12000000
stat.node.6.cpu.0.retired = 2993
stat.node.6.cpu.0.cycles = 12000000
stat.node.5.cpu.0.retired = 3021
stat.node.5.cpu.0.cycles = 12000000
stat.node.0.cpu.0.retired = 2987
stat.node.0.cpu.0.cycles = 12000000
stat.node.3.cpu.0.retired = 2990
stat.node.3.cpu.0.cycles = 12000000
stat.node.4.cpu.0.retired = 2977
stat.node.4.cpu.0.cycles = 12000000
stat.node.2.cpu.0.retired = 2997
stat.node.2.cpu.0.cycles = 12000000
stat.node.6.cpu.0.retired = 3265
stat.node.6.cpu.0.cycles = 13000000
stat.node.2.cpu.0.retired = 3264
stat.node.2.cpu.0.cycles = 13000000
stat.node.0.cpu.0.retired = 3259
stat.node.0.cpu.0.cycles = 13000000
stat.node.3.cpu.0.retired = 3259
stat.node.3.cpu.0.cycles = 13000000
stat.node.4.cpu.0.retired = 3251
stat.node.4.cpu.0.cycles = 13000000
stat.node.5.cpu.0.retired = 3290
stat.node.5.cpu.0.cycles = 13000000
stat.node.7.cpu.0.retired = 3347
stat.node.7.cpu.0.cycles = 13000000
stat.node.1.cpu.0.retired = 3277
stat.node.1.cpu.0.cycles = 13000000
stat.node.6.cpu.0.retired = 3537
stat.node.6.cpu.0.cycles = 14000000
stat.node.1.cpu.0.retired = 3549
stat.node.1.cpu.0.cycles = 14000000
stat.node.2.cpu.0.retired = 3535
stat.node.2.cpu.0.cycles = 14000000
stat.node.0.cpu.0.retired = 3534
stat.node.0.cpu.0.cycles = 14000000
stat.node.3.cpu.0.retired = 3527
stat.node.3.cpu.0.cycles = 14000000
stat.node.4.cpu.0.retired = 3525
stat.node.4.cpu.0.cycles = 14000000
stat.node.5.cpu.0.retired = 3560
stat.node.5.cpu.0.cycles = 14000000
stat.node.7.cpu.0.retired = 3617
stat.node.7.cpu.0.cycles = 14000000
stat.node.1.cpu.0.retired = 3820
stat.node.1.cpu.0.cycles = 15000000
stat.node.2.cpu.0.retired = 3810
stat.node.2.cpu.0.cycles = 15000000
stat.node.0.cpu.0.retired = 3803
stat.node.0.cpu.0.cycles = 15000000
stat.node.3.cpu.0.retired = 3800
stat.node.3.cpu.0.cycles = 15000000
stat.node.4.cpu.0.retired = 3792
stat.node.4.cpu.0.cycles = 15000000
stat.node.5.cpu.0.retired = 3835
stat.node.5.cpu.0.cycles = 15000000
stat.node.6.cpu.0.retired = 3809
stat.node.6.cpu.0.cycles = 15000000
stat.node.7.cpu.0.retired = 3889
stat.node.7.cpu.0.cycles = 15000000
stat.node.7.cpu.0.retired = 4161
stat.node.7.cpu.0.cycles = 16000000
stat.node.6.cpu.0.retired = 4079
stat.node.1.cpu.0.retired = 4095
stat.node.1.cpu.0.cycles = 16000000
stat.node.2.cpu.0.retired = 4083
stat.node.2.cpu.0.cycles = 16000000
stat.node.0.cpu.0.retired = 4073
stat.node.0.cpu.0.cycles = 16000000
stat.node.3.cpu.0.retired = 4074
stat.node.3.cpu.0.cycles = 16000000
stat.node.4.cpu.0.retired = 4065
stat.node.4.cpu.0.cycles = 16000000
stat.node.5.cpu.0.retired = 4108
stat.node.5.cpu.0.cycles = 16000000
stat.node.6.cpu.0.cycles = 16000000
stat.node.6.cpu.0.retired = 4353
stat.node.7.cpu.0.retired = 4436
stat.node.7.cpu.0.cycles = 17000000
stat.node.5.cpu.0.retired = 4382
stat.node.5.cpu.0.cycles = 17000000
stat.node.1.cpu.0.retired = 4366
stat.node.1.cpu.0.cycles = 17000000
stat.node.2.cpu.0.retired = 4354
stat.node.2.cpu.0.cycles = 17000000
stat.node.0.cpu.0.retired = 4345
stat.node.0.cpu.0.cycles = 17000000
stat.node.3.cpu.0.retired = 4342
stat.node.3.cpu.0.cycles = 17000000
stat.node.4.cpu.0.retired = 4340
stat.node.4.cpu.0.cycles = 17000000
stat.node.6.cpu.0.cycles = 17000000
stat.node.3.cpu.0.retired = 4616
stat.node.3.cpu.0.cycles = 18000000
stat.node.6.cpu.0.retired = 4623
stat.node.6.cpu.0.cycles = 18000000
stat.node.4.cpu.0.retired = 4614
stat.node.4.cpu.0.cycles = 18000000
stat.node.7.cpu.0.retired = 4707
stat.node.7.cpu.0.cycles = 18000000
stat.node.5.cpu.0.retired = 4656
stat.node.5.cpu.0.cycles = 18000000
stat.node.1.cpu.0.retired = 4639
stat.node.1.cpu.0.cycles = 18000000
stat.node.2.cpu.0.retired = 4626
stat.node.2.cpu.0.cycles = 18000000
stat.node.0.cpu.0.retired = 4620
stat.node.0.cpu.0.cycles = 18000000
stat.node.3.cpu.0.retired = 4887
stat.node.3.cpu.0.cycles = 19000000
stat.node.0.cpu.0.retired = 4893
stat.node.0.cpu.0.cycles = 19000000
stat.node.6.cpu.0.retired = 4897
stat.node.6.cpu.0.cycles = 19000000
stat.node.4.cpu.0.retired = 4884
stat.node.4.cpu.0.cycles = 19000000
stat.node.7.cpu.0.retired = 4981
stat.node.7.cpu.0.cycles = 19000000
stat.node.5.cpu.0.retired = 4937
stat.node.5.cpu.0.cycles = 19000000
stat.node.1.cpu.0.retired = 4911
stat.node.1.cpu.0.cycles = 19000000
stat.node.2.cpu.0.retired = 4897
stat.node.2.cpu.0.cycles = 19000000
stat.node.7.cpu.0.load_issue_to_complete_count = 3999
stat.node.7.cpu.0.avg_load_issue_to_complete_lat = 3701.27
stat.node.7.injector.phase_cycles = 14809242
stat.node.7.injector.request_bytes = 5132432
stat.node.7.injector.response_bytes = 6483072
stat.node.7.injector.aggregate_bytes = 11615504
stat.node.7.injector.request_gbps = 6.65413
stat.node.7.injector.response_gbps = 8.40522
stat.node.7.injector.aggregate_gbps = 15.0594
stat.node.7.llc.cxl_miss = 4000
stat.node.7.llc.total_miss = 4000
stat.node.7.llc.avg_miss_lat = 3584.08
stat.node.7.llc.avg_cxl_lat = 3584.08
stat.node.7.llc.miss_lat_hist_bin_ns = 10
stat.node.7.llc.miss_lat_hist = [0,0,0,0,0,0,0,0,0,0,0,0,0,0,0,0,0,0,0,0,0,0,0,0,0,0,0,0,0,0,0,0,0,0,0,0,0,0,0,0,0,0,0,0,0,0,0,0,0,0,0,0,0,0,0,0,0,0,0,0,0,0,0,0,0,0,0,0,0,0,0,0,0,0,0,0,0,0,0,0,0,0,0,0,0,0,0,0,0,0,0,0,1,0,2,3,1,2,3,4,1,5,5,6,3,7,14,14,9,11,19,13,15,24,20,26,26,26,28,32,38,49,37,49,45,40,44,50,46,41,61,71,64,58,65,65,69,68,81,65,92,71,73,85,64,76,79,73,65,79,65,71,69,59,69,61,61,61,58,60,62,56,54,38,39,57,39,44,48,36,43,31,32,33,29,23,23,31,32,34,26,29,25,20,19,27,23,19,10,18,19,7,14,9,10,13,8,7,10,6,10,10,1,9,2,6,2,4,4,3,6,2,0,0,2,1,2,1,1,0,1,1,2,1,0,1,0,3,1,0,0,0,0,0,0,0,0,0,0,1,0,0,2,0,1]
stat.node.7.util.dram_avg = 1.25879e-06
stat.node.7.walltime_s = 6976.97
stat.node.7.active_time_s = 342.488
stat.node.5.cpu.0.load_issue_to_complete_count = 3999
stat.node.5.cpu.0.avg_load_issue_to_complete_lat = 3702.02
stat.node.5.injector.phase_cycles = 14811395
stat.node.5.injector.request_bytes = 5131136
stat.node.5.injector.response_bytes = 6481728
stat.node.5.injector.aggregate_bytes = 11612864
stat.node.5.injector.request_gbps = 6.65149
stat.node.5.injector.response_gbps = 8.40226
stat.node.5.injector.aggregate_gbps = 15.0537
stat.node.5.llc.cxl_miss = 4000
stat.node.5.llc.total_miss = 4000
stat.node.5.llc.avg_miss_lat = 3583.28
stat.node.5.llc.avg_cxl_lat = 3583.28
stat.node.5.llc.miss_lat_hist_bin_ns = 10
stat.node.5.llc.miss_lat_hist = [0,0,0,0,0,0,0,0,0,0,0,0,0,0,0,0,0,0,0,0,0,0,0,0,0,0,0,0,0,0,0,0,0,0,0,0,0,0,0,0,0,0,0,0,0,0,0,0,0,0,0,0,0,0,0,0,0,0,0,0,0,0,0,0,0,0,0,0,0,0,0,0,0,0,0,0,0,0,0,0,0,0,0,0,0,0,0,0,0,0,0,0,0,2,0,2,3,5,0,6,3,4,4,6,4,8,7,12,7,9,14,18,23,19,20,23,18,31,41,27,33,26,41,43,37,35,32,55,72,64,52,55,68,74,79,67,65,64,68,86,80,82,78,67,69,77,73,80,61,88,75,73,70,75,54,58,62,62,65,65,64,58,56,51,56,43,41,40,46,44,33,34,40,32,28,24,24,24,22,23,22,24,16,19,21,14,16,14,14,23,9,14,10,9,9,7,10,6,8,4,11,7,5,7,4,8,5,3,2,5,5,3,4,3,2,4,2,1,1,1,2,0,2,0,2,1,0,2,2,1,2,1,1,0,0,0,0,0,0,0,1,0,0,0,0,0,0,0,0,0,0,0,1,0,0,0,0,0,0,0,0,0,1]
stat.node.5.util.dram_avg = 1.24827e-06
stat.node.5.walltime_s = 7022.59
stat.node.5.active_time_s = 336.63
stat.node.1.cpu.0.load_issue_to_complete_count = 3999
stat.node.1.cpu.0.avg_load_issue_to_complete_lat = 3712.87
stat.node.1.injector.phase_cycles = 14855453
stat.node.1.injector.request_bytes = 5134560
stat.node.1.injector.response_bytes = 6485568
stat.node.1.injector.aggregate_bytes = 11620128
stat.node.1.injector.request_gbps = 6.63619
stat.node.1.injector.response_gbps = 8.3823
stat.node.1.injector.aggregate_gbps = 15.0185
stat.node.1.llc.cxl_miss = 4000
stat.node.1.llc.total_miss = 4000
stat.node.1.llc.avg_miss_lat = 3594.49
stat.node.1.llc.avg_cxl_lat = 3594.49
stat.node.1.llc.miss_lat_hist_bin_ns = 10
stat.node.1.llc.miss_lat_hist = [0,0,0,0,0,0,0,0,0,0,0,0,0,0,0,0,0,0,0,0,0,0,0,0,0,0,0,0,0,0,0,0,0,0,0,0,0,0,0,0,0,0,0,0,0,0,0,0,0,0,0,0,0,0,0,0,0,0,0,0,0,0,0,0,0,0,0,0,0,0,0,0,0,0,0,0,0,0,0,0,0,0,0,0,0,0,0,0,0,0,0,0,0,0,0,1,0,0,4,2,7,8,3,9,8,3,8,12,8,14,15,15,12,15,13,20,24,25,18,28,34,41,38,41,38,64,51,54,56,56,44,63,68,59,60,66,58,93,82,70,73,75,65,93,63,72,75,76,83,67,72,66,66,64,66,62,62,73,60,59,64,55,60,56,36,44,45,44,47,47,42,50,27,33,39,33,25,29,34,26,18,29,16,16,23,18,20,14,6,13,7,15,13,13,15,10,12,3,4,5,7,6,8,8,5,5,6,2,5,3,6,2,1,2,3,1,2,3,2,1,2,1,3,1,0,0,2,0,0,1,0,0,0,1,0,0,0,0,1,0,1,0,0,0,0,0,0,0,0,0,1,0,0,1,0,0,0,0,1]
stat.node.1.util.dram_avg = 1.24187e-06
stat.node.1.walltime_s = 7057.23
stat.node.1.active_time_s = 356.118
stat.node.6.cpu.0.load_issue_to_complete_count = 3999
stat.node.6.cpu.0.avg_load_issue_to_complete_lat = 3711.89
stat.node.6.injector.phase_cycles = 14851097
stat.node.6.injector.request_bytes = 5140720
stat.node.6.injector.response_bytes = 6493312
stat.node.6.injector.aggregate_bytes = 11634032
stat.node.6.injector.request_gbps = 6.6461
stat.node.6.injector.response_gbps = 8.39477
stat.node.6.injector.aggregate_gbps = 15.0409
stat.node.6.llc.cxl_miss = 4000
stat.node.6.llc.total_miss = 4000
stat.node.6.llc.avg_miss_lat = 3594.31
stat.node.6.llc.avg_cxl_lat = 3594.31
stat.node.6.llc.miss_lat_hist_bin_ns = 10
stat.node.6.llc.miss_lat_hist = [0,0,0,0,0,0,0,0,0,0,0,0,0,0,0,0,0,0,0,0,0,0,0,0,0,0,0,0,0,0,0,0,0,0,0,0,0,0,0,0,0,0,0,0,0,0,0,0,0,0,0,0,0,0,0,0,0,0,0,0,0,0,0,0,0,0,0,0,0,0,0,0,0,0,0,0,0,0,0,0,0,0,0,0,0,0,0,0,0,1,0,0,0,2,3,1,0,3,1,2,2,6,5,6,8,8,7,8,14,8,14,18,27,18,24,24,28,29,29,27,29,43,51,36,51,42,50,52,55,53,51,68,44,51,73,62,66,70,66,60,74,57,89,81,74,87,60,75,68,69,71,81,72,79,81,55,66,42,48,55,68,58,50,55,56,54,41,47,30,40,38,33,40,39,28,30,28,23,34,35,21,30,17,25,15,14,12,14,21,9,15,16,19,7,13,7,16,5,12,6,7,9,3,3,10,6,8,4,3,2,5,2,5,0,3,1,1,3,3,1,0,1,1,1,1,3,2,0,1,2,0,0,0,0,1,1,1,1,0,0,0,0,0,2,0,0,0,1,0,0,0,0,0,0,0,0,0,0,1]
stat.node.6.util.dram_avg = 1.23881e-06
stat.node.6.walltime_s = 7085.17
stat.node.6.active_time_s = 334.589
stat.node.2.cpu.0.load_issue_to_complete_count = 3999
stat.node.2.cpu.0.avg_load_issue_to_complete_lat = 3718.04
stat.node.2.injector.phase_cycles = 14876129
stat.node.2.injector.request_bytes = 5138136
stat.node.2.injector.response_bytes = 6490368
stat.node.2.injector.aggregate_bytes = 11628504
stat.node.2.injector.request_gbps = 6.63158
stat.node.2.injector.response_gbps = 8.37685
stat.node.2.injector.aggregate_gbps = 15.0084
stat.node.2.llc.cxl_miss = 4000
stat.node.2.llc.total_miss = 4000
stat.node.2.llc.avg_miss_lat = 3599.77
stat.node.2.llc.avg_cxl_lat = 3599.77
stat.node.2.llc.miss_lat_hist_bin_ns = 10
stat.node.2.llc.miss_lat_hist = [0,0,0,0,0,0,0,0,0,0,0,0,0,0,0,0,0,0,0,0,0,0,0,0,0,0,0,0,0,0,0,0,0,0,0,0,0,0,0,0,0,0,0,0,0,0,0,0,0,0,0,0,0,0,0,0,0,0,0,0,0,0,0,0,0,0,0,0,0,0,0,0,0,0,0,0,0,0,0,0,0,0,0,0,0,0,0,0,0,0,1,0,0,0,2,1,0,2,3,1,1,8,4,7,6,3,15,8,9,8,7,18,11,23,14,27,27,25,29,34,49,40,33,19,39,42,45,58,59,53,64,66,56,58,66,67,62,76,65,65,65,78,63,70,89,68,78,92,56,74,78,76,68,54,76,64,58,60,62,64,67,57,53,61,56,52,44,39,45,49,34,53,45,45,20,34,28,28,25,26,23,24,22,18,18,26,16,8,15,12,16,10,13,15,3,13,9,4,6,11,4,7,6,3,3,3,2,4,4,4,3,4,3,4,4,2,0,5,3,2,2,1,1,2,0,2,2,1,0,0,1,0,0,2,1,0,1,0,0,0,0,0,0,0,0,0,0,0,1,0,1]
stat.node.2.util.dram_avg = 1.23833e-06
stat.node.2.walltime_s = 7099.69
stat.node.2.active_time_s = 315.223
stat.node.0.cpu.0.load_issue_to_complete_count = 3999
stat.node.0.cpu.0.avg_load_issue_to_complete_lat = 3710.24
stat.node.0.injector.phase_cycles = 14844594
stat.node.0.injector.request_bytes = 5149152
stat.node.0.injector.response_bytes = 6504064
stat.node.0.injector.aggregate_bytes = 11653216
stat.node.0.injector.request_gbps = 6.65991
stat.node.0.injector.response_gbps = 8.41236
stat.node.0.injector.aggregate_gbps = 15.0723
stat.node.0.llc.cxl_miss = 4000
stat.node.0.llc.total_miss = 4000
stat.node.0.llc.avg_miss_lat = 3592.33
stat.node.0.llc.avg_cxl_lat = 3592.33
stat.node.0.llc.miss_lat_hist_bin_ns = 10
stat.node.0.llc.miss_lat_hist = [0,0,0,0,0,0,0,0,0,0,0,0,0,0,0,0,0,0,0,0,0,0,0,0,0,0,0,0,0,0,0,0,0,0,0,0,0,0,0,0,0,0,0,0,0,0,0,0,0,0,0,0,0,0,0,0,0,0,0,0,0,0,0,0,0,0,0,0,0,0,0,0,0,0,0,0,0,0,0,0,0,0,0,0,0,0,1,0,0,1,0,3,0,0,2,1,2,4,4,3,0,2,5,4,5,3,6,10,12,18,10,14,21,19,24,27,22,28,31,27,36,33,50,44,50,38,41,61,52,49,64,56,50,70,54,69,59,62,63,86,76,55,86,63,84,67,71,70,76,69,85,79,78,73,83,57,47,61,47,49,60,70,59,45,45,51,55,41,41,43,45,37,24,41,36,32,33,26,27,26,29,29,21,19,26,23,15,18,17,16,18,12,11,13,12,8,13,9,10,5,5,1,7,6,9,3,3,1,3,1,1,1,0,1,2,3,1,3,2,2,1,0,2,1,1,0,1,0,0,0,0,0,0,0,1,0,1,0,0,0,0,0,1,0,1,0,0,1,0,0,0,0,0,0,0,0,0,0,0,0,0,0,0,0,0,0,0,0,0,0,0,0,0,0,0,0,0,0,1]
stat.node.0.util.dram_avg = 1.23768e-06
stat.node.0.walltime_s = 7104.94
stat.node.0.active_time_s = 337.835
stat.node.3.cpu.0.load_issue_to_complete_count = 3999
stat.node.3.cpu.0.avg_load_issue_to_complete_lat = 3714.98
stat.node.3.injector.phase_cycles = 14864175
stat.node.3.injector.request_bytes = 5146112
stat.node.3.injector.response_bytes = 6500224
stat.node.3.injector.aggregate_bytes = 11646336
stat.node.3.injector.request_gbps = 6.64721
stat.node.3.injector.response_gbps = 8.39632
stat.node.3.injector.aggregate_gbps = 15.0435
stat.node.3.llc.cxl_miss = 4000
stat.node.3.llc.total_miss = 4000
stat.node.3.llc.avg_miss_lat = 3597.52
stat.node.3.llc.avg_cxl_lat = 3597.52
stat.node.3.llc.miss_lat_hist_bin_ns = 10
stat.node.3.llc.miss_lat_hist = [0,0,0,0,0,0,0,0,0,0,0,0,0,0,0,0,0,0,0,0,0,0,0,0,0,0,0,0,0,0,0,0,0,0,0,0,0,0,0,0,0,0,0,0,0,0,0,0,0,0,0,0,0,0,0,0,0,0,0,0,0,0,0,0,0,0,0,0,0,0,0,0,0,0,0,0,0,0,0,0,0,0,0,0,0,0,0,0,0,0,1,0,1,2,0,1,0,0,2,3,4,3,6,5,6,4,17,6,11,8,18,14,15,17,20,26,17,26,21,37,38,35,46,32,41,54,52,51,60,43,56,58,65,59,65,70,69,71,58,68,64,69,81,57,84,75,74,82,78,81,78,72,78,53,74,68,65,72,56,57,54,45,70,56,50,51,42,40,52,42,31,40,32,27,32,33,34,23,24,25,30,23,19,24,19,18,15,30,14,16,12,17,13,7,12,7,10,3,11,8,10,5,5,3,7,4,4,12,4,2,4,3,2,3,1,1,1,2,2,2,1,0,1,0,1,0,2,1,0,0,1,0,0,1,0,0,0,1,0,0,0,0,0,0,0,0,0,0,0,0,0,0,0,0,0,0,0,1,0,0,1,0,0,0,0,0,0,0,0,0,0,0,0,0,0,0,0,0,0,0,0,0,0,0,0,0,0,0,0,0,0,0,0,0,1]
stat.node.3.util.dram_avg = 1.23628e-06
stat.node.3.walltime_s = 7120.52
stat.node.3.active_time_s = 342.338
stat.node.4.cpu.0.load_issue_to_complete_count = 3999
stat.node.4.cpu.0.avg_load_issue_to_complete_lat = 3709.6
stat.node.4.injector.phase_cycles = 14842054
stat.node.4.injector.request_bytes = 5144208
stat.node.4.injector.response_bytes = 6497728
stat.node.4.injector.aggregate_bytes = 11641936
stat.node.4.injector.request_gbps = 6.65466
stat.node.4.injector.response_gbps = 8.4056
stat.node.4.injector.aggregate_gbps = 15.0603
stat.node.4.llc.cxl_miss = 4000
stat.node.4.llc.total_miss = 4000
stat.node.4.llc.avg_miss_lat = 3591.6
stat.node.4.llc.avg_cxl_lat = 3591.6
stat.node.4.llc.miss_lat_hist_bin_ns = 10
stat.node.4.llc.miss_lat_hist = [0,0,0,0,0,0,0,0,0,0,0,0,0,0,0,0,0,0,0,0,0,0,0,0,0,0,0,0,0,0,0,0,0,0,0,0,0,0,0,0,0,0,0,0,0,0,0,0,0,0,0,0,0,0,0,0,0,0,0,0,0,0,0,0,0,0,0,0,0,0,0,0,0,0,0,0,0,0,0,0,0,0,0,0,0,0,0,0,0,0,0,2,2,1,3,3,2,0,2,2,3,4,7,7,2,6,8,5,15,9,20,13,21,13,24,25,27,31,21,23,40,32,32,47,46,38,66,35,45,67,56,43,59,54,71,91,61,74,60,60,68,81,85,90,71,92,62,77,77,75,80,82,60,64,62,76,71,67,60,52,50,56,50,61,50,36,55,37,44,42,38,38,34,30,30,32,27,23,37,20,16,23,22,21,27,15,15,19,15,10,9,13,12,8,17,8,10,9,6,6,9,3,5,7,7,10,7,4,6,0,2,3,3,3,1,2,6,1,0,1,2,2,2,2,0,2,1,0,0,0,0,0,0,1,1,1,0,0,0,0,1,1,1,1,0,1]
stat.node.4.util.dram_avg = 1.23596e-06
stat.node.4.walltime_s = 7124.69
stat.node.4.active_time_s = 348.034
stat.pool.101.util.mem_avg = 0.259475
stat.pool.101.util.req_link_avg = 0.999971
stat.pool.101.walltime_s = 7124.7
stat.pool.101.active_time_s = 11.1143
stat.pool.100.util.mem_avg = 0.259474
stat.pool.100.util.req_link_avg = 0.99997
stat.pool.100.walltime_s = 7124.7
stat.pool.100.active_time_s = 11.3839
stat.switch.replicated_messages = 1415444
stat.switch.util.node_ingress_avg = 0.136111
stat.switch.util.pool_ingress_avg = 0.71057
stat.switch.bw.host_to_switch_gbps = 6.69018
stat.switch.bw.switch_to_host_gbps = 8.73149
stat.switch.bw.host_link_total_gbps = 15.4217
stat.switch.walltime_s = 7124.7
stat.switch.active_time_s = 47.9263
Simulation is complete, simulated time: 8.09732 ms
