stat.node.7.cpu.0.load_issue_to_complete_count = 299
stat.node.7.cpu.0.avg_load_issue_to_complete_lat = 995.207
stat.node.7.injector.phase_cycles = 298804
stat.node.7.injector.request_bytes = 86432
stat.node.7.injector.response_bytes = 9472
stat.node.7.injector.aggregate_bytes = 95904
stat.node.7.injector.request_gbps = 5.55379
stat.node.7.injector.response_gbps = 0.608634
stat.node.7.injector.aggregate_gbps = 6.16242
stat.node.7.llc.cxl_miss = 300
stat.node.7.llc.total_miss = 300
stat.node.7.llc.avg_miss_lat = 679.613
stat.node.7.llc.avg_cxl_lat = 679.613
stat.node.7.llc.miss_lat_hist_bin_ns = 10
stat.node.7.llc.miss_lat_hist = [0,0,0,0,0,0,0,0,0,0,0,0,0,0,0,0,0,0,0,0,0,0,0,0,0,0,105,76,54,11,1,0,9,43,1]
stat.node.7.util.dram_avg = 3.4035e-05
stat.node.7.walltime_s = 516.231
stat.node.7.active_time_s = 18.9798
stat.node.5.cpu.0.load_issue_to_complete_count = 299
stat.node.5.cpu.0.avg_load_issue_to_complete_lat = 1000.46
stat.node.5.injector.phase_cycles = 300356
stat.node.5.injector.request_bytes = 86888
stat.node.5.injector.response_bytes = 9536
stat.node.5.injector.aggregate_bytes = 96424
stat.node.5.injector.request_gbps = 5.55424
stat.node.5.injector.response_gbps = 0.609581
stat.node.5.injector.aggregate_gbps = 6.16382
stat.node.5.llc.cxl_miss = 300
stat.node.5.llc.total_miss = 300
stat.node.5.llc.avg_miss_lat = 684.097
stat.node.5.llc.avg_cxl_lat = 684.097
stat.node.5.llc.miss_lat_hist_bin_ns = 10
stat.node.5.llc.miss_lat_hist = [0,0,0,0,0,0,0,0,0,0,0,0,0,0,0,0,0,0,0,0,0,0,0,0,0,0,92,73,37,27,13,4,43,10,1]
stat.node.5.util.dram_avg = 3.3991e-05
stat.node.5.walltime_s = 516.285
stat.node.5.active_time_s = 18.2596
stat.node.4.cpu.0.load_issue_to_complete_count = 299
stat.node.4.cpu.0.avg_load_issue_to_complete_lat = 994.645
stat.node.4.injector.phase_cycles = 298779
stat.node.4.injector.request_bytes = 86432
stat.node.4.injector.response_bytes = 9472
stat.node.4.injector.aggregate_bytes = 95904
stat.node.4.injector.request_gbps = 5.55425
stat.node.4.injector.response_gbps = 0.608685
stat.node.4.injector.aggregate_gbps = 6.16294
stat.node.4.llc.cxl_miss = 300
stat.node.4.llc.total_miss = 300
stat.node.4.llc.avg_miss_lat = 675.91
stat.node.4.llc.avg_cxl_lat = 675.91
stat.node.4.llc.miss_lat_hist_bin_ns = 10
stat.node.4.llc.miss_lat_hist = [0,0,0,0,0,0,0,0,0,0,0,0,0,0,0,0,0,0,0,0,0,0,0,0,0,0,120,87,37,9,0,0,5,17,25]
stat.node.4.util.dram_avg = 3.39245e-05
stat.node.4.walltime_s = 516.772
stat.node.4.active_time_s = 9.64788
stat.node.2.cpu.0.load_issue_to_complete_count = 299
stat.node.2.cpu.0.avg_load_issue_to_complete_lat = 1001.96
stat.node.2.injector.phase_cycles = 300798
stat.node.2.injector.request_bytes = 87016
stat.node.2.injector.response_bytes = 9536
stat.node.2.injector.aggregate_bytes = 96552
stat.node.2.injector.request_gbps = 5.55425
stat.node.2.injector.response_gbps = 0.608685
stat.node.2.injector.aggregate_gbps = 6.16293
stat.node.2.llc.cxl_miss = 300
stat.node.2.llc.total_miss = 300
stat.node.2.llc.avg_miss_lat = 685.957
stat.node.2.llc.avg_cxl_lat = 685.957
stat.node.2.llc.miss_lat_hist_bin_ns = 10
stat.node.2.llc.miss_lat_hist = [0,0,0,0,0,0,0,0,0,0,0,0,0,0,0,0,0,0,0,0,0,0,0,0,0,0,113,78,39,7,0,0,1,18,44]
stat.node.2.util.dram_avg = 3.38518e-05
stat.node.2.walltime_s = 518.493
stat.node.2.active_time_s = 11.9657
stat.node.0.cpu.0.load_issue_to_complete_count = 299
stat.node.0.cpu.0.avg_load_issue_to_complete_lat = 1001.75
stat.node.0.injector.phase_cycles = 300820
stat.node.0.injector.request_bytes = 87080
stat.node.0.injector.response_bytes = 9536
stat.node.0.injector.aggregate_bytes = 96616
stat.node.0.injector.request_gbps = 5.55793
stat.node.0.injector.response_gbps = 0.60864
stat.node.0.injector.aggregate_gbps = 6.16657
stat.node.0.llc.cxl_miss = 300
stat.node.0.llc.total_miss = 300
stat.node.0.llc.avg_miss_lat = 687.717
stat.node.0.llc.avg_cxl_lat = 687.717
stat.node.0.llc.miss_lat_hist_bin_ns = 10
stat.node.0.llc.miss_lat_hist = [0,0,0,0,0,0,0,0,0,0,0,0,0,0,0,0,0,0,0,0,0,0,0,0,0,0,90,57,33,7,52,55,3,1,2]
stat.node.0.util.dram_avg = 3.37308e-05
stat.node.0.walltime_s = 521.824
stat.node.0.active_time_s = 10.0014
stat.node.1.cpu.0.load_issue_to_complete_count = 299
stat.node.1.cpu.0.avg_load_issue_to_complete_lat = 1010.97
stat.node.1.injector.phase_cycles = 303516
stat.node.1.injector.request_bytes = 87792
stat.node.1.injector.response_bytes = 9664
stat.node.1.injector.aggregate_bytes = 97456
stat.node.1.injector.request_gbps = 5.5536
stat.node.1.injector.response_gbps = 0.611331
stat.node.1.injector.aggregate_gbps = 6.16493
stat.node.1.llc.cxl_miss = 300
stat.node.1.llc.total_miss = 300
stat.node.1.llc.avg_miss_lat = 693.447
stat.node.1.llc.avg_cxl_lat = 693.447
stat.node.1.llc.miss_lat_hist_bin_ns = 10
stat.node.1.llc.miss_lat_hist = [0,0,0,0,0,0,0,0,0,0,0,0,0,0,0,0,0,0,0,0,0,0,0,0,0,0,66,68,83,4,4,16,24,28,7]
stat.node.1.util.dram_avg = 3.31683e-05
stat.node.1.walltime_s = 526.569
stat.node.1.active_time_s = 16.9587
stat.node.6.cpu.0.load_issue_to_complete_count = 299
stat.node.6.cpu.0.avg_load_issue_to_complete_lat = 1011.7
stat.node.6.injector.phase_cycles = 303702
stat.node.6.injector.request_bytes = 87864
stat.node.6.injector.response_bytes = 9600
stat.node.6.injector.aggregate_bytes = 97464
stat.node.6.injector.request_gbps = 5.55475
stat.node.6.injector.response_gbps = 0.606911
stat.node.6.injector.aggregate_gbps = 6.16166
stat.node.6.llc.cxl_miss = 300
stat.node.6.llc.total_miss = 300
stat.node.6.llc.avg_miss_lat = 690.243
stat.node.6.llc.avg_cxl_lat = 690.243
stat.node.6.llc.miss_lat_hist_bin_ns = 10
stat.node.6.llc.miss_lat_hist = [0,0,0,0,0,0,0,0,0,0,0,0,0,0,0,0,0,0,0,0,0,0,0,0,0,0,85,65,18,13,59,32,25,3]
stat.node.6.util.dram_avg = 3.29957e-05
stat.node.6.walltime_s = 530.101
stat.node.6.active_time_s = 11.5256
stat.node.3.cpu.0.load_issue_to_complete_count = 299
stat.node.3.cpu.0.avg_load_issue_to_complete_lat = 1014
stat.node.3.injector.phase_cycles = 304396
stat.node.3.injector.request_bytes = 88048
stat.node.3.injector.response_bytes = 9664
stat.node.3.injector.aggregate_bytes = 97712
stat.node.3.injector.request_gbps = 5.55369
stat.node.3.injector.response_gbps = 0.609564
stat.node.3.injector.aggregate_gbps = 6.16326
stat.node.3.llc.cxl_miss = 300
stat.node.3.llc.total_miss = 300
stat.node.3.llc.avg_miss_lat = 694.077
stat.node.3.llc.avg_cxl_lat = 694.077
stat.node.3.llc.miss_lat_hist_bin_ns = 10
stat.node.3.llc.miss_lat_hist = [0,0,0,0,0,0,0,0,0,0,0,0,0,0,0,0,0,0,0,0,0,0,0,0,0,0,88,53,23,52,11,11,39,23]
stat.node.3.util.dram_avg = 3.29444e-05
stat.node.3.walltime_s = 530.924
stat.node.3.active_time_s = 19.1416
stat.pool.101.util.mem_avg = 0.168952
stat.pool.101.util.req_link_avg = 0.911684
stat.pool.101.walltime_s = 531.072
stat.pool.101.active_time_s = 0.683082
stat.pool.100.util.mem_avg = 0.168955
stat.pool.100.util.req_link_avg = 0.911688
stat.pool.100.walltime_s = 531.072
stat.pool.100.active_time_s = 0.577711
stat.switch.replicated_messages = 51952
stat.switch.util.node_ingress_avg = 0.116576
stat.switch.util.pool_ingress_avg = 0.165069
stat.switch.bw.host_to_switch_gbps = 5.73057
stat.switch.bw.switch_to_host_gbps = 2.02832
stat.switch.bw.host_link_total_gbps = 7.75889
stat.switch.walltime_s = 531.072
stat.switch.active_time_s = 2.44094
Simulation is complete, simulated time: 303.784 us
