stat.node.1.cpu.0.retired = 159
stat.node.1.cpu.0.cycles = 1000000
stat.node.2.cpu.0.retired = 151
stat.node.2.cpu.0.cycles = 1000000
stat.node.3.cpu.0.retired = 148
stat.node.3.cpu.0.cycles = 1000000
stat.node.4.cpu.0.retired = 156
stat.node.4.cpu.0.cycles = 1000000
stat.node.5.cpu.0.retired = 165
stat.node.5.cpu.0.cycles = 1000000
stat.node.6.cpu.0.retired = 164
stat.node.6.cpu.0.cycles = 1000000
stat.node.7.cpu.0.retired = 159
stat.node.7.cpu.0.cycles = 1000000
stat.node.0.cpu.0.retired = 149
stat.node.0.cpu.0.cycles = 1000000
stat.node.7.cpu.0.retired = 331
stat.node.7.cpu.0.cycles = 2000000
stat.node.1.cpu.0.retired = 330
stat.node.1.cpu.0.cycles = 2000000
stat.node.2.cpu.0.retired = 319
stat.node.2.cpu.0.cycles = 2000000
stat.node.3.cpu.0.retired = 318
stat.node.3.cpu.0.cycles = 2000000
stat.node.4.cpu.0.retired = 328
stat.node.4.cpu.0.cycles = 2000000
stat.node.5.cpu.0.retired = 340
stat.node.5.cpu.0.cycles = 2000000
stat.node.6.cpu.0.retired = 338
stat.node.6.cpu.0.cycles = 2000000
stat.node.0.cpu.0.retired = 318
stat.node.0.cpu.0.cycles = 2000000
stat.node.4.cpu.0.retired = 529
stat.node.4.cpu.0.cycles = 3000000
stat.node.5.cpu.0.retired = 542
stat.node.5.cpu.0.cycles = 3000000
stat.node.0.cpu.0.retired = 519
stat.node.0.cpu.0.cycles = 3000000
stat.node.6.cpu.0.retired = 540
stat.node.6.cpu.0.cycles = 3000000
stat.node.7.cpu.0.retired = 533
stat.node.7.cpu.0.cycles = 3000000
stat.node.1.cpu.0.retired = 532
stat.node.1.cpu.0.cycles = 3000000
stat.node.2.cpu.0.retired = 518
stat.node.2.cpu.0.cycles = 3000000
stat.node.3.cpu.0.retired = 517
stat.node.3.cpu.0.cycles = 3000000
stat.node.5.cpu.0.retired = 759
stat.node.5.cpu.0.cycles = 4000000
stat.node.4.cpu.0.retired = 747
stat.node.4.cpu.0.cycles = 4000000
stat.node.3.cpu.0.retired = 736
stat.node.3.cpu.0.cycles = 4000000
stat.node.0.cpu.0.retired = 737
stat.node.0.cpu.0.cycles = 4000000
stat.node.6.cpu.0.retired = 758
stat.node.6.cpu.0.cycles = 4000000
stat.node.7.cpu.0.retired = 752
stat.node.7.cpu.0.cycles = 4000000
stat.node.1.cpu.0.retired = 751
stat.node.1.cpu.0.cycles = 4000000
stat.node.2.cpu.0.retired = 737
stat.node.2.cpu.0.cycles = 4000000
stat.node.0.cpu.0.retired = 964
stat.node.0.cpu.0.cycles = 5000000
stat.node.6.cpu.0.retired = 986
stat.node.6.cpu.0.cycles = 5000000
stat.node.7.cpu.0.retired = 982
stat.node.7.cpu.0.cycles = 5000000
stat.node.1.cpu.0.retired = 981
stat.node.1.cpu.0.cycles = 5000000
stat.node.4.cpu.0.retired = 975
stat.node.4.cpu.0.cycles = 5000000
stat.node.5.cpu.0.retired = 988
stat.node.5.cpu.0.cycles = 5000000
stat.node.2.cpu.0.retired = 964
stat.node.2.cpu.0.cycles = 5000000
stat.node.3.cpu.0.retired = 964
stat.node.3.cpu.0.cycles = 5000000
stat.node.0.cpu.0.retired = 1196
stat.node.0.cpu.0.cycles = 6000000
stat.node.6.cpu.0.retired = 1218
stat.node.6.cpu.0.cycles = 6000000
stat.node.7.cpu.0.retired = 1214
stat.node.7.cpu.0.cycles = 6000000
stat.node.1.cpu.0.retired = 1212
stat.node.4.cpu.0.retired = 1207
stat.node.4.cpu.0.cycles = 6000000
stat.node.3.cpu.0.retired = 1196
stat.node.3.cpu.0.cycles = 6000000
stat.node.2.cpu.0.retired = 1196
stat.node.2.cpu.0.cycles = 6000000
stat.node.5.cpu.0.retired = 1219
stat.node.5.cpu.0.cycles = 6000000
stat.node.1.cpu.0.cycles = 6000000
stat.node.2.cpu.0.retired = 1428
stat.node.2.cpu.0.cycles = 7000000
stat.node.4.cpu.0.retired = 1438
stat.node.4.cpu.0.cycles = 7000000
stat.node.0.cpu.0.retired = 1428
stat.node.6.cpu.0.retired = 1448
stat.node.6.cpu.0.cycles = 7000000
stat.node.7.cpu.0.retired = 1446
stat.node.7.cpu.0.cycles = 7000000
stat.node.5.cpu.0.retired = 1449
stat.node.5.cpu.0.cycles = 7000000
stat.node.1.cpu.0.retired = 1442
stat.node.1.cpu.0.cycles = 7000000
stat.node.3.cpu.0.retired = 1427
stat.node.3.cpu.0.cycles = 7000000
stat.node.0.cpu.0.cycles = 7000000
stat.node.5.cpu.0.retired = 1685
stat.node.5.cpu.0.cycles = 8000000
stat.node.2.cpu.0.retired = 1664
stat.node.2.cpu.0.cycles = 8000000
stat.node.4.cpu.0.retired = 1674
stat.node.4.cpu.0.cycles = 8000000
stat.node.3.cpu.0.retired = 1664
stat.node.3.cpu.0.cycles = 8000000
stat.node.6.cpu.0.retired = 1685
stat.node.6.cpu.0.cycles = 8000000
stat.node.7.cpu.0.retired = 1682
stat.node.7.cpu.0.cycles = 8000000
stat.node.0.cpu.0.retired = 1666
stat.node.0.cpu.0.cycles = 8000000
stat.node.1.cpu.0.retired = 1679
stat.node.1.cpu.0.cycles = 8000000
stat.node.2.cpu.0.retired = 1899
stat.node.2.cpu.0.cycles = 9000000
stat.node.4.cpu.0.retired = 1908
stat.node.4.cpu.0.cycles = 9000000
stat.node.3.cpu.0.retired = 1900
stat.node.3.cpu.0.cycles = 9000000
stat.node.6.cpu.0.retired = 1921
stat.node.6.cpu.0.cycles = 9000000
stat.node.1.cpu.0.retired = 1913
stat.node.1.cpu.0.cycles = 9000000
stat.node.0.cpu.0.retired = 1900
stat.node.0.cpu.0.cycles = 9000000
stat.node.7.cpu.0.retired = 1918
stat.node.7.cpu.0.cycles = 9000000
stat.node.5.cpu.0.retired = 1919
stat.node.5.cpu.0.cycles = 9000000
stat.node.6.cpu.0.load_issue_to_complete_count = 1499
stat.node.6.cpu.0.avg_load_issue_to_complete_lat = 4343.83
stat.node.6.injector.phase_cycles = 6520932
stat.node.6.injector.request_bytes = 2083264
stat.node.6.injector.response_bytes = 0
stat.node.6.injector.aggregate_bytes = 2083264
stat.node.6.injector.request_gbps = 6.13389
stat.node.6.injector.response_gbps = 0
stat.node.6.injector.aggregate_gbps = 6.13389
stat.node.6.llc.cxl_miss = 1500
stat.node.6.llc.total_miss = 1500
stat.node.6.llc.avg_miss_lat = 3973.54
stat.node.6.llc.avg_cxl_lat = 3973.54
stat.node.6.llc.miss_lat_hist_bin_ns = 10
stat.node.6.llc.miss_lat_hist = [0,0,0,0,0,0,0,0,0,0,0,0,0,0,0,0,0,0,0,0,0,0,0,0,0,0,0,0,0,0,0,0,0,0,0,0,0,0,0,0,0,0,0,0,0,0,0,0,0,0,0,0,0,0,0,0,0,0,0,0,0,0,0,0,0,0,0,0,0,0,0,0,0,0,0,0,0,0,0,0,0,0,0,0,0,0,0,0,0,0,0,0,0,0,0,0,0,0,0,0,0,0,0,0,0,0,0,0,0,0,0,0,0,0,0,0,0,0,0,0,0,0,0,0,0,0,0,0,0,0,0,0,0,0,0,1,0,0,1,1,1,2,2,2,4,0,5,6,4,12,6,7,9,6,18,27,18,45,57,36,92,91,67,132,88,101,99,58,104,57,42,65,30,15,32,17,29,31,9,8,9,5,9,2,5,6,1,8,6,1,4,1,2,1,0,1,1,1]
stat.node.6.util.dram_avg = 2.57066e-06
stat.node.6.walltime_s = 3941.83
stat.node.6.active_time_s = 171.41
stat.node.5.cpu.0.load_issue_to_complete_count = 1499
stat.node.5.cpu.0.avg_load_issue_to_complete_lat = 4353.72
stat.node.5.injector.phase_cycles = 6536278
stat.node.5.injector.request_bytes = 2075328
stat.node.5.injector.response_bytes = 0
stat.node.5.injector.aggregate_bytes = 2075328
stat.node.5.injector.request_gbps = 6.09618
stat.node.5.injector.response_gbps = 0
stat.node.5.injector.aggregate_gbps = 6.09618
stat.node.5.llc.cxl_miss = 1500
stat.node.5.llc.total_miss = 1500
stat.node.5.llc.avg_miss_lat = 3985.77
stat.node.5.llc.avg_cxl_lat = 3985.77
stat.node.5.llc.miss_lat_hist_bin_ns = 10
stat.node.5.llc.miss_lat_hist = [0,0,0,0,0,0,0,0,0,0,0,0,0,0,0,0,0,0,0,0,0,0,0,0,0,0,0,0,0,0,0,0,0,0,0,0,0,0,0,0,0,0,0,0,0,0,0,0,0,0,0,0,0,0,0,0,0,0,0,0,0,0,0,0,0,0,0,0,0,0,0,0,0,0,0,0,0,0,0,0,0,0,0,0,0,0,0,0,0,0,0,0,0,0,0,0,0,0,0,0,0,0,0,0,0,0,0,0,0,0,0,0,0,0,0,0,0,0,0,0,0,0,0,0,0,0,0,0,0,0,0,0,0,0,0,1,0,1,1,1,2,2,2,1,1,1,3,7,3,7,7,11,17,6,21,39,24,30,49,39,72,62,80,154,70,87,66,73,111,63,30,69,44,26,30,10,38,40,4,18,13,3,8,2,12,18,0,4,4,0,1,0,1,2,0,0,3,2,0,1,0,0,1,0,0,0,0,0,0,1,0,0,0,1]
stat.node.5.util.dram_avg = 2.56948e-06
stat.node.5.walltime_s = 3942.24
stat.node.5.active_time_s = 179.96
stat.node.7.cpu.0.load_issue_to_complete_count = 1499
stat.node.7.cpu.0.avg_load_issue_to_complete_lat = 4333.43
stat.node.7.injector.phase_cycles = 6505859
stat.node.7.injector.request_bytes = 2086464
stat.node.7.injector.response_bytes = 0
stat.node.7.injector.aggregate_bytes = 2086464
stat.node.7.injector.request_gbps = 6.15754
stat.node.7.injector.response_gbps = 0
stat.node.7.injector.aggregate_gbps = 6.15754
stat.node.7.llc.cxl_miss = 1500
stat.node.7.llc.total_miss = 1500
stat.node.7.llc.avg_miss_lat = 3967.62
stat.node.7.llc.avg_cxl_lat = 3967.62
stat.node.7.llc.miss_lat_hist_bin_ns = 10
stat.node.7.llc.miss_lat_hist = [0,0,0,0,0,0,0,0,0,0,0,0,0,0,0,0,0,0,0,0,0,0,0,0,0,0,0,0,0,0,0,0,0,0,0,0,0,0,0,0,0,0,0,0,0,0,0,0,0,0,0,0,0,0,0,0,0,0,0,0,0,0,0,0,0,0,0,0,0,0,0,0,0,0,0,0,0,0,0,0,0,0,0,0,0,0,0,0,0,0,0,0,0,0,0,0,0,0,0,0,0,0,0,0,0,0,0,0,0,0,0,0,0,0,0,0,0,0,0,0,0,0,0,0,0,0,0,0,0,0,0,0,1,1,0,0,1,2,1,1,0,4,3,3,3,1,11,8,3,3,4,6,13,8,13,33,16,50,51,63,116,71,78,116,83,84,70,62,111,48,40,85,31,20,33,14,30,35,1,14,6,2,4,2,8,7,2,5,9,0,3,0,3,0,1,1,1,0,0,0,0,1]
stat.node.7.util.dram_avg = 2.56747e-06
stat.node.7.walltime_s = 3943.22
stat.node.7.active_time_s = 180.695
stat.node.1.cpu.0.load_issue_to_complete_count = 1499
stat.node.1.cpu.0.avg_load_issue_to_complete_lat = 4344.9
stat.node.1.injector.phase_cycles = 6522872
stat.node.1.injector.request_bytes = 2076288
stat.node.1.injector.response_bytes = 0
stat.node.1.injector.aggregate_bytes = 2076288
stat.node.1.injector.request_gbps = 6.11153
stat.node.1.injector.response_gbps = 0
stat.node.1.injector.aggregate_gbps = 6.11153
stat.node.1.llc.cxl_miss = 1500
stat.node.1.llc.total_miss = 1500
stat.node.1.llc.avg_miss_lat = 3976.47
stat.node.1.llc.avg_cxl_lat = 3976.47
stat.node.1.llc.miss_lat_hist_bin_ns = 10
stat.node.1.llc.miss_lat_hist = [0,0,0,0,0,0,0,0,0,0,0,0,0,0,0,0,0,0,0,0,0,0,0,0,0,0,0,0,0,0,0,0,0,0,0,0,0,0,0,0,0,0,0,0,0,0,0,0,0,0,0,0,0,0,0,0,0,0,0,0,0,0,0,0,0,0,0,0,0,0,0,0,0,0,0,0,0,0,0,0,0,0,0,0,0,0,0,0,0,0,0,0,0,0,0,0,0,0,0,0,0,0,0,0,0,0,0,0,0,0,0,0,0,0,0,0,0,0,0,0,0,0,0,0,0,0,0,0,0,0,0,1,0,0,0,0,1,0,2,0,1,2,1,2,2,6,3,7,3,5,6,10,18,9,15,23,23,36,46,47,90,68,87,130,80,101,87,68,111,46,31,71,49,27,23,7,25,36,11,15,18,9,4,1,11,11,1,4,0,1,4,1,0,0,0,1,1,1]
stat.node.1.util.dram_avg = 2.56105e-06
stat.node.1.walltime_s = 3944.43
stat.node.1.active_time_s = 158.804
stat.node.4.cpu.0.load_issue_to_complete_count = 1499
stat.node.4.cpu.0.avg_load_issue_to_complete_lat = 4347.77
stat.node.4.injector.phase_cycles = 6527200
stat.node.4.injector.request_bytes = 2073472
stat.node.4.injector.response_bytes = 0
stat.node.4.injector.aggregate_bytes = 2073472
stat.node.4.injector.request_gbps = 6.09919
stat.node.4.injector.response_gbps = 0
stat.node.4.injector.aggregate_gbps = 6.09919
stat.node.4.llc.cxl_miss = 1500
stat.node.4.llc.total_miss = 1500
stat.node.4.llc.avg_miss_lat = 3985.6
stat.node.4.llc.avg_cxl_lat = 3985.6
stat.node.4.llc.miss_lat_hist_bin_ns = 10
stat.node.4.llc.miss_lat_hist = [0,0,0,0,0,0,0,0,0,0,0,0,0,0,0,0,0,0,0,0,0,0,0,0,0,0,0,0,0,0,0,0,0,0,0,0,0,0,0,0,0,0,0,0,0,0,0,0,0,0,0,0,0,0,0,0,0,0,0,0,0,0,0,0,0,0,0,0,0,0,0,0,0,0,0,0,0,0,0,0,0,0,0,0,0,0,0,0,0,0,0,0,0,0,0,0,0,0,0,0,0,0,0,0,0,0,0,0,0,0,0,0,0,0,0,0,0,0,0,0,0,0,0,0,0,0,0,0,0,0,0,0,0,0,0,2,0,1,2,1,2,1,0,1,2,4,7,8,2,6,7,7,18,2,13,45,14,38,45,42,87,78,78,147,73,78,96,73,81,48,34,63,52,21,28,12,33,32,9,11,17,7,8,4,8,10,3,6,10,1,6,0,4,5,0,0,4,1,0,1,0,0,0,0,0,1]
stat.node.4.util.dram_avg = 2.55622e-06
stat.node.4.walltime_s = 3945.51
stat.node.4.active_time_s = 166.249
stat.node.0.cpu.0.load_issue_to_complete_count = 1499
stat.node.0.cpu.0.avg_load_issue_to_complete_lat = 4337.21
stat.node.0.injector.phase_cycles = 6511482
stat.node.0.injector.request_bytes = 2084288
stat.node.0.injector.response_bytes = 0
stat.node.0.injector.aggregate_bytes = 2084288
stat.node.0.injector.request_gbps = 6.14581
stat.node.0.injector.response_gbps = 0
stat.node.0.injector.aggregate_gbps = 6.14581
stat.node.0.llc.cxl_miss = 1500
stat.node.0.llc.total_miss = 1500
stat.node.0.llc.avg_miss_lat = 3970.9
stat.node.0.llc.avg_cxl_lat = 3970.9
stat.node.0.llc.miss_lat_hist_bin_ns = 10
stat.node.0.llc.miss_lat_hist = [0,0,0,0,0,0,0,0,0,0,0,0,0,0,0,0,0,0,0,0,0,0,0,0,0,0,0,0,0,0,0,0,0,0,0,0,0,0,0,0,0,0,0,0,0,0,0,0,0,0,0,0,0,0,0,0,0,0,0,0,0,0,0,0,0,0,0,0,0,0,0,0,0,0,0,0,0,0,0,0,0,0,0,0,0,0,0,0,0,0,0,0,0,0,0,0,0,0,0,0,0,0,0,0,0,0,0,0,0,0,0,0,0,0,0,0,0,0,0,0,0,0,0,0,0,0,0,0,0,0,1,0,0,0,0,0,1,2,0,2,0,2,3,5,2,1,6,5,5,6,5,6,14,4,10,34,13,36,56,58,99,75,92,139,85,86,83,89,109,40,38,55,35,21,23,8,35,31,3,13,9,1,7,1,14,11,2,4,3,0,0,0,3,2,1,2,3,0,0,0,0,1]
stat.node.0.util.dram_avg = 2.54801e-06
stat.node.0.walltime_s = 3948.66
stat.node.0.active_time_s = 145.361
stat.node.3.cpu.0.load_issue_to_complete_count = 1499
stat.node.3.cpu.0.avg_load_issue_to_complete_lat = 4334.33
stat.node.3.injector.phase_cycles = 6507469
stat.node.3.injector.request_bytes = 2076736
stat.node.3.injector.response_bytes = 0
stat.node.3.injector.aggregate_bytes = 2076736
stat.node.3.injector.request_gbps = 6.12732
stat.node.3.injector.response_gbps = 0
stat.node.3.injector.aggregate_gbps = 6.12732
stat.node.3.llc.cxl_miss = 1500
stat.node.3.llc.total_miss = 1500
stat.node.3.llc.avg_miss_lat = 3965.55
stat.node.3.llc.avg_cxl_lat = 3965.55
stat.node.3.llc.miss_lat_hist_bin_ns = 10
stat.node.3.llc.miss_lat_hist = [0,0,0,0,0,0,0,0,0,0,0,0,0,0,0,0,0,0,0,0,0,0,0,0,0,0,0,0,0,0,0,0,0,0,0,0,0,0,0,0,0,0,0,0,0,0,0,0,0,0,0,0,0,0,0,0,0,0,0,0,0,0,0,0,0,0,0,0,0,0,0,0,0,0,0,0,0,0,0,0,0,0,0,0,0,0,0,0,0,0,0,0,0,0,0,0,0,0,0,0,0,0,0,0,0,0,0,0,0,0,0,0,0,0,0,0,0,0,0,0,0,0,0,0,0,0,0,0,0,0,0,0,0,0,2,0,0,0,1,0,2,3,1,2,1,5,8,2,3,8,9,8,16,12,18,44,23,35,54,42,101,87,91,112,77,92,66,70,102,55,47,68,40,18,29,8,31,38,5,8,9,4,5,2,11,7,3,1,7,0,0,0,1,1,0,0,3,0,0,0,2]
stat.node.3.util.dram_avg = 2.54693e-06
stat.node.3.walltime_s = 3949.13
stat.node.3.active_time_s = 197.745
stat.node.2.cpu.0.load_issue_to_complete_count = 1499
stat.node.2.cpu.0.avg_load_issue_to_complete_lat = 4341.39
stat.node.2.injector.phase_cycles = 6517772
stat.node.2.injector.request_bytes = 2083712
stat.node.2.injector.response_bytes = 0
stat.node.2.injector.aggregate_bytes = 2083712
stat.node.2.injector.request_gbps = 6.13818
stat.node.2.injector.response_gbps = 0
stat.node.2.injector.aggregate_gbps = 6.13818
stat.node.2.llc.cxl_miss = 1500
stat.node.2.llc.total_miss = 1500
stat.node.2.llc.avg_miss_lat = 3973.88
stat.node.2.llc.avg_cxl_lat = 3973.88
stat.node.2.llc.miss_lat_hist_bin_ns = 10
stat.node.2.llc.miss_lat_hist = [0,0,0,0,0,0,0,0,0,0,0,0,0,0,0,0,0,0,0,0,0,0,0,0,0,0,0,0,0,0,0,0,0,0,0,0,0,0,0,0,0,0,0,0,0,0,0,0,0,0,0,0,0,0,0,0,0,0,0,0,0,0,0,0,0,0,0,0,0,0,0,0,0,0,0,0,0,0,0,0,0,0,0,0,0,0,0,0,0,0,0,0,0,0,0,0,0,0,0,0,0,0,0,0,0,0,0,0,0,0,0,0,0,0,0,0,0,0,0,0,0,0,0,0,0,0,0,0,0,0,0,0,0,1,1,0,1,1,1,0,3,2,0,6,2,0,8,6,5,10,2,11,13,11,17,42,22,42,51,46,100,77,72,109,74,87,84,74,106,48,41,68,22,21,27,10,37,44,13,14,8,6,9,0,11,9,0,3,6,1,2,1,3,2,0,2,2,2,1]
stat.node.2.util.dram_avg = 2.546e-06
stat.node.2.walltime_s = 3949.36
stat.node.2.active_time_s = 168.333
stat.pool.101.util.mem_avg = 0.163361
stat.pool.101.util.req_link_avg = 0.999949
stat.pool.101.walltime_s = 3949.37
stat.pool.101.active_time_s = 4.95107
stat.pool.100.util.mem_avg = 0.163361
stat.pool.100.util.req_link_avg = 0.999949
stat.pool.100.walltime_s = 3949.37
stat.pool.100.active_time_s = 5.67073
stat.switch.replicated_messages = 751846
stat.switch.util.node_ingress_avg = 0.125396
stat.switch.util.pool_ingress_avg = 0.0240823
stat.switch.bw.host_to_switch_gbps = 6.16355
stat.switch.bw.switch_to_host_gbps = 0.295923
stat.switch.bw.host_link_total_gbps = 6.45948
stat.switch.walltime_s = 3949.37
stat.switch.active_time_s = 24.7316
Simulation is complete, simulated time: 3.93087 ms
