stat.node.3.cpu.0.retired = 739
stat.node.3.cpu.0.cycles = 1000000
stat.node.4.cpu.0.retired = 747
stat.node.4.cpu.0.cycles = 1000000
stat.node.5.cpu.0.retired = 743
stat.node.5.cpu.0.cycles = 1000000
stat.node.6.cpu.0.retired = 742
stat.node.6.cpu.0.cycles = 1000000
stat.node.7.cpu.0.retired = 742
stat.node.7.cpu.0.cycles = 1000000
stat.node.0.cpu.0.retired = 741
stat.node.0.cpu.0.cycles = 1000000
stat.node.1.cpu.0.retired = 741
stat.node.1.cpu.0.cycles = 1000000
stat.node.2.cpu.0.retired = 743
stat.node.2.cpu.0.cycles = 1000000
stat.node.2.cpu.0.retired = 1718
stat.node.2.cpu.0.cycles = 2000000
stat.node.7.cpu.0.retired = 1716
stat.node.7.cpu.0.cycles = 2000000
stat.node.0.cpu.0.retired = 1714
stat.node.0.cpu.0.cycles = 2000000
stat.node.1.cpu.0.retired = 1716
stat.node.1.cpu.0.cycles = 2000000
stat.node.3.cpu.0.retired = 1707
stat.node.3.cpu.0.cycles = 2000000
stat.node.4.cpu.0.retired = 1723
stat.node.4.cpu.0.cycles = 2000000
stat.node.5.cpu.0.retired = 1719
stat.node.5.cpu.0.cycles = 2000000
stat.node.6.cpu.0.retired = 1717
stat.node.6.cpu.0.cycles = 2000000
stat.node.5.cpu.0.retired = 2709
stat.node.5.cpu.0.cycles = 3000000
stat.node.6.cpu.0.retired = 2708
stat.node.6.cpu.0.cycles = 3000000
stat.node.2.cpu.0.retired = 2709
stat.node.2.cpu.0.cycles = 3000000
stat.node.7.cpu.0.retired = 2705
stat.node.7.cpu.0.cycles = 3000000
stat.node.0.cpu.0.retired = 2701
stat.node.1.cpu.0.retired = 2703
stat.node.1.cpu.0.cycles = 3000000
stat.node.3.cpu.0.retired = 2693
stat.node.3.cpu.0.cycles = 3000000
stat.node.4.cpu.0.retired = 2714
stat.node.4.cpu.0.cycles = 3000000
stat.node.0.cpu.0.cycles = 3000000
stat.node.4.cpu.0.retired = 3712
stat.node.4.cpu.0.cycles = 4000000
stat.node.1.cpu.0.retired = 3695
stat.node.1.cpu.0.cycles = 4000000
stat.node.3.cpu.0.retired = 3684
stat.node.3.cpu.0.cycles = 4000000
stat.node.5.cpu.0.retired = 3706
stat.node.5.cpu.0.cycles = 4000000
stat.node.0.cpu.0.retired = 3695
stat.node.0.cpu.0.cycles = 4000000
stat.node.6.cpu.0.retired = 3703
stat.node.6.cpu.0.cycles = 4000000
stat.node.2.cpu.0.retired = 3705
stat.node.2.cpu.0.cycles = 4000000
stat.node.7.cpu.0.retired = 3703
stat.node.7.cpu.0.cycles = 4000000
stat.node.4.cpu.0.retired = 4709
stat.node.4.cpu.0.cycles = 5000000
stat.node.1.cpu.0.retired = 4689
stat.node.1.cpu.0.cycles = 5000000
stat.node.3.cpu.0.retired = 4677
stat.node.3.cpu.0.cycles = 5000000
stat.node.7.cpu.0.retired = 4697
stat.node.7.cpu.0.cycles = 5000000
stat.node.0.cpu.0.retired = 4688
stat.node.0.cpu.0.cycles = 5000000
stat.node.6.cpu.0.retired = 4699
stat.node.6.cpu.0.cycles = 5000000
stat.node.2.cpu.0.retired = 4698
stat.node.2.cpu.0.cycles = 5000000
stat.node.5.cpu.0.retired = 4700
stat.node.5.cpu.0.cycles = 5000000
stat.node.4.cpu.0.load_issue_to_complete_count = 3999
stat.node.4.cpu.0.avg_load_issue_to_complete_lat = 1006.76
stat.node.4.injector.phase_cycles = 4031067
stat.node.4.injector.request_bytes = 1253472
stat.node.4.injector.response_bytes = 303872
stat.node.4.injector.aggregate_bytes = 1557344
stat.node.4.injector.request_gbps = 5.9703
stat.node.4.injector.response_gbps = 1.44734
stat.node.4.injector.aggregate_gbps = 7.41764
stat.node.4.llc.cxl_miss = 4000
stat.node.4.llc.total_miss = 4000
stat.node.4.llc.avg_miss_lat = 898.24
stat.node.4.llc.avg_cxl_lat = 898.24
stat.node.4.llc.miss_lat_hist_bin_ns = 10
stat.node.4.llc.miss_lat_hist = [0,0,0,0,0,0,0,0,0,0,0,0,0,0,0,0,0,0,0,0,0,0,0,0,0,0,0,0,0,0,0,2,61,717,656,345,212,109,156,563,602,398,93,52,33,1]
stat.node.4.util.dram_avg = 4.53484e-06
stat.node.4.walltime_s = 819.115
stat.node.4.active_time_s = 79.9164
stat.node.5.cpu.0.load_issue_to_complete_count = 3999
stat.node.5.cpu.0.avg_load_issue_to_complete_lat = 1007.76
stat.node.5.injector.phase_cycles = 4035080
stat.node.5.injector.request_bytes = 1254728
stat.node.5.injector.response_bytes = 304192
stat.node.5.injector.aggregate_bytes = 1558920
stat.node.5.injector.request_gbps = 5.97033
stat.node.5.injector.response_gbps = 1.44743
stat.node.5.injector.aggregate_gbps = 7.41776
stat.node.5.llc.cxl_miss = 4000
stat.node.5.llc.total_miss = 4000
stat.node.5.llc.avg_miss_lat = 899.279
stat.node.5.llc.avg_cxl_lat = 899.279
stat.node.5.llc.miss_lat_hist_bin_ns = 10
stat.node.5.llc.miss_lat_hist = [0,0,0,0,0,0,0,0,0,0,0,0,0,0,0,0,0,0,0,0,0,0,0,0,0,0,0,0,0,0,0,3,37,404,470,653,374,179,392,812,308,164,130,59,13,2]
stat.node.5.util.dram_avg = 4.52705e-06
stat.node.5.walltime_s = 821.207
stat.node.5.active_time_s = 81.8122
stat.node.6.cpu.0.load_issue_to_complete_count = 3999
stat.node.6.cpu.0.avg_load_issue_to_complete_lat = 1007.53
stat.node.6.injector.phase_cycles = 4034175
stat.node.6.injector.request_bytes = 1254464
stat.node.6.injector.response_bytes = 304128
stat.node.6.injector.aggregate_bytes = 1558592
stat.node.6.injector.request_gbps = 5.97042
stat.node.6.injector.response_gbps = 1.44745
stat.node.6.injector.aggregate_gbps = 7.41787
stat.node.6.llc.cxl_miss = 4000
stat.node.6.llc.total_miss = 4000
stat.node.6.llc.avg_miss_lat = 899.126
stat.node.6.llc.avg_cxl_lat = 899.126
stat.node.6.llc.miss_lat_hist_bin_ns = 10
stat.node.6.llc.miss_lat_hist = [0,0,0,0,0,0,0,0,0,0,0,0,0,0,0,0,0,0,0,0,0,0,0,0,0,0,0,0,0,0,0,0,36,402,361,241,442,1247,356,278,243,175,155,56,7,1]
stat.node.6.util.dram_avg = 4.52633e-06
stat.node.6.walltime_s = 821.65
stat.node.6.active_time_s = 102.88
stat.node.2.cpu.0.load_issue_to_complete_count = 3999
stat.node.2.cpu.0.avg_load_issue_to_complete_lat = 1008.38
stat.node.2.injector.phase_cycles = 4037623
stat.node.2.injector.request_bytes = 1255520
stat.node.2.injector.response_bytes = 304384
stat.node.2.injector.aggregate_bytes = 1559904
stat.node.2.injector.request_gbps = 5.97034
stat.node.2.injector.response_gbps = 1.44743
stat.node.2.injector.aggregate_gbps = 7.41777
stat.node.2.llc.cxl_miss = 4000
stat.node.2.llc.total_miss = 4000
stat.node.2.llc.avg_miss_lat = 899.85
stat.node.2.llc.avg_cxl_lat = 899.85
stat.node.2.llc.miss_lat_hist_bin_ns = 10
stat.node.2.llc.miss_lat_hist = [0,0,0,0,0,0,0,0,0,0,0,0,0,0,0,0,0,0,0,0,0,0,0,0,0,0,0,0,0,0,0,2,63,728,615,308,223,134,160,530,568,535,82,43,7,2]
stat.node.2.util.dram_avg = 4.52471e-06
stat.node.2.walltime_s = 822.212
stat.node.2.active_time_s = 66.9005
stat.node.7.cpu.0.load_issue_to_complete_count = 3999
stat.node.7.cpu.0.avg_load_issue_to_complete_lat = 1008.12
stat.node.7.injector.phase_cycles = 4036589
stat.node.7.injector.request_bytes = 1255192
stat.node.7.injector.response_bytes = 304320
stat.node.7.injector.aggregate_bytes = 1559512
stat.node.7.injector.request_gbps = 5.97031
stat.node.7.injector.response_gbps = 1.4475
stat.node.7.injector.aggregate_gbps = 7.41781
stat.node.7.llc.cxl_miss = 4000
stat.node.7.llc.total_miss = 4000
stat.node.7.llc.avg_miss_lat = 899.614
stat.node.7.llc.avg_cxl_lat = 899.614
stat.node.7.llc.miss_lat_hist_bin_ns = 10
stat.node.7.llc.miss_lat_hist = [0,0,0,0,0,0,0,0,0,0,0,0,0,0,0,0,0,0,0,0,0,0,0,0,0,0,0,0,0,0,0,1,45,432,809,444,221,129,189,687,666,197,101,63,14,2]
stat.node.7.util.dram_avg = 4.52414e-06
stat.node.7.walltime_s = 822.232
stat.node.7.active_time_s = 79.2508
stat.node.1.cpu.0.load_issue_to_complete_count = 3999
stat.node.1.cpu.0.avg_load_issue_to_complete_lat = 1009.68
stat.node.1.injector.phase_cycles = 4042768
stat.node.1.injector.request_bytes = 1257168
stat.node.1.injector.response_bytes = 304768
stat.node.1.injector.aggregate_bytes = 1561936
stat.node.1.injector.request_gbps = 5.97057
stat.node.1.injector.response_gbps = 1.44741
stat.node.1.injector.aggregate_gbps = 7.41798
stat.node.1.llc.cxl_miss = 4000
stat.node.1.llc.total_miss = 4000
stat.node.1.llc.avg_miss_lat = 901.226
stat.node.1.llc.avg_cxl_lat = 901.226
stat.node.1.llc.miss_lat_hist_bin_ns = 10
stat.node.1.llc.miss_lat_hist = [0,0,0,0,0,0,0,0,0,0,0,0,0,0,0,0,0,0,0,0,0,0,0,0,0,0,0,0,0,0,0,1,21,384,484,845,271,177,174,852,312,220,172,75,11,1]
stat.node.1.util.dram_avg = 4.51833e-06
stat.node.1.walltime_s = 823.278
stat.node.1.active_time_s = 92.7616
stat.node.0.cpu.0.load_issue_to_complete_count = 3999
stat.node.0.cpu.0.avg_load_issue_to_complete_lat = 1009.8
stat.node.0.injector.phase_cycles = 4043258
stat.node.0.injector.request_bytes = 1257296
stat.node.0.injector.response_bytes = 304768
stat.node.0.injector.aggregate_bytes = 1562064
stat.node.0.injector.request_gbps = 5.97045
stat.node.0.injector.response_gbps = 1.44724
stat.node.0.injector.aggregate_gbps = 7.41769
stat.node.0.llc.cxl_miss = 4000
stat.node.0.llc.total_miss = 4000
stat.node.0.llc.avg_miss_lat = 901.254
stat.node.0.llc.avg_cxl_lat = 901.254
stat.node.0.llc.miss_lat_hist_bin_ns = 10
stat.node.0.llc.miss_lat_hist = [0,0,0,0,0,0,0,0,0,0,0,0,0,0,0,0,0,0,0,0,0,0,0,0,0,0,0,0,0,0,0,1,34,375,362,254,708,548,679,389,252,192,145,53,6,2]
stat.node.0.util.dram_avg = 4.51809e-06
stat.node.0.walltime_s = 823.311
stat.node.0.active_time_s = 69.2815
stat.node.3.cpu.0.load_issue_to_complete_count = 3999
stat.node.3.cpu.0.avg_load_issue_to_complete_lat = 1011.93
stat.node.3.injector.phase_cycles = 4051828
stat.node.3.injector.request_bytes = 1259936
stat.node.3.injector.response_bytes = 305408
stat.node.3.injector.aggregate_bytes = 1565344
stat.node.3.injector.request_gbps = 5.97034
stat.node.3.injector.response_gbps = 1.44721
stat.node.3.injector.aggregate_gbps = 7.41754
stat.node.3.llc.cxl_miss = 4000
stat.node.3.llc.total_miss = 4000
stat.node.3.llc.avg_miss_lat = 903.46
stat.node.3.llc.avg_cxl_lat = 903.46
stat.node.3.llc.miss_lat_hist_bin_ns = 10
stat.node.3.llc.miss_lat_hist = [0,0,0,0,0,0,0,0,0,0,0,0,0,0,0,0,0,0,0,0,0,0,0,0,0,0,0,0,0,0,0,0,14,344,379,383,805,228,654,477,227,245,153,78,12,1]
stat.node.3.util.dram_avg = 4.50725e-06
stat.node.3.walltime_s = 825.751
stat.node.3.active_time_s = 93.2982
stat.pool.100.util.mem_avg = 0.22015
stat.pool.100.util.req_link_avg = 0.996406
stat.pool.100.walltime_s = 825.747
stat.pool.100.active_time_s = 2.67497
stat.switch.replicated_messages = 0
stat.switch.util.node_ingress_avg = 0.12456
stat.switch.util.pool_ingress_avg = 0.433761
stat.switch.bw.host_to_switch_gbps = 6.12252
stat.switch.bw.switch_to_host_gbps = 2.66503
stat.switch.bw.host_link_total_gbps = 8.78756
stat.switch.walltime_s = 825.747
stat.switch.active_time_s = 9.10275
Simulation is complete, simulated time: 2.22042 ms
