stat.node.4.cpu.0.load_issue_to_complete_count = 299
stat.node.4.cpu.0.avg_load_issue_to_complete_lat = 989.064
stat.node.4.injector.phase_cycles = 296931
stat.node.4.injector.request_bytes = 63464
stat.node.4.injector.response_bytes = 6976
stat.node.4.injector.aggregate_bytes = 70440
stat.node.4.injector.request_gbps = 4.10368
stat.node.4.injector.response_gbps = 0.451079
stat.node.4.injector.aggregate_gbps = 4.55476
stat.node.4.llc.cxl_miss = 300
stat.node.4.llc.total_miss = 300
stat.node.4.llc.avg_miss_lat = 670.93
stat.node.4.llc.avg_cxl_lat = 670.93
stat.node.4.llc.miss_lat_hist_bin_ns = 10
stat.node.4.llc.miss_lat_hist = [0,0,0,0,0,0,0,0,0,0,0,0,0,0,0,0,0,0,0,0,0,0,0,0,0,0,180,15,25,17,18,11,10,14,9,1]
stat.node.4.util.dram_avg = 3.33568e-05
stat.node.4.walltime_s = 168.383
stat.node.4.active_time_s = 14.3441
stat.node.1.cpu.0.load_issue_to_complete_count = 299
stat.node.1.cpu.0.avg_load_issue_to_complete_lat = 996.736
stat.node.1.injector.phase_cycles = 299326
stat.node.1.injector.request_bytes = 63984
stat.node.1.injector.response_bytes = 7040
stat.node.1.injector.aggregate_bytes = 71024
stat.node.1.injector.request_gbps = 4.1042
stat.node.1.injector.response_gbps = 0.451575
stat.node.1.injector.aggregate_gbps = 4.55577
stat.node.1.llc.cxl_miss = 300
stat.node.1.llc.total_miss = 300
stat.node.1.llc.avg_miss_lat = 678.553
stat.node.1.llc.avg_cxl_lat = 678.553
stat.node.1.llc.miss_lat_hist_bin_ns = 10
stat.node.1.llc.miss_lat_hist = [0,0,0,0,0,0,0,0,0,0,0,0,0,0,0,0,0,0,0,0,0,0,0,0,0,0,134,22,57,13,30,18,7,9,2,6,2]
stat.node.1.util.dram_avg = 3.30809e-05
stat.node.1.walltime_s = 168.74
stat.node.1.active_time_s = 9.4565
stat.node.3.cpu.0.load_issue_to_complete_count = 299
stat.node.3.cpu.0.avg_load_issue_to_complete_lat = 987.973
stat.node.3.injector.phase_cycles = 296639
stat.node.3.injector.request_bytes = 63392
stat.node.3.injector.response_bytes = 6976
stat.node.3.injector.aggregate_bytes = 70368
stat.node.3.injector.request_gbps = 4.10306
stat.node.3.injector.response_gbps = 0.451523
stat.node.3.injector.aggregate_gbps = 4.55458
stat.node.3.llc.cxl_miss = 300
stat.node.3.llc.total_miss = 300
stat.node.3.llc.avg_miss_lat = 671.183
stat.node.3.llc.avg_cxl_lat = 671.183
stat.node.3.llc.miss_lat_hist_bin_ns = 10
stat.node.3.llc.miss_lat_hist = [0,0,0,0,0,0,0,0,0,0,0,0,0,0,0,0,0,0,0,0,0,0,0,0,0,0,163,19,36,24,15,21,10,5,2,4,1]
stat.node.3.util.dram_avg = 3.30663e-05
stat.node.3.walltime_s = 168.746
stat.node.3.active_time_s = 17.0525
stat.node.6.cpu.0.load_issue_to_complete_count = 299
stat.node.6.cpu.0.avg_load_issue_to_complete_lat = 992.174
stat.node.6.injector.phase_cycles = 297862
stat.node.6.injector.request_bytes = 63720
stat.node.6.injector.response_bytes = 6976
stat.node.6.injector.aggregate_bytes = 70696
stat.node.6.injector.request_gbps = 4.10735
stat.node.6.injector.response_gbps = 0.449669
stat.node.6.injector.aggregate_gbps = 4.55702
stat.node.6.llc.cxl_miss = 300
stat.node.6.llc.total_miss = 300
stat.node.6.llc.avg_miss_lat = 673.433
stat.node.6.llc.avg_cxl_lat = 673.433
stat.node.6.llc.miss_lat_hist_bin_ns = 10
stat.node.6.llc.miss_lat_hist = [0,0,0,0,0,0,0,0,0,0,0,0,0,0,0,0,0,0,0,0,0,0,0,0,0,0,161,27,25,15,29,11,12,11,4,4,1]
stat.node.6.util.dram_avg = 3.3064e-05
stat.node.6.walltime_s = 168.748
stat.node.6.active_time_s = 8.89504
stat.node.0.cpu.0.load_issue_to_complete_count = 299
stat.node.0.cpu.0.avg_load_issue_to_complete_lat = 992.033
stat.node.0.injector.phase_cycles = 297816
stat.node.0.injector.request_bytes = 63656
stat.node.0.injector.response_bytes = 6976
stat.node.0.injector.aggregate_bytes = 70632
stat.node.0.injector.request_gbps = 4.10386
stat.node.0.injector.response_gbps = 0.449738
stat.node.0.injector.aggregate_gbps = 4.5536
stat.node.0.llc.cxl_miss = 300
stat.node.0.llc.total_miss = 300
stat.node.0.llc.avg_miss_lat = 671.34
stat.node.0.llc.avg_cxl_lat = 671.34
stat.node.0.llc.miss_lat_hist_bin_ns = 10
stat.node.0.llc.miss_lat_hist = [0,0,0,0,0,0,0,0,0,0,0,0,0,0,0,0,0,0,0,0,0,0,0,0,0,0,166,21,30,16,19,27,11,5,1,4]
stat.node.0.util.dram_avg = 3.29421e-05
stat.node.0.walltime_s = 168.926
stat.node.0.active_time_s = 11.4052
stat.node.5.cpu.0.load_issue_to_complete_count = 299
stat.node.5.cpu.0.avg_load_issue_to_complete_lat = 992.157
stat.node.5.injector.phase_cycles = 297835
stat.node.5.injector.request_bytes = 63720
stat.node.5.injector.response_bytes = 6976
stat.node.5.injector.aggregate_bytes = 70696
stat.node.5.injector.request_gbps = 4.10772
stat.node.5.injector.response_gbps = 0.449709
stat.node.5.injector.aggregate_gbps = 4.55743
stat.node.5.llc.cxl_miss = 300
stat.node.5.llc.total_miss = 300
stat.node.5.llc.avg_miss_lat = 673.173
stat.node.5.llc.avg_cxl_lat = 673.173
stat.node.5.llc.miss_lat_hist_bin_ns = 10
stat.node.5.llc.miss_lat_hist = [0,0,0,0,0,0,0,0,0,0,0,0,0,0,0,0,0,0,0,0,0,0,0,0,0,0,164,21,32,12,21,19,23,3,2,3]
stat.node.5.util.dram_avg = 3.294e-05
stat.node.5.walltime_s = 168.928
stat.node.5.active_time_s = 10.6537
stat.node.7.cpu.0.load_issue_to_complete_count = 299
stat.node.7.cpu.0.avg_load_issue_to_complete_lat = 995.03
stat.node.7.injector.phase_cycles = 298709
stat.node.7.injector.request_bytes = 63848
stat.node.7.injector.response_bytes = 6976
stat.node.7.injector.aggregate_bytes = 70824
stat.node.7.injector.request_gbps = 4.10393
stat.node.7.injector.response_gbps = 0.448394
stat.node.7.injector.aggregate_gbps = 4.55233
stat.node.7.llc.cxl_miss = 300
stat.node.7.llc.total_miss = 300
stat.node.7.llc.avg_miss_lat = 673.897
stat.node.7.llc.avg_cxl_lat = 673.897
stat.node.7.llc.miss_lat_hist_bin_ns = 10
stat.node.7.llc.miss_lat_hist = [0,0,0,0,0,0,0,0,0,0,0,0,0,0,0,0,0,0,0,0,0,0,0,0,0,0,161,20,35,16,23,9,17,15,0,4]
stat.node.7.util.dram_avg = 3.27789e-05
stat.node.7.walltime_s = 169.119
stat.node.7.active_time_s = 18.0753
stat.node.2.cpu.0.load_issue_to_complete_count = 299
stat.node.2.cpu.0.avg_load_issue_to_complete_lat = 1001.08
stat.node.2.injector.phase_cycles = 300518
stat.node.2.injector.request_bytes = 64240
stat.node.2.injector.response_bytes = 7040
stat.node.2.injector.aggregate_bytes = 71280
stat.node.2.injector.request_gbps = 4.10427
stat.node.2.injector.response_gbps = 0.449783
stat.node.2.injector.aggregate_gbps = 4.55406
stat.node.2.llc.cxl_miss = 300
stat.node.2.llc.total_miss = 300
stat.node.2.llc.avg_miss_lat = 675.867
stat.node.2.llc.avg_cxl_lat = 675.867
stat.node.2.llc.miss_lat_hist_bin_ns = 10
stat.node.2.llc.miss_lat_hist = [0,0,0,0,0,0,0,0,0,0,0,0,0,0,0,0,0,0,0,0,0,0,0,0,0,0,160,23,29,13,28,10,11,13,13]
stat.node.2.util.dram_avg = 3.2697e-05
stat.node.2.walltime_s = 169.374
stat.node.2.active_time_s = 9.36643
stat.pool.101.util.mem_avg = 0.129348
stat.pool.101.util.req_link_avg = 0.677115
stat.pool.101.walltime_s = 169.374
stat.pool.101.active_time_s = 0.525441
stat.pool.100.util.mem_avg = 0.129349
stat.pool.100.util.req_link_avg = 0.677115
stat.pool.100.walltime_s = 169.374
stat.pool.100.active_time_s = 0.578338
stat.switch.replicated_messages = 38672
stat.switch.util.node_ingress_avg = 0.0870144
stat.switch.util.pool_ingress_avg = 0.150192
stat.switch.bw.host_to_switch_gbps = 4.27697
stat.switch.bw.switch_to_host_gbps = 1.84568
stat.switch.bw.host_link_total_gbps = 6.12264
stat.switch.walltime_s = 169.374
stat.switch.active_time_s = 2.09169
Simulation is complete, simulated time: 306.083 us
