stat.node.1.cpu.0.load_issue_to_complete_count = 299
stat.node.1.cpu.0.avg_load_issue_to_complete_lat = 1351.17
stat.node.1.injector.phase_cycles = 405500
stat.node.1.injector.request_bytes = 121248
stat.node.1.injector.response_bytes = 107776
stat.node.1.injector.aggregate_bytes = 229024
stat.node.1.injector.request_gbps = 5.74097
stat.node.1.injector.response_gbps = 5.10308
stat.node.1.injector.aggregate_gbps = 10.844
stat.node.1.llc.cxl_miss = 300
stat.node.1.llc.total_miss = 300
stat.node.1.llc.avg_miss_lat = 985.703
stat.node.1.llc.avg_cxl_lat = 985.703
stat.node.1.llc.miss_lat_hist_bin_ns = 10
stat.node.1.llc.miss_lat_hist = [0,0,0,0,0,0,0,0,0,0,0,0,0,0,0,0,0,0,0,0,0,0,0,0,0,0,0,0,0,0,0,0,0,0,0,0,5,4,13,110,62,27,15,12,15,17,13,6,0,1]
stat.node.1.util.dram_avg = 2.46287e-05
stat.node.1.walltime_s = 977.256
stat.node.1.active_time_s = 23.5099
stat.node.4.cpu.0.load_issue_to_complete_count = 299
stat.node.4.cpu.0.avg_load_issue_to_complete_lat = 1349.42
stat.node.4.injector.phase_cycles = 405000
stat.node.4.injector.request_bytes = 121104
stat.node.4.injector.response_bytes = 107648
stat.node.4.injector.aggregate_bytes = 228752
stat.node.4.injector.request_gbps = 5.74123
stat.node.4.injector.response_gbps = 5.10331
stat.node.4.injector.aggregate_gbps = 10.8445
stat.node.4.llc.cxl_miss = 300
stat.node.4.llc.total_miss = 300
stat.node.4.llc.avg_miss_lat = 981.203
stat.node.4.llc.avg_cxl_lat = 981.203
stat.node.4.llc.miss_lat_hist_bin_ns = 10
stat.node.4.llc.miss_lat_hist = [0,0,0,0,0,0,0,0,0,0,0,0,0,0,0,0,0,0,0,0,0,0,0,0,0,0,0,0,0,0,0,0,0,0,0,1,13,18,24,74,69,28,18,7,2,12,23,11]
stat.node.4.util.dram_avg = 2.4623e-05
stat.node.4.walltime_s = 977.98
stat.node.4.active_time_s = 16.6211
stat.node.3.cpu.0.load_issue_to_complete_count = 299
stat.node.3.cpu.0.avg_load_issue_to_complete_lat = 1361.63
stat.node.3.injector.phase_cycles = 408625
stat.node.3.injector.request_bytes = 122184
stat.node.3.injector.response_bytes = 108608
stat.node.3.injector.aggregate_bytes = 230792
stat.node.3.injector.request_gbps = 5.74104
stat.node.3.injector.response_gbps = 5.10315
stat.node.3.injector.aggregate_gbps = 10.8442
stat.node.3.llc.cxl_miss = 300
stat.node.3.llc.total_miss = 300
stat.node.3.llc.avg_miss_lat = 993.787
stat.node.3.llc.avg_cxl_lat = 993.787
stat.node.3.llc.miss_lat_hist_bin_ns = 10
stat.node.3.llc.miss_lat_hist = [0,0,0,0,0,0,0,0,0,0,0,0,0,0,0,0,0,0,0,0,0,0,0,0,0,0,0,0,0,0,0,0,0,0,0,0,6,8,6,60,80,45,26,15,17,21,10,6]
stat.node.3.util.dram_avg = 2.45865e-05
stat.node.3.walltime_s = 979.974
stat.node.3.active_time_s = 23.0179
stat.node.7.cpu.0.load_issue_to_complete_count = 299
stat.node.7.cpu.0.avg_load_issue_to_complete_lat = 1356.27
stat.node.7.injector.phase_cycles = 407150
stat.node.7.injector.request_bytes = 121688
stat.node.7.injector.response_bytes = 108224
stat.node.7.injector.aggregate_bytes = 229912
stat.node.7.injector.request_gbps = 5.73845
stat.node.7.injector.response_gbps = 5.10353
stat.node.7.injector.aggregate_gbps = 10.842
stat.node.7.llc.cxl_miss = 300
stat.node.7.llc.total_miss = 300
stat.node.7.llc.avg_miss_lat = 989.37
stat.node.7.llc.avg_cxl_lat = 989.37
stat.node.7.llc.miss_lat_hist_bin_ns = 10
stat.node.7.llc.miss_lat_hist = [0,0,0,0,0,0,0,0,0,0,0,0,0,0,0,0,0,0,0,0,0,0,0,0,0,0,0,0,0,0,0,0,0,0,0,2,6,16,14,71,48,37,32,19,34,8,6,6,1]
stat.node.7.util.dram_avg = 2.45802e-05
stat.node.7.walltime_s = 980.02
stat.node.7.active_time_s = 18.2577
stat.node.2.cpu.0.load_issue_to_complete_count = 299
stat.node.2.cpu.0.avg_load_issue_to_complete_lat = 1353.18
stat.node.2.injector.phase_cycles = 406025
stat.node.2.injector.request_bytes = 121456
stat.node.2.injector.response_bytes = 107904
stat.node.2.injector.aggregate_bytes = 229360
stat.node.2.injector.request_gbps = 5.74338
stat.node.2.injector.response_gbps = 5.10254
stat.node.2.injector.aggregate_gbps = 10.8459
stat.node.2.llc.cxl_miss = 300
stat.node.2.llc.total_miss = 300
stat.node.2.llc.avg_miss_lat = 984.453
stat.node.2.llc.avg_cxl_lat = 984.453
stat.node.2.llc.miss_lat_hist_bin_ns = 10
stat.node.2.llc.miss_lat_hist = [0,0,0,0,0,0,0,0,0,0,0,0,0,0,0,0,0,0,0,0,0,0,0,0,0,0,0,0,0,0,0,0,0,0,0,2,10,12,15,93,51,31,26,8,8,21,16,5,2]
stat.node.2.util.dram_avg = 2.45789e-05
stat.node.2.walltime_s = 981.172
stat.node.2.active_time_s = 17.7282
stat.node.5.cpu.0.load_issue_to_complete_count = 299
stat.node.5.cpu.0.avg_load_issue_to_complete_lat = 1355.94
stat.node.5.injector.phase_cycles = 406950
stat.node.5.injector.request_bytes = 121680
stat.node.5.injector.response_bytes = 108160
stat.node.5.injector.aggregate_bytes = 229840
stat.node.5.injector.request_gbps = 5.74089
stat.node.5.injector.response_gbps = 5.10302
stat.node.5.injector.aggregate_gbps = 10.8439
stat.node.5.llc.cxl_miss = 300
stat.node.5.llc.total_miss = 300
stat.node.5.llc.avg_miss_lat = 987.62
stat.node.5.llc.avg_cxl_lat = 987.62
stat.node.5.llc.miss_lat_hist_bin_ns = 10
stat.node.5.llc.miss_lat_hist = [0,0,0,0,0,0,0,0,0,0,0,0,0,0,0,0,0,0,0,0,0,0,0,0,0,0,0,0,0,0,0,0,0,0,0,1,8,20,15,64,43,40,30,38,22,10,5,3,1]
stat.node.5.util.dram_avg = 2.45193e-05
stat.node.5.walltime_s = 983.899
stat.node.5.active_time_s = 23.875
stat.node.6.cpu.0.load_issue_to_complete_count = 299
stat.node.6.cpu.0.avg_load_issue_to_complete_lat = 1363.3
stat.node.6.injector.phase_cycles = 409150
stat.node.6.injector.request_bytes = 122328
stat.node.6.injector.response_bytes = 108736
stat.node.6.injector.aggregate_bytes = 231064
stat.node.6.injector.request_gbps = 5.74043
stat.node.6.injector.response_gbps = 5.10261
stat.node.6.injector.aggregate_gbps = 10.843
stat.node.6.llc.cxl_miss = 300
stat.node.6.llc.total_miss = 300
stat.node.6.llc.avg_miss_lat = 996.537
stat.node.6.llc.avg_cxl_lat = 996.537
stat.node.6.llc.miss_lat_hist_bin_ns = 10
stat.node.6.llc.miss_lat_hist = [0,0,0,0,0,0,0,0,0,0,0,0,0,0,0,0,0,0,0,0,0,0,0,0,0,0,0,0,0,0,0,0,0,0,0,0,6,11,15,52,45,61,40,17,13,25,6,8,0,1]
stat.node.6.util.dram_avg = 2.45074e-05
stat.node.6.walltime_s = 984.741
stat.node.6.active_time_s = 17.8444
stat.node.0.cpu.0.load_issue_to_complete_count = 299
stat.node.0.cpu.0.avg_load_issue_to_complete_lat = 1363.8
stat.node.0.injector.phase_cycles = 409350
stat.node.0.injector.request_bytes = 122400
stat.node.0.injector.response_bytes = 108800
stat.node.0.injector.aggregate_bytes = 231200
stat.node.0.injector.request_gbps = 5.741
stat.node.0.injector.response_gbps = 5.10311
stat.node.0.injector.aggregate_gbps = 10.8441
stat.node.0.llc.cxl_miss = 300
stat.node.0.llc.total_miss = 300
stat.node.0.llc.avg_miss_lat = 998.953
stat.node.0.llc.avg_cxl_lat = 998.953
stat.node.0.llc.miss_lat_hist_bin_ns = 10
stat.node.0.llc.miss_lat_hist = [0,0,0,0,0,0,0,0,0,0,0,0,0,0,0,0,0,0,0,0,0,0,0,0,0,0,0,0,0,0,0,0,0,0,0,0,6,10,14,57,42,38,45,32,28,12,11,4,0,1]
stat.node.0.util.dram_avg = 2.44649e-05
stat.node.0.walltime_s = 985.277
stat.node.0.active_time_s = 15.4337
stat.pool.100.util.mem_avg = 0.292687
stat.pool.100.util.req_link_avg = 0.955072
stat.pool.100.walltime_s = 985.277
stat.pool.100.active_time_s = 0.840636
stat.switch.replicated_messages = 0
stat.switch.util.node_ingress_avg = 0.119412
stat.switch.util.pool_ingress_avg = 0.998903
stat.switch.bw.host_to_switch_gbps = 5.86961
stat.switch.bw.switch_to_host_gbps = 6.13727
stat.switch.bw.host_link_total_gbps = 12.0069
stat.switch.walltime_s = 985.292
stat.switch.active_time_s = 2.36954
Simulation is complete, simulated time: 409.076 us
