stat.node.4.cpu.0.load_issue_to_complete_count = 50
stat.node.4.cpu.0.avg_load_issue_to_complete_lat = 5506.86
stat.node.4.injector.phase_cycles = 277103
stat.node.4.injector.request_bytes = 31008
stat.node.4.injector.response_bytes = 81856
stat.node.4.injector.aggregate_bytes = 112864
stat.node.4.injector.request_gbps = 2.14849
stat.node.4.injector.response_gbps = 5.67166
stat.node.4.injector.aggregate_gbps = 7.82016
stat.node.4.llc.cxl_miss = 50
stat.node.4.llc.total_miss = 51
stat.node.4.llc.avg_miss_lat = 2549.61
stat.node.4.llc.avg_cxl_lat = 2599.04
stat.node.4.llc.miss_lat_hist_bin_ns = 10
stat.node.4.llc.miss_lat_hist = [0,0,0,1,0,0,0,0,0,0,0,0,0,0,0,0,0,0,0,0,0,0,0,0,0,0,0,0,0,0,0,0,0,0,0,0,0,0,0,0,0,0,0,0,0,0,0,0,1,0,0,0,0,0,0,0,0,0,1,0,0,0,0,0,0,1,0,0,0,0,0,0,0,0,0,0,0,0,0,0,0,1,1,0,0,0,0,0,0,0,0,0,0,0,0,0,0,1,5,2,0,1,2,1,2,3,1,5,2,2,2,1,0,0,0,0,2,1,0,1,0,0,2,1,0,0,2,0,0,0,1,0,2,0,0,1,0,0,0,0,0,0,0,0,0,0,0,0,1,0,0,0,0,0,0,0,0,0,0,0,0,0,0,0,0,0,0,0,0,1]
stat.node.4.util.dram_avg = 8.66104e-05
stat.node.4.walltime_s = 161.903
stat.node.4.active_time_s = 3.29129
stat.node.0.cpu.0.load_issue_to_complete_count = 50
stat.node.0.cpu.0.avg_load_issue_to_complete_lat = 5537.36
stat.node.0.injector.phase_cycles = 278628
stat.node.0.injector.request_bytes = 31200
stat.node.0.injector.response_bytes = 82304
stat.node.0.injector.aggregate_bytes = 113504
stat.node.0.injector.request_gbps = 2.14996
stat.node.0.injector.response_gbps = 5.67149
stat.node.0.injector.aggregate_gbps = 7.82146
stat.node.0.llc.cxl_miss = 50
stat.node.0.llc.total_miss = 51
stat.node.0.llc.avg_miss_lat = 2537.84
stat.node.0.llc.avg_cxl_lat = 2587.04
stat.node.0.llc.miss_lat_hist_bin_ns = 10
stat.node.0.llc.miss_lat_hist = [0,0,0,1,0,0,0,0,0,0,0,0,0,0,0,0,0,0,0,0,0,0,0,0,0,0,0,0,0,0,0,0,0,0,0,0,0,0,0,0,0,0,0,0,0,0,0,0,0,0,0,0,0,0,1,0,0,0,0,0,0,0,0,0,0,1,0,0,0,0,0,1,0,0,0,0,0,0,0,0,0,0,0,0,0,0,1,0,0,0,2,0,0,0,0,0,0,2,5,0,0,1,2,0,2,2,3,0,5,2,2,1,0,0,1,1,2,0,0,3,1,0,0,0,1,1,1,1,1,1,1,0,0,0,1,1]
stat.node.0.util.dram_avg = 8.61364e-05
stat.node.0.walltime_s = 162.38
stat.node.0.active_time_s = 5.69258
stat.node.6.cpu.0.load_issue_to_complete_count = 50
stat.node.6.cpu.0.avg_load_issue_to_complete_lat = 5577.36
stat.node.6.injector.phase_cycles = 280628
stat.node.6.injector.request_bytes = 31464
stat.node.6.injector.response_bytes = 82944
stat.node.6.injector.aggregate_bytes = 114408
stat.node.6.injector.request_gbps = 2.1527
stat.node.6.injector.response_gbps = 5.67486
stat.node.6.injector.aggregate_gbps = 7.82756
stat.node.6.llc.cxl_miss = 50
stat.node.6.llc.total_miss = 51
stat.node.6.llc.avg_miss_lat = 2613.82
stat.node.6.llc.avg_cxl_lat = 2664.54
stat.node.6.llc.miss_lat_hist_bin_ns = 10
stat.node.6.llc.miss_lat_hist = [0,0,0,1,0,0,0,0,0,0,0,0,0,0,0,0,0,0,0,0,0,0,0,0,0,0,0,0,0,0,0,0,0,0,0,0,0,0,0,0,0,0,0,0,0,0,1,0,0,0,0,0,0,0,0,0,0,0,0,0,0,0,0,0,0,2,0,0,0,0,0,0,0,0,0,0,0,0,0,0,0,2,0,0,0,0,0,0,0,0,0,0,0,0,0,0,0,1,7,0,3,2,2,1,2,1,1,1,1,1,2,0,0,0,0,0,1,0,0,0,4,2,0,2,0,2,0,1,0,0,0,1,0,1,0,0,0,0,1,0,0,0,0,0,1,1,0,0,0,0,0,0,0,0,0,0,0,0,1,0,1,0,0,0,0,0,0,1]
stat.node.6.util.dram_avg = 8.55225e-05
stat.node.6.walltime_s = 167.927
stat.node.6.active_time_s = 3.35001
stat.node.7.cpu.0.load_issue_to_complete_count = 50
stat.node.7.cpu.0.avg_load_issue_to_complete_lat = 5580.36
stat.node.7.injector.phase_cycles = 280778
stat.node.7.injector.request_bytes = 31480
stat.node.7.injector.response_bytes = 82944
stat.node.7.injector.aggregate_bytes = 114424
stat.node.7.injector.request_gbps = 2.15265
stat.node.7.injector.response_gbps = 5.67183
stat.node.7.injector.aggregate_gbps = 7.82448
stat.node.7.llc.cxl_miss = 50
stat.node.7.llc.total_miss = 51
stat.node.7.llc.avg_miss_lat = 2576.08
stat.node.7.llc.avg_cxl_lat = 2626.04
stat.node.7.llc.miss_lat_hist_bin_ns = 10
stat.node.7.llc.miss_lat_hist = [0,0,0,1,0,0,0,0,0,0,0,0,0,0,0,0,0,0,0,0,0,0,0,0,0,0,0,0,0,0,0,0,0,0,0,0,0,0,0,0,0,0,0,0,0,0,0,0,1,0,0,0,0,0,0,0,0,0,0,0,0,0,0,0,0,2,0,0,0,0,0,0,0,0,0,0,0,0,0,0,0,1,0,0,0,0,0,0,0,0,1,0,0,0,0,0,0,1,6,0,1,0,2,3,2,6,1,1,0,1,2,2,0,2,1,1,1,0,1,1,0,0,0,0,1,0,0,0,2,0,1,1,0,0,0,0,1,0,0,1,0,0,0,0,0,0,0,1,0,0,0,0,0,0,0,0,0,0,1,0,0,0,0,0,0,0,0,0,0,0,1]
stat.node.7.util.dram_avg = 8.54768e-05
stat.node.7.walltime_s = 167.944
stat.node.7.active_time_s = 6.32652
stat.node.3.cpu.0.load_issue_to_complete_count = 50
stat.node.3.cpu.0.avg_load_issue_to_complete_lat = 5642.36
stat.node.3.injector.phase_cycles = 283878
stat.node.3.injector.request_bytes = 31776
stat.node.3.injector.response_bytes = 83968
stat.node.3.injector.aggregate_bytes = 115744
stat.node.3.injector.request_gbps = 2.14916
stat.node.3.injector.response_gbps = 5.67915
stat.node.3.injector.aggregate_gbps = 7.82831
stat.node.3.llc.cxl_miss = 50
stat.node.3.llc.total_miss = 51
stat.node.3.llc.avg_miss_lat = 2630.98
stat.node.3.llc.avg_cxl_lat = 2682.04
stat.node.3.llc.miss_lat_hist_bin_ns = 10
stat.node.3.llc.miss_lat_hist = [0,0,0,1,0,0,0,0,0,0,0,0,0,0,0,0,0,0,0,0,0,0,0,0,0,0,0,0,0,0,0,0,0,0,0,0,0,0,0,0,0,0,0,0,0,0,0,0,0,0,0,0,0,0,0,0,0,0,0,0,0,0,0,0,0,1,1,0,0,0,0,0,0,0,1,0,0,1,0,0,0,0,0,0,0,0,0,0,0,1,0,0,0,0,0,0,0,1,6,0,0,0,1,2,1,2,1,2,2,2,2,2,0,0,2,0,0,2,1,2,1,1,0,1,1,0,3,0,1,1,0,1,0,0,0,0,0,0,0,0,0,0,0,1,0,1,0,0,0,0,0,1,0,0,0,0,0,0,0,0,0,0,0,0,0,0,0,0,0,0,0,0,0,0,0,0,0,0,0,0,1]
stat.node.3.util.dram_avg = 8.45434e-05
stat.node.3.walltime_s = 169.316
stat.node.3.active_time_s = 6.92266
stat.node.1.cpu.0.load_issue_to_complete_count = 50
stat.node.1.cpu.0.avg_load_issue_to_complete_lat = 5644.86
stat.node.1.injector.phase_cycles = 284003
stat.node.1.injector.request_bytes = 31840
stat.node.1.injector.response_bytes = 83968
stat.node.1.injector.aggregate_bytes = 115808
stat.node.1.injector.request_gbps = 2.15254
stat.node.1.injector.response_gbps = 5.67665
stat.node.1.injector.aggregate_gbps = 7.82919
stat.node.1.llc.cxl_miss = 50
stat.node.1.llc.total_miss = 51
stat.node.1.llc.avg_miss_lat = 2654.51
stat.node.1.llc.avg_cxl_lat = 2706.04
stat.node.1.llc.miss_lat_hist_bin_ns = 10
stat.node.1.llc.miss_lat_hist = [0,0,0,1,0,0,0,0,0,0,0,0,0,0,0,0,0,0,0,0,0,0,0,0,0,0,0,0,0,0,0,0,0,0,0,0,0,0,0,0,0,0,0,0,0,0,0,0,0,0,0,0,0,0,0,0,0,0,0,0,1,0,0,0,0,1,0,0,0,0,0,0,0,1,0,0,0,0,0,0,0,1,0,0,0,0,0,0,0,0,1,0,0,0,0,0,0,1,6,0,0,0,0,1,0,2,4,1,0,3,1,2,0,0,3,0,1,1,0,1,1,1,1,1,1,1,1,2,1,0,1,2,0,0,1,1,0,0,0,1,0,0,0,0,0,0,0,0,0,0,0,1,0,0,0,0,0,0,0,0,0,0,0,0,0,0,0,0,0,1]
stat.node.1.util.dram_avg = 8.45061e-05
stat.node.1.walltime_s = 169.331
stat.node.1.active_time_s = 6.72026
stat.node.2.cpu.0.load_issue_to_complete_count = 50
stat.node.2.cpu.0.avg_load_issue_to_complete_lat = 5646.36
stat.node.2.injector.phase_cycles = 284078
stat.node.2.injector.request_bytes = 31848
stat.node.2.injector.response_bytes = 83968
stat.node.2.injector.aggregate_bytes = 115816
stat.node.2.injector.request_gbps = 2.15251
stat.node.2.injector.response_gbps = 5.67515
stat.node.2.injector.aggregate_gbps = 7.82766
stat.node.2.llc.cxl_miss = 50
stat.node.2.llc.total_miss = 51
stat.node.2.llc.avg_miss_lat = 2609.41
stat.node.2.llc.avg_cxl_lat = 2660.04
stat.node.2.llc.miss_lat_hist_bin_ns = 10
stat.node.2.llc.miss_lat_hist = [0,0,0,1,0,0,0,0,0,0,0,0,0,0,0,0,0,0,0,0,0,0,0,0,0,0,0,0,0,0,0,0,0,0,0,0,0,0,0,0,0,0,0,0,0,0,0,0,0,0,0,0,0,0,0,0,0,0,0,0,0,0,0,0,0,1,1,0,0,0,1,0,0,0,0,0,0,0,0,0,1,0,0,0,0,0,0,0,0,0,2,0,0,0,0,0,0,1,6,0,0,1,0,3,2,1,3,1,2,1,2,1,1,1,0,1,1,1,1,0,1,1,2,0,0,1,0,0,0,2,0,1,1,0,1,0,0,0,0,1,0,0,0,0,0,1,0,0,0,0,1,0,0,0,0,0,0,0,0,0,0,0,0,0,0,0,0,0,0,0,0,0,0,0,0,0,0,0,0,0,0,1]
stat.node.2.util.dram_avg = 8.44838e-05
stat.node.2.walltime_s = 169.405
stat.node.2.active_time_s = 3.97724
stat.node.5.cpu.0.load_issue_to_complete_count = 50
stat.node.5.cpu.0.avg_load_issue_to_complete_lat = 5652.36
stat.node.5.injector.phase_cycles = 284378
stat.node.5.injector.request_bytes = 31872
stat.node.5.injector.response_bytes = 84096
stat.node.5.injector.aggregate_bytes = 115968
stat.node.5.injector.request_gbps = 2.15186
stat.node.5.injector.response_gbps = 5.67781
stat.node.5.injector.aggregate_gbps = 7.82967
stat.node.5.llc.cxl_miss = 50
stat.node.5.llc.total_miss = 51
stat.node.5.llc.avg_miss_lat = 2652.55
stat.node.5.llc.avg_cxl_lat = 2704.04
stat.node.5.llc.miss_lat_hist_bin_ns = 10
stat.node.5.llc.miss_lat_hist = [0,0,0,1,0,0,0,0,0,0,0,0,0,0,0,0,0,0,0,0,0,0,0,0,0,0,0,0,0,0,0,0,0,0,0,0,0,0,0,0,0,0,0,0,0,0,0,0,1,0,0,0,0,0,0,0,0,0,0,0,0,0,0,0,0,2,0,0,0,0,0,0,0,0,0,0,0,0,0,0,0,1,0,0,0,0,0,0,0,0,1,0,0,0,0,0,0,2,4,0,0,1,2,3,3,1,0,2,0,3,0,1,0,1,2,2,1,0,1,0,1,1,1,0,1,2,1,0,0,1,0,1,0,0,1,0,0,0,0,0,0,0,2,0,0,0,0,0,0,0,0,0,0,0,0,0,0,1,0,1,0,0,0,0,0,0,0,1,1]
stat.node.5.util.dram_avg = 8.43947e-05
stat.node.5.walltime_s = 169.439
stat.node.5.active_time_s = 8.50492
stat.pool.100.util.mem_avg = 0.196541
stat.pool.100.util.req_link_avg = 0.356711
stat.pool.100.walltime_s = 169.439
stat.pool.100.active_time_s = 0.50985
stat.switch.replicated_messages = 0
stat.switch.util.node_ingress_avg = 0.0448943
stat.switch.util.pool_ingress_avg = 0.995402
stat.switch.bw.host_to_switch_gbps = 2.20722
stat.switch.bw.switch_to_host_gbps = 6.11583
stat.switch.bw.host_link_total_gbps = 8.32304
stat.switch.walltime_s = 169.439
stat.switch.active_time_s = 0.879507
Simulation is complete, simulated time: 118.586 us
