stat.node.1.cpu.0.retired = 791
stat.node.1.cpu.0.cycles = 1000000
stat.node.2.cpu.0.retired = 790
stat.node.2.cpu.0.cycles = 1000000
stat.node.3.cpu.0.retired = 789
stat.node.3.cpu.0.cycles = 1000000
stat.node.4.cpu.0.retired = 794
stat.node.4.cpu.0.cycles = 1000000
stat.node.5.cpu.0.retired = 793
stat.node.5.cpu.0.cycles = 1000000
stat.node.6.cpu.0.retired = 793
stat.node.6.cpu.0.cycles = 1000000
stat.node.7.cpu.0.retired = 793
stat.node.7.cpu.0.cycles = 1000000
stat.node.0.cpu.0.retired = 792
stat.node.0.cpu.0.cycles = 1000000
stat.node.1.cpu.0.retired = 1814
stat.node.1.cpu.0.cycles = 2000000
stat.node.2.cpu.0.retired = 1813
stat.node.2.cpu.0.cycles = 2000000
stat.node.3.cpu.0.retired = 1811
stat.node.3.cpu.0.cycles = 2000000
stat.node.4.cpu.0.retired = 1817
stat.node.4.cpu.0.cycles = 2000000
stat.node.5.cpu.0.retired = 1817
stat.node.5.cpu.0.cycles = 2000000
stat.node.6.cpu.0.retired = 1815
stat.node.6.cpu.0.cycles = 2000000
stat.node.0.cpu.0.retired = 1814
stat.node.0.cpu.0.cycles = 2000000
stat.node.7.cpu.0.retired = 1814
stat.node.7.cpu.0.cycles = 2000000
stat.node.4.cpu.0.load_issue_to_complete_count = 1499
stat.node.4.cpu.0.avg_load_issue_to_complete_lat = 987.292
stat.node.4.injector.phase_cycles = 1483225
stat.node.4.injector.request_bytes = 47024
stat.node.4.injector.response_bytes = 376192
stat.node.4.injector.aggregate_bytes = 423216
stat.node.4.injector.request_gbps = 0.608715
stat.node.4.injector.response_gbps = 4.86972
stat.node.4.injector.aggregate_gbps = 5.47843
stat.node.4.llc.cxl_miss = 1500
stat.node.4.llc.total_miss = 1500
stat.node.4.llc.avg_miss_lat = 803.107
stat.node.4.llc.avg_cxl_lat = 803.107
stat.node.4.llc.miss_lat_hist_bin_ns = 10
stat.node.4.llc.miss_lat_hist = [0,0,0,0,0,0,0,0,0,0,0,0,0,0,0,0,0,0,0,0,0,0,0,0,0,0,0,0,1,4,97,570,214,106,75,67,77,90,99,97,3]
stat.node.4.util.dram_avg = 1.10201e-05
stat.node.4.walltime_s = 19.9542
stat.node.4.active_time_s = 11.4595
stat.node.5.cpu.0.load_issue_to_complete_count = 1499
stat.node.5.cpu.0.avg_load_issue_to_complete_lat = 986.959
stat.node.5.injector.phase_cycles = 1482950
stat.node.5.injector.request_bytes = 47016
stat.node.5.injector.response_bytes = 376128
stat.node.5.injector.aggregate_bytes = 423144
stat.node.5.injector.request_gbps = 0.608724
stat.node.5.injector.response_gbps = 4.86979
stat.node.5.injector.aggregate_gbps = 5.47852
stat.node.5.llc.cxl_miss = 1500
stat.node.5.llc.total_miss = 1500
stat.node.5.llc.avg_miss_lat = 802.507
stat.node.5.llc.avg_cxl_lat = 802.507
stat.node.5.llc.miss_lat_hist_bin_ns = 10
stat.node.5.llc.miss_lat_hist = [0,0,0,0,0,0,0,0,0,0,0,0,0,0,0,0,0,0,0,0,0,0,0,0,0,0,0,0,0,3,108,599,208,78,76,52,78,73,117,107,1]
stat.node.5.util.dram_avg = 1.10188e-05
stat.node.5.walltime_s = 19.9566
stat.node.5.active_time_s = 11.5225
stat.node.6.cpu.0.load_issue_to_complete_count = 1499
stat.node.6.cpu.0.avg_load_issue_to_complete_lat = 987.492
stat.node.6.injector.phase_cycles = 1483725
stat.node.6.injector.request_bytes = 47040
stat.node.6.injector.response_bytes = 376320
stat.node.6.injector.aggregate_bytes = 423360
stat.node.6.injector.request_gbps = 0.608717
stat.node.6.injector.response_gbps = 4.86973
stat.node.6.injector.aggregate_gbps = 5.47845
stat.node.6.llc.cxl_miss = 1500
stat.node.6.llc.total_miss = 1500
stat.node.6.llc.avg_miss_lat = 803.307
stat.node.6.llc.avg_cxl_lat = 803.307
stat.node.6.llc.miss_lat_hist_bin_ns = 10
stat.node.6.llc.miss_lat_hist = [0,0,0,0,0,0,0,0,0,0,0,0,0,0,0,0,0,0,0,0,0,0,0,0,0,0,0,0,0,1,95,626,200,70,71,58,73,70,115,117,4]
stat.node.6.util.dram_avg = 1.10124e-05
stat.node.6.walltime_s = 19.9682
stat.node.6.active_time_s = 11.439
stat.node.7.cpu.0.load_issue_to_complete_count = 1499
stat.node.7.cpu.0.avg_load_issue_to_complete_lat = 988.36
stat.node.7.injector.phase_cycles = 1484850
stat.node.7.injector.request_bytes = 47080
stat.node.7.injector.response_bytes = 376576
stat.node.7.injector.aggregate_bytes = 423656
stat.node.7.injector.request_gbps = 0.608773
stat.node.7.injector.response_gbps = 4.86935
stat.node.7.injector.aggregate_gbps = 5.47813
stat.node.7.llc.cxl_miss = 1500
stat.node.7.llc.total_miss = 1500
stat.node.7.llc.avg_miss_lat = 804.324
stat.node.7.llc.avg_cxl_lat = 804.324
stat.node.7.llc.miss_lat_hist_bin_ns = 10
stat.node.7.llc.miss_lat_hist = [0,0,0,0,0,0,0,0,0,0,0,0,0,0,0,0,0,0,0,0,0,0,0,0,0,0,0,0,0,2,93,608,190,80,74,74,78,69,124,103,5]
stat.node.7.util.dram_avg = 1.10056e-05
stat.node.7.walltime_s = 19.9805
stat.node.7.active_time_s = 11.6316
stat.node.0.cpu.0.load_issue_to_complete_count = 1499
stat.node.0.cpu.0.avg_load_issue_to_complete_lat = 988.993
stat.node.0.injector.phase_cycles = 1485775
stat.node.0.injector.request_bytes = 47104
stat.node.0.injector.response_bytes = 376832
stat.node.0.injector.aggregate_bytes = 423936
stat.node.0.injector.request_gbps = 0.608704
stat.node.0.injector.response_gbps = 4.86963
stat.node.0.injector.aggregate_gbps = 5.47833
stat.node.0.llc.cxl_miss = 1500
stat.node.0.llc.total_miss = 1500
stat.node.0.llc.avg_miss_lat = 804.857
stat.node.0.llc.avg_cxl_lat = 804.857
stat.node.0.llc.miss_lat_hist_bin_ns = 10
stat.node.0.llc.miss_lat_hist = [0,0,0,0,0,0,0,0,0,0,0,0,0,0,0,0,0,0,0,0,0,0,0,0,0,0,0,0,0,1,79,604,202,98,68,50,94,87,112,102,3]
stat.node.0.util.dram_avg = 1.09996e-05
stat.node.0.walltime_s = 19.9912
stat.node.0.active_time_s = 11.7074
stat.node.1.cpu.0.load_issue_to_complete_count = 1499
stat.node.1.cpu.0.avg_load_issue_to_complete_lat = 989.794
stat.node.1.injector.phase_cycles = 1486975
stat.node.1.injector.request_bytes = 47144
stat.node.1.injector.response_bytes = 377152
stat.node.1.injector.aggregate_bytes = 424296
stat.node.1.injector.request_gbps = 0.608729
stat.node.1.injector.response_gbps = 4.86983
stat.node.1.injector.aggregate_gbps = 5.47856
stat.node.1.llc.cxl_miss = 1500
stat.node.1.llc.total_miss = 1500
stat.node.1.llc.avg_miss_lat = 805.307
stat.node.1.llc.avg_cxl_lat = 805.307
stat.node.1.llc.miss_lat_hist_bin_ns = 10
stat.node.1.llc.miss_lat_hist = [0,0,0,0,0,0,0,0,0,0,0,0,0,0,0,0,0,0,0,0,0,0,0,0,0,0,0,0,0,1,95,586,205,86,72,66,78,82,105,122,2]
stat.node.1.util.dram_avg = 1.09935e-05
stat.node.1.walltime_s = 20.0024
stat.node.1.active_time_s = 11.6889
stat.node.2.cpu.0.load_issue_to_complete_count = 1499
stat.node.2.cpu.0.avg_load_issue_to_complete_lat = 988.977
stat.node.2.injector.phase_cycles = 1485775
stat.node.2.injector.request_bytes = 47104
stat.node.2.injector.response_bytes = 376832
stat.node.2.injector.aggregate_bytes = 423936
stat.node.2.injector.request_gbps = 0.608704
stat.node.2.injector.response_gbps = 4.86963
stat.node.2.injector.aggregate_gbps = 5.47833
stat.node.2.llc.cxl_miss = 1500
stat.node.2.llc.total_miss = 1500
stat.node.2.llc.avg_miss_lat = 805.174
stat.node.2.llc.avg_cxl_lat = 805.174
stat.node.2.llc.miss_lat_hist_bin_ns = 10
stat.node.2.llc.miss_lat_hist = [0,0,0,0,0,0,0,0,0,0,0,0,0,0,0,0,0,0,0,0,0,0,0,0,0,0,0,0,0,1,79,580,247,80,60,69,67,80,133,99,5]
stat.node.2.util.dram_avg = 1.09933e-05
stat.node.2.walltime_s = 20.0028
stat.node.2.active_time_s = 11.5536
stat.pool.100.util.mem_avg = 0.159945
stat.pool.100.util.req_link_avg = 0.124966
stat.pool.100.walltime_s = 20.0144
stat.pool.100.active_time_s = 0.417441
stat.switch.replicated_messages = 0
stat.switch.util.node_ingress_avg = 0.0156217
stat.switch.util.pool_ingress_avg = 0.999522
stat.switch.bw.host_to_switch_gbps = 0.767854
stat.switch.bw.switch_to_host_gbps = 6.14107
stat.switch.bw.host_link_total_gbps = 6.90893
stat.switch.walltime_s = 20.0144
stat.switch.active_time_s = 1.23719
stat.node.3.cpu.0.load_issue_to_complete_count = 1499
stat.node.3.cpu.0.avg_load_issue_to_complete_lat = 989.66
stat.node.3.injector.phase_cycles = 1486775
stat.node.3.injector.request_bytes = 47136
stat.node.3.injector.response_bytes = 377088
stat.node.3.injector.aggregate_bytes = 424224
stat.node.3.injector.request_gbps = 0.608708
stat.node.3.injector.response_gbps = 4.86966
stat.node.3.injector.aggregate_gbps = 5.47837
stat.node.3.llc.cxl_miss = 1500
stat.node.3.llc.total_miss = 1500
stat.node.3.llc.avg_miss_lat = 805.691
stat.node.3.llc.avg_cxl_lat = 805.691
stat.node.3.llc.miss_lat_hist_bin_ns = 10
stat.node.3.llc.miss_lat_hist = [0,0,0,0,0,0,0,0,0,0,0,0,0,0,0,0,0,0,0,0,0,0,0,0,0,0,0,0,0,1,73,559,230,95,92,76,79,89,113,91,2]
stat.node.3.util.dram_avg = 1.09869e-05
stat.node.3.walltime_s = 20.0143
stat.node.3.active_time_s = 11.6589
Simulation is complete, simulated time: 910.901 us
