stat.node.0.cpu.0.retired = 508
stat.node.0.cpu.0.cycles = 1000000
stat.node.1.cpu.0.retired = 509
stat.node.1.cpu.0.cycles = 1000000
stat.node.2.cpu.0.retired = 511
stat.node.2.cpu.0.cycles = 1000000
stat.node.3.cpu.0.retired = 510
stat.node.3.cpu.0.cycles = 1000000
stat.node.4.cpu.0.retired = 512
stat.node.4.cpu.0.cycles = 1000000
stat.node.5.cpu.0.retired = 510
stat.node.5.cpu.0.cycles = 1000000
stat.node.6.cpu.0.retired = 510
stat.node.6.cpu.0.cycles = 1000000
stat.node.7.cpu.0.retired = 513
stat.node.7.cpu.0.cycles = 1000000
stat.node.7.cpu.0.load_issue_to_complete_count = 299
stat.node.7.cpu.0.avg_load_issue_to_complete_lat = 1564.89
stat.node.7.injector.phase_cycles = 469625
stat.node.7.injector.request_bytes = 101608
stat.node.7.injector.response_bytes = 128256
stat.node.7.injector.aggregate_bytes = 229864
stat.node.7.injector.request_gbps = 4.15411
stat.node.7.injector.response_gbps = 5.24358
stat.node.7.injector.aggregate_gbps = 9.39769
stat.node.7.llc.cxl_miss = 300
stat.node.7.llc.total_miss = 300
stat.node.7.llc.avg_miss_lat = 1169.54
stat.node.7.llc.avg_cxl_lat = 1169.54
stat.node.7.llc.miss_lat_hist_bin_ns = 10
stat.node.7.llc.miss_lat_hist = [0,0,0,0,0,0,0,0,0,0,0,0,0,0,0,0,0,0,0,0,0,0,0,0,0,0,0,0,0,0,0,0,0,0,0,0,0,0,0,0,2,3,4,5,4,8,20,119,54,22,6,9,4,11,10,15,3,1]
stat.node.7.util.dram_avg = 2.13125e-05
stat.node.7.walltime_s = 17.3445
stat.node.7.active_time_s = 9.58203
stat.node.4.cpu.0.load_issue_to_complete_count = 299
stat.node.4.cpu.0.avg_load_issue_to_complete_lat = 1571.66
stat.node.4.injector.phase_cycles = 471625
stat.node.4.injector.request_bytes = 101920
stat.node.4.injector.response_bytes = 128768
stat.node.4.injector.aggregate_bytes = 230688
stat.node.4.injector.request_gbps = 4.14919
stat.node.4.injector.response_gbps = 5.24219
stat.node.4.injector.aggregate_gbps = 9.39138
stat.node.4.llc.cxl_miss = 300
stat.node.4.llc.total_miss = 300
stat.node.4.llc.avg_miss_lat = 1172.29
stat.node.4.llc.avg_cxl_lat = 1172.29
stat.node.4.llc.miss_lat_hist_bin_ns = 10
stat.node.4.llc.miss_lat_hist = [0,0,0,0,0,0,0,0,0,0,0,0,0,0,0,0,0,0,0,0,0,0,0,0,0,0,0,0,0,0,0,0,0,0,0,0,0,0,0,0,3,1,1,6,5,2,20,115,66,30,4,4,3,5,12,15,8]
stat.node.4.util.dram_avg = 2.12869e-05
stat.node.4.walltime_s = 17.3688
stat.node.4.active_time_s = 7.56227
stat.node.5.cpu.0.load_issue_to_complete_count = 299
stat.node.5.cpu.0.avg_load_issue_to_complete_lat = 1560.04
stat.node.5.injector.phase_cycles = 468175
stat.node.5.injector.request_bytes = 101232
stat.node.5.injector.response_bytes = 127872
stat.node.5.injector.aggregate_bytes = 229104
stat.node.5.injector.request_gbps = 4.15156
stat.node.5.injector.response_gbps = 5.24407
stat.node.5.injector.aggregate_gbps = 9.39563
stat.node.5.llc.cxl_miss = 300
stat.node.5.llc.total_miss = 300
stat.node.5.llc.avg_miss_lat = 1162.37
stat.node.5.llc.avg_cxl_lat = 1162.37
stat.node.5.llc.miss_lat_hist_bin_ns = 10
stat.node.5.llc.miss_lat_hist = [0,0,0,0,0,0,0,0,0,0,0,0,0,0,0,0,0,0,0,0,0,0,0,0,0,0,0,0,0,0,0,0,0,0,0,0,0,0,0,0,2,4,3,8,3,4,17,141,61,15,7,1,1,4,11,8,10]
stat.node.5.util.dram_avg = 2.12549e-05
stat.node.5.walltime_s = 17.3995
stat.node.5.active_time_s = 11.1167
stat.node.2.cpu.0.load_issue_to_complete_count = 299
stat.node.2.cpu.0.avg_load_issue_to_complete_lat = 1571.74
stat.node.2.injector.phase_cycles = 471675
stat.node.2.injector.request_bytes = 102000
stat.node.2.injector.response_bytes = 128832
stat.node.2.injector.aggregate_bytes = 230832
stat.node.2.injector.request_gbps = 4.15201
stat.node.2.injector.response_gbps = 5.24423
stat.node.2.injector.aggregate_gbps = 9.39625
stat.node.2.llc.cxl_miss = 300
stat.node.2.llc.total_miss = 300
stat.node.2.llc.avg_miss_lat = 1175.29
stat.node.2.llc.avg_cxl_lat = 1175.29
stat.node.2.llc.miss_lat_hist_bin_ns = 10
stat.node.2.llc.miss_lat_hist = [0,0,0,0,0,0,0,0,0,0,0,0,0,0,0,0,0,0,0,0,0,0,0,0,0,0,0,0,0,0,0,0,0,0,0,0,0,0,0,0,1,3,6,3,4,4,17,115,54,27,12,6,4,8,8,19,9]
stat.node.2.util.dram_avg = 2.12464e-05
stat.node.2.walltime_s = 17.4078
stat.node.2.active_time_s = 7.57241
stat.node.6.cpu.0.load_issue_to_complete_count = 299
stat.node.6.cpu.0.avg_load_issue_to_complete_lat = 1573.33
stat.node.6.injector.phase_cycles = 472100
stat.node.6.injector.request_bytes = 102072
stat.node.6.injector.response_bytes = 128960
stat.node.6.injector.aggregate_bytes = 231032
stat.node.6.injector.request_gbps = 4.1512
stat.node.6.injector.response_gbps = 5.24472
stat.node.6.injector.aggregate_gbps = 9.39592
stat.node.6.llc.cxl_miss = 300
stat.node.6.llc.total_miss = 300
stat.node.6.llc.avg_miss_lat = 1174.2
stat.node.6.llc.avg_cxl_lat = 1174.2
stat.node.6.llc.miss_lat_hist_bin_ns = 10
stat.node.6.llc.miss_lat_hist = [0,0,0,0,0,0,0,0,0,0,0,0,0,0,0,0,0,0,0,0,0,0,0,0,0,0,0,0,0,0,0,0,0,0,0,0,0,0,0,2,1,1,3,4,3,3,12,124,62,22,13,8,3,8,11,11,9]
stat.node.6.util.dram_avg = 2.1238e-05
stat.node.6.walltime_s = 17.4159
stat.node.6.active_time_s = 7.60314
stat.node.3.cpu.0.load_issue_to_complete_count = 299
stat.node.3.cpu.0.avg_load_issue_to_complete_lat = 1571.83
stat.node.3.injector.phase_cycles = 471725
stat.node.3.injector.request_bytes = 102008
stat.node.3.injector.response_bytes = 128832
stat.node.3.injector.aggregate_bytes = 230840
stat.node.3.injector.request_gbps = 4.1519
stat.node.3.injector.response_gbps = 5.24368
stat.node.3.injector.aggregate_gbps = 9.39558
stat.node.3.llc.cxl_miss = 300
stat.node.3.llc.total_miss = 300
stat.node.3.llc.avg_miss_lat = 1172.45
stat.node.3.llc.avg_cxl_lat = 1172.45
stat.node.3.llc.miss_lat_hist_bin_ns = 10
stat.node.3.llc.miss_lat_hist = [0,0,0,0,0,0,0,0,0,0,0,0,0,0,0,0,0,0,0,0,0,0,0,0,0,0,0,0,0,0,0,0,0,0,0,0,0,0,1,0,1,3,3,5,2,5,17,119,58,20,17,5,7,5,12,13,7]
stat.node.3.util.dram_avg = 2.12197e-05
stat.node.3.walltime_s = 17.4335
stat.node.3.active_time_s = 11.8625
stat.node.1.cpu.0.load_issue_to_complete_count = 299
stat.node.1.cpu.0.avg_load_issue_to_complete_lat = 1567.14
stat.node.1.injector.phase_cycles = 470300
stat.node.1.injector.request_bytes = 101696
stat.node.1.injector.response_bytes = 128448
stat.node.1.injector.aggregate_bytes = 230144
stat.node.1.injector.request_gbps = 4.15174
stat.node.1.injector.response_gbps = 5.24389
stat.node.1.injector.aggregate_gbps = 9.39563
stat.node.1.llc.cxl_miss = 300
stat.node.1.llc.total_miss = 300
stat.node.1.llc.avg_miss_lat = 1167.87
stat.node.1.llc.avg_cxl_lat = 1167.87
stat.node.1.llc.miss_lat_hist_bin_ns = 10
stat.node.1.llc.miss_lat_hist = [0,0,0,0,0,0,0,0,0,0,0,0,0,0,0,0,0,0,0,0,0,0,0,0,0,0,0,0,0,0,0,0,0,0,0,0,0,0,0,1,2,4,3,5,4,4,24,122,54,17,13,5,6,8,8,10,10]
stat.node.1.util.dram_avg = 2.12065e-05
stat.node.1.walltime_s = 17.4461
stat.node.1.active_time_s = 7.9052
stat.node.0.cpu.0.load_issue_to_complete_count = 299
stat.node.0.cpu.0.avg_load_issue_to_complete_lat = 1578.85
stat.node.0.injector.phase_cycles = 473775
stat.node.0.injector.request_bytes = 102448
stat.node.0.injector.response_bytes = 129408
stat.node.0.injector.aggregate_bytes = 231856
stat.node.0.injector.request_gbps = 4.15176
stat.node.0.injector.response_gbps = 5.24433
stat.node.0.injector.aggregate_gbps = 9.3961
stat.node.0.llc.cxl_miss = 300
stat.node.0.llc.total_miss = 300
stat.node.0.llc.avg_miss_lat = 1178.54
stat.node.0.llc.avg_cxl_lat = 1178.54
stat.node.0.llc.miss_lat_hist_bin_ns = 10
stat.node.0.llc.miss_lat_hist = [0,0,0,0,0,0,0,0,0,0,0,0,0,0,0,0,0,0,0,0,0,0,0,0,0,0,0,0,0,0,0,0,0,0,0,0,0,0,1,1,2,3,1,1,3,1,18,116,58,21,20,5,6,6,7,19,10,1]
stat.node.0.util.dram_avg = 2.11673e-05
stat.node.0.walltime_s = 17.484
stat.node.0.active_time_s = 9.54648
stat.pool.100.util.mem_avg = 0.250888
stat.pool.100.util.req_link_avg = 0.693726
stat.pool.100.walltime_s = 17.484
stat.pool.100.active_time_s = 0.558528
stat.switch.replicated_messages = 0
stat.switch.util.node_ingress_avg = 0.0867319
stat.switch.util.pool_ingress_avg = 0.998958
stat.switch.bw.host_to_switch_gbps = 4.26408
stat.switch.bw.switch_to_host_gbps = 6.13761
stat.switch.bw.host_link_total_gbps = 10.4017
stat.switch.walltime_s = 17.4841
stat.switch.active_time_s = 1.10571
Simulation is complete, simulated time: 472.806 us
