stat.node.3.cpu.0.retired = 686
stat.node.3.cpu.0.cycles = 1000000
stat.node.4.cpu.0.retired = 681
stat.node.4.cpu.0.cycles = 1000000
stat.node.5.cpu.0.retired = 683
stat.node.5.cpu.0.cycles = 1000000
stat.node.6.cpu.0.retired = 684
stat.node.6.cpu.0.cycles = 1000000
stat.node.7.cpu.0.retired = 680
stat.node.7.cpu.0.cycles = 1000000
stat.node.0.cpu.0.retired = 683
stat.node.0.cpu.0.cycles = 1000000
stat.node.1.cpu.0.retired = 683
stat.node.1.cpu.0.cycles = 1000000
stat.node.2.cpu.0.retired = 679
stat.node.2.cpu.0.cycles = 1000000
stat.node.3.cpu.0.retired = 1598
stat.node.3.cpu.0.cycles = 2000000
stat.node.4.cpu.0.retired = 1590
stat.node.4.cpu.0.cycles = 2000000
stat.node.5.cpu.0.retired = 1593
stat.node.5.cpu.0.cycles = 2000000
stat.node.6.cpu.0.retired = 1592
stat.node.6.cpu.0.cycles = 2000000
stat.node.2.cpu.0.retired = 1588
stat.node.2.cpu.0.cycles = 2000000
stat.node.7.cpu.0.retired = 1588
stat.node.7.cpu.0.cycles = 2000000
stat.node.0.cpu.0.retired = 1600
stat.node.1.cpu.0.retired = 1592
stat.node.1.cpu.0.cycles = 2000000
stat.node.0.cpu.0.cycles = 2000000
stat.node.0.cpu.0.retired = 2577
stat.node.2.cpu.0.retired = 2566
stat.node.2.cpu.0.cycles = 3000000
stat.node.7.cpu.0.retired = 2559
stat.node.7.cpu.0.cycles = 3000000
stat.node.1.cpu.0.retired = 2566
stat.node.1.cpu.0.cycles = 3000000
stat.node.6.cpu.0.retired = 2570
stat.node.6.cpu.0.cycles = 3000000
stat.node.3.cpu.0.retired = 2577
stat.node.3.cpu.0.cycles = 3000000
stat.node.4.cpu.0.retired = 2563
stat.node.4.cpu.0.cycles = 3000000
stat.node.5.cpu.0.retired = 2570
stat.node.5.cpu.0.cycles = 3000000
stat.node.0.cpu.0.cycles = 3000000
stat.node.4.cpu.0.retired = 3576
stat.node.4.cpu.0.cycles = 4000000
stat.node.0.cpu.0.retired = 3590
stat.node.5.cpu.0.retired = 3582
stat.node.5.cpu.0.cycles = 4000000
stat.node.2.cpu.0.retired = 3579
stat.node.2.cpu.0.cycles = 4000000
stat.node.7.cpu.0.retired = 3568
stat.node.7.cpu.0.cycles = 4000000
stat.node.1.cpu.0.retired = 3580
stat.node.1.cpu.0.cycles = 4000000
stat.node.6.cpu.0.retired = 3584
stat.node.6.cpu.0.cycles = 4000000
stat.node.3.cpu.0.retired = 3592
stat.node.3.cpu.0.cycles = 4000000
stat.node.0.cpu.0.cycles = 4000000
stat.node.4.cpu.0.retired = 4608
stat.node.4.cpu.0.cycles = 5000000
stat.node.0.cpu.0.retired = 4622
stat.node.0.cpu.0.cycles = 5000000
stat.node.3.cpu.0.retired = 4629
stat.node.3.cpu.0.cycles = 5000000
stat.node.5.cpu.0.retired = 4618
stat.node.5.cpu.0.cycles = 5000000
stat.node.2.cpu.0.retired = 4611
stat.node.2.cpu.0.cycles = 5000000
stat.node.7.cpu.0.retired = 4603
stat.node.7.cpu.0.cycles = 5000000
stat.node.1.cpu.0.retired = 4612
stat.node.1.cpu.0.cycles = 5000000
stat.node.6.cpu.0.retired = 4617
stat.node.6.cpu.0.cycles = 5000000
stat.node.3.cpu.0.load_issue_to_complete_count = 3999
stat.node.3.cpu.0.avg_load_issue_to_complete_lat = 997.642
stat.node.3.injector.phase_cycles = 3994743
stat.node.3.injector.request_bytes = 412136
stat.node.3.injector.response_bytes = 1745664
stat.node.3.injector.aggregate_bytes = 2157800
stat.node.3.injector.request_gbps = 1.98086
stat.node.3.injector.response_gbps = 8.39021
stat.node.3.injector.aggregate_gbps = 10.3711
stat.node.3.llc.cxl_miss = 4000
stat.node.3.llc.total_miss = 4000
stat.node.3.llc.avg_miss_lat = 889.236
stat.node.3.llc.avg_cxl_lat = 889.236
stat.node.3.llc.miss_lat_hist_bin_ns = 10
stat.node.3.llc.miss_lat_hist = [0,0,0,0,0,0,0,0,0,0,0,0,0,0,0,0,0,0,0,0,0,0,0,0,0,0,390,162,31,47,25,110,62,105,211,358,155,198,336,347,222,272,405,419,137,8]
stat.node.3.util.dram_avg = 4.48222e-06
stat.node.3.walltime_s = 2241.23
stat.node.3.active_time_s = 104.918
stat.node.0.cpu.0.load_issue_to_complete_count = 3999
stat.node.0.cpu.0.avg_load_issue_to_complete_lat = 999.403
stat.node.0.injector.phase_cycles = 4001783
stat.node.0.injector.request_bytes = 412904
stat.node.0.injector.response_bytes = 1748800
stat.node.0.injector.aggregate_bytes = 2161704
stat.node.0.injector.request_gbps = 1.98106
stat.node.0.injector.response_gbps = 8.3905
stat.node.0.injector.aggregate_gbps = 10.3716
stat.node.0.llc.cxl_miss = 4000
stat.node.0.llc.total_miss = 4000
stat.node.0.llc.avg_miss_lat = 890.948
stat.node.0.llc.avg_cxl_lat = 890.948
stat.node.0.llc.miss_lat_hist_bin_ns = 10
stat.node.0.llc.miss_lat_hist = [0,0,0,0,0,0,0,0,0,0,0,0,0,0,0,0,0,0,0,0,0,0,0,0,0,0,424,137,21,15,26,129,46,95,233,361,171,182,324,341,208,324,326,497,133,7]
stat.node.0.util.dram_avg = 4.47625e-06
stat.node.0.walltime_s = 2243.89
stat.node.0.active_time_s = 93.2801
stat.node.5.cpu.0.load_issue_to_complete_count = 3999
stat.node.5.cpu.0.avg_load_issue_to_complete_lat = 999.988
stat.node.5.injector.phase_cycles = 4004170
stat.node.5.injector.request_bytes = 413152
stat.node.5.injector.response_bytes = 1749760
stat.node.5.injector.aggregate_bytes = 2162912
stat.node.5.injector.request_gbps = 1.98106
stat.node.5.injector.response_gbps = 8.3901
stat.node.5.injector.aggregate_gbps = 10.3712
stat.node.5.llc.cxl_miss = 4000
stat.node.5.llc.total_miss = 4000
stat.node.5.llc.avg_miss_lat = 891.465
stat.node.5.llc.avg_cxl_lat = 891.465
stat.node.5.llc.miss_lat_hist_bin_ns = 10
stat.node.5.llc.miss_lat_hist = [0,0,0,0,0,0,0,0,0,0,0,0,0,0,0,0,0,0,0,0,0,0,0,0,0,0,376,145,22,18,24,119,106,110,218,342,173,184,340,334,267,253,382,449,133,5]
stat.node.5.util.dram_avg = 4.47209e-06
stat.node.5.walltime_s = 2248.35
stat.node.5.active_time_s = 102.021
stat.node.6.cpu.0.load_issue_to_complete_count = 3999
stat.node.6.cpu.0.avg_load_issue_to_complete_lat = 1000.09
stat.node.6.injector.phase_cycles = 4004520
stat.node.6.injector.request_bytes = 413184
stat.node.6.injector.response_bytes = 1750016
stat.node.6.injector.aggregate_bytes = 2163200
stat.node.6.injector.request_gbps = 1.98104
stat.node.6.injector.response_gbps = 8.3906
stat.node.6.injector.aggregate_gbps = 10.3716
stat.node.6.llc.cxl_miss = 4000
stat.node.6.llc.total_miss = 4000
stat.node.6.llc.avg_miss_lat = 891.634
stat.node.6.llc.avg_cxl_lat = 891.634
stat.node.6.llc.miss_lat_hist_bin_ns = 10
stat.node.6.llc.miss_lat_hist = [0,0,0,0,0,0,0,0,0,0,0,0,0,0,0,0,0,0,0,0,0,0,0,0,0,0,364,139,26,37,50,122,41,121,237,361,188,187,330,327,209,231,450,433,141,6]
stat.node.6.util.dram_avg = 4.47192e-06
stat.node.6.walltime_s = 2248.36
stat.node.6.active_time_s = 85.3018
stat.node.2.cpu.0.load_issue_to_complete_count = 3999
stat.node.2.cpu.0.avg_load_issue_to_complete_lat = 999.267
stat.node.2.injector.phase_cycles = 4001384
stat.node.2.injector.request_bytes = 412864
stat.node.2.injector.response_bytes = 1748544
stat.node.2.injector.aggregate_bytes = 2161408
stat.node.2.injector.request_gbps = 1.98106
stat.node.2.injector.response_gbps = 8.39011
stat.node.2.injector.aggregate_gbps = 10.3712
stat.node.2.llc.cxl_miss = 4000
stat.node.2.llc.total_miss = 4000
stat.node.2.llc.avg_miss_lat = 890.96
stat.node.2.llc.avg_cxl_lat = 890.96
stat.node.2.llc.miss_lat_hist_bin_ns = 10
stat.node.2.llc.miss_lat_hist = [0,0,0,0,0,0,0,0,0,0,0,0,0,0,0,0,0,0,0,0,0,0,0,0,0,0,376,156,8,12,27,158,33,105,268,397,152,160,333,380,202,264,378,425,160,6]
stat.node.2.util.dram_avg = 4.46879e-06
stat.node.2.walltime_s = 2248.84
stat.node.2.active_time_s = 85.9653
stat.node.1.cpu.0.load_issue_to_complete_count = 3999
stat.node.1.cpu.0.avg_load_issue_to_complete_lat = 1001.19
stat.node.1.injector.phase_cycles = 4009017
stat.node.1.injector.request_bytes = 413624
stat.node.1.injector.response_bytes = 1751808
stat.node.1.injector.aggregate_bytes = 2165432
stat.node.1.injector.request_gbps = 1.98093
stat.node.1.injector.response_gbps = 8.38977
stat.node.1.injector.aggregate_gbps = 10.3707
stat.node.1.llc.cxl_miss = 4000
stat.node.1.llc.total_miss = 4000
stat.node.1.llc.avg_miss_lat = 892.786
stat.node.1.llc.avg_cxl_lat = 892.786
stat.node.1.llc.miss_lat_hist_bin_ns = 10
stat.node.1.llc.miss_lat_hist = [0,0,0,0,0,0,0,0,0,0,0,0,0,0,0,0,0,0,0,0,0,0,0,0,0,0,276,159,144,18,62,129,49,71,214,306,227,223,326,337,201,285,342,375,196,59,1]
stat.node.1.util.dram_avg = 4.46691e-06
stat.node.1.walltime_s = 2250.96
stat.node.1.active_time_s = 89.9884
stat.node.4.cpu.0.load_issue_to_complete_count = 3999
stat.node.4.cpu.0.avg_load_issue_to_complete_lat = 1002.19
stat.node.4.injector.phase_cycles = 4012971
stat.node.4.injector.request_bytes = 414032
stat.node.4.injector.response_bytes = 1753536
stat.node.4.injector.aggregate_bytes = 2167568
stat.node.4.injector.request_gbps = 1.98093
stat.node.4.injector.response_gbps = 8.38977
stat.node.4.injector.aggregate_gbps = 10.3707
stat.node.4.llc.cxl_miss = 4000
stat.node.4.llc.total_miss = 4000
stat.node.4.llc.avg_miss_lat = 893.644
stat.node.4.llc.avg_cxl_lat = 893.644
stat.node.4.llc.miss_lat_hist_bin_ns = 10
stat.node.4.llc.miss_lat_hist = [0,0,0,0,0,0,0,0,0,0,0,0,0,0,0,0,0,0,0,0,0,0,0,0,0,0,420,137,20,8,38,104,41,102,255,290,184,205,311,348,234,295,388,440,162,18]
stat.node.4.util.dram_avg = 4.46253e-06
stat.node.4.walltime_s = 2252.37
stat.node.4.active_time_s = 85.4994
stat.node.7.cpu.0.load_issue_to_complete_count = 3999
stat.node.7.cpu.0.avg_load_issue_to_complete_lat = 1001.69
stat.node.7.injector.phase_cycles = 4010960
stat.node.7.injector.request_bytes = 413856
stat.node.7.injector.response_bytes = 1752768
stat.node.7.injector.aggregate_bytes = 2166624
stat.node.7.injector.request_gbps = 1.98108
stat.node.7.injector.response_gbps = 8.3903
stat.node.7.injector.aggregate_gbps = 10.3714
stat.node.7.llc.cxl_miss = 4000
stat.node.7.llc.total_miss = 4000
stat.node.7.llc.avg_miss_lat = 893.196
stat.node.7.llc.avg_cxl_lat = 893.196
stat.node.7.llc.miss_lat_hist_bin_ns = 10
stat.node.7.llc.miss_lat_hist = [0,0,0,0,0,0,0,0,0,0,0,0,0,0,0,0,0,0,0,0,0,0,0,0,0,0,388,138,14,15,18,141,64,135,208,386,149,121,328,423,186,268,386,480,141,11]
stat.node.7.util.dram_avg = 4.46098e-06
stat.node.7.walltime_s = 2252.53
stat.node.7.active_time_s = 101.177
stat.pool.101.util.mem_avg = 0.149183
stat.pool.101.util.req_link_avg = 0.249302
stat.pool.101.walltime_s = 2252.53
stat.pool.101.active_time_s = 3.63805
stat.pool.100.util.mem_avg = 0.149183
stat.pool.100.util.req_link_avg = 0.249303
stat.pool.100.walltime_s = 2252.53
stat.pool.100.active_time_s = 3.95183
stat.switch.replicated_messages = 65312
stat.switch.util.node_ingress_avg = 0.0433657
stat.switch.util.pool_ingress_avg = 0.780664
stat.switch.bw.host_to_switch_gbps = 2.13156
stat.switch.bw.switch_to_host_gbps = 9.59279
stat.switch.bw.host_link_total_gbps = 11.7243
stat.switch.walltime_s = 2252.53
stat.switch.active_time_s = 11.9192
Simulation is complete, simulated time: 2.24345 ms
