stat.node.1.cpu.0.retired = 151
stat.node.1.cpu.0.cycles = 1000000
stat.node.2.cpu.0.retired = 171
stat.node.3.cpu.0.retired = 199
stat.node.3.cpu.0.cycles = 1000000
stat.node.4.cpu.0.retired = 201
stat.node.4.cpu.0.cycles = 1000000
stat.node.5.cpu.0.retired = 180
stat.node.5.cpu.0.cycles = 1000000
stat.node.6.cpu.0.retired = 186
stat.node.6.cpu.0.cycles = 1000000
stat.node.7.cpu.0.retired = 172
stat.node.7.cpu.0.cycles = 1000000
stat.node.0.cpu.0.retired = 164
stat.node.0.cpu.0.cycles = 1000000
stat.node.2.cpu.0.cycles = 1000000
stat.node.7.cpu.0.retired = 361
stat.node.7.cpu.0.cycles = 2000000
stat.node.1.cpu.0.retired = 338
stat.node.1.cpu.0.cycles = 2000000
stat.node.0.cpu.0.retired = 352
stat.node.0.cpu.0.cycles = 2000000
stat.node.3.cpu.0.retired = 389
stat.node.3.cpu.0.cycles = 2000000
stat.node.4.cpu.0.retired = 395
stat.node.4.cpu.0.cycles = 2000000
stat.node.5.cpu.0.retired = 369
stat.node.5.cpu.0.cycles = 2000000
stat.node.6.cpu.0.retired = 375
stat.node.6.cpu.0.cycles = 2000000
stat.node.2.cpu.0.retired = 359
stat.node.2.cpu.0.cycles = 2000000
stat.node.3.cpu.0.retired = 619
stat.node.4.cpu.0.retired = 627
stat.node.4.cpu.0.cycles = 3000000
stat.node.5.cpu.0.retired = 599
stat.node.5.cpu.0.cycles = 3000000
stat.node.2.cpu.0.retired = 586
stat.node.2.cpu.0.cycles = 3000000
stat.node.6.cpu.0.retired = 602
stat.node.6.cpu.0.cycles = 3000000
stat.node.7.cpu.0.retired = 588
stat.node.7.cpu.0.cycles = 3000000
stat.node.1.cpu.0.retired = 555
stat.node.1.cpu.0.cycles = 3000000
stat.node.0.cpu.0.retired = 578
stat.node.0.cpu.0.cycles = 3000000
stat.node.3.cpu.0.cycles = 3000000
stat.node.2.cpu.0.retired = 825
stat.node.2.cpu.0.cycles = 4000000
stat.node.6.cpu.0.retired = 840
stat.node.6.cpu.0.cycles = 4000000
stat.node.7.cpu.0.retired = 822
stat.node.7.cpu.0.cycles = 4000000
stat.node.5.cpu.0.retired = 838
stat.node.5.cpu.0.cycles = 4000000
stat.node.0.cpu.0.retired = 813
stat.node.0.cpu.0.cycles = 4000000
stat.node.4.cpu.0.retired = 868
stat.node.4.cpu.0.cycles = 4000000
stat.node.3.cpu.0.retired = 859
stat.node.3.cpu.0.cycles = 4000000
stat.node.1.cpu.0.retired = 789
stat.node.1.cpu.0.cycles = 4000000
stat.node.4.cpu.0.retired = 1116
stat.node.4.cpu.0.cycles = 5000000
stat.node.2.cpu.0.retired = 1074
stat.node.2.cpu.0.cycles = 5000000
stat.node.6.cpu.0.retired = 1087
stat.node.6.cpu.0.cycles = 5000000
stat.node.3.cpu.0.retired = 1108
stat.node.3.cpu.0.cycles = 5000000
stat.node.7.cpu.0.retired = 1070
stat.node.7.cpu.0.cycles = 5000000
stat.node.5.cpu.0.retired = 1084
stat.node.5.cpu.0.cycles = 5000000
stat.node.0.cpu.0.retired = 1060
stat.node.0.cpu.0.cycles = 5000000
stat.node.1.cpu.0.retired = 1044
stat.node.1.cpu.0.cycles = 5000000
stat.node.4.cpu.0.retired = 1368
stat.node.4.cpu.0.cycles = 6000000
stat.node.2.cpu.0.retired = 1324
stat.node.2.cpu.0.cycles = 6000000
stat.node.6.cpu.0.retired = 1341
stat.node.6.cpu.0.cycles = 6000000
stat.node.3.cpu.0.retired = 1356
stat.node.3.cpu.0.cycles = 6000000
stat.node.7.cpu.0.retired = 1324
stat.node.7.cpu.0.cycles = 6000000
stat.node.5.cpu.0.retired = 1337
stat.node.5.cpu.0.cycles = 6000000
stat.node.1.cpu.0.retired = 1291
stat.node.0.cpu.0.retired = 1313
stat.node.0.cpu.0.cycles = 6000000
stat.node.1.cpu.0.cycles = 6000000
stat.node.5.cpu.0.retired = 1588
stat.node.5.cpu.0.cycles = 7000000
stat.node.4.cpu.0.retired = 1620
stat.node.4.cpu.0.cycles = 7000000
stat.node.2.cpu.0.retired = 1580
stat.node.2.cpu.0.cycles = 7000000
stat.node.6.cpu.0.retired = 1595
stat.node.6.cpu.0.cycles = 7000000
stat.node.3.cpu.0.retired = 1607
stat.node.3.cpu.0.cycles = 7000000
stat.node.7.cpu.0.retired = 1578
stat.node.7.cpu.0.cycles = 7000000
stat.node.1.cpu.0.retired = 1544
stat.node.1.cpu.0.cycles = 7000000
stat.node.0.cpu.0.retired = 1567
stat.node.0.cpu.0.cycles = 7000000
stat.node.5.cpu.0.retired = 1842
stat.node.5.cpu.0.cycles = 8000000
stat.node.4.cpu.0.retired = 1873
stat.node.4.cpu.0.cycles = 8000000
stat.node.2.cpu.0.retired = 1836
stat.node.2.cpu.0.cycles = 8000000
stat.node.6.cpu.0.retired = 1846
stat.node.6.cpu.0.cycles = 8000000
stat.node.3.cpu.0.retired = 1863
stat.node.3.cpu.0.cycles = 8000000
stat.node.0.cpu.0.retired = 1823
stat.node.0.cpu.0.cycles = 8000000
stat.node.1.cpu.0.retired = 1804
stat.node.1.cpu.0.cycles = 8000000
stat.node.7.cpu.0.retired = 1832
stat.node.7.cpu.0.cycles = 8000000
stat.node.4.cpu.0.load_issue_to_complete_count = 1499
stat.node.4.cpu.0.avg_load_issue_to_complete_lat = 4016.56
stat.node.4.injector.phase_cycles = 6029855
stat.node.4.injector.request_bytes = 1967696
stat.node.4.injector.response_bytes = 800448
stat.node.4.injector.aggregate_bytes = 2768144
stat.node.4.injector.request_gbps = 6.26545
stat.node.4.injector.response_gbps = 2.54875
stat.node.4.injector.aggregate_gbps = 8.8142
stat.node.4.llc.cxl_miss = 1500
stat.node.4.llc.total_miss = 1500
stat.node.4.llc.avg_miss_lat = 3760.06
stat.node.4.llc.avg_cxl_lat = 3760.06
stat.node.4.llc.miss_lat_hist_bin_ns = 10
stat.node.4.llc.miss_lat_hist = [0,0,0,0,0,0,0,0,0,0,0,0,0,0,0,0,0,0,0,0,0,0,0,0,0,0,0,0,0,0,0,0,0,0,0,0,0,0,0,0,0,0,0,0,0,0,0,0,0,0,0,0,0,0,0,0,0,0,0,0,0,0,0,0,0,0,0,0,0,0,0,0,0,0,0,0,0,0,0,0,0,0,0,0,0,0,0,0,0,0,0,0,0,0,0,0,0,0,0,0,0,0,0,1,0,0,0,2,1,2,1,0,0,1,4,6,5,3,7,9,5,10,5,7,12,9,12,19,18,9,14,20,26,22,20,22,33,25,19,27,27,33,28,32,18,37,32,21,29,18,26,23,17,22,24,26,24,24,19,24,29,22,17,26,12,21,19,23,20,17,18,26,22,24,18,12,13,6,20,12,14,12,8,12,14,13,6,14,13,12,5,11,11,9,11,8,6,8,6,3,3,4,0,2,0,1,5,2,4,2,0,3,2,1,3,1,0,0,1,1,1,0,1,0,1,3,0,1,0,1,1,0,0,0,0,0,0,0,0,1,0,0,1,0,0,0,0,0,0,0,0,0,0,0,0,0,0,0,0,0,0,0,0,0,0,0,0,0,0,0,1]
stat.node.4.util.dram_avg = 2.8244e-06
stat.node.4.walltime_s = 3499.8
stat.node.4.active_time_s = 124.752
stat.node.3.cpu.0.load_issue_to_complete_count = 1499
stat.node.3.cpu.0.avg_load_issue_to_complete_lat = 4029.84
stat.node.3.injector.phase_cycles = 6049854
stat.node.3.injector.request_bytes = 1980848
stat.node.3.injector.response_bytes = 805760
stat.node.3.injector.aggregate_bytes = 2786608
stat.node.3.injector.request_gbps = 6.28648
stat.node.3.injector.response_gbps = 2.55718
stat.node.3.injector.aggregate_gbps = 8.84366
stat.node.3.llc.cxl_miss = 1500
stat.node.3.llc.total_miss = 1500
stat.node.3.llc.avg_miss_lat = 3770.38
stat.node.3.llc.avg_cxl_lat = 3770.38
stat.node.3.llc.miss_lat_hist_bin_ns = 10
stat.node.3.llc.miss_lat_hist = [0,0,0,0,0,0,0,0,0,0,0,0,0,0,0,0,0,0,0,0,0,0,0,0,0,0,0,0,0,0,0,0,0,0,0,0,0,0,0,0,0,0,0,0,0,0,0,0,0,0,0,0,0,0,0,0,0,0,0,0,0,0,0,0,0,0,0,0,0,0,0,0,0,0,0,0,0,0,0,0,0,0,0,0,0,0,0,0,0,0,0,0,0,0,0,0,0,0,1,0,0,1,0,0,0,0,1,1,2,2,1,2,0,4,4,2,2,4,13,12,5,7,9,11,10,19,12,13,16,21,16,17,26,25,19,21,20,15,9,31,32,15,24,15,24,33,29,36,26,25,29,19,29,19,28,29,25,17,28,22,31,24,22,25,22,21,27,21,23,18,7,13,25,17,20,7,15,17,16,11,10,12,9,5,13,11,10,7,10,8,5,7,10,4,7,4,5,1,6,9,7,5,2,8,3,2,6,4,4,5,3,3,3,1,1,2,2,1,3,4,1,1,1,1,3,0,0,1,1,1,1,1,0,0,0,0,0,0,0,1,0,0,0,0,0,1,0,0,0,0,0,2,0,0,0,0,0,0,0,0,0,0,0,0,2]
stat.node.3.util.dram_avg = 2.80804e-06
stat.node.3.walltime_s = 3518.68
stat.node.3.active_time_s = 163.305
stat.node.6.cpu.0.load_issue_to_complete_count = 1499
stat.node.6.cpu.0.avg_load_issue_to_complete_lat = 4022.49
stat.node.6.injector.phase_cycles = 6038163
stat.node.6.injector.request_bytes = 1972016
stat.node.6.injector.response_bytes = 802176
stat.node.6.injector.aggregate_bytes = 2774192
stat.node.6.injector.request_gbps = 6.27057
stat.node.6.injector.response_gbps = 2.55074
stat.node.6.injector.aggregate_gbps = 8.82131
stat.node.6.llc.cxl_miss = 1500
stat.node.6.llc.total_miss = 1500
stat.node.6.llc.avg_miss_lat = 3761.14
stat.node.6.llc.avg_cxl_lat = 3761.14
stat.node.6.llc.miss_lat_hist_bin_ns = 10
stat.node.6.llc.miss_lat_hist = [0,0,0,0,0,0,0,0,0,0,0,0,0,0,0,0,0,0,0,0,0,0,0,0,0,0,0,0,0,0,0,0,0,0,0,0,0,0,0,0,0,0,0,0,0,0,0,0,0,0,0,0,0,0,0,0,0,0,0,0,0,0,0,0,0,0,0,0,0,0,0,0,0,0,0,0,0,0,0,0,0,0,0,0,0,0,0,0,0,0,0,0,0,0,0,0,0,0,0,0,0,0,0,0,0,0,0,1,1,0,0,3,0,0,4,3,6,4,6,9,14,10,7,12,12,11,17,12,18,12,19,23,18,21,23,14,19,23,28,28,29,29,34,20,23,21,31,29,21,24,26,21,33,20,23,19,19,17,22,24,22,36,24,23,26,24,22,28,10,23,19,21,14,14,17,22,15,13,18,15,19,17,11,11,7,12,10,8,11,11,5,6,8,4,6,7,4,5,5,5,7,4,3,1,0,5,1,6,2,0,3,0,3,2,1,2,1,0,0,1,2,3,0,1,0,0,0,0,0,2,0,0,0,0,0,0,0,2,0,0,1,1,0,0,0,2,0,0,0,1,0,0,0,0,0,0,0,0,0,0,0,0,0,0,1,0,0,0,0,0,0,0,0,0,0,0,0,0,0,0,0,1]
stat.node.6.util.dram_avg = 2.79018e-06
stat.node.6.walltime_s = 3568.04
stat.node.6.active_time_s = 142.966
stat.node.5.cpu.0.load_issue_to_complete_count = 1499
stat.node.5.cpu.0.avg_load_issue_to_complete_lat = 4008.37
stat.node.5.injector.phase_cycles = 6018007
stat.node.5.injector.request_bytes = 1967768
stat.node.5.injector.response_bytes = 800512
stat.node.5.injector.aggregate_bytes = 2768280
stat.node.5.injector.request_gbps = 6.27802
stat.node.5.injector.response_gbps = 2.55397
stat.node.5.injector.aggregate_gbps = 8.83199
stat.node.5.llc.cxl_miss = 1500
stat.node.5.llc.total_miss = 1500
stat.node.5.llc.avg_miss_lat = 3747.68
stat.node.5.llc.avg_cxl_lat = 3747.68
stat.node.5.llc.miss_lat_hist_bin_ns = 10
stat.node.5.llc.miss_lat_hist = [0,0,0,0,0,0,0,0,0,0,0,0,0,0,0,0,0,0,0,0,0,0,0,0,0,0,0,0,0,0,0,0,0,0,0,0,0,0,0,0,0,0,0,0,0,0,0,0,0,0,0,0,0,0,0,0,0,0,0,0,0,0,0,0,0,0,0,0,0,0,0,0,0,0,0,0,0,0,0,0,0,0,0,0,0,0,0,0,0,0,0,0,0,0,0,0,0,0,0,0,0,0,0,1,1,0,0,0,2,1,1,1,3,2,4,1,0,1,9,7,9,8,7,16,8,17,15,12,14,7,24,21,24,27,23,25,23,28,26,31,26,38,17,25,21,21,26,40,15,32,28,20,23,32,32,36,22,23,21,27,27,23,25,22,16,21,19,19,14,18,12,12,19,18,15,15,13,14,9,10,9,14,13,15,13,7,10,8,6,7,11,8,6,7,6,6,5,5,4,3,4,4,5,7,2,3,6,3,1,1,3,3,2,2,2,1,1,3,1,2,1,1,3,0,1,1,0,0,0,1,1,0,2,0,0,0,0,0,0,0,1,1,0,0,0,0,0,0,1,0,0,0,0,0,0,0,0,1,0,0,0,0,0,0,1]
stat.node.5.util.dram_avg = 2.78867e-06
stat.node.5.walltime_s = 3577.38
stat.node.5.active_time_s = 182.2
stat.node.2.cpu.0.load_issue_to_complete_count = 1499
stat.node.2.cpu.0.avg_load_issue_to_complete_lat = 3999.47
stat.node.2.injector.phase_cycles = 6003268
stat.node.2.injector.request_bytes = 1970800
stat.node.2.injector.response_bytes = 801600
stat.node.2.injector.aggregate_bytes = 2772400
stat.node.2.injector.request_gbps = 6.30313
stat.node.2.injector.response_gbps = 2.56372
stat.node.2.injector.aggregate_gbps = 8.86685
stat.node.2.llc.cxl_miss = 1500
stat.node.2.llc.total_miss = 1500
stat.node.2.llc.avg_miss_lat = 3737.23
stat.node.2.llc.avg_cxl_lat = 3737.23
stat.node.2.llc.miss_lat_hist_bin_ns = 10
stat.node.2.llc.miss_lat_hist = [0,0,0,0,0,0,0,0,0,0,0,0,0,0,0,0,0,0,0,0,0,0,0,0,0,0,0,0,0,0,0,0,0,0,0,0,0,0,0,0,0,0,0,0,0,0,0,0,0,0,0,0,0,0,0,0,0,0,0,0,0,0,0,0,0,0,0,0,0,0,0,0,0,0,0,0,0,0,0,0,0,0,0,0,0,0,0,0,0,0,0,0,0,0,0,0,0,0,0,0,0,0,0,0,0,0,0,2,3,2,2,3,1,2,3,3,4,7,2,6,6,17,7,10,7,18,10,13,19,17,22,19,15,24,27,22,24,17,21,26,28,21,31,31,27,24,22,24,31,28,37,22,25,24,35,25,30,25,20,27,20,25,18,26,26,26,22,24,18,16,16,17,14,15,11,18,15,8,19,9,14,9,11,12,10,15,2,11,10,6,10,12,8,5,6,5,4,5,0,7,4,3,2,1,9,2,3,2,6,1,4,2,2,4,1,0,2,0,1,0,0,1,1,0,1,1,0,0,1,0,0,1,0,0,0,0,0,0,0,0,1,0,0,0,0,0,0,0,0,0,0,1]
stat.node.2.util.dram_avg = 2.77591e-06
stat.node.2.walltime_s = 3602.71
stat.node.2.active_time_s = 145.275
stat.node.7.cpu.0.load_issue_to_complete_count = 1499
stat.node.7.cpu.0.avg_load_issue_to_complete_lat = 4008.27
stat.node.7.injector.phase_cycles = 6017694
stat.node.7.injector.request_bytes = 1969720
stat.node.7.injector.response_bytes = 801344
stat.node.7.injector.aggregate_bytes = 2771064
stat.node.7.injector.request_gbps = 6.28457
stat.node.7.injector.response_gbps = 2.55676
stat.node.7.injector.aggregate_gbps = 8.84133
stat.node.7.llc.cxl_miss = 1500
stat.node.7.llc.total_miss = 1500
stat.node.7.llc.avg_miss_lat = 3748.02
stat.node.7.llc.avg_cxl_lat = 3748.02
stat.node.7.llc.miss_lat_hist_bin_ns = 10
stat.node.7.llc.miss_lat_hist = [0,0,0,0,0,0,0,0,0,0,0,0,0,0,0,0,0,0,0,0,0,0,0,0,0,0,0,0,0,0,0,0,0,0,0,0,0,0,0,0,0,0,0,0,0,0,0,0,0,0,0,0,0,0,0,0,0,0,0,0,0,0,0,0,0,0,0,0,0,0,0,0,0,0,0,0,0,0,0,0,0,0,0,0,0,0,0,0,0,0,0,0,0,0,0,0,0,0,0,0,0,0,0,2,1,0,0,0,2,1,1,1,3,3,1,3,2,5,6,8,3,13,11,12,15,19,19,10,16,9,12,16,21,14,17,19,24,16,31,19,34,24,35,28,28,28,26,30,25,32,37,34,30,26,28,20,19,26,20,18,25,25,26,23,20,15,20,17,20,20,22,12,26,13,16,19,14,12,17,14,11,20,15,12,7,10,9,10,8,6,9,7,4,3,4,8,5,3,4,4,6,1,6,2,2,5,4,2,3,2,0,2,3,3,1,1,1,0,2,1,1,0,2,0,2,2,1,3,0,1,0,0,1,0,0,0,0,0,0,0,0,0,1,0,0,1]
stat.node.7.util.dram_avg = 2.7733e-06
stat.node.7.walltime_s = 3613.54
stat.node.7.active_time_s = 158.81
stat.node.0.cpu.0.load_issue_to_complete_count = 1499
stat.node.0.cpu.0.avg_load_issue_to_complete_lat = 4005.47
stat.node.0.injector.phase_cycles = 6013503
stat.node.0.injector.request_bytes = 1971544
stat.node.0.injector.response_bytes = 801984
stat.node.0.injector.aggregate_bytes = 2773528
stat.node.0.injector.request_gbps = 6.29477
stat.node.0.injector.response_gbps = 2.56059
stat.node.0.injector.aggregate_gbps = 8.85536
stat.node.0.llc.cxl_miss = 1500
stat.node.0.llc.total_miss = 1500
stat.node.0.llc.avg_miss_lat = 3746.24
stat.node.0.llc.avg_cxl_lat = 3746.24
stat.node.0.llc.miss_lat_hist_bin_ns = 10
stat.node.0.llc.miss_lat_hist = [0,0,0,0,0,0,0,0,0,0,0,0,0,0,0,0,0,0,0,0,0,0,0,0,0,0,0,0,0,0,0,0,0,0,0,0,0,0,0,0,0,0,0,0,0,0,0,0,0,0,0,0,0,0,0,0,0,0,0,0,0,0,0,0,0,0,0,0,0,0,0,0,0,0,0,0,0,0,0,0,0,0,0,0,0,0,0,0,0,0,0,0,0,0,0,0,0,0,0,0,0,0,0,0,0,3,0,1,1,1,1,1,1,4,2,2,2,4,9,6,9,8,8,5,10,12,13,15,17,17,24,24,24,26,18,28,13,23,18,31,22,18,24,20,38,42,29,21,33,31,30,24,25,24,22,24,22,20,32,27,24,28,26,22,18,23,21,19,20,13,26,17,23,14,15,11,20,18,13,13,14,6,9,10,10,11,5,6,5,7,10,5,6,13,5,2,4,8,2,6,6,3,2,5,5,3,1,3,2,3,1,4,1,1,0,2,0,1,2,1,2,0,1,4,1,1,1,1,0,0,2,0,0,1,0,0,0,0,0,0,0,0,1,0,0,0,0,0,0,0,0,0,0,0,0,0,0,0,0,0,0,0,0,1,0,0,0,0,0,0,0,0,0,0,0,0,0,0,0,0,0,0,0,0,0,0,0,0,0,0,0,0,0,0,1]
stat.node.0.util.dram_avg = 2.76336e-06
stat.node.0.walltime_s = 3630.63
stat.node.0.active_time_s = 163.87
stat.node.1.cpu.0.load_issue_to_complete_count = 1499
stat.node.1.cpu.0.avg_load_issue_to_complete_lat = 4005.58
stat.node.1.injector.phase_cycles = 6013670
stat.node.1.injector.request_bytes = 1970464
stat.node.1.injector.response_bytes = 801600
stat.node.1.injector.aggregate_bytes = 2772064
stat.node.1.injector.request_gbps = 6.29115
stat.node.1.injector.response_gbps = 2.55929
stat.node.1.injector.aggregate_gbps = 8.85044
stat.node.1.llc.cxl_miss = 1500
stat.node.1.llc.total_miss = 1500
stat.node.1.llc.avg_miss_lat = 3744.08
stat.node.1.llc.avg_cxl_lat = 3744.08
stat.node.1.llc.miss_lat_hist_bin_ns = 10
stat.node.1.llc.miss_lat_hist = [0,0,0,0,0,0,0,0,0,0,0,0,0,0,0,0,0,0,0,0,0,0,0,0,0,0,0,0,0,0,0,0,0,0,0,0,0,0,0,0,0,0,0,0,0,0,0,0,0,0,0,0,0,0,0,0,0,0,0,0,0,0,0,0,0,0,0,0,0,0,0,0,0,0,0,0,0,0,0,0,0,0,0,0,0,0,0,0,0,0,0,0,0,0,0,0,0,0,0,0,0,0,0,1,0,0,2,0,0,3,1,3,2,4,7,5,3,7,8,7,4,8,7,10,6,12,11,18,18,7,13,17,19,20,19,30,17,35,22,22,34,30,27,23,20,23,34,33,21,29,18,31,30,24,26,33,25,32,18,21,32,26,22,26,17,15,21,21,19,24,18,24,14,15,17,13,15,12,14,19,14,21,9,8,16,16,4,5,8,9,8,2,9,6,6,5,6,6,4,4,4,4,4,0,1,2,3,2,2,1,2,4,2,2,2,1,0,1,0,0,1,2,0,1,1,2,0,0,1,1,0,0,0,0,0,0,0,0,0,2,0,0,0,0,1,0,0,0,0,0,0,0,0,0,0,0,0,0,0,0,0,0,0,0,0,0,0,0,0,0,0,0,0,0,0,1]
stat.node.1.util.dram_avg = 2.73614e-06
stat.node.1.walltime_s = 3696.54
stat.node.1.active_time_s = 159.409
stat.pool.101.util.mem_avg = 0.192773
stat.pool.101.util.req_link_avg = 0.999937
stat.pool.101.walltime_s = 3696.61
stat.pool.101.active_time_s = 4.95842
stat.pool.100.util.mem_avg = 0.192773
stat.pool.100.util.req_link_avg = 0.999937
stat.pool.100.walltime_s = 3696.61
stat.pool.100.active_time_s = 5.37319
stat.switch.replicated_messages = 681162
stat.switch.util.node_ingress_avg = 0.128678
stat.switch.util.pool_ingress_avg = 0.234178
stat.switch.bw.host_to_switch_gbps = 6.3249
stat.switch.bw.switch_to_host_gbps = 2.87758
stat.switch.bw.host_link_total_gbps = 9.20248
stat.switch.walltime_s = 3696.61
stat.switch.active_time_s = 22.5106
Simulation is complete, simulated time: 3.65771 ms
