stat.node.3.cpu.0.retired = 736
stat.node.3.cpu.0.cycles = 1000000
stat.node.4.cpu.0.retired = 736
stat.node.4.cpu.0.cycles = 1000000
stat.node.5.cpu.0.retired = 736
stat.node.5.cpu.0.cycles = 1000000
stat.node.6.cpu.0.retired = 736
stat.node.6.cpu.0.cycles = 1000000
stat.node.7.cpu.0.retired = 736
stat.node.7.cpu.0.cycles = 1000000
stat.node.0.cpu.0.retired = 735
stat.node.0.cpu.0.cycles = 1000000
stat.node.1.cpu.0.retired = 736
stat.node.1.cpu.0.cycles = 1000000
stat.node.2.cpu.0.retired = 735
stat.node.2.cpu.0.cycles = 1000000
stat.node.5.cpu.0.retired = 1697
stat.node.5.cpu.0.cycles = 2000000
stat.node.6.cpu.0.retired = 1698
stat.node.6.cpu.0.cycles = 2000000
stat.node.2.cpu.0.retired = 1694
stat.node.2.cpu.0.cycles = 2000000
stat.node.7.cpu.0.retired = 1695
stat.node.7.cpu.0.cycles = 2000000
stat.node.0.cpu.0.retired = 1695
stat.node.0.cpu.0.cycles = 2000000
stat.node.1.cpu.0.retired = 1696
stat.node.3.cpu.0.retired = 1696
stat.node.3.cpu.0.cycles = 2000000
stat.node.4.cpu.0.retired = 1696
stat.node.4.cpu.0.cycles = 2000000
stat.node.1.cpu.0.cycles = 2000000
stat.node.7.cpu.0.retired = 2669
stat.node.7.cpu.0.cycles = 3000000
stat.node.0.cpu.0.retired = 2670
stat.node.0.cpu.0.cycles = 3000000
stat.node.4.cpu.0.retired = 2669
stat.node.3.cpu.0.retired = 2670
stat.node.3.cpu.0.cycles = 3000000
stat.node.6.cpu.0.retired = 2673
stat.node.6.cpu.0.cycles = 3000000
stat.node.5.cpu.0.retired = 2673
stat.node.5.cpu.0.cycles = 3000000
stat.node.1.cpu.0.retired = 2673
stat.node.1.cpu.0.cycles = 3000000
stat.node.2.cpu.0.retired = 2668
stat.node.2.cpu.0.cycles = 3000000
stat.node.4.cpu.0.cycles = 3000000
stat.node.7.cpu.0.retired = 3647
stat.node.7.cpu.0.cycles = 4000000
stat.node.0.cpu.0.retired = 3650
stat.node.0.cpu.0.cycles = 4000000
stat.node.2.cpu.0.retired = 3644
stat.node.2.cpu.0.cycles = 4000000
stat.node.3.cpu.0.retired = 3651
stat.node.3.cpu.0.cycles = 4000000
stat.node.6.cpu.0.retired = 3653
stat.node.6.cpu.0.cycles = 4000000
stat.node.4.cpu.0.retired = 3645
stat.node.4.cpu.0.cycles = 4000000
stat.node.1.cpu.0.retired = 3653
stat.node.1.cpu.0.cycles = 4000000
stat.node.5.cpu.0.retired = 3653
stat.node.5.cpu.0.cycles = 4000000
stat.node.4.cpu.0.retired = 4623
stat.node.4.cpu.0.cycles = 5000000
stat.node.1.cpu.0.retired = 4632
stat.node.1.cpu.0.cycles = 5000000
stat.node.6.cpu.0.retired = 4632
stat.node.6.cpu.0.cycles = 5000000
stat.node.7.cpu.0.retired = 4627
stat.node.7.cpu.0.cycles = 5000000
stat.node.0.cpu.0.retired = 4630
stat.node.0.cpu.0.cycles = 5000000
stat.node.2.cpu.0.retired = 4623
stat.node.2.cpu.0.cycles = 5000000
stat.node.3.cpu.0.retired = 4632
stat.node.3.cpu.0.cycles = 5000000
stat.node.5.cpu.0.retired = 4632
stat.node.5.cpu.0.cycles = 5000000
stat.node.6.cpu.0.load_issue_to_complete_count = 3999
stat.node.6.cpu.0.avg_load_issue_to_complete_lat = 1023.63
stat.node.6.injector.phase_cycles = 4098691
stat.node.6.injector.request_bytes = 835080
stat.node.6.injector.response_bytes = 1054784
stat.node.6.injector.aggregate_bytes = 1889864
stat.node.6.injector.request_gbps = 3.91187
stat.node.6.injector.response_gbps = 4.94105
stat.node.6.injector.aggregate_gbps = 8.85292
stat.node.6.llc.cxl_miss = 4000
stat.node.6.llc.total_miss = 4000
stat.node.6.llc.avg_miss_lat = 914.99
stat.node.6.llc.avg_cxl_lat = 914.99
stat.node.6.llc.miss_lat_hist_bin_ns = 10
stat.node.6.llc.miss_lat_hist = [0,0,0,0,0,0,0,0,0,0,0,0,0,0,0,0,0,0,0,0,0,0,0,0,0,0,0,0,0,0,12,103,105,130,231,209,187,158,571,2129,145,5,5,1,5,2,2]
stat.node.6.util.dram_avg = 4.46468e-06
stat.node.6.walltime_s = 1631.7
stat.node.6.active_time_s = 89.9291
stat.node.1.cpu.0.load_issue_to_complete_count = 3999
stat.node.1.cpu.0.avg_load_issue_to_complete_lat = 1023.51
stat.node.1.injector.phase_cycles = 4098216
stat.node.1.injector.request_bytes = 834936
stat.node.1.injector.response_bytes = 1054656
stat.node.1.injector.aggregate_bytes = 1889592
stat.node.1.injector.request_gbps = 3.91165
stat.node.1.injector.response_gbps = 4.94103
stat.node.1.injector.aggregate_gbps = 8.85267
stat.node.1.llc.cxl_miss = 4000
stat.node.1.llc.total_miss = 4000
stat.node.1.llc.avg_miss_lat = 914.852
stat.node.1.llc.avg_cxl_lat = 914.852
stat.node.1.llc.miss_lat_hist_bin_ns = 10
stat.node.1.llc.miss_lat_hist = [0,0,0,0,0,0,0,0,0,0,0,0,0,0,0,0,0,0,0,0,0,0,0,0,0,0,0,0,0,0,13,129,203,153,113,128,128,158,642,2168,140,9,4,4,3,4,1]
stat.node.1.util.dram_avg = 4.46447e-06
stat.node.1.walltime_s = 1631.71
stat.node.1.active_time_s = 112.041
stat.node.5.cpu.0.load_issue_to_complete_count = 3999
stat.node.5.cpu.0.avg_load_issue_to_complete_lat = 1023.64
stat.node.5.injector.phase_cycles = 4098716
stat.node.5.injector.request_bytes = 835016
stat.node.5.injector.response_bytes = 1054784
stat.node.5.injector.aggregate_bytes = 1889800
stat.node.5.injector.request_gbps = 3.91154
stat.node.5.injector.response_gbps = 4.94102
stat.node.5.injector.aggregate_gbps = 8.85257
stat.node.5.llc.cxl_miss = 4000
stat.node.5.llc.total_miss = 4000
stat.node.5.llc.avg_miss_lat = 915.046
stat.node.5.llc.avg_cxl_lat = 915.046
stat.node.5.llc.miss_lat_hist_bin_ns = 10
stat.node.5.llc.miss_lat_hist = [0,0,0,0,0,0,0,0,0,0,0,0,0,0,0,0,0,0,0,0,0,0,0,0,0,0,0,0,0,0,11,127,146,151,161,122,207,158,605,2139,151,8,4,3,4,1,1,1]
stat.node.5.util.dram_avg = 4.46426e-06
stat.node.5.walltime_s = 1631.72
stat.node.5.active_time_s = 100.015
stat.node.3.cpu.0.load_issue_to_complete_count = 3999
stat.node.3.cpu.0.avg_load_issue_to_complete_lat = 1023.62
stat.node.3.injector.phase_cycles = 4098666
stat.node.3.injector.request_bytes = 835080
stat.node.3.injector.response_bytes = 1054784
stat.node.3.injector.aggregate_bytes = 1889864
stat.node.3.injector.request_gbps = 3.91189
stat.node.3.injector.response_gbps = 4.94108
stat.node.3.injector.aggregate_gbps = 8.85298
stat.node.3.llc.cxl_miss = 4000
stat.node.3.llc.total_miss = 4000
stat.node.3.llc.avg_miss_lat = 915.003
stat.node.3.llc.avg_cxl_lat = 915.003
stat.node.3.llc.miss_lat_hist_bin_ns = 10
stat.node.3.llc.miss_lat_hist = [0,0,0,0,0,0,0,0,0,0,0,0,0,0,0,0,0,0,0,0,0,0,0,0,0,0,0,0,0,0,16,121,123,163,176,161,142,171,623,2145,142,6,2,2,3,2,2]
stat.node.3.util.dram_avg = 4.46407e-06
stat.node.3.walltime_s = 1631.73
stat.node.3.active_time_s = 75.181
stat.node.0.cpu.0.load_issue_to_complete_count = 3999
stat.node.0.cpu.0.avg_load_issue_to_complete_lat = 1023.65
stat.node.0.injector.phase_cycles = 4098691
stat.node.0.injector.request_bytes = 835016
stat.node.0.injector.response_bytes = 1054784
stat.node.0.injector.aggregate_bytes = 1889800
stat.node.0.injector.request_gbps = 3.91157
stat.node.0.injector.response_gbps = 4.94105
stat.node.0.injector.aggregate_gbps = 8.85262
stat.node.0.llc.cxl_miss = 4000
stat.node.0.llc.total_miss = 4000
stat.node.0.llc.avg_miss_lat = 914.965
stat.node.0.llc.avg_cxl_lat = 914.965
stat.node.0.llc.miss_lat_hist_bin_ns = 10
stat.node.0.llc.miss_lat_hist = [0,0,0,0,0,0,0,0,0,0,0,0,0,0,0,0,0,0,0,0,0,0,0,0,0,0,0,0,0,0,18,120,128,135,171,178,190,144,614,2154,125,7,6,3,5,2]
stat.node.0.util.dram_avg = 4.46387e-06
stat.node.0.walltime_s = 1631.73
stat.node.0.active_time_s = 81.825
stat.node.7.cpu.0.load_issue_to_complete_count = 3999
stat.node.7.cpu.0.avg_load_issue_to_complete_lat = 1024.99
stat.node.7.injector.phase_cycles = 4103941
stat.node.7.injector.request_bytes = 836080
stat.node.7.injector.response_bytes = 1056128
stat.node.7.injector.aggregate_bytes = 1892208
stat.node.7.injector.request_gbps = 3.91154
stat.node.7.injector.response_gbps = 4.94102
stat.node.7.injector.aggregate_gbps = 8.85256
stat.node.7.llc.cxl_miss = 4000
stat.node.7.llc.total_miss = 4000
stat.node.7.llc.avg_miss_lat = 916.315
stat.node.7.llc.avg_cxl_lat = 916.315
stat.node.7.llc.miss_lat_hist_bin_ns = 10
stat.node.7.llc.miss_lat_hist = [0,0,0,0,0,0,0,0,0,0,0,0,0,0,0,0,0,0,0,0,0,0,0,0,0,0,0,0,0,0,28,155,146,168,97,70,93,207,703,2158,149,9,5,2,4,4,2]
stat.node.7.util.dram_avg = 4.45976e-06
stat.node.7.walltime_s = 1632.08
stat.node.7.active_time_s = 114.592
stat.node.4.cpu.0.load_issue_to_complete_count = 3999
stat.node.4.cpu.0.avg_load_issue_to_complete_lat = 1025.9
stat.node.4.injector.phase_cycles = 4107666
stat.node.4.injector.request_bytes = 836912
stat.node.4.injector.response_bytes = 1057088
stat.node.4.injector.aggregate_bytes = 1894000
stat.node.4.injector.request_gbps = 3.91188
stat.node.4.injector.response_gbps = 4.94103
stat.node.4.injector.aggregate_gbps = 8.85291
stat.node.4.llc.cxl_miss = 4000
stat.node.4.llc.total_miss = 4000
stat.node.4.llc.avg_miss_lat = 917.165
stat.node.4.llc.avg_cxl_lat = 917.165
stat.node.4.llc.miss_lat_hist_bin_ns = 10
stat.node.4.llc.miss_lat_hist = [0,0,0,0,0,0,0,0,0,0,0,0,0,0,0,0,0,0,0,0,0,0,0,0,0,0,0,0,0,1,42,215,157,86,82,90,80,104,583,2393,144,10,3,4,1,2,3]
stat.node.4.util.dram_avg = 4.45686e-06
stat.node.4.walltime_s = 1632.5
stat.node.4.active_time_s = 95.2951
stat.node.2.cpu.0.load_issue_to_complete_count = 3999
stat.node.2.cpu.0.avg_load_issue_to_complete_lat = 1025.74
stat.node.2.injector.phase_cycles = 4107141
stat.node.2.injector.request_bytes = 836760
stat.node.2.injector.response_bytes = 1056960
stat.node.2.injector.aggregate_bytes = 1893720
stat.node.2.injector.request_gbps = 3.91167
stat.node.2.injector.response_gbps = 4.94106
stat.node.2.injector.aggregate_gbps = 8.85273
stat.node.2.llc.cxl_miss = 4000
stat.node.2.llc.total_miss = 4000
stat.node.2.llc.avg_miss_lat = 917.09
stat.node.2.llc.avg_cxl_lat = 917.09
stat.node.2.llc.miss_lat_hist_bin_ns = 10
stat.node.2.llc.miss_lat_hist = [0,0,0,0,0,0,0,0,0,0,0,0,0,0,0,0,0,0,0,0,0,0,0,0,0,0,0,0,0,0,20,157,178,129,78,84,88,153,780,2158,158,6,3,1,1,5,1]
stat.node.2.util.dram_avg = 4.45666e-06
stat.node.2.walltime_s = 1632.58
stat.node.2.active_time_s = 81.218
stat.pool.100.util.mem_avg = 0.245722
stat.pool.100.util.req_link_avg = 0.661047
stat.pool.100.walltime_s = 1632.58
stat.pool.100.active_time_s = 4.16568
stat.switch.replicated_messages = 0
stat.switch.util.node_ingress_avg = 0.0826335
stat.switch.util.pool_ingress_avg = 0.999641
stat.switch.bw.host_to_switch_gbps = 4.06186
stat.switch.bw.switch_to_host_gbps = 6.1418
stat.switch.bw.host_link_total_gbps = 10.2037
stat.switch.walltime_s = 1632.59
stat.switch.active_time_s = 13.2688
Simulation is complete, simulated time: 2.24563 ms
