stat.node.4.cpu.0.load_issue_to_complete_count = 299
stat.node.4.cpu.0.avg_load_issue_to_complete_lat = 1009.29
stat.node.4.injector.phase_cycles = 302972
stat.node.4.injector.request_bytes = 88768
stat.node.4.injector.response_bytes = 9728
stat.node.4.injector.aggregate_bytes = 98496
stat.node.4.injector.request_gbps = 5.62542
stat.node.4.injector.response_gbps = 0.616485
stat.node.4.injector.aggregate_gbps = 6.24191
stat.node.4.llc.cxl_miss = 300
stat.node.4.llc.total_miss = 300
stat.node.4.llc.avg_miss_lat = 690.697
stat.node.4.llc.avg_cxl_lat = 690.697
stat.node.4.llc.miss_lat_hist_bin_ns = 10
stat.node.4.llc.miss_lat_hist = [0,0,0,0,0,0,0,0,0,0,0,0,0,0,0,0,0,0,0,0,0,0,0,0,0,0,144,52,15,4,0,3,5,48,24,3,2]
stat.node.4.util.dram_avg = 3.33457e-05
stat.node.4.walltime_s = 609.294
stat.node.4.active_time_s = 11.2102
stat.node.5.cpu.0.load_issue_to_complete_count = 299
stat.node.5.cpu.0.avg_load_issue_to_complete_lat = 1018.4
stat.node.5.injector.phase_cycles = 305695
stat.node.5.injector.request_bytes = 89608
stat.node.5.injector.response_bytes = 9856
stat.node.5.injector.aggregate_bytes = 99464
stat.node.5.injector.request_gbps = 5.62807
stat.node.5.injector.response_gbps = 0.619033
stat.node.5.injector.aggregate_gbps = 6.24711
stat.node.5.llc.cxl_miss = 300
stat.node.5.llc.total_miss = 300
stat.node.5.llc.avg_miss_lat = 695.37
stat.node.5.llc.avg_cxl_lat = 695.37
stat.node.5.llc.miss_lat_hist_bin_ns = 10
stat.node.5.llc.miss_lat_hist = [0,0,0,0,0,0,0,0,0,0,0,0,0,0,0,0,0,0,0,0,0,0,0,0,0,0,101,38,41,20,11,15,58,16]
stat.node.5.util.dram_avg = 3.28574e-05
stat.node.5.walltime_s = 649.438
stat.node.5.active_time_s = 18.3713
stat.node.2.cpu.0.load_issue_to_complete_count = 299
stat.node.2.cpu.0.avg_load_issue_to_complete_lat = 1023.36
stat.node.2.injector.phase_cycles = 307177
stat.node.2.injector.request_bytes = 90000
stat.node.2.injector.response_bytes = 9856
stat.node.2.injector.aggregate_bytes = 99856
stat.node.2.injector.request_gbps = 5.62542
stat.node.2.injector.response_gbps = 0.616046
stat.node.2.injector.aggregate_gbps = 6.24147
stat.node.2.llc.cxl_miss = 300
stat.node.2.llc.total_miss = 300
stat.node.2.llc.avg_miss_lat = 694.553
stat.node.2.llc.avg_cxl_lat = 694.553
stat.node.2.llc.miss_lat_hist_bin_ns = 10
stat.node.2.llc.miss_lat_hist = [0,0,0,0,0,0,0,0,0,0,0,0,0,0,0,0,0,0,0,0,0,0,0,0,0,0,132,64,10,5,1,0,11,38,38,1]
stat.node.2.util.dram_avg = 3.27811e-05
stat.node.2.walltime_s = 650.024
stat.node.2.active_time_s = 11.4238
stat.node.7.cpu.0.load_issue_to_complete_count = 299
stat.node.7.cpu.0.avg_load_issue_to_complete_lat = 1023.4
stat.node.7.injector.phase_cycles = 307177
stat.node.7.injector.request_bytes = 90000
stat.node.7.injector.response_bytes = 9856
stat.node.7.injector.aggregate_bytes = 99856
stat.node.7.injector.request_gbps = 5.62542
stat.node.7.injector.response_gbps = 0.616046
stat.node.7.injector.aggregate_gbps = 6.24147
stat.node.7.llc.cxl_miss = 300
stat.node.7.llc.total_miss = 300
stat.node.7.llc.avg_miss_lat = 697.66
stat.node.7.llc.avg_cxl_lat = 697.66
stat.node.7.llc.miss_lat_hist_bin_ns = 10
stat.node.7.llc.miss_lat_hist = [0,0,0,0,0,0,0,0,0,0,0,0,0,0,0,0,0,0,0,0,0,0,0,0,0,0,96,66,35,12,0,1,29,61]
stat.node.7.util.dram_avg = 3.27411e-05
stat.node.7.walltime_s = 653.51
stat.node.7.active_time_s = 17.7689
stat.node.1.cpu.0.load_issue_to_complete_count = 299
stat.node.1.cpu.0.avg_load_issue_to_complete_lat = 1038.95
stat.node.1.injector.phase_cycles = 311887
stat.node.1.injector.request_bytes = 91432
stat.node.1.injector.response_bytes = 9984
stat.node.1.injector.aggregate_bytes = 101416
stat.node.1.injector.request_gbps = 5.62862
stat.node.1.injector.response_gbps = 0.614623
stat.node.1.injector.aggregate_gbps = 6.24325
stat.node.1.llc.cxl_miss = 300
stat.node.1.llc.total_miss = 300
stat.node.1.llc.avg_miss_lat = 716.94
stat.node.1.llc.avg_cxl_lat = 716.94
stat.node.1.llc.miss_lat_hist_bin_ns = 10
stat.node.1.llc.miss_lat_hist = [0,0,0,0,0,0,0,0,0,0,0,0,0,0,0,0,0,0,0,0,0,0,0,0,0,0,35,20,110,9,30,12,16,63,4,1]
stat.node.1.util.dram_avg = 3.27088e-05
stat.node.1.walltime_s = 653.581
stat.node.1.active_time_s = 17.7838
stat.node.0.cpu.0.load_issue_to_complete_count = 299
stat.node.0.cpu.0.avg_load_issue_to_complete_lat = 1040.16
stat.node.0.injector.phase_cycles = 312282
stat.node.0.injector.request_bytes = 91488
stat.node.0.injector.response_bytes = 10048
stat.node.0.injector.aggregate_bytes = 101536
stat.node.0.injector.request_gbps = 5.62495
stat.node.0.injector.response_gbps = 0.61778
stat.node.0.injector.aggregate_gbps = 6.24273
stat.node.0.llc.cxl_miss = 300
stat.node.0.llc.total_miss = 300
stat.node.0.llc.avg_miss_lat = 718.333
stat.node.0.llc.avg_cxl_lat = 718.333
stat.node.0.llc.miss_lat_hist_bin_ns = 10
stat.node.0.llc.miss_lat_hist = [0,0,0,0,0,0,0,0,0,0,0,0,0,0,0,0,0,0,0,0,0,0,0,0,0,0,45,20,15,18,81,110,8,3]
stat.node.0.util.dram_avg = 3.24603e-05
stat.node.0.walltime_s = 654.179
stat.node.0.active_time_s = 10.9354
stat.node.6.cpu.0.load_issue_to_complete_count = 299
stat.node.6.cpu.0.avg_load_issue_to_complete_lat = 1049.7
stat.node.6.injector.phase_cycles = 315150
stat.node.6.injector.request_bytes = 92336
stat.node.6.injector.response_bytes = 10112
stat.node.6.injector.aggregate_bytes = 102448
stat.node.6.injector.request_gbps = 5.62542
stat.node.6.injector.response_gbps = 0.616057
stat.node.6.injector.aggregate_gbps = 6.24148
stat.node.6.llc.cxl_miss = 300
stat.node.6.llc.total_miss = 300
stat.node.6.llc.avg_miss_lat = 727.697
stat.node.6.llc.avg_cxl_lat = 727.697
stat.node.6.llc.miss_lat_hist_bin_ns = 10
stat.node.6.llc.miss_lat_hist = [0,0,0,0,0,0,0,0,0,0,0,0,0,0,0,0,0,0,0,0,0,0,0,0,0,0,28,13,6,19,137,67,17,12,1]
stat.node.6.util.dram_avg = 3.23114e-05
stat.node.6.walltime_s = 657.034
stat.node.6.active_time_s = 9.77592
stat.node.3.cpu.0.load_issue_to_complete_count = 299
stat.node.3.cpu.0.avg_load_issue_to_complete_lat = 1048.92
stat.node.3.injector.phase_cycles = 314831
stat.node.3.injector.request_bytes = 92272
stat.node.3.injector.response_bytes = 10112
stat.node.3.injector.aggregate_bytes = 102384
stat.node.3.injector.request_gbps = 5.62722
stat.node.3.injector.response_gbps = 0.616681
stat.node.3.injector.aggregate_gbps = 6.2439
stat.node.3.llc.cxl_miss = 300
stat.node.3.llc.total_miss = 300
stat.node.3.llc.avg_miss_lat = 726.277
stat.node.3.llc.avg_cxl_lat = 726.277
stat.node.3.llc.miss_lat_hist_bin_ns = 10
stat.node.3.llc.miss_lat_hist = [0,0,0,0,0,0,0,0,0,0,0,0,0,0,0,0,0,0,0,0,0,0,0,0,0,0,29,13,9,115,15,24,82,12,1]
stat.node.3.util.dram_avg = 3.22588e-05
stat.node.3.walltime_s = 657.238
stat.node.3.active_time_s = 16.75
stat.pool.101.util.mem_avg = 0.170389
stat.pool.101.util.req_link_avg = 0.922807
stat.pool.101.walltime_s = 657.234
stat.pool.101.active_time_s = 0.66221
stat.pool.100.util.mem_avg = 0.170392
stat.pool.100.util.req_link_avg = 0.922808
stat.pool.100.walltime_s = 657.235
stat.pool.100.active_time_s = 0.565025
stat.switch.replicated_messages = 53728
stat.switch.util.node_ingress_avg = 0.117929
stat.switch.util.pool_ingress_avg = 0.162571
stat.switch.bw.host_to_switch_gbps = 5.79791
stat.switch.bw.switch_to_host_gbps = 1.99746
stat.switch.bw.host_link_total_gbps = 7.79538
stat.switch.walltime_s = 657.235
stat.switch.active_time_s = 2.25873
Simulation is complete, simulated time: 310.24 us
