stat.node.6.cpu.0.retired = 835
stat.node.6.cpu.0.cycles = 1000000
stat.node.7.cpu.0.retired = 828
stat.node.7.cpu.0.cycles = 1000000
stat.node.0.cpu.0.retired = 832
stat.node.0.cpu.0.cycles = 1000000
stat.node.1.cpu.0.retired = 832
stat.node.1.cpu.0.cycles = 1000000
stat.node.2.cpu.0.retired = 793
stat.node.2.cpu.0.cycles = 1000000
stat.node.3.cpu.0.retired = 831
stat.node.3.cpu.0.cycles = 1000000
stat.node.4.cpu.0.retired = 804
stat.node.4.cpu.0.cycles = 1000000
stat.node.5.cpu.0.retired = 836
stat.node.5.cpu.0.cycles = 1000000
stat.node.5.cpu.0.load_issue_to_complete_count = 499
stat.node.5.cpu.0.avg_load_issue_to_complete_lat = 986.9
stat.node.5.injector.phase_cycles = 494922
stat.node.5.injector.request_bytes = 153944
stat.node.5.injector.response_bytes = 62592
stat.node.5.injector.aggregate_bytes = 216536
stat.node.5.injector.request_gbps = 5.9721
stat.node.5.injector.response_gbps = 2.42819
stat.node.5.injector.aggregate_gbps = 8.4003
stat.node.5.llc.cxl_miss = 500
stat.node.5.llc.total_miss = 500
stat.node.5.llc.avg_miss_lat = 753.01
stat.node.5.llc.avg_cxl_lat = 753.01
stat.node.5.llc.miss_lat_hist_bin_ns = 10
stat.node.5.llc.miss_lat_hist = [0,0,0,0,0,0,0,0,0,0,0,0,0,0,0,0,0,0,0,0,0,0,0,0,0,0,25,39,67,31,6,54,139,60,71,8]
stat.node.5.util.dram_avg = 2.07592e-05
stat.node.5.walltime_s = 37.9769
stat.node.5.active_time_s = 14.5415
stat.node.6.cpu.0.load_issue_to_complete_count = 499
stat.node.6.cpu.0.avg_load_issue_to_complete_lat = 990.048
stat.node.6.injector.phase_cycles = 496434
stat.node.6.injector.request_bytes = 154352
stat.node.6.injector.response_bytes = 62784
stat.node.6.injector.aggregate_bytes = 217136
stat.node.6.injector.request_gbps = 5.96969
stat.node.6.injector.response_gbps = 2.42822
stat.node.6.injector.aggregate_gbps = 8.39792
stat.node.6.llc.cxl_miss = 500
stat.node.6.llc.total_miss = 500
stat.node.6.llc.avg_miss_lat = 756.478
stat.node.6.llc.avg_cxl_lat = 756.478
stat.node.6.llc.miss_lat_hist_bin_ns = 10
stat.node.6.llc.miss_lat_hist = [0,0,0,0,0,0,0,0,0,0,0,0,0,0,0,0,0,0,0,0,0,0,0,0,0,0,10,6,14,89,152,29,39,74,82,5]
stat.node.6.util.dram_avg = 2.07241e-05
stat.node.6.walltime_s = 38.1259
stat.node.6.active_time_s = 15.1243
stat.node.0.cpu.0.load_issue_to_complete_count = 499
stat.node.0.cpu.0.avg_load_issue_to_complete_lat = 992.581
stat.node.0.injector.phase_cycles = 497393
stat.node.0.injector.request_bytes = 154688
stat.node.0.injector.response_bytes = 62912
stat.node.0.injector.aggregate_bytes = 217600
stat.node.0.injector.request_gbps = 5.97115
stat.node.0.injector.response_gbps = 2.42848
stat.node.0.injector.aggregate_gbps = 8.39964
stat.node.0.llc.cxl_miss = 500
stat.node.0.llc.total_miss = 500
stat.node.0.llc.avg_miss_lat = 757.942
stat.node.0.llc.avg_cxl_lat = 757.942
stat.node.0.llc.miss_lat_hist_bin_ns = 10
stat.node.1.cpu.0.load_issue_to_complete_count = 499
stat.node.0.llc.miss_lat_hist = [0,0,0,0,0,0,0,0,0,0,0,0,0,0,0,0,0,0,0,0,0,0,0,0,0,0,10,25,38,54,70,103,27,70,96,7]
stat.node.0.util.dram_avg = 2.06699e-05
stat.node.0.walltime_s = 38.2313
stat.node.0.active_time_s = 14.9707
stat.node.1.cpu.0.avg_load_issue_to_complete_lat = 988.559
stat.node.1.injector.phase_cycles = 495560
stat.node.1.injector.request_bytes = 154080
stat.node.1.injector.response_bytes = 62656
stat.node.1.injector.aggregate_bytes = 216736
stat.node.1.injector.request_gbps = 5.96968
stat.node.1.injector.response_gbps = 2.42755
stat.node.1.injector.aggregate_gbps = 8.39723
stat.node.1.llc.cxl_miss = 500
stat.node.1.llc.total_miss = 500
stat.node.1.llc.avg_miss_lat = 754.632
stat.node.1.llc.avg_cxl_lat = 754.632
stat.node.1.llc.miss_lat_hist_bin_ns = 10
stat.node.1.llc.miss_lat_hist = [0,0,0,0,0,0,0,0,0,0,0,0,0,0,0,0,0,0,0,0,0,0,0,0,0,0,0,30,96,47,30,36,98,81,70,12]
stat.node.1.util.dram_avg = 2.06699e-05
stat.node.1.walltime_s = 38.2316
stat.node.1.active_time_s = 16.2597
stat.node.3.cpu.0.load_issue_to_complete_count = 499
stat.node.3.cpu.0.avg_load_issue_to_complete_lat = 989.99
stat.node.3.injector.phase_cycles = 496434
stat.node.3.injector.request_bytes = 154352
stat.node.3.injector.response_bytes = 62784
stat.node.3.injector.aggregate_bytes = 217136
stat.node.3.injector.request_gbps = 5.96969
stat.node.3.injector.response_gbps = 2.42822
stat.node.3.injector.aggregate_gbps = 8.39792
stat.node.3.llc.cxl_miss = 500
stat.node.3.llc.total_miss = 500
stat.node.3.llc.avg_miss_lat = 756.414
stat.node.3.llc.avg_cxl_lat = 756.414
stat.node.3.llc.miss_lat_hist_bin_ns = 10
stat.node.3.llc.miss_lat_hist = [0,0,0,0,0,0,0,0,0,0,0,0,0,0,0,0,0,0,0,0,0,0,0,0,0,0,0,3,21,157,39,69,67,68,66,10]
stat.node.3.util.dram_avg = 2.0643e-05
stat.node.3.walltime_s = 38.2766
stat.node.3.active_time_s = 14.659
stat.node.7.cpu.0.load_issue_to_complete_count = 499
stat.node.7.cpu.0.avg_load_issue_to_complete_lat = 996.022
stat.node.7.injector.phase_cycles = 499273
stat.node.7.injector.request_bytes = 155288
stat.node.7.injector.response_bytes = 63168
stat.node.7.injector.aggregate_bytes = 218456
stat.node.7.injector.request_gbps = 5.97174
stat.node.7.injector.response_gbps = 2.42918
stat.node.7.injector.aggregate_gbps = 8.40093
stat.node.7.llc.cxl_miss = 500
stat.node.7.llc.total_miss = 500
stat.node.7.llc.avg_miss_lat = 760.582
stat.node.7.llc.avg_cxl_lat = 760.582
stat.node.7.llc.miss_lat_hist_bin_ns = 10
stat.node.7.llc.miss_lat_hist = [0,0,0,0,0,0,0,0,0,0,0,0,0,0,0,0,0,0,0,0,0,0,0,0,0,0,53,59,33,5,1,3,79,178,83,6]
stat.node.7.util.dram_avg = 2.06161e-05
stat.node.7.walltime_s = 38.3779
stat.node.7.active_time_s = 14.5726
stat.node.4.cpu.0.load_issue_to_complete_count = 499
stat.node.4.cpu.0.avg_load_issue_to_complete_lat = 1018.77
stat.node.4.injector.phase_cycles = 510599
stat.node.4.injector.request_bytes = 158856
stat.node.4.injector.response_bytes = 64640
stat.node.4.injector.aggregate_bytes = 223496
stat.node.4.injector.request_gbps = 5.97345
stat.node.4.injector.response_gbps = 2.43065
stat.node.4.injector.aggregate_gbps = 8.4041
stat.node.4.llc.cxl_miss = 500
stat.node.4.llc.total_miss = 500
stat.node.4.llc.avg_miss_lat = 784.946
stat.node.4.llc.avg_cxl_lat = 784.946
stat.node.4.llc.miss_lat_hist_bin_ns = 10
stat.node.4.llc.miss_lat_hist = [0,0,0,0,0,0,0,0,0,0,0,0,0,0,0,0,0,0,0,0,0,0,0,0,0,0,43,47,3,0,0,8,36,117,223,22,1]
stat.node.4.util.dram_avg = 2.01133e-05
stat.node.4.walltime_s = 39.8992
stat.node.4.active_time_s = 14.715
stat.node.2.cpu.0.load_issue_to_complete_count = 499
stat.node.2.cpu.0.avg_load_issue_to_complete_lat = 1045.56
stat.node.2.injector.phase_cycles = 523990
stat.node.2.injector.request_bytes = 162976
stat.node.2.injector.response_bytes = 66304
stat.node.2.injector.aggregate_bytes = 229280
stat.node.2.injector.request_gbps = 5.97175
stat.node.2.injector.response_gbps = 2.42951
stat.node.2.injector.aggregate_gbps = 8.40126
stat.node.2.llc.cxl_miss = 500
stat.node.2.llc.total_miss = 500
stat.node.2.llc.avg_miss_lat = 808.524
stat.node.2.llc.avg_cxl_lat = 808.524
stat.node.2.llc.miss_lat_hist_bin_ns = 10
stat.node.2.llc.miss_lat_hist = [0,0,0,0,0,0,0,0,0,0,0,0,0,0,0,0,0,0,0,0,0,0,0,0,0,0,26,10,3,0,0,4,29,106,275,47]
stat.node.2.util.dram_avg = 1.98402e-05
stat.node.2.walltime_s = 40.568
stat.node.2.active_time_s = 16.6876
stat.pool.101.util.mem_avg = 0.196171
stat.pool.101.util.req_link_avg = 0.960184
stat.pool.101.walltime_s = 40.5681
stat.pool.101.active_time_s = 0.447394
stat.pool.100.util.mem_avg = 0.196172
stat.pool.100.util.req_link_avg = 0.960184
stat.pool.100.walltime_s = 40.5682
stat.pool.100.active_time_s = 0.452018
stat.switch.replicated_messages = 89264
stat.switch.util.node_ingress_avg = 0.124797
stat.switch.util.pool_ingress_avg = 0.303955
stat.switch.bw.host_to_switch_gbps = 6.13436
stat.switch.bw.switch_to_host_gbps = 3.7349
stat.switch.bw.host_link_total_gbps = 9.86926
stat.switch.walltime_s = 40.5682
stat.switch.active_time_s = 1.88267
Simulation is complete, simulated time: 504.431 us
