stat.node.0.cpu.0.retired = 980
stat.node.0.cpu.0.cycles = 1000000
stat.node.1.cpu.0.retired = 980
stat.node.1.cpu.0.cycles = 1000000
stat.node.2.cpu.0.retired = 980
stat.node.2.cpu.0.cycles = 1000000
stat.node.3.cpu.0.retired = 979
stat.node.3.cpu.0.cycles = 1000000
stat.node.4.cpu.0.retired = 980
stat.node.4.cpu.0.cycles = 1000000
stat.node.5.cpu.0.retired = 981
stat.node.5.cpu.0.cycles = 1000000
stat.node.6.cpu.0.retired = 980
stat.node.6.cpu.0.cycles = 1000000
stat.node.7.cpu.0.retired = 980
stat.node.7.cpu.0.cycles = 1000000
stat.node.0.cpu.0.retired = 2255
stat.node.0.cpu.0.cycles = 2000000
stat.node.1.cpu.0.retired = 2256
stat.node.1.cpu.0.cycles = 2000000
stat.node.2.cpu.0.retired = 2255
stat.node.2.cpu.0.cycles = 2000000
stat.node.3.cpu.0.retired = 2255
stat.node.3.cpu.0.cycles = 2000000
stat.node.4.cpu.0.retired = 2257
stat.node.4.cpu.0.cycles = 2000000
stat.node.5.cpu.0.retired = 2258
stat.node.6.cpu.0.retired = 2256
stat.node.6.cpu.0.cycles = 2000000
stat.node.7.cpu.0.retired = 2255
stat.node.7.cpu.0.cycles = 2000000
stat.node.5.cpu.0.cycles = 2000000
stat.node.6.cpu.0.retired = 3618
stat.node.6.cpu.0.cycles = 3000000
stat.node.0.cpu.0.retired = 3616
stat.node.1.cpu.0.retired = 3617
stat.node.1.cpu.0.cycles = 3000000
stat.node.2.cpu.0.retired = 3612
stat.node.2.cpu.0.cycles = 3000000
stat.node.3.cpu.0.retired = 3613
stat.node.4.cpu.0.retired = 3620
stat.node.4.cpu.0.cycles = 3000000
stat.node.7.cpu.0.retired = 3616
stat.node.7.cpu.0.cycles = 3000000
stat.node.5.cpu.0.retired = 3618
stat.node.5.cpu.0.cycles = 3000000
stat.node.0.cpu.0.cycles = 3000000
stat.node.3.cpu.0.cycles = 3000000
stat.node.4.cpu.0.load_issue_to_complete_count = 3999
stat.node.4.cpu.0.avg_load_issue_to_complete_lat = 741.789
stat.node.4.injector.phase_cycles = 2971295
stat.node.4.injector.request_bytes = 46392
stat.node.4.injector.response_bytes = 18880
stat.node.4.injector.aggregate_bytes = 65272
stat.node.4.injector.request_gbps = 0.299777
stat.node.4.injector.response_gbps = 0.121999
stat.node.4.injector.aggregate_gbps = 0.421776
stat.node.4.llc.cxl_miss = 4000
stat.node.4.llc.total_miss = 4000
stat.node.4.llc.avg_miss_lat = 634.122
stat.node.4.llc.avg_cxl_lat = 634.122
stat.node.4.llc.miss_lat_hist_bin_ns = 10
stat.node.4.llc.miss_lat_hist = [0,0,0,0,0,0,0,0,0,0,0,0,0,0,0,0,0,0,0,0,0,0,0,0,0,0,3667,68,60,28,58,32,35,42,10]
stat.node.4.util.dram_avg = 6.01943e-06
stat.node.4.walltime_s = 2607.67
stat.node.4.active_time_s = 67.7574
stat.node.5.cpu.0.load_issue_to_complete_count = 3999
stat.node.5.cpu.0.avg_load_issue_to_complete_lat = 742.382
stat.node.5.injector.phase_cycles = 2973664
stat.node.5.injector.request_bytes = 46464
stat.node.5.injector.response_bytes = 18944
stat.node.5.injector.aggregate_bytes = 65408
stat.node.5.injector.request_gbps = 0.300003
stat.node.5.injector.response_gbps = 0.122315
stat.node.5.injector.aggregate_gbps = 0.422319
stat.node.5.llc.cxl_miss = 4000
stat.node.5.llc.total_miss = 4000
stat.node.5.llc.avg_miss_lat = 634.715
stat.node.5.llc.avg_cxl_lat = 634.715
stat.node.5.llc.miss_lat_hist_bin_ns = 10
stat.node.5.llc.miss_lat_hist = [0,0,0,0,0,0,0,0,0,0,0,0,0,0,0,0,0,0,0,0,0,0,0,0,0,0,3649,72,56,49,40,34,60,29,10,1]
stat.node.5.util.dram_avg = 6.01709e-06
stat.node.5.walltime_s = 2607.79
stat.node.5.active_time_s = 85.4719
stat.node.6.cpu.0.load_issue_to_complete_count = 3999
stat.node.6.cpu.0.avg_load_issue_to_complete_lat = 742.309
stat.node.6.injector.phase_cycles = 2973372
stat.node.6.injector.request_bytes = 46464
stat.node.6.injector.response_bytes = 18944
stat.node.6.injector.aggregate_bytes = 65408
stat.node.6.injector.request_gbps = 0.300033
stat.node.6.injector.response_gbps = 0.122327
stat.node.6.injector.aggregate_gbps = 0.42236
stat.node.6.llc.cxl_miss = 4000
stat.node.6.llc.total_miss = 4000
stat.node.6.llc.avg_miss_lat = 634.647
stat.node.6.llc.avg_cxl_lat = 634.647
stat.node.6.llc.miss_lat_hist_bin_ns = 10
stat.node.6.llc.miss_lat_hist = [0,0,0,0,0,0,0,0,0,0,0,0,0,0,0,0,0,0,0,0,0,0,0,0,0,0,3644,77,54,40,56,31,48,41,8,1]
stat.node.6.util.dram_avg = 6.01611e-06
stat.node.6.walltime_s = 2607.86
stat.node.6.active_time_s = 64.7893
stat.node.1.cpu.0.load_issue_to_complete_count = 3999
stat.node.1.cpu.0.avg_load_issue_to_complete_lat = 742.363
stat.node.1.injector.phase_cycles = 2973588
stat.node.1.injector.request_bytes = 46464
stat.node.1.injector.response_bytes = 18944
stat.node.1.injector.aggregate_bytes = 65408
stat.node.1.injector.request_gbps = 0.300011
stat.node.1.injector.response_gbps = 0.122318
stat.node.1.injector.aggregate_gbps = 0.422329
stat.node.1.llc.cxl_miss = 4000
stat.node.1.llc.total_miss = 4000
stat.node.1.llc.avg_miss_lat = 634.695
stat.node.1.llc.avg_cxl_lat = 634.695
stat.node.1.llc.miss_lat_hist_bin_ns = 10
stat.node.1.llc.miss_lat_hist = [0,0,0,0,0,0,0,0,0,0,0,0,0,0,0,0,0,0,0,0,0,0,0,0,0,0,3634,82,75,40,38,26,54,39,12]
stat.node.1.util.dram_avg = 6.01555e-06
stat.node.1.walltime_s = 2607.9
stat.node.1.active_time_s = 85.8218
stat.node.0.cpu.0.load_issue_to_complete_count = 3999
stat.node.0.cpu.0.avg_load_issue_to_complete_lat = 742.662
stat.node.0.injector.phase_cycles = 2974786
stat.node.0.injector.request_bytes = 46464
stat.node.0.injector.response_bytes = 18944
stat.node.0.injector.aggregate_bytes = 65408
stat.node.0.injector.request_gbps = 0.29989
stat.node.0.injector.response_gbps = 0.122269
stat.node.0.injector.aggregate_gbps = 0.422159
stat.node.0.llc.cxl_miss = 4000
stat.node.0.llc.total_miss = 4000
stat.node.0.llc.avg_miss_lat = 634.995
stat.node.0.llc.avg_cxl_lat = 634.995
stat.node.0.llc.miss_lat_hist_bin_ns = 10
stat.node.0.llc.miss_lat_hist = [0,0,0,0,0,0,0,0,0,0,0,0,0,0,0,0,0,0,0,0,0,0,0,0,0,0,3637,76,56,44,42,48,49,38,10]
stat.node.0.util.dram_avg = 6.01382e-06
stat.node.0.walltime_s = 2607.98
stat.node.0.active_time_s = 56.9466
stat.node.7.cpu.0.load_issue_to_complete_count = 3999
stat.node.7.cpu.0.avg_load_issue_to_complete_lat = 742.675
stat.node.7.injector.phase_cycles = 2974839
stat.node.7.injector.request_bytes = 46464
stat.node.7.injector.response_bytes = 18944
stat.node.7.injector.aggregate_bytes = 65408
stat.node.7.injector.request_gbps = 0.299885
stat.node.7.injector.response_gbps = 0.122267
stat.node.7.injector.aggregate_gbps = 0.422152
stat.node.7.llc.cxl_miss = 4000
stat.node.7.llc.total_miss = 4000
stat.node.7.llc.avg_miss_lat = 635.014
stat.node.7.llc.avg_cxl_lat = 635.014
stat.node.7.llc.miss_lat_hist_bin_ns = 10
stat.node.7.llc.miss_lat_hist = [0,0,0,0,0,0,0,0,0,0,0,0,0,0,0,0,0,0,0,0,0,0,0,0,0,0,3635,76,66,36,50,32,50,49,6]
stat.node.7.util.dram_avg = 6.01379e-06
stat.node.7.walltime_s = 2608
stat.node.7.active_time_s = 85.7325
stat.node.2.cpu.0.load_issue_to_complete_count = 3999
stat.node.2.cpu.0.avg_load_issue_to_complete_lat = 743.715
stat.node.2.injector.phase_cycles = 2978998
stat.node.2.injector.request_bytes = 46528
stat.node.2.injector.response_bytes = 18944
stat.node.2.injector.aggregate_bytes = 65472
stat.node.2.injector.request_gbps = 0.299879
stat.node.2.injector.response_gbps = 0.122096
stat.node.2.injector.aggregate_gbps = 0.421975
stat.node.2.llc.cxl_miss = 4000
stat.node.2.llc.total_miss = 4000
stat.node.2.llc.avg_miss_lat = 636.054
stat.node.2.llc.avg_cxl_lat = 636.054
stat.node.2.llc.miss_lat_hist_bin_ns = 10
stat.node.2.llc.miss_lat_hist = [0,0,0,0,0,0,0,0,0,0,0,0,0,0,0,0,0,0,0,0,0,0,0,0,0,0,3607,65,62,63,50,33,52,44,24]
stat.node.2.util.dram_avg = 6.00744e-06
stat.node.2.walltime_s = 2608.95
stat.node.2.active_time_s = 64.3492
stat.node.3.cpu.0.load_issue_to_complete_count = 3999
stat.node.3.cpu.0.avg_load_issue_to_complete_lat = 743.594
stat.node.3.injector.phase_cycles = 2978511
stat.node.3.injector.request_bytes = 46528
stat.node.3.injector.response_bytes = 18944
stat.node.3.injector.aggregate_bytes = 65472
stat.node.3.injector.request_gbps = 0.299928
stat.node.3.injector.response_gbps = 0.122116
stat.node.3.injector.aggregate_gbps = 0.422044
stat.node.3.llc.cxl_miss = 4000
stat.node.3.llc.total_miss = 4000
stat.node.3.llc.avg_miss_lat = 635.922
stat.node.3.llc.avg_cxl_lat = 635.922
stat.node.3.llc.miss_lat_hist_bin_ns = 10
stat.node.3.llc.miss_lat_hist = [0,0,0,0,0,0,0,0,0,0,0,0,0,0,0,0,0,0,0,0,0,0,0,0,0,0,3576,106,60,68,55,29,55,40,11]
stat.node.3.util.dram_avg = 6.00741e-06
stat.node.3.walltime_s = 2608.95
stat.node.3.active_time_s = 83.6529
stat.pool.100.util.mem_avg = 0.0527605
stat.pool.100.util.req_link_avg = 0.0817382
stat.pool.100.walltime_s = 2608.94
stat.pool.100.active_time_s = 2.44341
stat.switch.replicated_messages = 0
stat.switch.util.node_ingress_avg = 0.0102173
stat.switch.util.pool_ingress_avg = 0.283442
stat.switch.bw.host_to_switch_gbps = 0.502205
stat.switch.bw.switch_to_host_gbps = 1.74147
stat.switch.bw.host_link_total_gbps = 2.24368
stat.switch.walltime_s = 2608.94
stat.switch.active_time_s = 9.60804
Simulation is complete, simulated time: 1.66594 ms
