stat.node.3.cpu.0.retired = 736
stat.node.3.cpu.0.cycles = 1000000
stat.node.2.cpu.0.retired = 736
stat.node.2.cpu.0.cycles = 1000000
stat.node.4.cpu.0.retired = 736
stat.node.4.cpu.0.cycles = 1000000
stat.node.6.cpu.0.retired = 736
stat.node.0.cpu.0.retired = 736
stat.node.0.cpu.0.cycles = 1000000
stat.node.6.cpu.0.cycles = 1000000
stat.node.1.cpu.0.retired = 736
stat.node.1.cpu.0.cycles = 1000000
stat.node.7.cpu.0.retired = 736
stat.node.7.cpu.0.cycles = 1000000
stat.node.5.cpu.0.retired = 736
stat.node.5.cpu.0.cycles = 1000000
stat.node.2.cpu.0.retired = 1699
stat.node.2.cpu.0.cycles = 2000000
stat.node.7.cpu.0.retired = 1699
stat.node.7.cpu.0.cycles = 2000000
stat.node.4.cpu.0.retired = 1700
stat.node.4.cpu.0.cycles = 2000000
stat.node.1.cpu.0.retired = 1699
stat.node.1.cpu.0.cycles = 2000000
stat.node.5.cpu.0.retired = 1701
stat.node.5.cpu.0.cycles = 2000000
stat.node.0.cpu.0.retired = 1699
stat.node.0.cpu.0.cycles = 2000000
stat.node.6.cpu.0.retired = 1701
stat.node.6.cpu.0.cycles = 2000000
stat.node.3.cpu.0.retired = 1698
stat.node.3.cpu.0.cycles = 2000000
stat.node.6.cpu.0.retired = 2697
stat.node.6.cpu.0.cycles = 3000000
stat.node.1.cpu.0.retired = 2695
stat.node.2.cpu.0.retired = 2694
stat.node.2.cpu.0.cycles = 3000000
stat.node.7.cpu.0.retired = 2694
stat.node.7.cpu.0.cycles = 3000000
stat.node.4.cpu.0.retired = 2695
stat.node.4.cpu.0.cycles = 3000000
stat.node.3.cpu.0.retired = 2693
stat.node.3.cpu.0.cycles = 3000000
stat.node.5.cpu.0.retired = 2697
stat.node.5.cpu.0.cycles = 3000000
stat.node.0.cpu.0.retired = 2697
stat.node.0.cpu.0.cycles = 3000000
stat.node.1.cpu.0.cycles = 3000000
stat.node.6.cpu.0.retired = 3706
stat.node.6.cpu.0.cycles = 4000000
stat.node.0.cpu.0.retired = 3706
stat.node.2.cpu.0.retired = 3701
stat.node.2.cpu.0.cycles = 4000000
stat.node.7.cpu.0.retired = 3702
stat.node.7.cpu.0.cycles = 4000000
stat.node.1.cpu.0.retired = 3704
stat.node.1.cpu.0.cycles = 4000000
stat.node.3.cpu.0.retired = 3701
stat.node.3.cpu.0.cycles = 4000000
stat.node.5.cpu.0.retired = 3706
stat.node.5.cpu.0.cycles = 4000000
stat.node.4.cpu.0.retired = 3702
stat.node.4.cpu.0.cycles = 4000000
stat.node.0.cpu.0.cycles = 4000000
stat.node.7.cpu.0.retired = 4714
stat.node.7.cpu.0.cycles = 5000000
stat.node.6.cpu.0.retired = 4722
stat.node.6.cpu.0.cycles = 5000000
stat.node.4.cpu.0.retired = 4715
stat.node.4.cpu.0.cycles = 5000000
stat.node.2.cpu.0.retired = 4712
stat.node.2.cpu.0.cycles = 5000000
stat.node.0.cpu.0.retired = 4719
stat.node.0.cpu.0.cycles = 5000000
stat.node.1.cpu.0.retired = 4717
stat.node.1.cpu.0.cycles = 5000000
stat.node.3.cpu.0.retired = 4714
stat.node.3.cpu.0.cycles = 5000000
stat.node.5.cpu.0.retired = 4722
stat.node.5.cpu.0.cycles = 5000000
stat.node.5.cpu.0.load_issue_to_complete_count = 3999
stat.node.5.cpu.0.avg_load_issue_to_complete_lat = 997.356
stat.node.5.injector.phase_cycles = 3993576
stat.node.5.injector.request_bytes = 563192
stat.node.5.injector.response_bytes = 1017344
stat.node.5.injector.aggregate_bytes = 1580536
stat.node.5.injector.request_gbps = 2.70767
stat.node.5.injector.response_gbps = 4.89111
stat.node.5.injector.aggregate_gbps = 7.59878
stat.node.5.llc.cxl_miss = 4000
stat.node.5.llc.total_miss = 4000
stat.node.5.llc.avg_miss_lat = 888.72
stat.node.5.llc.avg_cxl_lat = 888.72
stat.node.5.llc.miss_lat_hist_bin_ns = 10
stat.node.5.llc.miss_lat_hist = [0,0,0,0,0,0,0,0,0,0,0,0,0,0,0,0,0,0,0,0,0,0,0,0,0,0,0,0,0,0,41,240,315,293,243,178,272,251,568,1451,140,8]
stat.node.5.util.dram_avg = 4.55138e-06
stat.node.5.walltime_s = 1713.53
stat.node.5.active_time_s = 105.665
stat.node.6.cpu.0.load_issue_to_complete_count = 3999
stat.node.6.cpu.0.avg_load_issue_to_complete_lat = 997.3
stat.node.6.injector.phase_cycles = 3993276
stat.node.6.injector.request_bytes = 563120
stat.node.6.injector.response_bytes = 1017280
stat.node.6.injector.aggregate_bytes = 1580400
stat.node.6.injector.request_gbps = 2.70753
stat.node.6.injector.response_gbps = 4.89117
stat.node.6.injector.aggregate_gbps = 7.59869
stat.node.6.llc.cxl_miss = 4000
stat.node.6.llc.total_miss = 4000
stat.node.6.llc.avg_miss_lat = 888.571
stat.node.6.llc.avg_cxl_lat = 888.571
stat.node.6.llc.miss_lat_hist_bin_ns = 10
stat.node.6.llc.miss_lat_hist = [0,0,0,0,0,0,0,0,0,0,0,0,0,0,0,0,0,0,0,0,0,0,0,0,0,0,0,0,0,0,34,194,338,263,276,285,247,224,592,1409,130,7,1]
stat.node.6.util.dram_avg = 4.55121e-06
stat.node.6.walltime_s = 1713.53
stat.node.6.active_time_s = 83.9515
stat.node.0.cpu.0.load_issue_to_complete_count = 3999
stat.node.0.cpu.0.avg_load_issue_to_complete_lat = 997.794
stat.node.0.injector.phase_cycles = 3995177
stat.node.0.injector.request_bytes = 563448
stat.node.0.injector.response_bytes = 1017728
stat.node.0.injector.aggregate_bytes = 1581176
stat.node.0.injector.request_gbps = 2.70782
stat.node.0.injector.response_gbps = 4.89099
stat.node.0.injector.aggregate_gbps = 7.59881
stat.node.0.llc.cxl_miss = 4000
stat.node.0.llc.total_miss = 4000
stat.node.0.llc.avg_miss_lat = 889.094
stat.node.0.llc.avg_cxl_lat = 889.094
stat.node.0.llc.miss_lat_hist_bin_ns = 10
stat.node.0.llc.miss_lat_hist = [0,0,0,0,0,0,0,0,0,0,0,0,0,0,0,0,0,0,0,0,0,0,0,0,0,0,0,0,0,0,31,239,362,236,242,229,242,210,604,1458,134,12,1]
stat.node.0.util.dram_avg = 4.54894e-06
stat.node.0.walltime_s = 1715.38
stat.node.0.active_time_s = 79.7365
stat.node.1.cpu.0.load_issue_to_complete_count = 3999
stat.node.1.cpu.0.avg_load_issue_to_complete_lat = 998.032
stat.node.1.injector.phase_cycles = 3996127
stat.node.1.injector.request_bytes = 563544
stat.node.1.injector.response_bytes = 1017984
stat.node.1.injector.aggregate_bytes = 1581528
stat.node.1.injector.request_gbps = 2.70763
stat.node.1.injector.response_gbps = 4.89106
stat.node.1.injector.aggregate_gbps = 7.59869
stat.node.1.llc.cxl_miss = 4000
stat.node.1.llc.total_miss = 4000
stat.node.1.llc.avg_miss_lat = 889.36
stat.node.1.llc.avg_cxl_lat = 889.36
stat.node.1.llc.miss_lat_hist_bin_ns = 10
stat.node.1.llc.miss_lat_hist = [0,0,0,0,0,0,0,0,0,0,0,0,0,0,0,0,0,0,0,0,0,0,0,0,0,0,0,0,0,0,37,233,378,291,178,201,198,228,624,1498,125,9]
stat.node.1.util.dram_avg = 4.54791e-06
stat.node.1.walltime_s = 1715.7
stat.node.1.active_time_s = 108.834
stat.node.3.cpu.0.load_issue_to_complete_count = 3999
stat.node.3.cpu.0.avg_load_issue_to_complete_lat = 998.715
stat.node.3.injector.phase_cycles = 3998894
stat.node.3.injector.request_bytes = 563880
stat.node.3.injector.response_bytes = 1018688
stat.node.3.injector.aggregate_bytes = 1582568
stat.node.3.injector.request_gbps = 2.70737
stat.node.3.injector.response_gbps = 4.89105
stat.node.3.injector.aggregate_gbps = 7.59843
stat.node.3.llc.cxl_miss = 4000
stat.node.3.llc.total_miss = 4000
stat.node.3.llc.avg_miss_lat = 890.036
stat.node.3.llc.avg_cxl_lat = 890.036
stat.node.3.llc.miss_lat_hist_bin_ns = 10
stat.node.3.llc.miss_lat_hist = [0,0,0,0,0,0,0,0,0,0,0,0,0,0,0,0,0,0,0,0,0,0,0,0,0,0,0,0,0,0,39,219,354,273,210,199,253,241,567,1504,132,8,1]
stat.node.3.util.dram_avg = 4.54509e-06
stat.node.3.walltime_s = 1716.51
stat.node.3.active_time_s = 74.0684
stat.node.4.cpu.0.load_issue_to_complete_count = 3999
stat.node.4.cpu.0.avg_load_issue_to_complete_lat = 999.092
stat.node.4.injector.phase_cycles = 4000395
stat.node.4.injector.request_bytes = 564184
stat.node.4.injector.response_bytes = 1019072
stat.node.4.injector.aggregate_bytes = 1583256
stat.node.4.injector.request_gbps = 2.70782
stat.node.4.injector.response_gbps = 4.89106
stat.node.4.injector.aggregate_gbps = 7.59888
stat.node.4.llc.cxl_miss = 4000
stat.node.4.llc.total_miss = 4000
stat.node.4.llc.avg_miss_lat = 890.355
stat.node.4.llc.avg_cxl_lat = 890.355
stat.node.4.llc.miss_lat_hist_bin_ns = 10
stat.node.4.llc.miss_lat_hist = [0,0,0,0,0,0,0,0,0,0,0,0,0,0,0,0,0,0,0,0,0,0,0,0,0,0,0,0,0,0,56,292,419,220,136,164,142,164,637,1620,140,10]
stat.node.4.util.dram_avg = 4.54488e-06
stat.node.4.walltime_s = 1716.53
stat.node.4.active_time_s = 80.3318
stat.node.7.cpu.0.load_issue_to_complete_count = 3999
stat.node.7.cpu.0.avg_load_issue_to_complete_lat = 998.998
stat.node.7.injector.phase_cycles = 4000119
stat.node.7.injector.request_bytes = 564112
stat.node.7.injector.response_bytes = 1019008
stat.node.7.injector.aggregate_bytes = 1583120
stat.node.7.injector.request_gbps = 2.70766
stat.node.7.injector.response_gbps = 4.89109
stat.node.7.injector.aggregate_gbps = 7.59875
stat.node.7.llc.cxl_miss = 4000
stat.node.7.llc.total_miss = 4000
stat.node.7.llc.avg_miss_lat = 890.285
stat.node.7.llc.avg_cxl_lat = 890.285
stat.node.7.llc.miss_lat_hist_bin_ns = 10
stat.node.7.llc.miss_lat_hist = [0,0,0,0,0,0,0,0,0,0,0,0,0,0,0,0,0,0,0,0,0,0,0,0,0,0,0,0,0,0,25,265,378,287,163,156,167,249,662,1516,128,4]
stat.node.7.util.dram_avg = 4.54466e-06
stat.node.7.walltime_s = 1716.56
stat.node.7.active_time_s = 103.42
stat.node.2.cpu.0.load_issue_to_complete_count = 3999
stat.node.2.cpu.0.avg_load_issue_to_complete_lat = 999.534
stat.node.2.injector.phase_cycles = 4002169
stat.node.2.injector.request_bytes = 564368
stat.node.2.injector.response_bytes = 1019520
stat.node.2.injector.aggregate_bytes = 1583888
stat.node.2.injector.request_gbps = 2.7075
stat.node.2.injector.response_gbps = 4.89104
stat.node.2.injector.aggregate_gbps = 7.59854
stat.node.2.llc.cxl_miss = 4000
stat.node.2.llc.total_miss = 4000
stat.node.2.llc.avg_miss_lat = 890.824
stat.node.2.llc.avg_cxl_lat = 890.824
stat.node.2.llc.miss_lat_hist_bin_ns = 10
stat.node.2.llc.miss_lat_hist = [0,0,0,0,0,0,0,0,0,0,0,0,0,0,0,0,0,0,0,0,0,0,0,0,0,0,0,0,0,0,49,291,385,223,170,148,146,191,686,1555,146,10]
stat.node.2.util.dram_avg = 4.54249e-06
stat.node.2.walltime_s = 1716.79
stat.node.2.active_time_s = 75.9202
stat.pool.100.util.mem_avg = 0.213825
stat.pool.100.util.req_link_avg = 0.465553
stat.pool.100.walltime_s = 1716.86
stat.pool.100.active_time_s = 3.70326
stat.switch.replicated_messages = 0
stat.switch.util.node_ingress_avg = 0.0581952
stat.switch.util.pool_ingress_avg = 0.99525
stat.switch.bw.host_to_switch_gbps = 2.86043
stat.switch.bw.switch_to_host_gbps = 6.11482
stat.switch.bw.host_link_total_gbps = 8.97524
stat.switch.walltime_s = 1716.86
stat.switch.active_time_s = 11.5914
Simulation is complete, simulated time: 2.2032 ms
