stat.node.5.cpu.0.load_issue_to_complete_count = 299
stat.node.5.cpu.0.avg_load_issue_to_complete_lat = 999.204
stat.node.5.injector.phase_cycles = 300008
stat.node.5.injector.request_bytes = 20288
stat.node.5.injector.response_bytes = 162304
stat.node.5.injector.aggregate_bytes = 182592
stat.node.5.injector.request_gbps = 1.2984
stat.node.5.injector.response_gbps = 10.3872
stat.node.5.injector.aggregate_gbps = 11.6856
stat.node.5.llc.cxl_miss = 300
stat.node.5.llc.total_miss = 300
stat.node.5.llc.avg_miss_lat = 684.103
stat.node.5.llc.avg_cxl_lat = 684.103
stat.node.5.llc.miss_lat_hist_bin_ns = 10
stat.node.5.llc.miss_lat_hist = [0,0,0,0,0,0,0,0,0,0,0,0,0,0,0,0,0,0,0,0,0,0,0,0,0,0,0,57,243]
stat.node.5.util.dram_avg = 3.36936e-05
stat.node.5.walltime_s = 345.605
stat.node.5.active_time_s = 16.7604
stat.node.6.cpu.0.load_issue_to_complete_count = 299
stat.node.6.cpu.0.avg_load_issue_to_complete_lat = 999.204
stat.node.6.injector.phase_cycles = 300007
stat.node.6.injector.request_bytes = 20288
stat.node.6.injector.response_bytes = 162304
stat.node.6.injector.aggregate_bytes = 182592
stat.node.6.injector.request_gbps = 1.2984
stat.node.6.injector.response_gbps = 10.3872
stat.node.6.injector.aggregate_gbps = 11.6856
stat.node.6.llc.cxl_miss = 300
stat.node.6.llc.total_miss = 300
stat.node.6.llc.avg_miss_lat = 684.077
stat.node.6.llc.avg_cxl_lat = 684.077
stat.node.6.llc.miss_lat_hist_bin_ns = 10
stat.node.6.llc.miss_lat_hist = [0,0,0,0,0,0,0,0,0,0,0,0,0,0,0,0,0,0,0,0,0,0,0,0,0,0,0,58,242]
stat.node.6.util.dram_avg = 3.3688e-05
stat.node.6.walltime_s = 345.622
stat.node.6.active_time_s = 13.0242
stat.node.4.cpu.0.load_issue_to_complete_count = 299
stat.node.4.cpu.0.avg_load_issue_to_complete_lat = 999.204
stat.node.4.injector.phase_cycles = 300008
stat.node.4.injector.request_bytes = 20288
stat.node.4.injector.response_bytes = 162304
stat.node.4.injector.aggregate_bytes = 182592
stat.node.4.injector.request_gbps = 1.2984
stat.node.4.injector.response_gbps = 10.3872
stat.node.4.injector.aggregate_gbps = 11.6856
stat.node.4.llc.cxl_miss = 300
stat.node.4.llc.total_miss = 300
stat.node.4.llc.avg_miss_lat = 685.837
stat.node.4.llc.avg_cxl_lat = 685.837
stat.node.4.llc.miss_lat_hist_bin_ns = 10
stat.node.4.llc.miss_lat_hist = [0,0,0,0,0,0,0,0,0,0,0,0,0,0,0,0,0,0,0,0,0,0,0,0,0,0,0,56,199,45]
stat.node.4.util.dram_avg = 3.36766e-05
stat.node.4.walltime_s = 345.668
stat.node.4.active_time_s = 11.4798
stat.node.7.cpu.0.load_issue_to_complete_count = 299
stat.node.7.cpu.0.avg_load_issue_to_complete_lat = 999.204
stat.node.7.injector.phase_cycles = 300008
stat.node.7.injector.request_bytes = 20288
stat.node.7.injector.response_bytes = 162304
stat.node.7.injector.aggregate_bytes = 182592
stat.node.7.injector.request_gbps = 1.2984
stat.node.7.injector.response_gbps = 10.3872
stat.node.7.injector.aggregate_gbps = 11.6856
stat.node.7.llc.cxl_miss = 300
stat.node.7.llc.total_miss = 300
stat.node.7.llc.avg_miss_lat = 685.13
stat.node.7.llc.avg_cxl_lat = 685.13
stat.node.7.llc.miss_lat_hist_bin_ns = 10
stat.node.7.llc.miss_lat_hist = [0,0,0,0,0,0,0,0,0,0,0,0,0,0,0,0,0,0,0,0,0,0,0,0,0,0,0,46,253,1]
stat.node.7.util.dram_avg = 3.36712e-05
stat.node.7.walltime_s = 345.926
stat.node.7.active_time_s = 8.86552
stat.node.0.cpu.0.load_issue_to_complete_count = 299
stat.node.0.cpu.0.avg_load_issue_to_complete_lat = 999.204
stat.node.0.injector.phase_cycles = 300008
stat.node.0.injector.request_bytes = 20288
stat.node.0.injector.response_bytes = 162304
stat.node.0.injector.aggregate_bytes = 182592
stat.node.0.injector.request_gbps = 1.2984
stat.node.0.injector.response_gbps = 10.3872
stat.node.0.injector.aggregate_gbps = 11.6856
stat.node.0.llc.cxl_miss = 300
stat.node.0.llc.total_miss = 300
stat.node.0.llc.avg_miss_lat = 686.5
stat.node.0.llc.avg_cxl_lat = 686.5
stat.node.0.llc.miss_lat_hist_bin_ns = 10
stat.node.0.llc.miss_lat_hist = [0,0,0,0,0,0,0,0,0,0,0,0,0,0,0,0,0,0,0,0,0,0,0,0,0,0,0,67,188,45]
stat.node.0.util.dram_avg = 3.36709e-05
stat.node.0.walltime_s = 345.939
stat.node.0.active_time_s = 12.5021
stat.node.1.cpu.0.load_issue_to_complete_count = 299
stat.node.1.cpu.0.avg_load_issue_to_complete_lat = 999.204
stat.node.2.cpu.0.load_issue_to_complete_count = 299
stat.node.1.injector.phase_cycles = 300008
stat.node.1.injector.request_bytes = 20288
stat.node.1.injector.response_bytes = 162304
stat.node.1.injector.aggregate_bytes = 182592
stat.node.1.injector.request_gbps = 1.2984
stat.node.1.injector.response_gbps = 10.3872
stat.node.1.injector.aggregate_gbps = 11.6856
stat.node.1.llc.cxl_miss = 300
stat.node.1.llc.total_miss = 300
stat.node.1.llc.avg_miss_lat = 686.537
stat.node.1.llc.avg_cxl_lat = 686.537
stat.node.1.llc.miss_lat_hist_bin_ns = 10
stat.node.1.llc.miss_lat_hist = [0,0,0,0,0,0,0,0,0,0,0,0,0,0,0,0,0,0,0,0,0,0,0,0,0,0,0,67,188,45]
stat.node.1.util.dram_avg = 3.36653e-05
stat.node.1.walltime_s = 347.181
stat.node.1.active_time_s = 13.6966
stat.node.2.cpu.0.avg_load_issue_to_complete_lat = 999.204
stat.node.2.injector.phase_cycles = 300008
stat.node.2.injector.request_bytes = 20288
stat.node.2.injector.response_bytes = 162304
stat.node.2.injector.aggregate_bytes = 182592
stat.node.2.injector.request_gbps = 1.2984
stat.node.2.injector.response_gbps = 10.3872
stat.node.2.injector.aggregate_gbps = 11.6856
stat.node.2.llc.cxl_miss = 300
stat.node.2.llc.total_miss = 300
stat.node.2.llc.avg_miss_lat = 686.5
stat.node.2.llc.avg_cxl_lat = 686.5
stat.node.2.llc.miss_lat_hist_bin_ns = 10
stat.node.2.llc.miss_lat_hist = [0,0,0,0,0,0,0,0,0,0,0,0,0,0,0,0,0,0,0,0,0,0,0,0,0,0,0,67,188,45]
stat.node.2.util.dram_avg = 3.3665e-05
stat.node.2.walltime_s = 347.181
stat.node.2.active_time_s = 12.6084
stat.node.3.cpu.0.load_issue_to_complete_count = 299
stat.node.3.cpu.0.avg_load_issue_to_complete_lat = 999.204
stat.node.3.injector.phase_cycles = 300008
stat.node.3.injector.request_bytes = 20288
stat.node.3.injector.response_bytes = 162304
stat.node.3.injector.aggregate_bytes = 182592
stat.node.3.injector.request_gbps = 1.2984
stat.node.3.injector.response_gbps = 10.3872
stat.node.3.injector.aggregate_gbps = 11.6856
stat.node.3.llc.cxl_miss = 300
stat.node.3.llc.total_miss = 300
stat.node.3.llc.avg_miss_lat = 686.537
stat.node.3.llc.avg_cxl_lat = 686.537
stat.node.3.llc.miss_lat_hist_bin_ns = 10
stat.node.3.llc.miss_lat_hist = [0,0,0,0,0,0,0,0,0,0,0,0,0,0,0,0,0,0,0,0,0,0,0,0,0,0,0,67,188,45]
stat.node.3.util.dram_avg = 3.36594e-05
stat.node.3.walltime_s = 347.208
stat.node.3.active_time_s = 16.6285
stat.pool.101.util.mem_avg = 0.153724
stat.pool.101.util.req_link_avg = 0.120117
stat.pool.101.walltime_s = 347.201
stat.pool.101.active_time_s = 0.259191
stat.pool.100.util.mem_avg = 0.153726
stat.pool.100.util.req_link_avg = 0.120118
stat.pool.100.walltime_s = 347.201
stat.pool.100.active_time_s = 0.28108
stat.switch.replicated_messages = 0
stat.switch.util.node_ingress_avg = 0.0300345
stat.switch.util.pool_ingress_avg = 0.960621
stat.switch.bw.host_to_switch_gbps = 1.47657
stat.switch.bw.switch_to_host_gbps = 11.8041
stat.switch.bw.host_link_total_gbps = 13.2807
stat.switch.walltime_s = 347.201
stat.switch.active_time_s = 1.08045
Simulation is complete, simulated time: 297.331 us
