stat.node.0.cpu.0.retired = 767
stat.node.0.cpu.0.cycles = 1000000
stat.node.1.cpu.0.retired = 767
stat.node.2.cpu.0.retired = 767
stat.node.2.cpu.0.cycles = 1000000
stat.node.3.cpu.0.retired = 767
stat.node.3.cpu.0.cycles = 1000000
stat.node.4.cpu.0.retired = 768
stat.node.4.cpu.0.cycles = 1000000
stat.node.5.cpu.0.retired = 768
stat.node.5.cpu.0.cycles = 1000000
stat.node.6.cpu.0.retired = 767
stat.node.6.cpu.0.cycles = 1000000
stat.node.7.cpu.0.retired = 767
stat.node.7.cpu.0.cycles = 1000000
stat.node.1.cpu.0.cycles = 1000000
stat.node.4.cpu.0.load_issue_to_complete_count = 499
stat.node.4.cpu.0.avg_load_issue_to_complete_lat = 1052.45
stat.node.4.injector.phase_cycles = 527624
stat.node.4.injector.request_bytes = 85192
stat.node.4.injector.response_bytes = 107584
stat.node.4.injector.aggregate_bytes = 192776
stat.node.4.injector.request_gbps = 3.1001
stat.node.4.injector.response_gbps = 3.91493
stat.node.4.injector.aggregate_gbps = 7.01503
stat.node.4.llc.cxl_miss = 500
stat.node.4.llc.total_miss = 500
stat.node.4.llc.avg_miss_lat = 812.332
stat.node.4.llc.avg_cxl_lat = 812.332
stat.node.4.llc.miss_lat_hist_bin_ns = 10
stat.node.4.llc.miss_lat_hist = [0,0,0,0,0,0,0,0,0,0,0,0,0,0,0,0,0,0,0,0,0,0,0,0,0,0,0,1,69,60,50,26,37,49,26,14,21,60,20,18,23,6,0,0,1,13,6]
stat.node.4.util.dram_avg = 1.94161e-05
stat.node.4.walltime_s = 454.478
stat.node.4.active_time_s = 19.4544
stat.node.5.cpu.0.load_issue_to_complete_count = 499
stat.node.5.cpu.0.avg_load_issue_to_complete_lat = 1052
stat.node.5.injector.phase_cycles = 527407
stat.node.5.injector.request_bytes = 85120
stat.node.5.injector.response_bytes = 107520
stat.node.5.injector.aggregate_bytes = 192640
stat.node.5.injector.request_gbps = 3.09875
stat.node.5.injector.response_gbps = 3.91421
stat.node.5.injector.aggregate_gbps = 7.01297
stat.node.5.llc.cxl_miss = 500
stat.node.5.llc.total_miss = 500
stat.node.5.llc.avg_miss_lat = 812.344
stat.node.5.llc.avg_cxl_lat = 812.344
stat.node.5.llc.miss_lat_hist_bin_ns = 10
stat.node.5.llc.miss_lat_hist = [0,0,0,0,0,0,0,0,0,0,0,0,0,0,0,0,0,0,0,0,0,0,0,0,0,0,0,1,71,57,48,34,64,14,8,17,34,64,20,14,25,6,3,9,5,1,4,1]
stat.node.5.util.dram_avg = 1.94157e-05
stat.node.5.walltime_s = 454.479
stat.node.5.active_time_s = 19.2867
stat.node.6.cpu.0.load_issue_to_complete_count = 499
stat.node.6.cpu.0.avg_load_issue_to_complete_lat = 1052
stat.node.6.injector.phase_cycles = 527407
stat.node.6.injector.request_bytes = 85120
stat.node.6.injector.response_bytes = 107520
stat.node.6.injector.aggregate_bytes = 192640
stat.node.6.injector.request_gbps = 3.09875
stat.node.6.injector.response_gbps = 3.91421
stat.node.6.injector.aggregate_gbps = 7.01297
stat.node.6.llc.cxl_miss = 500
stat.node.6.llc.total_miss = 500
stat.node.6.llc.avg_miss_lat = 812.37
stat.node.6.llc.avg_cxl_lat = 812.37
stat.node.6.llc.miss_lat_hist_bin_ns = 10
stat.node.6.llc.miss_lat_hist = [0,0,0,0,0,0,0,0,0,0,0,0,0,0,0,0,0,0,0,0,0,0,0,0,0,0,0,1,74,58,76,27,30,10,2,18,46,84,11,11,18,16,0,6,0,4,1,5,2]
stat.node.6.util.dram_avg = 1.94153e-05
stat.node.6.walltime_s = 454.479
stat.node.6.active_time_s = 17.2631
stat.node.0.cpu.0.load_issue_to_complete_count = 499
stat.node.0.cpu.0.avg_load_issue_to_complete_lat = 1052
stat.node.0.injector.phase_cycles = 527407
stat.node.0.injector.request_bytes = 85120
stat.node.0.injector.response_bytes = 107520
stat.node.0.injector.aggregate_bytes = 192640
stat.node.0.injector.request_gbps = 3.09875
stat.node.0.injector.response_gbps = 3.91421
stat.node.0.injector.aggregate_gbps = 7.01297
stat.node.0.llc.cxl_miss = 500
stat.node.0.llc.total_miss = 500
stat.node.0.llc.avg_miss_lat = 810.7
stat.node.0.llc.avg_cxl_lat = 810.7
stat.node.0.llc.miss_lat_hist_bin_ns = 10
stat.node.0.llc.miss_lat_hist = [0,0,0,0,0,0,0,0,0,0,0,0,0,0,0,0,0,0,0,0,0,0,0,0,0,0,0,0,86,60,45,58,13,13,9,13,37,80,16,26,27,0,0,0,1,7,5,4]
stat.node.0.util.dram_avg = 1.94149e-05
stat.node.0.walltime_s = 454.48
stat.node.0.active_time_s = 25.0352
stat.node.3.cpu.0.load_issue_to_complete_count = 499
stat.node.3.cpu.0.avg_load_issue_to_complete_lat = 1051.9
stat.node.3.injector.phase_cycles = 527361
stat.node.3.injector.request_bytes = 85120
stat.node.3.injector.response_bytes = 107520
stat.node.3.injector.aggregate_bytes = 192640
stat.node.3.injector.request_gbps = 3.09902
stat.node.3.injector.response_gbps = 3.91456
stat.node.3.injector.aggregate_gbps = 7.01358
stat.node.3.llc.cxl_miss = 500
stat.node.3.llc.total_miss = 500
stat.node.3.llc.avg_miss_lat = 813.282
stat.node.3.llc.avg_cxl_lat = 813.282
stat.node.3.llc.miss_lat_hist_bin_ns = 10
stat.node.3.llc.miss_lat_hist = [0,0,0,0,0,0,0,0,0,0,0,0,0,0,0,0,0,0,0,0,0,0,0,0,0,0,0,0,65,75,56,31,32,20,17,16,33,73,18,12,22,6,1,1,1,5,12,4]
stat.node.3.util.dram_avg = 1.94138e-05
stat.node.3.walltime_s = 454.568
stat.node.3.active_time_s = 26.1355
stat.node.1.cpu.0.load_issue_to_complete_count = 499
stat.node.1.cpu.0.avg_load_issue_to_complete_lat = 1053.1
stat.node.1.injector.phase_cycles = 527953
stat.node.1.injector.request_bytes = 85200
stat.node.1.injector.response_bytes = 107648
stat.node.1.injector.aggregate_bytes = 192848
stat.node.1.injector.request_gbps = 3.09846
stat.node.1.injector.response_gbps = 3.91482
stat.node.1.injector.aggregate_gbps = 7.01328
stat.node.1.llc.cxl_miss = 500
stat.node.1.llc.total_miss = 500
stat.node.1.llc.avg_miss_lat = 812.964
stat.node.1.llc.avg_cxl_lat = 812.964
stat.node.1.llc.miss_lat_hist_bin_ns = 10
stat.node.1.llc.miss_lat_hist = [0,0,0,0,0,0,0,0,0,0,0,0,0,0,0,0,0,0,0,0,0,0,0,0,0,0,0,0,86,66,46,47,14,12,15,15,35,75,15,24,16,12,0,2,2,5,7,6]
stat.node.1.util.dram_avg = 1.9406e-05
stat.node.1.walltime_s = 454.745
stat.node.1.active_time_s = 29.0331
stat.node.7.cpu.0.load_issue_to_complete_count = 499
stat.node.7.cpu.0.avg_load_issue_to_complete_lat = 1052.05
stat.node.7.injector.phase_cycles = 527407
stat.node.7.injector.request_bytes = 85120
stat.node.7.injector.response_bytes = 107520
stat.node.7.injector.aggregate_bytes = 192640
stat.node.7.injector.request_gbps = 3.09875
stat.node.7.injector.response_gbps = 3.91421
stat.node.7.injector.aggregate_gbps = 7.01297
stat.node.7.llc.cxl_miss = 500
stat.node.7.llc.total_miss = 500
stat.node.7.llc.avg_miss_lat = 813.558
stat.node.7.llc.avg_cxl_lat = 813.558
stat.node.7.llc.miss_lat_hist_bin_ns = 10
stat.node.7.llc.miss_lat_hist = [0,0,0,0,0,0,0,0,0,0,0,0,0,0,0,0,0,0,0,0,0,0,0,0,0,0,0,0,69,60,44,42,33,26,34,20,27,63,17,14,24,6,1,0,0,5,14,1]
stat.node.7.util.dram_avg = 1.94013e-05
stat.node.7.walltime_s = 454.763
stat.node.7.active_time_s = 18.2782
stat.node.2.cpu.0.load_issue_to_complete_count = 499
stat.node.2.cpu.0.avg_load_issue_to_complete_lat = 1052.05
stat.node.2.injector.phase_cycles = 527382
stat.node.2.injector.request_bytes = 85120
stat.node.2.injector.response_bytes = 107520
stat.node.2.injector.aggregate_bytes = 192640
stat.node.2.injector.request_gbps = 3.0989
stat.node.2.injector.response_gbps = 3.9144
stat.node.2.injector.aggregate_gbps = 7.0133
stat.node.2.llc.cxl_miss = 500
stat.node.2.llc.total_miss = 500
stat.node.2.llc.avg_miss_lat = 814.432
stat.node.2.llc.avg_cxl_lat = 814.432
stat.node.2.llc.miss_lat_hist_bin_ns = 10
stat.node.2.llc.miss_lat_hist = [0,0,0,0,0,0,0,0,0,0,0,0,0,0,0,0,0,0,0,0,0,0,0,0,0,0,0,0,70,58,40,41,30,38,39,17,25,60,13,13,26,7,0,1,3,12,7]
stat.node.2.util.dram_avg = 1.94009e-05
stat.node.2.walltime_s = 454.771
stat.node.2.active_time_s = 21.9511
stat.pool.100.util.mem_avg = 0.202031
stat.pool.100.util.req_link_avg = 0.529354
stat.pool.100.walltime_s = 454.792
stat.pool.100.active_time_s = 0.723726
stat.switch.replicated_messages = 0
stat.switch.util.node_ingress_avg = 0.0661788
stat.switch.util.pool_ingress_avg = 0.838038
stat.switch.bw.host_to_switch_gbps = 3.25349
stat.switch.bw.switch_to_host_gbps = 5.14891
stat.switch.bw.host_link_total_gbps = 8.4024
stat.switch.walltime_s = 454.792
stat.switch.active_time_s = 2.06203
Simulation is complete, simulated time: 515.852 us
