stat.node.0.cpu.0.retired = 820
stat.node.0.cpu.0.cycles = 1000000
stat.node.1.cpu.0.retired = 820
stat.node.1.cpu.0.cycles = 1000000
stat.node.2.cpu.0.retired = 820
stat.node.3.cpu.0.retired = 820
stat.node.3.cpu.0.cycles = 1000000
stat.node.4.cpu.0.retired = 820
stat.node.4.cpu.0.cycles = 1000000
stat.node.5.cpu.0.retired = 820
stat.node.5.cpu.0.cycles = 1000000
stat.node.6.cpu.0.retired = 820
stat.node.6.cpu.0.cycles = 1000000
stat.node.7.cpu.0.retired = 820
stat.node.7.cpu.0.cycles = 1000000
stat.node.2.cpu.0.cycles = 1000000
stat.node.4.cpu.0.load_issue_to_complete_count = 499
stat.node.4.cpu.0.avg_load_issue_to_complete_lat = 1000.63
stat.node.4.injector.phase_cycles = 501578
stat.node.4.injector.request_bytes = 118352
stat.node.4.injector.response_bytes = 72832
stat.node.4.injector.aggregate_bytes = 191184
stat.node.4.injector.request_gbps = 4.53042
stat.node.4.injector.response_gbps = 2.78795
stat.node.4.injector.aggregate_gbps = 7.31837
stat.node.4.llc.cxl_miss = 500
stat.node.4.llc.total_miss = 500
stat.node.4.llc.avg_miss_lat = 764.344
stat.node.4.llc.avg_cxl_lat = 764.344
stat.node.4.llc.miss_lat_hist_bin_ns = 10
stat.node.4.llc.miss_lat_hist = [0,0,0,0,0,0,0,0,0,0,0,0,0,0,0,0,0,0,0,0,0,0,0,0,0,0,42,44,65,46,19,21,44,64,43,36,31,28,10,5,2]
stat.node.4.util.dram_avg = 2.04611e-05
stat.node.4.walltime_s = 532.7
stat.node.4.active_time_s = 21.2438
stat.node.5.cpu.0.load_issue_to_complete_count = 499
stat.node.5.cpu.0.avg_load_issue_to_complete_lat = 1000.63
stat.node.5.injector.phase_cycles = 501403
stat.node.5.injector.request_bytes = 118288
stat.node.5.injector.response_bytes = 72832
stat.node.5.injector.aggregate_bytes = 191120
stat.node.5.injector.request_gbps = 4.52955
stat.node.5.injector.response_gbps = 2.78892
stat.node.5.injector.aggregate_gbps = 7.31847
stat.node.5.llc.cxl_miss = 500
stat.node.5.llc.total_miss = 500
stat.node.5.llc.avg_miss_lat = 765.92
stat.node.5.llc.avg_cxl_lat = 765.92
stat.node.5.llc.miss_lat_hist_bin_ns = 10
stat.node.5.llc.miss_lat_hist = [0,0,0,0,0,0,0,0,0,0,0,0,0,0,0,0,0,0,0,0,0,0,0,0,0,0,39,48,47,35,12,42,68,85,39,11,33,20,17,1,3]
stat.node.5.util.dram_avg = 2.04606e-05
stat.node.5.walltime_s = 532.744
stat.node.5.active_time_s = 29.0737
stat.node.6.cpu.0.load_issue_to_complete_count = 499
stat.node.6.cpu.0.avg_load_issue_to_complete_lat = 999.878
stat.node.6.injector.phase_cycles = 501353
stat.node.6.injector.request_bytes = 118216
stat.node.6.injector.response_bytes = 72768
stat.node.6.injector.aggregate_bytes = 190984
stat.node.6.injector.request_gbps = 4.52724
stat.node.6.injector.response_gbps = 2.78675
stat.node.6.injector.aggregate_gbps = 7.31399
stat.node.6.llc.cxl_miss = 500
stat.node.6.llc.total_miss = 500
stat.node.6.llc.avg_miss_lat = 764.268
stat.node.6.llc.avg_cxl_lat = 764.268
stat.node.6.llc.miss_lat_hist_bin_ns = 10
stat.node.6.llc.miss_lat_hist = [0,0,0,0,0,0,0,0,0,0,0,0,0,0,0,0,0,0,0,0,0,0,0,0,0,0,44,38,46,34,65,22,51,55,42,24,42,19,15,2,1]
stat.node.6.util.dram_avg = 2.04598e-05
stat.node.6.walltime_s = 532.813
stat.node.6.active_time_s = 19.8169
stat.node.7.cpu.0.load_issue_to_complete_count = 499
stat.node.7.cpu.0.avg_load_issue_to_complete_lat = 999.575
stat.node.7.injector.phase_cycles = 501327
stat.node.7.injector.request_bytes = 118216
stat.node.7.injector.response_bytes = 72768
stat.node.7.injector.aggregate_bytes = 190984
stat.node.7.injector.request_gbps = 4.52748
stat.node.7.injector.response_gbps = 2.78689
stat.node.7.injector.aggregate_gbps = 7.31437
stat.node.7.llc.cxl_miss = 500
stat.node.7.llc.total_miss = 500
stat.node.7.llc.avg_miss_lat = 763.56
stat.node.7.llc.avg_cxl_lat = 763.56
stat.node.7.llc.miss_lat_hist_bin_ns = 10
stat.node.7.llc.miss_lat_hist = [0,0,0,0,0,0,0,0,0,0,0,0,0,0,0,0,0,0,0,0,0,0,0,0,0,0,53,54,42,18,19,24,63,81,75,18,18,15,15,5]
stat.node.7.util.dram_avg = 2.04585e-05
stat.node.7.walltime_s = 532.799
stat.node.7.active_time_s = 19.7177
stat.node.0.cpu.0.load_issue_to_complete_count = 499
stat.node.0.cpu.0.avg_load_issue_to_complete_lat = 999.625
stat.node.0.injector.phase_cycles = 501326
stat.node.0.injector.request_bytes = 118280
stat.node.0.injector.response_bytes = 72768
stat.node.0.injector.aggregate_bytes = 191048
stat.node.0.injector.request_gbps = 4.52994
stat.node.0.injector.response_gbps = 2.7869
stat.node.0.injector.aggregate_gbps = 7.31684
stat.node.0.llc.cxl_miss = 500
stat.node.0.llc.total_miss = 500
stat.node.0.llc.avg_miss_lat = 764.438
stat.node.0.llc.avg_cxl_lat = 764.438
stat.node.0.llc.miss_lat_hist_bin_ns = 10
stat.node.0.llc.miss_lat_hist = [0,0,0,0,0,0,0,0,0,0,0,0,0,0,0,0,0,0,0,0,0,0,0,0,0,0,39,43,43,24,37,73,58,60,41,15,23,23,15,6]
stat.node.0.util.dram_avg = 2.04576e-05
stat.node.0.walltime_s = 532.824
stat.node.0.active_time_s = 15.5689
stat.node.1.cpu.0.load_issue_to_complete_count = 499
stat.node.1.cpu.0.avg_load_issue_to_complete_lat = 1000.83
stat.node.1.injector.phase_cycles = 501759
stat.node.1.injector.request_bytes = 118352
stat.node.1.injector.response_bytes = 72832
stat.node.1.injector.aggregate_bytes = 191184
stat.node.1.injector.request_gbps = 4.52878
stat.node.1.injector.response_gbps = 2.78694
stat.node.1.injector.aggregate_gbps = 7.31573
stat.node.1.llc.cxl_miss = 500
stat.node.1.llc.total_miss = 500
stat.node.1.llc.avg_miss_lat = 765.236
stat.node.1.llc.avg_cxl_lat = 765.236
stat.node.1.llc.miss_lat_hist_bin_ns = 10
stat.node.1.llc.miss_lat_hist = [0,0,0,0,0,0,0,0,0,0,0,0,0,0,0,0,0,0,0,0,0,0,0,0,0,0,39,40,76,32,28,26,62,58,43,6,24,32,25,9]
stat.node.1.util.dram_avg = 2.04461e-05
stat.node.1.walltime_s = 532.86
stat.node.1.active_time_s = 25.5631
stat.node.2.cpu.0.load_issue_to_complete_count = 499
stat.node.2.cpu.0.avg_load_issue_to_complete_lat = 1000.73
stat.node.2.injector.phase_cycles = 501604
stat.node.2.injector.request_bytes = 118352
stat.node.2.injector.response_bytes = 72832
stat.node.2.injector.aggregate_bytes = 191184
stat.node.2.injector.request_gbps = 4.53018
stat.node.2.injector.response_gbps = 2.78781
stat.node.2.injector.aggregate_gbps = 7.31799
stat.node.2.llc.cxl_miss = 500
stat.node.2.llc.total_miss = 500
stat.node.2.llc.avg_miss_lat = 765.486
stat.node.2.llc.avg_cxl_lat = 765.486
stat.node.2.llc.miss_lat_hist_bin_ns = 10
stat.node.2.llc.miss_lat_hist = [0,0,0,0,0,0,0,0,0,0,0,0,0,0,0,0,0,0,0,0,0,0,0,0,0,0,50,43,42,40,31,25,46,70,45,46,28,16,13,5]
stat.node.2.util.dram_avg = 2.04457e-05
stat.node.2.walltime_s = 532.904
stat.node.2.active_time_s = 19.29
stat.node.3.cpu.0.load_issue_to_complete_count = 499
stat.node.3.cpu.0.avg_load_issue_to_complete_lat = 1000.77
stat.node.3.injector.phase_cycles = 501624
stat.node.3.injector.request_bytes = 118288
stat.node.3.injector.response_bytes = 72832
stat.node.3.injector.aggregate_bytes = 191120
stat.node.3.injector.request_gbps = 4.52755
stat.node.3.injector.response_gbps = 2.78769
stat.node.3.injector.aggregate_gbps = 7.31525
stat.node.3.llc.cxl_miss = 500
stat.node.3.llc.total_miss = 500
stat.node.3.llc.avg_miss_lat = 766.118
stat.node.3.llc.avg_cxl_lat = 766.118
stat.node.3.llc.miss_lat_hist_bin_ns = 10
stat.node.3.llc.miss_lat_hist = [0,0,0,0,0,0,0,0,0,0,0,0,0,0,0,0,0,0,0,0,0,0,0,0,0,0,43,41,29,80,26,26,53,68,32,8,30,33,20,11]
stat.node.3.util.dram_avg = 2.04449e-05
stat.node.3.walltime_s = 533.256
stat.node.3.active_time_s = 27.3767
stat.pool.100.util.mem_avg = 0.2153
stat.pool.100.util.req_link_avg = 0.763316
stat.pool.100.walltime_s = 533.32
stat.pool.100.active_time_s = 0.716346
stat.switch.replicated_messages = 0
stat.switch.util.node_ingress_avg = 0.0954329
stat.switch.util.pool_ingress_avg = 0.665537
stat.switch.bw.host_to_switch_gbps = 4.69122
stat.switch.bw.switch_to_host_gbps = 4.08898
stat.switch.bw.host_link_total_gbps = 8.78021
stat.switch.walltime_s = 533.32
stat.switch.active_time_s = 2.14954
Simulation is complete, simulated time: 489.51 us
