stat.node.0.cpu.0.retired = 815
stat.node.0.cpu.0.cycles = 1000000
stat.node.1.cpu.0.retired = 814
stat.node.1.cpu.0.cycles = 1000000
stat.node.2.cpu.0.retired = 814
stat.node.2.cpu.0.cycles = 1000000
stat.node.3.cpu.0.retired = 814
stat.node.3.cpu.0.cycles = 1000000
stat.node.4.cpu.0.retired = 814
stat.node.4.cpu.0.cycles = 1000000
stat.node.5.cpu.0.retired = 814
stat.node.5.cpu.0.cycles = 1000000
stat.node.6.cpu.0.retired = 814
stat.node.6.cpu.0.cycles = 1000000
stat.node.7.cpu.0.retired = 814
stat.node.7.cpu.0.cycles = 1000000
stat.node.1.cpu.0.load_issue_to_complete_count = 499
stat.node.1.cpu.0.avg_load_issue_to_complete_lat = 1009.64
stat.node.1.injector.phase_cycles = 505902
stat.node.1.injector.request_bytes = 47448
stat.node.1.injector.response_bytes = 85696
stat.node.1.injector.aggregate_bytes = 133144
stat.node.1.injector.request_gbps = 1.80075
stat.node.1.injector.response_gbps = 3.25234
stat.node.1.injector.aggregate_gbps = 5.05308
stat.node.1.llc.cxl_miss = 500
stat.node.1.llc.total_miss = 500
stat.node.1.llc.avg_miss_lat = 774.526
stat.node.1.llc.avg_cxl_lat = 774.526
stat.node.1.llc.miss_lat_hist_bin_ns = 10
stat.node.1.llc.miss_lat_hist = [0,0,0,0,0,0,0,0,0,0,0,0,0,0,0,0,0,0,0,0,0,0,0,0,0,0,114,25,64,23,9,13,21,72,18,20,27,23,8,10,12,7,9,11,4,1,1,0,2,1,2,3]
stat.node.1.util.dram_avg = 2.03562e-05
stat.node.1.walltime_s = 19.0148
stat.node.1.active_time_s = 12.1862
stat.node.5.cpu.0.load_issue_to_complete_count = 499
stat.node.5.cpu.0.avg_load_issue_to_complete_lat = 1009.19
stat.node.5.injector.phase_cycles = 505849
stat.node.5.injector.request_bytes = 47456
stat.node.5.injector.response_bytes = 85696
stat.node.5.injector.aggregate_bytes = 133152
stat.node.5.injector.request_gbps = 1.80124
stat.node.5.injector.response_gbps = 3.25268
stat.node.5.injector.aggregate_gbps = 5.05392
stat.node.5.llc.cxl_miss = 500
stat.node.5.llc.total_miss = 500
stat.node.5.llc.avg_miss_lat = 775.492
stat.node.5.llc.avg_cxl_lat = 775.492
stat.node.5.llc.miss_lat_hist_bin_ns = 10
stat.node.5.llc.miss_lat_hist = [0,0,0,0,0,0,0,0,0,0,0,0,0,0,0,0,0,0,0,0,0,0,0,0,0,0,141,26,29,13,13,28,42,72,14,14,9,13,16,7,8,15,8,9,5,3,0,0,1,1,9,3,1]
stat.node.5.util.dram_avg = 2.03445e-05
stat.node.5.walltime_s = 19.0242
stat.node.5.active_time_s = 11.8244
stat.node.2.cpu.0.load_issue_to_complete_count = 499
stat.node.2.cpu.0.avg_load_issue_to_complete_lat = 1009.19
stat.node.2.injector.phase_cycles = 505849
stat.node.2.injector.request_bytes = 47456
stat.node.2.injector.response_bytes = 85696
stat.node.2.injector.aggregate_bytes = 133152
stat.node.2.injector.request_gbps = 1.80124
stat.node.2.injector.response_gbps = 3.25268
stat.node.2.injector.aggregate_gbps = 5.05392
stat.node.2.llc.cxl_miss = 500
stat.node.2.llc.total_miss = 500
stat.node.2.llc.avg_miss_lat = 773.664
stat.node.2.llc.avg_cxl_lat = 773.664
stat.node.2.llc.miss_lat_hist_bin_ns = 10
stat.node.2.llc.miss_lat_hist = [0,0,0,0,0,0,0,0,0,0,0,0,0,0,0,0,0,0,0,0,0,0,0,0,0,0,148,20,28,16,14,16,15,90,12,23,26,15,11,4,9,15,22,6,1,2,2,0,0,2,2,0,1]
stat.node.2.util.dram_avg = 2.03441e-05
stat.node.2.walltime_s = 19.0247
stat.node.2.active_time_s = 8.21003
stat.node.4.cpu.0.load_issue_to_complete_count = 499
stat.node.4.cpu.0.avg_load_issue_to_complete_lat = 1011.05
stat.node.4.injector.phase_cycles = 506605
stat.node.4.injector.request_bytes = 47536
stat.node.4.injector.response_bytes = 85824
stat.node.4.injector.aggregate_bytes = 133360
stat.node.4.injector.request_gbps = 1.80158
stat.node.4.injector.response_gbps = 3.25267
stat.node.4.injector.aggregate_gbps = 5.05426
stat.node.4.llc.cxl_miss = 500
stat.node.4.llc.total_miss = 500
stat.node.4.llc.avg_miss_lat = 774.264
stat.node.4.llc.avg_cxl_lat = 774.264
stat.node.4.llc.miss_lat_hist_bin_ns = 10
stat.node.4.llc.miss_lat_hist = [0,0,0,0,0,0,0,0,0,0,0,0,0,0,0,0,0,0,0,0,0,0,0,0,0,0,141,22,29,20,12,18,13,96,21,21,19,13,10,6,6,16,12,8,6,0,2,1,2,0,5,1]
stat.node.4.util.dram_avg = 2.03436e-05
stat.node.4.walltime_s = 19.0252
stat.node.4.active_time_s = 8.55838
stat.node.0.cpu.0.load_issue_to_complete_count = 499
stat.node.0.cpu.0.avg_load_issue_to_complete_lat = 1011.2
stat.node.0.injector.phase_cycles = 506680
stat.node.0.injector.request_bytes = 47536
stat.node.0.injector.response_bytes = 85824
stat.node.0.injector.aggregate_bytes = 133360
stat.node.0.injector.request_gbps = 1.80132
stat.node.0.injector.response_gbps = 3.25219
stat.node.0.injector.aggregate_gbps = 5.05351
stat.node.0.llc.cxl_miss = 500
stat.node.0.llc.total_miss = 500
stat.node.0.llc.avg_miss_lat = 777.076
stat.node.0.llc.avg_cxl_lat = 777.076
stat.node.0.llc.miss_lat_hist_bin_ns = 10
stat.node.0.llc.miss_lat_hist = [0,0,0,0,0,0,0,0,0,0,0,0,0,0,0,0,0,0,0,0,0,0,0,0,0,0,128,28,24,12,17,44,23,67,16,26,20,17,14,8,6,15,10,11,7,0,0,2,1,0,3,1]
stat.node.0.util.dram_avg = 2.03432e-05
stat.node.0.walltime_s = 19.0256
stat.node.0.active_time_s = 8.09466
stat.node.6.cpu.0.load_issue_to_complete_count = 499
stat.node.6.cpu.0.avg_load_issue_to_complete_lat = 1011.3
stat.node.6.injector.phase_cycles = 506730
stat.node.6.injector.request_bytes = 47536
stat.node.6.injector.response_bytes = 85824
stat.node.6.injector.aggregate_bytes = 133360
stat.node.6.injector.request_gbps = 1.80114
stat.node.6.injector.response_gbps = 3.25187
stat.node.6.injector.aggregate_gbps = 5.05301
stat.node.6.llc.cxl_miss = 500
stat.node.6.llc.total_miss = 500
stat.node.6.llc.avg_miss_lat = 776.576
stat.node.6.llc.avg_cxl_lat = 776.576
stat.node.6.llc.miss_lat_hist_bin_ns = 10
stat.node.6.llc.miss_lat_hist = [0,0,0,0,0,0,0,0,0,0,0,0,0,0,0,0,0,0,0,0,0,0,0,0,0,0,128,20,30,19,39,12,44,64,18,12,13,21,10,6,8,9,18,12,8,1,0,1,1,2,3,1]
stat.node.6.util.dram_avg = 2.03428e-05
stat.node.6.walltime_s = 19.026
stat.node.6.active_time_s = 8.06003
stat.node.7.cpu.0.load_issue_to_complete_count = 499
stat.node.7.cpu.0.avg_load_issue_to_complete_lat = 1009.29
stat.node.7.injector.phase_cycles = 505899
stat.node.7.injector.request_bytes = 47456
stat.node.7.injector.response_bytes = 85696
stat.node.7.injector.aggregate_bytes = 133152
stat.node.7.injector.request_gbps = 1.80106
stat.node.7.injector.response_gbps = 3.25236
stat.node.7.injector.aggregate_gbps = 5.05342
stat.node.7.llc.cxl_miss = 500
stat.node.7.llc.total_miss = 500
stat.node.7.llc.avg_miss_lat = 775.688
stat.node.7.llc.avg_cxl_lat = 775.688
stat.node.7.llc.miss_lat_hist_bin_ns = 10
stat.node.7.llc.miss_lat_hist = [0,0,0,0,0,0,0,0,0,0,0,0,0,0,0,0,0,0,0,0,0,0,0,0,0,0,137,29,30,13,16,17,38,75,20,21,13,14,8,8,5,17,3,15,5,1,1,0,1,3,9,0,1]
stat.node.7.util.dram_avg = 2.03423e-05
stat.node.7.walltime_s = 19.0265
stat.node.7.active_time_s = 12.0575
stat.node.3.cpu.0.load_issue_to_complete_count = 499
stat.node.3.cpu.0.avg_load_issue_to_complete_lat = 1011.2
stat.node.3.injector.phase_cycles = 506852
stat.node.3.injector.request_bytes = 47536
stat.node.3.injector.response_bytes = 85888
stat.node.3.injector.aggregate_bytes = 133424
stat.node.3.injector.request_gbps = 1.80071
stat.node.3.injector.response_gbps = 3.25351
stat.node.3.injector.aggregate_gbps = 5.05422
stat.node.3.llc.cxl_miss = 500
stat.node.3.llc.total_miss = 500
stat.node.3.llc.avg_miss_lat = 776.114
stat.node.3.llc.avg_cxl_lat = 776.114
stat.node.3.llc.miss_lat_hist_bin_ns = 10
stat.node.3.llc.miss_lat_hist = [0,0,0,0,0,0,0,0,0,0,0,0,0,0,0,0,0,0,0,0,0,0,0,0,0,0,119,28,32,39,13,20,31,61,21,25,18,10,19,14,6,11,5,9,7,1,0,0,1,2,3,3,2]
stat.node.3.util.dram_avg = 2.03263e-05
stat.node.3.walltime_s = 19.0395
stat.node.3.active_time_s = 12.1413
stat.pool.100.util.mem_avg = 0.154686
stat.pool.100.util.req_link_avg = 0.319322
stat.pool.100.walltime_s = 19.0395
stat.pool.100.active_time_s = 0.453325
stat.switch.replicated_messages = 0
stat.switch.util.node_ingress_avg = 0.0399195
stat.switch.util.pool_ingress_avg = 0.740007
stat.switch.bw.host_to_switch_gbps = 1.96212
stat.switch.bw.switch_to_host_gbps = 4.54672
stat.switch.bw.host_link_total_gbps = 6.50884
stat.switch.walltime_s = 19.0396
stat.switch.active_time_s = 1.42255
Simulation is complete, simulated time: 492.366 us
