stat.node.0.cpu.0.retired = 277
stat.node.0.cpu.0.cycles = 1000000
stat.node.1.cpu.0.retired = 261
stat.node.1.cpu.0.cycles = 1000000
stat.node.2.cpu.0.retired = 185
stat.node.2.cpu.0.cycles = 1000000
stat.node.3.cpu.0.retired = 206
stat.node.3.cpu.0.cycles = 1000000
stat.node.4.cpu.0.retired = 213
stat.node.4.cpu.0.cycles = 1000000
stat.node.5.cpu.0.retired = 232
stat.node.5.cpu.0.cycles = 1000000
stat.node.6.cpu.0.retired = 239
stat.node.6.cpu.0.cycles = 1000000
stat.node.7.cpu.0.retired = 291
stat.node.7.cpu.0.cycles = 1000000
stat.node.0.cpu.0.retired = 485
stat.node.0.cpu.0.cycles = 2000000
stat.node.1.cpu.0.retired = 531
stat.node.1.cpu.0.cycles = 2000000
stat.node.2.cpu.0.retired = 404
stat.node.2.cpu.0.cycles = 2000000
stat.node.3.cpu.0.retired = 399
stat.node.3.cpu.0.cycles = 2000000
stat.node.4.cpu.0.retired = 403
stat.node.4.cpu.0.cycles = 2000000
stat.node.5.cpu.0.retired = 423
stat.node.5.cpu.0.cycles = 2000000
stat.node.6.cpu.0.retired = 434
stat.node.6.cpu.0.cycles = 2000000
stat.node.7.cpu.0.retired = 505
stat.node.7.cpu.0.cycles = 2000000
stat.node.6.cpu.0.retired = 670
stat.node.6.cpu.0.cycles = 3000000
stat.node.0.cpu.0.retired = 717
stat.node.0.cpu.0.cycles = 3000000
stat.node.1.cpu.0.retired = 764
stat.node.2.cpu.0.retired = 646
stat.node.2.cpu.0.cycles = 3000000
stat.node.3.cpu.0.retired = 634
stat.node.3.cpu.0.cycles = 3000000
stat.node.4.cpu.0.retired = 641
stat.node.4.cpu.0.cycles = 3000000
stat.node.5.cpu.0.retired = 660
stat.node.5.cpu.0.cycles = 3000000
stat.node.7.cpu.0.retired = 736
stat.node.7.cpu.0.cycles = 3000000
stat.node.1.cpu.0.cycles = 3000000
stat.node.3.cpu.0.retired = 868
stat.node.3.cpu.0.cycles = 4000000
stat.node.4.cpu.0.retired = 878
stat.node.4.cpu.0.cycles = 4000000
stat.node.1.cpu.0.retired = 1013
stat.node.1.cpu.0.cycles = 4000000
stat.node.5.cpu.0.retired = 903
stat.node.5.cpu.0.cycles = 4000000
stat.node.6.cpu.0.retired = 915
stat.node.6.cpu.0.cycles = 4000000
stat.node.0.cpu.0.retired = 967
stat.node.0.cpu.0.cycles = 4000000
stat.node.7.cpu.0.retired = 985
stat.node.2.cpu.0.retired = 886
stat.node.2.cpu.0.cycles = 4000000
stat.node.7.cpu.0.cycles = 4000000
stat.node.6.cpu.0.retired = 1165
stat.node.6.cpu.0.cycles = 5000000
stat.node.0.cpu.0.retired = 1218
stat.node.0.cpu.0.cycles = 5000000
stat.node.2.cpu.0.retired = 1134
stat.node.2.cpu.0.cycles = 5000000
stat.node.4.cpu.0.retired = 1130
stat.node.4.cpu.0.cycles = 5000000
stat.node.3.cpu.0.retired = 1118
stat.node.3.cpu.0.cycles = 5000000
stat.node.7.cpu.0.retired = 1234
stat.node.7.cpu.0.cycles = 5000000
stat.node.1.cpu.0.retired = 1262
stat.node.1.cpu.0.cycles = 5000000
stat.node.5.cpu.0.retired = 1155
stat.node.5.cpu.0.cycles = 5000000
stat.node.4.cpu.0.retired = 1380
stat.node.4.cpu.0.cycles = 6000000
stat.node.5.cpu.0.retired = 1409
stat.node.5.cpu.0.cycles = 6000000
stat.node.7.cpu.0.retired = 1485
stat.node.7.cpu.0.cycles = 6000000
stat.node.1.cpu.0.retired = 1510
stat.node.1.cpu.0.cycles = 6000000
stat.node.3.cpu.0.retired = 1370
stat.node.3.cpu.0.cycles = 6000000
stat.node.6.cpu.0.retired = 1416
stat.node.6.cpu.0.cycles = 6000000
stat.node.0.cpu.0.retired = 1468
stat.node.0.cpu.0.cycles = 6000000
stat.node.2.cpu.0.retired = 1384
stat.node.2.cpu.0.cycles = 6000000
stat.node.4.cpu.0.retired = 1638
stat.node.4.cpu.0.cycles = 7000000
stat.node.2.cpu.0.retired = 1638
stat.node.2.cpu.0.cycles = 7000000
stat.node.5.cpu.0.retired = 1667
stat.node.5.cpu.0.cycles = 7000000
stat.node.7.cpu.0.retired = 1743
stat.node.7.cpu.0.cycles = 7000000
stat.node.1.cpu.0.retired = 1767
stat.node.1.cpu.0.cycles = 7000000
stat.node.3.cpu.0.retired = 1623
stat.node.3.cpu.0.cycles = 7000000
stat.node.6.cpu.0.retired = 1675
stat.node.6.cpu.0.cycles = 7000000
stat.node.0.cpu.0.retired = 1727
stat.node.0.cpu.0.cycles = 7000000
stat.node.1.cpu.0.load_issue_to_complete_count = 1499
stat.node.1.cpu.0.avg_load_issue_to_complete_lat = 4042.1
stat.node.1.injector.phase_cycles = 6069365
stat.node.1.injector.request_bytes = 1970728
stat.node.1.injector.response_bytes = 801728
stat.node.1.injector.aggregate_bytes = 2772456
stat.node.1.injector.request_gbps = 6.23426
stat.node.1.injector.response_gbps = 2.53621
stat.node.1.injector.aggregate_gbps = 8.77047
stat.node.1.llc.cxl_miss = 1500
stat.node.1.llc.total_miss = 1500
stat.node.1.llc.avg_miss_lat = 3781.1
stat.node.1.llc.avg_cxl_lat = 3781.1
stat.node.1.llc.miss_lat_hist_bin_ns = 10
stat.node.1.llc.miss_lat_hist = [0,0,0,0,0,0,0,0,0,0,0,0,0,0,0,0,0,0,0,0,0,0,0,0,0,0,0,0,0,0,0,0,0,0,0,0,0,0,0,0,0,0,0,0,0,0,0,0,0,0,0,0,0,0,0,0,0,0,0,0,0,0,0,0,0,0,0,0,0,0,0,0,0,0,0,0,0,0,0,0,0,0,0,0,0,0,0,0,0,0,0,0,0,0,0,0,0,0,1,0,0,1,0,1,0,0,1,0,1,4,1,3,3,2,1,6,6,3,4,3,9,11,8,11,10,5,16,15,11,10,18,14,17,20,23,16,19,18,25,30,30,34,22,21,25,27,25,26,39,25,32,27,17,28,24,21,36,23,35,25,21,16,14,20,24,17,19,16,18,20,18,17,20,12,19,17,22,18,20,16,9,14,7,9,7,9,16,10,16,10,7,11,12,8,4,4,9,7,5,3,3,3,4,5,5,3,4,3,3,2,3,5,0,0,3,1,3,1,2,1,2,2,2,0,2,0,0,1,1,0,1,0,0,1,0,1,1,0,1,0,0,1]
stat.node.1.util.dram_avg = 3.02442e-06
stat.node.1.walltime_s = 3625.22
stat.node.1.active_time_s = 171.318
stat.node.2.cpu.0.retired = 1895
stat.node.2.cpu.0.cycles = 8000000
stat.node.5.cpu.0.retired = 1923
stat.node.5.cpu.0.cycles = 8000000
stat.node.7.cpu.0.retired = 1994
stat.node.7.cpu.0.cycles = 8000000
stat.node.0.cpu.0.retired = 1977
stat.node.0.cpu.0.cycles = 8000000
stat.node.3.cpu.0.retired = 1879
stat.node.3.cpu.0.cycles = 8000000
stat.node.6.cpu.0.retired = 1930
stat.node.6.cpu.0.cycles = 8000000
stat.node.4.cpu.0.retired = 1893
stat.node.4.cpu.0.cycles = 8000000
stat.node.1.cpu.0.retired = 2017
stat.node.1.cpu.0.cycles = 8000000
stat.node.7.cpu.0.load_issue_to_complete_count = 1499
stat.node.7.cpu.0.avg_load_issue_to_complete_lat = 4027.25
stat.node.7.injector.phase_cycles = 6046435
stat.node.7.injector.request_bytes = 1971072
stat.node.7.injector.response_bytes = 801792
stat.node.7.injector.aggregate_bytes = 2772864
stat.node.7.injector.request_gbps = 6.25899
stat.node.7.injector.response_gbps = 2.54603
stat.node.7.injector.aggregate_gbps = 8.80502
stat.node.7.llc.cxl_miss = 1500
stat.node.7.llc.total_miss = 1500
stat.node.7.llc.avg_miss_lat = 3767.11
stat.node.7.llc.avg_cxl_lat = 3767.11
stat.node.7.llc.miss_lat_hist_bin_ns = 10
stat.node.7.llc.miss_lat_hist = [0,0,0,0,0,0,0,0,0,0,0,0,0,0,0,0,0,0,0,0,0,0,0,0,0,0,0,0,0,0,0,0,0,0,0,0,0,0,0,0,0,0,0,0,0,0,0,0,0,0,0,0,0,0,0,0,0,0,0,0,0,0,0,0,0,0,0,0,0,0,0,0,0,0,0,0,0,0,0,0,0,0,0,0,0,0,0,0,0,0,0,0,0,0,0,0,0,0,0,0,0,0,0,0,0,1,0,0,1,0,2,1,2,2,4,4,6,5,4,9,5,10,7,10,15,10,14,12,12,12,12,21,12,17,21,21,28,30,24,29,28,33,25,26,28,25,38,31,22,27,25,25,28,23,25,24,31,26,29,24,25,17,29,19,33,20,15,21,12,11,21,14,15,13,12,12,12,15,20,13,15,15,9,9,18,8,9,9,7,7,8,12,10,4,5,7,11,8,4,5,3,5,3,4,1,4,1,2,4,3,1,2,3,2,0,0,3,1,2,0,0,2,0,0,2,1,2,2,0,0,0,0,2,0,1,1,1,0,1,0,1,0,0,2,0,0,0,0,0,0,0,0,1,0,0,0,1,0,0,1]
stat.node.7.util.dram_avg = 2.99222e-06
stat.node.7.walltime_s = 3660.74
stat.node.7.active_time_s = 180.322
stat.node.0.cpu.0.load_issue_to_complete_count = 1499
stat.node.0.cpu.0.avg_load_issue_to_complete_lat = 4012.7
stat.node.0.injector.phase_cycles = 6024626
stat.node.0.injector.request_bytes = 1961160
stat.node.0.injector.response_bytes = 797760
stat.node.0.injector.aggregate_bytes = 2758920
stat.node.0.injector.request_gbps = 6.25006
stat.node.0.injector.response_gbps = 2.5424
stat.node.0.injector.aggregate_gbps = 8.79246
stat.node.0.llc.cxl_miss = 1500
stat.node.0.llc.total_miss = 1500
stat.node.0.llc.avg_miss_lat = 3753.87
stat.node.0.llc.avg_cxl_lat = 3753.87
stat.node.0.llc.miss_lat_hist_bin_ns = 10
stat.node.0.llc.miss_lat_hist = [0,0,0,0,0,0,0,0,0,0,0,0,0,0,0,0,0,0,0,0,0,0,0,0,0,0,0,0,0,0,0,0,0,0,0,0,0,0,0,0,0,0,0,0,0,0,0,0,0,0,0,0,0,0,0,0,0,0,0,0,0,0,0,0,0,0,0,0,0,0,0,0,0,0,0,0,0,0,0,0,0,0,0,0,0,0,0,0,0,0,0,0,0,0,0,0,0,0,0,0,0,0,0,0,0,0,2,3,0,1,1,0,3,3,2,7,8,2,7,3,14,10,10,13,10,11,15,18,18,19,16,22,13,16,18,24,30,26,21,20,29,27,26,29,27,30,28,20,29,20,31,27,31,27,31,22,16,27,16,18,22,21,21,22,24,15,24,20,17,13,26,14,19,21,15,16,13,12,19,14,11,13,19,12,8,6,7,4,13,11,9,11,9,8,8,1,6,2,2,6,1,6,4,4,1,0,5,0,2,5,2,1,3,0,2,4,0,2,0,3,2,0,2,1,1,4,1,0,1,4,2,0,1,2,0,0,0,0,0,0,1,0,0,0,0,0,0,1,0,0,0,0,0,0,0,0,0,0,1]
stat.node.0.util.dram_avg = 2.96899e-06
stat.node.0.walltime_s = 3682.02
stat.node.0.active_time_s = 137.709
stat.node.6.cpu.0.load_issue_to_complete_count = 1499
stat.node.6.cpu.0.avg_load_issue_to_complete_lat = 3982.47
stat.node.6.injector.phase_cycles = 5979579
stat.node.6.injector.request_bytes = 1973632
stat.node.6.injector.response_bytes = 802816
stat.node.6.injector.aggregate_bytes = 2776448
stat.node.6.injector.request_gbps = 6.33719
stat.node.6.injector.response_gbps = 2.57778
stat.node.6.injector.aggregate_gbps = 8.91498
stat.node.6.llc.cxl_miss = 1500
stat.node.6.llc.total_miss = 1500
stat.node.6.llc.avg_miss_lat = 3721.46
stat.node.6.llc.avg_cxl_lat = 3721.46
stat.node.6.llc.miss_lat_hist_bin_ns = 10
stat.node.6.llc.miss_lat_hist = [0,0,0,0,0,0,0,0,0,0,0,0,0,0,0,0,0,0,0,0,0,0,0,0,0,0,0,0,0,0,0,0,0,0,0,0,0,0,0,0,0,0,0,0,0,0,0,0,0,0,0,0,0,0,0,0,0,0,0,0,0,0,0,0,0,0,0,0,0,0,0,0,0,0,0,0,0,0,0,0,0,0,0,0,0,0,0,0,0,0,0,0,1,0,0,0,0,0,0,0,0,0,0,1,0,0,1,0,1,4,3,1,2,1,4,4,9,7,4,12,14,15,4,7,16,13,18,5,14,29,22,25,14,17,23,13,21,34,24,38,26,17,21,25,25,19,31,21,29,29,40,28,31,27,27,22,29,24,20,14,20,28,21,20,34,18,19,20,26,18,14,15,14,8,14,19,15,18,11,10,16,12,12,9,5,7,11,10,8,8,3,6,9,9,2,8,6,6,4,4,7,1,4,3,2,4,1,3,2,1,3,0,2,1,2,1,2,0,1,0,1,1,1,1,3,2,0,0,2,0,1,1,1,0,1,0,0,0,0,0,0,0,0,0,0,0,0,0,0,0,0,0,0,1,0,0,0,0,0,0,0,0,1]
stat.node.6.util.dram_avg = 2.90415e-06
stat.node.6.walltime_s = 3752.08
stat.node.6.active_time_s = 128.126
stat.node.5.cpu.0.load_issue_to_complete_count = 1499
stat.node.5.cpu.0.avg_load_issue_to_complete_lat = 3982.61
stat.node.5.injector.phase_cycles = 5979783
stat.node.5.injector.request_bytes = 1973232
stat.node.5.injector.response_bytes = 802688
stat.node.5.injector.aggregate_bytes = 2775920
stat.node.5.injector.request_gbps = 6.33569
stat.node.5.injector.response_gbps = 2.57729
stat.node.5.injector.aggregate_gbps = 8.91298
stat.node.5.llc.cxl_miss = 1500
stat.node.5.llc.total_miss = 1500
stat.node.5.llc.avg_miss_lat = 3720.75
stat.node.5.llc.avg_cxl_lat = 3720.75
stat.node.5.llc.miss_lat_hist_bin_ns = 10
stat.node.5.llc.miss_lat_hist = [0,0,0,0,0,0,0,0,0,0,0,0,0,0,0,0,0,0,0,0,0,0,0,0,0,0,0,0,0,0,0,0,0,0,0,0,0,0,0,0,0,0,0,0,0,0,0,0,0,0,0,0,0,0,0,0,0,0,0,0,0,0,0,0,0,0,0,0,0,0,0,0,0,0,0,0,0,0,0,0,0,0,0,0,0,0,0,0,0,0,0,0,0,0,0,0,0,0,0,1,0,0,0,0,0,2,1,3,1,1,2,2,3,4,2,6,5,7,12,5,9,4,15,9,10,17,12,12,12,18,16,16,22,19,25,24,22,32,17,32,33,31,24,26,20,28,21,24,28,26,21,37,25,27,41,29,34,30,20,23,16,23,20,18,19,24,19,15,18,24,15,14,17,22,8,17,17,12,19,12,13,7,10,7,14,11,13,8,5,7,9,6,4,2,6,7,5,7,8,2,4,5,3,3,2,1,1,5,2,2,1,2,2,1,2,1,0,1,2,3,0,0,0,1,0,1,1,0,0,1,0,0,0,0,0,0,1,1,0,0,0,0,1,0,0,0,0,0,0,0,1,0,1]
stat.node.5.util.dram_avg = 2.89111e-06
stat.node.5.walltime_s = 3755.15
stat.node.5.active_time_s = 158.658
stat.node.4.cpu.0.load_issue_to_complete_count = 1499
stat.node.4.cpu.0.avg_load_issue_to_complete_lat = 4000.01
stat.node.4.injector.phase_cycles = 6005442
stat.node.4.injector.request_bytes = 1968104
stat.node.4.injector.response_bytes = 800640
stat.node.4.injector.aggregate_bytes = 2768744
stat.node.4.injector.request_gbps = 6.29223
stat.node.4.injector.response_gbps = 2.55973
stat.node.4.injector.aggregate_gbps = 8.85195
stat.node.4.llc.cxl_miss = 1500
stat.node.4.llc.total_miss = 1500
stat.node.4.llc.avg_miss_lat = 3741.98
stat.node.4.llc.avg_cxl_lat = 3741.98
stat.node.4.llc.miss_lat_hist_bin_ns = 10
stat.node.4.llc.miss_lat_hist = [0,0,0,0,0,0,0,0,0,0,0,0,0,0,0,0,0,0,0,0,0,0,0,0,0,0,0,0,0,0,0,0,0,0,0,0,0,0,0,0,0,0,0,0,0,0,0,0,0,0,0,0,0,0,0,0,0,0,0,0,0,0,0,0,0,0,0,0,0,0,0,0,0,0,0,0,0,0,0,0,0,0,0,0,0,0,0,0,0,0,0,0,0,0,0,0,0,0,0,0,0,0,1,1,1,1,0,0,1,0,3,1,5,4,2,5,6,9,11,9,6,6,10,8,11,13,13,17,12,14,17,12,15,26,14,24,13,26,30,33,28,17,29,23,25,31,36,25,28,31,22,30,26,28,19,29,24,30,32,29,28,22,20,21,23,21,13,17,15,19,12,17,19,19,20,15,15,12,12,19,11,12,12,11,11,10,7,11,7,6,5,6,8,10,8,12,4,5,3,6,1,3,1,4,4,3,3,3,3,4,4,2,1,1,0,1,1,1,1,1,0,0,1,0,1,0,1,1,1,1,1,1,0,0,0,0,0,1,0,0,0,0,1,0,0,0,1,0,0,0,0,0,0,0,0,0,0,0,0,0,0,0,0,0,0,0,1]
stat.node.4.util.dram_avg = 2.85183e-06
stat.node.4.walltime_s = 3784.17
stat.node.4.active_time_s = 133.306
stat.node.2.cpu.0.load_issue_to_complete_count = 1499
stat.node.2.cpu.0.avg_load_issue_to_complete_lat = 4017.64
stat.node.2.injector.phase_cycles = 6031519
stat.node.2.injector.request_bytes = 1966288
stat.node.2.injector.response_bytes = 799872
stat.node.2.injector.aggregate_bytes = 2766160
stat.node.2.injector.request_gbps = 6.25924
stat.node.2.injector.response_gbps = 2.54621
stat.node.2.injector.aggregate_gbps = 8.80546
stat.node.2.llc.cxl_miss = 1500
stat.node.2.llc.total_miss = 1500
stat.node.2.llc.avg_miss_lat = 3760.51
stat.node.2.llc.avg_cxl_lat = 3760.51
stat.node.2.llc.miss_lat_hist_bin_ns = 10
stat.node.2.llc.miss_lat_hist = [0,0,0,0,0,0,0,0,0,0,0,0,0,0,0,0,0,0,0,0,0,0,0,0,0,0,0,0,0,0,0,0,0,0,0,0,0,0,0,0,0,0,0,0,0,0,0,0,0,0,0,0,0,0,0,0,0,0,0,0,0,0,0,0,0,0,0,0,0,0,0,0,0,0,0,0,0,0,0,0,0,0,0,0,0,0,0,0,0,0,0,0,0,0,0,0,0,0,0,0,0,0,0,0,1,1,1,1,2,1,1,2,1,0,3,2,1,3,2,3,8,6,6,9,12,9,10,11,12,12,11,21,17,23,20,29,32,31,30,33,33,23,25,23,34,32,34,27,29,19,26,31,28,24,27,24,32,21,22,22,25,24,32,13,9,22,19,38,23,23,15,15,17,26,14,12,16,14,12,12,18,12,9,13,11,6,8,8,9,6,4,3,8,7,2,8,4,6,5,13,3,1,1,2,2,4,5,0,4,0,3,2,4,2,2,2,0,0,1,0,0,3,1,1,0,0,0,0,1,0,0,0,0,2,0,1,0,0,1,1,0,2,0,0,0,1,0,0,1,0,0,0,0,0,0,1,1,0,0,0,0,0,0,0,0,0,1]
stat.node.2.util.dram_avg = 2.85054e-06
stat.node.2.walltime_s = 3786.06
stat.node.2.active_time_s = 125.477
stat.node.3.cpu.0.load_issue_to_complete_count = 1499
stat.node.3.cpu.0.avg_load_issue_to_complete_lat = 4029.59
stat.node.3.injector.phase_cycles = 6049119
stat.node.3.injector.request_bytes = 1977208
stat.node.3.injector.response_bytes = 804160
stat.node.3.injector.aggregate_bytes = 2781368
stat.node.3.injector.request_gbps = 6.27569
stat.node.3.injector.response_gbps = 2.55242
stat.node.3.injector.aggregate_gbps = 8.82811
stat.node.3.llc.cxl_miss = 1500
stat.node.3.llc.total_miss = 1500
stat.node.3.llc.avg_miss_lat = 3771.42
stat.node.3.llc.avg_cxl_lat = 3771.42
stat.node.3.llc.miss_lat_hist_bin_ns = 10
stat.node.3.llc.miss_lat_hist = [0,0,0,0,0,0,0,0,0,0,0,0,0,0,0,0,0,0,0,0,0,0,0,0,0,0,0,0,0,0,0,0,0,0,0,0,0,0,0,0,0,0,0,0,0,0,0,0,0,0,0,0,0,0,0,0,0,0,0,0,0,0,0,0,0,0,0,0,0,0,0,0,0,0,0,0,0,0,0,0,0,0,0,0,0,0,0,0,0,0,0,0,0,0,0,0,0,0,0,0,0,0,0,0,0,1,0,0,0,1,3,1,2,3,5,3,6,6,3,3,5,8,11,10,11,13,13,9,12,8,22,18,15,24,18,28,28,29,26,22,23,33,20,18,28,24,21,31,26,33,29,20,20,21,23,36,19,28,29,27,17,33,20,21,30,27,21,25,24,21,20,20,8,19,12,14,27,8,14,16,12,13,10,6,13,17,6,10,7,5,8,5,11,6,11,5,3,5,3,8,1,3,1,4,1,2,4,5,0,5,2,3,4,2,1,1,2,2,2,2,3,0,1,1,0,2,1,1,0,0,0,0,0,0,1,0,0,1,0,0,1,1,0,0,0,0,0,1,0,0,0,0,0,1,0,0,0,0,0,0,0,0,0,0,0,0,0,0,0,0,0,0,0,0,0,0,0,0,0,1]
stat.node.3.util.dram_avg = 2.82726e-06
stat.node.3.walltime_s = 3793.75
stat.node.3.active_time_s = 182.445
stat.pool.101.util.mem_avg = 0.192934
stat.pool.101.util.req_link_avg = 0.999933
stat.pool.101.walltime_s = 3793.73
stat.pool.101.active_time_s = 5.63714
stat.pool.100.util.mem_avg = 0.192934
stat.pool.100.util.req_link_avg = 0.999934
stat.pool.100.walltime_s = 3793.73
stat.pool.100.active_time_s = 5.6631
stat.switch.replicated_messages = 659108
stat.switch.util.node_ingress_avg = 0.128696
stat.switch.util.pool_ingress_avg = 0.235333
stat.switch.bw.host_to_switch_gbps = 6.32578
stat.switch.bw.switch_to_host_gbps = 2.89177
stat.switch.bw.host_link_total_gbps = 9.21755
stat.switch.walltime_s = 3793.73
stat.switch.active_time_s = 25.6392
Simulation is complete, simulated time: 3.53982 ms
