stat.node.4.cpu.0.load_issue_to_complete_count = 1
stat.node.4.cpu.0.avg_load_issue_to_complete_lat = 5087
stat.node.4.injector.phase_cycles = 6797
stat.node.4.injector.request_bytes = 2960
stat.node.4.injector.response_bytes = 3072
stat.node.4.injector.aggregate_bytes = 6032
stat.node.4.injector.request_gbps = 8.36134
stat.node.4.injector.response_gbps = 8.67771
stat.node.4.injector.aggregate_gbps = 17.039
stat.node.4.llc.cxl_miss = 1
stat.node.4.llc.total_miss = 2
stat.node.4.llc.avg_miss_lat = 856.5
stat.node.4.llc.avg_cxl_lat = 1635
stat.node.4.llc.miss_lat_hist_bin_ns = 10
stat.node.4.llc.miss_lat_hist = [0,0,0,1,0,0,0,0,0,0,0,0,0,0,0,0,0,0,0,0,0,0,0,0,0,0,0,0,0,0,0,0,0,0,0,0,0,0,0,0,0,0,0,0,0,0,0,0,0,0,0,0,0,0,0,0,0,0,0,0,0,0,0,0,0,0,0,0,1]
stat.node.4.util.dram_avg = 0.00353097
stat.node.4.walltime_s = 4.40127
stat.node.4.active_time_s = 0.106608
stat.node.1.cpu.0.load_issue_to_complete_count = 299
stat.node.1.cpu.0.avg_load_issue_to_complete_lat = 1351.7
stat.node.1.injector.phase_cycles = 405508
stat.node.1.injector.request_bytes = 177752
stat.node.1.injector.response_bytes = 224384
stat.node.1.injector.aggregate_bytes = 402136
stat.node.1.injector.request_gbps = 8.4162
stat.node.1.injector.response_gbps = 10.6241
stat.node.1.injector.aggregate_gbps = 19.0403
stat.node.1.llc.cxl_miss = 300
stat.node.1.llc.total_miss = 300
stat.node.1.llc.avg_miss_lat = 989.67
stat.node.1.llc.avg_cxl_lat = 989.67
stat.node.1.llc.miss_lat_hist_bin_ns = 10
stat.node.1.llc.miss_lat_hist = [0,0,0,0,0,0,0,0,0,0,0,0,0,0,0,0,0,0,0,0,0,0,0,0,0,0,0,0,5,6,2,11,27,19,17,23,22,13,14,11,9,14,12,9,11,7,4,6,5,7,8,3,1,4,1,2,2,2,1,2,3,0,0,1,2,3,2,1,1,1,0,1,1,1,0,0,1,1,0,0,0,0,0,0,1]
stat.node.1.util.dram_avg = 2.47421e-05
stat.node.1.walltime_s = 1328.96
stat.node.1.active_time_s = 25.0542
stat.node.3.cpu.0.load_issue_to_complete_count = 299
stat.node.3.cpu.0.avg_load_issue_to_complete_lat = 1370.14
stat.node.3.injector.phase_cycles = 411058
stat.node.3.injector.request_bytes = 180120
stat.node.3.injector.response_bytes = 227392
stat.node.3.injector.aggregate_bytes = 407512
stat.node.3.injector.request_gbps = 8.41318
stat.node.3.injector.response_gbps = 10.6212
stat.node.3.injector.aggregate_gbps = 19.0344
stat.node.3.llc.cxl_miss = 300
stat.node.3.llc.total_miss = 300
stat.node.3.llc.avg_miss_lat = 1013.3
stat.node.3.llc.avg_cxl_lat = 1013.3
stat.node.3.llc.miss_lat_hist_bin_ns = 10
stat.node.3.llc.miss_lat_hist = [0,0,0,0,0,0,0,0,0,0,0,0,0,0,0,0,0,0,0,0,0,0,0,0,0,0,0,0,1,11,3,9,20,12,21,19,20,18,9,14,11,10,15,9,5,11,5,10,4,7,3,6,6,4,0,4,3,2,2,4,2,3,0,2,1,2,3,1,0,3,0,0,1,0,1,0,0,1,0,0,1,0,1]
stat.node.3.util.dram_avg = 2.46995e-05
stat.node.3.walltime_s = 1330.34
stat.node.3.active_time_s = 27.0273
stat.node.7.cpu.0.load_issue_to_complete_count = 299
stat.node.7.cpu.0.avg_load_issue_to_complete_lat = 1359.51
stat.node.7.injector.phase_cycles = 407813
stat.node.7.injector.request_bytes = 178752
stat.node.7.injector.response_bytes = 225728
stat.node.7.injector.aggregate_bytes = 404480
stat.node.7.injector.request_gbps = 8.41572
stat.node.7.injector.response_gbps = 10.6274
stat.node.7.injector.aggregate_gbps = 19.0431
stat.node.7.llc.cxl_miss = 300
stat.node.7.llc.total_miss = 300
stat.node.7.llc.avg_miss_lat = 997.33
stat.node.7.llc.avg_cxl_lat = 997.33
stat.node.7.llc.miss_lat_hist_bin_ns = 10
stat.node.7.llc.miss_lat_hist = [0,0,0,0,0,0,0,0,0,0,0,0,0,0,0,0,0,0,0,0,0,0,0,0,0,0,0,0,6,6,4,9,19,15,18,27,20,21,14,9,12,9,11,5,10,5,7,9,3,6,8,2,8,1,3,2,3,3,3,4,0,4,1,1,2,5,1,1,0,1,0,0,1,0,0,0,0,0,0,0,0,0,1]
stat.node.7.util.dram_avg = 2.45952e-05
stat.node.7.walltime_s = 1344.82
stat.node.7.active_time_s = 25.0807
stat.node.2.cpu.0.load_issue_to_complete_count = 299
stat.node.2.cpu.0.avg_load_issue_to_complete_lat = 1381.36
stat.node.2.injector.phase_cycles = 414585
stat.node.2.injector.request_bytes = 181712
stat.node.2.injector.response_bytes = 229504
stat.node.2.injector.aggregate_bytes = 411216
stat.node.2.injector.request_gbps = 8.41533
stat.node.2.injector.response_gbps = 10.6286
stat.node.2.injector.aggregate_gbps = 19.044
stat.node.2.llc.cxl_miss = 300
stat.node.2.llc.total_miss = 300
stat.node.2.llc.avg_miss_lat = 1017.52
stat.node.2.llc.avg_cxl_lat = 1017.52
stat.node.2.llc.miss_lat_hist_bin_ns = 10
stat.node.2.llc.miss_lat_hist = [0,0,0,0,0,0,0,0,0,0,0,0,0,0,0,0,0,0,0,0,0,0,0,0,0,0,0,0,3,4,4,12,17,8,14,19,14,19,16,17,12,21,8,15,10,8,5,6,7,8,6,4,5,0,6,1,0,5,3,0,4,2,4,1,1,1,1,1,3,1,2,0,1,0,1]
stat.node.2.util.dram_avg = 2.45393e-05
stat.node.2.walltime_s = 1353.52
stat.node.2.active_time_s = 15.9808
stat.node.0.cpu.0.load_issue_to_complete_count = 299
stat.node.0.cpu.0.avg_load_issue_to_complete_lat = 1384.37
stat.node.0.injector.phase_cycles = 415314
stat.node.0.injector.request_bytes = 182024
stat.node.0.injector.response_bytes = 229952
stat.node.0.injector.aggregate_bytes = 411976
stat.node.0.injector.request_gbps = 8.41498
stat.node.0.injector.response_gbps = 10.6307
stat.node.0.injector.aggregate_gbps = 19.0457
stat.node.0.llc.cxl_miss = 300
stat.node.0.llc.total_miss = 300
stat.node.0.llc.avg_miss_lat = 1009.91
stat.node.0.llc.avg_cxl_lat = 1009.91
stat.node.0.llc.miss_lat_hist_bin_ns = 10
stat.node.0.llc.miss_lat_hist = [0,0,0,0,0,0,0,0,0,0,0,0,0,0,0,0,0,0,0,0,0,0,0,0,0,0,0,0,2,8,2,4,19,15,18,18,27,14,22,16,14,8,9,8,10,7,8,4,4,7,7,8,2,6,0,4,2,3,2,1,0,4,1,3,1,2,0,1,1,3,0,1,1,0,0,0,1,0,0,0,1,0,0,0,0,1]
stat.node.0.util.dram_avg = 2.44961e-05
stat.node.0.walltime_s = 1354.26
stat.node.0.active_time_s = 16.519
stat.node.6.cpu.0.load_issue_to_complete_count = 299
stat.node.6.cpu.0.avg_load_issue_to_complete_lat = 1370.3
stat.node.6.injector.phase_cycles = 411553
stat.node.6.injector.request_bytes = 180352
stat.node.6.injector.response_bytes = 228096
stat.node.6.injector.aggregate_bytes = 408448
stat.node.6.injector.request_gbps = 8.41388
stat.node.6.injector.response_gbps = 10.6413
stat.node.6.injector.aggregate_gbps = 19.0551
stat.node.6.llc.cxl_miss = 300
stat.node.6.llc.total_miss = 300
stat.node.6.llc.avg_miss_lat = 1006.5
stat.node.6.llc.avg_cxl_lat = 1006.5
stat.node.6.llc.miss_lat_hist_bin_ns = 10
stat.node.6.llc.miss_lat_hist = [0,0,0,0,0,0,0,0,0,0,0,0,0,0,0,0,0,0,0,0,0,0,0,0,0,0,0,0,3,5,11,10,10,27,19,14,20,14,19,8,9,11,9,9,6,8,12,9,6,5,5,5,4,3,5,4,6,3,3,2,0,1,3,2,1,2,1,0,0,1,1,1,0,0,0,0,0,0,0,0,2,0,0,0,1]
stat.node.6.util.dram_avg = 2.44404e-05
stat.node.6.walltime_s = 1357.09
stat.node.6.active_time_s = 14.0904
stat.node.5.cpu.0.load_issue_to_complete_count = 299
stat.node.5.cpu.0.avg_load_issue_to_complete_lat = 1383.35
stat.node.5.injector.phase_cycles = 415267
stat.pool.101.util.mem_avg = 0.245712
stat.node.5.injector.request_bytes = 182024
stat.node.5.injector.response_bytes = 230016
stat.node.5.injector.aggregate_bytes = 412040
stat.node.5.injector.request_gbps = 8.41594
stat.node.5.injector.response_gbps = 10.6349
stat.node.5.injector.aggregate_gbps = 19.0508
stat.node.5.llc.cxl_miss = 300
stat.node.5.llc.total_miss = 300
stat.node.5.llc.avg_miss_lat = 1023.8
stat.node.5.llc.avg_cxl_lat = 1023.8
stat.node.5.llc.miss_lat_hist_bin_ns = 10
stat.node.5.llc.miss_lat_hist = [0,0,0,0,0,0,0,0,0,0,0,0,0,0,0,0,0,0,0,0,0,0,0,0,0,0,0,0,2,3,3,13,17,15,20,19,14,12,14,16,10,15,10,14,8,11,7,5,9,8,5,1,4,2,4,3,2,3,7,2,2,2,2,2,5,1,1,1,0,0,0,2,0,0,0,0,1,0,1,1,0,0,0,0,0,0,1]
stat.node.5.util.dram_avg = 2.44162e-05
stat.node.5.walltime_s = 1357.17
stat.node.5.active_time_s = 28.6316
stat.pool.101.util.req_link_avg = 0.710855
stat.pool.101.walltime_s = 1357.17
stat.pool.101.active_time_s = 1.24876
stat.pool.100.util.mem_avg = 0.242446
stat.pool.100.util.req_link_avg = 0.679339
stat.pool.100.walltime_s = 1357.19
stat.pool.100.active_time_s = 1.4376
stat.switch.replicated_messages = 0
stat.switch.util.node_ingress_avg = 0.173811
stat.switch.util.pool_ingress_avg = 0.948925
stat.switch.bw.host_to_switch_gbps = 8.54421
stat.switch.bw.switch_to_host_gbps = 11.6604
stat.switch.bw.host_link_total_gbps = 20.2046
stat.switch.walltime_s = 1357.19
stat.switch.active_time_s = 3.37125
Simulation is complete, simulated time: 409.892 us
