stat.node.0.cpu.0.retired = 726
stat.node.0.cpu.0.cycles = 1000000
stat.node.1.cpu.0.retired = 726
stat.node.1.cpu.0.cycles = 1000000
stat.node.2.cpu.0.retired = 726
stat.node.2.cpu.0.cycles = 1000000
stat.node.3.cpu.0.retired = 725
stat.node.3.cpu.0.cycles = 1000000
stat.node.4.cpu.0.retired = 720
stat.node.4.cpu.0.cycles = 1000000
stat.node.5.cpu.0.retired = 727
stat.node.5.cpu.0.cycles = 1000000
stat.node.6.cpu.0.retired = 727
stat.node.6.cpu.0.cycles = 1000000
stat.node.7.cpu.0.retired = 727
stat.node.7.cpu.0.cycles = 1000000
stat.node.2.cpu.0.retired = 1673
stat.node.2.cpu.0.cycles = 2000000
stat.node.3.cpu.0.retired = 1673
stat.node.3.cpu.0.cycles = 2000000
stat.node.4.cpu.0.retired = 1658
stat.node.4.cpu.0.cycles = 2000000
stat.node.5.cpu.0.retired = 1676
stat.node.5.cpu.0.cycles = 2000000
stat.node.6.cpu.0.retired = 1675
stat.node.6.cpu.0.cycles = 2000000
stat.node.7.cpu.0.retired = 1675
stat.node.7.cpu.0.cycles = 2000000
stat.node.0.cpu.0.retired = 1674
stat.node.0.cpu.0.cycles = 2000000
stat.node.1.cpu.0.retired = 1674
stat.node.1.cpu.0.cycles = 2000000
stat.node.5.cpu.0.load_issue_to_complete_count = 1499
stat.node.5.cpu.0.avg_load_issue_to_complete_lat = 1060.34
stat.node.5.injector.phase_cycles = 1592950
stat.node.5.injector.request_bytes = 115144
stat.node.5.injector.response_bytes = 921152
stat.node.5.injector.aggregate_bytes = 1036296
stat.node.5.injector.request_gbps = 1.38784
stat.node.5.injector.response_gbps = 11.1027
stat.node.5.injector.aggregate_gbps = 12.4906
stat.node.5.llc.cxl_miss = 1500
stat.node.5.llc.total_miss = 1500
stat.node.5.llc.avg_miss_lat = 875.071
stat.node.5.llc.avg_cxl_lat = 875.071
stat.node.5.llc.miss_lat_hist_bin_ns = 10
stat.node.5.llc.miss_lat_hist = [0,0,0,0,0,0,0,0,0,0,0,0,0,0,0,0,0,0,0,0,0,0,0,0,0,0,0,0,0,0,0,0,6,7,84,649,254,186,201,111,2]
stat.node.5.util.dram_avg = 1.02641e-05
stat.node.5.walltime_s = 29.9584
stat.node.5.active_time_s = 17.5719
stat.node.6.cpu.0.load_issue_to_complete_count = 1499
stat.node.6.cpu.0.avg_load_issue_to_complete_lat = 1061.22
stat.node.6.injector.phase_cycles = 1594275
stat.node.6.injector.request_bytes = 115240
stat.node.6.injector.response_bytes = 921920
stat.node.6.injector.aggregate_bytes = 1037160
stat.node.6.injector.request_gbps = 1.38785
stat.node.6.injector.response_gbps = 11.1028
stat.node.6.injector.aggregate_gbps = 12.4906
stat.node.6.llc.cxl_miss = 1500
stat.node.6.llc.total_miss = 1500
stat.node.6.llc.avg_miss_lat = 875.924
stat.node.6.llc.avg_cxl_lat = 875.924
stat.node.6.llc.miss_lat_hist_bin_ns = 10
stat.node.6.llc.miss_lat_hist = [0,0,0,0,0,0,0,0,0,0,0,0,0,0,0,0,0,0,0,0,0,0,0,0,0,0,0,0,0,0,0,0,5,3,109,607,254,210,177,132,3]
stat.node.6.util.dram_avg = 1.02569e-05
stat.node.6.walltime_s = 29.9764
stat.node.6.active_time_s = 13.6303
stat.node.7.cpu.0.load_issue_to_complete_count = 1499
stat.node.7.cpu.0.avg_load_issue_to_complete_lat = 1061.29
stat.node.7.injector.phase_cycles = 1594375
stat.node.7.injector.request_bytes = 115248
stat.node.7.injector.response_bytes = 921984
stat.node.7.injector.aggregate_bytes = 1037232
stat.node.7.injector.request_gbps = 1.38786
stat.node.7.injector.response_gbps = 11.1028
stat.node.7.injector.aggregate_gbps = 12.4907
stat.node.7.llc.cxl_miss = 1500
stat.node.7.llc.total_miss = 1500
stat.node.7.llc.avg_miss_lat = 876.015
stat.node.7.llc.avg_cxl_lat = 876.015
stat.node.7.llc.miss_lat_hist_bin_ns = 10
stat.node.7.llc.miss_lat_hist = [0,0,0,0,0,0,0,0,0,0,0,0,0,0,0,0,0,0,0,0,0,0,0,0,0,0,0,0,0,0,0,0,5,13,87,637,237,188,193,139,1]
stat.node.7.util.dram_avg = 1.02545e-05
stat.node.7.walltime_s = 29.9824
stat.node.7.active_time_s = 17.9166
stat.node.0.cpu.0.load_issue_to_complete_count = 1499
stat.node.0.cpu.0.avg_load_issue_to_complete_lat = 1061.09
stat.node.0.injector.phase_cycles = 1594072
stat.node.0.injector.request_bytes = 115224
stat.node.0.injector.response_bytes = 921792
stat.node.0.injector.aggregate_bytes = 1037016
stat.node.0.injector.request_gbps = 1.38783
stat.node.0.injector.response_gbps = 11.1026
stat.node.0.injector.aggregate_gbps = 12.4905
stat.node.0.llc.cxl_miss = 1500
stat.node.0.llc.total_miss = 1500
stat.node.0.llc.avg_miss_lat = 875.801
stat.node.0.llc.avg_cxl_lat = 875.801
stat.node.0.llc.miss_lat_hist_bin_ns = 10
stat.node.0.llc.miss_lat_hist = [0,0,0,0,0,0,0,0,0,0,0,0,0,0,0,0,0,0,0,0,0,0,0,0,0,0,0,0,0,0,0,1,12,4,106,610,252,180,189,145,1]
stat.node.0.util.dram_avg = 1.02534e-05
stat.node.0.walltime_s = 29.9852
stat.node.0.active_time_s = 13.5734
stat.node.1.cpu.0.load_issue_to_complete_count = 1499
stat.node.1.cpu.0.avg_load_issue_to_complete_lat = 1061.88
stat.node.1.injector.phase_cycles = 1595253
stat.node.1.injector.request_bytes = 115312
stat.node.1.injector.response_bytes = 922496
stat.node.1.injector.aggregate_bytes = 1037808
stat.node.1.injector.request_gbps = 1.38786
stat.node.1.injector.response_gbps = 11.1029
stat.node.1.injector.aggregate_gbps = 12.4908
stat.node.1.llc.cxl_miss = 1500
stat.node.1.llc.total_miss = 1500
stat.node.1.llc.avg_miss_lat = 876.642
stat.node.1.llc.avg_cxl_lat = 876.642
stat.node.1.llc.miss_lat_hist_bin_ns = 10
stat.node.1.llc.miss_lat_hist = [0,0,0,0,0,0,0,0,0,0,0,0,0,0,0,0,0,0,0,0,0,0,0,0,0,0,0,0,0,0,0,0,2,12,80,650,224,195,193,141,3]
stat.node.1.util.dram_avg = 1.02473e-05
stat.node.1.walltime_s = 30.0005
stat.node.1.active_time_s = 16.188
stat.node.2.cpu.0.load_issue_to_complete_count = 1499
stat.node.2.cpu.0.avg_load_issue_to_complete_lat = 1061.98
stat.node.2.injector.phase_cycles = 1595400
stat.node.2.injector.request_bytes = 115320
stat.node.2.injector.response_bytes = 922560
stat.node.2.injector.aggregate_bytes = 1037880
stat.node.2.injector.request_gbps = 1.38783
stat.node.2.injector.response_gbps = 11.1026
stat.node.2.injector.aggregate_gbps = 12.4905
stat.node.2.llc.cxl_miss = 1500
stat.node.2.llc.total_miss = 1500
stat.node.2.llc.avg_miss_lat = 876.607
stat.node.2.llc.avg_cxl_lat = 876.607
stat.node.2.llc.miss_lat_hist_bin_ns = 10
stat.node.2.llc.miss_lat_hist = [0,0,0,0,0,0,0,0,0,0,0,0,0,0,0,0,0,0,0,0,0,0,0,0,0,0,0,0,0,0,0,0,8,5,75,660,220,202,182,145,3]
stat.node.2.util.dram_avg = 1.02462e-05
stat.node.2.walltime_s = 30.0033
stat.node.2.active_time_s = 13.933
stat.node.3.cpu.0.load_issue_to_complete_count = 1499
stat.node.3.cpu.0.avg_load_issue_to_complete_lat = 1062.13
stat.node.3.injector.phase_cycles = 1595622
stat.node.3.injector.request_bytes = 115336
stat.node.3.injector.response_bytes = 922688
stat.node.3.injector.aggregate_bytes = 1038024
stat.node.3.injector.request_gbps = 1.38783
stat.node.3.injector.response_gbps = 11.1026
stat.node.3.injector.aggregate_gbps = 12.4905
stat.node.3.llc.cxl_miss = 1500
stat.node.3.llc.total_miss = 1500
stat.node.3.llc.avg_miss_lat = 876.913
stat.node.3.llc.avg_cxl_lat = 876.913
stat.node.3.llc.miss_lat_hist_bin_ns = 10
stat.node.3.llc.miss_lat_hist = [0,0,0,0,0,0,0,0,0,0,0,0,0,0,0,0,0,0,0,0,0,0,0,0,0,0,0,0,0,0,0,4,5,3,85,605,247,234,192,124,1]
stat.node.3.util.dram_avg = 1.02442e-05
stat.node.3.walltime_s = 30.0083
stat.node.3.active_time_s = 17.5535
stat.pool.101.util.mem_avg = 0.159974
stat.pool.101.util.req_link_avg = 0.124986
stat.pool.101.walltime_s = 30.235
stat.pool.101.active_time_s = 0.614861
stat.pool.100.util.mem_avg = 0.159975
stat.pool.100.util.req_link_avg = 0.124987
stat.pool.100.walltime_s = 30.2351
stat.pool.100.active_time_s = 0.684331
stat.switch.replicated_messages = 0
stat.switch.util.node_ingress_avg = 0.0312482
stat.switch.util.pool_ingress_avg = 0.999686
stat.switch.bw.host_to_switch_gbps = 1.53597
stat.switch.bw.switch_to_host_gbps = 12.2842
stat.switch.bw.host_link_total_gbps = 13.8201
stat.switch.walltime_s = 30.2351
stat.switch.active_time_s = 2.22392
stat.node.4.cpu.0.load_issue_to_complete_count = 1499
stat.node.4.cpu.0.avg_load_issue_to_complete_lat = 1073.13
stat.node.4.injector.phase_cycles = 1612100
stat.node.4.injector.request_bytes = 116528
stat.node.4.injector.response_bytes = 932224
stat.node.4.injector.aggregate_bytes = 1048752
stat.node.4.injector.request_gbps = 1.38784
stat.node.4.injector.response_gbps = 11.1027
stat.node.4.injector.aggregate_gbps = 12.4906
stat.node.4.llc.cxl_miss = 1500
stat.node.4.llc.total_miss = 1500
stat.node.4.llc.avg_miss_lat = 887.46
stat.node.4.llc.avg_cxl_lat = 887.46
stat.node.4.llc.miss_lat_hist_bin_ns = 10
stat.node.4.llc.miss_lat_hist = [0,0,0,0,0,0,0,0,0,0,0,0,0,0,0,0,0,0,0,0,0,0,0,0,0,0,0,0,0,0,0,0,1,6,95,446,269,182,223,263,15]
stat.node.4.util.dram_avg = 1.01531e-05
stat.node.4.walltime_s = 30.235
stat.node.4.active_time_s = 13.7162
Simulation is complete, simulated time: 985.71 us
