stat.node.4.cpu.0.retired = 475
stat.node.4.cpu.0.cycles = 1000000
stat.node.5.cpu.0.retired = 475
stat.node.5.cpu.0.cycles = 1000000
stat.node.6.cpu.0.retired = 475
stat.node.6.cpu.0.cycles = 1000000
stat.node.7.cpu.0.retired = 475
stat.node.7.cpu.0.cycles = 1000000
stat.node.0.cpu.0.retired = 475
stat.node.0.cpu.0.cycles = 1000000
stat.node.2.cpu.0.retired = 475
stat.node.2.cpu.0.cycles = 1000000
stat.node.1.cpu.0.retired = 475
stat.node.1.cpu.0.cycles = 1000000
stat.node.3.cpu.0.retired = 475
stat.node.3.cpu.0.cycles = 1000000
stat.node.4.cpu.0.load_issue_to_complete_count = 299
stat.node.4.cpu.0.avg_load_issue_to_complete_lat = 1656.53
stat.node.4.injector.phase_cycles = 497000
stat.node.4.injector.request_bytes = 108440
stat.node.4.injector.response_bytes = 136960
stat.node.4.injector.aggregate_bytes = 245400
stat.node.4.injector.request_gbps = 4.18923
stat.node.4.injector.response_gbps = 5.29101
stat.node.4.injector.aggregate_gbps = 9.48024
stat.node.4.llc.cxl_miss = 300
stat.node.4.llc.total_miss = 300
stat.node.4.llc.avg_miss_lat = 1246.2
stat.node.4.llc.avg_cxl_lat = 1246.2
stat.node.4.llc.miss_lat_hist_bin_ns = 10
stat.node.4.llc.miss_lat_hist = [0,0,0,0,0,0,0,0,0,0,0,0,0,0,0,0,0,0,0,0,0,0,0,0,0,0,0,0,0,0,0,0,0,0,0,0,0,0,0,0,0,0,0,0,0,0,0,78,15,24,36,21,6,16,13,10,65,3,2,1,6,3,0,1]
stat.node.4.util.dram_avg = 2.01591e-05
stat.node.4.walltime_s = 499.071
stat.node.4.active_time_s = 19.5164
stat.node.5.cpu.0.load_issue_to_complete_count = 299
stat.node.5.cpu.0.avg_load_issue_to_complete_lat = 1657.86
stat.node.5.injector.phase_cycles = 497400
stat.node.5.injector.request_bytes = 108528
stat.node.5.injector.response_bytes = 137088
stat.node.5.injector.aggregate_bytes = 245616
stat.node.5.injector.request_gbps = 4.18926
stat.node.5.injector.response_gbps = 5.2917
stat.node.5.injector.aggregate_gbps = 9.48096
stat.node.5.llc.cxl_miss = 300
stat.node.5.llc.total_miss = 300
stat.node.5.llc.avg_miss_lat = 1244.7
stat.node.5.llc.avg_cxl_lat = 1244.7
stat.node.5.llc.miss_lat_hist_bin_ns = 10
stat.node.5.llc.miss_lat_hist = [0,0,0,0,0,0,0,0,0,0,0,0,0,0,0,0,0,0,0,0,0,0,0,0,0,0,0,0,0,0,0,0,0,0,0,0,0,0,0,0,0,0,0,0,0,0,0,84,50,18,14,4,7,4,3,11,89,2,3,3,0,4,2,2]
stat.node.5.util.dram_avg = 2.01519e-05
stat.node.5.walltime_s = 499.103
stat.node.5.active_time_s = 18.3847
stat.node.0.cpu.0.load_issue_to_complete_count = 299
stat.node.0.cpu.0.avg_load_issue_to_complete_lat = 1657.7
stat.node.0.injector.phase_cycles = 497400
stat.node.0.injector.request_bytes = 108528
stat.node.0.injector.response_bytes = 137088
stat.node.0.injector.aggregate_bytes = 245616
stat.node.0.injector.request_gbps = 4.18926
stat.node.0.injector.response_gbps = 5.2917
stat.node.0.injector.aggregate_gbps = 9.48096
stat.node.0.llc.cxl_miss = 300
stat.node.0.llc.total_miss = 300
stat.node.0.llc.avg_miss_lat = 1243.87
stat.node.0.llc.avg_cxl_lat = 1243.87
stat.node.0.llc.miss_lat_hist_bin_ns = 10
stat.node.0.llc.miss_lat_hist = [0,0,0,0,0,0,0,0,0,0,0,0,0,0,0,0,0,0,0,0,0,0,0,0,0,0,0,0,0,0,0,0,0,0,0,0,0,0,0,0,0,0,0,0,0,0,0,107,43,8,6,2,8,1,4,8,94,2,2,5,1,6,3]
stat.node.0.util.dram_avg = 2.01515e-05
stat.node.0.walltime_s = 499.104
stat.node.0.active_time_s = 16.324
stat.node.6.cpu.0.load_issue_to_complete_count = 299
stat.node.6.cpu.0.avg_load_issue_to_complete_lat = 1656.53
stat.node.6.injector.phase_cycles = 497200
stat.node.6.injector.request_bytes = 108448
stat.node.6.injector.response_bytes = 137024
stat.node.6.injector.aggregate_bytes = 245472
stat.node.6.injector.request_gbps = 4.18786
stat.node.6.injector.response_gbps = 5.29135
stat.node.6.injector.aggregate_gbps = 9.47921
stat.node.6.llc.cxl_miss = 300
stat.node.6.llc.total_miss = 300
stat.node.6.llc.avg_miss_lat = 1242.45
stat.node.6.llc.avg_cxl_lat = 1242.45
stat.node.6.llc.miss_lat_hist_bin_ns = 10
stat.node.6.llc.miss_lat_hist = [0,0,0,0,0,0,0,0,0,0,0,0,0,0,0,0,0,0,0,0,0,0,0,0,0,0,0,0,0,0,0,0,0,0,0,0,0,0,0,0,0,0,0,0,0,0,1,97,45,13,5,7,3,9,0,15,92,0,2,4,4,2,1]
stat.node.6.util.dram_avg = 2.01477e-05
stat.node.6.walltime_s = 499.148
stat.node.6.active_time_s = 20.182
stat.node.7.cpu.0.load_issue_to_complete_count = 299
stat.node.7.cpu.0.avg_load_issue_to_complete_lat = 1657.86
stat.node.7.injector.phase_cycles = 497400
stat.node.7.injector.request_bytes = 108528
stat.node.7.injector.response_bytes = 137088
stat.node.7.injector.aggregate_bytes = 245616
stat.node.7.injector.request_gbps = 4.18926
stat.node.7.injector.response_gbps = 5.2917
stat.node.7.injector.aggregate_gbps = 9.48096
stat.node.7.llc.cxl_miss = 300
stat.node.7.llc.total_miss = 300
stat.node.7.llc.avg_miss_lat = 1243.37
stat.node.7.llc.avg_cxl_lat = 1243.37
stat.node.7.llc.miss_lat_hist_bin_ns = 10
stat.node.7.llc.miss_lat_hist = [0,0,0,0,0,0,0,0,0,0,0,0,0,0,0,0,0,0,0,0,0,0,0,0,0,0,0,0,0,0,0,0,0,0,0,0,0,0,0,0,0,0,0,0,0,0,0,101,30,26,8,4,6,8,7,12,80,3,1,3,3,5,3]
stat.node.7.util.dram_avg = 2.01405e-05
stat.node.7.walltime_s = 499.196
stat.node.7.active_time_s = 21.7348
stat.node.1.cpu.0.load_issue_to_complete_count = 299
stat.node.1.cpu.0.avg_load_issue_to_complete_lat = 1657.86
stat.node.1.injector.phase_cycles = 497400
stat.node.1.injector.request_bytes = 108528
stat.node.1.injector.response_bytes = 137088
stat.node.1.injector.aggregate_bytes = 245616
stat.node.1.injector.request_gbps = 4.18926
stat.node.1.injector.response_gbps = 5.2917
stat.node.1.injector.aggregate_gbps = 9.48096
stat.node.1.llc.cxl_miss = 300
stat.node.1.llc.total_miss = 300
stat.node.1.llc.avg_miss_lat = 1243.37
stat.node.1.llc.avg_cxl_lat = 1243.37
stat.node.1.llc.miss_lat_hist_bin_ns = 10
stat.node.1.llc.miss_lat_hist = [0,0,0,0,0,0,0,0,0,0,0,0,0,0,0,0,0,0,0,0,0,0,0,0,0,0,0,0,0,0,0,0,0,0,0,0,0,0,0,0,0,0,0,0,0,0,0,103,47,13,4,8,2,2,0,19,80,2,2,2,5,8,3]
stat.node.1.util.dram_avg = 2.01401e-05
stat.node.1.walltime_s = 499.724
stat.node.1.active_time_s = 29.0447
stat.node.2.cpu.0.load_issue_to_complete_count = 299
stat.node.2.cpu.0.avg_load_issue_to_complete_lat = 1656.61
stat.node.2.injector.phase_cycles = 497225
stat.node.2.injector.request_bytes = 108528
stat.node.2.injector.response_bytes = 137024
stat.node.2.injector.aggregate_bytes = 245552
stat.node.2.injector.request_gbps = 4.19073
stat.node.2.injector.response_gbps = 5.29109
stat.node.2.injector.aggregate_gbps = 9.48182
stat.node.2.llc.cxl_miss = 300
stat.node.2.llc.total_miss = 300
stat.node.2.llc.avg_miss_lat = 1244.37
stat.node.2.llc.avg_cxl_lat = 1244.37
stat.node.2.llc.miss_lat_hist_bin_ns = 10
stat.node.2.llc.miss_lat_hist = [0,0,0,0,0,0,0,0,0,0,0,0,0,0,0,0,0,0,0,0,0,0,0,0,0,0,0,0,0,0,0,0,0,0,0,0,0,0,0,0,0,0,0,0,0,0,0,63,73,17,6,13,8,6,4,25,64,4,4,4,3,5,1]
stat.node.2.util.dram_avg = 2.01392e-05
stat.node.2.walltime_s = 499.74
stat.node.2.active_time_s = 19.5554
stat.node.3.cpu.0.load_issue_to_complete_count = 299
stat.node.3.cpu.0.avg_load_issue_to_complete_lat = 1657.19
stat.node.3.injector.phase_cycles = 497400
stat.node.3.injector.request_bytes = 108528
stat.node.3.injector.response_bytes = 137088
stat.node.3.injector.aggregate_bytes = 245616
stat.node.3.injector.request_gbps = 4.18926
stat.node.3.injector.response_gbps = 5.2917
stat.node.3.injector.aggregate_gbps = 9.48096
stat.node.3.llc.cxl_miss = 300
stat.node.3.llc.total_miss = 300
stat.node.3.llc.avg_miss_lat = 1246.54
stat.node.3.llc.avg_cxl_lat = 1246.54
stat.node.3.llc.miss_lat_hist_bin_ns = 10
stat.node.3.llc.miss_lat_hist = [0,0,0,0,0,0,0,0,0,0,0,0,0,0,0,0,0,0,0,0,0,0,0,0,0,0,0,0,0,0,0,0,0,0,0,0,0,0,0,0,0,0,0,0,0,0,0,63,67,25,7,5,3,5,9,27,68,7,3,2,3,2,4]
stat.node.3.util.dram_avg = 2.01325e-05
stat.node.3.walltime_s = 499.804
stat.node.3.active_time_s = 29.6914
stat.pool.100.util.mem_avg = 0.251709
stat.pool.100.util.req_link_avg = 0.698857
stat.pool.100.walltime_s = 499.828
stat.pool.100.active_time_s = 1.22548
stat.switch.replicated_messages = 0
stat.switch.util.node_ingress_avg = 0.0873809
stat.switch.util.pool_ingress_avg = 0.999029
stat.switch.bw.host_to_switch_gbps = 4.29538
stat.switch.bw.switch_to_host_gbps = 6.13805
stat.switch.bw.host_link_total_gbps = 10.4334
stat.switch.walltime_s = 499.828
stat.switch.active_time_s = 2.49931
Simulation is complete, simulated time: 497.107 us
