stat.node.4.cpu.0.load_issue_to_complete_count = 299
stat.node.4.cpu.0.avg_load_issue_to_complete_lat = 1000.68
stat.node.4.injector.phase_cycles = 300448
stat.node.4.injector.request_bytes = 66664
stat.node.4.injector.response_bytes = 16128
stat.node.4.injector.aggregate_bytes = 82792
stat.node.4.injector.request_gbps = 4.26013
stat.node.4.injector.response_gbps = 1.03065
stat.node.4.injector.aggregate_gbps = 5.29079
stat.node.4.llc.cxl_miss = 300
stat.node.4.llc.total_miss = 300
stat.node.4.llc.avg_miss_lat = 674.48
stat.node.4.llc.avg_cxl_lat = 674.48
stat.node.4.llc.miss_lat_hist_bin_ns = 10
stat.node.4.llc.miss_lat_hist = [0,0,0,0,0,0,0,0,0,0,0,0,0,0,0,0,0,0,0,0,0,0,0,0,0,0,167,43,27,9,0,5,15,6,11,13,4]
stat.node.4.util.dram_avg = 3.34232e-05
stat.node.4.walltime_s = 441.896
stat.node.4.active_time_s = 12.7235
stat.node.6.cpu.0.load_issue_to_complete_count = 299
stat.node.6.cpu.0.avg_load_issue_to_complete_lat = 999.324
stat.node.6.injector.phase_cycles = 300080
stat.node.6.injector.request_bytes = 66528
stat.node.6.injector.response_bytes = 16128
stat.node.6.injector.aggregate_bytes = 82656
stat.node.6.injector.request_gbps = 4.25666
stat.node.6.injector.response_gbps = 1.03192
stat.node.6.injector.aggregate_gbps = 5.28857
stat.node.6.llc.cxl_miss = 300
stat.node.6.llc.total_miss = 300
stat.node.6.llc.avg_miss_lat = 677.693
stat.node.6.llc.avg_cxl_lat = 677.693
stat.node.6.llc.miss_lat_hist_bin_ns = 10
stat.node.6.llc.miss_lat_hist = [0,0,0,0,0,0,0,0,0,0,0,0,0,0,0,0,0,0,0,0,0,0,0,0,0,0,136,48,26,17,24,18,19,9,2,1]
stat.node.6.util.dram_avg = 3.33399e-05
stat.node.6.walltime_s = 443.453
stat.node.6.active_time_s = 10.8807
stat.node.1.cpu.0.load_issue_to_complete_count = 299
stat.node.1.cpu.0.avg_load_issue_to_complete_lat = 1001.8
stat.node.1.injector.phase_cycles = 300728
stat.node.1.injector.request_bytes = 66664
stat.node.1.injector.response_bytes = 16192
stat.node.1.injector.aggregate_bytes = 82856
stat.node.1.injector.request_gbps = 4.25617
stat.node.1.injector.response_gbps = 1.03378
stat.node.1.injector.aggregate_gbps = 5.28995
stat.node.1.llc.cxl_miss = 300
stat.node.1.llc.total_miss = 300
stat.node.1.llc.avg_miss_lat = 682.053
stat.node.1.llc.avg_cxl_lat = 682.053
stat.node.1.llc.miss_lat_hist_bin_ns = 10
stat.node.1.llc.miss_lat_hist = [0,0,0,0,0,0,0,0,0,0,0,0,0,0,0,0,0,0,0,0,0,0,0,0,0,0,135,38,43,17,8,9,22,22,1,5]
stat.node.1.util.dram_avg = 3.32704e-05
stat.node.1.walltime_s = 443.796
stat.node.1.active_time_s = 15.891
stat.node.2.cpu.0.load_issue_to_complete_count = 299
stat.node.2.cpu.0.avg_load_issue_to_complete_lat = 1002.96
stat.node.2.injector.phase_cycles = 301111
stat.node.2.injector.request_bytes = 66792
stat.node.2.injector.response_bytes = 16192
stat.node.2.injector.aggregate_bytes = 82984
stat.node.2.injector.request_gbps = 4.25892
stat.node.2.injector.response_gbps = 1.03246
stat.node.2.injector.aggregate_gbps = 5.29138
stat.node.2.llc.cxl_miss = 300
stat.node.2.llc.total_miss = 300
stat.node.2.llc.avg_miss_lat = 673.63
stat.node.2.llc.avg_cxl_lat = 673.63
stat.node.2.llc.miss_lat_hist_bin_ns = 10
stat.node.2.llc.miss_lat_hist = [0,0,0,0,0,0,0,0,0,0,0,0,0,0,0,0,0,0,0,0,0,0,0,0,0,0,170,43,26,8,0,4,15,16,16,1,1]
stat.node.2.util.dram_avg = 3.32556e-05
stat.node.2.walltime_s = 444.19
stat.node.2.active_time_s = 14.4338
stat.node.0.cpu.0.load_issue_to_complete_count = 299
stat.node.0.cpu.0.avg_load_issue_to_complete_lat = 1002.73
stat.node.0.injector.phase_cycles = 300997
stat.node.0.injector.request_bytes = 66792
stat.node.0.injector.response_bytes = 16192
stat.node.0.injector.aggregate_bytes = 82984
stat.node.0.injector.request_gbps = 4.26053
stat.node.0.injector.response_gbps = 1.03286
stat.node.0.injector.aggregate_gbps = 5.29338
stat.node.0.llc.cxl_miss = 300
stat.node.0.llc.total_miss = 300
stat.node.0.llc.avg_miss_lat = 679.057
stat.node.0.llc.avg_cxl_lat = 679.057
stat.node.0.llc.miss_lat_hist_bin_ns = 10
stat.node.0.llc.miss_lat_hist = [0,0,0,0,0,0,0,0,0,0,0,0,0,0,0,0,0,0,0,0,0,0,0,0,0,0,141,39,30,6,30,27,13,7,1,4,2]
stat.node.0.util.dram_avg = 3.31621e-05
stat.node.0.walltime_s = 448.917
stat.node.0.active_time_s = 12.5717
stat.node.3.cpu.0.load_issue_to_complete_count = 299
stat.node.3.cpu.0.avg_load_issue_to_complete_lat = 1004.82
stat.node.3.injector.phase_cycles = 301665
stat.node.3.injector.request_bytes = 66920
stat.node.3.injector.response_bytes = 16256
stat.node.3.injector.aggregate_bytes = 83176
stat.node.3.injector.request_gbps = 4.25924
stat.node.3.injector.response_gbps = 1.03464
stat.node.3.injector.aggregate_gbps = 5.29388
stat.node.3.llc.cxl_miss = 300
stat.node.3.llc.total_miss = 300
stat.node.3.llc.avg_miss_lat = 683.083
stat.node.3.llc.avg_cxl_lat = 683.083
stat.node.3.llc.miss_lat_hist_bin_ns = 10
stat.node.3.llc.miss_lat_hist = [0,0,0,0,0,0,0,0,0,0,0,0,0,0,0,0,0,0,0,0,0,0,0,0,0,0,132,42,32,30,1,8,32,14,8,1]
stat.node.3.util.dram_avg = 3.31209e-05
stat.node.3.walltime_s = 448.986
stat.node.3.active_time_s = 18.1291
stat.node.7.cpu.0.load_issue_to_complete_count = 299
stat.node.7.cpu.0.avg_load_issue_to_complete_lat = 1005.75
stat.node.7.injector.phase_cycles = 301898
stat.node.7.injector.request_bytes = 66984
stat.node.7.injector.response_bytes = 16256
stat.node.7.injector.aggregate_bytes = 83240
stat.node.7.injector.request_gbps = 4.26002
stat.node.7.injector.response_gbps = 1.03384
stat.node.7.injector.aggregate_gbps = 5.29387
stat.node.7.llc.cxl_miss = 300
stat.node.7.llc.total_miss = 300
stat.node.7.llc.avg_miss_lat = 680.523
stat.node.7.llc.avg_cxl_lat = 680.523
stat.node.7.llc.miss_lat_hist_bin_ns = 10
stat.node.7.llc.miss_lat_hist = [0,0,0,0,0,0,0,0,0,0,0,0,0,0,0,0,0,0,0,0,0,0,0,0,0,0,149,42,34,6,10,1,26,23,0,6,3]
stat.node.7.util.dram_avg = 3.30666e-05
stat.node.7.walltime_s = 449.72
stat.node.7.active_time_s = 18.2524
stat.node.5.cpu.0.load_issue_to_complete_count = 299
stat.node.5.cpu.0.avg_load_issue_to_complete_lat = 1007.88
stat.node.5.injector.phase_cycles = 302535
stat.node.5.injector.request_bytes = 67120
stat.node.5.injector.response_bytes = 16256
stat.node.5.injector.aggregate_bytes = 83376
stat.node.5.injector.request_gbps = 4.25969
stat.node.5.injector.response_gbps = 1.03167
stat.node.5.injector.aggregate_gbps = 5.29135
stat.node.5.llc.cxl_miss = 300
stat.node.5.llc.total_miss = 300
stat.node.5.llc.avg_miss_lat = 683.7
stat.node.5.llc.avg_cxl_lat = 683.7
stat.node.5.llc.miss_lat_hist_bin_ns = 10
stat.node.5.llc.miss_lat_hist = [0,0,0,0,0,0,0,0,0,0,0,0,0,0,0,0,0,0,0,0,0,0,0,0,0,0,126,38,45,17,9,15,42,6,1,1]
stat.node.5.util.dram_avg = 3.30655e-05
stat.node.5.walltime_s = 449.784
stat.node.5.active_time_s = 10.0158
stat.pool.101.util.mem_avg = 0.139203
stat.pool.101.util.req_link_avg = 0.696628
stat.pool.101.walltime_s = 449.852
stat.pool.101.active_time_s = 0.46332
stat.pool.100.util.mem_avg = 0.139208
stat.pool.100.util.req_link_avg = 0.696632
stat.pool.100.walltime_s = 449.868
stat.pool.100.active_time_s = 0.646223
stat.switch.replicated_messages = 39024
stat.switch.util.node_ingress_avg = 0.0902057
stat.switch.util.pool_ingress_avg = 0.198306
stat.switch.bw.host_to_switch_gbps = 4.43465
stat.switch.bw.switch_to_host_gbps = 2.43679
stat.switch.bw.host_link_total_gbps = 6.87143
stat.switch.walltime_s = 449.868
stat.switch.active_time_s = 2.17768
Simulation is complete, simulated time: 302.672 us
