stat.node.4.cpu.0.retired = 776
stat.node.4.cpu.0.cycles = 1000000
stat.node.5.cpu.0.retired = 804
stat.node.5.cpu.0.cycles = 1000000
stat.node.6.cpu.0.retired = 804
stat.node.6.cpu.0.cycles = 1000000
stat.node.7.cpu.0.retired = 803
stat.node.7.cpu.0.cycles = 1000000
stat.node.0.cpu.0.retired = 805
stat.node.0.cpu.0.cycles = 1000000
stat.node.1.cpu.0.retired = 805
stat.node.1.cpu.0.cycles = 1000000
stat.node.2.cpu.0.retired = 765
stat.node.2.cpu.0.cycles = 1000000
stat.node.3.cpu.0.retired = 805
stat.node.3.cpu.0.cycles = 1000000
stat.node.7.cpu.0.retired = 1843
stat.node.7.cpu.0.cycles = 2000000
stat.node.0.cpu.0.retired = 1850
stat.node.0.cpu.0.cycles = 2000000
stat.node.1.cpu.0.retired = 1847
stat.node.1.cpu.0.cycles = 2000000
stat.node.2.cpu.0.retired = 1765
stat.node.2.cpu.0.cycles = 2000000
stat.node.4.cpu.0.retired = 1795
stat.node.4.cpu.0.cycles = 2000000
stat.node.5.cpu.0.retired = 1849
stat.node.5.cpu.0.cycles = 2000000
stat.node.6.cpu.0.retired = 1848
stat.node.6.cpu.0.cycles = 2000000
stat.node.3.cpu.0.retired = 1851
stat.node.3.cpu.0.cycles = 2000000
stat.node.3.cpu.0.load_issue_to_complete_count = 1499
stat.node.3.cpu.0.avg_load_issue_to_complete_lat = 970.741
stat.node.3.injector.phase_cycles = 1458417
stat.node.3.injector.request_bytes = 480600
stat.node.3.injector.response_bytes = 427264
stat.node.3.injector.aggregate_bytes = 907864
stat.node.3.injector.request_gbps = 6.32708
stat.node.3.injector.response_gbps = 5.62491
stat.node.3.injector.aggregate_gbps = 11.952
stat.node.3.llc.cxl_miss = 1500
stat.node.3.llc.total_miss = 1500
stat.node.3.llc.avg_miss_lat = 787.463
stat.node.3.llc.avg_cxl_lat = 787.463
stat.node.3.llc.miss_lat_hist_bin_ns = 10
stat.node.3.llc.miss_lat_hist = [0,0,0,0,0,0,0,0,0,0,0,0,0,0,0,0,0,0,0,0,0,0,0,0,0,0,0,0,0,258,106,120,97,392,488,39]
stat.node.3.util.dram_avg = 1.12145e-05
stat.node.3.walltime_s = 37.5478
stat.node.3.active_time_s = 25.2942
stat.node.0.cpu.0.load_issue_to_complete_count = 1499
stat.node.0.cpu.0.avg_load_issue_to_complete_lat = 970.871
stat.node.0.injector.phase_cycles = 1458582
stat.node.0.injector.request_bytes = 480672
stat.node.0.injector.response_bytes = 427328
stat.node.0.injector.aggregate_bytes = 908000
stat.node.0.injector.request_gbps = 6.32731
stat.node.0.injector.response_gbps = 5.62512
stat.node.0.injector.aggregate_gbps = 11.9524
stat.node.0.llc.cxl_miss = 1500
stat.node.0.llc.total_miss = 1500
stat.node.0.llc.avg_miss_lat = 787.882
stat.node.0.llc.avg_cxl_lat = 787.882
stat.node.0.llc.miss_lat_hist_bin_ns = 10
stat.node.0.llc.miss_lat_hist = [0,0,0,0,0,0,0,0,0,0,0,0,0,0,0,0,0,0,0,0,0,0,0,0,0,0,0,1,6,107,176,281,22,382,480,45]
stat.node.0.util.dram_avg = 1.12111e-05
stat.node.0.walltime_s = 37.5601
stat.node.0.active_time_s = 19.8195
stat.node.5.cpu.0.load_issue_to_complete_count = 1499
stat.node.5.cpu.0.avg_load_issue_to_complete_lat = 970.962
stat.node.5.injector.phase_cycles = 1458859
stat.node.5.injector.request_bytes = 480752
stat.node.5.injector.response_bytes = 427328
stat.node.5.injector.aggregate_bytes = 908080
stat.node.5.injector.request_gbps = 6.32716
stat.node.5.injector.response_gbps = 5.62405
stat.node.5.injector.aggregate_gbps = 11.9512
stat.node.5.llc.cxl_miss = 1500
stat.node.5.llc.total_miss = 1500
stat.node.5.llc.avg_miss_lat = 787.891
stat.node.5.llc.avg_cxl_lat = 787.891
stat.node.5.llc.miss_lat_hist_bin_ns = 10
stat.node.5.llc.miss_lat_hist = [0,0,0,0,0,0,0,0,0,0,0,0,0,0,0,0,0,0,0,0,0,0,0,0,0,0,0,0,116,148,28,3,294,396,469,46]
stat.node.5.util.dram_avg = 1.12068e-05
stat.node.5.walltime_s = 37.5756
stat.node.5.active_time_s = 25.3167
stat.node.6.cpu.0.load_issue_to_complete_count = 1499
stat.node.6.cpu.0.avg_load_issue_to_complete_lat = 972.566
stat.node.6.injector.phase_cycles = 1461123
stat.node.6.injector.request_bytes = 481536
stat.node.6.injector.response_bytes = 428032
stat.node.6.injector.aggregate_bytes = 909568
stat.node.6.injector.request_gbps = 6.32766
stat.node.6.injector.response_gbps = 5.62459
stat.node.6.injector.aggregate_gbps = 11.9522
stat.node.6.llc.cxl_miss = 1500
stat.node.6.llc.total_miss = 1500
stat.node.6.llc.avg_miss_lat = 789.557
stat.node.6.llc.avg_cxl_lat = 789.557
stat.node.6.llc.miss_lat_hist_bin_ns = 10
stat.node.6.llc.miss_lat_hist = [0,0,0,0,0,0,0,0,0,0,0,0,0,0,0,0,0,0,0,0,0,0,0,0,0,0,0,0,1,53,303,190,20,382,507,44]
stat.node.6.util.dram_avg = 1.1199e-05
stat.node.6.walltime_s = 37.603
stat.node.6.active_time_s = 22.1169
stat.node.1.cpu.0.load_issue_to_complete_count = 1499
stat.node.1.cpu.0.avg_load_issue_to_complete_lat = 972.879
stat.node.1.injector.phase_cycles = 1461618
stat.node.1.injector.request_bytes = 481752
stat.node.1.injector.response_bytes = 428160
stat.node.1.injector.aggregate_bytes = 909912
stat.node.1.injector.request_gbps = 6.32836
stat.node.1.injector.response_gbps = 5.62436
stat.node.1.injector.aggregate_gbps = 11.9527
stat.node.1.llc.cxl_miss = 1500
stat.node.1.llc.total_miss = 1500
stat.node.1.llc.avg_miss_lat = 789.621
stat.node.1.llc.avg_cxl_lat = 789.621
stat.node.1.llc.miss_lat_hist_bin_ns = 10
stat.node.1.llc.miss_lat_hist = [0,0,0,0,0,0,0,0,0,0,0,0,0,0,0,0,0,0,0,0,0,0,0,0,0,0,0,0,128,119,67,97,44,456,549,39,1]
stat.node.1.util.dram_avg = 1.11982e-05
stat.node.1.walltime_s = 37.6062
stat.node.1.active_time_s = 25.4654
stat.node.7.cpu.0.load_issue_to_complete_count = 1499
stat.node.7.cpu.0.avg_load_issue_to_complete_lat = 973.731
stat.node.7.injector.phase_cycles = 1462870
stat.node.7.injector.request_bytes = 482112
stat.node.7.injector.response_bytes = 428544
stat.node.7.injector.aggregate_bytes = 910656
stat.node.7.injector.request_gbps = 6.32766
stat.node.7.injector.response_gbps = 5.62459
stat.node.7.injector.aggregate_gbps = 11.9523
stat.node.7.llc.cxl_miss = 1500
stat.node.7.llc.total_miss = 1500
stat.node.7.llc.avg_miss_lat = 790.489
stat.node.7.llc.avg_cxl_lat = 790.489
stat.node.7.llc.miss_lat_hist_bin_ns = 10
stat.node.7.llc.miss_lat_hist = [0,0,0,0,0,0,0,0,0,0,0,0,0,0,0,0,0,0,0,0,0,0,0,0,0,0,2,155,82,35,2,1,5,676,491,51]
stat.node.7.util.dram_avg = 1.11827e-05
stat.node.7.walltime_s = 37.6615
stat.node.7.active_time_s = 22.516
stat.node.4.cpu.0.load_issue_to_complete_count = 1499
stat.node.4.cpu.0.avg_load_issue_to_complete_lat = 996.209
stat.node.4.injector.phase_cycles = 1496757
stat.node.4.injector.request_bytes = 493336
stat.node.4.injector.response_bytes = 438528
stat.node.4.injector.aggregate_bytes = 931864
stat.node.4.injector.request_gbps = 6.32838
stat.node.4.injector.response_gbps = 5.62532
stat.node.4.injector.aggregate_gbps = 11.9537
stat.node.4.llc.cxl_miss = 1500
stat.node.4.llc.total_miss = 1500
stat.node.4.llc.avg_miss_lat = 812.044
stat.node.4.llc.avg_cxl_lat = 812.044
stat.node.4.llc.miss_lat_hist_bin_ns = 10
stat.node.4.llc.miss_lat_hist = [0,0,0,0,0,0,0,0,0,0,0,0,0,0,0,0,0,0,0,0,0,0,0,0,0,0,61,61,7,0,0,0,0,398,752,203,18]
stat.node.4.util.dram_avg = 1.09145e-05
stat.node.4.walltime_s = 38.6285
stat.node.4.active_time_s = 22.9848
stat.node.2.cpu.0.load_issue_to_complete_count = 1499
stat.node.2.cpu.0.avg_load_issue_to_complete_lat = 1012.5
stat.node.2.injector.phase_cycles = 1521176
stat.node.2.injector.request_bytes = 501336
stat.node.2.injector.response_bytes = 445568
stat.node.2.injector.aggregate_bytes = 946904
stat.node.2.injector.request_gbps = 6.32777
stat.node.2.injector.response_gbps = 5.62388
stat.node.2.injector.aggregate_gbps = 11.9516
stat.node.2.llc.cxl_miss = 1500
stat.node.2.llc.total_miss = 1500
stat.node.2.llc.avg_miss_lat = 828.281
stat.node.2.llc.avg_cxl_lat = 828.281
stat.node.2.llc.miss_lat_hist_bin_ns = 10
stat.node.2.llc.miss_lat_hist = [0,0,0,0,0,0,0,0,0,0,0,0,0,0,0,0,0,0,0,0,0,0,0,0,0,0,0,13,4,0,0,0,0,136,1211,136]
stat.node.2.util.dram_avg = 1.07619e-05
stat.node.2.walltime_s = 39.2005
stat.node.2.active_time_s = 15.3958
stat.pool.101.util.mem_avg = 0.236409
stat.pool.101.util.req_link_avg = 0.985565
stat.pool.101.walltime_s = 39.2005
stat.pool.101.active_time_s = 0.776229
stat.pool.100.util.mem_avg = 0.23641
stat.pool.100.util.req_link_avg = 0.985566
stat.pool.100.walltime_s = 39.2006
stat.pool.100.active_time_s = 0.820433
stat.switch.replicated_messages = 163312
stat.switch.util.node_ingress_avg = 0.131996
stat.switch.util.pool_ingress_avg = 0.562325
stat.switch.bw.host_to_switch_gbps = 6.48807
stat.switch.bw.switch_to_host_gbps = 6.90984
stat.switch.bw.host_link_total_gbps = 13.3979
stat.switch.walltime_s = 39.2006
stat.switch.active_time_s = 3.06112
Simulation is complete, simulated time: 929.95 us
