stat.node.3.cpu.0.retired = 858
stat.node.3.cpu.0.cycles = 1000000
stat.node.7.cpu.0.retired = 863
stat.node.7.cpu.0.cycles = 1000000
stat.node.6.cpu.0.retired = 864
stat.node.6.cpu.0.cycles = 1000000
stat.node.2.cpu.0.retired = 859
stat.node.2.cpu.0.cycles = 1000000
stat.node.5.cpu.0.retired = 864
stat.node.5.cpu.0.cycles = 1000000
stat.node.1.cpu.0.retired = 859
stat.node.1.cpu.0.cycles = 1000000
stat.node.4.cpu.0.retired = 865
stat.node.4.cpu.0.cycles = 1000000
stat.node.0.cpu.0.retired = 863
stat.node.0.cpu.0.cycles = 1000000
stat.node.4.cpu.0.load_issue_to_complete_count = 499
stat.node.4.cpu.0.avg_load_issue_to_complete_lat = 956.146
stat.node.4.injector.phase_cycles = 479185
stat.node.4.injector.request_bytes = 139648
stat.node.4.injector.response_bytes = 0
stat.node.4.injector.aggregate_bytes = 139648
stat.node.4.injector.request_gbps = 5.59542
stat.node.4.injector.response_gbps = 0
stat.node.4.injector.aggregate_gbps = 5.59542
stat.node.4.llc.cxl_miss = 500
stat.node.4.llc.total_miss = 500
stat.node.4.llc.avg_miss_lat = 723.274
stat.node.4.llc.avg_cxl_lat = 723.274
stat.node.4.llc.miss_lat_hist_bin_ns = 10
stat.node.4.llc.miss_lat_hist = [0,0,0,0,0,0,0,0,0,0,0,0,0,0,0,0,0,0,0,0,0,0,0,0,0,0,152,76,27,7,0,6,31,114,81,6]
stat.node.4.util.dram_avg = 2.13587e-05
stat.node.4.walltime_s = 630.714
stat.node.4.active_time_s = 20.3426
stat.node.5.cpu.0.load_issue_to_complete_count = 499
stat.node.5.cpu.0.avg_load_issue_to_complete_lat = 954.876
stat.node.5.injector.phase_cycles = 478757
stat.node.5.injector.request_bytes = 139584
stat.node.5.injector.response_bytes = 0
stat.node.5.injector.aggregate_bytes = 139584
stat.node.5.injector.request_gbps = 5.59786
stat.node.5.injector.response_gbps = 0
stat.node.5.injector.aggregate_gbps = 5.59786
stat.node.5.llc.cxl_miss = 500
stat.node.5.llc.total_miss = 500
stat.node.5.llc.avg_miss_lat = 721.948
stat.node.5.llc.avg_cxl_lat = 721.948
stat.node.5.llc.miss_lat_hist_bin_ns = 10
stat.node.5.llc.miss_lat_hist = [0,0,0,0,0,0,0,0,0,0,0,0,0,0,0,0,0,0,0,0,0,0,0,0,0,0,58,67,92,36,12,67,110,54,4]
stat.node.5.util.dram_avg = 2.13375e-05
stat.node.5.walltime_s = 630.771
stat.node.5.active_time_s = 24.1038
stat.node.6.cpu.0.load_issue_to_complete_count = 499
stat.node.6.cpu.0.avg_load_issue_to_complete_lat = 954.186
stat.node.6.injector.phase_cycles = 478394
stat.node.6.injector.request_bytes = 139456
stat.node.6.injector.response_bytes = 0
stat.node.6.injector.aggregate_bytes = 139456
stat.node.6.injector.request_gbps = 5.59697
stat.node.6.injector.response_gbps = 0
stat.node.6.injector.aggregate_gbps = 5.59697
stat.node.6.llc.cxl_miss = 500
stat.node.6.llc.total_miss = 500
stat.node.6.llc.avg_miss_lat = 721.566
stat.node.6.llc.avg_cxl_lat = 721.566
stat.node.6.llc.miss_lat_hist_bin_ns = 10
stat.node.6.llc.miss_lat_hist = [0,0,0,0,0,0,0,0,0,0,0,0,0,0,0,0,0,0,0,0,0,0,0,0,0,0,52,21,14,78,243,36,23,28,5]
stat.node.6.util.dram_avg = 2.1332e-05
stat.node.6.walltime_s = 631.597
stat.node.6.active_time_s = 15.923
stat.node.7.cpu.0.load_issue_to_complete_count = 499
stat.node.7.cpu.0.avg_load_issue_to_complete_lat = 954.345
stat.node.7.injector.phase_cycles = 478473
stat.node.7.injector.request_bytes = 139456
stat.node.7.injector.response_bytes = 0
stat.node.7.injector.aggregate_bytes = 139456
stat.node.7.injector.request_gbps = 5.59604
stat.node.7.injector.response_gbps = 0
stat.node.7.injector.aggregate_gbps = 5.59604
stat.node.7.llc.cxl_miss = 500
stat.node.7.llc.total_miss = 500
stat.node.7.llc.avg_miss_lat = 720.98
stat.node.7.llc.avg_cxl_lat = 720.98
stat.node.7.llc.miss_lat_hist_bin_ns = 10
stat.node.7.llc.miss_lat_hist = [0,0,0,0,0,0,0,0,0,0,0,0,0,0,0,0,0,0,0,0,0,0,0,0,0,0,90,118,50,10,1,7,57,164,3]
stat.node.7.util.dram_avg = 2.133e-05
stat.node.7.walltime_s = 631.599
stat.node.7.active_time_s = 22.0165
stat.node.0.cpu.0.load_issue_to_complete_count = 499
stat.node.0.cpu.0.avg_load_issue_to_complete_lat = 956.196
stat.node.0.injector.phase_cycles = 479369
stat.node.0.injector.request_bytes = 139712
stat.node.0.injector.response_bytes = 0
stat.node.0.injector.aggregate_bytes = 139712
stat.node.0.injector.request_gbps = 5.59584
stat.node.0.injector.response_gbps = 0
stat.node.0.injector.aggregate_gbps = 5.59584
stat.node.0.llc.cxl_miss = 500
stat.node.0.llc.total_miss = 500
stat.node.0.llc.avg_miss_lat = 722.682
stat.node.0.llc.avg_cxl_lat = 722.682
stat.node.0.llc.miss_lat_hist_bin_ns = 10
stat.node.0.llc.miss_lat_hist = [0,0,0,0,0,0,0,0,0,0,0,0,0,0,0,0,0,0,0,0,0,0,0,0,0,0,58,35,52,76,80,113,40,38,8]
stat.node.0.util.dram_avg = 2.13088e-05
stat.node.0.walltime_s = 632.148
stat.node.0.active_time_s = 17.9659
stat.node.1.cpu.0.load_issue_to_complete_count = 499
stat.node.1.cpu.0.avg_load_issue_to_complete_lat = 961.717
stat.node.1.injector.phase_cycles = 482153
stat.node.1.injector.request_bytes = 140544
stat.node.1.injector.response_bytes = 0
stat.node.1.injector.aggregate_bytes = 140544
stat.node.1.injector.request_gbps = 5.59666
stat.node.1.injector.response_gbps = 0
stat.node.1.injector.aggregate_gbps = 5.59666
stat.node.1.llc.cxl_miss = 500
stat.node.1.llc.total_miss = 500
stat.node.1.llc.avg_miss_lat = 730.218
stat.node.1.llc.avg_cxl_lat = 730.218
stat.node.1.llc.miss_lat_hist_bin_ns = 10
stat.node.1.llc.miss_lat_hist = [0,0,0,0,0,0,0,0,0,0,0,0,0,0,0,0,0,0,0,0,0,0,0,0,0,0,5,9,216,15,18,69,136,31,1]
stat.node.1.util.dram_avg = 2.1232e-05
stat.node.1.walltime_s = 638.333
stat.node.1.active_time_s = 23.5929
stat.node.2.cpu.0.load_issue_to_complete_count = 499
stat.node.2.cpu.0.avg_load_issue_to_complete_lat = 962.697
stat.node.2.injector.phase_cycles = 482642
stat.node.2.injector.request_bytes = 140672
stat.node.2.injector.response_bytes = 0
stat.node.2.injector.aggregate_bytes = 140672
stat.node.2.injector.request_gbps = 5.59608
stat.node.2.injector.response_gbps = 0
stat.node.2.injector.aggregate_gbps = 5.59608
stat.node.2.llc.cxl_miss = 500
stat.node.2.llc.total_miss = 500
stat.node.2.llc.avg_miss_lat = 729.038
stat.node.2.llc.avg_cxl_lat = 729.038
stat.node.2.llc.miss_lat_hist_bin_ns = 10
stat.node.2.llc.miss_lat_hist = [0,0,0,0,0,0,0,0,0,0,0,0,0,0,0,0,0,0,0,0,0,0,0,0,0,0,158,70,19,3,0,1,22,99,128]
stat.node.2.util.dram_avg = 2.12224e-05
stat.node.2.walltime_s = 650.612
stat.node.2.active_time_s = 19.0014
stat.node.3.cpu.0.load_issue_to_complete_count = 499
stat.node.3.cpu.0.avg_load_issue_to_complete_lat = 961.567
stat.node.3.injector.phase_cycles = 482096
stat.node.3.injector.request_bytes = 140544
stat.node.3.injector.response_bytes = 0
stat.node.3.injector.aggregate_bytes = 140544
stat.node.3.injector.request_gbps = 5.59732
stat.node.3.injector.response_gbps = 0
stat.node.3.injector.aggregate_gbps = 5.59732
stat.node.3.llc.cxl_miss = 500
stat.node.3.llc.total_miss = 500
stat.node.3.llc.avg_miss_lat = 729.61
stat.node.3.llc.avg_cxl_lat = 729.61
stat.node.3.llc.miss_lat_hist_bin_ns = 10
stat.node.3.llc.miss_lat_hist = [0,0,0,0,0,0,0,0,0,0,0,0,0,0,0,0,0,0,0,0,0,0,0,0,0,0,9,10,30,197,71,121,47,14,1]
stat.node.3.util.dram_avg = 2.12206e-05
stat.node.3.walltime_s = 650.722
stat.node.3.active_time_s = 27.2631
stat.pool.100.util.mem_avg = 0.181012
stat.pool.100.util.req_link_avg = 0.938014
stat.pool.100.walltime_s = 650.722
stat.pool.100.active_time_s = 0.733826
stat.switch.replicated_messages = 0
stat.switch.util.node_ingress_avg = 0.117276
stat.switch.util.pool_ingress_avg = 0.22104
stat.switch.bw.host_to_switch_gbps = 5.76527
stat.switch.bw.switch_to_host_gbps = 1.35812
stat.switch.bw.host_link_total_gbps = 7.12339
stat.switch.walltime_s = 650.736
stat.switch.active_time_s = 2.43253
Simulation is complete, simulated time: 471.617 us
