stat.node.6.cpu.0.retired = 823
stat.node.6.cpu.0.cycles = 1000000
stat.node.7.cpu.0.retired = 817
stat.node.7.cpu.0.cycles = 1000000
stat.node.0.cpu.0.retired = 822
stat.node.0.cpu.0.cycles = 1000000
stat.node.2.cpu.0.retired = 821
stat.node.2.cpu.0.cycles = 1000000
stat.node.3.cpu.0.retired = 819
stat.node.3.cpu.0.cycles = 1000000
stat.node.4.cpu.0.retired = 824
stat.node.4.cpu.0.cycles = 1000000
stat.node.5.cpu.0.retired = 826
stat.node.1.cpu.0.retired = 823
stat.node.1.cpu.0.cycles = 1000000
stat.node.5.cpu.0.cycles = 1000000
stat.node.5.cpu.0.load_issue_to_complete_count = 499
stat.node.5.cpu.0.avg_load_issue_to_complete_lat = 999.108
stat.node.5.injector.phase_cycles = 500886
stat.node.5.injector.request_bytes = 143624
stat.node.5.injector.response_bytes = 58368
stat.node.5.injector.aggregate_bytes = 201992
stat.node.5.injector.request_gbps = 5.50541
stat.node.5.injector.response_gbps = 2.23737
stat.node.5.injector.aggregate_gbps = 7.74277
stat.node.5.llc.cxl_miss = 500
stat.node.5.llc.total_miss = 500
stat.node.5.llc.avg_miss_lat = 764.808
stat.node.5.llc.avg_cxl_lat = 764.808
stat.node.5.llc.miss_lat_hist_bin_ns = 10
stat.node.5.llc.miss_lat_hist = [0,0,0,0,0,0,0,0,0,0,0,0,0,0,0,0,0,0,0,0,0,0,0,0,0,0,12,20,67,43,42,58,99,63,30,19,28,18,1]
stat.node.5.util.dram_avg = 2.05383e-05
stat.node.5.walltime_s = 148.642
stat.node.5.active_time_s = 22.2242
stat.node.4.cpu.0.load_issue_to_complete_count = 499
stat.node.4.cpu.0.avg_load_issue_to_complete_lat = 999.108
stat.node.4.injector.phase_cycles = 500886
stat.node.4.injector.request_bytes = 143624
stat.node.4.injector.response_bytes = 58368
stat.node.4.injector.aggregate_bytes = 201992
stat.node.4.injector.request_gbps = 5.50541
stat.node.4.injector.response_gbps = 2.23737
stat.node.4.injector.aggregate_gbps = 7.74277
stat.node.4.llc.cxl_miss = 500
stat.node.4.llc.total_miss = 500
stat.node.4.llc.avg_miss_lat = 765.008
stat.node.4.llc.avg_cxl_lat = 765.008
stat.node.4.llc.miss_lat_hist_bin_ns = 10
stat.node.4.llc.miss_lat_hist = [0,0,0,0,0,0,0,0,0,0,0,0,0,0,0,0,0,0,0,0,0,0,0,0,0,0,32,37,68,46,35,45,59,45,13,22,48,42,7,1]
stat.node.4.util.dram_avg = 2.05378e-05
stat.node.4.walltime_s = 148.643
stat.node.4.active_time_s = 17.4722
stat.node.6.cpu.0.load_issue_to_complete_count = 499
stat.node.6.cpu.0.avg_load_issue_to_complete_lat = 1002.25
stat.node.6.injector.phase_cycles = 502419
stat.node.6.injector.request_bytes = 144032
stat.node.6.injector.response_bytes = 58560
stat.node.6.injector.aggregate_bytes = 202592
stat.node.6.injector.request_gbps = 5.5042
stat.node.6.injector.response_gbps = 2.23788
stat.node.6.injector.aggregate_gbps = 7.74208
stat.node.6.llc.cxl_miss = 500
stat.node.6.llc.total_miss = 500
stat.node.6.llc.avg_miss_lat = 768
stat.node.6.llc.avg_cxl_lat = 768
stat.node.6.llc.miss_lat_hist_bin_ns = 10
stat.node.6.llc.miss_lat_hist = [0,0,0,0,0,0,0,0,0,0,0,0,0,0,0,0,0,0,0,0,0,0,0,0,0,0,7,25,59,31,65,89,73,38,13,36,42,19,3]
stat.node.6.util.dram_avg = 2.05099e-05
stat.node.6.walltime_s = 148.7
stat.node.6.active_time_s = 17.2455
stat.node.1.cpu.0.load_issue_to_complete_count = 499
stat.node.1.cpu.0.avg_load_issue_to_complete_lat = 1001.32
stat.node.1.injector.phase_cycles = 501865
stat.node.1.injector.request_bytes = 143896
stat.node.1.injector.response_bytes = 58496
stat.node.1.injector.aggregate_bytes = 202392
stat.node.1.injector.request_gbps = 5.50507
stat.node.1.injector.response_gbps = 2.2379
stat.node.1.injector.aggregate_gbps = 7.74297
stat.node.1.llc.cxl_miss = 500
stat.node.1.llc.total_miss = 500
stat.node.1.llc.avg_miss_lat = 766.116
stat.node.1.llc.avg_cxl_lat = 766.116
stat.node.1.llc.miss_lat_hist_bin_ns = 10
stat.node.1.llc.miss_lat_hist = [0,0,0,0,0,0,0,0,0,0,0,0,0,0,0,0,0,0,0,0,0,0,0,0,0,0,4,18,103,40,59,45,59,51,14,34,40,28,5]
stat.node.1.util.dram_avg = 2.05094e-05
stat.node.1.walltime_s = 148.701
stat.node.1.active_time_s = 14.5135
stat.node.0.cpu.0.load_issue_to_complete_count = 499
stat.node.0.cpu.0.avg_load_issue_to_complete_lat = 1005.3
stat.node.0.injector.phase_cycles = 503922
stat.node.0.injector.request_bytes = 144496
stat.node.0.injector.response_bytes = 58816
stat.node.0.injector.aggregate_bytes = 203312
stat.node.0.injector.request_gbps = 5.50546
stat.node.0.injector.response_gbps = 2.24096
stat.node.0.injector.aggregate_gbps = 7.74642
stat.node.0.llc.cxl_miss = 500
stat.node.0.llc.total_miss = 500
stat.node.0.llc.avg_miss_lat = 771.206
stat.node.0.llc.avg_cxl_lat = 771.206
stat.node.0.llc.miss_lat_hist_bin_ns = 10
stat.node.0.llc.miss_lat_hist = [0,0,0,0,0,0,0,0,0,0,0,0,0,0,0,0,0,0,0,0,0,0,0,0,0,0,12,16,40,46,48,69,107,55,26,25,30,25,1]
stat.node.0.util.dram_avg = 2.04752e-05
stat.node.0.walltime_s = 148.769
stat.node.0.active_time_s = 17.1192
stat.node.2.cpu.0.load_issue_to_complete_count = 499
stat.node.2.cpu.0.avg_load_issue_to_complete_lat = 1003.34
stat.node.2.injector.phase_cycles = 502817
stat.node.2.injector.request_bytes = 144168
stat.node.2.injector.response_bytes = 58624
stat.node.2.injector.aggregate_bytes = 202792
stat.node.2.injector.request_gbps = 5.50504
stat.node.2.injector.response_gbps = 2.23855
stat.node.2.injector.aggregate_gbps = 7.74359
stat.node.2.llc.cxl_miss = 500
stat.node.2.llc.total_miss = 500
stat.node.2.llc.avg_miss_lat = 768.75
stat.node.2.llc.avg_cxl_lat = 768.75
stat.node.2.llc.miss_lat_hist_bin_ns = 10
stat.node.2.llc.miss_lat_hist = [0,0,0,0,0,0,0,0,0,0,0,0,0,0,0,0,0,0,0,0,0,0,0,0,0,0,19,33,74,44,29,30,66,54,27,48,51,25]
stat.node.2.util.dram_avg = 2.04728e-05
stat.node.2.walltime_s = 148.772
stat.node.2.active_time_s = 18.0535
stat.node.3.cpu.0.load_issue_to_complete_count = 499
stat.node.3.cpu.0.avg_load_issue_to_complete_lat = 1002.87
stat.node.3.injector.phase_cycles = 502997
stat.node.3.injector.request_bytes = 144224
stat.node.3.injector.response_bytes = 58688
stat.node.3.injector.aggregate_bytes = 202912
stat.node.3.injector.request_gbps = 5.5052
stat.node.3.injector.response_gbps = 2.24019
stat.node.3.injector.aggregate_gbps = 7.74539
stat.node.3.llc.cxl_miss = 500
stat.node.3.llc.total_miss = 500
stat.node.3.llc.avg_miss_lat = 769.288
stat.node.3.llc.avg_cxl_lat = 769.288
stat.node.3.llc.miss_lat_hist_bin_ns = 10
stat.node.3.llc.miss_lat_hist = [0,0,0,0,0,0,0,0,0,0,0,0,0,0,0,0,0,0,0,0,0,0,0,0,0,0,4,22,46,54,60,70,87,52,16,15,47,23,4]
stat.node.3.util.dram_avg = 2.043e-05
stat.node.3.walltime_s = 149.046
stat.node.3.active_time_s = 21.2088
stat.node.7.cpu.0.load_issue_to_complete_count = 499
stat.node.7.cpu.0.avg_load_issue_to_complete_lat = 1006.48
stat.node.7.injector.phase_cycles = 504698
stat.node.7.injector.request_bytes = 144696
stat.node.7.injector.response_bytes = 58880
stat.node.7.injector.aggregate_bytes = 203576
stat.node.7.injector.request_gbps = 5.50461
stat.node.7.injector.response_gbps = 2.23995
stat.node.7.injector.aggregate_gbps = 7.74455
stat.node.7.llc.cxl_miss = 500
stat.node.7.llc.total_miss = 500
stat.node.7.llc.avg_miss_lat = 773.58
stat.node.7.llc.avg_cxl_lat = 773.58
stat.node.7.llc.miss_lat_hist_bin_ns = 10
stat.node.7.llc.miss_lat_hist = [0,0,0,0,0,0,0,0,0,0,0,0,0,0,0,0,0,0,0,0,0,0,0,0,0,0,14,22,50,54,36,39,65,82,52,26,32,23,5]
stat.node.7.util.dram_avg = 2.04009e-05
stat.node.7.walltime_s = 149.117
stat.node.7.active_time_s = 18.8611
stat.pool.100.util.mem_avg = 0.228278
stat.pool.100.util.req_link_avg = 0.92216
stat.pool.100.walltime_s = 149.117
stat.pool.100.active_time_s = 0.650806
stat.switch.replicated_messages = 0
stat.switch.util.node_ingress_avg = 0.115294
stat.switch.util.pool_ingress_avg = 0.57677
stat.switch.bw.host_to_switch_gbps = 5.66789
stat.switch.bw.switch_to_host_gbps = 3.54368
stat.switch.bw.host_link_total_gbps = 9.21157
stat.switch.walltime_s = 149.117
stat.switch.active_time_s = 2.02721
Simulation is complete, simulated time: 490.568 us
