stat.node.5.cpu.0.retired = 640
stat.node.5.cpu.0.cycles = 1000000
stat.node.6.cpu.0.retired = 641
stat.node.6.cpu.0.cycles = 1000000
stat.node.7.cpu.0.retired = 641
stat.node.7.cpu.0.cycles = 1000000
stat.node.0.cpu.0.retired = 638
stat.node.0.cpu.0.cycles = 1000000
stat.node.1.cpu.0.retired = 636
stat.node.1.cpu.0.cycles = 1000000
stat.node.2.cpu.0.retired = 636
stat.node.2.cpu.0.cycles = 1000000
stat.node.3.cpu.0.retired = 633
stat.node.3.cpu.0.cycles = 1000000
stat.node.4.cpu.0.retired = 642
stat.node.4.cpu.0.cycles = 1000000
stat.node.4.cpu.0.load_issue_to_complete_count = 499
stat.node.4.cpu.0.avg_load_issue_to_complete_lat = 1226.37
stat.node.4.injector.phase_cycles = 614530
stat.node.4.injector.request_bytes = 40056
stat.node.4.injector.response_bytes = 106752
stat.node.4.injector.aggregate_bytes = 146808
stat.node.4.injector.request_gbps = 1.25149
stat.node.4.injector.response_gbps = 3.33529
stat.node.4.injector.aggregate_gbps = 4.58678
stat.node.4.llc.cxl_miss = 500
stat.node.4.llc.total_miss = 500
stat.node.4.llc.avg_miss_lat = 982.606
stat.node.4.llc.avg_cxl_lat = 982.606
stat.node.4.llc.miss_lat_hist_bin_ns = 10
stat.node.4.llc.miss_lat_hist = [0,0,0,0,0,0,0,0,0,0,0,0,0,0,0,0,0,0,0,0,0,0,0,0,0,0,40,3,0,0,6,45,29,19,4,2,3,1,17,29,27,30,8,9,14,28,23,33,52,55,20,2,0,1]
stat.node.4.util.dram_avg = 1.67153e-05
stat.node.4.walltime_s = 25.1944
stat.node.4.active_time_s = 14.7137
stat.node.7.cpu.0.load_issue_to_complete_count = 499
stat.node.7.cpu.0.avg_load_issue_to_complete_lat = 1223.42
stat.node.7.injector.phase_cycles = 613058
stat.node.7.injector.request_bytes = 39960
stat.node.7.injector.response_bytes = 106496
stat.node.7.injector.aggregate_bytes = 146456
stat.node.7.injector.request_gbps = 1.25148
stat.node.7.injector.response_gbps = 3.33529
stat.node.7.injector.aggregate_gbps = 4.58677
stat.node.7.llc.cxl_miss = 500
stat.node.7.llc.total_miss = 500
stat.node.7.llc.avg_miss_lat = 982.096
stat.node.7.llc.avg_cxl_lat = 982.096
stat.node.7.llc.miss_lat_hist_bin_ns = 10
stat.node.7.llc.miss_lat_hist = [0,0,0,0,0,0,0,0,0,0,0,0,0,0,0,0,0,0,0,0,0,0,0,0,0,0,36,3,0,0,11,55,28,8,2,6,5,5,15,33,24,25,6,11,18,22,20,27,53,71,11,4,1]
stat.node.7.util.dram_avg = 1.6681e-05
stat.node.7.walltime_s = 25.2377
stat.node.7.active_time_s = 16.1205
stat.node.6.cpu.0.load_issue_to_complete_count = 499
stat.node.6.cpu.0.avg_load_issue_to_complete_lat = 1229.43
stat.node.6.injector.phase_cycles = 616002
stat.node.6.injector.request_bytes = 40144
stat.node.6.injector.response_bytes = 107008
stat.node.6.injector.aggregate_bytes = 147152
stat.node.6.injector.request_gbps = 1.25124
stat.node.6.injector.response_gbps = 3.3353
stat.node.6.injector.aggregate_gbps = 4.58654
stat.node.6.llc.cxl_miss = 500
stat.node.6.llc.total_miss = 500
stat.node.6.llc.avg_miss_lat = 986.776
stat.node.6.llc.avg_cxl_lat = 986.776
stat.node.6.llc.miss_lat_hist_bin_ns = 10
stat.node.6.llc.miss_lat_hist = [0,0,0,0,0,0,0,0,0,0,0,0,0,0,0,0,0,0,0,0,0,0,0,0,0,0,37,1,1,2,8,55,27,5,3,3,2,4,19,31,31,27,2,14,17,14,24,34,45,68,23,3]
stat.node.6.util.dram_avg = 1.6664e-05
stat.node.6.walltime_s = 25.2594
stat.node.6.active_time_s = 11.8713
stat.node.5.cpu.0.load_issue_to_complete_count = 499
stat.node.5.cpu.0.avg_load_issue_to_complete_lat = 1232.67
stat.node.5.injector.phase_cycles = 617649
stat.node.5.injector.request_bytes = 40240
stat.node.5.injector.response_bytes = 107328
stat.node.5.injector.aggregate_bytes = 147568
stat.node.5.injector.request_gbps = 1.25089
stat.node.5.injector.response_gbps = 3.33636
stat.node.5.injector.aggregate_gbps = 4.58724
stat.node.5.llc.cxl_miss = 500
stat.node.5.llc.total_miss = 500
stat.node.5.llc.avg_miss_lat = 990.326
stat.node.5.llc.avg_cxl_lat = 990.326
stat.node.5.llc.miss_lat_hist_bin_ns = 10
stat.node.5.llc.miss_lat_hist = [0,0,0,0,0,0,0,0,0,0,0,0,0,0,0,0,0,0,0,0,0,0,0,0,0,0,39,5,0,0,6,45,31,8,3,4,3,7,15,23,31,32,5,11,17,19,19,21,55,63,29,7,2]
stat.node.5.util.dram_avg = 1.66447e-05
stat.node.5.walltime_s = 25.284
stat.node.5.active_time_s = 16.6208
stat.node.0.cpu.0.load_issue_to_complete_count = 499
stat.node.0.cpu.0.avg_load_issue_to_complete_lat = 1233.23
stat.node.0.injector.phase_cycles = 617921
stat.node.0.injector.request_bytes = 40240
stat.node.0.injector.response_bytes = 107392
stat.node.0.injector.aggregate_bytes = 147632
stat.node.0.injector.request_gbps = 1.25033
stat.node.0.injector.response_gbps = 3.33688
stat.node.0.injector.aggregate_gbps = 4.58721
stat.node.0.llc.cxl_miss = 500
stat.node.0.llc.total_miss = 500
stat.node.0.llc.avg_miss_lat = 988.108
stat.node.0.llc.avg_cxl_lat = 988.108
stat.node.0.llc.miss_lat_hist_bin_ns = 10
stat.node.0.llc.miss_lat_hist = [0,0,0,0,0,0,0,0,0,0,0,0,0,0,0,0,0,0,0,0,0,0,0,0,0,0,39,4,1,0,11,39,23,13,6,4,7,5,12,41,26,23,6,14,11,14,17,26,77,58,16,7]
stat.node.0.util.dram_avg = 1.66076e-05
stat.node.0.walltime_s = 25.3316
stat.node.0.active_time_s = 14.7782
stat.node.2.cpu.0.load_issue_to_complete_count = 499
stat.node.2.cpu.0.avg_load_issue_to_complete_lat = 1235.23
stat.node.2.injector.phase_cycles = 618921
stat.node.2.injector.request_bytes = 40336
stat.node.2.injector.response_bytes = 107520
stat.node.2.injector.aggregate_bytes = 147856
stat.node.2.injector.request_gbps = 1.25129
stat.node.2.injector.response_gbps = 3.33546
stat.node.2.injector.aggregate_gbps = 4.58675
stat.node.2.llc.cxl_miss = 500
stat.node.2.llc.total_miss = 500
stat.node.2.llc.avg_miss_lat = 990.326
stat.node.2.llc.avg_cxl_lat = 990.326
stat.node.2.llc.miss_lat_hist_bin_ns = 10
stat.node.2.llc.miss_lat_hist = [0,0,0,0,0,0,0,0,0,0,0,0,0,0,0,0,0,0,0,0,0,0,0,0,0,0,38,1,0,0,6,53,26,12,5,3,4,6,14,35,26,21,10,7,15,20,16,28,58,54,27,11,3,1]
stat.node.2.util.dram_avg = 1.65793e-05
stat.node.2.walltime_s = 25.3679
stat.node.2.active_time_s = 12.0016
stat.node.1.cpu.0.load_issue_to_complete_count = 499
stat.node.1.cpu.0.avg_load_issue_to_complete_lat = 1234.18
stat.node.1.injector.phase_cycles = 618374
stat.node.1.injector.request_bytes = 40320
stat.node.1.injector.response_bytes = 107520
stat.node.1.injector.aggregate_bytes = 147840
stat.node.1.injector.request_gbps = 1.2519
stat.node.1.injector.response_gbps = 3.33841
stat.node.1.injector.aggregate_gbps = 4.59031
stat.node.1.llc.cxl_miss = 500
stat.node.1.llc.total_miss = 500
stat.node.1.llc.avg_miss_lat = 988.808
stat.node.1.llc.avg_cxl_lat = 988.808
stat.node.1.llc.miss_lat_hist_bin_ns = 10
stat.node.1.llc.miss_lat_hist = [0,0,0,0,0,0,0,0,0,0,0,0,0,0,0,0,0,0,0,0,0,0,0,0,0,0,46,4,1,2,10,41,21,8,5,4,8,5,9,30,26,21,12,15,19,13,17,24,59,59,29,7,5]
stat.node.1.util.dram_avg = 1.65684e-05
stat.node.1.walltime_s = 25.382
stat.node.1.active_time_s = 16.9132
stat.node.3.cpu.0.load_issue_to_complete_count = 499
stat.node.3.cpu.0.avg_load_issue_to_complete_lat = 1238.68
stat.node.3.injector.phase_cycles = 620618
stat.node.3.injector.request_bytes = 40432
stat.node.3.injector.response_bytes = 107840
stat.node.3.injector.aggregate_bytes = 148272
stat.node.3.injector.request_gbps = 1.25084
stat.node.3.injector.response_gbps = 3.33624
stat.node.3.injector.aggregate_gbps = 4.58708
stat.node.3.llc.cxl_miss = 500
stat.node.3.llc.total_miss = 500
stat.node.3.llc.avg_miss_lat = 996.206
stat.node.3.llc.avg_cxl_lat = 996.206
stat.node.3.llc.miss_lat_hist_bin_ns = 10
stat.node.3.llc.miss_lat_hist = [0,0,0,0,0,0,0,0,0,0,0,0,0,0,0,0,0,0,0,0,0,0,0,0,0,0,36,2,2,11,9,35,23,9,3,4,5,7,11,42,25,15,12,12,19,18,12,19,56,66,33,10,4]
stat.node.3.util.dram_avg = 1.65092e-05
stat.node.3.walltime_s = 25.4583
stat.node.3.active_time_s = 17.2763
stat.pool.100.util.mem_avg = 0.136241
stat.pool.100.util.req_link_avg = 0.225262
stat.pool.100.walltime_s = 25.4583
stat.pool.100.active_time_s = 0.689953
stat.switch.replicated_messages = 0
stat.switch.util.node_ingress_avg = 0.0281579
stat.switch.util.pool_ingress_avg = 0.715398
stat.switch.bw.host_to_switch_gbps = 1.38403
stat.switch.bw.switch_to_host_gbps = 4.39542
stat.switch.bw.host_link_total_gbps = 5.77944
stat.switch.walltime_s = 25.4584
stat.switch.active_time_s = 1.85801
Simulation is complete, simulated time: 606.206 us
