stat.node.1.cpu.0.retired = 598
stat.node.1.cpu.0.cycles = 1000000
stat.node.2.cpu.0.retired = 596
stat.node.2.cpu.0.cycles = 1000000
stat.node.3.cpu.0.retired = 596
stat.node.3.cpu.0.cycles = 1000000
stat.node.4.cpu.0.retired = 600
stat.node.4.cpu.0.cycles = 1000000
stat.node.5.cpu.0.retired = 599
stat.node.5.cpu.0.cycles = 1000000
stat.node.6.cpu.0.retired = 598
stat.node.6.cpu.0.cycles = 1000000
stat.node.7.cpu.0.retired = 597
stat.node.7.cpu.0.cycles = 1000000
stat.node.0.cpu.0.retired = 596
stat.node.0.cpu.0.cycles = 1000000
stat.node.2.cpu.0.retired = 1407
stat.node.2.cpu.0.cycles = 2000000
stat.node.3.cpu.0.retired = 1405
stat.node.3.cpu.0.cycles = 2000000
stat.node.4.cpu.0.retired = 1411
stat.node.4.cpu.0.cycles = 2000000
stat.node.5.cpu.0.retired = 1410
stat.node.5.cpu.0.cycles = 2000000
stat.node.6.cpu.0.retired = 1408
stat.node.6.cpu.0.cycles = 2000000
stat.node.0.cpu.0.retired = 1407
stat.node.0.cpu.0.cycles = 2000000
stat.node.7.cpu.0.retired = 1408
stat.node.7.cpu.0.cycles = 2000000
stat.node.1.cpu.0.retired = 1408
stat.node.1.cpu.0.cycles = 2000000
stat.node.3.cpu.0.retired = 2244
stat.node.3.cpu.0.cycles = 3000000
stat.node.4.cpu.0.retired = 2253
stat.node.4.cpu.0.cycles = 3000000
stat.node.5.cpu.0.retired = 2249
stat.node.5.cpu.0.cycles = 3000000
stat.node.1.cpu.0.retired = 2248
stat.node.1.cpu.0.cycles = 3000000
stat.node.0.cpu.0.retired = 2244
stat.node.7.cpu.0.retired = 2247
stat.node.7.cpu.0.cycles = 3000000
stat.node.6.cpu.0.retired = 2247
stat.node.6.cpu.0.cycles = 3000000
stat.node.2.cpu.0.retired = 2247
stat.node.2.cpu.0.cycles = 3000000
stat.node.0.cpu.0.cycles = 3000000
stat.node.7.cpu.0.retired = 3098
stat.node.7.cpu.0.cycles = 4000000
stat.node.6.cpu.0.retired = 3099
stat.node.6.cpu.0.cycles = 4000000
stat.node.5.cpu.0.retired = 3096
stat.node.5.cpu.0.cycles = 4000000
stat.node.3.cpu.0.retired = 3094
stat.node.3.cpu.0.cycles = 4000000
stat.node.4.cpu.0.retired = 3104
stat.node.4.cpu.0.cycles = 4000000
stat.node.0.cpu.0.retired = 3094
stat.node.0.cpu.0.cycles = 4000000
stat.node.1.cpu.0.retired = 3098
stat.node.1.cpu.0.cycles = 4000000
stat.node.2.cpu.0.retired = 3097
stat.node.2.cpu.0.cycles = 4000000
stat.node.6.cpu.0.retired = 3948
stat.node.6.cpu.0.cycles = 5000000
stat.node.5.cpu.0.retired = 3943
stat.node.5.cpu.0.cycles = 5000000
stat.node.3.cpu.0.retired = 3942
stat.node.3.cpu.0.cycles = 5000000
stat.node.2.cpu.0.retired = 3947
stat.node.2.cpu.0.cycles = 5000000
stat.node.0.cpu.0.retired = 3942
stat.node.0.cpu.0.cycles = 5000000
stat.node.1.cpu.0.retired = 3947
stat.node.1.cpu.0.cycles = 5000000
stat.node.4.cpu.0.retired = 3954
stat.node.4.cpu.0.cycles = 5000000
stat.node.7.cpu.0.retired = 3949
stat.node.7.cpu.0.cycles = 5000000
stat.node.0.cpu.0.retired = 4788
stat.node.0.cpu.0.cycles = 6000000
stat.node.1.cpu.0.retired = 4795
stat.node.1.cpu.0.cycles = 6000000
stat.node.4.cpu.0.retired = 4805
stat.node.4.cpu.0.cycles = 6000000
stat.node.3.cpu.0.retired = 4790
stat.node.3.cpu.0.cycles = 6000000
stat.node.6.cpu.0.retired = 4796
stat.node.6.cpu.0.cycles = 6000000
stat.node.5.cpu.0.retired = 4787
stat.node.5.cpu.0.cycles = 6000000
stat.node.7.cpu.0.retired = 4795
stat.node.7.cpu.0.cycles = 6000000
stat.node.2.cpu.0.retired = 4795
stat.node.2.cpu.0.cycles = 6000000
stat.node.4.cpu.0.load_issue_to_complete_count = 3999
stat.node.4.cpu.0.avg_load_issue_to_complete_lat = 1180.55
stat.node.4.injector.phase_cycles = 4726230
stat.node.4.injector.request_bytes = 1347552
stat.node.4.injector.response_bytes = 1197824
stat.node.4.injector.aggregate_bytes = 2545376
stat.node.4.injector.request_gbps = 5.47434
stat.node.4.injector.response_gbps = 4.86608
stat.node.4.injector.aggregate_gbps = 10.3404
stat.node.4.llc.cxl_miss = 4000
stat.node.4.llc.total_miss = 4000
stat.node.4.llc.avg_miss_lat = 1071.51
stat.node.4.llc.avg_cxl_lat = 1071.51
stat.node.4.llc.miss_lat_hist_bin_ns = 10
stat.node.4.llc.miss_lat_hist = [0,0,0,0,0,0,0,0,0,0,0,0,0,0,0,0,0,0,0,0,0,0,0,0,0,0,0,0,0,0,0,0,0,0,0,0,0,1,18,108,396,653,457,370,286,221,286,340,394,315,115,29,7,2,2]
stat.node.4.util.dram_avg = 3.85255e-06
stat.node.4.walltime_s = 1420.04
stat.node.4.active_time_s = 77.9359
stat.node.6.cpu.0.load_issue_to_complete_count = 3999
stat.node.6.cpu.0.avg_load_issue_to_complete_lat = 1182.92
stat.node.6.injector.phase_cycles = 4735780
stat.node.6.injector.request_bytes = 1350288
stat.node.6.injector.response_bytes = 1200256
stat.node.6.injector.aggregate_bytes = 2550544
stat.node.6.injector.request_gbps = 5.47439
stat.node.6.injector.response_gbps = 4.86613
stat.node.6.injector.aggregate_gbps = 10.3405
stat.node.6.llc.cxl_miss = 4000
stat.node.6.llc.total_miss = 4000
stat.node.6.llc.avg_miss_lat = 1073.82
stat.node.6.llc.avg_cxl_lat = 1073.82
stat.node.6.llc.miss_lat_hist_bin_ns = 10
stat.node.6.llc.miss_lat_hist = [0,0,0,0,0,0,0,0,0,0,0,0,0,0,0,0,0,0,0,0,0,0,0,0,0,0,0,0,0,0,0,0,0,0,0,0,0,2,14,90,459,737,507,368,159,80,141,282,429,497,200,33,2]
stat.node.6.util.dram_avg = 3.84555e-06
stat.node.6.walltime_s = 1421.1
stat.node.6.active_time_s = 90.103
stat.node.1.cpu.0.load_issue_to_complete_count = 3999
stat.node.1.cpu.0.avg_load_issue_to_complete_lat = 1183.32
stat.node.1.injector.phase_cycles = 4737319
stat.node.1.injector.request_bytes = 1350720
stat.node.1.injector.response_bytes = 1200640
stat.node.1.injector.aggregate_bytes = 2551360
stat.node.1.injector.request_gbps = 5.47437
stat.node.1.injector.response_gbps = 4.8661
stat.node.1.injector.aggregate_gbps = 10.3405
stat.node.1.llc.cxl_miss = 4000
stat.node.1.llc.total_miss = 4000
stat.node.1.llc.avg_miss_lat = 1074.21
stat.node.1.llc.avg_cxl_lat = 1074.21
stat.node.1.llc.miss_lat_hist_bin_ns = 10
stat.node.1.llc.miss_lat_hist = [0,0,0,0,0,0,0,0,0,0,0,0,0,0,0,0,0,0,0,0,0,0,0,0,0,0,0,0,0,0,0,0,0,0,0,0,0,3,14,111,529,827,462,307,105,33,49,208,423,626,268,34,1]
stat.node.1.util.dram_avg = 3.84507e-06
stat.node.1.walltime_s = 1421.31
stat.node.1.active_time_s = 87.3912
stat.node.2.cpu.0.load_issue_to_complete_count = 3999
stat.node.2.cpu.0.avg_load_issue_to_complete_lat = 1182.93
stat.node.2.injector.phase_cycles = 4735781
stat.node.2.injector.request_bytes = 1350288
stat.node.2.injector.response_bytes = 1200256
stat.node.2.injector.aggregate_bytes = 2550544
stat.node.2.injector.request_gbps = 5.47439
stat.node.2.injector.response_gbps = 4.86613
stat.node.2.injector.aggregate_gbps = 10.3405
stat.node.2.llc.cxl_miss = 4000
stat.node.2.llc.total_miss = 4000
stat.node.2.llc.avg_miss_lat = 1073.88
stat.node.2.llc.avg_cxl_lat = 1073.88
stat.node.2.llc.miss_lat_hist_bin_ns = 10
stat.node.2.llc.miss_lat_hist = [0,0,0,0,0,0,0,0,0,0,0,0,0,0,0,0,0,0,0,0,0,0,0,0,0,0,0,0,0,0,0,0,0,0,0,1,0,1,12,89,416,630,435,371,265,256,255,357,393,347,128,27,10,7]
stat.node.2.util.dram_avg = 3.84462e-06
stat.node.2.walltime_s = 1421.69
stat.node.2.active_time_s = 90.4642
stat.node.7.cpu.0.load_issue_to_complete_count = 3999
stat.node.7.cpu.0.avg_load_issue_to_complete_lat = 1183.45
stat.node.7.injector.phase_cycles = 4737826
stat.node.7.injector.request_bytes = 1350864
stat.node.7.injector.response_bytes = 1200832
stat.node.7.injector.aggregate_bytes = 2551696
stat.node.7.injector.request_gbps = 5.47436
stat.node.7.injector.response_gbps = 4.86636
stat.node.7.injector.aggregate_gbps = 10.3407
stat.node.7.llc.cxl_miss = 4000
stat.node.7.llc.total_miss = 4000
stat.node.7.llc.avg_miss_lat = 1074.47
stat.node.7.llc.avg_cxl_lat = 1074.47
stat.node.7.llc.miss_lat_hist_bin_ns = 10
stat.node.7.llc.miss_lat_hist = [0,0,0,0,0,0,0,0,0,0,0,0,0,0,0,0,0,0,0,0,0,0,0,0,0,0,0,0,0,0,0,0,0,1,0,0,0,2,12,93,429,682,426,360,230,227,240,271,371,442,167,32,8,5,1,1]
stat.node.7.util.dram_avg = 3.8438e-06
stat.node.7.walltime_s = 1421.83
stat.node.7.active_time_s = 122.144
stat.node.3.cpu.0.load_issue_to_complete_count = 3999
stat.node.3.cpu.0.avg_load_issue_to_complete_lat = 1183.89
stat.node.3.injector.phase_cycles = 4739596
stat.node.3.injector.request_bytes = 1351368
stat.node.3.injector.response_bytes = 1201216
stat.node.3.injector.aggregate_bytes = 2552584
stat.node.3.injector.request_gbps = 5.47436
stat.node.3.injector.response_gbps = 4.8661
stat.node.3.injector.aggregate_gbps = 10.3405
stat.node.3.llc.cxl_miss = 4000
stat.node.3.llc.total_miss = 4000
stat.node.3.llc.avg_miss_lat = 1074.78
stat.node.3.llc.avg_cxl_lat = 1074.78
stat.node.3.llc.miss_lat_hist_bin_ns = 10
stat.node.3.llc.miss_lat_hist = [0,0,0,0,0,0,0,0,0,0,0,0,0,0,0,0,0,0,0,0,0,0,0,0,0,0,0,0,0,0,0,0,0,0,0,0,0,2,10,120,459,751,510,356,129,49,92,253,473,526,226,43,1]
stat.node.3.util.dram_avg = 3.84102e-06
stat.node.3.walltime_s = 1422.8
stat.node.3.active_time_s = 118.76
stat.node.0.cpu.0.load_issue_to_complete_count = 3999
stat.node.0.cpu.0.avg_load_issue_to_complete_lat = 1184.7
stat.node.0.injector.phase_cycles = 4742890
stat.node.0.injector.request_bytes = 1352304
stat.node.0.injector.response_bytes = 1202048
stat.node.0.injector.aggregate_bytes = 2554352
stat.node.0.injector.request_gbps = 5.47435
stat.node.0.injector.response_gbps = 4.86609
stat.node.0.injector.aggregate_gbps = 10.3404
stat.node.0.llc.cxl_miss = 4000
stat.node.0.llc.total_miss = 4000
stat.node.0.llc.avg_miss_lat = 1075.62
stat.node.0.llc.avg_cxl_lat = 1075.62
stat.node.0.llc.miss_lat_hist_bin_ns = 10
stat.node.0.llc.miss_lat_hist = [0,0,0,0,0,0,0,0,0,0,0,0,0,0,0,0,0,0,0,0,0,0,0,0,0,0,0,0,0,0,0,0,0,0,0,0,0,1,22,100,453,642,463,376,214,139,185,280,417,458,191,43,11,5]
stat.node.0.util.dram_avg = 3.83992e-06
stat.node.0.walltime_s = 1423.06
stat.node.0.active_time_s = 99.9646
stat.node.5.cpu.0.load_issue_to_complete_count = 3999
stat.node.5.cpu.0.avg_load_issue_to_complete_lat = 1186.53
stat.node.5.injector.phase_cycles = 4750203
stat.node.5.injector.request_bytes = 1354392
stat.node.5.injector.response_bytes = 1203904
stat.node.5.injector.aggregate_bytes = 2558296
stat.node.5.injector.request_gbps = 5.47436
stat.node.5.injector.response_gbps = 4.8661
stat.node.5.injector.aggregate_gbps = 10.3405
stat.node.5.llc.cxl_miss = 4000
stat.node.5.llc.total_miss = 4000
stat.node.5.llc.avg_miss_lat = 1077.49
stat.node.5.llc.avg_cxl_lat = 1077.49
stat.node.5.llc.miss_lat_hist_bin_ns = 10
stat.node.5.llc.miss_lat_hist = [0,0,0,0,0,0,0,0,0,0,0,0,0,0,0,0,0,0,0,0,0,0,0,0,0,0,0,0,0,0,0,0,0,0,0,0,1,3,12,95,453,599,414,389,261,186,210,288,401,403,208,55,16,5,1]
stat.node.5.util.dram_avg = 3.83763e-06
stat.node.5.walltime_s = 1423.9
stat.node.5.active_time_s = 119.386
stat.pool.100.util.mem_avg = 0.280364
stat.pool.100.util.req_link_avg = 0.911958
stat.pool.100.walltime_s = 1423.9
stat.pool.100.active_time_s = 4.85191
stat.switch.replicated_messages = 0
stat.switch.util.node_ingress_avg = 0.114005
stat.switch.util.pool_ingress_avg = 0.960357
stat.switch.bw.host_to_switch_gbps = 5.60364
stat.switch.bw.switch_to_host_gbps = 5.90044
stat.switch.bw.host_link_total_gbps = 11.5041
stat.switch.walltime_s = 1423.9
stat.switch.active_time_s = 14.2849
Simulation is complete, simulated time: 2.60786 ms
