stat.node.4.cpu.0.load_issue_to_complete_count = 299
stat.node.4.cpu.0.avg_load_issue_to_complete_lat = 1208.17
stat.node.4.injector.phase_cycles = 362592
stat.node.4.injector.request_bytes = 46920
stat.node.4.injector.response_bytes = 198720
stat.node.4.injector.aggregate_bytes = 245640
stat.node.4.injector.request_gbps = 2.48451
stat.node.4.injector.response_gbps = 10.5226
stat.node.4.injector.aggregate_gbps = 13.0071
stat.node.4.llc.cxl_miss = 300
stat.node.4.llc.total_miss = 300
stat.node.4.llc.avg_miss_lat = 843.947
stat.node.4.llc.avg_cxl_lat = 843.947
stat.node.4.llc.miss_lat_hist_bin_ns = 10
stat.node.4.llc.miss_lat_hist = [0,0,0,0,0,0,0,0,0,0,0,0,0,0,0,0,0,0,0,0,0,0,0,0,0,0,0,0,0,0,0,0,3,230,0,0,0,0,0,0,0,54,13]
stat.node.4.util.dram_avg = 2.75414e-05
stat.node.4.walltime_s = 66.5177
stat.node.4.active_time_s = 10.6835
stat.node.5.cpu.0.load_issue_to_complete_count = 299
stat.node.5.cpu.0.avg_load_issue_to_complete_lat = 1208.17
stat.node.5.injector.phase_cycles = 362592
stat.node.5.injector.request_bytes = 46920
stat.node.5.injector.response_bytes = 198720
stat.node.5.injector.aggregate_bytes = 245640
stat.node.5.injector.request_gbps = 2.48451
stat.node.5.injector.response_gbps = 10.5226
stat.node.5.injector.aggregate_gbps = 13.0071
stat.node.5.llc.cxl_miss = 300
stat.node.5.llc.total_miss = 300
stat.node.5.llc.avg_miss_lat = 843.947
stat.node.5.llc.avg_cxl_lat = 843.947
stat.node.5.llc.miss_lat_hist_bin_ns = 10
stat.node.5.llc.miss_lat_hist = [0,0,0,0,0,0,0,0,0,0,0,0,0,0,0,0,0,0,0,0,0,0,0,0,0,0,0,0,0,0,0,0,3,230,0,0,0,0,0,0,0,54,13]
stat.node.5.util.dram_avg = 2.75414e-05
stat.node.5.walltime_s = 66.5178
stat.node.5.active_time_s = 16.9323
stat.node.6.cpu.0.load_issue_to_complete_count = 299
stat.node.6.cpu.0.avg_load_issue_to_complete_lat = 1208.17
stat.node.6.injector.phase_cycles = 362592
stat.node.6.injector.request_bytes = 46920
stat.node.6.injector.response_bytes = 198720
stat.node.6.injector.aggregate_bytes = 245640
stat.node.6.injector.request_gbps = 2.48451
stat.node.6.injector.response_gbps = 10.5226
stat.node.6.injector.aggregate_gbps = 13.0071
stat.node.6.llc.cxl_miss = 300
stat.node.7.cpu.0.load_issue_to_complete_count = 299
stat.node.6.llc.total_miss = 300
stat.node.6.llc.avg_miss_lat = 843.947
stat.node.6.llc.avg_cxl_lat = 843.947
stat.node.6.llc.miss_lat_hist_bin_ns = 10
stat.node.6.llc.miss_lat_hist = [0,0,0,0,0,0,0,0,0,0,0,0,0,0,0,0,0,0,0,0,0,0,0,0,0,0,0,0,0,0,0,0,3,230,0,0,0,0,0,0,0,54,13]
stat.node.6.util.dram_avg = 2.75406e-05
stat.node.6.walltime_s = 66.5185
stat.node.6.active_time_s = 10.6135
stat.node.7.cpu.0.avg_load_issue_to_complete_lat = 1208.17
stat.node.7.injector.phase_cycles = 362592
stat.node.7.injector.request_bytes = 46920
stat.node.7.injector.response_bytes = 198720
stat.node.7.injector.aggregate_bytes = 245640
stat.node.7.injector.request_gbps = 2.48451
stat.node.7.injector.response_gbps = 10.5226
stat.node.7.injector.aggregate_gbps = 13.0071
stat.node.7.llc.cxl_miss = 300
stat.node.7.llc.total_miss = 300
stat.node.7.llc.avg_miss_lat = 843.947
stat.node.7.llc.avg_cxl_lat = 843.947
stat.node.7.llc.miss_lat_hist_bin_ns = 10
stat.node.7.llc.miss_lat_hist = [0,0,0,0,0,0,0,0,0,0,0,0,0,0,0,0,0,0,0,0,0,0,0,0,0,0,0,0,0,0,0,0,3,230,0,0,0,0,0,0,0,54,13]
stat.node.7.util.dram_avg = 2.75406e-05
stat.node.7.walltime_s = 66.5186
stat.node.7.active_time_s = 15.0215
stat.node.0.cpu.0.load_issue_to_complete_count = 299
stat.node.0.cpu.0.avg_load_issue_to_complete_lat = 1208.17
stat.node.0.injector.phase_cycles = 362592
stat.node.0.injector.request_bytes = 46920
stat.node.0.injector.response_bytes = 198720
stat.node.0.injector.aggregate_bytes = 245640
stat.node.0.injector.request_gbps = 2.48451
stat.node.0.injector.response_gbps = 10.5226
stat.node.0.injector.aggregate_gbps = 13.0071
stat.node.0.llc.cxl_miss = 300
stat.node.0.llc.total_miss = 300
stat.node.0.llc.avg_miss_lat = 843.947
stat.node.0.llc.avg_cxl_lat = 843.947
stat.node.0.llc.miss_lat_hist_bin_ns = 10
stat.node.0.llc.miss_lat_hist = [0,0,0,0,0,0,0,0,0,0,0,0,0,0,0,0,0,0,0,0,0,0,0,0,0,0,0,0,0,0,0,0,3,230,0,0,0,0,0,0,0,54,13]
stat.node.0.util.dram_avg = 2.75398e-05
stat.node.0.walltime_s = 66.5193
stat.node.1.cpu.0.load_issue_to_complete_count = 299
stat.node.1.cpu.0.avg_load_issue_to_complete_lat = 1208.17
stat.node.0.active_time_s = 10.5286
stat.node.1.injector.phase_cycles = 362592
stat.node.1.injector.request_bytes = 46920
stat.node.1.injector.response_bytes = 198720
stat.node.1.injector.aggregate_bytes = 245640
stat.node.1.injector.request_gbps = 2.48451
stat.node.1.injector.response_gbps = 10.5226
stat.node.1.injector.aggregate_gbps = 13.0071
stat.node.1.llc.cxl_miss = 300
stat.node.1.llc.total_miss = 300
stat.node.1.llc.avg_miss_lat = 843.947
stat.node.1.llc.avg_cxl_lat = 843.947
stat.node.1.llc.miss_lat_hist_bin_ns = 10
stat.node.1.llc.miss_lat_hist = [0,0,0,0,0,0,0,0,0,0,0,0,0,0,0,0,0,0,0,0,0,0,0,0,0,0,0,0,0,0,0,0,3,230,0,0,0,0,0,0,0,54,13]
stat.node.1.util.dram_avg = 2.75398e-05
stat.node.1.walltime_s = 66.5195
stat.node.1.active_time_s = 15.5971
stat.node.3.cpu.0.load_issue_to_complete_count = 299
stat.node.3.cpu.0.avg_load_issue_to_complete_lat = 1208.17
stat.node.3.injector.phase_cycles = 362592
stat.node.3.injector.request_bytes = 46920
stat.node.2.cpu.0.load_issue_to_complete_count = 299
stat.node.2.cpu.0.avg_load_issue_to_complete_lat = 1208.17
stat.node.3.injector.response_bytes = 198720
stat.node.3.injector.aggregate_bytes = 245640
stat.node.3.injector.request_gbps = 2.48451
stat.node.2.injector.phase_cycles = 362592
stat.node.2.injector.request_bytes = 46920
stat.node.2.injector.response_bytes = 198720
stat.node.2.injector.aggregate_bytes = 245640
stat.node.2.injector.request_gbps = 2.48451
stat.node.2.injector.response_gbps = 10.5226
stat.node.2.injector.aggregate_gbps = 13.0071
stat.node.2.llc.cxl_miss = 300
stat.node.3.injector.response_gbps = 10.5226
stat.node.2.llc.total_miss = 300
stat.node.2.llc.avg_miss_lat = 843.947
stat.node.2.llc.avg_cxl_lat = 843.947
stat.node.2.llc.miss_lat_hist_bin_ns = 10
stat.node.3.injector.aggregate_gbps = 13.0071
stat.node.3.llc.cxl_miss = 300
stat.node.2.llc.miss_lat_hist = [0,0,0,0,0,0,0,0,0,0,0,0,0,0,0,0,0,0,0,0,0,0,0,0,0,0,0,0,0,0,0,0,3,230,0,0,0,0,0,0,0,54,13]
stat.node.2.util.dram_avg = 2.7539e-05
stat.node.2.walltime_s = 66.5202
stat.node.3.llc.total_miss = 300
stat.node.3.llc.avg_miss_lat = 843.947
stat.node.3.llc.avg_cxl_lat = 843.947
stat.node.2.active_time_s = 10.91
stat.node.3.llc.miss_lat_hist_bin_ns = 10
stat.node.3.llc.miss_lat_hist = [0,0,0,0,0,0,0,0,0,0,0,0,0,0,0,0,0,0,0,0,0,0,0,0,0,0,0,0,0,0,0,0,3,230,0,0,0,0,0,0,0,54,13]
stat.node.3.util.dram_avg = 2.7539e-05
stat.node.3.walltime_s = 66.5202
stat.node.3.active_time_s = 12.3409
stat.pool.101.util.mem_avg = 0.182518
stat.pool.101.util.req_link_avg = 0.309105
stat.pool.101.walltime_s = 66.5203
stat.pool.101.active_time_s = 0.62275
stat.pool.100.util.mem_avg = 0.182518
stat.pool.100.util.req_link_avg = 0.309106
stat.pool.100.walltime_s = 66.5204
stat.pool.100.active_time_s = 0.671702
stat.switch.replicated_messages = 13264
stat.switch.util.node_ingress_avg = 0.0534995
stat.switch.util.pool_ingress_avg = 0.950093
stat.switch.bw.host_to_switch_gbps = 2.62964
stat.switch.bw.switch_to_host_gbps = 11.6748
stat.switch.bw.host_link_total_gbps = 14.3044
stat.switch.walltime_s = 66.5204
stat.switch.active_time_s = 1.87184
Simulation is complete, simulated time: 363.411 us
