stat.node.4.cpu.0.load_issue_to_complete_count = 299
stat.node.5.cpu.0.load_issue_to_complete_count = 299
stat.node.5.cpu.0.avg_load_issue_to_complete_lat = 1047.13
stat.node.5.injector.phase_cycles = 314341
stat.node.5.injector.request_bytes = 62232
stat.node.5.injector.response_bytes = 25280
stat.node.5.injector.aggregate_bytes = 87512
stat.node.5.injector.request_gbps = 3.80114
stat.node.5.injector.response_gbps = 1.54411
stat.node.5.injector.aggregate_gbps = 5.34525
stat.node.5.llc.cxl_miss = 300
stat.node.5.llc.total_miss = 300
stat.node.5.llc.avg_miss_lat = 737.097
stat.node.5.llc.avg_cxl_lat = 737.097
stat.node.5.llc.miss_lat_hist_bin_ns = 10
stat.node.5.llc.miss_lat_hist = [0,0,0,0,0,0,0,0,0,0,0,0,0,0,0,0,0,0,0,0,0,0,0,0,0,0,50,10,37,29,8,88,27,0,5,43,3]
stat.node.5.util.dram_avg = 3.22672e-05
stat.node.5.walltime_s = 493.324
stat.node.5.active_time_s = 17.331
stat.node.4.cpu.0.avg_load_issue_to_complete_lat = 1047.13
stat.node.4.injector.phase_cycles = 314341
stat.node.4.injector.request_bytes = 62232
stat.node.4.injector.response_bytes = 25280
stat.node.4.injector.aggregate_bytes = 87512
stat.node.4.injector.request_gbps = 3.80114
stat.node.4.injector.response_gbps = 1.54411
stat.node.4.injector.aggregate_gbps = 5.34525
stat.node.4.llc.cxl_miss = 300
stat.node.4.llc.total_miss = 300
stat.node.4.llc.avg_miss_lat = 736.887
stat.node.4.llc.avg_cxl_lat = 736.887
stat.node.4.llc.miss_lat_hist_bin_ns = 10
stat.node.4.llc.miss_lat_hist = [0,0,0,0,0,0,0,0,0,0,0,0,0,0,0,0,0,0,0,0,0,0,0,0,0,0,50,10,48,23,1,88,29,0,0,45,6]
stat.node.4.util.dram_avg = 3.22672e-05
stat.node.4.walltime_s = 493.328
stat.node.4.active_time_s = 14.1802
stat.node.7.cpu.0.load_issue_to_complete_count = 299
stat.node.7.cpu.0.avg_load_issue_to_complete_lat = 1047.13
stat.node.7.injector.phase_cycles = 314362
stat.node.7.injector.request_bytes = 62232
stat.node.7.injector.response_bytes = 25280
stat.node.7.injector.aggregate_bytes = 87512
stat.node.7.injector.request_gbps = 3.80089
stat.node.7.injector.response_gbps = 1.544
stat.node.7.injector.aggregate_gbps = 5.34489
stat.node.7.llc.cxl_miss = 300
stat.node.7.llc.total_miss = 300
stat.node.7.llc.avg_miss_lat = 736.817
stat.node.7.llc.avg_cxl_lat = 736.817
stat.node.7.llc.miss_lat_hist_bin_ns = 10
stat.node.7.llc.miss_lat_hist = [0,0,0,0,0,0,0,0,0,0,0,0,0,0,0,0,0,0,0,0,0,0,0,0,0,0,50,10,15,46,11,95,22,0,33,17,1]
stat.node.7.util.dram_avg = 3.22661e-05
stat.node.7.walltime_s = 493.852
stat.node.7.active_time_s = 18.2975
stat.node.1.cpu.0.load_issue_to_complete_count = 299
stat.node.1.cpu.0.avg_load_issue_to_complete_lat = 1048.39
stat.node.1.injector.phase_cycles = 314718
stat.node.1.injector.request_bytes = 62304
stat.node.1.injector.response_bytes = 25344
stat.node.1.injector.aggregate_bytes = 87648
stat.node.1.injector.request_gbps = 3.80098
stat.node.1.injector.response_gbps = 1.54616
stat.node.1.injector.aggregate_gbps = 5.34714
stat.node.1.llc.cxl_miss = 300
stat.node.1.llc.total_miss = 300
stat.node.1.llc.avg_miss_lat = 737.697
stat.node.1.llc.avg_cxl_lat = 737.697
stat.node.1.llc.miss_lat_hist_bin_ns = 10
stat.node.1.llc.miss_lat_hist = [0,0,0,0,0,0,0,0,0,0,0,0,0,0,0,0,0,0,0,0,0,0,0,0,0,0,44,10,43,30,9,88,24,0,13,35,4]
stat.node.1.util.dram_avg = 3.22498e-05
stat.node.1.walltime_s = 493.848
stat.node.1.active_time_s = 16.4081
stat.node.6.cpu.0.load_issue_to_complete_count = 299
stat.node.6.cpu.0.avg_load_issue_to_complete_lat = 1047.46
stat.node.6.injector.phase_cycles = 314500
stat.node.6.injector.request_bytes = 62240
stat.node.6.injector.response_bytes = 25344
stat.node.6.injector.aggregate_bytes = 87584
stat.node.6.injector.request_gbps = 3.79971
stat.node.6.injector.response_gbps = 1.54723
stat.node.6.injector.aggregate_gbps = 5.34694
stat.node.6.llc.cxl_miss = 300
stat.node.6.llc.total_miss = 300
stat.node.6.llc.avg_miss_lat = 737.703
stat.node.6.llc.avg_cxl_lat = 737.703
stat.node.6.llc.miss_lat_hist_bin_ns = 10
stat.node.6.llc.miss_lat_hist = [0,0,0,0,0,0,0,0,0,0,0,0,0,0,0,0,0,0,0,0,0,0,0,0,0,0,45,13,34,34,11,76,34,0,22,29,2]
stat.node.6.util.dram_avg = 3.22489e-05
stat.node.6.walltime_s = 493.86
stat.node.6.active_time_s = 9.37286
stat.node.0.cpu.0.load_issue_to_complete_count = 299
stat.node.0.cpu.0.avg_load_issue_to_complete_lat = 1048.39
stat.node.0.injector.phase_cycles = 314739
stat.node.0.injector.request_bytes = 62304
stat.node.0.injector.response_bytes = 25344
stat.node.0.injector.aggregate_bytes = 87648
stat.node.0.injector.request_gbps = 3.80073
stat.node.0.injector.response_gbps = 1.54606
stat.node.0.injector.aggregate_gbps = 5.34678
stat.node.0.llc.cxl_miss = 300
stat.node.0.llc.total_miss = 300
stat.node.0.llc.avg_miss_lat = 737.643
stat.node.0.llc.avg_cxl_lat = 737.643
stat.node.0.llc.miss_lat_hist_bin_ns = 10
stat.node.0.llc.miss_lat_hist = [0,0,0,0,0,0,0,0,0,0,0,0,0,0,0,0,0,0,0,0,0,0,0,0,0,0,48,11,16,43,16,82,30,1,42,10,1]
stat.node.0.util.dram_avg = 3.22487e-05
stat.node.0.walltime_s = 493.884
stat.node.0.active_time_s = 11.8149
stat.node.2.cpu.0.load_issue_to_complete_count = 299
stat.node.2.cpu.0.avg_load_issue_to_complete_lat = 1047.55
stat.node.2.injector.phase_cycles = 314525
stat.node.2.injector.request_bytes = 62240
stat.node.2.injector.response_bytes = 25344
stat.node.2.injector.aggregate_bytes = 87584
stat.node.2.injector.request_gbps = 3.79941
stat.node.2.injector.response_gbps = 1.54711
stat.node.2.injector.aggregate_gbps = 5.34652
stat.node.2.llc.cxl_miss = 300
stat.node.2.llc.total_miss = 300
stat.node.2.llc.avg_miss_lat = 737.913
stat.node.2.llc.avg_cxl_lat = 737.913
stat.node.2.llc.miss_lat_hist_bin_ns = 10
stat.node.2.llc.miss_lat_hist = [0,0,0,0,0,0,0,0,0,0,0,0,0,0,0,0,0,0,0,0,0,0,0,0,0,0,48,10,37,31,7,78,36,0,20,30,3]
stat.node.2.util.dram_avg = 3.22478e-05
stat.node.2.walltime_s = 493.885
stat.node.2.active_time_s = 11.725
stat.node.3.cpu.0.load_issue_to_complete_count = 299
stat.node.3.cpu.0.avg_load_issue_to_complete_lat = 1047.47
stat.node.3.injector.phase_cycles = 314504
stat.node.3.injector.request_bytes = 62240
stat.node.3.injector.response_bytes = 25344
stat.node.3.injector.aggregate_bytes = 87584
stat.node.3.injector.request_gbps = 3.79966
stat.node.3.injector.response_gbps = 1.54721
stat.node.3.injector.aggregate_gbps = 5.34687
stat.node.3.llc.cxl_miss = 300
stat.node.3.llc.total_miss = 300
stat.node.3.llc.avg_miss_lat = 737.66
stat.node.3.llc.avg_cxl_lat = 737.66
stat.node.3.llc.miss_lat_hist_bin_ns = 10
stat.node.3.llc.miss_lat_hist = [0,0,0,0,0,0,0,0,0,0,0,0,0,0,0,0,0,0,0,0,0,0,0,0,0,0,46,11,25,49,4,77,35,0,29,23,1]
stat.node.3.util.dram_avg = 3.22476e-05
stat.node.3.walltime_s = 493.882
stat.node.3.active_time_s = 17.7592
stat.pool.101.util.mem_avg = 0.131736
stat.pool.101.util.req_link_avg = 0.616285
stat.pool.101.walltime_s = 493.886
stat.pool.101.active_time_s = 0.565355
stat.pool.100.util.mem_avg = 0.131736
stat.pool.100.util.req_link_avg = 0.616285
stat.pool.100.walltime_s = 493.886
stat.pool.100.active_time_s = 0.577678
stat.switch.replicated_messages = 34944
stat.switch.util.node_ingress_avg = 0.0807666
stat.switch.util.pool_ingress_avg = 0.236751
stat.switch.bw.host_to_switch_gbps = 3.96988
stat.switch.bw.switch_to_host_gbps = 2.90919
stat.switch.bw.host_link_total_gbps = 6.87907
stat.switch.walltime_s = 493.886
stat.switch.active_time_s = 2.4641
Simulation is complete, simulated time: 310.348 us
