stat.node.1.cpu.0.retired = 795
stat.node.1.cpu.0.cycles = 1000000
stat.node.2.cpu.0.retired = 791
stat.node.2.cpu.0.cycles = 1000000
stat.node.3.cpu.0.retired = 791
stat.node.3.cpu.0.cycles = 1000000
stat.node.4.cpu.0.retired = 797
stat.node.4.cpu.0.cycles = 1000000
stat.node.5.cpu.0.retired = 797
stat.node.5.cpu.0.cycles = 1000000
stat.node.6.cpu.0.retired = 796
stat.node.7.cpu.0.retired = 796
stat.node.7.cpu.0.cycles = 1000000
stat.node.0.cpu.0.retired = 795
stat.node.0.cpu.0.cycles = 1000000
stat.node.6.cpu.0.cycles = 1000000
stat.node.5.cpu.0.load_issue_to_complete_count = 499
stat.node.5.cpu.0.avg_load_issue_to_complete_lat = 1000.54
stat.node.5.injector.phase_cycles = 501654
stat.node.5.injector.request_bytes = 151448
stat.node.5.injector.response_bytes = 16576
stat.node.5.injector.aggregate_bytes = 168024
stat.node.5.injector.request_gbps = 5.79643
stat.node.5.injector.response_gbps = 0.63442
stat.node.5.injector.aggregate_gbps = 6.43085
stat.node.5.llc.cxl_miss = 500
stat.node.5.llc.total_miss = 500
stat.node.5.llc.avg_miss_lat = 765.55
stat.node.5.llc.avg_cxl_lat = 765.55
stat.node.5.llc.miss_lat_hist_bin_ns = 10
stat.node.5.llc.miss_lat_hist = [0,0,0,0,0,0,0,0,0,0,0,0,0,0,0,0,0,0,0,0,0,0,0,0,0,0,31,34,21,21,18,38,167,120,20,6,14,9,1]
stat.node.5.util.dram_avg = 2.00819e-05
stat.node.5.walltime_s = 998.018
stat.node.5.active_time_s = 22.5518
stat.node.6.cpu.0.load_issue_to_complete_count = 499
stat.node.6.cpu.0.avg_load_issue_to_complete_lat = 1003.41
stat.node.6.injector.phase_cycles = 503089
stat.node.6.injector.request_bytes = 151904
stat.node.6.injector.response_bytes = 16640
stat.node.6.injector.aggregate_bytes = 168544
stat.node.6.injector.request_gbps = 5.7973
stat.node.6.injector.response_gbps = 0.635053
stat.node.6.injector.aggregate_gbps = 6.43235
stat.node.6.llc.cxl_miss = 500
stat.node.6.llc.total_miss = 500
stat.node.6.llc.avg_miss_lat = 768.7
stat.node.6.llc.avg_cxl_lat = 768.7
stat.node.6.llc.miss_lat_hist_bin_ns = 10
stat.node.6.llc.miss_lat_hist = [0,0,0,0,0,0,0,0,0,0,0,0,0,0,0,0,0,0,0,0,0,0,0,0,0,0,3,6,17,37,130,43,89,116,29,5,14,8,2,1]
stat.node.6.util.dram_avg = 2.00574e-05
stat.node.6.walltime_s = 998.478
stat.node.6.active_time_s = 20.3402
stat.node.4.cpu.0.load_issue_to_complete_count = 499
stat.node.4.cpu.0.avg_load_issue_to_complete_lat = 1006.01
stat.node.4.injector.phase_cycles = 504299
stat.node.4.injector.request_bytes = 152296
stat.node.4.injector.response_bytes = 16640
stat.node.4.injector.aggregate_bytes = 168936
stat.node.4.injector.request_gbps = 5.79831
stat.node.4.injector.response_gbps = 0.633529
stat.node.4.injector.aggregate_gbps = 6.43184
stat.node.4.llc.cxl_miss = 500
stat.node.4.llc.total_miss = 500
stat.node.4.llc.avg_miss_lat = 771.068
stat.node.4.llc.avg_cxl_lat = 771.068
stat.node.4.llc.miss_lat_hist_bin_ns = 10
stat.node.4.llc.miss_lat_hist = [0,0,0,0,0,0,0,0,0,0,0,0,0,0,0,0,0,0,0,0,0,0,0,0,0,0,47,26,19,15,29,41,56,171,38,18,29,8,1,2]
stat.node.4.util.dram_avg = 2.00384e-05
stat.node.4.walltime_s = 998.606
stat.node.4.active_time_s = 21.5852
stat.node.7.cpu.0.load_issue_to_complete_count = 499
stat.node.7.cpu.0.avg_load_issue_to_complete_lat = 1005.69
stat.node.7.injector.phase_cycles = 504224
stat.node.7.injector.request_bytes = 152232
stat.node.7.injector.response_bytes = 16640
stat.node.7.injector.aggregate_bytes = 168872
stat.node.7.injector.request_gbps = 5.79674
stat.node.7.injector.response_gbps = 0.633623
stat.node.7.injector.aggregate_gbps = 6.43036
stat.node.7.llc.cxl_miss = 500
stat.node.7.llc.total_miss = 500
stat.node.7.llc.avg_miss_lat = 772.042
stat.node.7.llc.avg_cxl_lat = 772.042
stat.node.7.llc.miss_lat_hist_bin_ns = 10
stat.node.7.llc.miss_lat_hist = [0,0,0,0,0,0,0,0,0,0,0,0,0,0,0,0,0,0,0,0,0,0,0,0,0,0,39,21,20,13,32,25,81,205,30,13,12,5,3,1]
stat.node.7.util.dram_avg = 2.0038e-05
stat.node.7.walltime_s = 998.591
stat.node.7.active_time_s = 27.124
stat.node.0.cpu.0.load_issue_to_complete_count = 499
stat.node.0.cpu.0.avg_load_issue_to_complete_lat = 1006.2
stat.node.0.injector.phase_cycles = 504482
stat.node.0.injector.request_bytes = 152360
stat.node.0.injector.response_bytes = 16704
stat.node.0.injector.aggregate_bytes = 169064
stat.node.0.injector.request_gbps = 5.79864
stat.node.0.injector.response_gbps = 0.635735
stat.node.0.injector.aggregate_gbps = 6.43438
stat.node.0.llc.cxl_miss = 500
stat.node.0.llc.total_miss = 500
stat.node.0.llc.avg_miss_lat = 771.43
stat.node.0.llc.avg_cxl_lat = 771.43
stat.node.0.llc.miss_lat_hist_bin_ns = 10
stat.node.0.llc.miss_lat_hist = [0,0,0,0,0,0,0,0,0,0,0,0,0,0,0,0,0,0,0,0,0,0,0,0,0,0,1,18,28,33,36,120,72,134,22,10,9,12,4,0,1]
stat.node.0.util.dram_avg = 2.00328e-05
stat.node.0.walltime_s = 998.957
stat.node.0.active_time_s = 22.6036
stat.node.1.cpu.0.load_issue_to_complete_count = 499
stat.node.1.cpu.0.avg_load_issue_to_complete_lat = 1006.61
stat.node.1.injector.phase_cycles = 504686
stat.node.1.injector.request_bytes = 152424
stat.node.1.injector.response_bytes = 16704
stat.node.1.injector.aggregate_bytes = 169128
stat.node.1.injector.request_gbps = 5.79874
stat.node.1.injector.response_gbps = 0.635478
stat.node.1.injector.aggregate_gbps = 6.43421
stat.node.1.llc.cxl_miss = 500
stat.node.1.llc.total_miss = 500
stat.node.1.llc.avg_miss_lat = 771.836
stat.node.1.llc.avg_cxl_lat = 771.836
stat.node.1.llc.miss_lat_hist_bin_ns = 10
stat.node.1.llc.miss_lat_hist = [0,0,0,0,0,0,0,0,0,0,0,0,0,0,0,0,0,0,0,0,0,0,0,0,0,0,2,8,71,18,36,38,110,150,42,5,8,9,1,2]
stat.node.1.util.dram_avg = 2.00298e-05
stat.node.1.walltime_s = 998.976
stat.node.1.active_time_s = 26.4764
stat.node.3.cpu.0.load_issue_to_complete_count = 499
stat.node.3.cpu.0.avg_load_issue_to_complete_lat = 1008.08
stat.node.3.injector.phase_cycles = 505360
stat.node.3.injector.request_bytes = 152616
stat.node.3.injector.response_bytes = 16704
stat.node.3.injector.aggregate_bytes = 169320
stat.node.3.injector.request_gbps = 5.7983
stat.node.3.injector.response_gbps = 0.63463
stat.node.3.injector.aggregate_gbps = 6.43293
stat.node.3.llc.cxl_miss = 500
stat.node.3.llc.total_miss = 500
stat.node.3.llc.avg_miss_lat = 772.96
stat.node.3.llc.avg_cxl_lat = 772.96
stat.node.3.llc.miss_lat_hist_bin_ns = 10
stat.node.3.llc.miss_lat_hist = [0,0,0,0,0,0,0,0,0,0,0,0,0,0,0,0,0,0,0,0,0,0,0,0,0,0,0,1,9,104,39,45,91,138,41,12,9,6,3,2]
stat.node.3.util.dram_avg = 1.99558e-05
stat.node.3.walltime_s = 999.62
stat.node.3.active_time_s = 27.1978
stat.node.2.cpu.0.load_issue_to_complete_count = 499
stat.node.2.cpu.0.avg_load_issue_to_complete_lat = 1011.35
stat.node.2.injector.phase_cycles = 507047
stat.node.2.injector.request_bytes = 153072
stat.node.2.injector.response_bytes = 16768
stat.node.2.injector.aggregate_bytes = 169840
stat.node.2.injector.request_gbps = 5.79627
stat.node.2.injector.response_gbps = 0.634942
stat.node.2.injector.aggregate_gbps = 6.43121
stat.node.2.llc.cxl_miss = 500
stat.node.2.llc.total_miss = 500
stat.node.2.llc.avg_miss_lat = 774.876
stat.node.2.llc.avg_cxl_lat = 774.876
stat.node.2.llc.miss_lat_hist_bin_ns = 10
stat.node.2.llc.miss_lat_hist = [0,0,0,0,0,0,0,0,0,0,0,0,0,0,0,0,0,0,0,0,0,0,0,0,0,0,46,13,20,19,23,35,53,170,80,16,15,8,2]
stat.node.2.util.dram_avg = 1.99308e-05
stat.node.2.walltime_s = 999.875
stat.node.2.active_time_s = 18.0585
stat.pool.100.util.mem_avg = 0.198633
stat.pool.100.util.req_link_avg = 0.96929
stat.pool.100.walltime_s = 999.859
stat.pool.100.active_time_s = 0.800062
stat.switch.replicated_messages = 0
stat.switch.util.node_ingress_avg = 0.121183
stat.switch.util.pool_ingress_avg = 0.311169
stat.switch.bw.host_to_switch_gbps = 5.95692
stat.switch.bw.switch_to_host_gbps = 1.91182
stat.switch.bw.host_link_total_gbps = 7.86874
stat.switch.walltime_s = 999.872
stat.switch.active_time_s = 2.92095
Simulation is complete, simulated time: 502.138 us
