stat.node.4.cpu.0.load_issue_to_complete_count = 299
stat.node.4.cpu.0.avg_load_issue_to_complete_lat = 1196.03
stat.node.4.injector.phase_cycles = 358953
stat.node.4.injector.request_bytes = 46920
stat.node.4.injector.response_bytes = 198720
stat.node.4.injector.aggregate_bytes = 245640
stat.node.4.injector.request_gbps = 2.5097
stat.node.4.injector.response_gbps = 10.6293
stat.node.4.injector.aggregate_gbps = 13.139
stat.node.4.llc.cxl_miss = 300
stat.node.4.llc.total_miss = 300
stat.node.4.llc.avg_miss_lat = 833.397
stat.node.4.llc.avg_cxl_lat = 833.397
stat.node.4.llc.miss_lat_hist_bin_ns = 10
stat.node.4.llc.miss_lat_hist = [0,0,0,0,0,0,0,0,0,0,0,0,0,0,0,0,0,0,0,0,0,0,0,0,0,0,0,0,0,0,0,0,188,45,0,0,0,0,0,0,0,67]
stat.node.4.util.dram_avg = 2.78201e-05
stat.node.4.walltime_s = 184.42
stat.node.4.active_time_s = 10.643
stat.node.5.cpu.0.load_issue_to_complete_count = 299
stat.node.5.cpu.0.avg_load_issue_to_complete_lat = 1196.03
stat.node.5.injector.phase_cycles = 358953
stat.node.5.injector.request_bytes = 46920
stat.node.5.injector.response_bytes = 198720
stat.node.5.injector.aggregate_bytes = 245640
stat.node.5.injector.request_gbps = 2.5097
stat.node.5.injector.response_gbps = 10.6293
stat.node.5.injector.aggregate_gbps = 13.139
stat.node.5.llc.cxl_miss = 300
stat.node.5.llc.total_miss = 300
stat.node.5.llc.avg_miss_lat = 833.397
stat.node.5.llc.avg_cxl_lat = 833.397
stat.node.5.llc.miss_lat_hist_bin_ns = 10
stat.node.5.llc.miss_lat_hist = [0,0,0,0,0,0,0,0,0,0,0,0,0,0,0,0,0,0,0,0,0,0,0,0,0,0,0,0,0,0,0,0,188,45,0,0,0,0,0,0,0,67]
stat.node.5.util.dram_avg = 2.78201e-05
stat.node.5.walltime_s = 184.42
stat.node.5.active_time_s = 20.6486
stat.node.6.cpu.0.load_issue_to_complete_count = 299
stat.node.6.cpu.0.avg_load_issue_to_complete_lat = 1196.03
stat.node.7.cpu.0.load_issue_to_complete_count = 299
stat.node.6.injector.phase_cycles = 358953
stat.node.6.injector.request_bytes = 46920
stat.node.6.injector.response_bytes = 198720
stat.node.6.injector.aggregate_bytes = 245640
stat.node.6.injector.request_gbps = 2.5097
stat.node.6.injector.response_gbps = 10.6293
stat.node.6.injector.aggregate_gbps = 13.139
stat.node.6.llc.cxl_miss = 300
stat.node.6.llc.total_miss = 300
stat.node.6.llc.avg_miss_lat = 833.397
stat.node.6.llc.avg_cxl_lat = 833.397
stat.node.6.llc.miss_lat_hist_bin_ns = 10
stat.node.7.cpu.0.avg_load_issue_to_complete_lat = 1196.03
stat.node.6.llc.miss_lat_hist = [0,0,0,0,0,0,0,0,0,0,0,0,0,0,0,0,0,0,0,0,0,0,0,0,0,0,0,0,0,0,0,0,188,45,0,0,0,0,0,0,0,67]
stat.node.6.util.dram_avg = 2.78192e-05
stat.node.6.walltime_s = 184.405
stat.node.6.active_time_s = 12.5764
stat.node.7.injector.phase_cycles = 358953
stat.node.7.injector.request_bytes = 46920
stat.node.7.injector.response_bytes = 198720
stat.node.7.injector.aggregate_bytes = 245640
stat.node.7.injector.request_gbps = 2.5097
stat.node.7.injector.response_gbps = 10.6293
stat.node.7.injector.aggregate_gbps = 13.139
stat.node.7.llc.cxl_miss = 300
stat.node.7.llc.total_miss = 300
stat.node.7.llc.avg_miss_lat = 833.41
stat.node.7.llc.avg_cxl_lat = 833.41
stat.node.7.llc.miss_lat_hist_bin_ns = 10
stat.node.7.llc.miss_lat_hist = [0,0,0,0,0,0,0,0,0,0,0,0,0,0,0,0,0,0,0,0,0,0,0,0,0,0,0,0,0,0,0,0,188,45,0,0,0,0,0,0,0,67]
stat.node.7.util.dram_avg = 2.78192e-05
stat.node.7.walltime_s = 184.405
stat.node.7.active_time_s = 20.6681
stat.node.0.cpu.0.load_issue_to_complete_count = 299
stat.node.0.cpu.0.avg_load_issue_to_complete_lat = 1196.03
stat.node.0.injector.phase_cycles = 358953
stat.node.0.injector.request_bytes = 46920
stat.node.0.injector.response_bytes = 198720
stat.node.0.injector.aggregate_bytes = 245640
stat.node.0.injector.request_gbps = 2.5097
stat.node.0.injector.response_gbps = 10.6293
stat.node.1.cpu.0.load_issue_to_complete_count = 299
stat.node.1.cpu.0.avg_load_issue_to_complete_lat = 1196.03
stat.node.0.injector.aggregate_gbps = 13.139
stat.node.0.llc.cxl_miss = 300
stat.node.0.llc.total_miss = 300
stat.node.0.llc.avg_miss_lat = 833.41
stat.node.0.llc.avg_cxl_lat = 833.41
stat.node.0.llc.miss_lat_hist_bin_ns = 10
stat.node.0.llc.miss_lat_hist = [0,0,0,0,0,0,0,0,0,0,0,0,0,0,0,0,0,0,0,0,0,0,0,0,0,0,0,0,0,0,0,0,188,45,0,0,0,0,0,0,0,67]
stat.node.0.util.dram_avg = 2.78184e-05
stat.node.0.walltime_s = 184.438
stat.node.0.active_time_s = 10.7116
stat.node.1.injector.phase_cycles = 358953
stat.node.1.injector.request_bytes = 46920
stat.node.1.injector.response_bytes = 198720
stat.node.1.injector.aggregate_bytes = 245640
stat.node.1.injector.request_gbps = 2.5097
stat.node.1.injector.response_gbps = 10.6293
stat.node.1.injector.aggregate_gbps = 13.139
stat.node.1.llc.cxl_miss = 300
stat.node.1.llc.total_miss = 300
stat.node.1.llc.avg_miss_lat = 833.397
stat.node.1.llc.avg_cxl_lat = 833.397
stat.node.1.llc.miss_lat_hist_bin_ns = 10
stat.node.1.llc.miss_lat_hist = [0,0,0,0,0,0,0,0,0,0,0,0,0,0,0,0,0,0,0,0,0,0,0,0,0,0,0,0,0,0,0,0,188,45,0,0,0,0,0,0,0,67]
stat.node.1.util.dram_avg = 2.78184e-05
stat.node.1.walltime_s = 184.426
stat.node.1.active_time_s = 16.2687
stat.node.2.cpu.0.load_issue_to_complete_count = 299
stat.node.2.cpu.0.avg_load_issue_to_complete_lat = 1196.03
stat.node.2.injector.phase_cycles = 358953
stat.node.2.injector.request_bytes = 46920
stat.node.2.injector.response_bytes = 198720
stat.node.2.injector.aggregate_bytes = 245640
stat.node.3.cpu.0.load_issue_to_complete_count = 299
stat.node.3.cpu.0.avg_load_issue_to_complete_lat = 1196.03
stat.node.3.injector.phase_cycles = 358953
stat.node.3.injector.request_bytes = 46920
stat.node.3.injector.response_bytes = 198720
stat.node.3.injector.aggregate_bytes = 245640
stat.node.3.injector.request_gbps = 2.5097
stat.node.3.injector.response_gbps = 10.6293
stat.node.3.injector.aggregate_gbps = 13.139
stat.node.2.injector.request_gbps = 2.5097
stat.node.2.injector.response_gbps = 10.6293
stat.node.2.injector.aggregate_gbps = 13.139
stat.node.2.llc.cxl_miss = 300
stat.node.2.llc.total_miss = 300
stat.node.2.llc.avg_miss_lat = 833.41
stat.node.2.llc.avg_cxl_lat = 833.41
stat.node.3.llc.cxl_miss = 300
stat.node.3.llc.total_miss = 300
stat.node.3.llc.avg_miss_lat = 833.397
stat.node.3.llc.avg_cxl_lat = 833.397
stat.node.3.llc.miss_lat_hist_bin_ns = 10
stat.node.2.llc.miss_lat_hist_bin_ns = 10
stat.node.2.llc.miss_lat_hist = [0,0,0,0,0,0,0,0,0,0,0,0,0,0,0,0,0,0,0,0,0,0,0,0,0,0,0,0,0,0,0,0,188,45,0,0,0,0,0,0,0,67]
stat.node.2.util.dram_avg = 2.78176e-05
stat.node.3.llc.miss_lat_hist = [0,0,0,0,0,0,0,0,0,0,0,0,0,0,0,0,0,0,0,0,0,0,0,0,0,0,0,0,0,0,0,0,188,45,0,0,0,0,0,0,0,67]
stat.node.2.walltime_s = 184.422
stat.node.3.util.dram_avg = 2.78176e-05
stat.node.3.walltime_s = 184.438
stat.node.3.active_time_s = 15.5216
stat.node.2.active_time_s = 13.4445
stat.pool.101.util.mem_avg = 0.184368
stat.pool.101.util.req_link_avg = 0.312235
stat.pool.101.walltime_s = 184.406
stat.pool.101.active_time_s = 0.939536
stat.pool.100.util.mem_avg = 0.184368
stat.pool.100.util.req_link_avg = 0.312236
stat.pool.100.walltime_s = 184.407
stat.pool.100.active_time_s = 1.10658
stat.switch.replicated_messages = 13264
stat.switch.util.node_ingress_avg = 0.054041
stat.switch.util.pool_ingress_avg = 0.959716
stat.switch.bw.host_to_switch_gbps = 2.65624
stat.switch.bw.switch_to_host_gbps = 11.7929
stat.switch.bw.host_link_total_gbps = 14.4491
stat.switch.walltime_s = 184.407
stat.switch.active_time_s = 2.8224
Simulation is complete, simulated time: 359.772 us
