stat.node.2.cpu.0.load_issue_to_complete_count = 299
stat.node.2.cpu.0.avg_load_issue_to_complete_lat = 995.151
stat.node.2.injector.phase_cycles = 298744
stat.node.2.injector.request_bytes = 87592
stat.node.2.injector.response_bytes = 35584
stat.node.2.injector.aggregate_bytes = 123176
stat.node.2.injector.request_gbps = 5.62946
stat.node.2.injector.response_gbps = 2.28695
stat.node.2.injector.aggregate_gbps = 7.91641
stat.node.2.llc.cxl_miss = 300
stat.node.2.llc.total_miss = 300
stat.node.2.llc.avg_miss_lat = 676.127
stat.node.2.llc.avg_cxl_lat = 676.127
stat.node.2.llc.miss_lat_hist_bin_ns = 10
stat.node.2.llc.miss_lat_hist = [0,0,0,0,0,0,0,0,0,0,0,0,0,0,0,0,0,0,0,0,0,0,0,0,0,0,75,63,112,30,0,0,0,1,17,2]
stat.node.2.util.dram_avg = 3.38928e-05
stat.node.2.walltime_s = 564.513
stat.node.2.active_time_s = 10.2346
stat.node.4.cpu.0.load_issue_to_complete_count = 299
stat.node.4.cpu.0.avg_load_issue_to_complete_lat = 997.398
stat.node.4.injector.phase_cycles = 299451
stat.node.4.injector.request_bytes = 87792
stat.node.4.injector.response_bytes = 35712
stat.node.4.injector.aggregate_bytes = 123504
stat.node.4.injector.request_gbps = 5.62899
stat.node.4.injector.response_gbps = 2.28976
stat.node.4.injector.aggregate_gbps = 7.91875
stat.node.4.llc.cxl_miss = 300
stat.node.4.llc.total_miss = 300
stat.node.4.llc.avg_miss_lat = 679.567
stat.node.4.llc.avg_cxl_lat = 679.567
stat.node.4.llc.miss_lat_hist_bin_ns = 10
stat.node.4.llc.miss_lat_hist = [0,0,0,0,0,0,0,0,0,0,0,0,0,0,0,0,0,0,0,0,0,0,0,0,0,0,81,51,102,41,1,0,0,2,14,6,2]
stat.node.4.util.dram_avg = 3.38811e-05
stat.node.4.walltime_s = 564.54
stat.node.4.active_time_s = 12.2667
stat.node.7.cpu.0.load_issue_to_complete_count = 299
stat.node.7.cpu.0.avg_load_issue_to_complete_lat = 1000.58
stat.node.7.injector.phase_cycles = 300363
stat.node.7.injector.request_bytes = 88064
stat.node.7.injector.response_bytes = 35776
stat.node.7.injector.aggregate_bytes = 123840
stat.node.7.injector.request_gbps = 5.62928
stat.node.7.injector.response_gbps = 2.2869
stat.node.7.injector.aggregate_gbps = 7.91618
stat.node.7.llc.cxl_miss = 300
stat.node.7.llc.total_miss = 300
stat.node.7.llc.avg_miss_lat = 685.673
stat.node.7.llc.avg_cxl_lat = 685.673
stat.node.7.llc.miss_lat_hist_bin_ns = 10
stat.node.7.llc.miss_lat_hist = [0,0,0,0,0,0,0,0,0,0,0,0,0,0,0,0,0,0,0,0,0,0,0,0,0,0,60,46,111,43,7,1,2,27,3]
stat.node.7.util.dram_avg = 3.38165e-05
stat.node.7.walltime_s = 565.044
stat.node.7.active_time_s = 20.7808
stat.node.3.cpu.0.load_issue_to_complete_count = 299
stat.node.3.cpu.0.avg_load_issue_to_complete_lat = 1003.87
stat.node.3.injector.phase_cycles = 301392
stat.node.3.injector.request_bytes = 88400
stat.node.3.injector.response_bytes = 35904
stat.node.3.injector.aggregate_bytes = 124304
stat.node.3.injector.request_gbps = 5.63147
stat.node.3.injector.response_gbps = 2.28724
stat.node.3.injector.aggregate_gbps = 7.91871
stat.node.3.llc.cxl_miss = 300
stat.node.3.llc.total_miss = 300
stat.node.3.llc.avg_miss_lat = 687.043
stat.node.3.llc.avg_cxl_lat = 687.043
stat.node.3.llc.miss_lat_hist_bin_ns = 10
stat.node.3.llc.miss_lat_hist = [0,0,0,0,0,0,0,0,0,0,0,0,0,0,0,0,0,0,0,0,0,0,0,0,0,0,54,52,109,46,5,5,6,15,8]
stat.node.3.util.dram_avg = 3.36594e-05
stat.node.3.walltime_s = 566.412
stat.node.3.active_time_s = 12.7592
stat.node.5.cpu.0.load_issue_to_complete_count = 299
stat.node.5.cpu.0.avg_load_issue_to_complete_lat = 1005.97
stat.node.5.injector.phase_cycles = 302042
stat.node.5.injector.request_bytes = 88536
stat.node.5.injector.response_bytes = 36032
stat.node.5.injector.aggregate_bytes = 124568
stat.node.5.injector.request_gbps = 5.628
stat.node.5.injector.response_gbps = 2.29046
stat.node.5.injector.aggregate_gbps = 7.91845
stat.node.5.llc.cxl_miss = 300
stat.node.5.llc.total_miss = 300
stat.node.5.llc.avg_miss_lat = 685.713
stat.node.5.llc.avg_cxl_lat = 685.713
stat.node.5.llc.miss_lat_hist_bin_ns = 10
stat.node.5.llc.miss_lat_hist = [0,0,0,0,0,0,0,0,0,0,0,0,0,0,0,0,0,0,0,0,0,0,0,0,0,0,61,50,95,43,13,10,28]
stat.node.5.util.dram_avg = 3.36287e-05
stat.node.5.walltime_s = 566.58
stat.node.5.active_time_s = 20.9053
stat.node.6.cpu.0.load_issue_to_complete_count = 299
stat.node.6.cpu.0.avg_load_issue_to_complete_lat = 1008.79
stat.node.6.injector.phase_cycles = 302884
stat.node.6.injector.request_bytes = 88808
stat.node.6.injector.response_bytes = 36096
stat.node.6.injector.aggregate_bytes = 124904
stat.node.6.injector.request_gbps = 5.62959
stat.node.6.injector.response_gbps = 2.28815
stat.node.6.injector.aggregate_gbps = 7.91774
stat.node.6.llc.cxl_miss = 300
stat.node.6.llc.total_miss = 300
stat.node.6.llc.avg_miss_lat = 693.023
stat.node.6.llc.avg_cxl_lat = 693.023
stat.node.6.llc.miss_lat_hist_bin_ns = 10
stat.node.6.llc.miss_lat_hist = [0,0,0,0,0,0,0,0,0,0,0,0,0,0,0,0,0,0,0,0,0,0,0,0,0,0,42,48,105,22,40,12,22,7,2]
stat.node.6.util.dram_avg = 3.35879e-05
stat.node.6.walltime_s = 566.948
stat.node.6.active_time_s = 11.2952
stat.node.0.cpu.0.load_issue_to_complete_count = 299
stat.node.0.cpu.0.avg_load_issue_to_complete_lat = 1007.88
stat.node.0.injector.phase_cycles = 302584
stat.node.0.injector.request_bytes = 88736
stat.node.0.injector.response_bytes = 36032
stat.node.0.injector.aggregate_bytes = 124768
stat.node.0.injector.request_gbps = 5.63061
stat.node.0.injector.response_gbps = 2.28635
stat.node.0.injector.aggregate_gbps = 7.91696
stat.node.0.llc.cxl_miss = 300
stat.node.0.llc.total_miss = 300
stat.node.0.llc.avg_miss_lat = 691.717
stat.node.0.llc.avg_cxl_lat = 691.717
stat.node.0.llc.miss_lat_hist_bin_ns = 10
stat.node.0.llc.miss_lat_hist = [0,0,0,0,0,0,0,0,0,0,0,0,0,0,0,0,0,0,0,0,0,0,0,0,0,0,50,39,109,28,15,45,10,4]
stat.node.0.util.dram_avg = 3.3581e-05
stat.node.0.walltime_s = 567.468
stat.node.0.active_time_s = 9.67381
stat.node.1.cpu.0.load_issue_to_complete_count = 299
stat.node.1.cpu.0.avg_load_issue_to_complete_lat = 1011.35
stat.node.1.injector.phase_cycles = 303779
stat.node.1.injector.request_bytes = 89008
stat.node.1.injector.response_bytes = 36224
stat.node.1.injector.aggregate_bytes = 125232
stat.node.1.injector.request_gbps = 5.62565
stat.node.1.injector.response_gbps = 2.2895
stat.node.1.injector.aggregate_gbps = 7.91514
stat.node.1.llc.cxl_miss = 300
stat.node.1.llc.total_miss = 300
stat.node.1.llc.avg_miss_lat = 690.503
stat.node.1.llc.avg_cxl_lat = 690.503
stat.node.1.llc.miss_lat_hist_bin_ns = 10
stat.node.1.llc.miss_lat_hist = [0,0,0,0,0,0,0,0,0,0,0,0,0,0,0,0,0,0,0,0,0,0,0,0,0,0,44,39,157,14,5,5,11,2,22,1]
stat.node.1.util.dram_avg = 3.34787e-05
stat.node.1.walltime_s = 568.378
stat.node.1.active_time_s = 17.4869
stat.pool.101.util.mem_avg = 0.187348
stat.pool.101.util.req_link_avg = 0.906735
stat.pool.101.walltime_s = 568.398
stat.pool.101.active_time_s = 0.652939
stat.pool.100.util.mem_avg = 0.187351
stat.pool.100.util.req_link_avg = 0.906738
stat.pool.100.walltime_s = 568.399
stat.pool.100.active_time_s = 0.697112
stat.switch.replicated_messages = 49856
stat.switch.util.node_ingress_avg = 0.1181
stat.switch.util.pool_ingress_avg = 0.302116
stat.switch.bw.host_to_switch_gbps = 5.80554
stat.switch.bw.switch_to_host_gbps = 3.71233
stat.switch.bw.host_link_total_gbps = 9.51787
stat.switch.walltime_s = 568.399
stat.switch.active_time_s = 2.69781
Simulation is complete, simulated time: 298.936 us
