stat.node.5.cpu.0.retired = 300
stat.node.5.cpu.0.cycles = 1000000
stat.node.6.cpu.0.retired = 288
stat.node.6.cpu.0.cycles = 1000000
stat.node.7.cpu.0.retired = 273
stat.node.7.cpu.0.cycles = 1000000
stat.node.0.cpu.0.retired = 301
stat.node.0.cpu.0.cycles = 1000000
stat.node.1.cpu.0.retired = 269
stat.node.1.cpu.0.cycles = 1000000
stat.node.2.cpu.0.retired = 361
stat.node.2.cpu.0.cycles = 1000000
stat.node.3.cpu.0.retired = 317
stat.node.3.cpu.0.cycles = 1000000
stat.node.4.cpu.0.retired = 318
stat.node.4.cpu.0.cycles = 1000000
stat.node.3.cpu.0.load_issue_to_complete_count = 299
stat.node.3.cpu.0.avg_load_issue_to_complete_lat = 2342.18
stat.node.3.injector.phase_cycles = 702788
stat.node.3.injector.request_bytes = 449024
stat.node.3.injector.response_bytes = 49216
stat.node.3.injector.aggregate_bytes = 498240
stat.node.3.injector.request_gbps = 12.2672
stat.node.3.injector.response_gbps = 1.34457
stat.node.3.injector.aggregate_gbps = 13.6118
stat.node.3.llc.cxl_miss = 300
stat.node.3.llc.total_miss = 300
stat.node.3.llc.avg_miss_lat = 1867.57
stat.node.3.llc.avg_cxl_lat = 1867.57
stat.node.3.llc.miss_lat_hist_bin_ns = 10
stat.node.3.llc.miss_lat_hist = [0,0,0,0,0,0,0,0,0,0,0,0,0,0,0,0,0,0,0,0,0,0,0,0,0,0,0,0,0,0,0,0,0,0,0,0,0,0,0,0,0,3,0,5,5,8,0,4,2,4,5,6,1,4,4,8,3,4,2,4,2,5,1,6,0,5,4,6,3,3,2,3,3,5,2,3,3,4,2,4,6,8,4,4,3,8,5,7,10,9,5,10,7,7,14,4,5,2,6,6,4,3,8,2,1,1,1,2,4,1,1,1,0,1,0,0,0,2]
stat.node.3.util.dram_avg = 1.44961e-05
stat.node.3.walltime_s = 1550.95
stat.node.3.active_time_s = 37.8992
stat.node.2.cpu.0.load_issue_to_complete_count = 299
stat.node.2.cpu.0.avg_load_issue_to_complete_lat = 2764.04
stat.node.2.injector.phase_cycles = 828894
stat.node.2.injector.request_bytes = 521640
stat.node.2.injector.response_bytes = 57216
stat.node.2.injector.aggregate_bytes = 578856
stat.node.2.injector.request_gbps = 12.083
stat.node.2.injector.response_gbps = 1.32532
stat.node.2.injector.aggregate_gbps = 13.4083
stat.node.2.llc.cxl_miss = 300
stat.node.2.llc.total_miss = 300
stat.node.2.llc.avg_miss_lat = 2207.5
stat.node.2.llc.avg_cxl_lat = 2207.5
stat.node.2.llc.miss_lat_hist_bin_ns = 10
stat.node.2.llc.miss_lat_hist = [0,0,0,0,0,0,0,0,0,0,0,0,0,0,0,0,0,0,0,0,0,0,0,0,0,0,0,0,0,0,0,0,0,0,0,0,0,0,0,0,0,0,0,0,0,0,0,0,0,0,0,0,0,1,3,0,0,0,1,0,1,2,1,0,0,1,2,2,1,3,5,3,2,1,1,2,3,0,4,3,4,4,3,8,3,5,9,10,5,11,12,14,10,17,11,9,14,14,9,6,14,9,8,7,8,5,8,7,2,6,0,2,3,0,0,0,1]
stat.node.2.util.dram_avg = 1.43511e-05
stat.node.2.walltime_s = 1566.29
stat.node.2.active_time_s = 27.4408
stat.node.4.cpu.0.load_issue_to_complete_count = 299
stat.node.4.cpu.0.avg_load_issue_to_complete_lat = 2847.53
stat.node.4.injector.phase_cycles = 854039
stat.node.4.injector.request_bytes = 549280
stat.node.4.injector.response_bytes = 60224
stat.node.4.injector.aggregate_bytes = 609504
stat.node.4.injector.request_gbps = 12.3486
stat.node.4.injector.response_gbps = 1.35392
stat.node.4.injector.aggregate_gbps = 13.7025
stat.node.4.llc.cxl_miss = 300
stat.node.4.llc.total_miss = 300
stat.node.4.llc.avg_miss_lat = 2272.97
stat.node.4.llc.avg_cxl_lat = 2272.97
stat.node.4.llc.miss_lat_hist_bin_ns = 10
stat.node.4.llc.miss_lat_hist = [0,0,0,0,0,0,0,0,0,0,0,0,0,0,0,0,0,0,0,0,0,0,0,0,0,0,0,0,0,0,0,0,0,0,0,0,0,0,0,0,0,0,0,0,0,0,0,0,0,0,0,0,0,0,0,0,0,0,0,0,0,0,0,0,0,0,0,0,0,0,0,0,0,0,0,0,1,0,2,3,1,6,2,4,11,10,10,8,16,9,16,20,18,10,19,11,14,14,12,12,10,11,5,9,9,4,5,1,0,3,2,1,1,4,1,0,3,1,0,0,0,0,1]
stat.node.4.util.dram_avg = 1.33357e-05
stat.node.4.walltime_s = 1664.91
stat.node.4.active_time_s = 32.2633
stat.node.5.cpu.0.load_issue_to_complete_count = 299
stat.node.5.cpu.0.avg_load_issue_to_complete_lat = 2831.03
stat.node.5.injector.phase_cycles = 849700
stat.node.5.injector.request_bytes = 545648
stat.node.5.injector.response_bytes = 59712
stat.node.5.injector.aggregate_bytes = 605360
stat.node.5.injector.request_gbps = 12.3296
stat.node.5.injector.response_gbps = 1.34926
stat.node.5.injector.aggregate_gbps = 13.6788
stat.node.5.llc.cxl_miss = 300
stat.node.5.llc.total_miss = 300
stat.node.5.llc.avg_miss_lat = 2260.96
stat.node.5.llc.avg_cxl_lat = 2260.96
stat.node.5.llc.miss_lat_hist_bin_ns = 10
stat.node.5.llc.miss_lat_hist = [0,0,0,0,0,0,0,0,0,0,0,0,0,0,0,0,0,0,0,0,0,0,0,0,0,0,0,0,0,0,0,0,0,0,0,0,0,0,0,0,0,0,0,0,0,0,0,0,0,0,0,0,0,0,0,0,0,0,0,0,0,0,0,0,0,0,0,0,0,0,0,0,0,0,0,1,0,0,2,2,3,5,8,6,11,11,13,11,6,14,15,15,13,13,15,16,20,11,10,10,7,8,16,4,6,5,3,6,1,4,2,2,2,2,0,0,0,0,0,0,0,0,0,1]
stat.node.5.util.dram_avg = 1.29939e-05
stat.node.5.walltime_s = 1678.44
stat.node.5.active_time_s = 52.9101
stat.node.0.cpu.0.load_issue_to_complete_count = 299
stat.node.0.cpu.0.avg_load_issue_to_complete_lat = 2857.27
stat.node.0.injector.phase_cycles = 857210
stat.node.0.injector.request_bytes = 544744
stat.node.0.injector.response_bytes = 59712
stat.node.0.injector.aggregate_bytes = 604456
stat.node.0.injector.request_gbps = 12.2013
stat.node.0.injector.response_gbps = 1.33744
stat.node.0.injector.aggregate_gbps = 13.5388
stat.node.0.llc.cxl_miss = 300
stat.node.0.llc.total_miss = 300
stat.node.0.llc.avg_miss_lat = 2284.01
stat.node.0.llc.avg_cxl_lat = 2284.01
stat.node.0.llc.miss_lat_hist_bin_ns = 10
stat.node.0.llc.miss_lat_hist = [0,0,0,0,0,0,0,0,0,0,0,0,0,0,0,0,0,0,0,0,0,0,0,0,0,0,0,0,0,0,0,0,0,0,0,0,0,0,0,0,0,0,0,0,0,0,0,0,0,0,0,0,0,0,0,0,0,0,0,0,0,0,0,0,0,0,0,0,0,0,0,0,0,0,0,0,2,3,1,3,1,6,2,7,6,5,8,12,6,15,13,14,18,9,24,23,13,10,14,10,9,6,5,9,11,2,7,3,7,6,3,1,0,0,1,0,1,0,1,1,1,0,0,0,0,1]
stat.node.0.util.dram_avg = 1.29539e-05
stat.node.0.walltime_s = 1679.86
stat.node.0.active_time_s = 22.7541
stat.node.6.cpu.0.load_issue_to_complete_count = 299
stat.node.6.cpu.0.avg_load_issue_to_complete_lat = 2855.73
stat.node.6.injector.phase_cycles = 856619
stat.node.6.injector.request_bytes = 544736
stat.node.6.injector.response_bytes = 59648
stat.node.6.injector.aggregate_bytes = 604384
stat.node.6.injector.request_gbps = 12.2095
stat.node.6.injector.response_gbps = 1.33693
stat.node.6.injector.aggregate_gbps = 13.5465
stat.node.6.llc.cxl_miss = 300
stat.node.6.llc.total_miss = 300
stat.node.6.llc.avg_miss_lat = 2279.68
stat.node.6.llc.avg_cxl_lat = 2279.68
stat.node.6.llc.miss_lat_hist_bin_ns = 10
stat.node.6.llc.miss_lat_hist = [0,0,0,0,0,0,0,0,0,0,0,0,0,0,0,0,0,0,0,0,0,0,0,0,0,0,0,0,0,0,0,0,0,0,0,0,0,0,0,0,0,0,0,0,0,0,0,0,0,0,0,0,0,0,0,0,0,0,0,0,0,0,0,0,0,0,0,0,0,0,0,0,0,0,0,1,0,0,1,0,3,3,8,4,6,7,10,12,17,19,9,15,15,15,11,16,19,11,15,12,9,7,10,5,4,10,5,2,4,1,2,1,1,3,2,2,0,1,0,0,0,0,0,0,2]
stat.node.6.util.dram_avg = 1.26703e-05
stat.node.6.walltime_s = 1691.98
stat.node.6.active_time_s = 29.1468
stat.node.7.cpu.0.load_issue_to_complete_count = 299
stat.node.7.cpu.0.avg_load_issue_to_complete_lat = 2847.55
stat.node.7.injector.phase_cycles = 854456
stat.node.7.injector.request_bytes = 547408
stat.node.7.injector.response_bytes = 59968
stat.node.7.injector.aggregate_bytes = 607376
stat.node.7.injector.request_gbps = 12.3005
stat.node.7.injector.response_gbps = 1.34751
stat.node.7.injector.aggregate_gbps = 13.648
stat.node.7.llc.cxl_miss = 300
stat.node.7.llc.total_miss = 300
stat.node.7.llc.avg_miss_lat = 2280.85
stat.node.7.llc.avg_cxl_lat = 2280.85
stat.node.7.llc.miss_lat_hist_bin_ns = 10
stat.node.7.llc.miss_lat_hist = [0,0,0,0,0,0,0,0,0,0,0,0,0,0,0,0,0,0,0,0,0,0,0,0,0,0,0,0,0,0,0,0,0,0,0,0,0,0,0,0,0,0,0,0,0,0,0,0,0,0,0,0,0,0,0,0,0,0,0,0,0,0,0,0,0,0,0,0,0,0,0,0,1,0,0,0,1,1,3,1,1,6,4,6,12,4,5,11,10,14,20,14,14,13,16,9,9,17,9,22,10,9,7,9,10,4,8,1,4,2,2,2,4,1,1,0,1,1,0,0,0,0,1]
stat.node.7.util.dram_avg = 1.23393e-05
stat.node.7.walltime_s = 1712.36
stat.node.7.active_time_s = 56.1872
stat.node.1.cpu.0.load_issue_to_complete_count = 299
stat.node.1.cpu.0.avg_load_issue_to_complete_lat = 2862.6
stat.node.1.injector.phase_cycles = 858763
stat.node.1.injector.request_bytes = 544024
stat.node.1.injector.response_bytes = 59648
stat.node.1.injector.aggregate_bytes = 603672
stat.node.1.injector.request_gbps = 12.1631
stat.node.1.injector.response_gbps = 1.33359
stat.node.1.injector.aggregate_gbps = 13.4967
stat.node.1.llc.cxl_miss = 300
stat.node.1.llc.total_miss = 300
stat.node.1.llc.avg_miss_lat = 2278.19
stat.node.1.llc.avg_cxl_lat = 2278.19
stat.node.1.llc.miss_lat_hist_bin_ns = 10
stat.node.1.llc.miss_lat_hist = [0,0,0,0,0,0,0,0,0,0,0,0,0,0,0,0,0,0,0,0,0,0,0,0,0,0,0,0,0,0,0,0,0,0,0,0,0,0,0,0,0,0,0,0,0,0,0,0,0,0,0,0,0,0,0,0,0,0,0,0,0,0,0,0,0,0,0,0,0,0,0,0,0,0,0,0,0,1,1,1,0,4,6,6,9,9,14,13,8,10,12,17,10,17,13,17,20,15,9,12,15,7,6,7,6,7,7,5,7,3,0,1,1,1,0,1,1,0,0,1]
stat.node.1.util.dram_avg = 1.22182e-05
stat.node.1.walltime_s = 1728.62
stat.node.1.active_time_s = 47.1723
stat.pool.101.util.mem_avg = 0.181983
stat.pool.101.util.req_link_avg = 0.999805
stat.pool.101.walltime_s = 1728.73
stat.pool.101.active_time_s = 2.24443
stat.pool.100.util.mem_avg = 0.180997
stat.pool.100.util.req_link_avg = 0.999733
stat.pool.100.walltime_s = 1728.73
stat.pool.100.active_time_s = 1.94601
stat.switch.replicated_messages = 0
stat.switch.util.node_ingress_avg = 0.250078
stat.switch.util.pool_ingress_avg = 0.153841
stat.switch.bw.host_to_switch_gbps = 12.2926
stat.switch.bw.switch_to_host_gbps = 1.89039
stat.switch.bw.host_link_total_gbps = 14.183
stat.switch.walltime_s = 1728.73
stat.switch.active_time_s = 8.5803
Simulation is complete, simulated time: 819.108 us
