stat.node.4.cpu.0.load_issue_to_complete_count = 299
stat.node.4.cpu.0.avg_load_issue_to_complete_lat = 1036.79
stat.node.4.injector.phase_cycles = 311305
stat.node.4.injector.request_bytes = 84680
stat.node.4.injector.response_bytes = 9280
stat.node.4.injector.aggregate_bytes = 93960
stat.node.4.injector.request_gbps = 5.22271
stat.node.4.injector.response_gbps = 0.572352
stat.node.4.injector.aggregate_gbps = 5.79506
stat.node.4.llc.cxl_miss = 300
stat.node.4.llc.total_miss = 300
stat.node.4.llc.avg_miss_lat = 716.097
stat.node.4.llc.avg_cxl_lat = 716.097
stat.node.4.llc.miss_lat_hist_bin_ns = 10
stat.node.4.llc.miss_lat_hist = [0,0,0,0,0,0,0,0,0,0,0,0,0,0,0,0,0,0,0,0,0,0,0,0,0,0,16,28,80,80,23,10,25,24,13,1]
stat.node.4.util.dram_avg = 3.2593e-05
stat.node.4.walltime_s = 614.486
stat.node.4.active_time_s = 12.5647
stat.node.5.cpu.0.load_issue_to_complete_count = 299
stat.node.5.cpu.0.avg_load_issue_to_complete_lat = 1036.97
stat.node.5.injector.phase_cycles = 311324
stat.node.5.injector.request_bytes = 84680
stat.node.5.injector.response_bytes = 9280
stat.node.5.injector.aggregate_bytes = 93960
stat.node.5.injector.request_gbps = 5.22239
stat.node.5.injector.response_gbps = 0.572317
stat.node.5.injector.aggregate_gbps = 5.79471
stat.node.5.llc.cxl_miss = 300
stat.node.5.llc.total_miss = 300
stat.node.5.llc.avg_miss_lat = 715.757
stat.node.5.llc.avg_cxl_lat = 715.757
stat.node.5.llc.miss_lat_hist_bin_ns = 10
stat.node.5.llc.miss_lat_hist = [0,0,0,0,0,0,0,0,0,0,0,0,0,0,0,0,0,0,0,0,0,0,0,0,0,0,18,31,66,81,27,24,28,14,8,2,1]
stat.node.5.util.dram_avg = 3.25736e-05
stat.node.5.walltime_s = 614.768
stat.node.5.active_time_s = 16.4912
stat.node.6.cpu.0.load_issue_to_complete_count = 299
stat.node.6.cpu.0.avg_load_issue_to_complete_lat = 1040.22
stat.node.6.injector.phase_cycles = 312265
stat.node.6.injector.request_bytes = 84944
stat.node.6.injector.response_bytes = 9280
stat.node.6.injector.aggregate_bytes = 94224
stat.node.6.injector.request_gbps = 5.22289
stat.node.6.injector.response_gbps = 0.570592
stat.node.6.injector.aggregate_gbps = 5.79348
stat.node.6.llc.cxl_miss = 300
stat.node.6.llc.total_miss = 300
stat.node.6.llc.avg_miss_lat = 720.44
stat.node.6.llc.avg_cxl_lat = 720.44
stat.node.6.llc.miss_lat_hist_bin_ns = 10
stat.node.6.llc.miss_lat_hist = [0,0,0,0,0,0,0,0,0,0,0,0,0,0,0,0,0,0,0,0,0,0,0,0,0,0,5,27,79,78,46,17,19,14,4,1,3,7]
stat.node.6.util.dram_avg = 3.2479e-05
stat.node.6.walltime_s = 615.103
stat.node.6.active_time_s = 11.8855
stat.node.7.cpu.0.load_issue_to_complete_count = 299
stat.node.7.cpu.0.avg_load_issue_to_complete_lat = 1040.13
stat.node.7.injector.phase_cycles = 312240
stat.node.7.injector.request_bytes = 84944
stat.node.7.injector.response_bytes = 9280
stat.node.7.injector.aggregate_bytes = 94224
stat.node.7.injector.request_gbps = 5.22331
stat.node.7.injector.response_gbps = 0.570638
stat.node.7.injector.aggregate_gbps = 5.79394
stat.node.7.llc.cxl_miss = 300
stat.node.7.llc.total_miss = 300
stat.node.7.llc.avg_miss_lat = 721.973
stat.node.7.llc.avg_cxl_lat = 721.973
stat.node.7.llc.miss_lat_hist_bin_ns = 10
stat.node.7.llc.miss_lat_hist = [0,0,0,0,0,0,0,0,0,0,0,0,0,0,0,0,0,0,0,0,0,0,0,0,0,0,4,25,83,90,19,5,28,32,10,4]
stat.node.7.util.dram_avg = 3.24779e-05
stat.node.7.walltime_s = 615.118
stat.node.7.active_time_s = 17.2757
stat.node.0.cpu.0.load_issue_to_complete_count = 299
stat.node.0.cpu.0.avg_load_issue_to_complete_lat = 1040.55
stat.node.0.injector.phase_cycles = 312425
stat.node.0.injector.request_bytes = 84944
stat.node.0.injector.response_bytes = 9280
stat.node.0.injector.aggregate_bytes = 94224
stat.node.0.injector.request_gbps = 5.22021
stat.node.0.injector.response_gbps = 0.5703
stat.node.0.injector.aggregate_gbps = 5.79051
stat.node.0.llc.cxl_miss = 300
stat.node.0.llc.total_miss = 300
stat.node.0.llc.avg_miss_lat = 722.07
stat.node.0.llc.avg_cxl_lat = 722.07
stat.node.0.llc.miss_lat_hist_bin_ns = 10
stat.node.0.llc.miss_lat_hist = [0,0,0,0,0,0,0,0,0,0,0,0,0,0,0,0,0,0,0,0,0,0,0,0,0,0,11,23,73,89,22,21,23,18,9,7,3,1]
stat.node.0.util.dram_avg = 3.24675e-05
stat.node.0.walltime_s = 615.17
stat.node.0.active_time_s = 12.0834
stat.node.1.cpu.0.load_issue_to_complete_count = 299
stat.node.1.cpu.0.avg_load_issue_to_complete_lat = 1040.54
stat.node.1.injector.phase_cycles = 312340
stat.node.1.injector.request_bytes = 84944
stat.node.1.injector.response_bytes = 9280
stat.node.1.injector.aggregate_bytes = 94224
stat.node.1.injector.request_gbps = 5.22163
stat.node.1.injector.response_gbps = 0.570455
stat.node.1.injector.aggregate_gbps = 5.79209
stat.node.1.llc.cxl_miss = 300
stat.node.1.llc.total_miss = 300
stat.node.1.llc.avg_miss_lat = 717.89
stat.node.1.llc.avg_cxl_lat = 717.89
stat.node.1.llc.miss_lat_hist_bin_ns = 10
stat.node.1.llc.miss_lat_hist = [0,0,0,0,0,0,0,0,0,0,0,0,0,0,0,0,0,0,0,0,0,0,0,0,0,0,8,24,92,74,30,19,19,22,8,3,1]
stat.node.1.util.dram_avg = 3.24642e-05
stat.node.1.walltime_s = 615.172
stat.node.1.active_time_s = 19.0308
stat.node.2.cpu.0.load_issue_to_complete_count = 299
stat.node.2.cpu.0.avg_load_issue_to_complete_lat = 1040.75
stat.node.2.injector.phase_cycles = 312455
stat.node.2.injector.request_bytes = 85000
stat.node.2.injector.response_bytes = 9344
stat.node.2.injector.aggregate_bytes = 94344
stat.node.2.injector.request_gbps = 5.22315
stat.node.2.injector.response_gbps = 0.574178
stat.node.2.injector.aggregate_gbps = 5.79733
stat.node.2.llc.cxl_miss = 300
stat.node.2.llc.total_miss = 300
stat.node.2.llc.avg_miss_lat = 720.687
stat.node.2.llc.avg_cxl_lat = 720.687
stat.node.2.llc.miss_lat_hist_bin_ns = 10
stat.node.2.llc.miss_lat_hist = [0,0,0,0,0,0,0,0,0,0,0,0,0,0,0,0,0,0,0,0,0,0,0,0,0,0,17,33,62,82,29,6,18,29,22,1,1]
stat.node.2.util.dram_avg = 3.2426e-05
stat.node.2.walltime_s = 615.208
stat.node.2.active_time_s = 11.6525
stat.node.3.cpu.0.load_issue_to_complete_count = 299
stat.node.3.cpu.0.avg_load_issue_to_complete_lat = 1038.51
stat.node.3.injector.phase_cycles = 311844
stat.node.3.injector.request_bytes = 84816
stat.node.3.injector.response_bytes = 9280
stat.node.3.injector.aggregate_bytes = 94096
stat.node.3.injector.request_gbps = 5.22206
stat.node.3.injector.response_gbps = 0.571363
stat.node.3.injector.aggregate_gbps = 5.79342
stat.node.3.llc.cxl_miss = 300
stat.node.3.llc.total_miss = 300
stat.node.3.llc.avg_miss_lat = 718.717
stat.node.3.llc.avg_cxl_lat = 718.717
stat.node.3.llc.miss_lat_hist_bin_ns = 10
stat.node.3.llc.miss_lat_hist = [0,0,0,0,0,0,0,0,0,0,0,0,0,0,0,0,0,0,0,0,0,0,0,0,0,0,7,21,67,101,32,22,30,12,6,2]
stat.node.3.util.dram_avg = 3.23827e-05
stat.node.3.walltime_s = 615.387
stat.node.3.active_time_s = 18.7986
stat.pool.100.util.mem_avg = 0.184692
stat.pool.100.util.req_link_avg = 0.877412
stat.pool.100.walltime_s = 615.387
stat.pool.100.active_time_s = 0.614378
stat.switch.replicated_messages = 0
stat.switch.util.node_ingress_avg = 0.109709
stat.switch.util.pool_ingress_avg = 0.316621
stat.switch.bw.host_to_switch_gbps = 5.39319
stat.switch.bw.switch_to_host_gbps = 1.94524
stat.switch.bw.host_link_total_gbps = 7.33842
stat.switch.walltime_s = 615.387
stat.switch.active_time_s = 2.12683
Simulation is complete, simulated time: 309.054 us
