stat.node.1.cpu.0.load_issue_to_complete_count = 299
stat.node.1.cpu.0.avg_load_issue_to_complete_lat = 1090.76
stat.node.1.injector.phase_cycles = 327417
stat.node.1.injector.request_bytes = 191368
stat.node.1.injector.response_bytes = 77824
stat.node.1.injector.aggregate_bytes = 269192
stat.node.1.injector.request_gbps = 11.222
stat.node.1.injector.response_gbps = 4.56366
stat.node.1.injector.aggregate_gbps = 15.7856
stat.node.1.llc.cxl_miss = 300
stat.node.1.llc.total_miss = 300
stat.node.1.llc.avg_miss_lat = 763.013
stat.node.1.llc.avg_cxl_lat = 763.013
stat.node.1.llc.miss_lat_hist_bin_ns = 10
stat.node.1.llc.miss_lat_hist = [0,0,0,0,0,0,0,0,0,0,0,0,0,0,0,0,0,0,0,0,0,0,0,0,0,0,4,19,23,26,41,49,42,38,26,19,9,3,1]
stat.node.1.util.dram_avg = 3.07714e-05
stat.node.1.walltime_s = 788.482
stat.node.1.active_time_s = 21.3205
stat.node.3.cpu.0.load_issue_to_complete_count = 299
stat.node.3.cpu.0.avg_load_issue_to_complete_lat = 1093.58
stat.node.3.injector.phase_cycles = 328220
stat.node.3.injector.request_bytes = 191832
stat.node.3.injector.response_bytes = 78016
stat.node.3.injector.aggregate_bytes = 269848
stat.node.3.injector.request_gbps = 11.2217
stat.node.3.injector.response_gbps = 4.56373
stat.node.3.injector.aggregate_gbps = 15.7854
stat.node.3.llc.cxl_miss = 300
stat.node.3.llc.total_miss = 300
stat.node.3.llc.avg_miss_lat = 764.773
stat.node.3.llc.avg_cxl_lat = 764.773
stat.node.3.llc.miss_lat_hist_bin_ns = 10
stat.node.3.llc.miss_lat_hist = [0,0,0,0,0,0,0,0,0,0,0,0,0,0,0,0,0,0,0,0,0,0,0,0,0,0,2,16,22,30,39,45,54,32,24,20,11,4,1]
stat.node.3.util.dram_avg = 3.0685e-05
stat.node.3.walltime_s = 791.258
stat.node.3.active_time_s = 20.3053
stat.node.2.cpu.0.load_issue_to_complete_count = 299
stat.node.2.cpu.0.avg_load_issue_to_complete_lat = 1104.05
stat.node.2.injector.phase_cycles = 331427
stat.node.2.injector.request_bytes = 193720
stat.node.2.injector.response_bytes = 78784
stat.node.2.injector.aggregate_bytes = 272504
stat.node.2.injector.request_gbps = 11.2225
stat.node.2.injector.response_gbps = 4.56406
stat.node.2.injector.aggregate_gbps = 15.7865
stat.node.2.llc.cxl_miss = 300
stat.node.2.llc.total_miss = 300
stat.node.2.llc.avg_miss_lat = 776.263
stat.node.2.llc.avg_cxl_lat = 776.263
stat.node.2.llc.miss_lat_hist_bin_ns = 10
stat.node.2.llc.miss_lat_hist = [0,0,0,0,0,0,0,0,0,0,0,0,0,0,0,0,0,0,0,0,0,0,0,0,0,0,11,11,15,20,25,35,50,45,46,21,17,3,1]
stat.node.2.util.dram_avg = 3.04932e-05
stat.node.2.walltime_s = 794.044
stat.node.2.active_time_s = 13.9644
stat.node.5.cpu.0.load_issue_to_complete_count = 299
stat.node.5.cpu.0.avg_load_issue_to_complete_lat = 1104.67
stat.node.5.injector.phase_cycles = 331686
stat.node.5.injector.request_bytes = 193920
stat.node.5.injector.response_bytes = 78848
stat.node.5.injector.aggregate_bytes = 272768
stat.node.5.injector.request_gbps = 11.2253
stat.node.5.injector.response_gbps = 4.5642
stat.node.5.injector.aggregate_gbps = 15.7895
stat.node.5.llc.cxl_miss = 300
stat.node.5.llc.total_miss = 300
stat.node.5.llc.avg_miss_lat = 775.363
stat.node.5.llc.avg_cxl_lat = 775.363
stat.node.5.llc.miss_lat_hist_bin_ns = 10
stat.node.5.llc.miss_lat_hist = [0,0,0,0,0,0,0,0,0,0,0,0,0,0,0,0,0,0,0,0,0,0,0,0,0,0,11,8,13,23,29,46,40,50,37,23,9,8,3]
stat.node.5.util.dram_avg = 3.04729e-05
stat.node.5.walltime_s = 794.1
stat.node.5.active_time_s = 22.5187
stat.node.4.cpu.0.load_issue_to_complete_count = 299
stat.node.4.cpu.0.avg_load_issue_to_complete_lat = 1111.65
stat.node.4.injector.phase_cycles = 333629
stat.node.4.injector.request_bytes = 195008
stat.node.4.injector.response_bytes = 79296
stat.node.4.injector.aggregate_bytes = 274304
stat.node.4.injector.request_gbps = 11.2225
stat.node.4.injector.response_gbps = 4.5634
stat.node.4.injector.aggregate_gbps = 15.7859
stat.node.4.llc.cxl_miss = 300
stat.node.4.llc.total_miss = 300
stat.node.4.llc.avg_miss_lat = 781.787
stat.node.4.llc.avg_cxl_lat = 781.787
stat.node.4.llc.miss_lat_hist_bin_ns = 10
stat.node.4.llc.miss_lat_hist = [0,0,0,0,0,0,0,0,0,0,0,0,0,0,0,0,0,0,0,0,0,0,0,0,0,0,3,3,21,25,28,41,44,40,41,33,11,7,2,1]
stat.node.4.util.dram_avg = 3.04673e-05
stat.node.4.walltime_s = 794.171
stat.node.4.active_time_s = 12.3361
stat.node.6.cpu.0.load_issue_to_complete_count = 299
stat.node.6.cpu.0.avg_load_issue_to_complete_lat = 1108.11
stat.node.6.injector.phase_cycles = 332722
stat.node.6.injector.request_bytes = 194464
stat.node.6.injector.response_bytes = 79104
stat.node.6.injector.aggregate_bytes = 273568
stat.node.6.injector.request_gbps = 11.2217
stat.node.6.injector.response_gbps = 4.56476
stat.node.6.injector.aggregate_gbps = 15.7865
stat.node.6.llc.cxl_miss = 300
stat.node.6.llc.total_miss = 300
stat.node.6.llc.avg_miss_lat = 778.973
stat.node.6.llc.avg_cxl_lat = 778.973
stat.node.6.llc.miss_lat_hist_bin_ns = 10
stat.node.6.llc.miss_lat_hist = [0,0,0,0,0,0,0,0,0,0,0,0,0,0,0,0,0,0,0,0,0,0,0,0,0,0,5,8,12,30,31,44,37,47,35,28,13,6,3,1]
stat.node.6.util.dram_avg = 3.04441e-05
stat.node.6.walltime_s = 795.434
stat.node.6.active_time_s = 12.9008
stat.node.0.cpu.0.load_issue_to_complete_count = 299
stat.node.0.cpu.0.avg_load_issue_to_complete_lat = 1107.04
stat.node.0.injector.phase_cycles = 332348
stat.node.0.injector.request_bytes = 194264
stat.node.0.injector.response_bytes = 78976
stat.node.0.injector.aggregate_bytes = 273240
stat.node.0.injector.request_gbps = 11.2228
stat.node.0.injector.response_gbps = 4.5625
stat.node.0.injector.aggregate_gbps = 15.7853
stat.node.0.llc.cxl_miss = 300
stat.node.0.llc.total_miss = 300
stat.node.0.llc.avg_miss_lat = 778.527
stat.node.0.llc.avg_cxl_lat = 778.527
stat.node.0.llc.miss_lat_hist_bin_ns = 10
stat.node.0.llc.miss_lat_hist = [0,0,0,0,0,0,0,0,0,0,0,0,0,0,0,0,0,0,0,0,0,0,0,0,0,0,1,6,20,10,49,44,54,38,30,26,10,7,5]
stat.node.0.util.dram_avg = 3.04343e-05
stat.node.0.walltime_s = 795.455
stat.node.0.active_time_s = 12.0907
stat.node.7.cpu.0.load_issue_to_complete_count = 299
stat.node.7.cpu.0.avg_load_issue_to_complete_lat = 1110.21
stat.node.7.injector.phase_cycles = 333342
stat.node.7.injector.request_bytes = 194800
stat.node.7.injector.response_bytes = 79232
stat.node.7.injector.aggregate_bytes = 274032
stat.node.7.injector.request_gbps = 11.2202
stat.node.7.injector.response_gbps = 4.56364
stat.node.7.injector.aggregate_gbps = 15.7838
stat.node.7.llc.cxl_miss = 300
stat.node.7.llc.total_miss = 300
stat.node.7.llc.avg_miss_lat = 783.337
stat.node.7.llc.avg_cxl_lat = 783.337
stat.node.7.llc.miss_lat_hist_bin_ns = 10
stat.node.7.llc.miss_lat_hist = [0,0,0,0,0,0,0,0,0,0,0,0,0,0,0,0,0,0,0,0,0,0,0,0,0,0,3,7,19,17,32,39,49,43,28,33,19,10,1]
stat.node.7.util.dram_avg = 3.03592e-05
stat.node.7.walltime_s = 797.892
stat.node.7.active_time_s = 15.1881
stat.pool.101.util.mem_avg = 0.214634
stat.pool.101.util.req_link_avg = 0.928414
stat.pool.101.walltime_s = 797.988
stat.pool.101.active_time_s = 0.534104
stat.pool.100.util.mem_avg = 0.214972
stat.pool.100.util.req_link_avg = 0.923395
stat.pool.100.walltime_s = 797.988
stat.pool.100.active_time_s = 0.588104
stat.switch.replicated_messages = 0
stat.switch.util.node_ingress_avg = 0.231547
stat.switch.util.pool_ingress_avg = 0.476204
stat.switch.bw.host_to_switch_gbps = 11.3827
stat.switch.bw.switch_to_host_gbps = 5.85168
stat.switch.bw.host_link_total_gbps = 17.2343
stat.switch.walltime_s = 797.988
stat.switch.active_time_s = 2.16215
Simulation is complete, simulated time: 329.653 us
