stat.node.5.cpu.0.retired = 806
stat.node.5.cpu.0.cycles = 1000000
stat.node.6.cpu.0.retired = 810
stat.node.6.cpu.0.cycles = 1000000
stat.node.7.cpu.0.retired = 804
stat.node.7.cpu.0.cycles = 1000000
stat.node.0.cpu.0.retired = 806
stat.node.0.cpu.0.cycles = 1000000
stat.node.1.cpu.0.retired = 820
stat.node.1.cpu.0.cycles = 1000000
stat.node.2.cpu.0.retired = 801
stat.node.2.cpu.0.cycles = 1000000
stat.node.3.cpu.0.retired = 814
stat.node.3.cpu.0.cycles = 1000000
stat.node.4.cpu.0.retired = 808
stat.node.4.cpu.0.cycles = 1000000
stat.node.1.cpu.0.load_issue_to_complete_count = 499
stat.node.1.cpu.0.avg_load_issue_to_complete_lat = 981.369
stat.node.1.injector.phase_cycles = 492121
stat.node.1.injector.request_bytes = 118488
stat.node.1.injector.response_bytes = 149632
stat.node.1.injector.aggregate_bytes = 268120
stat.node.1.injector.request_gbps = 4.62279
stat.node.1.injector.response_gbps = 5.83786
stat.node.1.injector.aggregate_gbps = 10.4606
stat.node.1.llc.cxl_miss = 500
stat.node.1.llc.total_miss = 500
stat.node.1.llc.avg_miss_lat = 746.388
stat.node.1.llc.avg_cxl_lat = 746.388
stat.node.1.llc.miss_lat_hist_bin_ns = 10
stat.node.1.llc.miss_lat_hist = [0,0,0,0,0,0,0,0,0,0,0,0,0,0,0,0,0,0,0,0,0,0,0,0,0,0,41,3,112,53,31,35,86,77,22,6,1,25,8]
stat.node.1.util.dram_avg = 2.05036e-05
stat.node.1.walltime_s = 20.2477
stat.node.1.active_time_s = 13.4574
stat.node.3.cpu.0.load_issue_to_complete_count = 499
stat.node.3.cpu.0.avg_load_issue_to_complete_lat = 990.375
stat.node.3.injector.phase_cycles = 496540
stat.node.3.injector.request_bytes = 119552
stat.node.3.injector.response_bytes = 150976
stat.node.3.injector.aggregate_bytes = 270528
stat.node.3.injector.request_gbps = 4.62279
stat.node.3.injector.response_gbps = 5.83788
stat.node.3.injector.aggregate_gbps = 10.4607
stat.node.3.llc.cxl_miss = 500
stat.node.3.llc.total_miss = 500
stat.node.3.llc.avg_miss_lat = 755.246
stat.node.3.llc.avg_cxl_lat = 755.246
stat.node.3.llc.miss_lat_hist_bin_ns = 10
stat.node.3.llc.miss_lat_hist = [0,0,0,0,0,0,0,0,0,0,0,0,0,0,0,0,0,0,0,0,0,0,0,0,0,0,39,4,3,134,18,52,100,81,41,9,16,3]
stat.node.3.util.dram_avg = 2.03822e-05
stat.node.3.walltime_s = 20.3446
stat.node.3.active_time_s = 13.0509
stat.node.6.cpu.0.load_issue_to_complete_count = 499
stat.node.6.cpu.0.avg_load_issue_to_complete_lat = 997.361
stat.node.6.injector.phase_cycles = 499950
stat.node.6.injector.request_bytes = 120384
stat.node.6.injector.response_bytes = 152064
stat.node.6.injector.aggregate_bytes = 272448
stat.node.6.injector.request_gbps = 4.62321
stat.node.6.injector.response_gbps = 5.83984
stat.node.6.injector.aggregate_gbps = 10.463
stat.node.6.llc.cxl_miss = 500
stat.node.6.llc.total_miss = 500
stat.node.6.llc.avg_miss_lat = 762.32
stat.node.6.llc.avg_cxl_lat = 762.32
stat.node.6.llc.miss_lat_hist_bin_ns = 10
stat.node.6.llc.miss_lat_hist = [0,0,0,0,0,0,0,0,0,0,0,0,0,0,0,0,0,0,0,0,0,0,0,0,0,0,56,6,8,10,82,82,96,82,34,18,21,5]
stat.node.6.util.dram_avg = 2.03003e-05
stat.node.6.walltime_s = 20.4106
stat.node.6.active_time_s = 8.86644
stat.node.4.cpu.0.load_issue_to_complete_count = 499
stat.node.4.cpu.0.avg_load_issue_to_complete_lat = 995.952
stat.node.4.injector.phase_cycles = 499146
stat.node.4.injector.request_bytes = 120152
stat.node.4.injector.response_bytes = 151872
stat.node.4.injector.aggregate_bytes = 272024
stat.node.4.injector.request_gbps = 4.62173
stat.node.4.injector.response_gbps = 5.84186
stat.node.4.injector.aggregate_gbps = 10.4636
stat.node.4.llc.cxl_miss = 500
stat.node.4.llc.total_miss = 500
stat.node.4.llc.avg_miss_lat = 759.884
stat.node.4.llc.avg_cxl_lat = 759.884
stat.node.4.llc.miss_lat_hist_bin_ns = 10
stat.node.4.llc.miss_lat_hist = [0,0,0,0,0,0,0,0,0,0,0,0,0,0,0,0,0,0,0,0,0,0,0,0,0,0,65,27,2,7,48,83,93,72,63,29,3,1,3,3,1]
stat.node.4.util.dram_avg = 2.02647e-05
stat.node.4.walltime_s = 20.4396
stat.node.4.active_time_s = 10.3363
stat.node.5.cpu.0.load_issue_to_complete_count = 499
stat.node.5.cpu.0.avg_load_issue_to_complete_lat = 997.317
stat.node.5.injector.phase_cycles = 500029
stat.node.5.injector.request_bytes = 120384
stat.node.5.injector.response_bytes = 152064
stat.node.5.injector.aggregate_bytes = 272448
stat.node.5.injector.request_gbps = 4.62248
stat.node.5.injector.response_gbps = 5.83892
stat.node.5.injector.aggregate_gbps = 10.4614
stat.node.5.llc.cxl_miss = 500
stat.node.5.llc.total_miss = 500
stat.node.5.llc.avg_miss_lat = 761.758
stat.node.5.llc.avg_cxl_lat = 761.758
stat.node.5.llc.miss_lat_hist_bin_ns = 10
stat.node.5.llc.miss_lat_hist = [0,0,0,0,0,0,0,0,0,0,0,0,0,0,0,0,0,0,0,0,0,0,0,0,0,0,78,2,1,3,4,60,199,119,31,2,1]
stat.node.5.util.dram_avg = 2.02251e-05
stat.node.5.walltime_s = 20.4727
stat.node.5.active_time_s = 9.16003
stat.node.0.cpu.0.load_issue_to_complete_count = 499
stat.node.0.cpu.0.avg_load_issue_to_complete_lat = 1002.72
stat.node.0.injector.phase_cycles = 502722
stat.node.0.injector.request_bytes = 121072
stat.node.0.injector.response_bytes = 152832
stat.node.0.injector.aggregate_bytes = 273904
stat.node.0.injector.request_gbps = 4.62399
stat.node.0.injector.response_gbps = 5.83697
stat.node.0.injector.aggregate_gbps = 10.461
stat.node.0.llc.cxl_miss = 500
stat.node.0.llc.total_miss = 500
stat.node.0.llc.avg_miss_lat = 767.274
stat.node.0.llc.avg_cxl_lat = 767.274
stat.node.0.llc.miss_lat_hist_bin_ns = 10
stat.node.0.llc.miss_lat_hist = [0,0,0,0,0,0,0,0,0,0,0,0,0,0,0,0,0,0,0,0,0,0,0,0,0,0,62,5,0,3,9,128,100,100,70,23]
stat.node.0.util.dram_avg = 2.0208e-05
stat.node.0.walltime_s = 20.4872
stat.node.0.active_time_s = 8.30008
stat.node.7.cpu.0.load_issue_to_complete_count = 499
stat.node.7.cpu.0.avg_load_issue_to_complete_lat = 1004.39
stat.node.7.injector.phase_cycles = 503563
stat.node.7.injector.request_bytes = 121232
stat.node.7.injector.response_bytes = 153152
stat.node.7.injector.aggregate_bytes = 274384
stat.node.7.injector.request_gbps = 4.62237
stat.node.7.injector.response_gbps = 5.83943
stat.node.7.injector.aggregate_gbps = 10.4618
stat.node.7.llc.cxl_miss = 500
stat.node.7.llc.total_miss = 500
stat.node.7.llc.avg_miss_lat = 768.678
stat.node.7.llc.avg_cxl_lat = 768.678
stat.node.7.llc.miss_lat_hist_bin_ns = 10
stat.node.7.llc.miss_lat_hist = [0,0,0,0,0,0,0,0,0,0,0,0,0,0,0,0,0,0,0,0,0,0,0,0,0,0,62,1,0,0,6,74,148,189,17,3]
stat.node.7.util.dram_avg = 2.01608e-05
stat.node.7.walltime_s = 20.5273
stat.node.7.active_time_s = 12.6516
stat.node.2.cpu.0.load_issue_to_complete_count = 499
stat.node.2.cpu.0.avg_load_issue_to_complete_lat = 1004.39
stat.node.2.injector.phase_cycles = 503568
stat.node.2.injector.request_bytes = 121296
stat.node.2.injector.response_bytes = 153152
stat.node.2.injector.aggregate_bytes = 274448
stat.node.2.injector.request_gbps = 4.62476
stat.node.2.injector.response_gbps = 5.83937
stat.node.2.injector.aggregate_gbps = 10.4641
stat.node.2.llc.cxl_miss = 500
stat.node.2.llc.total_miss = 500
stat.node.2.llc.avg_miss_lat = 768.356
stat.node.2.llc.avg_cxl_lat = 768.356
stat.node.2.llc.miss_lat_hist_bin_ns = 10
stat.node.2.llc.miss_lat_hist = [0,0,0,0,0,0,0,0,0,0,0,0,0,0,0,0,0,0,0,0,0,0,0,0,0,0,63,0,1,2,16,105,127,83,94,8,1]
stat.node.2.util.dram_avg = 2.01181e-05
stat.node.2.walltime_s = 20.5633
stat.node.2.active_time_s = 12.5601
stat.pool.101.util.mem_avg = 0.194129
stat.pool.101.util.req_link_avg = 0.705829
stat.pool.101.walltime_s = 20.5634
stat.pool.101.active_time_s = 0.424749
stat.pool.100.util.mem_avg = 0.194132
stat.pool.100.util.req_link_avg = 0.705831
stat.pool.100.walltime_s = 20.5634
stat.pool.100.active_time_s = 0.443893
stat.switch.replicated_messages = 60448
stat.switch.util.node_ingress_avg = 0.0973114
stat.switch.util.pool_ingress_avg = 0.58005
stat.switch.bw.host_to_switch_gbps = 4.78404
stat.switch.bw.switch_to_host_gbps = 7.12755
stat.switch.bw.host_link_total_gbps = 11.9116
stat.switch.walltime_s = 20.5634
stat.switch.active_time_s = 1.6346
Simulation is complete, simulated time: 497.461 us
