stat.node.7.cpu.0.retired = 783
stat.node.7.cpu.0.cycles = 1000000
stat.node.0.cpu.0.retired = 783
stat.node.0.cpu.0.cycles = 1000000
stat.node.1.cpu.0.retired = 784
stat.node.1.cpu.0.cycles = 1000000
stat.node.2.cpu.0.retired = 783
stat.node.2.cpu.0.cycles = 1000000
stat.node.3.cpu.0.retired = 783
stat.node.3.cpu.0.cycles = 1000000
stat.node.4.cpu.0.retired = 783
stat.node.4.cpu.0.cycles = 1000000
stat.node.5.cpu.0.retired = 783
stat.node.5.cpu.0.cycles = 1000000
stat.node.6.cpu.0.retired = 783
stat.node.6.cpu.0.cycles = 1000000
stat.node.7.cpu.0.retired = 1803
stat.node.7.cpu.0.cycles = 2000000
stat.node.0.cpu.0.retired = 1804
stat.node.0.cpu.0.cycles = 2000000
stat.node.1.cpu.0.retired = 1803
stat.node.1.cpu.0.cycles = 2000000
stat.node.2.cpu.0.retired = 1803
stat.node.2.cpu.0.cycles = 2000000
stat.node.3.cpu.0.retired = 1803
stat.node.3.cpu.0.cycles = 2000000
stat.node.4.cpu.0.retired = 1798
stat.node.4.cpu.0.cycles = 2000000
stat.node.5.cpu.0.retired = 1803
stat.node.5.cpu.0.cycles = 2000000
stat.node.6.cpu.0.retired = 1804
stat.node.6.cpu.0.cycles = 2000000
stat.node.0.cpu.0.retired = 2865
stat.node.0.cpu.0.cycles = 3000000
stat.node.1.cpu.0.retired = 2863
stat.node.1.cpu.0.cycles = 3000000
stat.node.2.cpu.0.retired = 2862
stat.node.2.cpu.0.cycles = 3000000
stat.node.3.cpu.0.retired = 2863
stat.node.3.cpu.0.cycles = 3000000
stat.node.4.cpu.0.retired = 2850
stat.node.4.cpu.0.cycles = 3000000
stat.node.6.cpu.0.retired = 2862
stat.node.5.cpu.0.retired = 2862
stat.node.5.cpu.0.cycles = 3000000
stat.node.7.cpu.0.retired = 2863
stat.node.7.cpu.0.cycles = 3000000
stat.node.6.cpu.0.cycles = 3000000
stat.node.2.cpu.0.retired = 3944
stat.node.2.cpu.0.cycles = 4000000
stat.node.3.cpu.0.retired = 3944
stat.node.3.cpu.0.cycles = 4000000
stat.node.6.cpu.0.retired = 3942
stat.node.6.cpu.0.cycles = 4000000
stat.node.7.cpu.0.retired = 3946
stat.node.7.cpu.0.cycles = 4000000
stat.node.5.cpu.0.retired = 3943
stat.node.5.cpu.0.cycles = 4000000
stat.node.4.cpu.0.retired = 3925
stat.node.4.cpu.0.cycles = 4000000
stat.node.0.cpu.0.retired = 3945
stat.node.0.cpu.0.cycles = 4000000
stat.node.1.cpu.0.retired = 3945
stat.node.1.cpu.0.cycles = 4000000
stat.node.7.cpu.0.load_issue_to_complete_count = 3999
stat.node.7.cpu.0.avg_load_issue_to_complete_lat = 935.729
stat.node.7.injector.phase_cycles = 3747043
stat.node.7.injector.request_bytes = 1259096
stat.node.7.injector.response_bytes = 1590528
stat.node.7.injector.aggregate_bytes = 2849624
stat.node.7.injector.request_gbps = 6.45166
stat.node.7.injector.response_gbps = 8.14993
stat.node.7.injector.aggregate_gbps = 14.6016
stat.node.7.llc.cxl_miss = 4000
stat.node.7.llc.total_miss = 4000
stat.node.7.llc.avg_miss_lat = 827.458
stat.node.7.llc.avg_cxl_lat = 827.458
stat.node.7.llc.miss_lat_hist_bin_ns = 10
stat.node.7.llc.miss_lat_hist = [0,0,0,0,0,0,0,0,0,0,0,0,0,0,0,0,0,0,0,0,0,0,0,0,0,0,0,4,57,78,119,86,274,800,634,1596,241,81,26,4]
stat.node.7.util.dram_avg = 4.83464e-06
stat.node.7.walltime_s = 2665.7
stat.node.7.active_time_s = 90.5049
stat.node.0.cpu.0.load_issue_to_complete_count = 3999
stat.node.0.cpu.0.avg_load_issue_to_complete_lat = 935.864
stat.node.0.injector.phase_cycles = 3747474
stat.node.0.injector.request_bytes = 1259240
stat.node.0.injector.response_bytes = 1590592
stat.node.0.injector.aggregate_bytes = 2849832
stat.node.0.injector.request_gbps = 6.45165
stat.node.0.injector.response_gbps = 8.14932
stat.node.0.injector.aggregate_gbps = 14.601
stat.node.0.llc.cxl_miss = 4000
stat.node.0.llc.total_miss = 4000
stat.node.0.llc.avg_miss_lat = 827.587
stat.node.0.llc.avg_cxl_lat = 827.587
stat.node.0.llc.miss_lat_hist_bin_ns = 10
stat.node.0.llc.miss_lat_hist = [0,0,0,0,0,0,0,0,0,0,0,0,0,0,0,0,0,0,0,0,0,0,0,0,0,0,0,2,57,44,24,295,401,493,746,1527,284,97,27,3]
stat.node.0.util.dram_avg = 4.83354e-06
stat.node.0.walltime_s = 2666.14
stat.node.0.active_time_s = 89.3222
stat.node.3.cpu.0.load_issue_to_complete_count = 3999
stat.node.3.cpu.0.avg_load_issue_to_complete_lat = 936.108
stat.node.3.injector.phase_cycles = 3748566
stat.node.3.injector.request_bytes = 1259624
stat.node.3.injector.response_bytes = 1591104
stat.node.3.injector.aggregate_bytes = 2850728
stat.node.3.injector.request_gbps = 6.45174
stat.node.3.injector.response_gbps = 8.14957
stat.node.3.injector.aggregate_gbps = 14.6013
stat.node.3.llc.cxl_miss = 4000
stat.node.3.llc.total_miss = 4000
stat.node.3.llc.avg_miss_lat = 827.751
stat.node.3.llc.avg_cxl_lat = 827.751
stat.node.3.llc.miss_lat_hist_bin_ns = 10
stat.node.3.llc.miss_lat_hist = [0,0,0,0,0,0,0,0,0,0,0,0,0,0,0,0,0,0,0,0,0,0,0,0,0,0,0,3,32,182,187,105,191,506,705,1665,275,124,23,2]
stat.node.3.util.dram_avg = 4.83301e-06
stat.node.3.walltime_s = 2666.33
stat.node.3.active_time_s = 105.439
stat.node.1.cpu.0.load_issue_to_complete_count = 3999
stat.node.1.cpu.0.avg_load_issue_to_complete_lat = 936.335
stat.node.1.injector.phase_cycles = 3749472
stat.node.1.injector.request_bytes = 1259928
stat.node.1.injector.response_bytes = 1591488
stat.node.1.injector.aggregate_bytes = 2851416
stat.node.1.injector.request_gbps = 6.45174
stat.node.1.injector.response_gbps = 8.14957
stat.node.1.injector.aggregate_gbps = 14.6013
stat.node.1.llc.cxl_miss = 4000
stat.node.1.llc.total_miss = 4000
stat.node.1.llc.avg_miss_lat = 828.042
stat.node.1.llc.avg_cxl_lat = 828.042
stat.node.1.llc.miss_lat_hist_bin_ns = 10
stat.node.1.llc.miss_lat_hist = [0,0,0,0,0,0,0,0,0,0,0,0,0,0,0,0,0,0,0,0,0,0,0,0,0,0,0,0,95,156,96,147,198,485,769,1572,326,119,31,6]
stat.node.1.util.dram_avg = 4.83256e-06
stat.node.1.walltime_s = 2667.03
stat.node.1.active_time_s = 92.7417
stat.node.2.cpu.0.load_issue_to_complete_count = 3999
stat.node.2.cpu.0.avg_load_issue_to_complete_lat = 936.262
stat.node.2.injector.phase_cycles = 3749066
stat.node.2.injector.request_bytes = 1259776
stat.node.2.injector.response_bytes = 1591360
stat.node.2.injector.aggregate_bytes = 2851136
stat.node.2.injector.request_gbps = 6.45166
stat.node.2.injector.response_gbps = 8.14979
stat.node.2.injector.aggregate_gbps = 14.6015
stat.node.2.llc.cxl_miss = 4000
stat.node.2.llc.total_miss = 4000
stat.node.2.llc.avg_miss_lat = 827.89
stat.node.2.llc.avg_cxl_lat = 827.89
stat.node.2.llc.miss_lat_hist_bin_ns = 10
stat.node.2.llc.miss_lat_hist = [0,0,0,0,0,0,0,0,0,0,0,0,0,0,0,0,0,0,0,0,0,0,0,0,0,0,0,18,129,156,85,84,153,282,1052,1750,196,63,28,4]
stat.node.2.util.dram_avg = 4.83241e-06
stat.node.2.walltime_s = 2667.15
stat.node.2.active_time_s = 94.0982
stat.node.5.cpu.0.load_issue_to_complete_count = 3999
stat.node.5.cpu.0.avg_load_issue_to_complete_lat = 936.242
stat.node.5.injector.phase_cycles = 3749074
stat.node.5.injector.request_bytes = 1259776
stat.node.5.injector.response_bytes = 1591296
stat.node.5.injector.aggregate_bytes = 2851072
stat.node.5.injector.request_gbps = 6.45165
stat.node.5.injector.response_gbps = 8.14945
stat.node.5.injector.aggregate_gbps = 14.6011
stat.node.5.llc.cxl_miss = 4000
stat.node.5.llc.total_miss = 4000
stat.node.5.llc.avg_miss_lat = 827.912
stat.node.5.llc.avg_cxl_lat = 827.912
stat.node.5.llc.miss_lat_hist_bin_ns = 10
stat.node.5.llc.miss_lat_hist = [0,0,0,0,0,0,0,0,0,0,0,0,0,0,0,0,0,0,0,0,0,0,0,0,0,0,0,4,40,67,60,171,469,482,697,1695,212,81,18,4]
stat.node.5.util.dram_avg = 4.83207e-06
stat.node.5.walltime_s = 2667.21
stat.node.5.active_time_s = 97.0872
stat.node.6.cpu.0.load_issue_to_complete_count = 3999
stat.node.6.cpu.0.avg_load_issue_to_complete_lat = 937.346
stat.node.6.injector.phase_cycles = 3753405
stat.node.6.injector.request_bytes = 1261296
stat.node.6.injector.response_bytes = 1593152
stat.node.6.injector.aggregate_bytes = 2854448
stat.node.6.injector.request_gbps = 6.45198
stat.node.6.injector.response_gbps = 8.14954
stat.node.6.injector.aggregate_gbps = 14.6015
stat.node.6.llc.cxl_miss = 4000
stat.node.6.llc.total_miss = 4000
stat.node.6.llc.avg_miss_lat = 829.037
stat.node.6.llc.avg_cxl_lat = 829.037
stat.node.6.llc.miss_lat_hist_bin_ns = 10
stat.node.6.llc.miss_lat_hist = [0,0,0,0,0,0,0,0,0,0,0,0,0,0,0,0,0,0,0,0,0,0,0,0,0,0,0,4,33,57,221,162,242,502,680,1655,305,109,26,4]
stat.node.6.util.dram_avg = 4.82863e-06
stat.node.6.walltime_s = 2668.85
stat.node.6.active_time_s = 73.0012
stat.node.4.cpu.0.load_issue_to_complete_count = 3999
stat.node.4.cpu.0.avg_load_issue_to_complete_lat = 941.578
stat.node.4.injector.phase_cycles = 3770435
stat.node.4.injector.request_bytes = 1266920
stat.node.4.injector.response_bytes = 1600384
stat.node.4.injector.aggregate_bytes = 2867304
stat.node.4.injector.request_gbps = 6.45147
stat.node.4.injector.response_gbps = 8.14956
stat.node.4.injector.aggregate_gbps = 14.601
stat.node.4.llc.cxl_miss = 4000
stat.node.4.llc.total_miss = 4000
stat.node.4.llc.avg_miss_lat = 833.235
stat.node.4.llc.avg_cxl_lat = 833.235
stat.node.4.llc.miss_lat_hist_bin_ns = 10
stat.node.4.llc.miss_lat_hist = [0,0,0,0,0,0,0,0,0,0,0,0,0,0,0,0,0,0,0,0,0,0,0,0,0,0,0,11,123,87,77,88,158,372,937,1567,372,142,45,21]
stat.node.4.util.dram_avg = 4.81094e-06
stat.node.4.walltime_s = 2673.08
stat.node.4.active_time_s = 74.3489
stat.pool.101.util.mem_avg = 0.264507
stat.pool.101.util.req_link_avg = 0.980331
stat.pool.101.walltime_s = 2673.08
stat.pool.101.active_time_s = 3.10655
stat.pool.100.util.mem_avg = 0.264508
stat.pool.100.util.req_link_avg = 0.980331
stat.pool.100.walltime_s = 2673.1
stat.pool.100.active_time_s = 3.08493
stat.switch.replicated_messages = 352896
stat.switch.util.node_ingress_avg = 0.134563
stat.switch.util.pool_ingress_avg = 0.76897
stat.switch.bw.host_to_switch_gbps = 6.61417
stat.switch.bw.switch_to_host_gbps = 9.44905
stat.switch.bw.host_link_total_gbps = 16.0632
stat.switch.walltime_s = 2673.1
stat.switch.active_time_s = 12.2479
Simulation is complete, simulated time: 2.08026 ms
