stat.node.1.cpu.0.retired = 739
stat.node.1.cpu.0.cycles = 1000000
stat.node.3.cpu.0.retired = 738
stat.node.3.cpu.0.cycles = 1000000
stat.node.5.cpu.0.retired = 739
stat.node.5.cpu.0.cycles = 1000000
stat.node.7.cpu.0.retired = 739
stat.node.7.cpu.0.cycles = 1000000
stat.node.0.cpu.0.retired = 739
stat.node.0.cpu.0.cycles = 1000000
stat.node.2.cpu.0.retired = 738
stat.node.2.cpu.0.cycles = 1000000
stat.node.4.cpu.0.retired = 740
stat.node.4.cpu.0.cycles = 1000000
stat.node.6.cpu.0.retired = 739
stat.node.6.cpu.0.cycles = 1000000
stat.node.6.cpu.0.retired = 1707
stat.node.6.cpu.0.cycles = 2000000
stat.node.7.cpu.0.retired = 1708
stat.node.7.cpu.0.cycles = 2000000
stat.node.0.cpu.0.retired = 1707
stat.node.0.cpu.0.cycles = 2000000
stat.node.1.cpu.0.retired = 1706
stat.node.1.cpu.0.cycles = 2000000
stat.node.2.cpu.0.retired = 1704
stat.node.2.cpu.0.cycles = 2000000
stat.node.3.cpu.0.retired = 1706
stat.node.3.cpu.0.cycles = 2000000
stat.node.4.cpu.0.retired = 1708
stat.node.4.cpu.0.cycles = 2000000
stat.node.5.cpu.0.retired = 1707
stat.node.5.cpu.0.cycles = 2000000
stat.node.2.cpu.0.retired = 2702
stat.node.2.cpu.0.cycles = 3000000
stat.node.3.cpu.0.retired = 2707
stat.node.3.cpu.0.cycles = 3000000
stat.node.4.cpu.0.retired = 2710
stat.node.4.cpu.0.cycles = 3000000
stat.node.5.cpu.0.retired = 2708
stat.node.5.cpu.0.cycles = 3000000
stat.node.6.cpu.0.retired = 2708
stat.node.6.cpu.0.cycles = 3000000
stat.node.7.cpu.0.retired = 2710
stat.node.7.cpu.0.cycles = 3000000
stat.node.0.cpu.0.retired = 2708
stat.node.1.cpu.0.retired = 2707
stat.node.1.cpu.0.cycles = 3000000
stat.node.0.cpu.0.cycles = 3000000
stat.node.2.cpu.0.retired = 3715
stat.node.2.cpu.0.cycles = 4000000
stat.node.3.cpu.0.retired = 3722
stat.node.3.cpu.0.cycles = 4000000
stat.node.0.cpu.0.retired = 3723
stat.node.0.cpu.0.cycles = 4000000
stat.node.5.cpu.0.retired = 3725
stat.node.5.cpu.0.cycles = 4000000
stat.node.6.cpu.0.retired = 3724
stat.node.6.cpu.0.cycles = 4000000
stat.node.7.cpu.0.retired = 3726
stat.node.7.cpu.0.cycles = 4000000
stat.node.1.cpu.0.retired = 3724
stat.node.1.cpu.0.cycles = 4000000
stat.node.4.cpu.0.retired = 3725
stat.node.4.cpu.0.cycles = 4000000
stat.node.3.cpu.0.retired = 4742
stat.node.3.cpu.0.cycles = 5000000
stat.node.2.cpu.0.retired = 4732
stat.node.2.cpu.0.cycles = 5000000
stat.node.4.cpu.0.retired = 4743
stat.node.4.cpu.0.cycles = 5000000
stat.node.0.cpu.0.retired = 4742
stat.node.0.cpu.0.cycles = 5000000
stat.node.5.cpu.0.retired = 4746
stat.node.5.cpu.0.cycles = 5000000
stat.node.6.cpu.0.retired = 4745
stat.node.6.cpu.0.cycles = 5000000
stat.node.7.cpu.0.retired = 4747
stat.node.7.cpu.0.cycles = 5000000
stat.node.1.cpu.0.retired = 4744
stat.node.1.cpu.0.cycles = 5000000
stat.node.7.cpu.0.load_issue_to_complete_count = 3999
stat.node.7.cpu.0.avg_load_issue_to_complete_lat = 991.716
stat.node.7.injector.phase_cycles = 3971046
stat.node.7.injector.request_bytes = 558816
stat.node.7.injector.response_bytes = 1009472
stat.node.7.injector.aggregate_bytes = 1568288
stat.node.7.injector.request_gbps = 2.70187
stat.node.7.injector.response_gbps = 4.8808
stat.node.7.injector.aggregate_gbps = 7.58267
stat.node.7.llc.cxl_miss = 4000
stat.node.7.llc.total_miss = 4000
stat.node.7.llc.avg_miss_lat = 883.051
stat.node.7.llc.avg_cxl_lat = 883.051
stat.node.7.llc.miss_lat_hist_bin_ns = 10
stat.node.7.llc.miss_lat_hist = [0,0,0,0,0,0,0,0,0,0,0,0,0,0,0,0,0,0,0,0,0,0,0,0,0,0,0,0,0,0,36,283,414,322,226,153,173,309,611,1321,137,15]
stat.node.7.util.dram_avg = 4.57421e-06
stat.node.7.walltime_s = 388.824
stat.node.7.active_time_s = 76.4513
stat.node.5.cpu.0.load_issue_to_complete_count = 3999
stat.node.5.cpu.0.avg_load_issue_to_complete_lat = 992.016
stat.node.5.injector.phase_cycles = 3972096
stat.node.5.injector.request_bytes = 558984
stat.node.5.injector.response_bytes = 1009728
stat.node.5.injector.aggregate_bytes = 1568712
stat.node.5.injector.request_gbps = 2.70197
stat.node.5.injector.response_gbps = 4.88074
stat.node.5.injector.aggregate_gbps = 7.58271
stat.node.5.llc.cxl_miss = 4000
stat.node.5.llc.total_miss = 4000
stat.node.5.llc.avg_miss_lat = 883.413
stat.node.5.llc.avg_cxl_lat = 883.413
stat.node.5.llc.miss_lat_hist_bin_ns = 10
stat.node.5.llc.miss_lat_hist = [0,0,0,0,0,0,0,0,0,0,0,0,0,0,0,0,0,0,0,0,0,0,0,0,0,0,0,0,0,0,42,275,368,315,243,205,235,280,511,1374,144,7,1]
stat.node.5.util.dram_avg = 4.57314e-06
stat.node.5.walltime_s = 388.834
stat.node.5.active_time_s = 77.0222
stat.node.6.cpu.0.load_issue_to_complete_count = 3999
stat.node.6.cpu.0.avg_load_issue_to_complete_lat = 992.022
stat.node.6.injector.phase_cycles = 3972246
stat.node.6.injector.request_bytes = 558920
stat.node.6.injector.response_bytes = 1009792
stat.node.6.injector.aggregate_bytes = 1568712
stat.node.6.injector.request_gbps = 2.70156
stat.node.6.injector.response_gbps = 4.88087
stat.node.6.injector.aggregate_gbps = 7.58243
stat.node.6.llc.cxl_miss = 4000
stat.node.6.llc.total_miss = 4000
stat.node.6.llc.avg_miss_lat = 883.387
stat.node.6.llc.avg_cxl_lat = 883.387
stat.node.6.llc.miss_lat_hist_bin_ns = 10
stat.node.6.llc.miss_lat_hist = [0,0,0,0,0,0,0,0,0,0,0,0,0,0,0,0,0,0,0,0,0,0,0,0,0,0,0,0,0,0,24,249,378,286,289,253,281,251,518,1329,132,10]
stat.node.6.util.dram_avg = 4.57292e-06
stat.node.6.walltime_s = 388.851
stat.node.6.active_time_s = 71.0185
stat.node.1.cpu.0.load_issue_to_complete_count = 3999
stat.node.1.cpu.0.avg_load_issue_to_complete_lat = 992.21
stat.node.1.injector.phase_cycles = 3972846
stat.node.1.injector.request_bytes = 559072
stat.node.1.injector.response_bytes = 1009920
stat.node.1.injector.aggregate_bytes = 1568992
stat.node.1.injector.request_gbps = 2.70189
stat.node.1.injector.response_gbps = 4.88075
stat.node.1.injector.aggregate_gbps = 7.58264
stat.node.1.llc.cxl_miss = 4000
stat.node.1.llc.total_miss = 4000
stat.node.1.llc.avg_miss_lat = 883.557
stat.node.1.llc.avg_cxl_lat = 883.557
stat.node.1.llc.miss_lat_hist_bin_ns = 10
stat.node.1.llc.miss_lat_hist = [0,0,0,0,0,0,0,0,0,0,0,0,0,0,0,0,0,0,0,0,0,0,0,0,0,0,0,0,0,0,27,241,482,283,226,199,153,317,591,1328,146,7]
stat.node.1.util.dram_avg = 4.57205e-06
stat.node.1.walltime_s = 388.877
stat.node.1.active_time_s = 63.0014
stat.node.0.cpu.0.load_issue_to_complete_count = 3999
stat.node.0.cpu.0.avg_load_issue_to_complete_lat = 992.535
stat.node.0.injector.phase_cycles = 3974246
stat.node.0.injector.request_bytes = 559240
stat.node.0.injector.response_bytes = 1010304
stat.node.0.injector.aggregate_bytes = 1569544
stat.node.0.injector.request_gbps = 2.70175
stat.node.0.injector.response_gbps = 4.88088
stat.node.0.injector.aggregate_gbps = 7.58263
stat.node.0.llc.cxl_miss = 4000
stat.node.0.llc.total_miss = 4000
stat.node.0.llc.avg_miss_lat = 883.822
stat.node.0.llc.avg_cxl_lat = 883.822
stat.node.0.llc.miss_lat_hist_bin_ns = 10
stat.node.0.llc.miss_lat_hist = [0,0,0,0,0,0,0,0,0,0,0,0,0,0,0,0,0,0,0,0,0,0,0,0,0,0,0,0,0,0,44,279,332,303,259,248,230,290,480,1393,130,12]
stat.node.0.util.dram_avg = 4.57103e-06
stat.node.0.walltime_s = 388.898
stat.node.0.active_time_s = 82.0952
stat.node.4.cpu.0.load_issue_to_complete_count = 3999
stat.node.4.cpu.0.avg_load_issue_to_complete_lat = 992.966
stat.node.4.injector.phase_cycles = 3976021
stat.node.4.injector.request_bytes = 559488
stat.node.4.injector.response_bytes = 1010752
stat.node.4.injector.aggregate_bytes = 1570240
stat.node.4.injector.request_gbps = 2.70174
stat.node.4.injector.response_gbps = 4.88087
stat.node.4.injector.aggregate_gbps = 7.58261
stat.node.4.llc.cxl_miss = 4000
stat.node.4.llc.total_miss = 4000
stat.node.4.llc.avg_miss_lat = 884.273
stat.node.4.llc.avg_cxl_lat = 884.273
stat.node.4.llc.miss_lat_hist_bin_ns = 10
stat.node.4.llc.miss_lat_hist = [0,0,0,0,0,0,0,0,0,0,0,0,0,0,0,0,0,0,0,0,0,0,0,0,0,0,0,0,0,0,58,361,407,273,147,162,147,235,572,1490,138,10]
stat.node.4.util.dram_avg = 4.57007e-06
stat.node.4.walltime_s = 388.911
stat.node.4.active_time_s = 69.7662
stat.node.3.cpu.0.load_issue_to_complete_count = 3999
stat.node.3.cpu.0.avg_load_issue_to_complete_lat = 992.729
stat.node.3.injector.phase_cycles = 3974921
stat.node.3.injector.request_bytes = 559336
stat.node.3.injector.response_bytes = 1010432
stat.node.3.injector.aggregate_bytes = 1569768
stat.node.3.injector.request_gbps = 2.70175
stat.node.3.injector.response_gbps = 4.88067
stat.node.3.injector.aggregate_gbps = 7.58243
stat.node.3.llc.cxl_miss = 4000
stat.node.3.llc.total_miss = 4000
stat.node.3.llc.avg_miss_lat = 884.038
stat.node.3.llc.avg_cxl_lat = 884.038
stat.node.3.llc.miss_lat_hist_bin_ns = 10
stat.node.3.llc.miss_lat_hist = [0,0,0,0,0,0,0,0,0,0,0,0,0,0,0,0,0,0,0,0,0,0,0,0,0,0,0,0,0,0,33,227,388,306,273,226,235,292,548,1329,137,6]
stat.node.3.util.dram_avg = 4.57005e-06
stat.node.3.walltime_s = 388.919
stat.node.3.active_time_s = 73.2149
stat.node.2.cpu.0.load_issue_to_complete_count = 3999
stat.node.2.cpu.0.avg_load_issue_to_complete_lat = 995.223
stat.node.2.injector.phase_cycles = 3984958
stat.node.2.injector.request_bytes = 560800
stat.node.2.injector.response_bytes = 1012992
stat.node.2.injector.aggregate_bytes = 1573792
stat.node.2.injector.request_gbps = 2.702
stat.node.2.injector.response_gbps = 4.88072
stat.node.2.injector.aggregate_gbps = 7.58272
stat.node.2.llc.cxl_miss = 4000
stat.node.2.llc.total_miss = 4000
stat.node.2.llc.avg_miss_lat = 886.566
stat.node.2.llc.avg_cxl_lat = 886.566
stat.node.2.llc.miss_lat_hist_bin_ns = 10
stat.node.2.llc.miss_lat_hist = [0,0,0,0,0,0,0,0,0,0,0,0,0,0,0,0,0,0,0,0,0,0,0,0,0,0,0,0,0,0,36,245,430,310,169,169,154,285,658,1376,155,13]
stat.node.2.util.dram_avg = 4.56112e-06
stat.node.2.walltime_s = 389.105
stat.node.2.active_time_s = 75.7628
stat.pool.100.util.mem_avg = 0.21361
stat.pool.100.util.req_link_avg = 0.464748
stat.pool.100.walltime_s = 389.097
stat.pool.100.active_time_s = 2.65227
stat.switch.replicated_messages = 0
stat.switch.util.node_ingress_avg = 0.0580943
stat.switch.util.pool_ingress_avg = 0.994603
stat.switch.bw.host_to_switch_gbps = 2.85567
stat.switch.bw.switch_to_host_gbps = 6.11084
stat.switch.bw.host_link_total_gbps = 8.96651
stat.switch.walltime_s = 389.098
stat.switch.active_time_s = 8.37013
Simulation is complete, simulated time: 2.1942 ms
