stat.node.3.cpu.0.load_issue_to_complete_count = 299
stat.node.3.cpu.0.avg_load_issue_to_complete_lat = 1139.81
stat.node.3.injector.phase_cycles = 342162
stat.node.3.injector.request_bytes = 191984
stat.node.3.injector.response_bytes = 118144
stat.node.3.injector.aggregate_bytes = 310128
stat.node.3.injector.request_gbps = 10.7729
stat.node.3.injector.response_gbps = 6.62951
stat.node.3.injector.aggregate_gbps = 17.4025
stat.node.3.llc.cxl_miss = 300
stat.node.3.llc.total_miss = 300
stat.node.3.llc.avg_miss_lat = 809.24
stat.node.3.llc.avg_cxl_lat = 809.24
stat.node.3.llc.miss_lat_hist_bin_ns = 10
stat.node.3.llc.miss_lat_hist = [0,0,0,0,0,0,0,0,0,0,0,0,0,0,0,0,0,0,0,0,0,0,0,0,0,0,0,1,7,14,23,33,39,49,43,35,21,20,8,7]
stat.node.3.util.dram_avg = 2.95201e-05
stat.node.3.walltime_s = 711.948
stat.node.3.active_time_s = 24.444
stat.node.1.cpu.0.load_issue_to_complete_count = 299
stat.node.1.cpu.0.avg_load_issue_to_complete_lat = 1139.55
stat.node.1.injector.phase_cycles = 342091
stat.node.1.injector.request_bytes = 191984
stat.node.1.injector.response_bytes = 118144
stat.node.1.injector.aggregate_bytes = 310128
stat.node.1.injector.request_gbps = 10.7752
stat.node.1.injector.response_gbps = 6.63088
stat.node.1.injector.aggregate_gbps = 17.4061
stat.node.1.llc.cxl_miss = 300
stat.node.1.llc.total_miss = 300
stat.node.1.llc.avg_miss_lat = 808.633
stat.node.1.llc.avg_cxl_lat = 808.633
stat.node.1.llc.miss_lat_hist_bin_ns = 10
stat.node.1.llc.miss_lat_hist = [0,0,0,0,0,0,0,0,0,0,0,0,0,0,0,0,0,0,0,0,0,0,0,0,0,0,2,3,2,19,19,32,41,43,44,35,24,24,7,5]
stat.node.1.util.dram_avg = 2.94901e-05
stat.node.1.walltime_s = 712.48
stat.node.1.active_time_s = 15.4734
stat.node.0.cpu.0.load_issue_to_complete_count = 299
stat.node.0.cpu.0.avg_load_issue_to_complete_lat = 1140.2
stat.node.0.injector.phase_cycles = 342215
stat.node.0.injector.request_bytes = 192048
stat.node.0.injector.response_bytes = 118144
stat.node.0.injector.aggregate_bytes = 310192
stat.node.0.injector.request_gbps = 10.7749
stat.node.0.injector.response_gbps = 6.62848
stat.node.0.injector.aggregate_gbps = 17.4033
stat.node.0.llc.cxl_miss = 300
stat.node.0.llc.total_miss = 300
stat.node.0.llc.avg_miss_lat = 806.603
stat.node.0.llc.avg_cxl_lat = 806.603
stat.node.0.llc.miss_lat_hist_bin_ns = 10
stat.node.0.llc.miss_lat_hist = [0,0,0,0,0,0,0,0,0,0,0,0,0,0,0,0,0,0,0,0,0,0,0,0,0,0,0,2,6,16,18,37,51,36,45,36,27,11,11,3,1]
stat.node.0.util.dram_avg = 2.94892e-05
stat.node.0.walltime_s = 713.144
stat.node.0.active_time_s = 13.8553
stat.node.6.cpu.0.load_issue_to_complete_count = 299
stat.node.6.cpu.0.avg_load_issue_to_complete_lat = 1143.45
stat.node.6.injector.phase_cycles = 343404
stat.node.6.injector.request_bytes = 192672
stat.node.6.injector.response_bytes = 118592
stat.node.6.injector.aggregate_bytes = 311264
stat.node.6.injector.request_gbps = 10.7724
stat.node.6.injector.response_gbps = 6.63058
stat.node.6.injector.aggregate_gbps = 17.403
stat.node.6.llc.cxl_miss = 300
stat.node.6.llc.total_miss = 300
stat.node.6.llc.avg_miss_lat = 812.003
stat.node.6.llc.avg_cxl_lat = 812.003
stat.node.6.llc.miss_lat_hist_bin_ns = 10
stat.node.6.llc.miss_lat_hist = [0,0,0,0,0,0,0,0,0,0,0,0,0,0,0,0,0,0,0,0,0,0,0,0,0,0,0,2,6,13,21,19,52,42,43,39,29,22,6,6]
stat.node.6.util.dram_avg = 2.94351e-05
stat.node.6.walltime_s = 719.039
stat.node.6.active_time_s = 12.0819
stat.node.7.cpu.0.load_issue_to_complete_count = 299
stat.node.7.cpu.0.avg_load_issue_to_complete_lat = 1142.45
stat.node.7.injector.phase_cycles = 342962
stat.node.7.injector.request_bytes = 192472
stat.node.7.injector.response_bytes = 118400
stat.node.7.injector.aggregate_bytes = 310872
stat.node.7.injector.request_gbps = 10.7751
stat.node.7.injector.response_gbps = 6.62837
stat.node.7.injector.aggregate_gbps = 17.4035
stat.node.7.llc.cxl_miss = 300
stat.node.7.llc.total_miss = 300
stat.node.7.llc.avg_miss_lat = 810.32
stat.node.7.llc.avg_cxl_lat = 810.32
stat.node.7.llc.miss_lat_hist_bin_ns = 10
stat.node.7.llc.miss_lat_hist = [0,0,0,0,0,0,0,0,0,0,0,0,0,0,0,0,0,0,0,0,0,0,0,0,0,0,2,4,9,14,11,24,55,38,44,39,30,10,11,9]
stat.node.7.util.dram_avg = 2.94037e-05
stat.node.7.walltime_s = 721.524
stat.node.7.active_time_s = 21.4614
stat.node.4.cpu.0.load_issue_to_complete_count = 299
stat.node.4.cpu.0.avg_load_issue_to_complete_lat = 1142.71
stat.node.4.injector.phase_cycles = 343083
stat.node.4.injector.request_bytes = 192464
stat.node.4.injector.response_bytes = 118464
stat.node.4.injector.aggregate_bytes = 310928
stat.node.4.injector.request_gbps = 10.7709
stat.node.4.injector.response_gbps = 6.62962
stat.node.4.injector.aggregate_gbps = 17.4005
stat.node.4.llc.cxl_miss = 300
stat.node.4.llc.total_miss = 300
stat.node.4.llc.avg_miss_lat = 808.67
stat.node.4.llc.avg_cxl_lat = 808.67
stat.node.4.llc.miss_lat_hist_bin_ns = 10
stat.node.4.llc.miss_lat_hist = [0,0,0,0,0,0,0,0,0,0,0,0,0,0,0,0,0,0,0,0,0,0,0,0,0,0,1,2,8,20,24,33,40,35,32,35,31,14,15,9,1]
stat.node.4.util.dram_avg = 2.93656e-05
stat.node.4.walltime_s = 723.74
stat.node.4.active_time_s = 13.4224
stat.node.5.cpu.0.load_issue_to_complete_count = 299
stat.node.5.cpu.0.avg_load_issue_to_complete_lat = 1147.25
stat.node.5.injector.phase_cycles = 344378
stat.node.5.injector.request_bytes = 193232
stat.node.5.injector.response_bytes = 118912
stat.node.5.injector.aggregate_bytes = 312144
stat.node.5.injector.request_gbps = 10.7732
stat.node.5.injector.response_gbps = 6.62966
stat.node.5.injector.aggregate_gbps = 17.4029
stat.node.5.llc.cxl_miss = 300
stat.node.5.llc.total_miss = 300
stat.node.5.llc.avg_miss_lat = 813.33
stat.node.5.llc.avg_cxl_lat = 813.33
stat.node.5.llc.miss_lat_hist_bin_ns = 10
stat.node.5.llc.miss_lat_hist = [0,0,0,0,0,0,0,0,0,0,0,0,0,0,0,0,0,0,0,0,0,0,0,0,0,0,0,3,9,10,10,37,45,39,43,38,29,19,14,3,1]
stat.node.5.util.dram_avg = 2.93409e-05
stat.node.5.walltime_s = 724.977
stat.node.5.active_time_s = 20.8473
stat.node.2.cpu.0.load_issue_to_complete_count = 299
stat.node.2.cpu.0.avg_load_issue_to_complete_lat = 1152.14
stat.node.2.injector.phase_cycles = 345867
stat.node.2.injector.request_bytes = 194064
stat.node.2.injector.response_bytes = 119424
stat.node.2.injector.aggregate_bytes = 313488
stat.node.2.injector.request_gbps = 10.773
stat.node.2.injector.response_gbps = 6.62954
stat.node.2.injector.aggregate_gbps = 17.4026
stat.node.2.llc.cxl_miss = 300
stat.node.2.llc.total_miss = 300
stat.node.2.llc.avg_miss_lat = 820.2
stat.node.2.llc.avg_cxl_lat = 820.2
stat.node.2.llc.miss_lat_hist_bin_ns = 10
stat.node.2.llc.miss_lat_hist = [0,0,0,0,0,0,0,0,0,0,0,0,0,0,0,0,0,0,0,0,0,0,0,0,0,0,1,2,2,10,20,24,44,33,49,39,28,25,17,5,1]
stat.node.2.util.dram_avg = 2.92401e-05
stat.node.2.walltime_s = 728.144
stat.node.2.active_time_s = 13.3315
stat.pool.101.util.mem_avg = 0.231995
stat.pool.101.util.req_link_avg = 0.886875
stat.pool.101.walltime_s = 728.228
stat.pool.101.active_time_s = 0.591701
stat.pool.100.util.mem_avg = 0.231708
stat.pool.100.util.req_link_avg = 0.890919
stat.pool.100.walltime_s = 728.228
stat.pool.100.active_time_s = 0.950699
stat.switch.replicated_messages = 0
stat.switch.util.node_ingress_avg = 0.222286
stat.switch.util.pool_ingress_avg = 0.640249
stat.switch.bw.host_to_switch_gbps = 10.928
stat.switch.bw.switch_to_host_gbps = 7.8672
stat.switch.bw.host_link_total_gbps = 18.7952
stat.switch.walltime_s = 728.252
stat.switch.active_time_s = 2.65007
Simulation is complete, simulated time: 342.27 us
