stat.node.4.cpu.0.load_issue_to_complete_count = 299
stat.node.4.cpu.0.avg_load_issue_to_complete_lat = 1029.46
stat.node.4.injector.phase_cycles = 309067
stat.node.4.injector.request_bytes = 84680
stat.node.4.injector.response_bytes = 9280
stat.node.4.injector.aggregate_bytes = 93960
stat.node.4.injector.request_gbps = 5.26053
stat.node.4.injector.response_gbps = 0.576496
stat.node.4.injector.aggregate_gbps = 5.83703
stat.node.4.llc.cxl_miss = 300
stat.node.4.llc.total_miss = 300
stat.node.4.llc.avg_miss_lat = 708.95
stat.node.4.llc.avg_cxl_lat = 708.95
stat.node.4.llc.miss_lat_hist_bin_ns = 10
stat.node.4.llc.miss_lat_hist = [0,0,0,0,0,0,0,0,0,0,0,0,0,0,0,0,0,0,0,0,0,0,0,0,0,0,23,34,77,72,31,14,17,20,9,2,1]
stat.node.4.util.dram_avg = 3.28243e-05
stat.node.4.walltime_s = 721.261
stat.node.4.active_time_s = 13.4628
stat.node.5.cpu.0.load_issue_to_complete_count = 299
stat.node.5.cpu.0.avg_load_issue_to_complete_lat = 1034.95
stat.node.5.injector.phase_cycles = 310684
stat.node.5.injector.request_bytes = 85136
stat.node.5.injector.response_bytes = 9344
stat.node.5.injector.aggregate_bytes = 94480
stat.node.5.injector.request_gbps = 5.26133
stat.node.5.injector.response_gbps = 0.577451
stat.node.5.injector.aggregate_gbps = 5.83878
stat.node.5.llc.cxl_miss = 300
stat.node.5.llc.total_miss = 300
stat.node.5.llc.avg_miss_lat = 714.873
stat.node.5.llc.avg_cxl_lat = 714.873
stat.node.5.llc.miss_lat_hist_bin_ns = 10
stat.node.5.llc.miss_lat_hist = [0,0,0,0,0,0,0,0,0,0,0,0,0,0,0,0,0,0,0,0,0,0,0,0,0,0,15,26,76,75,28,22,32,17,4,3,0,2]
stat.node.5.util.dram_avg = 3.26882e-05
stat.node.5.walltime_s = 721.78
stat.node.5.active_time_s = 18.2467
stat.node.6.cpu.0.load_issue_to_complete_count = 299
stat.node.6.cpu.0.avg_load_issue_to_complete_lat = 1031.82
stat.node.6.injector.phase_cycles = 309750
stat.node.6.injector.request_bytes = 84872
stat.node.6.injector.response_bytes = 9344
stat.node.6.injector.aggregate_bytes = 94216
stat.node.6.injector.request_gbps = 5.26083
stat.node.6.injector.response_gbps = 0.579192
stat.node.6.injector.aggregate_gbps = 5.84002
stat.node.6.llc.cxl_miss = 300
stat.node.6.llc.total_miss = 300
stat.node.6.llc.avg_miss_lat = 710.56
stat.node.6.llc.avg_cxl_lat = 710.56
stat.node.6.llc.miss_lat_hist_bin_ns = 10
stat.node.6.llc.miss_lat_hist = [0,0,0,0,0,0,0,0,0,0,0,0,0,0,0,0,0,0,0,0,0,0,0,0,0,0,19,25,86,75,32,11,26,20,1,0,4,1]
stat.node.6.util.dram_avg = 3.26871e-05
stat.node.6.walltime_s = 721.797
stat.node.6.active_time_s = 12.4973
stat.node.7.cpu.0.load_issue_to_complete_count = 299
stat.node.7.cpu.0.avg_load_issue_to_complete_lat = 1033.21
stat.node.7.injector.phase_cycles = 310167
stat.node.7.injector.request_bytes = 85000
stat.node.7.injector.response_bytes = 9344
stat.node.7.injector.aggregate_bytes = 94344
stat.node.7.injector.request_gbps = 5.26168
stat.node.7.injector.response_gbps = 0.578414
stat.node.7.injector.aggregate_gbps = 5.8401
stat.node.7.llc.cxl_miss = 300
stat.node.7.llc.total_miss = 300
stat.node.7.llc.avg_miss_lat = 712.113
stat.node.7.llc.avg_cxl_lat = 712.113
stat.node.7.llc.miss_lat_hist_bin_ns = 10
stat.node.7.llc.miss_lat_hist = [0,0,0,0,0,0,0,0,0,0,0,0,0,0,0,0,0,0,0,0,0,0,0,0,0,0,12,28,88,84,18,8,23,36,3]
stat.node.7.util.dram_avg = 3.26675e-05
stat.node.7.walltime_s = 721.821
stat.node.7.active_time_s = 18.0208
stat.node.0.cpu.0.load_issue_to_complete_count = 299
stat.node.0.cpu.0.avg_load_issue_to_complete_lat = 1034.95
stat.node.0.injector.phase_cycles = 310684
stat.node.0.injector.request_bytes = 85136
stat.node.0.injector.response_bytes = 9344
stat.node.0.injector.aggregate_bytes = 94480
stat.node.0.injector.request_gbps = 5.26133
stat.node.0.injector.response_gbps = 0.577451
stat.node.0.injector.aggregate_gbps = 5.83878
stat.node.0.llc.cxl_miss = 300
stat.node.0.llc.total_miss = 300
stat.node.0.llc.avg_miss_lat = 713.537
stat.node.0.llc.avg_cxl_lat = 713.537
stat.node.0.llc.miss_lat_hist_bin_ns = 10
stat.node.0.llc.miss_lat_hist = [0,0,0,0,0,0,0,0,0,0,0,0,0,0,0,0,0,0,0,0,0,0,0,0,0,0,9,30,86,74,26,31,21,11,1,4,7]
stat.node.0.util.dram_avg = 3.25936e-05
stat.node.0.walltime_s = 725.133
stat.node.0.active_time_s = 9.9438
stat.node.1.cpu.0.load_issue_to_complete_count = 299
stat.node.1.cpu.0.avg_load_issue_to_complete_lat = 1036.43
stat.node.1.injector.phase_cycles = 311126
stat.node.1.injector.request_bytes = 85264
stat.node.1.injector.response_bytes = 9344
stat.node.1.injector.aggregate_bytes = 94608
stat.node.1.injector.request_gbps = 5.26176
stat.node.1.injector.response_gbps = 0.576631
stat.node.1.injector.aggregate_gbps = 5.83839
stat.node.1.llc.cxl_miss = 300
stat.node.1.llc.total_miss = 300
stat.node.1.llc.avg_miss_lat = 715.01
stat.node.1.llc.avg_cxl_lat = 715.01
stat.node.1.llc.miss_lat_hist_bin_ns = 10
stat.node.1.llc.miss_lat_hist = [0,0,0,0,0,0,0,0,0,0,0,0,0,0,0,0,0,0,0,0,0,0,0,0,0,0,6,23,100,78,21,11,27,29,3,0,1,1]
stat.node.1.util.dram_avg = 3.2573e-05
stat.node.1.walltime_s = 725.198
stat.node.1.active_time_s = 18.935
stat.node.2.cpu.0.load_issue_to_complete_count = 299
stat.node.2.cpu.0.avg_load_issue_to_complete_lat = 1036.43
stat.node.2.injector.phase_cycles = 311126
stat.node.2.injector.request_bytes = 85264
stat.node.2.injector.response_bytes = 9344
stat.node.2.injector.aggregate_bytes = 94608
stat.node.2.injector.request_gbps = 5.26176
stat.node.2.injector.response_gbps = 0.576631
stat.node.2.injector.aggregate_gbps = 5.83839
stat.node.2.llc.cxl_miss = 300
stat.node.2.llc.total_miss = 300
stat.node.2.llc.avg_miss_lat = 714.49
stat.node.2.llc.avg_cxl_lat = 714.49
stat.node.2.llc.miss_lat_hist_bin_ns = 10
stat.node.2.llc.miss_lat_hist = [0,0,0,0,0,0,0,0,0,0,0,0,0,0,0,0,0,0,0,0,0,0,0,0,0,0,11,26,86,87,21,8,24,27,10]
stat.node.2.util.dram_avg = 3.25719e-05
stat.node.2.walltime_s = 725.182
stat.node.2.active_time_s = 11.0752
stat.node.3.cpu.0.load_issue_to_complete_count = 299
stat.node.3.cpu.0.avg_load_issue_to_complete_lat = 1035.98
stat.node.3.injector.phase_cycles = 310993
stat.node.3.injector.request_bytes = 85200
stat.node.3.injector.response_bytes = 9344
stat.node.3.injector.aggregate_bytes = 94544
stat.node.3.injector.request_gbps = 5.26005
stat.node.3.injector.response_gbps = 0.576877
stat.node.3.injector.aggregate_gbps = 5.83693
stat.node.3.llc.cxl_miss = 300
stat.node.3.llc.total_miss = 300
stat.node.3.llc.avg_miss_lat = 716.127
stat.node.3.llc.avg_cxl_lat = 716.127
stat.node.3.llc.miss_lat_hist_bin_ns = 10
stat.node.3.llc.miss_lat_hist = [0,0,0,0,0,0,0,0,0,0,0,0,0,0,0,0,0,0,0,0,0,0,0,0,0,0,12,21,71,105,23,7,25,29,7]
stat.node.3.util.dram_avg = 3.25697e-05
stat.node.3.walltime_s = 725.212
stat.node.3.active_time_s = 16.4394
stat.pool.100.util.mem_avg = 0.185996
stat.pool.100.util.req_link_avg = 0.883879
stat.pool.100.walltime_s = 725.348
stat.pool.100.active_time_s = 0.638245
stat.switch.replicated_messages = 0
stat.switch.util.node_ingress_avg = 0.110517
stat.switch.util.pool_ingress_avg = 0.318571
stat.switch.bw.host_to_switch_gbps = 5.43253
stat.switch.bw.switch_to_host_gbps = 1.9573
stat.switch.bw.host_link_total_gbps = 7.38983
stat.switch.walltime_s = 725.348
stat.switch.active_time_s = 2.19843
Simulation is complete, simulated time: 307.28 us
