stat.node.6.cpu.0.load_issue_to_complete_count = 299
stat.node.6.cpu.0.avg_load_issue_to_complete_lat = 936.358
stat.node.6.injector.phase_cycles = 281151
stat.node.6.injector.request_bytes = 14632
stat.node.6.injector.response_bytes = 9024
stat.node.6.injector.aggregate_bytes = 23656
stat.node.6.injector.request_gbps = 0.99923
stat.node.6.injector.response_gbps = 0.616255
stat.node.6.injector.aggregate_gbps = 1.61548
stat.node.6.llc.cxl_miss = 300
stat.node.6.llc.total_miss = 300
stat.node.6.llc.avg_miss_lat = 628.08
stat.node.6.llc.avg_cxl_lat = 628.08
stat.node.6.llc.miss_lat_hist_bin_ns = 10
stat.node.6.llc.miss_lat_hist = [0,0,0,0,0,0,0,0,0,0,0,0,0,0,0,0,0,0,0,0,0,0,0,0,0,0,286,7,6,1]
stat.node.6.util.dram_avg = 3.59317e-05
stat.node.6.walltime_s = 1361.56
stat.node.6.active_time_s = 11.2342
stat.node.4.cpu.0.load_issue_to_complete_count = 299
stat.node.4.cpu.0.avg_load_issue_to_complete_lat = 937.355
stat.node.4.injector.phase_cycles = 281449
stat.node.4.injector.request_bytes = 14696
stat.node.4.injector.response_bytes = 9024
stat.node.4.injector.aggregate_bytes = 23720
stat.node.4.injector.request_gbps = 1.00254
stat.node.4.injector.response_gbps = 0.615603
stat.node.4.injector.aggregate_gbps = 1.61814
stat.node.4.llc.cxl_miss = 300
stat.node.4.llc.total_miss = 300
stat.node.4.llc.avg_miss_lat = 629.36
stat.node.4.llc.avg_cxl_lat = 629.36
stat.node.4.llc.miss_lat_hist_bin_ns = 10
stat.node.4.llc.miss_lat_hist = [0,0,0,0,0,0,0,0,0,0,0,0,0,0,0,0,0,0,0,0,0,0,0,0,0,0,282,6,3,5,4]
stat.node.4.util.dram_avg = 3.59155e-05
stat.node.4.walltime_s = 1361.56
stat.node.4.active_time_s = 11.2463
stat.node.1.cpu.0.load_issue_to_complete_count = 299
stat.node.1.cpu.0.avg_load_issue_to_complete_lat = 937.475
stat.node.1.injector.phase_cycles = 281485
stat.node.1.injector.request_bytes = 14696
stat.node.1.injector.response_bytes = 9024
stat.node.1.injector.aggregate_bytes = 23720
stat.node.1.injector.request_gbps = 1.00241
stat.node.1.injector.response_gbps = 0.615524
stat.node.1.injector.aggregate_gbps = 1.61793
stat.node.1.llc.cxl_miss = 300
stat.node.1.llc.total_miss = 300
stat.node.1.llc.avg_miss_lat = 629.23
stat.node.1.llc.avg_cxl_lat = 629.23
stat.node.1.llc.miss_lat_hist_bin_ns = 10
stat.node.1.llc.miss_lat_hist = [0,0,0,0,0,0,0,0,0,0,0,0,0,0,0,0,0,0,0,0,0,0,0,0,0,0,276,16,3,5]
stat.node.1.util.dram_avg = 3.59055e-05
stat.node.1.walltime_s = 1361.59
stat.node.1.active_time_s = 18.2022
stat.node.7.cpu.0.load_issue_to_complete_count = 299
stat.node.7.cpu.0.avg_load_issue_to_complete_lat = 937.411
stat.node.7.injector.phase_cycles = 281466
stat.node.7.injector.request_bytes = 14696
stat.node.7.injector.response_bytes = 9024
stat.node.7.injector.aggregate_bytes = 23720
stat.node.7.injector.request_gbps = 1.00248
stat.node.7.injector.response_gbps = 0.615566
stat.node.7.injector.aggregate_gbps = 1.61804
stat.node.7.llc.cxl_miss = 300
stat.node.7.llc.total_miss = 300
stat.node.7.llc.avg_miss_lat = 628.99
stat.node.7.llc.avg_cxl_lat = 628.99
stat.node.7.llc.miss_lat_hist_bin_ns = 10
stat.node.7.llc.miss_lat_hist = [0,0,0,0,0,0,0,0,0,0,0,0,0,0,0,0,0,0,0,0,0,0,0,0,0,0,277,13,7,3]
stat.node.7.util.dram_avg = 3.59053e-05
stat.node.7.walltime_s = 1361.59
stat.node.7.active_time_s = 19.0354
stat.node.5.cpu.0.load_issue_to_complete_count = 299
stat.node.5.cpu.0.avg_load_issue_to_complete_lat = 938.023
stat.node.5.injector.phase_cycles = 281649
stat.node.5.injector.request_bytes = 14696
stat.node.5.injector.response_bytes = 9024
stat.node.5.injector.aggregate_bytes = 23720
stat.node.5.injector.request_gbps = 1.00183
stat.node.5.injector.response_gbps = 0.615166
stat.node.5.injector.aggregate_gbps = 1.61699
stat.node.5.llc.cxl_miss = 300
stat.node.5.llc.total_miss = 300
stat.node.5.llc.avg_miss_lat = 629.657
stat.node.5.llc.avg_cxl_lat = 629.657
stat.node.5.llc.miss_lat_hist_bin_ns = 10
stat.node.5.llc.miss_lat_hist = [0,0,0,0,0,0,0,0,0,0,0,0,0,0,0,0,0,0,0,0,0,0,0,0,0,0,275,15,6,0,4]
stat.node.5.util.dram_avg = 3.58968e-05
stat.node.5.walltime_s = 1361.61
stat.node.5.active_time_s = 17.0797
stat.node.3.cpu.0.load_issue_to_complete_count = 299
stat.node.3.cpu.0.avg_load_issue_to_complete_lat = 936.809
stat.node.3.injector.phase_cycles = 281286
stat.node.3.injector.request_bytes = 14632
stat.node.3.injector.response_bytes = 9024
stat.node.3.injector.aggregate_bytes = 23656
stat.node.3.injector.request_gbps = 0.99875
stat.node.3.injector.response_gbps = 0.61596
stat.node.3.injector.aggregate_gbps = 1.61471
stat.node.3.llc.cxl_miss = 300
stat.node.3.llc.total_miss = 300
stat.node.3.llc.avg_miss_lat = 629.22
stat.node.3.llc.avg_cxl_lat = 629.22
stat.node.3.llc.miss_lat_hist_bin_ns = 10
stat.node.3.llc.miss_lat_hist = [0,0,0,0,0,0,0,0,0,0,0,0,0,0,0,0,0,0,0,0,0,0,0,0,0,0,276,17,5,2]
stat.node.3.util.dram_avg = 3.58967e-05
stat.node.3.walltime_s = 1361.66
stat.node.3.active_time_s = 19.6397
stat.node.0.cpu.0.load_issue_to_complete_count = 299
stat.node.0.cpu.0.avg_load_issue_to_complete_lat = 936.816
stat.node.0.injector.phase_cycles = 281288
stat.node.0.injector.request_bytes = 14624
stat.node.0.injector.response_bytes = 9024
stat.node.0.injector.aggregate_bytes = 23648
stat.node.0.injector.request_gbps = 0.998197
stat.node.0.injector.response_gbps = 0.615955
stat.node.0.injector.aggregate_gbps = 1.61415
stat.node.0.llc.cxl_miss = 300
stat.node.0.llc.total_miss = 300
stat.node.0.llc.avg_miss_lat = 629.407
stat.node.0.llc.avg_cxl_lat = 629.407
stat.node.0.llc.miss_lat_hist_bin_ns = 10
stat.node.0.llc.miss_lat_hist = [0,0,0,0,0,0,0,0,0,0,0,0,0,0,0,0,0,0,0,0,0,0,0,0,0,0,271,22,5,2]
stat.node.0.util.dram_avg = 3.58868e-05
stat.node.0.walltime_s = 1361.7
stat.node.0.active_time_s = 11.2699
stat.node.2.cpu.0.load_issue_to_complete_count = 299
stat.node.2.cpu.0.avg_load_issue_to_complete_lat = 937.983
stat.node.2.injector.phase_cycles = 281637
stat.node.2.injector.request_bytes = 14624
stat.node.2.injector.response_bytes = 9024
stat.node.2.injector.aggregate_bytes = 23648
stat.node.2.injector.request_gbps = 0.99696
stat.node.2.injector.response_gbps = 0.615192
stat.node.2.injector.aggregate_gbps = 1.61215
stat.node.2.llc.cxl_miss = 300
stat.node.2.llc.total_miss = 300
stat.node.2.llc.avg_miss_lat = 630.75
stat.node.2.llc.avg_cxl_lat = 630.75
stat.node.2.llc.miss_lat_hist_bin_ns = 10
stat.node.2.llc.miss_lat_hist = [0,0,0,0,0,0,0,0,0,0,0,0,0,0,0,0,0,0,0,0,0,0,0,0,0,0,273,18,1,6,2]
stat.node.2.util.dram_avg = 3.58679e-05
stat.node.2.walltime_s = 1362.06
stat.node.2.active_time_s = 12.5966
stat.pool.101.util.mem_avg = 0.0397767
stat.pool.101.util.req_link_avg = 0.0972148
stat.pool.101.walltime_s = 1362.06
stat.pool.101.active_time_s = 0.426438
stat.pool.100.util.mem_avg = 0.0397768
stat.pool.100.util.req_link_avg = 0.0962357
stat.pool.100.walltime_s = 1362.06
stat.pool.100.active_time_s = 0.627753
stat.switch.replicated_messages = 0
stat.switch.util.node_ingress_avg = 0.0241823
stat.switch.util.pool_ingress_avg = 0.173563
stat.switch.bw.host_to_switch_gbps = 1.18863
stat.switch.bw.switch_to_host_gbps = 2.13256
stat.switch.bw.host_link_total_gbps = 3.32119
stat.switch.walltime_s = 1362.06
stat.switch.active_time_s = 2.4786
Simulation is complete, simulated time: 279.024 us
