stat.node.1.cpu.0.retired = 819
stat.node.1.cpu.0.cycles = 1000000
stat.node.2.cpu.0.retired = 819
stat.node.2.cpu.0.cycles = 1000000
stat.node.3.cpu.0.retired = 819
stat.node.3.cpu.0.cycles = 1000000
stat.node.4.cpu.0.retired = 820
stat.node.4.cpu.0.cycles = 1000000
stat.node.5.cpu.0.retired = 820
stat.node.5.cpu.0.cycles = 1000000
stat.node.6.cpu.0.retired = 819
stat.node.6.cpu.0.cycles = 1000000
stat.node.7.cpu.0.retired = 819
stat.node.7.cpu.0.cycles = 1000000
stat.node.0.cpu.0.retired = 819
stat.node.0.cpu.0.cycles = 1000000
stat.node.4.cpu.0.load_issue_to_complete_count = 499
stat.node.4.cpu.0.avg_load_issue_to_complete_lat = 999.104
stat.node.4.injector.phase_cycles = 500820
stat.node.4.injector.request_bytes = 117936
stat.node.4.injector.response_bytes = 72576
stat.node.4.injector.aggregate_bytes = 190512
stat.node.4.injector.request_gbps = 4.52133
stat.node.4.injector.response_gbps = 2.78236
stat.node.4.injector.aggregate_gbps = 7.30368
stat.node.4.llc.cxl_miss = 500
stat.node.4.llc.total_miss = 500
stat.node.4.llc.avg_miss_lat = 763.156
stat.node.4.llc.avg_cxl_lat = 763.156
stat.node.4.llc.miss_lat_hist_bin_ns = 10
stat.node.4.llc.miss_lat_hist = [0,0,0,0,0,0,0,0,0,0,0,0,0,0,0,0,0,0,0,0,0,0,0,0,0,0,32,51,71,35,33,24,44,81,31,28,24,22,18,5,1]
stat.node.4.util.dram_avg = 2.04514e-05
stat.node.4.walltime_s = 567.779
stat.node.4.active_time_s = 20.8765
stat.node.5.cpu.0.load_issue_to_complete_count = 499
stat.node.5.cpu.0.avg_load_issue_to_complete_lat = 1000.11
stat.node.5.injector.phase_cycles = 501171
stat.node.5.injector.request_bytes = 118008
stat.node.5.injector.response_bytes = 72640
stat.node.5.injector.aggregate_bytes = 190648
stat.node.5.injector.request_gbps = 4.52092
stat.node.5.injector.response_gbps = 2.78286
stat.node.5.injector.aggregate_gbps = 7.30378
stat.node.5.llc.cxl_miss = 500
stat.node.5.llc.total_miss = 500
stat.node.5.llc.avg_miss_lat = 764.536
stat.node.5.llc.avg_cxl_lat = 764.536
stat.node.5.llc.miss_lat_hist_bin_ns = 10
stat.node.5.llc.miss_lat_hist = [0,0,0,0,0,0,0,0,0,0,0,0,0,0,0,0,0,0,0,0,0,0,0,0,0,0,35,60,34,36,20,34,72,94,31,25,28,21,5,4,1]
stat.node.5.util.dram_avg = 2.04422e-05
stat.node.5.walltime_s = 567.801
stat.node.5.active_time_s = 20.1018
stat.node.6.cpu.0.load_issue_to_complete_count = 499
stat.node.6.cpu.0.avg_load_issue_to_complete_lat = 999.918
stat.node.6.injector.phase_cycles = 501352
stat.node.6.injector.request_bytes = 118008
stat.node.6.injector.response_bytes = 72640
stat.node.6.injector.aggregate_bytes = 190648
stat.node.6.injector.request_gbps = 4.51929
stat.node.6.injector.response_gbps = 2.78185
stat.node.6.injector.aggregate_gbps = 7.30114
stat.node.6.llc.cxl_miss = 500
stat.node.6.llc.total_miss = 500
stat.node.6.llc.avg_miss_lat = 764.452
stat.node.6.llc.avg_cxl_lat = 764.452
stat.node.6.llc.miss_lat_hist_bin_ns = 10
stat.node.6.llc.miss_lat_hist = [0,0,0,0,0,0,0,0,0,0,0,0,0,0,0,0,0,0,0,0,0,0,0,0,0,0,36,50,37,43,64,29,43,56,41,29,26,15,27,4]
stat.node.6.util.dram_avg = 2.04369e-05
stat.node.6.walltime_s = 567.814
stat.node.6.active_time_s = 17.9881
stat.node.7.cpu.0.load_issue_to_complete_count = 499
stat.node.7.cpu.0.avg_load_issue_to_complete_lat = 999.491
stat.node.7.injector.phase_cycles = 501277
stat.node.7.injector.request_bytes = 118008
stat.node.7.injector.response_bytes = 72640
stat.node.7.injector.aggregate_bytes = 190648
stat.node.7.injector.request_gbps = 4.51996
stat.node.7.injector.response_gbps = 2.78227
stat.node.7.injector.aggregate_gbps = 7.30223
stat.node.7.llc.cxl_miss = 500
stat.node.7.llc.total_miss = 500
stat.node.7.llc.avg_miss_lat = 763.75
stat.node.7.llc.avg_cxl_lat = 763.75
stat.node.7.llc.miss_lat_hist_bin_ns = 10
stat.node.7.llc.miss_lat_hist = [0,0,0,0,0,0,0,0,0,0,0,0,0,0,0,0,0,0,0,0,0,0,0,0,0,0,44,57,39,43,11,23,66,70,71,28,13,16,17,2]
stat.node.7.util.dram_avg = 2.04365e-05
stat.node.7.walltime_s = 567.815
stat.node.7.active_time_s = 22.4617
stat.node.0.cpu.0.load_issue_to_complete_count = 499
stat.node.0.cpu.0.avg_load_issue_to_complete_lat = 999.491
stat.node.0.injector.phase_cycles = 501277
stat.node.0.injector.request_bytes = 118008
stat.node.0.injector.response_bytes = 72640
stat.node.0.injector.aggregate_bytes = 190648
stat.node.0.injector.request_gbps = 4.51996
stat.node.0.injector.response_gbps = 2.78227
stat.node.0.injector.aggregate_gbps = 7.30223
stat.node.0.llc.cxl_miss = 500
stat.node.0.llc.total_miss = 500
stat.node.0.llc.avg_miss_lat = 764.96
stat.node.0.llc.avg_cxl_lat = 764.96
stat.node.0.llc.miss_lat_hist_bin_ns = 10
stat.node.0.llc.miss_lat_hist = [0,0,0,0,0,0,0,0,0,0,0,0,0,0,0,0,0,0,0,0,0,0,0,0,0,0,40,47,33,37,21,72,60,61,43,23,21,23,16,3]
stat.node.0.util.dram_avg = 2.0436e-05
stat.node.0.walltime_s = 567.816
stat.node.0.active_time_s = 18.391
stat.node.1.cpu.0.load_issue_to_complete_count = 499
stat.node.1.cpu.0.avg_load_issue_to_complete_lat = 999.455
stat.node.1.injector.phase_cycles = 501065
stat.node.1.injector.request_bytes = 117936
stat.node.1.injector.response_bytes = 72576
stat.node.1.injector.aggregate_bytes = 190512
stat.node.1.injector.request_gbps = 4.51912
stat.node.1.injector.response_gbps = 2.78099
stat.node.1.injector.aggregate_gbps = 7.30011
stat.node.1.llc.cxl_miss = 500
stat.node.1.llc.total_miss = 500
stat.node.1.llc.avg_miss_lat = 763.632
stat.node.1.llc.avg_cxl_lat = 763.632
stat.node.1.llc.miss_lat_hist_bin_ns = 10
stat.node.1.llc.miss_lat_hist = [0,0,0,0,0,0,0,0,0,0,0,0,0,0,0,0,0,0,0,0,0,0,0,0,0,0,30,37,78,52,17,35,61,73,26,24,8,17,34,8]
stat.node.1.util.dram_avg = 2.04356e-05
stat.node.1.walltime_s = 567.832
stat.node.1.active_time_s = 25.7771
stat.node.2.cpu.0.load_issue_to_complete_count = 499
stat.node.2.cpu.0.avg_load_issue_to_complete_lat = 999.447
stat.node.2.injector.phase_cycles = 500969
stat.node.2.injector.request_bytes = 117936
stat.node.2.injector.response_bytes = 72576
stat.node.2.injector.aggregate_bytes = 190512
stat.node.2.injector.request_gbps = 4.51998
stat.node.2.injector.response_gbps = 2.78153
stat.node.2.injector.aggregate_gbps = 7.30151
stat.node.2.llc.cxl_miss = 500
stat.node.2.llc.total_miss = 500
stat.node.2.llc.avg_miss_lat = 763.628
stat.node.2.llc.avg_cxl_lat = 763.628
stat.node.2.llc.miss_lat_hist_bin_ns = 10
stat.node.2.llc.miss_lat_hist = [0,0,0,0,0,0,0,0,0,0,0,0,0,0,0,0,0,0,0,0,0,0,0,0,0,0,40,42,52,41,34,32,48,72,42,56,8,15,15,3]
stat.node.2.util.dram_avg = 2.04338e-05
stat.node.2.walltime_s = 567.826
stat.node.2.active_time_s = 21.1643
stat.node.3.cpu.0.load_issue_to_complete_count = 499
stat.node.3.cpu.0.avg_load_issue_to_complete_lat = 999.447
stat.node.3.injector.phase_cycles = 500944
stat.node.3.injector.request_bytes = 117872
stat.node.3.injector.response_bytes = 72576
stat.node.3.injector.aggregate_bytes = 190448
stat.node.3.injector.request_gbps = 4.51776
stat.node.3.injector.response_gbps = 2.78167
stat.node.3.injector.aggregate_gbps = 7.29942
stat.node.3.llc.cxl_miss = 500
stat.node.3.llc.total_miss = 500
stat.node.3.llc.avg_miss_lat = 763.714
stat.node.3.llc.avg_cxl_lat = 763.714
stat.node.3.llc.miss_lat_hist_bin_ns = 10
stat.node.3.llc.miss_lat_hist = [0,0,0,0,0,0,0,0,0,0,0,0,0,0,0,0,0,0,0,0,0,0,0,0,0,0,35,41,33,81,39,27,61,62,30,19,12,23,29,8]
stat.node.3.util.dram_avg = 2.04334e-05
stat.node.3.walltime_s = 567.843
stat.node.3.active_time_s = 24.1127
stat.pool.100.util.mem_avg = 0.214918
stat.pool.100.util.req_link_avg = 0.761844
stat.pool.100.walltime_s = 567.843
stat.pool.100.active_time_s = 0.78872
stat.switch.replicated_messages = 0
stat.switch.util.node_ingress_avg = 0.0952499
stat.switch.util.pool_ingress_avg = 0.664473
stat.switch.bw.host_to_switch_gbps = 4.68173
stat.switch.bw.switch_to_host_gbps = 4.08236
stat.switch.bw.host_link_total_gbps = 8.76409
stat.switch.walltime_s = 567.843
stat.switch.active_time_s = 2.4543
Simulation is complete, simulated time: 489.786 us
