stat.node.0.cpu.0.retired = 823
stat.node.0.cpu.0.cycles = 1000000
stat.node.2.cpu.0.retired = 828
stat.node.2.cpu.0.cycles = 1000000
stat.node.4.cpu.0.retired = 831
stat.node.4.cpu.0.cycles = 1000000
stat.node.6.cpu.0.retired = 827
stat.node.6.cpu.0.cycles = 1000000
stat.node.7.cpu.0.retired = 824
stat.node.7.cpu.0.cycles = 1000000
stat.node.1.cpu.0.retired = 823
stat.node.1.cpu.0.cycles = 1000000
stat.node.3.cpu.0.retired = 823
stat.node.3.cpu.0.cycles = 1000000
stat.node.5.cpu.0.retired = 825
stat.node.5.cpu.0.cycles = 1000000
stat.node.4.cpu.0.load_issue_to_complete_count = 499
stat.node.4.cpu.0.avg_load_issue_to_complete_lat = 988.784
stat.node.4.injector.phase_cycles = 495797
stat.node.4.injector.request_bytes = 146192
stat.node.4.injector.response_bytes = 16000
stat.node.4.injector.aggregate_bytes = 162192
stat.node.4.injector.request_gbps = 5.66136
stat.node.4.injector.response_gbps = 0.619608
stat.node.4.injector.aggregate_gbps = 6.28097
stat.node.4.llc.cxl_miss = 500
stat.node.4.llc.total_miss = 500
stat.node.4.llc.avg_miss_lat = 751.746
stat.node.4.llc.avg_cxl_lat = 751.746
stat.node.4.llc.miss_lat_hist_bin_ns = 10
stat.node.4.llc.miss_lat_hist = [0,0,0,0,0,0,0,0,0,0,0,0,0,0,0,0,0,0,0,0,0,0,0,0,0,0,74,47,19,29,41,57,58,83,36,6,22,18,8,2]
stat.node.4.util.dram_avg = 2.06484e-05
stat.node.4.walltime_s = 918.451
stat.node.4.active_time_s = 19.0081
stat.node.2.cpu.0.load_issue_to_complete_count = 499
stat.node.2.cpu.0.avg_load_issue_to_complete_lat = 983.988
stat.node.2.injector.phase_cycles = 493332
stat.node.2.injector.request_bytes = 145480
stat.node.2.injector.response_bytes = 15936
stat.node.2.injector.aggregate_bytes = 161416
stat.node.2.injector.request_gbps = 5.66194
stat.node.2.injector.response_gbps = 0.620214
stat.node.2.injector.aggregate_gbps = 6.28215
stat.node.2.llc.cxl_miss = 500
stat.node.2.llc.total_miss = 500
stat.node.2.llc.avg_miss_lat = 748.802
stat.node.2.llc.avg_cxl_lat = 748.802
stat.node.2.llc.miss_lat_hist_bin_ns = 10
stat.node.2.llc.miss_lat_hist = [0,0,0,0,0,0,0,0,0,0,0,0,0,0,0,0,0,0,0,0,0,0,0,0,0,0,90,39,19,22,41,71,43,64,60,17,13,17,4]
stat.node.2.util.dram_avg = 2.06214e-05
stat.node.2.walltime_s = 918.78
stat.node.2.active_time_s = 22.8582
stat.node.6.cpu.0.load_issue_to_complete_count = 499
stat.node.6.cpu.0.avg_load_issue_to_complete_lat = 982.962
stat.node.6.injector.phase_cycles = 492952
stat.node.6.injector.request_bytes = 145352
stat.node.6.injector.response_bytes = 15936
stat.node.6.injector.aggregate_bytes = 161288
stat.node.6.injector.request_gbps = 5.66132
stat.node.6.injector.response_gbps = 0.620692
stat.node.6.injector.aggregate_gbps = 6.28201
stat.node.6.llc.cxl_miss = 500
stat.node.6.llc.total_miss = 500
stat.node.6.llc.avg_miss_lat = 749.294
stat.node.6.llc.avg_cxl_lat = 749.294
stat.node.6.llc.miss_lat_hist_bin_ns = 10
stat.node.6.llc.miss_lat_hist = [0,0,0,0,0,0,0,0,0,0,0,0,0,0,0,0,0,0,0,0,0,0,0,0,0,0,14,25,17,67,150,73,53,55,17,9,5,8,7]
stat.node.6.util.dram_avg = 2.06128e-05
stat.node.6.walltime_s = 919.324
stat.node.6.active_time_s = 24.1599
stat.node.5.cpu.0.load_issue_to_complete_count = 499
stat.node.5.cpu.0.avg_load_issue_to_complete_lat = 984.609
stat.node.5.injector.phase_cycles = 493607
stat.node.5.injector.request_bytes = 145544
stat.node.5.injector.response_bytes = 15936
stat.node.5.injector.aggregate_bytes = 161480
stat.node.5.injector.request_gbps = 5.66127
stat.node.5.injector.response_gbps = 0.619868
stat.node.5.injector.aggregate_gbps = 6.28114
stat.node.5.llc.cxl_miss = 500
stat.node.5.llc.total_miss = 500
stat.node.5.llc.avg_miss_lat = 751.418
stat.node.5.llc.avg_cxl_lat = 751.418
stat.node.5.llc.miss_lat_hist_bin_ns = 10
stat.node.5.llc.miss_lat_hist = [0,0,0,0,0,0,0,0,0,0,0,0,0,0,0,0,0,0,0,0,0,0,0,0,0,0,17,45,57,42,30,56,151,65,10,10,4,9,4]
stat.node.5.util.dram_avg = 2.05979e-05
stat.node.5.walltime_s = 920.235
stat.node.5.active_time_s = 25.0786
stat.node.1.cpu.0.load_issue_to_complete_count = 499
stat.node.1.cpu.0.avg_load_issue_to_complete_lat = 983.347
stat.node.1.injector.phase_cycles = 492928
stat.node.1.injector.request_bytes = 145352
stat.node.1.injector.response_bytes = 15936
stat.node.1.injector.aggregate_bytes = 161288
stat.node.1.injector.request_gbps = 5.66159
stat.node.1.injector.response_gbps = 0.620722
stat.node.1.injector.aggregate_gbps = 6.28232
stat.node.1.llc.cxl_miss = 500
stat.node.1.llc.total_miss = 500
stat.node.1.llc.avg_miss_lat = 749.784
stat.node.1.llc.avg_cxl_lat = 749.784
stat.node.1.llc.miss_lat_hist_bin_ns = 10
stat.node.1.llc.miss_lat_hist = [0,0,0,0,0,0,0,0,0,0,0,0,0,0,0,0,0,0,0,0,0,0,0,0,0,0,8,22,120,41,38,66,106,44,14,6,13,16,5,1]
stat.node.1.util.dram_avg = 2.05864e-05
stat.node.1.walltime_s = 920.287
stat.node.1.active_time_s = 23.2329
stat.node.7.cpu.0.load_issue_to_complete_count = 499
stat.node.7.cpu.0.avg_load_issue_to_complete_lat = 986.639
stat.node.7.injector.phase_cycles = 494499
stat.node.7.injector.request_bytes = 145800
stat.node.7.injector.response_bytes = 16000
stat.node.7.injector.aggregate_bytes = 161800
stat.node.7.injector.request_gbps = 5.661
stat.node.7.injector.response_gbps = 0.621235
stat.node.7.injector.aggregate_gbps = 6.28224
stat.node.7.llc.cxl_miss = 500
stat.node.7.llc.total_miss = 500
stat.node.7.llc.avg_miss_lat = 751.126
stat.node.7.llc.avg_cxl_lat = 751.126
stat.node.7.llc.miss_lat_hist_bin_ns = 10
stat.node.7.llc.miss_lat_hist = [0,0,0,0,0,0,0,0,0,0,0,0,0,0,0,0,0,0,0,0,0,0,0,0,0,0,39,67,38,26,29,51,67,117,28,15,9,7,7]
stat.node.7.util.dram_avg = 2.05786e-05
stat.node.7.walltime_s = 920.462
stat.node.7.active_time_s = 23.5429
stat.node.0.cpu.0.load_issue_to_complete_count = 499
stat.node.0.cpu.0.avg_load_issue_to_complete_lat = 983.631
stat.node.0.injector.phase_cycles = 493262
stat.node.0.injector.request_bytes = 145416
stat.node.0.injector.response_bytes = 15936
stat.node.0.injector.aggregate_bytes = 161352
stat.node.0.injector.request_gbps = 5.66025
stat.node.0.injector.response_gbps = 0.620302
stat.node.0.injector.aggregate_gbps = 6.28055
stat.node.0.llc.cxl_miss = 500
stat.node.0.llc.total_miss = 500
stat.node.0.llc.avg_miss_lat = 749.818
stat.node.0.llc.avg_cxl_lat = 749.818
stat.node.0.llc.miss_lat_hist_bin_ns = 10
stat.node.0.llc.miss_lat_hist = [0,0,0,0,0,0,0,0,0,0,0,0,0,0,0,0,0,0,0,0,0,0,0,0,0,0,14,16,27,101,65,139,52,45,7,5,6,19,4]
stat.node.0.util.dram_avg = 2.05715e-05
stat.node.0.walltime_s = 920.542
stat.node.0.active_time_s = 17.0213
stat.node.3.cpu.0.load_issue_to_complete_count = 499
stat.node.3.cpu.0.avg_load_issue_to_complete_lat = 984.367
stat.node.3.injector.phase_cycles = 493483
stat.node.3.injector.request_bytes = 145480
stat.node.3.injector.response_bytes = 15936
stat.node.3.injector.aggregate_bytes = 161416
stat.node.3.injector.request_gbps = 5.66021
stat.node.3.injector.response_gbps = 0.620024
stat.node.3.injector.aggregate_gbps = 6.28023
stat.node.3.llc.cxl_miss = 500
stat.node.3.llc.total_miss = 500
stat.node.3.llc.avg_miss_lat = 750.298
stat.node.3.llc.avg_cxl_lat = 750.298
stat.node.3.llc.miss_lat_hist_bin_ns = 10
stat.node.3.llc.miss_lat_hist = [0,0,0,0,0,0,0,0,0,0,0,0,0,0,0,0,0,0,0,0,0,0,0,0,0,0,5,14,40,112,76,108,69,25,14,7,12,13,5]
stat.node.3.util.dram_avg = 2.05634e-05
stat.node.3.walltime_s = 920.591
stat.node.3.active_time_s = 24.537
stat.pool.100.util.mem_avg = 0.195694
stat.pool.100.util.req_link_avg = 0.947832
stat.pool.100.walltime_s = 920.591
stat.pool.100.active_time_s = 0.934703
stat.switch.replicated_messages = 0
stat.switch.util.node_ingress_avg = 0.118501
stat.switch.util.pool_ingress_avg = 0.314603
stat.switch.bw.host_to_switch_gbps = 5.82503
stat.switch.bw.switch_to_host_gbps = 1.93289
stat.switch.bw.host_link_total_gbps = 7.75792
stat.switch.walltime_s = 920.591
stat.switch.active_time_s = 2.56216
Simulation is complete, simulated time: 486.69 us
