stat.node.4.cpu.0.load_issue_to_complete_count = 299
stat.node.4.cpu.0.avg_load_issue_to_complete_lat = 1243.65
stat.node.4.injector.phase_cycles = 373451
stat.node.4.injector.request_bytes = 64600
stat.node.4.injector.response_bytes = 81600
stat.node.4.injector.aggregate_bytes = 146200
stat.node.4.injector.request_gbps = 3.32124
stat.node.4.injector.response_gbps = 4.19525
stat.node.4.injector.aggregate_gbps = 7.51649
stat.node.4.llc.cxl_miss = 300
stat.node.4.llc.total_miss = 300
stat.node.4.llc.avg_miss_lat = 902.943
stat.node.4.llc.avg_cxl_lat = 902.943
stat.node.4.llc.miss_lat_hist_bin_ns = 10
stat.node.4.llc.miss_lat_hist = [0,0,0,0,0,0,0,0,0,0,0,0,0,0,0,0,0,0,0,0,0,0,0,0,0,0,0,4,1,6,3,0,1,9,46,43,48,33,12,8,20,22,16,8,6,5,3,2,1,3]
stat.node.4.util.dram_avg = 2.69649e-05
stat.node.4.walltime_s = 450.74
stat.node.4.active_time_s = 16.6507
stat.node.5.cpu.0.load_issue_to_complete_count = 299
stat.node.5.cpu.0.avg_load_issue_to_complete_lat = 1241.54
stat.node.5.injector.phase_cycles = 372601
stat.node.5.injector.request_bytes = 64448
stat.node.5.injector.response_bytes = 81408
stat.node.5.injector.aggregate_bytes = 145856
stat.node.5.injector.request_gbps = 3.32098
stat.node.5.injector.response_gbps = 4.19493
stat.node.5.injector.aggregate_gbps = 7.51591
stat.node.5.llc.cxl_miss = 300
stat.node.5.llc.total_miss = 300
stat.node.5.llc.avg_miss_lat = 892.453
stat.node.5.llc.avg_cxl_lat = 892.453
stat.node.5.llc.miss_lat_hist_bin_ns = 10
stat.node.5.llc.miss_lat_hist = [0,0,0,0,0,0,0,0,0,0,0,0,0,0,0,0,0,0,0,0,0,0,0,0,0,0,1,0,3,5,3,7,17,12,33,50,52,24,6,8,21,21,4,14,5,5,6,1,0,1,1]
stat.node.5.util.dram_avg = 2.69505e-05
stat.node.5.walltime_s = 450.777
stat.node.5.active_time_s = 17.7284
stat.node.6.cpu.0.load_issue_to_complete_count = 299
stat.node.6.cpu.0.avg_load_issue_to_complete_lat = 1242.29
stat.node.6.injector.phase_cycles = 372826
stat.node.6.injector.request_bytes = 64456
stat.node.6.injector.response_bytes = 81472
stat.node.6.injector.aggregate_bytes = 145928
stat.node.6.injector.request_gbps = 3.31939
stat.node.6.injector.response_gbps = 4.19569
stat.node.6.injector.aggregate_gbps = 7.51508
stat.node.6.llc.cxl_miss = 300
stat.node.6.llc.total_miss = 300
stat.node.6.llc.avg_miss_lat = 895.837
stat.node.6.llc.avg_cxl_lat = 895.837
stat.node.6.llc.miss_lat_hist_bin_ns = 10
stat.node.6.llc.miss_lat_hist = [0,0,0,0,0,0,0,0,0,0,0,0,0,0,0,0,0,0,0,0,0,0,0,0,0,0,0,0,1,13,17,4,2,28,19,39,57,29,5,7,9,24,9,6,5,1,6,7,10,1,1]
stat.node.6.util.dram_avg = 2.69429e-05
stat.node.6.walltime_s = 451.208
stat.node.6.active_time_s = 14.0715
stat.node.7.cpu.0.load_issue_to_complete_count = 299
stat.node.7.cpu.0.avg_load_issue_to_complete_lat = 1242.22
stat.node.7.injector.phase_cycles = 373102
stat.node.7.injector.request_bytes = 64528
stat.node.7.injector.response_bytes = 81536
stat.node.7.injector.aggregate_bytes = 146064
stat.node.7.injector.request_gbps = 3.32064
stat.node.7.injector.response_gbps = 4.19588
stat.node.7.injector.aggregate_gbps = 7.51652
stat.node.7.llc.cxl_miss = 300
stat.node.7.llc.total_miss = 300
stat.node.7.llc.avg_miss_lat = 898.85
stat.node.7.llc.avg_cxl_lat = 898.85
stat.node.7.llc.miss_lat_hist_bin_ns = 10
stat.node.7.llc.miss_lat_hist = [0,0,0,0,0,0,0,0,0,0,0,0,0,0,0,0,0,0,0,0,0,0,0,0,0,0,0,1,2,0,6,5,7,42,27,45,44,33,5,4,16,14,3,6,14,11,5,4,2,3,1]
stat.node.7.util.dram_avg = 2.69247e-05
stat.node.7.walltime_s = 451.523
stat.node.7.active_time_s = 18.0234
stat.node.0.cpu.0.load_issue_to_complete_count = 299
stat.node.0.cpu.0.avg_load_issue_to_complete_lat = 1244.91
stat.node.0.injector.phase_cycles = 373677
stat.node.0.injector.request_bytes = 64600
stat.node.0.injector.response_bytes = 81664
stat.node.0.injector.aggregate_bytes = 146264
stat.node.0.injector.request_gbps = 3.31923
stat.node.0.injector.response_gbps = 4.196
stat.node.0.injector.aggregate_gbps = 7.51523
stat.node.0.llc.cxl_miss = 300
stat.node.0.llc.total_miss = 300
stat.node.0.llc.avg_miss_lat = 903.613
stat.node.0.llc.avg_cxl_lat = 903.613
stat.node.0.llc.miss_lat_hist_bin_ns = 10
stat.node.0.llc.miss_lat_hist = [0,0,0,0,0,0,0,0,0,0,0,0,0,0,0,0,0,0,0,0,0,0,0,0,0,0,0,0,1,2,5,8,7,21,36,44,37,34,14,5,17,25,6,11,9,4,7,2,3,2]
stat.node.0.util.dram_avg = 2.68996e-05
stat.node.0.walltime_s = 451.671
stat.node.0.active_time_s = 11.725
stat.node.1.cpu.0.load_issue_to_complete_count = 299
stat.node.1.cpu.0.avg_load_issue_to_complete_lat = 1246.34
stat.node.1.injector.phase_cycles = 374130
stat.node.1.injector.request_bytes = 64752
stat.node.1.injector.response_bytes = 81792
stat.node.1.injector.aggregate_bytes = 146544
stat.node.1.injector.request_gbps = 3.32301
stat.node.1.injector.response_gbps = 4.19749
stat.node.1.injector.aggregate_gbps = 7.5205
stat.node.1.llc.cxl_miss = 300
stat.node.1.llc.total_miss = 300
stat.node.1.llc.avg_miss_lat = 903.927
stat.node.1.llc.avg_cxl_lat = 903.927
stat.node.1.llc.miss_lat_hist_bin_ns = 10
stat.node.1.llc.miss_lat_hist = [0,0,0,0,0,0,0,0,0,0,0,0,0,0,0,0,0,0,0,0,0,0,0,0,0,0,0,0,4,12,0,1,5,16,20,55,33,40,12,6,26,31,18,5,6,5,2,0,2,1]
stat.node.1.util.dram_avg = 2.68792e-05
stat.node.1.walltime_s = 451.72
stat.node.1.active_time_s = 16.7521
stat.node.3.cpu.0.load_issue_to_complete_count = 299
stat.node.3.cpu.0.avg_load_issue_to_complete_lat = 1242.43
stat.node.3.injector.phase_cycles = 372930
stat.node.3.injector.request_bytes = 64520
stat.node.3.injector.response_bytes = 81472
stat.node.3.injector.aggregate_bytes = 145992
stat.node.3.injector.request_gbps = 3.32176
stat.node.3.injector.response_gbps = 4.19452
stat.node.3.injector.aggregate_gbps = 7.51628
stat.node.3.llc.cxl_miss = 300
stat.node.3.llc.total_miss = 300
stat.node.3.llc.avg_miss_lat = 897.027
stat.node.3.llc.avg_cxl_lat = 897.027
stat.node.3.llc.miss_lat_hist_bin_ns = 10
stat.node.3.llc.miss_lat_hist = [0,0,0,0,0,0,0,0,0,0,0,0,0,0,0,0,0,0,0,0,0,0,0,0,0,0,0,0,2,17,4,4,5,19,17,46,55,32,10,5,19,17,19,7,4,1,9,7,1]
stat.node.3.util.dram_avg = 2.68633e-05
stat.node.3.walltime_s = 451.766
stat.node.3.active_time_s = 22.356
stat.node.2.cpu.0.load_issue_to_complete_count = 299
stat.node.2.cpu.0.avg_load_issue_to_complete_lat = 1247.29
stat.node.2.injector.phase_cycles = 374359
stat.node.2.injector.request_bytes = 64752
stat.node.2.injector.response_bytes = 81792
stat.node.2.injector.aggregate_bytes = 146544
stat.node.2.injector.request_gbps = 3.32098
stat.node.2.injector.response_gbps = 4.19492
stat.node.2.injector.aggregate_gbps = 7.5159
stat.node.2.llc.cxl_miss = 300
stat.node.2.llc.total_miss = 300
stat.node.2.llc.avg_miss_lat = 901.457
stat.node.2.llc.avg_cxl_lat = 901.457
stat.node.2.llc.miss_lat_hist_bin_ns = 10
stat.node.2.llc.miss_lat_hist = [0,0,0,0,0,0,0,0,0,0,0,0,0,0,0,0,0,0,0,0,0,0,0,0,0,0,0,0,1,4,2,1,2,21,43,52,47,29,9,4,19,21,14,10,8,7,2,1,2,0,1]
stat.node.2.util.dram_avg = 2.68189e-05
stat.node.2.walltime_s = 451.89
stat.node.2.active_time_s = 15.0568
stat.pool.100.util.mem_avg = 0.211571
stat.pool.100.util.req_link_avg = 0.563422
stat.pool.100.walltime_s = 451.976
stat.pool.100.active_time_s = 0.622866
stat.switch.replicated_messages = 0
stat.switch.util.node_ingress_avg = 0.0704408
stat.switch.util.pool_ingress_avg = 0.867334
stat.switch.bw.host_to_switch_gbps = 3.46234
stat.switch.bw.switch_to_host_gbps = 5.32893
stat.switch.bw.host_link_total_gbps = 8.79127
stat.switch.walltime_s = 451.976
stat.switch.active_time_s = 2.13038
Simulation is complete, simulated time: 373.17 us
