stat.node.5.cpu.0.retired = 698
stat.node.5.cpu.0.cycles = 1000000
stat.node.6.cpu.0.retired = 703
stat.node.6.cpu.0.cycles = 1000000
stat.node.7.cpu.0.retired = 700
stat.node.7.cpu.0.cycles = 1000000
stat.node.0.cpu.0.retired = 705
stat.node.0.cpu.0.cycles = 1000000
stat.node.2.cpu.0.retired = 701
stat.node.2.cpu.0.cycles = 1000000
stat.node.4.cpu.0.retired = 703
stat.node.4.cpu.0.cycles = 1000000
stat.node.3.cpu.0.retired = 699
stat.node.3.cpu.0.cycles = 1000000
stat.node.1.cpu.0.retired = 703
stat.node.1.cpu.0.cycles = 1000000
stat.node.2.cpu.0.retired = 1629
stat.node.2.cpu.0.cycles = 2000000
stat.node.5.cpu.0.retired = 1621
stat.node.5.cpu.0.cycles = 2000000
stat.node.6.cpu.0.retired = 1631
stat.node.6.cpu.0.cycles = 2000000
stat.node.1.cpu.0.retired = 1630
stat.node.1.cpu.0.cycles = 2000000
stat.node.7.cpu.0.retired = 1627
stat.node.7.cpu.0.cycles = 2000000
stat.node.3.cpu.0.retired = 1624
stat.node.3.cpu.0.cycles = 2000000
stat.node.0.cpu.0.retired = 1634
stat.node.0.cpu.0.cycles = 2000000
stat.node.4.cpu.0.retired = 1635
stat.node.4.cpu.0.cycles = 2000000
stat.node.4.cpu.0.load_issue_to_complete_count = 1499
stat.node.4.cpu.0.avg_load_issue_to_complete_lat = 1076.21
stat.node.4.injector.phase_cycles = 1616590
stat.node.4.injector.request_bytes = 98432
stat.node.4.injector.response_bytes = 262656
stat.node.4.injector.aggregate_bytes = 361088
stat.node.4.injector.request_gbps = 1.16906
stat.node.4.injector.response_gbps = 3.11953
stat.node.4.injector.aggregate_gbps = 4.28859
stat.node.4.llc.cxl_miss = 1500
stat.node.4.llc.total_miss = 1500
stat.node.4.llc.avg_miss_lat = 890.913
stat.node.4.llc.avg_cxl_lat = 890.913
stat.node.4.llc.miss_lat_hist_bin_ns = 10
stat.node.4.llc.miss_lat_hist = [0,0,0,0,0,0,0,0,0,0,0,0,0,0,0,0,0,0,0,0,0,0,0,0,0,0,340,8,8,6,15,95,22,42,53,54,51,37,57,82,60,72,62,76,76,63,62,61,44,26,21,6,1]
stat.node.4.util.dram_avg = 1.00895e-05
stat.node.4.walltime_s = 40.0076
stat.node.4.active_time_s = 23.6433
stat.node.0.cpu.0.load_issue_to_complete_count = 1499
stat.node.0.cpu.0.avg_load_issue_to_complete_lat = 1078.66
stat.node.0.injector.phase_cycles = 1620513
stat.node.0.injector.request_bytes = 98760
stat.node.0.injector.response_bytes = 263360
stat.node.0.injector.aggregate_bytes = 362120
stat.node.0.injector.request_gbps = 1.17012
stat.node.0.injector.response_gbps = 3.12032
stat.node.0.injector.aggregate_gbps = 4.29043
stat.node.0.llc.cxl_miss = 1500
stat.node.0.llc.total_miss = 1500
stat.node.0.llc.avg_miss_lat = 892.403
stat.node.0.llc.avg_cxl_lat = 892.403
stat.node.0.llc.miss_lat_hist_bin_ns = 10
stat.node.0.llc.miss_lat_hist = [0,0,0,0,0,0,0,0,0,0,0,0,0,0,0,0,0,0,0,0,0,0,0,0,0,0,308,2,6,2,29,133,18,76,48,58,45,27,30,62,83,74,65,62,85,64,61,57,45,31,19,8,2]
stat.node.0.util.dram_avg = 1.00751e-05
stat.node.0.walltime_s = 40.0682
stat.node.0.active_time_s = 19.7809
stat.node.1.cpu.0.load_issue_to_complete_count = 1499
stat.node.1.cpu.0.avg_load_issue_to_complete_lat = 1079.91
stat.node.1.injector.phase_cycles = 1622512
stat.node.1.injector.request_bytes = 98792
stat.node.1.injector.response_bytes = 263680
stat.node.1.injector.aggregate_bytes = 362472
stat.node.1.injector.request_gbps = 1.16906
stat.node.1.injector.response_gbps = 3.12026
stat.node.1.injector.aggregate_gbps = 4.28931
stat.node.1.llc.cxl_miss = 1500
stat.node.1.llc.total_miss = 1500
stat.node.1.llc.avg_miss_lat = 894.253
stat.node.1.llc.avg_cxl_lat = 894.253
stat.node.1.llc.miss_lat_hist_bin_ns = 10
stat.node.1.llc.miss_lat_hist = [0,0,0,0,0,0,0,0,0,0,0,0,0,0,0,0,0,0,0,0,0,0,0,0,0,0,294,16,61,3,19,77,14,53,45,64,68,35,41,65,52,59,75,67,85,87,58,59,45,24,21,12,1]
stat.node.1.util.dram_avg = 1.00628e-05
stat.node.1.walltime_s = 40.12
stat.node.1.active_time_s = 25.624
stat.node.6.cpu.0.load_issue_to_complete_count = 1499
stat.node.6.cpu.0.avg_load_issue_to_complete_lat = 1080.08
stat.node.6.injector.phase_cycles = 1622762
stat.node.6.injector.request_bytes = 98864
stat.node.6.injector.response_bytes = 263680
stat.node.6.injector.aggregate_bytes = 362544
stat.node.6.injector.request_gbps = 1.16973
stat.node.6.injector.response_gbps = 3.11978
stat.node.6.injector.aggregate_gbps = 4.2895
stat.node.6.llc.cxl_miss = 1500
stat.node.6.llc.total_miss = 1500
stat.node.6.llc.avg_miss_lat = 894.543
stat.node.6.llc.avg_cxl_lat = 894.543
stat.node.6.llc.miss_lat_hist_bin_ns = 10
stat.node.6.llc.miss_lat_hist = [0,0,0,0,0,0,0,0,0,0,0,0,0,0,0,0,0,0,0,0,0,0,0,0,0,0,300,9,5,8,51,106,15,58,72,49,44,25,38,71,69,69,72,59,60,83,69,72,40,21,18,13,4]
stat.node.6.util.dram_avg = 1.00617e-05
stat.node.6.walltime_s = 40.125
stat.node.6.active_time_s = 16.4846
stat.node.7.cpu.0.load_issue_to_complete_count = 1499
stat.node.7.cpu.0.avg_load_issue_to_complete_lat = 1077.48
stat.node.7.injector.phase_cycles = 1618886
stat.node.7.injector.request_bytes = 98608
stat.node.7.injector.response_bytes = 262976
stat.node.7.injector.aggregate_bytes = 361584
stat.node.7.injector.request_gbps = 1.16949
stat.node.7.injector.response_gbps = 3.1189
stat.node.7.injector.aggregate_gbps = 4.28839
stat.node.7.llc.cxl_miss = 1500
stat.node.7.llc.total_miss = 1500
stat.node.7.llc.avg_miss_lat = 892.067
stat.node.7.llc.avg_cxl_lat = 892.067
stat.node.7.llc.miss_lat_hist_bin_ns = 10
stat.node.7.llc.miss_lat_hist = [0,0,0,0,0,0,0,0,0,0,0,0,0,0,0,0,0,0,0,0,0,0,0,0,0,0,303,11,6,7,26,97,29,88,37,50,58,24,48,91,65,69,61,66,95,74,45,64,44,12,19,7,4]
stat.node.7.util.dram_avg = 1.00583e-05
stat.node.7.walltime_s = 40.1395
stat.node.7.active_time_s = 24.7367
stat.node.2.cpu.0.load_issue_to_complete_count = 1499
stat.node.2.cpu.0.avg_load_issue_to_complete_lat = 1079.38
stat.node.2.injector.phase_cycles = 1621367
stat.node.2.injector.request_bytes = 98784
stat.node.2.injector.response_bytes = 263424
stat.node.2.injector.aggregate_bytes = 362208
stat.node.2.injector.request_gbps = 1.16979
stat.node.2.injector.response_gbps = 3.11943
stat.node.2.injector.aggregate_gbps = 4.28922
stat.node.2.llc.cxl_miss = 1500
stat.node.2.llc.total_miss = 1500
stat.node.2.llc.avg_miss_lat = 892.725
stat.node.2.llc.avg_cxl_lat = 892.725
stat.node.2.llc.miss_lat_hist_bin_ns = 10
stat.node.2.llc.miss_lat_hist = [0,0,0,0,0,0,0,0,0,0,0,0,0,0,0,0,0,0,0,0,0,0,0,0,0,0,308,5,6,0,23,118,21,63,72,42,45,22,59,94,62,69,61,67,88,70,55,63,35,12,24,13,3]
stat.node.2.util.dram_avg = 1.00562e-05
stat.node.2.walltime_s = 40.1486
stat.node.2.active_time_s = 24.7212
stat.node.3.cpu.0.load_issue_to_complete_count = 1499
stat.node.3.cpu.0.avg_load_issue_to_complete_lat = 1081.52
stat.node.3.injector.phase_cycles = 1624569
stat.node.3.injector.request_bytes = 98976
stat.node.3.injector.response_bytes = 263936
stat.node.3.injector.aggregate_bytes = 362912
stat.node.3.injector.request_gbps = 1.16975
stat.node.3.injector.response_gbps = 3.11933
stat.node.3.injector.aggregate_gbps = 4.28908
stat.node.3.llc.cxl_miss = 1500
stat.node.3.llc.total_miss = 1500
stat.node.3.llc.avg_miss_lat = 895.773
stat.node.3.llc.avg_cxl_lat = 895.773
stat.node.3.llc.miss_lat_hist_bin_ns = 10
stat.node.3.llc.miss_lat_hist = [0,0,0,0,0,0,0,0,0,0,0,0,0,0,0,0,0,0,0,0,0,0,0,0,0,0,288,9,14,50,13,92,22,51,44,65,38,31,40,82,67,71,68,88,89,86,42,60,35,25,20,6,4]
stat.node.3.util.dram_avg = 1.00363e-05
stat.node.3.walltime_s = 40.2329
stat.node.3.active_time_s = 29.1845
stat.node.5.cpu.0.load_issue_to_complete_count = 1499
stat.node.5.cpu.0.avg_load_issue_to_complete_lat = 1081.08
stat.node.5.injector.phase_cycles = 1624062
stat.node.5.injector.request_bytes = 98896
stat.node.5.injector.response_bytes = 263872
stat.node.5.injector.aggregate_bytes = 362768
stat.node.5.injector.request_gbps = 1.16917
stat.node.5.injector.response_gbps = 3.11955
stat.node.5.injector.aggregate_gbps = 4.28872
stat.node.5.llc.cxl_miss = 1500
stat.node.5.llc.total_miss = 1500
stat.node.5.llc.avg_miss_lat = 895.876
stat.node.5.llc.avg_cxl_lat = 895.876
stat.node.5.llc.miss_lat_hist_bin_ns = 10
stat.node.5.llc.miss_lat_hist = [0,0,0,0,0,0,0,0,0,0,0,0,0,0,0,0,0,0,0,0,0,0,0,0,0,0,309,5,6,8,16,94,67,57,44,55,40,27,52,67,70,79,66,59,77,60,84,57,36,27,21,13,4]
stat.node.5.util.dram_avg = 1.003e-05
stat.node.5.walltime_s = 40.2597
stat.node.5.active_time_s = 26.1204
stat.pool.100.util.mem_avg = 0.131821
stat.pool.100.util.req_link_avg = 0.214005
stat.pool.100.walltime_s = 40.2598
stat.pool.100.active_time_s = 1.01599
stat.switch.replicated_messages = 0
stat.switch.util.node_ingress_avg = 0.0267507
stat.switch.util.pool_ingress_avg = 0.696917
stat.switch.bw.host_to_switch_gbps = 1.31485
stat.switch.bw.switch_to_host_gbps = 4.28186
stat.switch.bw.host_link_total_gbps = 5.59671
stat.switch.walltime_s = 40.2598
stat.switch.active_time_s = 2.92374
Simulation is complete, simulated time: 997.806 us
