stat.node.4.cpu.0.load_issue_to_complete_count = 299
stat.node.4.cpu.0.avg_load_issue_to_complete_lat = 1105.19
stat.node.4.injector.phase_cycles = 331782
stat.node.4.injector.request_bytes = 63992
stat.node.4.injector.response_bytes = 26048
stat.node.4.injector.aggregate_bytes = 90040
stat.node.4.injector.request_gbps = 3.70317
stat.node.4.injector.response_gbps = 1.50738
stat.node.4.injector.aggregate_gbps = 5.21055
stat.node.4.llc.cxl_miss = 300
stat.node.4.llc.total_miss = 300
stat.node.4.llc.avg_miss_lat = 780.137
stat.node.4.llc.avg_cxl_lat = 780.137
stat.node.4.llc.miss_lat_hist_bin_ns = 10
stat.node.4.llc.miss_lat_hist = [0,0,0,0,0,0,0,0,0,0,0,0,0,0,0,0,0,0,0,0,0,0,0,0,0,0,49,21,13,14,12,19,66,24,8,6,3,5,6,13,41]
stat.node.4.util.dram_avg = 3.04784e-05
stat.node.4.walltime_s = 241.163
stat.node.4.active_time_s = 12.2957
stat.node.5.cpu.0.load_issue_to_complete_count = 299
stat.node.5.cpu.0.avg_load_issue_to_complete_lat = 1104.59
stat.node.5.injector.phase_cycles = 331607
stat.node.5.injector.request_bytes = 63928
stat.node.5.injector.response_bytes = 26048
stat.node.5.injector.aggregate_bytes = 89976
stat.node.5.injector.request_gbps = 3.70142
stat.node.5.injector.response_gbps = 1.50818
stat.node.5.injector.aggregate_gbps = 5.2096
stat.node.5.llc.cxl_miss = 300
stat.node.5.llc.total_miss = 300
stat.node.5.llc.avg_miss_lat = 778.41
stat.node.5.llc.avg_cxl_lat = 778.41
stat.node.5.llc.miss_lat_hist_bin_ns = 10
stat.node.5.llc.miss_lat_hist = [0,0,0,0,0,0,0,0,0,0,0,0,0,0,0,0,0,0,0,0,0,0,0,0,0,0,47,19,12,13,13,26,71,26,8,2,2,4,5,11,40,1]
stat.node.5.util.dram_avg = 3.04774e-05
stat.node.5.walltime_s = 241.164
stat.node.5.active_time_s = 12.1742
stat.node.6.cpu.0.load_issue_to_complete_count = 299
stat.node.6.cpu.0.avg_load_issue_to_complete_lat = 1106.08
stat.node.6.injector.phase_cycles = 332055
stat.node.6.injector.request_bytes = 64064
stat.node.6.injector.response_bytes = 26048
stat.node.6.injector.aggregate_bytes = 90112
stat.node.6.injector.request_gbps = 3.70429
stat.node.6.injector.response_gbps = 1.50614
stat.node.6.injector.aggregate_gbps = 5.21043
stat.node.6.llc.cxl_miss = 300
stat.node.6.llc.total_miss = 300
stat.node.6.llc.avg_miss_lat = 782.147
stat.node.6.llc.avg_cxl_lat = 782.147
stat.node.6.llc.miss_lat_hist_bin_ns = 10
stat.node.6.llc.miss_lat_hist = [0,0,0,0,0,0,0,0,0,0,0,0,0,0,0,0,0,0,0,0,0,0,0,0,0,0,45,21,12,10,16,21,71,28,5,2,4,2,8,14,41]
stat.node.6.util.dram_avg = 3.04511e-05
stat.node.6.walltime_s = 241.272
stat.node.6.active_time_s = 13.0921
stat.node.7.cpu.0.load_issue_to_complete_count = 299
stat.node.7.cpu.0.avg_load_issue_to_complete_lat = 1103.65
stat.node.7.injector.phase_cycles = 331507
stat.node.7.injector.request_bytes = 63928
stat.node.7.injector.response_bytes = 26048
stat.node.7.injector.aggregate_bytes = 89976
stat.node.7.injector.request_gbps = 3.70254
stat.node.7.injector.response_gbps = 1.50863
stat.node.7.injector.aggregate_gbps = 5.21117
stat.node.7.llc.cxl_miss = 300
stat.node.7.llc.total_miss = 300
stat.node.7.llc.avg_miss_lat = 779.837
stat.node.7.llc.avg_cxl_lat = 779.837
stat.node.7.llc.miss_lat_hist_bin_ns = 10
stat.node.7.llc.miss_lat_hist = [0,0,0,0,0,0,0,0,0,0,0,0,0,0,0,0,0,0,0,0,0,0,0,0,0,0,40,19,16,13,20,21,71,30,2,4,4,3,7,17,33]
stat.node.7.util.dram_avg = 3.04501e-05
stat.node.7.walltime_s = 241.353
stat.node.7.active_time_s = 11.1884
stat.node.0.cpu.0.load_issue_to_complete_count = 299
stat.node.0.cpu.0.avg_load_issue_to_complete_lat = 1103.87
stat.node.0.injector.phase_cycles = 331237
stat.node.0.injector.request_bytes = 63920
stat.node.0.injector.response_bytes = 25984
stat.node.0.injector.aggregate_bytes = 89904
stat.node.0.injector.request_gbps = 3.70509
stat.node.0.injector.response_gbps = 1.50615
stat.node.0.injector.aggregate_gbps = 5.21124
stat.node.0.llc.cxl_miss = 300
stat.node.0.llc.total_miss = 300
stat.node.0.llc.avg_miss_lat = 775.09
stat.node.0.llc.avg_cxl_lat = 775.09
stat.node.0.llc.miss_lat_hist_bin_ns = 10
stat.node.0.llc.miss_lat_hist = [0,0,0,0,0,0,0,0,0,0,0,0,0,0,0,0,0,0,0,0,0,0,0,0,0,0,46,17,19,16,15,34,66,17,1,3,3,3,11,15,34]
stat.node.0.util.dram_avg = 3.04417e-05
stat.node.0.walltime_s = 241.481
stat.node.0.active_time_s = 12.3456
stat.node.1.cpu.0.load_issue_to_complete_count = 299
stat.node.1.cpu.0.avg_load_issue_to_complete_lat = 1102.28
stat.node.1.injector.phase_cycles = 331096
stat.node.1.injector.request_bytes = 63856
stat.node.1.injector.response_bytes = 25984
stat.node.1.injector.aggregate_bytes = 89840
stat.node.1.injector.request_gbps = 3.70296
stat.node.1.injector.response_gbps = 1.50679
stat.node.1.injector.aggregate_gbps = 5.20975
stat.node.1.llc.cxl_miss = 300
stat.node.1.llc.total_miss = 300
stat.node.1.llc.avg_miss_lat = 777.293
stat.node.1.llc.avg_cxl_lat = 777.293
stat.node.1.llc.miss_lat_hist_bin_ns = 10
stat.node.1.llc.miss_lat_hist = [0,0,0,0,0,0,0,0,0,0,0,0,0,0,0,0,0,0,0,0,0,0,0,0,0,0,44,27,18,14,13,23,64,24,2,2,0,5,9,11,43,1]
stat.node.1.util.dram_avg = 3.04407e-05
stat.node.1.walltime_s = 241.504
stat.node.1.active_time_s = 19.4151
stat.node.2.cpu.0.load_issue_to_complete_count = 299
stat.node.2.cpu.0.avg_load_issue_to_complete_lat = 1106.29
stat.node.2.injector.phase_cycles = 332078
stat.node.2.injector.request_bytes = 64056
stat.node.2.injector.response_bytes = 26048
stat.node.2.injector.aggregate_bytes = 90104
stat.node.2.injector.request_gbps = 3.70357
stat.node.2.injector.response_gbps = 1.50604
stat.node.2.injector.aggregate_gbps = 5.20961
stat.node.2.llc.cxl_miss = 300
stat.node.2.llc.total_miss = 300
stat.node.2.llc.avg_miss_lat = 782.483
stat.node.2.llc.avg_cxl_lat = 782.483
stat.node.2.llc.miss_lat_hist_bin_ns = 10
stat.node.2.llc.miss_lat_hist = [0,0,0,0,0,0,0,0,0,0,0,0,0,0,0,0,0,0,0,0,0,0,0,0,0,0,48,14,19,9,16,20,56,33,12,4,4,6,8,15,36]
stat.node.2.util.dram_avg = 3.03832e-05
stat.node.2.walltime_s = 241.763
stat.node.2.active_time_s = 15.0491
stat.node.3.cpu.0.load_issue_to_complete_count = 299
stat.node.3.cpu.0.avg_load_issue_to_complete_lat = 1106.37
stat.node.3.injector.phase_cycles = 332103
stat.node.3.injector.request_bytes = 64120
stat.node.3.injector.response_bytes = 26048
stat.node.3.injector.aggregate_bytes = 90168
stat.node.3.injector.request_gbps = 3.70699
stat.node.3.injector.response_gbps = 1.50592
stat.node.3.injector.aggregate_gbps = 5.21292
stat.node.3.llc.cxl_miss = 300
stat.node.3.llc.total_miss = 300
stat.node.3.llc.avg_miss_lat = 783.383
stat.node.3.llc.avg_cxl_lat = 783.383
stat.node.3.llc.miss_lat_hist_bin_ns = 10
stat.node.3.llc.miss_lat_hist = [0,0,0,0,0,0,0,0,0,0,0,0,0,0,0,0,0,0,0,0,0,0,0,0,0,0,45,15,17,17,17,21,60,24,8,3,1,6,13,13,38,2]
stat.node.3.util.dram_avg = 3.03812e-05
stat.node.3.walltime_s = 241.789
stat.node.3.active_time_s = 11.3023
stat.pool.100.util.mem_avg = 0.164215
stat.pool.100.util.req_link_avg = 0.628653
stat.pool.100.walltime_s = 241.805
stat.pool.100.active_time_s = 0.506518
stat.switch.replicated_messages = 0
stat.switch.util.node_ingress_avg = 0.0785988
stat.switch.util.pool_ingress_avg = 0.454577
stat.switch.bw.host_to_switch_gbps = 3.86463
stat.switch.bw.switch_to_host_gbps = 2.79293
stat.switch.bw.host_link_total_gbps = 6.65756
stat.switch.walltime_s = 241.805
stat.switch.active_time_s = 1.5239
Simulation is complete, simulated time: 329.414 us
