stat.node.5.cpu.0.retired = 829
stat.node.5.cpu.0.cycles = 1000000
stat.node.6.cpu.0.retired = 828
stat.node.6.cpu.0.cycles = 1000000
stat.node.7.cpu.0.retired = 828
stat.node.7.cpu.0.cycles = 1000000
stat.node.0.cpu.0.retired = 828
stat.node.0.cpu.0.cycles = 1000000
stat.node.1.cpu.0.retired = 828
stat.node.1.cpu.0.cycles = 1000000
stat.node.2.cpu.0.retired = 828
stat.node.2.cpu.0.cycles = 1000000
stat.node.3.cpu.0.retired = 828
stat.node.4.cpu.0.retired = 829
stat.node.4.cpu.0.cycles = 1000000
stat.node.3.cpu.0.cycles = 1000000
stat.node.4.cpu.0.load_issue_to_complete_count = 499
stat.node.4.cpu.0.avg_load_issue_to_complete_lat = 989.118
stat.node.4.injector.phase_cycles = 495879
stat.node.4.injector.request_bytes = 115648
stat.node.4.injector.response_bytes = 71168
stat.node.4.injector.aggregate_bytes = 186816
stat.node.4.injector.request_gbps = 4.47779
stat.node.4.injector.response_gbps = 2.75556
stat.node.4.injector.aggregate_gbps = 7.23335
stat.node.4.llc.cxl_miss = 500
stat.node.4.llc.total_miss = 500
stat.node.4.llc.avg_miss_lat = 753.93
stat.node.4.llc.avg_cxl_lat = 753.93
stat.node.4.llc.miss_lat_hist_bin_ns = 10
stat.node.4.llc.miss_lat_hist = [0,0,0,0,0,0,0,0,0,0,0,0,0,0,0,0,0,0,0,0,0,0,0,0,0,0,55,72,51,43,20,25,40,65,26,56,19,3,14,11]
stat.node.4.util.dram_avg = 2.0627e-05
stat.node.4.walltime_s = 266.079
stat.node.4.active_time_s = 24.1516
stat.node.5.cpu.0.load_issue_to_complete_count = 499
stat.node.5.cpu.0.avg_load_issue_to_complete_lat = 989.118
stat.node.5.injector.phase_cycles = 495854
stat.node.5.injector.request_bytes = 115584
stat.node.5.injector.response_bytes = 71168
stat.node.5.injector.aggregate_bytes = 186752
stat.node.5.injector.request_gbps = 4.47554
stat.node.5.injector.response_gbps = 2.7557
stat.node.5.injector.aggregate_gbps = 7.23124
stat.node.5.llc.cxl_miss = 500
stat.node.5.llc.total_miss = 500
stat.node.5.llc.avg_miss_lat = 754.098
stat.node.5.llc.avg_cxl_lat = 754.098
stat.node.5.llc.miss_lat_hist_bin_ns = 10
stat.node.5.llc.miss_lat_hist = [0,0,0,0,0,0,0,0,0,0,0,0,0,0,0,0,0,0,0,0,0,0,0,0,0,0,49,50,49,38,10,56,85,67,38,26,10,7,11,4]
stat.node.5.util.dram_avg = 2.06266e-05
stat.node.5.walltime_s = 266.08
stat.node.5.active_time_s = 24.7885
stat.node.6.cpu.0.load_issue_to_complete_count = 499
stat.node.6.cpu.0.avg_load_issue_to_complete_lat = 988.351
stat.node.6.injector.phase_cycles = 495544
stat.node.6.injector.request_bytes = 115512
stat.node.6.injector.response_bytes = 71104
stat.node.6.injector.aggregate_bytes = 186616
stat.node.6.injector.request_gbps = 4.47555
stat.node.6.injector.response_gbps = 2.75495
stat.node.6.injector.aggregate_gbps = 7.23049
stat.node.6.llc.cxl_miss = 500
stat.node.6.llc.total_miss = 500
stat.node.6.llc.avg_miss_lat = 753.524
stat.node.6.llc.avg_cxl_lat = 753.524
stat.node.6.llc.miss_lat_hist_bin_ns = 10
stat.node.6.llc.miss_lat_hist = [0,0,0,0,0,0,0,0,0,0,0,0,0,0,0,0,0,0,0,0,0,0,0,0,0,0,45,33,43,49,89,42,34,53,31,47,15,7,8,4]
stat.node.6.util.dram_avg = 2.06261e-05
stat.node.6.walltime_s = 266.081
stat.node.6.active_time_s = 13.9204
stat.node.7.cpu.0.load_issue_to_complete_count = 499
stat.node.7.cpu.0.avg_load_issue_to_complete_lat = 988.124
stat.node.7.injector.phase_cycles = 495544
stat.node.7.injector.request_bytes = 115512
stat.node.7.injector.response_bytes = 71104
stat.node.7.injector.aggregate_bytes = 186616
stat.node.7.injector.request_gbps = 4.47555
stat.node.7.injector.response_gbps = 2.75495
stat.node.7.injector.aggregate_gbps = 7.23049
stat.node.7.llc.cxl_miss = 500
stat.node.7.llc.total_miss = 500
stat.node.7.llc.avg_miss_lat = 751.898
stat.node.7.llc.avg_cxl_lat = 751.898
stat.node.7.llc.miss_lat_hist_bin_ns = 10
stat.node.7.llc.miss_lat_hist = [0,0,0,0,0,0,0,0,0,0,0,0,0,0,0,0,0,0,0,0,0,0,0,0,0,0,54,68,65,24,22,9,64,88,37,36,2,2,20,7,2]
stat.node.7.util.dram_avg = 2.06257e-05
stat.node.7.walltime_s = 266.081
stat.node.7.active_time_s = 14.6173
stat.node.0.cpu.0.load_issue_to_complete_count = 499
stat.node.0.cpu.0.avg_load_issue_to_complete_lat = 987.782
stat.node.0.injector.phase_cycles = 495285
stat.node.0.injector.request_bytes = 115440
stat.node.0.injector.response_bytes = 71040
stat.node.0.injector.aggregate_bytes = 186480
stat.node.0.injector.request_gbps = 4.4751
stat.node.0.injector.response_gbps = 2.75391
stat.node.0.injector.aggregate_gbps = 7.229
stat.node.0.llc.cxl_miss = 500
stat.node.0.llc.total_miss = 500
stat.node.0.llc.avg_miss_lat = 752.364
stat.node.0.llc.avg_cxl_lat = 752.364
stat.node.0.llc.miss_lat_hist_bin_ns = 10
stat.node.0.llc.miss_lat_hist = [0,0,0,0,0,0,0,0,0,0,0,0,0,0,0,0,0,0,0,0,0,0,0,0,0,0,42,52,45,30,45,91,37,62,31,43,2,0,13,7]
stat.node.0.util.dram_avg = 2.06253e-05
stat.node.0.walltime_s = 266.088
stat.node.0.active_time_s = 16.4345
stat.node.1.cpu.0.load_issue_to_complete_count = 499
stat.node.1.cpu.0.avg_load_issue_to_complete_lat = 987.673
stat.node.1.injector.phase_cycles = 495187
stat.node.1.injector.request_bytes = 115440
stat.node.1.injector.response_bytes = 71040
stat.node.1.injector.aggregate_bytes = 186480
stat.node.1.injector.request_gbps = 4.47598
stat.node.1.injector.response_gbps = 2.75445
stat.node.1.injector.aggregate_gbps = 7.23043
stat.node.1.llc.cxl_miss = 500
stat.node.1.llc.total_miss = 500
stat.node.1.llc.avg_miss_lat = 752.81
stat.node.1.llc.avg_cxl_lat = 752.81
stat.node.1.llc.miss_lat_hist_bin_ns = 10
stat.node.1.llc.miss_lat_hist = [0,0,0,0,0,0,0,0,0,0,0,0,0,0,0,0,0,0,0,0,0,0,0,0,0,0,29,60,79,42,30,45,46,73,21,31,7,5,18,14]
stat.node.1.util.dram_avg = 2.06248e-05
stat.node.1.walltime_s = 266.137
stat.node.1.active_time_s = 26.4858
stat.node.2.cpu.0.load_issue_to_complete_count = 499
stat.node.2.cpu.0.avg_load_issue_to_complete_lat = 987.721
stat.node.2.injector.phase_cycles = 495132
stat.node.2.injector.request_bytes = 115440
stat.node.2.injector.response_bytes = 71040
stat.node.2.injector.aggregate_bytes = 186480
stat.node.2.injector.request_gbps = 4.47648
stat.node.2.injector.response_gbps = 2.75476
stat.node.2.injector.aggregate_gbps = 7.23124
stat.node.2.llc.cxl_miss = 500
stat.node.2.llc.total_miss = 500
stat.node.2.llc.avg_miss_lat = 752.442
stat.node.2.llc.avg_cxl_lat = 752.442
stat.node.2.llc.miss_lat_hist_bin_ns = 10
stat.node.2.llc.miss_lat_hist = [0,0,0,0,0,0,0,0,0,0,0,0,0,0,0,0,0,0,0,0,0,0,0,0,0,0,54,84,35,31,20,24,45,90,57,31,1,3,7,14,4]
stat.node.2.util.dram_avg = 2.06239e-05
stat.node.2.walltime_s = 266.138
stat.node.2.active_time_s = 15.1992
stat.node.3.cpu.0.load_issue_to_complete_count = 499
stat.node.3.cpu.0.avg_load_issue_to_complete_lat = 987.721
stat.node.3.injector.phase_cycles = 495132
stat.node.3.injector.request_bytes = 115376
stat.node.3.injector.response_bytes = 71040
stat.node.3.injector.aggregate_bytes = 186416
stat.node.3.injector.request_gbps = 4.474
stat.node.3.injector.response_gbps = 2.75476
stat.node.3.injector.aggregate_gbps = 7.22875
stat.node.3.llc.cxl_miss = 500
stat.node.3.llc.total_miss = 500
stat.node.3.llc.avg_miss_lat = 752.322
stat.node.3.llc.avg_cxl_lat = 752.322
stat.node.3.llc.miss_lat_hist_bin_ns = 10
stat.node.3.llc.miss_lat_hist = [0,0,0,0,0,0,0,0,0,0,0,0,0,0,0,0,0,0,0,0,0,0,0,0,0,0,35,48,21,82,56,74,35,50,38,23,4,16,17,1]
stat.node.3.util.dram_avg = 2.06235e-05
stat.node.3.walltime_s = 266.152
stat.node.3.active_time_s = 26.2297
stat.pool.100.util.mem_avg = 0.213476
stat.pool.100.util.req_link_avg = 0.75496
stat.pool.100.walltime_s = 266.312
stat.pool.100.active_time_s = 0.529457
stat.switch.replicated_messages = 0
stat.switch.util.node_ingress_avg = 0.0943898
stat.switch.util.pool_ingress_avg = 0.662038
stat.switch.bw.host_to_switch_gbps = 4.63945
stat.switch.bw.switch_to_host_gbps = 4.06741
stat.switch.bw.host_link_total_gbps = 8.70686
stat.switch.walltime_s = 266.312
stat.switch.active_time_s = 1.73292
Simulation is complete, simulated time: 485.272 us
