stat.node.5.cpu.0.retired = 804
stat.node.5.cpu.0.cycles = 1000000
stat.node.6.cpu.0.retired = 817
stat.node.6.cpu.0.cycles = 1000000
stat.node.7.cpu.0.retired = 813
stat.node.7.cpu.0.cycles = 1000000
stat.node.0.cpu.0.retired = 813
stat.node.0.cpu.0.cycles = 1000000
stat.node.1.cpu.0.retired = 822
stat.node.1.cpu.0.cycles = 1000000
stat.node.2.cpu.0.retired = 816
stat.node.2.cpu.0.cycles = 1000000
stat.node.3.cpu.0.retired = 819
stat.node.3.cpu.0.cycles = 1000000
stat.node.4.cpu.0.retired = 817
stat.node.4.cpu.0.cycles = 1000000
stat.node.1.cpu.0.load_issue_to_complete_count = 499
stat.node.1.cpu.0.avg_load_issue_to_complete_lat = 1001.86
stat.node.1.injector.phase_cycles = 502192
stat.node.1.injector.request_bytes = 63744
stat.node.1.injector.response_bytes = 169984
stat.node.1.injector.aggregate_bytes = 233728
stat.node.1.injector.request_gbps = 2.43709
stat.node.1.injector.response_gbps = 6.49889
stat.node.1.injector.aggregate_gbps = 8.93598
stat.node.1.llc.cxl_miss = 500
stat.node.1.llc.total_miss = 500
stat.node.1.llc.avg_miss_lat = 769.55
stat.node.1.llc.avg_cxl_lat = 769.55
stat.node.1.llc.miss_lat_hist_bin_ns = 10
stat.node.1.llc.miss_lat_hist = [0,0,0,0,0,0,0,0,0,0,0,0,0,0,0,0,0,0,0,0,0,0,0,0,0,0,71,9,92,43,22,27,15,23,55,25,36,35,20,16,11]
stat.node.1.util.dram_avg = 2.04613e-05
stat.node.1.walltime_s = 18.0448
stat.node.1.active_time_s = 13.5373
stat.node.3.cpu.0.load_issue_to_complete_count = 499
stat.node.3.cpu.0.avg_load_issue_to_complete_lat = 1006.02
stat.node.3.injector.phase_cycles = 504416
stat.node.3.injector.request_bytes = 64032
stat.node.3.injector.response_bytes = 170752
stat.node.3.injector.aggregate_bytes = 234784
stat.node.3.injector.request_gbps = 2.4373
stat.node.3.injector.response_gbps = 6.49947
stat.node.3.injector.aggregate_gbps = 8.93678
stat.node.3.llc.cxl_miss = 500
stat.node.3.llc.total_miss = 500
stat.node.3.llc.avg_miss_lat = 773.064
stat.node.3.llc.avg_cxl_lat = 773.064
stat.node.3.llc.miss_lat_hist_bin_ns = 10
stat.node.3.llc.miss_lat_hist = [0,0,0,0,0,0,0,0,0,0,0,0,0,0,0,0,0,0,0,0,0,0,0,0,0,0,82,9,15,122,26,10,26,35,43,13,5,8,65,34,6,1]
stat.node.3.util.dram_avg = 2.0409e-05
stat.node.3.walltime_s = 18.0876
stat.node.3.active_time_s = 12.8646
stat.node.2.cpu.0.load_issue_to_complete_count = 499
stat.node.2.cpu.0.avg_load_issue_to_complete_lat = 1001.05
stat.node.2.injector.phase_cycles = 501871
stat.node.2.injector.request_bytes = 63648
stat.node.2.injector.response_bytes = 169920
stat.node.2.injector.aggregate_bytes = 233568
stat.node.2.injector.request_gbps = 2.43497
stat.node.2.injector.response_gbps = 6.5006
stat.node.2.injector.aggregate_gbps = 8.93557
stat.node.2.llc.cxl_miss = 500
stat.node.2.llc.total_miss = 500
stat.node.2.llc.avg_miss_lat = 768.474
stat.node.2.llc.avg_cxl_lat = 768.474
stat.node.2.llc.miss_lat_hist_bin_ns = 10
stat.node.2.llc.miss_lat_hist = [0,0,0,0,0,0,0,0,0,0,0,0,0,0,0,0,0,0,0,0,0,0,0,0,0,0,141,6,8,22,32,29,16,56,39,29,37,34,32,9,8,2]
stat.node.2.util.dram_avg = 2.04086e-05
stat.node.2.walltime_s = 18.0881
stat.node.2.active_time_s = 8.0084
stat.node.4.cpu.0.load_issue_to_complete_count = 499
stat.node.4.cpu.0.avg_load_issue_to_complete_lat = 1002.67
stat.node.4.injector.phase_cycles = 502774
stat.node.4.injector.request_bytes = 63768
stat.node.4.injector.response_bytes = 170240
stat.node.4.injector.aggregate_bytes = 234008
stat.node.4.injector.request_gbps = 2.43518
stat.node.4.injector.response_gbps = 6.50115
stat.node.4.injector.aggregate_gbps = 8.93633
stat.node.4.llc.cxl_miss = 500
stat.node.4.llc.total_miss = 500
stat.node.4.llc.avg_miss_lat = 769.65
stat.node.4.llc.avg_cxl_lat = 769.65
stat.node.4.llc.miss_lat_hist_bin_ns = 10
stat.node.4.llc.miss_lat_hist = [0,0,0,0,0,0,0,0,0,0,0,0,0,0,0,0,0,0,0,0,0,0,0,0,0,0,122,4,8,34,46,25,24,60,37,25,35,23,46,4,7]
stat.node.4.util.dram_avg = 2.0396e-05
stat.node.4.walltime_s = 18.0985
stat.node.4.active_time_s = 7.99248
stat.node.6.cpu.0.load_issue_to_complete_count = 499
stat.node.6.cpu.0.avg_load_issue_to_complete_lat = 1007.01
stat.node.6.injector.phase_cycles = 504640
stat.node.6.injector.request_bytes = 64032
stat.node.6.injector.response_bytes = 170752
stat.node.6.injector.aggregate_bytes = 234784
stat.node.6.injector.request_gbps = 2.43622
stat.node.6.injector.response_gbps = 6.49659
stat.node.6.injector.aggregate_gbps = 8.93281
stat.node.6.llc.cxl_miss = 500
stat.node.6.llc.total_miss = 500
stat.node.6.llc.avg_miss_lat = 771.824
stat.node.6.llc.avg_cxl_lat = 771.824
stat.node.6.llc.miss_lat_hist_bin_ns = 10
stat.node.6.llc.miss_lat_hist = [0,0,0,0,0,0,0,0,0,0,0,0,0,0,0,0,0,0,0,0,0,0,0,0,0,0,95,6,10,40,95,30,17,38,48,9,6,39,36,14,15,2]
stat.node.6.util.dram_avg = 2.03698e-05
stat.node.6.walltime_s = 18.1202
stat.node.6.active_time_s = 9.52052
stat.node.7.cpu.0.load_issue_to_complete_count = 499
stat.node.7.cpu.0.avg_load_issue_to_complete_lat = 1011.55
stat.node.7.injector.phase_cycles = 506888
stat.node.7.injector.request_bytes = 64320
stat.node.7.injector.response_bytes = 171520
stat.node.7.injector.aggregate_bytes = 235840
stat.node.7.injector.request_gbps = 2.43633
stat.node.7.injector.response_gbps = 6.49687
stat.node.7.injector.aggregate_gbps = 8.93319
stat.node.7.llc.cxl_miss = 500
stat.node.7.llc.total_miss = 500
stat.node.7.llc.avg_miss_lat = 777.646
stat.node.7.llc.avg_cxl_lat = 777.646
stat.node.7.llc.miss_lat_hist_bin_ns = 10
stat.node.7.llc.miss_lat_hist = [0,0,0,0,0,0,0,0,0,0,0,0,0,0,0,0,0,0,0,0,0,0,0,0,0,0,108,4,8,36,34,13,38,73,57,27,15,19,34,28,5,1]
stat.node.7.util.dram_avg = 2.03176e-05
stat.node.7.walltime_s = 18.1632
stat.node.7.active_time_s = 10.0417
stat.node.0.cpu.0.load_issue_to_complete_count = 499
stat.node.0.cpu.0.avg_load_issue_to_complete_lat = 1018.89
stat.node.0.injector.phase_cycles = 510592
stat.node.0.injector.request_bytes = 64800
stat.node.0.injector.response_bytes = 172800
stat.node.0.injector.aggregate_bytes = 237600
stat.node.0.injector.request_gbps = 2.4367
stat.node.0.injector.response_gbps = 6.49787
stat.node.0.injector.aggregate_gbps = 8.93457
stat.node.0.llc.cxl_miss = 500
stat.node.0.llc.total_miss = 500
stat.node.0.llc.avg_miss_lat = 784.044
stat.node.0.llc.avg_cxl_lat = 784.044
stat.node.0.llc.miss_lat_hist_bin_ns = 10
stat.node.0.llc.miss_lat_hist = [0,0,0,0,0,0,0,0,0,0,0,0,0,0,0,0,0,0,0,0,0,0,0,0,0,0,89,7,4,31,34,92,24,33,43,33,5,20,20,37,24,4]
stat.node.0.util.dram_avg = 2.02653e-05
stat.node.0.walltime_s = 18.2066
stat.node.0.active_time_s = 8.01591
stat.node.5.cpu.0.load_issue_to_complete_count = 499
stat.node.5.cpu.0.avg_load_issue_to_complete_lat = 1026.71
stat.node.5.injector.phase_cycles = 514475
stat.node.5.injector.request_bytes = 65280
stat.node.5.injector.response_bytes = 174080
stat.node.5.injector.aggregate_bytes = 239360
stat.node.5.injector.request_gbps = 2.43622
stat.node.5.injector.response_gbps = 6.4966
stat.node.5.injector.aggregate_gbps = 8.93282
stat.node.5.llc.cxl_miss = 500
stat.node.5.llc.total_miss = 500
stat.node.5.llc.avg_miss_lat = 791.6
stat.node.5.llc.avg_cxl_lat = 791.6
stat.node.5.llc.miss_lat_hist_bin_ns = 10
stat.node.5.llc.miss_lat_hist = [0,0,0,0,0,0,0,0,0,0,0,0,0,0,0,0,0,0,0,0,0,0,0,0,0,0,77,5,3,40,30,19,95,35,56,38,3,14,17,38,29,1]
stat.node.5.util.dram_avg = 2.01115e-05
stat.node.5.walltime_s = 18.3354
stat.node.5.active_time_s = 10.2435
stat.pool.101.util.mem_avg = 0.143694
stat.pool.101.util.req_link_avg = 0.343542
stat.pool.101.walltime_s = 18.3355
stat.pool.101.active_time_s = 0.318597
stat.pool.100.util.mem_avg = 0.143697
stat.pool.100.util.req_link_avg = 0.343545
stat.pool.100.walltime_s = 18.3355
stat.pool.100.active_time_s = 0.346904
stat.switch.replicated_messages = 25232
stat.switch.util.node_ingress_avg = 0.0528564
stat.switch.util.pool_ingress_avg = 0.633854
stat.switch.bw.host_to_switch_gbps = 2.59802
stat.switch.bw.switch_to_host_gbps = 7.78883
stat.switch.bw.host_link_total_gbps = 10.3868
stat.switch.walltime_s = 18.3355
stat.switch.active_time_s = 1.25077
Simulation is complete, simulated time: 497.626 us
