stat.node.1.cpu.0.retired = 243
stat.node.1.cpu.0.cycles = 1000000
stat.node.2.cpu.0.retired = 269
stat.node.2.cpu.0.cycles = 1000000
stat.node.3.cpu.0.retired = 278
stat.node.3.cpu.0.cycles = 1000000
stat.node.4.cpu.0.retired = 271
stat.node.4.cpu.0.cycles = 1000000
stat.node.5.cpu.0.retired = 286
stat.node.5.cpu.0.cycles = 1000000
stat.node.6.cpu.0.retired = 279
stat.node.6.cpu.0.cycles = 1000000
stat.node.7.cpu.0.retired = 266
stat.node.7.cpu.0.cycles = 1000000
stat.node.0.cpu.0.retired = 265
stat.node.0.cpu.0.cycles = 1000000
stat.node.3.cpu.0.load_issue_to_complete_count = 2
stat.node.3.cpu.0.avg_load_issue_to_complete_lat = 6043
stat.node.3.injector.phase_cycles = 16078
stat.node.3.injector.request_bytes = 5264
stat.node.3.injector.response_bytes = 2112
stat.node.3.injector.aggregate_bytes = 7376
stat.node.3.injector.request_gbps = 6.28615
stat.node.3.injector.response_gbps = 2.5221
stat.node.3.injector.aggregate_gbps = 8.80826
stat.node.3.llc.cxl_miss = 3
stat.node.3.llc.total_miss = 3
stat.node.3.llc.avg_miss_lat = 4017.67
stat.node.3.llc.avg_cxl_lat = 4017.67
stat.node.3.llc.miss_lat_hist_bin_ns = 10
stat.node.3.llc.miss_lat_hist = [0,0,0,0,0,0,0,0,0,0,0,0,0,0,0,0,0,0,0,0,0,0,0,0,0,0,0,0,0,0,0,0,0,0,0,0,0,0,0,0,0,0,0,0,0,0,0,0,0,0,0,0,0,0,0,0,0,0,0,0,0,0,0,0,0,0,0,0,0,0,0,0,0,0,0,0,0,0,0,0,0,0,0,0,0,0,0,0,0,0,0,0,0,0,0,0,0,0,0,0,0,0,0,0,0,0,0,0,0,0,0,0,0,0,0,0,0,0,0,0,0,0,0,0,0,0,0,0,0,0,0,0,0,0,0,0,0,0,0,0,0,0,0,0,0,0,0,0,0,0,0,0,0,0,0,1,0,0,0,0,0,0,0,0,0,0,1,0,0,0,0,0,0,0,0,0,0,0,0,0,1]
stat.node.3.util.dram_avg = 2.111e-05
stat.node.3.walltime_s = 1954.9
stat.node.3.active_time_s = 30.793
stat.node.2.cpu.0.load_issue_to_complete_count = 2
stat.node.2.cpu.0.avg_load_issue_to_complete_lat = 5075.5
stat.node.2.injector.phase_cycles = 14552
stat.node.2.injector.request_bytes = 5056
stat.node.2.injector.response_bytes = 2048
stat.node.2.injector.aggregate_bytes = 7104
stat.node.2.injector.request_gbps = 6.67092
stat.node.2.injector.response_gbps = 2.70214
stat.node.2.injector.aggregate_gbps = 9.37306
stat.node.2.llc.cxl_miss = 3
stat.node.2.llc.total_miss = 3
stat.node.2.llc.avg_miss_lat = 3560
stat.node.2.llc.avg_cxl_lat = 3560
stat.node.2.llc.miss_lat_hist_bin_ns = 10
stat.node.2.llc.miss_lat_hist = [0,0,0,0,0,0,0,0,0,0,0,0,0,0,0,0,0,0,0,0,0,0,0,0,0,0,0,0,0,0,0,0,0,0,0,0,0,0,0,0,0,0,0,0,0,0,0,0,0,0,0,0,0,0,0,0,0,0,0,0,0,0,0,0,0,0,0,0,0,0,0,0,0,0,0,0,0,0,0,0,0,0,0,0,0,0,0,0,0,0,0,0,0,0,0,0,0,0,0,0,0,0,0,0,0,0,0,0,0,0,0,0,0,0,0,0,0,0,0,0,0,0,0,0,0,0,0,0,0,0,0,0,1,0,0,0,0,0,0,1,0,0,0,0,0,0,0,0,0,0,0,0,0,0,0,0,0,0,0,0,0,0,0,0,0,0,0,0,0,0,0,0,1]
stat.node.2.util.dram_avg = 2.03301e-05
stat.node.2.walltime_s = 2064.76
stat.node.2.active_time_s = 20.3188
stat.node.7.cpu.0.load_issue_to_complete_count = 2
stat.node.7.cpu.0.avg_load_issue_to_complete_lat = 5705.5
stat.node.7.injector.phase_cycles = 15818
stat.node.7.injector.request_bytes = 5256
stat.node.7.injector.response_bytes = 2176
stat.node.7.injector.aggregate_bytes = 7432
stat.node.7.injector.request_gbps = 6.37977
stat.node.7.injector.response_gbps = 2.64124
stat.node.7.injector.aggregate_gbps = 9.02101
stat.node.7.llc.cxl_miss = 3
stat.node.7.llc.total_miss = 3
stat.node.7.llc.avg_miss_lat = 3889.67
stat.node.7.llc.avg_cxl_lat = 3889.67
stat.node.7.llc.miss_lat_hist_bin_ns = 10
stat.node.7.llc.miss_lat_hist = [0,0,0,0,0,0,0,0,0,0,0,0,0,0,0,0,0,0,0,0,0,0,0,0,0,0,0,0,0,0,0,0,0,0,0,0,0,0,0,0,0,0,0,0,0,0,0,0,0,0,0,0,0,0,0,0,0,0,0,0,0,0,0,0,0,0,0,0,0,0,0,0,0,0,0,0,0,0,0,0,0,0,0,0,0,0,0,0,0,0,0,0,0,0,0,0,0,0,0,0,0,0,0,0,0,0,0,0,0,0,0,0,0,0,0,0,0,0,0,0,0,0,0,0,0,0,0,0,0,0,0,0,0,0,0,0,0,0,0,0,0,0,0,0,0,0,0,0,0,0,0,0,1,0,0,0,0,0,0,0,0,1,0,0,0,0,0,0,0,0,0,0,0,1]
stat.node.7.util.dram_avg = 2.00354e-05
stat.node.7.walltime_s = 2085.61
stat.node.7.active_time_s = 34.9565
stat.node.0.cpu.0.load_issue_to_complete_count = 2
stat.node.0.cpu.0.avg_load_issue_to_complete_lat = 5125.5
stat.node.0.injector.phase_cycles = 14142
stat.node.0.injector.request_bytes = 5056
stat.node.0.injector.response_bytes = 2048
stat.node.0.injector.aggregate_bytes = 7104
stat.node.0.injector.request_gbps = 6.86432
stat.node.0.injector.response_gbps = 2.78048
stat.node.0.injector.aggregate_gbps = 9.6448
stat.node.0.llc.cxl_miss = 3
stat.node.0.llc.total_miss = 3
stat.node.0.llc.avg_miss_lat = 3382.67
stat.node.0.llc.avg_cxl_lat = 3382.67
stat.node.0.llc.miss_lat_hist_bin_ns = 10
stat.node.0.llc.miss_lat_hist = [0,0,0,0,0,0,0,0,0,0,0,0,0,0,0,0,0,0,0,0,0,0,0,0,0,0,0,0,0,0,0,0,0,0,0,0,0,0,0,0,0,0,0,0,0,0,0,0,0,0,0,0,0,0,0,0,0,0,0,0,0,0,0,0,0,0,0,0,0,0,0,0,0,0,0,0,0,0,0,0,0,0,0,0,0,0,0,0,0,0,0,0,0,0,0,0,0,0,0,0,0,0,0,0,0,0,0,0,0,0,0,0,0,0,0,0,0,0,0,0,1,0,0,0,0,0,0,0,0,0,0,0,0,0,0,0,0,0,0,0,0,0,0,0,0,0,0,0,0,0,0,2]
stat.node.0.util.dram_avg = 1.99197e-05
stat.node.0.walltime_s = 2087.49
stat.node.0.active_time_s = 20.83
stat.node.1.cpu.0.load_issue_to_complete_count = 2
stat.node.1.cpu.0.avg_load_issue_to_complete_lat = 5147.5
stat.node.1.injector.phase_cycles = 13924
stat.node.1.injector.request_bytes = 5528
stat.node.1.injector.response_bytes = 2240
stat.node.1.injector.aggregate_bytes = 7768
stat.node.1.injector.request_gbps = 7.62264
stat.node.1.injector.response_gbps = 3.08877
stat.node.1.injector.aggregate_gbps = 10.7114
stat.node.1.llc.cxl_miss = 3
stat.node.1.llc.total_miss = 3
stat.node.1.llc.avg_miss_lat = 3301.33
stat.node.1.llc.avg_cxl_lat = 3301.33
stat.node.1.llc.miss_lat_hist_bin_ns = 10
stat.node.1.llc.miss_lat_hist = [0,0,0,0,0,0,0,0,0,0,0,0,0,0,0,0,0,0,0,0,0,0,0,0,0,0,0,0,0,0,0,0,0,0,0,0,0,0,0,0,0,0,0,0,0,0,0,0,0,0,0,0,0,0,0,0,0,0,0,0,0,0,0,0,0,0,0,0,0,0,0,0,0,0,0,0,0,0,0,0,0,0,0,0,0,0,0,0,0,0,0,0,0,0,0,0,0,0,0,0,0,0,0,0,0,0,0,0,0,0,0,0,0,0,0,0,0,0,0,0,0,0,0,0,0,0,0,0,0,0,0,1,0,0,0,0,0,0,0,0,1,1]
stat.node.1.util.dram_avg = 1.80304e-05
stat.node.1.walltime_s = 2159.03
stat.node.1.active_time_s = 35.7222
stat.node.4.cpu.0.load_issue_to_complete_count = 299
stat.node.4.cpu.0.avg_load_issue_to_complete_lat = 2802.86
stat.node.4.injector.phase_cycles = 840936
stat.node.4.injector.request_bytes = 276120
stat.node.4.injector.response_bytes = 112448
stat.node.4.injector.aggregate_bytes = 388568
stat.node.4.injector.request_gbps = 6.30429
stat.node.4.injector.response_gbps = 2.56738
stat.node.4.injector.aggregate_gbps = 8.87167
stat.node.4.llc.cxl_miss = 300
stat.node.4.llc.total_miss = 300
stat.node.4.llc.avg_miss_lat = 2221.85
stat.node.4.llc.avg_cxl_lat = 2221.85
stat.node.4.llc.miss_lat_hist_bin_ns = 10
stat.node.4.llc.miss_lat_hist = [0,0,0,0,0,0,0,0,0,0,0,0,0,0,0,0,0,0,0,0,0,0,0,0,0,0,0,0,0,0,0,0,0,0,0,0,0,0,0,0,0,2,7,9,7,7,5,3,4,6,3,2,2,4,2,3,2,3,5,4,1,6,1,1,4,4,2,4,5,6,7,3,1,4,1,3,5,2,3,2,2,0,3,2,2,2,3,3,0,1,1,2,1,1,4,3,3,2,3,3,4,1,3,1,2,0,2,5,4,1,0,1,2,2,2,1,1,3,2,1,2,2,2,0,0,0,4,0,0,1,1,3,0,2,2,2,1,1,1,1,3,3,0,2,2,1,0,0,1,1,3,4,2,1,2,2,2,1,1,0,0,0,0,0,1,2,1,1,1,2,1,1,0,1,0,1,0,1,0,0,0,1,0,1,1,0,0,1,0,1,0,0,1,0,0,0,0,0,0,0,0,0,0,0,0,0,0,0,0,0,0,0,0,0,0,0,0,0,0,0,0,0,0,0,0,0,0,0,0,0,0,0,0,0,1]
stat.node.4.util.dram_avg = 1.24587e-05
stat.node.4.walltime_s = 2869.92
stat.node.4.active_time_s = 30.3222
stat.node.2.cpu.0.retired = 514
stat.node.2.cpu.0.cycles = 2000000
stat.node.0.cpu.0.retired = 466
stat.node.0.cpu.0.cycles = 2000000
stat.node.3.cpu.0.retired = 581
stat.node.3.cpu.0.cycles = 2000000
stat.node.7.cpu.0.retired = 470
stat.node.7.cpu.0.cycles = 2000000
stat.node.1.cpu.0.retired = 460
stat.node.1.cpu.0.cycles = 2000000
stat.node.5.cpu.0.retired = 563
stat.node.5.cpu.0.cycles = 2000000
stat.node.6.cpu.0.retired = 534
stat.node.6.cpu.0.cycles = 2000000
stat.node.4.cpu.0.retired = 628
stat.node.4.cpu.0.cycles = 2000000
stat.node.5.cpu.0.load_issue_to_complete_count = 299
stat.node.5.cpu.0.avg_load_issue_to_complete_lat = 3532.27
stat.node.5.injector.phase_cycles = 1058328
stat.node.5.injector.request_bytes = 347528
stat.node.5.injector.response_bytes = 141440
stat.node.5.injector.aggregate_bytes = 488968
stat.node.5.injector.request_gbps = 6.30479
stat.node.5.injector.response_gbps = 2.56598
stat.node.5.injector.aggregate_gbps = 8.87077
stat.node.5.llc.cxl_miss = 300
stat.node.5.llc.total_miss = 300
stat.node.5.llc.avg_miss_lat = 2835.32
stat.node.5.llc.avg_cxl_lat = 2835.32
stat.node.5.llc.miss_lat_hist_bin_ns = 10
stat.node.5.llc.miss_lat_hist = [0,0,0,0,0,0,0,0,0,0,0,0,0,0,0,0,0,0,0,0,0,0,0,0,0,0,0,0,0,0,0,0,0,0,0,0,0,0,0,0,0,0,8,6,3,6,7,6,1,3,3,4,1,3,2,2,2,0,4,1,2,5,0,4,3,2,1,1,1,0,0,0,3,2,0,1,0,3,2,0,0,1,1,1,2,0,3,0,3,1,0,1,3,4,0,0,0,0,3,2,3,0,0,4,0,0,0,0,2,0,3,2,1,0,0,1,0,0,1,1,2,0,2,1,1,1,2,4,0,0,1,3,3,1,2,5,1,0,4,2,2,4,2,0,1,3,3,6,0,3,5,4,5,2,4,1,3,3,3,2,3,4,2,0,3,1,6,3,0,4,3,4,5,1,1,2,4,0,2,0,2,1,1,2,1,2,3,1,0,4,0,0,1,0,1,0,0,0,0,0,0,0,0,0,0,0,1,0,0,0,0,0,0,0,0,1,1,0,0,1,0,0,1,0,1,1]
stat.node.5.util.dram_avg = 1.14858e-05
stat.node.5.walltime_s = 2992.57
stat.node.5.active_time_s = 60.2727
stat.node.6.cpu.0.load_issue_to_complete_count = 299
stat.node.6.cpu.0.avg_load_issue_to_complete_lat = 3828.35
stat.node.6.injector.phase_cycles = 1146237
stat.node.6.injector.request_bytes = 376384
stat.node.6.injector.response_bytes = 152896
stat.node.6.injector.aggregate_bytes = 529280
stat.node.6.injector.request_gbps = 6.30461
stat.node.6.injector.response_gbps = 2.56108
stat.node.6.injector.aggregate_gbps = 8.86568
stat.node.6.llc.cxl_miss = 300
stat.node.6.llc.total_miss = 300
stat.node.6.llc.avg_miss_lat = 3145.87
stat.node.6.llc.avg_cxl_lat = 3145.87
stat.node.6.llc.miss_lat_hist_bin_ns = 10
stat.node.6.llc.miss_lat_hist = [0,0,0,0,0,0,0,0,0,0,0,0,0,0,0,0,0,0,0,0,0,0,0,0,0,0,0,0,0,0,0,0,0,0,0,0,0,0,0,0,0,1,1,4,1,3,0,0,4,0,2,6,0,1,2,1,1,1,2,1,3,2,2,2,1,1,3,0,3,1,0,1,0,0,0,1,2,1,1,0,0,1,1,2,0,0,0,0,0,1,1,2,1,1,0,0,0,2,0,1,1,0,1,2,1,1,0,0,3,2,0,0,2,0,1,3,0,0,1,2,1,1,1,5,2,2,3,2,5,1,3,3,3,5,4,3,5,6,6,3,3,2,6,2,4,0,4,3,4,2,3,1,4,4,4,6,3,2,3,4,5,1,5,3,8,3,5,6,1,3,2,3,3,1,4,4,2,3,0,1,0,0,0,2,2,0,1,1,0,0,1,1,1,1,0,1,0,1,0,2,0,0,1,0,2,0,0,0,0,0,1,0,1,0,1,0,0,0,0,0,1]
stat.node.6.util.dram_avg = 1.09088e-05
stat.node.6.walltime_s = 3040.91
stat.node.6.active_time_s = 33.0753
stat.pool.101.util.mem_avg = 0.19425
stat.pool.101.util.req_link_avg = 0.999774
stat.pool.101.walltime_s = 3040.91
stat.pool.101.active_time_s = 2.18241
stat.pool.100.util.mem_avg = 0.194242
stat.pool.100.util.req_link_avg = 0.999769
stat.pool.100.walltime_s = 3040.91
stat.pool.100.active_time_s = 2.31594
stat.switch.replicated_messages = 170602
stat.switch.util.node_ingress_avg = 0.128883
stat.switch.util.pool_ingress_avg = 0.244934
stat.switch.bw.host_to_switch_gbps = 6.33536
stat.switch.bw.switch_to_host_gbps = 3.00972
stat.switch.bw.host_link_total_gbps = 9.34508
stat.switch.walltime_s = 3040.93
stat.switch.active_time_s = 9.7129
Simulation is complete, simulated time: 917.421 us
