stat.node.1.cpu.0.load_issue_to_complete_count = 299
stat.node.1.cpu.0.avg_load_issue_to_complete_lat = 1103.72
stat.node.1.injector.phase_cycles = 331461
stat.node.1.injector.request_bytes = 180336
stat.node.1.injector.response_bytes = 110976
stat.node.1.injector.aggregate_bytes = 291312
stat.node.1.injector.request_gbps = 10.446
stat.node.1.injector.response_gbps = 6.42833
stat.node.1.injector.aggregate_gbps = 16.8744
stat.node.1.llc.cxl_miss = 300
stat.node.1.llc.total_miss = 300
stat.node.1.llc.avg_miss_lat = 776.447
stat.node.1.llc.avg_cxl_lat = 776.447
stat.node.1.llc.miss_lat_hist_bin_ns = 10
stat.node.1.llc.miss_lat_hist = [0,0,0,0,0,0,0,0,0,0,0,0,0,0,0,0,0,0,0,0,0,0,0,0,0,0,1,10,18,28,44,35,47,37,33,18,14,10,4,1]
stat.node.1.util.dram_avg = 3.03917e-05
stat.node.1.walltime_s = 1817.42
stat.node.1.active_time_s = 21.3384
stat.node.6.cpu.0.load_issue_to_complete_count = 299
stat.node.6.cpu.0.avg_load_issue_to_complete_lat = 1106.79
stat.node.6.injector.phase_cycles = 332214
stat.node.6.injector.request_bytes = 180752
stat.node.6.injector.response_bytes = 111168
stat.node.6.injector.aggregate_bytes = 291920
stat.node.6.injector.request_gbps = 10.4464
stat.node.6.injector.response_gbps = 6.42485
stat.node.6.injector.aggregate_gbps = 16.8712
stat.node.6.llc.cxl_miss = 300
stat.node.6.llc.total_miss = 300
stat.node.6.llc.avg_miss_lat = 777.943
stat.node.6.llc.avg_cxl_lat = 777.943
stat.node.6.llc.miss_lat_hist_bin_ns = 10
stat.node.6.llc.miss_lat_hist = [0,0,0,0,0,0,0,0,0,0,0,0,0,0,0,0,0,0,0,0,0,0,0,0,0,0,2,4,12,29,42,48,47,42,31,21,8,9,4,0,1]
stat.node.6.util.dram_avg = 3.03223e-05
stat.node.6.walltime_s = 1818.35
stat.node.6.active_time_s = 14.5153
stat.node.4.cpu.0.load_issue_to_complete_count = 299
stat.node.4.cpu.0.avg_load_issue_to_complete_lat = 1111.07
stat.node.4.injector.phase_cycles = 333504
stat.node.4.injector.request_bytes = 181384
stat.node.4.injector.response_bytes = 111680
stat.node.4.injector.aggregate_bytes = 293064
stat.node.4.injector.request_gbps = 10.4424
stat.node.4.injector.response_gbps = 6.42948
stat.node.4.injector.aggregate_gbps = 16.8718
stat.node.4.llc.cxl_miss = 300
stat.node.4.llc.total_miss = 300
stat.node.4.llc.avg_miss_lat = 781.793
stat.node.4.llc.avg_cxl_lat = 781.793
stat.node.4.llc.miss_lat_hist_bin_ns = 10
stat.node.4.llc.miss_lat_hist = [0,0,0,0,0,0,0,0,0,0,0,0,0,0,0,0,0,0,0,0,0,0,0,0,0,0,3,5,22,35,28,35,45,40,17,29,24,9,5,3]
stat.node.4.util.dram_avg = 3.02898e-05
stat.node.4.walltime_s = 1818.65
stat.node.4.active_time_s = 14.0946
stat.node.3.cpu.0.load_issue_to_complete_count = 299
stat.node.3.cpu.0.avg_load_issue_to_complete_lat = 1119.94
stat.node.3.injector.phase_cycles = 336261
stat.node.3.injector.request_bytes = 182968
stat.node.3.injector.response_bytes = 112640
stat.node.3.injector.aggregate_bytes = 295608
stat.node.3.injector.request_gbps = 10.4472
stat.node.3.injector.response_gbps = 6.43158
stat.node.3.injector.aggregate_gbps = 16.8788
stat.node.3.llc.cxl_miss = 300
stat.node.3.llc.total_miss = 300
stat.node.3.llc.avg_miss_lat = 789.49
stat.node.3.llc.avg_cxl_lat = 789.49
stat.node.3.llc.miss_lat_hist_bin_ns = 10
stat.node.3.llc.miss_lat_hist = [0,0,0,0,0,0,0,0,0,0,0,0,0,0,0,0,0,0,0,0,0,0,0,0,0,0,0,5,7,22,37,36,49,42,44,29,21,4,2,1,1]
stat.node.3.util.dram_avg = 3.01778e-05
stat.node.3.walltime_s = 1819.42
stat.node.3.active_time_s = 21.7632
stat.node.7.cpu.0.load_issue_to_complete_count = 299
stat.node.7.cpu.0.avg_load_issue_to_complete_lat = 1122.96
stat.node.7.injector.phase_cycles = 337157
stat.node.7.injector.request_bytes = 183384
stat.node.7.injector.response_bytes = 112896
stat.node.7.injector.aggregate_bytes = 296280
stat.node.7.injector.request_gbps = 10.4431
stat.node.7.injector.response_gbps = 6.42906
stat.node.7.injector.aggregate_gbps = 16.8722
stat.node.7.llc.cxl_miss = 300
stat.node.7.llc.total_miss = 300
stat.node.7.llc.avg_miss_lat = 793.817
stat.node.7.llc.avg_cxl_lat = 793.817
stat.node.7.llc.miss_lat_hist_bin_ns = 10
stat.node.7.llc.miss_lat_hist = [0,0,0,0,0,0,0,0,0,0,0,0,0,0,0,0,0,0,0,0,0,0,0,0,0,0,2,7,10,29,22,30,42,45,37,29,24,9,11,3]
stat.node.7.util.dram_avg = 3.00774e-05
stat.node.7.walltime_s = 1820.39
stat.node.7.active_time_s = 22.0354
stat.node.0.cpu.0.load_issue_to_complete_count = 299
stat.node.0.cpu.0.avg_load_issue_to_complete_lat = 1116.38
stat.node.0.injector.phase_cycles = 335225
stat.node.0.injector.request_bytes = 182352
stat.node.0.injector.response_bytes = 112256
stat.node.0.injector.aggregate_bytes = 294608
stat.node.0.injector.request_gbps = 10.4442
stat.node.0.injector.response_gbps = 6.42946
stat.node.0.injector.aggregate_gbps = 16.8737
stat.node.0.llc.cxl_miss = 300
stat.node.0.llc.total_miss = 300
stat.node.0.llc.avg_miss_lat = 787.467
stat.node.0.llc.avg_cxl_lat = 787.467
stat.node.0.llc.miss_lat_hist_bin_ns = 10
stat.node.0.llc.miss_lat_hist = [0,0,0,0,0,0,0,0,0,0,0,0,0,0,0,0,0,0,0,0,0,0,0,0,0,0,1,2,9,18,43,45,44,48,36,22,21,6,4,1]
stat.node.0.util.dram_avg = 3.00736e-05
stat.node.0.walltime_s = 1820.43
stat.node.0.active_time_s = 13.4432
stat.node.5.cpu.0.load_issue_to_complete_count = 299
stat.node.5.cpu.0.avg_load_issue_to_complete_lat = 1115.76
stat.node.5.injector.phase_cycles = 334948
stat.node.5.injector.request_bytes = 182208
stat.node.5.injector.response_bytes = 112128
stat.node.5.injector.aggregate_bytes = 294336
stat.node.5.injector.request_gbps = 10.4446
stat.node.5.injector.response_gbps = 6.42744
stat.node.5.injector.aggregate_gbps = 16.872
stat.node.5.llc.cxl_miss = 300
stat.node.5.llc.total_miss = 300
stat.node.5.llc.avg_miss_lat = 786.9
stat.node.5.llc.avg_cxl_lat = 786.9
stat.node.5.llc.miss_lat_hist_bin_ns = 10
stat.node.5.llc.miss_lat_hist = [0,0,0,0,0,0,0,0,0,0,0,0,0,0,0,0,0,0,0,0,0,0,0,0,0,0,4,8,15,22,32,31,44,38,46,28,13,13,3,2,1]
stat.node.5.util.dram_avg = 3.00639e-05
stat.node.5.walltime_s = 1820.56
stat.node.5.active_time_s = 22.8774
stat.node.2.cpu.0.load_issue_to_complete_count = 299
stat.node.2.cpu.0.avg_load_issue_to_complete_lat = 1123.07
stat.node.2.injector.phase_cycles = 337100
stat.node.2.injector.request_bytes = 183384
stat.node.2.injector.response_bytes = 112832
stat.node.2.injector.aggregate_bytes = 296216
stat.node.2.injector.request_gbps = 10.4449
stat.node.2.injector.response_gbps = 6.4265
stat.node.2.injector.aggregate_gbps = 16.8714
stat.node.2.llc.cxl_miss = 300
stat.node.2.llc.total_miss = 300
stat.node.2.llc.avg_miss_lat = 793.057
stat.node.2.llc.avg_cxl_lat = 793.057
stat.node.2.llc.miss_lat_hist_bin_ns = 10
stat.node.2.llc.miss_lat_hist = [0,0,0,0,0,0,0,0,0,0,0,0,0,0,0,0,0,0,0,0,0,0,0,0,0,0,1,7,11,19,31,37,43,38,39,33,21,8,10,1,1]
stat.node.2.util.dram_avg = 2.99973e-05
stat.node.2.walltime_s = 1821.29
stat.node.2.active_time_s = 13.4058
stat.pool.101.util.mem_avg = 0.225869
stat.pool.101.util.req_link_avg = 0.859279
stat.pool.101.walltime_s = 1821.29
stat.pool.101.active_time_s = 0.879826
stat.pool.100.util.mem_avg = 0.225553
stat.pool.100.util.req_link_avg = 0.865779
stat.pool.100.walltime_s = 1821.29
stat.pool.100.active_time_s = 1.03757
stat.switch.replicated_messages = 0
stat.switch.util.node_ingress_avg = 0.215694
stat.switch.util.pool_ingress_avg = 0.626524
stat.switch.bw.host_to_switch_gbps = 10.6036
stat.switch.bw.switch_to_host_gbps = 7.6985
stat.switch.bw.host_link_total_gbps = 18.3021
stat.switch.walltime_s = 1821.3
stat.switch.active_time_s = 3.28067
Simulation is complete, simulated time: 333.63 us
