stat.node.5.cpu.0.load_issue_to_complete_count = 299
stat.node.5.cpu.0.avg_load_issue_to_complete_lat = 1079.54
stat.node.5.injector.phase_cycles = 323963
stat.node.5.injector.request_bytes = 58584
stat.node.5.injector.response_bytes = 36032
stat.node.5.injector.aggregate_bytes = 94616
stat.node.5.injector.request_gbps = 3.47204
stat.node.5.injector.response_gbps = 2.13547
stat.node.5.injector.aggregate_gbps = 5.60751
stat.node.5.llc.cxl_miss = 300
stat.node.5.llc.total_miss = 300
stat.node.5.llc.avg_miss_lat = 759.39
stat.node.5.llc.avg_cxl_lat = 759.39
stat.node.5.llc.miss_lat_hist_bin_ns = 10
stat.node.5.llc.miss_lat_hist = [0,0,0,0,0,0,0,0,0,0,0,0,0,0,0,0,0,0,0,0,0,0,0,0,0,0,85,12,4,10,16,10,13,10,46,26,58,10]
stat.node.5.util.dram_avg = 3.14538e-05
stat.node.5.walltime_s = 617.265
stat.node.5.active_time_s = 15.7232
stat.node.6.cpu.0.load_issue_to_complete_count = 299
stat.node.6.cpu.0.avg_load_issue_to_complete_lat = 1076.29
stat.node.6.injector.phase_cycles = 323182
stat.node.6.injector.request_bytes = 58448
stat.node.6.injector.response_bytes = 35968
stat.node.6.injector.aggregate_bytes = 94416
stat.node.6.injector.request_gbps = 3.47235
stat.node.6.injector.response_gbps = 2.13683
stat.node.6.injector.aggregate_gbps = 5.60918
stat.node.6.llc.cxl_miss = 300
stat.node.6.llc.total_miss = 300
stat.node.6.llc.avg_miss_lat = 757.6
stat.node.6.llc.avg_cxl_lat = 757.6
stat.node.6.llc.miss_lat_hist_bin_ns = 10
stat.node.6.llc.miss_lat_hist = [0,0,0,0,0,0,0,0,0,0,0,0,0,0,0,0,0,0,0,0,0,0,0,0,0,0,86,6,9,24,21,8,9,8,13,45,56,15]
stat.node.6.util.dram_avg = 3.14487e-05
stat.node.6.walltime_s = 617.263
stat.node.6.active_time_s = 11.423
stat.node.7.cpu.0.load_issue_to_complete_count = 299
stat.node.7.cpu.0.avg_load_issue_to_complete_lat = 1082.19
stat.node.7.injector.phase_cycles = 324755
stat.node.7.injector.request_bytes = 58728
stat.node.7.injector.response_bytes = 36160
stat.node.7.injector.aggregate_bytes = 94888
stat.node.7.injector.request_gbps = 3.47209
stat.node.7.injector.response_gbps = 2.13783
stat.node.7.injector.aggregate_gbps = 5.60992
stat.node.7.llc.cxl_miss = 300
stat.node.7.llc.total_miss = 300
stat.node.7.llc.avg_miss_lat = 761.55
stat.node.7.llc.avg_cxl_lat = 761.55
stat.node.7.llc.miss_lat_hist_bin_ns = 10
stat.node.7.llc.miss_lat_hist = [0,0,0,0,0,0,0,0,0,0,0,0,0,0,0,0,0,0,0,0,0,0,0,0,0,0,82,14,4,14,11,4,27,7,38,24,57,18]
stat.node.7.util.dram_avg = 3.13903e-05
stat.node.7.walltime_s = 617.338
stat.node.7.active_time_s = 16.1773
stat.node.0.cpu.0.load_issue_to_complete_count = 299
stat.node.0.cpu.0.avg_load_issue_to_complete_lat = 1083.81
stat.node.0.injector.phase_cycles = 325432
stat.node.0.injector.request_bytes = 58864
stat.node.0.injector.response_bytes = 36160
stat.node.0.injector.aggregate_bytes = 95024
stat.node.0.injector.request_gbps = 3.47289
stat.node.0.injector.response_gbps = 2.13339
stat.node.0.injector.aggregate_gbps = 5.60627
stat.node.0.llc.cxl_miss = 300
stat.node.0.llc.total_miss = 300
stat.node.0.llc.avg_miss_lat = 764.56
stat.node.0.llc.avg_cxl_lat = 764.56
stat.node.0.llc.miss_lat_hist_bin_ns = 10
stat.node.0.llc.miss_lat_hist = [0,0,0,0,0,0,0,0,0,0,0,0,0,0,0,0,0,0,0,0,0,0,0,0,0,0,78,11,5,11,18,21,14,7,28,18,67,22]
stat.node.0.util.dram_avg = 3.13432e-05
stat.node.0.walltime_s = 617.44
stat.node.0.active_time_s = 15.0157
stat.node.3.cpu.0.load_issue_to_complete_count = 299
stat.node.3.cpu.0.avg_load_issue_to_complete_lat = 1086.15
stat.node.3.injector.phase_cycles = 326184
stat.node.3.injector.request_bytes = 59000
stat.node.3.injector.response_bytes = 36288
stat.node.3.injector.aggregate_bytes = 95288
stat.node.3.injector.request_gbps = 3.47289
stat.node.3.injector.response_gbps = 2.136
stat.node.3.injector.aggregate_gbps = 5.60889
stat.node.3.llc.cxl_miss = 300
stat.node.3.llc.total_miss = 300
stat.node.3.llc.avg_miss_lat = 765.817
stat.node.3.llc.avg_cxl_lat = 765.817
stat.node.3.llc.miss_lat_hist_bin_ns = 10
stat.node.3.llc.miss_lat_hist = [0,0,0,0,0,0,0,0,0,0,0,0,0,0,0,0,0,0,0,0,0,0,0,0,0,0,71,10,11,23,17,8,9,11,32,24,68,16]
stat.node.3.util.dram_avg = 3.13114e-05
stat.node.3.walltime_s = 617.488
stat.node.3.active_time_s = 18.8623
stat.node.1.cpu.0.load_issue_to_complete_count = 299
stat.node.1.cpu.0.avg_load_issue_to_complete_lat = 1083.56
stat.node.1.injector.phase_cycles = 325408
stat.node.1.injector.request_bytes = 58864
stat.node.1.injector.response_bytes = 36224
stat.node.1.injector.aggregate_bytes = 95088
stat.node.1.injector.request_gbps = 3.47314
stat.node.1.injector.response_gbps = 2.13732
stat.node.1.injector.aggregate_gbps = 5.61046
stat.node.1.llc.cxl_miss = 300
stat.node.1.llc.total_miss = 300
stat.node.1.llc.avg_miss_lat = 766.2
stat.node.1.llc.avg_cxl_lat = 766.2
stat.node.1.llc.miss_lat_hist_bin_ns = 10
stat.node.1.llc.miss_lat_hist = [0,0,0,0,0,0,0,0,0,0,0,0,0,0,0,0,0,0,0,0,0,0,0,0,0,0,74,8,14,13,22,8,12,7,28,29,68,17]
stat.node.1.util.dram_avg = 3.12961e-05
stat.node.1.walltime_s = 617.599
stat.node.1.active_time_s = 14.0046
stat.node.2.cpu.0.load_issue_to_complete_count = 299
stat.node.2.cpu.0.avg_load_issue_to_complete_lat = 1082.56
stat.node.2.injector.phase_cycles = 325025
stat.node.2.injector.request_bytes = 58792
stat.node.2.injector.response_bytes = 36160
stat.node.2.injector.aggregate_bytes = 94952
stat.node.2.injector.request_gbps = 3.47298
stat.node.2.injector.response_gbps = 2.13606
stat.node.2.injector.aggregate_gbps = 5.60904
stat.node.2.llc.cxl_miss = 300
stat.node.2.llc.total_miss = 300
stat.node.2.llc.avg_miss_lat = 763.24
stat.node.2.llc.avg_cxl_lat = 763.24
stat.node.2.llc.miss_lat_hist_bin_ns = 10
stat.node.2.llc.miss_lat_hist = [0,0,0,0,0,0,0,0,0,0,0,0,0,0,0,0,0,0,0,0,0,0,0,0,0,0,83,13,4,12,14,5,6,34,28,23,62,16]
stat.node.2.util.dram_avg = 3.12493e-05
stat.node.2.walltime_s = 617.785
stat.node.2.active_time_s = 18.6005
stat.node.4.cpu.0.load_issue_to_complete_count = 299
stat.node.4.cpu.0.avg_load_issue_to_complete_lat = 1086.45
stat.node.4.injector.phase_cycles = 326030
stat.node.4.injector.request_bytes = 58936
stat.node.4.injector.response_bytes = 36352
stat.node.4.injector.aggregate_bytes = 95288
stat.node.4.injector.request_gbps = 3.47076
stat.node.4.injector.response_gbps = 2.14078
stat.node.4.injector.aggregate_gbps = 5.61154
stat.node.4.llc.cxl_miss = 300
stat.node.4.llc.total_miss = 300
stat.node.4.llc.avg_miss_lat = 765.043
stat.node.4.llc.avg_cxl_lat = 765.043
stat.node.4.llc.miss_lat_hist_bin_ns = 10
stat.node.4.llc.miss_lat_hist = [0,0,0,0,0,0,0,0,0,0,0,0,0,0,0,0,0,0,0,0,0,0,0,0,0,0,89,9,8,4,12,4,3,31,36,35,39,30]
stat.node.4.util.dram_avg = 3.11509e-05
stat.node.4.walltime_s = 617.927
stat.node.4.active_time_s = 13.2304
stat.pool.101.util.mem_avg = 0.128448
stat.pool.101.util.req_link_avg = 0.556482
stat.pool.101.walltime_s = 617.927
stat.pool.101.active_time_s = 0.462757
stat.pool.100.util.mem_avg = 0.12845
stat.pool.100.util.req_link_avg = 0.556485
stat.pool.100.walltime_s = 617.94
stat.pool.100.active_time_s = 0.529176
stat.switch.replicated_messages = 32144
stat.switch.util.node_ingress_avg = 0.0739889
stat.switch.util.pool_ingress_avg = 0.281591
stat.switch.bw.host_to_switch_gbps = 3.63698
stat.switch.bw.switch_to_host_gbps = 3.46019
stat.switch.bw.host_link_total_gbps = 7.09716
stat.switch.walltime_s = 617.94
stat.switch.active_time_s = 2.0591
Simulation is complete, simulated time: 321.275 us
