stat.node.1.cpu.0.retired = 766
stat.node.1.cpu.0.cycles = 1000000
stat.node.2.cpu.0.retired = 763
stat.node.2.cpu.0.cycles = 1000000
stat.node.3.cpu.0.retired = 762
stat.node.3.cpu.0.cycles = 1000000
stat.node.4.cpu.0.retired = 763
stat.node.4.cpu.0.cycles = 1000000
stat.node.5.cpu.0.retired = 764
stat.node.5.cpu.0.cycles = 1000000
stat.node.6.cpu.0.retired = 764
stat.node.6.cpu.0.cycles = 1000000
stat.node.7.cpu.0.retired = 763
stat.node.7.cpu.0.cycles = 1000000
stat.node.0.cpu.0.retired = 762
stat.node.0.cpu.0.cycles = 1000000
stat.node.3.cpu.0.retired = 1791
stat.node.3.cpu.0.cycles = 2000000
stat.node.4.cpu.0.retired = 1789
stat.node.5.cpu.0.retired = 1795
stat.node.5.cpu.0.cycles = 2000000
stat.node.6.cpu.0.retired = 1794
stat.node.6.cpu.0.cycles = 2000000
stat.node.0.cpu.0.retired = 1791
stat.node.0.cpu.0.cycles = 2000000
stat.node.7.cpu.0.retired = 1793
stat.node.7.cpu.0.cycles = 2000000
stat.node.1.cpu.0.retired = 1796
stat.node.1.cpu.0.cycles = 2000000
stat.node.2.cpu.0.retired = 1795
stat.node.2.cpu.0.cycles = 2000000
stat.node.4.cpu.0.cycles = 2000000
stat.node.6.cpu.0.retired = 2879
stat.node.3.cpu.0.retired = 2875
stat.node.3.cpu.0.cycles = 3000000
stat.node.2.cpu.0.retired = 2878
stat.node.2.cpu.0.cycles = 3000000
stat.node.5.cpu.0.retired = 2882
stat.node.5.cpu.0.cycles = 3000000
stat.node.4.cpu.0.retired = 2862
stat.node.4.cpu.0.cycles = 3000000
stat.node.0.cpu.0.retired = 2873
stat.node.0.cpu.0.cycles = 3000000
stat.node.7.cpu.0.retired = 2875
stat.node.7.cpu.0.cycles = 3000000
stat.node.1.cpu.0.retired = 2882
stat.node.1.cpu.0.cycles = 3000000
stat.node.6.cpu.0.cycles = 3000000
stat.node.2.cpu.0.retired = 3995
stat.node.2.cpu.0.cycles = 4000000
stat.node.6.cpu.0.retired = 3991
stat.node.6.cpu.0.cycles = 4000000
stat.node.4.cpu.0.retired = 3966
stat.node.4.cpu.0.cycles = 4000000
stat.node.0.cpu.0.retired = 3987
stat.node.0.cpu.0.cycles = 4000000
stat.node.7.cpu.0.retired = 3995
stat.node.7.cpu.0.cycles = 4000000
stat.node.5.cpu.0.retired = 4003
stat.node.5.cpu.0.cycles = 4000000
stat.node.1.cpu.0.retired = 4000
stat.node.1.cpu.0.cycles = 4000000
stat.node.3.cpu.0.retired = 3990
stat.node.3.cpu.0.cycles = 4000000
stat.node.5.cpu.0.load_issue_to_complete_count = 3999
stat.node.5.cpu.0.avg_load_issue_to_complete_lat = 909.53
stat.node.5.injector.phase_cycles = 3642280
stat.node.5.injector.request_bytes = 1119448
stat.node.5.injector.response_bytes = 688896
stat.node.5.injector.aggregate_bytes = 1808344
stat.node.5.injector.request_gbps = 5.90108
stat.node.5.injector.response_gbps = 3.63146
stat.node.5.injector.aggregate_gbps = 9.53255
stat.node.5.llc.cxl_miss = 4000
stat.node.5.llc.total_miss = 4000
stat.node.5.llc.avg_miss_lat = 801.12
stat.node.5.llc.avg_cxl_lat = 801.12
stat.node.5.llc.miss_lat_hist_bin_ns = 10
stat.node.5.llc.miss_lat_hist = [0,0,0,0,0,0,0,0,0,0,0,0,0,0,0,0,0,0,0,0,0,0,0,0,0,0,27,106,146,129,357,537,687,474,264,273,464,396,106,29,4,1]
stat.node.5.util.dram_avg = 4.92283e-06
stat.node.5.walltime_s = 1928.89
stat.node.5.active_time_s = 98.6071
stat.node.1.cpu.0.load_issue_to_complete_count = 3999
stat.node.1.cpu.0.avg_load_issue_to_complete_lat = 910.407
stat.node.1.injector.phase_cycles = 3645764
stat.node.1.injector.request_bytes = 1120488
stat.node.1.injector.response_bytes = 689536
stat.node.1.injector.aggregate_bytes = 1810024
stat.node.1.injector.request_gbps = 5.90092
stat.node.1.injector.response_gbps = 3.63136
stat.node.1.injector.aggregate_gbps = 9.53228
stat.node.1.llc.cxl_miss = 4000
stat.node.1.llc.total_miss = 4000
stat.node.1.llc.avg_miss_lat = 802.123
stat.node.1.llc.avg_cxl_lat = 802.123
stat.node.1.llc.miss_lat_hist_bin_ns = 10
stat.node.1.llc.miss_lat_hist = [0,0,0,0,0,0,0,0,0,0,0,0,0,0,0,0,0,0,0,0,0,0,0,0,0,0,3,23,352,184,393,508,488,331,230,320,593,437,124,11,3]
stat.node.1.util.dram_avg = 4.91986e-06
stat.node.1.walltime_s = 1929.13
stat.node.1.active_time_s = 89.0823
stat.node.7.cpu.0.load_issue_to_complete_count = 3999
stat.node.7.cpu.0.avg_load_issue_to_complete_lat = 910.43
stat.node.7.injector.phase_cycles = 3645988
stat.node.7.injector.request_bytes = 1120560
stat.node.7.injector.response_bytes = 689536
stat.node.7.injector.aggregate_bytes = 1810096
stat.node.7.injector.request_gbps = 5.90094
stat.node.7.injector.response_gbps = 3.63114
stat.node.7.injector.aggregate_gbps = 9.53208
stat.node.7.llc.cxl_miss = 4000
stat.node.7.llc.total_miss = 4000
stat.node.7.llc.avg_miss_lat = 802.321
stat.node.7.llc.avg_cxl_lat = 802.321
stat.node.7.llc.miss_lat_hist_bin_ns = 10
stat.node.7.llc.miss_lat_hist = [0,0,0,0,0,0,0,0,0,0,0,0,0,0,0,0,0,0,0,0,0,0,0,0,0,0,34,117,109,161,410,599,402,458,386,254,502,438,113,14,2,1]
stat.node.7.util.dram_avg = 4.91668e-06
stat.node.7.walltime_s = 1929.28
stat.node.7.active_time_s = 95.1486
stat.node.2.cpu.0.load_issue_to_complete_count = 3999
stat.node.2.cpu.0.avg_load_issue_to_complete_lat = 910.881
stat.node.2.injector.phase_cycles = 3647642
stat.node.2.injector.request_bytes = 1121048
stat.node.2.injector.response_bytes = 689920
stat.node.2.injector.aggregate_bytes = 1810968
stat.node.2.injector.request_gbps = 5.90083
stat.node.2.injector.response_gbps = 3.63151
stat.node.2.injector.aggregate_gbps = 9.53235
stat.node.2.llc.cxl_miss = 4000
stat.node.2.llc.total_miss = 4000
stat.node.2.llc.avg_miss_lat = 802.639
stat.node.2.llc.avg_cxl_lat = 802.639
stat.node.2.llc.miss_lat_hist_bin_ns = 10
stat.node.2.llc.miss_lat_hist = [0,0,0,0,0,0,0,0,0,0,0,0,0,0,0,0,0,0,0,0,0,0,0,0,0,0,66,147,165,190,453,470,300,283,331,435,575,430,114,33,6,2]
stat.node.2.util.dram_avg = 4.91464e-06
stat.node.2.walltime_s = 1929.44
stat.node.2.active_time_s = 85.6636
stat.node.6.cpu.0.load_issue_to_complete_count = 3999
stat.node.6.cpu.0.avg_load_issue_to_complete_lat = 911.69
stat.node.6.injector.phase_cycles = 3650895
stat.node.6.injector.request_bytes = 1122016
stat.node.6.injector.response_bytes = 690496
stat.node.6.injector.aggregate_bytes = 1812512
stat.node.6.injector.request_gbps = 5.90066
stat.node.6.injector.response_gbps = 3.63131
stat.node.6.injector.aggregate_gbps = 9.53197
stat.node.6.llc.cxl_miss = 4000
stat.node.6.llc.total_miss = 4000
stat.node.6.llc.avg_miss_lat = 803.406
stat.node.6.llc.avg_cxl_lat = 803.406
stat.node.6.llc.miss_lat_hist_bin_ns = 10
stat.node.6.llc.miss_lat_hist = [0,0,0,0,0,0,0,0,0,0,0,0,0,0,0,0,0,0,0,0,0,0,0,0,0,0,0,8,30,78,673,673,511,404,359,361,495,316,80,11,1]
stat.node.6.util.dram_avg = 4.91197e-06
stat.node.6.walltime_s = 1930.95
stat.node.6.active_time_s = 69.6549
stat.node.3.cpu.0.load_issue_to_complete_count = 3999
stat.node.3.cpu.0.avg_load_issue_to_complete_lat = 911.943
stat.node.3.injector.phase_cycles = 3651892
stat.node.3.injector.request_bytes = 1122368
stat.node.3.injector.response_bytes = 690688
stat.node.3.injector.aggregate_bytes = 1813056
stat.node.3.injector.request_gbps = 5.9009
stat.node.3.injector.response_gbps = 3.63133
stat.node.3.injector.aggregate_gbps = 9.53223
stat.node.3.llc.cxl_miss = 4000
stat.node.3.llc.total_miss = 4000
stat.node.3.llc.avg_miss_lat = 803.669
stat.node.3.llc.avg_cxl_lat = 803.669
stat.node.3.llc.miss_lat_hist_bin_ns = 10
stat.node.3.llc.miss_lat_hist = [0,0,0,0,0,0,0,0,0,0,0,0,0,0,0,0,0,0,0,0,0,0,0,0,0,0,3,12,15,392,403,627,540,303,297,376,543,386,90,12,1]
stat.node.3.util.dram_avg = 4.90891e-06
stat.node.3.walltime_s = 1933.55
stat.node.3.active_time_s = 85.9097
stat.node.0.cpu.0.load_issue_to_complete_count = 3999
stat.node.0.cpu.0.avg_load_issue_to_complete_lat = 912.64
stat.node.0.injector.phase_cycles = 3654743
stat.node.0.injector.request_bytes = 1123264
stat.node.0.injector.response_bytes = 691264
stat.node.0.injector.aggregate_bytes = 1814528
stat.node.0.injector.request_gbps = 5.90101
stat.node.0.injector.response_gbps = 3.63152
stat.node.0.injector.aggregate_gbps = 9.53253
stat.node.0.llc.cxl_miss = 4000
stat.node.0.llc.total_miss = 4000
stat.node.0.llc.avg_miss_lat = 804.434
stat.node.0.llc.avg_cxl_lat = 804.434
stat.node.0.llc.miss_lat_hist_bin_ns = 10
stat.node.0.llc.miss_lat_hist = [0,0,0,0,0,0,0,0,0,0,0,0,0,0,0,0,0,0,0,0,0,0,0,0,0,0,1,7,25,99,301,742,853,496,345,264,436,332,86,13]
stat.node.0.util.dram_avg = 4.90623e-06
stat.node.0.walltime_s = 1934.9
stat.node.0.active_time_s = 80.126
stat.node.4.cpu.0.load_issue_to_complete_count = 3999
stat.node.4.cpu.0.avg_load_issue_to_complete_lat = 919.996
stat.node.4.injector.phase_cycles = 3684109
stat.node.4.injector.request_bytes = 1132216
stat.node.4.injector.response_bytes = 696832
stat.node.4.injector.aggregate_bytes = 1829048
stat.node.4.injector.request_gbps = 5.90063
stat.node.4.injector.response_gbps = 3.63159
stat.node.4.injector.aggregate_gbps = 9.53222
stat.node.4.llc.cxl_miss = 4000
stat.node.4.llc.total_miss = 4000
stat.node.4.llc.avg_miss_lat = 811.532
stat.node.4.llc.avg_cxl_lat = 811.532
stat.node.4.llc.miss_lat_hist_bin_ns = 10
stat.node.4.llc.miss_lat_hist = [0,0,0,0,0,0,0,0,0,0,0,0,0,0,0,0,0,0,0,0,0,0,0,0,0,0,75,193,144,172,306,434,383,244,178,307,744,562,201,47,9,1]
stat.node.4.util.dram_avg = 4.87746e-06
stat.node.4.walltime_s = 1938.56
stat.node.4.active_time_s = 77.8354
stat.pool.100.util.mem_avg = 0.270831
stat.pool.100.util.req_link_avg = 0.987255
stat.pool.100.walltime_s = 1938.56
stat.pool.100.active_time_s = 3.55942
stat.switch.replicated_messages = 0
stat.switch.util.node_ingress_avg = 0.123412
stat.switch.util.pool_ingress_avg = 0.806222
stat.switch.bw.host_to_switch_gbps = 6.06617
stat.switch.bw.switch_to_host_gbps = 4.95344
stat.switch.bw.host_link_total_gbps = 11.0196
stat.switch.walltime_s = 1938.57
stat.switch.active_time_s = 10.8278
Simulation is complete, simulated time: 2.05189 ms
