stat.node.5.cpu.0.load_issue_to_complete_count = 299
stat.node.5.cpu.0.avg_load_issue_to_complete_lat = 1303.98
stat.node.5.injector.phase_cycles = 391377
stat.node.5.injector.request_bytes = 84288
stat.node.5.injector.response_bytes = 224768
stat.node.5.injector.aggregate_bytes = 309056
stat.node.5.injector.request_gbps = 4.13496
stat.node.5.injector.response_gbps = 11.0266
stat.node.5.injector.aggregate_gbps = 15.1615
stat.node.5.llc.cxl_miss = 300
stat.node.5.llc.total_miss = 300
stat.node.5.llc.avg_miss_lat = 957.537
stat.node.5.llc.avg_cxl_lat = 957.537
stat.node.5.llc.miss_lat_hist_bin_ns = 10
stat.node.5.llc.miss_lat_hist = [0,0,0,0,0,0,0,0,0,0,0,0,0,0,0,0,0,0,0,0,0,0,0,0,0,0,0,0,0,0,0,0,2,12,11,45,18,11,17,15,29,44,19,24,43,10]
stat.node.5.util.dram_avg = 2.56847e-05
stat.node.5.walltime_s = 681.297
stat.node.5.active_time_s = 23.9009
stat.node.7.cpu.0.load_issue_to_complete_count = 299
stat.node.7.cpu.0.avg_load_issue_to_complete_lat = 1305.97
stat.node.7.injector.phase_cycles = 392026
stat.node.7.injector.request_bytes = 84480
stat.node.7.injector.response_bytes = 225152
stat.node.7.injector.aggregate_bytes = 309632
stat.node.7.injector.request_gbps = 4.13752
stat.node.7.injector.response_gbps = 11.0271
stat.node.7.injector.aggregate_gbps = 15.1646
stat.node.7.llc.cxl_miss = 300
stat.node.7.llc.total_miss = 300
stat.node.7.llc.avg_miss_lat = 959.527
stat.node.7.llc.avg_cxl_lat = 959.527
stat.node.7.llc.miss_lat_hist_bin_ns = 10
stat.node.7.llc.miss_lat_hist = [0,0,0,0,0,0,0,0,0,0,0,0,0,0,0,0,0,0,0,0,0,0,0,0,0,0,0,0,0,0,0,0,0,18,20,32,23,10,8,14,28,37,21,31,52,6]
stat.node.7.util.dram_avg = 2.56629e-05
stat.node.7.walltime_s = 681.377
stat.node.7.active_time_s = 21.3544
stat.node.0.cpu.0.load_issue_to_complete_count = 299
stat.node.0.cpu.0.avg_load_issue_to_complete_lat = 1303.76
stat.node.0.injector.phase_cycles = 391331
stat.node.0.injector.request_bytes = 84288
stat.node.0.injector.response_bytes = 224768
stat.node.0.injector.aggregate_bytes = 309056
stat.node.0.injector.request_gbps = 4.13545
stat.node.0.injector.response_gbps = 11.0279
stat.node.0.injector.aggregate_gbps = 15.1633
stat.node.0.llc.cxl_miss = 300
stat.node.0.llc.total_miss = 300
stat.node.0.llc.avg_miss_lat = 958.257
stat.node.0.llc.avg_cxl_lat = 958.257
stat.node.0.llc.miss_lat_hist_bin_ns = 10
stat.node.0.llc.miss_lat_hist = [0,0,0,0,0,0,0,0,0,0,0,0,0,0,0,0,0,0,0,0,0,0,0,0,0,0,0,0,0,0,0,0,3,18,9,43,16,14,9,17,27,40,16,38,42,8]
stat.node.0.util.dram_avg = 2.5637e-05
stat.node.0.walltime_s = 681.46
stat.node.0.active_time_s = 19.6128
stat.node.1.cpu.0.load_issue_to_complete_count = 299
stat.node.1.cpu.0.avg_load_issue_to_complete_lat = 1307.62
stat.node.1.injector.phase_cycles = 392343
stat.node.1.injector.request_bytes = 84480
stat.node.1.injector.response_bytes = 225344
stat.node.1.injector.aggregate_bytes = 309824
stat.node.1.injector.request_gbps = 4.13418
stat.node.1.injector.response_gbps = 11.0276
stat.node.1.injector.aggregate_gbps = 15.1618
stat.node.1.llc.cxl_miss = 300
stat.node.1.llc.total_miss = 300
stat.node.1.llc.avg_miss_lat = 958.457
stat.node.1.llc.avg_cxl_lat = 958.457
stat.node.1.llc.miss_lat_hist_bin_ns = 10
stat.node.1.llc.miss_lat_hist = [0,0,0,0,0,0,0,0,0,0,0,0,0,0,0,0,0,0,0,0,0,0,0,0,0,0,0,0,0,0,0,1,1,13,14,33,21,9,19,15,33,36,32,29,41,3]
stat.node.1.util.dram_avg = 2.56236e-05
stat.node.1.walltime_s = 681.508
stat.node.1.active_time_s = 16.5845
stat.node.3.cpu.0.load_issue_to_complete_count = 299
stat.node.3.cpu.0.avg_load_issue_to_complete_lat = 1307.79
stat.node.3.injector.phase_cycles = 392543
stat.node.3.injector.request_bytes = 84512
stat.node.3.injector.response_bytes = 225472
stat.node.3.injector.aggregate_bytes = 309984
stat.node.3.injector.request_gbps = 4.13364
stat.node.3.injector.response_gbps = 11.0283
stat.node.3.injector.aggregate_gbps = 15.1619
stat.node.3.llc.cxl_miss = 300
stat.node.3.llc.total_miss = 300
stat.node.3.llc.avg_miss_lat = 961.29
stat.node.3.llc.avg_cxl_lat = 961.29
stat.node.3.llc.miss_lat_hist_bin_ns = 10
stat.node.3.llc.miss_lat_hist = [0,0,0,0,0,0,0,0,0,0,0,0,0,0,0,0,0,0,0,0,0,0,0,0,0,0,0,0,0,0,0,0,0,15,11,40,20,17,13,11,28,30,36,24,48,7]
stat.node.3.util.dram_avg = 2.55993e-05
stat.node.3.walltime_s = 681.746
stat.node.3.active_time_s = 23.0498
stat.node.2.cpu.0.load_issue_to_complete_count = 299
stat.node.2.cpu.0.avg_load_issue_to_complete_lat = 1310.6
stat.node.2.injector.phase_cycles = 393401
stat.node.2.injector.request_bytes = 84768
stat.node.2.injector.response_bytes = 225920
stat.node.2.injector.aggregate_bytes = 310688
stat.node.2.injector.request_gbps = 4.13712
stat.node.2.injector.response_gbps = 11.0261
stat.node.2.injector.aggregate_gbps = 15.1632
stat.node.2.llc.cxl_miss = 300
stat.node.2.llc.total_miss = 300
stat.node.2.llc.avg_miss_lat = 963.323
stat.node.2.llc.avg_cxl_lat = 963.323
stat.node.2.llc.miss_lat_hist_bin_ns = 10
stat.node.2.llc.miss_lat_hist = [0,0,0,0,0,0,0,0,0,0,0,0,0,0,0,0,0,0,0,0,0,0,0,0,0,0,0,0,0,0,0,0,0,11,19,33,19,5,19,22,25,46,19,13,60,9]
stat.node.2.util.dram_avg = 2.55797e-05
stat.node.2.walltime_s = 682.09
stat.node.2.active_time_s = 14.0706
stat.node.4.cpu.0.load_issue_to_complete_count = 299
stat.node.4.cpu.0.avg_load_issue_to_complete_lat = 1310.6
stat.node.4.injector.phase_cycles = 393284
stat.node.4.injector.request_bytes = 84680
stat.node.4.injector.response_bytes = 225856
stat.node.4.injector.aggregate_bytes = 310536
stat.node.4.injector.request_gbps = 4.13405
stat.node.4.injector.response_gbps = 11.0262
stat.node.4.injector.aggregate_gbps = 15.1603
stat.node.4.llc.cxl_miss = 300
stat.node.4.llc.total_miss = 300
stat.node.4.llc.avg_miss_lat = 965.08
stat.node.4.llc.avg_cxl_lat = 965.08
stat.node.4.llc.miss_lat_hist_bin_ns = 10
stat.node.4.llc.miss_lat_hist = [0,0,0,0,0,0,0,0,0,0,0,0,0,0,0,0,0,0,0,0,0,0,0,0,0,0,0,0,0,0,0,0,0,6,22,48,15,9,8,13,24,40,18,21,57,17,2]
stat.node.4.util.dram_avg = 2.55756e-05
stat.node.4.walltime_s = 682.737
stat.node.4.active_time_s = 12.1139
stat.node.6.cpu.0.load_issue_to_complete_count = 299
stat.node.6.cpu.0.avg_load_issue_to_complete_lat = 1312.99
stat.node.6.injector.phase_cycles = 394201
stat.node.6.injector.request_bytes = 84952
stat.node.6.injector.response_bytes = 226432
stat.node.6.injector.aggregate_bytes = 311384
stat.node.6.injector.request_gbps = 4.13768
stat.node.6.injector.response_gbps = 11.0286
stat.node.6.injector.aggregate_gbps = 15.1663
stat.node.6.llc.cxl_miss = 300
stat.node.6.llc.total_miss = 300
stat.node.6.llc.avg_miss_lat = 967.86
stat.node.6.llc.avg_cxl_lat = 967.86
stat.node.6.llc.miss_lat_hist_bin_ns = 10
stat.node.6.llc.miss_lat_hist = [0,0,0,0,0,0,0,0,0,0,0,0,0,0,0,0,0,0,0,0,0,0,0,0,0,0,0,0,0,0,0,0,2,7,21,41,9,7,7,14,32,41,27,27,53,12]
stat.node.6.util.dram_avg = 2.55695e-05
stat.node.6.walltime_s = 682.77
stat.node.6.active_time_s = 15.4044
stat.pool.101.util.mem_avg = 0.229346
stat.pool.101.util.req_link_avg = 0.571679
stat.pool.101.walltime_s = 682.754
stat.pool.101.active_time_s = 0.578305
stat.pool.100.util.mem_avg = 0.22935
stat.pool.100.util.req_link_avg = 0.57168
stat.pool.100.walltime_s = 682.768
stat.pool.100.active_time_s = 0.809153
stat.switch.replicated_messages = 33680
stat.switch.util.node_ingress_avg = 0.0868692
stat.switch.util.pool_ingress_avg = 0.984794
stat.switch.bw.host_to_switch_gbps = 4.27094
stat.switch.bw.switch_to_host_gbps = 12.1012
stat.switch.bw.host_link_total_gbps = 16.3721
stat.switch.walltime_s = 682.768
stat.switch.active_time_s = 3.02616
Simulation is complete, simulated time: 391.404 us
