stat.node.0.cpu.0.retired = 815
stat.node.0.cpu.0.cycles = 1000000
stat.node.1.cpu.0.retired = 811
stat.node.1.cpu.0.cycles = 1000000
stat.node.2.cpu.0.retired = 809
stat.node.2.cpu.0.cycles = 1000000
stat.node.3.cpu.0.retired = 813
stat.node.3.cpu.0.cycles = 1000000
stat.node.4.cpu.0.retired = 811
stat.node.4.cpu.0.cycles = 1000000
stat.node.5.cpu.0.retired = 812
stat.node.5.cpu.0.cycles = 1000000
stat.node.6.cpu.0.retired = 811
stat.node.6.cpu.0.cycles = 1000000
stat.node.7.cpu.0.retired = 811
stat.node.7.cpu.0.cycles = 1000000
stat.node.0.cpu.0.load_issue_to_complete_count = 499
stat.node.0.cpu.0.avg_load_issue_to_complete_lat = 1001.84
stat.node.0.injector.phase_cycles = 502397
stat.node.0.injector.request_bytes = 41888
stat.node.0.injector.response_bytes = 177600
stat.node.0.injector.aggregate_bytes = 219488
stat.node.0.injector.request_gbps = 1.60082
stat.node.0.injector.response_gbps = 6.7873
stat.node.0.injector.aggregate_gbps = 8.38813
stat.node.0.llc.cxl_miss = 500
stat.node.0.llc.total_miss = 500
stat.node.0.llc.avg_miss_lat = 769.544
stat.node.0.llc.avg_cxl_lat = 769.544
stat.node.0.llc.miss_lat_hist_bin_ns = 10
stat.node.0.llc.miss_lat_hist = [0,0,0,0,0,0,0,0,0,0,0,0,0,0,0,0,0,0,0,0,0,0,0,0,0,0,143,9,5,3,8,28,26,79,54,41,27,34,34,9]
stat.node.0.util.dram_avg = 2.03566e-05
stat.node.0.walltime_s = 18.4196
stat.node.0.active_time_s = 10.0336
stat.node.3.cpu.0.load_issue_to_complete_count = 499
stat.node.3.cpu.0.avg_load_issue_to_complete_lat = 1005.21
stat.node.3.injector.phase_cycles = 504081
stat.node.3.injector.request_bytes = 42024
stat.node.3.injector.response_bytes = 178240
stat.node.3.injector.aggregate_bytes = 220264
stat.node.3.injector.request_gbps = 1.60066
stat.node.3.injector.response_gbps = 6.789
stat.node.3.injector.aggregate_gbps = 8.38966
stat.node.3.llc.cxl_miss = 500
stat.node.3.llc.total_miss = 500
stat.node.3.llc.avg_miss_lat = 772.216
stat.node.3.llc.avg_cxl_lat = 772.216
stat.node.3.llc.miss_lat_hist_bin_ns = 10
stat.node.3.llc.miss_lat_hist = [0,0,0,0,0,0,0,0,0,0,0,0,0,0,0,0,0,0,0,0,0,0,0,0,0,0,132,3,6,27,2,20,25,72,63,52,33,24,33,7,1]
stat.node.3.util.dram_avg = 2.03276e-05
stat.node.3.walltime_s = 18.4432
stat.node.3.active_time_s = 12.3257
stat.node.5.cpu.0.load_issue_to_complete_count = 499
stat.node.5.cpu.0.avg_load_issue_to_complete_lat = 1002.89
stat.node.5.injector.phase_cycles = 502901
stat.node.5.injector.request_bytes = 41968
stat.node.5.injector.response_bytes = 177920
stat.node.5.injector.aggregate_bytes = 219888
stat.node.5.injector.request_gbps = 1.60227
stat.node.5.injector.response_gbps = 6.79272
stat.node.5.injector.aggregate_gbps = 8.39499
stat.node.5.llc.cxl_miss = 500
stat.node.5.llc.total_miss = 500
stat.node.5.llc.avg_miss_lat = 770.616
stat.node.5.llc.avg_cxl_lat = 770.616
stat.node.5.llc.miss_lat_hist_bin_ns = 10
stat.node.5.llc.miss_lat_hist = [0,0,0,0,0,0,0,0,0,0,0,0,0,0,0,0,0,0,0,0,0,0,0,0,0,0,146,5,0,2,2,18,54,71,63,47,25,25,34,8]
stat.node.5.util.dram_avg = 2.03216e-05
stat.node.5.walltime_s = 18.4482
stat.node.5.active_time_s = 12.4855
stat.node.6.cpu.0.load_issue_to_complete_count = 499
stat.node.6.cpu.0.avg_load_issue_to_complete_lat = 1006.1
stat.node.6.injector.phase_cycles = 504402
stat.node.6.injector.request_bytes = 42104
stat.node.6.injector.response_bytes = 178432
stat.node.6.injector.aggregate_bytes = 220536
stat.node.6.injector.request_gbps = 1.60268
stat.node.6.injector.response_gbps = 6.79199
stat.node.6.injector.aggregate_gbps = 8.39468
stat.node.6.llc.cxl_miss = 500
stat.node.6.llc.total_miss = 500
stat.node.6.llc.avg_miss_lat = 771.254
stat.node.6.llc.avg_cxl_lat = 771.254
stat.node.6.llc.miss_lat_hist_bin_ns = 10
stat.node.6.llc.miss_lat_hist = [0,0,0,0,0,0,0,0,0,0,0,0,0,0,0,0,0,0,0,0,0,0,0,0,0,0,145,8,2,0,26,16,21,63,78,26,30,43,34,8]
stat.node.6.util.dram_avg = 2.02936e-05
stat.node.6.walltime_s = 18.471
stat.node.6.active_time_s = 9.89809
stat.node.7.cpu.0.load_issue_to_complete_count = 499
stat.node.7.cpu.0.avg_load_issue_to_complete_lat = 1006.1
stat.node.7.injector.phase_cycles = 504302
stat.node.7.injector.request_bytes = 42104
stat.node.7.injector.response_bytes = 178368
stat.node.7.injector.aggregate_bytes = 220472
stat.node.7.injector.request_gbps = 1.603
stat.node.7.injector.response_gbps = 6.7909
stat.node.7.injector.aggregate_gbps = 8.3939
stat.node.7.llc.cxl_miss = 500
stat.node.7.llc.total_miss = 500
stat.node.7.llc.avg_miss_lat = 773.63
stat.node.7.llc.avg_cxl_lat = 773.63
stat.node.7.llc.miss_lat_hist_bin_ns = 10
stat.node.7.llc.miss_lat_hist = [0,0,0,0,0,0,0,0,0,0,0,0,0,0,0,0,0,0,0,0,0,0,0,0,0,0,137,7,2,5,3,22,33,89,60,43,18,39,35,7]
stat.node.7.util.dram_avg = 2.02932e-05
stat.node.7.walltime_s = 18.4714
stat.node.7.active_time_s = 10.0358
stat.node.1.cpu.0.load_issue_to_complete_count = 499
stat.node.1.cpu.0.avg_load_issue_to_complete_lat = 1005.43
stat.node.1.injector.phase_cycles = 504016
stat.node.1.injector.request_bytes = 42056
stat.node.1.injector.response_bytes = 178048
stat.node.1.injector.aggregate_bytes = 220104
stat.node.1.injector.request_gbps = 1.60208
stat.node.1.injector.response_gbps = 6.78257
stat.node.1.injector.aggregate_gbps = 8.38465
stat.node.1.llc.cxl_miss = 500
stat.node.1.llc.total_miss = 500
stat.node.1.llc.avg_miss_lat = 772.938
stat.node.1.llc.avg_cxl_lat = 772.938
stat.node.1.llc.miss_lat_hist_bin_ns = 10
stat.node.1.llc.miss_lat_hist = [0,0,0,0,0,0,0,0,0,0,0,0,0,0,0,0,0,0,0,0,0,0,0,0,0,0,131,8,20,5,5,19,30,56,69,42,46,34,24,11]
stat.node.1.util.dram_avg = 2.02899e-05
stat.node.1.walltime_s = 18.4742
stat.node.1.active_time_s = 13.5513
stat.node.2.cpu.0.load_issue_to_complete_count = 499
stat.node.2.cpu.0.avg_load_issue_to_complete_lat = 1005.51
stat.node.2.injector.phase_cycles = 504098
stat.node.2.injector.request_bytes = 42024
stat.node.2.injector.response_bytes = 178240
stat.node.2.injector.aggregate_bytes = 220264
stat.node.2.injector.request_gbps = 1.6006
stat.node.2.injector.response_gbps = 6.78878
stat.node.2.injector.aggregate_gbps = 8.38938
stat.node.2.llc.cxl_miss = 500
stat.node.2.llc.total_miss = 500
stat.node.2.llc.avg_miss_lat = 772.176
stat.node.2.llc.avg_cxl_lat = 772.176
stat.node.2.llc.miss_lat_hist_bin_ns = 10
stat.node.2.llc.miss_lat_hist = [0,0,0,0,0,0,0,0,0,0,0,0,0,0,0,0,0,0,0,0,0,0,0,0,0,0,144,9,2,0,3,27,19,80,69,41,38,27,35,6]
stat.node.2.util.dram_avg = 2.02712e-05
stat.node.2.walltime_s = 18.4895
stat.node.2.active_time_s = 10.8176
stat.node.4.cpu.0.load_issue_to_complete_count = 499
stat.node.4.cpu.0.avg_load_issue_to_complete_lat = 1009.42
stat.node.4.injector.phase_cycles = 506157
stat.node.4.injector.request_bytes = 42240
stat.node.4.injector.response_bytes = 179072
stat.node.4.injector.aggregate_bytes = 221312
stat.node.4.injector.request_gbps = 1.60229
stat.node.4.injector.response_gbps = 6.79272
stat.node.4.injector.aggregate_gbps = 8.395
stat.node.4.llc.cxl_miss = 500
stat.node.4.llc.total_miss = 500
stat.node.4.llc.avg_miss_lat = 776.246
stat.node.4.llc.avg_cxl_lat = 776.246
stat.node.4.llc.miss_lat_hist_bin_ns = 10
stat.node.4.llc.miss_lat_hist = [0,0,0,0,0,0,0,0,0,0,0,0,0,0,0,0,0,0,0,0,0,0,0,0,0,0,137,6,1,0,4,31,20,90,73,37,25,21,33,21,1]
stat.node.4.util.dram_avg = 2.02657e-05
stat.node.4.walltime_s = 18.4941
stat.node.4.active_time_s = 8.25637
stat.pool.101.util.mem_avg = 0.124754
stat.pool.101.util.req_link_avg = 0.204755
stat.pool.101.walltime_s = 18.4942
stat.pool.101.active_time_s = 0.320846
stat.pool.100.util.mem_avg = 0.124755
stat.pool.100.util.req_link_avg = 0.204756
stat.pool.100.walltime_s = 18.4942
stat.pool.100.active_time_s = 0.345867
stat.switch.replicated_messages = 11632
stat.switch.util.node_ingress_avg = 0.035879
stat.switch.util.pool_ingress_avg = 0.657104
stat.switch.bw.host_to_switch_gbps = 1.76397
stat.switch.bw.switch_to_host_gbps = 8.07449
stat.switch.bw.host_link_total_gbps = 9.83846
stat.switch.walltime_s = 18.4942
stat.switch.active_time_s = 1.23284
Simulation is complete, simulated time: 493.84 us
