stat.node.7.cpu.0.load_issue_to_complete_count = 299
stat.node.7.cpu.0.avg_load_issue_to_complete_lat = 998.03
stat.node.7.injector.phase_cycles = 299638
stat.node.7.injector.request_bytes = 93024
stat.node.7.injector.response_bytes = 82688
stat.node.7.injector.aggregate_bytes = 175712
stat.node.7.injector.request_gbps = 5.96073
stat.node.7.injector.response_gbps = 5.29843
stat.node.7.injector.aggregate_gbps = 11.2592
stat.node.7.llc.cxl_miss = 300
stat.node.7.llc.total_miss = 300
stat.node.7.llc.avg_miss_lat = 683.35
stat.node.7.llc.avg_cxl_lat = 683.35
stat.node.7.llc.miss_lat_hist_bin_ns = 10
stat.node.7.llc.miss_lat_hist = [0,0,0,0,0,0,0,0,0,0,0,0,0,0,0,0,0,0,0,0,0,0,0,0,0,0,29,87,137,11,13,4,0,18,1]
stat.node.7.util.dram_avg = 3.38214e-05
stat.node.7.walltime_s = 902.252
stat.node.7.active_time_s = 16.4267
stat.node.5.cpu.0.load_issue_to_complete_count = 299
stat.node.5.cpu.0.avg_load_issue_to_complete_lat = 1001.14
stat.node.5.injector.phase_cycles = 300569
stat.node.5.injector.request_bytes = 93312
stat.node.5.injector.response_bytes = 82944
stat.node.5.injector.aggregate_bytes = 176256
stat.node.5.injector.request_gbps = 5.96066
stat.node.5.injector.response_gbps = 5.29837
stat.node.5.injector.aggregate_gbps = 11.259
stat.node.5.llc.cxl_miss = 300
stat.node.5.llc.total_miss = 300
stat.node.5.llc.avg_miss_lat = 686.637
stat.node.5.llc.avg_cxl_lat = 686.637
stat.node.5.llc.miss_lat_hist_bin_ns = 10
stat.node.6.cpu.0.load_issue_to_complete_count = 299
stat.node.6.cpu.0.avg_load_issue_to_complete_lat = 1000.37
stat.node.6.injector.phase_cycles = 300337
stat.node.6.injector.request_bytes = 93240
stat.node.6.injector.response_bytes = 82880
stat.node.6.injector.aggregate_bytes = 176120
stat.node.6.injector.request_gbps = 5.96066
stat.node.6.injector.response_gbps = 5.29837
stat.node.6.injector.aggregate_gbps = 11.259
stat.node.6.llc.cxl_miss = 300
stat.node.6.llc.total_miss = 300
stat.node.6.llc.avg_miss_lat = 685.553
stat.node.6.llc.avg_cxl_lat = 685.553
stat.node.6.llc.miss_lat_hist_bin_ns = 10
stat.node.5.llc.miss_lat_hist = [0,0,0,0,0,0,0,0,0,0,0,0,0,0,0,0,0,0,0,0,0,0,0,0,0,0,21,75,142,12,6,21,23]
stat.node.5.util.dram_avg = 3.37993e-05
stat.node.5.walltime_s = 902.318
stat.node.5.active_time_s = 18.0065
stat.node.6.llc.miss_lat_hist = [0,0,0,0,0,0,0,0,0,0,0,0,0,0,0,0,0,0,0,0,0,0,0,0,0,0,32,71,148,6,18,0,2,15,8]
stat.node.6.util.dram_avg = 3.37993e-05
stat.node.6.walltime_s = 902.314
stat.node.6.active_time_s = 12.62
stat.node.2.cpu.0.load_issue_to_complete_count = 299
stat.node.2.cpu.0.avg_load_issue_to_complete_lat = 1002.7
stat.node.2.injector.phase_cycles = 301033
stat.node.2.injector.request_bytes = 93456
stat.node.2.injector.response_bytes = 83072
stat.node.2.injector.aggregate_bytes = 176528
stat.node.2.injector.request_gbps = 5.96066
stat.node.2.injector.response_gbps = 5.29836
stat.node.2.injector.aggregate_gbps = 11.259
stat.node.2.llc.cxl_miss = 300
stat.node.2.llc.total_miss = 300
stat.node.2.llc.avg_miss_lat = 685.187
stat.node.2.llc.avg_cxl_lat = 685.187
stat.node.2.llc.miss_lat_hist_bin_ns = 10
stat.node.2.llc.miss_lat_hist = [0,0,0,0,0,0,0,0,0,0,0,0,0,0,0,0,0,0,0,0,0,0,0,0,0,0,31,68,158,21,0,0,0,0,11,11]
stat.node.2.util.dram_avg = 3.37883e-05
stat.node.2.walltime_s = 902.355
stat.node.2.active_time_s = 12.5723
stat.node.4.cpu.0.load_issue_to_complete_count = 299
stat.node.4.cpu.0.avg_load_issue_to_complete_lat = 1001.91
stat.node.4.injector.phase_cycles = 300798
stat.node.4.injector.request_bytes = 93384
stat.node.4.injector.response_bytes = 83008
stat.node.4.injector.aggregate_bytes = 176392
stat.node.4.injector.request_gbps = 5.96072
stat.node.4.injector.response_gbps = 5.29842
stat.node.4.injector.aggregate_gbps = 11.2591
stat.node.4.llc.cxl_miss = 300
stat.node.4.llc.total_miss = 300
stat.node.4.llc.avg_miss_lat = 681.39
stat.node.4.llc.avg_cxl_lat = 681.39
stat.node.4.llc.miss_lat_hist_bin_ns = 10
stat.node.4.llc.miss_lat_hist = [0,0,0,0,0,0,0,0,0,0,0,0,0,0,0,0,0,0,0,0,0,0,0,0,0,0,27,89,143,24,2,0,0,0,15]
stat.node.4.util.dram_avg = 3.37662e-05
stat.node.4.walltime_s = 903.068
stat.node.4.active_time_s = 11.3669
stat.node.0.cpu.0.load_issue_to_complete_count = 299
stat.node.0.cpu.0.avg_load_issue_to_complete_lat = 1000.8
stat.node.0.injector.phase_cycles = 300544
stat.node.0.injector.request_bytes = 93312
stat.node.0.injector.response_bytes = 82944
stat.node.0.injector.aggregate_bytes = 176256
stat.node.0.injector.request_gbps = 5.96116
stat.node.0.injector.response_gbps = 5.29881
stat.node.0.injector.aggregate_gbps = 11.26
stat.node.0.llc.cxl_miss = 300
stat.node.0.llc.total_miss = 300
stat.node.0.llc.avg_miss_lat = 685.943
stat.node.0.llc.avg_cxl_lat = 685.943
stat.node.0.llc.miss_lat_hist_bin_ns = 10
stat.node.0.llc.miss_lat_hist = [0,0,0,0,0,0,0,0,0,0,0,0,0,0,0,0,0,0,0,0,0,0,0,0,0,0,28,72,141,14,0,27,10,7,1]
stat.node.0.util.dram_avg = 3.3732e-05
stat.node.0.walltime_s = 903.227
stat.node.0.active_time_s = 10.6272
stat.node.3.cpu.0.load_issue_to_complete_count = 299
stat.node.3.cpu.0.avg_load_issue_to_complete_lat = 1003.48
stat.node.3.injector.phase_cycles = 301428
stat.node.3.injector.request_bytes = 93528
stat.node.3.injector.response_bytes = 83200
stat.node.3.injector.aggregate_bytes = 176728
stat.node.3.injector.request_gbps = 5.95743
stat.node.3.injector.response_gbps = 5.29957
stat.node.3.injector.aggregate_gbps = 11.257
stat.node.3.llc.cxl_miss = 300
stat.node.3.llc.total_miss = 300
stat.node.3.llc.avg_miss_lat = 689.24
stat.node.3.llc.avg_cxl_lat = 689.24
stat.node.3.llc.miss_lat_hist_bin_ns = 10
stat.node.3.llc.miss_lat_hist = [0,0,0,0,0,0,0,0,0,0,0,0,0,0,0,0,0,0,0,0,0,0,0,0,0,0,26,68,150,18,6,4,4,5,19]
stat.node.3.util.dram_avg = 3.36453e-05
stat.node.3.walltime_s = 905.627
stat.node.3.active_time_s = 20.4097
stat.node.1.cpu.0.load_issue_to_complete_count = 299
stat.node.1.cpu.0.avg_load_issue_to_complete_lat = 1023.01
stat.node.1.injector.phase_cycles = 307110
stat.node.1.injector.request_bytes = 95392
stat.node.1.injector.response_bytes = 84736
stat.node.1.injector.aggregate_bytes = 180128
stat.node.1.injector.request_gbps = 5.96375
stat.pool.101.util.mem_avg = 0.225354
stat.pool.101.util.req_link_avg = 0.930167
stat.pool.101.walltime_s = 908.995
stat.pool.101.active_time_s = 0.628258
stat.pool.100.util.mem_avg = 0.225356
stat.pool.100.util.req_link_avg = 0.930167
stat.pool.100.walltime_s = 908.995
stat.pool.100.active_time_s = 0.654699
stat.node.1.injector.response_gbps = 5.29755
stat.node.1.injector.aggregate_gbps = 11.2613
stat.node.1.llc.cxl_miss = 300
stat.node.1.llc.total_miss = 300
stat.node.1.llc.avg_miss_lat = 695.55
stat.node.1.llc.avg_cxl_lat = 695.55
stat.node.1.llc.miss_lat_hist_bin_ns = 10
stat.node.1.llc.miss_lat_hist = [0,0,0,0,0,0,0,0,0,0,0,0,0,0,0,0,0,0,0,0,0,0,0,0,0,0,0,59,190,9,5,7,3,3,24]
stat.node.1.util.dram_avg = 3.30628e-05
stat.node.1.walltime_s = 908.983
stat.node.1.active_time_s = 19.1592
stat.switch.replicated_messages = 50064
stat.switch.util.node_ingress_avg = 0.124854
stat.switch.util.pool_ingress_avg = 0.546736
stat.switch.bw.host_to_switch_gbps = 6.13759
stat.switch.bw.switch_to_host_gbps = 6.71793
stat.switch.bw.host_link_total_gbps = 12.8555
stat.switch.walltime_s = 908.995
stat.switch.active_time_s = 2.05669
Simulation is complete, simulated time: 302.697 us
