stat.node.5.cpu.0.retired = 793
stat.node.5.cpu.0.cycles = 1000000
stat.node.6.cpu.0.retired = 793
stat.node.6.cpu.0.cycles = 1000000
stat.node.7.cpu.0.retired = 793
stat.node.7.cpu.0.cycles = 1000000
stat.node.0.cpu.0.retired = 793
stat.node.0.cpu.0.cycles = 1000000
stat.node.1.cpu.0.retired = 793
stat.node.1.cpu.0.cycles = 1000000
stat.node.2.cpu.0.retired = 793
stat.node.2.cpu.0.cycles = 1000000
stat.node.3.cpu.0.retired = 793
stat.node.3.cpu.0.cycles = 1000000
stat.node.4.cpu.0.retired = 793
stat.node.4.cpu.0.cycles = 1000000
stat.node.5.cpu.0.retired = 1847
stat.node.5.cpu.0.cycles = 2000000
stat.node.6.cpu.0.retired = 1847
stat.node.6.cpu.0.cycles = 2000000
stat.node.4.cpu.0.retired = 1847
stat.node.4.cpu.0.cycles = 2000000
stat.node.7.cpu.0.retired = 1847
stat.node.7.cpu.0.cycles = 2000000
stat.node.0.cpu.0.retired = 1847
stat.node.0.cpu.0.cycles = 2000000
stat.node.1.cpu.0.retired = 1847
stat.node.2.cpu.0.retired = 1847
stat.node.2.cpu.0.cycles = 2000000
stat.node.3.cpu.0.retired = 1847
stat.node.3.cpu.0.cycles = 2000000
stat.node.1.cpu.0.cycles = 2000000
stat.node.7.cpu.0.retired = 2960
stat.node.7.cpu.0.cycles = 3000000
stat.node.0.cpu.0.retired = 2960
stat.node.3.cpu.0.retired = 2960
stat.node.3.cpu.0.cycles = 3000000
stat.node.2.cpu.0.retired = 2960
stat.node.2.cpu.0.cycles = 3000000
stat.node.6.cpu.0.retired = 2960
stat.node.6.cpu.0.cycles = 3000000
stat.node.5.cpu.0.retired = 2960
stat.node.5.cpu.0.cycles = 3000000
stat.node.1.cpu.0.retired = 2960
stat.node.1.cpu.0.cycles = 3000000
stat.node.4.cpu.0.retired = 2960
stat.node.4.cpu.0.cycles = 3000000
stat.node.0.cpu.0.cycles = 3000000
stat.node.7.cpu.0.retired = 4112
stat.node.7.cpu.0.cycles = 4000000
stat.node.4.cpu.0.retired = 4112
stat.node.4.cpu.0.cycles = 4000000
stat.node.3.cpu.0.retired = 4112
stat.node.2.cpu.0.retired = 4112
stat.node.2.cpu.0.cycles = 4000000
stat.node.6.cpu.0.retired = 4112
stat.node.6.cpu.0.cycles = 4000000
stat.node.0.cpu.0.retired = 4112
stat.node.1.cpu.0.retired = 4112
stat.node.1.cpu.0.cycles = 4000000
stat.node.5.cpu.0.retired = 4112
stat.node.5.cpu.0.cycles = 4000000
stat.node.0.cpu.0.cycles = 4000000
stat.node.3.cpu.0.cycles = 4000000
stat.node.5.cpu.0.load_issue_to_complete_count = 3999
stat.node.5.cpu.0.avg_load_issue_to_complete_lat = 888.116
stat.node.5.injector.phase_cycles = 3556605
stat.node.5.injector.request_bytes = 1130904
stat.node.5.injector.response_bytes = 274112
stat.node.5.injector.aggregate_bytes = 1405016
stat.node.5.injector.request_gbps = 6.10508
stat.node.5.injector.response_gbps = 1.47977
stat.node.5.injector.aggregate_gbps = 7.58485
stat.node.5.llc.cxl_miss = 4000
stat.node.5.llc.total_miss = 4000
stat.node.5.llc.avg_miss_lat = 779.907
stat.node.5.llc.avg_cxl_lat = 779.907
stat.node.5.llc.miss_lat_hist_bin_ns = 10
stat.node.5.llc.miss_lat_hist = [0,0,0,0,0,0,0,0,0,0,0,0,0,0,0,0,0,0,0,0,0,0,0,0,0,0,0,0,0,0,0,215,3741,44]
stat.node.5.util.dram_avg = 5.04324e-06
stat.node.5.walltime_s = 1606.74
stat.node.5.active_time_s = 71.2908
stat.node.6.cpu.0.load_issue_to_complete_count = 3999
stat.node.6.cpu.0.avg_load_issue_to_complete_lat = 888.117
stat.node.6.injector.phase_cycles = 3556616
stat.node.6.injector.request_bytes = 1130912
stat.node.6.injector.response_bytes = 274176
stat.node.6.injector.aggregate_bytes = 1405088
stat.node.6.injector.request_gbps = 6.1051
stat.node.6.injector.response_gbps = 1.48011
stat.node.6.injector.aggregate_gbps = 7.58521
stat.node.6.llc.cxl_miss = 4000
stat.node.6.llc.total_miss = 4000
stat.node.6.llc.avg_miss_lat = 779.909
stat.node.6.llc.avg_cxl_lat = 779.909
stat.node.6.llc.miss_lat_hist_bin_ns = 10
stat.node.6.llc.miss_lat_hist = [0,0,0,0,0,0,0,0,0,0,0,0,0,0,0,0,0,0,0,0,0,0,0,0,0,0,0,0,0,0,0,222,3735,43]
stat.node.6.util.dram_avg = 5.04302e-06
stat.node.6.walltime_s = 1606.79
stat.node.6.active_time_s = 73.1075
stat.node.4.cpu.0.load_issue_to_complete_count = 3999
stat.node.4.cpu.0.avg_load_issue_to_complete_lat = 888.118
stat.node.4.injector.phase_cycles = 3556618
stat.node.4.injector.request_bytes = 1130912
stat.node.4.injector.response_bytes = 274176
stat.node.4.injector.aggregate_bytes = 1405088
stat.node.4.injector.request_gbps = 6.1051
stat.node.4.injector.response_gbps = 1.48011
stat.node.4.injector.aggregate_gbps = 7.58521
stat.node.4.llc.cxl_miss = 4000
stat.node.4.llc.total_miss = 4000
stat.node.4.llc.avg_miss_lat = 779.91
stat.node.4.llc.avg_cxl_lat = 779.91
stat.node.4.llc.miss_lat_hist_bin_ns = 10
stat.node.4.llc.miss_lat_hist = [0,0,0,0,0,0,0,0,0,0,0,0,0,0,0,0,0,0,0,0,0,0,0,0,0,0,0,0,0,0,0,222,3732,46]
stat.node.4.util.dram_avg = 5.04301e-06
stat.node.4.walltime_s = 1606.79
stat.node.4.active_time_s = 80.5171
stat.node.7.cpu.0.load_issue_to_complete_count = 3999
stat.node.7.cpu.0.avg_load_issue_to_complete_lat = 888.117
stat.node.7.injector.phase_cycles = 3556616
stat.node.7.injector.request_bytes = 1130912
stat.node.7.injector.response_bytes = 274176
stat.node.7.injector.aggregate_bytes = 1405088
stat.node.7.injector.request_gbps = 6.1051
stat.node.7.injector.response_gbps = 1.48011
stat.node.7.injector.aggregate_gbps = 7.58521
stat.node.7.llc.cxl_miss = 4000
stat.node.7.llc.total_miss = 4000
stat.node.7.llc.avg_miss_lat = 779.909
stat.node.7.llc.avg_cxl_lat = 779.909
stat.node.7.llc.miss_lat_hist_bin_ns = 10
stat.node.7.llc.miss_lat_hist = [0,0,0,0,0,0,0,0,0,0,0,0,0,0,0,0,0,0,0,0,0,0,0,0,0,0,0,0,0,0,0,222,3731,47]
stat.node.7.util.dram_avg = 5.04299e-06
stat.node.7.walltime_s = 1606.79
stat.node.7.active_time_s = 67.0093
stat.node.1.cpu.0.load_issue_to_complete_count = 3999
stat.node.1.cpu.0.avg_load_issue_to_complete_lat = 888.118
stat.node.1.injector.phase_cycles = 3556618
stat.node.1.injector.request_bytes = 1130912
stat.node.1.injector.response_bytes = 274176
stat.node.1.injector.aggregate_bytes = 1405088
stat.node.1.injector.request_gbps = 6.1051
stat.node.1.injector.response_gbps = 1.48011
stat.node.1.injector.aggregate_gbps = 7.58521
stat.node.1.llc.cxl_miss = 4000
stat.node.1.llc.total_miss = 4000
stat.node.1.llc.avg_miss_lat = 779.91
stat.node.1.llc.avg_cxl_lat = 779.91
stat.node.1.llc.miss_lat_hist_bin_ns = 10
stat.node.1.llc.miss_lat_hist = [0,0,0,0,0,0,0,0,0,0,0,0,0,0,0,0,0,0,0,0,0,0,0,0,0,0,0,0,0,0,0,222,3736,42]
stat.node.1.util.dram_avg = 5.04299e-06
stat.node.1.walltime_s = 1606.78
stat.node.1.active_time_s = 87.5596
stat.node.0.cpu.0.load_issue_to_complete_count = 3999
stat.node.0.cpu.0.avg_load_issue_to_complete_lat = 888.117
stat.node.0.injector.phase_cycles = 3556616
stat.node.0.injector.request_bytes = 1130912
stat.node.0.injector.response_bytes = 274176
stat.node.0.injector.aggregate_bytes = 1405088
stat.node.0.injector.request_gbps = 6.1051
stat.node.0.injector.response_gbps = 1.48011
stat.node.0.injector.aggregate_gbps = 7.58521
stat.node.0.llc.cxl_miss = 4000
stat.node.0.llc.total_miss = 4000
stat.node.0.llc.avg_miss_lat = 779.909
stat.node.0.llc.avg_cxl_lat = 779.909
stat.node.0.llc.miss_lat_hist_bin_ns = 10
stat.node.0.llc.miss_lat_hist = [0,0,0,0,0,0,0,0,0,0,0,0,0,0,0,0,0,0,0,0,0,0,0,0,0,0,0,0,0,0,0,222,3731,47]
stat.node.0.util.dram_avg = 5.04296e-06
stat.node.0.walltime_s = 1606.82
stat.node.0.active_time_s = 85.7067
stat.node.2.cpu.0.load_issue_to_complete_count = 3999
stat.node.2.cpu.0.avg_load_issue_to_complete_lat = 888.118
stat.node.2.injector.phase_cycles = 3556618
stat.node.2.injector.request_bytes = 1130912
stat.node.2.injector.response_bytes = 274176
stat.node.2.injector.aggregate_bytes = 1405088
stat.node.2.injector.request_gbps = 6.1051
stat.node.2.injector.response_gbps = 1.48011
stat.node.2.injector.aggregate_gbps = 7.58521
stat.node.2.llc.cxl_miss = 4000
stat.node.2.llc.total_miss = 4000
stat.node.2.llc.avg_miss_lat = 779.91
stat.node.2.llc.avg_cxl_lat = 779.91
stat.node.2.llc.miss_lat_hist_bin_ns = 10
stat.node.2.llc.miss_lat_hist = [0,0,0,0,0,0,0,0,0,0,0,0,0,0,0,0,0,0,0,0,0,0,0,0,0,0,0,0,0,0,0,222,3736,42]
stat.node.2.util.dram_avg = 5.04296e-06
stat.node.2.walltime_s = 1606.84
stat.node.2.active_time_s = 85.4342
stat.node.3.cpu.0.load_issue_to_complete_count = 3999
stat.node.3.cpu.0.avg_load_issue_to_complete_lat = 888.117
stat.node.3.injector.phase_cycles = 3556616
stat.node.3.injector.request_bytes = 1130912
stat.node.3.injector.response_bytes = 274176
stat.node.3.injector.aggregate_bytes = 1405088
stat.node.3.injector.request_gbps = 6.1051
stat.node.3.injector.response_gbps = 1.48011
stat.node.3.injector.aggregate_gbps = 7.58521
stat.node.3.llc.cxl_miss = 4000
stat.node.3.llc.total_miss = 4000
stat.node.3.llc.avg_miss_lat = 779.909
stat.node.3.llc.avg_cxl_lat = 779.909
stat.node.3.llc.miss_lat_hist_bin_ns = 10
stat.node.3.llc.miss_lat_hist = [0,0,0,0,0,0,0,0,0,0,0,0,0,0,0,0,0,0,0,0,0,0,0,0,0,0,0,0,0,0,0,222,3731,47]
stat.node.3.util.dram_avg = 5.04294e-06
stat.node.3.walltime_s = 1607.28
stat.node.3.active_time_s = 101.984
stat.pool.101.util.mem_avg = 0.1911
stat.pool.101.util.req_link_avg = 0.992328
stat.pool.101.walltime_s = 1607.34
stat.pool.101.active_time_s = 1.88487
stat.pool.100.util.mem_avg = 0.1911
stat.pool.100.util.req_link_avg = 0.992328
stat.pool.100.walltime_s = 1607.36
stat.pool.100.active_time_s = 2.06317
stat.switch.replicated_messages = 366832
stat.switch.util.node_ingress_avg = 0.127656
stat.switch.util.pool_ingress_avg = 0.230945
stat.switch.bw.host_to_switch_gbps = 6.27475
stat.switch.bw.switch_to_host_gbps = 2.83786
stat.switch.bw.host_link_total_gbps = 9.11261
stat.switch.walltime_s = 1607.36
stat.switch.active_time_s = 8.26009
Simulation is complete, simulated time: 1.98456 ms
