stat.node.1.cpu.0.retired = 771
stat.node.2.cpu.0.retired = 772
stat.node.2.cpu.0.cycles = 1000000
stat.node.3.cpu.0.retired = 771
stat.node.3.cpu.0.cycles = 1000000
stat.node.4.cpu.0.retired = 766
stat.node.4.cpu.0.cycles = 1000000
stat.node.5.cpu.0.retired = 772
stat.node.5.cpu.0.cycles = 1000000
stat.node.6.cpu.0.retired = 772
stat.node.6.cpu.0.cycles = 1000000
stat.node.7.cpu.0.retired = 772
stat.node.7.cpu.0.cycles = 1000000
stat.node.0.cpu.0.retired = 772
stat.node.0.cpu.0.cycles = 1000000
stat.node.1.cpu.0.cycles = 1000000
stat.node.4.cpu.0.retired = 1767
stat.node.4.cpu.0.cycles = 2000000
stat.node.5.cpu.0.retired = 1787
stat.node.5.cpu.0.cycles = 2000000
stat.node.6.cpu.0.retired = 1786
stat.node.6.cpu.0.cycles = 2000000
stat.node.1.cpu.0.retired = 1785
stat.node.1.cpu.0.cycles = 2000000
stat.node.7.cpu.0.retired = 1787
stat.node.7.cpu.0.cycles = 2000000
stat.node.0.cpu.0.retired = 1787
stat.node.0.cpu.0.cycles = 2000000
stat.node.2.cpu.0.retired = 1785
stat.node.2.cpu.0.cycles = 2000000
stat.node.3.cpu.0.retired = 1786
stat.node.3.cpu.0.cycles = 2000000
stat.node.1.cpu.0.retired = 2832
stat.node.1.cpu.0.cycles = 3000000
stat.node.7.cpu.0.retired = 2833
stat.node.7.cpu.0.cycles = 3000000
stat.node.0.cpu.0.retired = 2834
stat.node.0.cpu.0.cycles = 3000000
stat.node.2.cpu.0.retired = 2830
stat.node.2.cpu.0.cycles = 3000000
stat.node.6.cpu.0.retired = 2833
stat.node.6.cpu.0.cycles = 3000000
stat.node.4.cpu.0.retired = 2804
stat.node.4.cpu.0.cycles = 3000000
stat.node.5.cpu.0.retired = 2833
stat.node.5.cpu.0.cycles = 3000000
stat.node.3.cpu.0.retired = 2833
stat.node.3.cpu.0.cycles = 3000000
stat.node.5.cpu.0.retired = 3897
stat.node.5.cpu.0.cycles = 4000000
stat.node.1.cpu.0.retired = 3894
stat.node.1.cpu.0.cycles = 4000000
stat.node.7.cpu.0.retired = 3893
stat.node.7.cpu.0.cycles = 4000000
stat.node.0.cpu.0.retired = 3896
stat.node.0.cpu.0.cycles = 4000000
stat.node.2.cpu.0.retired = 3891
stat.node.2.cpu.0.cycles = 4000000
stat.node.6.cpu.0.retired = 3896
stat.node.6.cpu.0.cycles = 4000000
stat.node.4.cpu.0.retired = 3862
stat.node.4.cpu.0.cycles = 4000000
stat.node.3.cpu.0.retired = 3896
stat.node.3.cpu.0.cycles = 4000000
stat.node.5.cpu.0.retired = 4963
stat.node.5.cpu.0.cycles = 5000000
stat.node.1.cpu.0.retired = 4960
stat.node.1.cpu.0.cycles = 5000000
stat.node.7.cpu.0.retired = 4959
stat.node.7.cpu.0.cycles = 5000000
stat.node.0.cpu.0.retired = 4963
stat.node.2.cpu.0.retired = 4956
stat.node.2.cpu.0.cycles = 5000000
stat.node.6.cpu.0.retired = 4963
stat.node.6.cpu.0.cycles = 5000000
stat.node.3.cpu.0.retired = 4961
stat.node.3.cpu.0.cycles = 5000000
stat.node.4.cpu.0.retired = 4917
stat.node.4.cpu.0.cycles = 5000000
stat.node.0.cpu.0.cycles = 5000000
stat.node.5.cpu.0.load_issue_to_complete_count = 3999
stat.node.5.cpu.0.avg_load_issue_to_complete_lat = 950.534
stat.node.5.injector.phase_cycles = 3806284
stat.node.5.injector.request_bytes = 513952
stat.node.5.injector.response_bytes = 2176704
stat.node.5.injector.aggregate_bytes = 2690656
stat.node.5.injector.request_gbps = 2.59252
stat.node.5.injector.response_gbps = 10.9799
stat.node.5.injector.aggregate_gbps = 13.5724
stat.node.5.llc.cxl_miss = 4000
stat.node.5.llc.total_miss = 4000
stat.node.5.llc.avg_miss_lat = 842.163
stat.node.5.llc.avg_cxl_lat = 842.163
stat.node.5.llc.miss_lat_hist_bin_ns = 10
stat.node.5.llc.miss_lat_hist = [0,0,0,0,0,0,0,0,0,0,0,0,0,0,0,0,0,0,0,0,0,0,0,0,0,0,0,0,0,0,1,65,229,275,788,2156,291,99,90,6]
stat.node.5.util.dram_avg = 4.7673e-06
stat.node.5.walltime_s = 1010.92
stat.node.5.active_time_s = 92.0588
stat.node.0.cpu.0.load_issue_to_complete_count = 3999
stat.node.0.cpu.0.avg_load_issue_to_complete_lat = 950.529
stat.node.0.injector.phase_cycles = 3806272
stat.node.0.injector.request_bytes = 513952
stat.node.0.injector.response_bytes = 2176704
stat.node.0.injector.aggregate_bytes = 2690656
stat.node.0.injector.request_gbps = 2.59253
stat.node.0.injector.response_gbps = 10.98
stat.node.0.injector.aggregate_gbps = 13.5725
stat.node.0.llc.cxl_miss = 4000
stat.node.0.llc.total_miss = 4000
stat.node.0.llc.avg_miss_lat = 842.144
stat.node.0.llc.avg_cxl_lat = 842.144
stat.node.0.llc.miss_lat_hist_bin_ns = 10
stat.node.0.llc.miss_lat_hist = [0,0,0,0,0,0,0,0,0,0,0,0,0,0,0,0,0,0,0,0,0,0,0,0,0,0,0,0,0,0,2,47,240,337,763,2108,282,118,101,2]
stat.node.0.util.dram_avg = 4.76699e-06
stat.node.0.walltime_s = 1010.98
stat.node.0.active_time_s = 76.9913
stat.node.6.cpu.0.load_issue_to_complete_count = 3999
stat.node.6.cpu.0.avg_load_issue_to_complete_lat = 950.505
stat.node.6.injector.phase_cycles = 3806122
stat.node.6.injector.request_bytes = 513936
stat.node.6.injector.response_bytes = 2176576
stat.node.6.injector.aggregate_bytes = 2690512
stat.node.6.injector.request_gbps = 2.59255
stat.node.6.injector.response_gbps = 10.9797
stat.node.6.injector.aggregate_gbps = 13.5723
stat.node.6.llc.cxl_miss = 4000
stat.node.6.llc.total_miss = 4000
stat.node.6.llc.avg_miss_lat = 842.099
stat.node.6.llc.avg_cxl_lat = 842.099
stat.node.6.llc.miss_lat_hist_bin_ns = 10
stat.node.6.llc.miss_lat_hist = [0,0,0,0,0,0,0,0,0,0,0,0,0,0,0,0,0,0,0,0,0,0,0,0,0,0,0,0,0,0,1,41,203,405,715,2159,263,127,85,1]
stat.node.6.util.dram_avg = 4.76687e-06
stat.node.6.walltime_s = 1010.98
stat.node.6.active_time_s = 90.611
stat.node.3.cpu.0.load_issue_to_complete_count = 3999
stat.node.3.cpu.0.avg_load_issue_to_complete_lat = 950.703
stat.node.3.injector.phase_cycles = 3806966
stat.node.3.injector.request_bytes = 514064
stat.node.3.injector.response_bytes = 2177088
stat.node.3.injector.aggregate_bytes = 2691152
stat.node.3.injector.request_gbps = 2.59262
stat.node.3.injector.response_gbps = 10.9799
stat.node.3.injector.aggregate_gbps = 13.5725
stat.node.3.llc.cxl_miss = 4000
stat.node.3.llc.total_miss = 4000
stat.node.3.llc.avg_miss_lat = 842.361
stat.node.3.llc.avg_cxl_lat = 842.361
stat.node.3.llc.miss_lat_hist_bin_ns = 10
stat.node.3.llc.miss_lat_hist = [0,0,0,0,0,0,0,0,0,0,0,0,0,0,0,0,0,0,0,0,0,0,0,0,0,0,0,0,0,0,1,55,225,354,728,2109,282,149,95,2]
stat.node.3.util.dram_avg = 4.76539e-06
stat.node.3.walltime_s = 1011.84
stat.node.3.active_time_s = 71.4296
stat.node.1.cpu.0.load_issue_to_complete_count = 3999
stat.node.1.cpu.0.avg_load_issue_to_complete_lat = 950.941
stat.node.1.injector.phase_cycles = 3807865
stat.node.1.injector.request_bytes = 514192
stat.node.1.injector.response_bytes = 2177600
stat.node.1.injector.aggregate_bytes = 2691792
stat.node.1.injector.request_gbps = 2.59266
stat.node.1.injector.response_gbps = 10.9799
stat.node.1.injector.aggregate_gbps = 13.5725
stat.node.1.llc.cxl_miss = 4000
stat.node.1.llc.total_miss = 4000
stat.node.1.llc.avg_miss_lat = 842.537
stat.node.1.llc.avg_cxl_lat = 842.537
stat.node.1.llc.miss_lat_hist_bin_ns = 10
stat.node.1.llc.miss_lat_hist = [0,0,0,0,0,0,0,0,0,0,0,0,0,0,0,0,0,0,0,0,0,0,0,0,0,0,0,0,0,0,0,58,228,321,793,2012,363,117,99,9]
stat.node.1.util.dram_avg = 4.76413e-06
stat.node.1.walltime_s = 1011.92
stat.node.1.active_time_s = 78.0234
stat.node.7.cpu.0.load_issue_to_complete_count = 3999
stat.node.7.cpu.0.avg_load_issue_to_complete_lat = 951.374
stat.node.7.injector.phase_cycles = 3809647
stat.node.7.injector.request_bytes = 514384
stat.node.7.injector.response_bytes = 2178624
stat.node.7.injector.aggregate_bytes = 2693008
stat.node.7.injector.request_gbps = 2.59241
stat.node.7.injector.response_gbps = 10.9799
stat.node.7.injector.aggregate_gbps = 13.5723
stat.node.7.llc.cxl_miss = 4000
stat.node.7.llc.total_miss = 4000
stat.node.7.llc.avg_miss_lat = 843.001
stat.node.7.llc.avg_cxl_lat = 843.001
stat.node.7.llc.miss_lat_hist_bin_ns = 10
stat.node.7.llc.miss_lat_hist = [0,0,0,0,0,0,0,0,0,0,0,0,0,0,0,0,0,0,0,0,0,0,0,0,0,0,0,0,0,0,8,85,183,289,707,2230,268,116,112,2]
stat.node.7.util.dram_avg = 4.76306e-06
stat.node.7.walltime_s = 1012.69
stat.node.7.active_time_s = 72.1456
stat.node.2.cpu.0.load_issue_to_complete_count = 3999
stat.node.2.cpu.0.avg_load_issue_to_complete_lat = 951.993
stat.node.2.injector.phase_cycles = 3812115
stat.node.2.injector.request_bytes = 514752
stat.node.2.injector.response_bytes = 2180032
stat.node.2.injector.aggregate_bytes = 2694784
stat.node.2.injector.request_gbps = 2.59259
stat.node.2.injector.response_gbps = 10.9799
stat.node.2.injector.aggregate_gbps = 13.5725
stat.node.2.llc.cxl_miss = 4000
stat.node.2.llc.total_miss = 4000
stat.node.2.llc.avg_miss_lat = 843.607
stat.node.2.llc.avg_cxl_lat = 843.607
stat.node.2.llc.miss_lat_hist_bin_ns = 10
stat.node.2.llc.miss_lat_hist = [0,0,0,0,0,0,0,0,0,0,0,0,0,0,0,0,0,0,0,0,0,0,0,0,0,0,0,0,0,0,6,71,185,274,737,2226,274,116,98,13]
stat.node.2.util.dram_avg = 4.76106e-06
stat.node.2.walltime_s = 1013.03
stat.node.2.active_time_s = 80.8552
stat.node.4.cpu.0.load_issue_to_complete_count = 3999
stat.node.4.cpu.0.avg_load_issue_to_complete_lat = 958.885
stat.node.4.injector.phase_cycles = 3839669
stat.node.4.injector.request_bytes = 518448
stat.node.4.injector.response_bytes = 2195776
stat.node.4.injector.aggregate_bytes = 2714224
stat.node.4.injector.request_gbps = 2.59246
stat.node.4.injector.response_gbps = 10.9798
stat.node.4.injector.aggregate_gbps = 13.5723
stat.node.4.llc.cxl_miss = 4000
stat.node.4.llc.total_miss = 4000
stat.node.4.llc.avg_miss_lat = 850.445
stat.node.4.llc.avg_cxl_lat = 850.445
stat.node.4.llc.miss_lat_hist_bin_ns = 10
stat.node.4.llc.miss_lat_hist = [0,0,0,0,0,0,0,0,0,0,0,0,0,0,0,0,0,0,0,0,0,0,0,0,0,0,0,0,0,0,4,30,107,215,681,2134,457,188,155,29]
stat.node.4.util.dram_avg = 4.72651e-06
stat.node.4.walltime_s = 1020.85
stat.node.4.active_time_s = 80.4149
stat.pool.101.util.mem_avg = 0.191413
stat.pool.101.util.req_link_avg = 0.323265
stat.pool.101.walltime_s = 1020.85
stat.pool.101.active_time_s = 2.34997
stat.pool.100.util.mem_avg = 0.191414
stat.pool.100.util.req_link_avg = 0.323266
stat.pool.100.walltime_s = 1020.85
stat.pool.100.active_time_s = 2.40899
stat.switch.replicated_messages = 80656
stat.switch.util.node_ingress_avg = 0.0560027
stat.switch.util.pool_ingress_avg = 0.997757
stat.switch.bw.host_to_switch_gbps = 2.75268
stat.switch.bw.switch_to_host_gbps = 12.2604
stat.switch.bw.host_link_total_gbps = 15.0131
stat.switch.walltime_s = 1020.85
stat.switch.active_time_s = 8.94937
Simulation is complete, simulated time: 2.11742 ms
