stat.node.4.cpu.0.load_issue_to_complete_count = 299
stat.node.4.cpu.0.avg_load_issue_to_complete_lat = 1060.83
stat.node.4.injector.phase_cycles = 318534
stat.node.4.injector.request_bytes = 86984
stat.node.4.injector.response_bytes = 35456
stat.node.4.injector.aggregate_bytes = 122440
stat.node.4.injector.request_gbps = 5.24306
stat.node.4.injector.response_gbps = 2.13715
stat.node.4.injector.aggregate_gbps = 7.38021
stat.node.4.llc.cxl_miss = 300
stat.node.4.llc.total_miss = 300
stat.node.4.llc.avg_miss_lat = 739.187
stat.node.4.llc.avg_cxl_lat = 739.187
stat.node.4.llc.miss_lat_hist_bin_ns = 10
stat.node.4.llc.miss_lat_hist = [0,0,0,0,0,0,0,0,0,0,0,0,0,0,0,0,0,0,0,0,0,0,0,0,0,0,24,26,34,30,53,37,22,36,19,8,9,2]
stat.node.4.util.dram_avg = 3.18357e-05
stat.node.4.walltime_s = 535.856
stat.node.4.active_time_s = 12.6462
stat.node.5.cpu.0.load_issue_to_complete_count = 299
stat.node.5.cpu.0.avg_load_issue_to_complete_lat = 1065.95
stat.node.5.injector.phase_cycles = 320015
stat.node.5.injector.request_bytes = 87384
stat.node.5.injector.response_bytes = 35584
stat.node.5.injector.aggregate_bytes = 122968
stat.node.5.injector.request_gbps = 5.24279
stat.node.5.injector.response_gbps = 2.13494
stat.node.5.injector.aggregate_gbps = 7.37773
stat.node.5.llc.cxl_miss = 300
stat.node.5.llc.total_miss = 300
stat.node.5.llc.avg_miss_lat = 742.657
stat.node.5.llc.avg_cxl_lat = 742.657
stat.node.5.llc.miss_lat_hist_bin_ns = 10
stat.node.5.llc.miss_lat_hist = [0,0,0,0,0,0,0,0,0,0,0,0,0,0,0,0,0,0,0,0,0,0,0,0,0,0,28,22,27,16,62,30,35,55,17,4,1,2,1]
stat.node.5.util.dram_avg = 3.1764e-05
stat.node.5.walltime_s = 537.092
stat.node.5.active_time_s = 18.2696
stat.node.6.cpu.0.load_issue_to_complete_count = 299
stat.node.6.cpu.0.avg_load_issue_to_complete_lat = 1067.41
stat.node.6.injector.phase_cycles = 320359
stat.node.6.injector.request_bytes = 87520
stat.node.6.injector.response_bytes = 35584
stat.node.6.injector.aggregate_bytes = 123104
stat.node.6.injector.request_gbps = 5.24532
stat.node.6.injector.response_gbps = 2.13265
stat.node.6.injector.aggregate_gbps = 7.37796
stat.node.6.llc.cxl_miss = 300
stat.node.6.llc.total_miss = 300
stat.node.6.llc.avg_miss_lat = 740.56
stat.node.6.llc.avg_cxl_lat = 740.56
stat.node.6.llc.miss_lat_hist_bin_ns = 10
stat.node.6.llc.miss_lat_hist = [0,0,0,0,0,0,0,0,0,0,0,0,0,0,0,0,0,0,0,0,0,0,0,0,0,0,11,32,35,19,80,31,30,33,17,2,6,4]
stat.node.6.util.dram_avg = 3.17358e-05
stat.node.6.walltime_s = 537.209
stat.node.6.active_time_s = 10.157
stat.node.7.cpu.0.load_issue_to_complete_count = 299
stat.node.7.cpu.0.avg_load_issue_to_complete_lat = 1066.53
stat.node.7.injector.phase_cycles = 320096
stat.node.7.injector.request_bytes = 87456
stat.node.7.injector.response_bytes = 35520
stat.node.7.injector.aggregate_bytes = 122976
stat.node.7.injector.request_gbps = 5.24579
stat.node.7.injector.response_gbps = 2.13056
stat.node.7.injector.aggregate_gbps = 7.37635
stat.node.7.llc.cxl_miss = 300
stat.node.7.llc.total_miss = 300
stat.node.7.llc.avg_miss_lat = 741.527
stat.node.7.llc.avg_cxl_lat = 741.527
stat.node.7.llc.miss_lat_hist_bin_ns = 10
stat.node.7.llc.miss_lat_hist = [0,0,0,0,0,0,0,0,0,0,0,0,0,0,0,0,0,0,0,0,0,0,0,0,0,0,28,38,27,18,51,25,19,56,23,6,2,5,2]
stat.node.7.util.dram_avg = 3.17249e-05
stat.node.7.walltime_s = 537.304
stat.node.7.active_time_s = 17.8247
stat.node.0.cpu.0.load_issue_to_complete_count = 299
stat.node.0.cpu.0.avg_load_issue_to_complete_lat = 1065.95
stat.node.0.injector.phase_cycles = 319989
stat.node.0.injector.request_bytes = 87384
stat.node.0.injector.response_bytes = 35584
stat.node.0.injector.aggregate_bytes = 122968
stat.node.0.injector.request_gbps = 5.24322
stat.node.0.injector.response_gbps = 2.13511
stat.node.0.injector.aggregate_gbps = 7.37833
stat.node.0.llc.cxl_miss = 300
stat.node.0.llc.total_miss = 300
stat.node.0.llc.avg_miss_lat = 741.127
stat.node.0.llc.avg_cxl_lat = 741.127
stat.node.0.llc.miss_lat_hist_bin_ns = 10
stat.node.0.llc.miss_lat_hist = [0,0,0,0,0,0,0,0,0,0,0,0,0,0,0,0,0,0,0,0,0,0,0,0,0,0,18,37,24,16,59,48,27,41,20,7,3]
stat.node.0.util.dram_avg = 3.17123e-05
stat.node.0.walltime_s = 538.03
stat.node.0.active_time_s = 10.55
stat.node.1.cpu.0.load_issue_to_complete_count = 299
stat.node.1.cpu.0.avg_load_issue_to_complete_lat = 1065.95
stat.node.1.injector.phase_cycles = 319955
stat.node.1.injector.request_bytes = 87384
stat.node.1.injector.response_bytes = 35584
stat.node.1.injector.aggregate_bytes = 122968
stat.node.1.injector.request_gbps = 5.24378
stat.node.1.injector.response_gbps = 2.13534
stat.node.1.injector.aggregate_gbps = 7.37912
stat.node.1.llc.cxl_miss = 300
stat.node.1.llc.total_miss = 300
stat.node.1.llc.avg_miss_lat = 740.49
stat.node.1.llc.avg_cxl_lat = 740.49
stat.node.1.llc.miss_lat_hist_bin_ns = 10
stat.node.1.llc.miss_lat_hist = [0,0,0,0,0,0,0,0,0,0,0,0,0,0,0,0,0,0,0,0,0,0,0,0,0,0,7,22,62,23,49,37,31,43,21,3,0,2]
stat.node.1.util.dram_avg = 3.17113e-05
stat.node.1.walltime_s = 538.04
stat.node.1.active_time_s = 14.0791
stat.node.2.cpu.0.load_issue_to_complete_count = 299
stat.node.2.cpu.0.avg_load_issue_to_complete_lat = 1064.78
stat.node.2.injector.phase_cycles = 319736
stat.node.2.injector.request_bytes = 87320
stat.node.2.injector.response_bytes = 35520
stat.node.2.injector.aggregate_bytes = 122840
stat.node.2.injector.request_gbps = 5.24353
stat.node.2.injector.response_gbps = 2.13296
stat.node.2.injector.aggregate_gbps = 7.37649
stat.node.2.llc.cxl_miss = 300
stat.node.2.llc.total_miss = 300
stat.node.2.llc.avg_miss_lat = 742.367
stat.node.2.llc.avg_cxl_lat = 742.367
stat.node.2.llc.miss_lat_hist_bin_ns = 10
stat.node.2.llc.miss_lat_hist = [0,0,0,0,0,0,0,0,0,0,0,0,0,0,0,0,0,0,0,0,0,0,0,0,0,0,21,31,30,15,54,45,21,48,24,9,1,0,0,1]
stat.node.2.util.dram_avg = 3.17103e-05
stat.node.2.walltime_s = 538.504
stat.node.2.active_time_s = 14.1967
stat.node.3.cpu.0.load_issue_to_complete_count = 299
stat.node.3.cpu.0.avg_load_issue_to_complete_lat = 1065.11
stat.node.3.injector.phase_cycles = 319834
stat.node.3.injector.request_bytes = 87392
stat.node.3.injector.response_bytes = 35520
stat.node.3.injector.aggregate_bytes = 122912
stat.node.3.injector.request_gbps = 5.24624
stat.node.3.injector.response_gbps = 2.13231
stat.node.3.injector.aggregate_gbps = 7.37855
stat.node.3.llc.cxl_miss = 300
stat.node.3.llc.total_miss = 300
stat.node.3.llc.avg_miss_lat = 743.973
stat.node.3.llc.avg_cxl_lat = 743.973
stat.node.3.llc.miss_lat_hist_bin_ns = 10
stat.node.3.llc.miss_lat_hist = [0,0,0,0,0,0,0,0,0,0,0,0,0,0,0,0,0,0,0,0,0,0,0,0,0,0,9,27,28,44,54,41,25,39,23,3,1,3,1,2]
stat.node.3.util.dram_avg = 3.17051e-05
stat.node.3.walltime_s = 538.816
stat.node.3.active_time_s = 20.1311
stat.pool.100.util.mem_avg = 0.219998
stat.pool.100.util.req_link_avg = 0.880343
stat.pool.100.walltime_s = 538.916
stat.pool.100.active_time_s = 0.732985
stat.switch.replicated_messages = 0
stat.switch.util.node_ingress_avg = 0.110077
stat.switch.util.pool_ingress_avg = 0.565359
stat.switch.bw.host_to_switch_gbps = 5.41167
stat.switch.bw.switch_to_host_gbps = 3.47345
stat.switch.bw.host_link_total_gbps = 8.88512
stat.switch.walltime_s = 538.916
stat.switch.active_time_s = 2.11594
Simulation is complete, simulated time: 315.659 us
