stat.node.1.cpu.0.load_issue_to_complete_count = 299
stat.node.1.cpu.0.avg_load_issue_to_complete_lat = 1016.89
stat.node.1.injector.phase_cycles = 305311
stat.node.1.injector.request_bytes = 167776
stat.node.1.injector.response_bytes = 40640
stat.node.1.injector.aggregate_bytes = 208416
stat.node.1.injector.request_gbps = 10.5509
stat.node.1.injector.response_gbps = 2.55572
stat.node.1.injector.aggregate_gbps = 13.1066
stat.node.1.llc.cxl_miss = 300
stat.node.1.llc.total_miss = 300
stat.node.1.llc.avg_miss_lat = 698.853
stat.node.1.llc.avg_cxl_lat = 698.853
stat.node.1.llc.miss_lat_hist_bin_ns = 10
stat.node.1.llc.miss_lat_hist = [0,0,0,0,0,0,0,0,0,0,0,0,0,0,0,0,0,0,0,0,0,0,0,0,0,0,13,39,83,88,60,12,4,1]
stat.node.1.util.dram_avg = 3.30705e-05
stat.node.1.walltime_s = 796.752
stat.node.1.active_time_s = 20.4552
stat.node.3.cpu.0.load_issue_to_complete_count = 299
stat.node.3.cpu.0.avg_load_issue_to_complete_lat = 1024.4
stat.node.3.injector.phase_cycles = 307535
stat.node.3.injector.request_bytes = 168960
stat.node.3.injector.response_bytes = 40960
stat.node.3.injector.aggregate_bytes = 209920
stat.node.3.injector.request_gbps = 10.5485
stat.node.3.injector.response_gbps = 2.55721
stat.node.3.injector.aggregate_gbps = 13.1057
stat.node.3.llc.cxl_miss = 300
stat.node.3.llc.total_miss = 300
stat.node.3.llc.avg_miss_lat = 704.387
stat.node.3.llc.avg_cxl_lat = 704.387
stat.node.3.llc.miss_lat_hist_bin_ns = 10
stat.node.3.llc.miss_lat_hist = [0,0,0,0,0,0,0,0,0,0,0,0,0,0,0,0,0,0,0,0,0,0,0,0,0,0,12,39,63,98,53,18,11,5,1]
stat.node.3.util.dram_avg = 3.29177e-05
stat.node.3.walltime_s = 800.572
stat.node.3.active_time_s = 20.0426
stat.node.4.cpu.0.load_issue_to_complete_count = 299
stat.node.4.cpu.0.avg_load_issue_to_complete_lat = 1026.68
stat.node.4.injector.phase_cycles = 308217
stat.node.4.injector.request_bytes = 169288
stat.node.4.injector.response_bytes = 41088
stat.node.4.injector.aggregate_bytes = 210376
stat.node.4.injector.request_gbps = 10.5456
stat.node.4.injector.response_gbps = 2.55953
stat.node.4.injector.aggregate_gbps = 13.1051
stat.node.4.llc.cxl_miss = 300
stat.node.4.llc.total_miss = 300
stat.node.4.llc.avg_miss_lat = 709.45
stat.node.4.llc.avg_cxl_lat = 709.45
stat.node.4.llc.miss_lat_hist_bin_ns = 10
stat.node.4.llc.miss_lat_hist = [0,0,0,0,0,0,0,0,0,0,0,0,0,0,0,0,0,0,0,0,0,0,0,0,0,0,9,26,48,123,56,21,7,8,2]
stat.node.4.util.dram_avg = 3.29075e-05
stat.node.4.walltime_s = 801.02
stat.node.4.active_time_s = 10.5095
stat.node.2.cpu.0.load_issue_to_complete_count = 299
stat.node.2.cpu.0.avg_load_issue_to_complete_lat = 1024.42
stat.node.2.injector.phase_cycles = 307561
stat.node.2.injector.request_bytes = 168960
stat.node.2.injector.response_bytes = 40960
stat.node.2.injector.aggregate_bytes = 209920
stat.node.2.injector.request_gbps = 10.5476
stat.node.2.injector.response_gbps = 2.557
stat.node.2.injector.aggregate_gbps = 13.1046
stat.node.2.llc.cxl_miss = 300
stat.node.2.llc.total_miss = 300
stat.node.2.llc.avg_miss_lat = 705.007
stat.node.2.llc.avg_cxl_lat = 705.007
stat.node.2.llc.miss_lat_hist_bin_ns = 10
stat.node.2.llc.miss_lat_hist = [0,0,0,0,0,0,0,0,0,0,0,0,0,0,0,0,0,0,0,0,0,0,0,0,0,0,8,34,63,112,50,18,8,4,3]
stat.node.2.util.dram_avg = 3.28837e-05
stat.node.2.walltime_s = 802.69
stat.node.2.active_time_s = 13.4511
stat.node.6.cpu.0.load_issue_to_complete_count = 299
stat.node.6.cpu.0.avg_load_issue_to_complete_lat = 1022.89
stat.node.6.injector.phase_cycles = 307076
stat.node.6.injector.request_bytes = 168760
stat.node.6.injector.response_bytes = 40896
stat.node.6.injector.aggregate_bytes = 209656
stat.node.6.injector.request_gbps = 10.5518
stat.node.6.injector.response_gbps = 2.55703
stat.node.6.injector.aggregate_gbps = 13.1088
stat.node.6.llc.cxl_miss = 300
stat.node.6.llc.total_miss = 300
stat.node.6.llc.avg_miss_lat = 703.05
stat.node.6.llc.avg_cxl_lat = 703.05
stat.node.6.llc.miss_lat_hist_bin_ns = 10
stat.node.6.llc.miss_lat_hist = [0,0,0,0,0,0,0,0,0,0,0,0,0,0,0,0,0,0,0,0,0,0,0,0,0,0,6,32,82,94,63,14,7,2]
stat.node.6.util.dram_avg = 3.28744e-05
stat.node.6.walltime_s = 802.691
stat.node.6.active_time_s = 11.2222
stat.node.7.cpu.0.load_issue_to_complete_count = 299
stat.node.7.cpu.0.avg_load_issue_to_complete_lat = 1026.62
stat.node.7.injector.phase_cycles = 308211
stat.node.7.injector.request_bytes = 169360
stat.node.7.injector.response_bytes = 41024
stat.node.7.injector.aggregate_bytes = 210384
stat.node.7.injector.request_gbps = 10.5503
stat.node.7.injector.response_gbps = 2.55559
stat.node.7.injector.aggregate_gbps = 13.1059
stat.node.7.llc.cxl_miss = 300
stat.node.7.llc.total_miss = 300
stat.node.7.llc.avg_miss_lat = 707.437
stat.node.7.llc.avg_cxl_lat = 707.437
stat.node.7.llc.miss_lat_hist_bin_ns = 10
stat.node.7.llc.miss_lat_hist = [0,0,0,0,0,0,0,0,0,0,0,0,0,0,0,0,0,0,0,0,0,0,0,0,0,0,10,23,67,99,58,28,11,4]
stat.node.7.util.dram_avg = 3.28302e-05
stat.node.7.walltime_s = 802.84
stat.node.7.active_time_s = 18.5092
stat.node.0.cpu.0.load_issue_to_complete_count = 299
stat.node.0.cpu.0.avg_load_issue_to_complete_lat = 1029.37
stat.node.0.injector.phase_cycles = 309020
stat.node.0.injector.request_bytes = 169752
stat.node.0.injector.response_bytes = 41152
stat.node.0.injector.aggregate_bytes = 210904
stat.node.0.injector.request_gbps = 10.547
stat.node.0.injector.response_gbps = 2.55685
stat.node.0.injector.aggregate_gbps = 13.1039
stat.node.0.llc.cxl_miss = 300
stat.node.0.llc.total_miss = 300
stat.node.0.llc.avg_miss_lat = 708.747
stat.node.0.llc.avg_cxl_lat = 708.747
stat.node.0.llc.miss_lat_hist_bin_ns = 10
stat.node.0.llc.miss_lat_hist = [0,0,0,0,0,0,0,0,0,0,0,0,0,0,0,0,0,0,0,0,0,0,0,0,0,0,6,29,70,85,65,29,12,1,3]
stat.node.0.util.dram_avg = 3.27646e-05
stat.node.0.walltime_s = 803.692
stat.node.0.active_time_s = 10.9112
stat.node.5.cpu.0.load_issue_to_complete_count = 299
stat.node.5.cpu.0.avg_load_issue_to_complete_lat = 1027.78
stat.node.5.injector.phase_cycles = 308540
stat.node.5.injector.request_bytes = 169488
stat.node.5.injector.response_bytes = 41088
stat.node.5.injector.aggregate_bytes = 210576
stat.node.5.injector.request_gbps = 10.547
stat.node.5.injector.response_gbps = 2.55685
stat.node.5.injector.aggregate_gbps = 13.1038
stat.node.5.llc.cxl_miss = 300
stat.node.5.llc.total_miss = 300
stat.node.5.llc.avg_miss_lat = 710.147
stat.node.5.llc.avg_cxl_lat = 710.147
stat.node.5.llc.miss_lat_hist_bin_ns = 10
stat.node.5.llc.miss_lat_hist = [0,0,0,0,0,0,0,0,0,0,0,0,0,0,0,0,0,0,0,0,0,0,0,0,0,0,6,25,68,96,53,34,10,7,1]
stat.node.5.util.dram_avg = 3.27419e-05
stat.node.5.walltime_s = 803.908
stat.node.5.active_time_s = 15.7118
stat.pool.101.util.mem_avg = 0.184473
stat.pool.101.util.req_link_avg = 0.875695
stat.pool.101.walltime_s = 803.992
stat.pool.101.active_time_s = 0.527701
stat.pool.100.util.mem_avg = 0.184476
stat.pool.100.util.req_link_avg = 0.868578
stat.pool.100.walltime_s = 803.992
stat.pool.100.active_time_s = 0.871964
stat.switch.replicated_messages = 0
stat.switch.util.node_ingress_avg = 0.21809
stat.switch.util.pool_ingress_avg = 0.321103
stat.switch.bw.host_to_switch_gbps = 10.7212
stat.switch.bw.switch_to_host_gbps = 3.94599
stat.switch.bw.host_link_total_gbps = 14.6672
stat.switch.walltime_s = 803.992
stat.switch.active_time_s = 2.25516
Simulation is complete, simulated time: 305.664 us
