stat.node.6.cpu.0.load_issue_to_complete_count = 299
stat.node.6.cpu.0.avg_load_issue_to_complete_lat = 1098.02
stat.node.6.injector.phase_cycles = 329627
stat.node.6.injector.request_bytes = 101512
stat.node.6.injector.response_bytes = 24640
stat.node.6.injector.aggregate_bytes = 126152
stat.node.6.injector.request_gbps = 5.91284
stat.node.6.injector.response_gbps = 1.43522
stat.node.6.injector.aggregate_gbps = 7.34806
stat.node.6.llc.cxl_miss = 300
stat.node.6.llc.total_miss = 300
stat.node.6.llc.avg_miss_lat = 768.167
stat.node.6.llc.avg_cxl_lat = 768.167
stat.node.6.llc.miss_lat_hist_bin_ns = 10
stat.node.6.llc.miss_lat_hist = [0,0,0,0,0,0,0,0,0,0,0,0,0,0,0,0,0,0,0,0,0,0,0,0,0,0,1,11,7,30,49,55,55,52,18,5,11,5,1]
stat.node.6.util.dram_avg = 3.04871e-05
stat.node.6.walltime_s = 385.895
stat.node.6.active_time_s = 14.0753
stat.node.0.cpu.0.load_issue_to_complete_count = 299
stat.node.0.cpu.0.avg_load_issue_to_complete_lat = 1099.8
stat.node.0.injector.phase_cycles = 330203
stat.node.0.injector.request_bytes = 101704
stat.node.0.injector.response_bytes = 24640
stat.node.0.injector.aggregate_bytes = 126344
stat.node.0.injector.request_gbps = 5.91369
stat.node.0.injector.response_gbps = 1.43272
stat.node.0.injector.aggregate_gbps = 7.3464
stat.node.0.llc.cxl_miss = 300
stat.node.0.llc.total_miss = 300
stat.node.0.llc.avg_miss_lat = 769.55
stat.node.0.llc.avg_cxl_lat = 769.55
stat.node.0.llc.miss_lat_hist_bin_ns = 10
stat.node.0.llc.miss_lat_hist = [0,0,0,0,0,0,0,0,0,0,0,0,0,0,0,0,0,0,0,0,0,0,0,0,0,0,0,17,20,14,20,87,48,42,26,9,13,4]
stat.node.0.util.dram_avg = 3.0444e-05
stat.node.0.walltime_s = 385.959
stat.node.0.active_time_s = 11.868
stat.node.1.cpu.0.load_issue_to_complete_count = 299
stat.node.1.cpu.0.avg_load_issue_to_complete_lat = 1096.65
stat.node.1.injector.phase_cycles = 329313
stat.node.1.injector.request_bytes = 101376
stat.node.1.injector.response_bytes = 24640
stat.node.1.injector.aggregate_bytes = 126016
stat.node.1.injector.request_gbps = 5.91054
stat.node.1.injector.response_gbps = 1.43659
stat.node.1.injector.aggregate_gbps = 7.34714
stat.node.1.llc.cxl_miss = 300
stat.node.1.llc.total_miss = 300
stat.node.1.llc.avg_miss_lat = 767.51
stat.node.1.llc.avg_cxl_lat = 767.51
stat.node.1.llc.miss_lat_hist_bin_ns = 10
stat.node.1.llc.miss_lat_hist = [0,0,0,0,0,0,0,0,0,0,0,0,0,0,0,0,0,0,0,0,0,0,0,0,0,0,0,16,38,10,20,61,63,42,24,9,11,2,4]
stat.node.1.util.dram_avg = 3.04363e-05
stat.node.1.walltime_s = 385.988
stat.node.1.active_time_s = 20.411
stat.node.3.cpu.0.load_issue_to_complete_count = 299
stat.node.3.cpu.0.avg_load_issue_to_complete_lat = 1094.91
stat.node.3.injector.phase_cycles = 328767
stat.node.3.injector.request_bytes = 101248
stat.node.3.injector.response_bytes = 24576
stat.node.3.injector.aggregate_bytes = 125824
stat.node.3.injector.request_gbps = 5.91289
stat.node.3.injector.response_gbps = 1.43524
stat.node.3.injector.aggregate_gbps = 7.34812
stat.node.3.llc.cxl_miss = 300
stat.node.3.llc.total_miss = 300
stat.node.3.llc.avg_miss_lat = 765.787
stat.node.3.llc.avg_cxl_lat = 765.787
stat.node.3.llc.miss_lat_hist_bin_ns = 10
stat.node.3.llc.miss_lat_hist = [0,0,0,0,0,0,0,0,0,0,0,0,0,0,0,0,0,0,0,0,0,0,0,0,0,0,2,19,13,43,18,53,63,39,22,14,9,3,2]
stat.node.3.util.dram_avg = 3.04315e-05
stat.node.3.walltime_s = 386.005
stat.node.3.active_time_s = 15.0159
stat.node.5.cpu.0.load_issue_to_complete_count = 299
stat.node.5.cpu.0.avg_load_issue_to_complete_lat = 1094.9
stat.node.5.injector.phase_cycles = 328754
stat.node.5.injector.request_bytes = 101248
stat.node.5.injector.response_bytes = 24576
stat.node.5.injector.aggregate_bytes = 125824
stat.node.5.injector.request_gbps = 5.91312
stat.node.5.injector.response_gbps = 1.4353
stat.node.5.injector.aggregate_gbps = 7.34841
stat.node.5.llc.cxl_miss = 300
stat.node.5.llc.total_miss = 300
stat.node.5.llc.avg_miss_lat = 766.617
stat.node.5.llc.avg_cxl_lat = 766.617
stat.node.5.llc.miss_lat_hist_bin_ns = 10
stat.node.5.llc.miss_lat_hist = [0,0,0,0,0,0,0,0,0,0,0,0,0,0,0,0,0,0,0,0,0,0,0,0,0,0,4,24,17,15,23,54,75,48,13,6,13,3,5]
stat.node.5.util.dram_avg = 3.04268e-05
stat.node.5.walltime_s = 386.02
stat.node.5.active_time_s = 11.5367
stat.node.7.cpu.0.load_issue_to_complete_count = 299
stat.node.7.cpu.0.avg_load_issue_to_complete_lat = 1101.77
stat.node.7.injector.phase_cycles = 330723
stat.node.7.injector.request_bytes = 101832
stat.node.7.injector.response_bytes = 24640
stat.node.7.injector.aggregate_bytes = 126472
stat.node.7.injector.request_gbps = 5.91182
stat.node.7.injector.response_gbps = 1.43047
stat.node.7.injector.aggregate_gbps = 7.34228
stat.node.7.llc.cxl_miss = 300
stat.node.7.llc.total_miss = 300
stat.node.7.llc.avg_miss_lat = 770.357
stat.node.7.llc.avg_cxl_lat = 770.357
stat.node.7.llc.miss_lat_hist_bin_ns = 10
stat.node.7.llc.miss_lat_hist = [0,0,0,0,0,0,0,0,0,0,0,0,0,0,0,0,0,0,0,0,0,0,0,0,0,0,27,8,12,10,13,37,78,70,17,8,17,1,2]
stat.node.7.util.dram_avg = 3.03046e-05
stat.node.7.walltime_s = 386.521
stat.node.7.active_time_s = 17.6814
stat.node.2.cpu.0.load_issue_to_complete_count = 299
stat.node.2.cpu.0.avg_load_issue_to_complete_lat = 1151.41
stat.node.2.injector.phase_cycles = 345637
stat.node.2.injector.request_bytes = 106456
stat.node.2.injector.response_bytes = 25792
stat.node.2.injector.aggregate_bytes = 132248
stat.node.2.injector.request_gbps = 5.91359
stat.node.2.injector.response_gbps = 1.43274
stat.node.2.injector.aggregate_gbps = 7.34632
stat.node.2.llc.cxl_miss = 300
stat.node.2.llc.total_miss = 300
stat.node.2.llc.avg_miss_lat = 814.267
stat.node.2.llc.avg_cxl_lat = 814.267
stat.node.2.llc.miss_lat_hist_bin_ns = 10
stat.node.2.llc.miss_lat_hist = [0,0,0,0,0,0,0,0,0,0,0,0,0,0,0,0,0,0,0,0,0,0,0,0,0,0,0,0,0,0,2,13,27,126,99,24,8,1]
stat.node.2.util.dram_avg = 2.91751e-05
stat.node.2.walltime_s = 390.187
stat.node.2.active_time_s = 9.99081
stat.node.4.cpu.0.load_issue_to_complete_count = 299
stat.node.4.cpu.0.avg_load_issue_to_complete_lat = 1151.41
stat.node.4.injector.phase_cycles = 345637
stat.node.4.injector.request_bytes = 106456
stat.node.4.injector.response_bytes = 25792
stat.node.4.injector.aggregate_bytes = 132248
stat.node.4.injector.request_gbps = 5.91359
stat.node.4.injector.response_gbps = 1.43274
stat.node.4.injector.aggregate_gbps = 7.34632
stat.node.4.llc.cxl_miss = 300
stat.node.4.llc.total_miss = 300
stat.node.4.llc.avg_miss_lat = 816.043
stat.node.4.llc.avg_cxl_lat = 816.043
stat.node.4.llc.miss_lat_hist_bin_ns = 10
stat.node.4.llc.miss_lat_hist = [0,0,0,0,0,0,0,0,0,0,0,0,0,0,0,0,0,0,0,0,0,0,0,0,0,0,0,0,0,0,7,30,40,108,54,9,40,11,1]
stat.node.4.util.dram_avg = 2.91743e-05
stat.node.4.walltime_s = 390.188
stat.node.4.active_time_s = 16.6575
stat.pool.100.util.mem_avg = 0.219725
stat.pool.100.util.req_link_avg = 0.987879
stat.pool.100.walltime_s = 390.188
stat.pool.100.active_time_s = 0.547811
stat.switch.replicated_messages = 0
stat.switch.util.node_ingress_avg = 0.123517
stat.switch.util.pool_ingress_avg = 0.440518
stat.switch.bw.host_to_switch_gbps = 6.07253
stat.switch.bw.switch_to_host_gbps = 2.70662
stat.switch.bw.host_link_total_gbps = 8.77915
stat.switch.walltime_s = 390.188
stat.switch.active_time_s = 1.86715
Simulation is complete, simulated time: 343.042 us
