stat.node.1.cpu.0.load_issue_to_complete_count = 299
stat.node.1.cpu.0.avg_load_issue_to_complete_lat = 1139.26
stat.node.1.injector.phase_cycles = 342089
stat.node.1.injector.request_bytes = 193920
stat.node.1.injector.response_bytes = 119296
stat.node.1.injector.aggregate_bytes = 313216
stat.node.1.injector.request_gbps = 10.8839
stat.node.1.injector.response_gbps = 6.69558
stat.node.1.injector.aggregate_gbps = 17.5795
stat.node.1.llc.cxl_miss = 300
stat.node.1.llc.total_miss = 300
stat.node.1.llc.avg_miss_lat = 804.707
stat.node.1.llc.avg_cxl_lat = 804.707
stat.node.1.llc.miss_lat_hist_bin_ns = 10
stat.node.1.llc.miss_lat_hist = [0,0,0,0,0,0,0,0,0,0,0,0,0,0,0,0,0,0,0,0,0,0,0,0,0,0,0,2,14,18,20,39,36,48,38,25,22,20,10,5,3]
stat.node.1.util.dram_avg = 2.95568e-05
stat.node.1.walltime_s = 835.893
stat.node.1.active_time_s = 20.4229
stat.node.0.cpu.0.load_issue_to_complete_count = 299
stat.node.0.cpu.0.avg_load_issue_to_complete_lat = 1143.05
stat.node.0.injector.phase_cycles = 343127
stat.node.0.injector.request_bytes = 194480
stat.node.0.injector.response_bytes = 119680
stat.node.0.injector.aggregate_bytes = 314160
stat.node.0.injector.request_gbps = 10.8823
stat.node.0.injector.response_gbps = 6.69681
stat.node.0.injector.aggregate_gbps = 17.5791
stat.node.0.llc.cxl_miss = 300
stat.node.0.llc.total_miss = 300
stat.node.0.llc.avg_miss_lat = 810.807
stat.node.0.llc.avg_cxl_lat = 810.807
stat.node.0.llc.miss_lat_hist_bin_ns = 10
stat.node.0.llc.miss_lat_hist = [0,0,0,0,0,0,0,0,0,0,0,0,0,0,0,0,0,0,0,0,0,0,0,0,0,0,3,1,3,11,26,26,47,48,37,33,31,18,12,3,1]
stat.node.0.util.dram_avg = 2.94762e-05
stat.node.0.walltime_s = 836.025
stat.node.0.active_time_s = 13.0699
stat.node.3.cpu.0.load_issue_to_complete_count = 299
stat.node.3.cpu.0.avg_load_issue_to_complete_lat = 1143.16
stat.node.3.injector.phase_cycles = 343141
stat.node.3.injector.request_bytes = 194480
stat.node.3.injector.response_bytes = 119680
stat.node.3.injector.aggregate_bytes = 314160
stat.node.3.injector.request_gbps = 10.8819
stat.node.3.injector.response_gbps = 6.69654
stat.node.3.injector.aggregate_gbps = 17.5784
stat.node.3.llc.cxl_miss = 300
stat.node.3.llc.total_miss = 300
stat.node.3.llc.avg_miss_lat = 809.27
stat.node.3.llc.avg_cxl_lat = 809.27
stat.node.3.llc.miss_lat_hist_bin_ns = 10
stat.node.3.llc.miss_lat_hist = [0,0,0,0,0,0,0,0,0,0,0,0,0,0,0,0,0,0,0,0,0,0,0,0,0,0,0,0,6,13,27,33,38,48,44,34,29,12,9,7]
stat.node.3.util.dram_avg = 2.93613e-05
stat.node.3.walltime_s = 836.2
stat.node.3.active_time_s = 20.0276
stat.node.6.cpu.0.load_issue_to_complete_count = 299
stat.node.6.cpu.0.avg_load_issue_to_complete_lat = 1143.98
stat.node.6.injector.phase_cycles = 343305
stat.node.6.injector.request_bytes = 194616
stat.node.6.injector.response_bytes = 119744
stat.node.6.injector.aggregate_bytes = 314360
stat.node.6.injector.request_gbps = 10.8843
stat.node.6.injector.response_gbps = 6.69692
stat.node.6.injector.aggregate_gbps = 17.5812
stat.node.6.llc.cxl_miss = 300
stat.node.6.llc.total_miss = 300
stat.node.6.llc.avg_miss_lat = 812.337
stat.node.6.llc.avg_cxl_lat = 812.337
stat.node.6.llc.miss_lat_hist_bin_ns = 10
stat.node.6.llc.miss_lat_hist = [0,0,0,0,0,0,0,0,0,0,0,0,0,0,0,0,0,0,0,0,0,0,0,0,0,0,0,3,3,13,20,28,41,48,50,39,24,12,11,6,2]
stat.node.6.util.dram_avg = 2.93604e-05
stat.node.6.walltime_s = 836.336
stat.node.6.active_time_s = 13.9684
stat.node.5.cpu.0.load_issue_to_complete_count = 299
stat.node.5.cpu.0.avg_load_issue_to_complete_lat = 1149.09
stat.node.5.injector.phase_cycles = 344935
stat.node.5.injector.request_bytes = 195520
stat.node.5.injector.response_bytes = 120320
stat.node.5.injector.aggregate_bytes = 315840
stat.node.5.injector.request_gbps = 10.8832
stat.node.5.injector.response_gbps = 6.69733
stat.node.5.injector.aggregate_gbps = 17.5805
stat.node.5.llc.cxl_miss = 300
stat.node.5.llc.total_miss = 300
stat.node.5.llc.avg_miss_lat = 813.223
stat.node.5.llc.avg_cxl_lat = 813.223
stat.node.5.llc.miss_lat_hist_bin_ns = 10
stat.node.5.llc.miss_lat_hist = [0,0,0,0,0,0,0,0,0,0,0,0,0,0,0,0,0,0,0,0,0,0,0,0,0,0,0,2,6,13,19,31,41,45,37,41,20,31,10,4]
stat.node.5.util.dram_avg = 2.93071e-05
stat.node.5.walltime_s = 839.587
stat.node.5.active_time_s = 20.7068
stat.node.4.cpu.0.load_issue_to_complete_count = 299
stat.node.4.cpu.0.avg_load_issue_to_complete_lat = 1151.01
stat.node.4.injector.phase_cycles = 345474
stat.node.4.injector.request_bytes = 195792
stat.node.4.injector.response_bytes = 120512
stat.node.4.injector.aggregate_bytes = 316304
stat.node.4.injector.request_gbps = 10.8813
stat.node.4.injector.response_gbps = 6.69755
stat.node.4.injector.aggregate_gbps = 17.5789
stat.node.4.llc.cxl_miss = 300
stat.node.4.llc.total_miss = 300
stat.node.4.llc.avg_miss_lat = 816.72
stat.node.4.llc.avg_cxl_lat = 816.72
stat.node.4.llc.miss_lat_hist_bin_ns = 10
stat.node.4.llc.miss_lat_hist = [0,0,0,0,0,0,0,0,0,0,0,0,0,0,0,0,0,0,0,0,0,0,0,0,0,0,0,3,10,18,14,28,32,36,34,50,32,16,19,6,2]
stat.node.4.util.dram_avg = 2.92786e-05
stat.node.4.walltime_s = 839.776
stat.node.4.active_time_s = 12.459
stat.node.2.cpu.0.load_issue_to_complete_count = 299
stat.node.2.cpu.0.avg_load_issue_to_complete_lat = 1155.78
stat.node.2.injector.phase_cycles = 346895
stat.node.2.injector.request_bytes = 196632
stat.node.2.injector.response_bytes = 120960
stat.node.2.injector.aggregate_bytes = 317592
stat.node.2.injector.request_gbps = 10.8832
stat.node.2.injector.response_gbps = 6.69491
stat.node.2.injector.aggregate_gbps = 17.5781
stat.node.2.llc.cxl_miss = 300
stat.node.2.llc.total_miss = 300
stat.node.2.llc.avg_miss_lat = 823.117
stat.node.2.llc.avg_cxl_lat = 823.117
stat.node.2.llc.miss_lat_hist_bin_ns = 10
stat.node.2.llc.miss_lat_hist = [0,0,0,0,0,0,0,0,0,0,0,0,0,0,0,0,0,0,0,0,0,0,0,0,0,0,2,0,6,17,14,29,21,37,41,45,40,23,13,9,3]
stat.node.2.util.dram_avg = 2.92372e-05
stat.node.2.walltime_s = 843.964
stat.node.2.active_time_s = 13.7139
stat.node.7.cpu.0.load_issue_to_complete_count = 299
stat.node.7.cpu.0.avg_load_issue_to_complete_lat = 1158.01
stat.node.7.injector.phase_cycles = 347780
stat.node.7.injector.request_bytes = 197120
stat.node.7.injector.response_bytes = 121280
stat.node.7.injector.aggregate_bytes = 318400
stat.node.7.injector.request_gbps = 10.8825
stat.node.7.injector.response_gbps = 6.69554
stat.node.7.injector.aggregate_gbps = 17.578
stat.node.7.llc.cxl_miss = 300
stat.node.7.llc.total_miss = 300
stat.node.7.llc.avg_miss_lat = 822.77
stat.node.7.llc.avg_cxl_lat = 822.77
stat.node.7.llc.miss_lat_hist_bin_ns = 10
stat.node.7.llc.miss_lat_hist = [0,0,0,0,0,0,0,0,0,0,0,0,0,0,0,0,0,0,0,0,0,0,0,0,0,0,0,1,6,9,17,18,43,30,57,50,31,19,13,5,1]
stat.node.7.util.dram_avg = 2.90646e-05
stat.node.7.walltime_s = 850.588
stat.node.7.active_time_s = 23.8798
stat.pool.101.util.mem_avg = 0.234091
stat.pool.101.util.req_link_avg = 0.898207
stat.pool.101.walltime_s = 850.596
stat.pool.101.active_time_s = 0.946784
stat.pool.100.util.mem_avg = 0.233904
stat.pool.100.util.req_link_avg = 0.897259
stat.pool.100.walltime_s = 850.608
stat.pool.100.active_time_s = 1.07627
stat.switch.replicated_messages = 0
stat.switch.util.node_ingress_avg = 0.224502
stat.switch.util.pool_ingress_avg = 0.645429
stat.switch.bw.host_to_switch_gbps = 11.037
stat.switch.bw.switch_to_host_gbps = 7.93121
stat.switch.bw.host_link_total_gbps = 18.9682
stat.switch.walltime_s = 850.608
stat.switch.active_time_s = 3.31862
Simulation is complete, simulated time: 344.337 us
