stat.node.5.cpu.0.retired = 796
stat.node.5.cpu.0.cycles = 1000000
stat.node.6.cpu.0.retired = 792
stat.node.6.cpu.0.cycles = 1000000
stat.node.7.cpu.0.retired = 795
stat.node.7.cpu.0.cycles = 1000000
stat.node.0.cpu.0.retired = 789
stat.node.0.cpu.0.cycles = 1000000
stat.node.1.cpu.0.retired = 799
stat.node.1.cpu.0.cycles = 1000000
stat.node.2.cpu.0.retired = 795
stat.node.3.cpu.0.retired = 794
stat.node.3.cpu.0.cycles = 1000000
stat.node.4.cpu.0.retired = 796
stat.node.4.cpu.0.cycles = 1000000
stat.node.2.cpu.0.cycles = 1000000
stat.node.7.cpu.0.retired = 1827
stat.node.7.cpu.0.cycles = 2000000
stat.node.0.cpu.0.retired = 1815
stat.node.0.cpu.0.cycles = 2000000
stat.node.1.cpu.0.retired = 1829
stat.node.1.cpu.0.cycles = 2000000
stat.node.4.cpu.0.retired = 1823
stat.node.4.cpu.0.cycles = 2000000
stat.node.3.cpu.0.retired = 1821
stat.node.3.cpu.0.cycles = 2000000
stat.node.5.cpu.0.retired = 1828
stat.node.5.cpu.0.cycles = 2000000
stat.node.6.cpu.0.retired = 1816
stat.node.6.cpu.0.cycles = 2000000
stat.node.2.cpu.0.retired = 1824
stat.node.2.cpu.0.cycles = 2000000
stat.node.1.cpu.0.load_issue_to_complete_count = 1499
stat.node.1.cpu.0.avg_load_issue_to_complete_lat = 984.912
stat.node.1.injector.phase_cycles = 1479844
stat.node.1.injector.request_bytes = 493768
stat.node.1.injector.response_bytes = 623744
stat.node.1.injector.aggregate_bytes = 1117512
stat.node.1.injector.request_gbps = 6.40631
stat.node.1.injector.response_gbps = 8.09267
stat.node.1.injector.aggregate_gbps = 14.499
stat.node.1.llc.cxl_miss = 1500
stat.node.1.llc.total_miss = 1500
stat.node.1.llc.avg_miss_lat = 801.033
stat.node.1.llc.avg_cxl_lat = 801.033
stat.node.1.llc.miss_lat_hist_bin_ns = 10
stat.node.1.llc.miss_lat_hist = [0,0,0,0,0,0,0,0,0,0,0,0,0,0,0,0,0,0,0,0,0,0,0,0,0,0,0,1,88,55,105,178,173,255,247,251,94,40,13]
stat.node.1.util.dram_avg = 1.10902e-05
stat.node.1.walltime_s = 978.493
stat.node.1.active_time_s = 51.0326
stat.node.5.cpu.0.load_issue_to_complete_count = 1499
stat.node.5.cpu.0.avg_load_issue_to_complete_lat = 983.458
stat.node.5.injector.phase_cycles = 1477524
stat.node.5.injector.request_bytes = 493080
stat.node.5.injector.response_bytes = 622784
stat.node.5.injector.aggregate_bytes = 1115864
stat.node.5.injector.request_gbps = 6.40743
stat.node.5.injector.response_gbps = 8.0929
stat.node.5.injector.aggregate_gbps = 14.5003
stat.node.5.llc.cxl_miss = 1500
stat.node.5.llc.total_miss = 1500
stat.node.5.llc.avg_miss_lat = 800.099
stat.node.5.llc.avg_cxl_lat = 800.099
stat.node.5.llc.miss_lat_hist_bin_ns = 10
stat.node.5.llc.miss_lat_hist = [0,0,0,0,0,0,0,0,0,0,0,0,0,0,0,0,0,0,0,0,0,0,0,0,0,0,0,18,51,39,112,91,305,293,269,241,50,25,3,3]
stat.node.5.util.dram_avg = 1.10849e-05
stat.node.5.walltime_s = 978.593
stat.node.5.active_time_s = 48.5793
stat.node.7.cpu.0.load_issue_to_complete_count = 1499
stat.node.7.cpu.0.avg_load_issue_to_complete_lat = 983.795
stat.node.7.injector.phase_cycles = 1478169
stat.node.7.injector.request_bytes = 493240
stat.node.7.injector.response_bytes = 623040
stat.node.7.injector.aggregate_bytes = 1116280
stat.node.7.injector.request_gbps = 6.40672
stat.node.7.injector.response_gbps = 8.09269
stat.node.7.injector.aggregate_gbps = 14.4994
stat.node.7.llc.cxl_miss = 1500
stat.node.7.llc.total_miss = 1500
stat.node.7.llc.avg_miss_lat = 799.76
stat.node.7.llc.avg_cxl_lat = 799.76
stat.node.7.llc.miss_lat_hist_bin_ns = 10
stat.node.7.llc.miss_lat_hist = [0,0,0,0,0,0,0,0,0,0,0,0,0,0,0,0,0,0,0,0,0,0,0,0,0,0,0,28,72,64,109,63,142,429,273,221,69,19,9,2]
stat.node.7.util.dram_avg = 1.10802e-05
stat.node.7.walltime_s = 978.668
stat.node.7.active_time_s = 34.0673
stat.node.2.cpu.0.load_issue_to_complete_count = 1499
stat.node.2.cpu.0.avg_load_issue_to_complete_lat = 984.926
stat.node.2.injector.phase_cycles = 1479725
stat.node.2.injector.request_bytes = 493768
stat.node.2.injector.response_bytes = 623616
stat.node.2.injector.aggregate_bytes = 1117384
stat.node.2.injector.request_gbps = 6.40683
stat.node.2.injector.response_gbps = 8.09166
stat.node.2.injector.aggregate_gbps = 14.4985
stat.node.2.llc.cxl_miss = 1500
stat.node.2.llc.total_miss = 1500
stat.node.2.llc.avg_miss_lat = 801.781
stat.node.2.llc.avg_cxl_lat = 801.781
stat.node.2.llc.miss_lat_hist_bin_ns = 10
stat.node.2.llc.miss_lat_hist = [0,0,0,0,0,0,0,0,0,0,0,0,0,0,0,0,0,0,0,0,0,0,0,0,0,0,0,34,88,111,43,85,113,182,457,294,73,14,6]
stat.node.2.util.dram_avg = 1.10692e-05
stat.node.2.walltime_s = 979.68
stat.node.2.active_time_s = 42.626
stat.node.4.cpu.0.load_issue_to_complete_count = 1499
stat.node.4.cpu.0.avg_load_issue_to_complete_lat = 986.815
stat.node.4.injector.phase_cycles = 1482560
stat.node.4.injector.request_bytes = 494760
stat.node.4.injector.response_bytes = 624896
stat.node.4.injector.aggregate_bytes = 1119656
stat.node.4.injector.request_gbps = 6.40742
stat.node.4.injector.response_gbps = 8.09276
stat.node.4.injector.aggregate_gbps = 14.5002
stat.node.4.llc.cxl_miss = 1500
stat.node.4.llc.total_miss = 1500
stat.node.4.llc.avg_miss_lat = 803.117
stat.node.4.llc.avg_cxl_lat = 803.117
stat.node.4.llc.miss_lat_hist_bin_ns = 10
stat.node.4.llc.miss_lat_hist = [0,0,0,0,0,0,0,0,0,0,0,0,0,0,0,0,0,0,0,0,0,0,0,0,0,0,3,51,86,94,90,56,103,144,409,279,132,33,13,7]
stat.node.4.util.dram_avg = 1.10639e-05
stat.node.4.walltime_s = 979.812
stat.node.4.active_time_s = 33.057
stat.node.3.cpu.0.load_issue_to_complete_count = 1499
stat.node.3.cpu.0.avg_load_issue_to_complete_lat = 986.715
stat.node.3.injector.phase_cycles = 1482574
stat.node.3.injector.request_bytes = 494680
stat.node.3.injector.response_bytes = 624896
stat.node.3.injector.aggregate_bytes = 1119576
stat.node.3.injector.request_gbps = 6.40633
stat.node.3.injector.response_gbps = 8.09268
stat.node.3.injector.aggregate_gbps = 14.499
stat.node.3.llc.cxl_miss = 1500
stat.node.3.llc.total_miss = 1500
stat.node.3.llc.avg_miss_lat = 803.034
stat.node.3.llc.avg_cxl_lat = 803.034
stat.node.3.llc.miss_lat_hist_bin_ns = 10
stat.node.3.llc.miss_lat_hist = [0,0,0,0,0,0,0,0,0,0,0,0,0,0,0,0,0,0,0,0,0,0,0,0,0,0,0,3,3,162,80,215,102,259,274,221,93,66,20,2]
stat.node.3.util.dram_avg = 1.10577e-05
stat.node.3.walltime_s = 980.278
stat.node.3.active_time_s = 37.9822
stat.node.6.cpu.0.load_issue_to_complete_count = 1499
stat.node.6.cpu.0.avg_load_issue_to_complete_lat = 988.911
stat.node.6.injector.phase_cycles = 1485865
stat.node.6.injector.request_bytes = 495808
stat.node.6.injector.response_bytes = 626304
stat.node.6.injector.aggregate_bytes = 1122112
stat.node.6.injector.request_gbps = 6.40672
stat.node.6.injector.response_gbps = 8.09295
stat.node.6.injector.aggregate_gbps = 14.4997
stat.node.6.llc.cxl_miss = 1500
stat.node.6.llc.total_miss = 1500
stat.node.6.llc.avg_miss_lat = 805.069
stat.node.6.llc.avg_cxl_lat = 805.069
stat.node.6.llc.miss_lat_hist_bin_ns = 10
stat.node.6.llc.miss_lat_hist = [0,0,0,0,0,0,0,0,0,0,0,0,0,0,0,0,0,0,0,0,0,0,0,0,0,0,0,1,2,28,166,215,170,263,279,235,116,19,5,1]
stat.node.6.util.dram_avg = 1.10294e-05
stat.node.6.walltime_s = 982.478
stat.node.6.active_time_s = 33.6767
stat.node.0.cpu.0.load_issue_to_complete_count = 1499
stat.node.0.cpu.0.avg_load_issue_to_complete_lat = 989.511
stat.node.0.injector.phase_cycles = 1486681
stat.node.0.injector.request_bytes = 496128
stat.node.0.injector.response_bytes = 626624
stat.node.0.injector.aggregate_bytes = 1122752
stat.node.0.injector.request_gbps = 6.40733
stat.node.0.injector.response_gbps = 8.09264
stat.node.0.injector.aggregate_gbps = 14.5
stat.node.0.llc.cxl_miss = 1500
stat.node.0.llc.total_miss = 1500
stat.node.0.llc.avg_miss_lat = 805.745
stat.node.0.llc.avg_cxl_lat = 805.745
stat.node.0.llc.miss_lat_hist_bin_ns = 10
stat.node.0.llc.miss_lat_hist = [0,0,0,0,0,0,0,0,0,0,0,0,0,0,0,0,0,0,0,0,0,0,0,0,0,0,0,2,5,22,53,309,242,239,247,288,67,20,6]
stat.node.0.util.dram_avg = 1.10244e-05
stat.node.0.walltime_s = 982.545
stat.node.0.active_time_s = 33.0633
stat.pool.101.util.mem_avg = 0.26247
stat.pool.101.util.req_link_avg = 0.973256
stat.pool.101.walltime_s = 982.541
stat.pool.101.active_time_s = 1.15048
stat.pool.100.util.mem_avg = 0.262471
stat.pool.100.util.req_link_avg = 0.973257
stat.pool.100.walltime_s = 982.556
stat.pool.100.active_time_s = 1.35465
stat.switch.replicated_messages = 152912
stat.switch.util.node_ingress_avg = 0.133588
stat.switch.util.pool_ingress_avg = 0.76252
stat.switch.bw.host_to_switch_gbps = 6.56662
stat.switch.bw.switch_to_host_gbps = 9.36977
stat.switch.bw.host_link_total_gbps = 15.9364
stat.switch.walltime_s = 982.556
stat.switch.active_time_s = 4.59913
Simulation is complete, simulated time: 907.805 us
