stat.node.6.cpu.0.load_issue_to_complete_count = 299
stat.node.6.cpu.0.avg_load_issue_to_complete_lat = 997.742
stat.node.6.injector.phase_cycles = 299610
stat.node.6.injector.request_bytes = 67328
stat.node.6.injector.response_bytes = 0
stat.node.6.injector.aggregate_bytes = 67328
stat.node.6.injector.request_gbps = 4.3146
stat.node.6.injector.response_gbps = 0
stat.node.6.injector.aggregate_gbps = 4.3146
stat.node.6.llc.cxl_miss = 300
stat.node.6.llc.total_miss = 300
stat.node.6.llc.avg_miss_lat = 670.957
stat.node.6.llc.avg_cxl_lat = 670.957
stat.node.6.llc.miss_lat_hist_bin_ns = 10
stat.node.6.llc.miss_lat_hist = [0,0,0,0,0,0,0,0,0,0,0,0,0,0,0,0,0,0,0,0,0,0,0,0,0,0,178,6,3,31,39,8,26,9]
stat.node.6.util.dram_avg = 3.35178e-05
stat.node.6.walltime_s = 460.3
stat.node.6.active_time_s = 11.4509
stat.node.0.cpu.0.load_issue_to_complete_count = 299
stat.node.0.cpu.0.avg_load_issue_to_complete_lat = 997.659
stat.node.0.injector.phase_cycles = 299610
stat.node.0.injector.request_bytes = 67328
stat.node.0.injector.response_bytes = 0
stat.node.0.injector.aggregate_bytes = 67328
stat.node.0.injector.request_gbps = 4.3146
stat.node.0.injector.response_gbps = 0
stat.node.0.injector.aggregate_gbps = 4.3146
stat.node.0.llc.cxl_miss = 300
stat.node.0.llc.total_miss = 300
stat.node.0.llc.avg_miss_lat = 669.573
stat.node.0.llc.avg_cxl_lat = 669.573
stat.node.0.llc.miss_lat_hist_bin_ns = 10
stat.node.0.llc.miss_lat_hist = [0,0,0,0,0,0,0,0,0,0,0,0,0,0,0,0,0,0,0,0,0,0,0,0,0,0,184,7,21,3,7,48,27,3]
stat.node.0.util.dram_avg = 3.35044e-05
stat.node.0.walltime_s = 460.428
stat.node.0.active_time_s = 10.8685
stat.node.1.cpu.0.load_issue_to_complete_count = 299
stat.node.1.cpu.0.avg_load_issue_to_complete_lat = 998.181
stat.node.1.injector.phase_cycles = 299691
stat.node.1.injector.request_bytes = 67328
stat.node.1.injector.response_bytes = 0
stat.node.1.injector.aggregate_bytes = 67328
stat.node.1.injector.request_gbps = 4.31343
stat.node.1.injector.response_gbps = 0
stat.node.1.injector.aggregate_gbps = 4.31343
stat.node.1.llc.cxl_miss = 300
stat.node.1.llc.total_miss = 300
stat.node.1.llc.avg_miss_lat = 671.95
stat.node.1.llc.avg_cxl_lat = 671.95
stat.node.1.llc.miss_lat_hist_bin_ns = 10
stat.node.1.llc.miss_lat_hist = [0,0,0,0,0,0,0,0,0,0,0,0,0,0,0,0,0,0,0,0,0,0,0,0,0,0,156,25,41,8,4,30,30,6]
stat.node.1.util.dram_avg = 3.35007e-05
stat.node.1.walltime_s = 460.43
stat.node.1.active_time_s = 16.0993
stat.node.3.cpu.0.load_issue_to_complete_count = 299
stat.node.3.cpu.0.avg_load_issue_to_complete_lat = 999.729
stat.node.3.injector.phase_cycles = 300179
stat.node.3.injector.request_bytes = 67456
stat.node.3.injector.response_bytes = 0
stat.node.3.injector.aggregate_bytes = 67456
stat.node.3.injector.request_gbps = 4.31461
stat.node.3.injector.response_gbps = 0
stat.node.5.cpu.0.load_issue_to_complete_count = 299
stat.node.5.cpu.0.avg_load_issue_to_complete_lat = 1002.34
stat.node.5.injector.phase_cycles = 301034
stat.node.5.injector.request_bytes = 67648
stat.node.5.injector.response_bytes = 0
stat.node.5.injector.aggregate_bytes = 67648
stat.node.5.injector.request_gbps = 4.3146
stat.node.5.injector.response_gbps = 0
stat.node.5.injector.aggregate_gbps = 4.3146
stat.node.5.llc.cxl_miss = 300
stat.node.5.llc.total_miss = 300
stat.node.5.llc.avg_miss_lat = 675.663
stat.node.5.llc.avg_cxl_lat = 675.663
stat.node.5.llc.miss_lat_hist_bin_ns = 10
stat.node.5.llc.miss_lat_hist = [0,0,0,0,0,0,0,0,0,0,0,0,0,0,0,0,0,0,0,0,0,0,0,0,0,0,174,30,2,0,5,16,67,6]
stat.node.5.util.dram_avg = 3.34645e-05
stat.node.5.walltime_s = 461.584
stat.node.5.active_time_s = 17.857
stat.node.3.injector.aggregate_gbps = 4.31461
stat.node.3.llc.cxl_miss = 300
stat.node.3.llc.total_miss = 300
stat.node.3.llc.avg_miss_lat = 670.637
stat.node.3.llc.avg_cxl_lat = 670.637
stat.node.3.llc.miss_lat_hist_bin_ns = 10
stat.node.3.llc.miss_lat_hist = [0,0,0,0,0,0,0,0,0,0,0,0,0,0,0,0,0,0,0,0,0,0,0,0,0,0,179,10,10,27,20,10,35,9]
stat.node.3.util.dram_avg = 3.34645e-05
stat.node.3.walltime_s = 461.576
stat.node.3.active_time_s = 12.8297
stat.node.7.cpu.0.load_issue_to_complete_count = 299
stat.node.7.cpu.0.avg_load_issue_to_complete_lat = 1002.34
stat.node.7.injector.phase_cycles = 301034
stat.node.7.injector.request_bytes = 67648
stat.node.7.injector.response_bytes = 0
stat.node.7.injector.aggregate_bytes = 67648
stat.node.7.injector.request_gbps = 4.3146
stat.node.7.injector.response_gbps = 0
stat.node.7.injector.aggregate_gbps = 4.3146
stat.node.7.llc.cxl_miss = 300
stat.node.7.llc.total_miss = 300
stat.node.7.llc.avg_miss_lat = 674.287
stat.node.7.llc.avg_cxl_lat = 674.287
stat.node.7.llc.miss_lat_hist_bin_ns = 10
stat.node.7.llc.miss_lat_hist = [0,0,0,0,0,0,0,0,0,0,0,0,0,0,0,0,0,0,0,0,0,0,0,0,0,0,208,2,0,0,5,7,32,46]
stat.node.7.util.dram_avg = 3.33982e-05
stat.node.7.walltime_s = 462.58
stat.node.7.active_time_s = 12.9425
stat.node.4.cpu.0.load_issue_to_complete_count = 299
stat.node.4.cpu.0.avg_load_issue_to_complete_lat = 1004.76
stat.node.4.injector.phase_cycles = 301604
stat.node.4.injector.request_bytes = 67776
stat.node.4.injector.response_bytes = 0
stat.node.4.injector.aggregate_bytes = 67776
stat.node.4.injector.request_gbps = 4.3146
stat.node.4.injector.response_gbps = 0
stat.node.4.injector.aggregate_gbps = 4.3146
stat.node.4.llc.cxl_miss = 300
stat.node.4.llc.total_miss = 300
stat.node.4.llc.avg_miss_lat = 674.53
stat.node.4.llc.avg_cxl_lat = 674.53
stat.node.4.llc.miss_lat_hist_bin_ns = 10
stat.node.4.llc.miss_lat_hist = [0,0,0,0,0,0,0,0,0,0,0,0,0,0,0,0,0,0,0,0,0,0,0,0,0,0,208,1,0,0,9,11,21,36,14]
stat.node.4.util.dram_avg = 3.3385e-05
stat.node.4.walltime_s = 462.962
stat.node.4.active_time_s = 10.7682
stat.node.2.cpu.0.load_issue_to_complete_count = 299
stat.node.2.cpu.0.avg_load_issue_to_complete_lat = 1004.76
stat.node.2.injector.phase_cycles = 301604
stat.node.2.injector.request_bytes = 67776
stat.node.2.injector.response_bytes = 0
stat.node.2.injector.aggregate_bytes = 67776
stat.node.2.injector.request_gbps = 4.3146
stat.node.2.injector.response_gbps = 0
stat.node.2.injector.aggregate_gbps = 4.3146
stat.node.2.llc.cxl_miss = 300
stat.node.2.llc.total_miss = 300
stat.node.2.llc.avg_miss_lat = 675.21
stat.node.2.llc.avg_cxl_lat = 675.21
stat.node.2.llc.miss_lat_hist_bin_ns = 10
stat.node.2.llc.miss_lat_hist = [0,0,0,0,0,0,0,0,0,0,0,0,0,0,0,0,0,0,0,0,0,0,0,0,0,0,207,2,0,0,9,11,21,36,14]
stat.node.2.util.dram_avg = 3.33718e-05
stat.node.2.walltime_s = 463.248
stat.node.2.active_time_s = 11.9118
stat.pool.101.util.mem_avg = 0.130692
stat.pool.101.util.req_link_avg = 0.716138
stat.pool.101.walltime_s = 463.38
stat.pool.101.active_time_s = 0.300577
stat.pool.100.util.mem_avg = 0.130695
stat.pool.100.util.req_link_avg = 0.716138
stat.pool.100.walltime_s = 463.396
stat.pool.100.active_time_s = 0.3742
stat.switch.replicated_messages = 40384
stat.switch.util.node_ingress_avg = 0.0913452
stat.switch.util.pool_ingress_avg = 0.115219
stat.switch.bw.host_to_switch_gbps = 4.49143
stat.switch.bw.switch_to_host_gbps = 1.41581
stat.switch.bw.host_link_total_gbps = 5.90724
stat.switch.walltime_s = 463.396
stat.switch.active_time_s = 1.54948
Simulation is complete, simulated time: 299.894 us
