stat.node.7.cpu.0.retired = 692
stat.node.7.cpu.0.cycles = 1000000
stat.node.0.cpu.0.retired = 696
stat.node.0.cpu.0.cycles = 1000000
stat.node.1.cpu.0.retired = 696
stat.node.1.cpu.0.cycles = 1000000
stat.node.2.cpu.0.retired = 690
stat.node.2.cpu.0.cycles = 1000000
stat.node.3.cpu.0.retired = 697
stat.node.3.cpu.0.cycles = 1000000
stat.node.4.cpu.0.retired = 684
stat.node.4.cpu.0.cycles = 1000000
stat.node.5.cpu.0.retired = 696
stat.node.5.cpu.0.cycles = 1000000
stat.node.6.cpu.0.retired = 695
stat.node.6.cpu.0.cycles = 1000000
stat.node.3.cpu.0.retired = 1612
stat.node.3.cpu.0.cycles = 2000000
stat.node.4.cpu.0.retired = 1589
stat.node.4.cpu.0.cycles = 2000000
stat.node.5.cpu.0.retired = 1610
stat.node.5.cpu.0.cycles = 2000000
stat.node.6.cpu.0.retired = 1609
stat.node.6.cpu.0.cycles = 2000000
stat.node.7.cpu.0.retired = 1604
stat.node.7.cpu.0.cycles = 2000000
stat.node.0.cpu.0.retired = 1611
stat.node.0.cpu.0.cycles = 2000000
stat.node.1.cpu.0.retired = 1610
stat.node.1.cpu.0.cycles = 2000000
stat.node.2.cpu.0.retired = 1600
stat.node.2.cpu.0.cycles = 2000000
stat.node.3.cpu.0.retired = 2547
stat.node.3.cpu.0.cycles = 3000000
stat.node.4.cpu.0.retired = 2515
stat.node.4.cpu.0.cycles = 3000000
stat.node.2.cpu.0.retired = 2535
stat.node.6.cpu.0.retired = 2544
stat.node.6.cpu.0.cycles = 3000000
stat.node.7.cpu.0.retired = 2536
stat.node.7.cpu.0.cycles = 3000000
stat.node.0.cpu.0.retired = 2547
stat.node.0.cpu.0.cycles = 3000000
stat.node.1.cpu.0.retired = 2546
stat.node.1.cpu.0.cycles = 3000000
stat.node.5.cpu.0.retired = 2543
stat.node.5.cpu.0.cycles = 3000000
stat.node.2.cpu.0.cycles = 3000000
stat.node.5.cpu.0.retired = 3482
stat.node.5.cpu.0.cycles = 4000000
stat.node.6.cpu.0.retired = 3481
stat.node.7.cpu.0.retired = 3475
stat.node.7.cpu.0.cycles = 4000000
stat.node.0.cpu.0.retired = 3484
stat.node.0.cpu.0.cycles = 4000000
stat.node.1.cpu.0.retired = 3484
stat.node.1.cpu.0.cycles = 4000000
stat.node.4.cpu.0.retired = 3446
stat.node.4.cpu.0.cycles = 4000000
stat.node.3.cpu.0.retired = 3486
stat.node.3.cpu.0.cycles = 4000000
stat.node.2.cpu.0.retired = 3475
stat.node.2.cpu.0.cycles = 4000000
stat.node.6.cpu.0.cycles = 4000000
stat.node.4.cpu.0.retired = 4382
stat.node.4.cpu.0.cycles = 5000000
stat.node.6.cpu.0.retired = 4421
stat.node.6.cpu.0.cycles = 5000000
stat.node.3.cpu.0.retired = 4425
stat.node.3.cpu.0.cycles = 5000000
stat.node.5.cpu.0.retired = 4421
stat.node.2.cpu.0.retired = 4414
stat.node.2.cpu.0.cycles = 5000000
stat.node.7.cpu.0.retired = 4413
stat.node.7.cpu.0.cycles = 5000000
stat.node.0.cpu.0.retired = 4422
stat.node.0.cpu.0.cycles = 5000000
stat.node.1.cpu.0.retired = 4424
stat.node.1.cpu.0.cycles = 5000000
stat.node.5.cpu.0.cycles = 5000000
stat.node.1.cpu.0.load_issue_to_complete_count = 3999
stat.node.1.cpu.0.avg_load_issue_to_complete_lat = 1067.04
stat.node.1.injector.phase_cycles = 4272223
stat.node.1.injector.request_bytes = 1371688
stat.node.1.injector.response_bytes = 2477760
stat.node.1.injector.aggregate_bytes = 3849448
stat.node.1.injector.request_gbps = 6.16457
stat.node.1.injector.response_gbps = 11.1354
stat.node.1.injector.aggregate_gbps = 17.3
stat.node.1.llc.cxl_miss = 4000
stat.node.1.llc.total_miss = 4000
stat.node.1.llc.avg_miss_lat = 958.367
stat.node.1.llc.avg_cxl_lat = 958.367
stat.node.1.llc.miss_lat_hist_bin_ns = 10
stat.node.1.llc.miss_lat_hist = [0,0,0,0,0,0,0,0,0,0,0,0,0,0,0,0,0,0,0,0,0,0,0,0,0,0,0,0,0,0,0,1,6,22,71,206,187,184,347,1536,332,211,205,644,44,2,2]
stat.node.1.util.dram_avg = 4.27814e-06
stat.node.1.walltime_s = 1098.17
stat.node.1.active_time_s = 98.4515
stat.node.3.cpu.0.load_issue_to_complete_count = 3999
stat.node.3.cpu.0.avg_load_issue_to_complete_lat = 1067.41
stat.node.3.injector.phase_cycles = 4273698
stat.node.3.injector.request_bytes = 1372184
stat.node.3.injector.response_bytes = 2478656
stat.node.3.injector.aggregate_bytes = 3850840
stat.node.3.injector.request_gbps = 6.16467
stat.node.3.injector.response_gbps = 11.1356
stat.node.3.injector.aggregate_gbps = 17.3003
stat.node.3.llc.cxl_miss = 4000
stat.node.3.llc.total_miss = 4000
stat.node.3.llc.avg_miss_lat = 958.718
stat.node.3.llc.avg_cxl_lat = 958.718
stat.node.3.llc.miss_lat_hist_bin_ns = 10
stat.node.3.llc.miss_lat_hist = [0,0,0,0,0,0,0,0,0,0,0,0,0,0,0,0,0,0,0,0,0,0,0,0,0,0,0,0,0,0,0,1,11,28,54,186,219,181,394,1437,357,198,186,703,33,9,2,0,1]
stat.node.3.util.dram_avg = 4.27757e-06
stat.node.3.walltime_s = 1098.22
stat.node.3.active_time_s = 88.4721
stat.node.6.cpu.0.load_issue_to_complete_count = 3999
stat.node.6.cpu.0.avg_load_issue_to_complete_lat = 1067.93
stat.node.6.injector.phase_cycles = 4275839
stat.node.6.injector.request_bytes = 1372848
stat.node.6.injector.response_bytes = 2479936
stat.node.6.injector.aggregate_bytes = 3852784
stat.node.6.injector.request_gbps = 6.16456
stat.node.6.injector.response_gbps = 11.1358
stat.node.6.injector.aggregate_gbps = 17.3003
stat.node.6.llc.cxl_miss = 4000
stat.node.6.llc.total_miss = 4000
stat.node.6.llc.avg_miss_lat = 959.2
stat.node.6.llc.avg_cxl_lat = 959.2
stat.node.6.llc.miss_lat_hist_bin_ns = 10
stat.node.6.llc.miss_lat_hist = [0,0,0,0,0,0,0,0,0,0,0,0,0,0,0,0,0,0,0,0,0,0,0,0,0,0,0,0,0,0,0,0,9,16,46,161,254,204,401,1398,366,220,251,621,37,7,6,3]
stat.node.6.util.dram_avg = 4.27364e-06
stat.node.6.walltime_s = 1099.18
stat.node.6.active_time_s = 78.7175
stat.node.0.cpu.0.load_issue_to_complete_count = 3999
stat.node.0.cpu.0.avg_load_issue_to_complete_lat = 1069.04
stat.node.0.injector.phase_cycles = 4280306
stat.node.0.injector.request_bytes = 1374248
stat.node.0.injector.response_bytes = 2482496
stat.node.0.injector.aggregate_bytes = 3856744
stat.node.0.injector.request_gbps = 6.16441
stat.node.0.injector.response_gbps = 11.1356
stat.node.0.injector.aggregate_gbps = 17.3
stat.node.0.llc.cxl_miss = 4000
stat.node.0.llc.total_miss = 4000
stat.node.0.llc.avg_miss_lat = 960.322
stat.node.0.llc.avg_cxl_lat = 960.322
stat.node.0.llc.miss_lat_hist_bin_ns = 10
stat.node.0.llc.miss_lat_hist = [0,0,0,0,0,0,0,0,0,0,0,0,0,0,0,0,0,0,0,0,0,0,0,0,0,0,0,0,0,0,0,0,9,13,41,161,233,251,377,1374,351,232,238,664,29,15,10,2]
stat.node.0.util.dram_avg = 4.27245e-06
stat.node.0.walltime_s = 1100.01
stat.node.0.active_time_s = 78.8674
stat.node.5.cpu.0.load_issue_to_complete_count = 3999
stat.node.5.cpu.0.avg_load_issue_to_complete_lat = 1069.4
stat.node.5.injector.phase_cycles = 4281664
stat.node.5.injector.request_bytes = 1374752
stat.node.5.injector.response_bytes = 2483264
stat.node.5.injector.aggregate_bytes = 3858016
stat.node.5.injector.request_gbps = 6.16472
stat.node.5.injector.response_gbps = 11.1355
stat.node.5.injector.aggregate_gbps = 17.3003
stat.node.5.llc.cxl_miss = 4000
stat.node.5.llc.total_miss = 4000
stat.node.5.llc.avg_miss_lat = 960.706
stat.node.5.llc.avg_cxl_lat = 960.706
stat.node.5.llc.miss_lat_hist_bin_ns = 10
stat.node.5.llc.miss_lat_hist = [0,0,0,0,0,0,0,0,0,0,0,0,0,0,0,0,0,0,0,0,0,0,0,0,0,0,0,0,0,0,0,0,0,21,51,148,210,307,326,1448,328,202,182,701,52,13,10,1]
stat.node.5.util.dram_avg = 4.27034e-06
stat.node.5.walltime_s = 1100.36
stat.node.5.active_time_s = 114.651
stat.node.2.cpu.0.load_issue_to_complete_count = 3999
stat.node.2.cpu.0.avg_load_issue_to_complete_lat = 1068.7
stat.node.2.injector.phase_cycles = 4278925
stat.node.2.injector.request_bytes = 1373832
stat.node.2.injector.response_bytes = 2481728
stat.node.2.injector.aggregate_bytes = 3855560
stat.node.2.injector.request_gbps = 6.16453
stat.node.2.injector.response_gbps = 11.1358
stat.node.2.injector.aggregate_gbps = 17.3003
stat.node.2.llc.cxl_miss = 4000
stat.node.2.llc.total_miss = 4000
stat.node.2.llc.avg_miss_lat = 959.929
stat.node.2.llc.avg_cxl_lat = 959.929
stat.node.2.llc.miss_lat_hist_bin_ns = 10
stat.node.2.llc.miss_lat_hist = [0,0,0,0,0,0,0,0,0,0,0,0,0,0,0,0,0,0,0,0,0,0,0,0,0,0,0,0,0,0,0,0,4,10,61,236,185,144,382,1538,325,148,184,711,49,15,5,1,2]
stat.node.2.util.dram_avg = 4.26643e-06
stat.node.2.walltime_s = 1100.99
stat.node.2.active_time_s = 76.8894
stat.node.7.cpu.0.load_issue_to_complete_count = 3999
stat.node.7.cpu.0.avg_load_issue_to_complete_lat = 1069.78
stat.node.7.injector.phase_cycles = 4283167
stat.node.7.injector.request_bytes = 1375184
stat.node.7.injector.response_bytes = 2484160
stat.node.7.injector.aggregate_bytes = 3859344
stat.node.7.injector.request_gbps = 6.16449
stat.node.7.injector.response_gbps = 11.1357
stat.node.7.injector.aggregate_gbps = 17.3001
stat.node.7.llc.cxl_miss = 4000
stat.node.7.llc.total_miss = 4000
stat.node.7.llc.avg_miss_lat = 961.077
stat.node.7.llc.avg_cxl_lat = 961.077
stat.node.7.llc.miss_lat_hist_bin_ns = 10
stat.node.7.llc.miss_lat_hist = [0,0,0,0,0,0,0,0,0,0,0,0,0,0,0,0,0,0,0,0,0,0,0,0,0,0,0,0,0,0,0,0,3,18,118,178,165,151,326,1501,375,192,181,715,51,9,13,4]
stat.node.7.util.dram_avg = 4.26507e-06
stat.node.7.walltime_s = 1101.11
stat.node.7.active_time_s = 89.9425
stat.node.4.cpu.0.load_issue_to_complete_count = 3999
stat.node.4.cpu.0.avg_load_issue_to_complete_lat = 1075.71
stat.node.4.injector.phase_cycles = 4306892
stat.node.4.injector.request_bytes = 1382776
stat.node.4.injector.response_bytes = 2497920
stat.node.4.injector.aggregate_bytes = 3880696
stat.node.4.injector.request_gbps = 6.16438
stat.node.4.injector.response_gbps = 11.1357
stat.node.4.injector.aggregate_gbps = 17.3
stat.node.4.llc.cxl_miss = 4000
stat.node.4.llc.total_miss = 4000
stat.node.4.llc.avg_miss_lat = 966.861
stat.node.4.llc.avg_cxl_lat = 966.861
stat.node.4.llc.miss_lat_hist_bin_ns = 10
stat.node.4.llc.miss_lat_hist = [0,0,0,0,0,0,0,0,0,0,0,0,0,0,0,0,0,0,0,0,0,0,0,0,0,0,0,0,0,0,0,0,1,11,49,141,151,256,343,1429,349,154,193,783,100,16,5,13,4,2]
stat.node.4.util.dram_avg = 4.23863e-06
stat.node.4.walltime_s = 1104.55
stat.node.4.active_time_s = 83.2962
stat.pool.101.util.mem_avg = 0.284221
stat.pool.101.util.req_link_avg = 0.901687
stat.pool.101.walltime_s = 1104.55
stat.pool.101.active_time_s = 3.5379
stat.pool.100.util.mem_avg = 0.284221
stat.pool.100.util.req_link_avg = 0.901687
stat.pool.100.walltime_s = 1104.55
stat.pool.100.active_time_s = 3.71379
stat.switch.replicated_messages = 351856
stat.switch.util.node_ingress_avg = 0.128337
stat.switch.util.pool_ingress_avg = 0.999619
stat.switch.bw.host_to_switch_gbps = 6.30807
stat.switch.bw.switch_to_host_gbps = 12.2833
stat.switch.bw.host_link_total_gbps = 18.5914
stat.switch.walltime_s = 1104.55
stat.switch.active_time_s = 11.7578
Simulation is complete, simulated time: 2.36114 ms
