stat.node.0.cpu.0.retired = 827
stat.node.0.cpu.0.cycles = 1000000
stat.node.1.cpu.0.retired = 826
stat.node.1.cpu.0.cycles = 1000000
stat.node.2.cpu.0.retired = 825
stat.node.2.cpu.0.cycles = 1000000
stat.node.3.cpu.0.retired = 823
stat.node.3.cpu.0.cycles = 1000000
stat.node.4.cpu.0.retired = 829
stat.node.4.cpu.0.cycles = 1000000
stat.node.5.cpu.0.retired = 828
stat.node.5.cpu.0.cycles = 1000000
stat.node.6.cpu.0.retired = 827
stat.node.6.cpu.0.cycles = 1000000
stat.node.7.cpu.0.retired = 827
stat.node.7.cpu.0.cycles = 1000000
stat.node.4.cpu.0.load_issue_to_complete_count = 499
stat.node.4.cpu.0.avg_load_issue_to_complete_lat = 995.411
stat.node.4.injector.phase_cycles = 498798
stat.node.4.injector.request_bytes = 119792
stat.node.4.injector.response_bytes = 28992
stat.node.4.injector.aggregate_bytes = 148784
stat.node.4.injector.request_gbps = 4.6111
stat.node.4.injector.response_gbps = 1.11598
stat.node.4.injector.aggregate_gbps = 5.72707
stat.node.4.llc.cxl_miss = 500
stat.node.4.llc.total_miss = 500
stat.node.4.llc.avg_miss_lat = 761.316
stat.node.4.llc.avg_cxl_lat = 761.316
stat.node.4.llc.miss_lat_hist_bin_ns = 10
stat.node.4.llc.miss_lat_hist = [0,0,0,0,0,0,0,0,0,0,0,0,0,0,0,0,0,0,0,0,0,0,0,0,0,0,101,36,14,17,26,10,51,73,45,54,46,23,4]
stat.node.4.util.dram_avg = 2.06228e-05
stat.node.4.walltime_s = 669.401
stat.node.4.active_time_s = 17.5342
stat.node.5.cpu.0.load_issue_to_complete_count = 499
stat.node.5.cpu.0.avg_load_issue_to_complete_lat = 997.295
stat.node.5.injector.phase_cycles = 499893
stat.node.5.injector.request_bytes = 120056
stat.node.5.injector.response_bytes = 29056
stat.node.5.injector.aggregate_bytes = 149112
stat.node.5.injector.request_gbps = 4.61114
stat.node.5.injector.response_gbps = 1.11599
stat.node.5.injector.aggregate_gbps = 5.72713
stat.node.5.llc.cxl_miss = 500
stat.node.5.llc.total_miss = 500
stat.node.5.llc.avg_miss_lat = 763.778
stat.node.5.llc.avg_cxl_lat = 763.778
stat.node.5.llc.miss_lat_hist_bin_ns = 10
stat.node.5.llc.miss_lat_hist = [0,0,0,0,0,0,0,0,0,0,0,0,0,0,0,0,0,0,0,0,0,0,0,0,0,0,82,41,15,11,16,38,79,51,40,58,47,20,2]
stat.node.5.util.dram_avg = 2.06029e-05
stat.node.5.walltime_s = 669.488
stat.node.5.active_time_s = 29.4642
stat.node.7.cpu.0.load_issue_to_complete_count = 499
stat.node.7.cpu.0.avg_load_issue_to_complete_lat = 998.283
stat.node.7.injector.phase_cycles = 500198
stat.node.7.injector.request_bytes = 120120
stat.node.7.injector.response_bytes = 29120
stat.node.7.injector.aggregate_bytes = 149240
stat.node.7.injector.request_gbps = 4.61078
stat.node.7.injector.response_gbps = 1.11777
stat.node.7.injector.aggregate_gbps = 5.72855
stat.node.7.llc.cxl_miss = 500
stat.node.7.llc.total_miss = 500
stat.node.7.llc.avg_miss_lat = 764.848
stat.node.7.llc.avg_cxl_lat = 764.848
stat.node.7.llc.miss_lat_hist_bin_ns = 10
stat.node.7.llc.miss_lat_hist = [0,0,0,0,0,0,0,0,0,0,0,0,0,0,0,0,0,0,0,0,0,0,0,0,0,0,99,30,12,10,13,23,68,85,35,53,45,23,4]
stat.node.7.util.dram_avg = 2.05778e-05
stat.node.7.walltime_s = 669.836
stat.node.7.active_time_s = 14.7267
stat.node.6.cpu.0.load_issue_to_complete_count = 499
stat.node.6.cpu.0.avg_load_issue_to_complete_lat = 996.166
stat.node.6.injector.phase_cycles = 499170
stat.node.6.injector.request_bytes = 119856
stat.node.6.injector.response_bytes = 29056
stat.node.6.injector.aggregate_bytes = 148912
stat.node.6.injector.request_gbps = 4.61012
stat.node.6.injector.response_gbps = 1.11761
stat.node.6.injector.aggregate_gbps = 5.72773
stat.node.6.llc.cxl_miss = 500
stat.node.6.llc.total_miss = 500
stat.node.6.llc.avg_miss_lat = 763.77
stat.node.6.llc.avg_cxl_lat = 763.77
stat.node.6.llc.miss_lat_hist_bin_ns = 10
stat.node.6.llc.miss_lat_hist = [0,0,0,0,0,0,0,0,0,0,0,0,0,0,0,0,0,0,0,0,0,0,0,0,0,0,52,35,21,72,48,12,37,64,46,46,44,19,3,1]
stat.node.6.util.dram_avg = 2.05773e-05
stat.node.6.walltime_s = 670.432
stat.node.6.active_time_s = 21.226
stat.node.0.cpu.0.load_issue_to_complete_count = 499
stat.node.0.cpu.0.avg_load_issue_to_complete_lat = 995.896
stat.node.0.injector.phase_cycles = 499170
stat.node.0.injector.request_bytes = 119856
stat.node.0.injector.response_bytes = 29056
stat.node.0.injector.aggregate_bytes = 148912
stat.node.0.injector.request_gbps = 4.61012
stat.node.0.injector.response_gbps = 1.11761
stat.node.0.injector.aggregate_gbps = 5.72773
stat.node.0.llc.cxl_miss = 500
stat.node.0.llc.total_miss = 500
stat.node.0.llc.avg_miss_lat = 763.418
stat.node.0.llc.avg_cxl_lat = 763.418
stat.node.0.llc.miss_lat_hist_bin_ns = 10
stat.node.0.llc.miss_lat_hist = [0,0,0,0,0,0,0,0,0,0,0,0,0,0,0,0,0,0,0,0,0,0,0,0,0,0,63,39,28,12,45,45,45,72,48,43,36,16,8]
stat.node.0.util.dram_avg = 2.05769e-05
stat.node.0.walltime_s = 670.48
stat.node.0.active_time_s = 20.2965
stat.node.1.cpu.0.load_issue_to_complete_count = 499
stat.node.1.cpu.0.avg_load_issue_to_complete_lat = 996.06
stat.node.1.injector.phase_cycles = 499114
stat.node.1.injector.request_bytes = 119856
stat.node.1.injector.response_bytes = 29056
stat.node.1.injector.aggregate_bytes = 148912
stat.node.1.injector.request_gbps = 4.61064
stat.node.1.injector.response_gbps = 1.11773
stat.node.1.injector.aggregate_gbps = 5.72837
stat.node.1.llc.cxl_miss = 500
stat.node.1.llc.total_miss = 500
stat.node.1.llc.avg_miss_lat = 762.676
stat.node.1.llc.avg_cxl_lat = 762.676
stat.node.1.llc.miss_lat_hist_bin_ns = 10
stat.node.1.llc.miss_lat_hist = [0,0,0,0,0,0,0,0,0,0,0,0,0,0,0,0,0,0,0,0,0,0,0,0,0,0,27,34,84,29,47,29,46,57,43,44,36,20,4]
stat.node.1.util.dram_avg = 2.05585e-05
stat.node.1.walltime_s = 670.859
stat.node.1.active_time_s = 27.4282
stat.node.2.cpu.0.load_issue_to_complete_count = 499
stat.node.2.cpu.0.avg_load_issue_to_complete_lat = 996.072
stat.node.2.injector.phase_cycles = 499077
stat.node.2.injector.request_bytes = 119856
stat.node.2.injector.response_bytes = 29056
stat.node.2.injector.aggregate_bytes = 148912
stat.node.2.injector.request_gbps = 4.61098
stat.node.2.injector.response_gbps = 1.11781
stat.node.2.injector.aggregate_gbps = 5.7288
stat.node.2.llc.cxl_miss = 500
stat.node.2.llc.total_miss = 500
stat.node.2.llc.avg_miss_lat = 761.506
stat.node.2.llc.avg_cxl_lat = 761.506
stat.node.2.llc.miss_lat_hist_bin_ns = 10
stat.node.2.llc.miss_lat_hist = [0,0,0,0,0,0,0,0,0,0,0,0,0,0,0,0,0,0,0,0,0,0,0,0,0,0,100,32,15,9,11,13,71,94,57,47,33,16,2]
stat.node.2.util.dram_avg = 2.05394e-05
stat.node.2.walltime_s = 670.946
stat.node.2.active_time_s = 22.3477
stat.node.3.cpu.0.load_issue_to_complete_count = 499
stat.node.3.cpu.0.avg_load_issue_to_complete_lat = 998.148
stat.node.3.injector.phase_cycles = 500198
stat.node.3.injector.request_bytes = 120120
stat.node.3.injector.response_bytes = 29120
stat.node.3.injector.aggregate_bytes = 149240
stat.node.3.injector.request_gbps = 4.61078
stat.node.3.injector.response_gbps = 1.11777
stat.node.3.injector.aggregate_gbps = 5.72855
stat.node.3.llc.cxl_miss = 500
stat.node.3.llc.total_miss = 500
stat.node.3.llc.avg_miss_lat = 764.532
stat.node.3.llc.avg_cxl_lat = 764.532
stat.node.3.llc.miss_lat_hist_bin_ns = 10
stat.node.3.llc.miss_lat_hist = [0,0,0,0,0,0,0,0,0,0,0,0,0,0,0,0,0,0,0,0,0,0,0,0,0,0,41,30,42,68,28,19,45,77,49,46,33,17,5]
stat.node.3.util.dram_avg = 2.05193e-05
stat.node.3.walltime_s = 670.987
stat.node.3.active_time_s = 27.2707
stat.pool.100.util.mem_avg = 0.179615
stat.pool.100.util.req_link_avg = 0.776782
stat.pool.100.walltime_s = 670.987
stat.pool.100.active_time_s = 0.499666
stat.switch.replicated_messages = 0
stat.switch.util.node_ingress_avg = 0.0971166
stat.switch.util.pool_ingress_avg = 0.395315
stat.switch.bw.host_to_switch_gbps = 4.77391
stat.switch.bw.switch_to_host_gbps = 2.42882
stat.switch.bw.host_link_total_gbps = 7.20274
stat.switch.walltime_s = 671.008
stat.switch.active_time_s = 1.61652
Simulation is complete, simulated time: 487.736 us
