stat.node.0.cpu.0.retired = 858
stat.node.0.cpu.0.cycles = 1000000
stat.node.1.cpu.0.retired = 859
stat.node.1.cpu.0.cycles = 1000000
stat.node.2.cpu.0.retired = 843
stat.node.2.cpu.0.cycles = 1000000
stat.node.3.cpu.0.retired = 861
stat.node.3.cpu.0.cycles = 1000000
stat.node.4.cpu.0.retired = 855
stat.node.4.cpu.0.cycles = 1000000
stat.node.5.cpu.0.retired = 860
stat.node.5.cpu.0.cycles = 1000000
stat.node.6.cpu.0.retired = 859
stat.node.6.cpu.0.cycles = 1000000
stat.node.7.cpu.0.retired = 858
stat.node.7.cpu.0.cycles = 1000000
stat.node.3.cpu.0.load_issue_to_complete_count = 499
stat.node.3.cpu.0.avg_load_issue_to_complete_lat = 959.842
stat.node.3.injector.phase_cycles = 481207
stat.node.3.injector.request_bytes = 145464
stat.node.3.injector.response_bytes = 35264
stat.node.3.injector.aggregate_bytes = 180728
stat.node.3.injector.request_gbps = 5.80397
stat.node.3.injector.response_gbps = 1.40702
stat.node.3.injector.aggregate_gbps = 7.21099
stat.node.3.llc.cxl_miss = 500
stat.node.3.llc.total_miss = 500
stat.node.3.llc.avg_miss_lat = 727.554
stat.node.3.llc.avg_cxl_lat = 727.554
stat.node.3.llc.miss_lat_hist_bin_ns = 10
stat.node.3.llc.miss_lat_hist = [0,0,0,0,0,0,0,0,0,0,0,0,0,0,0,0,0,0,0,0,0,0,0,0,0,0,14,7,28,196,116,67,35,29,8]
stat.node.3.util.dram_avg = 2.12582e-05
stat.node.3.walltime_s = 290.708
stat.node.3.active_time_s = 22.3936
stat.node.5.cpu.0.load_issue_to_complete_count = 499
stat.node.5.cpu.0.avg_load_issue_to_complete_lat = 963.643
stat.node.5.injector.phase_cycles = 483104
stat.node.5.injector.request_bytes = 145992
stat.node.5.injector.response_bytes = 35392
stat.node.5.injector.aggregate_bytes = 181384
stat.node.5.injector.request_gbps = 5.80216
stat.node.5.injector.response_gbps = 1.40658
stat.node.5.injector.aggregate_gbps = 7.20874
stat.node.5.llc.cxl_miss = 500
stat.node.5.llc.total_miss = 500
stat.node.5.llc.avg_miss_lat = 730.174
stat.node.5.llc.avg_cxl_lat = 730.174
stat.node.5.llc.miss_lat_hist_bin_ns = 10
stat.node.5.llc.miss_lat_hist = [0,0,0,0,0,0,0,0,0,0,0,0,0,0,0,0,0,0,0,0,0,0,0,0,0,0,20,115,83,17,1,17,197,31,18,1]
stat.node.5.util.dram_avg = 2.12308e-05
stat.node.5.walltime_s = 291.271
stat.node.5.active_time_s = 26.3874
stat.node.1.cpu.0.load_issue_to_complete_count = 499
stat.node.1.cpu.0.avg_load_issue_to_complete_lat = 961.467
stat.node.1.injector.phase_cycles = 481957
stat.node.1.injector.request_bytes = 145600
stat.node.1.injector.response_bytes = 35328
stat.node.1.injector.aggregate_bytes = 180928
stat.node.1.injector.request_gbps = 5.80035
stat.node.1.injector.response_gbps = 1.40738
stat.node.1.injector.aggregate_gbps = 7.20773
stat.node.1.llc.cxl_miss = 500
stat.node.1.llc.total_miss = 500
stat.node.1.llc.avg_miss_lat = 728.252
stat.node.1.llc.avg_cxl_lat = 728.252
stat.node.1.llc.miss_lat_hist_bin_ns = 10
stat.node.1.llc.miss_lat_hist = [0,0,0,0,0,0,0,0,0,0,0,0,0,0,0,0,0,0,0,0,0,0,0,0,0,0,9,47,180,3,12,80,107,46,15,1]
stat.node.1.util.dram_avg = 2.1227e-05
stat.node.1.walltime_s = 291.813
stat.node.1.active_time_s = 26.2504
stat.node.6.cpu.0.load_issue_to_complete_count = 499
stat.node.6.cpu.0.avg_load_issue_to_complete_lat = 963.218
stat.node.6.injector.phase_cycles = 482892
stat.node.6.injector.request_bytes = 145928
stat.node.6.injector.response_bytes = 35392
stat.node.6.injector.aggregate_bytes = 181320
stat.node.6.injector.request_gbps = 5.80216
stat.node.6.injector.response_gbps = 1.4072
stat.node.6.injector.aggregate_gbps = 7.20936
stat.node.6.llc.cxl_miss = 500
stat.node.6.llc.total_miss = 500
stat.node.6.llc.avg_miss_lat = 731.028
stat.node.6.llc.avg_cxl_lat = 731.028
stat.node.6.llc.miss_lat_hist_bin_ns = 10
stat.node.6.llc.miss_lat_hist = [0,0,0,0,0,0,0,0,0,0,0,0,0,0,0,0,0,0,0,0,0,0,0,0,0,0,3,7,3,121,290,28,11,23,14]
stat.node.6.util.dram_avg = 2.1223e-05
stat.node.6.walltime_s = 291.856
stat.node.6.active_time_s = 16.9363
stat.node.0.cpu.0.load_issue_to_complete_count = 499
stat.node.0.cpu.0.avg_load_issue_to_complete_lat = 964.553
stat.node.0.injector.phase_cycles = 483558
stat.node.0.injector.request_bytes = 146128
stat.node.0.injector.response_bytes = 35456
stat.node.0.injector.aggregate_bytes = 181584
stat.node.0.injector.request_gbps = 5.80211
stat.node.0.injector.response_gbps = 1.4078
stat.node.0.injector.aggregate_gbps = 7.20992
stat.node.0.llc.cxl_miss = 500
stat.node.0.llc.total_miss = 500
stat.node.0.llc.avg_miss_lat = 732.132
stat.node.0.llc.avg_cxl_lat = 732.132
stat.node.0.llc.miss_lat_hist_bin_ns = 10
stat.node.0.llc.miss_lat_hist = [0,0,0,0,0,0,0,0,0,0,0,0,0,0,0,0,0,0,0,0,0,0,0,0,0,0,10,7,106,73,38,208,10,34,14]
stat.node.0.util.dram_avg = 2.12105e-05
stat.node.0.walltime_s = 291.976
stat.node.0.active_time_s = 17.4759
stat.node.7.cpu.0.load_issue_to_complete_count = 499
stat.node.7.cpu.0.avg_load_issue_to_complete_lat = 965.788
stat.node.7.injector.phase_cycles = 484174
stat.node.7.injector.request_bytes = 146320
stat.node.7.injector.response_bytes = 35520
stat.node.7.injector.aggregate_bytes = 181840
stat.node.7.injector.request_gbps = 5.80234
stat.node.7.injector.response_gbps = 1.40855
stat.node.7.injector.aggregate_gbps = 7.2109
stat.node.7.llc.cxl_miss = 500
stat.node.7.llc.total_miss = 500
stat.node.7.llc.avg_miss_lat = 732.39
stat.node.7.llc.avg_cxl_lat = 732.39
stat.node.7.llc.miss_lat_hist_bin_ns = 10
stat.node.7.llc.miss_lat_hist = [0,0,0,0,0,0,0,0,0,0,0,0,0,0,0,0,0,0,0,0,0,0,0,0,0,0,137,65,24,4,1,3,31,224,9,2]
stat.node.7.util.dram_avg = 2.11985e-05
stat.node.7.walltime_s = 291.996
stat.node.7.active_time_s = 14.3097
stat.node.4.cpu.0.load_issue_to_complete_count = 499
stat.node.4.cpu.0.avg_load_issue_to_complete_lat = 971.988
stat.node.4.injector.phase_cycles = 487261
stat.node.4.injector.request_bytes = 147240
stat.node.4.injector.response_bytes = 35712
stat.node.4.injector.aggregate_bytes = 182952
stat.node.4.injector.request_gbps = 5.80184
stat.node.4.injector.response_gbps = 1.40719
stat.node.4.injector.aggregate_gbps = 7.20903
stat.node.4.llc.cxl_miss = 500
stat.node.4.llc.total_miss = 500
stat.node.4.llc.avg_miss_lat = 737.71
stat.node.4.llc.avg_cxl_lat = 737.71
stat.node.4.llc.miss_lat_hist_bin_ns = 10
stat.node.4.llc.miss_lat_hist = [0,0,0,0,0,0,0,0,0,0,0,0,0,0,0,0,0,0,0,0,0,0,0,0,0,0,173,44,1,0,0,0,9,90,167,15,1]
stat.node.4.util.dram_avg = 2.11328e-05
stat.node.4.walltime_s = 292.517
stat.node.4.active_time_s = 13.9068
stat.node.2.cpu.0.load_issue_to_complete_count = 499
stat.node.2.cpu.0.avg_load_issue_to_complete_lat = 988.647
stat.node.2.injector.phase_cycles = 495581
stat.node.2.injector.request_bytes = 149752
stat.node.2.injector.response_bytes = 36352
stat.node.2.injector.aggregate_bytes = 186104
stat.node.2.injector.request_gbps = 5.80175
stat.node.2.injector.response_gbps = 1.40836
stat.node.2.injector.aggregate_gbps = 7.21012
stat.node.2.llc.cxl_miss = 500
stat.node.2.llc.total_miss = 500
stat.node.2.llc.avg_miss_lat = 751.462
stat.node.2.llc.avg_cxl_lat = 751.462
stat.node.2.llc.miss_lat_hist_bin_ns = 10
stat.node.2.llc.miss_lat_hist = [0,0,0,0,0,0,0,0,0,0,0,0,0,0,0,0,0,0,0,0,0,0,0,0,0,0,158,26,3,0,0,0,2,67,225,19]
stat.node.2.util.dram_avg = 2.08759e-05
stat.node.2.walltime_s = 298.153
stat.node.2.active_time_s = 18.8139
stat.pool.101.util.mem_avg = 0.18233
stat.pool.101.util.req_link_avg = 0.943407
stat.pool.101.walltime_s = 298.137
stat.pool.101.active_time_s = 0.421616
stat.pool.100.util.mem_avg = 0.182332
stat.pool.100.util.req_link_avg = 0.94341
stat.pool.100.walltime_s = 298.137
stat.pool.100.active_time_s = 0.44635
stat.switch.replicated_messages = 84208
stat.switch.util.node_ingress_avg = 0.121454
stat.switch.util.pool_ingress_avg = 0.224298
stat.switch.bw.host_to_switch_gbps = 5.97048
stat.switch.bw.switch_to_host_gbps = 2.75615
stat.switch.bw.host_link_total_gbps = 8.72663
stat.switch.walltime_s = 298.137
stat.switch.active_time_s = 1.80276
Simulation is complete, simulated time: 479.404 us
