stat.node.4.cpu.0.load_issue_to_complete_count = 299
stat.node.4.cpu.0.avg_load_issue_to_complete_lat = 1094.84
stat.node.4.injector.phase_cycles = 328691
stat.node.4.injector.request_bytes = 91512
stat.node.4.injector.response_bytes = 81344
stat.node.4.injector.aggregate_bytes = 172856
stat.node.4.injector.request_gbps = 5.34554
stat.node.4.injector.response_gbps = 4.75159
stat.node.4.injector.aggregate_gbps = 10.0971
stat.node.4.llc.cxl_miss = 300
stat.node.4.llc.total_miss = 300
stat.node.4.llc.avg_miss_lat = 765.457
stat.node.4.llc.avg_cxl_lat = 765.457
stat.node.4.llc.miss_lat_hist_bin_ns = 10
stat.node.4.llc.miss_lat_hist = [0,0,0,0,0,0,0,0,0,0,0,0,0,0,0,0,0,0,0,0,0,0,0,0,0,0,0,0,0,0,0,171,115,12,0,0,0,2]
stat.node.4.util.dram_avg = 3.07748e-05
stat.node.4.walltime_s = 383.92
stat.node.4.active_time_s = 12.0583
stat.node.5.cpu.0.load_issue_to_complete_count = 299
stat.node.5.cpu.0.avg_load_issue_to_complete_lat = 1094.87
stat.node.5.injector.phase_cycles = 328699
stat.node.5.injector.request_bytes = 91512
stat.node.5.injector.response_bytes = 81344
stat.node.5.injector.aggregate_bytes = 172856
stat.node.5.injector.request_gbps = 5.34541
stat.node.5.injector.response_gbps = 4.75147
stat.node.5.injector.aggregate_gbps = 10.0969
stat.node.5.llc.cxl_miss = 300
stat.node.5.llc.total_miss = 300
stat.node.5.llc.avg_miss_lat = 767.41
stat.node.5.llc.avg_cxl_lat = 767.41
stat.node.5.llc.miss_lat_hist_bin_ns = 10
stat.node.5.llc.miss_lat_hist = [0,0,0,0,0,0,0,0,0,0,0,0,0,0,0,0,0,0,0,0,0,0,0,0,0,0,0,0,0,0,0,150,145,0,2,0,3]
stat.node.5.util.dram_avg = 3.07646e-05
stat.node.5.walltime_s = 383.964
stat.node.5.active_time_s = 21.8618
stat.node.6.cpu.0.load_issue_to_complete_count = 299
stat.node.6.cpu.0.avg_load_issue_to_complete_lat = 1094.87
stat.node.6.injector.phase_cycles = 328699
stat.node.6.injector.request_bytes = 91512
stat.node.6.injector.response_bytes = 81344
stat.node.6.injector.aggregate_bytes = 172856
stat.node.6.injector.request_gbps = 5.34541
stat.node.6.injector.response_gbps = 4.75147
stat.node.6.injector.aggregate_gbps = 10.0969
stat.node.6.llc.cxl_miss = 300
stat.node.6.llc.total_miss = 300
stat.node.6.llc.avg_miss_lat = 766.72
stat.node.6.llc.avg_cxl_lat = 766.72
stat.node.6.llc.miss_lat_hist_bin_ns = 10
stat.node.6.llc.miss_lat_hist = [0,0,0,0,0,0,0,0,0,0,0,0,0,0,0,0,0,0,0,0,0,0,0,0,0,0,0,0,0,1,12,135,148,2,0,0,0,1,1]
stat.node.6.util.dram_avg = 3.07636e-05
stat.node.6.walltime_s = 384.005
stat.node.6.active_time_s = 11.2192
stat.node.7.cpu.0.load_issue_to_complete_count = 299
stat.node.7.cpu.0.avg_load_issue_to_complete_lat = 1094.17
stat.node.7.injector.phase_cycles = 328490
stat.node.7.injector.request_bytes = 91440
stat.node.7.injector.response_bytes = 81280
stat.node.7.injector.aggregate_bytes = 172720
stat.node.7.injector.request_gbps = 5.3446
stat.node.7.injector.response_gbps = 4.75076
stat.node.7.injector.aggregate_gbps = 10.0954
stat.node.7.llc.cxl_miss = 300
stat.node.7.llc.total_miss = 300
stat.node.7.llc.avg_miss_lat = 767.387
stat.node.7.llc.avg_cxl_lat = 767.387
stat.node.7.llc.miss_lat_hist_bin_ns = 10
stat.node.7.llc.miss_lat_hist = [0,0,0,0,0,0,0,0,0,0,0,0,0,0,0,0,0,0,0,0,0,0,0,0,0,0,0,0,0,0,0,140,157,0,0,3]
stat.node.7.util.dram_avg = 3.07626e-05
stat.node.7.walltime_s = 384.024
stat.node.7.active_time_s = 13.7142
stat.node.0.cpu.0.load_issue_to_complete_count = 299
stat.node.0.cpu.0.avg_load_issue_to_complete_lat = 1094.84
stat.node.0.injector.phase_cycles = 328690
stat.node.0.injector.request_bytes = 91512
stat.node.0.injector.response_bytes = 81344
stat.node.0.injector.aggregate_bytes = 172856
stat.node.0.injector.request_gbps = 5.34555
stat.node.0.injector.response_gbps = 4.7516
stat.node.0.injector.aggregate_gbps = 10.0972
stat.node.0.llc.cxl_miss = 300
stat.node.0.llc.total_miss = 300
stat.node.0.llc.avg_miss_lat = 767.983
stat.node.0.llc.avg_cxl_lat = 767.983
stat.node.0.llc.miss_lat_hist_bin_ns = 10
stat.node.0.llc.miss_lat_hist = [0,0,0,0,0,0,0,0,0,0,0,0,0,0,0,0,0,0,0,0,0,0,0,0,0,0,0,0,0,0,0,130,165,2,1,1,1]
stat.node.0.util.dram_avg = 3.07537e-05
stat.node.0.walltime_s = 384.204
stat.node.0.active_time_s = 9.93683
stat.node.1.cpu.0.load_issue_to_complete_count = 299
stat.node.1.cpu.0.avg_load_issue_to_complete_lat = 1094.84
stat.node.1.injector.phase_cycles = 328690
stat.node.1.injector.request_bytes = 91512
stat.node.1.injector.response_bytes = 81344
stat.node.1.injector.aggregate_bytes = 172856
stat.node.1.injector.request_gbps = 5.34555
stat.node.1.injector.response_gbps = 4.7516
stat.node.1.injector.aggregate_gbps = 10.0972
stat.node.1.llc.cxl_miss = 300
stat.node.1.llc.total_miss = 300
stat.node.1.llc.avg_miss_lat = 767.993
stat.node.1.llc.avg_cxl_lat = 767.993
stat.node.1.llc.miss_lat_hist_bin_ns = 10
stat.node.1.llc.miss_lat_hist = [0,0,0,0,0,0,0,0,0,0,0,0,0,0,0,0,0,0,0,0,0,0,0,0,0,0,0,0,0,0,0,132,166,0,0,0,0,0,1,1]
stat.node.1.util.dram_avg = 3.07528e-05
stat.node.1.walltime_s = 384.437
stat.node.1.active_time_s = 19.4003
stat.node.2.cpu.0.load_issue_to_complete_count = 299
stat.node.2.cpu.0.avg_load_issue_to_complete_lat = 1094.84
stat.node.2.injector.phase_cycles = 328690
stat.node.2.injector.request_bytes = 91512
stat.node.2.injector.response_bytes = 81344
stat.node.2.injector.aggregate_bytes = 172856
stat.node.2.injector.request_gbps = 5.34555
stat.node.2.injector.response_gbps = 4.7516
stat.node.2.injector.aggregate_gbps = 10.0972
stat.node.2.llc.cxl_miss = 300
stat.node.2.llc.total_miss = 300
stat.node.2.llc.avg_miss_lat = 768.16
stat.node.2.llc.avg_cxl_lat = 768.16
stat.node.2.llc.miss_lat_hist_bin_ns = 10
stat.node.2.llc.miss_lat_hist = [0,0,0,0,0,0,0,0,0,0,0,0,0,0,0,0,0,0,0,0,0,0,0,0,0,0,0,0,0,0,0,131,164,1,2,0,1,1]
stat.node.2.util.dram_avg = 3.07439e-05
stat.node.2.walltime_s = 384.501
stat.node.2.active_time_s = 12.1239
stat.node.3.cpu.0.load_issue_to_complete_count = 299
stat.node.3.cpu.0.avg_load_issue_to_complete_lat = 1094.84
stat.node.3.injector.phase_cycles = 328690
stat.node.3.injector.request_bytes = 91512
stat.node.3.injector.response_bytes = 81344
stat.node.3.injector.aggregate_bytes = 172856
stat.node.3.injector.request_gbps = 5.34555
stat.node.3.injector.response_gbps = 4.7516
stat.node.3.injector.aggregate_gbps = 10.0972
stat.node.3.llc.cxl_miss = 300
stat.node.3.llc.total_miss = 300
stat.node.3.llc.avg_miss_lat = 767.743
stat.node.3.llc.avg_cxl_lat = 767.743
stat.node.3.llc.miss_lat_hist_bin_ns = 10
stat.node.3.llc.miss_lat_hist = [0,0,0,0,0,0,0,0,0,0,0,0,0,0,0,0,0,0,0,0,0,0,0,0,0,0,0,0,0,0,6,124,165,0,2,2,1]
stat.node.3.util.dram_avg = 3.07429e-05
stat.node.3.walltime_s = 384.54
stat.node.3.active_time_s = 17.9324
stat.pool.100.util.mem_avg = 0.281172
stat.pool.100.util.req_link_avg = 0.895966
stat.pool.100.walltime_s = 384.632
stat.pool.100.active_time_s = 0.445065
stat.switch.replicated_messages = 0
stat.switch.util.node_ingress_avg = 0.11203
stat.switch.util.pool_ingress_avg = 0.984468
stat.switch.bw.host_to_switch_gbps = 5.50708
stat.switch.bw.switch_to_host_gbps = 6.04862
stat.switch.bw.host_link_total_gbps = 11.5557
stat.switch.walltime_s = 384.632
stat.switch.active_time_s = 1.75856
Simulation is complete, simulated time: 325.539 us
