stat.node.6.cpu.0.retired = 868
stat.node.6.cpu.0.cycles = 1000000
stat.node.7.cpu.0.retired = 856
stat.node.7.cpu.0.cycles = 1000000
stat.node.1.cpu.0.retired = 867
stat.node.1.cpu.0.cycles = 1000000
stat.node.3.cpu.0.retired = 869
stat.node.3.cpu.0.cycles = 1000000
stat.node.4.cpu.0.retired = 805
stat.node.4.cpu.0.cycles = 1000000
stat.node.5.cpu.0.retired = 866
stat.node.5.cpu.0.cycles = 1000000
stat.node.0.cpu.0.retired = 866
stat.node.0.cpu.0.cycles = 1000000
stat.node.2.cpu.0.retired = 841
stat.node.2.cpu.0.cycles = 1000000
stat.node.4.cpu.0.retired = 1822
stat.node.4.cpu.0.cycles = 2000000
stat.node.6.cpu.0.retired = 2006
stat.node.6.cpu.0.cycles = 2000000
stat.node.2.cpu.0.retired = 1936
stat.node.5.cpu.0.retired = 2001
stat.node.5.cpu.0.cycles = 2000000
stat.node.7.cpu.0.retired = 1974
stat.node.7.cpu.0.cycles = 2000000
stat.node.0.cpu.0.retired = 2003
stat.node.0.cpu.0.cycles = 2000000
stat.node.1.cpu.0.retired = 2002
stat.node.1.cpu.0.cycles = 2000000
stat.node.3.cpu.0.retired = 2008
stat.node.3.cpu.0.cycles = 2000000
stat.node.2.cpu.0.cycles = 2000000
stat.node.4.cpu.0.retired = 2893
stat.node.4.cpu.0.cycles = 3000000
stat.node.2.cpu.0.retired = 3089
stat.node.2.cpu.0.cycles = 3000000
stat.node.3.cpu.0.retired = 3209
stat.node.3.cpu.0.cycles = 3000000
stat.node.5.cpu.0.retired = 3195
stat.node.5.cpu.0.cycles = 3000000
stat.node.7.cpu.0.retired = 3154
stat.node.7.cpu.0.cycles = 3000000
stat.node.0.cpu.0.retired = 3204
stat.node.0.cpu.0.cycles = 3000000
stat.node.1.cpu.0.retired = 3201
stat.node.1.cpu.0.cycles = 3000000
stat.node.6.cpu.0.retired = 3206
stat.node.6.cpu.0.cycles = 3000000
stat.node.2.cpu.0.retired = 4252
stat.node.2.cpu.0.cycles = 4000000
stat.node.3.cpu.0.retired = 4414
stat.node.3.cpu.0.cycles = 4000000
stat.node.5.cpu.0.retired = 4395
stat.node.5.cpu.0.cycles = 4000000
stat.node.7.cpu.0.retired = 4342
stat.node.7.cpu.0.cycles = 4000000
stat.node.0.cpu.0.retired = 4407
stat.node.0.cpu.0.cycles = 4000000
stat.node.1.cpu.0.retired = 4407
stat.node.1.cpu.0.cycles = 4000000
stat.node.4.cpu.0.retired = 3997
stat.node.4.cpu.0.cycles = 4000000
stat.node.6.cpu.0.retired = 4410
stat.node.6.cpu.0.cycles = 4000000
stat.node.3.cpu.0.load_issue_to_complete_count = 3999
stat.node.3.cpu.0.avg_load_issue_to_complete_lat = 840.202
stat.node.3.injector.phase_cycles = 3364953
stat.node.3.injector.request_bytes = 1123272
stat.node.3.injector.response_bytes = 998464
stat.node.3.injector.aggregate_bytes = 2121736
stat.node.3.injector.request_gbps = 6.40925
stat.node.3.injector.response_gbps = 5.69711
stat.node.3.injector.aggregate_gbps = 12.1064
stat.node.3.llc.cxl_miss = 4000
stat.node.3.llc.total_miss = 4000
stat.node.3.llc.avg_miss_lat = 732.19
stat.node.3.llc.avg_cxl_lat = 732.19
stat.node.3.llc.miss_lat_hist_bin_ns = 10
stat.node.3.llc.miss_lat_hist = [0,0,0,0,0,0,0,0,0,0,0,0,0,0,0,0,0,0,0,0,0,0,0,0,0,0,32,296,430,971,829,502,590,345,5]
stat.node.3.util.dram_avg = 5.35163e-06
stat.node.3.walltime_s = 409.153
stat.node.3.active_time_s = 71.3877
stat.node.6.cpu.0.load_issue_to_complete_count = 3999
stat.node.6.cpu.0.avg_load_issue_to_complete_lat = 842.024
stat.node.6.injector.phase_cycles = 3372227
stat.node.6.injector.request_bytes = 1125648
stat.node.6.injector.response_bytes = 1000576
stat.node.6.injector.aggregate_bytes = 2126224
stat.node.6.injector.request_gbps = 6.40895
stat.node.6.injector.response_gbps = 5.69685
stat.node.6.injector.aggregate_gbps = 12.1058
stat.node.6.llc.cxl_miss = 4000
stat.node.6.llc.total_miss = 4000
stat.node.6.llc.avg_miss_lat = 734.038
stat.node.6.llc.avg_cxl_lat = 734.038
stat.node.6.llc.miss_lat_hist_bin_ns = 10
stat.node.6.llc.miss_lat_hist = [0,0,0,0,0,0,0,0,0,0,0,0,0,0,0,0,0,0,0,0,0,0,0,0,0,0,34,306,511,770,868,496,507,502,6]
stat.node.6.util.dram_avg = 5.34233e-06
stat.node.6.walltime_s = 409.343
stat.node.6.active_time_s = 57.0058
stat.node.1.cpu.0.load_issue_to_complete_count = 3999
stat.node.1.cpu.0.avg_load_issue_to_complete_lat = 841.815
stat.node.1.injector.phase_cycles = 3371401
stat.node.1.injector.request_bytes = 1125432
stat.node.1.injector.response_bytes = 1000384
stat.node.1.injector.aggregate_bytes = 2125816
stat.node.1.injector.request_gbps = 6.40929
stat.node.1.injector.response_gbps = 5.69715
stat.node.1.injector.aggregate_gbps = 12.1064
stat.node.1.llc.cxl_miss = 4000
stat.node.1.llc.total_miss = 4000
stat.node.1.llc.avg_miss_lat = 733.833
stat.node.1.llc.avg_cxl_lat = 733.833
stat.node.1.llc.miss_lat_hist_bin_ns = 10
stat.node.1.llc.miss_lat_hist = [0,0,0,0,0,0,0,0,0,0,0,0,0,0,0,0,0,0,0,0,0,0,0,0,0,0,28,372,434,837,734,605,514,464,12]
stat.node.1.util.dram_avg = 5.34112e-06
stat.node.1.walltime_s = 409.454
stat.node.1.active_time_s = 67.5248
stat.node.0.cpu.0.load_issue_to_complete_count = 3999
stat.node.0.cpu.0.avg_load_issue_to_complete_lat = 841.855
stat.node.0.injector.phase_cycles = 3371517
stat.node.0.injector.request_bytes = 1125432
stat.node.0.injector.response_bytes = 1000384
stat.node.0.injector.aggregate_bytes = 2125816
stat.node.0.injector.request_gbps = 6.40907
stat.node.0.injector.response_gbps = 5.69695
stat.node.0.injector.aggregate_gbps = 12.106
stat.node.0.llc.cxl_miss = 4000
stat.node.0.llc.total_miss = 4000
stat.node.0.llc.avg_miss_lat = 733.878
stat.node.0.llc.avg_cxl_lat = 733.878
stat.node.0.llc.miss_lat_hist_bin_ns = 10
stat.node.0.llc.miss_lat_hist = [0,0,0,0,0,0,0,0,0,0,0,0,0,0,0,0,0,0,0,0,0,0,0,0,0,0,36,490,688,326,391,1040,547,477,5]
stat.node.0.util.dram_avg = 5.34082e-06
stat.node.0.walltime_s = 409.484
stat.node.0.active_time_s = 69.9591
stat.node.5.cpu.0.load_issue_to_complete_count = 3999
stat.node.5.cpu.0.avg_load_issue_to_complete_lat = 844.746
stat.node.5.injector.phase_cycles = 3383142
stat.node.5.injector.request_bytes = 1129320
stat.node.5.injector.response_bytes = 1003840
stat.node.5.injector.aggregate_bytes = 2133160
stat.node.5.injector.request_gbps = 6.40911
stat.node.5.injector.response_gbps = 5.69699
stat.node.5.injector.aggregate_gbps = 12.1061
stat.node.5.llc.cxl_miss = 4000
stat.node.5.llc.total_miss = 4000
stat.node.5.llc.avg_miss_lat = 736.781
stat.node.5.llc.avg_cxl_lat = 736.781
stat.node.5.llc.miss_lat_hist_bin_ns = 10
stat.node.5.llc.miss_lat_hist = [0,0,0,0,0,0,0,0,0,0,0,0,0,0,0,0,0,0,0,0,0,0,0,0,0,0,33,519,788,98,264,978,788,527,5]
stat.node.5.util.dram_avg = 5.32644e-06
stat.node.5.walltime_s = 409.954
stat.node.5.active_time_s = 71.8203
stat.node.7.cpu.0.load_issue_to_complete_count = 3999
stat.node.7.cpu.0.avg_load_issue_to_complete_lat = 853.627
stat.node.7.injector.phase_cycles = 3418704
stat.node.7.injector.request_bytes = 1141200
stat.node.7.injector.response_bytes = 1014400
stat.node.7.injector.aggregate_bytes = 2155600
stat.node.7.injector.request_gbps = 6.40917
stat.node.7.injector.response_gbps = 5.69704
stat.node.7.injector.aggregate_gbps = 12.1062
stat.node.7.llc.cxl_miss = 4000
stat.node.7.llc.total_miss = 4000
stat.node.7.llc.avg_miss_lat = 745.601
stat.node.7.llc.avg_cxl_lat = 745.601
stat.node.7.llc.miss_lat_hist_bin_ns = 10
stat.node.7.llc.miss_lat_hist = [0,0,0,0,0,0,0,0,0,0,0,0,0,0,0,0,0,0,0,0,0,0,0,0,0,0,76,769,321,110,75,656,1170,813,10]
stat.node.7.util.dram_avg = 5.27146e-06
stat.node.7.walltime_s = 412.35
stat.node.7.active_time_s = 64.0593
stat.node.2.cpu.0.load_issue_to_complete_count = 3999
stat.node.2.cpu.0.avg_load_issue_to_complete_lat = 872.584
stat.node.2.injector.phase_cycles = 3494518
stat.node.2.injector.request_bytes = 1166544
stat.node.2.injector.response_bytes = 1036864
stat.node.2.injector.aggregate_bytes = 2203408
stat.node.2.injector.request_gbps = 6.40937
stat.node.2.injector.response_gbps = 5.69686
stat.node.2.injector.aggregate_gbps = 12.1062
stat.node.2.llc.cxl_miss = 4000
stat.node.2.llc.total_miss = 4000
stat.node.2.llc.avg_miss_lat = 764.412
stat.node.2.llc.avg_cxl_lat = 764.412
stat.node.2.llc.miss_lat_hist_bin_ns = 10
stat.node.2.llc.miss_lat_hist = [0,0,0,0,0,0,0,0,0,0,0,0,0,0,0,0,0,0,0,0,0,0,0,0,0,0,22,110,285,488,468,280,943,1183,213,8]
stat.node.2.util.dram_avg = 5.16703e-06
stat.node.2.walltime_s = 415.096
stat.node.2.active_time_s = 74.0929
stat.node.4.cpu.0.load_issue_to_complete_count = 3999
stat.node.4.cpu.0.avg_load_issue_to_complete_lat = 922.187
stat.node.4.injector.phase_cycles = 3692903
stat.node.4.injector.request_bytes = 1232712
stat.node.4.injector.response_bytes = 1095744
stat.node.4.injector.aggregate_bytes = 2328456
stat.node.4.injector.request_gbps = 6.40907
stat.node.4.injector.response_gbps = 5.69695
stat.node.4.injector.aggregate_gbps = 12.106
stat.node.4.llc.cxl_miss = 4000
stat.node.4.llc.total_miss = 4000
stat.node.4.llc.avg_miss_lat = 813.865
stat.node.4.llc.avg_cxl_lat = 813.865
stat.node.4.llc.miss_lat_hist_bin_ns = 10
stat.node.4.llc.miss_lat_hist = [0,0,0,0,0,0,0,0,0,0,0,0,0,0,0,0,0,0,0,0,0,0,0,0,0,0,0,0,6,8,8,4,18,2876,1076,4]
stat.node.4.util.dram_avg = 4.90754e-06
stat.node.4.walltime_s = 420.418
stat.node.4.active_time_s = 57.8765
stat.pool.101.util.mem_avg = 0.240973
stat.pool.101.util.req_link_avg = 0.999517
stat.pool.101.walltime_s = 420.418
stat.pool.101.active_time_s = 2.11071
stat.pool.100.util.mem_avg = 0.240974
stat.pool.100.util.req_link_avg = 0.999517
stat.pool.100.walltime_s = 420.418
stat.pool.100.active_time_s = 2.14435
stat.switch.replicated_messages = 362752
stat.switch.util.node_ingress_avg = 0.133992
stat.switch.util.pool_ingress_avg = 0.578948
stat.switch.bw.host_to_switch_gbps = 6.58605
stat.switch.bw.switch_to_host_gbps = 7.11413
stat.switch.bw.host_link_total_gbps = 13.7002
stat.switch.walltime_s = 420.418
stat.switch.active_time_s = 8.63687
Simulation is complete, simulated time: 2.03931 ms
