stat.node.6.cpu.0.retired = 826
stat.node.6.cpu.0.cycles = 1000000
stat.node.7.cpu.0.retired = 825
stat.node.7.cpu.0.cycles = 1000000
stat.node.0.cpu.0.retired = 825
stat.node.0.cpu.0.cycles = 1000000
stat.node.1.cpu.0.retired = 825
stat.node.1.cpu.0.cycles = 1000000
stat.node.2.cpu.0.retired = 824
stat.node.2.cpu.0.cycles = 1000000
stat.node.3.cpu.0.retired = 824
stat.node.3.cpu.0.cycles = 1000000
stat.node.4.cpu.0.retired = 826
stat.node.4.cpu.0.cycles = 1000000
stat.node.5.cpu.0.retired = 826
stat.node.5.cpu.0.cycles = 1000000
stat.node.2.cpu.0.retired = 1915
stat.node.2.cpu.0.cycles = 2000000
stat.node.3.cpu.0.retired = 1915
stat.node.3.cpu.0.cycles = 2000000
stat.node.4.cpu.0.retired = 1917
stat.node.4.cpu.0.cycles = 2000000
stat.node.6.cpu.0.retired = 1917
stat.node.6.cpu.0.cycles = 2000000
stat.node.5.cpu.0.retired = 1917
stat.node.5.cpu.0.cycles = 2000000
stat.node.7.cpu.0.retired = 1917
stat.node.7.cpu.0.cycles = 2000000
stat.node.0.cpu.0.retired = 1917
stat.node.0.cpu.0.cycles = 2000000
stat.node.1.cpu.0.retired = 1916
stat.node.1.cpu.0.cycles = 2000000
stat.node.4.cpu.0.load_issue_to_complete_count = 1499
stat.node.4.cpu.0.avg_load_issue_to_complete_lat = 935.119
stat.node.4.injector.phase_cycles = 1405080
stat.node.4.injector.request_bytes = 370920
stat.node.4.injector.response_bytes = 150912
stat.node.4.injector.aggregate_bytes = 521832
stat.node.4.injector.request_gbps = 5.06851
stat.node.4.injector.response_gbps = 2.06217
stat.node.4.injector.aggregate_gbps = 7.13068
stat.node.4.llc.cxl_miss = 1500
stat.node.4.llc.total_miss = 1500
stat.node.4.llc.avg_miss_lat = 753.488
stat.node.4.llc.avg_cxl_lat = 753.488
stat.node.4.llc.miss_lat_hist_bin_ns = 10
stat.node.4.llc.miss_lat_hist = [0,0,0,0,0,0,0,0,0,0,0,0,0,0,0,0,0,0,0,0,0,0,0,0,0,0,102,169,89,221,68,116,243,69,180,206,35,1,1]
stat.node.4.util.dram_avg = 1.15658e-05
stat.node.4.walltime_s = 367.776
stat.node.4.active_time_s = 31.0733
stat.node.5.cpu.0.load_issue_to_complete_count = 1499
stat.node.5.cpu.0.avg_load_issue_to_complete_lat = 934.932
stat.node.5.injector.phase_cycles = 1404750
stat.node.5.injector.request_bytes = 370856
stat.node.5.injector.response_bytes = 150848
stat.node.5.injector.aggregate_bytes = 521704
stat.node.5.injector.request_gbps = 5.06883
stat.node.5.injector.response_gbps = 2.06178
stat.node.5.injector.aggregate_gbps = 7.1306
stat.node.5.llc.cxl_miss = 1500
stat.node.5.llc.total_miss = 1500
stat.node.5.llc.avg_miss_lat = 753.005
stat.node.5.llc.avg_cxl_lat = 753.005
stat.node.5.llc.miss_lat_hist_bin_ns = 10
stat.node.5.llc.miss_lat_hist = [0,0,0,0,0,0,0,0,0,0,0,0,0,0,0,0,0,0,0,0,0,0,0,0,0,0,101,181,81,212,64,102,296,65,170,188,28,9,3]
stat.node.5.util.dram_avg = 1.15657e-05
stat.node.5.walltime_s = 367.785
stat.node.5.active_time_s = 47.2841
stat.node.6.cpu.0.load_issue_to_complete_count = 1499
stat.node.6.cpu.0.avg_load_issue_to_complete_lat = 935.371
stat.node.6.injector.phase_cycles = 1405408
stat.node.6.injector.request_bytes = 371064
stat.node.6.injector.response_bytes = 150912
stat.node.6.injector.aggregate_bytes = 521976
stat.node.6.injector.request_gbps = 5.0693
stat.node.6.injector.response_gbps = 2.06169
stat.node.6.injector.aggregate_gbps = 7.13098
stat.node.6.llc.cxl_miss = 1500
stat.node.6.llc.total_miss = 1500
stat.node.6.llc.avg_miss_lat = 753.127
stat.node.6.llc.avg_cxl_lat = 753.127
stat.node.6.llc.miss_lat_hist_bin_ns = 10
stat.node.6.llc.miss_lat_hist = [0,0,0,0,0,0,0,0,0,0,0,0,0,0,0,0,0,0,0,0,0,0,0,0,0,0,84,158,97,236,93,114,264,88,148,180,25,8,5]
stat.node.6.util.dram_avg = 1.15619e-05
stat.node.6.walltime_s = 367.829
stat.node.6.active_time_s = 39.8112
stat.node.7.cpu.0.load_issue_to_complete_count = 1499
stat.node.7.cpu.0.avg_load_issue_to_complete_lat = 935.52
stat.node.7.injector.phase_cycles = 1405631
stat.node.7.injector.request_bytes = 371056
stat.node.7.injector.response_bytes = 150976
stat.node.7.injector.aggregate_bytes = 522032
stat.node.7.injector.request_gbps = 5.06838
stat.node.7.injector.response_gbps = 2.06223
stat.node.7.injector.aggregate_gbps = 7.13062
stat.node.7.llc.cxl_miss = 1500
stat.node.7.llc.total_miss = 1500
stat.node.7.llc.avg_miss_lat = 753.663
stat.node.7.llc.avg_cxl_lat = 753.663
stat.node.7.llc.miss_lat_hist_bin_ns = 10
stat.node.7.llc.miss_lat_hist = [0,0,0,0,0,0,0,0,0,0,0,0,0,0,0,0,0,0,0,0,0,0,0,0,0,0,120,169,91,189,70,96,232,137,153,205,31,5,2]
stat.node.7.util.dram_avg = 1.15599e-05
stat.node.7.walltime_s = 367.884
stat.node.7.active_time_s = 31.2878
stat.node.0.cpu.0.load_issue_to_complete_count = 1499
stat.node.0.cpu.0.avg_load_issue_to_complete_lat = 935.52
stat.node.0.injector.phase_cycles = 1405631
stat.node.0.injector.request_bytes = 371056
stat.node.0.injector.response_bytes = 150976
stat.node.0.injector.aggregate_bytes = 522032
stat.node.0.injector.request_gbps = 5.06838
stat.node.0.injector.response_gbps = 2.06223
stat.node.0.injector.aggregate_gbps = 7.13062
stat.node.0.llc.cxl_miss = 1500
stat.node.0.llc.total_miss = 1500
stat.node.0.llc.avg_miss_lat = 752.925
stat.node.0.llc.avg_cxl_lat = 752.925
stat.node.0.llc.miss_lat_hist_bin_ns = 10
stat.node.0.llc.miss_lat_hist = [0,0,0,0,0,0,0,0,0,0,0,0,0,0,0,0,0,0,0,0,0,0,0,0,0,0,101,162,103,196,105,122,240,98,139,177,30,22,5]
stat.node.0.util.dram_avg = 1.15597e-05
stat.node.0.walltime_s = 367.884
stat.node.0.active_time_s = 26.3199
stat.node.1.cpu.0.load_issue_to_complete_count = 1499
stat.node.1.cpu.0.avg_load_issue_to_complete_lat = 935.316
stat.node.1.injector.phase_cycles = 1405325
stat.node.1.injector.request_bytes = 370992
stat.node.1.injector.response_bytes = 150912
stat.node.1.injector.aggregate_bytes = 521904
stat.node.1.injector.request_gbps = 5.06861
stat.node.1.injector.response_gbps = 2.06181
stat.node.1.injector.aggregate_gbps = 7.13042
stat.node.1.llc.cxl_miss = 1500
stat.node.1.llc.total_miss = 1500
stat.node.1.llc.avg_miss_lat = 753.187
stat.node.1.llc.avg_cxl_lat = 753.187
stat.node.1.llc.miss_lat_hist_bin_ns = 10
stat.node.1.llc.miss_lat_hist = [0,0,0,0,0,0,0,0,0,0,0,0,0,0,0,0,0,0,0,0,0,0,0,0,0,0,52,145,206,178,87,121,257,121,131,161,27,9,5]
stat.node.1.util.dram_avg = 1.15596e-05
stat.node.1.walltime_s = 367.885
stat.node.1.active_time_s = 31.9744
stat.node.2.cpu.0.load_issue_to_complete_count = 1499
stat.node.2.cpu.0.avg_load_issue_to_complete_lat = 936.18
stat.node.2.injector.phase_cycles = 1406621
stat.node.2.injector.request_bytes = 371336
stat.node.2.injector.response_bytes = 151040
stat.node.2.injector.aggregate_bytes = 522376
stat.node.2.injector.request_gbps = 5.06864
stat.node.2.injector.response_gbps = 2.06166
stat.node.2.injector.aggregate_gbps = 7.13029
stat.node.2.llc.cxl_miss = 1500
stat.node.2.llc.total_miss = 1500
stat.node.2.llc.avg_miss_lat = 753.999
stat.node.2.llc.avg_cxl_lat = 753.999
stat.node.2.llc.miss_lat_hist_bin_ns = 10
stat.node.2.llc.miss_lat_hist = [0,0,0,0,0,0,0,0,0,0,0,0,0,0,0,0,0,0,0,0,0,0,0,0,0,0,95,153,106,208,87,109,248,68,205,198,21,1,1]
stat.node.2.util.dram_avg = 1.15515e-05
stat.node.2.walltime_s = 367.948
stat.node.2.active_time_s = 24.7158
stat.node.3.cpu.0.load_issue_to_complete_count = 1499
stat.node.3.cpu.0.avg_load_issue_to_complete_lat = 936.361
stat.node.3.injector.phase_cycles = 1406892
stat.node.3.injector.request_bytes = 371400
stat.node.3.injector.response_bytes = 151104
stat.node.3.injector.aggregate_bytes = 522504
stat.node.3.injector.request_gbps = 5.06853
stat.node.3.injector.response_gbps = 2.06213
stat.node.3.injector.aggregate_gbps = 7.13067
stat.node.3.llc.cxl_miss = 1500
stat.node.3.llc.total_miss = 1500
stat.node.3.llc.avg_miss_lat = 754.269
stat.node.3.llc.avg_cxl_lat = 754.269
stat.node.3.llc.miss_lat_hist_bin_ns = 10
stat.node.3.llc.miss_lat_hist = [0,0,0,0,0,0,0,0,0,0,0,0,0,0,0,0,0,0,0,0,0,0,0,0,0,0,59,138,122,257,103,118,240,76,174,179,26,5,3]
stat.node.3.util.dram_avg = 1.15498e-05
stat.node.3.walltime_s = 367.953
stat.node.3.active_time_s = 32.4514
stat.pool.100.util.mem_avg = 0.213751
stat.pool.100.util.req_link_avg = 0.852016
stat.pool.100.walltime_s = 367.953
stat.pool.100.active_time_s = 1.09943
stat.switch.replicated_messages = 0
stat.switch.util.node_ingress_avg = 0.106513
stat.switch.util.pool_ingress_avg = 0.553117
stat.switch.bw.host_to_switch_gbps = 5.23558
stat.switch.bw.switch_to_host_gbps = 3.39835
stat.switch.bw.host_link_total_gbps = 8.63393
stat.switch.walltime_s = 367.953
stat.switch.active_time_s = 3.46289
Simulation is complete, simulated time: 866.505 us
