stat.node.4.cpu.0.retired = 521
stat.node.4.cpu.0.cycles = 1000000
stat.node.5.cpu.0.retired = 521
stat.node.5.cpu.0.cycles = 1000000
stat.node.6.cpu.0.retired = 518
stat.node.6.cpu.0.cycles = 1000000
stat.node.7.cpu.0.retired = 524
stat.node.7.cpu.0.cycles = 1000000
stat.node.0.cpu.0.retired = 523
stat.node.1.cpu.0.retired = 526
stat.node.1.cpu.0.cycles = 1000000
stat.node.2.cpu.0.retired = 517
stat.node.2.cpu.0.cycles = 1000000
stat.node.3.cpu.0.retired = 524
stat.node.3.cpu.0.cycles = 1000000
stat.node.0.cpu.0.cycles = 1000000
stat.node.7.cpu.0.retired = 1203
stat.node.7.cpu.0.cycles = 2000000
stat.node.3.cpu.0.retired = 1195
stat.node.3.cpu.0.cycles = 2000000
stat.node.1.cpu.0.retired = 1202
stat.node.1.cpu.0.cycles = 2000000
stat.node.2.cpu.0.retired = 1192
stat.node.2.cpu.0.cycles = 2000000
stat.node.4.cpu.0.retired = 1197
stat.node.4.cpu.0.cycles = 2000000
stat.node.5.cpu.0.retired = 1189
stat.node.5.cpu.0.cycles = 2000000
stat.node.6.cpu.0.retired = 1193
stat.node.6.cpu.0.cycles = 2000000
stat.node.0.cpu.0.retired = 1206
stat.node.0.cpu.0.cycles = 2000000
stat.node.0.cpu.0.retired = 1902
stat.node.0.cpu.0.cycles = 3000000
stat.node.6.cpu.0.retired = 1901
stat.node.6.cpu.0.cycles = 3000000
stat.node.7.cpu.0.retired = 1904
stat.node.7.cpu.0.cycles = 3000000
stat.node.3.cpu.0.retired = 1882
stat.node.3.cpu.0.cycles = 3000000
stat.node.1.cpu.0.retired = 1900
stat.node.1.cpu.0.cycles = 3000000
stat.node.2.cpu.0.retired = 1876
stat.node.4.cpu.0.retired = 1892
stat.node.4.cpu.0.cycles = 3000000
stat.node.5.cpu.0.retired = 1890
stat.node.5.cpu.0.cycles = 3000000
stat.node.2.cpu.0.cycles = 3000000
stat.node.0.cpu.0.retired = 2617
stat.node.0.cpu.0.cycles = 4000000
stat.node.6.cpu.0.retired = 2599
stat.node.6.cpu.0.cycles = 4000000
stat.node.7.cpu.0.retired = 2610
stat.node.7.cpu.0.cycles = 4000000
stat.node.3.cpu.0.retired = 2583
stat.node.3.cpu.0.cycles = 4000000
stat.node.1.cpu.0.retired = 2606
stat.node.1.cpu.0.cycles = 4000000
stat.node.5.cpu.0.retired = 2583
stat.node.5.cpu.0.cycles = 4000000
stat.node.4.cpu.0.retired = 2590
stat.node.4.cpu.0.cycles = 4000000
stat.node.2.cpu.0.retired = 2583
stat.node.2.cpu.0.cycles = 4000000
stat.node.4.cpu.0.retired = 3294
stat.node.4.cpu.0.cycles = 5000000
stat.node.0.cpu.0.retired = 3321
stat.node.6.cpu.0.retired = 3305
stat.node.6.cpu.0.cycles = 5000000
stat.node.7.cpu.0.retired = 3326
stat.node.7.cpu.0.cycles = 5000000
stat.node.3.cpu.0.retired = 3283
stat.node.3.cpu.0.cycles = 5000000
stat.node.1.cpu.0.retired = 3313
stat.node.1.cpu.0.cycles = 5000000
stat.node.5.cpu.0.retired = 3282
stat.node.5.cpu.0.cycles = 5000000
stat.node.2.cpu.0.retired = 3286
stat.node.2.cpu.0.cycles = 5000000
stat.node.0.cpu.0.cycles = 5000000
stat.node.5.cpu.0.retired = 3993
stat.node.5.cpu.0.cycles = 6000000
stat.node.4.cpu.0.retired = 3996
stat.node.4.cpu.0.cycles = 6000000
stat.node.2.cpu.0.retired = 3983
stat.node.2.cpu.0.cycles = 6000000
stat.node.6.cpu.0.retired = 4013
stat.node.6.cpu.0.cycles = 6000000
stat.node.7.cpu.0.retired = 4029
stat.node.7.cpu.0.cycles = 6000000
stat.node.3.cpu.0.retired = 3974
stat.node.1.cpu.0.retired = 4023
stat.node.1.cpu.0.cycles = 6000000
stat.node.0.cpu.0.retired = 4024
stat.node.0.cpu.0.cycles = 6000000
stat.node.3.cpu.0.cycles = 6000000
stat.node.5.cpu.0.retired = 4697
stat.node.5.cpu.0.cycles = 7000000
stat.node.4.cpu.0.retired = 4693
stat.node.4.cpu.0.cycles = 7000000
stat.node.2.cpu.0.retired = 4687
stat.node.2.cpu.0.cycles = 7000000
stat.node.6.cpu.0.retired = 4717
stat.node.6.cpu.0.cycles = 7000000
stat.node.7.cpu.0.retired = 4727
stat.node.7.cpu.0.cycles = 7000000
stat.node.0.cpu.0.retired = 4731
stat.node.0.cpu.0.cycles = 7000000
stat.node.3.cpu.0.retired = 4683
stat.node.3.cpu.0.cycles = 7000000
stat.node.1.cpu.0.retired = 4729
stat.node.1.cpu.0.cycles = 7000000
stat.node.0.cpu.0.load_issue_to_complete_count = 3999
stat.node.0.cpu.0.avg_load_issue_to_complete_lat = 1415.81
stat.node.0.injector.phase_cycles = 5667445
stat.node.0.injector.request_bytes = 1810008
stat.node.0.injector.response_bytes = 198336
stat.node.0.injector.aggregate_bytes = 2008344
stat.node.0.injector.request_gbps = 6.13189
stat.node.0.injector.response_gbps = 0.671917
stat.node.0.injector.aggregate_gbps = 6.80381
stat.node.0.llc.cxl_miss = 4000
stat.node.0.llc.total_miss = 4000
stat.node.0.llc.avg_miss_lat = 1305.58
stat.node.0.llc.avg_cxl_lat = 1305.58
stat.node.0.llc.miss_lat_hist_bin_ns = 10
stat.node.0.llc.miss_lat_hist = [0,0,0,0,0,0,0,0,0,0,0,0,0,0,0,0,0,0,0,0,0,0,0,0,0,0,0,0,0,0,0,0,0,0,0,0,0,0,0,0,0,3,106,278,242,214,219,222,200,215,207,170,156,178,109,132,115,123,110,80,84,65,67,50,52,62,51,54,46,37,29,32,29,27,21,26,14,13,17,15,14,12,14,12,13,6,7,7,3,10,4,4,2,7,6,1,2,2,0,0,1,0,0,0,1,0,2]
stat.node.0.util.dram_avg = 3.25542e-06
stat.node.0.walltime_s = 233.585
stat.node.0.active_time_s = 88.3005
stat.node.1.cpu.0.load_issue_to_complete_count = 3999
stat.node.1.cpu.0.avg_load_issue_to_complete_lat = 1416.23
stat.node.1.injector.phase_cycles = 5668819
stat.node.1.injector.request_bytes = 1810464
stat.node.1.injector.response_bytes = 198400
stat.node.1.injector.aggregate_bytes = 2008864
stat.node.1.injector.request_gbps = 6.13195
stat.node.1.injector.response_gbps = 0.671971
stat.node.1.injector.aggregate_gbps = 6.80392
stat.node.1.llc.cxl_miss = 4000
stat.node.1.llc.total_miss = 4000
stat.node.1.llc.avg_miss_lat = 1306.24
stat.node.1.llc.avg_cxl_lat = 1306.24
stat.node.1.llc.miss_lat_hist_bin_ns = 10
stat.node.1.llc.miss_lat_hist = [0,0,0,0,0,0,0,0,0,0,0,0,0,0,0,0,0,0,0,0,0,0,0,0,0,0,0,0,0,0,0,0,0,0,0,0,0,0,0,0,1,4,100,281,257,210,237,238,197,171,215,168,164,160,143,148,87,115,98,86,74,70,73,56,68,43,49,29,34,44,46,22,29,27,22,29,19,20,18,17,11,14,11,9,12,10,8,6,7,6,2,5,3,2,6,2,1,2,2,0,3,3,2,2,0,0,0,0,1,0,0,0,0,0,0,0,0,0,0,0,0,0,0,1]
stat.node.1.util.dram_avg = 3.25318e-06
stat.node.1.walltime_s = 233.679
stat.node.1.active_time_s = 100.92
stat.node.7.cpu.0.load_issue_to_complete_count = 3999
stat.node.7.cpu.0.avg_load_issue_to_complete_lat = 1421.22
stat.node.7.injector.phase_cycles = 5688781
stat.node.7.injector.request_bytes = 1816824
stat.node.7.injector.response_bytes = 199104
stat.node.7.injector.aggregate_bytes = 2015928
stat.node.7.injector.request_gbps = 6.1319
stat.node.7.injector.response_gbps = 0.671989
stat.node.7.injector.aggregate_gbps = 6.80389
stat.node.7.llc.cxl_miss = 4000
stat.node.7.llc.total_miss = 4000
stat.node.7.llc.avg_miss_lat = 1311.41
stat.node.7.llc.avg_cxl_lat = 1311.41
stat.node.7.llc.miss_lat_hist_bin_ns = 10
stat.node.7.llc.miss_lat_hist = [0,0,0,0,0,0,0,0,0,0,0,0,0,0,0,0,0,0,0,0,0,0,0,0,0,0,0,0,0,0,0,0,0,0,0,0,0,0,0,0,0,1,114,256,263,208,208,224,221,201,198,166,166,143,141,140,113,123,84,94,70,75,59,47,64,55,47,43,48,35,35,31,21,37,31,29,14,17,17,18,11,12,13,16,13,10,8,10,6,5,3,3,4,3,5,2,2,4,1,1,0,3,3,2,0,0,0,0,0,0,0,0,0,0,0,0,0,0,0,1,1,0,0,0,0,0,0,0,0,0,0,0,0,0,0,0,0,0,0,0,1]
stat.node.7.util.dram_avg = 3.24627e-06
stat.node.7.walltime_s = 233.95
stat.node.7.active_time_s = 93.1202
stat.node.6.cpu.0.load_issue_to_complete_count = 3999
stat.node.6.cpu.0.avg_load_issue_to_complete_lat = 1419.27
stat.node.6.injector.phase_cycles = 5681475
stat.node.6.injector.request_bytes = 1814552
stat.node.6.injector.response_bytes = 198848
stat.node.6.injector.aggregate_bytes = 2013400
stat.node.6.injector.request_gbps = 6.1321
stat.node.6.injector.response_gbps = 0.671988
stat.node.6.injector.aggregate_gbps = 6.80409
stat.node.6.llc.cxl_miss = 4000
stat.node.6.llc.total_miss = 4000
stat.node.6.llc.avg_miss_lat = 1309.4
stat.node.6.llc.avg_cxl_lat = 1309.4
stat.node.6.llc.miss_lat_hist_bin_ns = 10
stat.node.6.llc.miss_lat_hist = [0,0,0,0,0,0,0,0,0,0,0,0,0,0,0,0,0,0,0,0,0,0,0,0,0,0,0,0,0,0,0,0,0,0,0,0,0,0,0,0,0,3,103,259,226,215,232,233,206,229,194,183,159,150,118,131,123,111,102,88,76,69,68,60,59,53,33,40,45,39,31,33,25,29,38,28,28,13,18,16,15,17,11,11,11,9,12,6,5,6,4,8,0,3,1,2,0,1,3,1,1,1,2,2,1,0,1]
stat.node.6.util.dram_avg = 3.24185e-06
stat.node.6.walltime_s = 234.146
stat.node.6.active_time_s = 88.6872
stat.node.4.cpu.0.load_issue_to_complete_count = 3999
stat.node.4.cpu.0.avg_load_issue_to_complete_lat = 1427.5
stat.node.4.injector.phase_cycles = 5714457
stat.node.4.injector.request_bytes = 1825000
stat.node.4.injector.response_bytes = 200000
stat.node.4.injector.aggregate_bytes = 2025000
stat.node.4.injector.request_gbps = 6.13182
stat.node.4.injector.response_gbps = 0.67198
stat.node.4.injector.aggregate_gbps = 6.8038
stat.node.4.llc.cxl_miss = 4000
stat.node.4.llc.total_miss = 4000
stat.node.4.llc.avg_miss_lat = 1317.15
stat.node.4.llc.avg_cxl_lat = 1317.15
stat.node.4.llc.miss_lat_hist_bin_ns = 10
stat.node.4.llc.miss_lat_hist = [0,0,0,0,0,0,0,0,0,0,0,0,0,0,0,0,0,0,0,0,0,0,0,0,0,0,0,0,0,0,0,0,0,0,0,0,0,0,0,0,0,4,111,246,233,204,219,227,192,200,201,176,175,151,134,122,114,107,107,107,83,58,63,69,50,65,40,47,46,44,42,41,25,35,22,28,23,14,12,13,13,22,20,13,9,6,5,6,4,3,7,6,4,3,5,0,2,2,1,3,4,3,1,2,1,0,1,0,1,0,0,1,0,1,0,1]
stat.node.4.util.dram_avg = 3.23051e-06
stat.node.4.walltime_s = 234.621
stat.node.4.active_time_s = 97.1896
stat.node.5.cpu.0.load_issue_to_complete_count = 3999
stat.node.5.cpu.0.avg_load_issue_to_complete_lat = 1427.38
stat.node.5.injector.phase_cycles = 5713545
stat.node.5.injector.request_bytes = 1824744
stat.node.5.injector.response_bytes = 199936
stat.node.5.injector.aggregate_bytes = 2024680
stat.node.5.injector.request_gbps = 6.13193
stat.node.5.injector.response_gbps = 0.671872
stat.node.5.injector.aggregate_gbps = 6.80381
stat.node.5.llc.cxl_miss = 4000
stat.node.5.llc.total_miss = 4000
stat.node.5.llc.avg_miss_lat = 1317.62
stat.node.5.llc.avg_cxl_lat = 1317.62
stat.node.5.llc.miss_lat_hist_bin_ns = 10
stat.node.5.llc.miss_lat_hist = [0,0,0,0,0,0,0,0,0,0,0,0,0,0,0,0,0,0,0,0,0,0,0,0,0,0,0,0,0,0,0,0,0,0,0,0,0,0,0,0,0,5,101,267,236,213,205,214,187,225,202,179,156,152,136,119,126,111,94,101,70,70,69,55,57,61,49,51,51,37,32,34,26,28,30,22,23,18,26,19,20,10,12,11,13,3,7,6,7,9,2,6,4,1,1,2,2,4,7,1,1,0,0,4,1,1,2,0,0,0,0,1,0,2,2,0,1]
stat.node.5.util.dram_avg = 3.22594e-06
stat.node.5.walltime_s = 234.805
stat.node.5.active_time_s = 93.4976
stat.node.2.cpu.0.load_issue_to_complete_count = 3999
stat.node.2.cpu.0.avg_load_issue_to_complete_lat = 1428.52
stat.node.2.injector.phase_cycles = 5718106
stat.node.2.injector.request_bytes = 1826232
stat.node.2.injector.response_bytes = 200128
stat.node.2.injector.aggregate_bytes = 2026360
stat.node.2.injector.request_gbps = 6.13204
stat.node.2.injector.response_gbps = 0.671981
stat.node.2.injector.aggregate_gbps = 6.80402
stat.node.2.llc.cxl_miss = 4000
stat.node.2.llc.total_miss = 4000
stat.node.2.llc.avg_miss_lat = 1318.78
stat.node.2.llc.avg_cxl_lat = 1318.78
stat.node.2.llc.miss_lat_hist_bin_ns = 10
stat.node.2.llc.miss_lat_hist = [0,0,0,0,0,0,0,0,0,0,0,0,0,0,0,0,0,0,0,0,0,0,0,0,0,0,0,0,0,0,0,0,0,0,0,0,0,0,0,0,0,2,93,254,233,223,212,210,208,179,204,171,178,178,135,133,108,111,93,95,69,89,65,58,63,46,56,62,44,40,31,33,30,28,29,23,18,11,12,17,24,7,9,11,8,10,5,13,6,6,9,1,3,9,4,6,3,4,0,4,3,2,2,0,1,2,0,0,1,1,0,0,0,0,0,2]
stat.node.2.util.dram_avg = 3.2258e-06
stat.node.2.walltime_s = 234.827
stat.node.2.active_time_s = 89.6358
stat.node.3.cpu.0.load_issue_to_complete_count = 3999
stat.node.3.cpu.0.avg_load_issue_to_complete_lat = 1432.73
stat.node.3.injector.phase_cycles = 5734830
stat.node.3.injector.request_bytes = 1831552
stat.node.3.injector.response_bytes = 200704
stat.node.3.injector.aggregate_bytes = 2032256
stat.node.3.injector.request_gbps = 6.13197
stat.node.3.injector.response_gbps = 0.67195
stat.node.3.injector.aggregate_gbps = 6.80392
stat.node.3.llc.cxl_miss = 4000
stat.node.3.llc.total_miss = 4000
stat.node.3.llc.avg_miss_lat = 1322.47
stat.node.3.llc.avg_cxl_lat = 1322.47
stat.node.3.llc.miss_lat_hist_bin_ns = 10
stat.node.3.llc.miss_lat_hist = [0,0,0,0,0,0,0,0,0,0,0,0,0,0,0,0,0,0,0,0,0,0,0,0,0,0,0,0,0,0,0,0,0,0,0,0,0,0,0,0,0,5,112,253,240,191,197,200,227,201,190,173,159,156,129,122,131,97,95,115,75,76,71,76,62,53,55,52,37,34,47,25,43,34,25,19,18,14,16,12,16,15,19,11,7,10,8,5,9,5,8,4,6,3,3,2,4,4,2,1,1,5,2,3,1,2,2,0,0,2,0,0,0,1,0,0,1,0,0,0,0,0,0,0,0,0,0,0,0,1]
stat.node.3.util.dram_avg = 3.22097e-06
stat.node.3.walltime_s = 235.024
stat.node.3.active_time_s = 101.8
stat.pool.101.util.mem_avg = 0.177569
stat.pool.101.util.req_link_avg = 0.99991
stat.pool.101.walltime_s = 235.016
stat.pool.101.active_time_s = 2.75224
stat.pool.100.util.mem_avg = 0.177568
stat.pool.100.util.req_link_avg = 0.999907
stat.pool.100.walltime_s = 235.016
stat.pool.100.active_time_s = 2.85561
stat.switch.replicated_messages = 586712
stat.switch.util.node_ingress_avg = 0.126967
stat.switch.util.pool_ingress_avg = 0.125611
stat.switch.bw.host_to_switch_gbps = 6.24083
stat.switch.bw.switch_to_host_gbps = 1.54349
stat.switch.bw.host_link_total_gbps = 7.78431
stat.switch.walltime_s = 235.016
stat.switch.active_time_s = 13.1387
Simulation is complete, simulated time: 3.10714 ms
