stat.node.4.cpu.0.retired = 511
stat.node.4.cpu.0.cycles = 1000000
stat.node.5.cpu.0.retired = 510
stat.node.5.cpu.0.cycles = 1000000
stat.node.6.cpu.0.retired = 508
stat.node.6.cpu.0.cycles = 1000000
stat.node.7.cpu.0.retired = 510
stat.node.7.cpu.0.cycles = 1000000
stat.node.0.cpu.0.retired = 510
stat.node.0.cpu.0.cycles = 1000000
stat.node.1.cpu.0.retired = 509
stat.node.1.cpu.0.cycles = 1000000
stat.node.2.cpu.0.retired = 507
stat.node.2.cpu.0.cycles = 1000000
stat.node.3.cpu.0.retired = 509
stat.node.3.cpu.0.cycles = 1000000
stat.node.4.cpu.0.load_issue_to_complete_count = 299
stat.node.4.cpu.0.avg_load_issue_to_complete_lat = 1569.65
stat.node.4.injector.phase_cycles = 471150
stat.node.4.injector.request_bytes = 71264
stat.node.4.injector.response_bytes = 128640
stat.node.4.injector.aggregate_bytes = 199904
stat.node.4.injector.request_gbps = 2.9041
stat.node.4.injector.response_gbps = 5.24225
stat.node.4.injector.aggregate_gbps = 8.14636
stat.node.4.llc.cxl_miss = 300
stat.node.4.llc.total_miss = 300
stat.node.4.llc.avg_miss_lat = 1189.54
stat.node.4.llc.avg_cxl_lat = 1189.54
stat.node.4.llc.miss_lat_hist_bin_ns = 10
stat.node.4.llc.miss_lat_hist = [0,0,0,0,0,0,0,0,0,0,0,0,0,0,0,0,0,0,0,0,0,0,0,0,0,0,0,0,0,0,0,0,0,0,0,1,3,3,4,28,16,3,0,7,7,5,7,52,20,7,7,5,9,3,1,9,81,21,1]
stat.node.4.util.dram_avg = 2.12649e-05
stat.node.4.walltime_s = 13.1112
stat.node.4.active_time_s = 6.95756
stat.node.0.cpu.0.load_issue_to_complete_count = 299
stat.node.0.cpu.0.avg_load_issue_to_complete_lat = 1566.31
stat.node.0.injector.phase_cycles = 469975
stat.node.0.injector.request_bytes = 71072
stat.node.0.injector.response_bytes = 128384
stat.node.0.injector.aggregate_bytes = 199456
stat.node.0.injector.request_gbps = 2.90352
stat.node.0.injector.response_gbps = 5.2449
stat.node.0.injector.aggregate_gbps = 8.14842
stat.node.0.llc.cxl_miss = 300
stat.node.0.llc.total_miss = 300
stat.node.0.llc.avg_miss_lat = 1190.45
stat.node.0.llc.avg_cxl_lat = 1190.45
stat.node.0.llc.miss_lat_hist_bin_ns = 10
stat.node.0.llc.miss_lat_hist = [0,0,0,0,0,0,0,0,0,0,0,0,0,0,0,0,0,0,0,0,0,0,0,0,0,0,0,0,0,0,0,0,0,0,0,0,2,6,4,21,17,5,2,7,8,6,7,45,17,9,11,4,12,9,2,14,79,11,2]
stat.node.0.util.dram_avg = 2.12498e-05
stat.node.0.walltime_s = 13.1202
stat.node.0.active_time_s = 6.95672
stat.node.5.cpu.0.load_issue_to_complete_count = 299
stat.node.5.cpu.0.avg_load_issue_to_complete_lat = 1574.25
stat.node.5.injector.phase_cycles = 472625
stat.node.5.injector.request_bytes = 71512
stat.node.5.injector.response_bytes = 129088
stat.node.5.injector.aggregate_bytes = 200600
stat.node.5.injector.request_gbps = 2.90512
stat.node.5.injector.response_gbps = 5.24409
stat.node.5.injector.aggregate_gbps = 8.14921
stat.node.5.llc.cxl_miss = 300
stat.node.5.llc.total_miss = 300
stat.node.5.llc.avg_miss_lat = 1190.12
stat.node.5.llc.avg_cxl_lat = 1190.12
stat.node.5.llc.miss_lat_hist_bin_ns = 10
stat.node.5.llc.miss_lat_hist = [0,0,0,0,0,0,0,0,0,0,0,0,0,0,0,0,0,0,0,0,0,0,0,0,0,0,0,0,0,0,0,0,0,0,0,1,2,2,5,30,12,2,1,6,5,6,8,54,21,5,9,11,5,4,4,11,82,13,1]
stat.node.5.util.dram_avg = 2.12366e-05
stat.node.5.walltime_s = 13.1282
stat.node.5.active_time_s = 7.94098
stat.node.7.cpu.0.load_issue_to_complete_count = 299
stat.node.7.cpu.0.avg_load_issue_to_complete_lat = 1568.65
stat.node.7.injector.phase_cycles = 470725
stat.node.7.injector.request_bytes = 71176
stat.node.7.injector.response_bytes = 128576
stat.node.7.injector.aggregate_bytes = 199752
stat.node.7.injector.request_gbps = 2.90314
stat.node.7.injector.response_gbps = 5.24438
stat.node.7.injector.aggregate_gbps = 8.14751
stat.node.7.llc.cxl_miss = 300
stat.node.7.llc.total_miss = 300
stat.node.7.llc.avg_miss_lat = 1188.45
stat.node.7.llc.avg_cxl_lat = 1188.45
stat.node.7.llc.miss_lat_hist_bin_ns = 10
stat.node.7.llc.miss_lat_hist = [0,0,0,0,0,0,0,0,0,0,0,0,0,0,0,0,0,0,0,0,0,0,0,0,0,0,0,0,0,0,0,0,0,0,0,0,3,1,5,27,16,4,4,6,5,6,10,56,13,9,4,6,6,6,0,12,89,12]
stat.node.7.util.dram_avg = 2.12324e-05
stat.node.7.walltime_s = 13.1309
stat.node.7.active_time_s = 7.57302
stat.node.1.cpu.0.load_issue_to_complete_count = 299
stat.node.1.cpu.0.avg_load_issue_to_complete_lat = 1563.13
stat.node.1.injector.phase_cycles = 469100
stat.node.1.injector.request_bytes = 70928
stat.node.1.injector.response_bytes = 128128
stat.node.1.injector.aggregate_bytes = 199056
stat.node.1.injector.request_gbps = 2.90304
stat.node.1.injector.response_gbps = 5.24421
stat.node.1.injector.aggregate_gbps = 8.14725
stat.node.1.llc.cxl_miss = 300
stat.node.1.llc.total_miss = 300
stat.node.1.llc.avg_miss_lat = 1183.37
stat.node.1.llc.avg_cxl_lat = 1183.37
stat.node.1.llc.miss_lat_hist_bin_ns = 10
stat.node.1.llc.miss_lat_hist = [0,0,0,0,0,0,0,0,0,0,0,0,0,0,0,0,0,0,0,0,0,0,0,0,0,0,0,0,0,0,0,0,0,0,0,0,3,3,5,30,11,6,7,7,6,5,13,44,13,11,6,5,7,16,1,13,75,13]
stat.node.1.util.dram_avg = 2.12319e-05
stat.node.1.walltime_s = 13.1313
stat.node.1.active_time_s = 7.49681
stat.node.3.cpu.0.load_issue_to_complete_count = 299
stat.node.3.cpu.0.avg_load_issue_to_complete_lat = 1566.22
stat.node.3.injector.phase_cycles = 469750
stat.node.3.injector.request_bytes = 71016
stat.node.3.injector.response_bytes = 128256
stat.node.3.injector.aggregate_bytes = 199272
stat.node.3.injector.request_gbps = 2.90262
stat.node.3.injector.response_gbps = 5.24218
stat.node.3.injector.aggregate_gbps = 8.14481
stat.node.3.llc.cxl_miss = 300
stat.node.3.llc.total_miss = 300
stat.node.3.llc.avg_miss_lat = 1187.87
stat.node.3.llc.avg_cxl_lat = 1187.87
stat.node.3.llc.miss_lat_hist_bin_ns = 10
stat.node.3.llc.miss_lat_hist = [0,0,0,0,0,0,0,0,0,0,0,0,0,0,0,0,0,0,0,0,0,0,0,0,0,0,0,0,0,0,0,0,0,0,0,0,2,7,3,28,12,4,5,7,7,5,12,41,19,11,5,6,10,4,1,13,81,16,1]
stat.node.3.util.dram_avg = 2.12015e-05
stat.node.3.walltime_s = 13.1497
stat.node.3.active_time_s = 7.52358
stat.node.6.cpu.0.load_issue_to_complete_count = 299
stat.node.6.cpu.0.avg_load_issue_to_complete_lat = 1579.1
stat.node.6.injector.phase_cycles = 474000
stat.node.6.injector.request_bytes = 71672
stat.node.6.injector.response_bytes = 129472
stat.node.6.injector.aggregate_bytes = 201144
stat.node.6.injector.request_gbps = 2.90317
stat.node.6.injector.response_gbps = 5.24444
stat.node.6.injector.aggregate_gbps = 8.14761
stat.node.6.llc.cxl_miss = 300
stat.node.6.llc.total_miss = 300
stat.node.6.llc.avg_miss_lat = 1200.45
stat.node.6.llc.avg_cxl_lat = 1200.45
stat.node.6.llc.miss_lat_hist_bin_ns = 10
stat.node.6.llc.miss_lat_hist = [0,0,0,0,0,0,0,0,0,0,0,0,0,0,0,0,0,0,0,0,0,0,0,0,0,0,0,0,0,0,0,0,0,0,0,0,0,4,5,21,15,5,3,3,2,10,11,47,20,10,5,7,9,4,3,7,84,23,2]
stat.node.6.util.dram_avg = 2.11706e-05
stat.node.6.walltime_s = 13.1684
stat.node.6.active_time_s = 6.98333
stat.node.2.cpu.0.load_issue_to_complete_count = 299
stat.node.2.cpu.0.avg_load_issue_to_complete_lat = 1569.82
stat.node.2.injector.phase_cycles = 471275
stat.node.2.injector.request_bytes = 71264
stat.node.2.injector.response_bytes = 128704
stat.node.2.injector.aggregate_bytes = 199968
stat.node.2.injector.request_gbps = 2.90333
stat.node.2.injector.response_gbps = 5.24347
stat.node.2.injector.aggregate_gbps = 8.14681
stat.node.2.llc.cxl_miss = 300
stat.node.2.llc.total_miss = 300
stat.node.2.llc.avg_miss_lat = 1192.37
stat.node.2.llc.avg_cxl_lat = 1192.37
stat.node.2.llc.miss_lat_hist_bin_ns = 10
stat.node.2.llc.miss_lat_hist = [0,0,0,0,0,0,0,0,0,0,0,0,0,0,0,0,0,0,0,0,0,0,0,0,0,0,0,0,0,0,0,0,0,0,0,0,3,2,2,27,16,1,4,8,2,4,10,51,26,10,6,9,1,6,1,10,81,18,2]
stat.node.2.util.dram_avg = 2.11701e-05
stat.node.2.walltime_s = 13.1688
stat.node.2.active_time_s = 7.05182
stat.pool.100.util.mem_avg = 0.21834
stat.pool.100.util.req_link_avg = 0.49058
stat.pool.100.walltime_s = 13.1688
stat.pool.100.active_time_s = 0.44416
stat.switch.replicated_messages = 0
stat.switch.util.node_ingress_avg = 0.0613333
stat.switch.util.pool_ingress_avg = 0.998763
stat.switch.bw.host_to_switch_gbps = 3.01465
stat.switch.bw.switch_to_host_gbps = 6.13641
stat.switch.bw.host_link_total_gbps = 9.15107
stat.switch.walltime_s = 13.1689
stat.switch.active_time_s = 0.836347
Simulation is complete, simulated time: 472.742 us
