stat.node.0.cpu.0.retired = 805
stat.node.0.cpu.0.cycles = 1000000
stat.node.1.cpu.0.retired = 816
stat.node.1.cpu.0.cycles = 1000000
stat.node.2.cpu.0.retired = 809
stat.node.2.cpu.0.cycles = 1000000
stat.node.3.cpu.0.retired = 810
stat.node.4.cpu.0.retired = 813
stat.node.4.cpu.0.cycles = 1000000
stat.node.5.cpu.0.retired = 805
stat.node.5.cpu.0.cycles = 1000000
stat.node.6.cpu.0.retired = 809
stat.node.6.cpu.0.cycles = 1000000
stat.node.7.cpu.0.retired = 805
stat.node.7.cpu.0.cycles = 1000000
stat.node.3.cpu.0.cycles = 1000000
stat.node.1.cpu.0.load_issue_to_complete_count = 499
stat.node.1.cpu.0.avg_load_issue_to_complete_lat = 979.651
stat.node.1.injector.phase_cycles = 491221
stat.node.1.injector.request_bytes = 117952
stat.node.1.injector.response_bytes = 149056
stat.node.1.injector.aggregate_bytes = 267008
stat.node.1.injector.request_gbps = 4.6103
stat.node.1.injector.response_gbps = 5.82604
stat.node.1.injector.aggregate_gbps = 10.4363
stat.node.1.llc.cxl_miss = 500
stat.node.1.llc.total_miss = 500
stat.node.1.llc.avg_miss_lat = 743.436
stat.node.1.llc.avg_cxl_lat = 743.436
stat.node.1.llc.miss_lat_hist_bin_ns = 10
stat.node.1.llc.miss_lat_hist = [0,0,0,0,0,0,0,0,0,0,0,0,0,0,0,0,0,0,0,0,0,0,0,0,0,0,52,10,108,48,15,49,77,73,36,2,2,20,8]
stat.node.1.util.dram_avg = 2.04489e-05
stat.node.1.walltime_s = 775.514
stat.node.1.active_time_s = 27.2964
stat.node.4.cpu.0.load_issue_to_complete_count = 499
stat.node.4.cpu.0.avg_load_issue_to_complete_lat = 988.547
stat.node.4.injector.phase_cycles = 495686
stat.node.4.injector.request_bytes = 119016
stat.node.4.injector.response_bytes = 150400
stat.node.4.injector.aggregate_bytes = 269416
stat.node.4.injector.request_gbps = 4.60999
stat.node.4.injector.response_gbps = 5.82562
stat.node.4.injector.aggregate_gbps = 10.4356
stat.node.4.llc.cxl_miss = 500
stat.node.4.llc.total_miss = 500
stat.node.4.llc.avg_miss_lat = 752.474
stat.node.4.llc.avg_cxl_lat = 752.474
stat.node.4.llc.miss_lat_hist_bin_ns = 10
stat.node.4.llc.miss_lat_hist = [0,0,0,0,0,0,0,0,0,0,0,0,0,0,0,0,0,0,0,0,0,0,0,0,0,0,105,3,5,9,33,85,89,85,51,22,12,0,1]
stat.node.4.util.dram_avg = 2.03605e-05
stat.node.4.walltime_s = 776.227
stat.node.4.active_time_s = 19.4682
stat.node.3.cpu.0.load_issue_to_complete_count = 499
stat.node.3.cpu.0.avg_load_issue_to_complete_lat = 991.026
stat.node.3.injector.phase_cycles = 496916
stat.node.3.injector.request_bytes = 119320
stat.node.3.injector.response_bytes = 150784
stat.node.3.injector.aggregate_bytes = 270104
stat.node.3.injector.request_gbps = 4.61032
stat.node.3.injector.response_gbps = 5.82604
stat.node.3.injector.aggregate_gbps = 10.4364
stat.node.3.llc.cxl_miss = 500
stat.node.3.llc.total_miss = 500
stat.node.3.llc.avg_miss_lat = 755.72
stat.node.3.llc.avg_cxl_lat = 755.72
stat.node.3.llc.miss_lat_hist_bin_ns = 10
stat.node.3.llc.miss_lat_hist = [0,0,0,0,0,0,0,0,0,0,0,0,0,0,0,0,0,0,0,0,0,0,0,0,0,0,36,6,6,137,16,47,104,83,33,8,17,6,1]
stat.node.3.util.dram_avg = 2.03174e-05
stat.node.3.walltime_s = 776.926
stat.node.3.active_time_s = 24.9044
stat.node.6.cpu.0.load_issue_to_complete_count = 499
stat.node.6.cpu.0.avg_load_issue_to_complete_lat = 995.625
stat.node.6.injector.phase_cycles = 499215
stat.node.6.injector.request_bytes = 119928
stat.node.6.injector.response_bytes = 151488
stat.node.6.injector.aggregate_bytes = 271416
stat.node.6.injector.request_gbps = 4.61248
stat.node.6.injector.response_gbps = 5.82629
stat.node.6.injector.aggregate_gbps = 10.4388
stat.node.6.llc.cxl_miss = 500
stat.node.6.llc.total_miss = 500
stat.node.6.llc.avg_miss_lat = 760.802
stat.node.6.llc.avg_cxl_lat = 760.802
stat.node.6.llc.miss_lat_hist_bin_ns = 10
stat.node.6.llc.miss_lat_hist = [0,0,0,0,0,0,0,0,0,0,0,0,0,0,0,0,0,0,0,0,0,0,0,0,0,0,67,4,2,10,102,60,92,75,40,21,10,14,2,1]
stat.node.6.util.dram_avg = 2.02957e-05
stat.node.6.walltime_s = 776.967
stat.node.6.active_time_s = 19.6286
stat.node.2.cpu.0.load_issue_to_complete_count = 499
stat.node.2.cpu.0.avg_load_issue_to_complete_lat = 995.216
stat.node.2.injector.phase_cycles = 498988
stat.node.2.injector.request_bytes = 119920
stat.node.2.injector.response_bytes = 151424
stat.node.2.injector.aggregate_bytes = 271344
stat.node.2.injector.request_gbps = 4.61427
stat.node.2.injector.response_gbps = 5.82647
stat.node.2.injector.aggregate_gbps = 10.4407
stat.node.2.llc.cxl_miss = 500
stat.node.2.llc.total_miss = 500
stat.node.2.llc.avg_miss_lat = 760.218
stat.node.2.llc.avg_cxl_lat = 760.218
stat.node.2.llc.miss_lat_hist_bin_ns = 10
stat.node.2.llc.miss_lat_hist = [0,0,0,0,0,0,0,0,0,0,0,0,0,0,0,0,0,0,0,0,0,0,0,0,0,0,89,0,0,4,11,100,108,92,90,5,1]
stat.node.2.util.dram_avg = 2.02887e-05
stat.node.2.walltime_s = 777.637
stat.node.2.active_time_s = 20.1538
stat.node.0.cpu.0.load_issue_to_complete_count = 499
stat.node.0.cpu.0.avg_load_issue_to_complete_lat = 1002.13
stat.node.0.injector.phase_cycles = 502419
stat.node.0.injector.request_bytes = 120688
stat.node.0.injector.response_bytes = 152448
stat.node.0.injector.aggregate_bytes = 273136
stat.node.0.injector.request_gbps = 4.61211
stat.node.0.injector.response_gbps = 5.82582
stat.node.0.injector.aggregate_gbps = 10.4379
stat.node.0.llc.cxl_miss = 500
stat.node.0.llc.total_miss = 500
stat.node.0.llc.avg_miss_lat = 767.516
stat.node.0.llc.avg_cxl_lat = 767.516
stat.node.0.llc.miss_lat_hist_bin_ns = 10
stat.node.0.llc.miss_lat_hist = [0,0,0,0,0,0,0,0,0,0,0,0,0,0,0,0,0,0,0,0,0,0,0,0,0,0,73,1,0,2,13,107,90,82,92,40]
stat.node.0.util.dram_avg = 2.02194e-05
stat.node.0.walltime_s = 778.298
stat.node.0.active_time_s = 18.9884
stat.node.5.cpu.0.load_issue_to_complete_count = 499
stat.node.5.cpu.0.avg_load_issue_to_complete_lat = 1004.55
stat.node.5.injector.phase_cycles = 503654
stat.node.5.injector.request_bytes = 120992
stat.node.5.injector.response_bytes = 152832
stat.node.5.injector.aggregate_bytes = 273824
stat.node.5.injector.request_gbps = 4.61239
stat.node.5.injector.response_gbps = 5.82617
stat.node.5.injector.aggregate_gbps = 10.4386
stat.node.5.llc.cxl_miss = 500
stat.node.5.llc.total_miss = 500
stat.node.5.llc.avg_miss_lat = 768.992
stat.node.5.llc.avg_cxl_lat = 768.992
stat.node.5.llc.miss_lat_hist_bin_ns = 10
stat.node.5.llc.miss_lat_hist = [0,0,0,0,0,0,0,0,0,0,0,0,0,0,0,0,0,0,0,0,0,0,0,0,0,0,65,3,0,1,2,56,180,137,56]
stat.node.5.util.dram_avg = 2.01984e-05
stat.node.5.walltime_s = 778.393
stat.node.5.active_time_s = 22.6229
stat.node.7.cpu.0.load_issue_to_complete_count = 499
stat.node.7.cpu.0.avg_load_issue_to_complete_lat = 1001.15
stat.node.7.injector.phase_cycles = 501770
stat.node.7.injector.request_bytes = 120536
stat.node.7.injector.response_bytes = 152256
stat.node.7.injector.aggregate_bytes = 272792
stat.node.7.injector.request_gbps = 4.61226
stat.node.7.injector.response_gbps = 5.82601
stat.node.7.injector.aggregate_gbps = 10.4383
stat.node.7.llc.cxl_miss = 500
stat.node.7.llc.total_miss = 500
stat.node.7.llc.avg_miss_lat = 765.172
stat.node.7.llc.avg_cxl_lat = 765.172
stat.node.7.llc.miss_lat_hist_bin_ns = 10
stat.node.7.llc.miss_lat_hist = [0,0,0,0,0,0,0,0,0,0,0,0,0,0,0,0,0,0,0,0,0,0,0,0,0,0,74,3,0,1,8,59,154,163,35,3]
stat.node.7.util.dram_avg = 2.01838e-05
stat.node.7.walltime_s = 778.574
stat.node.7.active_time_s = 24.4468
stat.pool.101.util.mem_avg = 0.193758
stat.pool.101.util.req_link_avg = 0.704308
stat.pool.101.walltime_s = 778.574
stat.pool.101.active_time_s = 0.789794
stat.pool.100.util.mem_avg = 0.193759
stat.pool.100.util.req_link_avg = 0.704308
stat.pool.100.walltime_s = 778.574
stat.pool.100.active_time_s = 0.773822
stat.switch.replicated_messages = 60128
stat.switch.util.node_ingress_avg = 0.0971095
stat.switch.util.pool_ingress_avg = 0.579108
stat.switch.bw.host_to_switch_gbps = 4.77358
stat.switch.bw.switch_to_host_gbps = 7.11632
stat.switch.bw.host_link_total_gbps = 11.8899
stat.switch.walltime_s = 778.574
stat.switch.active_time_s = 2.83978
Simulation is complete, simulated time: 495.843 us
