stat.node.0.cpu.0.retired = 489
stat.node.0.cpu.0.cycles = 1000000
stat.node.1.cpu.0.retired = 489
stat.node.1.cpu.0.cycles = 1000000
stat.node.2.cpu.0.retired = 489
stat.node.2.cpu.0.cycles = 1000000
stat.node.3.cpu.0.retired = 488
stat.node.3.cpu.0.cycles = 1000000
stat.node.4.cpu.0.retired = 489
stat.node.4.cpu.0.cycles = 1000000
stat.node.5.cpu.0.retired = 489
stat.node.5.cpu.0.cycles = 1000000
stat.node.6.cpu.0.retired = 489
stat.node.6.cpu.0.cycles = 1000000
stat.node.7.cpu.0.retired = 489
stat.node.7.cpu.0.cycles = 1000000
stat.node.5.cpu.0.load_issue_to_complete_count = 299
stat.node.5.cpu.0.avg_load_issue_to_complete_lat = 1625.76
stat.node.5.injector.phase_cycles = 487800
stat.node.5.injector.request_bytes = 106088
stat.node.5.injector.response_bytes = 134016
stat.node.5.injector.aggregate_bytes = 240104
stat.node.5.injector.request_gbps = 4.17567
stat.node.5.injector.response_gbps = 5.27492
stat.node.5.injector.aggregate_gbps = 9.45059
stat.node.5.llc.cxl_miss = 300
stat.node.5.llc.total_miss = 300
stat.node.5.llc.avg_miss_lat = 1213.2
stat.node.5.llc.avg_cxl_lat = 1213.2
stat.node.5.llc.miss_lat_hist_bin_ns = 10
stat.node.5.llc.miss_lat_hist = [0,0,0,0,0,0,0,0,0,0,0,0,0,0,0,0,0,0,0,0,0,0,0,0,0,0,0,0,0,0,0,0,0,0,0,0,0,0,0,0,0,0,0,0,0,0,0,129,24,29,25,6,2,5,25,9,39,1,0,3,1,2]
stat.node.5.util.dram_avg = 2.05562e-05
stat.node.5.walltime_s = 170.715
stat.node.5.active_time_s = 22.1127
stat.node.4.cpu.0.load_issue_to_complete_count = 299
stat.node.4.cpu.0.avg_load_issue_to_complete_lat = 1625.76
stat.node.4.injector.phase_cycles = 487800
stat.node.4.injector.request_bytes = 106088
stat.node.4.injector.response_bytes = 134016
stat.node.4.injector.aggregate_bytes = 240104
stat.node.4.injector.request_gbps = 4.17567
stat.node.4.injector.response_gbps = 5.27492
stat.node.4.injector.aggregate_gbps = 9.45059
stat.node.4.llc.cxl_miss = 300
stat.node.4.llc.total_miss = 300
stat.node.4.llc.avg_miss_lat = 1210.7
stat.node.4.llc.avg_cxl_lat = 1210.7
stat.node.4.llc.miss_lat_hist_bin_ns = 10
stat.node.4.llc.miss_lat_hist = [0,0,0,0,0,0,0,0,0,0,0,0,0,0,0,0,0,0,0,0,0,0,0,0,0,0,0,0,0,0,0,0,0,0,0,0,0,0,0,0,0,0,0,0,0,0,0,145,33,11,19,11,4,0,10,6,53,0,0,1,6,1]
stat.node.4.util.dram_avg = 2.05557e-05
stat.node.4.walltime_s = 170.724
stat.node.4.active_time_s = 14.305
stat.node.6.cpu.0.load_issue_to_complete_count = 299
stat.node.6.cpu.0.avg_load_issue_to_complete_lat = 1624.5
stat.node.6.injector.phase_cycles = 487750
stat.node.6.injector.request_bytes = 106096
stat.node.6.injector.response_bytes = 134016
stat.node.6.injector.aggregate_bytes = 240112
stat.node.6.injector.request_gbps = 4.17641
stat.node.6.injector.response_gbps = 5.27546
stat.node.6.injector.aggregate_gbps = 9.45187
stat.node.6.llc.cxl_miss = 300
stat.node.6.llc.total_miss = 300
stat.node.6.llc.avg_miss_lat = 1211.54
stat.node.6.llc.avg_cxl_lat = 1211.54
stat.node.6.llc.miss_lat_hist_bin_ns = 10
stat.node.6.llc.miss_lat_hist = [0,0,0,0,0,0,0,0,0,0,0,0,0,0,0,0,0,0,0,0,0,0,0,0,0,0,0,0,0,0,0,0,0,0,0,0,0,0,0,0,0,0,0,0,0,0,5,126,60,11,7,1,5,1,5,14,57,4,0,1,0,3]
stat.node.6.util.dram_avg = 2.05553e-05
stat.node.6.walltime_s = 170.713
stat.node.6.active_time_s = 16.2082
stat.node.7.cpu.0.load_issue_to_complete_count = 299
stat.node.7.cpu.0.avg_load_issue_to_complete_lat = 1623.75
stat.node.7.injector.phase_cycles = 487200
stat.node.7.injector.request_bytes = 105952
stat.node.7.injector.response_bytes = 133824
stat.node.7.injector.aggregate_bytes = 239776
stat.node.7.injector.request_gbps = 4.17545
stat.node.7.injector.response_gbps = 5.27385
stat.node.7.injector.aggregate_gbps = 9.4493
stat.node.7.llc.cxl_miss = 300
stat.node.7.llc.total_miss = 300
stat.node.7.llc.avg_miss_lat = 1207.45
stat.node.7.llc.avg_cxl_lat = 1207.45
stat.node.7.llc.miss_lat_hist_bin_ns = 10
stat.node.7.llc.miss_lat_hist = [0,0,0,0,0,0,0,0,0,0,0,0,0,0,0,0,0,0,0,0,0,0,0,0,0,0,0,0,0,0,0,0,0,0,0,0,0,0,0,0,0,0,0,0,0,0,0,156,45,8,4,1,3,6,1,3,68,1,1,0,1,2]
stat.node.7.util.dram_avg = 2.05548e-05
stat.node.7.walltime_s = 170.709
stat.node.7.active_time_s = 22.6552
stat.node.0.cpu.0.load_issue_to_complete_count = 299
stat.node.0.cpu.0.avg_load_issue_to_complete_lat = 1623.75
stat.node.0.injector.phase_cycles = 487200
stat.node.0.injector.request_bytes = 105944
stat.node.0.injector.response_bytes = 133824
stat.node.0.injector.aggregate_bytes = 239768
stat.node.0.injector.request_gbps = 4.17513
stat.node.0.injector.response_gbps = 5.27385
stat.node.0.injector.aggregate_gbps = 9.44899
stat.node.0.llc.cxl_miss = 300
stat.node.0.llc.total_miss = 300
stat.node.0.llc.avg_miss_lat = 1207.7
stat.node.0.llc.avg_cxl_lat = 1207.7
stat.node.0.llc.miss_lat_hist_bin_ns = 10
stat.node.0.llc.miss_lat_hist = [0,0,0,0,0,0,0,0,0,0,0,0,0,0,0,0,0,0,0,0,0,0,0,0,0,0,0,0,0,0,0,0,0,0,0,0,0,0,0,0,0,0,0,0,0,0,0,163,46,3,3,0,1,1,0,4,74,0,0,1,1,2,1]
stat.node.0.util.dram_avg = 2.05544e-05
stat.node.0.walltime_s = 170.726
stat.node.0.active_time_s = 14.3529
stat.node.1.cpu.0.load_issue_to_complete_count = 299
stat.node.1.cpu.0.avg_load_issue_to_complete_lat = 1625.76
stat.node.1.injector.phase_cycles = 487800
stat.node.1.injector.request_bytes = 106096
stat.node.1.injector.response_bytes = 134016
stat.node.1.injector.aggregate_bytes = 240112
stat.node.1.injector.request_gbps = 4.17598
stat.node.1.injector.response_gbps = 5.27492
stat.node.1.injector.aggregate_gbps = 9.4509
stat.node.1.llc.cxl_miss = 300
stat.node.1.llc.total_miss = 300
stat.node.1.llc.avg_miss_lat = 1209.7
stat.node.1.llc.avg_cxl_lat = 1209.7
stat.node.1.llc.miss_lat_hist_bin_ns = 10
stat.node.1.llc.miss_lat_hist = [0,0,0,0,0,0,0,0,0,0,0,0,0,0,0,0,0,0,0,0,0,0,0,0,0,0,0,0,0,0,0,0,0,0,0,0,0,0,0,0,0,0,0,0,0,0,0,158,44,5,5,1,1,2,1,4,73,0,1,1,0,4]
stat.node.1.util.dram_avg = 2.05434e-05
stat.node.1.walltime_s = 170.738
stat.node.1.active_time_s = 19.9847
stat.node.2.cpu.0.load_issue_to_complete_count = 299
stat.node.2.cpu.0.avg_load_issue_to_complete_lat = 1623.58
stat.node.2.injector.phase_cycles = 487200
stat.node.2.injector.request_bytes = 105952
stat.node.2.injector.response_bytes = 133824
stat.node.2.injector.aggregate_bytes = 239776
stat.node.2.injector.request_gbps = 4.17545
stat.node.2.injector.response_gbps = 5.27385
stat.node.2.injector.aggregate_gbps = 9.4493
stat.node.2.llc.cxl_miss = 300
stat.node.2.llc.total_miss = 300
stat.node.2.llc.avg_miss_lat = 1210.87
stat.node.2.llc.avg_cxl_lat = 1210.87
stat.node.2.llc.miss_lat_hist_bin_ns = 10
stat.node.2.llc.miss_lat_hist = [0,0,0,0,0,0,0,0,0,0,0,0,0,0,0,0,0,0,0,0,0,0,0,0,0,0,0,0,0,0,0,0,0,0,0,0,0,0,0,0,0,0,0,0,0,0,0,122,53,22,17,3,2,8,8,13,46,0,0,0,0,6]
stat.node.2.util.dram_avg = 2.0543e-05
stat.node.2.walltime_s = 170.739
stat.node.2.active_time_s = 14.7447
stat.node.3.cpu.0.load_issue_to_complete_count = 299
stat.node.3.cpu.0.avg_load_issue_to_complete_lat = 1623.58
stat.node.3.injector.phase_cycles = 487200
stat.node.3.injector.request_bytes = 105944
stat.node.3.injector.response_bytes = 133824
stat.node.3.injector.aggregate_bytes = 239768
stat.node.3.injector.request_gbps = 4.17513
stat.node.3.injector.response_gbps = 5.27385
stat.node.3.injector.aggregate_gbps = 9.44899
stat.node.3.llc.cxl_miss = 300
stat.node.3.llc.total_miss = 300
stat.node.3.llc.avg_miss_lat = 1210.79
stat.node.3.llc.avg_cxl_lat = 1210.79
stat.node.3.llc.miss_lat_hist_bin_ns = 10
stat.node.3.llc.miss_lat_hist = [0,0,0,0,0,0,0,0,0,0,0,0,0,0,0,0,0,0,0,0,0,0,0,0,0,0,0,0,0,0,0,0,0,0,0,0,0,0,0,0,0,0,0,0,0,0,0,117,59,21,15,3,1,8,8,16,48,1,0,0,2,1]
stat.node.3.util.dram_avg = 2.05425e-05
stat.node.3.walltime_s = 170.739
stat.node.3.active_time_s = 23.27
stat.pool.100.util.mem_avg = 0.251405
stat.pool.100.util.req_link_avg = 0.696979
stat.pool.100.walltime_s = 170.736
stat.pool.100.active_time_s = 1.47097
stat.switch.replicated_messages = 0
stat.switch.util.node_ingress_avg = 0.0871421
stat.switch.util.pool_ingress_avg = 0.999005
stat.switch.bw.host_to_switch_gbps = 4.2841
stat.switch.bw.switch_to_host_gbps = 6.1379
stat.switch.bw.host_link_total_gbps = 10.422
stat.switch.walltime_s = 170.736
stat.switch.active_time_s = 2.62788
Simulation is complete, simulated time: 487.184 us
