stat.node.4.cpu.0.retired = 630
stat.node.4.cpu.0.cycles = 1000000
stat.node.5.cpu.0.retired = 636
stat.node.5.cpu.0.cycles = 1000000
stat.node.6.cpu.0.retired = 632
stat.node.6.cpu.0.cycles = 1000000
stat.node.7.cpu.0.retired = 633
stat.node.7.cpu.0.cycles = 1000000
stat.node.0.cpu.0.retired = 636
stat.node.0.cpu.0.cycles = 1000000
stat.node.2.cpu.0.retired = 633
stat.node.2.cpu.0.cycles = 1000000
stat.node.1.cpu.0.retired = 628
stat.node.1.cpu.0.cycles = 1000000
stat.node.3.cpu.0.retired = 638
stat.node.3.cpu.0.cycles = 1000000
stat.node.3.cpu.0.load_issue_to_complete_count = 499
stat.node.3.cpu.0.avg_load_issue_to_complete_lat = 1231.17
stat.node.3.injector.phase_cycles = 617195
stat.node.3.injector.request_bytes = 41296
stat.node.3.injector.response_bytes = 110080
stat.node.3.injector.aggregate_bytes = 151376
stat.node.3.injector.request_gbps = 1.28466
stat.node.3.injector.response_gbps = 3.42442
stat.node.3.injector.aggregate_gbps = 4.70908
stat.node.3.llc.cxl_miss = 500
stat.node.3.llc.total_miss = 500
stat.node.3.llc.avg_miss_lat = 986.086
stat.node.3.llc.avg_cxl_lat = 986.086
stat.node.3.llc.miss_lat_hist_bin_ns = 10
stat.node.3.llc.miss_lat_hist = [0,0,0,0,0,0,0,0,0,0,0,0,0,0,0,0,0,0,0,0,0,0,0,0,0,0,42,1,1,3,10,57,11,1,5,3,7,11,17,26,14,11,16,15,20,25,31,54,65,36,14,1,1,2]
stat.node.3.util.dram_avg = 1.66144e-05
stat.node.3.walltime_s = 30.8421
stat.node.3.active_time_s = 17.9798
stat.node.0.cpu.0.load_issue_to_complete_count = 499
stat.node.0.cpu.0.avg_load_issue_to_complete_lat = 1229.05
stat.node.0.injector.phase_cycles = 615986
stat.node.0.injector.request_bytes = 41200
stat.node.0.injector.response_bytes = 109888
stat.node.0.injector.aggregate_bytes = 151088
stat.node.0.injector.request_gbps = 1.28419
stat.node.0.injector.response_gbps = 3.42516
stat.node.0.injector.aggregate_gbps = 4.70934
stat.node.0.llc.cxl_miss = 500
stat.node.0.llc.total_miss = 500
stat.node.0.llc.avg_miss_lat = 987.074
stat.node.0.llc.avg_cxl_lat = 987.074
stat.node.0.llc.miss_lat_hist_bin_ns = 10
stat.node.0.llc.miss_lat_hist = [0,0,0,0,0,0,0,0,0,0,0,0,0,0,0,0,0,0,0,0,0,0,0,0,0,0,40,4,0,0,9,49,13,3,2,8,9,10,18,27,17,21,10,14,17,36,25,54,71,21,17,4,1]
stat.node.0.util.dram_avg = 1.65956e-05
stat.node.0.walltime_s = 30.8714
stat.node.0.active_time_s = 16.4796
stat.node.5.cpu.0.load_issue_to_complete_count = 499
stat.node.5.cpu.0.avg_load_issue_to_complete_lat = 1240.59
stat.node.5.injector.phase_cycles = 621572
stat.node.5.injector.request_bytes = 41584
stat.node.5.injector.response_bytes = 110848
stat.node.5.injector.aggregate_bytes = 152432
stat.node.5.injector.request_gbps = 1.28451
stat.node.5.injector.response_gbps = 3.42403
stat.node.5.injector.aggregate_gbps = 4.70854
stat.node.5.llc.cxl_miss = 500
stat.node.5.llc.total_miss = 500
stat.node.5.llc.avg_miss_lat = 995.718
stat.node.5.llc.avg_cxl_lat = 995.718
stat.node.5.llc.miss_lat_hist_bin_ns = 10
stat.node.5.llc.miss_lat_hist = [0,0,0,0,0,0,0,0,0,0,0,0,0,0,0,0,0,0,0,0,0,0,0,0,0,0,44,1,3,2,15,41,10,0,0,5,9,9,16,18,26,12,9,18,21,27,26,57,71,32,24,2,1,1]
stat.node.5.util.dram_avg = 1.65484e-05
stat.node.5.walltime_s = 30.9456
stat.node.5.active_time_s = 17.6034
stat.node.2.cpu.0.load_issue_to_complete_count = 499
stat.node.2.cpu.0.avg_load_issue_to_complete_lat = 1235.29
stat.node.2.injector.phase_cycles = 619279
stat.node.2.injector.request_bytes = 41456
stat.node.2.injector.response_bytes = 110528
stat.node.2.injector.aggregate_bytes = 151984
stat.node.2.injector.request_gbps = 1.28529
stat.node.2.injector.response_gbps = 3.42679
stat.node.2.injector.aggregate_gbps = 4.71208
stat.node.2.llc.cxl_miss = 500
stat.node.2.llc.total_miss = 500
stat.node.2.llc.avg_miss_lat = 992.21
stat.node.2.llc.avg_cxl_lat = 992.21
stat.node.2.llc.miss_lat_hist_bin_ns = 10
stat.node.2.llc.miss_lat_hist = [0,0,0,0,0,0,0,0,0,0,0,0,0,0,0,0,0,0,0,0,0,0,0,0,0,0,41,3,1,0,9,46,11,5,1,8,6,15,17,20,15,22,11,18,17,30,22,52,77,38,10,4,1]
stat.node.2.util.dram_avg = 1.65412e-05
stat.node.2.walltime_s = 30.957
stat.node.2.active_time_s = 16.4367
stat.node.7.cpu.0.load_issue_to_complete_count = 499
stat.node.7.cpu.0.avg_load_issue_to_complete_lat = 1243.92
stat.node.7.injector.phase_cycles = 623206
stat.node.7.injector.request_bytes = 41680
stat.node.7.injector.response_bytes = 111168
stat.node.7.injector.aggregate_bytes = 152848
stat.node.7.injector.request_gbps = 1.2841
stat.node.7.injector.response_gbps = 3.42491
stat.node.7.injector.aggregate_gbps = 4.70901
stat.node.7.llc.cxl_miss = 500
stat.node.7.llc.total_miss = 500
stat.node.7.llc.avg_miss_lat = 1001.83
stat.node.7.llc.avg_cxl_lat = 1001.83
stat.node.7.llc.miss_lat_hist_bin_ns = 10
stat.node.7.llc.miss_lat_hist = [0,0,0,0,0,0,0,0,0,0,0,0,0,0,0,0,0,0,0,0,0,0,0,0,0,0,40,3,0,0,11,39,6,6,4,5,6,12,14,30,20,19,5,15,18,30,15,68,70,43,17,1,2,1]
stat.node.7.util.dram_avg = 1.65134e-05
stat.node.7.walltime_s = 31.0009
stat.node.7.active_time_s = 17.9922
stat.node.4.cpu.0.load_issue_to_complete_count = 499
stat.node.4.cpu.0.avg_load_issue_to_complete_lat = 1238.67
stat.node.4.injector.phase_cycles = 620788
stat.node.4.injector.request_bytes = 41560
stat.node.4.injector.response_bytes = 110784
stat.node.4.injector.aggregate_bytes = 152344
stat.node.4.injector.request_gbps = 1.28539
stat.node.4.injector.response_gbps = 3.42638
stat.node.4.injector.aggregate_gbps = 4.71176
stat.node.4.llc.cxl_miss = 500
stat.node.4.llc.total_miss = 500
stat.node.4.llc.avg_miss_lat = 993.614
stat.node.4.llc.avg_cxl_lat = 993.614
stat.node.4.llc.miss_lat_hist_bin_ns = 10
stat.node.4.llc.miss_lat_hist = [0,0,0,0,0,0,0,0,0,0,0,0,0,0,0,0,0,0,0,0,0,0,0,0,0,0,39,2,2,0,18,38,11,4,5,7,5,12,13,30,17,14,13,19,14,31,23,53,74,35,15,3,1,1,1]
stat.node.4.util.dram_avg = 1.64918e-05
stat.node.4.walltime_s = 31.035
stat.node.4.active_time_s = 15.3895
stat.node.6.cpu.0.load_issue_to_complete_count = 499
stat.node.6.cpu.0.avg_load_issue_to_complete_lat = 1246.24
stat.node.6.injector.phase_cycles = 624766
stat.node.6.injector.request_bytes = 41776
stat.node.6.injector.response_bytes = 111488
stat.node.6.injector.aggregate_bytes = 153264
stat.node.6.injector.request_gbps = 1.28384
stat.node.6.injector.response_gbps = 3.42619
stat.node.6.injector.aggregate_gbps = 4.71003
stat.node.6.llc.cxl_miss = 500
stat.node.6.llc.total_miss = 500
stat.node.6.llc.avg_miss_lat = 1002.22
stat.node.6.llc.avg_cxl_lat = 1002.22
stat.node.6.llc.miss_lat_hist_bin_ns = 10
stat.node.6.llc.miss_lat_hist = [0,0,0,0,0,0,0,0,0,0,0,0,0,0,0,0,0,0,0,0,0,0,0,0,0,0,39,1,0,0,15,42,11,2,3,2,5,15,20,24,17,16,7,16,18,29,20,59,66,42,22,3,6]
stat.node.6.util.dram_avg = 1.64627e-05
stat.node.6.walltime_s = 31.0812
stat.node.6.active_time_s = 16.3835
stat.node.1.cpu.0.load_issue_to_complete_count = 499
stat.node.1.cpu.0.avg_load_issue_to_complete_lat = 1240.89
stat.node.1.injector.phase_cycles = 622098
stat.node.1.injector.request_bytes = 41640
stat.node.1.injector.response_bytes = 111040
stat.node.1.injector.aggregate_bytes = 152680
stat.node.1.injector.request_gbps = 1.28515
stat.node.1.injector.response_gbps = 3.42706
stat.node.1.injector.aggregate_gbps = 4.71221
stat.node.1.llc.cxl_miss = 500
stat.node.1.llc.total_miss = 500
stat.node.1.llc.avg_miss_lat = 997.688
stat.node.1.llc.avg_cxl_lat = 997.688
stat.node.1.llc.miss_lat_hist_bin_ns = 10
stat.node.1.llc.miss_lat_hist = [0,0,0,0,0,0,0,0,0,0,0,0,0,0,0,0,0,0,0,0,0,0,0,0,0,0,38,1,2,1,12,47,12,4,1,6,8,12,20,21,11,11,14,12,23,24,29,50,78,34,23,2,4]
stat.node.1.util.dram_avg = 1.64437e-05
stat.node.1.walltime_s = 31.1114
stat.node.1.active_time_s = 18.8538
stat.pool.100.util.mem_avg = 0.13895
stat.pool.100.util.req_link_avg = 0.230497
stat.pool.100.walltime_s = 31.1115
stat.pool.100.active_time_s = 0.75725
stat.switch.replicated_messages = 0
stat.switch.util.node_ingress_avg = 0.0288168
stat.switch.util.pool_ingress_avg = 0.728951
stat.switch.bw.host_to_switch_gbps = 1.41703
stat.switch.bw.switch_to_host_gbps = 4.47868
stat.switch.bw.host_link_total_gbps = 5.89571
stat.switch.walltime_s = 31.1115
stat.switch.active_time_s = 2.0773
Simulation is complete, simulated time: 608.622 us
