stat.node.4.cpu.0.load_issue_to_complete_count = 299
stat.node.5.cpu.0.load_issue_to_complete_count = 299
stat.node.4.cpu.0.avg_load_issue_to_complete_lat = 1217.18
stat.node.4.injector.phase_cycles = 365294
stat.node.4.injector.request_bytes = 46920
stat.node.4.injector.response_bytes = 198720
stat.node.4.injector.aggregate_bytes = 245640
stat.node.4.injector.request_gbps = 2.46613
stat.node.4.injector.response_gbps = 10.4448
stat.node.4.injector.aggregate_gbps = 12.9109
stat.node.4.llc.cxl_miss = 300
stat.node.4.llc.total_miss = 300
stat.node.4.llc.avg_miss_lat = 851.783
stat.node.4.llc.avg_cxl_lat = 851.783
stat.node.4.llc.miss_lat_hist_bin_ns = 10
stat.node.4.llc.miss_lat_hist = [0,0,0,0,0,0,0,0,0,0,0,0,0,0,0,0,0,0,0,0,0,0,0,0,0,0,0,0,0,0,0,0,0,188,45,0,0,0,0,0,0,0,67]
stat.node.4.util.dram_avg = 2.73381e-05
stat.node.4.walltime_s = 455.998
stat.node.4.active_time_s = 12.1121
stat.node.5.cpu.0.avg_load_issue_to_complete_lat = 1217.18
stat.node.5.injector.phase_cycles = 365294
stat.node.5.injector.request_bytes = 46920
stat.node.5.injector.response_bytes = 198720
stat.node.5.injector.aggregate_bytes = 245640
stat.node.5.injector.request_gbps = 2.46613
stat.node.5.injector.response_gbps = 10.4448
stat.node.5.injector.aggregate_gbps = 12.9109
stat.node.5.llc.cxl_miss = 300
stat.node.5.llc.total_miss = 300
stat.node.5.llc.avg_miss_lat = 851.783
stat.node.5.llc.avg_cxl_lat = 851.783
stat.node.5.llc.miss_lat_hist_bin_ns = 10
stat.node.5.llc.miss_lat_hist = [0,0,0,0,0,0,0,0,0,0,0,0,0,0,0,0,0,0,0,0,0,0,0,0,0,0,0,0,0,0,0,0,0,188,45,0,0,0,0,0,0,0,67]
stat.node.5.util.dram_avg = 2.73381e-05
stat.node.5.walltime_s = 456.012
stat.node.5.active_time_s = 19.9049
stat.node.6.cpu.0.load_issue_to_complete_count = 299
stat.node.6.cpu.0.avg_load_issue_to_complete_lat = 1217.18
stat.node.6.injector.phase_cycles = 365294
stat.node.6.injector.request_bytes = 46920
stat.node.6.injector.response_bytes = 198720
stat.node.6.injector.aggregate_bytes = 245640
stat.node.6.injector.request_gbps = 2.46613
stat.node.6.injector.response_gbps = 10.4448
stat.node.6.injector.aggregate_gbps = 12.9109
stat.node.7.cpu.0.load_issue_to_complete_count = 299
stat.node.6.llc.cxl_miss = 300
stat.node.7.cpu.0.avg_load_issue_to_complete_lat = 1217.18
stat.node.7.injector.phase_cycles = 365294
stat.node.7.injector.request_bytes = 46920
stat.node.7.injector.response_bytes = 198720
stat.node.7.injector.aggregate_bytes = 245640
stat.node.6.llc.total_miss = 300
stat.node.6.llc.avg_miss_lat = 851.783
stat.node.6.llc.avg_cxl_lat = 851.783
stat.node.6.llc.miss_lat_hist_bin_ns = 10
stat.node.6.llc.miss_lat_hist = [0,0,0,0,0,0,0,0,0,0,0,0,0,0,0,0,0,0,0,0,0,0,0,0,0,0,0,0,0,0,0,0,0,188,45,0,0,0,0,0,0,0,67]
stat.node.6.util.dram_avg = 2.73373e-05
stat.node.7.injector.request_gbps = 2.46613
stat.node.7.injector.response_gbps = 10.4448
stat.node.7.injector.aggregate_gbps = 12.9109
stat.node.7.llc.cxl_miss = 300
stat.node.7.llc.total_miss = 300
stat.node.7.llc.avg_miss_lat = 851.783
stat.node.7.llc.avg_cxl_lat = 851.783
stat.node.7.llc.miss_lat_hist_bin_ns = 10
stat.node.6.walltime_s = 456.017
stat.node.6.active_time_s = 13.7809
stat.node.7.llc.miss_lat_hist = [0,0,0,0,0,0,0,0,0,0,0,0,0,0,0,0,0,0,0,0,0,0,0,0,0,0,0,0,0,0,0,0,0,188,45,0,0,0,0,0,0,0,67]
stat.node.7.util.dram_avg = 2.73373e-05
stat.node.7.walltime_s = 456.017
stat.node.7.active_time_s = 18.4656
stat.node.1.cpu.0.load_issue_to_complete_count = 299
stat.node.0.cpu.0.load_issue_to_complete_count = 299
stat.node.0.cpu.0.avg_load_issue_to_complete_lat = 1217.18
stat.node.1.cpu.0.avg_load_issue_to_complete_lat = 1217.18
stat.node.1.injector.phase_cycles = 365294
stat.node.1.injector.request_bytes = 46920
stat.node.1.injector.response_bytes = 198720
stat.node.1.injector.aggregate_bytes = 245640
stat.node.0.injector.phase_cycles = 365294
stat.node.0.injector.request_bytes = 46920
stat.node.0.injector.response_bytes = 198720
stat.node.0.injector.aggregate_bytes = 245640
stat.node.1.injector.request_gbps = 2.46613
stat.node.1.injector.response_gbps = 10.4448
stat.node.1.injector.aggregate_gbps = 12.9109
stat.node.1.llc.cxl_miss = 300
stat.node.1.llc.total_miss = 300
stat.node.1.llc.avg_miss_lat = 851.783
stat.node.1.llc.avg_cxl_lat = 851.783
stat.node.1.llc.miss_lat_hist_bin_ns = 10
stat.node.1.llc.miss_lat_hist = [0,0,0,0,0,0,0,0,0,0,0,0,0,0,0,0,0,0,0,0,0,0,0,0,0,0,0,0,0,0,0,0,0,188,45,0,0,0,0,0,0,0,67]
stat.node.1.util.dram_avg = 2.73365e-05
stat.node.1.walltime_s = 456.017
stat.node.1.active_time_s = 20.1177
stat.node.0.injector.request_gbps = 2.46613
stat.node.0.injector.response_gbps = 10.4448
stat.node.0.injector.aggregate_gbps = 12.9109
stat.node.0.llc.cxl_miss = 300
stat.node.0.llc.total_miss = 300
stat.node.0.llc.avg_miss_lat = 851.783
stat.node.0.llc.avg_cxl_lat = 851.783
stat.node.0.llc.miss_lat_hist_bin_ns = 10
stat.node.0.llc.miss_lat_hist = [0,0,0,0,0,0,0,0,0,0,0,0,0,0,0,0,0,0,0,0,0,0,0,0,0,0,0,0,0,0,0,0,0,188,45,0,0,0,0,0,0,0,67]
stat.node.0.util.dram_avg = 2.73365e-05
stat.node.0.walltime_s = 456.018
stat.node.0.active_time_s = 16.0202
stat.node.2.cpu.0.load_issue_to_complete_count = 299
stat.node.2.cpu.0.avg_load_issue_to_complete_lat = 1217.18
stat.node.2.injector.phase_cycles = 365294
stat.node.2.injector.request_bytes = 46920
stat.node.2.injector.response_bytes = 198720
stat.node.3.cpu.0.load_issue_to_complete_count = 299
stat.node.3.cpu.0.avg_load_issue_to_complete_lat = 1217.18
stat.node.3.injector.phase_cycles = 365294
stat.node.3.injector.request_bytes = 46920
stat.node.3.injector.response_bytes = 198720
stat.node.3.injector.aggregate_bytes = 245640
stat.node.3.injector.request_gbps = 2.46613
stat.node.3.injector.response_gbps = 10.4448
stat.node.3.injector.aggregate_gbps = 12.9109
stat.node.3.llc.cxl_miss = 300
stat.node.2.injector.aggregate_bytes = 245640
stat.node.2.injector.request_gbps = 2.46613
stat.node.2.injector.response_gbps = 10.4448
stat.node.2.injector.aggregate_gbps = 12.9109
stat.node.2.llc.cxl_miss = 300
stat.node.2.llc.total_miss = 300
stat.node.2.llc.avg_miss_lat = 851.783
stat.node.2.llc.avg_cxl_lat = 851.783
stat.node.2.llc.miss_lat_hist_bin_ns = 10
stat.node.2.llc.miss_lat_hist = [0,0,0,0,0,0,0,0,0,0,0,0,0,0,0,0,0,0,0,0,0,0,0,0,0,0,0,0,0,0,0,0,0,188,45,0,0,0,0,0,0,0,67]
stat.node.3.llc.total_miss = 300
stat.node.3.llc.avg_miss_lat = 851.783
stat.node.3.llc.avg_cxl_lat = 851.783
stat.node.3.llc.miss_lat_hist_bin_ns = 10
stat.node.2.util.dram_avg = 2.73357e-05
stat.node.2.walltime_s = 456.018
stat.node.2.active_time_s = 14.2286
stat.node.3.llc.miss_lat_hist = [0,0,0,0,0,0,0,0,0,0,0,0,0,0,0,0,0,0,0,0,0,0,0,0,0,0,0,0,0,0,0,0,0,188,45,0,0,0,0,0,0,0,67]
stat.node.3.util.dram_avg = 2.73357e-05
stat.node.3.walltime_s = 456.018
stat.node.3.active_time_s = 15.435
stat.pool.101.util.mem_avg = 0.181167
stat.pool.101.util.req_link_avg = 0.306821
stat.pool.101.walltime_s = 456.018
stat.pool.101.active_time_s = 0.671706
stat.pool.100.util.mem_avg = 0.181167
stat.pool.100.util.req_link_avg = 0.306822
stat.pool.100.walltime_s = 456.018
stat.pool.100.active_time_s = 0.841223
stat.switch.replicated_messages = 13264
stat.switch.util.node_ingress_avg = 0.0531043
stat.switch.util.pool_ingress_avg = 0.943071
stat.switch.bw.host_to_switch_gbps = 2.61023
stat.switch.bw.switch_to_host_gbps = 11.5882
stat.switch.bw.host_link_total_gbps = 14.1984
stat.switch.walltime_s = 456.018
stat.switch.active_time_s = 2.02392
Simulation is complete, simulated time: 366.114 us
