stat.node.1.cpu.0.load_issue_to_complete_count = 299
stat.node.1.cpu.0.avg_load_issue_to_complete_lat = 1028.64
stat.node.1.injector.phase_cycles = 308812
stat.node.1.injector.request_bytes = 194176
stat.node.1.injector.response_bytes = 0
stat.node.1.injector.aggregate_bytes = 194176
stat.node.1.injector.request_gbps = 12.0727
stat.node.1.injector.response_gbps = 0
stat.node.1.injector.aggregate_gbps = 12.0727
stat.node.1.llc.cxl_miss = 300
stat.node.1.llc.total_miss = 300
stat.node.1.llc.avg_miss_lat = 708.207
stat.node.1.llc.avg_cxl_lat = 708.207
stat.node.1.llc.miss_lat_hist_bin_ns = 10
stat.node.1.llc.miss_lat_hist = [0,0,0,0,0,0,0,0,0,0,0,0,0,0,0,0,0,0,0,0,0,0,0,0,0,0,2,77,70,29,43,50,23,4,2]
stat.node.1.util.dram_avg = 3.26693e-05
stat.node.1.walltime_s = 875.24
stat.node.1.active_time_s = 21.5389
stat.node.4.cpu.0.load_issue_to_complete_count = 299
stat.node.4.cpu.0.avg_load_issue_to_complete_lat = 1028.23
stat.node.4.injector.phase_cycles = 308679
stat.node.4.injector.request_bytes = 194112
stat.node.4.injector.response_bytes = 0
stat.node.4.injector.aggregate_bytes = 194112
stat.node.4.injector.request_gbps = 12.0739
stat.node.4.injector.response_gbps = 0
stat.node.4.injector.aggregate_gbps = 12.0739
stat.node.4.llc.cxl_miss = 300
stat.node.4.llc.total_miss = 300
stat.node.4.llc.avg_miss_lat = 707.533
stat.node.4.llc.avg_cxl_lat = 707.533
stat.node.4.llc.miss_lat_hist_bin_ns = 10
stat.node.4.llc.miss_lat_hist = [0,0,0,0,0,0,0,0,0,0,0,0,0,0,0,0,0,0,0,0,0,0,0,0,0,0,20,70,60,32,30,52,28,3,5]
stat.node.4.util.dram_avg = 3.26467e-05
stat.node.4.walltime_s = 875.33
stat.node.4.active_time_s = 13.3054
stat.node.0.cpu.0.load_issue_to_complete_count = 299
stat.node.0.cpu.0.avg_load_issue_to_complete_lat = 1030.32
stat.node.0.injector.phase_cycles = 309382
stat.node.0.injector.request_bytes = 194560
stat.node.0.injector.response_bytes = 0
stat.node.0.injector.aggregate_bytes = 194560
stat.node.0.injector.request_gbps = 12.0742
stat.node.0.injector.response_gbps = 0
stat.node.0.injector.aggregate_gbps = 12.0742
stat.node.0.llc.cxl_miss = 300
stat.node.0.llc.total_miss = 300
stat.node.0.llc.avg_miss_lat = 710.083
stat.node.0.llc.avg_cxl_lat = 710.083
stat.node.0.llc.miss_lat_hist_bin_ns = 10
stat.node.0.llc.miss_lat_hist = [0,0,0,0,0,0,0,0,0,0,0,0,0,0,0,0,0,0,0,0,0,0,0,0,0,0,5,65,61,46,43,51,20,8,1]
stat.node.0.util.dram_avg = 3.2635e-05
stat.node.0.walltime_s = 875.335
stat.node.0.active_time_s = 11.2252
stat.node.5.cpu.0.load_issue_to_complete_count = 299
stat.node.5.cpu.0.avg_load_issue_to_complete_lat = 1028.78
stat.node.5.injector.phase_cycles = 308853
stat.node.5.injector.request_bytes = 194176
stat.node.5.injector.response_bytes = 0
stat.node.5.injector.aggregate_bytes = 194176
stat.node.5.injector.request_gbps = 12.071
stat.node.5.injector.response_gbps = 0
stat.node.5.injector.aggregate_gbps = 12.071
stat.node.5.llc.cxl_miss = 300
stat.node.5.llc.total_miss = 300
stat.node.5.llc.avg_miss_lat = 708.893
stat.node.5.llc.avg_cxl_lat = 708.893
stat.node.5.llc.miss_lat_hist_bin_ns = 10
stat.node.5.llc.miss_lat_hist = [0,0,0,0,0,0,0,0,0,0,0,0,0,0,0,0,0,0,0,0,0,0,0,0,0,0,14,56,62,49,45,42,22,6,4]
stat.node.5.util.dram_avg = 3.2626e-05
stat.node.5.walltime_s = 875.331
stat.node.5.active_time_s = 20.5697
stat.node.3.cpu.0.load_issue_to_complete_count = 299
stat.node.3.cpu.0.avg_load_issue_to_complete_lat = 1032.45
stat.node.3.injector.phase_cycles = 310012
stat.node.3.injector.request_bytes = 194944
stat.node.3.injector.response_bytes = 0
stat.node.3.injector.aggregate_bytes = 194944
stat.node.3.injector.request_gbps = 12.0735
stat.node.3.injector.response_gbps = 0
stat.node.3.injector.aggregate_gbps = 12.0735
stat.node.3.llc.cxl_miss = 300
stat.node.3.llc.total_miss = 300
stat.node.3.llc.avg_miss_lat = 712.463
stat.node.3.llc.avg_cxl_lat = 712.463
stat.node.3.llc.miss_lat_hist_bin_ns = 10
stat.node.3.llc.miss_lat_hist = [0,0,0,0,0,0,0,0,0,0,0,0,0,0,0,0,0,0,0,0,0,0,0,0,0,0,5,58,67,41,43,58,22,4,2]
stat.node.3.util.dram_avg = 3.2608e-05
stat.node.3.walltime_s = 875.528
stat.node.3.active_time_s = 19.801
stat.node.6.cpu.0.load_issue_to_complete_count = 299
stat.node.6.cpu.0.avg_load_issue_to_complete_lat = 1030.37
stat.node.6.injector.phase_cycles = 309322
stat.node.6.injector.request_bytes = 194496
stat.node.6.injector.response_bytes = 0
stat.node.6.injector.aggregate_bytes = 194496
stat.node.6.injector.request_gbps = 12.0726
stat.node.6.injector.response_gbps = 0
stat.node.6.injector.aggregate_gbps = 12.0726
stat.node.6.llc.cxl_miss = 300
stat.node.6.llc.total_miss = 300
stat.node.6.llc.avg_miss_lat = 710.853
stat.node.6.llc.avg_cxl_lat = 710.853
stat.node.6.llc.miss_lat_hist_bin_ns = 10
stat.node.6.llc.miss_lat_hist = [0,0,0,0,0,0,0,0,0,0,0,0,0,0,0,0,0,0,0,0,0,0,0,0,0,0,8,47,78,45,44,50,21,5,1,1]
stat.node.6.util.dram_avg = 3.259e-05
stat.node.6.walltime_s = 875.972
stat.node.6.active_time_s = 10.6138
stat.node.2.cpu.0.load_issue_to_complete_count = 299
stat.node.2.cpu.0.avg_load_issue_to_complete_lat = 1027.81
stat.node.2.injector.phase_cycles = 308654
stat.node.2.injector.request_bytes = 194112
stat.node.2.injector.response_bytes = 0
stat.node.2.injector.aggregate_bytes = 194112
stat.node.2.injector.request_gbps = 12.0748
stat.node.2.injector.response_gbps = 0
stat.node.2.injector.aggregate_gbps = 12.0748
stat.node.2.llc.cxl_miss = 300
stat.node.2.llc.total_miss = 300
stat.node.2.llc.avg_miss_lat = 706.497
stat.node.2.llc.avg_cxl_lat = 706.497
stat.node.2.llc.miss_lat_hist_bin_ns = 10
stat.node.2.llc.miss_lat_hist = [0,0,0,0,0,0,0,0,0,0,0,0,0,0,0,0,0,0,0,0,0,0,0,0,0,0,18,74,58,30,40,51,23,2,2,2]
stat.node.2.util.dram_avg = 3.2571e-05
stat.node.2.walltime_s = 876.293
stat.node.2.active_time_s = 13.0801
stat.node.7.cpu.0.load_issue_to_complete_count = 299
stat.node.7.cpu.0.avg_load_issue_to_complete_lat = 1031.8
stat.node.7.injector.phase_cycles = 309866
stat.node.7.injector.request_bytes = 194816
stat.node.7.injector.response_bytes = 0
stat.node.7.injector.aggregate_bytes = 194816
stat.node.7.injector.request_gbps = 12.0712
stat.node.7.injector.response_gbps = 0
stat.node.7.injector.aggregate_gbps = 12.0712
stat.node.7.llc.cxl_miss = 300
stat.node.7.llc.total_miss = 300
stat.node.7.llc.avg_miss_lat = 710.4
stat.node.7.llc.avg_cxl_lat = 710.4
stat.node.7.llc.miss_lat_hist_bin_ns = 10
stat.node.7.llc.miss_lat_hist = [0,0,0,0,0,0,0,0,0,0,0,0,0,0,0,0,0,0,0,0,0,0,0,0,0,0,9,61,74,30,40,54,25,5,1,1]
stat.node.7.util.dram_avg = 3.25273e-05
stat.node.7.walltime_s = 876.549
stat.node.7.active_time_s = 14.4485
stat.pool.101.util.mem_avg = 0.175078
stat.pool.101.util.req_link_avg = 0.995795
stat.pool.101.walltime_s = 876.636
stat.pool.101.active_time_s = 0.433526
stat.pool.100.util.mem_avg = 0.175066
stat.pool.100.util.req_link_avg = 0.996379
stat.pool.100.walltime_s = 876.636
stat.pool.100.active_time_s = 0.491316
stat.switch.replicated_messages = 0
stat.switch.util.node_ingress_avg = 0.249091
stat.switch.util.pool_ingress_avg = 0.112323
stat.switch.bw.host_to_switch_gbps = 12.2451
stat.switch.bw.switch_to_host_gbps = 1.3802
stat.switch.bw.host_link_total_gbps = 13.6253
stat.switch.walltime_s = 876.636
stat.switch.active_time_s = 1.99757
Simulation is complete, simulated time: 307.68 us
