stat.node.3.cpu.0.retired = 729
stat.node.3.cpu.0.cycles = 1000000
stat.node.4.cpu.0.retired = 734
stat.node.4.cpu.0.cycles = 1000000
stat.node.5.cpu.0.retired = 734
stat.node.5.cpu.0.cycles = 1000000
stat.node.6.cpu.0.retired = 732
stat.node.6.cpu.0.cycles = 1000000
stat.node.7.cpu.0.retired = 732
stat.node.7.cpu.0.cycles = 1000000
stat.node.0.cpu.0.retired = 731
stat.node.0.cpu.0.cycles = 1000000
stat.node.1.cpu.0.retired = 730
stat.node.1.cpu.0.cycles = 1000000
stat.node.2.cpu.0.retired = 730
stat.node.2.cpu.0.cycles = 1000000
stat.node.7.cpu.0.retired = 1685
stat.node.7.cpu.0.cycles = 2000000
stat.node.0.cpu.0.retired = 1684
stat.node.0.cpu.0.cycles = 2000000
stat.node.1.cpu.0.retired = 1682
stat.node.1.cpu.0.cycles = 2000000
stat.node.3.cpu.0.retired = 1676
stat.node.3.cpu.0.cycles = 2000000
stat.node.4.cpu.0.retired = 1688
stat.node.4.cpu.0.cycles = 2000000
stat.node.5.cpu.0.retired = 1688
stat.node.5.cpu.0.cycles = 2000000
stat.node.6.cpu.0.retired = 1686
stat.node.6.cpu.0.cycles = 2000000
stat.node.2.cpu.0.retired = 1676
stat.node.2.cpu.0.cycles = 2000000
stat.node.4.cpu.0.load_issue_to_complete_count = 1499
stat.node.4.cpu.0.avg_load_issue_to_complete_lat = 1056.75
stat.node.4.injector.phase_cycles = 1587453
stat.node.4.injector.request_bytes = 495680
stat.node.4.injector.response_bytes = 0
stat.node.4.injector.aggregate_bytes = 495680
stat.node.4.injector.request_gbps = 5.99517
stat.node.4.injector.response_gbps = 0
stat.node.4.injector.aggregate_gbps = 5.99517
stat.node.4.llc.cxl_miss = 1500
stat.node.4.llc.total_miss = 1500
stat.node.4.llc.avg_miss_lat = 871.747
stat.node.4.llc.avg_cxl_lat = 871.747
stat.node.4.llc.miss_lat_hist_bin_ns = 10
stat.node.4.llc.miss_lat_hist = [0,0,0,0,0,0,0,0,0,0,0,0,0,0,0,0,0,0,0,0,0,0,0,0,0,0,0,0,0,0,0,16,388,249,82,12,4,14,92,388,230,24,1]
stat.node.4.util.dram_avg = 1.03187e-05
stat.node.4.walltime_s = 1101.09
stat.node.4.active_time_s = 38.8046
stat.node.5.cpu.0.load_issue_to_complete_count = 1499
stat.node.5.cpu.0.avg_load_issue_to_complete_lat = 1056.35
stat.node.5.injector.phase_cycles = 1586962
stat.node.5.injector.request_bytes = 495552
stat.node.5.injector.response_bytes = 0
stat.node.5.injector.aggregate_bytes = 495552
stat.node.5.injector.request_gbps = 5.99548
stat.node.5.injector.response_gbps = 0
stat.node.5.injector.aggregate_gbps = 5.99548
stat.node.5.llc.cxl_miss = 1500
stat.node.5.llc.total_miss = 1500
stat.node.5.llc.avg_miss_lat = 871.253
stat.node.5.llc.avg_cxl_lat = 871.253
stat.node.5.llc.miss_lat_hist_bin_ns = 10
stat.node.5.llc.miss_lat_hist = [0,0,0,0,0,0,0,0,0,0,0,0,0,0,0,0,0,0,0,0,0,0,0,0,0,0,0,0,0,0,0,4,131,128,296,156,39,217,342,134,48,4,1]
stat.node.5.util.dram_avg = 1.03163e-05
stat.node.5.walltime_s = 1101.1
stat.node.5.active_time_s = 51.667
stat.node.6.cpu.0.load_issue_to_complete_count = 1499
stat.node.6.cpu.0.avg_load_issue_to_complete_lat = 1056.3
stat.node.6.injector.phase_cycles = 1586838
stat.node.6.injector.request_bytes = 495488
stat.node.6.injector.response_bytes = 0
stat.node.6.injector.aggregate_bytes = 495488
stat.node.6.injector.request_gbps = 5.99517
stat.node.6.injector.response_gbps = 0
stat.node.6.injector.aggregate_gbps = 5.99517
stat.node.6.llc.cxl_miss = 1500
stat.node.6.llc.total_miss = 1500
stat.node.6.llc.avg_miss_lat = 871.371
stat.node.6.llc.avg_cxl_lat = 871.371
stat.node.6.llc.miss_lat_hist_bin_ns = 10
stat.node.6.llc.miss_lat_hist = [0,0,0,0,0,0,0,0,0,0,0,0,0,0,0,0,0,0,0,0,0,0,0,0,0,0,0,0,0,0,0,1,111,67,43,189,705,163,84,107,24,6]
stat.node.6.util.dram_avg = 1.03141e-05
stat.node.6.walltime_s = 1101.11
stat.node.6.active_time_s = 40.0798
stat.node.7.cpu.0.load_issue_to_complete_count = 1499
stat.node.7.cpu.0.avg_load_issue_to_complete_lat = 1056.08
stat.node.7.injector.phase_cycles = 1586581
stat.node.7.injector.request_bytes = 495424
stat.node.7.injector.response_bytes = 0
stat.node.7.injector.aggregate_bytes = 495424
stat.node.7.injector.request_gbps = 5.99537
stat.node.7.injector.response_gbps = 0
stat.node.7.injector.aggregate_gbps = 5.99537
stat.node.7.llc.cxl_miss = 1500
stat.node.7.llc.total_miss = 1500
stat.node.7.llc.avg_miss_lat = 870.755
stat.node.7.llc.avg_cxl_lat = 870.755
stat.node.7.llc.miss_lat_hist_bin_ns = 10
stat.node.7.llc.miss_lat_hist = [0,0,0,0,0,0,0,0,0,0,0,0,0,0,0,0,0,0,0,0,0,0,0,0,0,0,0,0,0,0,0,6,169,335,195,48,5,16,309,376,37,4]
stat.node.7.util.dram_avg = 1.03125e-05
stat.node.7.walltime_s = 1101.15
stat.node.7.active_time_s = 49.4323
stat.node.0.cpu.0.load_issue_to_complete_count = 1499
stat.node.0.cpu.0.avg_load_issue_to_complete_lat = 1057.31
stat.node.0.injector.phase_cycles = 1588250
stat.node.0.injector.request_bytes = 495936
stat.node.0.injector.response_bytes = 0
stat.node.0.injector.aggregate_bytes = 495936
stat.node.0.injector.request_gbps = 5.99526
stat.node.0.injector.response_gbps = 0
stat.node.0.injector.aggregate_gbps = 5.99526
stat.node.0.llc.cxl_miss = 1500
stat.node.0.llc.total_miss = 1500
stat.node.0.llc.avg_miss_lat = 872.118
stat.node.0.llc.avg_cxl_lat = 872.118
stat.node.0.llc.miss_lat_hist_bin_ns = 10
stat.node.0.llc.miss_lat_hist = [0,0,0,0,0,0,0,0,0,0,0,0,0,0,0,0,0,0,0,0,0,0,0,0,0,0,0,0,0,0,0,0,102,88,84,297,321,376,87,115,27,3]
stat.node.0.util.dram_avg = 1.03042e-05
stat.node.0.walltime_s = 1101.24
stat.node.0.active_time_s = 31.1353
stat.node.1.cpu.0.load_issue_to_complete_count = 1499
stat.node.1.cpu.0.avg_load_issue_to_complete_lat = 1056.9
stat.node.1.injector.phase_cycles = 1587838
stat.node.1.injector.request_bytes = 495808
stat.node.1.injector.response_bytes = 0
stat.node.1.injector.aggregate_bytes = 495808
stat.node.1.injector.request_gbps = 5.99527
stat.node.1.injector.response_gbps = 0
stat.node.1.injector.aggregate_gbps = 5.99527
stat.node.1.llc.cxl_miss = 1500
stat.node.1.llc.total_miss = 1500
stat.node.1.llc.avg_miss_lat = 872.157
stat.node.1.llc.avg_cxl_lat = 872.157
stat.node.1.llc.miss_lat_hist_bin_ns = 10
stat.node.1.llc.miss_lat_hist = [0,0,0,0,0,0,0,0,0,0,0,0,0,0,0,0,0,0,0,0,0,0,0,0,0,0,0,0,0,0,0,0,98,97,473,62,54,79,440,146,48,3]
stat.node.1.util.dram_avg = 1.03015e-05
stat.node.1.walltime_s = 1101.26
stat.node.1.active_time_s = 49.166
stat.node.2.cpu.0.load_issue_to_complete_count = 1499
stat.node.2.cpu.0.avg_load_issue_to_complete_lat = 1065.1
stat.node.2.injector.phase_cycles = 1599950
stat.node.2.injector.request_bytes = 499584
stat.node.2.injector.response_bytes = 0
stat.node.2.injector.aggregate_bytes = 499584
stat.node.2.injector.request_gbps = 5.9952
stat.node.2.injector.response_gbps = 0
stat.node.2.injector.aggregate_gbps = 5.9952
stat.node.2.llc.cxl_miss = 1500
stat.node.2.llc.total_miss = 1500
stat.node.2.llc.avg_miss_lat = 880.5
stat.node.2.llc.avg_cxl_lat = 880.5
stat.node.2.llc.miss_lat_hist_bin_ns = 10
stat.node.2.llc.miss_lat_hist = [0,0,0,0,0,0,0,0,0,0,0,0,0,0,0,0,0,0,0,0,0,0,0,0,0,0,0,0,0,0,0,11,386,200,82,8,0,7,84,342,375,4,1]
stat.node.2.util.dram_avg = 1.02473e-05
stat.node.2.walltime_s = 1102.53
stat.node.2.active_time_s = 38.9296
stat.node.3.cpu.0.load_issue_to_complete_count = 1499
stat.node.3.cpu.0.avg_load_issue_to_complete_lat = 1064.95
stat.node.3.injector.phase_cycles = 1599707
stat.node.3.injector.request_bytes = 499520
stat.node.3.injector.response_bytes = 0
stat.node.3.injector.aggregate_bytes = 499520
stat.node.3.injector.request_gbps = 5.99534
stat.node.3.injector.response_gbps = 0
stat.node.3.injector.aggregate_gbps = 5.99534
stat.node.3.llc.cxl_miss = 1500
stat.node.3.llc.total_miss = 1500
stat.node.3.llc.avg_miss_lat = 879.691
stat.node.3.llc.avg_cxl_lat = 879.691
stat.node.3.llc.miss_lat_hist_bin_ns = 10
stat.node.3.llc.miss_lat_hist = [0,0,0,0,0,0,0,0,0,0,0,0,0,0,0,0,0,0,0,0,0,0,0,0,0,0,0,0,0,0,0,1,83,59,139,388,78,333,183,124,100,11,1]
stat.node.3.util.dram_avg = 1.02466e-05
stat.node.3.walltime_s = 1102.53
stat.node.3.active_time_s = 48.3069
stat.pool.100.util.mem_avg = 0.187098
stat.pool.100.util.req_link_avg = 0.999775
stat.pool.100.walltime_s = 1102.59
stat.pool.100.active_time_s = 1.69496
stat.switch.replicated_messages = 0
stat.switch.util.node_ingress_avg = 0.124992
stat.switch.util.pool_ingress_avg = 0.193877
stat.switch.bw.host_to_switch_gbps = 6.14386
stat.switch.bw.switch_to_host_gbps = 1.19117
stat.switch.bw.host_link_total_gbps = 7.33502
stat.switch.walltime_s = 1102.6
stat.switch.active_time_s = 5.61847
Simulation is complete, simulated time: 976.71 us
