stat.node.2.cpu.0.retired = 770
stat.node.2.cpu.0.cycles = 1000000
stat.node.3.cpu.0.retired = 770
stat.node.3.cpu.0.cycles = 1000000
stat.node.4.cpu.0.retired = 766
stat.node.4.cpu.0.cycles = 1000000
stat.node.5.cpu.0.retired = 771
stat.node.5.cpu.0.cycles = 1000000
stat.node.6.cpu.0.retired = 771
stat.node.6.cpu.0.cycles = 1000000
stat.node.7.cpu.0.retired = 770
stat.node.7.cpu.0.cycles = 1000000
stat.node.0.cpu.0.retired = 770
stat.node.0.cpu.0.cycles = 1000000
stat.node.1.cpu.0.retired = 769
stat.node.1.cpu.0.cycles = 1000000
stat.node.1.cpu.0.retired = 1784
stat.node.1.cpu.0.cycles = 2000000
stat.node.7.cpu.0.retired = 1784
stat.node.7.cpu.0.cycles = 2000000
stat.node.0.cpu.0.retired = 1785
stat.node.2.cpu.0.retired = 1780
stat.node.2.cpu.0.cycles = 2000000
stat.node.3.cpu.0.retired = 1786
stat.node.3.cpu.0.cycles = 2000000
stat.node.4.cpu.0.retired = 1767
stat.node.4.cpu.0.cycles = 2000000
stat.node.5.cpu.0.retired = 1785
stat.node.5.cpu.0.cycles = 2000000
stat.node.6.cpu.0.retired = 1786
stat.node.6.cpu.0.cycles = 2000000
stat.node.0.cpu.0.cycles = 2000000
stat.node.1.cpu.0.retired = 2836
stat.node.1.cpu.0.cycles = 3000000
stat.node.7.cpu.0.retired = 2837
stat.node.7.cpu.0.cycles = 3000000
stat.node.6.cpu.0.retired = 2839
stat.node.6.cpu.0.cycles = 3000000
stat.node.2.cpu.0.retired = 2826
stat.node.2.cpu.0.cycles = 3000000
stat.node.3.cpu.0.retired = 2839
stat.node.3.cpu.0.cycles = 3000000
stat.node.4.cpu.0.retired = 2805
stat.node.4.cpu.0.cycles = 3000000
stat.node.5.cpu.0.retired = 2838
stat.node.5.cpu.0.cycles = 3000000
stat.node.0.cpu.0.retired = 2838
stat.node.0.cpu.0.cycles = 3000000
stat.node.5.cpu.0.retired = 3912
stat.node.5.cpu.0.cycles = 4000000
stat.node.1.cpu.0.retired = 3911
stat.node.1.cpu.0.cycles = 4000000
stat.node.7.cpu.0.retired = 3911
stat.node.7.cpu.0.cycles = 4000000
stat.node.6.cpu.0.retired = 3917
stat.node.6.cpu.0.cycles = 4000000
stat.node.2.cpu.0.retired = 3894
stat.node.3.cpu.0.retired = 3916
stat.node.3.cpu.0.cycles = 4000000
stat.node.4.cpu.0.retired = 3868
stat.node.4.cpu.0.cycles = 4000000
stat.node.0.cpu.0.retired = 3912
stat.node.0.cpu.0.cycles = 4000000
stat.node.2.cpu.0.cycles = 4000000
stat.node.6.cpu.0.load_issue_to_complete_count = 3999
stat.node.6.cpu.0.avg_load_issue_to_complete_lat = 940.49
stat.node.6.injector.phase_cycles = 3766065
stat.node.6.injector.request_bytes = 805344
stat.node.6.injector.response_bytes = 2147584
stat.node.6.injector.aggregate_bytes = 2952928
stat.node.6.injector.request_gbps = 4.10577
stat.node.6.injector.response_gbps = 10.9487
stat.node.6.injector.aggregate_gbps = 15.0545
stat.node.6.llc.cxl_miss = 4000
stat.node.6.llc.total_miss = 4000
stat.node.6.llc.avg_miss_lat = 832.129
stat.node.6.llc.avg_cxl_lat = 832.129
stat.node.6.llc.miss_lat_hist_bin_ns = 10
stat.node.6.llc.miss_lat_hist = [0,0,0,0,0,0,0,0,0,0,0,0,0,0,0,0,0,0,0,0,0,0,0,0,0,0,0,0,0,0,2,35,303,678,759,2123,94,4,2]
stat.node.6.util.dram_avg = 4.80277e-06
stat.node.6.walltime_s = 1627.58
stat.node.6.active_time_s = 86.5579
stat.node.3.cpu.0.load_issue_to_complete_count = 3999
stat.node.3.cpu.0.avg_load_issue_to_complete_lat = 940.414
stat.node.3.injector.phase_cycles = 3765815
stat.node.3.injector.request_bytes = 805328
stat.node.3.injector.response_bytes = 2147456
stat.node.3.injector.aggregate_bytes = 2952784
stat.node.3.injector.request_gbps = 4.10596
stat.node.3.injector.response_gbps = 10.9488
stat.node.3.injector.aggregate_gbps = 15.0548
stat.node.3.llc.cxl_miss = 4000
stat.node.3.llc.total_miss = 4000
stat.node.3.llc.avg_miss_lat = 832.097
stat.node.3.llc.avg_cxl_lat = 832.097
stat.node.3.llc.miss_lat_hist_bin_ns = 10
stat.node.3.llc.miss_lat_hist = [0,0,0,0,0,0,0,0,0,0,0,0,0,0,0,0,0,0,0,0,0,0,0,0,0,0,0,0,0,0,4,48,338,600,779,2127,100,3,1]
stat.node.3.util.dram_avg = 4.80234e-06
stat.node.3.walltime_s = 1627.84
stat.node.3.active_time_s = 91.0625
stat.node.1.cpu.0.retired = 4998
stat.node.1.cpu.0.cycles = 5000000
stat.node.7.cpu.0.retired = 4998
stat.node.7.cpu.0.cycles = 5000000
stat.node.2.cpu.0.retired = 4978
stat.node.2.cpu.0.cycles = 5000000
stat.node.0.cpu.0.retired = 4998
stat.node.0.cpu.0.cycles = 5000000
stat.node.6.cpu.0.retired = 5002
stat.node.3.cpu.0.retired = 5002
stat.node.5.cpu.0.retired = 4999
stat.node.5.cpu.0.cycles = 5000000
stat.node.4.cpu.0.retired = 4949
stat.node.4.cpu.0.cycles = 5000000
stat.node.3.cpu.0.cycles = 5000000
stat.node.6.cpu.0.cycles = 5000000
stat.node.5.cpu.0.load_issue_to_complete_count = 3999
stat.node.5.cpu.0.avg_load_issue_to_complete_lat = 941.439
stat.node.5.injector.phase_cycles = 3769865
stat.node.5.injector.request_bytes = 806192
stat.node.5.injector.response_bytes = 2149760
stat.node.5.injector.aggregate_bytes = 2955952
stat.node.5.injector.request_gbps = 4.10595
stat.node.5.injector.response_gbps = 10.9488
stat.node.5.injector.aggregate_gbps = 15.0547
stat.node.5.llc.cxl_miss = 4000
stat.node.5.llc.total_miss = 4000
stat.node.5.llc.avg_miss_lat = 833.083
stat.node.5.llc.avg_cxl_lat = 833.083
stat.node.5.llc.miss_lat_hist_bin_ns = 10
stat.node.5.llc.miss_lat_hist = [0,0,0,0,0,0,0,0,0,0,0,0,0,0,0,0,0,0,0,0,0,0,0,0,0,0,0,0,0,0,1,71,367,411,842,2213,88,3,4]
stat.node.5.util.dram_avg = 4.79934e-06
stat.node.5.walltime_s = 1628.27
stat.node.5.active_time_s = 85.8207
stat.node.1.cpu.0.load_issue_to_complete_count = 3999
stat.node.1.cpu.0.avg_load_issue_to_complete_lat = 941.147
stat.node.1.injector.phase_cycles = 3768740
stat.node.1.injector.request_bytes = 805920
stat.node.1.injector.response_bytes = 2149120
stat.node.1.injector.aggregate_bytes = 2955040
stat.node.1.injector.request_gbps = 4.10579
stat.node.1.injector.response_gbps = 10.9488
stat.node.1.injector.aggregate_gbps = 15.0546
stat.node.1.llc.cxl_miss = 4000
stat.node.1.llc.total_miss = 4000
stat.node.1.llc.avg_miss_lat = 832.791
stat.node.1.llc.avg_cxl_lat = 832.791
stat.node.1.llc.miss_lat_hist_bin_ns = 10
stat.node.1.llc.miss_lat_hist = [0,0,0,0,0,0,0,0,0,0,0,0,0,0,0,0,0,0,0,0,0,0,0,0,0,0,0,0,0,0,1,66,343,477,897,2095,105,14,2]
stat.node.1.util.dram_avg = 4.79908e-06
stat.node.1.walltime_s = 1628.27
stat.node.1.active_time_s = 92.2692
stat.node.0.cpu.0.load_issue_to_complete_count = 3999
stat.node.0.cpu.0.avg_load_issue_to_complete_lat = 941.402
stat.node.0.injector.phase_cycles = 3769742
stat.node.0.injector.request_bytes = 806120
stat.node.0.injector.response_bytes = 2149696
stat.node.0.injector.aggregate_bytes = 2955816
stat.node.0.injector.request_gbps = 4.10572
stat.node.0.injector.response_gbps = 10.9488
stat.node.0.injector.aggregate_gbps = 15.0545
stat.node.0.llc.cxl_miss = 4000
stat.node.0.llc.total_miss = 4000
stat.node.0.llc.avg_miss_lat = 833.014
stat.node.0.llc.avg_cxl_lat = 833.014
stat.node.0.llc.miss_lat_hist_bin_ns = 10
stat.node.0.llc.miss_lat_hist = [0,0,0,0,0,0,0,0,0,0,0,0,0,0,0,0,0,0,0,0,0,0,0,0,0,0,0,0,0,0,1,58,345,472,872,2158,88,4,2]
stat.node.0.util.dram_avg = 4.79869e-06
stat.node.0.walltime_s = 1628.3
stat.node.0.active_time_s = 69.6588
stat.node.7.cpu.0.load_issue_to_complete_count = 3999
stat.node.7.cpu.0.avg_load_issue_to_complete_lat = 941.564
stat.node.7.injector.phase_cycles = 3770415
stat.node.7.injector.request_bytes = 806296
stat.node.7.injector.response_bytes = 2150080
stat.node.7.injector.aggregate_bytes = 2956376
stat.node.7.injector.request_gbps = 4.10588
stat.node.7.injector.response_gbps = 10.9488
stat.node.7.injector.aggregate_gbps = 15.0547
stat.node.7.llc.cxl_miss = 4000
stat.node.7.llc.total_miss = 4000
stat.node.7.llc.avg_miss_lat = 833.194
stat.node.7.llc.avg_cxl_lat = 833.194
stat.node.7.llc.miss_lat_hist_bin_ns = 10
stat.node.7.llc.miss_lat_hist = [0,0,0,0,0,0,0,0,0,0,0,0,0,0,0,0,0,0,0,0,0,0,0,0,0,0,0,0,0,0,0,110,321,387,894,2189,96,1,2]
stat.node.7.util.dram_avg = 4.79836e-06
stat.node.7.walltime_s = 1628.31
stat.node.7.active_time_s = 91.5021
stat.node.2.cpu.0.load_issue_to_complete_count = 3999
stat.node.2.cpu.0.avg_load_issue_to_complete_lat = 945.911
stat.node.2.injector.phase_cycles = 3787741
stat.node.2.injector.request_bytes = 809960
stat.node.2.injector.response_bytes = 2160000
stat.node.2.injector.aggregate_bytes = 2969960
stat.node.2.injector.request_gbps = 4.10567
stat.node.2.injector.response_gbps = 10.949
stat.node.2.injector.aggregate_gbps = 15.0547
stat.node.2.llc.cxl_miss = 4000
stat.node.2.llc.total_miss = 4000
stat.node.2.llc.avg_miss_lat = 837.538
stat.node.2.llc.avg_cxl_lat = 837.538
stat.node.2.llc.miss_lat_hist_bin_ns = 10
stat.node.2.llc.miss_lat_hist = [0,0,0,0,0,0,0,0,0,0,0,0,0,0,0,0,0,0,0,0,0,0,0,0,0,0,0,0,0,0,3,81,225,292,761,2489,142,3,4]
stat.node.2.util.dram_avg = 4.78099e-06
stat.node.2.walltime_s = 1630.12
stat.node.2.active_time_s = 78.647
stat.node.4.cpu.0.load_issue_to_complete_count = 3999
stat.node.4.cpu.0.avg_load_issue_to_complete_lat = 950.864
stat.node.4.injector.phase_cycles = 3807599
stat.node.4.injector.request_bytes = 814264
stat.node.4.injector.response_bytes = 2171264
stat.node.4.injector.aggregate_bytes = 2985528
stat.node.4.injector.request_gbps = 4.10597
stat.node.4.injector.response_gbps = 10.9487
stat.node.4.injector.aggregate_gbps = 15.0547
stat.node.4.llc.cxl_miss = 4000
stat.node.4.llc.total_miss = 4000
stat.node.4.llc.avg_miss_lat = 842.449
stat.node.4.llc.avg_cxl_lat = 842.449
stat.node.4.llc.miss_lat_hist_bin_ns = 10
stat.node.4.llc.miss_lat_hist = [0,0,0,0,0,0,0,0,0,0,0,0,0,0,0,0,0,0,0,0,0,0,0,0,0,0,0,0,0,0,3,67,110,225,708,2538,334,6,7,2]
stat.node.4.util.dram_avg = 4.75523e-06
stat.node.4.walltime_s = 1634.84
stat.node.4.active_time_s = 86.6847
stat.pool.101.util.mem_avg = 0.230628
stat.pool.101.util.req_link_avg = 0.56995
stat.pool.101.walltime_s = 1634.84
stat.pool.101.active_time_s = 2.95491
stat.pool.100.util.mem_avg = 0.230628
stat.pool.100.util.req_link_avg = 0.569951
stat.pool.100.walltime_s = 1634.84
stat.pool.100.active_time_s = 3.29352
stat.switch.replicated_messages = 179872
stat.switch.util.node_ingress_avg = 0.0868114
stat.switch.util.pool_ingress_avg = 0.995933
stat.switch.bw.host_to_switch_gbps = 4.26704
stat.switch.bw.switch_to_host_gbps = 12.238
stat.switch.bw.host_link_total_gbps = 16.5051
stat.switch.walltime_s = 1634.84
stat.switch.active_time_s = 11.4214
Simulation is complete, simulated time: 2.10463 ms
