stat.node.6.cpu.0.retired = 803
stat.node.6.cpu.0.cycles = 1000000
stat.node.7.cpu.0.retired = 803
stat.node.7.cpu.0.cycles = 1000000
stat.node.0.cpu.0.retired = 802
stat.node.0.cpu.0.cycles = 1000000
stat.node.1.cpu.0.retired = 802
stat.node.1.cpu.0.cycles = 1000000
stat.node.2.cpu.0.retired = 802
stat.node.2.cpu.0.cycles = 1000000
stat.node.3.cpu.0.retired = 801
stat.node.3.cpu.0.cycles = 1000000
stat.node.4.cpu.0.retired = 804
stat.node.4.cpu.0.cycles = 1000000
stat.node.5.cpu.0.retired = 803
stat.node.5.cpu.0.cycles = 1000000
stat.node.4.cpu.0.load_issue_to_complete_count = 799
stat.node.4.cpu.0.avg_load_issue_to_complete_lat = 962.043
stat.node.4.injector.phase_cycles = 770500
stat.node.4.injector.request_bytes = 240064
stat.node.4.injector.response_bytes = 0
stat.node.4.injector.aggregate_bytes = 240064
stat.node.4.injector.request_gbps = 5.98213
stat.node.4.injector.response_gbps = 0
stat.node.4.injector.aggregate_gbps = 5.98213
stat.node.4.llc.cxl_miss = 800
stat.node.4.llc.total_miss = 800
stat.node.4.llc.avg_miss_lat = 787.635
stat.node.4.llc.avg_cxl_lat = 787.635
stat.node.4.llc.miss_lat_hist_bin_ns = 10
stat.node.4.llc.miss_lat_hist = [0,0,0,0,0,0,0,0,0,0,0,0,0,0,0,0,0,0,0,0,0,0,0,0,0,0,0,0,0,0,8,132,433,147,15,1,0,1,45,18]
stat.node.4.util.dram_avg = 1.35895e-05
stat.node.4.walltime_s = 197.077
stat.node.4.active_time_s = 21.9101
stat.node.5.cpu.0.load_issue_to_complete_count = 799
stat.node.5.cpu.0.avg_load_issue_to_complete_lat = 964.35
stat.node.5.injector.phase_cycles = 772343
stat.node.5.injector.request_bytes = 240640
stat.node.5.injector.response_bytes = 0
stat.node.5.injector.aggregate_bytes = 240640
stat.node.5.injector.request_gbps = 5.98217
stat.node.5.injector.response_gbps = 0
stat.node.5.injector.aggregate_gbps = 5.98217
stat.node.5.llc.cxl_miss = 800
stat.node.5.llc.total_miss = 800
stat.node.5.llc.avg_miss_lat = 789.766
stat.node.5.llc.avg_cxl_lat = 789.766
stat.node.5.llc.miss_lat_hist_bin_ns = 10
stat.node.5.llc.miss_lat_hist = [0,0,0,0,0,0,0,0,0,0,0,0,0,0,0,0,0,0,0,0,0,0,0,0,0,0,0,0,0,0,3,55,523,78,58,12,23,47,1]
stat.node.5.util.dram_avg = 1.35722e-05
stat.node.5.walltime_s = 197.235
stat.node.5.active_time_s = 22.6192
stat.node.6.cpu.0.load_issue_to_complete_count = 799
stat.node.6.cpu.0.avg_load_issue_to_complete_lat = 964.133
stat.node.6.injector.phase_cycles = 772191
stat.node.6.injector.request_bytes = 240576
stat.node.6.injector.response_bytes = 0
stat.node.6.injector.aggregate_bytes = 240576
stat.node.6.injector.request_gbps = 5.98176
stat.node.6.injector.response_gbps = 0
stat.node.6.injector.aggregate_gbps = 5.98176
stat.node.6.llc.cxl_miss = 800
stat.node.6.llc.total_miss = 800
stat.node.6.llc.avg_miss_lat = 790.035
stat.node.6.llc.avg_cxl_lat = 790.035
stat.node.6.llc.miss_lat_hist_bin_ns = 10
stat.node.6.llc.miss_lat_hist = [0,0,0,0,0,0,0,0,0,0,0,0,0,0,0,0,0,0,0,0,0,0,0,0,0,0,0,0,0,0,22,88,400,143,24,58,52,12,1]
stat.node.6.util.dram_avg = 1.35704e-05
stat.node.6.walltime_s = 197.239
stat.node.6.active_time_s = 26.3225
stat.node.7.cpu.0.load_issue_to_complete_count = 799
stat.node.7.cpu.0.avg_load_issue_to_complete_lat = 963.842
stat.node.7.injector.phase_cycles = 771937
stat.node.7.injector.request_bytes = 240512
stat.node.7.injector.response_bytes = 0
stat.node.7.injector.aggregate_bytes = 240512
stat.node.7.injector.request_gbps = 5.98213
stat.node.7.injector.response_gbps = 0
stat.node.7.injector.aggregate_gbps = 5.98213
stat.node.7.llc.cxl_miss = 800
stat.node.7.llc.total_miss = 800
stat.node.7.llc.avg_miss_lat = 789.579
stat.node.7.llc.avg_cxl_lat = 789.579
stat.node.7.llc.miss_lat_hist_bin_ns = 10
stat.node.7.llc.miss_lat_hist = [0,0,0,0,0,0,0,0,0,0,0,0,0,0,0,0,0,0,0,0,0,0,0,0,0,0,0,0,0,0,3,136,374,189,26,2,0,35,34,1]
stat.node.7.util.dram_avg = 1.3569e-05
stat.node.7.walltime_s = 197.243
stat.node.7.active_time_s = 25.4932
stat.node.0.cpu.0.load_issue_to_complete_count = 799
stat.node.0.cpu.0.avg_load_issue_to_complete_lat = 963.65
stat.node.0.injector.phase_cycles = 771781
stat.node.0.injector.request_bytes = 240448
stat.node.0.injector.response_bytes = 0
stat.node.0.injector.aggregate_bytes = 240448
stat.node.0.injector.request_gbps = 5.98175
stat.node.0.injector.response_gbps = 0
stat.node.0.injector.aggregate_gbps = 5.98175
stat.node.0.llc.cxl_miss = 800
stat.node.0.llc.total_miss = 800
stat.node.0.llc.avg_miss_lat = 789.081
stat.node.0.llc.avg_cxl_lat = 789.081
stat.node.0.llc.miss_lat_hist_bin_ns = 10
stat.node.0.llc.miss_lat_hist = [0,0,0,0,0,0,0,0,0,0,0,0,0,0,0,0,0,0,0,0,0,0,0,0,0,0,0,0,0,2,11,80,469,94,21,62,50,6,5]
stat.node.0.util.dram_avg = 1.35656e-05
stat.node.0.walltime_s = 197.28
stat.node.0.active_time_s = 23.9166
stat.node.1.cpu.0.load_issue_to_complete_count = 799
stat.node.1.cpu.0.avg_load_issue_to_complete_lat = 963.622
stat.node.1.injector.phase_cycles = 771759
stat.node.1.injector.request_bytes = 240448
stat.node.1.injector.response_bytes = 0
stat.node.1.injector.aggregate_bytes = 240448
stat.node.1.injector.request_gbps = 5.98192
stat.node.1.injector.response_gbps = 0
stat.node.1.injector.aggregate_gbps = 5.98192
stat.node.1.llc.cxl_miss = 800
stat.node.1.llc.total_miss = 800
stat.node.1.llc.avg_miss_lat = 789.322
stat.node.1.llc.avg_cxl_lat = 789.322
stat.node.1.llc.miss_lat_hist_bin_ns = 10
stat.node.1.llc.miss_lat_hist = [0,0,0,0,0,0,0,0,0,0,0,0,0,0,0,0,0,0,0,0,0,0,0,0,0,0,0,0,0,0,0,55,551,89,27,11,17,15,34,1]
stat.node.1.util.dram_avg = 1.35642e-05
stat.node.1.walltime_s = 197.456
stat.node.1.active_time_s = 23.6589
stat.node.2.cpu.0.load_issue_to_complete_count = 799
stat.node.2.cpu.0.avg_load_issue_to_complete_lat = 963.88
stat.node.2.injector.phase_cycles = 771965
stat.node.2.injector.request_bytes = 240512
stat.node.2.injector.response_bytes = 0
stat.node.2.injector.aggregate_bytes = 240512
stat.node.2.injector.request_gbps = 5.98192
stat.node.2.injector.response_gbps = 0
stat.node.2.injector.aggregate_gbps = 5.98192
stat.node.2.llc.cxl_miss = 800
stat.node.2.llc.total_miss = 800
stat.node.2.llc.avg_miss_lat = 789.724
stat.node.2.llc.avg_cxl_lat = 789.724
stat.node.2.llc.miss_lat_hist_bin_ns = 10
stat.node.2.llc.miss_lat_hist = [0,0,0,0,0,0,0,0,0,0,0,0,0,0,0,0,0,0,0,0,0,0,0,0,0,0,0,0,0,0,1,72,563,73,18,1,0,5,42,25]
stat.node.2.util.dram_avg = 1.35611e-05
stat.node.2.walltime_s = 197.488
stat.node.2.active_time_s = 27.6817
stat.node.3.cpu.0.load_issue_to_complete_count = 799
stat.node.3.cpu.0.avg_load_issue_to_complete_lat = 964.131
stat.node.3.injector.phase_cycles = 772166
stat.node.3.injector.request_bytes = 240576
stat.node.3.injector.response_bytes = 0
stat.node.3.injector.aggregate_bytes = 240576
stat.node.3.injector.request_gbps = 5.98195
stat.node.3.injector.response_gbps = 0
stat.node.3.injector.aggregate_gbps = 5.98195
stat.node.3.llc.cxl_miss = 800
stat.node.3.llc.total_miss = 800
stat.node.3.llc.avg_miss_lat = 790.028
stat.node.3.llc.avg_cxl_lat = 790.028
stat.node.3.llc.miss_lat_hist_bin_ns = 10
stat.node.3.llc.miss_lat_hist = [0,0,0,0,0,0,0,0,0,0,0,0,0,0,0,0,0,0,0,0,0,0,0,0,0,0,0,0,0,0,1,86,478,94,63,8,9,55,6]
stat.node.3.util.dram_avg = 1.3558e-05
stat.node.3.walltime_s = 197.496
stat.node.3.active_time_s = 27.8935
stat.pool.100.util.mem_avg = 0.189312
stat.pool.100.util.req_link_avg = 0.99967
stat.pool.100.walltime_s = 197.516
stat.pool.100.active_time_s = 0.803126
stat.switch.replicated_messages = 68937
stat.switch.util.node_ingress_avg = 0.124983
stat.switch.util.pool_ingress_avg = 0.209836
stat.switch.bw.host_to_switch_gbps = 6.14353
stat.switch.bw.switch_to_host_gbps = 1.28924
stat.switch.bw.host_link_total_gbps = 7.43277
stat.switch.walltime_s = 197.516
stat.switch.active_time_s = 2.81251
Simulation is complete, simulated time: 738.165 us
