stat.node.0.cpu.0.retired = 827
stat.node.0.cpu.0.cycles = 1000000
stat.node.1.cpu.0.retired = 827
stat.node.1.cpu.0.cycles = 1000000
stat.node.2.cpu.0.retired = 827
stat.node.2.cpu.0.cycles = 1000000
stat.node.3.cpu.0.retired = 827
stat.node.3.cpu.0.cycles = 1000000
stat.node.4.cpu.0.retired = 827
stat.node.4.cpu.0.cycles = 1000000
stat.node.5.cpu.0.retired = 827
stat.node.5.cpu.0.cycles = 1000000
stat.node.6.cpu.0.retired = 827
stat.node.6.cpu.0.cycles = 1000000
stat.node.7.cpu.0.retired = 827
stat.node.7.cpu.0.cycles = 1000000
stat.node.2.cpu.0.load_issue_to_complete_count = 799
stat.node.7.cpu.0.load_issue_to_complete_count = 799
stat.node.4.cpu.0.load_issue_to_complete_count = 799
stat.node.5.cpu.0.load_issue_to_complete_count = 799
stat.node.6.cpu.0.load_issue_to_complete_count = 799
stat.node.7.cpu.0.avg_load_issue_to_complete_lat = 924.786
stat.node.7.injector.phase_cycles = 740708
stat.node.7.injector.request_bytes = 235904
stat.node.7.injector.response_bytes = 0
stat.node.7.injector.aggregate_bytes = 235904
stat.node.7.injector.request_gbps = 6.1149
stat.node.7.injector.response_gbps = 0
stat.node.7.injector.aggregate_gbps = 6.1149
stat.node.7.llc.cxl_miss = 800
stat.node.4.cpu.0.avg_load_issue_to_complete_lat = 924.785
stat.node.5.cpu.0.avg_load_issue_to_complete_lat = 924.786
stat.node.6.cpu.0.avg_load_issue_to_complete_lat = 924.783
stat.node.6.injector.phase_cycles = 740705
stat.node.6.injector.request_bytes = 235904
stat.node.6.injector.response_bytes = 0
stat.node.6.injector.aggregate_bytes = 235904
stat.node.6.injector.request_gbps = 6.11493
stat.node.6.injector.response_gbps = 0
stat.node.6.injector.aggregate_gbps = 6.11493
stat.node.6.llc.cxl_miss = 800
stat.node.6.llc.total_miss = 800
stat.node.6.llc.avg_miss_lat = 751.006
stat.node.6.llc.avg_cxl_lat = 751.006
stat.node.6.llc.miss_lat_hist_bin_ns = 10
stat.node.7.llc.total_miss = 800
stat.node.7.llc.avg_miss_lat = 751.011
stat.node.7.llc.avg_cxl_lat = 751.011
stat.node.7.llc.miss_lat_hist_bin_ns = 10
stat.node.4.injector.phase_cycles = 740706
stat.node.6.llc.miss_lat_hist = [0,0,0,0,0,0,0,0,0,0,0,0,0,0,0,0,0,0,0,0,0,0,0,0,0,0,0,0,0,0,80,720]
stat.node.5.injector.phase_cycles = 740708
stat.node.4.injector.request_bytes = 235904
stat.node.4.injector.response_bytes = 0
stat.node.4.injector.aggregate_bytes = 235904
stat.node.4.injector.request_gbps = 6.11492
stat.node.7.llc.miss_lat_hist = [0,0,0,0,0,0,0,0,0,0,0,0,0,0,0,0,0,0,0,0,0,0,0,0,0,0,0,0,0,0,80,720]
stat.node.7.util.dram_avg = 1.39961e-05
stat.node.7.walltime_s = 164.826
stat.node.7.active_time_s = 21.272
stat.node.6.util.dram_avg = 1.39961e-05
stat.node.6.walltime_s = 164.826
stat.node.6.active_time_s = 21.8187
stat.node.5.injector.request_bytes = 235904
stat.node.5.injector.response_bytes = 0
stat.node.5.injector.aggregate_bytes = 235904
stat.node.5.injector.request_gbps = 6.1149
stat.node.5.injector.response_gbps = 0
stat.node.5.injector.aggregate_gbps = 6.1149
stat.node.4.injector.response_gbps = 0
stat.node.4.injector.aggregate_gbps = 6.11492
stat.node.4.llc.cxl_miss = 800
stat.node.4.llc.total_miss = 800
stat.node.4.llc.avg_miss_lat = 751.008
stat.node.4.llc.avg_cxl_lat = 751.008
stat.node.4.llc.miss_lat_hist_bin_ns = 10
stat.node.5.llc.cxl_miss = 800
stat.node.4.llc.miss_lat_hist = [0,0,0,0,0,0,0,0,0,0,0,0,0,0,0,0,0,0,0,0,0,0,0,0,0,0,0,0,0,0,80,720]
stat.node.4.util.dram_avg = 1.39961e-05
stat.node.5.llc.total_miss = 800
stat.node.5.llc.avg_miss_lat = 751.011
stat.node.5.llc.avg_cxl_lat = 751.011
stat.node.5.llc.miss_lat_hist_bin_ns = 10
stat.node.4.walltime_s = 164.826
stat.node.4.active_time_s = 22.4878
stat.node.5.llc.miss_lat_hist = [0,0,0,0,0,0,0,0,0,0,0,0,0,0,0,0,0,0,0,0,0,0,0,0,0,0,0,0,0,0,80,720]
stat.node.5.util.dram_avg = 1.39961e-05
stat.node.5.walltime_s = 164.826
stat.node.5.active_time_s = 22.9587
stat.node.2.cpu.0.avg_load_issue_to_complete_lat = 924.786
stat.node.2.injector.phase_cycles = 740708
stat.node.2.injector.request_bytes = 235904
stat.node.2.injector.response_bytes = 0
stat.node.2.injector.aggregate_bytes = 235904
stat.node.2.injector.request_gbps = 6.1149
stat.node.2.injector.response_gbps = 0
stat.node.2.injector.aggregate_gbps = 6.1149
stat.node.2.llc.cxl_miss = 800
stat.node.2.llc.total_miss = 800
stat.node.2.llc.avg_miss_lat = 751.005
stat.node.2.llc.avg_cxl_lat = 751.005
stat.node.2.llc.miss_lat_hist_bin_ns = 10
stat.node.2.llc.miss_lat_hist = [0,0,0,0,0,0,0,0,0,0,0,0,0,0,0,0,0,0,0,0,0,0,0,0,0,0,0,0,0,0,80,720]
stat.node.2.util.dram_avg = 1.39961e-05
stat.node.2.walltime_s = 164.826
stat.node.2.active_time_s = 28.19
stat.node.0.cpu.0.load_issue_to_complete_count = 799
stat.node.0.cpu.0.avg_load_issue_to_complete_lat = 924.788
stat.node.0.injector.phase_cycles = 740710
stat.node.0.injector.request_bytes = 235904
stat.node.0.injector.response_bytes = 0
stat.node.0.injector.aggregate_bytes = 235904
stat.node.0.injector.request_gbps = 6.11489
stat.node.0.injector.response_gbps = 0
stat.node.1.cpu.0.load_issue_to_complete_count = 799
stat.node.1.cpu.0.avg_load_issue_to_complete_lat = 924.79
stat.node.1.injector.phase_cycles = 740711
stat.node.1.injector.request_bytes = 235904
stat.node.1.injector.response_bytes = 0
stat.node.1.injector.aggregate_bytes = 235904
stat.node.1.injector.request_gbps = 6.11488
stat.node.1.injector.response_gbps = 0
stat.node.1.injector.aggregate_gbps = 6.11488
stat.node.1.llc.cxl_miss = 800
stat.node.1.llc.total_miss = 800
stat.node.1.llc.avg_miss_lat = 751.014
stat.node.1.llc.avg_cxl_lat = 751.014
stat.node.1.llc.miss_lat_hist_bin_ns = 10
stat.node.1.llc.miss_lat_hist = [0,0,0,0,0,0,0,0,0,0,0,0,0,0,0,0,0,0,0,0,0,0,0,0,0,0,0,0,0,0,80,720]
stat.node.0.injector.aggregate_gbps = 6.11489
stat.node.0.llc.cxl_miss = 800
stat.node.0.llc.total_miss = 800
stat.node.0.llc.avg_miss_lat = 751.014
stat.node.0.llc.avg_cxl_lat = 751.014
stat.node.0.llc.miss_lat_hist_bin_ns = 10
stat.node.0.llc.miss_lat_hist = [0,0,0,0,0,0,0,0,0,0,0,0,0,0,0,0,0,0,0,0,0,0,0,0,0,0,0,0,0,0,80,720]
stat.node.0.util.dram_avg = 1.3996e-05
stat.node.1.util.dram_avg = 1.3996e-05
stat.node.1.walltime_s = 164.838
stat.node.1.active_time_s = 21.1736
stat.node.0.walltime_s = 164.842
stat.node.0.active_time_s = 27.5312
stat.node.3.cpu.0.load_issue_to_complete_count = 799
stat.node.3.cpu.0.avg_load_issue_to_complete_lat = 924.786
stat.node.3.injector.phase_cycles = 740708
stat.node.3.injector.request_bytes = 235904
stat.node.3.injector.response_bytes = 0
stat.node.3.injector.aggregate_bytes = 235904
stat.node.3.injector.request_gbps = 6.1149
stat.node.3.injector.response_gbps = 0
stat.node.3.injector.aggregate_gbps = 6.1149
stat.node.3.llc.cxl_miss = 800
stat.node.3.llc.total_miss = 800
stat.node.3.llc.avg_miss_lat = 751.011
stat.node.3.llc.avg_cxl_lat = 751.011
stat.node.3.llc.miss_lat_hist_bin_ns = 10
stat.node.3.llc.miss_lat_hist = [0,0,0,0,0,0,0,0,0,0,0,0,0,0,0,0,0,0,0,0,0,0,0,0,0,0,0,0,0,0,80,720]
stat.node.3.util.dram_avg = 1.39959e-05
stat.node.3.walltime_s = 164.843
stat.node.3.active_time_s = 22.518
stat.pool.106.util.mem_avg = 0.164132
stat.pool.106.util.req_link_avg = 0.99885
stat.pool.106.walltime_s = 164.827
stat.pool.106.active_time_s = 0.589779
stat.pool.105.util.mem_avg = 0.164133
stat.pool.105.util.req_link_avg = 0.99885
stat.pool.105.walltime_s = 164.827
stat.pool.105.active_time_s = 0.56222
stat.pool.104.util.mem_avg = 0.164133
stat.pool.104.util.req_link_avg = 0.998851
stat.pool.104.walltime_s = 164.827
stat.pool.104.active_time_s = 0.530065
stat.pool.103.util.mem_avg = 0.164133
stat.pool.103.util.req_link_avg = 0.998851
stat.pool.103.walltime_s = 164.827
stat.pool.103.active_time_s = 0.577598
stat.pool.102.util.mem_avg = 0.164133
stat.pool.102.util.req_link_avg = 0.998851
stat.pool.102.walltime_s = 164.827
stat.pool.102.active_time_s = 0.572355
stat.pool.101.util.mem_avg = 0.164133
stat.pool.101.util.req_link_avg = 0.998851
stat.pool.101.walltime_s = 164.827
stat.pool.101.active_time_s = 0.62134
stat.pool.100.util.mem_avg = 0.164135
stat.pool.100.util.req_link_avg = 0.998851
stat.pool.100.walltime_s = 164.827
stat.pool.100.active_time_s = 0.582015
stat.switch.replicated_messages = 477792
stat.switch.util.node_ingress_avg = 0.127773
stat.switch.util.pool_ingress_avg = 0.0309242
stat.switch.bw.host_to_switch_gbps = 6.28089
stat.switch.bw.switch_to_host_gbps = 1.32999
stat.switch.bw.host_link_total_gbps = 7.61088
stat.switch.walltime_s = 164.827
stat.switch.active_time_s = 3.54486
Simulation is complete, simulated time: 715.069 us
