stat.node.2.cpu.0.retired = 811
stat.node.2.cpu.0.cycles = 1000000
stat.node.3.cpu.0.retired = 811
stat.node.3.cpu.0.cycles = 1000000
stat.node.4.cpu.0.retired = 811
stat.node.4.cpu.0.cycles = 1000000
stat.node.5.cpu.0.retired = 811
stat.node.5.cpu.0.cycles = 1000000
stat.node.6.cpu.0.retired = 811
stat.node.6.cpu.0.cycles = 1000000
stat.node.7.cpu.0.retired = 811
stat.node.7.cpu.0.cycles = 1000000
stat.node.0.cpu.0.retired = 811
stat.node.0.cpu.0.cycles = 1000000
stat.node.1.cpu.0.retired = 811
stat.node.1.cpu.0.cycles = 1000000
stat.node.4.cpu.0.load_issue_to_complete_count = 799
stat.node.4.cpu.0.avg_load_issue_to_complete_lat = 938.726
stat.node.5.cpu.0.load_issue_to_complete_count = 799
stat.node.6.cpu.0.load_issue_to_complete_count = 799
stat.node.6.cpu.0.avg_load_issue_to_complete_lat = 938.726
stat.node.6.injector.phase_cycles = 751858
stat.node.6.injector.request_bytes = 239184
stat.node.6.injector.response_bytes = 26176
stat.node.6.injector.aggregate_bytes = 265360
stat.node.6.injector.request_gbps = 6.10798
stat.node.6.injector.response_gbps = 0.66845
stat.node.6.injector.aggregate_gbps = 6.77643
stat.node.6.llc.cxl_miss = 800
stat.node.6.llc.total_miss = 800
stat.node.6.llc.avg_miss_lat = 764.768
stat.node.4.injector.phase_cycles = 751861
stat.node.5.cpu.0.avg_load_issue_to_complete_lat = 938.726
stat.node.5.injector.phase_cycles = 751859
stat.node.5.injector.request_bytes = 239184
stat.node.5.injector.response_bytes = 26176
stat.node.5.injector.aggregate_bytes = 265360
stat.node.5.injector.request_gbps = 6.10797
stat.node.5.injector.response_gbps = 0.668449
stat.node.5.injector.aggregate_gbps = 6.77642
stat.node.5.llc.cxl_miss = 800
stat.node.5.llc.total_miss = 800
stat.node.5.llc.avg_miss_lat = 764.761
stat.node.5.llc.avg_cxl_lat = 764.761
stat.node.5.llc.miss_lat_hist_bin_ns = 10
stat.node.6.llc.avg_cxl_lat = 764.768
stat.node.6.llc.miss_lat_hist_bin_ns = 10
stat.node.6.llc.miss_lat_hist = [0,0,0,0,0,0,0,0,0,0,0,0,0,0,0,0,0,0,0,0,0,0,0,0,0,0,0,0,0,0,0,597,203]
stat.node.6.util.dram_avg = 1.37885e-05
stat.node.5.llc.miss_lat_hist = [0,0,0,0,0,0,0,0,0,0,0,0,0,0,0,0,0,0,0,0,0,0,0,0,0,0,0,0,0,0,0,637,163]
stat.node.5.util.dram_avg = 1.37885e-05
stat.node.5.walltime_s = 203.812
stat.node.5.active_time_s = 25.1536
stat.node.6.walltime_s = 203.812
stat.node.6.active_time_s = 23.2268
stat.node.4.injector.request_bytes = 239184
stat.node.4.injector.response_bytes = 26176
stat.node.4.injector.aggregate_bytes = 265360
stat.node.4.injector.request_gbps = 6.10795
stat.node.4.injector.response_gbps = 0.668447
stat.node.4.injector.aggregate_gbps = 6.7764
stat.node.4.llc.cxl_miss = 800
stat.node.4.llc.total_miss = 800
stat.node.4.llc.avg_miss_lat = 764.765
stat.node.4.llc.avg_cxl_lat = 764.765
stat.node.4.llc.miss_lat_hist_bin_ns = 10
stat.node.4.llc.miss_lat_hist = [0,0,0,0,0,0,0,0,0,0,0,0,0,0,0,0,0,0,0,0,0,0,0,0,0,0,0,0,0,0,0,669,131]
stat.node.4.util.dram_avg = 1.37885e-05
stat.node.4.walltime_s = 203.812
stat.node.4.active_time_s = 26.5688
stat.node.7.cpu.0.load_issue_to_complete_count = 799
stat.node.7.cpu.0.avg_load_issue_to_complete_lat = 938.726
stat.node.7.injector.phase_cycles = 751861
stat.node.7.injector.request_bytes = 239184
stat.node.7.injector.response_bytes = 26176
stat.node.0.cpu.0.load_issue_to_complete_count = 799
stat.node.0.cpu.0.avg_load_issue_to_complete_lat = 938.726
stat.node.0.injector.phase_cycles = 751859
stat.node.0.injector.request_bytes = 239184
stat.node.1.cpu.0.load_issue_to_complete_count = 799
stat.node.1.cpu.0.avg_load_issue_to_complete_lat = 938.726
stat.node.1.injector.phase_cycles = 751858
stat.node.0.injector.response_bytes = 26176
stat.node.0.injector.aggregate_bytes = 265360
stat.node.0.injector.request_gbps = 6.10797
stat.node.0.injector.response_gbps = 0.668449
stat.node.1.injector.request_bytes = 239184
stat.node.7.injector.aggregate_bytes = 265360
stat.node.7.injector.request_gbps = 6.10795
stat.node.7.injector.response_gbps = 0.668447
stat.node.7.injector.aggregate_gbps = 6.7764
stat.node.7.llc.cxl_miss = 800
stat.node.7.llc.total_miss = 800
stat.node.7.llc.avg_miss_lat = 764.768
stat.node.7.llc.avg_cxl_lat = 764.768
stat.node.7.llc.miss_lat_hist_bin_ns = 10
stat.node.1.injector.response_bytes = 26176
stat.node.1.injector.aggregate_bytes = 265360
stat.node.1.injector.request_gbps = 6.10798
stat.node.1.injector.response_gbps = 0.66845
stat.node.1.injector.aggregate_gbps = 6.77643
stat.node.1.llc.cxl_miss = 800
stat.node.1.llc.total_miss = 800
stat.node.1.llc.avg_miss_lat = 764.758
stat.node.1.llc.avg_cxl_lat = 764.758
stat.node.1.llc.miss_lat_hist_bin_ns = 10
stat.node.1.llc.miss_lat_hist = [0,0,0,0,0,0,0,0,0,0,0,0,0,0,0,0,0,0,0,0,0,0,0,0,0,0,0,0,0,0,0,598,202]
stat.node.1.util.dram_avg = 1.37883e-05
stat.node.1.walltime_s = 203.92
stat.node.1.active_time_s = 24.1314
stat.node.0.injector.aggregate_gbps = 6.77642
stat.node.0.llc.cxl_miss = 800
stat.node.0.llc.total_miss = 800
stat.node.0.llc.avg_miss_lat = 764.769
stat.node.0.llc.avg_cxl_lat = 764.769
stat.node.0.llc.miss_lat_hist_bin_ns = 10
stat.node.0.llc.miss_lat_hist = [0,0,0,0,0,0,0,0,0,0,0,0,0,0,0,0,0,0,0,0,0,0,0,0,0,0,0,0,0,0,0,641,159]
stat.node.0.util.dram_avg = 1.37883e-05
stat.node.0.walltime_s = 203.92
stat.node.0.active_time_s = 29.633
stat.node.7.llc.miss_lat_hist = [0,0,0,0,0,0,0,0,0,0,0,0,0,0,0,0,0,0,0,0,0,0,0,0,0,0,0,0,0,0,0,664,136]
stat.node.7.util.dram_avg = 1.37883e-05
stat.node.7.walltime_s = 203.92
stat.node.7.active_time_s = 26.1569
stat.node.2.cpu.0.load_issue_to_complete_count = 799
stat.node.3.cpu.0.load_issue_to_complete_count = 799
stat.node.3.cpu.0.avg_load_issue_to_complete_lat = 938.726
stat.node.2.cpu.0.avg_load_issue_to_complete_lat = 938.726
stat.node.2.injector.phase_cycles = 751861
stat.node.2.injector.request_bytes = 239184
stat.node.2.injector.response_bytes = 26176
stat.node.2.injector.aggregate_bytes = 265360
stat.node.2.injector.request_gbps = 6.10795
stat.node.2.injector.response_gbps = 0.668447
stat.node.2.injector.aggregate_gbps = 6.7764
stat.node.3.injector.phase_cycles = 751859
stat.node.3.injector.request_bytes = 239184
stat.node.3.injector.response_bytes = 26176
stat.node.3.injector.aggregate_bytes = 265360
stat.node.3.injector.request_gbps = 6.10797
stat.node.3.injector.response_gbps = 0.668449
stat.node.3.injector.aggregate_gbps = 6.77642
stat.node.2.llc.cxl_miss = 800
stat.node.2.llc.total_miss = 800
stat.node.2.llc.avg_miss_lat = 764.763
stat.node.3.llc.cxl_miss = 800
stat.node.3.llc.total_miss = 800
stat.node.3.llc.avg_miss_lat = 764.768
stat.node.3.llc.avg_cxl_lat = 764.768
stat.node.3.llc.miss_lat_hist_bin_ns = 10
stat.node.2.llc.avg_cxl_lat = 764.763
stat.node.2.llc.miss_lat_hist_bin_ns = 10
stat.node.2.llc.miss_lat_hist = [0,0,0,0,0,0,0,0,0,0,0,0,0,0,0,0,0,0,0,0,0,0,0,0,0,0,0,0,0,0,0,684,116]
stat.node.2.util.dram_avg = 1.37882e-05
stat.node.3.llc.miss_lat_hist = [0,0,0,0,0,0,0,0,0,0,0,0,0,0,0,0,0,0,0,0,0,0,0,0,0,0,0,0,0,0,0,649,151]
stat.node.3.util.dram_avg = 1.37882e-05
stat.node.3.walltime_s = 203.921
stat.node.3.active_time_s = 24.4757
stat.node.2.walltime_s = 203.921
stat.node.2.active_time_s = 22.2558
stat.pool.102.util.mem_avg = 0.174001
stat.pool.102.util.req_link_avg = 0.99365
stat.pool.102.walltime_s = 203.921
stat.pool.102.active_time_s = 0.777263
stat.pool.101.util.mem_avg = 0.174002
stat.pool.101.util.req_link_avg = 0.99365
stat.pool.101.walltime_s = 203.921
stat.pool.101.active_time_s = 0.728758
stat.pool.100.util.mem_avg = 0.174003
stat.pool.100.util.req_link_avg = 0.99365
stat.pool.100.walltime_s = 203.921
stat.pool.100.active_time_s = 0.92771
stat.switch.replicated_messages = 204768
stat.switch.util.node_ingress_avg = 0.12758
stat.switch.util.pool_ingress_avg = 0.107356
stat.switch.bw.host_to_switch_gbps = 6.27136
stat.switch.bw.switch_to_host_gbps = 1.97878
stat.switch.bw.host_link_total_gbps = 8.25015
stat.switch.walltime_s = 203.921
stat.switch.active_time_s = 3.33723
Simulation is complete, simulated time: 725.841 us
