stat.node.6.cpu.0.retired = 701
stat.node.6.cpu.0.cycles = 1000000
stat.node.7.cpu.0.retired = 702
stat.node.7.cpu.0.cycles = 1000000
stat.node.0.cpu.0.retired = 700
stat.node.0.cpu.0.cycles = 1000000
stat.node.1.cpu.0.retired = 700
stat.node.1.cpu.0.cycles = 1000000
stat.node.2.cpu.0.retired = 701
stat.node.2.cpu.0.cycles = 1000000
stat.node.3.cpu.0.retired = 700
stat.node.4.cpu.0.retired = 693
stat.node.4.cpu.0.cycles = 1000000
stat.node.5.cpu.0.retired = 701
stat.node.5.cpu.0.cycles = 1000000
stat.node.3.cpu.0.cycles = 1000000
stat.node.7.cpu.0.load_issue_to_complete_count = 799
stat.node.7.cpu.0.avg_load_issue_to_complete_lat = 1079.73
stat.node.7.injector.phase_cycles = 864675
stat.node.7.injector.request_bytes = 188064
stat.node.7.injector.response_bytes = 501504
stat.node.7.injector.aggregate_bytes = 689568
stat.node.7.injector.request_gbps = 4.17594
stat.node.7.injector.response_gbps = 11.1358
stat.node.7.injector.aggregate_gbps = 15.3118
stat.node.7.llc.cxl_miss = 800
stat.node.7.llc.total_miss = 800
stat.node.7.llc.avg_miss_lat = 903.32
stat.node.7.llc.avg_cxl_lat = 903.32
stat.node.7.llc.miss_lat_hist_bin_ns = 10
stat.node.7.llc.miss_lat_hist = [0,0,0,0,0,0,0,0,0,0,0,0,0,0,0,0,0,0,0,0,0,0,0,0,0,0,0,0,0,0,0,0,0,0,18,174,111,94,181,196,26]
stat.node.7.util.dram_avg = 1.21448e-05
stat.node.7.walltime_s = 237.808
stat.node.7.active_time_s = 30.9946
stat.node.6.cpu.0.load_issue_to_complete_count = 799
stat.node.6.cpu.0.avg_load_issue_to_complete_lat = 1079.76
stat.node.6.injector.phase_cycles = 864682
stat.node.6.injector.request_bytes = 188064
stat.node.6.injector.response_bytes = 501504
stat.node.6.injector.aggregate_bytes = 689568
stat.node.6.injector.request_gbps = 4.1759
stat.node.6.injector.response_gbps = 11.1357
stat.node.6.injector.aggregate_gbps = 15.3116
stat.node.6.llc.cxl_miss = 800
stat.node.6.llc.total_miss = 800
stat.node.6.llc.avg_miss_lat = 903.391
stat.node.6.llc.avg_cxl_lat = 903.391
stat.node.6.llc.miss_lat_hist_bin_ns = 10
stat.node.6.llc.miss_lat_hist = [0,0,0,0,0,0,0,0,0,0,0,0,0,0,0,0,0,0,0,0,0,0,0,0,0,0,0,0,0,0,0,0,0,0,9,132,116,216,135,167,25]
stat.node.6.util.dram_avg = 1.21428e-05
stat.node.6.walltime_s = 237.816
stat.node.6.active_time_s = 22.7507
stat.node.5.cpu.0.load_issue_to_complete_count = 799
stat.node.5.cpu.0.avg_load_issue_to_complete_lat = 1080.1
stat.node.5.injector.phase_cycles = 864968
stat.node.5.injector.request_bytes = 188152
stat.node.5.injector.response_bytes = 501696
stat.node.5.injector.aggregate_bytes = 689848
stat.node.5.injector.request_gbps = 4.17648
stat.node.5.injector.response_gbps = 11.1363
stat.node.5.injector.aggregate_gbps = 15.3128
stat.node.5.llc.cxl_miss = 800
stat.node.5.llc.total_miss = 800
stat.node.5.llc.avg_miss_lat = 903.722
stat.node.5.llc.avg_cxl_lat = 903.722
stat.node.5.llc.miss_lat_hist_bin_ns = 10
stat.node.5.llc.miss_lat_hist = [0,0,0,0,0,0,0,0,0,0,0,0,0,0,0,0,0,0,0,0,0,0,0,0,0,0,0,0,0,0,0,0,0,1,11,147,132,131,175,185,16,1,0,1]
stat.node.5.util.dram_avg = 1.21394e-05
stat.node.5.walltime_s = 237.843
stat.node.5.active_time_s = 26.9647
stat.node.0.cpu.0.load_issue_to_complete_count = 799
stat.node.0.cpu.0.avg_load_issue_to_complete_lat = 1080.8
stat.node.0.injector.phase_cycles = 865532
stat.node.0.injector.request_bytes = 188256
stat.node.0.injector.response_bytes = 502016
stat.node.0.injector.aggregate_bytes = 690272
stat.node.0.injector.request_gbps = 4.17606
stat.node.0.injector.response_gbps = 11.1362
stat.node.0.injector.aggregate_gbps = 15.3122
stat.node.0.llc.cxl_miss = 800
stat.node.0.llc.total_miss = 800
stat.node.0.llc.avg_miss_lat = 904.516
stat.node.0.llc.avg_cxl_lat = 904.516
stat.node.0.llc.miss_lat_hist_bin_ns = 10
stat.node.0.llc.miss_lat_hist = [0,0,0,0,0,0,0,0,0,0,0,0,0,0,0,0,0,0,0,0,0,0,0,0,0,0,0,0,0,0,0,0,0,0,14,147,141,113,154,206,24,1]
stat.node.0.util.dram_avg = 1.21314e-05
stat.node.0.walltime_s = 237.909
stat.node.0.active_time_s = 27.6867
stat.node.3.cpu.0.load_issue_to_complete_count = 799
stat.node.3.cpu.0.avg_load_issue_to_complete_lat = 1080.45
stat.node.3.injector.phase_cycles = 865207
stat.node.3.injector.request_bytes = 188232
stat.node.3.injector.response_bytes = 501824
stat.node.3.injector.aggregate_bytes = 690056
stat.node.3.injector.request_gbps = 4.1771
stat.node.3.injector.response_gbps = 11.1361
stat.node.3.injector.aggregate_gbps = 15.3132
stat.node.3.llc.cxl_miss = 800
stat.node.3.llc.total_miss = 800
stat.node.3.llc.avg_miss_lat = 904.03
stat.node.3.llc.avg_cxl_lat = 904.03
stat.node.3.llc.miss_lat_hist_bin_ns = 10
stat.node.3.llc.miss_lat_hist = [0,0,0,0,0,0,0,0,0,0,0,0,0,0,0,0,0,0,0,0,0,0,0,0,0,0,0,0,0,0,0,0,0,0,8,130,146,160,151,188,17]
stat.node.3.util.dram_avg = 1.2129e-05
stat.node.3.walltime_s = 237.977
stat.node.3.active_time_s = 32.2661
stat.node.2.cpu.0.load_issue_to_complete_count = 799
stat.node.2.cpu.0.avg_load_issue_to_complete_lat = 1083.43
stat.node.2.injector.phase_cycles = 867607
stat.node.2.injector.request_bytes = 188720
stat.node.2.injector.response_bytes = 503232
stat.node.2.injector.aggregate_bytes = 691952
stat.node.2.injector.request_gbps = 4.17634
stat.node.2.injector.response_gbps = 11.1364
stat.node.2.injector.aggregate_gbps = 15.3128
stat.node.2.llc.cxl_miss = 800
stat.node.2.llc.total_miss = 800
stat.node.2.llc.avg_miss_lat = 907.151
stat.node.2.llc.avg_cxl_lat = 907.151
stat.node.2.llc.miss_lat_hist_bin_ns = 10
stat.node.2.llc.miss_lat_hist = [0,0,0,0,0,0,0,0,0,0,0,0,0,0,0,0,0,0,0,0,0,0,0,0,0,0,0,0,0,0,0,0,0,0,19,167,101,74,153,255,31]
stat.node.2.util.dram_avg = 1.21204e-05
stat.node.2.walltime_s = 238.101
stat.node.2.active_time_s = 28.7549
stat.node.1.cpu.0.load_issue_to_complete_count = 799
stat.node.1.cpu.0.avg_load_issue_to_complete_lat = 1082.17
stat.node.1.injector.phase_cycles = 866593
stat.node.1.injector.request_bytes = 188520
stat.node.1.injector.response_bytes = 502592
stat.node.1.injector.aggregate_bytes = 691112
stat.node.1.injector.request_gbps = 4.1768
stat.node.1.injector.response_gbps = 11.1353
stat.node.1.injector.aggregate_gbps = 15.3121
stat.node.1.llc.cxl_miss = 800
stat.node.1.llc.total_miss = 800
stat.node.1.llc.avg_miss_lat = 905.879
stat.node.1.llc.avg_cxl_lat = 905.879
stat.node.1.llc.miss_lat_hist_bin_ns = 10
stat.node.1.llc.miss_lat_hist = [0,0,0,0,0,0,0,0,0,0,0,0,0,0,0,0,0,0,0,0,0,0,0,0,0,0,0,0,0,0,0,0,0,0,5,132,153,112,182,200,15,1]
stat.node.1.util.dram_avg = 1.21151e-05
stat.node.1.walltime_s = 238.235
stat.node.1.active_time_s = 28.9985
stat.node.4.cpu.0.load_issue_to_complete_count = 799
stat.node.4.cpu.0.avg_load_issue_to_complete_lat = 1094.81
stat.node.4.injector.phase_cycles = 876725
stat.node.4.injector.request_bytes = 190664
stat.node.4.injector.response_bytes = 508480
stat.node.4.injector.aggregate_bytes = 699144
stat.node.4.injector.request_gbps = 4.17548
stat.node.4.injector.response_gbps = 11.1356
stat.node.4.injector.aggregate_gbps = 15.311
stat.node.4.llc.cxl_miss = 800
stat.node.4.llc.total_miss = 800
stat.node.4.llc.avg_miss_lat = 918.214
stat.node.4.llc.avg_cxl_lat = 918.214
stat.node.4.llc.miss_lat_hist_bin_ns = 10
stat.node.4.llc.miss_lat_hist = [0,0,0,0,0,0,0,0,0,0,0,0,0,0,0,0,0,0,0,0,0,0,0,0,0,0,0,0,0,0,0,0,0,0,23,95,82,73,171,296,58,1,0,1]
stat.node.4.util.dram_avg = 1.20099e-05
stat.node.4.walltime_s = 240.063
stat.node.4.active_time_s = 26.2843
stat.pool.101.util.mem_avg = 0.232429
stat.pool.101.util.req_link_avg = 0.577953
stat.pool.101.walltime_s = 240.117
stat.pool.101.active_time_s = 1.02391
stat.pool.100.util.mem_avg = 0.232429
stat.pool.100.util.req_link_avg = 0.577953
stat.pool.100.walltime_s = 240.118
stat.pool.100.active_time_s = 0.98193
stat.switch.replicated_messages = 72432
stat.switch.util.node_ingress_avg = 0.0878776
stat.switch.util.pool_ingress_avg = 0.999557
stat.switch.bw.host_to_switch_gbps = 4.31958
stat.switch.bw.switch_to_host_gbps = 12.2826
stat.switch.bw.host_link_total_gbps = 16.6021
stat.switch.walltime_s = 240.118
stat.switch.active_time_s = 3.97559
Simulation is complete, simulated time: 833.316 us
