stat.node.0.llc.cxl_miss = 7453
stat.node.0.llc.total_miss = 7456
stat.node.0.llc.avg_miss_lat = 684.428
stat.node.0.llc.avg_cxl_lat = 684.448
stat.node.0.llc.miss_lat_hist_bin_ns = 10
stat.node.0.llc.miss_lat_hist = [0,0,0,0,0,0,0,0,0,0,0,0,0,0,0,0,0,0,0,0,0,0,0,0,0,0,2487,1343,1100,841,581,393,272,167,88,72,51,27,16,14,1,0,1,0,2]
stat.node.0.util.dram_avg = 8.51004e-06
stat.node.0.walltime_s = 63.4806
stat.node.0.active_time_s = 27.8686
stat.node.1.llc.cxl_miss = 7453
stat.node.1.llc.total_miss = 7456
stat.node.1.llc.avg_miss_lat = 684.428
stat.node.1.llc.avg_cxl_lat = 684.448
stat.node.1.llc.miss_lat_hist_bin_ns = 10
stat.node.1.llc.miss_lat_hist = [0,0,0,0,0,0,0,0,0,0,0,0,0,0,0,0,0,0,0,0,0,0,0,0,0,0,2487,1343,1100,841,581,393,272,167,88,72,51,27,16,14,1,0,1,0,2]
stat.node.1.util.dram_avg = 8.51004e-06
stat.node.1.walltime_s = 63.4806
stat.node.1.active_time_s = 28.2248
stat.node.2.llc.cxl_miss = 7453
stat.node.2.llc.total_miss = 7456
stat.node.2.llc.avg_miss_lat = 688.356
stat.node.2.llc.avg_cxl_lat = 688.37
stat.node.2.llc.miss_lat_hist_bin_ns = 10
stat.node.2.llc.miss_lat_hist = [0,0,0,0,0,0,0,0,0,0,0,0,0,0,0,0,0,0,0,0,0,0,0,0,0,0,2346,1319,1135,816,564,403,280,220,156,89,62,33,23,6,1,1,2]
stat.node.2.util.dram_avg = 8.49513e-06
stat.node.2.walltime_s = 63.5459
stat.node.2.active_time_s = 27.7257
stat.node.3.llc.cxl_miss = 7453
stat.node.3.llc.total_miss = 7456
stat.node.3.llc.avg_miss_lat = 688.356
stat.node.3.llc.avg_cxl_lat = 688.37
stat.node.3.llc.miss_lat_hist_bin_ns = 10
stat.node.3.llc.miss_lat_hist = [0,0,0,0,0,0,0,0,0,0,0,0,0,0,0,0,0,0,0,0,0,0,0,0,0,0,2346,1319,1135,816,564,403,280,220,156,89,62,33,23,6,1,1,2]
stat.node.3.util.dram_avg = 8.49513e-06
stat.node.3.walltime_s = 63.5461
stat.node.3.active_time_s = 28.2967
stat.node.4.llc.cxl_miss = 7453
stat.node.4.llc.total_miss = 7456
stat.node.4.llc.avg_miss_lat = 688.258
stat.node.4.llc.avg_cxl_lat = 688.248
stat.node.4.llc.miss_lat_hist_bin_ns = 10
stat.node.4.llc.miss_lat_hist = [0,0,0,0,0,0,0,0,0,0,0,0,0,0,0,0,0,0,0,0,0,0,0,0,0,0,2273,1281,1151,879,644,466,292,170,120,68,43,36,16,12,2,3]
stat.node.4.util.dram_avg = 8.47538e-06
stat.node.4.walltime_s = 63.6298
stat.node.4.active_time_s = 27.9607
stat.node.5.llc.cxl_miss = 7453
stat.node.5.llc.total_miss = 7456
stat.node.5.llc.avg_miss_lat = 688.258
stat.node.5.llc.avg_cxl_lat = 688.248
stat.node.5.llc.miss_lat_hist_bin_ns = 10
stat.node.5.llc.miss_lat_hist = [0,0,0,0,0,0,0,0,0,0,0,0,0,0,0,0,0,0,0,0,0,0,0,0,0,0,2273,1281,1151,879,644,466,292,170,120,68,43,36,16,12,2,3]
stat.node.5.util.dram_avg = 8.47538e-06
stat.node.5.walltime_s = 63.6298
stat.node.5.active_time_s = 28.1588
stat.node.6.llc.cxl_miss = 7453
stat.node.6.llc.total_miss = 7456
stat.node.6.llc.avg_miss_lat = 693.366
stat.node.6.llc.avg_cxl_lat = 693.375
stat.node.6.llc.miss_lat_hist_bin_ns = 10
stat.node.6.llc.miss_lat_hist = [0,0,0,0,0,0,0,0,0,0,0,0,0,0,0,0,0,0,0,0,0,0,0,0,0,0,2139,1219,1114,886,660,499,341,207,141,95,79,42,18,6,4,3,2,1]
stat.node.6.util.dram_avg = 8.45922e-06
stat.node.6.walltime_s = 63.6953
stat.node.6.active_time_s = 28.3486
stat.node.7.llc.cxl_miss = 7453
stat.node.7.llc.total_miss = 7456
stat.node.7.llc.avg_miss_lat = 693.366
stat.node.7.llc.avg_cxl_lat = 693.375
stat.node.7.llc.miss_lat_hist_bin_ns = 10
stat.node.7.llc.miss_lat_hist = [0,0,0,0,0,0,0,0,0,0,0,0,0,0,0,0,0,0,0,0,0,0,0,0,0,0,2139,1219,1114,886,660,499,341,207,141,95,79,42,18,6,4,3,2,1]
stat.node.7.util.dram_avg = 8.45922e-06
stat.node.7.walltime_s = 63.6953
stat.node.7.active_time_s = 28.375
stat.pool.101.util.mem_avg = 0.0961474
stat.pool.101.util.req_link_avg = 0.356939
stat.pool.101.walltime_s = 63.6953
stat.pool.101.active_time_s = 0.430452
stat.pool.100.util.mem_avg = 0.0961474
stat.pool.100.util.req_link_avg = 0.356939
stat.pool.100.walltime_s = 63.6953
stat.pool.100.active_time_s = 0.307497
stat.switch.replicated_messages = 73104
stat.switch.util.node_ingress_avg = 0.0489742
stat.switch.util.pool_ingress_avg = 0.278837
stat.switch.walltime_s = 63.6956
stat.switch.active_time_s = 0.895837
Simulation is complete, simulated time: 1.18309 ms
