stat.node.0.cpu.0.retired = 62
stat.node.0.cpu.0.cycles = 1000000
stat.node.1.cpu.0.retired = 62
stat.node.1.cpu.0.cycles = 1000000
stat.node.2.cpu.0.retired = 62
stat.node.2.cpu.0.cycles = 1000000
stat.node.3.cpu.0.retired = 62
stat.node.3.cpu.0.cycles = 1000000
stat.node.4.cpu.0.retired = 62
stat.node.4.cpu.0.cycles = 1000000
stat.node.5.cpu.0.retired = 62
stat.node.5.cpu.0.cycles = 1000000
stat.node.6.cpu.0.retired = 62
stat.node.6.cpu.0.cycles = 1000000
stat.node.7.cpu.0.retired = 62
stat.node.7.cpu.0.cycles = 1000000
stat.node.6.cpu.0.retired = 129
stat.node.6.cpu.0.cycles = 2000000
stat.node.7.cpu.0.retired = 129
stat.node.7.cpu.0.cycles = 2000000
stat.node.0.cpu.0.retired = 129
stat.node.0.cpu.0.cycles = 2000000
stat.node.1.cpu.0.retired = 129
stat.node.1.cpu.0.cycles = 2000000
stat.node.2.cpu.0.retired = 129
stat.node.2.cpu.0.cycles = 2000000
stat.node.3.cpu.0.retired = 129
stat.node.3.cpu.0.cycles = 2000000
stat.node.4.cpu.0.retired = 129
stat.node.4.cpu.0.cycles = 2000000
stat.node.5.cpu.0.retired = 129
stat.node.5.cpu.0.cycles = 2000000
stat.node.7.cpu.0.retired = 209
stat.node.7.cpu.0.cycles = 3000000
stat.node.0.cpu.0.retired = 209
stat.node.0.cpu.0.cycles = 3000000
stat.node.1.cpu.0.retired = 209
stat.node.1.cpu.0.cycles = 3000000
stat.node.2.cpu.0.retired = 209
stat.node.2.cpu.0.cycles = 3000000
stat.node.3.cpu.0.retired = 209
stat.node.3.cpu.0.cycles = 3000000
stat.node.4.cpu.0.retired = 209
stat.node.4.cpu.0.cycles = 3000000
stat.node.6.cpu.0.retired = 209
stat.node.6.cpu.0.cycles = 3000000
stat.node.5.cpu.0.retired = 209
stat.node.5.cpu.0.cycles = 3000000
stat.node.1.cpu.0.retired = 290
stat.node.1.cpu.0.cycles = 4000000
stat.node.2.cpu.0.retired = 290
stat.node.2.cpu.0.cycles = 4000000
stat.node.3.cpu.0.retired = 290
stat.node.3.cpu.0.cycles = 4000000
stat.node.4.cpu.0.retired = 290
stat.node.4.cpu.0.cycles = 4000000
stat.node.5.cpu.0.retired = 290
stat.node.5.cpu.0.cycles = 4000000
stat.node.6.cpu.0.retired = 290
stat.node.6.cpu.0.cycles = 4000000
stat.node.7.cpu.0.retired = 290
stat.node.7.cpu.0.cycles = 4000000
stat.node.0.cpu.0.retired = 290
stat.node.0.cpu.0.cycles = 4000000
stat.node.1.cpu.0.retired = 382
stat.node.1.cpu.0.cycles = 5000000
stat.node.2.cpu.0.retired = 382
stat.node.2.cpu.0.cycles = 5000000
stat.node.3.cpu.0.retired = 382
stat.node.3.cpu.0.cycles = 5000000
stat.node.0.cpu.0.retired = 382
stat.node.0.cpu.0.cycles = 5000000
stat.node.5.cpu.0.retired = 382
stat.node.5.cpu.0.cycles = 5000000
stat.node.6.cpu.0.retired = 382
stat.node.6.cpu.0.cycles = 5000000
stat.node.7.cpu.0.retired = 382
stat.node.7.cpu.0.cycles = 5000000
stat.node.4.cpu.0.retired = 382
stat.node.4.cpu.0.cycles = 5000000
stat.node.0.cpu.0.retired = 481
stat.node.0.cpu.0.cycles = 6000000
stat.node.5.cpu.0.retired = 481
stat.node.6.cpu.0.retired = 481
stat.node.6.cpu.0.cycles = 6000000
stat.node.7.cpu.0.retired = 481
stat.node.7.cpu.0.cycles = 6000000
stat.node.3.cpu.0.retired = 481
stat.node.3.cpu.0.cycles = 6000000
stat.node.1.cpu.0.retired = 481
stat.node.1.cpu.0.cycles = 6000000
stat.node.2.cpu.0.retired = 481
stat.node.2.cpu.0.cycles = 6000000
stat.node.4.cpu.0.retired = 481
stat.node.4.cpu.0.cycles = 6000000
stat.node.5.cpu.0.cycles = 6000000
stat.node.2.cpu.0.retired = 590
stat.node.2.cpu.0.cycles = 7000000
stat.node.0.cpu.0.retired = 590
stat.node.0.cpu.0.cycles = 7000000
stat.node.4.cpu.0.retired = 590
stat.node.4.cpu.0.cycles = 7000000
stat.node.6.cpu.0.retired = 590
stat.node.6.cpu.0.cycles = 7000000
stat.node.7.cpu.0.retired = 590
stat.node.7.cpu.0.cycles = 7000000
stat.node.3.cpu.0.retired = 590
stat.node.3.cpu.0.cycles = 7000000
stat.node.1.cpu.0.retired = 590
stat.node.1.cpu.0.cycles = 7000000
stat.node.5.cpu.0.retired = 590
stat.node.5.cpu.0.cycles = 7000000
stat.node.4.cpu.0.retired = 695
stat.node.4.cpu.0.cycles = 8000000
stat.node.6.cpu.0.retired = 695
stat.node.6.cpu.0.cycles = 8000000
stat.node.7.cpu.0.retired = 695
stat.node.7.cpu.0.cycles = 8000000
stat.node.3.cpu.0.retired = 695
stat.node.3.cpu.0.cycles = 8000000
stat.node.5.cpu.0.retired = 695
stat.node.5.cpu.0.cycles = 8000000
stat.node.1.cpu.0.retired = 695
stat.node.1.cpu.0.cycles = 8000000
stat.node.2.cpu.0.retired = 695
stat.node.2.cpu.0.cycles = 8000000
stat.node.0.cpu.0.retired = 695
stat.node.0.cpu.0.cycles = 8000000
stat.node.0.cpu.0.retired = 803
stat.node.0.cpu.0.cycles = 9000000
stat.node.5.cpu.0.retired = 803
stat.node.5.cpu.0.cycles = 9000000
stat.node.1.cpu.0.retired = 803
stat.node.1.cpu.0.cycles = 9000000
stat.node.2.cpu.0.retired = 803
stat.node.2.cpu.0.cycles = 9000000
stat.node.3.cpu.0.retired = 803
stat.node.3.cpu.0.cycles = 9000000
stat.node.4.cpu.0.retired = 803
stat.node.6.cpu.0.retired = 803
stat.node.6.cpu.0.cycles = 9000000
stat.node.7.cpu.0.retired = 803
stat.node.7.cpu.0.cycles = 9000000
stat.node.4.cpu.0.cycles = 9000000
stat.node.0.cpu.0.retired = 916
stat.node.0.cpu.0.cycles = 10000000
stat.node.5.cpu.0.retired = 916
stat.node.5.cpu.0.cycles = 10000000
stat.node.1.cpu.0.retired = 916
stat.node.1.cpu.0.cycles = 10000000
stat.node.2.cpu.0.retired = 916
stat.node.2.cpu.0.cycles = 10000000
stat.node.3.cpu.0.retired = 916
stat.node.3.cpu.0.cycles = 10000000
stat.node.7.cpu.0.retired = 916
stat.node.7.cpu.0.cycles = 10000000
stat.node.6.cpu.0.retired = 916
stat.node.6.cpu.0.cycles = 10000000
stat.node.4.cpu.0.retired = 916
stat.node.4.cpu.0.cycles = 10000000
stat.node.1.cpu.0.retired = 1029
stat.node.1.cpu.0.cycles = 11000000
stat.node.2.cpu.0.retired = 1029
stat.node.2.cpu.0.cycles = 11000000
stat.node.3.cpu.0.retired = 1029
stat.node.3.cpu.0.cycles = 11000000
stat.node.7.cpu.0.retired = 1029
stat.node.7.cpu.0.cycles = 11000000
stat.node.4.cpu.0.retired = 1029
stat.node.4.cpu.0.cycles = 11000000
stat.node.6.cpu.0.retired = 1029
stat.node.6.cpu.0.cycles = 11000000
stat.node.0.cpu.0.retired = 1029
stat.node.0.cpu.0.cycles = 11000000
stat.node.5.cpu.0.retired = 1029
stat.node.5.cpu.0.cycles = 11000000
stat.node.1.cpu.0.retired = 1142
stat.node.1.cpu.0.cycles = 12000000
stat.node.2.cpu.0.retired = 1142
stat.node.2.cpu.0.cycles = 12000000
stat.node.3.cpu.0.retired = 1142
stat.node.3.cpu.0.cycles = 12000000
stat.node.5.cpu.0.retired = 1142
stat.node.4.cpu.0.retired = 1142
stat.node.4.cpu.0.cycles = 12000000
stat.node.6.cpu.0.retired = 1142
stat.node.6.cpu.0.cycles = 12000000
stat.node.0.cpu.0.retired = 1142
stat.node.0.cpu.0.cycles = 12000000
stat.node.7.cpu.0.retired = 1142
stat.node.7.cpu.0.cycles = 12000000
stat.node.5.cpu.0.cycles = 12000000
stat.node.7.cpu.0.retired = 1256
stat.node.7.cpu.0.cycles = 13000000
stat.node.4.cpu.0.retired = 1256
stat.node.6.cpu.0.retired = 1256
stat.node.6.cpu.0.cycles = 13000000
stat.node.0.cpu.0.retired = 1256
stat.node.0.cpu.0.cycles = 13000000
stat.node.3.cpu.0.retired = 1255
stat.node.3.cpu.0.cycles = 13000000
stat.node.1.cpu.0.retired = 1256
stat.node.1.cpu.0.cycles = 13000000
stat.node.2.cpu.0.retired = 1255
stat.node.2.cpu.0.cycles = 13000000
stat.node.5.cpu.0.retired = 1256
stat.node.5.cpu.0.cycles = 13000000
stat.node.4.cpu.0.cycles = 13000000
stat.node.6.cpu.0.retired = 1370
stat.node.6.cpu.0.cycles = 14000000
stat.node.0.cpu.0.retired = 1370
stat.node.0.cpu.0.cycles = 14000000
stat.node.3.cpu.0.retired = 1370
stat.node.3.cpu.0.cycles = 14000000
stat.node.1.cpu.0.retired = 1370
stat.node.1.cpu.0.cycles = 14000000
stat.node.4.cpu.0.retired = 1370
stat.node.2.cpu.0.retired = 1370
stat.node.2.cpu.0.cycles = 14000000
stat.node.7.cpu.0.retired = 1370
stat.node.7.cpu.0.cycles = 14000000
stat.node.5.cpu.0.retired = 1370
stat.node.5.cpu.0.cycles = 14000000
stat.node.4.cpu.0.cycles = 14000000
stat.node.7.cpu.0.retired = 1483
stat.node.7.cpu.0.cycles = 15000000
stat.node.1.cpu.0.retired = 1483
stat.node.1.cpu.0.cycles = 15000000
stat.node.6.cpu.0.retired = 1483
stat.node.6.cpu.0.cycles = 15000000
stat.node.0.cpu.0.retired = 1483
stat.node.0.cpu.0.cycles = 15000000
stat.node.3.cpu.0.retired = 1483
stat.node.3.cpu.0.cycles = 15000000
stat.node.4.cpu.0.retired = 1483
stat.node.4.cpu.0.cycles = 15000000
stat.node.5.cpu.0.retired = 1483
stat.node.5.cpu.0.cycles = 15000000
stat.node.2.cpu.0.retired = 1483
stat.node.2.cpu.0.cycles = 15000000
stat.node.5.cpu.0.retired = 1599
stat.node.5.cpu.0.cycles = 16000000
stat.node.3.cpu.0.retired = 1599
stat.node.3.cpu.0.cycles = 16000000
stat.node.7.cpu.0.retired = 1599
stat.node.7.cpu.0.cycles = 16000000
stat.node.1.cpu.0.retired = 1599
stat.node.1.cpu.0.cycles = 16000000
stat.node.6.cpu.0.retired = 1599
stat.node.6.cpu.0.cycles = 16000000
stat.node.0.cpu.0.retired = 1599
stat.node.0.cpu.0.cycles = 16000000
stat.node.2.cpu.0.retired = 1599
stat.node.2.cpu.0.cycles = 16000000
stat.node.4.cpu.0.retired = 1599
stat.node.4.cpu.0.cycles = 16000000
stat.node.6.cpu.0.load_issue_to_complete_count = 799
stat.node.6.cpu.0.avg_load_issue_to_complete_lat = 8791.15
stat.node.6.injector.phase_cycles = 7033703
stat.node.6.injector.request_bytes = 1681584
stat.node.6.injector.response_bytes = 13452672
stat.node.6.injector.aggregate_bytes = 15134256
stat.node.6.injector.request_gbps = 4.59024
stat.node.6.injector.response_gbps = 36.722
stat.node.6.injector.aggregate_gbps = 41.3122
stat.node.6.llc.cxl_miss = 800
stat.node.6.llc.total_miss = 800
stat.node.6.llc.avg_miss_lat = 8476.95
stat.node.6.llc.avg_cxl_lat = 8476.95
stat.node.6.llc.miss_lat_hist_bin_ns = 10
stat.node.6.llc.miss_lat_hist = [0,0,0,0,0,0,0,0,0,0,0,0,0,0,0,0,0,0,0,0,0,0,0,0,0,0,0,0,0,0,0,0,0,0,0,0,0,0,0,0,0,0,0,0,0,0,0,0,0,0,0,0,0,0,0,0,0,0,0,0,0,0,0,0,0,0,0,0,0,0,0,0,0,0,0,0,0,0,0,0,0,0,0,0,0,0,0,0,0,0,0,0,0,0,0,0,0,0,0,0,0,0,0,0,0,0,0,0,0,0,0,0,0,0,0,0,0,0,0,0,0,0,0,0,0,0,0,0,0,0,0,0,0,0,0,0,0,0,0,0,0,0,0,0,0,0,0,0,0,0,0,0,0,0,0,0,0,0,0,0,0,0,0,0,0,0,0,0,0,0,0,0,0,0,0,0,0,0,0,0,0,0,0,0,0,0,0,0,0,0,0,0,0,0,0,0,0,0,0,0,0,0,0,0,0,0,0,0,0,0,0,0,0,0,0,0,0,0,0,0,0,0,0,0,0,0,0,0,0,0,0,0,0,0,0,0,0,0,0,0,0,0,0,0,0,0,0,0,0,0,0,0,0,0,0,0,0,0,0,0,0,0,0,0,0,0,0,0,0,0,0,0,0,0,0,0,0,0,0,0,0,0,0,0,0,0,0,0,0,0,0,0,0,0,0,0,0,0,0,0,0,0,0,0,0,0,0,0,0,0,0,0,0,0,0,0,0,0,0,0,0,0,0,0,0,0,0,0,0,0,0,0,0,0,0,0,0,0,0,0,0,0,0,0,0,0,0,0,0,0,0,0,123,677]
stat.node.6.util.dram_avg = 1.49959e-06
stat.node.6.walltime_s = 2266.06
stat.node.6.active_time_s = 227.858
stat.node.4.cpu.0.load_issue_to_complete_count = 799
stat.node.4.cpu.0.avg_load_issue_to_complete_lat = 8791.15
stat.node.4.injector.phase_cycles = 7033703
stat.node.4.injector.request_bytes = 1681584
stat.node.4.injector.response_bytes = 13452672
stat.node.4.injector.aggregate_bytes = 15134256
stat.node.4.injector.request_gbps = 4.59024
stat.node.4.injector.response_gbps = 36.722
stat.node.4.injector.aggregate_gbps = 41.3122
stat.node.4.llc.cxl_miss = 800
stat.node.4.llc.total_miss = 800
stat.node.4.llc.avg_miss_lat = 8476.95
stat.node.4.llc.avg_cxl_lat = 8476.95
stat.node.4.llc.miss_lat_hist_bin_ns = 10
stat.node.4.llc.miss_lat_hist = [0,0,0,0,0,0,0,0,0,0,0,0,0,0,0,0,0,0,0,0,0,0,0,0,0,0,0,0,0,0,0,0,0,0,0,0,0,0,0,0,0,0,0,0,0,0,0,0,0,0,0,0,0,0,0,0,0,0,0,0,0,0,0,0,0,0,0,0,0,0,0,0,0,0,0,0,0,0,0,0,0,0,0,0,0,0,0,0,0,0,0,0,0,0,0,0,0,0,0,0,0,0,0,0,0,0,0,0,0,0,0,0,0,0,0,0,0,0,0,0,0,0,0,0,0,0,0,0,0,0,0,0,0,0,0,0,0,0,0,0,0,0,0,0,0,0,0,0,0,0,0,0,0,0,0,0,0,0,0,0,0,0,0,0,0,0,0,0,0,0,0,0,0,0,0,0,0,0,0,0,0,0,0,0,0,0,0,0,0,0,0,0,0,0,0,0,0,0,0,0,0,0,0,0,0,0,0,0,0,0,0,0,0,0,0,0,0,0,0,0,0,0,0,0,0,0,0,0,0,0,0,0,0,0,0,0,0,0,0,0,0,0,0,0,0,0,0,0,0,0,0,0,0,0,0,0,0,0,0,0,0,0,0,0,0,0,0,0,0,0,0,0,0,0,0,0,0,0,0,0,0,0,0,0,0,0,0,0,0,0,0,0,0,0,0,0,0,0,0,0,0,0,0,0,0,0,0,0,0,0,0,0,0,0,0,0,0,0,0,0,0,0,0,0,0,0,0,0,0,0,0,0,0,0,0,0,0,0,0,0,0,0,0,0,0,0,0,0,0,0,0,0,123,677]
stat.node.4.util.dram_avg = 1.49958e-06
stat.node.4.walltime_s = 2266.06
stat.node.4.active_time_s = 187.14
stat.node.1.cpu.0.load_issue_to_complete_count = 799
stat.node.1.cpu.0.avg_load_issue_to_complete_lat = 8791.15
stat.node.1.injector.phase_cycles = 7033703
stat.node.1.injector.request_bytes = 1681584
stat.node.1.injector.response_bytes = 13452672
stat.node.1.injector.aggregate_bytes = 15134256
stat.node.1.injector.request_gbps = 4.59024
stat.node.1.injector.response_gbps = 36.722
stat.node.1.injector.aggregate_gbps = 41.3122
stat.node.1.llc.cxl_miss = 800
stat.node.1.llc.total_miss = 800
stat.node.1.llc.avg_miss_lat = 8476.95
stat.node.1.llc.avg_cxl_lat = 8476.95
stat.node.1.llc.miss_lat_hist_bin_ns = 10
stat.node.1.llc.miss_lat_hist = [0,0,0,0,0,0,0,0,0,0,0,0,0,0,0,0,0,0,0,0,0,0,0,0,0,0,0,0,0,0,0,0,0,0,0,0,0,0,0,0,0,0,0,0,0,0,0,0,0,0,0,0,0,0,0,0,0,0,0,0,0,0,0,0,0,0,0,0,0,0,0,0,0,0,0,0,0,0,0,0,0,0,0,0,0,0,0,0,0,0,0,0,0,0,0,0,0,0,0,0,0,0,0,0,0,0,0,0,0,0,0,0,0,0,0,0,0,0,0,0,0,0,0,0,0,0,0,0,0,0,0,0,0,0,0,0,0,0,0,0,0,0,0,0,0,0,0,0,0,0,0,0,0,0,0,0,0,0,0,0,0,0,0,0,0,0,0,0,0,0,0,0,0,0,0,0,0,0,0,0,0,0,0,0,0,0,0,0,0,0,0,0,0,0,0,0,0,0,0,0,0,0,0,0,0,0,0,0,0,0,0,0,0,0,0,0,0,0,0,0,0,0,0,0,0,0,0,0,0,0,0,0,0,0,0,0,0,0,0,0,0,0,0,0,0,0,0,0,0,0,0,0,0,0,0,0,0,0,0,0,0,0,0,0,0,0,0,0,0,0,0,0,0,0,0,0,0,0,0,0,0,0,0,0,0,0,0,0,0,0,0,0,0,0,0,0,0,0,0,0,0,0,0,0,0,0,0,0,0,0,0,0,0,0,0,0,0,0,0,0,0,0,0,0,0,0,0,0,0,0,0,0,0,0,0,0,0,0,0,0,0,0,0,0,0,0,0,0,0,0,0,0,123,677]
stat.node.1.util.dram_avg = 1.49957e-06
stat.node.1.walltime_s = 2266.1
stat.node.1.active_time_s = 226.663
stat.node.7.cpu.0.load_issue_to_complete_count = 799
stat.node.7.cpu.0.avg_load_issue_to_complete_lat = 8791.15
stat.node.7.injector.phase_cycles = 7033703
stat.node.7.injector.request_bytes = 1681584
stat.node.7.injector.response_bytes = 13452672
stat.node.7.injector.aggregate_bytes = 15134256
stat.node.7.injector.request_gbps = 4.59024
stat.node.7.injector.response_gbps = 36.722
stat.node.7.injector.aggregate_gbps = 41.3122
stat.node.7.llc.cxl_miss = 800
stat.node.7.llc.total_miss = 800
stat.node.7.llc.avg_miss_lat = 8476.95
stat.node.7.llc.avg_cxl_lat = 8476.95
stat.node.7.llc.miss_lat_hist_bin_ns = 10
stat.node.7.llc.miss_lat_hist = [0,0,0,0,0,0,0,0,0,0,0,0,0,0,0,0,0,0,0,0,0,0,0,0,0,0,0,0,0,0,0,0,0,0,0,0,0,0,0,0,0,0,0,0,0,0,0,0,0,0,0,0,0,0,0,0,0,0,0,0,0,0,0,0,0,0,0,0,0,0,0,0,0,0,0,0,0,0,0,0,0,0,0,0,0,0,0,0,0,0,0,0,0,0,0,0,0,0,0,0,0,0,0,0,0,0,0,0,0,0,0,0,0,0,0,0,0,0,0,0,0,0,0,0,0,0,0,0,0,0,0,0,0,0,0,0,0,0,0,0,0,0,0,0,0,0,0,0,0,0,0,0,0,0,0,0,0,0,0,0,0,0,0,0,0,0,0,0,0,0,0,0,0,0,0,0,0,0,0,0,0,0,0,0,0,0,0,0,0,0,0,0,0,0,0,0,0,0,0,0,0,0,0,0,0,0,0,0,0,0,0,0,0,0,0,0,0,0,0,0,0,0,0,0,0,0,0,0,0,0,0,0,0,0,0,0,0,0,0,0,0,0,0,0,0,0,0,0,0,0,0,0,0,0,0,0,0,0,0,0,0,0,0,0,0,0,0,0,0,0,0,0,0,0,0,0,0,0,0,0,0,0,0,0,0,0,0,0,0,0,0,0,0,0,0,0,0,0,0,0,0,0,0,0,0,0,0,0,0,0,0,0,0,0,0,0,0,0,0,0,0,0,0,0,0,0,0,0,0,0,0,0,0,0,0,0,0,0,0,0,0,0,0,0,0,0,0,0,0,0,0,0,123,677]
stat.node.7.util.dram_avg = 1.49955e-06
stat.node.7.walltime_s = 2266.08
stat.node.7.active_time_s = 249.056
stat.node.0.cpu.0.load_issue_to_complete_count = 799
stat.node.0.cpu.0.avg_load_issue_to_complete_lat = 8791.15
stat.node.0.injector.phase_cycles = 7033703
stat.node.0.injector.request_bytes = 1681584
stat.node.0.injector.response_bytes = 13452672
stat.node.0.injector.aggregate_bytes = 15134256
stat.node.0.injector.request_gbps = 4.59024
stat.node.0.injector.response_gbps = 36.722
stat.node.0.injector.aggregate_gbps = 41.3122
stat.node.0.llc.cxl_miss = 800
stat.node.0.llc.total_miss = 800
stat.node.0.llc.avg_miss_lat = 8476.95
stat.node.0.llc.avg_cxl_lat = 8476.95
stat.node.0.llc.miss_lat_hist_bin_ns = 10
stat.node.0.llc.miss_lat_hist = [0,0,0,0,0,0,0,0,0,0,0,0,0,0,0,0,0,0,0,0,0,0,0,0,0,0,0,0,0,0,0,0,0,0,0,0,0,0,0,0,0,0,0,0,0,0,0,0,0,0,0,0,0,0,0,0,0,0,0,0,0,0,0,0,0,0,0,0,0,0,0,0,0,0,0,0,0,0,0,0,0,0,0,0,0,0,0,0,0,0,0,0,0,0,0,0,0,0,0,0,0,0,0,0,0,0,0,0,0,0,0,0,0,0,0,0,0,0,0,0,0,0,0,0,0,0,0,0,0,0,0,0,0,0,0,0,0,0,0,0,0,0,0,0,0,0,0,0,0,0,0,0,0,0,0,0,0,0,0,0,0,0,0,0,0,0,0,0,0,0,0,0,0,0,0,0,0,0,0,0,0,0,0,0,0,0,0,0,0,0,0,0,0,0,0,0,0,0,0,0,0,0,0,0,0,0,0,0,0,0,0,0,0,0,0,0,0,0,0,0,0,0,0,0,0,0,0,0,0,0,0,0,0,0,0,0,0,0,0,0,0,0,0,0,0,0,0,0,0,0,0,0,0,0,0,0,0,0,0,0,0,0,0,0,0,0,0,0,0,0,0,0,0,0,0,0,0,0,0,0,0,0,0,0,0,0,0,0,0,0,0,0,0,0,0,0,0,0,0,0,0,0,0,0,0,0,0,0,0,0,0,0,0,0,0,0,0,0,0,0,0,0,0,0,0,0,0,0,0,0,0,0,0,0,0,0,0,0,0,0,0,0,0,0,0,0,0,0,0,0,0,0,123,677]
stat.node.0.util.dram_avg = 1.49955e-06
stat.node.0.walltime_s = 2266.1
stat.node.0.active_time_s = 249.714
stat.node.5.cpu.0.load_issue_to_complete_count = 799
stat.node.5.cpu.0.avg_load_issue_to_complete_lat = 8791.15
stat.node.5.injector.phase_cycles = 7033703
stat.node.5.injector.request_bytes = 1681584
stat.node.5.injector.response_bytes = 13452672
stat.node.5.injector.aggregate_bytes = 15134256
stat.node.5.injector.request_gbps = 4.59024
stat.node.5.injector.response_gbps = 36.722
stat.node.5.injector.aggregate_gbps = 41.3122
stat.node.5.llc.cxl_miss = 800
stat.node.5.llc.total_miss = 800
stat.node.5.llc.avg_miss_lat = 8476.95
stat.node.5.llc.avg_cxl_lat = 8476.95
stat.node.5.llc.miss_lat_hist_bin_ns = 10
stat.node.5.llc.miss_lat_hist = [0,0,0,0,0,0,0,0,0,0,0,0,0,0,0,0,0,0,0,0,0,0,0,0,0,0,0,0,0,0,0,0,0,0,0,0,0,0,0,0,0,0,0,0,0,0,0,0,0,0,0,0,0,0,0,0,0,0,0,0,0,0,0,0,0,0,0,0,0,0,0,0,0,0,0,0,0,0,0,0,0,0,0,0,0,0,0,0,0,0,0,0,0,0,0,0,0,0,0,0,0,0,0,0,0,0,0,0,0,0,0,0,0,0,0,0,0,0,0,0,0,0,0,0,0,0,0,0,0,0,0,0,0,0,0,0,0,0,0,0,0,0,0,0,0,0,0,0,0,0,0,0,0,0,0,0,0,0,0,0,0,0,0,0,0,0,0,0,0,0,0,0,0,0,0,0,0,0,0,0,0,0,0,0,0,0,0,0,0,0,0,0,0,0,0,0,0,0,0,0,0,0,0,0,0,0,0,0,0,0,0,0,0,0,0,0,0,0,0,0,0,0,0,0,0,0,0,0,0,0,0,0,0,0,0,0,0,0,0,0,0,0,0,0,0,0,0,0,0,0,0,0,0,0,0,0,0,0,0,0,0,0,0,0,0,0,0,0,0,0,0,0,0,0,0,0,0,0,0,0,0,0,0,0,0,0,0,0,0,0,0,0,0,0,0,0,0,0,0,0,0,0,0,0,0,0,0,0,0,0,0,0,0,0,0,0,0,0,0,0,0,0,0,0,0,0,0,0,0,0,0,0,0,0,0,0,0,0,0,0,0,0,0,0,0,0,0,0,0,0,0,0,123,677]
stat.node.5.util.dram_avg = 1.49954e-06
stat.node.5.walltime_s = 2266.08
stat.node.5.active_time_s = 239.954
stat.node.2.cpu.0.load_issue_to_complete_count = 799
stat.node.2.cpu.0.avg_load_issue_to_complete_lat = 8791.15
stat.node.2.injector.phase_cycles = 7033703
stat.node.2.injector.request_bytes = 1681584
stat.node.2.injector.response_bytes = 13452672
stat.node.2.injector.aggregate_bytes = 15134256
stat.node.2.injector.request_gbps = 4.59024
stat.node.2.injector.response_gbps = 36.722
stat.node.2.injector.aggregate_gbps = 41.3122
stat.node.2.llc.cxl_miss = 800
stat.node.2.llc.total_miss = 800
stat.node.2.llc.avg_miss_lat = 8476.95
stat.node.2.llc.avg_cxl_lat = 8476.95
stat.node.2.llc.miss_lat_hist_bin_ns = 10
stat.node.2.llc.miss_lat_hist = [0,0,0,0,0,0,0,0,0,0,0,0,0,0,0,0,0,0,0,0,0,0,0,0,0,0,0,0,0,0,0,0,0,0,0,0,0,0,0,0,0,0,0,0,0,0,0,0,0,0,0,0,0,0,0,0,0,0,0,0,0,0,0,0,0,0,0,0,0,0,0,0,0,0,0,0,0,0,0,0,0,0,0,0,0,0,0,0,0,0,0,0,0,0,0,0,0,0,0,0,0,0,0,0,0,0,0,0,0,0,0,0,0,0,0,0,0,0,0,0,0,0,0,0,0,0,0,0,0,0,0,0,0,0,0,0,0,0,0,0,0,0,0,0,0,0,0,0,0,0,0,0,0,0,0,0,0,0,0,0,0,0,0,0,0,0,0,0,0,0,0,0,0,0,0,0,0,0,0,0,0,0,0,0,0,0,0,0,0,0,0,0,0,0,0,0,0,0,0,0,0,0,0,0,0,0,0,0,0,0,0,0,0,0,0,0,0,0,0,0,0,0,0,0,0,0,0,0,0,0,0,0,0,0,0,0,0,0,0,0,0,0,0,0,0,0,0,0,0,0,0,0,0,0,0,0,0,0,0,0,0,0,0,0,0,0,0,0,0,0,0,0,0,0,0,0,0,0,0,0,0,0,0,0,0,0,0,0,0,0,0,0,0,0,0,0,0,0,0,0,0,0,0,0,0,0,0,0,0,0,0,0,0,0,0,0,0,0,0,0,0,0,0,0,0,0,0,0,0,0,0,0,0,0,0,0,0,0,0,0,0,0,0,0,0,0,0,0,0,0,0,0,123,677]
stat.node.2.util.dram_avg = 1.49951e-06
stat.node.2.walltime_s = 2266.11
stat.node.2.active_time_s = 237.304
stat.node.3.cpu.0.load_issue_to_complete_count = 799
stat.node.3.cpu.0.avg_load_issue_to_complete_lat = 8791.15
stat.node.3.injector.phase_cycles = 7033703
stat.node.3.injector.request_bytes = 1681584
stat.node.3.injector.response_bytes = 13452672
stat.node.3.injector.aggregate_bytes = 15134256
stat.node.3.injector.request_gbps = 4.59024
stat.node.3.injector.response_gbps = 36.722
stat.node.3.injector.aggregate_gbps = 41.3122
stat.node.3.llc.cxl_miss = 800
stat.node.3.llc.total_miss = 800
stat.node.3.llc.avg_miss_lat = 8476.95
stat.node.3.llc.avg_cxl_lat = 8476.95
stat.node.3.llc.miss_lat_hist_bin_ns = 10
stat.node.3.llc.miss_lat_hist = [0,0,0,0,0,0,0,0,0,0,0,0,0,0,0,0,0,0,0,0,0,0,0,0,0,0,0,0,0,0,0,0,0,0,0,0,0,0,0,0,0,0,0,0,0,0,0,0,0,0,0,0,0,0,0,0,0,0,0,0,0,0,0,0,0,0,0,0,0,0,0,0,0,0,0,0,0,0,0,0,0,0,0,0,0,0,0,0,0,0,0,0,0,0,0,0,0,0,0,0,0,0,0,0,0,0,0,0,0,0,0,0,0,0,0,0,0,0,0,0,0,0,0,0,0,0,0,0,0,0,0,0,0,0,0,0,0,0,0,0,0,0,0,0,0,0,0,0,0,0,0,0,0,0,0,0,0,0,0,0,0,0,0,0,0,0,0,0,0,0,0,0,0,0,0,0,0,0,0,0,0,0,0,0,0,0,0,0,0,0,0,0,0,0,0,0,0,0,0,0,0,0,0,0,0,0,0,0,0,0,0,0,0,0,0,0,0,0,0,0,0,0,0,0,0,0,0,0,0,0,0,0,0,0,0,0,0,0,0,0,0,0,0,0,0,0,0,0,0,0,0,0,0,0,0,0,0,0,0,0,0,0,0,0,0,0,0,0,0,0,0,0,0,0,0,0,0,0,0,0,0,0,0,0,0,0,0,0,0,0,0,0,0,0,0,0,0,0,0,0,0,0,0,0,0,0,0,0,0,0,0,0,0,0,0,0,0,0,0,0,0,0,0,0,0,0,0,0,0,0,0,0,0,0,0,0,0,0,0,0,0,0,0,0,0,0,0,0,0,0,0,0,123,677]
stat.node.3.util.dram_avg = 1.4995e-06
stat.node.3.walltime_s = 2266.13
stat.node.3.active_time_s = 237.477
stat.pool.105.util.mem_avg = 0.16
stat.pool.105.util.req_link_avg = 0.125012
stat.pool.105.walltime_s = 2266.1
stat.pool.105.active_time_s = 13.4115
stat.pool.104.util.mem_avg = 0.16
stat.pool.104.util.req_link_avg = 0.125012
stat.pool.104.walltime_s = 2266.11
stat.pool.104.active_time_s = 13.3402
stat.pool.103.util.mem_avg = 0.16
stat.pool.103.util.req_link_avg = 0.125012
stat.pool.103.walltime_s = 2266.11
stat.pool.103.active_time_s = 14.0287
stat.pool.102.util.mem_avg = 0.16
stat.pool.102.util.req_link_avg = 0.125012
stat.pool.102.walltime_s = 2266.11
stat.pool.102.active_time_s = 13.1785
stat.pool.101.util.mem_avg = 0.16
stat.pool.101.util.req_link_avg = 0.125012
stat.pool.101.walltime_s = 2266.11
stat.pool.101.active_time_s = 13.3103
stat.pool.100.util.mem_avg = 0.16
stat.pool.100.util.req_link_avg = 0.125012
stat.pool.100.walltime_s = 2266.11
stat.pool.100.active_time_s = 14.6718
stat.switch.replicated_messages = 0
stat.switch.util.node_ingress_avg = 0.0937825
stat.switch.util.pool_ingress_avg = 0.999969
stat.switch.bw.host_to_switch_gbps = 4.60964
stat.switch.bw.switch_to_host_gbps = 36.8628
stat.switch.bw.host_link_total_gbps = 41.4725
stat.switch.walltime_s = 2266.11
stat.switch.active_time_s = 47.0426
Simulation is complete, simulated time: 6.67421 ms
