stat.node.0.cpu.0.retired = 152
stat.node.0.cpu.0.cycles = 1000000
stat.node.1.cpu.0.retired = 148
stat.node.1.cpu.0.cycles = 1000000
stat.node.2.cpu.0.retired = 143
stat.node.3.cpu.0.retired = 141
stat.node.3.cpu.0.cycles = 1000000
stat.node.4.cpu.0.retired = 142
stat.node.4.cpu.0.cycles = 1000000
stat.node.5.cpu.0.retired = 156
stat.node.5.cpu.0.cycles = 1000000
stat.node.6.cpu.0.retired = 162
stat.node.6.cpu.0.cycles = 1000000
stat.node.7.cpu.0.retired = 157
stat.node.7.cpu.0.cycles = 1000000
stat.node.2.cpu.0.cycles = 1000000
stat.node.5.cpu.0.retired = 326
stat.node.5.cpu.0.cycles = 2000000
stat.node.6.cpu.0.retired = 334
stat.node.2.cpu.0.retired = 310
stat.node.2.cpu.0.cycles = 2000000
stat.node.0.cpu.0.retired = 320
stat.node.0.cpu.0.cycles = 2000000
stat.node.1.cpu.0.retired = 316
stat.node.1.cpu.0.cycles = 2000000
stat.node.7.cpu.0.retired = 326
stat.node.7.cpu.0.cycles = 2000000
stat.node.3.cpu.0.retired = 308
stat.node.3.cpu.0.cycles = 2000000
stat.node.4.cpu.0.retired = 311
stat.node.4.cpu.0.cycles = 2000000
stat.node.6.cpu.0.cycles = 2000000
stat.node.0.cpu.0.retired = 519
stat.node.0.cpu.0.cycles = 3000000
stat.node.1.cpu.0.retired = 513
stat.node.1.cpu.0.cycles = 3000000
stat.node.7.cpu.0.retired = 525
stat.node.7.cpu.0.cycles = 3000000
stat.node.3.cpu.0.retired = 505
stat.node.3.cpu.0.cycles = 3000000
stat.node.4.cpu.0.retired = 509
stat.node.4.cpu.0.cycles = 3000000
stat.node.5.cpu.0.retired = 527
stat.node.5.cpu.0.cycles = 3000000
stat.node.2.cpu.0.retired = 508
stat.node.2.cpu.0.cycles = 3000000
stat.node.6.cpu.0.retired = 535
stat.node.6.cpu.0.cycles = 3000000
stat.node.5.cpu.0.retired = 742
stat.node.5.cpu.0.cycles = 4000000
stat.node.2.cpu.0.retired = 723
stat.node.2.cpu.0.cycles = 4000000
stat.node.0.cpu.0.retired = 735
stat.node.0.cpu.0.cycles = 4000000
stat.node.1.cpu.0.retired = 729
stat.node.1.cpu.0.cycles = 4000000
stat.node.7.cpu.0.retired = 741
stat.node.7.cpu.0.cycles = 4000000
stat.node.3.cpu.0.retired = 720
stat.node.4.cpu.0.retired = 724
stat.node.6.cpu.0.retired = 751
stat.node.6.cpu.0.cycles = 4000000
stat.node.4.cpu.0.cycles = 4000000
stat.node.3.cpu.0.cycles = 4000000
stat.node.6.cpu.0.retired = 977
stat.node.6.cpu.0.cycles = 5000000
stat.node.5.cpu.0.retired = 967
stat.node.5.cpu.0.cycles = 5000000
stat.node.2.cpu.0.retired = 947
stat.node.2.cpu.0.cycles = 5000000
stat.node.0.cpu.0.retired = 960
stat.node.0.cpu.0.cycles = 5000000
stat.node.1.cpu.0.retired = 954
stat.node.1.cpu.0.cycles = 5000000
stat.node.7.cpu.0.retired = 967
stat.node.7.cpu.0.cycles = 5000000
stat.node.4.cpu.0.retired = 947
stat.node.4.cpu.0.cycles = 5000000
stat.node.3.cpu.0.retired = 944
stat.node.3.cpu.0.cycles = 5000000
stat.node.3.cpu.0.retired = 1172
stat.node.3.cpu.0.cycles = 6000000
stat.node.4.cpu.0.retired = 1177
stat.node.4.cpu.0.cycles = 6000000
stat.node.6.cpu.0.retired = 1210
stat.node.6.cpu.0.cycles = 6000000
stat.node.5.cpu.0.retired = 1200
stat.node.5.cpu.0.cycles = 6000000
stat.node.2.cpu.0.retired = 1176
stat.node.2.cpu.0.cycles = 6000000
stat.node.0.cpu.0.retired = 1190
stat.node.0.cpu.0.cycles = 6000000
stat.node.1.cpu.0.retired = 1187
stat.node.1.cpu.0.cycles = 6000000
stat.node.7.cpu.0.retired = 1198
stat.node.7.cpu.0.cycles = 6000000
stat.node.0.cpu.0.retired = 1422
stat.node.0.cpu.0.cycles = 7000000
stat.node.1.cpu.0.retired = 1419
stat.node.1.cpu.0.cycles = 7000000
stat.node.7.cpu.0.retired = 1429
stat.node.7.cpu.0.cycles = 7000000
stat.node.3.cpu.0.retired = 1404
stat.node.3.cpu.0.cycles = 7000000
stat.node.4.cpu.0.retired = 1408
stat.node.4.cpu.0.cycles = 7000000
stat.node.6.cpu.0.retired = 1441
stat.node.6.cpu.0.cycles = 7000000
stat.node.5.cpu.0.retired = 1430
stat.node.5.cpu.0.cycles = 7000000
stat.node.2.cpu.0.retired = 1409
stat.node.2.cpu.0.cycles = 7000000
stat.node.6.cpu.0.load_issue_to_complete_count = 799
stat.node.6.cpu.0.avg_load_issue_to_complete_lat = 4304.85
stat.node.6.injector.phase_cycles = 3444823
stat.node.6.injector.request_bytes = 1101312
stat.node.6.injector.response_bytes = 0
stat.node.6.injector.aggregate_bytes = 1101312
stat.node.6.injector.request_gbps = 6.13825
stat.node.6.injector.response_gbps = 0
stat.node.6.injector.aggregate_gbps = 6.13825
stat.node.6.llc.cxl_miss = 800
stat.node.6.llc.total_miss = 800
stat.node.6.llc.avg_miss_lat = 3971.67
stat.node.6.llc.avg_cxl_lat = 3971.67
stat.node.6.llc.miss_lat_hist_bin_ns = 10
stat.node.6.llc.miss_lat_hist = [0,0,0,0,0,0,0,0,0,0,0,0,0,0,0,0,0,0,0,0,0,0,0,0,0,0,0,0,0,0,0,0,0,0,0,0,0,0,0,0,0,0,0,0,0,0,0,0,0,0,0,0,0,0,0,0,0,0,0,0,0,0,0,0,0,0,0,0,0,0,0,0,0,0,0,0,0,0,0,0,0,0,0,0,0,0,0,0,0,0,0,0,0,0,0,0,0,0,0,0,0,0,0,0,0,0,0,0,0,0,0,0,0,0,0,0,0,0,0,0,0,0,0,0,0,0,0,0,0,0,0,0,0,0,0,0,0,0,1,0,0,0,1,3,5,3,2,4,6,3,2,7,6,8,18,13,23,26,21,24,27,16,39,37,45,59,36,45,41,46,49,44,52,22,8,14,6,3,9,2,3,3,4,1,7,1,2,1,0,0,0,0,0,0,0,0,0,0,0,0,0,0,2]
stat.node.6.util.dram_avg = 3.13028e-06
stat.node.6.walltime_s = 764.684
stat.node.6.active_time_s = 109.766
stat.node.5.cpu.0.load_issue_to_complete_count = 799
stat.node.5.cpu.0.avg_load_issue_to_complete_lat = 4320.73
stat.node.5.injector.phase_cycles = 3457584
stat.node.5.injector.request_bytes = 1102336
stat.node.5.injector.response_bytes = 0
stat.node.5.injector.aggregate_bytes = 1102336
stat.node.5.injector.request_gbps = 6.12128
stat.node.5.injector.response_gbps = 0
stat.node.5.injector.aggregate_gbps = 6.12128
stat.node.5.llc.cxl_miss = 800
stat.node.5.llc.total_miss = 800
stat.node.5.llc.avg_miss_lat = 3990.85
stat.node.5.llc.avg_cxl_lat = 3990.85
stat.node.5.llc.miss_lat_hist_bin_ns = 10
stat.node.5.llc.miss_lat_hist = [0,0,0,0,0,0,0,0,0,0,0,0,0,0,0,0,0,0,0,0,0,0,0,0,0,0,0,0,0,0,0,0,0,0,0,0,0,0,0,0,0,0,0,0,0,0,0,0,0,0,0,0,0,0,0,0,0,0,0,0,0,0,0,0,0,0,0,0,0,0,0,0,0,0,0,0,0,0,0,0,0,0,0,0,0,0,0,0,0,0,0,0,0,0,0,0,0,0,0,0,0,0,0,0,0,0,0,0,0,0,0,0,0,0,0,0,0,0,0,0,0,0,0,0,0,0,0,0,0,0,0,0,0,0,0,0,0,0,1,0,0,1,1,3,0,3,4,4,6,0,2,9,7,7,7,12,12,27,24,24,17,13,54,24,53,68,37,47,39,43,51,29,51,17,7,28,8,7,22,3,3,4,2,1,4,1,4,3,0,0,0,0,5,1]
stat.node.5.util.dram_avg = 3.10924e-06
stat.node.5.walltime_s = 773.266
stat.node.5.active_time_s = 116.46
stat.node.7.cpu.0.load_issue_to_complete_count = 799
stat.node.7.cpu.0.avg_load_issue_to_complete_lat = 4319.16
stat.node.7.injector.phase_cycles = 3456156
stat.node.7.injector.request_bytes = 1096640
stat.node.7.injector.response_bytes = 0
stat.node.7.injector.aggregate_bytes = 1096640
stat.node.7.injector.request_gbps = 6.09217
stat.node.7.injector.response_gbps = 0
stat.node.7.injector.aggregate_gbps = 6.09217
stat.node.7.llc.cxl_miss = 800
stat.node.7.llc.total_miss = 800
stat.node.7.llc.avg_miss_lat = 3987.34
stat.node.7.llc.avg_cxl_lat = 3987.34
stat.node.7.llc.miss_lat_hist_bin_ns = 10
stat.node.7.llc.miss_lat_hist = [0,0,0,0,0,0,0,0,0,0,0,0,0,0,0,0,0,0,0,0,0,0,0,0,0,0,0,0,0,0,0,0,0,0,0,0,0,0,0,0,0,0,0,0,0,0,0,0,0,0,0,0,0,0,0,0,0,0,0,0,0,0,0,0,0,0,0,0,0,0,0,0,0,0,0,0,0,0,0,0,0,0,0,0,0,0,0,0,0,0,0,0,0,0,0,0,0,0,0,0,0,0,0,0,0,0,0,0,0,0,0,0,0,0,0,0,0,0,0,0,0,0,0,0,0,0,0,0,0,0,0,0,0,0,0,0,1,1,0,0,1,0,2,1,1,1,0,4,5,5,4,3,4,12,16,8,16,19,12,31,20,28,44,35,51,76,35,43,47,32,50,39,46,18,7,18,8,7,17,1,1,6,1,0,10,2,2,1,1,0,0,0,4,0,1,0,0,0,0,0,1,0,0,0,0,0,0,0,0,1]
stat.node.7.util.dram_avg = 3.10803e-06
stat.node.7.walltime_s = 773.579
stat.node.7.active_time_s = 103.146
stat.node.0.cpu.0.load_issue_to_complete_count = 799
stat.node.0.cpu.0.avg_load_issue_to_complete_lat = 4322.68
stat.node.0.injector.phase_cycles = 3459068
stat.node.0.injector.request_bytes = 1096960
stat.node.0.injector.response_bytes = 0
stat.node.0.injector.aggregate_bytes = 1096960
stat.node.0.injector.request_gbps = 6.08882
stat.node.0.injector.response_gbps = 0
stat.node.0.injector.aggregate_gbps = 6.08882
stat.node.0.llc.cxl_miss = 800
stat.node.0.llc.total_miss = 800
stat.node.0.llc.avg_miss_lat = 3989.07
stat.node.0.llc.avg_cxl_lat = 3989.07
stat.node.0.llc.miss_lat_hist_bin_ns = 10
stat.node.0.llc.miss_lat_hist = [0,0,0,0,0,0,0,0,0,0,0,0,0,0,0,0,0,0,0,0,0,0,0,0,0,0,0,0,0,0,0,0,0,0,0,0,0,0,0,0,0,0,0,0,0,0,0,0,0,0,0,0,0,0,0,0,0,0,0,0,0,0,0,0,0,0,0,0,0,0,0,0,0,0,0,0,0,0,0,0,0,0,0,0,0,0,0,0,0,0,0,0,0,0,0,0,0,0,0,0,0,0,0,0,0,0,0,0,0,0,0,0,0,0,0,0,0,0,0,0,0,0,0,0,0,0,0,0,0,0,0,0,1,0,0,1,0,0,0,0,0,0,3,1,0,1,2,1,5,5,5,5,5,8,7,11,13,24,22,23,24,22,40,46,41,77,38,43,46,39,56,49,37,12,7,21,6,11,7,4,3,1,2,0,11,1,1,1,0,0,0,0,6,2,0,1,0,0,0,0,2]
stat.node.0.util.dram_avg = 3.09467e-06
stat.node.0.walltime_s = 778.393
stat.node.0.active_time_s = 96.1604
stat.node.1.cpu.0.load_issue_to_complete_count = 799
stat.node.1.cpu.0.avg_load_issue_to_complete_lat = 4298.93
stat.node.1.injector.phase_cycles = 3439939
stat.node.1.injector.request_bytes = 1097664
stat.node.1.injector.response_bytes = 0
stat.node.1.injector.aggregate_bytes = 1097664
stat.node.1.injector.request_gbps = 6.12661
stat.node.1.injector.response_gbps = 0
stat.node.1.injector.aggregate_gbps = 6.12661
stat.node.1.llc.cxl_miss = 800
stat.node.1.llc.total_miss = 800
stat.node.1.llc.avg_miss_lat = 3971.69
stat.node.1.llc.avg_cxl_lat = 3971.69
stat.node.1.llc.miss_lat_hist_bin_ns = 10
stat.node.1.llc.miss_lat_hist = [0,0,0,0,0,0,0,0,0,0,0,0,0,0,0,0,0,0,0,0,0,0,0,0,0,0,0,0,0,0,0,0,0,0,0,0,0,0,0,0,0,0,0,0,0,0,0,0,0,0,0,0,0,0,0,0,0,0,0,0,0,0,0,0,0,0,0,0,0,0,0,0,0,0,0,0,0,0,0,0,0,0,0,0,0,0,0,0,0,0,0,0,0,0,0,0,0,0,0,0,0,0,0,0,0,0,0,0,0,0,0,0,0,0,0,0,0,0,0,0,0,0,0,0,0,0,0,0,0,0,0,0,0,0,0,0,0,1,0,0,1,1,2,1,2,1,1,2,2,7,6,10,9,11,18,17,19,16,10,22,28,18,56,37,51,59,33,43,39,35,48,45,53,21,9,18,11,7,5,8,6,1,2,1,5,0,0,0,1,0,0,0,0,1]
stat.node.1.util.dram_avg = 3.09187e-06
stat.node.1.walltime_s = 780.812
stat.node.1.active_time_s = 107.986
stat.node.2.cpu.0.load_issue_to_complete_count = 799
stat.node.2.cpu.0.avg_load_issue_to_complete_lat = 4317.17
stat.node.2.injector.phase_cycles = 3454611
stat.node.2.injector.request_bytes = 1097984
stat.node.2.injector.response_bytes = 0
stat.node.2.injector.aggregate_bytes = 1097984
stat.node.2.injector.request_gbps = 6.10236
stat.node.2.injector.response_gbps = 0
stat.node.2.injector.aggregate_gbps = 6.10236
stat.node.2.llc.cxl_miss = 800
stat.node.2.llc.total_miss = 800
stat.node.2.llc.avg_miss_lat = 3985.11
stat.node.2.llc.avg_cxl_lat = 3985.11
stat.node.2.llc.miss_lat_hist_bin_ns = 10
stat.node.2.llc.miss_lat_hist = [0,0,0,0,0,0,0,0,0,0,0,0,0,0,0,0,0,0,0,0,0,0,0,0,0,0,0,0,0,0,0,0,0,0,0,0,0,0,0,0,0,0,0,0,0,0,0,0,0,0,0,0,0,0,0,0,0,0,0,0,0,0,0,0,0,0,0,0,0,0,0,0,0,0,0,0,0,0,0,0,0,0,0,0,0,0,0,0,0,0,0,0,0,0,0,0,0,0,0,0,0,0,0,0,0,0,0,0,0,0,0,0,0,0,0,0,0,0,0,0,0,0,0,0,0,0,0,0,0,0,0,0,0,0,0,0,0,0,1,1,2,0,1,2,1,3,3,2,4,3,7,2,4,9,12,12,18,18,16,29,29,18,54,43,55,42,29,39,57,46,46,45,37,16,8,21,19,7,7,3,5,0,1,1,6,3,3,2,1,1,0,0,2,0,1,0,0,1,0,0,2]
stat.node.2.util.dram_avg = 3.07407e-06
stat.node.2.walltime_s = 785.154
stat.node.2.active_time_s = 131.819
stat.node.4.cpu.0.load_issue_to_complete_count = 799
stat.node.4.cpu.0.avg_load_issue_to_complete_lat = 4326.19
stat.node.4.injector.phase_cycles = 3461902
stat.node.4.injector.request_bytes = 1101056
stat.node.4.injector.response_bytes = 0
stat.node.4.injector.aggregate_bytes = 1101056
stat.node.4.injector.request_gbps = 6.10655
stat.node.4.injector.response_gbps = 0
stat.node.4.injector.aggregate_gbps = 6.10655
stat.node.4.llc.cxl_miss = 800
stat.node.4.llc.total_miss = 800
stat.node.4.llc.avg_miss_lat = 3994.78
stat.node.4.llc.avg_cxl_lat = 3994.78
stat.node.4.llc.miss_lat_hist_bin_ns = 10
stat.node.4.llc.miss_lat_hist = [0,0,0,0,0,0,0,0,0,0,0,0,0,0,0,0,0,0,0,0,0,0,0,0,0,0,0,0,0,0,0,0,0,0,0,0,0,0,0,0,0,0,0,0,0,0,0,0,0,0,0,0,0,0,0,0,0,0,0,0,0,0,0,0,0,0,0,0,0,0,0,0,0,0,0,0,0,0,0,0,0,0,0,0,0,0,0,0,0,0,0,0,0,0,0,0,0,0,0,0,0,0,0,0,0,0,0,0,0,0,0,0,0,0,0,0,0,0,0,0,0,0,0,0,0,0,0,0,0,0,0,0,0,0,0,0,0,0,1,0,3,0,2,2,0,2,4,5,5,3,2,3,4,12,11,10,16,17,13,28,21,19,43,40,45,73,46,38,38,27,47,51,47,22,11,13,10,7,16,3,4,4,0,1,14,3,2,5,0,1,1,0,1,1,0,0,0,0,0,1,2]
stat.node.4.util.dram_avg = 3.07295e-06
stat.node.4.walltime_s = 785.253
stat.node.4.active_time_s = 114.256
stat.node.3.cpu.0.load_issue_to_complete_count = 799
stat.node.3.cpu.0.avg_load_issue_to_complete_lat = 4332.3
stat.node.3.injector.phase_cycles = 3466657
stat.node.3.injector.request_bytes = 1098944
stat.node.3.injector.response_bytes = 0
stat.node.3.injector.aggregate_bytes = 1098944
stat.node.3.injector.request_gbps = 6.08648
stat.node.3.injector.response_gbps = 0
stat.node.3.injector.aggregate_gbps = 6.08648
stat.node.3.llc.cxl_miss = 800
stat.node.3.llc.total_miss = 800
stat.node.3.llc.avg_miss_lat = 3997.53
stat.node.3.llc.avg_cxl_lat = 3997.53
stat.node.3.llc.miss_lat_hist_bin_ns = 10
stat.node.3.llc.miss_lat_hist = [0,0,0,0,0,0,0,0,0,0,0,0,0,0,0,0,0,0,0,0,0,0,0,0,0,0,0,0,0,0,0,0,0,0,0,0,0,0,0,0,0,0,0,0,0,0,0,0,0,0,0,0,0,0,0,0,0,0,0,0,0,0,0,0,0,0,0,0,0,0,0,0,0,0,0,0,0,0,0,0,0,0,0,0,0,0,0,0,0,0,0,0,0,0,0,0,0,0,0,0,0,0,0,0,0,0,0,0,0,0,0,0,0,0,0,0,0,0,0,0,0,0,0,0,0,0,0,0,0,0,0,0,1,1,0,0,0,1,0,0,1,2,0,4,1,1,1,2,4,5,3,3,5,9,5,10,8,13,9,28,24,19,59,38,38,75,29,43,58,32,64,43,31,40,11,23,10,2,20,4,1,2,1,1,2,1,1,1,0,0,0,0,6,1,0,0,0,0,0,0,2,0,0,0,0,1]
stat.node.3.util.dram_avg = 3.06424e-06
stat.node.3.walltime_s = 786.558
stat.node.3.active_time_s = 104.476
stat.pool.100.util.mem_avg = 0.166683
stat.pool.100.util.req_link_avg = 0.999935
stat.pool.100.walltime_s = 786.558
stat.pool.100.active_time_s = 3.12366
stat.switch.replicated_messages = 311413
stat.switch.util.node_ingress_avg = 0.125024
stat.switch.util.pool_ingress_avg = 0.0478277
stat.switch.bw.host_to_switch_gbps = 6.14524
stat.switch.bw.switch_to_host_gbps = 0.293854
stat.switch.bw.host_link_total_gbps = 6.4391
stat.switch.walltime_s = 786.558
stat.switch.active_time_s = 12.9905
Simulation is complete, simulated time: 3.26606 ms
