stat.node.2.cpu.0.retired = 754
stat.node.2.cpu.0.cycles = 1000000
stat.node.3.cpu.0.retired = 761
stat.node.3.cpu.0.cycles = 1000000
stat.node.4.cpu.0.retired = 752
stat.node.4.cpu.0.cycles = 1000000
stat.node.5.cpu.0.retired = 763
stat.node.5.cpu.0.cycles = 1000000
stat.node.6.cpu.0.retired = 763
stat.node.6.cpu.0.cycles = 1000000
stat.node.7.cpu.0.retired = 762
stat.node.7.cpu.0.cycles = 1000000
stat.node.0.cpu.0.retired = 763
stat.node.0.cpu.0.cycles = 1000000
stat.node.1.cpu.0.retired = 761
stat.node.1.cpu.0.cycles = 1000000
stat.node.6.cpu.0.load_issue_to_complete_count = 799
stat.node.6.cpu.0.avg_load_issue_to_complete_lat = 990.692
stat.node.6.injector.phase_cycles = 793463
stat.node.6.injector.request_bytes = 226992
stat.node.6.injector.response_bytes = 961408
stat.node.6.injector.aggregate_bytes = 1188400
stat.node.6.injector.request_gbps = 5.49269
stat.node.6.injector.response_gbps = 23.2639
stat.node.6.injector.aggregate_gbps = 28.7566
stat.node.6.llc.cxl_miss = 800
stat.node.6.llc.total_miss = 800
stat.node.6.llc.avg_miss_lat = 815.944
stat.node.6.llc.avg_cxl_lat = 815.944
stat.node.6.llc.miss_lat_hist_bin_ns = 10
stat.node.6.llc.miss_lat_hist = [0,0,0,0,0,0,0,0,0,0,0,0,0,0,0,0,0,0,0,0,0,0,0,0,0,0,0,0,0,0,0,11,24,293,406,60,6]
stat.node.6.util.dram_avg = 1.31081e-05
stat.node.6.walltime_s = 379.37
stat.node.6.active_time_s = 25.4619
stat.node.0.cpu.0.load_issue_to_complete_count = 799
stat.node.0.cpu.0.avg_load_issue_to_complete_lat = 991.13
stat.node.0.injector.phase_cycles = 793788
stat.node.0.injector.request_bytes = 227112
stat.node.0.injector.response_bytes = 961792
stat.node.0.injector.aggregate_bytes = 1188904
stat.node.0.injector.request_gbps = 5.49334
stat.node.0.injector.response_gbps = 23.2637
stat.node.0.injector.aggregate_gbps = 28.757
stat.node.0.llc.cxl_miss = 800
stat.node.0.llc.total_miss = 800
stat.node.0.llc.avg_miss_lat = 816.316
stat.node.0.llc.avg_cxl_lat = 816.316
stat.node.0.llc.miss_lat_hist_bin_ns = 10
stat.node.0.llc.miss_lat_hist = [0,0,0,0,0,0,0,0,0,0,0,0,0,0,0,0,0,0,0,0,0,0,0,0,0,0,0,0,0,0,0,6,27,301,385,74,7]
stat.node.0.util.dram_avg = 1.3104e-05
stat.node.0.walltime_s = 379.446
stat.node.0.active_time_s = 27.852
stat.node.5.cpu.0.load_issue_to_complete_count = 799
stat.node.5.cpu.0.avg_load_issue_to_complete_lat = 992.354
stat.node.5.injector.phase_cycles = 794812
stat.node.5.injector.request_bytes = 227384
stat.node.5.injector.response_bytes = 963072
stat.node.5.injector.aggregate_bytes = 1190456
stat.node.5.injector.request_gbps = 5.49284
stat.node.5.injector.response_gbps = 23.2646
stat.node.5.injector.aggregate_gbps = 28.7574
stat.node.5.llc.cxl_miss = 800
stat.node.5.llc.total_miss = 800
stat.node.5.llc.avg_miss_lat = 817.62
stat.node.5.llc.avg_cxl_lat = 817.62
stat.node.5.llc.miss_lat_hist_bin_ns = 10
stat.node.5.llc.miss_lat_hist = [0,0,0,0,0,0,0,0,0,0,0,0,0,0,0,0,0,0,0,0,0,0,0,0,0,0,0,0,0,0,0,0,19,332,325,120,4]
stat.node.5.util.dram_avg = 1.30924e-05
stat.node.5.walltime_s = 379.614
stat.node.5.active_time_s = 30.647
stat.node.3.cpu.0.load_issue_to_complete_count = 799
stat.node.3.cpu.0.avg_load_issue_to_complete_lat = 992.095
stat.node.3.injector.phase_cycles = 794612
stat.node.3.injector.request_bytes = 227296
stat.node.3.injector.response_bytes = 962816
stat.node.3.injector.aggregate_bytes = 1190112
stat.node.3.injector.request_gbps = 5.49209
stat.node.3.injector.response_gbps = 23.2643
stat.node.3.injector.aggregate_gbps = 28.7564
stat.node.3.llc.cxl_miss = 800
stat.node.3.llc.total_miss = 800
stat.node.3.llc.avg_miss_lat = 817.418
stat.node.3.llc.avg_cxl_lat = 817.418
stat.node.3.llc.miss_lat_hist_bin_ns = 10
stat.node.3.llc.miss_lat_hist = [0,0,0,0,0,0,0,0,0,0,0,0,0,0,0,0,0,0,0,0,0,0,0,0,0,0,0,0,0,0,0,8,13,278,435,54,12]
stat.node.3.util.dram_avg = 1.30833e-05
stat.node.3.walltime_s = 379.653
stat.node.3.active_time_s = 27.6395
stat.node.1.cpu.0.load_issue_to_complete_count = 799
stat.node.1.cpu.0.avg_load_issue_to_complete_lat = 994.598
stat.node.1.injector.phase_cycles = 796559
stat.node.1.injector.request_bytes = 227912
stat.node.1.injector.response_bytes = 965120
stat.node.1.injector.aggregate_bytes = 1193032
stat.node.1.injector.request_gbps = 5.49352
stat.node.1.injector.response_gbps = 23.2629
stat.node.1.injector.aggregate_gbps = 28.7565
stat.node.1.llc.cxl_miss = 800
stat.node.1.llc.total_miss = 800
stat.node.1.llc.avg_miss_lat = 819.739
stat.node.1.llc.avg_cxl_lat = 819.739
stat.node.1.llc.miss_lat_hist_bin_ns = 10
stat.node.1.llc.miss_lat_hist = [0,0,0,0,0,0,0,0,0,0,0,0,0,0,0,0,0,0,0,0,0,0,0,0,0,0,0,0,0,0,0,5,13,242,433,103,4]
stat.node.1.util.dram_avg = 1.30682e-05
stat.node.1.walltime_s = 379.755
stat.node.1.active_time_s = 28.6502
stat.node.7.cpu.0.load_issue_to_complete_count = 799
stat.node.7.cpu.0.avg_load_issue_to_complete_lat = 995.892
stat.node.7.injector.phase_cycles = 797643
stat.node.7.injector.request_bytes = 228200
stat.node.7.injector.response_bytes = 966464
stat.node.7.injector.aggregate_bytes = 1194664
stat.node.7.injector.request_gbps = 5.49298
stat.node.7.injector.response_gbps = 23.2637
stat.node.7.injector.aggregate_gbps = 28.7567
stat.node.7.llc.cxl_miss = 800
stat.node.7.llc.total_miss = 800
stat.node.7.llc.avg_miss_lat = 821.135
stat.node.7.llc.avg_cxl_lat = 821.135
stat.node.7.llc.miss_lat_hist_bin_ns = 10
stat.node.7.llc.miss_lat_hist = [0,0,0,0,0,0,0,0,0,0,0,0,0,0,0,0,0,0,0,0,0,0,0,0,0,0,0,0,0,0,0,5,24,206,424,136,4,1]
stat.node.7.util.dram_avg = 1.30651e-05
stat.node.7.walltime_s = 379.78
stat.node.7.active_time_s = 24.0351
stat.node.2.cpu.0.load_issue_to_complete_count = 799
stat.node.2.cpu.0.avg_load_issue_to_complete_lat = 1006.57
stat.node.2.injector.phase_cycles = 806120
stat.node.2.injector.request_bytes = 230640
stat.node.2.injector.response_bytes = 976768
stat.node.2.injector.aggregate_bytes = 1207408
stat.node.2.injector.request_gbps = 5.49334
stat.node.2.injector.response_gbps = 23.2645
stat.node.2.injector.aggregate_gbps = 28.7578
stat.node.2.llc.cxl_miss = 800
stat.node.2.llc.total_miss = 800
stat.node.2.llc.avg_miss_lat = 831.452
stat.node.2.llc.avg_cxl_lat = 831.452
stat.node.2.llc.miss_lat_hist_bin_ns = 10
stat.node.2.llc.miss_lat_hist = [0,0,0,0,0,0,0,0,0,0,0,0,0,0,0,0,0,0,0,0,0,0,0,0,0,0,0,0,0,0,0,0,19,79,379,317,6]
stat.node.2.util.dram_avg = 1.29409e-05
stat.node.2.walltime_s = 384.66
stat.node.2.active_time_s = 25.4454
stat.node.4.cpu.0.load_issue_to_complete_count = 799
stat.node.4.cpu.0.avg_load_issue_to_complete_lat = 1006.47
stat.node.4.injector.phase_cycles = 806049
stat.node.4.injector.request_bytes = 230632
stat.node.4.injector.response_bytes = 976704
stat.node.4.injector.aggregate_bytes = 1207336
stat.node.4.injector.request_gbps = 5.49363
stat.node.4.injector.response_gbps = 23.265
stat.node.4.injector.aggregate_gbps = 28.7586
stat.node.4.llc.cxl_miss = 800
stat.node.4.llc.total_miss = 800
stat.node.4.llc.avg_miss_lat = 831.481
stat.node.4.llc.avg_cxl_lat = 831.481
stat.node.4.llc.miss_lat_hist_bin_ns = 10
stat.node.4.llc.miss_lat_hist = [0,0,0,0,0,0,0,0,0,0,0,0,0,0,0,0,0,0,0,0,0,0,0,0,0,0,0,0,0,0,0,3,17,80,404,265,31]
stat.node.4.util.dram_avg = 1.29243e-05
stat.node.4.walltime_s = 385.99
stat.node.4.active_time_s = 33.0885
stat.pool.103.util.mem_avg = 0.226778
stat.pool.103.util.req_link_avg = 0.545193
stat.pool.103.walltime_s = 385.982
stat.pool.103.active_time_s = 0.78487
stat.pool.102.util.mem_avg = 0.226778
stat.pool.102.util.req_link_avg = 0.545193
stat.pool.102.walltime_s = 385.982
stat.pool.102.active_time_s = 0.774606
stat.pool.101.util.mem_avg = 0.226779
stat.pool.101.util.req_link_avg = 0.545194
stat.pool.101.walltime_s = 385.982
stat.pool.101.active_time_s = 0.757352
stat.pool.100.util.mem_avg = 0.226779
stat.pool.100.util.req_link_avg = 0.545194
stat.pool.100.walltime_s = 385.982
stat.pool.100.active_time_s = 0.830915
stat.switch.replicated_messages = 124960
stat.switch.util.node_ingress_avg = 0.11489
stat.switch.util.pool_ingress_avg = 0.996713
stat.switch.bw.host_to_switch_gbps = 5.64771
stat.switch.bw.switch_to_host_gbps = 24.4952
stat.switch.bw.host_link_total_gbps = 30.143
stat.switch.walltime_s = 385.982
stat.switch.active_time_s = 3.43189
Simulation is complete, simulated time: 774.357 us
