stat.node.6.cpu.0.retired = 785
stat.node.6.cpu.0.cycles = 1000000
stat.node.7.cpu.0.retired = 785
stat.node.0.cpu.0.retired = 785
stat.node.0.cpu.0.cycles = 1000000
stat.node.1.cpu.0.retired = 785
stat.node.1.cpu.0.cycles = 1000000
stat.node.2.cpu.0.retired = 782
stat.node.2.cpu.0.cycles = 1000000
stat.node.3.cpu.0.retired = 782
stat.node.3.cpu.0.cycles = 1000000
stat.node.4.cpu.0.retired = 786
stat.node.4.cpu.0.cycles = 1000000
stat.node.5.cpu.0.retired = 786
stat.node.5.cpu.0.cycles = 1000000
stat.node.7.cpu.0.cycles = 1000000
stat.node.5.cpu.0.load_issue_to_complete_count = 799
stat.node.5.cpu.0.avg_load_issue_to_complete_lat = 970.423
stat.node.5.injector.phase_cycles = 777296
stat.node.5.injector.request_bytes = 240312
stat.node.5.injector.response_bytes = 97728
stat.node.5.injector.aggregate_bytes = 338040
stat.node.5.injector.request_gbps = 5.93595
stat.node.5.injector.response_gbps = 2.41398
stat.node.5.injector.aggregate_gbps = 8.34993
stat.node.5.llc.cxl_miss = 800
stat.node.5.llc.total_miss = 800
stat.node.5.llc.avg_miss_lat = 795.51
stat.node.5.llc.avg_cxl_lat = 795.51
stat.node.5.llc.miss_lat_hist_bin_ns = 10
stat.node.5.llc.miss_lat_hist = [0,0,0,0,0,0,0,0,0,0,0,0,0,0,0,0,0,0,0,0,0,0,0,0,0,0,6,14,42,27,45,75,190,125,111,78,44,13,10,4,11,4,1]
stat.node.5.util.dram_avg = 1.34042e-05
stat.node.5.walltime_s = 121.861
stat.node.5.active_time_s = 21.5606
stat.node.6.cpu.0.load_issue_to_complete_count = 799
stat.node.6.cpu.0.avg_load_issue_to_complete_lat = 973.625
stat.node.6.injector.phase_cycles = 779655
stat.node.6.injector.request_bytes = 241056
stat.node.6.injector.response_bytes = 98048
stat.node.6.injector.aggregate_bytes = 339104
stat.node.6.injector.request_gbps = 5.93631
stat.node.6.injector.response_gbps = 2.41456
stat.node.6.injector.aggregate_gbps = 8.35087
stat.node.6.llc.cxl_miss = 800
stat.node.6.llc.total_miss = 800
stat.node.6.llc.avg_miss_lat = 798.911
stat.node.6.llc.avg_cxl_lat = 798.911
stat.node.6.llc.miss_lat_hist_bin_ns = 10
stat.node.6.llc.miss_lat_hist = [0,0,0,0,0,0,0,0,0,0,0,0,0,0,0,0,0,0,0,0,0,0,0,0,0,0,3,11,12,43,109,58,109,139,158,61,38,12,20,15,6,5,1]
stat.node.6.util.dram_avg = 1.3382e-05
stat.node.6.walltime_s = 122.113
stat.node.6.active_time_s = 25.3907
stat.node.4.cpu.0.load_issue_to_complete_count = 799
stat.node.4.cpu.0.avg_load_issue_to_complete_lat = 977.677
stat.node.4.injector.phase_cycles = 783047
stat.node.4.injector.request_bytes = 242072
stat.node.4.injector.response_bytes = 98432
stat.node.4.injector.aggregate_bytes = 340504
stat.node.4.injector.request_gbps = 5.93551
stat.node.4.injector.response_gbps = 2.41351
stat.node.4.injector.aggregate_gbps = 8.34902
stat.node.4.llc.cxl_miss = 800
stat.node.4.llc.total_miss = 800
stat.node.4.llc.avg_miss_lat = 803.016
stat.node.4.llc.avg_cxl_lat = 803.016
stat.node.4.llc.miss_lat_hist_bin_ns = 10
stat.node.4.llc.miss_lat_hist = [0,0,0,0,0,0,0,0,0,0,0,0,0,0,0,0,0,0,0,0,0,0,0,0,0,0,27,29,38,18,12,31,93,129,266,51,60,15,13,13,4,1]
stat.node.4.util.dram_avg = 1.33646e-05
stat.node.4.walltime_s = 122.274
stat.node.4.active_time_s = 25.4235
stat.node.7.cpu.0.load_issue_to_complete_count = 799
stat.node.7.cpu.0.avg_load_issue_to_complete_lat = 976.116
stat.node.7.injector.phase_cycles = 781781
stat.node.7.injector.request_bytes = 241664
stat.node.7.injector.response_bytes = 98304
stat.node.7.injector.aggregate_bytes = 339968
stat.node.7.injector.request_gbps = 5.9351
stat.node.7.injector.response_gbps = 2.41428
stat.node.7.injector.aggregate_gbps = 8.34938
stat.node.7.llc.cxl_miss = 800
stat.node.7.llc.total_miss = 800
stat.node.7.llc.avg_miss_lat = 801.145
stat.node.7.llc.avg_cxl_lat = 801.145
stat.node.7.llc.miss_lat_hist_bin_ns = 10
stat.node.7.llc.miss_lat_hist = [0,0,0,0,0,0,0,0,0,0,0,0,0,0,0,0,0,0,0,0,0,0,0,0,0,0,10,37,23,31,29,44,96,243,111,68,54,14,11,10,14,5]
stat.node.7.util.dram_avg = 1.33644e-05
stat.node.7.walltime_s = 122.275
stat.node.7.active_time_s = 24.47
stat.node.0.cpu.0.load_issue_to_complete_count = 799
stat.node.0.cpu.0.avg_load_issue_to_complete_lat = 975.861
stat.node.0.injector.phase_cycles = 781581
stat.node.0.injector.request_bytes = 241664
stat.node.0.injector.response_bytes = 98240
stat.node.0.injector.aggregate_bytes = 339904
stat.node.0.injector.request_gbps = 5.93662
stat.node.0.injector.response_gbps = 2.41332
stat.node.0.injector.aggregate_gbps = 8.34994
stat.node.0.llc.cxl_miss = 800
stat.node.0.llc.total_miss = 800
stat.node.0.llc.avg_miss_lat = 801.372
stat.node.0.llc.avg_cxl_lat = 801.372
stat.node.0.llc.miss_lat_hist_bin_ns = 10
stat.node.0.llc.miss_lat_hist = [0,0,0,0,0,0,0,0,0,0,0,0,0,0,0,0,0,0,0,0,0,0,0,0,0,0,6,10,18,37,36,150,119,136,108,59,51,15,19,13,13,7,3]
stat.node.0.util.dram_avg = 1.33642e-05
stat.node.0.walltime_s = 122.276
stat.node.0.active_time_s = 21.7178
stat.node.1.cpu.0.load_issue_to_complete_count = 799
stat.node.1.cpu.0.avg_load_issue_to_complete_lat = 977.408
stat.node.1.injector.phase_cycles = 782822
stat.node.1.injector.request_bytes = 241936
stat.node.1.injector.response_bytes = 98432
stat.node.1.injector.aggregate_bytes = 340368
stat.node.1.injector.request_gbps = 5.93388
stat.node.1.injector.response_gbps = 2.41421
stat.node.1.injector.aggregate_gbps = 8.34809
stat.node.1.llc.cxl_miss = 800
stat.node.1.llc.total_miss = 800
stat.node.1.llc.avg_miss_lat = 802.516
stat.node.1.llc.avg_cxl_lat = 802.516
stat.node.1.llc.miss_lat_hist_bin_ns = 10
stat.node.1.llc.miss_lat_hist = [0,0,0,0,0,0,0,0,0,0,0,0,0,0,0,0,0,0,0,0,0,0,0,0,0,0,0,13,64,39,47,52,111,151,119,76,51,19,16,17,19,5,1]
stat.node.1.util.dram_avg = 1.33548e-05
stat.node.1.walltime_s = 122.484
stat.node.1.active_time_s = 26.929
stat.node.2.cpu.0.load_issue_to_complete_count = 799
stat.node.2.cpu.0.avg_load_issue_to_complete_lat = 981.498
stat.node.2.injector.phase_cycles = 786102
stat.node.2.injector.request_bytes = 243016
stat.node.2.injector.response_bytes = 98816
stat.node.2.injector.aggregate_bytes = 341832
stat.node.2.injector.request_gbps = 5.9355
stat.node.2.injector.response_gbps = 2.41351
stat.node.2.injector.aggregate_gbps = 8.34901
stat.node.2.llc.cxl_miss = 800
stat.node.2.llc.total_miss = 800
stat.node.2.llc.avg_miss_lat = 806.479
stat.node.2.llc.avg_cxl_lat = 806.479
stat.node.2.llc.miss_lat_hist_bin_ns = 10
stat.node.2.llc.miss_lat_hist = [0,0,0,0,0,0,0,0,0,0,0,0,0,0,0,0,0,0,0,0,0,0,0,0,0,0,29,19,20,12,22,31,77,139,322,42,53,14,4,8,5,3]
stat.node.2.util.dram_avg = 1.3308e-05
stat.node.2.walltime_s = 122.995
stat.node.2.active_time_s = 22.9004
stat.node.3.cpu.0.load_issue_to_complete_count = 799
stat.node.3.cpu.0.avg_load_issue_to_complete_lat = 981.048
stat.node.3.injector.phase_cycles = 785742
stat.node.3.injector.request_bytes = 242944
stat.node.3.injector.response_bytes = 98752
stat.node.3.injector.aggregate_bytes = 341696
stat.node.3.injector.request_gbps = 5.93646
stat.node.3.injector.response_gbps = 2.41305
stat.node.3.injector.aggregate_gbps = 8.34951
stat.node.3.llc.cxl_miss = 800
stat.node.3.llc.total_miss = 800
stat.node.3.llc.avg_miss_lat = 806.144
stat.node.3.llc.avg_cxl_lat = 806.144
stat.node.3.llc.miss_lat_hist_bin_ns = 10
stat.node.3.llc.miss_lat_hist = [0,0,0,0,0,0,0,0,0,0,0,0,0,0,0,0,0,0,0,0,0,0,0,0,0,0,0,9,10,81,38,69,87,139,167,97,46,9,6,18,20,4]
stat.node.3.util.dram_avg = 1.33076e-05
stat.node.3.walltime_s = 122.997
stat.node.3.active_time_s = 22.814
stat.pool.100.util.mem_avg = 0.242553
stat.pool.100.util.req_link_avg = 0.99158
stat.pool.100.walltime_s = 122.997
stat.pool.100.active_time_s = 0.838816
stat.switch.replicated_messages = 66136
stat.switch.util.node_ingress_avg = 0.123963
stat.switch.util.pool_ingress_avg = 0.599298
stat.switch.bw.host_to_switch_gbps = 6.09383
stat.switch.bw.switch_to_host_gbps = 3.6821
stat.switch.bw.host_link_total_gbps = 9.77592
stat.switch.walltime_s = 122.997
stat.switch.active_time_s = 2.79494
Simulation is complete, simulated time: 752.051 us
