stat.node.0.cpu.0.retired = 813
stat.node.0.cpu.0.cycles = 1000000
stat.node.1.cpu.0.retired = 824
stat.node.1.cpu.0.cycles = 1000000
stat.node.2.cpu.0.retired = 805
stat.node.2.cpu.0.cycles = 1000000
stat.node.3.cpu.0.retired = 819
stat.node.3.cpu.0.cycles = 1000000
stat.node.4.cpu.0.retired = 808
stat.node.5.cpu.0.retired = 817
stat.node.5.cpu.0.cycles = 1000000
stat.node.6.cpu.0.retired = 814
stat.node.6.cpu.0.cycles = 1000000
stat.node.7.cpu.0.retired = 815
stat.node.7.cpu.0.cycles = 1000000
stat.node.4.cpu.0.cycles = 1000000
stat.node.1.cpu.0.load_issue_to_complete_count = 799
stat.node.1.cpu.0.avg_load_issue_to_complete_lat = 934.283
stat.node.1.injector.phase_cycles = 748322
stat.node.1.injector.request_bytes = 300480
stat.node.1.injector.response_bytes = 801280
stat.node.1.injector.aggregate_bytes = 1101760
stat.node.1.injector.request_gbps = 7.70954
stat.node.1.injector.response_gbps = 20.5588
stat.node.1.injector.aggregate_gbps = 28.2683
stat.node.1.llc.cxl_miss = 800
stat.node.1.llc.total_miss = 800
stat.node.1.llc.avg_miss_lat = 760.284
stat.node.1.llc.avg_cxl_lat = 760.284
stat.node.1.llc.miss_lat_hist_bin_ns = 10
stat.node.1.llc.miss_lat_hist = [0,0,0,0,0,0,0,0,0,0,0,0,0,0,0,0,0,0,0,0,0,0,0,0,0,0,0,0,0,92,215,149,173,140,31]
stat.node.1.util.dram_avg = 1.39159e-05
stat.node.1.walltime_s = 197.742
stat.node.1.active_time_s = 21.2824
stat.node.3.cpu.0.load_issue_to_complete_count = 799
stat.node.3.cpu.0.avg_load_issue_to_complete_lat = 939.606
stat.node.3.injector.phase_cycles = 752526
stat.node.3.injector.request_bytes = 302192
stat.node.3.injector.response_bytes = 805760
stat.node.3.injector.aggregate_bytes = 1107952
stat.node.3.injector.request_gbps = 7.71015
stat.node.3.injector.response_gbps = 20.5582
stat.node.3.injector.aggregate_gbps = 28.2684
stat.node.3.llc.cxl_miss = 800
stat.node.3.llc.total_miss = 800
stat.node.3.llc.avg_miss_lat = 765.566
stat.node.3.llc.avg_cxl_lat = 765.566
stat.node.3.llc.miss_lat_hist_bin_ns = 10
stat.node.3.llc.miss_lat_hist = [0,0,0,0,0,0,0,0,0,0,0,0,0,0,0,0,0,0,0,0,0,0,0,0,0,0,0,0,0,20,284,135,134,161,66]
stat.node.3.util.dram_avg = 1.38433e-05
stat.node.3.walltime_s = 198.77
stat.node.3.active_time_s = 19.6521
stat.node.5.cpu.0.load_issue_to_complete_count = 799
stat.node.5.cpu.0.avg_load_issue_to_complete_lat = 940.362
stat.node.5.injector.phase_cycles = 753179
stat.node.5.injector.request_bytes = 302408
stat.node.5.injector.response_bytes = 806528
stat.node.5.injector.aggregate_bytes = 1108936
stat.node.5.injector.request_gbps = 7.70897
stat.node.5.injector.response_gbps = 20.56
stat.node.5.injector.aggregate_gbps = 28.2689
stat.node.5.llc.cxl_miss = 800
stat.node.5.llc.total_miss = 800
stat.node.5.llc.avg_miss_lat = 766.163
stat.node.5.llc.avg_cxl_lat = 766.163
stat.node.5.llc.miss_lat_hist_bin_ns = 10
stat.node.5.llc.miss_lat_hist = [0,0,0,0,0,0,0,0,0,0,0,0,0,0,0,0,0,0,0,0,0,0,0,0,0,0,0,0,0,130,117,76,188,289]
stat.node.5.util.dram_avg = 1.38254e-05
stat.node.5.walltime_s = 198.905
stat.node.5.active_time_s = 30.4817
stat.node.6.cpu.0.load_issue_to_complete_count = 799
stat.node.6.cpu.0.avg_load_issue_to_complete_lat = 943.876
stat.node.6.injector.phase_cycles = 755972
stat.node.6.injector.request_bytes = 303552
stat.node.6.injector.response_bytes = 809472
stat.node.6.injector.aggregate_bytes = 1113024
stat.node.6.injector.request_gbps = 7.70954
stat.node.6.injector.response_gbps = 20.5588
stat.node.6.injector.aggregate_gbps = 28.2683
stat.node.6.llc.cxl_miss = 800
stat.node.6.llc.total_miss = 800
stat.node.6.llc.avg_miss_lat = 769.891
stat.node.6.llc.avg_cxl_lat = 769.891
stat.node.6.llc.miss_lat_hist_bin_ns = 10
stat.node.6.llc.miss_lat_hist = [0,0,0,0,0,0,0,0,0,0,0,0,0,0,0,0,0,0,0,0,0,0,0,0,0,0,0,0,0,16,151,273,142,158,59,1]
stat.node.6.util.dram_avg = 1.37815e-05
stat.node.6.walltime_s = 199.553
stat.node.6.active_time_s = 20.0992
stat.node.0.cpu.0.load_issue_to_complete_count = 799
stat.node.0.cpu.0.avg_load_issue_to_complete_lat = 943.621
stat.node.0.injector.phase_cycles = 755759
stat.node.0.injector.request_bytes = 303464
stat.node.0.injector.response_bytes = 809280
stat.node.0.injector.aggregate_bytes = 1112744
stat.node.0.injector.request_gbps = 7.70948
stat.node.0.injector.response_gbps = 20.5597
stat.node.0.injector.aggregate_gbps = 28.2692
stat.node.0.llc.cxl_miss = 800
stat.node.0.llc.total_miss = 800
stat.node.0.llc.avg_miss_lat = 769.587
stat.node.0.llc.avg_cxl_lat = 769.587
stat.node.0.llc.miss_lat_hist_bin_ns = 10
stat.node.0.llc.miss_lat_hist = [0,0,0,0,0,0,0,0,0,0,0,0,0,0,0,0,0,0,0,0,0,0,0,0,0,0,0,0,0,34,143,111,362,141,9]
stat.node.0.util.dram_avg = 1.3776e-05
stat.node.0.walltime_s = 199.612
stat.node.0.active_time_s = 20.9825
stat.node.7.cpu.0.load_issue_to_complete_count = 799
stat.node.7.cpu.0.avg_load_issue_to_complete_lat = 946.345
stat.node.7.injector.phase_cycles = 757960
stat.node.7.injector.request_bytes = 304328
stat.node.7.injector.response_bytes = 811648
stat.node.7.injector.aggregate_bytes = 1115976
stat.node.7.injector.request_gbps = 7.70898
stat.node.7.injector.response_gbps = 20.56
stat.node.7.injector.aggregate_gbps = 28.269
stat.node.7.llc.cxl_miss = 800
stat.node.7.llc.total_miss = 800
stat.node.7.llc.avg_miss_lat = 771.831
stat.node.7.llc.avg_cxl_lat = 771.831
stat.node.7.llc.miss_lat_hist_bin_ns = 10
stat.node.7.llc.miss_lat_hist = [0,0,0,0,0,0,0,0,0,0,0,0,0,0,0,0,0,0,0,0,0,0,0,0,0,0,0,0,0,63,180,147,149,120,141]
stat.node.7.util.dram_avg = 1.37704e-05
stat.node.7.walltime_s = 199.672
stat.node.7.active_time_s = 26.5575
stat.node.2.cpu.0.load_issue_to_complete_count = 799
stat.node.2.cpu.0.avg_load_issue_to_complete_lat = 945.685
stat.node.2.injector.phase_cycles = 757407
stat.node.2.injector.request_bytes = 304128
stat.node.2.injector.response_bytes = 811008
stat.node.2.injector.aggregate_bytes = 1115136
stat.node.2.injector.request_gbps = 7.70954
stat.node.2.injector.response_gbps = 20.5588
stat.node.2.injector.aggregate_gbps = 28.2683
stat.node.2.llc.cxl_miss = 800
stat.node.2.llc.total_miss = 800
stat.node.2.llc.avg_miss_lat = 771.188
stat.node.2.llc.avg_cxl_lat = 771.188
stat.node.2.llc.miss_lat_hist_bin_ns = 10
stat.node.2.llc.miss_lat_hist = [0,0,0,0,0,0,0,0,0,0,0,0,0,0,0,0,0,0,0,0,0,0,0,0,0,0,0,0,23,63,162,151,146,91,107,57]
stat.node.2.util.dram_avg = 1.37012e-05
stat.node.2.walltime_s = 200.361
stat.node.2.active_time_s = 31.1817
stat.node.4.cpu.0.load_issue_to_complete_count = 799
stat.node.4.cpu.0.avg_load_issue_to_complete_lat = 950.11
stat.node.4.injector.phase_cycles = 760968
stat.node.4.injector.request_bytes = 305568
stat.node.4.injector.response_bytes = 814784
stat.node.4.injector.aggregate_bytes = 1120352
stat.node.4.injector.request_gbps = 7.70979
stat.node.4.injector.response_gbps = 20.5578
stat.node.4.injector.aggregate_gbps = 28.2676
stat.node.4.llc.cxl_miss = 800
stat.node.4.llc.total_miss = 800
stat.node.4.llc.avg_miss_lat = 775.956
stat.node.4.llc.avg_cxl_lat = 775.956
stat.node.4.llc.miss_lat_hist_bin_ns = 10
stat.node.4.llc.miss_lat_hist = [0,0,0,0,0,0,0,0,0,0,0,0,0,0,0,0,0,0,0,0,0,0,0,0,0,0,0,0,7,76,124,139,165,118,136,35]
stat.node.4.util.dram_avg = 1.36956e-05
stat.node.4.walltime_s = 200.401
stat.node.4.active_time_s = 25.7567
stat.pool.105.util.mem_avg = 0.228688
stat.pool.105.util.req_link_avg = 0.910438
stat.pool.105.walltime_s = 200.401
stat.pool.105.active_time_s = 0.746709
stat.pool.104.util.mem_avg = 0.228689
stat.pool.104.util.req_link_avg = 0.910438
stat.pool.104.walltime_s = 200.401
stat.pool.104.active_time_s = 0.731863
stat.pool.103.util.mem_avg = 0.228689
stat.pool.103.util.req_link_avg = 0.910438
stat.pool.103.walltime_s = 200.401
stat.pool.103.active_time_s = 0.787847
stat.pool.102.util.mem_avg = 0.228689
stat.pool.102.util.req_link_avg = 0.910438
stat.pool.102.walltime_s = 200.401
stat.pool.102.active_time_s = 0.77954
stat.pool.101.util.mem_avg = 0.22869
stat.pool.101.util.req_link_avg = 0.91044
stat.pool.101.walltime_s = 200.401
stat.pool.101.active_time_s = 0.708184
stat.pool.100.util.mem_avg = 0.22869
stat.pool.100.util.req_link_avg = 0.91044
stat.pool.100.walltime_s = 200.401
stat.pool.100.active_time_s = 0.871096
stat.switch.replicated_messages = 351780
stat.switch.util.node_ingress_avg = 0.160163
stat.switch.util.pool_ingress_avg = 0.593032
stat.switch.bw.host_to_switch_gbps = 7.87287
stat.switch.bw.switch_to_host_gbps = 21.8614
stat.switch.bw.host_link_total_gbps = 29.7343
stat.switch.walltime_s = 200.401
stat.switch.active_time_s = 4.75657
Simulation is complete, simulated time: 730.744 us
