stat.node.0.cpu.0.retired = 823
stat.node.0.cpu.0.cycles = 1000000
stat.node.1.cpu.0.retired = 823
stat.node.2.cpu.0.retired = 823
stat.node.2.cpu.0.cycles = 1000000
stat.node.3.cpu.0.retired = 823
stat.node.3.cpu.0.cycles = 1000000
stat.node.4.cpu.0.retired = 823
stat.node.4.cpu.0.cycles = 1000000
stat.node.5.cpu.0.retired = 823
stat.node.5.cpu.0.cycles = 1000000
stat.node.6.cpu.0.retired = 823
stat.node.6.cpu.0.cycles = 1000000
stat.node.7.cpu.0.retired = 823
stat.node.7.cpu.0.cycles = 1000000
stat.node.1.cpu.0.cycles = 1000000
stat.node.4.cpu.0.load_issue_to_complete_count = 799
stat.node.4.cpu.0.avg_load_issue_to_complete_lat = 928.168
stat.node.5.cpu.0.load_issue_to_complete_count = 799
stat.node.4.injector.phase_cycles = 743411
stat.node.4.injector.request_bytes = 239184
stat.node.4.injector.response_bytes = 26176
stat.node.4.injector.aggregate_bytes = 265360
stat.node.4.injector.request_gbps = 6.17738
stat.node.4.injector.response_gbps = 0.676045
stat.node.4.injector.aggregate_gbps = 6.85343
stat.node.4.llc.cxl_miss = 800
stat.node.4.llc.total_miss = 800
stat.node.4.llc.avg_miss_lat = 754.356
stat.node.4.llc.avg_cxl_lat = 754.356
stat.node.4.llc.miss_lat_hist_bin_ns = 10
stat.node.4.llc.miss_lat_hist = [0,0,0,0,0,0,0,0,0,0,0,0,0,0,0,0,0,0,0,0,0,0,0,0,0,0,0,0,0,0,63,718,19]
stat.node.4.util.dram_avg = 1.39452e-05
stat.node.4.walltime_s = 341.395
stat.node.4.active_time_s = 23.6729
stat.node.5.cpu.0.avg_load_issue_to_complete_lat = 928.169
stat.node.5.injector.phase_cycles = 743411
stat.node.5.injector.request_bytes = 239184
stat.node.5.injector.response_bytes = 26176
stat.node.5.injector.aggregate_bytes = 265360
stat.node.5.injector.request_gbps = 6.17738
stat.node.5.injector.response_gbps = 0.676045
stat.node.5.injector.aggregate_gbps = 6.85343
stat.node.5.llc.cxl_miss = 800
stat.node.5.llc.total_miss = 800
stat.node.5.llc.avg_miss_lat = 754.355
stat.node.5.llc.avg_cxl_lat = 754.355
stat.node.5.llc.miss_lat_hist_bin_ns = 10
stat.node.5.llc.miss_lat_hist = [0,0,0,0,0,0,0,0,0,0,0,0,0,0,0,0,0,0,0,0,0,0,0,0,0,0,0,0,0,0,70,711,19]
stat.node.5.util.dram_avg = 1.39452e-05
stat.node.5.walltime_s = 341.408
stat.node.5.active_time_s = 26.1309
stat.node.6.cpu.0.load_issue_to_complete_count = 799
stat.node.6.cpu.0.avg_load_issue_to_complete_lat = 928.169
stat.node.6.injector.phase_cycles = 743412
stat.node.6.injector.request_bytes = 239184
stat.node.6.injector.response_bytes = 26176
stat.node.6.injector.aggregate_bytes = 265360
stat.node.6.injector.request_gbps = 6.17737
stat.node.6.injector.response_gbps = 0.676044
stat.node.6.injector.aggregate_gbps = 6.85342
stat.node.6.llc.cxl_miss = 800
stat.node.6.llc.total_miss = 800
stat.node.6.llc.avg_miss_lat = 754.356
stat.node.6.llc.avg_cxl_lat = 754.356
stat.node.6.llc.miss_lat_hist_bin_ns = 10
stat.node.7.cpu.0.load_issue_to_complete_count = 799
stat.node.7.cpu.0.avg_load_issue_to_complete_lat = 928.169
stat.node.7.injector.phase_cycles = 743412
stat.node.7.injector.request_bytes = 239184
stat.node.7.injector.response_bytes = 26176
stat.node.7.injector.aggregate_bytes = 265360
stat.node.7.injector.request_gbps = 6.17737
stat.node.7.injector.response_gbps = 0.676044
stat.node.7.injector.aggregate_gbps = 6.85342
stat.node.0.cpu.0.load_issue_to_complete_count = 799
stat.node.0.cpu.0.avg_load_issue_to_complete_lat = 928.171
stat.node.6.llc.miss_lat_hist = [0,0,0,0,0,0,0,0,0,0,0,0,0,0,0,0,0,0,0,0,0,0,0,0,0,0,0,0,0,0,66,715,19]
stat.node.6.util.dram_avg = 1.39452e-05
stat.node.6.walltime_s = 341.42
stat.node.6.active_time_s = 26.7387
stat.node.7.llc.cxl_miss = 800
stat.node.7.llc.total_miss = 800
stat.node.7.llc.avg_miss_lat = 754.357
stat.node.7.llc.avg_cxl_lat = 754.357
stat.node.7.llc.miss_lat_hist_bin_ns = 10
stat.node.7.llc.miss_lat_hist = [0,0,0,0,0,0,0,0,0,0,0,0,0,0,0,0,0,0,0,0,0,0,0,0,0,0,0,0,0,0,72,709,19]
stat.node.7.util.dram_avg = 1.39452e-05
stat.node.7.walltime_s = 341.404
stat.node.0.injector.phase_cycles = 743411
stat.node.0.injector.request_bytes = 239184
stat.node.0.injector.response_bytes = 26176
stat.node.0.injector.aggregate_bytes = 265360
stat.node.0.injector.request_gbps = 6.17738
stat.node.0.injector.response_gbps = 0.676045
stat.node.0.injector.aggregate_gbps = 6.85343
stat.node.0.llc.cxl_miss = 800
stat.node.0.llc.total_miss = 800
stat.node.0.llc.avg_miss_lat = 754.355
stat.node.0.llc.avg_cxl_lat = 754.355
stat.node.0.llc.miss_lat_hist_bin_ns = 10
stat.node.7.active_time_s = 26.004
stat.node.0.llc.miss_lat_hist = [0,0,0,0,0,0,0,0,0,0,0,0,0,0,0,0,0,0,0,0,0,0,0,0,0,0,0,0,0,0,71,710,19]
stat.node.0.util.dram_avg = 1.39452e-05
stat.node.0.walltime_s = 341.42
stat.node.0.active_time_s = 23.6463
stat.node.2.cpu.0.load_issue_to_complete_count = 799
stat.node.1.cpu.0.load_issue_to_complete_count = 799
stat.node.1.cpu.0.avg_load_issue_to_complete_lat = 928.169
stat.node.1.injector.phase_cycles = 743411
stat.node.1.injector.request_bytes = 239184
stat.node.1.injector.response_bytes = 26176
stat.node.1.injector.aggregate_bytes = 265360
stat.node.2.cpu.0.avg_load_issue_to_complete_lat = 928.168
stat.node.2.injector.phase_cycles = 743411
stat.node.2.injector.request_bytes = 239184
stat.node.2.injector.response_bytes = 26176
stat.node.2.injector.aggregate_bytes = 265360
stat.node.2.injector.request_gbps = 6.17738
stat.node.2.injector.response_gbps = 0.676045
stat.node.2.injector.aggregate_gbps = 6.85343
stat.node.2.llc.cxl_miss = 800
stat.node.2.llc.total_miss = 800
stat.node.2.llc.avg_miss_lat = 754.356
stat.node.1.injector.request_gbps = 6.17738
stat.node.1.injector.response_gbps = 0.676045
stat.node.1.injector.aggregate_gbps = 6.85343
stat.node.1.llc.cxl_miss = 800
stat.node.1.llc.total_miss = 800
stat.node.1.llc.avg_miss_lat = 754.357
stat.node.1.llc.avg_cxl_lat = 754.357
stat.node.1.llc.miss_lat_hist_bin_ns = 10
stat.node.1.llc.miss_lat_hist = [0,0,0,0,0,0,0,0,0,0,0,0,0,0,0,0,0,0,0,0,0,0,0,0,0,0,0,0,0,2,70,700,28]
stat.node.1.util.dram_avg = 1.3945e-05
stat.node.2.llc.avg_cxl_lat = 754.356
stat.node.2.llc.miss_lat_hist_bin_ns = 10
stat.node.2.llc.miss_lat_hist = [0,0,0,0,0,0,0,0,0,0,0,0,0,0,0,0,0,0,0,0,0,0,0,0,0,0,0,0,0,0,67,714,19]
stat.node.2.util.dram_avg = 1.3945e-05
stat.node.2.walltime_s = 341.405
stat.node.2.active_time_s = 27.5731
stat.node.1.walltime_s = 341.421
stat.node.1.active_time_s = 24.719
stat.node.3.cpu.0.load_issue_to_complete_count = 799
stat.node.3.cpu.0.avg_load_issue_to_complete_lat = 928.169
stat.node.3.injector.phase_cycles = 743412
stat.node.3.injector.request_bytes = 239184
stat.node.3.injector.response_bytes = 26176
stat.node.3.injector.aggregate_bytes = 265360
stat.node.3.injector.request_gbps = 6.17737
stat.node.3.injector.response_gbps = 0.676044
stat.node.3.injector.aggregate_gbps = 6.85342
stat.node.3.llc.cxl_miss = 800
stat.node.3.llc.total_miss = 800
stat.node.3.llc.avg_miss_lat = 754.359
stat.node.3.llc.avg_cxl_lat = 754.359
stat.node.3.llc.miss_lat_hist_bin_ns = 10
stat.node.3.llc.miss_lat_hist = [0,0,0,0,0,0,0,0,0,0,0,0,0,0,0,0,0,0,0,0,0,0,0,0,0,0,0,0,0,1,77,694,28]
stat.node.3.util.dram_avg = 1.3945e-05
stat.node.3.walltime_s = 341.436
stat.node.3.active_time_s = 27.429
stat.pool.104.util.mem_avg = 0.169028
stat.pool.104.util.req_link_avg = 0.999513
stat.pool.104.walltime_s = 341.464
stat.pool.104.active_time_s = 0.709001
stat.pool.103.util.mem_avg = 0.16903
stat.pool.103.util.req_link_avg = 0.999513
stat.pool.103.walltime_s = 341.464
stat.pool.103.active_time_s = 0.654636
stat.pool.102.util.mem_avg = 0.169031
stat.pool.102.util.req_link_avg = 0.999513
stat.pool.102.walltime_s = 341.464
stat.pool.102.active_time_s = 0.761623
stat.pool.101.util.mem_avg = 0.169031
stat.pool.101.util.req_link_avg = 0.999513
stat.pool.101.walltime_s = 341.464
stat.pool.101.active_time_s = 0.761606
stat.pool.100.util.mem_avg = 0.169031
stat.pool.100.util.req_link_avg = 0.999513
stat.pool.100.walltime_s = 341.464
stat.pool.100.active_time_s = 0.780246
stat.switch.replicated_messages = 341280
stat.switch.util.node_ingress_avg = 0.12903
stat.switch.util.pool_ingress_avg = 0.0651464
stat.switch.bw.host_to_switch_gbps = 6.34267
stat.switch.bw.switch_to_host_gbps = 2.0013
stat.switch.bw.host_link_total_gbps = 8.34397
stat.switch.walltime_s = 341.464
stat.switch.active_time_s = 4.04998
Simulation is complete, simulated time: 717.676 us
