stat.node.0.cpu.0.retired = 934
stat.node.0.cpu.0.cycles = 1000000
stat.node.1.cpu.0.retired = 897
stat.node.1.cpu.0.cycles = 1000000
stat.node.2.cpu.0.retired = 973
stat.node.2.cpu.0.cycles = 1000000
stat.node.3.cpu.0.retired = 897
stat.node.3.cpu.0.cycles = 1000000
stat.node.4.cpu.0.retired = 976
stat.node.4.cpu.0.cycles = 1000000
stat.node.5.cpu.0.retired = 959
stat.node.5.cpu.0.cycles = 1000000
stat.node.6.cpu.0.retired = 897
stat.node.6.cpu.0.cycles = 1000000
stat.node.7.cpu.0.retired = 970
stat.node.7.cpu.0.cycles = 1000000
stat.node.4.cpu.0.load_issue_to_complete_count = 799
stat.node.4.cpu.0.avg_load_issue_to_complete_lat = 831.491
stat.node.4.injector.phase_cycles = 666249
stat.node.4.injector.request_bytes = 195448
stat.node.4.injector.response_bytes = 21440
stat.node.4.injector.aggregate_bytes = 216888
stat.node.4.injector.request_gbps = 5.63243
stat.node.4.injector.response_gbps = 0.617859
stat.node.4.injector.aggregate_gbps = 6.25029
stat.node.4.llc.cxl_miss = 800
stat.node.4.llc.total_miss = 800
stat.node.4.llc.avg_miss_lat = 659.601
stat.node.4.llc.avg_cxl_lat = 659.601
stat.node.4.llc.miss_lat_hist_bin_ns = 10
stat.node.4.llc.miss_lat_hist = [0,0,0,0,0,0,0,0,0,0,0,0,0,0,0,0,0,0,0,0,0,0,0,0,0,0,630,33,0,0,0,0,12,45,80]
stat.node.4.util.dram_avg = 1.58279e-05
stat.node.4.walltime_s = 126.669
stat.node.4.active_time_s = 18.8868
stat.node.2.cpu.0.load_issue_to_complete_count = 799
stat.node.2.cpu.0.avg_load_issue_to_complete_lat = 836.466
stat.node.2.injector.phase_cycles = 670227
stat.node.2.injector.request_bytes = 196616
stat.node.2.injector.response_bytes = 21568
stat.node.2.injector.aggregate_bytes = 218184
stat.node.2.injector.request_gbps = 5.63246
stat.node.2.injector.response_gbps = 0.617859
stat.node.2.injector.aggregate_gbps = 6.25032
stat.node.2.llc.cxl_miss = 800
stat.node.2.llc.total_miss = 800
stat.node.2.llc.avg_miss_lat = 664.521
stat.node.2.llc.avg_cxl_lat = 664.521
stat.node.2.llc.miss_lat_hist_bin_ns = 10
stat.node.2.llc.miss_lat_hist = [0,0,0,0,0,0,0,0,0,0,0,0,0,0,0,0,0,0,0,0,0,0,0,0,0,0,637,8,0,0,0,0,1,36,118]
stat.node.2.util.dram_avg = 1.57705e-05
stat.node.2.walltime_s = 126.906
stat.node.2.active_time_s = 18.009
stat.node.7.cpu.0.load_issue_to_complete_count = 799
stat.node.7.cpu.0.avg_load_issue_to_complete_lat = 835.323
stat.node.7.injector.phase_cycles = 669132
stat.node.7.injector.request_bytes = 196288
stat.node.7.injector.response_bytes = 21504
stat.node.7.injector.aggregate_bytes = 217792
stat.node.7.injector.request_gbps = 5.63227
stat.node.7.injector.response_gbps = 0.617033
stat.node.7.injector.aggregate_gbps = 6.2493
stat.node.7.llc.cxl_miss = 800
stat.node.7.llc.total_miss = 800
stat.node.7.llc.avg_miss_lat = 662.524
stat.node.7.llc.avg_cxl_lat = 662.524
stat.node.7.llc.miss_lat_hist_bin_ns = 10
stat.node.7.llc.miss_lat_hist = [0,0,0,0,0,0,0,0,0,0,0,0,0,0,0,0,0,0,0,0,0,0,0,0,0,0,568,74,11,0,0,0,17,130]
stat.node.7.util.dram_avg = 1.57548e-05
stat.node.7.walltime_s = 127.106
stat.node.7.active_time_s = 18.0048
stat.node.5.cpu.0.load_issue_to_complete_count = 799
stat.node.5.cpu.0.avg_load_issue_to_complete_lat = 841.658
stat.node.5.injector.phase_cycles = 674240
stat.node.5.injector.request_bytes = 197784
stat.node.5.injector.response_bytes = 21632
stat.node.5.injector.aggregate_bytes = 219416
stat.node.5.injector.request_gbps = 5.6322
stat.node.5.injector.response_gbps = 0.616004
stat.node.5.injector.aggregate_gbps = 6.2482
stat.node.5.llc.cxl_miss = 800
stat.node.5.llc.total_miss = 800
stat.node.5.llc.avg_miss_lat = 668.465
stat.node.5.llc.avg_cxl_lat = 668.465
stat.node.5.llc.miss_lat_hist_bin_ns = 10
stat.node.5.llc.miss_lat_hist = [0,0,0,0,0,0,0,0,0,0,0,0,0,0,0,0,0,0,0,0,0,0,0,0,0,0,461,81,83,7,1,14,151,2]
stat.node.5.util.dram_avg = 1.56144e-05
stat.node.5.walltime_s = 127.783
stat.node.5.active_time_s = 20.5421
stat.node.0.cpu.0.load_issue_to_complete_count = 799
stat.node.0.cpu.0.avg_load_issue_to_complete_lat = 861.653
stat.node.0.injector.phase_cycles = 690216
stat.node.0.injector.request_bytes = 202456
stat.node.0.injector.response_bytes = 22144
stat.node.0.injector.aggregate_bytes = 224600
stat.node.0.injector.request_gbps = 5.6318
stat.node.0.injector.response_gbps = 0.615988
stat.node.0.injector.aggregate_gbps = 6.24778
stat.node.0.llc.cxl_miss = 800
stat.node.0.llc.total_miss = 800
stat.node.0.llc.avg_miss_lat = 689.201
stat.node.0.llc.avg_cxl_lat = 689.201
stat.node.0.llc.miss_lat_hist_bin_ns = 10
stat.node.0.llc.miss_lat_hist = [0,0,0,0,0,0,0,0,0,0,0,0,0,0,0,0,0,0,0,0,0,0,0,0,0,0,312,0,129,98,36,225]
stat.node.0.util.dram_avg = 1.52582e-05
stat.node.0.walltime_s = 129.374
stat.node.0.active_time_s = 20.1029
stat.node.6.cpu.0.load_issue_to_complete_count = 799
stat.node.6.cpu.0.avg_load_issue_to_complete_lat = 871.621
stat.node.6.injector.phase_cycles = 698209
stat.node.6.injector.request_bytes = 204784
stat.node.6.injector.response_bytes = 22464
stat.node.6.injector.aggregate_bytes = 227248
stat.node.6.injector.request_gbps = 5.63134
stat.node.6.injector.response_gbps = 0.617736
stat.node.6.injector.aggregate_gbps = 6.24908
stat.node.6.llc.cxl_miss = 800
stat.node.6.llc.total_miss = 800
stat.node.6.llc.avg_miss_lat = 698.33
stat.node.6.llc.avg_cxl_lat = 698.33
stat.node.6.llc.miss_lat_hist_bin_ns = 10
stat.node.6.llc.miss_lat_hist = [0,0,0,0,0,0,0,0,0,0,0,0,0,0,0,0,0,0,0,0,0,0,0,0,0,0,246,0,0,159,370,25]
stat.node.6.util.dram_avg = 1.48856e-05
stat.node.6.walltime_s = 131.176
stat.node.6.active_time_s = 26.7185
stat.node.3.cpu.0.load_issue_to_complete_count = 799
stat.node.3.cpu.0.avg_load_issue_to_complete_lat = 872.175
stat.node.3.injector.phase_cycles = 698676
stat.node.3.injector.request_bytes = 204920
stat.node.3.injector.response_bytes = 22464
stat.node.3.injector.aggregate_bytes = 227384
stat.node.3.injector.request_gbps = 5.63131
stat.node.3.injector.response_gbps = 0.617323
stat.node.3.injector.aggregate_gbps = 6.24864
stat.node.3.llc.cxl_miss = 800
stat.node.3.llc.total_miss = 800
stat.node.3.llc.avg_miss_lat = 699.101
stat.node.3.llc.avg_cxl_lat = 699.101
stat.node.3.llc.miss_lat_hist_bin_ns = 10
stat.node.3.llc.miss_lat_hist = [0,0,0,0,0,0,0,0,0,0,0,0,0,0,0,0,0,0,0,0,0,0,0,0,0,0,242,0,17,258,123,144,16]
stat.node.3.util.dram_avg = 1.48795e-05
stat.node.3.walltime_s = 131.216
stat.node.3.active_time_s = 25.4073
stat.node.1.cpu.0.load_issue_to_complete_count = 799
stat.node.1.cpu.0.avg_load_issue_to_complete_lat = 874.111
stat.node.1.injector.phase_cycles = 700270
stat.node.1.injector.request_bytes = 205376
stat.node.1.injector.response_bytes = 22464
stat.node.1.injector.aggregate_bytes = 227840
stat.node.1.injector.request_gbps = 5.631
stat.node.1.injector.response_gbps = 0.615918
stat.node.1.injector.aggregate_gbps = 6.24692
stat.node.1.llc.cxl_miss = 800
stat.node.1.llc.total_miss = 800
stat.node.1.llc.avg_miss_lat = 701.3
stat.node.1.llc.avg_cxl_lat = 701.3
stat.node.1.llc.miss_lat_hist_bin_ns = 10
stat.node.1.llc.miss_lat_hist = [0,0,0,0,0,0,0,0,0,0,0,0,0,0,0,0,0,0,0,0,0,0,0,0,0,0,226,27,252,6,4,90,172,23]
stat.node.1.util.dram_avg = 1.48632e-05
stat.node.1.walltime_s = 131.324
stat.node.1.active_time_s = 18.296
stat.pool.105.util.mem_avg = 0.15362
stat.pool.105.util.req_link_avg = 0.910923
stat.pool.105.walltime_s = 131.324
stat.pool.105.active_time_s = 0.480087
stat.pool.104.util.mem_avg = 0.153621
stat.pool.104.util.req_link_avg = 0.910923
stat.pool.104.walltime_s = 131.324
stat.pool.104.active_time_s = 0.481874
stat.pool.103.util.mem_avg = 0.153621
stat.pool.103.util.req_link_avg = 0.910923
stat.pool.103.walltime_s = 131.324
stat.pool.103.active_time_s = 0.517275
stat.pool.102.util.mem_avg = 0.153621
stat.pool.102.util.req_link_avg = 0.910923
stat.pool.102.walltime_s = 131.324
stat.pool.102.active_time_s = 0.572616
stat.pool.101.util.mem_avg = 0.153621
stat.pool.101.util.req_link_avg = 0.910923
stat.pool.101.walltime_s = 131.324
stat.pool.101.active_time_s = 0.49887
stat.pool.100.util.mem_avg = 0.153621
stat.pool.100.util.req_link_avg = 0.910923
stat.pool.100.walltime_s = 131.324
stat.pool.100.active_time_s = 0.538188
stat.switch.replicated_messages = 350352
stat.switch.util.node_ingress_avg = 0.118283
stat.switch.util.pool_ingress_avg = 0.0563223
stat.switch.bw.host_to_switch_gbps = 5.81415
stat.switch.bw.switch_to_host_gbps = 2.07628
stat.switch.bw.host_link_total_gbps = 7.89042
stat.switch.walltime_s = 131.324
stat.switch.active_time_s = 3.06265
Simulation is complete, simulated time: 673.342 us
