stat.node.2.cpu.0.retired = 875
stat.node.2.cpu.0.cycles = 1000000
stat.node.3.cpu.0.retired = 875
stat.node.3.cpu.0.cycles = 1000000
stat.node.4.cpu.0.retired = 875
stat.node.4.cpu.0.cycles = 1000000
stat.node.5.cpu.0.retired = 875
stat.node.5.cpu.0.cycles = 1000000
stat.node.6.cpu.0.retired = 875
stat.node.6.cpu.0.cycles = 1000000
stat.node.7.cpu.0.retired = 875
stat.node.7.cpu.0.cycles = 1000000
stat.node.0.cpu.0.retired = 875
stat.node.0.cpu.0.cycles = 1000000
stat.node.1.cpu.0.retired = 875
stat.node.1.cpu.0.cycles = 1000000
stat.node.4.cpu.0.load_issue_to_complete_count = 799
stat.node.4.cpu.0.avg_load_issue_to_complete_lat = 878.556
stat.node.4.injector.phase_cycles = 703744
stat.node.4.injector.request_bytes = 189616
stat.node.4.injector.response_bytes = 46016
stat.node.4.injector.aggregate_bytes = 235632
stat.node.4.injector.request_gbps = 5.17323
stat.node.4.injector.response_gbps = 1.25544
stat.node.4.injector.aggregate_gbps = 6.42866
stat.node.4.llc.cxl_miss = 800
stat.node.4.llc.total_miss = 800
stat.node.4.llc.avg_miss_lat = 705.918
stat.node.4.llc.avg_cxl_lat = 705.918
stat.node.4.llc.miss_lat_hist_bin_ns = 10
stat.node.5.cpu.0.load_issue_to_complete_count = 799
stat.node.6.cpu.0.load_issue_to_complete_count = 799
stat.node.6.cpu.0.avg_load_issue_to_complete_lat = 878.556
stat.node.6.injector.phase_cycles = 703744
stat.node.6.injector.request_bytes = 189616
stat.node.6.injector.response_bytes = 46016
stat.node.6.injector.aggregate_bytes = 235632
stat.node.6.injector.request_gbps = 5.17323
stat.node.6.injector.response_gbps = 1.25544
stat.node.6.injector.aggregate_gbps = 6.42866
stat.node.6.llc.cxl_miss = 800
stat.node.6.llc.total_miss = 800
stat.node.6.llc.avg_miss_lat = 705.918
stat.node.6.llc.avg_cxl_lat = 705.918
stat.node.6.llc.miss_lat_hist_bin_ns = 10
stat.node.6.llc.miss_lat_hist = [0,0,0,0,0,0,0,0,0,0,0,0,0,0,0,0,0,0,0,0,0,0,0,0,0,0,0,0,349,97,354]
stat.node.4.llc.miss_lat_hist = [0,0,0,0,0,0,0,0,0,0,0,0,0,0,0,0,0,0,0,0,0,0,0,0,0,0,0,0,349,97,354]
stat.node.4.util.dram_avg = 1.46775e-05
stat.node.4.walltime_s = 149.792
stat.node.4.active_time_s = 20.8786
stat.node.6.util.dram_avg = 1.46775e-05
stat.node.6.walltime_s = 149.792
stat.node.6.active_time_s = 20.7035
stat.node.5.cpu.0.avg_load_issue_to_complete_lat = 878.556
stat.node.5.injector.phase_cycles = 703744
stat.node.5.injector.request_bytes = 189616
stat.node.5.injector.response_bytes = 46016
stat.node.5.injector.aggregate_bytes = 235632
stat.node.5.injector.request_gbps = 5.17323
stat.node.5.injector.response_gbps = 1.25544
stat.node.5.injector.aggregate_gbps = 6.42866
stat.node.5.llc.cxl_miss = 800
stat.node.5.llc.total_miss = 800
stat.node.5.llc.avg_miss_lat = 705.918
stat.node.5.llc.avg_cxl_lat = 705.918
stat.node.5.llc.miss_lat_hist_bin_ns = 10
stat.node.5.llc.miss_lat_hist = [0,0,0,0,0,0,0,0,0,0,0,0,0,0,0,0,0,0,0,0,0,0,0,0,0,0,0,0,349,97,354]
stat.node.5.util.dram_avg = 1.46775e-05
stat.node.5.walltime_s = 149.792
stat.node.5.active_time_s = 21.7091
stat.node.1.cpu.0.load_issue_to_complete_count = 799
stat.node.1.cpu.0.avg_load_issue_to_complete_lat = 878.556
stat.node.7.cpu.0.load_issue_to_complete_count = 799
stat.node.0.cpu.0.load_issue_to_complete_count = 799
stat.node.7.cpu.0.avg_load_issue_to_complete_lat = 878.556
stat.node.0.cpu.0.avg_load_issue_to_complete_lat = 878.556
stat.node.0.injector.phase_cycles = 703744
stat.node.0.injector.request_bytes = 189616
stat.node.0.injector.response_bytes = 46016
stat.node.0.injector.aggregate_bytes = 235632
stat.node.0.injector.request_gbps = 5.17323
stat.node.0.injector.response_gbps = 1.25544
stat.node.0.injector.aggregate_gbps = 6.42866
stat.node.7.injector.phase_cycles = 703744
stat.node.7.injector.request_bytes = 189616
stat.node.7.injector.response_bytes = 46016
stat.node.7.injector.aggregate_bytes = 235632
stat.node.7.injector.request_gbps = 5.17323
stat.node.7.injector.response_gbps = 1.25544
stat.node.7.injector.aggregate_gbps = 6.42866
stat.node.7.llc.cxl_miss = 800
stat.node.7.llc.total_miss = 800
stat.node.7.llc.avg_miss_lat = 705.918
stat.node.7.llc.avg_cxl_lat = 705.918
stat.node.7.llc.miss_lat_hist_bin_ns = 10
stat.node.7.llc.miss_lat_hist = [0,0,0,0,0,0,0,0,0,0,0,0,0,0,0,0,0,0,0,0,0,0,0,0,0,0,0,0,349,97,354]
stat.node.7.util.dram_avg = 1.46772e-05
stat.node.7.walltime_s = 149.793
stat.node.7.active_time_s = 20.0293
stat.node.0.llc.cxl_miss = 800
stat.node.0.llc.total_miss = 800
stat.node.0.llc.avg_miss_lat = 705.918
stat.node.0.llc.avg_cxl_lat = 705.918
stat.node.0.llc.miss_lat_hist_bin_ns = 10
stat.node.0.llc.miss_lat_hist = [0,0,0,0,0,0,0,0,0,0,0,0,0,0,0,0,0,0,0,0,0,0,0,0,0,0,0,0,349,97,354]
stat.node.0.util.dram_avg = 1.46772e-05
stat.node.0.walltime_s = 149.793
stat.node.0.active_time_s = 21.4085
stat.node.1.injector.phase_cycles = 703744
stat.node.1.injector.request_bytes = 189616
stat.node.1.injector.response_bytes = 46016
stat.node.1.injector.aggregate_bytes = 235632
stat.node.1.injector.request_gbps = 5.17323
stat.node.1.injector.response_gbps = 1.25544
stat.node.1.injector.aggregate_gbps = 6.42866
stat.node.1.llc.cxl_miss = 800
stat.node.1.llc.total_miss = 800
stat.node.1.llc.avg_miss_lat = 705.918
stat.node.1.llc.avg_cxl_lat = 705.918
stat.node.1.llc.miss_lat_hist_bin_ns = 10
stat.node.1.llc.miss_lat_hist = [0,0,0,0,0,0,0,0,0,0,0,0,0,0,0,0,0,0,0,0,0,0,0,0,0,0,0,0,349,97,354]
stat.node.1.util.dram_avg = 1.46772e-05
stat.node.1.walltime_s = 149.807
stat.node.1.active_time_s = 25.4965
stat.node.2.cpu.0.load_issue_to_complete_count = 799
stat.node.3.cpu.0.load_issue_to_complete_count = 799
stat.node.2.cpu.0.avg_load_issue_to_complete_lat = 878.556
stat.node.3.cpu.0.avg_load_issue_to_complete_lat = 878.556
stat.node.3.injector.phase_cycles = 703744
stat.node.3.injector.request_bytes = 189616
stat.node.2.injector.phase_cycles = 703744
stat.node.2.injector.request_bytes = 189616
stat.node.2.injector.response_bytes = 46016
stat.node.2.injector.aggregate_bytes = 235632
stat.node.2.injector.request_gbps = 5.17323
stat.node.2.injector.response_gbps = 1.25544
stat.node.2.injector.aggregate_gbps = 6.42866
stat.node.2.llc.cxl_miss = 800
stat.node.2.llc.total_miss = 800
stat.node.3.injector.response_bytes = 46016
stat.node.3.injector.aggregate_bytes = 235632
stat.node.3.injector.request_gbps = 5.17323
stat.node.2.llc.avg_miss_lat = 705.918
stat.node.2.llc.avg_cxl_lat = 705.918
stat.node.2.llc.miss_lat_hist_bin_ns = 10
stat.node.3.injector.response_gbps = 1.25544
stat.node.3.injector.aggregate_gbps = 6.42866
stat.node.3.llc.cxl_miss = 800
stat.node.3.llc.total_miss = 800
stat.node.2.llc.miss_lat_hist = [0,0,0,0,0,0,0,0,0,0,0,0,0,0,0,0,0,0,0,0,0,0,0,0,0,0,0,0,349,97,354]
stat.node.3.llc.avg_miss_lat = 705.918
stat.node.3.llc.avg_cxl_lat = 705.918
stat.node.3.llc.miss_lat_hist_bin_ns = 10
stat.node.2.util.dram_avg = 1.4677e-05
stat.node.2.walltime_s = 149.808
stat.node.2.active_time_s = 28.4496
stat.node.3.llc.miss_lat_hist = [0,0,0,0,0,0,0,0,0,0,0,0,0,0,0,0,0,0,0,0,0,0,0,0,0,0,0,0,349,97,354]
stat.node.3.util.dram_avg = 1.4677e-05
stat.node.3.walltime_s = 149.808
stat.node.3.active_time_s = 22.9537
stat.pool.102.util.mem_avg = 0.153575
stat.pool.102.util.req_link_avg = 0.834202
stat.pool.102.walltime_s = 149.808
stat.pool.102.active_time_s = 0.513167
stat.pool.101.util.mem_avg = 0.153575
stat.pool.101.util.req_link_avg = 0.834202
stat.pool.101.walltime_s = 149.808
stat.pool.101.active_time_s = 0.550333
stat.pool.100.util.mem_avg = 0.153577
stat.pool.100.util.req_link_avg = 0.834204
stat.pool.100.walltime_s = 149.808
stat.pool.100.active_time_s = 0.582181
stat.switch.replicated_messages = 160200
stat.switch.util.node_ingress_avg = 0.108779
stat.switch.util.pool_ingress_avg = 0.143672
stat.switch.bw.host_to_switch_gbps = 5.34707
stat.switch.bw.switch_to_host_gbps = 2.64815
stat.switch.bw.host_link_total_gbps = 7.99522
stat.switch.walltime_s = 149.808
stat.switch.active_time_s = 2.67271
Simulation is complete, simulated time: 681.882 us
