stat.node.1.cpu.0.retired = 881
stat.node.1.cpu.0.cycles = 1000000
stat.node.2.cpu.0.retired = 881
stat.node.2.cpu.0.cycles = 1000000
stat.node.3.cpu.0.retired = 881
stat.node.3.cpu.0.cycles = 1000000
stat.node.4.cpu.0.retired = 881
stat.node.4.cpu.0.cycles = 1000000
stat.node.5.cpu.0.retired = 881
stat.node.5.cpu.0.cycles = 1000000
stat.node.6.cpu.0.retired = 881
stat.node.6.cpu.0.cycles = 1000000
stat.node.7.cpu.0.retired = 881
stat.node.7.cpu.0.cycles = 1000000
stat.node.0.cpu.0.retired = 881
stat.node.0.cpu.0.cycles = 1000000
stat.node.4.cpu.0.load_issue_to_complete_count = 799
stat.node.4.cpu.0.avg_load_issue_to_complete_lat = 873.512
stat.node.4.injector.phase_cycles = 699709
stat.node.4.injector.request_bytes = 186424
stat.node.4.injector.response_bytes = 20416
stat.node.4.injector.aggregate_bytes = 206840
stat.node.4.injector.request_gbps = 5.11547
stat.node.5.cpu.0.load_issue_to_complete_count = 799
stat.node.5.cpu.0.avg_load_issue_to_complete_lat = 873.512
stat.node.5.injector.phase_cycles = 699709
stat.node.5.injector.request_bytes = 186424
stat.node.5.injector.response_bytes = 20416
stat.node.5.injector.aggregate_bytes = 206840
stat.node.5.injector.request_gbps = 5.11547
stat.node.5.injector.response_gbps = 0.560215
stat.node.5.injector.aggregate_gbps = 5.67569
stat.node.5.llc.cxl_miss = 800
stat.node.5.llc.total_miss = 800
stat.node.5.llc.avg_miss_lat = 700.946
stat.node.5.llc.avg_cxl_lat = 700.946
stat.node.5.llc.miss_lat_hist_bin_ns = 10
stat.node.7.cpu.0.load_issue_to_complete_count = 799
stat.node.7.cpu.0.avg_load_issue_to_complete_lat = 873.512
stat.node.4.injector.response_gbps = 0.560215
stat.node.4.injector.aggregate_gbps = 5.67569
stat.node.4.llc.cxl_miss = 800
stat.node.4.llc.total_miss = 800
stat.node.4.llc.avg_miss_lat = 700.946
stat.node.4.llc.avg_cxl_lat = 700.946
stat.node.4.llc.miss_lat_hist_bin_ns = 10
stat.node.4.llc.miss_lat_hist = [0,0,0,0,0,0,0,0,0,0,0,0,0,0,0,0,0,0,0,0,0,0,0,0,0,0,0,0,366,381,53]
stat.node.4.util.dram_avg = 1.4762e-05
stat.node.4.walltime_s = 243.98
stat.node.4.active_time_s = 27.5018
stat.node.7.injector.phase_cycles = 699709
stat.node.5.llc.miss_lat_hist = [0,0,0,0,0,0,0,0,0,0,0,0,0,0,0,0,0,0,0,0,0,0,0,0,0,0,0,0,366,381,53]
stat.node.5.util.dram_avg = 1.4762e-05
stat.node.5.walltime_s = 243.98
stat.node.5.active_time_s = 24.8235
stat.node.7.injector.request_bytes = 186424
stat.node.7.injector.response_bytes = 20416
stat.node.7.injector.aggregate_bytes = 206840
stat.node.7.injector.request_gbps = 5.11547
stat.node.7.injector.response_gbps = 0.560215
stat.node.7.injector.aggregate_gbps = 5.67569
stat.node.7.llc.cxl_miss = 800
stat.node.7.llc.total_miss = 800
stat.node.7.llc.avg_miss_lat = 700.946
stat.node.7.llc.avg_cxl_lat = 700.946
stat.node.7.llc.miss_lat_hist_bin_ns = 10
stat.node.7.llc.miss_lat_hist = [0,0,0,0,0,0,0,0,0,0,0,0,0,0,0,0,0,0,0,0,0,0,0,0,0,0,0,0,366,381,53]
stat.node.7.util.dram_avg = 1.4762e-05
stat.node.7.walltime_s = 243.981
stat.node.7.active_time_s = 24.5048
stat.node.1.cpu.0.load_issue_to_complete_count = 799
stat.node.2.cpu.0.load_issue_to_complete_count = 799
stat.node.2.cpu.0.avg_load_issue_to_complete_lat = 873.512
stat.node.2.injector.phase_cycles = 699709
stat.node.0.cpu.0.load_issue_to_complete_count = 799
stat.node.0.cpu.0.avg_load_issue_to_complete_lat = 873.512
stat.node.0.injector.phase_cycles = 699709
stat.node.0.injector.request_bytes = 186424
stat.node.0.injector.response_bytes = 20416
stat.node.0.injector.aggregate_bytes = 206840
stat.node.0.injector.request_gbps = 5.11547
stat.node.0.injector.response_gbps = 0.560215
stat.node.0.injector.aggregate_gbps = 5.67569
stat.node.0.llc.cxl_miss = 800
stat.node.0.llc.total_miss = 800
stat.node.0.llc.avg_miss_lat = 700.946
stat.node.0.llc.avg_cxl_lat = 700.946
stat.node.0.llc.miss_lat_hist_bin_ns = 10
stat.node.0.llc.miss_lat_hist = [0,0,0,0,0,0,0,0,0,0,0,0,0,0,0,0,0,0,0,0,0,0,0,0,0,0,0,0,366,381,53]
stat.node.0.util.dram_avg = 1.47618e-05
stat.node.0.walltime_s = 244.009
stat.node.0.active_time_s = 21.8722
stat.node.2.injector.request_bytes = 186424
stat.node.2.injector.response_bytes = 20416
stat.node.2.injector.aggregate_bytes = 206840
stat.node.2.injector.request_gbps = 5.11547
stat.node.1.cpu.0.avg_load_issue_to_complete_lat = 873.512
stat.node.1.injector.phase_cycles = 699709
stat.node.1.injector.request_bytes = 186424
stat.node.1.injector.response_bytes = 20416
stat.node.1.injector.aggregate_bytes = 206840
stat.node.1.injector.request_gbps = 5.11547
stat.node.1.injector.response_gbps = 0.560215
stat.node.1.injector.aggregate_gbps = 5.67569
stat.node.1.llc.cxl_miss = 800
stat.node.1.llc.total_miss = 800
stat.node.1.llc.avg_miss_lat = 700.946
stat.node.1.llc.avg_cxl_lat = 700.946
stat.node.1.llc.miss_lat_hist_bin_ns = 10
stat.node.1.llc.miss_lat_hist = [0,0,0,0,0,0,0,0,0,0,0,0,0,0,0,0,0,0,0,0,0,0,0,0,0,0,0,0,366,381,53]
stat.node.1.util.dram_avg = 1.47618e-05
stat.node.1.walltime_s = 244.009
stat.node.1.active_time_s = 18.7598
stat.node.2.injector.response_gbps = 0.560215
stat.node.2.injector.aggregate_gbps = 5.67569
stat.node.2.llc.cxl_miss = 800
stat.node.2.llc.total_miss = 800
stat.node.2.llc.avg_miss_lat = 700.946
stat.node.2.llc.avg_cxl_lat = 700.946
stat.node.2.llc.miss_lat_hist_bin_ns = 10
stat.node.2.llc.miss_lat_hist = [0,0,0,0,0,0,0,0,0,0,0,0,0,0,0,0,0,0,0,0,0,0,0,0,0,0,0,0,366,381,53]
stat.node.2.util.dram_avg = 1.47618e-05
stat.node.2.walltime_s = 243.985
stat.node.2.active_time_s = 24.2486
stat.node.6.cpu.0.load_issue_to_complete_count = 799
stat.node.6.cpu.0.avg_load_issue_to_complete_lat = 873.512
stat.node.6.injector.phase_cycles = 699709
stat.node.6.injector.request_bytes = 186424
stat.node.6.injector.response_bytes = 20416
stat.node.3.cpu.0.load_issue_to_complete_count = 799
stat.node.3.cpu.0.avg_load_issue_to_complete_lat = 873.512
stat.node.3.injector.phase_cycles = 699709
stat.node.3.injector.request_bytes = 186424
stat.node.3.injector.response_bytes = 20416
stat.node.3.injector.aggregate_bytes = 206840
stat.node.3.injector.request_gbps = 5.11547
stat.node.3.injector.response_gbps = 0.560215
stat.node.3.injector.aggregate_gbps = 5.67569
stat.node.3.llc.cxl_miss = 800
stat.node.3.llc.total_miss = 800
stat.node.3.llc.avg_miss_lat = 700.946
stat.node.3.llc.avg_cxl_lat = 700.946
stat.node.3.llc.miss_lat_hist_bin_ns = 10
stat.node.3.llc.miss_lat_hist = [0,0,0,0,0,0,0,0,0,0,0,0,0,0,0,0,0,0,0,0,0,0,0,0,0,0,0,0,366,381,53]
stat.node.3.util.dram_avg = 1.47616e-05
stat.node.3.walltime_s = 244.01
stat.node.3.active_time_s = 25.461
stat.node.6.injector.aggregate_bytes = 206840
stat.node.6.injector.request_gbps = 5.11547
stat.node.6.injector.response_gbps = 0.560215
stat.node.6.injector.aggregate_gbps = 5.67569
stat.node.6.llc.cxl_miss = 800
stat.node.6.llc.total_miss = 800
stat.node.6.llc.avg_miss_lat = 700.946
stat.node.6.llc.avg_cxl_lat = 700.946
stat.node.6.llc.miss_lat_hist_bin_ns = 10
stat.node.6.llc.miss_lat_hist = [0,0,0,0,0,0,0,0,0,0,0,0,0,0,0,0,0,0,0,0,0,0,0,0,0,0,0,0,366,381,53]
stat.node.6.util.dram_avg = 1.47616e-05
stat.node.6.walltime_s = 244.024
stat.node.6.active_time_s = 21.5563
stat.pool.102.util.mem_avg = 0.148378
stat.pool.102.util.req_link_avg = 0.834255
stat.pool.102.walltime_s = 244.092
stat.pool.102.active_time_s = 0.744802
stat.pool.101.util.mem_avg = 0.148378
stat.pool.101.util.req_link_avg = 0.834255
stat.pool.101.walltime_s = 244.092
stat.pool.101.active_time_s = 0.730399
stat.pool.100.util.mem_avg = 0.14838
stat.pool.100.util.req_link_avg = 0.834257
stat.pool.100.walltime_s = 244.092
stat.pool.100.active_time_s = 0.708436
stat.switch.replicated_messages = 160200
stat.switch.util.node_ingress_avg = 0.107624
stat.switch.util.pool_ingress_avg = 0.106488
stat.switch.bw.host_to_switch_gbps = 5.29029
stat.switch.bw.switch_to_host_gbps = 1.96279
stat.switch.bw.host_link_total_gbps = 7.25308
stat.switch.walltime_s = 244.092
stat.switch.active_time_s = 3.10902
Simulation is complete, simulated time: 677.977 us
