stat.node.7.cpu.0.retired = 760
stat.node.7.cpu.0.cycles = 1000000
stat.node.0.cpu.0.retired = 759
stat.node.0.cpu.0.cycles = 1000000
stat.node.1.cpu.0.retired = 760
stat.node.1.cpu.0.cycles = 1000000
stat.node.2.cpu.0.retired = 759
stat.node.2.cpu.0.cycles = 1000000
stat.node.3.cpu.0.retired = 761
stat.node.3.cpu.0.cycles = 1000000
stat.node.4.cpu.0.retired = 760
stat.node.4.cpu.0.cycles = 1000000
stat.node.5.cpu.0.retired = 759
stat.node.5.cpu.0.cycles = 1000000
stat.node.6.cpu.0.retired = 761
stat.node.6.cpu.0.cycles = 1000000
stat.node.3.cpu.0.load_issue_to_complete_count = 799
stat.node.3.cpu.0.avg_load_issue_to_complete_lat = 991.69
stat.node.3.injector.phase_cycles = 794283
stat.node.3.injector.request_bytes = 166344
stat.node.3.injector.response_bytes = 704576
stat.node.3.injector.aggregate_bytes = 870920
stat.node.3.injector.request_gbps = 4.02099
stat.node.3.injector.response_gbps = 17.0315
stat.node.3.injector.aggregate_gbps = 21.0525
stat.node.3.llc.cxl_miss = 800
stat.node.3.llc.total_miss = 800
stat.node.3.llc.avg_miss_lat = 817.124
stat.node.3.llc.avg_cxl_lat = 817.124
stat.node.3.llc.miss_lat_hist_bin_ns = 10
stat.node.3.llc.miss_lat_hist = [0,0,0,0,0,0,0,0,0,0,0,0,0,0,0,0,0,0,0,0,0,0,0,0,0,0,0,0,0,0,0,8,35,216,454,84,3]
stat.node.3.util.dram_avg = 1.30862e-05
stat.node.3.walltime_s = 340.198
stat.node.3.active_time_s = 29.1336
stat.node.4.cpu.0.load_issue_to_complete_count = 799
stat.node.4.cpu.0.avg_load_issue_to_complete_lat = 989.035
stat.node.4.injector.phase_cycles = 792138
stat.node.4.injector.request_bytes = 165848
stat.node.4.injector.response_bytes = 702720
stat.node.4.injector.aggregate_bytes = 868568
stat.node.4.injector.request_gbps = 4.01986
stat.node.4.injector.response_gbps = 17.0327
stat.node.4.injector.aggregate_gbps = 21.0525
stat.node.4.llc.cxl_miss = 800
stat.node.4.llc.total_miss = 800
stat.node.4.llc.avg_miss_lat = 814.222
stat.node.4.llc.avg_cxl_lat = 814.222
stat.node.4.llc.miss_lat_hist_bin_ns = 10
stat.node.4.llc.miss_lat_hist = [0,0,0,0,0,0,0,0,0,0,0,0,0,0,0,0,0,0,0,0,0,0,0,0,0,0,0,0,0,0,0,46,52,203,383,110,6]
stat.node.4.util.dram_avg = 1.30835e-05
stat.node.4.walltime_s = 340.206
stat.node.4.active_time_s = 25.1272
stat.node.6.cpu.0.load_issue_to_complete_count = 799
stat.node.6.cpu.0.avg_load_issue_to_complete_lat = 993.91
stat.node.6.injector.phase_cycles = 796029
stat.node.6.injector.request_bytes = 166736
stat.node.6.injector.response_bytes = 706112
stat.node.6.injector.aggregate_bytes = 872848
stat.node.6.injector.request_gbps = 4.02163
stat.node.6.injector.response_gbps = 17.0312
stat.node.6.injector.aggregate_gbps = 21.0529
stat.node.6.llc.cxl_miss = 800
stat.node.6.llc.total_miss = 800
stat.node.6.llc.avg_miss_lat = 819.14
stat.node.6.llc.avg_cxl_lat = 819.14
stat.node.6.llc.miss_lat_hist_bin_ns = 10
stat.node.6.llc.miss_lat_hist = [0,0,0,0,0,0,0,0,0,0,0,0,0,0,0,0,0,0,0,0,0,0,0,0,0,0,0,0,0,0,0,5,21,179,508,82,5]
stat.node.6.util.dram_avg = 1.3065e-05
stat.node.6.walltime_s = 340.324
stat.node.6.active_time_s = 29.9238
stat.node.1.cpu.0.load_issue_to_complete_count = 799
stat.node.1.cpu.0.avg_load_issue_to_complete_lat = 993.563
stat.node.1.injector.phase_cycles = 795729
stat.node.1.injector.request_bytes = 166640
stat.node.1.injector.response_bytes = 705856
stat.node.1.injector.aggregate_bytes = 872496
stat.node.1.injector.request_gbps = 4.02083
stat.node.1.injector.response_gbps = 17.0315
stat.node.1.injector.aggregate_gbps = 21.0523
stat.node.1.llc.cxl_miss = 800
stat.node.1.llc.total_miss = 800
stat.node.1.llc.avg_miss_lat = 818.835
stat.node.1.llc.avg_cxl_lat = 818.835
stat.node.1.llc.miss_lat_hist_bin_ns = 10
stat.node.1.llc.miss_lat_hist = [0,0,0,0,0,0,0,0,0,0,0,0,0,0,0,0,0,0,0,0,0,0,0,0,0,0,0,0,0,0,1,8,28,193,454,111,5]
stat.node.1.util.dram_avg = 1.30609e-05
stat.node.1.walltime_s = 340.365
stat.node.1.active_time_s = 25.1158
stat.node.2.cpu.0.load_issue_to_complete_count = 799
stat.node.2.cpu.0.avg_load_issue_to_complete_lat = 993.217
stat.node.2.injector.phase_cycles = 795454
stat.node.2.injector.request_bytes = 166608
stat.node.2.injector.response_bytes = 705600
stat.node.2.injector.aggregate_bytes = 872208
stat.node.2.injector.request_gbps = 4.02144
stat.node.2.injector.response_gbps = 17.0312
stat.node.2.injector.aggregate_gbps = 21.0526
stat.node.2.llc.cxl_miss = 800
stat.node.2.llc.total_miss = 800
stat.node.2.llc.avg_miss_lat = 818.299
stat.node.2.llc.avg_cxl_lat = 818.299
stat.node.2.llc.miss_lat_hist_bin_ns = 10
stat.node.2.llc.miss_lat_hist = [0,0,0,0,0,0,0,0,0,0,0,0,0,0,0,0,0,0,0,0,0,0,0,0,0,0,0,0,0,0,0,15,29,200,427,126,2,1]
stat.node.2.util.dram_avg = 1.30583e-05
stat.node.2.walltime_s = 340.428
stat.node.2.active_time_s = 26.3566
stat.node.0.cpu.0.load_issue_to_complete_count = 799
stat.node.0.cpu.0.avg_load_issue_to_complete_lat = 993.191
stat.node.0.injector.phase_cycles = 795433
stat.node.0.injector.request_bytes = 166600
stat.node.0.injector.response_bytes = 705600
stat.node.0.injector.aggregate_bytes = 872200
stat.node.0.injector.request_gbps = 4.02136
stat.node.0.injector.response_gbps = 17.0316
stat.node.0.injector.aggregate_gbps = 21.053
stat.node.0.llc.cxl_miss = 800
stat.node.0.llc.total_miss = 800
stat.node.0.llc.avg_miss_lat = 818.436
stat.node.0.llc.avg_cxl_lat = 818.436
stat.node.0.llc.miss_lat_hist_bin_ns = 10
stat.node.0.llc.miss_lat_hist = [0,0,0,0,0,0,0,0,0,0,0,0,0,0,0,0,0,0,0,0,0,0,0,0,0,0,0,0,0,0,0,6,20,206,479,84,5]
stat.node.0.util.dram_avg = 1.30568e-05
stat.node.0.walltime_s = 340.461
stat.node.0.active_time_s = 27.4373
stat.node.7.cpu.0.load_issue_to_complete_count = 799
stat.node.7.cpu.0.avg_load_issue_to_complete_lat = 993.974
stat.node.7.injector.phase_cycles = 796058
stat.node.7.injector.request_bytes = 166736
stat.node.7.injector.response_bytes = 706176
stat.node.7.injector.aggregate_bytes = 872912
stat.node.7.injector.request_gbps = 4.02148
stat.node.7.injector.response_gbps = 17.0321
stat.node.7.injector.aggregate_gbps = 21.0536
stat.node.7.llc.cxl_miss = 800
stat.node.7.llc.total_miss = 800
stat.node.7.llc.avg_miss_lat = 819.129
stat.node.7.llc.avg_cxl_lat = 819.129
stat.node.7.llc.miss_lat_hist_bin_ns = 10
stat.node.7.llc.miss_lat_hist = [0,0,0,0,0,0,0,0,0,0,0,0,0,0,0,0,0,0,0,0,0,0,0,0,0,0,0,0,0,0,0,5,21,182,512,77,3]
stat.node.7.util.dram_avg = 1.30554e-05
stat.node.7.walltime_s = 340.489
stat.node.7.active_time_s = 29.2973
stat.node.5.cpu.0.load_issue_to_complete_count = 799
stat.node.5.cpu.0.avg_load_issue_to_complete_lat = 994.004
stat.node.5.injector.phase_cycles = 796083
stat.node.5.injector.request_bytes = 166736
stat.node.5.injector.response_bytes = 706176
stat.node.5.injector.aggregate_bytes = 872912
stat.node.5.injector.request_gbps = 4.02135
stat.node.5.injector.response_gbps = 17.0316
stat.node.5.injector.aggregate_gbps = 21.053
stat.node.5.llc.cxl_miss = 800
stat.node.5.llc.total_miss = 800
stat.node.5.llc.avg_miss_lat = 819.22
stat.node.5.llc.avg_cxl_lat = 819.22
stat.node.5.llc.miss_lat_hist_bin_ns = 10
stat.node.5.llc.miss_lat_hist = [0,0,0,0,0,0,0,0,0,0,0,0,0,0,0,0,0,0,0,0,0,0,0,0,0,0,0,0,0,0,0,13,20,166,500,98,2,1]
stat.node.5.util.dram_avg = 1.30538e-05
stat.node.5.walltime_s = 340.494
stat.node.5.active_time_s = 27.6916
stat.pool.102.util.mem_avg = 0.207843
stat.pool.102.util.req_link_avg = 0.431772
stat.pool.102.walltime_s = 340.494
stat.pool.102.active_time_s = 0.864248
stat.pool.101.util.mem_avg = 0.207843
stat.pool.101.util.req_link_avg = 0.431773
stat.pool.101.walltime_s = 340.494
stat.pool.101.active_time_s = 0.9408
stat.pool.100.util.mem_avg = 0.207845
stat.pool.100.util.req_link_avg = 0.431774
stat.pool.100.walltime_s = 340.494
stat.pool.100.active_time_s = 1.0116
stat.switch.replicated_messages = 67944
stat.switch.util.node_ingress_avg = 0.0849626
stat.switch.util.pool_ingress_avg = 0.991023
stat.switch.bw.host_to_switch_gbps = 4.17621
stat.switch.bw.switch_to_host_gbps = 18.2665
stat.switch.bw.host_link_total_gbps = 22.4428
stat.switch.walltime_s = 340.494
stat.switch.active_time_s = 3.96726
Simulation is complete, simulated time: 766.672 us
