stat.node.6.cpu.0.retired = 807
stat.node.6.cpu.0.cycles = 1000000
stat.node.7.cpu.0.retired = 807
stat.node.7.cpu.0.cycles = 1000000
stat.node.0.cpu.0.retired = 807
stat.node.0.cpu.0.cycles = 1000000
stat.node.1.cpu.0.retired = 807
stat.node.1.cpu.0.cycles = 1000000
stat.node.2.cpu.0.retired = 807
stat.node.2.cpu.0.cycles = 1000000
stat.node.3.cpu.0.retired = 807
stat.node.3.cpu.0.cycles = 1000000
stat.node.4.cpu.0.retired = 807
stat.node.4.cpu.0.cycles = 1000000
stat.node.5.cpu.0.retired = 807
stat.node.5.cpu.0.cycles = 1000000
stat.node.6.cpu.0.load_issue_to_complete_count = 799
stat.node.6.cpu.0.avg_load_issue_to_complete_lat = 942.717
stat.node.6.injector.phase_cycles = 755055
stat.node.6.injector.request_bytes = 239184
stat.node.6.injector.response_bytes = 26176
stat.node.6.injector.aggregate_bytes = 265360
stat.node.6.injector.request_gbps = 6.08212
stat.node.6.injector.response_gbps = 0.665619
stat.node.5.cpu.0.load_issue_to_complete_count = 799
stat.node.5.cpu.0.avg_load_issue_to_complete_lat = 942.717
stat.node.5.injector.phase_cycles = 755055
stat.node.5.injector.request_bytes = 239184
stat.node.5.injector.response_bytes = 26176
stat.node.5.injector.aggregate_bytes = 265360
stat.node.7.cpu.0.load_issue_to_complete_count = 799
stat.node.7.cpu.0.avg_load_issue_to_complete_lat = 942.717
stat.node.7.injector.phase_cycles = 755055
stat.node.7.injector.request_bytes = 239184
stat.node.7.injector.response_bytes = 26176
stat.node.7.injector.aggregate_bytes = 265360
stat.node.7.injector.request_gbps = 6.08212
stat.node.7.injector.response_gbps = 0.665619
stat.node.7.injector.aggregate_gbps = 6.74774
stat.node.7.llc.cxl_miss = 800
stat.node.7.llc.total_miss = 800
stat.node.7.llc.avg_miss_lat = 768.699
stat.node.7.llc.avg_cxl_lat = 768.699
stat.node.0.cpu.0.load_issue_to_complete_count = 799
stat.node.0.cpu.0.avg_load_issue_to_complete_lat = 942.717
stat.node.0.injector.phase_cycles = 755055
stat.node.0.injector.request_bytes = 239184
stat.node.0.injector.response_bytes = 26176
stat.node.0.injector.aggregate_bytes = 265360
stat.node.0.injector.request_gbps = 6.08212
stat.node.0.injector.response_gbps = 0.665619
stat.node.0.injector.aggregate_gbps = 6.74774
stat.node.0.llc.cxl_miss = 800
stat.node.0.llc.total_miss = 800
stat.node.0.llc.avg_miss_lat = 768.699
stat.node.0.llc.avg_cxl_lat = 768.699
stat.node.0.llc.miss_lat_hist_bin_ns = 10
stat.node.0.llc.miss_lat_hist = [0,0,0,0,0,0,0,0,0,0,0,0,0,0,0,0,0,0,0,0,0,0,0,0,0,0,0,0,0,0,0,159,641]
stat.node.0.util.dram_avg = 1.37303e-05
stat.node.0.walltime_s = 236.632
stat.node.1.cpu.0.load_issue_to_complete_count = 799
stat.node.1.cpu.0.avg_load_issue_to_complete_lat = 942.717
stat.node.1.injector.phase_cycles = 755055
stat.node.1.injector.request_bytes = 239184
stat.node.1.injector.response_bytes = 26176
stat.node.1.injector.aggregate_bytes = 265360
stat.node.1.injector.request_gbps = 6.08212
stat.node.1.injector.response_gbps = 0.665619
stat.node.1.injector.aggregate_gbps = 6.74774
stat.node.1.llc.cxl_miss = 800
stat.node.1.llc.total_miss = 800
stat.node.1.llc.avg_miss_lat = 768.699
stat.node.1.llc.avg_cxl_lat = 768.699
stat.node.1.llc.miss_lat_hist_bin_ns = 10
stat.node.1.llc.miss_lat_hist = [0,0,0,0,0,0,0,0,0,0,0,0,0,0,0,0,0,0,0,0,0,0,0,0,0,0,0,0,0,0,0,159,641]
stat.node.1.util.dram_avg = 1.37303e-05
stat.node.1.walltime_s = 236.616
stat.node.1.active_time_s = 25.7463
stat.node.4.cpu.0.load_issue_to_complete_count = 799
stat.node.5.injector.request_gbps = 6.08212
stat.node.5.injector.response_gbps = 0.665619
stat.node.5.injector.aggregate_gbps = 6.74774
stat.node.5.llc.cxl_miss = 800
stat.node.5.llc.total_miss = 800
stat.node.5.llc.avg_miss_lat = 768.699
stat.node.5.llc.avg_cxl_lat = 768.699
stat.node.5.llc.miss_lat_hist_bin_ns = 10
stat.node.7.llc.miss_lat_hist_bin_ns = 10
stat.node.0.active_time_s = 23.1177
stat.node.5.llc.miss_lat_hist = [0,0,0,0,0,0,0,0,0,0,0,0,0,0,0,0,0,0,0,0,0,0,0,0,0,0,0,0,0,0,0,159,641]
stat.node.5.util.dram_avg = 1.37303e-05
stat.node.5.walltime_s = 236.628
stat.node.5.active_time_s = 26.7802
stat.node.7.llc.miss_lat_hist = [0,0,0,0,0,0,0,0,0,0,0,0,0,0,0,0,0,0,0,0,0,0,0,0,0,0,0,0,0,0,0,159,641]
stat.node.7.util.dram_avg = 1.37303e-05
stat.node.7.walltime_s = 236.632
stat.node.7.active_time_s = 24.4666
stat.node.6.injector.aggregate_gbps = 6.74774
stat.node.6.llc.cxl_miss = 800
stat.node.6.llc.total_miss = 800
stat.node.6.llc.avg_miss_lat = 768.699
stat.node.6.llc.avg_cxl_lat = 768.699
stat.node.6.llc.miss_lat_hist_bin_ns = 10
stat.node.6.llc.miss_lat_hist = [0,0,0,0,0,0,0,0,0,0,0,0,0,0,0,0,0,0,0,0,0,0,0,0,0,0,0,0,0,0,0,159,641]
stat.node.6.util.dram_avg = 1.37303e-05
stat.node.6.walltime_s = 236.634
stat.node.6.active_time_s = 26.0107
stat.node.4.cpu.0.avg_load_issue_to_complete_lat = 942.717
stat.node.4.injector.phase_cycles = 755055
stat.node.4.injector.request_bytes = 239184
stat.node.4.injector.response_bytes = 26176
stat.node.4.injector.aggregate_bytes = 265360
stat.node.4.injector.request_gbps = 6.08212
stat.node.4.injector.response_gbps = 0.665619
stat.node.4.injector.aggregate_gbps = 6.74774
stat.node.4.llc.cxl_miss = 800
stat.node.4.llc.total_miss = 800
stat.node.4.llc.avg_miss_lat = 768.699
stat.node.4.llc.avg_cxl_lat = 768.699
stat.node.4.llc.miss_lat_hist_bin_ns = 10
stat.node.4.llc.miss_lat_hist = [0,0,0,0,0,0,0,0,0,0,0,0,0,0,0,0,0,0,0,0,0,0,0,0,0,0,0,0,0,0,0,159,641]
stat.node.4.util.dram_avg = 1.37303e-05
stat.node.4.walltime_s = 236.648
stat.node.4.active_time_s = 23.6045
stat.node.2.cpu.0.load_issue_to_complete_count = 799
stat.node.2.cpu.0.avg_load_issue_to_complete_lat = 942.717
stat.node.2.injector.phase_cycles = 755055
stat.node.2.injector.request_bytes = 239184
stat.node.2.injector.response_bytes = 26176
stat.node.2.injector.aggregate_bytes = 265360
stat.node.3.cpu.0.load_issue_to_complete_count = 799
stat.node.3.cpu.0.avg_load_issue_to_complete_lat = 942.717
stat.node.3.injector.phase_cycles = 755055
stat.node.3.injector.request_bytes = 239184
stat.node.3.injector.response_bytes = 26176
stat.node.3.injector.aggregate_bytes = 265360
stat.node.3.injector.request_gbps = 6.08212
stat.node.3.injector.response_gbps = 0.665619
stat.node.3.injector.aggregate_gbps = 6.74774
stat.node.3.llc.cxl_miss = 800
stat.node.3.llc.total_miss = 800
stat.node.3.llc.avg_miss_lat = 768.668
stat.node.3.llc.avg_cxl_lat = 768.668
stat.node.3.llc.miss_lat_hist_bin_ns = 10
stat.node.2.injector.request_gbps = 6.08212
stat.node.2.injector.response_gbps = 0.665619
stat.node.2.injector.aggregate_gbps = 6.74774
stat.node.2.llc.cxl_miss = 800
stat.node.2.llc.total_miss = 800
stat.node.2.llc.avg_miss_lat = 768.699
stat.node.2.llc.avg_cxl_lat = 768.699
stat.node.2.llc.miss_lat_hist_bin_ns = 10
stat.node.2.llc.miss_lat_hist = [0,0,0,0,0,0,0,0,0,0,0,0,0,0,0,0,0,0,0,0,0,0,0,0,0,0,0,0,0,0,0,159,641]
stat.node.2.util.dram_avg = 1.37301e-05
stat.node.2.walltime_s = 236.813
stat.node.2.active_time_s = 25.2047
stat.node.3.llc.miss_lat_hist = [0,0,0,0,0,0,0,0,0,0,0,0,0,0,0,0,0,0,0,0,0,0,0,0,0,0,0,0,0,0,15,176,577,32]
stat.node.3.util.dram_avg = 1.37301e-05
stat.node.3.walltime_s = 236.813
stat.node.3.active_time_s = 29.1274
stat.pool.105.util.mem_avg = 0.164713
stat.pool.105.util.req_link_avg = 0.982765
stat.pool.105.walltime_s = 236.813
stat.pool.105.active_time_s = 0.679318
stat.pool.104.util.mem_avg = 0.164713
stat.pool.104.util.req_link_avg = 0.982765
stat.pool.104.walltime_s = 236.813
stat.pool.104.active_time_s = 0.634515
stat.pool.103.util.mem_avg = 0.164713
stat.pool.103.util.req_link_avg = 0.982766
stat.pool.103.walltime_s = 236.813
stat.pool.103.active_time_s = 0.61977
stat.pool.102.util.mem_avg = 0.164713
stat.pool.102.util.req_link_avg = 0.982766
stat.pool.102.walltime_s = 236.813
stat.pool.102.active_time_s = 0.648334
stat.pool.101.util.mem_avg = 0.164715
stat.pool.101.util.req_link_avg = 0.982767
stat.pool.101.walltime_s = 236.813
stat.pool.101.active_time_s = 0.625185
stat.pool.100.util.mem_avg = 0.164715
stat.pool.100.util.req_link_avg = 0.982767
stat.pool.100.walltime_s = 236.813
stat.pool.100.active_time_s = 0.711945
stat.switch.replicated_messages = 409536
stat.switch.util.node_ingress_avg = 0.127039
stat.switch.util.pool_ingress_avg = 0.0534518
stat.switch.bw.host_to_switch_gbps = 6.24491
stat.switch.bw.switch_to_host_gbps = 1.97045
stat.switch.bw.host_link_total_gbps = 8.21536
stat.switch.walltime_s = 236.813
stat.switch.active_time_s = 3.77766
Simulation is complete, simulated time: 728.912 us
