stat.node.5.cpu.0.retired = 664
stat.node.5.cpu.0.cycles = 1000000
stat.node.6.cpu.0.retired = 664
stat.node.6.cpu.0.cycles = 1000000
stat.node.7.cpu.0.retired = 665
stat.node.7.cpu.0.cycles = 1000000
stat.node.0.cpu.0.retired = 662
stat.node.0.cpu.0.cycles = 1000000
stat.node.1.cpu.0.retired = 662
stat.node.1.cpu.0.cycles = 1000000
stat.node.2.cpu.0.retired = 663
stat.node.2.cpu.0.cycles = 1000000
stat.node.3.cpu.0.retired = 663
stat.node.3.cpu.0.cycles = 1000000
stat.node.4.cpu.0.retired = 662
stat.node.4.cpu.0.cycles = 1000000
stat.node.0.cpu.0.retired = 1441
stat.node.0.cpu.0.cycles = 2000000
stat.node.1.cpu.0.retired = 1464
stat.node.1.cpu.0.cycles = 2000000
stat.node.2.cpu.0.retired = 1444
stat.node.2.cpu.0.cycles = 2000000
stat.node.3.cpu.0.retired = 1462
stat.node.3.cpu.0.cycles = 2000000
stat.node.5.cpu.0.retired = 1443
stat.node.5.cpu.0.cycles = 2000000
stat.node.6.cpu.0.retired = 1454
stat.node.6.cpu.0.cycles = 2000000
stat.node.4.cpu.0.retired = 1448
stat.node.4.cpu.0.cycles = 2000000
stat.node.7.cpu.0.retired = 1443
stat.node.7.cpu.0.cycles = 2000000
stat.node.1.cpu.0.load_issue_to_complete_count = 799
stat.node.1.cpu.0.avg_load_issue_to_complete_lat = 1224.36
stat.node.1.injector.phase_cycles = 980376
stat.node.1.injector.request_bytes = 327432
stat.node.1.injector.response_bytes = 133184
stat.node.1.injector.aggregate_bytes = 460616
stat.node.1.injector.request_gbps = 6.41253
stat.node.1.injector.response_gbps = 2.60832
stat.node.1.injector.aggregate_gbps = 9.02085
stat.node.1.llc.cxl_miss = 800
stat.node.1.llc.total_miss = 800
stat.node.1.llc.avg_miss_lat = 1045.76
stat.node.1.llc.avg_cxl_lat = 1045.76
stat.node.1.llc.miss_lat_hist_bin_ns = 10
stat.node.1.llc.miss_lat_hist = [0,0,0,0,0,0,0,0,0,0,0,0,0,0,0,0,0,0,0,0,0,0,0,0,0,0,0,0,0,0,0,0,0,0,0,0,0,0,0,0,4,73,228,268,106,54,30,17,9,6,4,1]
stat.node.1.util.dram_avg = 1.11049e-05
stat.node.1.walltime_s = 28.0482
stat.node.1.active_time_s = 12.6736
stat.node.3.cpu.0.load_issue_to_complete_count = 799
stat.node.3.cpu.0.avg_load_issue_to_complete_lat = 1231.02
stat.node.3.injector.phase_cycles = 985670
stat.node.3.injector.request_bytes = 329256
stat.node.3.injector.response_bytes = 133952
stat.node.3.injector.aggregate_bytes = 463208
stat.node.3.injector.request_gbps = 6.41362
stat.node.3.injector.response_gbps = 2.60927
stat.node.3.injector.aggregate_gbps = 9.02289
stat.node.3.llc.cxl_miss = 800
stat.node.3.llc.total_miss = 800
stat.node.3.llc.avg_miss_lat = 1052.28
stat.node.3.llc.avg_cxl_lat = 1052.28
stat.node.3.llc.miss_lat_hist_bin_ns = 10
stat.node.3.llc.miss_lat_hist = [0,0,0,0,0,0,0,0,0,0,0,0,0,0,0,0,0,0,0,0,0,0,0,0,0,0,0,0,0,0,0,0,0,0,0,0,0,0,0,0,11,47,200,272,102,61,44,34,16,7,5,1]
stat.node.3.util.dram_avg = 1.1084e-05
stat.node.3.walltime_s = 28.0988
stat.node.3.active_time_s = 12.7942
stat.node.6.cpu.0.load_issue_to_complete_count = 799
stat.node.6.cpu.0.avg_load_issue_to_complete_lat = 1248.98
stat.node.6.injector.phase_cycles = 1000022
stat.node.6.injector.request_bytes = 334112
stat.node.6.injector.response_bytes = 135872
stat.node.6.injector.aggregate_bytes = 469984
stat.node.6.injector.request_gbps = 6.41481
stat.node.6.injector.response_gbps = 2.60869
stat.node.6.injector.aggregate_gbps = 9.02349
stat.node.6.llc.cxl_miss = 800
stat.node.6.llc.total_miss = 800
stat.node.6.llc.avg_miss_lat = 1070.33
stat.node.6.llc.avg_cxl_lat = 1070.33
stat.node.6.llc.miss_lat_hist_bin_ns = 10
stat.node.6.llc.miss_lat_hist = [0,0,0,0,0,0,0,0,0,0,0,0,0,0,0,0,0,0,0,0,0,0,0,0,0,0,0,0,0,0,0,0,0,0,0,0,0,0,0,0,6,64,147,174,117,80,70,53,45,29,12,1,1,1]
stat.node.6.util.dram_avg = 1.1008e-05
stat.node.6.walltime_s = 28.3111
stat.node.6.active_time_s = 12.7254
stat.node.4.cpu.0.load_issue_to_complete_count = 799
stat.node.4.cpu.0.avg_load_issue_to_complete_lat = 1251.98
stat.node.4.injector.phase_cycles = 1002519
stat.node.4.injector.request_bytes = 334920
stat.node.4.injector.response_bytes = 136256
stat.node.4.injector.aggregate_bytes = 471176
stat.node.4.injector.request_gbps = 6.41431
stat.node.4.injector.response_gbps = 2.60954
stat.node.4.injector.aggregate_gbps = 9.02385
stat.node.4.llc.cxl_miss = 800
stat.node.4.llc.total_miss = 800
stat.node.4.llc.avg_miss_lat = 1073.34
stat.node.4.llc.avg_cxl_lat = 1073.34
stat.node.4.llc.miss_lat_hist_bin_ns = 10
stat.node.4.llc.miss_lat_hist = [0,0,0,0,0,0,0,0,0,0,0,0,0,0,0,0,0,0,0,0,0,0,0,0,0,0,0,0,0,0,0,0,0,0,0,0,0,0,0,0,24,66,119,140,124,74,84,71,65,20,5,4,3,1]
stat.node.4.util.dram_avg = 1.09832e-05
stat.node.4.walltime_s = 28.3723
stat.node.4.active_time_s = 12.8198
stat.node.2.cpu.0.load_issue_to_complete_count = 799
stat.node.2.cpu.0.avg_load_issue_to_complete_lat = 1255.14
stat.node.2.injector.phase_cycles = 1004991
stat.node.2.injector.request_bytes = 335656
stat.node.2.injector.response_bytes = 136512
stat.node.2.injector.aggregate_bytes = 472168
stat.node.2.injector.request_gbps = 6.41259
stat.node.2.injector.response_gbps = 2.60801
stat.node.2.injector.aggregate_gbps = 9.0206
stat.node.2.llc.cxl_miss = 800
stat.node.2.llc.total_miss = 800
stat.node.2.llc.avg_miss_lat = 1076.3
stat.node.2.llc.avg_cxl_lat = 1076.3
stat.node.2.llc.miss_lat_hist_bin_ns = 10
stat.node.2.llc.miss_lat_hist = [0,0,0,0,0,0,0,0,0,0,0,0,0,0,0,0,0,0,0,0,0,0,0,0,0,0,0,0,0,0,0,0,0,0,0,0,0,0,0,0,20,66,115,141,108,85,71,82,77,21,8,4,1,0,0,1]
stat.node.2.util.dram_avg = 1.09584e-05
stat.node.2.walltime_s = 28.4313
stat.node.2.active_time_s = 12.8204
stat.node.5.cpu.0.load_issue_to_complete_count = 799
stat.node.5.cpu.0.avg_load_issue_to_complete_lat = 1259.46
stat.node.5.injector.phase_cycles = 1008435
stat.node.5.injector.request_bytes = 336808
stat.node.5.injector.response_bytes = 137024
stat.node.5.injector.aggregate_bytes = 473832
stat.node.5.injector.request_gbps = 6.41262
stat.node.5.injector.response_gbps = 2.60886
stat.node.5.injector.aggregate_gbps = 9.02148
stat.node.5.llc.cxl_miss = 800
stat.node.5.llc.total_miss = 800
stat.node.5.llc.avg_miss_lat = 1080.49
stat.node.5.llc.avg_cxl_lat = 1080.49
stat.node.5.llc.miss_lat_hist_bin_ns = 10
stat.node.5.llc.miss_lat_hist = [0,0,0,0,0,0,0,0,0,0,0,0,0,0,0,0,0,0,0,0,0,0,0,0,0,0,0,0,0,0,0,0,0,0,0,0,0,0,0,0,12,45,111,158,111,73,78,99,74,27,6,4,2]
stat.node.5.util.dram_avg = 1.09443e-05
stat.node.5.walltime_s = 28.4661
stat.node.5.active_time_s = 12.8881
stat.node.7.cpu.0.load_issue_to_complete_count = 799
stat.node.7.cpu.0.avg_load_issue_to_complete_lat = 1263.35
stat.node.7.injector.phase_cycles = 1011641
stat.node.7.injector.request_bytes = 337952
stat.node.7.injector.response_bytes = 137408
stat.node.7.injector.aggregate_bytes = 475360
stat.node.7.injector.request_gbps = 6.41401
stat.node.7.injector.response_gbps = 2.60788
stat.node.7.injector.aggregate_gbps = 9.02189
stat.node.7.llc.cxl_miss = 800
stat.node.7.llc.total_miss = 800
stat.node.7.llc.avg_miss_lat = 1084.47
stat.node.7.llc.avg_cxl_lat = 1084.47
stat.node.7.llc.miss_lat_hist_bin_ns = 10
stat.node.7.llc.miss_lat_hist = [0,0,0,0,0,0,0,0,0,0,0,0,0,0,0,0,0,0,0,0,0,0,0,0,0,0,0,0,0,0,0,0,0,0,0,0,0,0,0,0,21,67,101,115,83,80,93,105,89,29,7,5,3,0,1,1]
stat.node.7.util.dram_avg = 1.09386e-05
stat.node.7.walltime_s = 28.4807
stat.node.7.active_time_s = 13.07
stat.pool.107.util.mem_avg = 0.17034
stat.pool.107.util.req_link_avg = 0.999716
stat.pool.107.walltime_s = 28.5172
stat.pool.107.active_time_s = 0.347615
stat.pool.106.util.mem_avg = 0.170347
stat.pool.106.util.req_link_avg = 0.999718
stat.pool.106.walltime_s = 28.5172
stat.pool.106.active_time_s = 0.350225
stat.pool.105.util.mem_avg = 0.170343
stat.pool.105.util.req_link_avg = 0.999715
stat.pool.105.walltime_s = 28.5172
stat.pool.105.active_time_s = 0.349701
stat.pool.104.util.mem_avg = 0.170344
stat.pool.104.util.req_link_avg = 0.999719
stat.pool.104.walltime_s = 28.5172
stat.pool.104.active_time_s = 0.359724
stat.pool.103.util.mem_avg = 0.170354
stat.pool.103.util.req_link_avg = 0.999724
stat.pool.103.walltime_s = 28.5172
stat.pool.103.active_time_s = 0.359627
stat.pool.102.util.mem_avg = 0.170346
stat.pool.102.util.req_link_avg = 0.999717
stat.pool.102.walltime_s = 28.5172
stat.pool.102.active_time_s = 0.357989
stat.pool.101.util.mem_avg = 0.170358
stat.pool.101.util.req_link_avg = 0.999726
stat.pool.101.walltime_s = 28.5172
stat.pool.101.active_time_s = 0.356751
stat.pool.100.util.mem_avg = 0.170347
stat.pool.100.util.req_link_avg = 0.999721
stat.pool.100.walltime_s = 28.5172
stat.pool.100.active_time_s = 0.377562
stat.switch.replicated_messages = 696408
stat.switch.util.node_ingress_avg = 0.133129
stat.switch.util.pool_ingress_avg = 0.0742991
stat.switch.bw.host_to_switch_gbps = 6.54384
stat.switch.bw.switch_to_host_gbps = 3.65192
stat.switch.bw.host_link_total_gbps = 10.1958
stat.switch.walltime_s = 28.5172
stat.switch.active_time_s = 2.50208
stat.node.0.cpu.0.load_issue_to_complete_count = 799
stat.node.0.cpu.0.avg_load_issue_to_complete_lat = 1264.41
stat.node.0.injector.phase_cycles = 1012457
stat.node.0.injector.request_bytes = 338224
stat.node.0.injector.response_bytes = 137600
stat.node.0.injector.aggregate_bytes = 475824
stat.node.0.injector.request_gbps = 6.414
stat.node.0.injector.response_gbps = 2.60941
stat.node.0.injector.aggregate_gbps = 9.02342
stat.node.0.llc.cxl_miss = 800
stat.node.0.llc.total_miss = 800
stat.node.0.llc.avg_miss_lat = 1084.94
stat.node.0.llc.avg_cxl_lat = 1084.94
stat.node.0.llc.miss_lat_hist_bin_ns = 10
stat.node.0.llc.miss_lat_hist = [0,0,0,0,0,0,0,0,0,0,0,0,0,0,0,0,0,0,0,0,0,0,0,0,0,0,0,0,0,0,0,0,0,0,0,0,0,0,0,0,6,41,116,143,122,82,77,66,84,43,10,5,2,1,1,0,1]
stat.node.0.util.dram_avg = 1.09244e-05
stat.node.0.walltime_s = 28.5171
stat.node.0.active_time_s = 12.8379
Simulation is complete, simulated time: 916.116 us
