stat.node.3.cpu.0.retired = 979
stat.node.3.cpu.0.cycles = 1000000
stat.node.4.cpu.0.retired = 978
stat.node.4.cpu.0.cycles = 1000000
stat.node.5.cpu.0.retired = 979
stat.node.5.cpu.0.cycles = 1000000
stat.node.6.cpu.0.retired = 979
stat.node.6.cpu.0.cycles = 1000000
stat.node.7.cpu.0.retired = 979
stat.node.7.cpu.0.cycles = 1000000
stat.node.0.cpu.0.retired = 979
stat.node.0.cpu.0.cycles = 1000000
stat.node.1.cpu.0.retired = 978
stat.node.1.cpu.0.cycles = 1000000
stat.node.2.cpu.0.retired = 978
stat.node.2.cpu.0.cycles = 1000000
stat.node.7.cpu.0.retired = 2247
stat.node.7.cpu.0.cycles = 2000000
stat.node.0.cpu.0.retired = 2247
stat.node.0.cpu.0.cycles = 2000000
stat.node.1.cpu.0.retired = 2247
stat.node.1.cpu.0.cycles = 2000000
stat.node.3.cpu.0.retired = 2247
stat.node.3.cpu.0.cycles = 2000000
stat.node.4.cpu.0.retired = 2241
stat.node.4.cpu.0.cycles = 2000000
stat.node.5.cpu.0.retired = 2247
stat.node.5.cpu.0.cycles = 2000000
stat.node.6.cpu.0.retired = 2247
stat.node.6.cpu.0.cycles = 2000000
stat.node.2.cpu.0.retired = 2241
stat.node.2.cpu.0.cycles = 2000000
stat.node.5.cpu.0.retired = 3594
stat.node.5.cpu.0.cycles = 3000000
stat.node.2.cpu.0.retired = 3576
stat.node.2.cpu.0.cycles = 3000000
stat.node.6.cpu.0.retired = 3594
stat.node.6.cpu.0.cycles = 3000000
stat.node.7.cpu.0.retired = 3593
stat.node.7.cpu.0.cycles = 3000000
stat.node.0.cpu.0.retired = 3594
stat.node.0.cpu.0.cycles = 3000000
stat.node.1.cpu.0.retired = 3595
stat.node.1.cpu.0.cycles = 3000000
stat.node.3.cpu.0.retired = 3596
stat.node.3.cpu.0.cycles = 3000000
stat.node.4.cpu.0.retired = 3576
stat.node.4.cpu.0.cycles = 3000000
stat.node.3.cpu.0.retired = 4987
stat.node.3.cpu.0.cycles = 4000000
stat.node.5.cpu.0.retired = 4982
stat.node.5.cpu.0.cycles = 4000000
stat.node.4.cpu.0.retired = 4948
stat.node.4.cpu.0.cycles = 4000000
stat.node.2.cpu.0.retired = 4948
stat.node.2.cpu.0.cycles = 4000000
stat.node.6.cpu.0.retired = 4983
stat.node.6.cpu.0.cycles = 4000000
stat.node.7.cpu.0.retired = 4975
stat.node.7.cpu.0.cycles = 4000000
stat.node.0.cpu.0.retired = 4983
stat.node.0.cpu.0.cycles = 4000000
stat.node.1.cpu.0.retired = 4989
stat.node.1.cpu.0.cycles = 4000000
stat.node.1.cpu.0.load_issue_to_complete_count = 3999
stat.node.1.cpu.0.avg_load_issue_to_complete_lat = 746.615
stat.node.1.injector.phase_cycles = 2990723
stat.node.1.injector.request_bytes = 233656
stat.node.1.injector.response_bytes = 623040
stat.node.1.injector.aggregate_bytes = 856696
stat.node.1.injector.request_gbps = 1.50004
stat.node.1.injector.response_gbps = 3.99982
stat.node.1.injector.aggregate_gbps = 5.49986
stat.node.1.llc.cxl_miss = 4000
stat.node.1.llc.total_miss = 4000
stat.node.1.llc.avg_miss_lat = 638.929
stat.node.1.llc.avg_cxl_lat = 638.929
stat.node.1.llc.miss_lat_hist_bin_ns = 10
stat.node.1.llc.miss_lat_hist = [0,0,0,0,0,0,0,0,0,0,0,0,0,0,0,0,0,0,0,0,0,0,0,0,0,0,3471,54,26,182,142,63,42,20]
stat.node.1.util.dram_avg = 5.98801e-06
stat.node.1.walltime_s = 59.3843
stat.node.1.active_time_s = 23.8815
stat.node.3.cpu.0.load_issue_to_complete_count = 3999
stat.node.3.cpu.0.avg_load_issue_to_complete_lat = 747.026
stat.node.3.injector.phase_cycles = 2992238
stat.node.3.injector.request_bytes = 233768
stat.node.3.injector.response_bytes = 623424
stat.node.3.injector.aggregate_bytes = 857192
stat.node.3.injector.request_gbps = 1.5
stat.node.3.injector.response_gbps = 4.00026
stat.node.3.injector.aggregate_gbps = 5.50026
stat.node.3.llc.cxl_miss = 4000
stat.node.3.llc.total_miss = 4000
stat.node.3.llc.avg_miss_lat = 639.333
stat.node.3.llc.avg_cxl_lat = 639.333
stat.node.3.llc.miss_lat_hist_bin_ns = 10
stat.node.3.llc.miss_lat_hist = [0,0,0,0,0,0,0,0,0,0,0,0,0,0,0,0,0,0,0,0,0,0,0,0,0,0,3502,29,7,57,294,49,34,28]
stat.node.3.util.dram_avg = 5.98606e-06
stat.node.3.walltime_s = 59.406
stat.node.3.active_time_s = 23.694
stat.node.0.cpu.0.load_issue_to_complete_count = 3999
stat.node.0.cpu.0.avg_load_issue_to_complete_lat = 747.782
stat.node.0.injector.phase_cycles = 2995260
stat.node.0.injector.request_bytes = 234032
stat.node.0.injector.response_bytes = 624000
stat.node.0.injector.aggregate_bytes = 858032
stat.node.0.injector.request_gbps = 1.50018
stat.node.0.injector.response_gbps = 3.99992
stat.node.6.cpu.0.load_issue_to_complete_count = 3999
stat.node.6.cpu.0.avg_load_issue_to_complete_lat = 747.782
stat.node.6.injector.phase_cycles = 2995260
stat.node.6.injector.request_bytes = 234032
stat.node.6.injector.response_bytes = 624000
stat.node.6.injector.aggregate_bytes = 858032
stat.node.6.injector.request_gbps = 1.50018
stat.node.6.injector.response_gbps = 3.99992
stat.node.6.injector.aggregate_gbps = 5.50009
stat.node.6.llc.cxl_miss = 4000
stat.node.6.llc.total_miss = 4000
stat.node.6.llc.avg_miss_lat = 640.113
stat.node.6.llc.avg_cxl_lat = 640.113
stat.node.6.llc.miss_lat_hist_bin_ns = 10
stat.node.6.llc.miss_lat_hist = [0,0,0,0,0,0,0,0,0,0,0,0,0,0,0,0,0,0,0,0,0,0,0,0,0,0,3507,39,7,34,188,143,46,36]
stat.node.0.injector.aggregate_gbps = 5.50009
stat.node.0.llc.cxl_miss = 4000
stat.node.0.llc.total_miss = 4000
stat.node.0.llc.avg_miss_lat = 640.084
stat.node.0.llc.avg_cxl_lat = 640.084
stat.node.0.llc.miss_lat_hist_bin_ns = 10
stat.node.0.llc.miss_lat_hist = [0,0,0,0,0,0,0,0,0,0,0,0,0,0,0,0,0,0,0,0,0,0,0,0,0,0,3515,37,16,25,174,94,122,17]
stat.node.6.util.dram_avg = 5.98156e-06
stat.node.6.walltime_s = 59.4557
stat.node.6.active_time_s = 24.4004
stat.node.0.util.dram_avg = 5.98156e-06
stat.node.0.walltime_s = 59.4557
stat.node.0.active_time_s = 24.2183
stat.node.5.cpu.0.load_issue_to_complete_count = 3999
stat.node.5.cpu.0.avg_load_issue_to_complete_lat = 747.951
stat.node.5.injector.phase_cycles = 2995938
stat.node.5.injector.request_bytes = 234056
stat.node.5.injector.response_bytes = 624192
stat.node.5.injector.aggregate_bytes = 858248
stat.node.5.injector.request_gbps = 1.49999
stat.node.5.injector.response_gbps = 4.00025
stat.node.5.injector.aggregate_gbps = 5.50023
stat.node.5.llc.cxl_miss = 4000
stat.node.5.llc.total_miss = 4000
stat.node.5.llc.avg_miss_lat = 640.249
stat.node.5.llc.avg_cxl_lat = 640.249
stat.node.5.llc.miss_lat_hist_bin_ns = 10
stat.node.5.llc.miss_lat_hist = [0,0,0,0,0,0,0,0,0,0,0,0,0,0,0,0,0,0,0,0,0,0,0,0,0,0,3525,30,7,62,166,73,53,84]
stat.node.5.util.dram_avg = 5.98055e-06
stat.node.5.walltime_s = 59.467
stat.node.5.active_time_s = 23.7136
stat.node.7.cpu.0.load_issue_to_complete_count = 3999
stat.node.7.cpu.0.avg_load_issue_to_complete_lat = 749.181
stat.node.7.injector.phase_cycles = 3000856
stat.node.7.injector.request_bytes = 234440
stat.node.7.injector.response_bytes = 625216
stat.node.7.injector.aggregate_bytes = 859656
stat.node.7.injector.request_gbps = 1.49999
stat.node.7.injector.response_gbps = 4.00024
stat.node.7.injector.aggregate_gbps = 5.50023
stat.node.7.llc.cxl_miss = 4000
stat.node.7.llc.total_miss = 4000
stat.node.7.llc.avg_miss_lat = 641.477
stat.node.7.llc.avg_cxl_lat = 641.477
stat.node.7.llc.miss_lat_hist_bin_ns = 10
stat.node.7.llc.miss_lat_hist = [0,0,0,0,0,0,0,0,0,0,0,0,0,0,0,0,0,0,0,0,0,0,0,0,0,0,3512,22,5,100,155,47,34,81,44]
stat.node.7.util.dram_avg = 5.97323e-06
stat.node.7.walltime_s = 59.548
stat.node.7.active_time_s = 24.0307
stat.node.4.cpu.0.load_issue_to_complete_count = 3999
stat.node.2.cpu.0.load_issue_to_complete_count = 3999
stat.node.2.cpu.0.avg_load_issue_to_complete_lat = 754.021
stat.node.2.injector.phase_cycles = 3020346
stat.node.2.injector.request_bytes = 235968
stat.node.4.cpu.0.avg_load_issue_to_complete_lat = 754.021
stat.node.4.injector.phase_cycles = 3020343
stat.node.4.injector.request_bytes = 235968
stat.node.4.injector.response_bytes = 629248
stat.node.4.injector.aggregate_bytes = 865216
stat.node.4.injector.request_gbps = 1.50002
stat.node.2.injector.response_bytes = 629248
stat.node.2.injector.aggregate_bytes = 865216
stat.node.2.injector.request_gbps = 1.50002
stat.node.2.injector.response_gbps = 4.00006
stat.node.2.injector.aggregate_gbps = 5.50008
stat.node.2.llc.cxl_miss = 4000
stat.node.2.llc.total_miss = 4000
stat.node.2.llc.avg_miss_lat = 646.392
stat.node.2.llc.avg_cxl_lat = 646.392
stat.node.2.llc.miss_lat_hist_bin_ns = 10
stat.node.4.injector.response_gbps = 4.00006
stat.node.4.injector.aggregate_gbps = 5.50009
stat.node.4.llc.cxl_miss = 4000
stat.node.4.llc.total_miss = 4000
stat.node.4.llc.avg_miss_lat = 646.388
stat.node.4.llc.avg_cxl_lat = 646.388
stat.node.4.llc.miss_lat_hist_bin_ns = 10
stat.node.4.llc.miss_lat_hist = [0,0,0,0,0,0,0,0,0,0,0,0,0,0,0,0,0,0,0,0,0,0,0,0,0,0,3444,28,11,42,132,76,21,52,102,92]
stat.node.4.util.dram_avg = 5.94405e-06
stat.node.4.walltime_s = 59.8742
stat.node.4.active_time_s = 24.3022
stat.node.2.llc.miss_lat_hist = [0,0,0,0,0,0,0,0,0,0,0,0,0,0,0,0,0,0,0,0,0,0,0,0,0,0,3440,29,15,38,134,62,34,61,110,77]
stat.node.2.util.dram_avg = 5.94405e-06
stat.node.2.walltime_s = 59.8742
stat.node.2.active_time_s = 24.4483
stat.pool.115.util.mem_avg = 0.0351626
stat.pool.115.util.req_link_avg = 0.16985
stat.pool.115.walltime_s = 59.8742
stat.pool.115.active_time_s = 0.581554
stat.pool.114.util.mem_avg = 0.0351626
stat.pool.114.util.req_link_avg = 0.16985
stat.pool.114.walltime_s = 59.8743
stat.pool.114.active_time_s = 0.582533
stat.pool.113.util.mem_avg = 0.0351627
stat.pool.113.util.req_link_avg = 0.16985
stat.pool.113.walltime_s = 59.8743
stat.pool.113.active_time_s = 0.576052
stat.pool.112.util.mem_avg = 0.0351627
stat.pool.112.util.req_link_avg = 0.16985
stat.pool.112.walltime_s = 59.8743
stat.pool.112.active_time_s = 0.581051
stat.switch.replicated_messages = 420480
stat.switch.util.node_ingress_avg = 0.0346034
stat.switch.util.pool_ingress_avg = 0.0570495
stat.switch.bw.host_to_switch_gbps = 1.70086
stat.switch.bw.switch_to_host_gbps = 5.6081
stat.switch.bw.host_link_total_gbps = 7.30895
stat.switch.walltime_s = 59.8743
stat.switch.active_time_s = 5.89001
stat.pool.100.util.mem_avg = 0.0351636
stat.pool.100.util.req_link_avg = 0.16985
stat.pool.100.walltime_s = 59.8743
stat.pool.100.active_time_s = 0.6513
stat.pool.101.util.mem_avg = 0.0351636
stat.pool.101.util.req_link_avg = 0.16985
stat.pool.101.walltime_s = 59.8743
stat.pool.101.active_time_s = 0.621345
stat.pool.102.util.mem_avg = 0.0351636
stat.pool.102.util.req_link_avg = 0.16985
stat.pool.102.walltime_s = 59.8743
stat.pool.102.active_time_s = 0.616207
stat.pool.103.util.mem_avg = 0.0351634
stat.pool.103.util.req_link_avg = 0.16985
stat.pool.103.walltime_s = 59.8743
stat.pool.103.active_time_s = 0.607924
stat.pool.104.util.mem_avg = 0.035163
stat.pool.104.util.req_link_avg = 0.16985
stat.pool.104.walltime_s = 59.8743
stat.pool.104.active_time_s = 0.612278
stat.pool.105.util.mem_avg = 0.035163
stat.pool.105.util.req_link_avg = 0.16985
stat.pool.105.walltime_s = 59.8743
stat.pool.105.active_time_s = 0.588562
stat.pool.106.util.mem_avg = 0.035163
stat.pool.106.util.req_link_avg = 0.16985
stat.pool.106.walltime_s = 59.8744
stat.pool.106.active_time_s = 0.582685
stat.pool.107.util.mem_avg = 0.035163
stat.pool.107.util.req_link_avg = 0.16985
stat.pool.107.walltime_s = 59.8744
stat.pool.107.active_time_s = 0.573846
stat.pool.108.util.mem_avg = 0.035163
stat.pool.108.util.req_link_avg = 0.16985
stat.pool.108.walltime_s = 59.8744
stat.pool.108.active_time_s = 0.586044
stat.pool.109.util.mem_avg = 0.035163
stat.pool.109.util.req_link_avg = 0.16985
stat.pool.109.walltime_s = 59.8744
stat.pool.109.active_time_s = 0.578777
stat.pool.110.util.mem_avg = 0.035163
stat.pool.110.util.req_link_avg = 0.16985
stat.pool.110.walltime_s = 59.8744
stat.pool.110.active_time_s = 0.580987
stat.pool.111.util.mem_avg = 0.0351627
stat.pool.111.util.req_link_avg = 0.16985
stat.pool.111.walltime_s = 59.8744
stat.pool.111.active_time_s = 0.587275
Simulation is complete, simulated time: 1.6837 ms
