stat.node.1.cpu.0.retired = 441
stat.node.1.cpu.0.cycles = 1000000
stat.node.2.cpu.0.retired = 428
stat.node.2.cpu.0.cycles = 1000000
stat.node.3.cpu.0.retired = 418
stat.node.3.cpu.0.cycles = 1000000
stat.node.4.cpu.0.retired = 423
stat.node.4.cpu.0.cycles = 1000000
stat.node.5.cpu.0.retired = 438
stat.node.5.cpu.0.cycles = 1000000
stat.node.6.cpu.0.retired = 407
stat.node.6.cpu.0.cycles = 1000000
stat.node.7.cpu.0.retired = 443
stat.node.7.cpu.0.cycles = 1000000
stat.node.0.cpu.0.retired = 419
stat.node.0.cpu.0.cycles = 1000000
stat.node.6.cpu.0.retired = 772
stat.node.6.cpu.0.cycles = 2000000
stat.node.0.cpu.0.retired = 859
stat.node.0.cpu.0.cycles = 2000000
stat.node.7.cpu.0.retired = 850
stat.node.7.cpu.0.cycles = 2000000
stat.node.1.cpu.0.retired = 836
stat.node.1.cpu.0.cycles = 2000000
stat.node.2.cpu.0.retired = 886
stat.node.2.cpu.0.cycles = 2000000
stat.node.3.cpu.0.retired = 855
stat.node.3.cpu.0.cycles = 2000000
stat.node.4.cpu.0.retired = 888
stat.node.4.cpu.0.cycles = 2000000
stat.node.5.cpu.0.retired = 766
stat.node.5.cpu.0.cycles = 2000000
stat.node.2.cpu.0.retired = 1241
stat.node.2.cpu.0.cycles = 3000000
stat.node.3.cpu.0.retired = 1209
stat.node.3.cpu.0.cycles = 3000000
stat.node.4.cpu.0.retired = 1346
stat.node.4.cpu.0.cycles = 3000000
stat.node.6.cpu.0.retired = 1160
stat.node.6.cpu.0.cycles = 3000000
stat.node.5.cpu.0.retired = 1181
stat.node.5.cpu.0.cycles = 3000000
stat.node.0.cpu.0.retired = 1286
stat.node.0.cpu.0.cycles = 3000000
stat.node.7.cpu.0.retired = 1262
stat.node.7.cpu.0.cycles = 3000000
stat.node.1.cpu.0.retired = 1204
stat.node.1.cpu.0.cycles = 3000000
stat.node.4.cpu.0.load_issue_to_complete_count = 799
stat.node.4.cpu.0.avg_load_issue_to_complete_lat = 2185.2
stat.node.4.injector.phase_cycles = 1750647
stat.node.4.injector.request_bytes = 575640
stat.node.4.injector.response_bytes = 139712
stat.node.4.injector.aggregate_bytes = 715352
stat.node.4.injector.request_gbps = 6.31326
stat.node.4.injector.response_gbps = 1.53227
stat.node.4.injector.aggregate_gbps = 7.84553
stat.node.4.llc.cxl_miss = 800
stat.node.4.llc.total_miss = 800
stat.node.4.llc.avg_miss_lat = 1997.51
stat.node.4.llc.avg_cxl_lat = 1997.51
stat.node.4.llc.miss_lat_hist_bin_ns = 10
stat.node.4.llc.miss_lat_hist = [0,0,0,0,0,0,0,0,0,0,0,0,0,0,0,0,0,0,0,0,0,0,0,0,0,0,0,0,0,0,0,0,0,0,0,0,0,0,0,0,0,1,14,26,13,17,17,15,13,18,14,13,14,18,21,19,10,10,10,13,15,8,10,13,13,7,13,6,7,10,8,5,7,11,7,4,7,12,11,6,9,5,7,5,6,2,10,6,7,6,7,6,5,6,1,9,4,3,5,3,3,7,6,8,5,4,7,5,6,3,2,4,1,6,4,3,6,6,5,5,5,1,0,4,2,2,7,2,1,2,7,2,1,2,4,3,1,3,10,3,0,4,2,4,4,3,0,3,0,3,4,3,0,2,2,1,3,4,3,2,2,4,1,1,3,2,0,1,2,0,1,1,0,0,1,2,2,1,0,0,0,0,0,0,0,0,0,0,0,0,0,0,0,1,0,1,0,1]
stat.node.4.util.dram_avg = 6.80537e-06
stat.node.4.walltime_s = 64.8039
stat.node.4.active_time_s = 30.2725
stat.node.5.cpu.0.load_issue_to_complete_count = 799
stat.node.5.cpu.0.avg_load_issue_to_complete_lat = 2165.05
stat.node.5.injector.phase_cycles = 1734319
stat.node.5.injector.request_bytes = 569840
stat.node.5.injector.response_bytes = 138304
stat.node.5.injector.aggregate_bytes = 708144
stat.node.5.injector.request_gbps = 6.30849
stat.node.5.injector.response_gbps = 1.53111
stat.node.5.injector.aggregate_gbps = 7.8396
stat.node.5.llc.cxl_miss = 800
stat.node.5.llc.total_miss = 800
stat.node.5.llc.avg_miss_lat = 1972.03
stat.node.5.llc.avg_cxl_lat = 1972.03
stat.node.5.llc.miss_lat_hist_bin_ns = 10
stat.node.5.llc.miss_lat_hist = [0,0,0,0,0,0,0,0,0,0,0,0,0,0,0,0,0,0,0,0,0,0,0,0,0,0,0,0,0,0,0,0,0,0,0,0,0,0,0,0,0,1,18,28,14,26,25,18,20,18,19,7,10,17,13,19,25,14,9,7,8,11,9,8,11,7,9,12,8,8,7,7,9,7,6,9,8,8,8,3,6,11,3,6,2,7,9,7,8,6,3,5,6,5,7,3,3,8,4,7,6,5,4,3,1,4,4,4,3,2,3,2,4,3,1,2,5,2,4,2,2,6,3,1,4,3,7,2,1,2,4,3,2,1,1,3,1,1,1,6,3,8,5,4,3,4,2,0,1,5,2,5,3,5,3,6,2,5,1,0,4,0,3,1,2,2,0,2,0,0,3,0,1,0,2,2,0,1,0,0,1,0,1,0,0,1,0,0,0,1,0,0,0,0,0,0,0,1]
stat.node.5.util.dram_avg = 6.23454e-06
stat.node.5.walltime_s = 71.7284
stat.node.5.active_time_s = 41.385
stat.node.7.cpu.0.load_issue_to_complete_count = 799
stat.node.7.cpu.0.avg_load_issue_to_complete_lat = 2704.53
stat.node.7.injector.phase_cycles = 2163380
stat.node.7.injector.request_bytes = 710752
stat.node.7.injector.response_bytes = 172224
stat.node.7.injector.aggregate_bytes = 882976
stat.node.7.injector.request_gbps = 6.30792
stat.node.7.injector.response_gbps = 1.52849
stat.node.7.injector.aggregate_gbps = 7.83641
stat.node.7.llc.cxl_miss = 800
stat.node.7.llc.total_miss = 800
stat.node.7.llc.avg_miss_lat = 2495.79
stat.node.7.llc.avg_cxl_lat = 2495.79
stat.node.7.llc.miss_lat_hist_bin_ns = 10
stat.node.7.llc.miss_lat_hist = [0,0,0,0,0,0,0,0,0,0,0,0,0,0,0,0,0,0,0,0,0,0,0,0,0,0,0,0,0,0,0,0,0,0,0,0,0,0,0,0,0,3,10,15,12,10,12,6,12,7,8,10,13,4,21,15,13,18,13,8,10,2,11,11,7,5,9,6,6,3,3,3,2,8,7,6,4,6,5,3,1,4,5,3,5,4,2,0,2,3,3,3,4,1,4,0,1,3,4,2,4,5,2,1,5,3,7,3,6,5,2,1,3,3,1,8,3,2,3,6,4,4,6,4,2,8,7,6,2,5,2,4,4,4,8,10,4,4,6,4,8,6,13,7,10,12,12,4,6,10,10,7,2,7,9,12,10,8,6,5,6,3,6,7,4,6,5,6,4,4,2,4,4,2,3,1,1,0,1,2,3,1,3,0,0,3,0,1,0,0,0,0,0,1,1]
stat.node.7.util.dram_avg = 6.0232e-06
stat.node.7.walltime_s = 74.6332
stat.node.7.active_time_s = 34.494
stat.node.5.cpu.0.retired = 1688
stat.node.5.cpu.0.cycles = 4000000
stat.node.6.cpu.0.retired = 1550
stat.node.6.cpu.0.cycles = 4000000
stat.node.2.cpu.0.retired = 1548
stat.node.2.cpu.0.cycles = 4000000
stat.node.3.cpu.0.retired = 1592
stat.node.3.cpu.0.cycles = 4000000
stat.node.1.cpu.0.retired = 1513
stat.node.1.cpu.0.cycles = 4000000
stat.node.7.cpu.0.retired = 1608
stat.node.7.cpu.0.cycles = 4000000
stat.node.4.cpu.0.retired = 1825
stat.node.4.cpu.0.cycles = 4000000
stat.node.0.cpu.0.retired = 1572
stat.node.0.cpu.0.cycles = 4000000
stat.node.3.cpu.0.load_issue_to_complete_count = 799
stat.node.3.cpu.0.avg_load_issue_to_complete_lat = 2688.75
stat.node.3.injector.phase_cycles = 2150665
stat.node.3.injector.request_bytes = 706664
stat.node.3.injector.response_bytes = 171136
stat.node.3.injector.aggregate_bytes = 877800
stat.node.3.injector.request_gbps = 6.30872
stat.node.3.injector.response_gbps = 1.52781
stat.node.3.injector.aggregate_gbps = 7.83653
stat.node.3.llc.cxl_miss = 800
stat.node.3.llc.total_miss = 800
stat.node.3.llc.avg_miss_lat = 2484.07
stat.node.3.llc.avg_cxl_lat = 2484.07
stat.node.3.llc.miss_lat_hist_bin_ns = 10
stat.node.3.llc.miss_lat_hist = [0,0,0,0,0,0,0,0,0,0,0,0,0,0,0,0,0,0,0,0,0,0,0,0,0,0,0,0,0,0,0,0,0,0,0,0,0,0,0,0,0,1,10,15,10,12,10,6,11,10,13,7,9,4,7,5,9,10,13,5,4,4,8,7,7,11,7,7,6,4,5,11,6,1,5,6,8,5,9,5,4,6,6,4,5,4,2,3,8,5,5,3,0,3,3,7,1,6,7,6,10,1,8,6,2,3,3,4,5,4,2,2,6,5,10,3,7,1,7,3,9,3,11,3,9,7,3,9,5,6,3,10,6,9,3,9,8,7,17,7,5,7,9,6,8,5,8,4,8,7,4,5,8,4,4,6,8,7,4,3,5,5,3,3,1,5,2,1,4,2,2,3,4,2,1,2,1,0,2,2,1,3,0,0,0,1,1,0,0,1,0,1,0,0,0,0,1,0,0,1,0,1,0,0,0,0,0,1,0,1]
stat.node.3.util.dram_avg = 5.96291e-06
stat.node.3.walltime_s = 75.4924
stat.node.3.active_time_s = 40.0287
stat.node.6.cpu.0.load_issue_to_complete_count = 799
stat.node.6.cpu.0.avg_load_issue_to_complete_lat = 2507.21
stat.node.6.injector.phase_cycles = 2005613
stat.node.6.injector.request_bytes = 658944
stat.node.6.injector.response_bytes = 159680
stat.node.6.injector.aggregate_bytes = 818624
stat.node.6.injector.request_gbps = 6.30816
stat.node.6.injector.response_gbps = 1.52864
stat.node.6.injector.aggregate_gbps = 7.8368
stat.node.6.llc.cxl_miss = 800
stat.node.6.llc.total_miss = 800
stat.node.6.llc.avg_miss_lat = 2310.78
stat.node.6.llc.avg_cxl_lat = 2310.78
stat.node.6.llc.miss_lat_hist_bin_ns = 10
stat.node.6.llc.miss_lat_hist = [0,0,0,0,0,0,0,0,0,0,0,0,0,0,0,0,0,0,0,0,0,0,0,0,0,0,0,0,0,0,0,0,0,0,0,0,0,0,0,0,0,3,12,16,11,13,13,12,17,15,13,14,15,16,12,11,7,8,20,12,11,4,7,9,8,11,4,7,7,10,11,5,9,5,6,10,3,5,4,4,2,6,5,7,6,4,3,3,6,5,4,5,4,5,3,7,3,2,2,4,4,5,4,4,3,4,2,2,5,2,5,3,2,2,2,2,5,3,4,3,4,3,1,3,5,4,3,5,4,4,4,0,3,5,3,6,2,6,9,4,6,5,6,5,7,7,4,8,9,7,7,6,4,10,3,4,5,5,6,4,1,6,5,3,2,7,2,4,3,3,0,3,3,1,1,2,1,2,1,3,0,2,4,4,1,1,0,0,2,1,0,0,2,1,0,0,0,0,0,0,0,0,0,0,0,0,0,0,0,0,0,0,1]
stat.node.6.util.dram_avg = 5.87246e-06
stat.node.6.walltime_s = 76.8244
stat.node.6.active_time_s = 36.7096
stat.node.0.cpu.0.load_issue_to_complete_count = 799
stat.node.0.cpu.0.avg_load_issue_to_complete_lat = 2744.78
stat.node.0.injector.phase_cycles = 2195286
stat.node.0.injector.request_bytes = 721056
stat.node.0.injector.response_bytes = 174656
stat.node.0.injector.aggregate_bytes = 895712
stat.node.0.injector.request_gbps = 6.30637
stat.node.0.injector.response_gbps = 1.52754
stat.node.0.injector.aggregate_gbps = 7.83391
stat.node.0.llc.cxl_miss = 800
stat.node.0.llc.total_miss = 800
stat.node.0.llc.avg_miss_lat = 2541.71
stat.node.0.llc.avg_cxl_lat = 2541.71
stat.node.0.llc.miss_lat_hist_bin_ns = 10
stat.node.0.llc.miss_lat_hist = [0,0,0,0,0,0,0,0,0,0,0,0,0,0,0,0,0,0,0,0,0,0,0,0,0,0,0,0,0,0,0,0,0,0,0,0,0,0,0,0,0,2,9,18,5,7,8,12,17,10,17,15,7,8,11,10,8,13,12,7,10,6,12,8,4,8,10,3,7,6,1,3,7,9,7,3,7,1,6,2,4,5,5,6,4,5,1,4,4,4,2,3,2,2,4,2,4,2,1,3,6,4,2,5,3,1,3,1,2,1,2,2,4,3,4,1,1,3,0,6,5,1,2,2,6,3,5,1,7,8,5,5,8,5,4,5,5,7,8,8,7,5,10,7,7,7,12,12,14,8,9,8,9,12,9,3,9,10,5,7,11,6,4,4,4,6,3,1,3,2,2,5,4,2,3,2,2,3,2,3,0,0,0,0,3,3,2,1,1,2,0,0,0,0,2,0,1,0,1,0,0,2,0,0,0,0,0,0,0,0,1,1,0,0,0,0,0,1]
stat.node.0.util.dram_avg = 5.85475e-06
stat.node.0.walltime_s = 77.0908
stat.node.0.active_time_s = 39.1618
stat.node.2.cpu.0.load_issue_to_complete_count = 799
stat.node.2.cpu.0.avg_load_issue_to_complete_lat = 2987.28
stat.node.2.injector.phase_cycles = 2389813
stat.node.2.injector.request_bytes = 781640
stat.node.2.injector.response_bytes = 189376
stat.node.2.injector.aggregate_bytes = 971016
stat.node.2.injector.request_gbps = 6.27978
stat.node.2.injector.response_gbps = 1.52147
stat.node.2.injector.aggregate_gbps = 7.80124
stat.node.2.llc.cxl_miss = 800
stat.node.2.llc.total_miss = 800
stat.node.2.llc.avg_miss_lat = 2782.26
stat.node.2.llc.avg_cxl_lat = 2782.26
stat.node.2.llc.miss_lat_hist_bin_ns = 10
stat.node.2.llc.miss_lat_hist = [0,0,0,0,0,0,0,0,0,0,0,0,0,0,0,0,0,0,0,0,0,0,0,0,0,0,0,0,0,0,0,0,0,0,0,0,0,0,0,0,0,1,3,7,12,9,9,6,9,10,9,12,8,4,7,5,6,4,6,5,7,8,7,5,2,5,6,2,7,5,6,7,6,6,3,6,3,8,5,6,4,5,4,7,4,2,4,5,6,1,1,0,5,7,3,1,1,5,4,1,4,2,5,2,3,4,4,3,1,0,0,4,0,3,3,4,2,3,7,1,4,3,4,4,3,4,1,2,5,3,2,7,5,5,4,14,8,12,7,6,10,10,8,9,6,12,8,8,10,10,6,14,13,9,13,10,9,12,8,16,8,6,5,5,9,6,7,11,2,5,4,2,3,2,9,3,0,6,4,1,2,1,4,3,5,1,0,1,2,3,2,0,1,0,0,0,1,0,0,0,0,0,3,0,0,0,0,0,1,0,0,1]
stat.node.2.util.dram_avg = 5.71719e-06
stat.node.2.walltime_s = 79.2142
stat.node.2.active_time_s = 41.1948
stat.node.1.cpu.0.load_issue_to_complete_count = 799
stat.node.1.cpu.0.avg_load_issue_to_complete_lat = 3013.65
stat.node.1.injector.phase_cycles = 2410341
stat.node.1.injector.request_bytes = 789768
stat.node.1.injector.response_bytes = 191296
stat.node.1.injector.aggregate_bytes = 981064
stat.node.1.injector.request_gbps = 6.29104
stat.node.1.injector.response_gbps = 1.5238
stat.node.1.injector.aggregate_gbps = 7.81484
stat.node.1.llc.cxl_miss = 800
stat.node.1.llc.total_miss = 800
stat.node.1.llc.avg_miss_lat = 2812.55
stat.node.1.llc.avg_cxl_lat = 2812.55
stat.node.1.llc.miss_lat_hist_bin_ns = 10
stat.node.1.llc.miss_lat_hist = [0,0,0,0,0,0,0,0,0,0,0,0,0,0,0,0,0,0,0,0,0,0,0,0,0,0,0,0,0,0,0,0,0,0,0,0,0,0,0,0,0,0,4,6,10,8,6,8,5,7,7,5,6,4,5,10,5,7,4,8,8,6,3,1,6,3,4,4,3,7,6,3,3,8,4,6,5,1,1,3,4,7,7,5,8,0,4,4,3,5,5,7,5,5,5,4,3,2,6,5,1,3,1,2,6,2,7,2,2,3,6,3,3,6,2,2,4,5,2,5,8,7,5,7,7,2,6,8,5,7,2,5,11,6,4,3,5,9,9,7,11,5,13,12,4,6,10,10,10,8,6,15,13,7,6,13,5,10,11,7,9,5,10,9,8,9,8,12,6,4,3,5,2,4,4,6,1,2,0,4,1,4,1,3,0,0,0,2,0,2,3,0,2,0,0,0,1,1,0,0,0,0,0,1,1,0,1]
stat.node.1.util.dram_avg = 5.54074e-06
stat.node.1.walltime_s = 82.068
stat.node.1.active_time_s = 29.8564
stat.pool.107.util.mem_avg = 0.165945
stat.pool.107.util.req_link_avg = 0.999884
stat.pool.107.walltime_s = 82.068
stat.pool.107.active_time_s = 1.03517
stat.pool.106.util.mem_avg = 0.165945
stat.pool.106.util.req_link_avg = 0.999884
stat.pool.106.walltime_s = 82.0681
stat.pool.106.active_time_s = 1.04178
stat.pool.105.util.mem_avg = 0.165944
stat.pool.105.util.req_link_avg = 0.999883
stat.pool.105.walltime_s = 82.0681
stat.pool.105.active_time_s = 1.05259
stat.pool.104.util.mem_avg = 0.165946
stat.pool.104.util.req_link_avg = 0.999886
stat.pool.104.walltime_s = 82.0681
stat.pool.104.active_time_s = 1.06415
stat.pool.103.util.mem_avg = 0.165944
stat.pool.103.util.req_link_avg = 0.999884
stat.pool.103.walltime_s = 82.0681
stat.pool.103.active_time_s = 1.06514
stat.pool.102.util.mem_avg = 0.165947
stat.pool.102.util.req_link_avg = 0.999884
stat.pool.102.walltime_s = 82.0682
stat.pool.102.active_time_s = 1.08329
stat.pool.101.util.mem_avg = 0.165942
stat.pool.101.util.req_link_avg = 0.999882
stat.pool.101.walltime_s = 82.0682
stat.pool.101.active_time_s = 1.08877
stat.pool.100.util.mem_avg = 0.165943
stat.pool.100.util.req_link_avg = 0.999882
stat.pool.100.walltime_s = 82.0682
stat.pool.100.active_time_s = 1.1574
stat.switch.replicated_messages = 1378664
stat.switch.util.node_ingress_avg = 0.129688
stat.switch.util.pool_ingress_avg = 0.0426276
stat.switch.bw.host_to_switch_gbps = 6.37465
stat.switch.bw.switch_to_host_gbps = 2.09523
stat.switch.bw.host_link_total_gbps = 8.46988
stat.switch.walltime_s = 82.0682
stat.switch.active_time_s = 7.74014
Simulation is complete, simulated time: 1.80626 ms
