stat.node.1.cpu.0.retired = 820
stat.node.1.cpu.0.cycles = 1000000
stat.node.2.cpu.0.retired = 778
stat.node.2.cpu.0.cycles = 1000000
stat.node.3.cpu.0.retired = 820
stat.node.4.cpu.0.retired = 770
stat.node.4.cpu.0.cycles = 1000000
stat.node.5.cpu.0.retired = 823
stat.node.5.cpu.0.cycles = 1000000
stat.node.6.cpu.0.retired = 822
stat.node.6.cpu.0.cycles = 1000000
stat.node.7.cpu.0.retired = 812
stat.node.7.cpu.0.cycles = 1000000
stat.node.0.cpu.0.retired = 821
stat.node.0.cpu.0.cycles = 1000000
stat.node.3.cpu.0.cycles = 1000000
stat.node.0.cpu.0.load_issue_to_complete_count = 799
stat.node.0.cpu.0.avg_load_issue_to_complete_lat = 943.431
stat.node.0.injector.phase_cycles = 755659
stat.node.0.injector.request_bytes = 246552
stat.node.0.injector.response_bytes = 151744
stat.node.0.injector.aggregate_bytes = 398296
stat.node.0.injector.request_gbps = 6.26446
stat.node.0.injector.response_gbps = 3.85555
stat.node.0.injector.aggregate_gbps = 10.12
stat.node.0.llc.cxl_miss = 800
stat.node.0.llc.total_miss = 800
stat.node.0.llc.avg_miss_lat = 769.664
stat.node.0.llc.avg_cxl_lat = 769.664
stat.node.0.llc.miss_lat_hist_bin_ns = 10
stat.node.0.llc.miss_lat_hist = [0,0,0,0,0,0,0,0,0,0,0,0,0,0,0,0,0,0,0,0,0,0,0,0,0,0,12,37,35,35,73,96,112,381,19]
stat.node.0.util.dram_avg = 1.38398e-05
stat.node.0.walltime_s = 200.843
stat.node.0.active_time_s = 22.3511
stat.node.5.cpu.0.load_issue_to_complete_count = 799
stat.node.5.cpu.0.avg_load_issue_to_complete_lat = 944.882
stat.node.5.injector.phase_cycles = 756819
stat.node.5.injector.request_bytes = 246968
stat.node.5.injector.response_bytes = 151936
stat.node.5.injector.aggregate_bytes = 398904
stat.node.5.injector.request_gbps = 6.26542
stat.node.5.injector.response_gbps = 3.85452
stat.node.5.injector.aggregate_gbps = 10.1199
stat.node.5.llc.cxl_miss = 800
stat.node.5.llc.total_miss = 800
stat.node.5.llc.avg_miss_lat = 770.774
stat.node.5.llc.avg_cxl_lat = 770.774
stat.node.5.llc.miss_lat_hist_bin_ns = 10
stat.node.5.llc.miss_lat_hist = [0,0,0,0,0,0,0,0,0,0,0,0,0,0,0,0,0,0,0,0,0,0,0,0,0,0,23,36,18,37,74,72,152,364,23,1]
stat.node.5.util.dram_avg = 1.38392e-05
stat.node.5.walltime_s = 200.873
stat.node.5.active_time_s = 23.5574
stat.node.6.cpu.0.load_issue_to_complete_count = 799
stat.node.6.cpu.0.avg_load_issue_to_complete_lat = 945.153
stat.node.6.injector.phase_cycles = 757038
stat.node.6.injector.request_bytes = 247040
stat.node.6.injector.response_bytes = 152000
stat.node.6.injector.aggregate_bytes = 399040
stat.node.6.injector.request_gbps = 6.26543
stat.node.6.injector.response_gbps = 3.85502
stat.node.6.injector.aggregate_gbps = 10.1205
stat.node.6.llc.cxl_miss = 800
stat.node.6.llc.total_miss = 800
stat.node.6.llc.avg_miss_lat = 771.304
stat.node.6.llc.avg_cxl_lat = 771.304
stat.node.6.llc.miss_lat_hist_bin_ns = 10
stat.node.6.llc.miss_lat_hist = [0,0,0,0,0,0,0,0,0,0,0,0,0,0,0,0,0,0,0,0,0,0,0,0,0,0,3,26,41,50,113,26,118,402,21]
stat.node.6.util.dram_avg = 1.38342e-05
stat.node.6.walltime_s = 201.112
stat.node.6.active_time_s = 25.6037
stat.node.3.cpu.0.load_issue_to_complete_count = 799
stat.node.3.cpu.0.avg_load_issue_to_complete_lat = 943.796
stat.node.3.injector.phase_cycles = 755950
stat.node.3.injector.request_bytes = 246688
stat.node.3.injector.response_bytes = 151808
stat.node.3.injector.aggregate_bytes = 398496
stat.node.3.injector.request_gbps = 6.26551
stat.node.3.injector.response_gbps = 3.8557
stat.node.3.injector.aggregate_gbps = 10.1212
stat.node.3.llc.cxl_miss = 800
stat.node.3.llc.total_miss = 800
stat.node.3.llc.avg_miss_lat = 769.636
stat.node.3.llc.avg_cxl_lat = 769.636
stat.node.3.llc.miss_lat_hist_bin_ns = 10
stat.node.3.llc.miss_lat_hist = [0,0,0,0,0,0,0,0,0,0,0,0,0,0,0,0,0,0,0,0,0,0,0,0,0,0,6,19,25,88,94,54,128,359,27]
stat.node.3.util.dram_avg = 1.38257e-05
stat.node.3.walltime_s = 201.182
stat.node.3.active_time_s = 27.1582
stat.node.1.cpu.0.load_issue_to_complete_count = 799
stat.node.1.cpu.0.avg_load_issue_to_complete_lat = 947.31
stat.node.1.injector.phase_cycles = 758758
stat.node.1.injector.request_bytes = 247592
stat.node.1.injector.response_bytes = 152320
stat.node.1.injector.aggregate_bytes = 399912
stat.node.1.injector.request_gbps = 6.26519
stat.node.1.injector.response_gbps = 3.85438
stat.node.1.injector.aggregate_gbps = 10.1196
stat.node.1.llc.cxl_miss = 800
stat.node.1.llc.total_miss = 800
stat.node.1.llc.avg_miss_lat = 773.339
stat.node.1.llc.avg_cxl_lat = 773.339
stat.node.1.llc.miss_lat_hist_bin_ns = 10
stat.node.1.llc.miss_lat_hist = [0,0,0,0,0,0,0,0,0,0,0,0,0,0,0,0,0,0,0,0,0,0,0,0,0,0,9,17,34,56,78,71,141,340,50,4]
stat.node.1.util.dram_avg = 1.38035e-05
stat.node.1.walltime_s = 201.835
stat.node.1.active_time_s = 22.708
stat.node.7.cpu.0.load_issue_to_complete_count = 799
stat.node.7.cpu.0.avg_load_issue_to_complete_lat = 950.001
stat.node.7.injector.phase_cycles = 760906
stat.node.7.injector.request_bytes = 248352
stat.node.7.injector.response_bytes = 152768
stat.node.7.injector.aggregate_bytes = 401120
stat.node.7.injector.request_gbps = 6.26669
stat.node.7.injector.response_gbps = 3.85481
stat.node.7.injector.aggregate_gbps = 10.1215
stat.node.7.llc.cxl_miss = 800
stat.node.7.llc.total_miss = 800
stat.node.7.llc.avg_miss_lat = 775.645
stat.node.7.llc.avg_cxl_lat = 775.645
stat.node.7.llc.miss_lat_hist_bin_ns = 10
stat.node.7.llc.miss_lat_hist = [0,0,0,0,0,0,0,0,0,0,0,0,0,0,0,0,0,0,0,0,0,0,0,0,0,0,23,17,21,42,35,73,155,409,25]
stat.node.7.util.dram_avg = 1.3723e-05
stat.node.7.walltime_s = 203.148
stat.node.7.active_time_s = 28.6635
stat.node.2.cpu.0.load_issue_to_complete_count = 799
stat.node.2.cpu.0.avg_load_issue_to_complete_lat = 974.144
stat.node.2.injector.phase_cycles = 780198
stat.node.2.injector.request_bytes = 254592
stat.node.2.injector.response_bytes = 156672
stat.node.2.injector.aggregate_bytes = 411264
stat.node.2.injector.request_gbps = 6.26529
stat.node.2.injector.response_gbps = 3.85556
stat.node.2.injector.aggregate_gbps = 10.1209
stat.node.2.llc.cxl_miss = 800
stat.node.2.llc.total_miss = 800
stat.node.2.llc.avg_miss_lat = 799.519
stat.node.2.llc.avg_cxl_lat = 799.519
stat.node.2.llc.miss_lat_hist_bin_ns = 10
stat.node.2.llc.miss_lat_hist = [0,0,0,0,0,0,0,0,0,0,0,0,0,0,0,0,0,0,0,0,0,0,0,0,0,0,4,2,2,10,4,0,137,525,116]
stat.node.2.util.dram_avg = 1.33218e-05
stat.node.2.walltime_s = 213.619
stat.node.2.active_time_s = 27.0851
stat.node.4.cpu.0.load_issue_to_complete_count = 799
stat.node.4.cpu.0.avg_load_issue_to_complete_lat = 977.86
stat.node.4.injector.phase_cycles = 783168
stat.node.4.injector.request_bytes = 255560
stat.node.4.injector.response_bytes = 157248
stat.node.4.injector.aggregate_bytes = 412808
stat.node.4.injector.request_gbps = 6.26526
stat.node.4.injector.response_gbps = 3.85506
stat.node.4.injector.aggregate_gbps = 10.1203
stat.node.4.llc.cxl_miss = 800
stat.node.4.llc.total_miss = 800
stat.node.4.llc.avg_miss_lat = 803.324
stat.node.4.llc.avg_cxl_lat = 803.324
stat.node.4.llc.miss_lat_hist_bin_ns = 10
stat.node.4.llc.miss_lat_hist = [0,0,0,0,0,0,0,0,0,0,0,0,0,0,0,0,0,0,0,0,0,0,0,0,0,0,0,0,0,0,0,2,55,681,62]
stat.node.4.util.dram_avg = 1.32405e-05
stat.node.4.walltime_s = 215.556
stat.node.4.active_time_s = 23.8166
stat.pool.101.util.mem_avg = 0.217676
stat.pool.101.util.req_link_avg = 0.993486
stat.pool.101.walltime_s = 215.576
stat.pool.101.active_time_s = 0.861064
stat.pool.100.util.mem_avg = 0.217677
stat.pool.100.util.req_link_avg = 0.993488
stat.pool.100.walltime_s = 215.576
stat.pool.100.active_time_s = 0.875986
stat.switch.replicated_messages = 136480
stat.switch.util.node_ingress_avg = 0.130756
stat.switch.util.pool_ingress_avg = 0.419468
stat.switch.bw.host_to_switch_gbps = 6.42776
stat.switch.bw.switch_to_host_gbps = 5.15433
stat.switch.bw.host_link_total_gbps = 11.5821
stat.switch.walltime_s = 215.576
stat.switch.active_time_s = 3.32645
Simulation is complete, simulated time: 755.865 us
