stat.node.1.cpu.0.retired = 965
stat.node.1.cpu.0.cycles = 1000000
stat.node.2.cpu.0.retired = 964
stat.node.2.cpu.0.cycles = 1000000
stat.node.3.cpu.0.retired = 965
stat.node.3.cpu.0.cycles = 1000000
stat.node.4.cpu.0.retired = 965
stat.node.4.cpu.0.cycles = 1000000
stat.node.5.cpu.0.retired = 965
stat.node.5.cpu.0.cycles = 1000000
stat.node.6.cpu.0.retired = 965
stat.node.6.cpu.0.cycles = 1000000
stat.node.7.cpu.0.retired = 965
stat.node.7.cpu.0.cycles = 1000000
stat.node.0.cpu.0.retired = 965
stat.node.0.cpu.0.cycles = 1000000
stat.node.4.cpu.0.load_issue_to_complete_count = 799
stat.node.4.cpu.0.avg_load_issue_to_complete_lat = 819.406
stat.node.4.injector.phase_cycles = 656405
stat.node.4.injector.request_bytes = 203256
stat.node.4.injector.response_bytes = 1626048
stat.node.4.injector.aggregate_bytes = 1829304
stat.node.4.injector.request_gbps = 5.94529
stat.node.4.injector.response_gbps = 47.5623
stat.node.4.injector.aggregate_gbps = 53.5076
stat.node.4.llc.cxl_miss = 800
stat.node.4.llc.total_miss = 800
stat.node.4.llc.avg_miss_lat = 647.322
stat.node.4.llc.avg_cxl_lat = 647.322
stat.node.4.llc.miss_lat_hist_bin_ns = 10
stat.node.4.llc.miss_lat_hist = [0,0,0,0,0,0,0,0,0,0,0,0,0,0,0,0,0,0,0,0,0,0,0,0,0,0,314,481,5]
stat.node.4.util.dram_avg = 1.58311e-05
stat.node.4.walltime_s = 17.4804
stat.node.4.active_time_s = 8.00885
stat.node.6.cpu.0.load_issue_to_complete_count = 799
stat.node.6.cpu.0.avg_load_issue_to_complete_lat = 819.468
stat.node.6.injector.phase_cycles = 656456
stat.node.6.injector.request_bytes = 203272
stat.node.6.injector.response_bytes = 1626176
stat.node.6.injector.aggregate_bytes = 1829448
stat.node.6.injector.request_gbps = 5.94529
stat.node.6.injector.response_gbps = 47.5623
stat.node.6.injector.aggregate_gbps = 53.5076
stat.node.6.llc.cxl_miss = 800
stat.node.6.llc.total_miss = 800
stat.node.6.llc.avg_miss_lat = 647.386
stat.node.6.llc.avg_cxl_lat = 647.386
stat.node.6.llc.miss_lat_hist_bin_ns = 10
stat.node.6.llc.miss_lat_hist = [0,0,0,0,0,0,0,0,0,0,0,0,0,0,0,0,0,0,0,0,0,0,0,0,0,0,305,490,5]
stat.node.6.util.dram_avg = 1.58299e-05
stat.node.6.walltime_s = 17.4818
stat.node.6.active_time_s = 7.96997
stat.node.1.cpu.0.load_issue_to_complete_count = 799
stat.node.1.cpu.0.avg_load_issue_to_complete_lat = 819.498
stat.node.1.injector.phase_cycles = 656480
stat.node.1.injector.request_bytes = 203280
stat.node.1.injector.response_bytes = 1626240
stat.node.1.injector.aggregate_bytes = 1829520
stat.node.1.injector.request_gbps = 5.94531
stat.node.1.injector.response_gbps = 47.5625
stat.node.1.injector.aggregate_gbps = 53.5078
stat.node.1.llc.cxl_miss = 800
stat.node.1.llc.total_miss = 800
stat.node.1.llc.avg_miss_lat = 647.415
stat.node.1.llc.avg_cxl_lat = 647.415
stat.node.1.llc.miss_lat_hist_bin_ns = 10
stat.node.1.llc.miss_lat_hist = [0,0,0,0,0,0,0,0,0,0,0,0,0,0,0,0,0,0,0,0,0,0,0,0,0,0,309,485,6]
stat.node.1.util.dram_avg = 1.58289e-05
stat.node.1.walltime_s = 17.4829
stat.node.1.active_time_s = 8.16301
stat.node.3.cpu.0.load_issue_to_complete_count = 799
stat.node.3.cpu.0.avg_load_issue_to_complete_lat = 819.531
stat.node.3.injector.phase_cycles = 656506
stat.node.3.injector.request_bytes = 203288
stat.node.3.injector.response_bytes = 1626304
stat.node.3.injector.aggregate_bytes = 1829592
stat.node.3.injector.request_gbps = 5.94531
stat.node.3.injector.response_gbps = 47.5625
stat.node.3.injector.aggregate_gbps = 53.5078
stat.node.3.llc.cxl_miss = 800
stat.node.3.llc.total_miss = 800
stat.node.3.llc.avg_miss_lat = 647.447
stat.node.3.llc.avg_cxl_lat = 647.447
stat.node.3.llc.miss_lat_hist_bin_ns = 10
stat.node.3.llc.miss_lat_hist = [0,0,0,0,0,0,0,0,0,0,0,0,0,0,0,0,0,0,0,0,0,0,0,0,0,0,304,490,6]
stat.node.3.util.dram_avg = 1.58275e-05
stat.node.3.walltime_s = 17.4845
stat.node.3.active_time_s = 7.98244
stat.node.0.cpu.0.load_issue_to_complete_count = 799
stat.node.0.cpu.0.avg_load_issue_to_complete_lat = 819.566
stat.node.0.injector.phase_cycles = 656533
stat.node.0.injector.request_bytes = 203296
stat.node.0.injector.response_bytes = 1626368
stat.node.0.injector.aggregate_bytes = 1829664
stat.node.0.injector.request_gbps = 5.9453
stat.node.0.injector.response_gbps = 47.5624
stat.node.0.injector.aggregate_gbps = 53.5077
stat.node.0.llc.cxl_miss = 800
stat.node.0.llc.total_miss = 800
stat.node.0.llc.avg_miss_lat = 647.482
stat.node.0.llc.avg_cxl_lat = 647.482
stat.node.0.llc.miss_lat_hist_bin_ns = 10
stat.node.0.llc.miss_lat_hist = [0,0,0,0,0,0,0,0,0,0,0,0,0,0,0,0,0,0,0,0,0,0,0,0,0,0,323,470,7]
stat.node.0.util.dram_avg = 1.58261e-05
stat.node.0.walltime_s = 17.4861
stat.node.0.active_time_s = 7.96174
stat.node.5.cpu.0.load_issue_to_complete_count = 799
stat.node.5.cpu.0.avg_load_issue_to_complete_lat = 819.596
stat.node.5.injector.phase_cycles = 656558
stat.node.5.injector.request_bytes = 203304
stat.node.5.injector.response_bytes = 1626432
stat.node.5.injector.aggregate_bytes = 1829736
stat.node.5.injector.request_gbps = 5.9453
stat.node.5.injector.response_gbps = 47.5624
stat.node.5.injector.aggregate_gbps = 53.5077
stat.node.5.llc.cxl_miss = 800
stat.node.5.llc.total_miss = 800
stat.node.5.llc.avg_miss_lat = 647.513
stat.node.5.llc.avg_cxl_lat = 647.513
stat.node.5.llc.miss_lat_hist_bin_ns = 10
stat.node.5.llc.miss_lat_hist = [0,0,0,0,0,0,0,0,0,0,0,0,0,0,0,0,0,0,0,0,0,0,0,0,0,0,309,484,7]
stat.node.5.util.dram_avg = 1.58247e-05
stat.node.5.walltime_s = 17.4877
stat.node.5.active_time_s = 8.15084
stat.node.7.cpu.0.load_issue_to_complete_count = 799
stat.node.7.cpu.0.avg_load_issue_to_complete_lat = 819.534
stat.node.7.injector.phase_cycles = 656509
stat.node.7.injector.request_bytes = 203288
stat.node.7.injector.response_bytes = 1626304
stat.node.7.injector.aggregate_bytes = 1829592
stat.node.7.injector.request_gbps = 5.94528
stat.node.7.injector.response_gbps = 47.5622
stat.node.7.injector.aggregate_gbps = 53.5075
stat.node.7.llc.cxl_miss = 800
stat.node.7.llc.total_miss = 800
stat.node.7.llc.avg_miss_lat = 647.451
stat.node.7.llc.avg_cxl_lat = 647.451
stat.node.7.llc.miss_lat_hist_bin_ns = 10
stat.node.7.llc.miss_lat_hist = [0,0,0,0,0,0,0,0,0,0,0,0,0,0,0,0,0,0,0,0,0,0,0,0,0,0,303,491,6]
stat.node.7.util.dram_avg = 1.58241e-05
stat.node.7.walltime_s = 17.4884
stat.node.7.active_time_s = 8.16375
stat.node.2.cpu.0.load_issue_to_complete_count = 799
stat.node.2.cpu.0.avg_load_issue_to_complete_lat = 819.955
stat.node.2.injector.phase_cycles = 656843
stat.node.2.injector.request_bytes = 203392
stat.node.2.injector.response_bytes = 1627136
stat.node.2.injector.aggregate_bytes = 1830528
stat.node.2.injector.request_gbps = 5.9453
stat.node.2.injector.response_gbps = 47.5624
stat.node.2.injector.aggregate_gbps = 53.5077
stat.node.2.llc.cxl_miss = 800
stat.node.2.llc.total_miss = 800
stat.node.2.llc.avg_miss_lat = 647.87
stat.node.2.llc.avg_cxl_lat = 647.87
stat.node.2.llc.miss_lat_hist_bin_ns = 10
stat.node.2.llc.miss_lat_hist = [0,0,0,0,0,0,0,0,0,0,0,0,0,0,0,0,0,0,0,0,0,0,0,0,0,0,313,478,9]
stat.node.2.util.dram_avg = 1.58179e-05
stat.node.2.walltime_s = 17.4952
stat.node.2.active_time_s = 7.98679
stat.pool.107.util.mem_avg = 0.159679
stat.pool.107.util.req_link_avg = 0.12476
stat.pool.107.walltime_s = 17.4952
stat.pool.107.active_time_s = 0.221696
stat.pool.106.util.mem_avg = 0.15968
stat.pool.106.util.req_link_avg = 0.12476
stat.pool.106.walltime_s = 17.4952
stat.pool.106.active_time_s = 0.220862
stat.pool.105.util.mem_avg = 0.15968
stat.pool.105.util.req_link_avg = 0.12476
stat.pool.105.walltime_s = 17.4952
stat.pool.105.active_time_s = 0.221396
stat.pool.104.util.mem_avg = 0.159681
stat.pool.104.util.req_link_avg = 0.12476
stat.pool.104.walltime_s = 17.4952
stat.pool.104.active_time_s = 0.255138
stat.pool.103.util.mem_avg = 0.159681
stat.pool.103.util.req_link_avg = 0.124761
stat.pool.103.walltime_s = 17.4952
stat.pool.103.active_time_s = 0.233263
stat.pool.102.util.mem_avg = 0.159681
stat.pool.102.util.req_link_avg = 0.124761
stat.pool.102.walltime_s = 17.4952
stat.pool.102.active_time_s = 0.22636
stat.pool.101.util.mem_avg = 0.159681
stat.pool.101.util.req_link_avg = 0.124761
stat.pool.101.walltime_s = 17.4952
stat.pool.101.active_time_s = 0.226439
stat.pool.100.util.mem_avg = 0.159682
stat.pool.100.util.req_link_avg = 0.124761
stat.pool.100.walltime_s = 17.4952
stat.pool.100.active_time_s = 0.242172
stat.switch.replicated_messages = 0
stat.switch.util.node_ingress_avg = 0.124771
stat.switch.util.pool_ingress_avg = 0.997938
stat.switch.bw.host_to_switch_gbps = 6.13326
stat.switch.bw.switch_to_host_gbps = 49.0504
stat.switch.bw.host_link_total_gbps = 55.1837
stat.switch.walltime_s = 17.4952
stat.switch.active_time_s = 1.56741
Simulation is complete, simulated time: 632.702 us
