stat.node.5.cpu.0.retired = 750
stat.node.5.cpu.0.cycles = 1000000
stat.node.6.cpu.0.retired = 741
stat.node.6.cpu.0.cycles = 1000000
stat.node.7.cpu.0.retired = 760
stat.node.7.cpu.0.cycles = 1000000
stat.node.0.cpu.0.retired = 744
stat.node.0.cpu.0.cycles = 1000000
stat.node.1.cpu.0.retired = 738
stat.node.1.cpu.0.cycles = 1000000
stat.node.2.cpu.0.retired = 762
stat.node.2.cpu.0.cycles = 1000000
stat.node.3.cpu.0.retired = 738
stat.node.3.cpu.0.cycles = 1000000
stat.node.4.cpu.0.retired = 781
stat.node.4.cpu.0.cycles = 1000000
stat.node.4.cpu.0.load_issue_to_complete_count = 799
stat.node.4.cpu.0.avg_load_issue_to_complete_lat = 1022.65
stat.node.4.injector.phase_cycles = 819102
stat.node.4.injector.request_bytes = 259968
stat.node.4.injector.response_bytes = 0
stat.node.4.injector.aggregate_bytes = 259968
stat.node.4.injector.request_gbps = 6.09373
stat.node.4.injector.response_gbps = 0
stat.node.4.injector.aggregate_gbps = 6.09373
stat.node.4.llc.cxl_miss = 800
stat.node.4.llc.total_miss = 800
stat.node.4.llc.avg_miss_lat = 848.206
stat.node.4.llc.avg_cxl_lat = 848.206
stat.node.4.llc.miss_lat_hist_bin_ns = 10
stat.node.4.llc.miss_lat_hist = [0,0,0,0,0,0,0,0,0,0,0,0,0,0,0,0,0,0,0,0,0,0,0,0,0,0,0,0,0,0,1,364,62,0,0,0,0,1,50,272,46,4]
stat.node.4.util.dram_avg = 1.30692e-05
stat.node.4.walltime_s = 202.221
stat.node.4.active_time_s = 22.1206
stat.node.7.cpu.0.load_issue_to_complete_count = 799
stat.node.7.cpu.0.avg_load_issue_to_complete_lat = 1020.66
stat.node.7.injector.phase_cycles = 817467
stat.node.7.injector.request_bytes = 259456
stat.node.7.injector.response_bytes = 0
stat.node.7.injector.aggregate_bytes = 259456
stat.node.7.injector.request_gbps = 6.09389
stat.node.7.injector.response_gbps = 0
stat.node.7.injector.aggregate_gbps = 6.09389
stat.node.7.llc.cxl_miss = 800
stat.node.7.llc.total_miss = 800
stat.node.7.llc.avg_miss_lat = 846.326
stat.node.7.llc.avg_cxl_lat = 846.326
stat.node.7.llc.miss_lat_hist_bin_ns = 10
stat.node.7.llc.miss_lat_hist = [0,0,0,0,0,0,0,0,0,0,0,0,0,0,0,0,0,0,0,0,0,0,0,0,0,0,0,0,0,0,0,90,310,31,2,0,0,19,302,46]
stat.node.7.util.dram_avg = 1.2912e-05
stat.node.7.walltime_s = 203.71
stat.node.7.active_time_s = 26.8375
stat.node.5.cpu.0.load_issue_to_complete_count = 799
stat.node.5.cpu.0.avg_load_issue_to_complete_lat = 1027.69
stat.node.5.injector.phase_cycles = 823084
stat.node.5.injector.request_bytes = 261248
stat.node.5.injector.response_bytes = 0
stat.node.5.injector.aggregate_bytes = 261248
stat.node.5.injector.request_gbps = 6.09411
stat.node.5.injector.response_gbps = 0
stat.node.5.injector.aggregate_gbps = 6.09411
stat.node.5.llc.cxl_miss = 800
stat.node.5.llc.total_miss = 800
stat.node.5.llc.avg_miss_lat = 852.847
stat.node.5.llc.avg_cxl_lat = 852.847
stat.node.5.llc.miss_lat_hist_bin_ns = 10
stat.node.5.llc.miss_lat_hist = [0,0,0,0,0,0,0,0,0,0,0,0,0,0,0,0,0,0,0,0,0,0,0,0,0,0,0,0,0,0,0,23,32,329,22,1,2,347,34,8,2]
stat.node.5.util.dram_avg = 1.2786e-05
stat.node.5.walltime_s = 205.227
stat.node.5.active_time_s = 28.3368
stat.node.2.cpu.0.load_issue_to_complete_count = 799
stat.node.2.cpu.0.avg_load_issue_to_complete_lat = 1053.44
stat.node.2.injector.phase_cycles = 843703
stat.node.2.injector.request_bytes = 267776
stat.node.2.injector.response_bytes = 0
stat.node.2.injector.aggregate_bytes = 267776
stat.node.2.injector.request_gbps = 6.09373
stat.node.2.injector.response_gbps = 0
stat.node.2.injector.aggregate_gbps = 6.09373
stat.node.2.llc.cxl_miss = 800
stat.node.2.llc.total_miss = 800
stat.node.2.llc.avg_miss_lat = 879.444
stat.node.2.llc.avg_cxl_lat = 879.444
stat.node.2.llc.miss_lat_hist_bin_ns = 10
stat.node.2.llc.miss_lat_hist = [0,0,0,0,0,0,0,0,0,0,0,0,0,0,0,0,0,0,0,0,0,0,0,0,0,0,0,0,0,0,0,247,56,0,0,0,0,0,29,388,80]
stat.node.2.util.dram_avg = 1.27555e-05
stat.node.2.walltime_s = 205.468
stat.node.2.active_time_s = 25.2719
stat.node.0.cpu.0.load_issue_to_complete_count = 799
stat.node.0.cpu.0.avg_load_issue_to_complete_lat = 1030.21
stat.node.0.injector.phase_cycles = 825072
stat.node.0.injector.request_bytes = 261888
stat.node.0.injector.response_bytes = 0
stat.node.0.injector.aggregate_bytes = 261888
stat.node.0.injector.request_gbps = 6.09432
stat.node.0.injector.response_gbps = 0
stat.node.0.injector.aggregate_gbps = 6.09432
stat.node.0.llc.cxl_miss = 800
stat.node.0.llc.total_miss = 800
stat.node.0.llc.avg_miss_lat = 855.026
stat.node.0.llc.avg_cxl_lat = 855.026
stat.node.0.llc.miss_lat_hist_bin_ns = 10
stat.node.0.llc.miss_lat_hist = [0,0,0,0,0,0,0,0,0,0,0,0,0,0,0,0,0,0,0,0,0,0,0,0,0,0,0,0,0,0,0,10,17,17,329,27,347,27,12,11,3]
stat.node.0.util.dram_avg = 1.27273e-05
stat.node.0.walltime_s = 205.87
stat.node.0.active_time_s = 23.4432
stat.node.6.cpu.0.load_issue_to_complete_count = 799
stat.node.6.cpu.0.avg_load_issue_to_complete_lat = 1031.98
stat.node.6.injector.phase_cycles = 826462
stat.node.6.injector.request_bytes = 262272
stat.node.6.injector.response_bytes = 0
stat.node.6.injector.aggregate_bytes = 262272
stat.node.6.injector.request_gbps = 6.09299
stat.node.6.injector.response_gbps = 0
stat.node.6.injector.aggregate_gbps = 6.09299
stat.node.6.llc.cxl_miss = 800
stat.node.6.llc.total_miss = 800
stat.node.6.llc.avg_miss_lat = 856.398
stat.node.6.llc.avg_cxl_lat = 856.398
stat.node.6.llc.miss_lat_hist_bin_ns = 10
stat.node.6.llc.miss_lat_hist = [0,0,0,0,0,0,0,0,0,0,0,0,0,0,0,0,0,0,0,0,0,0,0,0,0,0,0,0,0,0,0,3,10,6,28,641,82,5,16,8,1]
stat.node.6.util.dram_avg = 1.26915e-05
stat.node.6.walltime_s = 206.554
stat.node.6.active_time_s = 36.6502
stat.node.3.cpu.0.load_issue_to_complete_count = 799
stat.node.3.cpu.0.avg_load_issue_to_complete_lat = 1038.8
stat.node.3.injector.phase_cycles = 831884
stat.node.3.injector.request_bytes = 264064
stat.node.3.injector.response_bytes = 0
stat.node.3.injector.aggregate_bytes = 264064
stat.node.3.injector.request_gbps = 6.09463
stat.node.3.injector.response_gbps = 0
stat.node.3.injector.aggregate_gbps = 6.09463
stat.node.3.llc.cxl_miss = 800
stat.node.3.llc.total_miss = 800
stat.node.3.llc.avg_miss_lat = 863.082
stat.node.3.llc.avg_cxl_lat = 863.082
stat.node.3.llc.miss_lat_hist_bin_ns = 10
stat.node.3.llc.miss_lat_hist = [0,0,0,0,0,0,0,0,0,0,0,0,0,0,0,0,0,0,0,0,0,0,0,0,0,0,0,0,0,0,0,1,19,8,286,85,242,70,56,27,6]
stat.node.3.util.dram_avg = 1.26277e-05
stat.node.3.walltime_s = 207.906
stat.node.3.active_time_s = 22.3292
stat.node.1.cpu.0.load_issue_to_complete_count = 799
stat.node.1.cpu.0.avg_load_issue_to_complete_lat = 1039.31
stat.node.1.injector.phase_cycles = 832264
stat.node.1.injector.request_bytes = 264192
stat.node.1.injector.response_bytes = 0
stat.node.1.injector.aggregate_bytes = 264192
stat.node.1.injector.request_gbps = 6.0948
stat.node.1.injector.response_gbps = 0
stat.node.1.injector.aggregate_gbps = 6.0948
stat.node.1.llc.cxl_miss = 800
stat.node.1.llc.total_miss = 800
stat.node.1.llc.avg_miss_lat = 863.754
stat.node.1.llc.avg_cxl_lat = 863.754
stat.node.1.llc.miss_lat_hist_bin_ns = 10
stat.node.1.llc.miss_lat_hist = [0,0,0,0,0,0,0,0,0,0,0,0,0,0,0,0,0,0,0,0,0,0,0,0,0,0,0,0,0,0,0,0,16,266,61,44,36,236,93,41,7]
stat.node.1.util.dram_avg = 1.26265e-05
stat.node.1.walltime_s = 207.934
stat.node.1.active_time_s = 26.5351
stat.pool.102.util.mem_avg = 0.169164
stat.pool.102.util.req_link_avg = 0.999739
stat.pool.102.walltime_s = 207.934
stat.pool.102.active_time_s = 0.700906
stat.pool.101.util.mem_avg = 0.169163
stat.pool.101.util.req_link_avg = 0.99974
stat.pool.101.walltime_s = 207.934
stat.pool.101.active_time_s = 0.771484
stat.pool.100.util.mem_avg = 0.169165
stat.pool.100.util.req_link_avg = 0.99974
stat.pool.100.walltime_s = 207.934
stat.pool.100.active_time_s = 0.836324
stat.switch.replicated_messages = 226200
stat.switch.util.node_ingress_avg = 0.127048
stat.switch.util.pool_ingress_avg = 0.065834
stat.switch.bw.host_to_switch_gbps = 6.24544
stat.switch.bw.switch_to_host_gbps = 1.21344
stat.switch.bw.host_link_total_gbps = 7.45889
stat.switch.walltime_s = 207.934
stat.switch.active_time_s = 3.48014
Simulation is complete, simulated time: 792.616 us
