stat.node.5.cpu.0.retired = 820
stat.node.5.cpu.0.cycles = 1000000
stat.node.6.cpu.0.retired = 820
stat.node.6.cpu.0.cycles = 1000000
stat.node.7.cpu.0.retired = 820
stat.node.7.cpu.0.cycles = 1000000
stat.node.0.cpu.0.retired = 820
stat.node.0.cpu.0.cycles = 1000000
stat.node.1.cpu.0.retired = 820
stat.node.1.cpu.0.cycles = 1000000
stat.node.2.cpu.0.retired = 820
stat.node.2.cpu.0.cycles = 1000000
stat.node.3.cpu.0.retired = 820
stat.node.3.cpu.0.cycles = 1000000
stat.node.4.cpu.0.retired = 820
stat.node.4.cpu.0.cycles = 1000000
stat.node.5.cpu.0.load_issue_to_complete_count = 799
stat.node.5.cpu.0.avg_load_issue_to_complete_lat = 930.742
stat.node.5.injector.phase_cycles = 745472
stat.node.5.injector.request_bytes = 248544
stat.node.5.injector.response_bytes = 101120
stat.node.5.injector.aggregate_bytes = 349664
stat.node.5.injector.request_gbps = 6.40137
stat.node.5.injector.response_gbps = 2.6044
stat.node.5.injector.aggregate_gbps = 9.00577
stat.node.5.llc.cxl_miss = 800
stat.node.5.llc.total_miss = 800
stat.node.5.llc.avg_miss_lat = 756.878
stat.node.5.llc.avg_cxl_lat = 756.878
stat.node.5.llc.miss_lat_hist_bin_ns = 10
stat.node.5.llc.miss_lat_hist = [0,0,0,0,0,0,0,0,0,0,0,0,0,0,0,0,0,0,0,0,0,0,0,0,0,0,0,0,0,1,150,508,138,2,1]
stat.node.5.util.dram_avg = 1.39067e-05
stat.node.5.walltime_s = 21.1976
stat.node.5.active_time_s = 10.0571
stat.node.6.cpu.0.load_issue_to_complete_count = 799
stat.node.6.cpu.0.avg_load_issue_to_complete_lat = 930.742
stat.node.6.injector.phase_cycles = 745472
stat.node.6.injector.request_bytes = 248544
stat.node.6.injector.response_bytes = 101120
stat.node.6.injector.aggregate_bytes = 349664
stat.node.6.injector.request_gbps = 6.40137
stat.node.6.injector.response_gbps = 2.6044
stat.node.6.injector.aggregate_gbps = 9.00577
stat.node.6.llc.cxl_miss = 800
stat.node.6.llc.total_miss = 800
stat.node.6.llc.avg_miss_lat = 756.878
stat.node.6.llc.avg_cxl_lat = 756.878
stat.node.6.llc.miss_lat_hist_bin_ns = 10
stat.node.6.llc.miss_lat_hist = [0,0,0,0,0,0,0,0,0,0,0,0,0,0,0,0,0,0,0,0,0,0,0,0,0,0,0,0,0,0,156,500,138,6]
stat.node.6.util.dram_avg = 1.39067e-05
stat.node.6.walltime_s = 21.1976
stat.node.6.active_time_s = 9.99733
stat.node.4.cpu.0.load_issue_to_complete_count = 799
stat.node.4.cpu.0.avg_load_issue_to_complete_lat = 930.742
stat.node.4.injector.phase_cycles = 745472
stat.node.4.injector.request_bytes = 248544
stat.node.4.injector.response_bytes = 101120
stat.node.4.injector.aggregate_bytes = 349664
stat.node.4.injector.request_gbps = 6.40137
stat.node.4.injector.response_gbps = 2.6044
stat.node.4.injector.aggregate_gbps = 9.00577
stat.node.4.llc.cxl_miss = 800
stat.node.4.llc.total_miss = 800
stat.node.4.llc.avg_miss_lat = 756.878
stat.node.4.llc.avg_cxl_lat = 756.878
stat.node.4.llc.miss_lat_hist_bin_ns = 10
stat.node.4.llc.miss_lat_hist = [0,0,0,0,0,0,0,0,0,0,0,0,0,0,0,0,0,0,0,0,0,0,0,0,0,0,0,0,0,17,132,512,121,17,1]
stat.node.4.util.dram_avg = 1.39067e-05
stat.node.4.walltime_s = 21.1976
stat.node.4.active_time_s = 10.0404
stat.node.7.cpu.0.load_issue_to_complete_count = 799
stat.node.7.cpu.0.avg_load_issue_to_complete_lat = 930.742
stat.node.7.injector.phase_cycles = 745472
stat.node.7.injector.request_bytes = 248544
stat.node.7.injector.response_bytes = 101120
stat.node.7.injector.aggregate_bytes = 349664
stat.node.7.injector.request_gbps = 6.40137
stat.node.7.injector.response_gbps = 2.6044
stat.node.7.injector.aggregate_gbps = 9.00577
stat.node.7.llc.cxl_miss = 800
stat.node.7.llc.total_miss = 800
stat.node.7.llc.avg_miss_lat = 756.878
stat.node.7.llc.avg_cxl_lat = 756.878
stat.node.7.llc.miss_lat_hist_bin_ns = 10
stat.node.7.llc.miss_lat_hist = [0,0,0,0,0,0,0,0,0,0,0,0,0,0,0,0,0,0,0,0,0,0,0,0,0,0,0,0,0,0,154,503,139,4]
stat.node.7.util.dram_avg = 1.39067e-05
stat.node.7.walltime_s = 21.1976
stat.node.7.active_time_s = 10.1058
stat.pool.107.util.mem_avg = 0.170943
stat.pool.107.util.req_link_avg = 0.998609
stat.pool.107.walltime_s = 21.1976
stat.pool.107.active_time_s = 0.288261
stat.pool.106.util.mem_avg = 0.170943
stat.pool.106.util.req_link_avg = 0.998609
stat.pool.106.walltime_s = 21.1976
stat.pool.106.active_time_s = 0.255465
stat.pool.105.util.mem_avg = 0.170943
stat.pool.105.util.req_link_avg = 0.998609
stat.pool.105.walltime_s = 21.1976
stat.pool.105.active_time_s = 0.27432
stat.pool.104.util.mem_avg = 0.170943
stat.pool.104.util.req_link_avg = 0.998609
stat.pool.104.walltime_s = 21.1976
stat.pool.104.active_time_s = 0.264663
stat.pool.103.util.mem_avg = 0.170943
stat.pool.103.util.req_link_avg = 0.998609
stat.pool.103.walltime_s = 21.1976
stat.pool.103.active_time_s = 0.268901
stat.pool.102.util.mem_avg = 0.170943
stat.pool.102.util.req_link_avg = 0.998609
stat.pool.102.walltime_s = 21.1976
stat.pool.102.active_time_s = 0.271933
stat.pool.101.util.mem_avg = 0.170943
stat.pool.101.util.req_link_avg = 0.998609
stat.pool.101.walltime_s = 21.1977
stat.pool.101.active_time_s = 0.275081
stat.pool.100.util.mem_avg = 0.170943
stat.pool.100.util.req_link_avg = 0.998609
stat.pool.100.walltime_s = 21.1977
stat.pool.100.active_time_s = 0.298274
stat.switch.replicated_messages = 546048
stat.switch.util.node_ingress_avg = 0.133575
stat.switch.util.pool_ingress_avg = 0.0798376
stat.switch.bw.host_to_switch_gbps = 6.56634
stat.switch.bw.switch_to_host_gbps = 3.92394
stat.switch.bw.host_link_total_gbps = 10.4903
stat.switch.walltime_s = 21.1977
stat.switch.active_time_s = 1.78426
stat.node.0.cpu.0.load_issue_to_complete_count = 799
stat.node.0.cpu.0.avg_load_issue_to_complete_lat = 930.742
stat.node.0.injector.phase_cycles = 745472
stat.node.0.injector.request_bytes = 248544
stat.node.0.injector.response_bytes = 101120
stat.node.0.injector.aggregate_bytes = 349664
stat.node.0.injector.request_gbps = 6.40137
stat.node.0.injector.response_gbps = 2.6044
stat.node.0.injector.aggregate_gbps = 9.00577
stat.node.0.llc.cxl_miss = 800
stat.node.0.llc.total_miss = 800
stat.node.0.llc.avg_miss_lat = 756.878
stat.node.0.llc.avg_cxl_lat = 756.878
stat.node.0.llc.miss_lat_hist_bin_ns = 10
stat.node.0.llc.miss_lat_hist = [0,0,0,0,0,0,0,0,0,0,0,0,0,0,0,0,0,0,0,0,0,0,0,0,0,0,0,0,0,1,155,500,138,5,1]
stat.node.0.util.dram_avg = 1.39067e-05
stat.node.0.walltime_s = 21.1976
stat.node.0.active_time_s = 10.0297
stat.node.1.cpu.0.load_issue_to_complete_count = 799
stat.node.1.cpu.0.avg_load_issue_to_complete_lat = 930.742
stat.node.1.injector.phase_cycles = 745472
stat.node.1.injector.request_bytes = 248544
stat.node.1.injector.response_bytes = 101120
stat.node.1.injector.aggregate_bytes = 349664
stat.node.1.injector.request_gbps = 6.40137
stat.node.1.injector.response_gbps = 2.6044
stat.node.1.injector.aggregate_gbps = 9.00577
stat.node.1.llc.cxl_miss = 800
stat.node.1.llc.total_miss = 800
stat.node.1.llc.avg_miss_lat = 756.846
stat.node.1.llc.avg_cxl_lat = 756.846
stat.node.1.llc.miss_lat_hist_bin_ns = 10
stat.node.1.llc.miss_lat_hist = [0,0,0,0,0,0,0,0,0,0,0,0,0,0,0,0,0,0,0,0,0,0,0,0,0,0,0,0,0,0,150,513,132,5]
stat.node.1.util.dram_avg = 1.39067e-05
stat.node.1.walltime_s = 21.1976
stat.node.1.active_time_s = 10.1331
stat.node.2.cpu.0.load_issue_to_complete_count = 799
stat.node.2.cpu.0.avg_load_issue_to_complete_lat = 930.742
stat.node.2.injector.phase_cycles = 745472
stat.node.2.injector.request_bytes = 248544
stat.node.2.injector.response_bytes = 101120
stat.node.2.injector.aggregate_bytes = 349664
stat.node.2.injector.request_gbps = 6.40137
stat.node.2.injector.response_gbps = 2.6044
stat.node.2.injector.aggregate_gbps = 9.00577
stat.node.2.llc.cxl_miss = 800
stat.node.2.llc.total_miss = 800
stat.node.2.llc.avg_miss_lat = 756.878
stat.node.2.llc.avg_cxl_lat = 756.878
stat.node.2.llc.miss_lat_hist_bin_ns = 10
stat.node.2.llc.miss_lat_hist = [0,0,0,0,0,0,0,0,0,0,0,0,0,0,0,0,0,0,0,0,0,0,0,0,0,0,0,0,0,0,151,508,140,1]
stat.node.2.util.dram_avg = 1.39067e-05
stat.node.2.walltime_s = 21.1976
stat.node.2.active_time_s = 10.16
stat.node.3.cpu.0.load_issue_to_complete_count = 799
stat.node.3.cpu.0.avg_load_issue_to_complete_lat = 930.742
stat.node.3.injector.phase_cycles = 745472
stat.node.3.injector.request_bytes = 248544
stat.node.3.injector.response_bytes = 101120
stat.node.3.injector.aggregate_bytes = 349664
stat.node.3.injector.request_gbps = 6.40137
stat.node.3.injector.response_gbps = 2.6044
stat.node.3.injector.aggregate_gbps = 9.00577
stat.node.3.llc.cxl_miss = 800
stat.node.3.llc.total_miss = 800
stat.node.3.llc.avg_miss_lat = 756.909
stat.node.3.llc.avg_cxl_lat = 756.909
stat.node.3.llc.miss_lat_hist_bin_ns = 10
stat.node.3.llc.miss_lat_hist = [0,0,0,0,0,0,0,0,0,0,0,0,0,0,0,0,0,0,0,0,0,0,0,0,0,0,0,0,0,0,152,506,138,4]
stat.node.3.util.dram_avg = 1.39067e-05
stat.node.3.walltime_s = 21.1976
stat.node.3.active_time_s = 10.0568
Simulation is complete, simulated time: 719.655 us
