stat.node.5.cpu.0.retired = 817
stat.node.5.cpu.0.cycles = 1000000
stat.node.6.cpu.0.retired = 817
stat.node.6.cpu.0.cycles = 1000000
stat.node.7.cpu.0.retired = 817
stat.node.7.cpu.0.cycles = 1000000
stat.node.0.cpu.0.retired = 817
stat.node.0.cpu.0.cycles = 1000000
stat.node.1.cpu.0.retired = 817
stat.node.1.cpu.0.cycles = 1000000
stat.node.2.cpu.0.retired = 817
stat.node.2.cpu.0.cycles = 1000000
stat.node.3.cpu.0.retired = 817
stat.node.3.cpu.0.cycles = 1000000
stat.node.4.cpu.0.retired = 817
stat.node.4.cpu.0.cycles = 1000000
stat.node.6.cpu.0.load_issue_to_complete_count = 799
stat.node.6.cpu.0.avg_load_issue_to_complete_lat = 933.055
stat.node.6.injector.phase_cycles = 747322
stat.node.6.injector.request_bytes = 248544
stat.node.7.cpu.0.load_issue_to_complete_count = 799
stat.node.7.cpu.0.avg_load_issue_to_complete_lat = 933.056
stat.node.7.injector.phase_cycles = 747323
stat.node.7.injector.request_bytes = 248544
stat.node.7.injector.response_bytes = 101120
stat.node.7.injector.aggregate_bytes = 349664
stat.node.7.injector.request_gbps = 6.38552
stat.node.7.injector.response_gbps = 2.59794
stat.node.7.injector.aggregate_gbps = 8.98346
stat.node.7.llc.cxl_miss = 800
stat.node.7.llc.total_miss = 800
stat.node.7.llc.avg_miss_lat = 759.158
stat.node.7.llc.avg_cxl_lat = 759.158
stat.node.7.llc.miss_lat_hist_bin_ns = 10
stat.node.7.llc.miss_lat_hist = [0,0,0,0,0,0,0,0,0,0,0,0,0,0,0,0,0,0,0,0,0,0,0,0,0,0,0,0,0,12,99,541,133,15]
stat.node.0.cpu.0.load_issue_to_complete_count = 799
stat.node.0.cpu.0.avg_load_issue_to_complete_lat = 933.055
stat.node.0.injector.phase_cycles = 747322
stat.node.0.injector.request_bytes = 248544
stat.node.0.injector.response_bytes = 101120
stat.node.0.injector.aggregate_bytes = 349664
stat.node.0.injector.request_gbps = 6.38553
stat.node.0.injector.response_gbps = 2.59795
stat.node.0.injector.aggregate_gbps = 8.98348
stat.node.0.llc.cxl_miss = 800
stat.node.0.llc.total_miss = 800
stat.node.0.llc.avg_miss_lat = 759.129
stat.node.0.llc.avg_cxl_lat = 759.129
stat.node.0.llc.miss_lat_hist_bin_ns = 10
stat.node.0.llc.miss_lat_hist = [0,0,0,0,0,0,0,0,0,0,0,0,0,0,0,0,0,0,0,0,0,0,0,0,0,0,0,0,0,31,83,538,112,36]
stat.node.0.util.dram_avg = 1.38722e-05
stat.node.0.walltime_s = 66.7674
stat.node.1.cpu.0.load_issue_to_complete_count = 799
stat.node.1.cpu.0.avg_load_issue_to_complete_lat = 933.055
stat.node.1.injector.phase_cycles = 747323
stat.node.6.injector.response_bytes = 101120
stat.node.6.injector.aggregate_bytes = 349664
stat.node.6.injector.request_gbps = 6.38553
stat.node.6.injector.response_gbps = 2.59795
stat.node.6.injector.aggregate_gbps = 8.98348
stat.node.6.llc.cxl_miss = 800
stat.node.7.util.dram_avg = 1.38722e-05
stat.node.7.walltime_s = 66.7674
stat.node.7.active_time_s = 19.6095
stat.node.0.active_time_s = 20.4611
stat.node.1.injector.request_bytes = 248544
stat.node.1.injector.response_bytes = 101120
stat.node.1.injector.aggregate_bytes = 349664
stat.node.1.injector.request_gbps = 6.38552
stat.node.1.injector.response_gbps = 2.59794
stat.node.1.injector.aggregate_gbps = 8.98346
stat.node.1.llc.cxl_miss = 800
stat.node.1.llc.total_miss = 800
stat.node.6.llc.total_miss = 800
stat.node.6.llc.avg_miss_lat = 759.15
stat.node.6.llc.avg_cxl_lat = 759.15
stat.node.6.llc.miss_lat_hist_bin_ns = 10
stat.node.6.llc.miss_lat_hist = [0,0,0,0,0,0,0,0,0,0,0,0,0,0,0,0,0,0,0,0,0,0,0,0,0,0,0,0,0,11,103,539,129,18]
stat.node.6.util.dram_avg = 1.38722e-05
stat.node.1.llc.avg_miss_lat = 759.16
stat.node.1.llc.avg_cxl_lat = 759.16
stat.node.1.llc.miss_lat_hist_bin_ns = 10
stat.node.6.walltime_s = 66.7674
stat.node.6.active_time_s = 23.4864
stat.node.1.llc.miss_lat_hist = [0,0,0,0,0,0,0,0,0,0,0,0,0,0,0,0,0,0,0,0,0,0,0,0,0,0,0,0,0,41,79,530,99,51]
stat.node.1.util.dram_avg = 1.38722e-05
stat.node.1.walltime_s = 66.7675
stat.node.1.active_time_s = 20.975
stat.node.2.cpu.0.load_issue_to_complete_count = 799
stat.node.3.cpu.0.load_issue_to_complete_count = 799
stat.node.2.cpu.0.avg_load_issue_to_complete_lat = 933.028
stat.node.3.cpu.0.avg_load_issue_to_complete_lat = 933.058
stat.node.2.injector.phase_cycles = 747300
stat.node.2.injector.request_bytes = 248544
stat.node.2.injector.response_bytes = 101120
stat.node.2.injector.aggregate_bytes = 349664
stat.node.2.injector.request_gbps = 6.38571
stat.node.3.injector.phase_cycles = 747325
stat.node.3.injector.request_bytes = 248544
stat.node.3.injector.response_bytes = 101120
stat.node.2.injector.response_gbps = 2.59802
stat.node.2.injector.aggregate_gbps = 8.98374
stat.node.2.llc.cxl_miss = 800
stat.node.2.llc.total_miss = 800
stat.node.2.llc.avg_miss_lat = 759.159
stat.node.2.llc.avg_cxl_lat = 759.159
stat.node.2.llc.miss_lat_hist_bin_ns = 10
stat.node.2.llc.miss_lat_hist = [0,0,0,0,0,0,0,0,0,0,0,0,0,0,0,0,0,0,0,0,0,0,0,0,0,0,0,0,0,71,43,538,73,73,2]
stat.node.2.util.dram_avg = 1.38722e-05
stat.node.2.walltime_s = 66.7677
stat.node.2.active_time_s = 19.5445
stat.node.3.injector.aggregate_bytes = 349664
stat.node.3.injector.request_gbps = 6.3855
stat.node.3.injector.response_gbps = 2.59794
stat.node.3.injector.aggregate_gbps = 8.98344
stat.node.3.llc.cxl_miss = 800
stat.node.3.llc.total_miss = 800
stat.node.3.llc.avg_miss_lat = 759.19
stat.node.3.llc.avg_cxl_lat = 759.19
stat.node.3.llc.miss_lat_hist_bin_ns = 10
stat.node.3.llc.miss_lat_hist = [0,0,0,0,0,0,0,0,0,0,0,0,0,0,0,0,0,0,0,0,0,0,0,0,0,0,0,0,0,22,98,528,121,31]
stat.node.3.util.dram_avg = 1.38722e-05
stat.node.3.walltime_s = 66.7678
stat.node.3.active_time_s = 23.9199
stat.node.5.cpu.0.load_issue_to_complete_count = 799
stat.node.5.cpu.0.avg_load_issue_to_complete_lat = 933.086
stat.node.5.injector.phase_cycles = 747347
stat.node.5.injector.request_bytes = 248544
stat.node.5.injector.response_bytes = 101120
stat.node.5.injector.aggregate_bytes = 349664
stat.node.5.injector.request_gbps = 6.38531
stat.node.4.cpu.0.load_issue_to_complete_count = 799
stat.node.5.injector.response_gbps = 2.59786
stat.node.5.injector.aggregate_gbps = 8.98317
stat.node.5.llc.cxl_miss = 800
stat.node.5.llc.total_miss = 800
stat.node.4.cpu.0.avg_load_issue_to_complete_lat = 933.055
stat.node.4.injector.phase_cycles = 747322
stat.node.4.injector.request_bytes = 248544
stat.node.5.llc.avg_miss_lat = 759.181
stat.node.5.llc.avg_cxl_lat = 759.181
stat.node.5.llc.miss_lat_hist_bin_ns = 10
stat.node.4.injector.response_bytes = 101120
stat.node.4.injector.aggregate_bytes = 349664
stat.node.4.injector.request_gbps = 6.38553
stat.node.4.injector.response_gbps = 2.59795
stat.node.5.llc.miss_lat_hist = [0,0,0,0,0,0,0,0,0,0,0,0,0,0,0,0,0,0,0,0,0,0,0,0,0,0,0,0,0,7,106,539,135,13]
stat.node.4.injector.aggregate_gbps = 8.98348
stat.node.4.llc.cxl_miss = 800
stat.node.5.util.dram_avg = 1.3872e-05
stat.node.5.walltime_s = 66.7685
stat.node.5.active_time_s = 19.6641
stat.node.4.llc.total_miss = 800
stat.node.4.llc.avg_miss_lat = 759.156
stat.node.4.llc.avg_cxl_lat = 759.156
stat.node.4.llc.miss_lat_hist_bin_ns = 10
stat.node.4.llc.miss_lat_hist = [0,0,0,0,0,0,0,0,0,0,0,0,0,0,0,0,0,0,0,0,0,0,0,0,0,0,0,0,0,39,78,535,104,40,4]
stat.node.4.util.dram_avg = 1.3872e-05
stat.node.4.walltime_s = 66.7685
stat.node.4.active_time_s = 20.2645
stat.pool.105.util.mem_avg = 0.174767
stat.pool.105.util.req_link_avg = 0.999454
stat.pool.105.walltime_s = 66.7686
stat.pool.105.active_time_s = 0.522799
stat.pool.104.util.mem_avg = 0.174767
stat.pool.104.util.req_link_avg = 0.999454
stat.pool.104.walltime_s = 66.7687
stat.pool.104.active_time_s = 0.527838
stat.pool.103.util.mem_avg = 0.174767
stat.pool.103.util.req_link_avg = 0.999454
stat.pool.103.walltime_s = 66.7687
stat.pool.103.active_time_s = 0.520956
stat.pool.102.util.mem_avg = 0.174767
stat.pool.102.util.req_link_avg = 0.999454
stat.pool.102.walltime_s = 66.7687
stat.pool.102.active_time_s = 0.536907
stat.pool.101.util.mem_avg = 0.174769
stat.pool.101.util.req_link_avg = 0.999455
stat.pool.101.walltime_s = 66.7687
stat.pool.101.active_time_s = 0.532777
stat.pool.100.util.mem_avg = 0.174769
stat.pool.100.util.req_link_avg = 0.999455
stat.pool.100.walltime_s = 66.7688
stat.pool.100.active_time_s = 0.567394
stat.switch.replicated_messages = 409536
stat.switch.util.node_ingress_avg = 0.133246
stat.switch.util.pool_ingress_avg = 0.106186
stat.switch.bw.host_to_switch_gbps = 6.54999
stat.switch.bw.switch_to_host_gbps = 3.91417
stat.switch.bw.host_link_total_gbps = 10.4642
stat.switch.walltime_s = 66.7688
stat.switch.active_time_s = 3.1413
Simulation is complete, simulated time: 721.451 us
