stat.node.1.cpu.0.retired = 974
stat.node.2.cpu.0.retired = 972
stat.node.2.cpu.0.cycles = 1000000
stat.node.3.cpu.0.retired = 973
stat.node.3.cpu.0.cycles = 1000000
stat.node.4.cpu.0.retired = 974
stat.node.4.cpu.0.cycles = 1000000
stat.node.5.cpu.0.retired = 974
stat.node.5.cpu.0.cycles = 1000000
stat.node.6.cpu.0.retired = 974
stat.node.6.cpu.0.cycles = 1000000
stat.node.7.cpu.0.retired = 974
stat.node.7.cpu.0.cycles = 1000000
stat.node.0.cpu.0.retired = 974
stat.node.0.cpu.0.cycles = 1000000
stat.node.1.cpu.0.cycles = 1000000
stat.node.4.cpu.0.load_issue_to_complete_count = 799
stat.node.4.cpu.0.avg_load_issue_to_complete_lat = 811.406
stat.node.4.injector.phase_cycles = 650004
stat.node.4.injector.request_bytes = 10176
stat.node.4.injector.response_bytes = 12864
stat.node.4.injector.aggregate_bytes = 23040
stat.node.4.injector.request_gbps = 0.300582
stat.node.4.injector.response_gbps = 0.37998
stat.node.4.injector.aggregate_gbps = 0.680562
stat.node.4.llc.cxl_miss = 800
stat.node.4.llc.total_miss = 800
stat.node.4.llc.avg_miss_lat = 639.435
stat.node.4.llc.avg_cxl_lat = 639.435
stat.node.4.llc.miss_lat_hist_bin_ns = 10
stat.node.4.llc.miss_lat_hist = [0,0,0,0,0,0,0,0,0,0,0,0,0,0,0,0,0,0,0,0,0,0,0,0,0,0,709,21,10,12,4,9,5,11,7,8,3,0,1]
stat.node.4.util.dram_avg = 1.59659e-05
stat.node.4.walltime_s = 225.289
stat.node.4.active_time_s = 22.7317
stat.node.5.cpu.0.load_issue_to_complete_count = 799
stat.node.5.cpu.0.avg_load_issue_to_complete_lat = 811.274
stat.node.5.injector.phase_cycles = 649899
stat.node.5.injector.request_bytes = 10176
stat.node.5.injector.response_bytes = 12800
stat.node.5.injector.aggregate_bytes = 22976
stat.node.5.injector.request_gbps = 0.30063
stat.node.5.injector.response_gbps = 0.378151
stat.node.5.injector.aggregate_gbps = 0.678781
stat.node.5.llc.cxl_miss = 800
stat.node.5.llc.total_miss = 800
stat.node.5.llc.avg_miss_lat = 639.5
stat.node.5.llc.avg_cxl_lat = 639.5
stat.node.5.llc.miss_lat_hist_bin_ns = 10
stat.node.5.llc.miss_lat_hist = [0,0,0,0,0,0,0,0,0,0,0,0,0,0,0,0,0,0,0,0,0,0,0,0,0,0,698,35,10,9,4,9,5,12,6,8,4]
stat.node.5.util.dram_avg = 1.59593e-05
stat.node.5.walltime_s = 225.301
stat.node.5.active_time_s = 21.0921
stat.node.6.cpu.0.load_issue_to_complete_count = 799
stat.node.6.cpu.0.avg_load_issue_to_complete_lat = 811.591
stat.node.6.injector.phase_cycles = 650152
stat.node.6.injector.request_bytes = 10176
stat.node.6.injector.response_bytes = 12800
stat.node.6.injector.aggregate_bytes = 22976
stat.node.6.injector.request_gbps = 0.300513
stat.node.6.injector.response_gbps = 0.378004
stat.node.6.injector.aggregate_gbps = 0.678517
stat.node.6.llc.cxl_miss = 800
stat.node.6.llc.total_miss = 800
stat.node.6.llc.avg_miss_lat = 639.819
stat.node.6.llc.avg_cxl_lat = 639.819
stat.node.6.llc.miss_lat_hist_bin_ns = 10
stat.node.6.llc.miss_lat_hist = [0,0,0,0,0,0,0,0,0,0,0,0,0,0,0,0,0,0,0,0,0,0,0,0,0,0,696,31,9,13,7,7,8,10,9,8,2]
stat.node.6.util.dram_avg = 1.59569e-05
stat.node.6.walltime_s = 225.306
stat.node.6.active_time_s = 22.0765
stat.node.7.cpu.0.load_issue_to_complete_count = 799
stat.node.7.cpu.0.avg_load_issue_to_complete_lat = 811.716
stat.node.7.injector.phase_cycles = 650252
stat.node.7.injector.request_bytes = 10176
stat.node.7.injector.response_bytes = 12800
stat.node.7.injector.aggregate_bytes = 22976
stat.node.7.injector.request_gbps = 0.300467
stat.node.7.injector.response_gbps = 0.377946
stat.node.7.injector.aggregate_gbps = 0.678413
stat.node.7.llc.cxl_miss = 800
stat.node.7.llc.total_miss = 800
stat.node.7.llc.avg_miss_lat = 639.942
stat.node.7.llc.avg_cxl_lat = 639.942
stat.node.7.llc.miss_lat_hist_bin_ns = 10
stat.node.7.llc.miss_lat_hist = [0,0,0,0,0,0,0,0,0,0,0,0,0,0,0,0,0,0,0,0,0,0,0,0,0,0,697,35,8,8,8,6,4,16,5,9,3,1]
stat.node.7.util.dram_avg = 1.59553e-05
stat.node.7.walltime_s = 225.309
stat.node.7.active_time_s = 22.7435
stat.node.0.cpu.0.load_issue_to_complete_count = 799
stat.node.0.cpu.0.avg_load_issue_to_complete_lat = 812.024
stat.node.0.injector.phase_cycles = 650498
stat.node.0.injector.request_bytes = 10176
stat.node.0.injector.response_bytes = 12800
stat.node.0.injector.aggregate_bytes = 22976
stat.node.0.injector.request_gbps = 0.300353
stat.node.0.injector.response_gbps = 0.377803
stat.node.0.injector.aggregate_gbps = 0.678156
stat.node.0.llc.cxl_miss = 800
stat.node.0.llc.total_miss = 800
stat.node.0.llc.avg_miss_lat = 640
stat.node.0.llc.avg_cxl_lat = 640
stat.node.0.llc.miss_lat_hist_bin_ns = 10
stat.node.0.llc.miss_lat_hist = [0,0,0,0,0,0,0,0,0,0,0,0,0,0,0,0,0,0,0,0,0,0,0,0,0,0,699,30,6,12,7,12,3,13,5,8,5]
stat.node.0.util.dram_avg = 1.59519e-05
stat.node.0.walltime_s = 225.316
stat.node.0.active_time_s = 22.6594
stat.node.1.cpu.0.load_issue_to_complete_count = 799
stat.node.1.cpu.0.avg_load_issue_to_complete_lat = 812.024
stat.node.1.injector.phase_cycles = 650498
stat.node.1.injector.request_bytes = 10176
stat.node.1.injector.response_bytes = 12800
stat.node.1.injector.aggregate_bytes = 22976
stat.node.1.injector.request_gbps = 0.300353
stat.node.1.injector.response_gbps = 0.377803
stat.node.1.injector.aggregate_gbps = 0.678156
stat.node.1.llc.cxl_miss = 800
stat.node.1.llc.total_miss = 800
stat.node.1.llc.avg_miss_lat = 639.875
stat.node.1.llc.avg_cxl_lat = 639.875
stat.node.1.llc.miss_lat_hist_bin_ns = 10
stat.node.1.llc.miss_lat_hist = [0,0,0,0,0,0,0,0,0,0,0,0,0,0,0,0,0,0,0,0,0,0,0,0,0,0,696,33,5,14,11,6,4,13,7,7,3,1]
stat.node.1.util.dram_avg = 1.59516e-05
stat.node.1.walltime_s = 225.316
stat.node.1.active_time_s = 20.4846
stat.node.3.cpu.0.load_issue_to_complete_count = 799
stat.node.3.cpu.0.avg_load_issue_to_complete_lat = 812.399
stat.node.3.injector.phase_cycles = 650798
stat.node.3.injector.request_bytes = 10184
stat.node.3.injector.response_bytes = 12864
stat.node.3.injector.aggregate_bytes = 23048
stat.node.3.injector.request_gbps = 0.300451
stat.node.3.injector.response_gbps = 0.379517
stat.node.3.injector.aggregate_gbps = 0.679968
stat.node.3.llc.cxl_miss = 800
stat.node.3.llc.total_miss = 800
stat.node.3.llc.avg_miss_lat = 640.378
stat.node.3.llc.avg_cxl_lat = 640.378
stat.node.3.llc.miss_lat_hist_bin_ns = 10
stat.node.3.llc.miss_lat_hist = [0,0,0,0,0,0,0,0,0,0,0,0,0,0,0,0,0,0,0,0,0,0,0,0,0,0,689,32,10,18,7,8,5,13,9,5,4]
stat.node.3.util.dram_avg = 1.59421e-05
stat.node.3.walltime_s = 225.334
stat.node.3.active_time_s = 20.877
stat.node.2.cpu.0.load_issue_to_complete_count = 799
stat.node.2.cpu.0.avg_load_issue_to_complete_lat = 813.024
stat.node.2.injector.phase_cycles = 651297
stat.node.2.injector.request_bytes = 10184
stat.node.2.injector.response_bytes = 12864
stat.node.2.injector.aggregate_bytes = 23048
stat.node.2.injector.request_gbps = 0.300221
stat.node.2.injector.response_gbps = 0.379226
stat.node.2.injector.aggregate_gbps = 0.679447
stat.node.2.llc.cxl_miss = 800
stat.node.2.llc.total_miss = 800
stat.node.2.llc.avg_miss_lat = 641.076
stat.node.2.llc.avg_cxl_lat = 641.076
stat.node.2.llc.miss_lat_hist_bin_ns = 10
stat.node.2.llc.miss_lat_hist = [0,0,0,0,0,0,0,0,0,0,0,0,0,0,0,0,0,0,0,0,0,0,0,0,0,0,686,31,13,16,13,8,7,10,7,6,1,2]
stat.node.2.util.dram_avg = 1.59271e-05
stat.node.2.walltime_s = 225.36
stat.node.2.active_time_s = 20.4686
stat.pool.100.util.mem_avg = 0.055893
stat.pool.100.util.req_link_avg = 0.0795544
stat.pool.100.walltime_s = 225.36
stat.pool.100.active_time_s = 0.713635
stat.switch.replicated_messages = 2472
stat.switch.util.node_ingress_avg = 0.0099444
stat.switch.util.pool_ingress_avg = 0.308296
stat.switch.bw.host_to_switch_gbps = 0.488808
stat.switch.bw.switch_to_host_gbps = 1.89412
stat.switch.bw.host_link_total_gbps = 2.38293
stat.switch.walltime_s = 225.36
stat.switch.active_time_s = 2.40344
Simulation is complete, simulated time: 628.363 us
