stat.node.1.cpu.0.retired = 285
stat.node.1.cpu.0.cycles = 1000000
stat.node.2.cpu.0.retired = 346
stat.node.2.cpu.0.cycles = 1000000
stat.node.3.cpu.0.retired = 386
stat.node.3.cpu.0.cycles = 1000000
stat.node.4.cpu.0.retired = 332
stat.node.4.cpu.0.cycles = 1000000
stat.node.5.cpu.0.retired = 333
stat.node.5.cpu.0.cycles = 1000000
stat.node.6.cpu.0.retired = 288
stat.node.6.cpu.0.cycles = 1000000
stat.node.7.cpu.0.retired = 259
stat.node.7.cpu.0.cycles = 1000000
stat.node.0.cpu.0.retired = 267
stat.node.0.cpu.0.cycles = 1000000
stat.node.1.cpu.0.retired = 546
stat.node.1.cpu.0.cycles = 2000000
stat.node.2.cpu.0.retired = 619
stat.node.2.cpu.0.cycles = 2000000
stat.node.3.cpu.0.retired = 707
stat.node.3.cpu.0.cycles = 2000000
stat.node.4.cpu.0.retired = 620
stat.node.4.cpu.0.cycles = 2000000
stat.node.5.cpu.0.retired = 668
stat.node.5.cpu.0.cycles = 2000000
stat.node.6.cpu.0.retired = 595
stat.node.6.cpu.0.cycles = 2000000
stat.node.0.cpu.0.retired = 541
stat.node.0.cpu.0.cycles = 2000000
stat.node.7.cpu.0.retired = 510
stat.node.7.cpu.0.cycles = 2000000
stat.node.5.cpu.0.retired = 959
stat.node.5.cpu.0.cycles = 3000000
stat.node.7.cpu.0.retired = 796
stat.node.7.cpu.0.cycles = 3000000
stat.node.0.cpu.0.retired = 894
stat.node.0.cpu.0.cycles = 3000000
stat.node.6.cpu.0.retired = 886
stat.node.6.cpu.0.cycles = 3000000
stat.node.1.cpu.0.retired = 848
stat.node.1.cpu.0.cycles = 3000000
stat.node.2.cpu.0.retired = 911
stat.node.2.cpu.0.cycles = 3000000
stat.node.3.cpu.0.retired = 1005
stat.node.3.cpu.0.cycles = 3000000
stat.node.4.cpu.0.retired = 907
stat.node.4.cpu.0.cycles = 3000000
stat.node.2.cpu.0.retired = 1215
stat.node.2.cpu.0.cycles = 4000000
stat.node.3.cpu.0.retired = 1310
stat.node.3.cpu.0.cycles = 4000000
stat.node.5.cpu.0.retired = 1264
stat.node.5.cpu.0.cycles = 4000000
stat.node.4.cpu.0.retired = 1209
stat.node.4.cpu.0.cycles = 4000000
stat.node.7.cpu.0.retired = 1098
stat.node.7.cpu.0.cycles = 4000000
stat.node.0.cpu.0.retired = 1197
stat.node.0.cpu.0.cycles = 4000000
stat.node.6.cpu.0.retired = 1190
stat.node.6.cpu.0.cycles = 4000000
stat.node.1.cpu.0.retired = 1177
stat.node.1.cpu.0.cycles = 4000000
stat.node.3.cpu.0.load_issue_to_complete_count = 799
stat.node.3.cpu.0.avg_load_issue_to_complete_lat = 3283.93
stat.node.3.injector.phase_cycles = 2628528
stat.node.3.injector.request_bytes = 1185880
stat.node.3.injector.response_bytes = 3162048
stat.node.3.injector.aggregate_bytes = 4347928
stat.node.3.injector.request_gbps = 8.66222
stat.node.3.injector.response_gbps = 23.0971
stat.node.3.injector.aggregate_gbps = 31.7593
stat.node.3.llc.cxl_miss = 800
stat.node.3.llc.total_miss = 800
stat.node.3.llc.avg_miss_lat = 3072.53
stat.node.3.llc.avg_cxl_lat = 3072.53
stat.node.3.llc.miss_lat_hist_bin_ns = 10
stat.node.3.llc.miss_lat_hist = [0,0,0,0,0,0,0,0,0,0,0,0,0,0,0,0,0,0,0,0,0,0,0,0,0,0,0,0,0,0,0,0,0,0,0,0,0,0,0,0,0,0,0,0,0,0,0,0,0,0,0,0,0,0,0,0,0,0,0,0,0,0,0,0,0,0,0,0,0,0,0,0,0,0,0,0,0,0,0,0,0,0,0,0,0,0,0,0,0,0,0,0,1,0,1,0,0,1,1,0,0,4,2,5,9,4,9,5,11,3,12,8,12,16,14,21,19,21,16,22,24,29,27,27,28,30,27,26,22,25,20,18,23,23,17,13,20,9,10,14,13,15,12,12,7,8,10,9,9,3,7,6,5,4,5,4,5,1,2,2,2,1,0,3,1,1,1,1,0,0,0,0,0,0,0,0,0,0,1,1]
stat.node.3.util.dram_avg = 4.85643e-06
stat.node.3.walltime_s = 74.2669
stat.node.3.active_time_s = 30.278
stat.node.7.cpu.0.retired = 1401
stat.node.7.cpu.0.cycles = 5000000
stat.node.0.cpu.0.retired = 1504
stat.node.0.cpu.0.cycles = 5000000
stat.node.6.cpu.0.retired = 1494
stat.node.6.cpu.0.cycles = 5000000
stat.node.5.cpu.0.retired = 1575
stat.node.5.cpu.0.cycles = 5000000
stat.node.2.cpu.0.retired = 1519
stat.node.2.cpu.0.cycles = 5000000
stat.node.1.cpu.0.retired = 1491
stat.node.1.cpu.0.cycles = 5000000
stat.node.3.cpu.0.retired = 1617
stat.node.3.cpu.0.cycles = 5000000
stat.node.4.cpu.0.retired = 1517
stat.node.4.cpu.0.cycles = 5000000
stat.node.5.cpu.0.load_issue_to_complete_count = 799
stat.node.5.cpu.0.avg_load_issue_to_complete_lat = 3257.7
stat.node.5.injector.phase_cycles = 2606397
stat.node.5.injector.request_bytes = 1182912
stat.node.5.injector.response_bytes = 3154944
stat.node.5.injector.aggregate_bytes = 4337856
stat.node.5.injector.request_gbps = 8.71391
stat.node.5.injector.response_gbps = 23.2409
stat.node.5.injector.aggregate_gbps = 31.9548
stat.node.5.llc.cxl_miss = 800
stat.node.5.llc.total_miss = 800
stat.node.5.llc.avg_miss_lat = 3048.01
stat.node.5.llc.avg_cxl_lat = 3048.01
stat.node.5.llc.miss_lat_hist_bin_ns = 10
stat.node.5.llc.miss_lat_hist = [0,0,0,0,0,0,0,0,0,0,0,0,0,0,0,0,0,0,0,0,0,0,0,0,0,0,0,0,0,0,0,0,0,0,0,0,0,0,0,0,0,0,0,0,0,0,0,0,0,0,0,0,0,0,0,0,0,0,0,0,0,0,0,0,0,0,0,0,0,0,0,0,0,0,0,0,0,0,0,0,0,0,0,0,0,0,0,0,1,0,0,1,0,1,0,0,1,1,3,1,0,4,3,6,5,8,5,13,3,9,19,15,10,13,19,14,15,22,21,13,24,20,21,33,31,26,29,32,21,24,22,37,22,28,18,16,13,17,12,10,8,8,12,11,8,9,8,5,7,3,3,4,4,2,1,4,3,3,1,3,0,2,2,1,1,1,2,1,0,0,0,0,0,0,0,0,1]
stat.node.5.util.dram_avg = 4.72579e-06
stat.node.5.walltime_s = 76.3868
stat.node.5.active_time_s = 31.0245
stat.node.1.cpu.0.load_issue_to_complete_count = 799
stat.node.1.cpu.0.avg_load_issue_to_complete_lat = 3003.21
stat.node.1.injector.phase_cycles = 2403666
stat.node.1.injector.request_bytes = 1090952
stat.node.1.injector.response_bytes = 2909888
stat.node.1.injector.aggregate_bytes = 4000840
stat.node.1.injector.request_gbps = 8.7143
stat.node.1.injector.response_gbps = 23.2436
stat.node.1.injector.aggregate_gbps = 31.9579
stat.node.1.llc.cxl_miss = 800
stat.node.1.llc.total_miss = 800
stat.node.1.llc.avg_miss_lat = 2792.84
stat.node.1.llc.avg_cxl_lat = 2792.84
stat.node.1.llc.miss_lat_hist_bin_ns = 10
stat.node.1.llc.miss_lat_hist = [0,0,0,0,0,0,0,0,0,0,0,0,0,0,0,0,0,0,0,0,0,0,0,0,0,0,0,0,0,0,0,0,0,0,0,0,0,0,0,0,0,2,2,3,1,5,3,4,3,4,2,1,3,3,2,4,2,3,4,1,0,5,2,3,1,4,2,8,3,1,1,1,2,3,8,2,2,2,2,0,2,4,0,4,3,1,1,0,3,1,0,1,1,4,3,2,2,0,3,5,4,3,5,1,6,7,6,13,5,9,12,16,9,8,19,19,13,18,16,19,22,14,21,22,21,20,31,29,9,23,22,13,15,19,18,15,16,10,8,8,7,9,4,6,5,3,4,5,3,3,6,2,3,3,1,2,4,1,1,1,3,0,3,0,0,0,1,1,0,1,3,0,1,0,1,0,1,0,1,2,0,0,0,0,0,0,0,0,1]
stat.node.1.util.dram_avg = 4.57546e-06
stat.node.1.walltime_s = 78.9799
stat.node.1.active_time_s = 32.2174
stat.node.2.cpu.0.load_issue_to_complete_count = 799
stat.node.2.cpu.0.avg_load_issue_to_complete_lat = 3273.27
stat.node.2.injector.phase_cycles = 2619785
stat.node.2.injector.request_bytes = 1180320
stat.node.2.injector.response_bytes = 3147264
stat.node.2.injector.aggregate_bytes = 4327584
stat.node.2.injector.request_gbps = 8.65038
stat.node.2.injector.response_gbps = 23.0658
stat.node.2.injector.aggregate_gbps = 31.7162
stat.node.2.llc.cxl_miss = 800
stat.node.2.llc.total_miss = 800
stat.node.2.llc.avg_miss_lat = 3065.48
stat.node.2.llc.avg_cxl_lat = 3065.48
stat.node.2.llc.miss_lat_hist_bin_ns = 10
stat.node.2.llc.miss_lat_hist = [0,0,0,0,0,0,0,0,0,0,0,0,0,0,0,0,0,0,0,0,0,0,0,0,0,0,0,0,0,0,0,0,0,0,0,0,0,0,0,0,0,0,0,0,0,0,0,0,0,0,0,0,0,0,0,0,0,0,0,0,0,0,0,0,0,0,0,0,0,0,0,0,0,0,0,0,0,0,0,0,0,0,0,0,0,0,0,0,0,0,1,0,0,1,1,0,2,0,2,0,1,2,4,1,4,3,6,14,11,6,5,16,14,19,17,22,26,23,28,19,16,18,26,22,27,21,31,24,24,23,16,26,23,19,17,19,21,12,17,16,13,15,5,8,13,8,4,5,5,8,5,4,5,3,4,1,4,1,1,0,1,4,3,2,2,2,2,2,1,1,1,0,0,0,0,0,0,0,0,0,0,0,0,0,0,0,0,0,0,0,0,0,0,0,0,1]
stat.node.2.util.dram_avg = 4.5673e-06
stat.node.2.walltime_s = 79.1257
stat.node.2.active_time_s = 32.1688
stat.node.4.cpu.0.load_issue_to_complete_count = 799
stat.node.4.cpu.0.avg_load_issue_to_complete_lat = 3287.97
stat.node.4.injector.phase_cycles = 2631694
stat.node.4.injector.request_bytes = 1186176
stat.node.4.injector.response_bytes = 3163136
stat.node.4.injector.aggregate_bytes = 4349312
stat.node.4.injector.request_gbps = 8.65396
stat.node.4.injector.response_gbps = 23.0772
stat.node.4.injector.aggregate_gbps = 31.7312
stat.node.4.llc.cxl_miss = 800
stat.node.4.llc.total_miss = 800
stat.node.4.llc.avg_miss_lat = 3075.44
stat.node.4.llc.avg_cxl_lat = 3075.44
stat.node.4.llc.miss_lat_hist_bin_ns = 10
stat.node.4.llc.miss_lat_hist = [0,0,0,0,0,0,0,0,0,0,0,0,0,0,0,0,0,0,0,0,0,0,0,0,0,0,0,0,0,0,0,0,0,0,0,0,0,0,0,0,0,0,0,0,0,0,0,0,0,0,0,0,0,0,0,0,0,0,0,0,0,0,0,0,0,0,0,0,0,0,0,0,0,0,0,0,0,0,0,0,0,0,0,0,0,0,0,0,0,0,0,0,2,1,0,0,1,1,2,1,3,2,4,6,3,5,3,11,8,5,12,12,12,22,19,14,23,27,21,18,26,19,20,21,25,30,24,21,15,27,19,17,23,21,23,23,18,15,10,16,13,14,6,11,5,11,4,11,6,7,12,5,3,7,3,5,3,6,1,2,2,1,2,0,0,1,0,1,0,1,0,0,1,1,2,0,0,0,0,0,0,0,0,0,1,0,0,0,0,0,0,0,0,0,0,0,1]
stat.node.4.util.dram_avg = 4.55229e-06
stat.node.4.walltime_s = 79.3953
stat.node.4.active_time_s = 32.1719
stat.node.0.cpu.0.load_issue_to_complete_count = 799
stat.node.0.cpu.0.avg_load_issue_to_complete_lat = 3262.48
stat.node.0.injector.phase_cycles = 2610953
stat.node.0.injector.request_bytes = 1179928
stat.node.0.injector.response_bytes = 3146688
stat.node.0.injector.aggregate_bytes = 4326616
stat.node.0.injector.request_gbps = 8.67676
stat.node.0.injector.response_gbps = 23.1396
stat.node.0.injector.aggregate_gbps = 31.8164
stat.node.0.llc.cxl_miss = 800
stat.node.0.llc.total_miss = 800
stat.node.0.llc.avg_miss_lat = 3051.66
stat.node.0.llc.avg_cxl_lat = 3051.66
stat.node.0.llc.miss_lat_hist_bin_ns = 10
stat.node.0.llc.miss_lat_hist = [0,0,0,0,0,0,0,0,0,0,0,0,0,0,0,0,0,0,0,0,0,0,0,0,0,0,0,0,0,0,0,0,0,0,0,0,0,0,0,0,0,0,0,0,0,0,0,0,0,0,0,0,0,0,0,0,0,0,0,0,0,0,0,0,0,0,0,0,0,0,0,0,0,0,0,0,0,0,0,0,0,0,0,0,0,0,0,0,0,0,0,1,2,1,2,0,2,0,1,3,3,3,3,5,2,6,10,7,12,9,9,12,11,9,23,22,16,18,29,20,21,21,23,27,29,29,29,25,27,13,20,29,27,27,15,23,14,8,11,15,12,16,8,10,13,3,7,4,6,4,4,1,4,4,4,2,2,3,2,0,2,2,2,0,2,1,3,1,0,0,0,0,0,0,0,1,0,0,0,0,0,0,0,1,0,0,1,0,0,0,0,0,0,0,0,0,0,0,0,0,0,0,0,0,0,0,0,0,0,0,0,0,0,0,0,0,0,0,1]
stat.node.0.util.dram_avg = 4.52781e-06
stat.node.0.walltime_s = 79.8377
stat.node.0.active_time_s = 32.2777
stat.node.6.cpu.0.load_issue_to_complete_count = 799
stat.node.6.cpu.0.avg_load_issue_to_complete_lat = 3289.21
stat.node.6.injector.phase_cycles = 2632112
stat.node.6.injector.request_bytes = 1180704
stat.node.6.injector.response_bytes = 3148544
stat.node.6.injector.aggregate_bytes = 4329248
stat.node.6.injector.request_gbps = 8.61267
stat.node.6.injector.response_gbps = 22.9671
stat.node.6.injector.aggregate_gbps = 31.5798
stat.node.6.llc.cxl_miss = 800
stat.node.6.llc.total_miss = 800
stat.node.6.llc.avg_miss_lat = 3076.23
stat.node.6.llc.avg_cxl_lat = 3076.23
stat.node.6.llc.miss_lat_hist_bin_ns = 10
stat.node.6.llc.miss_lat_hist = [0,0,0,0,0,0,0,0,0,0,0,0,0,0,0,0,0,0,0,0,0,0,0,0,0,0,0,0,0,0,0,0,0,0,0,0,0,0,0,0,0,0,0,0,0,0,0,0,0,0,0,0,0,0,0,0,0,0,0,0,0,0,0,0,0,0,0,0,0,0,0,0,0,0,0,0,0,0,0,0,0,0,0,0,0,0,0,0,0,0,0,0,0,0,1,0,2,0,1,1,2,3,2,1,4,7,4,7,11,7,6,13,14,18,22,20,21,16,26,23,15,25,22,27,29,21,23,20,22,20,16,30,19,14,26,23,24,17,17,12,10,16,19,9,8,11,9,7,3,7,7,6,1,8,4,3,2,1,0,3,2,1,2,0,0,3,1,0,0,0,0,0,1,0,0,1,0,0,0,0,0,0,0,0,0,0,0,0,0,0,0,0,0,1]
stat.node.6.util.dram_avg = 4.49111e-06
stat.node.6.walltime_s = 80.5092
stat.node.6.active_time_s = 32.6514
stat.node.7.cpu.0.load_issue_to_complete_count = 799
stat.node.7.cpu.0.avg_load_issue_to_complete_lat = 3278.84
stat.node.7.injector.phase_cycles = 2623996
stat.node.7.injector.request_bytes = 1181472
stat.node.7.injector.response_bytes = 3150848
stat.node.7.injector.aggregate_bytes = 4332320
stat.node.7.injector.request_gbps = 8.64493
stat.node.7.injector.response_gbps = 23.055
stat.node.7.injector.aggregate_gbps = 31.7
stat.node.7.llc.cxl_miss = 800
stat.node.7.llc.total_miss = 800
stat.node.7.llc.avg_miss_lat = 3067.3
stat.node.7.llc.avg_cxl_lat = 3067.3
stat.node.7.llc.miss_lat_hist_bin_ns = 10
stat.node.7.llc.miss_lat_hist = [0,0,0,0,0,0,0,0,0,0,0,0,0,0,0,0,0,0,0,0,0,0,0,0,0,0,0,0,0,0,0,0,0,0,0,0,0,0,0,0,0,0,0,0,0,0,0,0,0,0,0,0,0,0,0,0,0,0,0,0,0,0,0,0,0,0,0,0,0,0,0,0,0,0,0,0,0,0,0,0,0,0,0,0,0,0,0,0,0,0,2,0,2,0,0,1,0,1,3,1,0,1,3,5,10,6,5,3,2,10,15,15,13,22,18,14,26,17,19,26,21,22,30,19,20,24,22,24,20,24,27,24,15,16,23,19,13,25,14,13,15,13,15,14,11,4,8,1,6,3,4,9,5,2,4,6,5,0,3,2,2,2,1,2,0,2,0,2,2,0,1,0,0,0,0,0,0,1]
stat.node.7.util.dram_avg = 4.2582e-06
stat.node.7.walltime_s = 84.5687
stat.node.7.active_time_s = 34.9092
stat.pool.107.util.mem_avg = 0.227016
stat.pool.107.util.req_link_avg = 0.999915
stat.pool.107.walltime_s = 84.5688
stat.pool.107.active_time_s = 0.956168
stat.pool.106.util.mem_avg = 0.227016
stat.pool.106.util.req_link_avg = 0.999915
stat.pool.106.walltime_s = 84.5688
stat.pool.106.active_time_s = 0.948487
stat.pool.105.util.mem_avg = 0.227016
stat.pool.105.util.req_link_avg = 0.999915
stat.pool.105.walltime_s = 84.5688
stat.pool.105.active_time_s = 0.962172
stat.pool.104.util.mem_avg = 0.227016
stat.pool.104.util.req_link_avg = 0.999915
stat.pool.104.walltime_s = 84.5688
stat.pool.104.active_time_s = 0.964458
stat.pool.103.util.mem_avg = 0.227016
stat.pool.103.util.req_link_avg = 0.999915
stat.pool.103.walltime_s = 84.5688
stat.pool.103.active_time_s = 0.976456
stat.pool.102.util.mem_avg = 0.227016
stat.pool.102.util.req_link_avg = 0.999915
stat.pool.102.walltime_s = 84.5688
stat.pool.102.active_time_s = 0.985972
stat.pool.101.util.mem_avg = 0.227016
stat.pool.101.util.req_link_avg = 0.999915
stat.pool.101.walltime_s = 84.5688
stat.pool.101.active_time_s = 0.994796
stat.pool.100.util.mem_avg = 0.227014
stat.pool.100.util.req_link_avg = 0.999915
stat.pool.100.walltime_s = 84.5688
stat.pool.100.active_time_s = 1.08239
stat.switch.replicated_messages = 1695584
stat.switch.util.node_ingress_avg = 0.177402
stat.switch.util.pool_ingress_avg = 0.478801
stat.switch.bw.host_to_switch_gbps = 8.71989
stat.switch.bw.switch_to_host_gbps = 23.534
stat.switch.bw.host_link_total_gbps = 32.2539
stat.switch.walltime_s = 84.5688
stat.switch.active_time_s = 7.00784
Simulation is complete, simulated time: 2.35029 ms
