stat.node.0.cpu.0.retired = 805
stat.node.0.cpu.0.cycles = 1000000
stat.node.1.cpu.0.retired = 808
stat.node.1.cpu.0.cycles = 1000000
stat.node.2.cpu.0.retired = 763
stat.node.2.cpu.0.cycles = 1000000
stat.node.3.cpu.0.retired = 807
stat.node.3.cpu.0.cycles = 1000000
stat.node.4.cpu.0.retired = 774
stat.node.4.cpu.0.cycles = 1000000
stat.node.5.cpu.0.retired = 801
stat.node.5.cpu.0.cycles = 1000000
stat.node.6.cpu.0.retired = 805
stat.node.6.cpu.0.cycles = 1000000
stat.node.7.cpu.0.retired = 794
stat.node.7.cpu.0.cycles = 1000000
stat.node.1.cpu.0.load_issue_to_complete_count = 799
stat.node.1.cpu.0.avg_load_issue_to_complete_lat = 959.867
stat.node.1.injector.phase_cycles = 768757
stat.node.1.injector.request_bytes = 272536
stat.node.1.injector.response_bytes = 344192
stat.node.1.injector.aggregate_bytes = 616728
stat.node.1.injector.request_gbps = 6.80669
stat.node.1.injector.response_gbps = 8.59633
stat.node.1.injector.aggregate_gbps = 15.403
stat.node.1.llc.cxl_miss = 800
stat.node.1.llc.total_miss = 800
stat.node.1.llc.avg_miss_lat = 785.602
stat.node.1.llc.avg_cxl_lat = 785.602
stat.node.1.llc.miss_lat_hist_bin_ns = 10
stat.node.1.llc.miss_lat_hist = [0,0,0,0,0,0,0,0,0,0,0,0,0,0,0,0,0,0,0,0,0,0,0,0,0,0,0,0,1,29,79,117,195,291,82,6]
stat.node.1.util.dram_avg = 1.36303e-05
stat.node.1.walltime_s = 244.241
stat.node.1.active_time_s = 22.198
stat.node.3.cpu.0.load_issue_to_complete_count = 799
stat.node.3.cpu.0.avg_load_issue_to_complete_lat = 959.039
stat.node.3.injector.phase_cycles = 768095
stat.node.3.injector.request_bytes = 272312
stat.node.3.injector.response_bytes = 343936
stat.node.3.injector.aggregate_bytes = 616248
stat.node.3.injector.request_gbps = 6.80696
stat.node.3.injector.response_gbps = 8.59734
stat.node.3.injector.aggregate_gbps = 15.4043
stat.node.3.llc.cxl_miss = 800
stat.node.3.llc.total_miss = 800
stat.node.3.llc.avg_miss_lat = 784.894
stat.node.3.llc.avg_cxl_lat = 784.894
stat.node.3.llc.miss_lat_hist_bin_ns = 10
stat.node.3.llc.miss_lat_hist = [0,0,0,0,0,0,0,0,0,0,0,0,0,0,0,0,0,0,0,0,0,0,0,0,0,0,0,0,1,19,100,113,201,291,72,3]
stat.node.3.util.dram_avg = 1.36286e-05
stat.node.3.walltime_s = 244.626
stat.node.3.active_time_s = 25.6086
stat.node.6.cpu.0.load_issue_to_complete_count = 799
stat.node.6.cpu.0.avg_load_issue_to_complete_lat = 959.065
stat.node.6.injector.phase_cycles = 768094
stat.node.6.injector.request_bytes = 272312
stat.node.6.injector.response_bytes = 343936
stat.node.6.injector.aggregate_bytes = 616248
stat.node.6.injector.request_gbps = 6.80697
stat.node.6.injector.response_gbps = 8.59735
stat.node.6.injector.aggregate_gbps = 15.4043
stat.node.6.llc.cxl_miss = 800
stat.node.6.llc.total_miss = 800
stat.node.6.llc.avg_miss_lat = 784.827
stat.node.6.llc.avg_cxl_lat = 784.827
stat.node.6.llc.miss_lat_hist_bin_ns = 10
stat.node.6.llc.miss_lat_hist = [0,0,0,0,0,0,0,0,0,0,0,0,0,0,0,0,0,0,0,0,0,0,0,0,0,0,0,0,1,10,79,155,204,278,73]
stat.node.6.util.dram_avg = 1.36187e-05
stat.node.6.walltime_s = 244.74
stat.node.6.active_time_s = 28.7839
stat.node.0.cpu.0.load_issue_to_complete_count = 799
stat.node.0.cpu.0.avg_load_issue_to_complete_lat = 960.14
stat.node.0.injector.phase_cycles = 768996
stat.node.0.injector.request_bytes = 272608
stat.node.0.injector.response_bytes = 344320
stat.node.0.injector.aggregate_bytes = 616928
stat.node.0.injector.request_gbps = 6.80637
stat.node.0.injector.response_gbps = 8.59685
stat.node.0.injector.aggregate_gbps = 15.4032
stat.node.0.llc.cxl_miss = 800
stat.node.0.llc.total_miss = 800
stat.node.0.llc.avg_miss_lat = 786.092
stat.node.0.llc.avg_cxl_lat = 786.092
stat.node.0.llc.miss_lat_hist_bin_ns = 10
stat.node.0.llc.miss_lat_hist = [0,0,0,0,0,0,0,0,0,0,0,0,0,0,0,0,0,0,0,0,0,0,0,0,0,0,0,0,4,20,52,139,218,300,67]
stat.node.0.util.dram_avg = 1.36104e-05
stat.node.0.walltime_s = 244.877
stat.node.0.active_time_s = 27.7968
stat.node.5.cpu.0.load_issue_to_complete_count = 799
stat.node.5.cpu.0.avg_load_issue_to_complete_lat = 961.751
stat.node.5.injector.phase_cycles = 770262
stat.node.5.injector.request_bytes = 273072
stat.node.5.injector.response_bytes = 344896
stat.node.5.injector.aggregate_bytes = 617968
stat.node.5.injector.request_gbps = 6.80675
stat.node.5.injector.response_gbps = 8.59708
stat.node.5.injector.aggregate_gbps = 15.4038
stat.node.5.llc.cxl_miss = 800
stat.node.5.llc.total_miss = 800
stat.node.5.llc.avg_miss_lat = 787.191
stat.node.5.llc.avg_cxl_lat = 787.191
stat.node.5.llc.miss_lat_hist_bin_ns = 10
stat.node.5.llc.miss_lat_hist = [0,0,0,0,0,0,0,0,0,0,0,0,0,0,0,0,0,0,0,0,0,0,0,0,0,0,0,0,4,28,65,66,235,341,60,1]
stat.node.5.util.dram_avg = 1.35689e-05
stat.node.5.walltime_s = 246.973
stat.node.5.active_time_s = 26.6362
stat.node.7.cpu.0.load_issue_to_complete_count = 799
stat.node.7.cpu.0.avg_load_issue_to_complete_lat = 968.99
stat.node.7.injector.phase_cycles = 776099
stat.node.7.injector.request_bytes = 275120
stat.node.7.injector.response_bytes = 347520
stat.node.7.injector.aggregate_bytes = 622640
stat.node.7.injector.request_gbps = 6.80622
stat.node.7.injector.response_gbps = 8.59734
stat.node.7.injector.aggregate_gbps = 15.4036
stat.node.7.llc.cxl_miss = 800
stat.node.7.llc.total_miss = 800
stat.node.7.llc.avg_miss_lat = 794.707
stat.node.7.llc.avg_cxl_lat = 794.707
stat.node.7.llc.miss_lat_hist_bin_ns = 10
stat.node.7.llc.miss_lat_hist = [0,0,0,0,0,0,0,0,0,0,0,0,0,0,0,0,0,0,0,0,0,0,0,0,0,0,0,0,19,41,5,38,164,386,145,2]
stat.node.7.util.dram_avg = 1.34728e-05
stat.node.7.walltime_s = 249.675
stat.node.7.active_time_s = 25.2145
stat.node.4.cpu.0.load_issue_to_complete_count = 799
stat.node.4.cpu.0.avg_load_issue_to_complete_lat = 985.866
stat.node.4.injector.phase_cycles = 789574
stat.node.4.injector.request_bytes = 279840
stat.node.4.injector.response_bytes = 353536
stat.node.4.injector.aggregate_bytes = 633376
stat.node.4.injector.request_gbps = 6.80484
stat.node.4.injector.response_gbps = 8.5969
stat.node.4.injector.aggregate_gbps = 15.4017
stat.node.4.llc.cxl_miss = 800
stat.node.4.llc.total_miss = 800
stat.node.4.llc.avg_miss_lat = 811.22
stat.node.4.llc.avg_cxl_lat = 811.22
stat.node.4.llc.miss_lat_hist_bin_ns = 10
stat.node.4.llc.miss_lat_hist = [0,0,0,0,0,0,0,0,0,0,0,0,0,0,0,0,0,0,0,0,0,0,0,0,0,0,0,0,3,0,0,7,168,376,109,135,2]
stat.node.4.util.dram_avg = 1.32214e-05
stat.node.4.walltime_s = 254.712
stat.node.4.active_time_s = 22.9779
stat.node.2.cpu.0.load_issue_to_complete_count = 799
stat.node.2.cpu.0.avg_load_issue_to_complete_lat = 986.735
stat.node.2.injector.phase_cycles = 790246
stat.node.2.injector.request_bytes = 280136
stat.node.2.injector.response_bytes = 353856
stat.node.2.injector.aggregate_bytes = 633992
stat.node.2.injector.request_gbps = 6.80625
stat.node.2.injector.response_gbps = 8.59737
stat.node.2.injector.aggregate_gbps = 15.4036
stat.node.2.llc.cxl_miss = 800
stat.node.2.llc.total_miss = 800
stat.node.2.llc.avg_miss_lat = 812.024
stat.node.2.llc.avg_cxl_lat = 812.024
stat.node.2.llc.miss_lat_hist_bin_ns = 10
stat.node.2.llc.miss_lat_hist = [0,0,0,0,0,0,0,0,0,0,0,0,0,0,0,0,0,0,0,0,0,0,0,0,0,0,0,0,0,0,0,4,175,371,111,139]
stat.node.2.util.dram_avg = 1.31297e-05
stat.node.2.walltime_s = 256.228
stat.node.2.active_time_s = 25.0936
stat.pool.102.util.mem_avg = 0.234938
stat.pool.102.util.req_link_avg = 0.99961
stat.pool.102.walltime_s = 256.228
stat.pool.102.active_time_s = 0.876059
stat.pool.101.util.mem_avg = 0.234939
stat.pool.101.util.req_link_avg = 0.99961
stat.pool.101.walltime_s = 256.244
stat.pool.101.active_time_s = 0.788572
stat.pool.100.util.mem_avg = 0.23494
stat.pool.100.util.req_link_avg = 0.999612
stat.pool.100.walltime_s = 256.244
stat.pool.100.active_time_s = 0.779452
stat.switch.replicated_messages = 204600
stat.switch.util.node_ingress_avg = 0.141715
stat.switch.util.pool_ingress_avg = 0.535781
stat.switch.bw.host_to_switch_gbps = 6.96641
stat.switch.bw.switch_to_host_gbps = 9.8753
stat.switch.bw.host_link_total_gbps = 16.8417
stat.switch.walltime_s = 256.244
stat.switch.active_time_s = 3.53114
Simulation is complete, simulated time: 762.24 us
