stat.node.0.cpu.0.retired = 761
stat.node.0.cpu.0.cycles = 1000000
stat.node.1.cpu.0.retired = 761
stat.node.2.cpu.0.retired = 755
stat.node.2.cpu.0.cycles = 1000000
stat.node.3.cpu.0.retired = 761
stat.node.3.cpu.0.cycles = 1000000
stat.node.4.cpu.0.retired = 756
stat.node.4.cpu.0.cycles = 1000000
stat.node.5.cpu.0.retired = 761
stat.node.5.cpu.0.cycles = 1000000
stat.node.6.cpu.0.retired = 761
stat.node.6.cpu.0.cycles = 1000000
stat.node.7.cpu.0.retired = 759
stat.node.7.cpu.0.cycles = 1000000
stat.node.1.cpu.0.cycles = 1000000
stat.node.1.cpu.0.load_issue_to_complete_count = 799
stat.node.1.cpu.0.avg_load_issue_to_complete_lat = 992.2
stat.node.1.injector.phase_cycles = 794642
stat.node.1.injector.request_bytes = 346576
stat.node.1.injector.response_bytes = 1468032
stat.node.1.injector.aggregate_bytes = 1814608
stat.node.1.injector.request_gbps = 8.37391
stat.node.1.injector.response_gbps = 35.4703
stat.node.1.injector.aggregate_gbps = 43.8442
stat.node.1.llc.cxl_miss = 800
stat.node.1.llc.total_miss = 800
stat.node.1.llc.avg_miss_lat = 817.354
stat.node.1.llc.avg_cxl_lat = 817.354
stat.node.1.llc.miss_lat_hist_bin_ns = 10
stat.node.1.llc.miss_lat_hist = [0,0,0,0,0,0,0,0,0,0,0,0,0,0,0,0,0,0,0,0,0,0,0,0,0,0,0,0,0,0,0,0,3,302,489,6]
stat.node.1.util.dram_avg = 1.3085e-05
stat.node.1.walltime_s = 282.452
stat.node.1.active_time_s = 26.7859
stat.node.6.cpu.0.load_issue_to_complete_count = 799
stat.node.6.cpu.0.avg_load_issue_to_complete_lat = 991.916
stat.node.6.injector.phase_cycles = 794413
stat.node.6.injector.request_bytes = 346456
stat.node.6.injector.response_bytes = 1467584
stat.node.6.injector.aggregate_bytes = 1814040
stat.node.6.injector.request_gbps = 8.37342
stat.node.6.injector.response_gbps = 35.4697
stat.node.6.injector.aggregate_gbps = 43.8431
stat.node.6.llc.cxl_miss = 800
stat.node.6.llc.total_miss = 800
stat.node.6.llc.avg_miss_lat = 817.111
stat.node.6.llc.avg_cxl_lat = 817.111
stat.node.6.llc.miss_lat_hist_bin_ns = 10
stat.node.6.llc.miss_lat_hist = [0,0,0,0,0,0,0,0,0,0,0,0,0,0,0,0,0,0,0,0,0,0,0,0,0,0,0,0,0,0,0,0,2,315,481,2]
stat.node.6.util.dram_avg = 1.30844e-05
stat.node.6.walltime_s = 282.478
stat.node.6.active_time_s = 27.6278
stat.node.3.cpu.0.load_issue_to_complete_count = 799
stat.node.3.cpu.0.avg_load_issue_to_complete_lat = 991.951
stat.node.3.injector.phase_cycles = 794442
stat.node.3.injector.request_bytes = 346528
stat.node.3.injector.response_bytes = 1467648
stat.node.3.injector.aggregate_bytes = 1814176
stat.node.3.injector.request_gbps = 8.37486
stat.node.3.injector.response_gbps = 35.47
stat.node.3.injector.aggregate_gbps = 43.8448
stat.node.3.llc.cxl_miss = 800
stat.node.3.llc.total_miss = 800
stat.node.3.llc.avg_miss_lat = 817.173
stat.node.3.llc.avg_cxl_lat = 817.173
stat.node.3.llc.miss_lat_hist_bin_ns = 10
stat.node.3.llc.miss_lat_hist = [0,0,0,0,0,0,0,0,0,0,0,0,0,0,0,0,0,0,0,0,0,0,0,0,0,0,0,0,0,0,0,0,0,301,497,2]
stat.node.3.util.dram_avg = 1.30808e-05
stat.node.3.walltime_s = 282.514
stat.node.3.active_time_s = 25.1149
stat.node.5.cpu.0.load_issue_to_complete_count = 799
stat.node.5.cpu.0.avg_load_issue_to_complete_lat = 992.099
stat.node.5.injector.phase_cycles = 794568
stat.node.5.injector.request_bytes = 346624
stat.node.5.injector.response_bytes = 1467904
stat.node.5.injector.aggregate_bytes = 1814528
stat.node.5.injector.request_gbps = 8.37585
stat.node.5.injector.response_gbps = 35.4705
stat.node.5.injector.aggregate_gbps = 43.8464
stat.node.5.llc.cxl_miss = 800
stat.node.5.llc.total_miss = 800
stat.node.5.llc.avg_miss_lat = 817.283
stat.node.5.llc.avg_cxl_lat = 817.283
stat.node.5.llc.miss_lat_hist_bin_ns = 10
stat.node.5.llc.miss_lat_hist = [0,0,0,0,0,0,0,0,0,0,0,0,0,0,0,0,0,0,0,0,0,0,0,0,0,0,0,0,0,0,0,0,0,308,492]
stat.node.5.util.dram_avg = 1.30751e-05
stat.node.5.walltime_s = 282.573
stat.node.5.active_time_s = 27.1772
stat.node.0.cpu.0.load_issue_to_complete_count = 799
stat.node.0.cpu.0.avg_load_issue_to_complete_lat = 992.11
stat.node.0.injector.phase_cycles = 794580
stat.node.0.injector.request_bytes = 346560
stat.node.0.injector.response_bytes = 1467904
stat.node.0.injector.aggregate_bytes = 1814464
stat.node.0.injector.request_gbps = 8.37418
stat.node.0.injector.response_gbps = 35.47
stat.node.0.injector.aggregate_gbps = 43.8442
stat.node.0.llc.cxl_miss = 800
stat.node.0.llc.total_miss = 800
stat.node.0.llc.avg_miss_lat = 817.351
stat.node.0.llc.avg_cxl_lat = 817.351
stat.node.0.llc.miss_lat_hist_bin_ns = 10
stat.node.0.llc.miss_lat_hist = [0,0,0,0,0,0,0,0,0,0,0,0,0,0,0,0,0,0,0,0,0,0,0,0,0,0,0,0,0,0,0,0,0,297,500,3]
stat.node.0.util.dram_avg = 1.30743e-05
stat.node.0.walltime_s = 282.575
stat.node.0.active_time_s = 24.4647
stat.node.7.cpu.0.load_issue_to_complete_count = 799
stat.node.7.cpu.0.avg_load_issue_to_complete_lat = 993.589
stat.node.7.injector.phase_cycles = 795752
stat.node.7.injector.request_bytes = 347152
stat.node.7.injector.response_bytes = 1470080
stat.node.7.injector.aggregate_bytes = 1817232
stat.node.7.injector.request_gbps = 8.37613
stat.node.7.injector.response_gbps = 35.4703
stat.node.7.injector.aggregate_gbps = 43.8464
stat.node.7.llc.cxl_miss = 800
stat.node.7.llc.total_miss = 800
stat.node.7.llc.avg_miss_lat = 818.82
stat.node.7.llc.avg_cxl_lat = 818.82
stat.node.7.llc.miss_lat_hist_bin_ns = 10
stat.node.7.llc.miss_lat_hist = [0,0,0,0,0,0,0,0,0,0,0,0,0,0,0,0,0,0,0,0,0,0,0,0,0,0,0,0,0,0,0,0,0,300,480,20]
stat.node.7.util.dram_avg = 1.30509e-05
stat.node.7.walltime_s = 282.859
stat.node.7.active_time_s = 26.6004
stat.node.4.cpu.0.load_issue_to_complete_count = 799
stat.node.4.cpu.0.avg_load_issue_to_complete_lat = 997.498
stat.node.4.injector.phase_cycles = 798908
stat.node.4.injector.request_bytes = 348520
stat.node.4.injector.response_bytes = 1475904
stat.node.4.injector.aggregate_bytes = 1824424
stat.node.4.injector.request_gbps = 8.37591
stat.node.4.injector.response_gbps = 35.4701
stat.node.4.injector.aggregate_gbps = 43.846
stat.node.4.llc.cxl_miss = 800
stat.node.4.llc.total_miss = 800
stat.node.4.llc.avg_miss_lat = 822.666
stat.node.4.llc.avg_cxl_lat = 822.666
stat.node.4.llc.miss_lat_hist_bin_ns = 10
stat.node.4.llc.miss_lat_hist = [0,0,0,0,0,0,0,0,0,0,0,0,0,0,0,0,0,0,0,0,0,0,0,0,0,0,0,0,0,0,0,0,1,209,526,64]
stat.node.4.util.dram_avg = 1.30042e-05
stat.node.4.walltime_s = 283.822
stat.node.4.active_time_s = 25.7054
stat.node.2.cpu.0.load_issue_to_complete_count = 799
stat.node.2.cpu.0.avg_load_issue_to_complete_lat = 997.492
stat.node.2.injector.phase_cycles = 798895
stat.node.2.injector.request_bytes = 348520
stat.node.2.injector.response_bytes = 1475904
stat.node.2.injector.aggregate_bytes = 1824424
stat.node.2.injector.request_gbps = 8.37605
stat.node.2.injector.response_gbps = 35.4707
stat.node.2.injector.aggregate_gbps = 43.8467
stat.node.2.llc.cxl_miss = 800
stat.node.2.llc.total_miss = 800
stat.node.2.llc.avg_miss_lat = 822.701
stat.node.2.llc.avg_cxl_lat = 822.701
stat.node.2.llc.miss_lat_hist_bin_ns = 10
stat.node.2.llc.miss_lat_hist = [0,0,0,0,0,0,0,0,0,0,0,0,0,0,0,0,0,0,0,0,0,0,0,0,0,0,0,0,0,0,0,0,1,196,549,54]
stat.node.2.util.dram_avg = 1.30021e-05
stat.node.2.walltime_s = 283.849
stat.node.2.active_time_s = 27.227
stat.pool.105.util.mem_avg = 0.26189
stat.pool.105.util.req_link_avg = 0.765728
stat.pool.105.walltime_s = 283.849
stat.pool.105.active_time_s = 0.904718
stat.pool.104.util.mem_avg = 0.26189
stat.pool.104.util.req_link_avg = 0.765728
stat.pool.104.walltime_s = 283.85
stat.pool.104.active_time_s = 0.849643
stat.pool.103.util.mem_avg = 0.26189
stat.pool.103.util.req_link_avg = 0.765728
stat.pool.103.walltime_s = 283.85
stat.pool.103.active_time_s = 0.857181
stat.pool.102.util.mem_avg = 0.261891
stat.pool.102.util.req_link_avg = 0.765728
stat.pool.102.walltime_s = 283.85
stat.pool.102.active_time_s = 0.949236
stat.pool.101.util.mem_avg = 0.261891
stat.pool.101.util.req_link_avg = 0.76573
stat.pool.101.walltime_s = 283.85
stat.pool.101.active_time_s = 0.945211
stat.pool.100.util.mem_avg = 0.261892
stat.pool.100.util.req_link_avg = 0.76573
stat.pool.100.walltime_s = 283.85
stat.pool.100.active_time_s = 0.973778
stat.switch.replicated_messages = 284112
stat.switch.util.node_ingress_avg = 0.173522
stat.switch.util.pool_ingress_avg = 0.995488
stat.switch.bw.host_to_switch_gbps = 8.52983
stat.switch.bw.switch_to_host_gbps = 36.6975
stat.switch.bw.host_link_total_gbps = 45.2274
stat.switch.walltime_s = 283.85
stat.switch.active_time_s = 4.44999
Simulation is complete, simulated time: 769.721 us
