stat.node.6.cpu.0.retired = 759
stat.node.6.cpu.0.cycles = 1000000
stat.node.7.cpu.0.retired = 758
stat.node.7.cpu.0.cycles = 1000000
stat.node.0.cpu.0.retired = 755
stat.node.0.cpu.0.cycles = 1000000
stat.node.1.cpu.0.retired = 752
stat.node.2.cpu.0.retired = 752
stat.node.2.cpu.0.cycles = 1000000
stat.node.3.cpu.0.retired = 755
stat.node.3.cpu.0.cycles = 1000000
stat.node.4.cpu.0.retired = 755
stat.node.4.cpu.0.cycles = 1000000
stat.node.5.cpu.0.retired = 761
stat.node.5.cpu.0.cycles = 1000000
stat.node.1.cpu.0.cycles = 1000000
stat.node.5.cpu.0.load_issue_to_complete_count = 799
stat.node.5.cpu.0.avg_load_issue_to_complete_lat = 1015.63
stat.node.5.injector.phase_cycles = 813398
stat.node.5.injector.request_bytes = 252384
stat.node.5.injector.response_bytes = 102656
stat.node.5.injector.aggregate_bytes = 355040
stat.node.5.injector.request_gbps = 5.95744
stat.node.5.injector.response_gbps = 2.42316
stat.node.5.injector.aggregate_gbps = 8.38061
stat.node.5.llc.cxl_miss = 800
stat.node.5.llc.total_miss = 800
stat.node.5.llc.avg_miss_lat = 840.189
stat.node.5.llc.avg_cxl_lat = 840.189
stat.node.5.llc.miss_lat_hist_bin_ns = 10
stat.node.5.llc.miss_lat_hist = [0,0,0,0,0,0,0,0,0,0,0,0,0,0,0,0,0,0,0,0,0,0,0,0,0,0,1,1,3,4,8,25,64,131,258,113,90,22,14,18,22,20,5,1]
stat.node.5.util.dram_avg = 1.29444e-05
stat.node.5.walltime_s = 103.075
stat.node.5.active_time_s = 27.7615
stat.node.6.cpu.0.load_issue_to_complete_count = 799
stat.node.6.cpu.0.avg_load_issue_to_complete_lat = 1016.43
stat.node.6.injector.phase_cycles = 814011
stat.node.6.injector.request_bytes = 252520
stat.node.6.injector.response_bytes = 102720
stat.node.6.injector.aggregate_bytes = 355240
stat.node.6.injector.request_gbps = 5.95617
stat.node.6.injector.response_gbps = 2.42285
stat.node.6.injector.aggregate_gbps = 8.37901
stat.node.6.llc.cxl_miss = 800
stat.node.6.llc.total_miss = 800
stat.node.6.llc.avg_miss_lat = 841.145
stat.node.6.llc.avg_cxl_lat = 841.145
stat.node.6.llc.miss_lat_hist_bin_ns = 10
stat.node.6.llc.miss_lat_hist = [0,0,0,0,0,0,0,0,0,0,0,0,0,0,0,0,0,0,0,0,0,0,0,0,0,0,0,0,0,4,20,32,48,143,231,125,91,18,13,25,24,17,7,2]
stat.node.6.util.dram_avg = 1.29187e-05
stat.node.6.walltime_s = 103.205
stat.node.6.active_time_s = 27.3697
stat.node.7.cpu.0.load_issue_to_complete_count = 799
stat.node.7.cpu.0.avg_load_issue_to_complete_lat = 1020.37
stat.node.7.injector.phase_cycles = 817155
stat.node.7.injector.request_bytes = 253464
stat.node.7.injector.response_bytes = 103104
stat.node.7.injector.aggregate_bytes = 356568
stat.node.7.injector.request_gbps = 5.95543
stat.node.7.injector.response_gbps = 2.42255
stat.node.7.injector.aggregate_gbps = 8.37798
stat.node.7.llc.cxl_miss = 800
stat.node.7.llc.total_miss = 800
stat.node.7.llc.avg_miss_lat = 844.626
stat.node.7.llc.avg_cxl_lat = 844.626
stat.node.7.llc.miss_lat_hist_bin_ns = 10
stat.node.7.llc.miss_lat_hist = [0,0,0,0,0,0,0,0,0,0,0,0,0,0,0,0,0,0,0,0,0,0,0,0,0,0,2,3,1,5,5,13,44,149,255,126,84,24,13,16,20,30,9,1]
stat.node.7.util.dram_avg = 1.2891e-05
stat.node.7.walltime_s = 103.419
stat.node.7.active_time_s = 21.4617
stat.node.4.cpu.0.load_issue_to_complete_count = 799
stat.node.4.cpu.0.avg_load_issue_to_complete_lat = 1020.86
stat.node.4.injector.phase_cycles = 817544
stat.node.4.injector.request_bytes = 253664
stat.node.4.injector.response_bytes = 103168
stat.node.4.injector.aggregate_bytes = 356832
stat.node.4.injector.request_gbps = 5.95729
stat.node.4.injector.response_gbps = 2.4229
stat.node.4.injector.aggregate_gbps = 8.38019
stat.node.4.llc.cxl_miss = 800
stat.node.4.llc.total_miss = 800
stat.node.4.llc.avg_miss_lat = 845.758
stat.node.4.llc.avg_cxl_lat = 845.758
stat.node.4.llc.miss_lat_hist_bin_ns = 10
stat.node.4.llc.miss_lat_hist = [0,0,0,0,0,0,0,0,0,0,0,0,0,0,0,0,0,0,0,0,0,0,0,0,0,0,4,0,1,2,4,9,48,117,305,115,75,30,11,23,31,16,8,1]
stat.node.4.util.dram_avg = 1.28703e-05
stat.node.4.walltime_s = 103.567
stat.node.4.active_time_s = 21.3248
stat.node.0.cpu.0.load_issue_to_complete_count = 799
stat.node.0.cpu.0.avg_load_issue_to_complete_lat = 1020.87
stat.node.0.injector.phase_cycles = 817523
stat.node.0.injector.request_bytes = 253600
stat.node.0.injector.response_bytes = 103168
stat.node.0.injector.aggregate_bytes = 356768
stat.node.0.injector.request_gbps = 5.95594
stat.node.0.injector.response_gbps = 2.42296
stat.node.0.injector.aggregate_gbps = 8.3789
stat.node.0.llc.cxl_miss = 800
stat.node.0.llc.total_miss = 800
stat.node.0.llc.avg_miss_lat = 845.436
stat.node.0.llc.avg_cxl_lat = 845.436
stat.node.0.llc.miss_lat_hist_bin_ns = 10
stat.node.0.llc.miss_lat_hist = [0,0,0,0,0,0,0,0,0,0,0,0,0,0,0,0,0,0,0,0,0,0,0,0,0,0,0,2,0,2,7,23,57,133,255,113,86,27,10,25,21,28,11]
stat.node.0.util.dram_avg = 1.28701e-05
stat.node.0.walltime_s = 103.569
stat.node.0.active_time_s = 26.1631
stat.node.3.cpu.0.load_issue_to_complete_count = 799
stat.node.3.cpu.0.avg_load_issue_to_complete_lat = 1022.92
stat.node.3.injector.phase_cycles = 819213
stat.node.3.injector.request_bytes = 254144
stat.node.3.injector.response_bytes = 103360
stat.node.3.injector.aggregate_bytes = 357504
stat.node.3.injector.request_gbps = 5.95641
stat.node.3.injector.response_gbps = 2.42246
stat.node.3.injector.aggregate_gbps = 8.37887
stat.node.3.llc.cxl_miss = 800
stat.node.3.llc.total_miss = 800
stat.node.3.llc.avg_miss_lat = 847.428
stat.node.3.llc.avg_cxl_lat = 847.428
stat.node.3.llc.miss_lat_hist_bin_ns = 10
stat.node.3.llc.miss_lat_hist = [0,0,0,0,0,0,0,0,0,0,0,0,0,0,0,0,0,0,0,0,0,0,0,0,0,0,0,1,1,4,13,18,54,130,222,134,94,28,14,25,26,27,8,1]
stat.node.3.util.dram_avg = 1.28554e-05
stat.node.3.walltime_s = 103.661
stat.node.3.active_time_s = 22.6505
stat.node.1.cpu.0.load_issue_to_complete_count = 799
stat.node.1.cpu.0.avg_load_issue_to_complete_lat = 1022.91
stat.node.1.injector.phase_cycles = 819221
stat.node.1.injector.request_bytes = 254144
stat.node.1.injector.response_bytes = 103360
stat.node.1.injector.aggregate_bytes = 357504
stat.node.1.injector.request_gbps = 5.95635
stat.node.1.injector.response_gbps = 2.42244
stat.node.1.injector.aggregate_gbps = 8.37879
stat.node.1.llc.cxl_miss = 800
stat.node.1.llc.total_miss = 800
stat.node.1.llc.avg_miss_lat = 846.673
stat.node.1.llc.avg_cxl_lat = 846.673
stat.node.1.llc.miss_lat_hist_bin_ns = 10
stat.node.1.llc.miss_lat_hist = [0,0,0,0,0,0,0,0,0,0,0,0,0,0,0,0,0,0,0,0,0,0,0,0,0,0,0,0,1,5,10,18,55,125,253,111,92,31,7,27,30,26,9]
stat.node.1.util.dram_avg = 1.28345e-05
stat.node.1.walltime_s = 103.819
stat.node.1.active_time_s = 26.3571
stat.node.2.cpu.0.load_issue_to_complete_count = 799
stat.node.2.cpu.0.avg_load_issue_to_complete_lat = 1026.36
stat.node.2.injector.phase_cycles = 821943
stat.node.2.injector.request_bytes = 255008
stat.node.2.injector.response_bytes = 103744
stat.node.2.injector.aggregate_bytes = 358752
stat.node.2.injector.request_gbps = 5.9568
stat.node.2.injector.response_gbps = 2.42339
stat.node.2.injector.aggregate_gbps = 8.38019
stat.node.2.llc.cxl_miss = 800
stat.node.2.llc.total_miss = 800
stat.node.2.llc.avg_miss_lat = 850.496
stat.node.2.llc.avg_cxl_lat = 850.496
stat.node.2.llc.miss_lat_hist_bin_ns = 10
stat.node.2.llc.miss_lat_hist = [0,0,0,0,0,0,0,0,0,0,0,0,0,0,0,0,0,0,0,0,0,0,0,0,0,0,0,1,1,0,5,10,44,109,291,112,101,24,15,15,36,23,13]
stat.node.2.util.dram_avg = 1.28178e-05
stat.pool.100.util.mem_avg = 0.242091
stat.pool.100.util.req_link_avg = 0.994056
stat.pool.100.walltime_s = 104.126
stat.pool.100.active_time_s = 0.763062
stat.switch.replicated_messages = 68904
stat.switch.util.node_ingress_avg = 0.124277
stat.switch.util.pool_ingress_avg = 0.593237
stat.switch.bw.host_to_switch_gbps = 6.10888
stat.switch.bw.switch_to_host_gbps = 3.64485
stat.switch.bw.host_link_total_gbps = 9.75373
stat.switch.walltime_s = 104.126
stat.switch.active_time_s = 2.37374
stat.node.2.walltime_s = 104.122
stat.node.2.active_time_s = 21.2733
Simulation is complete, simulated time: 780.788 us
