stat.node.0.cpu.0.retired = 433
stat.node.0.cpu.0.cycles = 1000000
stat.node.1.cpu.0.retired = 465
stat.node.1.cpu.0.cycles = 1000000
stat.node.2.cpu.0.retired = 444
stat.node.2.cpu.0.cycles = 1000000
stat.node.3.cpu.0.retired = 461
stat.node.3.cpu.0.cycles = 1000000
stat.node.4.cpu.0.retired = 443
stat.node.4.cpu.0.cycles = 1000000
stat.node.5.cpu.0.retired = 471
stat.node.5.cpu.0.cycles = 1000000
stat.node.6.cpu.0.retired = 462
stat.node.6.cpu.0.cycles = 1000000
stat.node.7.cpu.0.retired = 461
stat.node.7.cpu.0.cycles = 1000000
stat.node.2.cpu.0.retired = 993
stat.node.2.cpu.0.cycles = 2000000
stat.node.3.cpu.0.retired = 1021
stat.node.3.cpu.0.cycles = 2000000
stat.node.4.cpu.0.retired = 1008
stat.node.4.cpu.0.cycles = 2000000
stat.node.5.cpu.0.retired = 1029
stat.node.5.cpu.0.cycles = 2000000
stat.node.6.cpu.0.retired = 985
stat.node.6.cpu.0.cycles = 2000000
stat.node.7.cpu.0.retired = 984
stat.node.7.cpu.0.cycles = 2000000
stat.node.0.cpu.0.retired = 978
stat.node.0.cpu.0.cycles = 2000000
stat.node.1.cpu.0.retired = 1007
stat.node.1.cpu.0.cycles = 2000000
stat.node.4.cpu.0.load_issue_to_complete_count = 799
stat.node.4.cpu.0.avg_load_issue_to_complete_lat = 1670.37
stat.node.4.injector.phase_cycles = 1336759
stat.node.4.injector.request_bytes = 475832
stat.node.4.injector.response_bytes = 600768
stat.node.4.injector.aggregate_bytes = 1076600
stat.node.4.injector.request_gbps = 6.83442
stat.node.4.injector.response_gbps = 8.62889
stat.node.4.injector.aggregate_gbps = 15.4633
stat.node.4.llc.cxl_miss = 800
stat.node.4.llc.total_miss = 800
stat.node.4.llc.avg_miss_lat = 1482.59
stat.node.4.llc.avg_cxl_lat = 1482.59
stat.node.4.llc.miss_lat_hist_bin_ns = 10
stat.node.4.llc.miss_lat_hist = [0,0,0,0,0,0,0,0,0,0,0,0,0,0,0,0,0,0,0,0,0,0,0,0,0,0,0,0,0,0,0,0,0,0,0,0,0,0,0,0,0,1,13,21,39,19,39,24,38,19,27,35,24,29,26,24,16,22,17,16,13,20,23,12,23,14,12,12,13,11,8,10,18,7,9,10,9,7,8,8,5,7,2,3,7,7,3,3,3,5,4,4,4,4,1,1,3,2,3,2,3,1,4,3,2,2,1,2,2,0,1,1,1,0,1,0,2,0,0,0,0,0,1,1,0,0,0,0,0,1,0,0,0,1,0,0,0,0,0,0,0,0,0,0,1]
stat.node.4.util.dram_avg = 8.04089e-06
stat.node.4.walltime_s = 286.874
stat.node.4.active_time_s = 44.8927
stat.node.5.cpu.0.load_issue_to_complete_count = 799
stat.node.5.cpu.0.avg_load_issue_to_complete_lat = 1766.03
stat.node.5.injector.phase_cycles = 1413363
stat.node.5.injector.request_bytes = 503120
stat.node.5.injector.response_bytes = 635456
stat.node.5.injector.aggregate_bytes = 1138576
stat.node.5.injector.request_gbps = 6.83469
stat.node.5.injector.response_gbps = 8.63243
stat.node.5.injector.aggregate_gbps = 15.4671
stat.node.5.llc.cxl_miss = 800
stat.node.5.llc.total_miss = 800
stat.node.5.llc.avg_miss_lat = 1579.47
stat.node.5.llc.avg_cxl_lat = 1579.47
stat.node.5.llc.miss_lat_hist_bin_ns = 10
stat.node.5.llc.miss_lat_hist = [0,0,0,0,0,0,0,0,0,0,0,0,0,0,0,0,0,0,0,0,0,0,0,0,0,0,0,0,0,0,0,0,0,0,0,0,0,0,0,0,0,3,12,15,20,20,23,24,18,21,24,31,20,26,17,27,22,18,20,21,20,20,17,10,21,10,18,18,8,21,12,10,6,10,10,6,16,11,8,8,5,10,6,10,7,4,10,7,5,4,3,9,3,4,2,2,2,7,4,2,4,6,4,0,1,3,0,1,0,1,1,5,1,2,2,3,2,0,0,1,2,1,0,1,0,3,0,1,1,2,1,0,0,1,0,0,0,0,0,0,1,0,0,0,0,0,0,0,1]
stat.node.5.util.dram_avg = 8.00839e-06
stat.node.5.walltime_s = 292.261
stat.node.5.active_time_s = 36.0121
stat.node.2.cpu.0.load_issue_to_complete_count = 799
stat.node.2.cpu.0.avg_load_issue_to_complete_lat = 1652.65
stat.node.2.injector.phase_cycles = 1323976
stat.node.2.injector.request_bytes = 471280
stat.node.2.injector.response_bytes = 595648
stat.node.2.injector.aggregate_bytes = 1066928
stat.node.2.injector.request_gbps = 6.8344
stat.node.2.injector.response_gbps = 8.63795
stat.node.2.injector.aggregate_gbps = 15.4723
stat.node.2.llc.cxl_miss = 800
stat.node.2.llc.total_miss = 800
stat.node.2.llc.avg_miss_lat = 1468.3
stat.node.2.llc.avg_cxl_lat = 1468.3
stat.node.2.llc.miss_lat_hist_bin_ns = 10
stat.node.2.llc.miss_lat_hist = [0,0,0,0,0,0,0,0,0,0,0,0,0,0,0,0,0,0,0,0,0,0,0,0,0,0,0,0,0,0,0,0,0,0,0,0,0,0,0,0,0,1,17,27,40,36,24,22,31,34,33,32,32,27,18,28,14,13,25,35,13,18,18,14,19,17,7,5,4,13,10,9,4,10,14,6,12,2,5,3,4,1,7,6,4,3,4,5,4,3,7,3,2,3,2,4,4,2,5,2,2,3,3,2,0,1,2,2,1,0,1,1,0,0,1,1,2,2,0,1,0,0,1,0,1,2,0,1,1,0,0,0,0,0,0,0,0,0,1,1]
stat.node.2.util.dram_avg = 8.00105e-06
stat.node.2.walltime_s = 292.676
stat.node.2.active_time_s = 38.8772
stat.node.0.cpu.0.retired = 1533
stat.node.0.cpu.0.cycles = 3000000
stat.node.6.cpu.0.retired = 1560
stat.node.6.cpu.0.cycles = 3000000
stat.node.5.cpu.0.retired = 1601
stat.node.5.cpu.0.cycles = 3000000
stat.node.3.cpu.0.retired = 1586
stat.node.3.cpu.0.cycles = 3000000
stat.node.1.cpu.0.retired = 1572
stat.node.4.cpu.0.retired = 1609
stat.node.4.cpu.0.cycles = 3000000
stat.node.2.cpu.0.retired = 1600
stat.node.2.cpu.0.cycles = 3000000
stat.node.7.cpu.0.retired = 1488
stat.node.7.cpu.0.cycles = 3000000
stat.node.1.cpu.0.cycles = 3000000
stat.node.3.cpu.0.load_issue_to_complete_count = 799
stat.node.3.cpu.0.avg_load_issue_to_complete_lat = 1740.51
stat.node.3.injector.phase_cycles = 1394814
stat.node.3.injector.request_bytes = 496504
stat.node.3.injector.response_bytes = 627648
stat.node.3.injector.aggregate_bytes = 1124152
stat.node.3.injector.request_gbps = 6.83451
stat.node.3.injector.response_gbps = 8.63975
stat.node.3.injector.aggregate_gbps = 15.4743
stat.node.3.llc.cxl_miss = 800
stat.node.3.llc.total_miss = 800
stat.node.3.llc.avg_miss_lat = 1557.11
stat.node.3.llc.avg_cxl_lat = 1557.11
stat.node.3.llc.miss_lat_hist_bin_ns = 10
stat.node.3.llc.miss_lat_hist = [0,0,0,0,0,0,0,0,0,0,0,0,0,0,0,0,0,0,0,0,0,0,0,0,0,0,0,0,0,0,0,0,0,0,0,0,0,0,0,0,0,2,11,31,30,22,27,37,22,27,20,21,27,25,24,19,12,24,25,18,22,15,12,16,13,16,13,12,16,11,5,7,11,5,5,8,8,7,9,4,9,7,5,13,7,6,2,3,5,4,1,4,4,4,7,6,4,3,2,3,2,4,3,1,4,1,4,4,1,3,4,2,4,0,3,0,2,2,1,2,3,1,2,0,0,1,0,0,1,0,0,0,0,0,2,0,1,0,1,0,1,0,0,0,0,0,0,0,0,0,0,0,0,0,0,0,0,0,0,0,0,0,0,0,1,0,0,0,0,0,0,0,0,1]
stat.node.3.util.dram_avg = 7.94381e-06
stat.node.3.walltime_s = 297.332
stat.node.3.active_time_s = 49.1308
stat.node.1.cpu.0.load_issue_to_complete_count = 799
stat.node.1.cpu.0.avg_load_issue_to_complete_lat = 1743.22
stat.node.1.injector.phase_cycles = 1395240
stat.node.1.injector.request_bytes = 496656
stat.node.1.injector.response_bytes = 627328
stat.node.1.injector.aggregate_bytes = 1123984
stat.node.1.injector.request_gbps = 6.83452
stat.node.1.injector.response_gbps = 8.63271
stat.node.1.injector.aggregate_gbps = 15.4672
stat.node.1.llc.cxl_miss = 800
stat.node.1.llc.total_miss = 800
stat.node.1.llc.avg_miss_lat = 1557.59
stat.node.1.llc.avg_cxl_lat = 1557.59
stat.node.1.llc.miss_lat_hist_bin_ns = 10
stat.node.1.llc.miss_lat_hist = [0,0,0,0,0,0,0,0,0,0,0,0,0,0,0,0,0,0,0,0,0,0,0,0,0,0,0,0,0,0,0,0,0,0,0,0,0,0,0,0,0,2,12,18,36,26,28,22,21,25,26,16,28,26,17,18,23,19,17,18,22,14,17,14,14,12,15,18,14,7,12,14,11,9,7,7,5,11,6,12,10,12,9,6,9,8,5,8,2,4,3,2,5,8,3,2,7,3,4,5,2,1,1,2,6,1,1,0,3,5,1,0,4,4,0,0,2,1,2,3,2,2,1,0,0,0,1,0,0,0,0,0,0,0,0,0,0,0,0,0,0,0,0,0,0,0,0,0,1]
stat.node.1.util.dram_avg = 7.89203e-06
stat.node.1.walltime_s = 301.002
stat.node.1.active_time_s = 44.9781
stat.node.6.cpu.0.load_issue_to_complete_count = 799
stat.node.6.cpu.0.avg_load_issue_to_complete_lat = 1822.1
stat.node.6.injector.phase_cycles = 1458238
stat.node.6.injector.request_bytes = 519080
stat.node.6.injector.response_bytes = 655616
stat.node.6.injector.aggregate_bytes = 1174696
stat.node.6.injector.request_gbps = 6.83451
stat.node.6.injector.response_gbps = 8.63222
stat.node.6.injector.aggregate_gbps = 15.4667
stat.node.6.llc.cxl_miss = 800
stat.node.6.llc.total_miss = 800
stat.node.6.llc.avg_miss_lat = 1633.21
stat.node.6.llc.avg_cxl_lat = 1633.21
stat.node.6.llc.miss_lat_hist_bin_ns = 10
stat.node.6.llc.miss_lat_hist = [0,0,0,0,0,0,0,0,0,0,0,0,0,0,0,0,0,0,0,0,0,0,0,0,0,0,0,0,0,0,0,0,0,0,0,0,0,0,0,0,0,0,6,20,25,31,25,28,33,25,28,23,31,21,23,20,17,12,12,16,24,14,11,16,13,11,13,9,7,11,8,11,9,3,4,6,8,12,7,7,10,13,11,11,6,6,1,4,3,7,5,3,9,2,5,2,6,5,2,2,5,2,5,5,3,0,2,1,4,3,0,0,3,1,2,2,0,0,1,1,2,1,4,2,1,3,1,0,2,1,1,5,2,1,1,0,1,1,3,0,1,2,0,0,0,1,1,1,0,2,1,0,1,0,0,0,1,0,0,1,0,0,2,1]
stat.node.6.util.dram_avg = 7.84172e-06
stat.node.6.walltime_s = 302.841
stat.node.6.active_time_s = 35.9902
stat.node.0.cpu.0.load_issue_to_complete_count = 799
stat.node.0.cpu.0.avg_load_issue_to_complete_lat = 1800.51
stat.node.0.injector.phase_cycles = 1440793
stat.node.0.injector.request_bytes = 512848
stat.node.0.injector.response_bytes = 647616
stat.node.0.injector.aggregate_bytes = 1160464
stat.node.0.injector.request_gbps = 6.83421
stat.node.0.injector.response_gbps = 8.63013
stat.node.0.injector.aggregate_gbps = 15.4643
stat.node.0.llc.cxl_miss = 800
stat.node.0.llc.total_miss = 800
stat.node.0.llc.avg_miss_lat = 1610.4
stat.node.0.llc.avg_cxl_lat = 1610.4
stat.node.0.llc.miss_lat_hist_bin_ns = 10
stat.node.0.llc.miss_lat_hist = [0,0,0,0,0,0,0,0,0,0,0,0,0,0,0,0,0,0,0,0,0,0,0,0,0,0,0,0,0,0,0,0,0,0,0,0,0,0,0,0,0,3,8,18,33,20,24,18,28,23,33,31,22,22,20,17,25,21,23,18,17,12,16,20,14,11,5,14,15,6,7,5,10,10,14,9,14,6,6,8,9,7,4,5,7,6,4,2,12,9,10,5,4,2,1,1,3,1,3,2,2,3,2,1,2,4,2,1,1,1,1,2,5,2,1,1,3,1,2,1,2,2,1,2,2,1,6,0,1,1,0,4,0,2,2,0,1,0,1,0,1,1,0,2,2,0,0,1,0,0,0,0,1,0,1,0,0,0,1,0,0,1]
stat.node.0.util.dram_avg = 7.66409e-06
stat.node.0.walltime_s = 307.583
stat.node.0.active_time_s = 44.4918
stat.node.7.cpu.0.load_issue_to_complete_count = 799
stat.node.7.cpu.0.avg_load_issue_to_complete_lat = 1880.84
stat.node.7.injector.phase_cycles = 1504913
stat.node.7.injector.request_bytes = 535720
stat.node.7.injector.response_bytes = 676608
stat.node.7.injector.aggregate_bytes = 1212328
stat.node.7.injector.request_gbps = 6.83483
stat.node.7.injector.response_gbps = 8.63231
stat.node.7.injector.aggregate_gbps = 15.4671
stat.node.7.llc.cxl_miss = 800
stat.node.7.llc.total_miss = 800
stat.node.7.llc.avg_miss_lat = 1688.23
stat.node.7.llc.avg_cxl_lat = 1688.23
stat.node.7.llc.miss_lat_hist_bin_ns = 10
stat.node.7.llc.miss_lat_hist = [0,0,0,0,0,0,0,0,0,0,0,0,0,0,0,0,0,0,0,0,0,0,0,0,0,0,0,0,0,0,0,0,0,0,0,0,0,0,0,0,0,2,12,22,22,19,24,23,19,24,25,21,19,14,26,17,18,14,17,19,16,16,16,15,16,15,10,10,17,9,9,7,13,8,7,4,5,11,9,4,8,8,5,8,11,8,2,4,4,5,10,8,5,6,7,8,3,4,9,6,8,4,1,3,3,4,3,0,1,1,1,3,2,3,3,3,3,2,3,1,2,3,2,1,0,2,1,2,2,1,1,1,0,1,1,1,1,0,1,1,3,0,2,3,3,0,0,1,1,1,1,0,1,1,1,0,1,0,0,0,0,0,1,1]
stat.node.7.util.dram_avg = 7.57604e-06
stat.node.7.walltime_s = 310.363
stat.node.7.active_time_s = 37.5474
stat.pool.102.util.mem_avg = 0.231166
stat.pool.102.util.req_link_avg = 0.999834
stat.pool.102.walltime_s = 310.363
stat.pool.102.active_time_s = 1.09259
stat.pool.101.util.mem_avg = 0.231167
stat.pool.101.util.req_link_avg = 0.999832
stat.pool.101.walltime_s = 310.363
stat.pool.101.active_time_s = 1.13947
stat.pool.100.util.mem_avg = 0.231179
stat.pool.100.util.req_link_avg = 0.99984
stat.pool.100.walltime_s = 310.363
stat.pool.100.active_time_s = 1.19218
stat.switch.replicated_messages = 355956
stat.switch.util.node_ingress_avg = 0.140919
stat.switch.util.pool_ingress_avg = 0.508586
stat.switch.bw.host_to_switch_gbps = 6.92689
stat.switch.bw.switch_to_host_gbps = 9.37417
stat.switch.bw.host_link_total_gbps = 16.3011
stat.switch.walltime_s = 310.363
stat.switch.active_time_s = 5.62724
Simulation is complete, simulated time: 1.32101 ms
