stat.node.7.cpu.0.retired = 806
stat.node.7.cpu.0.cycles = 1000000
stat.node.0.cpu.0.retired = 813
stat.node.0.cpu.0.cycles = 1000000
stat.node.1.cpu.0.retired = 816
stat.node.1.cpu.0.cycles = 1000000
stat.node.2.cpu.0.retired = 772
stat.node.2.cpu.0.cycles = 1000000
stat.node.3.cpu.0.retired = 814
stat.node.3.cpu.0.cycles = 1000000
stat.node.4.cpu.0.retired = 777
stat.node.4.cpu.0.cycles = 1000000
stat.node.5.cpu.0.retired = 810
stat.node.5.cpu.0.cycles = 1000000
stat.node.6.cpu.0.retired = 813
stat.node.6.cpu.0.cycles = 1000000
stat.node.1.cpu.0.load_issue_to_complete_count = 799
stat.node.1.cpu.0.avg_load_issue_to_complete_lat = 940.775
stat.node.1.injector.phase_cycles = 753510
stat.node.1.injector.request_bytes = 326496
stat.node.1.injector.response_bytes = 870656
stat.node.1.injector.aggregate_bytes = 1197152
stat.node.1.injector.request_gbps = 8.31936
stat.node.1.injector.response_gbps = 22.185
stat.node.1.injector.aggregate_gbps = 30.5043
stat.node.1.llc.cxl_miss = 800
stat.node.1.llc.total_miss = 800
stat.node.1.llc.avg_miss_lat = 766.666
stat.node.1.llc.avg_cxl_lat = 766.666
stat.node.1.llc.miss_lat_hist_bin_ns = 10
stat.node.1.llc.miss_lat_hist = [0,0,0,0,0,0,0,0,0,0,0,0,0,0,0,0,0,0,0,0,0,0,0,0,0,0,0,0,0,104,114,192,173,165,52]
stat.node.1.util.dram_avg = 1.38182e-05
stat.node.1.walltime_s = 151.45
stat.node.1.active_time_s = 20.8893
stat.node.0.cpu.0.load_issue_to_complete_count = 799
stat.node.0.cpu.0.avg_load_issue_to_complete_lat = 943.292
stat.node.0.injector.phase_cycles = 755504
stat.node.0.injector.request_bytes = 327360
stat.node.0.injector.response_bytes = 872960
stat.node.0.injector.aggregate_bytes = 1200320
stat.node.0.injector.request_gbps = 8.31936
stat.node.0.injector.response_gbps = 22.185
stat.node.0.injector.aggregate_gbps = 30.5043
stat.node.0.llc.cxl_miss = 800
stat.node.0.llc.total_miss = 800
stat.node.0.llc.avg_miss_lat = 769.222
stat.node.0.llc.avg_cxl_lat = 769.222
stat.node.0.llc.miss_lat_hist_bin_ns = 10
stat.node.0.llc.miss_lat_hist = [0,0,0,0,0,0,0,0,0,0,0,0,0,0,0,0,0,0,0,0,0,0,0,0,0,0,0,0,1,8,70,276,344,85,16]
stat.node.0.util.dram_avg = 1.37807e-05
stat.node.0.walltime_s = 151.92
stat.node.0.active_time_s = 20.4683
stat.node.6.cpu.0.load_issue_to_complete_count = 799
stat.node.3.cpu.0.load_issue_to_complete_count = 799
stat.node.6.cpu.0.avg_load_issue_to_complete_lat = 942.344
stat.node.6.injector.phase_cycles = 754736
stat.node.6.injector.request_bytes = 327056
stat.node.6.injector.response_bytes = 872128
stat.node.6.injector.aggregate_bytes = 1199184
stat.node.6.injector.request_gbps = 8.32009
stat.node.6.injector.response_gbps = 22.1864
stat.node.6.injector.aggregate_gbps = 30.5065
stat.node.6.llc.cxl_miss = 800
stat.node.6.llc.total_miss = 800
stat.node.6.llc.avg_miss_lat = 768.49
stat.node.6.llc.avg_cxl_lat = 768.49
stat.node.6.llc.miss_lat_hist_bin_ns = 10
stat.node.6.llc.miss_lat_hist = [0,0,0,0,0,0,0,0,0,0,0,0,0,0,0,0,0,0,0,0,0,0,0,0,0,0,0,0,0,12,85,388,128,159,28]
stat.node.6.util.dram_avg = 1.37792e-05
stat.node.6.walltime_s = 151.949
stat.node.6.active_time_s = 24.7669
stat.node.3.cpu.0.avg_load_issue_to_complete_lat = 944.285
stat.node.3.injector.phase_cycles = 756287
stat.node.3.injector.request_bytes = 327728
stat.node.3.injector.response_bytes = 873920
stat.node.3.injector.aggregate_bytes = 1201648
stat.node.3.injector.request_gbps = 8.32009
stat.node.3.injector.response_gbps = 22.1864
stat.node.3.injector.aggregate_gbps = 30.5065
stat.node.3.llc.cxl_miss = 800
stat.node.3.llc.total_miss = 800
stat.node.3.llc.avg_miss_lat = 770.109
stat.node.3.llc.avg_cxl_lat = 770.109
stat.node.3.llc.miss_lat_hist_bin_ns = 10
stat.node.3.llc.miss_lat_hist = [0,0,0,0,0,0,0,0,0,0,0,0,0,0,0,0,0,0,0,0,0,0,0,0,0,0,0,0,0,27,170,214,149,190,50]
stat.node.3.util.dram_avg = 1.37792e-05
stat.node.3.walltime_s = 151.964
stat.node.3.active_time_s = 27.7574
stat.node.5.cpu.0.load_issue_to_complete_count = 799
stat.node.5.cpu.0.avg_load_issue_to_complete_lat = 947.335
stat.node.5.injector.phase_cycles = 758773
stat.node.5.injector.request_bytes = 328792
stat.node.5.injector.response_bytes = 876736
stat.node.5.injector.aggregate_bytes = 1205528
stat.node.5.injector.request_gbps = 8.31976
stat.node.5.injector.response_gbps = 22.1849
stat.node.5.injector.aggregate_gbps = 30.5047
stat.node.5.llc.cxl_miss = 800
stat.node.5.llc.total_miss = 800
stat.node.5.llc.avg_miss_lat = 773.226
stat.node.5.llc.avg_cxl_lat = 773.226
stat.node.5.llc.miss_lat_hist_bin_ns = 10
stat.node.5.llc.miss_lat_hist = [0,0,0,0,0,0,0,0,0,0,0,0,0,0,0,0,0,0,0,0,0,0,0,0,0,0,0,0,8,44,90,165,228,249,16]
stat.node.5.util.dram_avg = 1.37299e-05
stat.node.5.walltime_s = 153.926
stat.node.5.active_time_s = 23.1453
stat.node.7.cpu.0.load_issue_to_complete_count = 799
stat.node.7.cpu.0.avg_load_issue_to_complete_lat = 944.902
stat.node.7.injector.phase_cycles = 756833
stat.node.7.injector.request_bytes = 327936
stat.node.7.injector.response_bytes = 874496
stat.node.7.injector.aggregate_bytes = 1202432
stat.node.7.injector.request_gbps = 8.31937
stat.node.7.injector.response_gbps = 22.185
stat.node.7.injector.aggregate_gbps = 30.5043
stat.node.7.llc.cxl_miss = 800
stat.node.7.llc.total_miss = 800
stat.node.7.llc.avg_miss_lat = 770.714
stat.node.7.llc.avg_cxl_lat = 770.714
stat.node.7.llc.miss_lat_hist_bin_ns = 10
stat.node.7.llc.miss_lat_hist = [0,0,0,0,0,0,0,0,0,0,0,0,0,0,0,0,0,0,0,0,0,0,0,0,0,0,0,0,26,128,111,49,171,230,85]
stat.node.7.util.dram_avg = 1.37097e-05
stat.node.7.walltime_s = 154.814
stat.node.7.active_time_s = 22.6827
stat.node.4.cpu.0.load_issue_to_complete_count = 799
stat.node.4.cpu.0.avg_load_issue_to_complete_lat = 986.155
stat.node.4.injector.phase_cycles = 789723
stat.node.4.injector.request_bytes = 342216
stat.node.4.injector.response_bytes = 912640
stat.node.4.injector.aggregate_bytes = 1254856
stat.node.4.injector.request_gbps = 8.32007
stat.node.4.injector.response_gbps = 22.1884
stat.node.4.injector.aggregate_gbps = 30.5085
stat.node.4.llc.cxl_miss = 800
stat.node.4.llc.total_miss = 800
stat.node.4.llc.avg_miss_lat = 811.125
stat.node.4.llc.avg_cxl_lat = 811.125
stat.node.4.llc.miss_lat_hist_bin_ns = 10
stat.node.4.llc.miss_lat_hist = [0,0,0,0,0,0,0,0,0,0,0,0,0,0,0,0,0,0,0,0,0,0,0,0,0,0,0,0,3,52,63,20,69,136,234,223]
stat.node.4.util.dram_avg = 1.32389e-05
stat.node.4.walltime_s = 165.463
stat.node.4.active_time_s = 25.9721
stat.node.2.cpu.0.load_issue_to_complete_count = 799
stat.node.2.cpu.0.avg_load_issue_to_complete_lat = 1006.22
stat.node.2.injector.phase_cycles = 805877
stat.node.2.injector.request_bytes = 349224
stat.node.2.injector.response_bytes = 931264
stat.node.2.injector.aggregate_bytes = 1280488
stat.node.2.injector.request_gbps = 8.32025
stat.node.2.injector.response_gbps = 22.1873
stat.node.2.injector.aggregate_gbps = 30.5076
stat.node.2.llc.cxl_miss = 800
stat.node.2.llc.total_miss = 800
stat.node.2.llc.avg_miss_lat = 831.4
stat.node.2.llc.avg_cxl_lat = 831.4
stat.node.2.llc.miss_lat_hist_bin_ns = 10
stat.node.2.llc.miss_lat_hist = [0,0,0,0,0,0,0,0,0,0,0,0,0,0,0,0,0,0,0,0,0,0,0,0,0,0,0,0,3,20,24,12,24,37,262,418]
stat.node.2.util.dram_avg = 1.30886e-05
stat.node.2.walltime_s = 167.091
stat.node.2.active_time_s = 25.6321
stat.pool.106.util.mem_avg = 0.231713
stat.pool.106.util.req_link_avg = 0.970697
stat.pool.106.walltime_s = 167.091
stat.pool.106.active_time_s = 0.653258
stat.pool.105.util.mem_avg = 0.231713
stat.pool.105.util.req_link_avg = 0.970697
stat.pool.105.walltime_s = 167.1
stat.pool.105.active_time_s = 0.66409
stat.pool.104.util.mem_avg = 0.231714
stat.pool.104.util.req_link_avg = 0.970697
stat.pool.104.walltime_s = 167.1
stat.pool.104.active_time_s = 0.634662
stat.pool.103.util.mem_avg = 0.231714
stat.pool.103.util.req_link_avg = 0.970697
stat.pool.103.walltime_s = 167.1
stat.pool.103.active_time_s = 0.702116
stat.pool.102.util.mem_avg = 0.231715
stat.pool.102.util.req_link_avg = 0.970698
stat.pool.102.walltime_s = 167.1
stat.pool.102.active_time_s = 0.652659
stat.pool.101.util.mem_avg = 0.231715
stat.pool.101.util.req_link_avg = 0.970698
stat.pool.101.walltime_s = 167.1
stat.pool.101.active_time_s = 0.671512
stat.pool.100.util.mem_avg = 0.231715
stat.pool.100.util.req_link_avg = 0.970698
stat.pool.100.walltime_s = 167.1
stat.pool.100.active_time_s = 0.770269
stat.switch.replicated_messages = 463400
stat.switch.util.node_ingress_avg = 0.172532
stat.switch.util.pool_ingress_avg = 0.545779
stat.switch.bw.host_to_switch_gbps = 8.4811
stat.switch.bw.switch_to_host_gbps = 23.4729
stat.switch.bw.host_link_total_gbps = 31.954
stat.switch.walltime_s = 167.1
stat.switch.active_time_s = 4.36125
Simulation is complete, simulated time: 764.637 us
