stat.node.1.cpu.0.retired = 895
stat.node.1.cpu.0.cycles = 1000000
stat.node.2.cpu.0.retired = 891
stat.node.2.cpu.0.cycles = 1000000
stat.node.3.cpu.0.retired = 895
stat.node.3.cpu.0.cycles = 1000000
stat.node.4.cpu.0.retired = 882
stat.node.4.cpu.0.cycles = 1000000
stat.node.5.cpu.0.retired = 897
stat.node.5.cpu.0.cycles = 1000000
stat.node.6.cpu.0.retired = 896
stat.node.6.cpu.0.cycles = 1000000
stat.node.7.cpu.0.retired = 896
stat.node.0.cpu.0.retired = 895
stat.node.0.cpu.0.cycles = 1000000
stat.node.7.cpu.0.cycles = 1000000
stat.node.5.cpu.0.load_issue_to_complete_count = 799
stat.node.5.cpu.0.avg_load_issue_to_complete_lat = 887.741
stat.node.5.injector.phase_cycles = 711042
stat.node.5.injector.request_bytes = 78840
stat.node.5.injector.response_bytes = 630720
stat.node.5.injector.aggregate_bytes = 709560
stat.node.5.injector.request_gbps = 2.12889
stat.node.5.injector.response_gbps = 17.0311
stat.node.5.injector.aggregate_gbps = 19.16
stat.node.5.llc.cxl_miss = 800
stat.node.5.llc.total_miss = 800
stat.node.5.llc.avg_miss_lat = 714.555
stat.node.5.llc.avg_cxl_lat = 714.555
stat.node.5.llc.miss_lat_hist_bin_ns = 10
stat.node.5.llc.miss_lat_hist = [0,0,0,0,0,0,0,0,0,0,0,0,0,0,0,0,0,0,0,0,0,0,0,0,0,0,0,17,256,167,175,176,8,1]
stat.node.5.util.dram_avg = 1.47696e-05
stat.node.5.walltime_s = 201.951
stat.node.5.active_time_s = 23.6369
stat.node.6.cpu.0.load_issue_to_complete_count = 799
stat.node.6.cpu.0.avg_load_issue_to_complete_lat = 887.637
stat.node.6.injector.phase_cycles = 710963
stat.node.6.injector.request_bytes = 78832
stat.node.6.injector.response_bytes = 630656
stat.node.6.injector.aggregate_bytes = 709488
stat.node.6.injector.request_gbps = 2.12891
stat.node.6.injector.response_gbps = 17.0313
stat.node.6.injector.aggregate_gbps = 19.1602
stat.node.6.llc.cxl_miss = 800
stat.node.6.llc.total_miss = 800
stat.node.6.llc.avg_miss_lat = 714.5
stat.node.6.llc.avg_cxl_lat = 714.5
stat.node.6.llc.miss_lat_hist_bin_ns = 10
stat.node.6.llc.miss_lat_hist = [0,0,0,0,0,0,0,0,0,0,0,0,0,0,0,0,0,0,0,0,0,0,0,0,0,0,0,16,242,191,168,171,10,2]
stat.node.6.util.dram_avg = 1.47651e-05
stat.node.6.walltime_s = 201.97
stat.node.6.active_time_s = 21.2228
stat.node.7.cpu.0.load_issue_to_complete_count = 799
stat.node.7.cpu.0.avg_load_issue_to_complete_lat = 887.907
stat.node.7.injector.phase_cycles = 711187
stat.node.7.injector.request_bytes = 78856
stat.node.7.injector.response_bytes = 630848
stat.node.7.injector.aggregate_bytes = 709704
stat.node.7.injector.request_gbps = 2.12888
stat.node.7.injector.response_gbps = 17.0311
stat.node.7.injector.aggregate_gbps = 19.16
stat.node.7.llc.cxl_miss = 800
stat.node.7.llc.total_miss = 800
stat.node.7.llc.avg_miss_lat = 714.747
stat.node.7.llc.avg_cxl_lat = 714.747
stat.node.7.llc.miss_lat_hist_bin_ns = 10
stat.node.7.llc.miss_lat_hist = [0,0,0,0,0,0,0,0,0,0,0,0,0,0,0,0,0,0,0,0,0,0,0,0,0,0,0,14,260,182,146,189,7,2]
stat.node.7.util.dram_avg = 1.47584e-05
stat.node.7.walltime_s = 202.012
stat.node.7.active_time_s = 22.7765
stat.node.1.cpu.0.load_issue_to_complete_count = 799
stat.node.1.cpu.0.avg_load_issue_to_complete_lat = 887.804
stat.node.1.injector.phase_cycles = 711100
stat.node.1.injector.request_bytes = 78848
stat.node.1.injector.response_bytes = 630784
stat.node.1.injector.aggregate_bytes = 709632
stat.node.1.injector.request_gbps = 2.12893
stat.node.1.injector.response_gbps = 17.0314
stat.node.1.injector.aggregate_gbps = 19.1604
stat.node.1.llc.cxl_miss = 800
stat.node.1.llc.total_miss = 800
stat.node.1.llc.avg_miss_lat = 714.675
stat.node.1.llc.avg_cxl_lat = 714.675
stat.node.1.llc.miss_lat_hist_bin_ns = 10
stat.node.1.llc.miss_lat_hist = [0,0,0,0,0,0,0,0,0,0,0,0,0,0,0,0,0,0,0,0,0,0,0,0,0,0,0,19,231,203,170,167,9,1]
stat.node.1.util.dram_avg = 1.47566e-05
stat.node.1.walltime_s = 202.036
stat.node.1.active_time_s = 23.7529
stat.node.3.cpu.0.load_issue_to_complete_count = 799
stat.node.3.cpu.0.avg_load_issue_to_complete_lat = 887.924
stat.node.3.injector.phase_cycles = 711183
stat.node.3.injector.request_bytes = 78856
stat.node.3.injector.response_bytes = 630848
stat.node.3.injector.aggregate_bytes = 709704
stat.node.3.injector.request_gbps = 2.1289
stat.node.3.injector.response_gbps = 17.0312
stat.node.3.injector.aggregate_gbps = 19.1601
stat.node.3.llc.cxl_miss = 800
stat.node.3.llc.total_miss = 800
stat.node.3.llc.avg_miss_lat = 714.73
stat.node.3.llc.avg_cxl_lat = 714.73
stat.node.3.llc.miss_lat_hist_bin_ns = 10
stat.node.3.llc.miss_lat_hist = [0,0,0,0,0,0,0,0,0,0,0,0,0,0,0,0,0,0,0,0,0,0,0,0,0,0,0,22,231,205,166,169,6,1]
stat.node.3.util.dram_avg = 1.47539e-05
stat.node.3.walltime_s = 202.043
stat.node.3.active_time_s = 24.0037
stat.node.0.cpu.0.load_issue_to_complete_count = 799
stat.node.0.cpu.0.avg_load_issue_to_complete_lat = 887.861
stat.node.0.injector.phase_cycles = 711138
stat.node.0.injector.request_bytes = 78848
stat.node.0.injector.response_bytes = 630784
stat.node.0.injector.aggregate_bytes = 709632
stat.node.0.injector.request_gbps = 2.12882
stat.node.0.injector.response_gbps = 17.0305
stat.node.0.injector.aggregate_gbps = 19.1593
stat.node.0.llc.cxl_miss = 800
stat.node.0.llc.total_miss = 800
stat.node.0.llc.avg_miss_lat = 714.755
stat.node.0.llc.avg_cxl_lat = 714.755
stat.node.0.llc.miss_lat_hist_bin_ns = 10
stat.node.0.llc.miss_lat_hist = [0,0,0,0,0,0,0,0,0,0,0,0,0,0,0,0,0,0,0,0,0,0,0,0,0,0,0,17,260,151,201,165,5,1]
stat.node.0.util.dram_avg = 1.47524e-05
stat.node.0.walltime_s = 202.047
stat.node.0.active_time_s = 24.5815
stat.node.2.cpu.0.load_issue_to_complete_count = 799
stat.node.2.cpu.0.avg_load_issue_to_complete_lat = 893.551
stat.node.2.injector.phase_cycles = 715675
stat.node.2.injector.request_bytes = 79352
stat.node.2.injector.response_bytes = 634816
stat.node.2.injector.aggregate_bytes = 714168
stat.node.2.injector.request_gbps = 2.12884
stat.node.2.injector.response_gbps = 17.0307
stat.node.2.injector.aggregate_gbps = 19.1596
stat.node.2.llc.cxl_miss = 800
stat.node.2.llc.total_miss = 800
stat.node.2.llc.avg_miss_lat = 720.201
stat.node.2.llc.avg_cxl_lat = 720.201
stat.node.2.llc.miss_lat_hist_bin_ns = 10
stat.node.2.llc.miss_lat_hist = [0,0,0,0,0,0,0,0,0,0,0,0,0,0,0,0,0,0,0,0,0,0,0,0,0,0,0,18,203,166,175,222,12,4]
stat.node.2.util.dram_avg = 1.4684e-05
stat.node.2.walltime_s = 202.506
stat.node.2.active_time_s = 27.7443
stat.node.4.cpu.0.load_issue_to_complete_count = 799
stat.node.4.cpu.0.avg_load_issue_to_complete_lat = 902.051
stat.node.4.injector.phase_cycles = 722471
stat.node.4.injector.request_bytes = 80104
stat.node.4.injector.response_bytes = 640832
stat.node.4.injector.aggregate_bytes = 720936
stat.node.4.injector.request_gbps = 2.1288
stat.node.4.injector.response_gbps = 17.0304
stat.node.4.injector.aggregate_gbps = 19.1592
stat.node.4.llc.cxl_miss = 800
stat.node.4.llc.total_miss = 800
stat.node.4.llc.avg_miss_lat = 728.556
stat.node.4.llc.avg_cxl_lat = 728.556
stat.node.4.llc.miss_lat_hist_bin_ns = 10
stat.node.4.llc.miss_lat_hist = [0,0,0,0,0,0,0,0,0,0,0,0,0,0,0,0,0,0,0,0,0,0,0,0,0,0,0,5,135,150,201,277,24,7,1]
stat.node.4.util.dram_avg = 1.4563e-05
stat.node.4.walltime_s = 203.278
stat.node.4.active_time_s = 18.7125
stat.pool.102.util.mem_avg = 0.159952
stat.pool.102.util.req_link_avg = 0.124972
stat.pool.102.walltime_s = 203.27
stat.pool.102.active_time_s = 0.659953
stat.pool.101.util.mem_avg = 0.159953
stat.pool.101.util.req_link_avg = 0.124972
stat.pool.101.walltime_s = 203.27
stat.pool.101.active_time_s = 0.70899
stat.pool.100.util.mem_avg = 0.159954
stat.pool.100.util.req_link_avg = 0.124973
stat.pool.100.walltime_s = 203.27
stat.pool.100.active_time_s = 0.730418
stat.switch.replicated_messages = 0
stat.switch.util.node_ingress_avg = 0.0468682
stat.switch.util.pool_ingress_avg = 0.999585
stat.switch.bw.host_to_switch_gbps = 2.30382
stat.switch.bw.switch_to_host_gbps = 18.4243
stat.switch.bw.host_link_total_gbps = 20.7282
stat.switch.walltime_s = 203.27
stat.switch.active_time_s = 2.98538
Simulation is complete, simulated time: 687.219 us
