stat.node.3.cpu.0.retired = 162
stat.node.3.cpu.0.cycles = 1000000
stat.node.4.cpu.0.retired = 163
stat.node.4.cpu.0.cycles = 1000000
stat.node.5.cpu.0.retired = 162
stat.node.5.cpu.0.cycles = 1000000
stat.node.6.cpu.0.retired = 162
stat.node.6.cpu.0.cycles = 1000000
stat.node.7.cpu.0.retired = 163
stat.node.7.cpu.0.cycles = 1000000
stat.node.0.cpu.0.retired = 165
stat.node.0.cpu.0.cycles = 1000000
stat.node.1.cpu.0.retired = 162
stat.node.1.cpu.0.cycles = 1000000
stat.node.2.cpu.0.retired = 161
stat.node.2.cpu.0.cycles = 1000000
stat.node.0.cpu.0.retired = 376
stat.node.0.cpu.0.cycles = 2000000
stat.node.1.cpu.0.retired = 374
stat.node.1.cpu.0.cycles = 2000000
stat.node.3.cpu.0.retired = 374
stat.node.3.cpu.0.cycles = 2000000
stat.node.4.cpu.0.retired = 376
stat.node.4.cpu.0.cycles = 2000000
stat.node.5.cpu.0.retired = 374
stat.node.5.cpu.0.cycles = 2000000
stat.node.6.cpu.0.retired = 372
stat.node.6.cpu.0.cycles = 2000000
stat.node.2.cpu.0.retired = 372
stat.node.2.cpu.0.cycles = 2000000
stat.node.7.cpu.0.retired = 372
stat.node.7.cpu.0.cycles = 2000000
stat.node.6.cpu.0.retired = 629
stat.node.6.cpu.0.cycles = 3000000
stat.node.0.cpu.0.retired = 636
stat.node.0.cpu.0.cycles = 3000000
stat.node.1.cpu.0.retired = 631
stat.node.1.cpu.0.cycles = 3000000
stat.node.3.cpu.0.retired = 631
stat.node.3.cpu.0.cycles = 3000000
stat.node.4.cpu.0.retired = 635
stat.node.4.cpu.0.cycles = 3000000
stat.node.5.cpu.0.retired = 631
stat.node.5.cpu.0.cycles = 3000000
stat.node.7.cpu.0.retired = 630
stat.node.7.cpu.0.cycles = 3000000
stat.node.2.cpu.0.retired = 629
stat.node.2.cpu.0.cycles = 3000000
stat.node.0.cpu.0.retired = 906
stat.node.0.cpu.0.cycles = 4000000
stat.node.1.cpu.0.retired = 901
stat.node.1.cpu.0.cycles = 4000000
stat.node.3.cpu.0.retired = 901
stat.node.3.cpu.0.cycles = 4000000
stat.node.4.cpu.0.retired = 903
stat.node.4.cpu.0.cycles = 4000000
stat.node.2.cpu.0.retired = 901
stat.node.2.cpu.0.cycles = 4000000
stat.node.7.cpu.0.retired = 899
stat.node.7.cpu.0.cycles = 4000000
stat.node.5.cpu.0.retired = 900
stat.node.5.cpu.0.cycles = 4000000
stat.node.6.cpu.0.retired = 900
stat.node.6.cpu.0.cycles = 4000000
stat.node.5.cpu.0.retired = 1179
stat.node.5.cpu.0.cycles = 5000000
stat.node.4.cpu.0.retired = 1185
stat.node.4.cpu.0.cycles = 5000000
stat.node.0.cpu.0.retired = 1189
stat.node.0.cpu.0.cycles = 5000000
stat.node.1.cpu.0.retired = 1183
stat.node.1.cpu.0.cycles = 5000000
stat.node.3.cpu.0.retired = 1182
stat.node.3.cpu.0.cycles = 5000000
stat.node.6.cpu.0.retired = 1179
stat.node.6.cpu.0.cycles = 5000000
stat.node.2.cpu.0.retired = 1183
stat.node.2.cpu.0.cycles = 5000000
stat.node.7.cpu.0.retired = 1178
stat.node.7.cpu.0.cycles = 5000000
stat.node.4.cpu.0.retired = 1468
stat.node.4.cpu.0.cycles = 6000000
stat.node.0.cpu.0.retired = 1472
stat.node.0.cpu.0.cycles = 6000000
stat.node.1.cpu.0.retired = 1465
stat.node.1.cpu.0.cycles = 6000000
stat.node.7.cpu.0.retired = 1458
stat.node.7.cpu.0.cycles = 6000000
stat.node.6.cpu.0.retired = 1460
stat.node.6.cpu.0.cycles = 6000000
stat.node.2.cpu.0.retired = 1467
stat.node.2.cpu.0.cycles = 6000000
stat.node.3.cpu.0.retired = 1466
stat.node.3.cpu.0.cycles = 6000000
stat.node.5.cpu.0.retired = 1460
stat.node.5.cpu.0.cycles = 6000000
stat.node.0.cpu.0.load_issue_to_complete_count = 799
stat.node.0.cpu.0.avg_load_issue_to_complete_lat = 3519.47
stat.node.0.injector.phase_cycles = 2816488
stat.node.0.injector.request_bytes = 1127240
stat.node.0.injector.response_bytes = 2036032
stat.node.0.injector.aggregate_bytes = 3163272
stat.node.0.injector.request_gbps = 7.6844
stat.node.0.injector.response_gbps = 13.8796
stat.node.0.injector.aggregate_gbps = 21.564
stat.node.0.llc.cxl_miss = 800
stat.node.0.llc.total_miss = 800
stat.node.0.llc.avg_miss_lat = 3303.2
stat.node.0.llc.avg_cxl_lat = 3303.2
stat.node.0.llc.miss_lat_hist_bin_ns = 10
stat.node.0.llc.miss_lat_hist = [0,0,0,0,0,0,0,0,0,0,0,0,0,0,0,0,0,0,0,0,0,0,0,0,0,0,0,0,0,0,0,0,0,0,0,0,0,0,0,0,0,0,0,0,0,0,0,0,0,0,0,0,0,0,0,0,0,0,0,0,0,0,0,0,0,0,0,0,0,0,0,0,0,0,0,0,0,0,0,0,0,0,0,0,0,0,0,0,0,0,0,0,0,0,0,0,0,0,0,0,0,0,0,0,0,0,0,0,0,1,0,1,0,0,3,1,3,4,6,6,9,6,20,15,18,7,17,26,33,13,20,13,24,29,29,37,46,41,17,29,41,42,22,5,19,30,22,17,17,22,18,12,3,10,11,2,5,1,6,5,4,1,3,1,3,0,1,2,0,0,0,0,1]
stat.node.0.util.dram_avg = 3.72931e-06
stat.node.0.walltime_s = 156.567
stat.node.0.active_time_s = 72.4971
stat.node.2.cpu.0.load_issue_to_complete_count = 799
stat.node.2.cpu.0.avg_load_issue_to_complete_lat = 3512.4
stat.node.2.injector.phase_cycles = 2810710
stat.node.2.injector.request_bytes = 1129640
stat.node.2.injector.response_bytes = 2040448
stat.node.2.injector.aggregate_bytes = 3170088
stat.node.2.injector.request_gbps = 7.71659
stat.node.2.injector.response_gbps = 13.9383
stat.node.2.injector.aggregate_gbps = 21.6549
stat.node.2.llc.cxl_miss = 800
stat.node.2.llc.total_miss = 800
stat.node.2.llc.avg_miss_lat = 3296.43
stat.node.2.llc.avg_cxl_lat = 3296.43
stat.node.2.llc.miss_lat_hist_bin_ns = 10
stat.node.2.llc.miss_lat_hist = [0,0,0,0,0,0,0,0,0,0,0,0,0,0,0,0,0,0,0,0,0,0,0,0,0,0,0,0,0,0,0,0,0,0,0,0,0,0,0,0,0,0,0,0,0,0,0,0,0,0,0,0,0,0,0,0,0,0,0,0,0,0,0,0,0,0,0,0,0,0,0,0,0,0,0,0,0,0,0,0,0,0,0,0,0,0,0,0,0,0,0,0,0,0,0,0,0,0,0,0,0,0,0,0,0,0,0,0,0,0,0,0,0,1,2,5,1,0,3,6,7,10,20,14,15,14,13,22,35,22,27,19,42,28,32,32,36,31,21,28,34,39,25,8,22,19,23,21,22,17,17,17,9,9,4,3,0,3,2,8,2,1,1,2,0,1,1,1,0,2,0,0,0,0,0,0,0,0,1]
stat.node.2.util.dram_avg = 3.71768e-06
stat.node.2.walltime_s = 156.878
stat.node.2.active_time_s = 64.8389
stat.node.4.cpu.0.load_issue_to_complete_count = 799
stat.node.4.cpu.0.avg_load_issue_to_complete_lat = 3540.67
stat.node.4.injector.phase_cycles = 2833503
stat.node.4.injector.request_bytes = 1125176
stat.node.4.injector.response_bytes = 2032384
stat.node.4.injector.aggregate_bytes = 3157560
stat.node.4.injector.request_gbps = 7.62427
stat.node.4.injector.response_gbps = 13.7716
stat.node.4.injector.aggregate_gbps = 21.3958
stat.node.4.llc.cxl_miss = 800
stat.node.4.llc.total_miss = 800
stat.node.4.llc.avg_miss_lat = 3322.21
stat.node.4.llc.avg_cxl_lat = 3322.21
stat.node.4.llc.miss_lat_hist_bin_ns = 10
stat.node.4.llc.miss_lat_hist = [0,0,0,0,0,0,0,0,0,0,0,0,0,0,0,0,0,0,0,0,0,0,0,0,0,0,0,0,0,0,0,0,0,0,0,0,0,0,0,0,0,0,0,0,0,0,0,0,0,0,0,0,0,0,0,0,0,0,0,0,0,0,0,0,0,0,0,0,0,0,0,0,0,0,0,0,0,0,0,0,0,0,0,0,0,0,0,0,0,0,0,0,0,0,0,0,0,0,0,0,0,0,0,0,0,0,0,0,0,1,0,0,0,1,0,2,2,5,4,2,8,10,12,16,15,16,22,25,28,20,9,8,35,34,23,36,36,27,26,16,33,40,21,16,25,28,27,31,14,22,14,11,6,13,15,8,3,3,6,8,2,2,3,0,3,0,2,3,2]
stat.node.4.util.dram_avg = 3.71538e-06
stat.node.4.walltime_s = 156.94
stat.node.4.active_time_s = 63.2721
stat.node.3.cpu.0.load_issue_to_complete_count = 799
stat.node.3.cpu.0.avg_load_issue_to_complete_lat = 3528.69
stat.node.3.injector.phase_cycles = 2823857
stat.node.3.injector.request_bytes = 1123192
stat.node.3.injector.response_bytes = 2028992
stat.node.3.injector.aggregate_bytes = 3152184
stat.node.3.injector.request_gbps = 7.63682
stat.node.3.injector.response_gbps = 13.7955
stat.node.3.injector.aggregate_gbps = 21.4324
stat.node.3.llc.cxl_miss = 800
stat.node.3.llc.total_miss = 800
stat.node.3.llc.avg_miss_lat = 3315.33
stat.node.3.llc.avg_cxl_lat = 3315.33
stat.node.3.llc.miss_lat_hist_bin_ns = 10
stat.node.3.llc.miss_lat_hist = [0,0,0,0,0,0,0,0,0,0,0,0,0,0,0,0,0,0,0,0,0,0,0,0,0,0,0,0,0,0,0,0,0,0,0,0,0,0,0,0,0,0,0,0,0,0,0,0,0,0,0,0,0,0,0,0,0,0,0,0,0,0,0,0,0,0,0,0,0,0,0,0,0,0,0,0,0,0,0,0,0,0,0,0,0,0,0,0,0,0,0,0,0,0,0,0,0,0,0,0,0,0,0,0,0,0,0,0,0,0,0,1,0,1,3,4,0,5,5,7,9,2,15,15,16,15,20,26,22,24,18,18,24,30,25,26,35,38,25,35,29,32,15,19,20,28,27,18,19,24,16,21,6,12,12,3,4,2,6,7,2,2,3,2,1,2,0,2,0,1,0,0,1]
stat.node.3.util.dram_avg = 3.71486e-06
stat.node.3.walltime_s = 156.954
stat.node.3.active_time_s = 72.4742
stat.node.1.cpu.0.load_issue_to_complete_count = 799
stat.node.1.cpu.0.avg_load_issue_to_complete_lat = 3522.88
stat.node.1.injector.phase_cycles = 2819031
stat.node.1.injector.request_bytes = 1126664
stat.node.1.injector.response_bytes = 2035264
stat.node.1.injector.aggregate_bytes = 3161928
stat.node.1.injector.request_gbps = 7.67354
stat.node.1.injector.response_gbps = 13.8619
stat.node.1.injector.aggregate_gbps = 21.5354
stat.node.1.llc.cxl_miss = 800
stat.node.1.llc.total_miss = 800
stat.node.1.llc.avg_miss_lat = 3306.61
stat.node.1.llc.avg_cxl_lat = 3306.61
stat.node.1.llc.miss_lat_hist_bin_ns = 10
stat.node.1.llc.miss_lat_hist = [0,0,0,0,0,0,0,0,0,0,0,0,0,0,0,0,0,0,0,0,0,0,0,0,0,0,0,0,0,0,0,0,0,0,0,0,0,0,0,0,0,0,0,0,0,0,0,0,0,0,0,0,0,0,0,0,0,0,0,0,0,0,0,0,0,0,0,0,0,0,0,0,0,0,0,0,0,0,0,0,0,0,0,0,0,0,0,0,0,0,0,0,0,0,0,0,0,0,0,0,0,0,0,1,0,0,0,0,0,0,1,0,1,1,2,2,3,5,4,3,5,3,13,19,18,14,22,28,32,16,20,14,27,22,32,36,40,34,25,24,36,38,33,9,23,20,22,18,13,24,20,11,12,11,11,3,4,3,5,2,1,2,3,2,0,3,3,0,0,0,0,0,1]
stat.node.1.util.dram_avg = 3.7134e-06
stat.node.1.walltime_s = 156.994
stat.node.1.active_time_s = 73.4617
stat.node.5.cpu.0.load_issue_to_complete_count = 799
stat.node.5.cpu.0.avg_load_issue_to_complete_lat = 3547.06
stat.node.5.injector.phase_cycles = 2838869
stat.node.5.injector.request_bytes = 1127000
stat.node.5.injector.response_bytes = 2035712
stat.node.5.injector.aggregate_bytes = 3162712
stat.node.5.injector.request_gbps = 7.62219
stat.node.5.injector.response_gbps = 13.768
stat.node.5.injector.aggregate_gbps = 21.3902
stat.node.5.llc.cxl_miss = 800
stat.node.5.llc.total_miss = 800
stat.node.5.llc.avg_miss_lat = 3331.54
stat.node.5.llc.avg_cxl_lat = 3331.54
stat.node.5.llc.miss_lat_hist_bin_ns = 10
stat.node.5.llc.miss_lat_hist = [0,0,0,0,0,0,0,0,0,0,0,0,0,0,0,0,0,0,0,0,0,0,0,0,0,0,0,0,0,0,0,0,0,0,0,0,0,0,0,0,0,0,0,0,0,0,0,0,0,0,0,0,0,0,0,0,0,0,0,0,0,0,0,0,0,0,0,0,0,0,0,0,0,0,0,0,0,0,0,0,0,0,0,0,0,0,0,0,0,0,0,0,0,0,0,0,0,0,0,0,0,0,0,0,0,0,0,0,0,1,2,0,4,1,3,1,0,1,7,4,4,5,9,26,13,6,23,27,21,14,20,13,27,30,16,23,41,39,24,19,35,48,31,5,18,32,28,30,10,27,25,10,7,15,9,8,2,3,3,7,2,3,3,1,1,1,3,5,0,0,0,0,3,0,0,0,0,0,0,1]
stat.node.5.util.dram_avg = 3.70372e-06
stat.node.5.walltime_s = 157.256
stat.node.5.active_time_s = 71.8347
stat.node.6.cpu.0.load_issue_to_complete_count = 799
stat.node.6.cpu.0.avg_load_issue_to_complete_lat = 3545.5
stat.node.6.injector.phase_cycles = 2837184
stat.node.6.injector.request_bytes = 1126912
stat.node.6.injector.response_bytes = 2035584
stat.node.6.injector.aggregate_bytes = 3162496
stat.node.6.injector.request_gbps = 7.62612
stat.node.6.injector.response_gbps = 13.7754
stat.node.6.injector.aggregate_gbps = 21.4015
stat.node.6.llc.cxl_miss = 800
stat.node.6.llc.total_miss = 800
stat.node.6.llc.avg_miss_lat = 3328.58
stat.node.6.llc.avg_cxl_lat = 3328.58
stat.node.6.llc.miss_lat_hist_bin_ns = 10
stat.node.6.llc.miss_lat_hist = [0,0,0,0,0,0,0,0,0,0,0,0,0,0,0,0,0,0,0,0,0,0,0,0,0,0,0,0,0,0,0,0,0,0,0,0,0,0,0,0,0,0,0,0,0,0,0,0,0,0,0,0,0,0,0,0,0,0,0,0,0,0,0,0,0,0,0,0,0,0,0,0,0,0,0,0,0,0,0,0,0,0,0,0,0,0,0,0,0,0,0,0,0,0,0,0,0,0,0,0,0,0,0,0,0,0,0,0,0,0,0,1,0,1,2,1,0,4,6,4,2,7,13,16,15,4,10,26,27,13,25,14,37,26,18,32,50,39,23,24,36,52,29,3,22,31,34,21,11,29,18,5,6,9,19,4,0,1,5,4,1,3,2,1,4,2,2,1,0,0,1,2,0,1,0,0,0,1]
stat.node.6.util.dram_avg = 3.70193e-06
stat.node.6.walltime_s = 157.306
stat.node.6.active_time_s = 73.1157
stat.node.7.cpu.0.load_issue_to_complete_count = 799
stat.node.7.cpu.0.avg_load_issue_to_complete_lat = 3553.26
stat.node.7.injector.phase_cycles = 2843487
stat.node.7.injector.request_bytes = 1128312
stat.node.7.injector.response_bytes = 2038272
stat.node.7.injector.aggregate_bytes = 3166584
stat.node.7.injector.request_gbps = 7.61867
stat.node.7.injector.response_gbps = 13.763
stat.node.7.injector.aggregate_gbps = 21.3816
stat.node.7.llc.cxl_miss = 800
stat.node.7.llc.total_miss = 800
stat.node.7.llc.avg_miss_lat = 3337.12
stat.node.7.llc.avg_cxl_lat = 3337.12
stat.node.7.llc.miss_lat_hist_bin_ns = 10
stat.node.7.llc.miss_lat_hist = [0,0,0,0,0,0,0,0,0,0,0,0,0,0,0,0,0,0,0,0,0,0,0,0,0,0,0,0,0,0,0,0,0,0,0,0,0,0,0,0,0,0,0,0,0,0,0,0,0,0,0,0,0,0,0,0,0,0,0,0,0,0,0,0,0,0,0,0,0,0,0,0,0,0,0,0,0,0,0,0,0,0,0,0,0,0,0,0,0,0,0,0,0,0,0,0,0,0,0,0,0,0,0,0,0,0,0,0,0,0,0,0,1,0,3,3,0,1,8,6,4,2,10,15,24,8,13,23,30,11,15,10,34,29,23,35,52,37,19,14,27,52,19,7,22,38,25,18,12,30,26,9,8,13,9,6,6,2,7,11,4,4,2,2,5,1,2,0,2,0,0,1]
stat.node.7.util.dram_avg = 3.69711e-06
stat.node.7.walltime_s = 157.438
stat.node.7.active_time_s = 64.9091
stat.pool.107.util.mem_avg = 0.200348
stat.pool.107.util.req_link_avg = 0.99993
stat.pool.107.walltime_s = 157.438
stat.pool.107.active_time_s = 1.77798
stat.pool.106.util.mem_avg = 0.200348
stat.pool.106.util.req_link_avg = 0.99993
stat.pool.106.walltime_s = 157.438
stat.pool.106.active_time_s = 1.78248
stat.pool.105.util.mem_avg = 0.200348
stat.pool.105.util.req_link_avg = 0.99993
stat.pool.105.walltime_s = 157.438
stat.pool.105.active_time_s = 1.80779
stat.pool.104.util.mem_avg = 0.200348
stat.pool.104.util.req_link_avg = 0.99993
stat.pool.104.walltime_s = 157.438
stat.pool.104.active_time_s = 1.79939
stat.pool.103.util.mem_avg = 0.200348
stat.pool.103.util.req_link_avg = 0.99993
stat.pool.103.walltime_s = 157.438
stat.pool.103.active_time_s = 1.81782
stat.pool.102.util.mem_avg = 0.200348
stat.pool.102.util.req_link_avg = 0.99993
stat.pool.102.walltime_s = 157.438
stat.pool.102.active_time_s = 1.848
stat.pool.101.util.mem_avg = 0.200348
stat.pool.101.util.req_link_avg = 0.99993
stat.pool.101.walltime_s = 157.438
stat.pool.101.active_time_s = 1.88921
stat.pool.100.util.mem_avg = 0.200348
stat.pool.100.util.req_link_avg = 0.99993
stat.pool.100.walltime_s = 157.438
stat.pool.100.active_time_s = 2.00937
stat.switch.replicated_messages = 2002400
stat.switch.util.node_ingress_avg = 0.156564
stat.switch.util.pool_ingress_avg = 0.288301
stat.switch.bw.host_to_switch_gbps = 7.69561
stat.switch.bw.switch_to_host_gbps = 14.1705
stat.switch.bw.host_link_total_gbps = 21.8662
stat.switch.walltime_s = 157.438
stat.switch.active_time_s = 13.2317
Simulation is complete, simulated time: 2.70698 ms
