stat.node.5.cpu.0.retired = 977
stat.node.5.cpu.0.cycles = 1000000
stat.node.6.cpu.0.retired = 977
stat.node.6.cpu.0.cycles = 1000000
stat.node.7.cpu.0.retired = 976
stat.node.7.cpu.0.cycles = 1000000
stat.node.0.cpu.0.retired = 976
stat.node.0.cpu.0.cycles = 1000000
stat.node.1.cpu.0.retired = 976
stat.node.1.cpu.0.cycles = 1000000
stat.node.2.cpu.0.retired = 976
stat.node.2.cpu.0.cycles = 1000000
stat.node.3.cpu.0.retired = 975
stat.node.3.cpu.0.cycles = 1000000
stat.node.4.cpu.0.retired = 976
stat.node.4.cpu.0.cycles = 1000000
stat.node.5.cpu.0.load_issue_to_complete_count = 799
stat.node.5.cpu.0.avg_load_issue_to_complete_lat = 812.307
stat.node.5.injector.phase_cycles = 650724
stat.node.5.injector.request_bytes = 10176
stat.node.5.injector.response_bytes = 27136
stat.node.5.injector.aggregate_bytes = 37312
stat.node.5.injector.request_gbps = 0.300249
stat.node.5.injector.response_gbps = 0.800664
stat.node.5.injector.aggregate_gbps = 1.10091
stat.node.5.llc.cxl_miss = 800
stat.node.5.llc.total_miss = 800
stat.node.5.llc.avg_miss_lat = 640.35
stat.node.5.llc.avg_cxl_lat = 640.35
stat.node.5.llc.miss_lat_hist_bin_ns = 10
stat.node.5.llc.miss_lat_hist = [0,0,0,0,0,0,0,0,0,0,0,0,0,0,0,0,0,0,0,0,0,0,0,0,0,0,690,22,12,16,18,8,13,12,6,2,1]
stat.node.5.util.dram_avg = 1.59826e-05
stat.node.5.walltime_s = 182.608
stat.node.5.active_time_s = 22.3931
stat.node.6.cpu.0.load_issue_to_complete_count = 799
stat.node.6.cpu.0.avg_load_issue_to_complete_lat = 812.971
stat.node.6.injector.phase_cycles = 651255
stat.node.6.injector.request_bytes = 10176
stat.node.6.injector.response_bytes = 27136
stat.node.6.injector.aggregate_bytes = 37312
stat.node.6.injector.request_gbps = 0.300004
stat.node.6.injector.response_gbps = 0.800011
stat.node.6.injector.aggregate_gbps = 1.10002
stat.node.6.llc.cxl_miss = 800
stat.node.6.llc.total_miss = 800
stat.node.6.llc.avg_miss_lat = 640.861
stat.node.6.llc.avg_cxl_lat = 640.861
stat.node.6.llc.miss_lat_hist_bin_ns = 10
stat.node.6.llc.miss_lat_hist = [0,0,0,0,0,0,0,0,0,0,0,0,0,0,0,0,0,0,0,0,0,0,0,0,0,0,684,31,11,9,18,11,13,15,3,2,3]
stat.node.6.util.dram_avg = 1.59672e-05
stat.node.6.walltime_s = 182.636
stat.node.6.active_time_s = 19.9924
stat.node.1.cpu.0.load_issue_to_complete_count = 799
stat.node.1.cpu.0.avg_load_issue_to_complete_lat = 813.656
stat.node.1.injector.phase_cycles = 651802
stat.node.1.injector.request_bytes = 10184
stat.node.1.injector.response_bytes = 27136
stat.node.1.injector.aggregate_bytes = 37320
stat.node.1.injector.request_gbps = 0.299988
stat.node.1.injector.response_gbps = 0.79934
stat.node.1.injector.aggregate_gbps = 1.09933
stat.node.1.llc.cxl_miss = 800
stat.node.1.llc.total_miss = 800
stat.node.1.llc.avg_miss_lat = 641.653
stat.node.1.llc.avg_cxl_lat = 641.653
stat.node.1.llc.miss_lat_hist_bin_ns = 10
stat.node.1.llc.miss_lat_hist = [0,0,0,0,0,0,0,0,0,0,0,0,0,0,0,0,0,0,0,0,0,0,0,0,0,0,674,31,14,19,21,8,12,10,3,4,4]
stat.node.1.util.dram_avg = 1.59591e-05
stat.node.1.walltime_s = 182.666
stat.node.1.active_time_s = 20.9634
stat.node.4.cpu.0.load_issue_to_complete_count = 799
stat.node.4.cpu.0.avg_load_issue_to_complete_lat = 813.882
stat.node.4.injector.phase_cycles = 651983
stat.node.4.injector.request_bytes = 10184
stat.node.4.injector.response_bytes = 27136
stat.node.4.injector.aggregate_bytes = 37320
stat.node.4.injector.request_gbps = 0.299905
stat.node.4.injector.response_gbps = 0.799118
stat.node.4.injector.aggregate_gbps = 1.09902
stat.node.4.llc.cxl_miss = 800
stat.node.4.llc.total_miss = 800
stat.node.4.llc.avg_miss_lat = 641.766
stat.node.4.llc.avg_cxl_lat = 641.766
stat.node.4.llc.miss_lat_hist_bin_ns = 10
stat.node.4.llc.miss_lat_hist = [0,0,0,0,0,0,0,0,0,0,0,0,0,0,0,0,0,0,0,0,0,0,0,0,0,0,684,33,8,9,15,13,8,14,6,5,5]
stat.node.4.util.dram_avg = 1.59585e-05
stat.node.4.walltime_s = 182.668
stat.node.4.active_time_s = 17.9823
stat.node.7.cpu.0.load_issue_to_complete_count = 799
stat.node.7.cpu.0.avg_load_issue_to_complete_lat = 813.732
stat.node.7.injector.phase_cycles = 651863
stat.node.7.injector.request_bytes = 10184
stat.node.7.injector.response_bytes = 27136
stat.node.7.injector.aggregate_bytes = 37320
stat.node.7.injector.request_gbps = 0.29996
stat.node.7.injector.response_gbps = 0.799265
stat.node.7.injector.aggregate_gbps = 1.09922
stat.node.7.llc.cxl_miss = 800
stat.node.7.llc.total_miss = 800
stat.node.7.llc.avg_miss_lat = 641.665
stat.node.7.llc.avg_cxl_lat = 641.665
stat.node.7.llc.miss_lat_hist_bin_ns = 10
stat.node.7.llc.miss_lat_hist = [0,0,0,0,0,0,0,0,0,0,0,0,0,0,0,0,0,0,0,0,0,0,0,0,0,0,684,30,14,13,11,10,10,11,6,5,6]
stat.node.7.util.dram_avg = 1.59582e-05
stat.node.7.walltime_s = 182.669
stat.node.7.active_time_s = 20.4272
stat.node.0.cpu.0.load_issue_to_complete_count = 799
stat.node.0.cpu.0.avg_load_issue_to_complete_lat = 813.945
stat.node.0.injector.phase_cycles = 652033
stat.node.0.injector.request_bytes = 10184
stat.node.0.injector.response_bytes = 27136
stat.node.0.injector.aggregate_bytes = 37320
stat.node.0.injector.request_gbps = 0.299882
stat.node.0.injector.response_gbps = 0.799056
stat.node.0.injector.aggregate_gbps = 1.09894
stat.node.0.llc.cxl_miss = 800
stat.node.0.llc.total_miss = 800
stat.node.0.llc.avg_miss_lat = 641.83
stat.node.0.llc.avg_cxl_lat = 641.83
stat.node.0.llc.miss_lat_hist_bin_ns = 10
stat.node.0.llc.miss_lat_hist = [0,0,0,0,0,0,0,0,0,0,0,0,0,0,0,0,0,0,0,0,0,0,0,0,0,0,681,21,15,16,24,12,8,12,3,4,4]
stat.node.0.util.dram_avg = 1.59577e-05
stat.node.0.walltime_s = 182.67
stat.node.0.active_time_s = 24.6639
stat.node.2.cpu.0.load_issue_to_complete_count = 799
stat.node.2.cpu.0.avg_load_issue_to_complete_lat = 815.481
stat.node.2.injector.phase_cycles = 653260
stat.node.2.injector.request_bytes = 10256
stat.node.2.injector.response_bytes = 27200
stat.node.2.injector.aggregate_bytes = 37456
stat.node.2.injector.request_gbps = 0.301435
stat.node.2.injector.response_gbps = 0.799437
stat.node.2.injector.aggregate_gbps = 1.10087
stat.node.2.llc.cxl_miss = 800
stat.node.2.llc.total_miss = 800
stat.node.2.llc.avg_miss_lat = 643.261
stat.node.2.llc.avg_cxl_lat = 643.261
stat.node.2.llc.miss_lat_hist_bin_ns = 10
stat.node.2.llc.miss_lat_hist = [0,0,0,0,0,0,0,0,0,0,0,0,0,0,0,0,0,0,0,0,0,0,0,0,0,0,679,25,13,16,12,11,12,17,5,2,7,1]
stat.node.2.util.dram_avg = 1.59432e-05
stat.node.2.walltime_s = 182.708
stat.node.2.active_time_s = 24.7186
stat.node.3.cpu.0.load_issue_to_complete_count = 799
stat.node.3.cpu.0.avg_load_issue_to_complete_lat = 815.501
stat.node.3.injector.phase_cycles = 653276
stat.node.3.injector.request_bytes = 10256
stat.node.3.injector.response_bytes = 27200
stat.node.3.injector.aggregate_bytes = 37456
stat.node.3.injector.request_gbps = 0.301427
stat.node.3.injector.response_gbps = 0.799417
stat.node.3.injector.aggregate_gbps = 1.10084
stat.node.3.llc.cxl_miss = 800
stat.node.3.llc.total_miss = 800
stat.node.3.llc.avg_miss_lat = 643.589
stat.node.3.llc.avg_cxl_lat = 643.589
stat.node.3.llc.miss_lat_hist_bin_ns = 10
stat.node.3.llc.miss_lat_hist = [0,0,0,0,0,0,0,0,0,0,0,0,0,0,0,0,0,0,0,0,0,0,0,0,0,0,665,34,18,18,11,11,11,17,5,5,4,1]
stat.node.3.util.dram_avg = 1.59424e-05
stat.node.3.walltime_s = 182.726
stat.node.3.active_time_s = 19.4147
stat.pool.100.util.mem_avg = 0.0654904
stat.pool.100.util.req_link_avg = 0.0795291
stat.pool.100.walltime_s = 182.726
stat.pool.100.active_time_s = 0.559393
stat.switch.replicated_messages = 1952
stat.switch.util.node_ingress_avg = 0.0099497
stat.switch.util.pool_ingress_avg = 0.37688
stat.switch.bw.host_to_switch_gbps = 0.489571
stat.switch.bw.switch_to_host_gbps = 2.31559
stat.switch.bw.host_link_total_gbps = 2.80517
stat.switch.walltime_s = 182.726
stat.switch.active_time_s = 2.25745
Simulation is complete, simulated time: 627.761 us
