stat.node.0.cpu.0.retired = 931
stat.node.0.cpu.0.cycles = 1000000
stat.node.1.cpu.0.retired = 931
stat.node.1.cpu.0.cycles = 1000000
stat.node.2.cpu.0.retired = 930
stat.node.2.cpu.0.cycles = 1000000
stat.node.3.cpu.0.retired = 935
stat.node.3.cpu.0.cycles = 1000000
stat.node.4.cpu.0.retired = 934
stat.node.4.cpu.0.cycles = 1000000
stat.node.5.cpu.0.retired = 936
stat.node.5.cpu.0.cycles = 1000000
stat.node.6.cpu.0.retired = 931
stat.node.6.cpu.0.cycles = 1000000
stat.node.7.cpu.0.retired = 935
stat.node.7.cpu.0.cycles = 1000000
stat.node.3.cpu.0.load_issue_to_complete_count = 799
stat.node.3.cpu.0.avg_load_issue_to_complete_lat = 836.421
stat.node.3.injector.phase_cycles = 670018
stat.node.3.injector.request_bytes = 50608
stat.node.3.injector.response_bytes = 214400
stat.node.3.injector.aggregate_bytes = 265008
stat.node.3.injector.request_gbps = 1.45022
stat.node.3.injector.response_gbps = 6.14383
stat.node.3.injector.aggregate_gbps = 7.59406
stat.node.3.llc.cxl_miss = 800
stat.node.3.llc.total_miss = 800
stat.node.3.llc.avg_miss_lat = 664.17
stat.node.3.llc.avg_cxl_lat = 664.17
stat.node.3.llc.miss_lat_hist_bin_ns = 10
stat.node.3.llc.miss_lat_hist = [0,0,0,0,0,0,0,0,0,0,0,0,0,0,0,0,0,0,0,0,0,0,0,0,0,0,362,186,98,41,58,31,10,8,6]
stat.node.3.util.dram_avg = 1.54537e-05
stat.node.3.walltime_s = 240.75
stat.node.3.active_time_s = 25.8899
stat.node.5.cpu.0.load_issue_to_complete_count = 799
stat.node.5.cpu.0.avg_load_issue_to_complete_lat = 839.15
stat.node.5.injector.phase_cycles = 672202
stat.node.5.injector.request_bytes = 50832
stat.node.5.injector.response_bytes = 215104
stat.node.5.injector.aggregate_bytes = 265936
stat.node.5.injector.request_gbps = 1.45191
stat.node.5.injector.response_gbps = 6.14398
stat.node.5.injector.aggregate_gbps = 7.59589
stat.node.5.llc.cxl_miss = 800
stat.node.5.llc.total_miss = 800
stat.node.5.llc.avg_miss_lat = 666.855
stat.node.5.llc.avg_cxl_lat = 666.855
stat.node.5.llc.miss_lat_hist_bin_ns = 10
stat.node.5.llc.miss_lat_hist = [0,0,0,0,0,0,0,0,0,0,0,0,0,0,0,0,0,0,0,0,0,0,0,0,0,0,380,155,110,48,26,25,14,17,23,2]
stat.node.5.util.dram_avg = 1.54499e-05
stat.node.5.walltime_s = 240.786
stat.node.5.active_time_s = 21.5592
stat.node.7.cpu.0.load_issue_to_complete_count = 799
stat.node.7.cpu.0.avg_load_issue_to_complete_lat = 838.138
stat.node.7.injector.phase_cycles = 671363
stat.node.7.injector.request_bytes = 50720
stat.node.7.injector.response_bytes = 214848
stat.node.7.injector.aggregate_bytes = 265568
stat.node.7.injector.request_gbps = 1.45052
stat.node.7.injector.response_gbps = 6.14434
stat.node.7.injector.aggregate_gbps = 7.59486
stat.node.7.llc.cxl_miss = 800
stat.node.7.llc.total_miss = 800
stat.node.7.llc.avg_miss_lat = 665.82
stat.node.7.llc.avg_cxl_lat = 665.82
stat.node.7.llc.miss_lat_hist_bin_ns = 10
stat.node.7.llc.miss_lat_hist = [0,0,0,0,0,0,0,0,0,0,0,0,0,0,0,0,0,0,0,0,0,0,0,0,0,0,376,163,99,53,40,29,7,4,29]
stat.node.7.util.dram_avg = 1.5444e-05
stat.node.7.walltime_s = 240.822
stat.node.7.active_time_s = 18.8844
stat.node.4.cpu.0.load_issue_to_complete_count = 799
stat.node.4.cpu.0.avg_load_issue_to_complete_lat = 838.576
stat.node.4.injector.phase_cycles = 671718
stat.node.4.injector.request_bytes = 50736
stat.node.4.injector.response_bytes = 214976
stat.node.4.injector.aggregate_bytes = 265712
stat.node.4.injector.request_gbps = 1.45021
stat.node.4.injector.response_gbps = 6.14475
stat.node.4.injector.aggregate_gbps = 7.59496
stat.node.4.llc.cxl_miss = 800
stat.node.4.llc.total_miss = 800
stat.node.4.llc.avg_miss_lat = 666.428
stat.node.4.llc.avg_cxl_lat = 666.428
stat.node.4.llc.miss_lat_hist_bin_ns = 10
stat.node.4.llc.miss_lat_hist = [0,0,0,0,0,0,0,0,0,0,0,0,0,0,0,0,0,0,0,0,0,0,0,0,0,0,383,145,111,61,26,26,20,4,9,13,2]
stat.node.4.util.dram_avg = 1.54365e-05
stat.node.4.walltime_s = 240.856
stat.node.4.active_time_s = 20.9197
stat.node.1.cpu.0.load_issue_to_complete_count = 799
stat.node.1.cpu.0.avg_load_issue_to_complete_lat = 840.14
stat.node.1.injector.phase_cycles = 673027
stat.node.1.injector.request_bytes = 50856
stat.node.1.injector.response_bytes = 215360
stat.node.1.injector.aggregate_bytes = 266216
stat.node.1.injector.request_gbps = 1.45081
stat.node.1.injector.response_gbps = 6.14375
stat.node.1.injector.aggregate_gbps = 7.59456
stat.node.1.llc.cxl_miss = 800
stat.node.1.llc.total_miss = 800
stat.node.1.llc.avg_miss_lat = 668.155
stat.node.1.llc.avg_cxl_lat = 668.155
stat.node.1.llc.miss_lat_hist_bin_ns = 10
stat.node.1.llc.miss_lat_hist = [0,0,0,0,0,0,0,0,0,0,0,0,0,0,0,0,0,0,0,0,0,0,0,0,0,0,350,163,98,86,33,30,13,10,14,2,1]
stat.node.1.util.dram_avg = 1.53988e-05
stat.node.1.walltime_s = 241.034
stat.node.1.active_time_s = 23.8463
stat.node.2.cpu.0.load_issue_to_complete_count = 799
stat.node.2.cpu.0.avg_load_issue_to_complete_lat = 840.302
stat.node.2.injector.phase_cycles = 673092
stat.node.2.injector.request_bytes = 50856
stat.node.2.injector.response_bytes = 215424
stat.node.2.injector.aggregate_bytes = 266280
stat.node.2.injector.request_gbps = 1.45067
stat.node.2.injector.response_gbps = 6.14499
stat.node.2.injector.aggregate_gbps = 7.59566
stat.node.2.llc.cxl_miss = 800
stat.node.2.llc.total_miss = 800
stat.node.2.llc.avg_miss_lat = 668.327
stat.node.2.llc.avg_cxl_lat = 668.327
stat.node.2.llc.miss_lat_hist_bin_ns = 10
stat.node.2.llc.miss_lat_hist = [0,0,0,0,0,0,0,0,0,0,0,0,0,0,0,0,0,0,0,0,0,0,0,0,0,0,373,149,105,57,34,25,21,7,11,18]
stat.node.2.util.dram_avg = 1.53912e-05
stat.node.2.walltime_s = 241.041
stat.node.2.active_time_s = 25.198
stat.node.0.cpu.0.load_issue_to_complete_count = 799
stat.node.0.cpu.0.avg_load_issue_to_complete_lat = 840.497
stat.node.0.injector.phase_cycles = 673278
stat.node.0.injector.request_bytes = 50872
stat.node.0.injector.response_bytes = 215424
stat.node.0.injector.aggregate_bytes = 266296
stat.node.0.injector.request_gbps = 1.45073
stat.node.0.injector.response_gbps = 6.14329
stat.node.0.injector.aggregate_gbps = 7.59401
stat.node.0.llc.cxl_miss = 800
stat.node.0.llc.total_miss = 800
stat.node.0.llc.avg_miss_lat = 668.151
stat.node.0.llc.avg_cxl_lat = 668.151
stat.node.0.llc.miss_lat_hist_bin_ns = 10
stat.node.0.llc.miss_lat_hist = [0,0,0,0,0,0,0,0,0,0,0,0,0,0,0,0,0,0,0,0,0,0,0,0,0,0,339,181,111,61,28,22,23,22,13]
stat.node.0.util.dram_avg = 1.53877e-05
stat.node.0.walltime_s = 241.057
stat.node.0.active_time_s = 24.1464
stat.node.6.cpu.0.load_issue_to_complete_count = 799
stat.node.6.cpu.0.avg_load_issue_to_complete_lat = 842.428
stat.node.6.injector.phase_cycles = 674855
stat.node.6.injector.request_bytes = 50992
stat.node.6.injector.response_bytes = 215936
stat.node.6.injector.aggregate_bytes = 266928
stat.node.6.injector.request_gbps = 1.45075
stat.node.6.injector.response_gbps = 6.1435
stat.node.6.injector.aggregate_gbps = 7.59425
stat.node.6.llc.cxl_miss = 800
stat.node.6.llc.total_miss = 800
stat.node.6.llc.avg_miss_lat = 670.278
stat.node.6.llc.avg_cxl_lat = 670.278
stat.node.6.llc.miss_lat_hist_bin_ns = 10
stat.node.6.llc.miss_lat_hist = [0,0,0,0,0,0,0,0,0,0,0,0,0,0,0,0,0,0,0,0,0,0,0,0,0,0,331,143,137,69,26,66,13,3,12]
stat.node.6.util.dram_avg = 1.53808e-05
stat.node.6.walltime_s = 241.07
stat.node.6.active_time_s = 20.6998
stat.pool.101.util.mem_avg = 0.11681
stat.pool.101.util.req_link_avg = 0.188388
stat.pool.101.walltime_s = 241.07
stat.pool.101.active_time_s = 0.576163
stat.pool.100.util.mem_avg = 0.116811
stat.pool.100.util.req_link_avg = 0.188389
stat.pool.100.walltime_s = 241.07
stat.pool.100.active_time_s = 0.560863
stat.switch.replicated_messages = 13856
stat.switch.util.node_ingress_avg = 0.0332238
stat.switch.util.pool_ingress_avg = 0.619024
stat.switch.bw.host_to_switch_gbps = 1.63306
stat.switch.bw.switch_to_host_gbps = 7.60673
stat.switch.bw.host_link_total_gbps = 9.23979
stat.switch.walltime_s = 241.07
stat.switch.active_time_s = 2.25471
Simulation is complete, simulated time: 650.681 us
