stat.node.4.cpu.0.retired = 773
stat.node.4.cpu.0.cycles = 1000000
stat.node.5.cpu.0.retired = 795
stat.node.5.cpu.0.cycles = 1000000
stat.node.6.cpu.0.retired = 800
stat.node.6.cpu.0.cycles = 1000000
stat.node.7.cpu.0.retired = 777
stat.node.7.cpu.0.cycles = 1000000
stat.node.0.cpu.0.retired = 803
stat.node.0.cpu.0.cycles = 1000000
stat.node.1.cpu.0.retired = 799
stat.node.1.cpu.0.cycles = 1000000
stat.node.2.cpu.0.retired = 773
stat.node.2.cpu.0.cycles = 1000000
stat.node.3.cpu.0.retired = 801
stat.node.3.cpu.0.cycles = 1000000
stat.node.0.cpu.0.load_issue_to_complete_count = 799
stat.node.0.cpu.0.avg_load_issue_to_complete_lat = 968.175
stat.node.0.injector.phase_cycles = 775407
stat.node.0.injector.request_bytes = 302744
stat.node.0.injector.response_bytes = 546944
stat.node.0.injector.aggregate_bytes = 849688
stat.node.0.injector.request_gbps = 7.4963
stat.node.0.injector.response_gbps = 13.543
stat.node.0.injector.aggregate_gbps = 21.0393
stat.node.0.llc.cxl_miss = 800
stat.node.0.llc.total_miss = 800
stat.node.0.llc.avg_miss_lat = 793.867
stat.node.0.llc.avg_cxl_lat = 793.867
stat.node.0.llc.miss_lat_hist_bin_ns = 10
stat.node.0.llc.miss_lat_hist = [0,0,0,0,0,0,0,0,0,0,0,0,0,0,0,0,0,0,0,0,0,0,0,0,0,0,0,0,1,18,16,27,112,581,45]
stat.node.0.util.dram_avg = 1.35466e-05
stat.node.0.walltime_s = 238.104
stat.node.0.active_time_s = 24.6021
stat.node.3.cpu.0.load_issue_to_complete_count = 799
stat.node.3.cpu.0.avg_load_issue_to_complete_lat = 966.324
stat.node.3.injector.phase_cycles = 773928
stat.node.3.injector.request_bytes = 302232
stat.node.3.injector.response_bytes = 545920
stat.node.3.injector.aggregate_bytes = 848152
stat.node.3.injector.request_gbps = 7.49793
stat.node.3.injector.response_gbps = 13.5435
stat.node.3.injector.aggregate_gbps = 21.0414
stat.node.3.llc.cxl_miss = 800
stat.node.3.llc.total_miss = 800
stat.node.3.llc.avg_miss_lat = 791.928
stat.node.3.llc.avg_cxl_lat = 791.928
stat.node.3.llc.miss_lat_hist_bin_ns = 10
stat.node.3.llc.miss_lat_hist = [0,0,0,0,0,0,0,0,0,0,0,0,0,0,0,0,0,0,0,0,0,0,0,0,0,0,0,0,3,24,17,28,189,440,99]
stat.node.3.util.dram_avg = 1.35385e-05
stat.node.3.walltime_s = 238.143
stat.node.3.active_time_s = 28.9383
stat.node.6.cpu.0.load_issue_to_complete_count = 799
stat.node.6.cpu.0.avg_load_issue_to_complete_lat = 968.71
stat.node.6.injector.phase_cycles = 775853
stat.node.6.injector.request_bytes = 302968
stat.node.6.injector.response_bytes = 547264
stat.node.6.injector.aggregate_bytes = 850232
stat.node.6.injector.request_gbps = 7.49754
stat.node.6.injector.response_gbps = 13.5431
stat.node.6.injector.aggregate_gbps = 21.0407
stat.node.6.llc.cxl_miss = 800
stat.node.6.llc.total_miss = 800
stat.node.6.llc.avg_miss_lat = 794.293
stat.node.6.llc.avg_cxl_lat = 794.293
stat.node.6.llc.miss_lat_hist_bin_ns = 10
stat.node.6.llc.miss_lat_hist = [0,0,0,0,0,0,0,0,0,0,0,0,0,0,0,0,0,0,0,0,0,0,0,0,0,0,0,0,1,13,19,21,141,531,74]
stat.node.6.util.dram_avg = 1.35175e-05
stat.node.6.walltime_s = 238.359
stat.node.6.active_time_s = 23.3021
stat.node.1.cpu.0.load_issue_to_complete_count = 799
stat.node.1.cpu.0.avg_load_issue_to_complete_lat = 968.176
stat.node.1.injector.phase_cycles = 775408
stat.node.1.injector.request_bytes = 302800
stat.node.1.injector.response_bytes = 546944
stat.node.1.injector.aggregate_bytes = 849744
stat.node.1.injector.request_gbps = 7.49768
stat.node.1.injector.response_gbps = 13.543
stat.node.1.injector.aggregate_gbps = 21.0406
stat.node.1.llc.cxl_miss = 800
stat.node.1.llc.total_miss = 800
stat.node.1.llc.avg_miss_lat = 793.676
stat.node.1.llc.avg_cxl_lat = 793.676
stat.node.1.llc.miss_lat_hist_bin_ns = 10
stat.node.1.llc.miss_lat_hist = [0,0,0,0,0,0,0,0,0,0,0,0,0,0,0,0,0,0,0,0,0,0,0,0,0,0,0,0,11,12,15,18,167,479,98]
stat.node.1.util.dram_avg = 1.35127e-05
stat.node.1.walltime_s = 238.418
stat.node.1.active_time_s = 26.802
stat.node.5.cpu.0.load_issue_to_complete_count = 799
stat.node.5.cpu.0.avg_load_issue_to_complete_lat = 970.826
stat.node.5.injector.phase_cycles = 777547
stat.node.5.injector.request_bytes = 303632
stat.node.5.injector.response_bytes = 548480
stat.node.5.injector.aggregate_bytes = 852112
stat.node.5.injector.request_gbps = 7.4976
stat.node.5.injector.response_gbps = 13.5436
stat.node.5.injector.aggregate_gbps = 21.0412
stat.node.5.llc.cxl_miss = 800
stat.node.5.llc.total_miss = 800
stat.node.5.llc.avg_miss_lat = 796.189
stat.node.5.llc.avg_cxl_lat = 796.189
stat.node.5.llc.miss_lat_hist_bin_ns = 10
stat.node.5.llc.miss_lat_hist = [0,0,0,0,0,0,0,0,0,0,0,0,0,0,0,0,0,0,0,0,0,0,0,0,0,0,0,0,6,6,1,12,239,363,173]
stat.node.5.util.dram_avg = 1.34693e-05
stat.node.5.walltime_s = 238.674
stat.node.5.active_time_s = 26.5294
stat.node.7.cpu.0.load_issue_to_complete_count = 799
stat.node.7.cpu.0.avg_load_issue_to_complete_lat = 974.273
stat.node.7.injector.phase_cycles = 780304
stat.node.7.injector.request_bytes = 304712
stat.node.7.injector.response_bytes = 550464
stat.node.7.injector.aggregate_bytes = 855176
stat.node.7.injector.request_gbps = 7.49768
stat.node.7.injector.response_gbps = 13.5446
stat.node.7.injector.aggregate_gbps = 21.0423
stat.node.7.llc.cxl_miss = 800
stat.node.7.llc.total_miss = 800
stat.node.7.llc.avg_miss_lat = 799.741
stat.node.7.llc.avg_cxl_lat = 799.741
stat.node.7.llc.miss_lat_hist_bin_ns = 10
stat.node.7.llc.miss_lat_hist = [0,0,0,0,0,0,0,0,0,0,0,0,0,0,0,0,0,0,0,0,0,0,0,0,0,0,0,0,0,0,0,7,249,306,238]
stat.node.7.util.dram_avg = 1.3319e-05
stat.node.7.walltime_s = 239.886
stat.node.7.active_time_s = 24.8803
stat.node.4.cpu.0.load_issue_to_complete_count = 799
stat.node.4.cpu.0.avg_load_issue_to_complete_lat = 974.242
stat.node.4.injector.phase_cycles = 780280
stat.node.4.injector.request_bytes = 304648
stat.node.4.injector.response_bytes = 550400
stat.node.4.injector.aggregate_bytes = 855048
stat.node.4.injector.request_gbps = 7.49634
stat.node.4.injector.response_gbps = 13.5434
stat.node.4.injector.aggregate_gbps = 21.0398
stat.node.4.llc.cxl_miss = 800
stat.node.4.llc.total_miss = 800
stat.node.4.llc.avg_miss_lat = 799.846
stat.node.4.llc.avg_cxl_lat = 799.846
stat.node.4.llc.miss_lat_hist_bin_ns = 10
stat.node.4.llc.miss_lat_hist = [0,0,0,0,0,0,0,0,0,0,0,0,0,0,0,0,0,0,0,0,0,0,0,0,0,0,0,0,0,0,0,3,154,502,140,1]
stat.node.4.util.dram_avg = 1.32862e-05
stat.node.4.walltime_s = 240.094
stat.node.4.active_time_s = 21.2373
stat.node.2.cpu.0.load_issue_to_complete_count = 799
stat.node.2.cpu.0.avg_load_issue_to_complete_lat = 974.273
stat.node.2.injector.phase_cycles = 780305
stat.node.2.injector.request_bytes = 304712
stat.node.2.injector.response_bytes = 550400
stat.node.2.injector.aggregate_bytes = 855112
stat.node.2.injector.request_gbps = 7.49767
stat.node.2.injector.response_gbps = 13.543
stat.node.2.injector.aggregate_gbps = 21.0407
stat.node.2.llc.cxl_miss = 800
stat.node.2.llc.total_miss = 800
stat.node.2.llc.avg_miss_lat = 799.771
stat.node.2.llc.avg_cxl_lat = 799.771
stat.node.2.llc.miss_lat_hist_bin_ns = 10
stat.node.2.llc.miss_lat_hist = [0,0,0,0,0,0,0,0,0,0,0,0,0,0,0,0,0,0,0,0,0,0,0,0,0,0,0,0,0,0,1,13,156,468,161,1]
stat.node.2.util.dram_avg = 1.32862e-05
stat.node.2.walltime_s = 240.094
stat.node.2.active_time_s = 26.3028
stat.pool.105.util.mem_avg = 0.215419
stat.pool.105.util.req_link_avg = 0.994753
stat.pool.105.walltime_s = 240.094
stat.pool.105.active_time_s = 0.657682
stat.pool.104.util.mem_avg = 0.215419
stat.pool.104.util.req_link_avg = 0.994753
stat.pool.104.walltime_s = 240.095
stat.pool.104.active_time_s = 0.750234
stat.pool.103.util.mem_avg = 0.21542
stat.pool.103.util.req_link_avg = 0.994754
stat.pool.103.walltime_s = 240.095
stat.pool.103.active_time_s = 0.752251
stat.pool.102.util.mem_avg = 0.21542
stat.pool.102.util.req_link_avg = 0.994754
stat.pool.102.walltime_s = 240.095
stat.pool.102.active_time_s = 0.643173
stat.pool.101.util.mem_avg = 0.21542
stat.pool.101.util.req_link_avg = 0.994755
stat.pool.101.walltime_s = 240.095
stat.pool.101.active_time_s = 0.721003
stat.pool.100.util.mem_avg = 0.215422
stat.pool.100.util.req_link_avg = 0.994755
stat.pool.100.walltime_s = 240.095
stat.pool.100.active_time_s = 0.786591
stat.switch.replicated_messages = 409536
stat.switch.util.node_ingress_avg = 0.155767
stat.switch.util.pool_ingress_avg = 0.401915
stat.switch.bw.host_to_switch_gbps = 7.65682
stat.switch.bw.switch_to_host_gbps = 14.816
stat.switch.bw.host_link_total_gbps = 22.4728
stat.switch.walltime_s = 240.095
stat.switch.active_time_s = 4.0957
Simulation is complete, simulated time: 753.264 us
