stat.node.0.cpu.0.retired = 146
stat.node.0.cpu.0.cycles = 1000000
stat.node.1.cpu.0.retired = 147
stat.node.1.cpu.0.cycles = 1000000
stat.node.2.cpu.0.retired = 148
stat.node.2.cpu.0.cycles = 1000000
stat.node.3.cpu.0.retired = 147
stat.node.3.cpu.0.cycles = 1000000
stat.node.4.cpu.0.retired = 146
stat.node.4.cpu.0.cycles = 1000000
stat.node.5.cpu.0.retired = 144
stat.node.5.cpu.0.cycles = 1000000
stat.node.6.cpu.0.retired = 146
stat.node.6.cpu.0.cycles = 1000000
stat.node.7.cpu.0.retired = 147
stat.node.7.cpu.0.cycles = 1000000
stat.node.1.cpu.0.retired = 336
stat.node.1.cpu.0.cycles = 2000000
stat.node.2.cpu.0.retired = 337
stat.node.2.cpu.0.cycles = 2000000
stat.node.3.cpu.0.retired = 335
stat.node.3.cpu.0.cycles = 2000000
stat.node.4.cpu.0.retired = 334
stat.node.4.cpu.0.cycles = 2000000
stat.node.5.cpu.0.retired = 332
stat.node.5.cpu.0.cycles = 2000000
stat.node.6.cpu.0.retired = 337
stat.node.6.cpu.0.cycles = 2000000
stat.node.7.cpu.0.retired = 335
stat.node.7.cpu.0.cycles = 2000000
stat.node.0.cpu.0.retired = 335
stat.node.0.cpu.0.cycles = 2000000
stat.node.7.cpu.0.retired = 559
stat.node.7.cpu.0.cycles = 3000000
stat.node.6.cpu.0.retired = 563
stat.node.6.cpu.0.cycles = 3000000
stat.node.1.cpu.0.retired = 562
stat.node.1.cpu.0.cycles = 3000000
stat.node.2.cpu.0.retired = 562
stat.node.2.cpu.0.cycles = 3000000
stat.node.3.cpu.0.retired = 561
stat.node.3.cpu.0.cycles = 3000000
stat.node.4.cpu.0.retired = 561
stat.node.4.cpu.0.cycles = 3000000
stat.node.5.cpu.0.retired = 558
stat.node.5.cpu.0.cycles = 3000000
stat.node.0.cpu.0.retired = 563
stat.node.0.cpu.0.cycles = 3000000
stat.node.4.cpu.0.retired = 803
stat.node.4.cpu.0.cycles = 4000000
stat.node.0.cpu.0.retired = 802
stat.node.0.cpu.0.cycles = 4000000
stat.node.5.cpu.0.retired = 799
stat.node.5.cpu.0.cycles = 4000000
stat.node.7.cpu.0.retired = 800
stat.node.7.cpu.0.cycles = 4000000
stat.node.6.cpu.0.retired = 804
stat.node.6.cpu.0.cycles = 4000000
stat.node.1.cpu.0.retired = 804
stat.node.1.cpu.0.cycles = 4000000
stat.node.2.cpu.0.retired = 802
stat.node.2.cpu.0.cycles = 4000000
stat.node.3.cpu.0.retired = 803
stat.node.3.cpu.0.cycles = 4000000
stat.node.1.cpu.0.retired = 1058
stat.node.1.cpu.0.cycles = 5000000
stat.node.2.cpu.0.retired = 1057
stat.node.4.cpu.0.retired = 1060
stat.node.4.cpu.0.cycles = 5000000
stat.node.3.cpu.0.retired = 1060
stat.node.3.cpu.0.cycles = 5000000
stat.node.0.cpu.0.retired = 1057
stat.node.0.cpu.0.cycles = 5000000
stat.node.5.cpu.0.retired = 1055
stat.node.5.cpu.0.cycles = 5000000
stat.node.7.cpu.0.retired = 1055
stat.node.7.cpu.0.cycles = 5000000
stat.node.6.cpu.0.retired = 1057
stat.node.6.cpu.0.cycles = 5000000
stat.node.2.cpu.0.cycles = 5000000
stat.node.6.cpu.0.retired = 1313
stat.node.6.cpu.0.cycles = 6000000
stat.node.2.cpu.0.retired = 1315
stat.node.2.cpu.0.cycles = 6000000
stat.node.3.cpu.0.retired = 1320
stat.node.3.cpu.0.cycles = 6000000
stat.node.0.cpu.0.retired = 1314
stat.node.0.cpu.0.cycles = 6000000
stat.node.5.cpu.0.retired = 1312
stat.node.5.cpu.0.cycles = 6000000
stat.node.7.cpu.0.retired = 1309
stat.node.7.cpu.0.cycles = 6000000
stat.node.4.cpu.0.retired = 1317
stat.node.4.cpu.0.cycles = 6000000
stat.node.1.cpu.0.retired = 1317
stat.node.1.cpu.0.cycles = 6000000
stat.node.1.cpu.0.retired = 1578
stat.node.1.cpu.0.cycles = 7000000
stat.node.2.cpu.0.retired = 1575
stat.node.2.cpu.0.cycles = 7000000
stat.node.3.cpu.0.retired = 1580
stat.node.3.cpu.0.cycles = 7000000
stat.node.0.cpu.0.retired = 1571
stat.node.0.cpu.0.cycles = 7000000
stat.node.5.cpu.0.retired = 1571
stat.node.5.cpu.0.cycles = 7000000
stat.node.7.cpu.0.retired = 1569
stat.node.7.cpu.0.cycles = 7000000
stat.node.4.cpu.0.retired = 1576
stat.node.6.cpu.0.retired = 1572
stat.node.6.cpu.0.cycles = 7000000
stat.node.4.cpu.0.cycles = 7000000
stat.node.3.cpu.0.load_issue_to_complete_count = 799
stat.node.3.cpu.0.avg_load_issue_to_complete_lat = 3855.25
stat.node.3.injector.phase_cycles = 3085043
stat.node.3.injector.request_bytes = 1062600
stat.node.3.injector.response_bytes = 653952
stat.node.3.injector.aggregate_bytes = 1716552
stat.node.3.injector.request_gbps = 6.61317
stat.node.3.injector.response_gbps = 4.06992
stat.node.3.injector.aggregate_gbps = 10.6831
stat.node.3.llc.cxl_miss = 800
stat.node.3.llc.total_miss = 800
stat.node.3.llc.avg_miss_lat = 3632.84
stat.node.3.llc.avg_cxl_lat = 3632.84
stat.node.3.llc.miss_lat_hist_bin_ns = 10
stat.node.3.llc.miss_lat_hist = [0,0,0,0,0,0,0,0,0,0,0,0,0,0,0,0,0,0,0,0,0,0,0,0,0,0,0,0,0,0,0,0,0,0,0,0,0,0,0,0,0,0,0,0,0,0,0,0,0,0,0,0,0,0,0,0,0,0,0,0,0,0,0,0,0,0,0,0,0,0,0,0,0,0,0,0,0,0,0,0,0,0,0,0,0,0,0,0,0,0,0,0,0,0,0,0,0,0,0,0,0,0,0,0,0,0,0,0,0,0,0,0,0,0,0,0,0,0,0,1,0,0,2,1,4,1,2,4,9,6,4,6,12,12,2,4,14,32,18,4,10,17,33,28,14,19,34,34,19,9,43,47,30,5,10,33,47,19,5,20,25,14,9,13,21,10,10,5,7,12,11,6,1,5,5,8,1,1,1,6,3,0,4,2,1,0,0,3,0,0,0,0,0,0,0,0,1,0,0,0,0,0,0,0,0,0,0,1]
stat.node.3.util.dram_avg = 3.3933e-06
stat.node.3.walltime_s = 955.287
stat.node.3.active_time_s = 98.6947
stat.node.1.cpu.0.load_issue_to_complete_count = 799
stat.node.1.cpu.0.avg_load_issue_to_complete_lat = 3872.9
stat.node.1.injector.phase_cycles = 3099071
stat.node.1.injector.request_bytes = 1060456
stat.node.1.injector.response_bytes = 652544
stat.node.1.injector.aggregate_bytes = 1713000
stat.node.1.injector.request_gbps = 6.56995
stat.node.1.injector.response_gbps = 4.04277
stat.node.1.injector.aggregate_gbps = 10.6127
stat.node.1.llc.cxl_miss = 800
stat.node.1.llc.total_miss = 800
stat.node.1.llc.avg_miss_lat = 3649.55
stat.node.1.llc.avg_cxl_lat = 3649.55
stat.node.1.llc.miss_lat_hist_bin_ns = 10
stat.node.1.llc.miss_lat_hist = [0,0,0,0,0,0,0,0,0,0,0,0,0,0,0,0,0,0,0,0,0,0,0,0,0,0,0,0,0,0,0,0,0,0,0,0,0,0,0,0,0,0,0,0,0,0,0,0,0,0,0,0,0,0,0,0,0,0,0,0,0,0,0,0,0,0,0,0,0,0,0,0,0,0,0,0,0,0,0,0,0,0,0,0,0,0,0,0,0,0,0,0,0,0,0,0,0,0,0,0,0,0,0,0,0,0,0,0,0,0,0,0,0,0,0,0,0,0,0,0,0,1,2,3,0,1,1,10,8,1,2,3,12,11,4,9,14,26,17,4,13,31,35,22,13,26,40,25,12,7,35,47,19,9,5,27,34,27,6,14,19,29,17,13,28,14,5,3,8,15,16,4,0,4,7,7,5,2,4,5,3,2,4,2,1,2,0,2,0,0,1,1,0,1]
stat.node.1.util.dram_avg = 3.3896e-06
stat.node.1.walltime_s = 956.234
stat.node.1.active_time_s = 96.418
stat.node.4.cpu.0.load_issue_to_complete_count = 799
stat.node.4.cpu.0.avg_load_issue_to_complete_lat = 3876.52
stat.node.4.injector.phase_cycles = 3101806
stat.node.4.injector.request_bytes = 1066064
stat.node.4.injector.response_bytes = 656064
stat.node.4.injector.aggregate_bytes = 1722128
stat.node.4.injector.request_gbps = 6.59887
stat.node.4.injector.response_gbps = 4.061
stat.node.4.injector.aggregate_gbps = 10.6599
stat.node.4.llc.cxl_miss = 800
stat.node.4.llc.total_miss = 800
stat.node.4.llc.avg_miss_lat = 3654.42
stat.node.4.llc.avg_cxl_lat = 3654.42
stat.node.4.llc.miss_lat_hist_bin_ns = 10
stat.node.4.llc.miss_lat_hist = [0,0,0,0,0,0,0,0,0,0,0,0,0,0,0,0,0,0,0,0,0,0,0,0,0,0,0,0,0,0,0,0,0,0,0,0,0,0,0,0,0,0,0,0,0,0,0,0,0,0,0,0,0,0,0,0,0,0,0,0,0,0,0,0,0,0,0,0,0,0,0,0,0,0,0,0,0,0,0,0,0,0,0,0,0,0,0,0,0,0,0,0,0,0,0,0,0,0,0,0,0,0,0,0,0,0,0,0,0,0,0,0,0,1,0,0,0,0,0,0,0,1,2,1,3,0,0,4,8,3,4,4,14,7,3,3,10,34,17,8,9,25,35,34,21,25,33,23,14,8,33,50,25,2,8,24,42,24,4,14,16,23,11,12,30,15,3,5,14,9,21,6,1,1,9,8,5,2,4,4,2,1,3,7,0,0,1,1,3,0,0,0,1,0,0,0,0,0,0,0,0,1,0,0,0,0,0,0,0,0,0,1]
stat.node.4.util.dram_avg = 3.38547e-06
stat.node.4.walltime_s = 957.118
stat.node.4.active_time_s = 102.002
stat.node.2.cpu.0.load_issue_to_complete_count = 799
stat.node.2.cpu.0.avg_load_issue_to_complete_lat = 3875.06
stat.node.2.injector.phase_cycles = 3100284
stat.node.2.injector.request_bytes = 1063912
stat.node.2.injector.response_bytes = 654656
stat.node.2.injector.aggregate_bytes = 1718568
stat.node.2.injector.request_gbps = 6.58879
stat.node.2.injector.response_gbps = 4.05427
stat.node.2.injector.aggregate_gbps = 10.6431
stat.node.2.llc.cxl_miss = 800
stat.node.2.llc.total_miss = 800
stat.node.2.llc.avg_miss_lat = 3653.89
stat.node.2.llc.avg_cxl_lat = 3653.89
stat.node.2.llc.miss_lat_hist_bin_ns = 10
stat.node.2.llc.miss_lat_hist = [0,0,0,0,0,0,0,0,0,0,0,0,0,0,0,0,0,0,0,0,0,0,0,0,0,0,0,0,0,0,0,0,0,0,0,0,0,0,0,0,0,0,0,0,0,0,0,0,0,0,0,0,0,0,0,0,0,0,0,0,0,0,0,0,0,0,0,0,0,0,0,0,0,0,0,0,0,0,0,0,0,0,0,0,0,0,0,0,0,0,0,0,0,0,0,0,0,0,0,0,0,0,0,0,0,0,0,0,0,0,0,0,0,0,0,0,0,0,2,0,0,0,2,2,0,0,0,3,10,6,5,4,11,12,5,9,14,24,23,7,10,19,29,23,13,25,32,21,13,12,41,51,31,6,8,22,41,34,9,11,25,19,6,9,16,17,3,3,10,18,21,8,2,4,10,6,4,2,7,1,2,4,2,0,3,0,1,0,1,1,0,0,1,2,0,0,0,1,0,0,0,0,1]
stat.node.2.util.dram_avg = 3.38437e-06
stat.node.2.walltime_s = 957.244
stat.node.2.active_time_s = 113.243
stat.node.6.cpu.0.load_issue_to_complete_count = 799
stat.node.6.cpu.0.avg_load_issue_to_complete_lat = 3898
stat.node.6.injector.phase_cycles = 3119203
stat.node.6.injector.request_bytes = 1065032
stat.node.6.injector.response_bytes = 655424
stat.node.6.injector.aggregate_bytes = 1720456
stat.node.6.injector.request_gbps = 6.55572
stat.node.6.injector.response_gbps = 4.03441
stat.node.6.injector.aggregate_gbps = 10.5901
stat.node.6.llc.cxl_miss = 800
stat.node.6.llc.total_miss = 800
stat.node.6.llc.avg_miss_lat = 3676.27
stat.node.6.llc.avg_cxl_lat = 3676.27
stat.node.6.llc.miss_lat_hist_bin_ns = 10
stat.node.6.llc.miss_lat_hist = [0,0,0,0,0,0,0,0,0,0,0,0,0,0,0,0,0,0,0,0,0,0,0,0,0,0,0,0,0,0,0,0,0,0,0,0,0,0,0,0,0,0,0,0,0,0,0,0,0,0,0,0,0,0,0,0,0,0,0,0,0,0,0,0,0,0,0,0,0,0,0,0,0,0,0,0,0,0,0,0,0,0,0,0,0,0,0,0,0,0,0,0,0,0,0,0,0,0,0,0,0,0,0,0,0,0,0,0,0,0,0,0,0,0,0,0,0,0,0,0,0,0,2,4,1,0,1,4,8,3,0,4,12,2,2,4,14,32,16,6,13,26,30,37,16,18,18,25,13,4,29,53,22,3,9,35,40,25,7,18,25,32,14,12,32,18,10,3,7,14,18,5,3,4,2,9,3,2,3,3,1,2,1,6,3,1,1,1,3,1,0,0,1,0,1,0,0,2,0,0,0,0,0,0,0,0,0,0,0,0,0,0,0,0,0,1]
stat.node.6.util.dram_avg = 3.37961e-06
stat.node.6.walltime_s = 958.324
stat.node.6.active_time_s = 106.508
stat.node.0.cpu.0.load_issue_to_complete_count = 799
stat.node.0.cpu.0.avg_load_issue_to_complete_lat = 3896.35
stat.node.0.injector.phase_cycles = 3118594
stat.node.0.injector.request_bytes = 1061144
stat.node.0.injector.response_bytes = 653056
stat.node.0.injector.aggregate_bytes = 1714200
stat.node.0.injector.request_gbps = 6.53306
stat.node.0.injector.response_gbps = 4.02062
stat.node.0.injector.aggregate_gbps = 10.5537
stat.node.0.llc.cxl_miss = 800
stat.node.0.llc.total_miss = 800
stat.node.0.llc.avg_miss_lat = 3676.84
stat.node.0.llc.avg_cxl_lat = 3676.84
stat.node.0.llc.miss_lat_hist_bin_ns = 10
stat.node.0.llc.miss_lat_hist = [0,0,0,0,0,0,0,0,0,0,0,0,0,0,0,0,0,0,0,0,0,0,0,0,0,0,0,0,0,0,0,0,0,0,0,0,0,0,0,0,0,0,0,0,0,0,0,0,0,0,0,0,0,0,0,0,0,0,0,0,0,0,0,0,0,0,0,0,0,0,0,0,0,0,0,0,0,0,0,0,0,0,0,0,0,0,0,0,0,0,0,0,0,0,0,0,0,0,0,0,0,0,0,0,0,0,0,0,0,0,0,0,0,0,0,0,0,0,1,0,0,0,0,1,1,1,3,4,6,1,4,1,10,9,3,0,23,26,24,4,9,16,40,26,9,31,34,24,14,9,29,43,32,4,4,22,51,32,8,12,12,28,12,12,26,17,3,2,7,17,15,4,1,6,8,11,5,2,7,6,3,2,3,7,3,0,1,0,4,1,0,0,0,0,0,0,2,1,1]
stat.node.0.util.dram_avg = 3.37708e-06
stat.node.0.walltime_s = 958.713
stat.node.0.active_time_s = 109.005
stat.node.5.cpu.0.load_issue_to_complete_count = 799
stat.node.5.cpu.0.avg_load_issue_to_complete_lat = 3887.29
stat.node.5.injector.phase_cycles = 3110416
stat.node.5.injector.request_bytes = 1065232
stat.node.5.injector.response_bytes = 655488
stat.node.5.injector.aggregate_bytes = 1720720
stat.node.5.injector.request_gbps = 6.57547
stat.node.5.injector.response_gbps = 4.0462
stat.node.5.injector.aggregate_gbps = 10.6217
stat.node.5.llc.cxl_miss = 800
stat.node.5.llc.total_miss = 800
stat.node.5.llc.avg_miss_lat = 3664.49
stat.node.5.llc.avg_cxl_lat = 3664.49
stat.node.5.llc.miss_lat_hist_bin_ns = 10
stat.node.5.llc.miss_lat_hist = [0,0,0,0,0,0,0,0,0,0,0,0,0,0,0,0,0,0,0,0,0,0,0,0,0,0,0,0,0,0,0,0,0,0,0,0,0,0,0,0,0,0,0,0,0,0,0,0,0,0,0,0,0,0,0,0,0,0,0,0,0,0,0,0,0,0,0,0,0,0,0,0,0,0,0,0,0,0,0,0,0,0,0,0,0,0,0,0,0,0,0,0,0,0,0,0,0,0,0,0,0,0,0,0,0,0,0,0,0,0,0,0,1,0,0,0,0,0,0,0,0,1,0,1,1,1,2,2,12,6,3,6,9,14,2,3,12,33,23,6,9,29,42,26,8,22,28,16,16,13,27,49,24,3,7,26,45,23,4,15,19,20,11,11,24,18,3,5,13,19,22,5,1,2,4,7,6,2,7,1,1,2,5,6,1,1,0,2,3,2,0,1,0,1,1,0,1,1,1,0,0,0,0,0,0,0,0,0,0,0,0,0,0,0,0,1]
stat.node.5.util.dram_avg = 3.37517e-06
stat.node.5.walltime_s = 959.4
stat.node.5.active_time_s = 94.2482
stat.node.7.cpu.0.load_issue_to_complete_count = 799
stat.node.7.cpu.0.avg_load_issue_to_complete_lat = 3901.96
stat.node.7.injector.phase_cycles = 3122113
stat.node.7.injector.request_bytes = 1063224
stat.node.7.injector.response_bytes = 654272
stat.node.7.injector.aggregate_bytes = 1717496
stat.node.7.injector.request_gbps = 6.53849
stat.node.7.injector.response_gbps = 4.02356
stat.node.7.injector.aggregate_gbps = 10.5621
stat.node.7.llc.cxl_miss = 800
stat.node.7.llc.total_miss = 800
stat.node.7.llc.avg_miss_lat = 3680.97
stat.node.7.llc.avg_cxl_lat = 3680.97
stat.node.7.llc.miss_lat_hist_bin_ns = 10
stat.node.7.llc.miss_lat_hist = [0,0,0,0,0,0,0,0,0,0,0,0,0,0,0,0,0,0,0,0,0,0,0,0,0,0,0,0,0,0,0,0,0,0,0,0,0,0,0,0,0,0,0,0,0,0,0,0,0,0,0,0,0,0,0,0,0,0,0,0,0,0,0,0,0,0,0,0,0,0,0,0,0,0,0,0,0,0,0,0,0,0,0,0,0,0,0,0,0,0,0,0,0,0,0,0,0,0,0,0,0,0,0,0,0,0,0,0,0,0,0,0,0,0,0,0,0,0,1,1,0,0,0,3,1,0,2,4,4,5,1,1,9,3,4,4,15,26,21,6,6,18,35,24,13,29,35,23,12,13,29,48,27,6,6,29,68,18,0,11,22,25,18,9,23,12,10,3,7,30,16,6,0,3,11,7,6,2,8,3,1,1,1,3,3,0,1,1,0,3,0,1,0,1,0,0,0,0,0,0,0,1,0,1]
stat.node.7.util.dram_avg = 3.37149e-06
stat.node.7.walltime_s = 961.98
stat.node.7.active_time_s = 104.915
stat.pool.106.util.mem_avg = 0.174196
stat.pool.106.util.req_link_avg = 0.999936
stat.pool.106.walltime_s = 961.992
stat.pool.106.active_time_s = 2.79011
stat.pool.105.util.mem_avg = 0.174196
stat.pool.105.util.req_link_avg = 0.999936
stat.pool.105.walltime_s = 962.008
stat.pool.105.active_time_s = 2.73499
stat.pool.104.util.mem_avg = 0.174196
stat.pool.104.util.req_link_avg = 0.999936
stat.pool.104.walltime_s = 962.008
stat.pool.104.active_time_s = 2.85456
stat.pool.103.util.mem_avg = 0.174196
stat.pool.103.util.req_link_avg = 0.999936
stat.pool.103.walltime_s = 962.008
stat.pool.103.active_time_s = 3.00304
stat.pool.102.util.mem_avg = 0.174196
stat.pool.102.util.req_link_avg = 0.999936
stat.pool.102.walltime_s = 962.008
stat.pool.102.active_time_s = 3.02451
stat.pool.101.util.mem_avg = 0.174196
stat.pool.101.util.req_link_avg = 0.999936
stat.pool.101.walltime_s = 962.008
stat.pool.101.active_time_s = 3.09373
stat.pool.100.util.mem_avg = 0.174196
stat.pool.100.util.req_link_avg = 0.999936
stat.pool.100.walltime_s = 962.008
stat.pool.100.active_time_s = 2.94529
stat.switch.replicated_messages = 1967861
stat.switch.util.node_ingress_avg = 0.134541
stat.switch.util.pool_ingress_avg = 0.101494
stat.switch.bw.host_to_switch_gbps = 6.6131
stat.switch.bw.switch_to_host_gbps = 4.36505
stat.switch.bw.host_link_total_gbps = 10.9782
stat.switch.walltime_s = 962.008
stat.switch.active_time_s = 19.4452
Simulation is complete, simulated time: 2.96842 ms
