stat.node.0.cpu.0.retired = 713
stat.node.0.cpu.0.cycles = 1000000
stat.node.1.cpu.0.retired = 713
stat.node.1.cpu.0.cycles = 1000000
stat.node.2.cpu.0.retired = 709
stat.node.2.cpu.0.cycles = 1000000
stat.node.3.cpu.0.retired = 713
stat.node.3.cpu.0.cycles = 1000000
stat.node.4.cpu.0.retired = 709
stat.node.4.cpu.0.cycles = 1000000
stat.node.5.cpu.0.retired = 713
stat.node.5.cpu.0.cycles = 1000000
stat.node.6.cpu.0.retired = 713
stat.node.6.cpu.0.cycles = 1000000
stat.node.7.cpu.0.retired = 709
stat.node.7.cpu.0.cycles = 1000000
stat.node.6.cpu.0.load_issue_to_complete_count = 799
stat.node.6.cpu.0.avg_load_issue_to_complete_lat = 1069.1
stat.node.6.injector.phase_cycles = 856137
stat.node.6.injector.request_bytes = 164752
stat.node.6.injector.response_bytes = 1317952
stat.node.6.injector.aggregate_bytes = 1482704
stat.node.6.injector.request_gbps = 3.69478
stat.node.6.injector.response_gbps = 29.5568
stat.node.6.injector.aggregate_gbps = 33.2516
stat.node.6.llc.cxl_miss = 800
stat.node.6.llc.total_miss = 800
stat.node.6.llc.avg_miss_lat = 893.161
stat.node.6.llc.avg_cxl_lat = 893.161
stat.node.6.llc.miss_lat_hist_bin_ns = 10
stat.node.6.llc.miss_lat_hist = [0,0,0,0,0,0,0,0,0,0,0,0,0,0,0,0,0,0,0,0,0,0,0,0,0,0,0,0,0,0,0,0,0,0,3,75,266,292,122,42]
stat.node.6.util.dram_avg = 1.2286e-05
stat.node.6.walltime_s = 236.615
stat.node.6.active_time_s = 32.0382
stat.node.1.cpu.0.load_issue_to_complete_count = 799
stat.node.1.cpu.0.avg_load_issue_to_complete_lat = 1068.84
stat.node.1.injector.phase_cycles = 855928
stat.node.1.injector.request_bytes = 164712
stat.node.1.injector.response_bytes = 1317632
stat.node.1.injector.aggregate_bytes = 1482344
stat.node.1.injector.request_gbps = 3.69479
stat.node.1.injector.response_gbps = 29.5568
stat.node.1.injector.aggregate_gbps = 33.2516
stat.node.1.llc.cxl_miss = 800
stat.node.1.llc.total_miss = 800
stat.node.1.llc.avg_miss_lat = 892.854
stat.node.1.llc.avg_cxl_lat = 892.854
stat.node.1.llc.miss_lat_hist_bin_ns = 10
stat.node.1.llc.miss_lat_hist = [0,0,0,0,0,0,0,0,0,0,0,0,0,0,0,0,0,0,0,0,0,0,0,0,0,0,0,0,0,0,0,0,0,0,4,62,292,277,143,22]
stat.node.1.util.dram_avg = 1.2285e-05
stat.node.1.walltime_s = 236.618
stat.node.1.active_time_s = 28.2857
stat.node.3.cpu.0.load_issue_to_complete_count = 799
stat.node.3.cpu.0.avg_load_issue_to_complete_lat = 1069.09
stat.node.3.injector.phase_cycles = 856122
stat.node.3.injector.request_bytes = 164752
stat.node.3.injector.response_bytes = 1317952
stat.node.3.injector.aggregate_bytes = 1482704
stat.node.3.injector.request_gbps = 3.69485
stat.node.3.injector.response_gbps = 29.5573
stat.node.3.injector.aggregate_gbps = 33.2522
stat.node.3.llc.cxl_miss = 800
stat.node.3.llc.total_miss = 800
stat.node.3.llc.avg_miss_lat = 893.143
stat.node.3.llc.avg_cxl_lat = 893.143
stat.node.3.llc.miss_lat_hist_bin_ns = 10
stat.node.3.llc.miss_lat_hist = [0,0,0,0,0,0,0,0,0,0,0,0,0,0,0,0,0,0,0,0,0,0,0,0,0,0,0,0,0,0,0,0,0,0,3,65,281,271,146,34]
stat.node.3.util.dram_avg = 1.22808e-05
stat.node.3.walltime_s = 236.633
stat.node.3.active_time_s = 25.2504
stat.node.5.cpu.0.load_issue_to_complete_count = 799
stat.node.5.cpu.0.avg_load_issue_to_complete_lat = 1070.44
stat.node.5.injector.phase_cycles = 857208
stat.node.5.injector.request_bytes = 164960
stat.node.5.injector.response_bytes = 1319616
stat.node.5.injector.aggregate_bytes = 1484576
stat.node.5.injector.request_gbps = 3.69482
stat.node.5.injector.response_gbps = 29.5572
stat.node.5.injector.aggregate_gbps = 33.252
stat.node.5.llc.cxl_miss = 800
stat.node.5.llc.total_miss = 800
stat.node.5.llc.avg_miss_lat = 894.426
stat.node.5.llc.avg_cxl_lat = 894.426
stat.node.5.llc.miss_lat_hist_bin_ns = 10
stat.node.5.llc.miss_lat_hist = [0,0,0,0,0,0,0,0,0,0,0,0,0,0,0,0,0,0,0,0,0,0,0,0,0,0,0,0,0,0,0,0,0,0,0,69,257,304,127,43]
stat.node.5.util.dram_avg = 1.22761e-05
stat.node.5.walltime_s = 236.651
stat.node.5.active_time_s = 22.5138
stat.node.0.cpu.0.load_issue_to_complete_count = 799
stat.node.0.cpu.0.avg_load_issue_to_complete_lat = 1070.35
stat.node.0.injector.phase_cycles = 857131
stat.node.0.injector.request_bytes = 164944
stat.node.0.injector.response_bytes = 1319488
stat.node.0.injector.aggregate_bytes = 1484432
stat.node.0.injector.request_gbps = 3.6948
stat.node.0.injector.response_gbps = 29.5569
stat.node.0.injector.aggregate_gbps = 33.2517
stat.node.0.llc.cxl_miss = 800
stat.node.0.llc.total_miss = 800
stat.node.0.llc.avg_miss_lat = 894.325
stat.node.0.llc.avg_cxl_lat = 894.325
stat.node.0.llc.miss_lat_hist_bin_ns = 10
stat.node.0.llc.miss_lat_hist = [0,0,0,0,0,0,0,0,0,0,0,0,0,0,0,0,0,0,0,0,0,0,0,0,0,0,0,0,0,0,0,0,0,0,2,51,273,307,130,37]
stat.node.0.util.dram_avg = 1.2275e-05
stat.node.0.walltime_s = 236.655
stat.node.0.active_time_s = 26.8316
stat.node.7.cpu.0.load_issue_to_complete_count = 799
stat.node.7.cpu.0.avg_load_issue_to_complete_lat = 1075.88
stat.node.7.injector.phase_cycles = 861544
stat.node.7.injector.request_bytes = 165792
stat.node.7.injector.response_bytes = 1326272
stat.node.7.injector.aggregate_bytes = 1492064
stat.node.7.injector.request_gbps = 3.69477
stat.node.7.injector.response_gbps = 29.5567
stat.node.7.injector.aggregate_gbps = 33.2515
stat.node.7.llc.cxl_miss = 800
stat.node.7.llc.total_miss = 800
stat.node.7.llc.avg_miss_lat = 899.691
stat.node.7.llc.avg_cxl_lat = 899.691
stat.node.7.llc.miss_lat_hist_bin_ns = 10
stat.node.7.llc.miss_lat_hist = [0,0,0,0,0,0,0,0,0,0,0,0,0,0,0,0,0,0,0,0,0,0,0,0,0,0,0,0,0,0,0,0,0,0,0,38,224,313,158,66,1]
stat.node.7.util.dram_avg = 1.22227e-05
stat.node.7.walltime_s = 236.84
stat.node.7.active_time_s = 27.0307
stat.node.4.cpu.0.load_issue_to_complete_count = 799
stat.node.4.cpu.0.avg_load_issue_to_complete_lat = 1078.03
stat.node.4.injector.phase_cycles = 863266
stat.node.4.injector.request_bytes = 166120
stat.node.4.injector.response_bytes = 1328896
stat.node.4.injector.aggregate_bytes = 1495016
stat.node.4.injector.request_gbps = 3.69469
stat.node.4.injector.response_gbps = 29.5561
stat.node.4.injector.aggregate_gbps = 33.2508
stat.node.4.llc.cxl_miss = 800
stat.node.4.llc.total_miss = 800
stat.node.4.llc.avg_miss_lat = 901.822
stat.node.4.llc.avg_cxl_lat = 901.822
stat.node.4.llc.miss_lat_hist_bin_ns = 10
stat.node.4.llc.miss_lat_hist = [0,0,0,0,0,0,0,0,0,0,0,0,0,0,0,0,0,0,0,0,0,0,0,0,0,0,0,0,0,0,0,0,0,0,0,33,204,312,152,98,1]
stat.node.4.util.dram_avg = 1.22073e-05
stat.node.4.walltime_s = 236.898
stat.node.4.active_time_s = 30.35
stat.node.2.cpu.0.load_issue_to_complete_count = 799
stat.node.2.cpu.0.avg_load_issue_to_complete_lat = 1078.23
stat.node.2.injector.phase_cycles = 863425
stat.node.2.injector.request_bytes = 166152
stat.node.2.injector.response_bytes = 1329152
stat.node.2.injector.aggregate_bytes = 1495304
stat.node.2.injector.request_gbps = 3.69473
stat.node.2.injector.response_gbps = 29.5564
stat.node.2.injector.aggregate_gbps = 33.2511
stat.node.2.llc.cxl_miss = 800
stat.node.2.llc.total_miss = 800
stat.node.2.llc.avg_miss_lat = 901.942
stat.node.2.llc.avg_cxl_lat = 901.942
stat.node.2.llc.miss_lat_hist_bin_ns = 10
stat.node.2.llc.miss_lat_hist = [0,0,0,0,0,0,0,0,0,0,0,0,0,0,0,0,0,0,0,0,0,0,0,0,0,0,0,0,0,0,0,0,0,0,0,35,199,323,146,97]
stat.node.2.util.dram_avg = 1.22056e-05
stat.node.2.walltime_s = 236.913
stat.node.2.active_time_s = 26.848
stat.pool.104.util.mem_avg = 0.159983
stat.pool.104.util.req_link_avg = 0.124995
stat.pool.104.walltime_s = 236.929
stat.pool.104.active_time_s = 0.859353
stat.pool.103.util.mem_avg = 0.159984
stat.pool.103.util.req_link_avg = 0.124995
stat.pool.103.walltime_s = 236.929
stat.pool.103.active_time_s = 0.825381
stat.pool.102.util.mem_avg = 0.159984
stat.pool.102.util.req_link_avg = 0.124995
stat.pool.102.walltime_s = 236.929
stat.pool.102.active_time_s = 0.948161
stat.pool.101.util.mem_avg = 0.159984
stat.pool.101.util.req_link_avg = 0.124996
stat.pool.101.walltime_s = 236.929
stat.pool.101.active_time_s = 0.927542
stat.pool.100.util.mem_avg = 0.159985
stat.pool.100.util.req_link_avg = 0.124996
stat.pool.100.walltime_s = 236.929
stat.pool.100.active_time_s = 0.956918
stat.switch.replicated_messages = 0
stat.switch.util.node_ingress_avg = 0.0781271
stat.switch.util.pool_ingress_avg = 0.999704
stat.switch.bw.host_to_switch_gbps = 3.84034
stat.switch.bw.switch_to_host_gbps = 30.7108
stat.switch.bw.host_link_total_gbps = 34.5511
stat.switch.walltime_s = 236.929
stat.switch.active_time_s = 4.39327
Simulation is complete, simulated time: 819.955 us
