stat.node.1.cpu.0.retired = 801
stat.node.1.cpu.0.cycles = 1000000
stat.node.2.cpu.0.retired = 792
stat.node.2.cpu.0.cycles = 1000000
stat.node.3.cpu.0.retired = 799
stat.node.3.cpu.0.cycles = 1000000
stat.node.4.cpu.0.retired = 785
stat.node.4.cpu.0.cycles = 1000000
stat.node.5.cpu.0.retired = 796
stat.node.5.cpu.0.cycles = 1000000
stat.node.6.cpu.0.retired = 802
stat.node.6.cpu.0.cycles = 1000000
stat.node.7.cpu.0.retired = 801
stat.node.7.cpu.0.cycles = 1000000
stat.node.0.cpu.0.retired = 799
stat.node.0.cpu.0.cycles = 1000000
stat.node.6.cpu.0.load_issue_to_complete_count = 799
stat.node.6.cpu.0.avg_load_issue_to_complete_lat = 954.028
stat.node.6.injector.phase_cycles = 764083
stat.node.6.injector.request_bytes = 281720
stat.node.6.injector.response_bytes = 508864
stat.node.6.injector.aggregate_bytes = 790584
stat.node.6.injector.request_gbps = 7.07911
stat.node.6.injector.response_gbps = 12.7868
stat.node.6.injector.aggregate_gbps = 19.8659
stat.node.6.llc.cxl_miss = 800
stat.node.6.llc.total_miss = 800
stat.node.6.llc.avg_miss_lat = 779.696
stat.node.6.llc.avg_cxl_lat = 779.696
stat.node.6.llc.miss_lat_hist_bin_ns = 10
stat.node.6.llc.miss_lat_hist = [0,0,0,0,0,0,0,0,0,0,0,0,0,0,0,0,0,0,0,0,0,0,0,0,0,0,0,0,0,10,54,231,204,199,100,2]
stat.node.6.util.dram_avg = 1.36267e-05
stat.node.6.walltime_s = 350.978
stat.node.6.active_time_s = 29.2144
stat.node.7.cpu.0.load_issue_to_complete_count = 799
stat.node.7.cpu.0.avg_load_issue_to_complete_lat = 953.658
stat.node.7.injector.phase_cycles = 763840
stat.node.7.injector.request_bytes = 281632
stat.node.7.injector.response_bytes = 508736
stat.node.7.injector.aggregate_bytes = 790368
stat.node.7.injector.request_gbps = 7.07915
stat.node.7.injector.response_gbps = 12.7877
stat.node.7.injector.aggregate_gbps = 19.8668
stat.node.7.llc.cxl_miss = 800
stat.node.7.llc.total_miss = 800
stat.node.7.llc.avg_miss_lat = 779.648
stat.node.7.llc.avg_cxl_lat = 779.648
stat.node.7.llc.miss_lat_hist_bin_ns = 10
stat.node.7.llc.miss_lat_hist = [0,0,0,0,0,0,0,0,0,0,0,0,0,0,0,0,0,0,0,0,0,0,0,0,0,0,0,0,20,78,56,119,142,203,171,11]
stat.node.7.util.dram_avg = 1.36198e-05
stat.node.7.walltime_s = 351.037
stat.node.7.active_time_s = 27.7277
stat.node.1.cpu.0.load_issue_to_complete_count = 799
stat.node.1.cpu.0.avg_load_issue_to_complete_lat = 955.018
stat.node.1.injector.phase_cycles = 764883
stat.node.1.injector.request_bytes = 281976
stat.node.1.injector.response_bytes = 509376
stat.node.1.injector.aggregate_bytes = 791352
stat.node.1.injector.request_gbps = 7.07813
stat.node.1.injector.response_gbps = 12.7863
stat.node.1.injector.aggregate_gbps = 19.8644
stat.node.1.llc.cxl_miss = 800
stat.node.1.llc.total_miss = 800
stat.node.1.llc.avg_miss_lat = 780.76
stat.node.1.llc.avg_cxl_lat = 780.76
stat.node.1.llc.miss_lat_hist_bin_ns = 10
stat.node.1.llc.miss_lat_hist = [0,0,0,0,0,0,0,0,0,0,0,0,0,0,0,0,0,0,0,0,0,0,0,0,0,0,0,0,2,7,78,184,213,197,104,14,1]
stat.node.1.util.dram_avg = 1.36065e-05
stat.node.1.walltime_s = 351.208
stat.node.1.active_time_s = 21.5059
stat.node.0.cpu.0.load_issue_to_complete_count = 799
stat.node.0.cpu.0.avg_load_issue_to_complete_lat = 955.026
stat.node.0.injector.phase_cycles = 764958
stat.node.0.injector.request_bytes = 281984
stat.node.0.injector.response_bytes = 509440
stat.node.0.injector.aggregate_bytes = 791424
stat.node.0.injector.request_gbps = 7.07763
stat.node.0.injector.response_gbps = 12.7866
stat.node.0.injector.aggregate_gbps = 19.8643
stat.node.0.llc.cxl_miss = 800
stat.node.0.llc.total_miss = 800
stat.node.0.llc.avg_miss_lat = 780.601
stat.node.0.llc.avg_cxl_lat = 780.601
stat.node.0.llc.miss_lat_hist_bin_ns = 10
stat.node.0.llc.miss_lat_hist = [0,0,0,0,0,0,0,0,0,0,0,0,0,0,0,0,0,0,0,0,0,0,0,0,0,0,0,0,0,11,52,204,237,202,87,7]
stat.node.0.util.dram_avg = 1.3595e-05
stat.node.0.walltime_s = 351.486
stat.node.0.active_time_s = 25.038
stat.node.3.cpu.0.load_issue_to_complete_count = 799
stat.node.3.cpu.0.avg_load_issue_to_complete_lat = 955.364
stat.node.3.injector.phase_cycles = 765136
stat.node.3.injector.request_bytes = 282056
stat.node.3.injector.response_bytes = 509568
stat.node.3.injector.aggregate_bytes = 791624
stat.node.3.injector.request_gbps = 7.07779
stat.node.3.injector.response_gbps = 12.7869
stat.node.3.injector.aggregate_gbps = 19.8647
stat.node.3.llc.cxl_miss = 800
stat.node.3.llc.total_miss = 800
stat.node.3.llc.avg_miss_lat = 781.263
stat.node.3.llc.avg_cxl_lat = 781.263
stat.node.3.llc.miss_lat_hist_bin_ns = 10
stat.node.3.llc.miss_lat_hist = [0,0,0,0,0,0,0,0,0,0,0,0,0,0,0,0,0,0,0,0,0,0,0,0,0,0,0,0,0,11,71,181,207,207,106,14,3]
stat.node.3.util.dram_avg = 1.3591e-05
stat.node.3.walltime_s = 351.541
stat.node.3.active_time_s = 26.6466
stat.node.5.cpu.0.load_issue_to_complete_count = 799
stat.node.5.cpu.0.avg_load_issue_to_complete_lat = 959.205
stat.node.5.injector.phase_cycles = 768254
stat.node.5.injector.request_bytes = 283216
stat.node.5.injector.response_bytes = 511616
stat.node.5.injector.aggregate_bytes = 794832
stat.node.5.injector.request_gbps = 7.07806
stat.node.5.injector.response_gbps = 12.7862
stat.node.5.injector.aggregate_gbps = 19.8642
stat.node.5.llc.cxl_miss = 800
stat.node.5.llc.total_miss = 800
stat.node.5.llc.avg_miss_lat = 784.788
stat.node.5.llc.avg_cxl_lat = 784.788
stat.node.5.llc.miss_lat_hist_bin_ns = 10
stat.node.5.llc.miss_lat_hist = [0,0,0,0,0,0,0,0,0,0,0,0,0,0,0,0,0,0,0,0,0,0,0,0,0,0,0,0,12,41,34,85,219,296,101,11,1]
stat.node.5.util.dram_avg = 1.35468e-05
stat.node.5.walltime_s = 352.902
stat.node.5.active_time_s = 28.023
stat.node.2.cpu.0.load_issue_to_complete_count = 799
stat.node.2.cpu.0.avg_load_issue_to_complete_lat = 961.419
stat.node.2.injector.phase_cycles = 770064
stat.node.2.injector.request_bytes = 283880
stat.node.2.injector.response_bytes = 512832
stat.node.2.injector.aggregate_bytes = 796712
stat.node.2.injector.request_gbps = 7.07798
stat.node.2.injector.response_gbps = 12.7864
stat.node.2.injector.aggregate_gbps = 19.8644
stat.node.2.llc.cxl_miss = 800
stat.node.2.llc.total_miss = 800
stat.node.2.llc.avg_miss_lat = 787.41
stat.node.2.llc.avg_cxl_lat = 787.41
stat.node.2.llc.miss_lat_hist_bin_ns = 10
stat.node.2.llc.miss_lat_hist = [0,0,0,0,0,0,0,0,0,0,0,0,0,0,0,0,0,0,0,0,0,0,0,0,0,0,0,1,11,52,57,123,104,213,193,44,2]
stat.node.2.util.dram_avg = 1.34993e-05
stat.node.2.walltime_s = 353.501
stat.node.2.active_time_s = 27.0671
stat.node.4.cpu.0.load_issue_to_complete_count = 799
stat.node.4.cpu.0.avg_load_issue_to_complete_lat = 969.282
stat.node.4.injector.phase_cycles = 776323
stat.node.4.injector.request_bytes = 286192
stat.node.4.injector.response_bytes = 516992
stat.node.4.injector.aggregate_bytes = 803184
stat.node.4.injector.request_gbps = 7.07809
stat.node.4.injector.response_gbps = 12.7862
stat.node.4.injector.aggregate_gbps = 19.8643
stat.node.4.llc.cxl_miss = 800
stat.node.4.llc.total_miss = 800
stat.node.4.llc.avg_miss_lat = 794.898
stat.node.4.llc.avg_cxl_lat = 794.898
stat.node.4.llc.miss_lat_hist_bin_ns = 10
stat.node.4.llc.miss_lat_hist = [0,0,0,0,0,0,0,0,0,0,0,0,0,0,0,0,0,0,0,0,0,0,0,0,0,0,0,0,8,34,44,79,122,189,278,43,3]
stat.node.4.util.dram_avg = 1.34019e-05
stat.node.4.walltime_s = 354.543
stat.node.4.active_time_s = 30.6245
stat.pool.102.util.mem_avg = 0.264803
stat.pool.102.util.req_link_avg = 0.987091
stat.pool.102.walltime_s = 354.543
stat.pool.102.active_time_s = 0.806241
stat.pool.101.util.mem_avg = 0.264803
stat.pool.101.util.req_link_avg = 0.987091
stat.pool.101.walltime_s = 354.543
stat.pool.101.active_time_s = 0.872544
stat.pool.100.util.mem_avg = 0.264805
stat.pool.100.util.req_link_avg = 0.987092
stat.pool.100.walltime_s = 354.543
stat.pool.100.active_time_s = 0.946374
stat.switch.replicated_messages = 191640
stat.switch.util.node_ingress_avg = 0.147264
stat.switch.util.pool_ingress_avg = 0.763376
stat.switch.bw.host_to_switch_gbps = 7.23888
stat.switch.bw.switch_to_host_gbps = 14.0704
stat.switch.bw.host_link_total_gbps = 21.3092
stat.switch.walltime_s = 354.543
stat.switch.active_time_s = 3.74849
Simulation is complete, simulated time: 746.761 us
