stat.node.0.cpu.0.retired = 760
stat.node.0.cpu.0.cycles = 1000000
stat.node.1.cpu.0.retired = 760
stat.node.1.cpu.0.cycles = 1000000
stat.node.2.cpu.0.retired = 756
stat.node.2.cpu.0.cycles = 1000000
stat.node.3.cpu.0.retired = 760
stat.node.3.cpu.0.cycles = 1000000
stat.node.4.cpu.0.retired = 756
stat.node.4.cpu.0.cycles = 1000000
stat.node.5.cpu.0.retired = 761
stat.node.5.cpu.0.cycles = 1000000
stat.node.6.cpu.0.retired = 761
stat.node.6.cpu.0.cycles = 1000000
stat.node.7.cpu.0.retired = 760
stat.node.7.cpu.0.cycles = 1000000
stat.node.1.cpu.0.load_issue_to_complete_count = 799
stat.node.1.cpu.0.avg_load_issue_to_complete_lat = 995.029
stat.node.1.injector.phase_cycles = 796913
stat.node.1.injector.request_bytes = 286128
stat.node.1.injector.response_bytes = 1211840
stat.node.1.injector.aggregate_bytes = 1497968
stat.node.1.injector.request_gbps = 6.89367
stat.node.1.injector.response_gbps = 29.1968
stat.node.1.injector.aggregate_gbps = 36.0905
stat.node.1.llc.cxl_miss = 800
stat.node.1.llc.total_miss = 800
stat.node.1.llc.avg_miss_lat = 820.188
stat.node.1.llc.avg_cxl_lat = 820.188
stat.node.1.llc.miss_lat_hist_bin_ns = 10
stat.node.1.llc.miss_lat_hist = [0,0,0,0,0,0,0,0,0,0,0,0,0,0,0,0,0,0,0,0,0,0,0,0,0,0,0,0,0,0,0,0,11,275,490,24]
stat.node.1.util.dram_avg = 1.30542e-05
stat.node.1.walltime_s = 216.728
stat.node.1.active_time_s = 23.853
stat.node.5.cpu.0.load_issue_to_complete_count = 799
stat.node.5.cpu.0.avg_load_issue_to_complete_lat = 997.434
stat.node.5.injector.phase_cycles = 798860
stat.node.5.injector.request_bytes = 286832
stat.node.5.injector.response_bytes = 1214784
stat.node.5.injector.aggregate_bytes = 1501616
stat.node.5.injector.request_gbps = 6.89379
stat.node.5.injector.response_gbps = 29.1964
stat.node.5.injector.aggregate_gbps = 36.0902
stat.node.5.llc.cxl_miss = 800
stat.node.5.llc.total_miss = 800
stat.node.5.llc.avg_miss_lat = 822.469
stat.node.5.llc.avg_cxl_lat = 822.469
stat.node.5.llc.miss_lat_hist_bin_ns = 10
stat.node.5.llc.miss_lat_hist = [0,0,0,0,0,0,0,0,0,0,0,0,0,0,0,0,0,0,0,0,0,0,0,0,0,0,0,0,0,0,0,11,18,200,529,42]
stat.node.5.util.dram_avg = 1.30472e-05
stat.node.5.walltime_s = 216.766
stat.node.5.active_time_s = 28.5613
stat.node.6.cpu.0.load_issue_to_complete_count = 799
stat.node.6.cpu.0.avg_load_issue_to_complete_lat = 997.399
stat.node.6.injector.phase_cycles = 798800
stat.node.6.injector.request_bytes = 286816
stat.node.6.injector.response_bytes = 1214720
stat.node.6.injector.aggregate_bytes = 1501536
stat.node.6.injector.request_gbps = 6.89392
stat.node.6.injector.response_gbps = 29.1971
stat.node.6.injector.aggregate_gbps = 36.091
stat.node.6.llc.cxl_miss = 800
stat.node.6.llc.total_miss = 800
stat.node.6.llc.avg_miss_lat = 822.489
stat.node.6.llc.avg_cxl_lat = 822.489
stat.node.6.llc.miss_lat_hist_bin_ns = 10
stat.node.6.llc.miss_lat_hist = [0,0,0,0,0,0,0,0,0,0,0,0,0,0,0,0,0,0,0,0,0,0,0,0,0,0,0,0,0,0,0,2,1,249,525,22,1]
stat.node.6.util.dram_avg = 1.30446e-05
stat.node.6.walltime_s = 216.79
stat.node.6.active_time_s = 21.5018
stat.node.3.cpu.0.load_issue_to_complete_count = 799
stat.node.3.cpu.0.avg_load_issue_to_complete_lat = 995.936
stat.node.3.injector.phase_cycles = 797646
stat.node.3.injector.request_bytes = 286400
stat.node.3.injector.response_bytes = 1212928
stat.node.3.injector.aggregate_bytes = 1499328
stat.node.3.injector.request_gbps = 6.89389
stat.node.3.injector.response_gbps = 29.1962
stat.node.3.injector.aggregate_gbps = 36.0901
stat.node.3.llc.cxl_miss = 800
stat.node.3.llc.total_miss = 800
stat.node.3.llc.avg_miss_lat = 821.151
stat.node.3.llc.avg_cxl_lat = 821.151
stat.node.3.llc.miss_lat_hist_bin_ns = 10
stat.node.3.llc.miss_lat_hist = [0,0,0,0,0,0,0,0,0,0,0,0,0,0,0,0,0,0,0,0,0,0,0,0,0,0,0,0,0,0,0,0,5,274,489,31,1]
stat.node.3.util.dram_avg = 1.30433e-05
stat.node.3.walltime_s = 216.795
stat.node.3.active_time_s = 24.0432
stat.node.0.cpu.0.load_issue_to_complete_count = 799
stat.node.0.cpu.0.avg_load_issue_to_complete_lat = 996.916
stat.node.0.injector.phase_cycles = 798421
stat.node.0.injector.request_bytes = 286672
stat.node.0.injector.response_bytes = 1214144
stat.node.0.injector.aggregate_bytes = 1500816
stat.node.0.injector.request_gbps = 6.89373
stat.node.0.injector.response_gbps = 29.1971
stat.node.0.injector.aggregate_gbps = 36.0908
stat.node.0.llc.cxl_miss = 800
stat.node.0.llc.total_miss = 800
stat.node.0.llc.avg_miss_lat = 822.009
stat.node.0.llc.avg_cxl_lat = 822.009
stat.node.0.llc.miss_lat_hist_bin_ns = 10
stat.node.0.llc.miss_lat_hist = [0,0,0,0,0,0,0,0,0,0,0,0,0,0,0,0,0,0,0,0,0,0,0,0,0,0,0,0,0,0,0,2,18,244,500,36]
stat.node.0.util.dram_avg = 1.30419e-05
stat.node.0.walltime_s = 216.799
stat.node.0.active_time_s = 25.6158
stat.node.7.cpu.0.load_issue_to_complete_count = 799
stat.node.7.cpu.0.avg_load_issue_to_complete_lat = 999.288
stat.node.7.injector.phase_cycles = 800305
stat.node.7.injector.request_bytes = 287360
stat.node.7.injector.response_bytes = 1217024
stat.node.7.injector.aggregate_bytes = 1504384
stat.node.7.injector.request_gbps = 6.89401
stat.node.7.injector.response_gbps = 29.1974
stat.node.7.injector.aggregate_gbps = 36.0915
stat.node.7.llc.cxl_miss = 800
stat.node.7.llc.total_miss = 800
stat.node.7.llc.avg_miss_lat = 824.413
stat.node.7.llc.avg_cxl_lat = 824.413
stat.node.7.llc.miss_lat_hist_bin_ns = 10
stat.node.7.llc.miss_lat_hist = [0,0,0,0,0,0,0,0,0,0,0,0,0,0,0,0,0,0,0,0,0,0,0,0,0,0,0,0,0,0,0,7,23,159,539,71,1]
stat.node.7.util.dram_avg = 1.30254e-05
stat.node.7.walltime_s = 216.895
stat.node.7.active_time_s = 27.7884
stat.node.2.cpu.0.load_issue_to_complete_count = 799
stat.node.2.cpu.0.avg_load_issue_to_complete_lat = 1001.67
stat.node.2.injector.phase_cycles = 802219
stat.node.2.injector.request_bytes = 288040
stat.node.2.injector.response_bytes = 1219904
stat.node.2.injector.aggregate_bytes = 1507944
stat.node.2.injector.request_gbps = 6.89384
stat.node.2.injector.response_gbps = 29.1967
stat.node.2.injector.aggregate_gbps = 36.0905
stat.node.2.llc.cxl_miss = 800
stat.node.2.llc.total_miss = 800
stat.node.2.llc.avg_miss_lat = 826.775
stat.node.2.llc.avg_cxl_lat = 826.775
stat.node.2.llc.miss_lat_hist_bin_ns = 10
stat.node.2.llc.miss_lat_hist = [0,0,0,0,0,0,0,0,0,0,0,0,0,0,0,0,0,0,0,0,0,0,0,0,0,0,0,0,0,0,0,10,26,123,515,126]
stat.node.2.util.dram_avg = 1.29826e-05
stat.node.2.walltime_s = 217.267
stat.node.2.active_time_s = 25.6841
stat.node.4.cpu.0.load_issue_to_complete_count = 799
stat.node.4.cpu.0.avg_load_issue_to_complete_lat = 1002.56
stat.node.4.injector.phase_cycles = 802895
stat.node.4.injector.request_bytes = 288232
stat.node.4.injector.response_bytes = 1220928
stat.node.4.injector.aggregate_bytes = 1509160
stat.node.4.injector.request_gbps = 6.89263
stat.node.4.injector.response_gbps = 29.1966
stat.node.4.injector.aggregate_gbps = 36.0892
stat.node.4.llc.cxl_miss = 800
stat.node.4.llc.total_miss = 800
stat.node.4.llc.avg_miss_lat = 827.574
stat.node.4.llc.avg_cxl_lat = 827.574
stat.node.4.llc.miss_lat_hist_bin_ns = 10
stat.pool.104.util.mem_avg = 0.242922
stat.pool.104.util.req_link_avg = 0.651653
stat.pool.104.walltime_s = 217.389
stat.pool.104.active_time_s = 0.941193
stat.pool.103.util.mem_avg = 0.242922
stat.pool.103.util.req_link_avg = 0.651654
stat.pool.103.walltime_s = 217.389
stat.pool.103.active_time_s = 0.930028
stat.pool.102.util.mem_avg = 0.242923
stat.pool.102.util.req_link_avg = 0.651654
stat.pool.102.walltime_s = 217.389
stat.pool.102.active_time_s = 0.941055
stat.pool.101.util.mem_avg = 0.242923
stat.pool.101.util.req_link_avg = 0.651654
stat.pool.101.walltime_s = 217.389
stat.pool.101.active_time_s = 0.929852
stat.pool.100.util.mem_avg = 0.242923
stat.pool.100.util.req_link_avg = 0.651654
stat.pool.100.walltime_s = 217.39
stat.pool.100.active_time_s = 1.06763
stat.switch.replicated_messages = 195320
stat.switch.util.node_ingress_avg = 0.14338
stat.switch.util.pool_ingress_avg = 0.990345
stat.switch.bw.host_to_switch_gbps = 7.04769
stat.switch.bw.switch_to_host_gbps = 30.4232
stat.switch.bw.host_link_total_gbps = 37.4709
stat.switch.walltime_s = 217.39
stat.switch.active_time_s = 4.4709
stat.node.4.llc.miss_lat_hist = [0,0,0,0,0,0,0,0,0,0,0,0,0,0,0,0,0,0,0,0,0,0,0,0,0,0,0,0,0,0,0,8,49,70,524,149]
stat.node.4.util.dram_avg = 1.29731e-05
stat.node.4.walltime_s = 217.389
stat.node.4.active_time_s = 27.7045
Simulation is complete, simulated time: 771.441 us
