stat.node.5.cpu.0.retired = 859
stat.node.5.cpu.0.cycles = 1000000
stat.node.6.cpu.0.retired = 855
stat.node.6.cpu.0.cycles = 1000000
stat.node.7.cpu.0.retired = 859
stat.node.7.cpu.0.cycles = 1000000
stat.node.0.cpu.0.retired = 855
stat.node.1.cpu.0.retired = 856
stat.node.1.cpu.0.cycles = 1000000
stat.node.2.cpu.0.retired = 852
stat.node.2.cpu.0.cycles = 1000000
stat.node.3.cpu.0.retired = 855
stat.node.3.cpu.0.cycles = 1000000
stat.node.4.cpu.0.retired = 854
stat.node.4.cpu.0.cycles = 1000000
stat.node.0.cpu.0.cycles = 1000000
stat.node.5.cpu.0.load_issue_to_complete_count = 799
stat.node.5.cpu.0.avg_load_issue_to_complete_lat = 890.551
stat.node.5.injector.phase_cycles = 713337
stat.node.5.injector.request_bytes = 212664
stat.node.5.injector.response_bytes = 900736
stat.node.5.injector.aggregate_bytes = 1113400
stat.node.5.injector.request_gbps = 5.72401
stat.node.5.injector.response_gbps = 24.244
stat.node.5.injector.aggregate_gbps = 29.968
stat.node.5.llc.cxl_miss = 800
stat.node.5.llc.total_miss = 800
stat.node.5.llc.avg_miss_lat = 716.746
stat.node.5.llc.avg_cxl_lat = 716.746
stat.node.5.llc.miss_lat_hist_bin_ns = 10
stat.node.5.llc.miss_lat_hist = [0,0,0,0,0,0,0,0,0,0,0,0,0,0,0,0,0,0,0,0,0,0,0,0,0,0,104,101,91,77,148,121,118,33,7]
stat.node.5.util.dram_avg = 1.44656e-05
stat.node.5.walltime_s = 122.618
stat.node.5.active_time_s = 21.6585
stat.node.7.cpu.0.load_issue_to_complete_count = 799
stat.node.7.cpu.0.avg_load_issue_to_complete_lat = 892.809
stat.node.7.injector.phase_cycles = 715162
stat.node.7.injector.request_bytes = 213208
stat.node.7.injector.response_bytes = 903040
stat.node.7.injector.aggregate_bytes = 1116248
stat.node.7.injector.request_gbps = 5.72401
stat.node.7.injector.response_gbps = 24.244
stat.node.7.injector.aggregate_gbps = 29.968
stat.node.7.llc.cxl_miss = 800
stat.node.7.llc.total_miss = 800
stat.node.7.llc.avg_miss_lat = 719.206
stat.node.7.llc.avg_cxl_lat = 719.206
stat.node.7.llc.miss_lat_hist_bin_ns = 10
stat.node.7.llc.miss_lat_hist = [0,0,0,0,0,0,0,0,0,0,0,0,0,0,0,0,0,0,0,0,0,0,0,0,0,0,114,91,97,72,124,123,93,79,7]
stat.node.7.util.dram_avg = 1.44497e-05
stat.node.7.walltime_s = 122.789
stat.node.7.active_time_s = 21.4355
stat.node.1.cpu.0.load_issue_to_complete_count = 799
stat.node.1.cpu.0.avg_load_issue_to_complete_lat = 897.477
stat.node.1.injector.phase_cycles = 718871
stat.node.1.injector.request_bytes = 214312
stat.node.1.injector.response_bytes = 907648
stat.node.1.injector.aggregate_bytes = 1121960
stat.node.1.injector.request_gbps = 5.72396
stat.node.1.injector.response_gbps = 24.242
stat.node.1.injector.aggregate_gbps = 29.9659
stat.node.1.llc.cxl_miss = 800
stat.node.1.llc.total_miss = 800
stat.node.1.llc.avg_miss_lat = 723.465
stat.node.1.llc.avg_cxl_lat = 723.465
stat.node.1.llc.miss_lat_hist_bin_ns = 10
stat.node.1.llc.miss_lat_hist = [0,0,0,0,0,0,0,0,0,0,0,0,0,0,0,0,0,0,0,0,0,0,0,0,0,0,51,110,94,124,100,179,100,37,5]
stat.node.1.util.dram_avg = 1.44054e-05
stat.node.1.walltime_s = 122.905
stat.node.1.active_time_s = 22.2636
stat.node.3.cpu.0.load_issue_to_complete_count = 799
stat.node.3.cpu.0.avg_load_issue_to_complete_lat = 897.603
stat.node.3.injector.phase_cycles = 718971
stat.node.3.injector.request_bytes = 214320
stat.node.3.injector.response_bytes = 907712
stat.node.3.injector.aggregate_bytes = 1122032
stat.node.3.injector.request_gbps = 5.72338
stat.node.3.injector.response_gbps = 24.2403
stat.node.3.injector.aggregate_gbps = 29.9637
stat.node.3.llc.cxl_miss = 800
stat.node.3.llc.total_miss = 800
stat.node.3.llc.avg_miss_lat = 723.686
stat.node.3.llc.avg_cxl_lat = 723.686
stat.node.3.llc.miss_lat_hist_bin_ns = 10
stat.node.3.llc.miss_lat_hist = [0,0,0,0,0,0,0,0,0,0,0,0,0,0,0,0,0,0,0,0,0,0,0,0,0,0,47,131,95,79,134,149,116,49]
stat.node.3.util.dram_avg = 1.43969e-05
stat.node.3.walltime_s = 123.18
stat.node.3.active_time_s = 21.4096
stat.node.6.cpu.0.load_issue_to_complete_count = 799
stat.node.6.cpu.0.avg_load_issue_to_complete_lat = 899.253
stat.node.6.injector.phase_cycles = 720264
stat.node.6.injector.request_bytes = 214656
stat.node.6.injector.response_bytes = 909312
stat.node.6.injector.aggregate_bytes = 1123968
stat.node.6.injector.request_gbps = 5.72206
stat.node.6.injector.response_gbps = 24.2394
stat.node.6.injector.aggregate_gbps = 29.9615
stat.node.6.llc.cxl_miss = 800
stat.node.6.llc.total_miss = 800
stat.node.6.llc.avg_miss_lat = 725.416
stat.node.6.llc.avg_cxl_lat = 725.416
stat.node.6.llc.miss_lat_hist_bin_ns = 10
stat.node.6.llc.miss_lat_hist = [0,0,0,0,0,0,0,0,0,0,0,0,0,0,0,0,0,0,0,0,0,0,0,0,0,0,44,134,81,102,107,147,134,48,3]
stat.node.6.util.dram_avg = 1.43853e-05
stat.node.6.walltime_s = 123.271
stat.node.6.active_time_s = 20.2149
stat.node.0.cpu.0.load_issue_to_complete_count = 799
stat.node.0.cpu.0.avg_load_issue_to_complete_lat = 901.029
stat.node.0.injector.phase_cycles = 721683
stat.node.0.injector.request_bytes = 215136
stat.node.0.injector.response_bytes = 911104
stat.node.0.injector.aggregate_bytes = 1126240
stat.node.0.injector.request_gbps = 5.72358
stat.node.0.injector.response_gbps = 24.2394
stat.node.0.injector.aggregate_gbps = 29.963
stat.node.0.llc.cxl_miss = 800
stat.node.0.llc.total_miss = 800
stat.node.0.llc.avg_miss_lat = 727.141
stat.node.0.llc.avg_cxl_lat = 727.141
stat.node.0.llc.miss_lat_hist_bin_ns = 10
stat.node.0.llc.miss_lat_hist = [0,0,0,0,0,0,0,0,0,0,0,0,0,0,0,0,0,0,0,0,0,0,0,0,0,0,51,113,90,87,100,174,131,52,2]
stat.node.0.util.dram_avg = 1.43733e-05
stat.node.0.walltime_s = 123.335
stat.node.0.active_time_s = 22.8289
stat.node.4.cpu.0.load_issue_to_complete_count = 799
stat.node.4.cpu.0.avg_load_issue_to_complete_lat = 903.349
stat.node.4.injector.phase_cycles = 723563
stat.node.4.injector.request_bytes = 215688
stat.node.4.injector.response_bytes = 913408
stat.node.4.injector.aggregate_bytes = 1129096
stat.node.4.injector.request_gbps = 5.72336
stat.node.4.injector.response_gbps = 24.2376
stat.node.4.injector.aggregate_gbps = 29.961
stat.node.4.llc.cxl_miss = 800
stat.node.4.llc.total_miss = 800
stat.node.4.llc.avg_miss_lat = 729.125
stat.node.4.llc.avg_cxl_lat = 729.125
stat.node.4.llc.miss_lat_hist_bin_ns = 10
stat.node.4.llc.miss_lat_hist = [0,0,0,0,0,0,0,0,0,0,0,0,0,0,0,0,0,0,0,0,0,0,0,0,0,0,75,89,92,92,127,100,107,75,35,8]
stat.node.4.util.dram_avg = 1.43452e-05
stat.node.4.walltime_s = 123.858
stat.node.4.active_time_s = 22.4342
stat.node.2.cpu.0.load_issue_to_complete_count = 799
stat.node.2.cpu.0.avg_load_issue_to_complete_lat = 905.633
stat.node.2.injector.phase_cycles = 725388
stat.node.2.injector.request_bytes = 216232
stat.node.2.injector.response_bytes = 915712
stat.node.2.injector.aggregate_bytes = 1131944
stat.node.2.injector.request_gbps = 5.72336
stat.node.2.injector.response_gbps = 24.2376
stat.node.2.injector.aggregate_gbps = 29.961
stat.node.2.llc.cxl_miss = 800
stat.node.2.llc.total_miss = 800
stat.node.2.llc.avg_miss_lat = 731.27
stat.node.2.llc.avg_cxl_lat = 731.27
stat.node.2.llc.miss_lat_hist_bin_ns = 10
stat.node.2.llc.miss_lat_hist = [0,0,0,0,0,0,0,0,0,0,0,0,0,0,0,0,0,0,0,0,0,0,0,0,0,0,74,84,95,91,122,96,98,86,50,4]
stat.node.2.util.dram_avg = 1.43179e-05
stat.node.2.walltime_s = 124.008
stat.node.2.active_time_s = 21.6904
stat.pool.107.util.mem_avg = 0.153438
stat.pool.107.util.req_link_avg = 0.503313
stat.pool.107.walltime_s = 124.008
stat.pool.107.active_time_s = 0.596996
stat.pool.106.util.mem_avg = 0.153438
stat.pool.106.util.req_link_avg = 0.503313
stat.pool.106.walltime_s = 124.008
stat.pool.106.active_time_s = 0.63458
stat.pool.105.util.mem_avg = 0.153438
stat.pool.105.util.req_link_avg = 0.503314
stat.pool.105.walltime_s = 124.008
stat.pool.105.active_time_s = 0.624019
stat.pool.104.util.mem_avg = 0.153438
stat.pool.104.util.req_link_avg = 0.503314
stat.pool.104.walltime_s = 124.008
stat.pool.104.active_time_s = 0.64881
stat.pool.103.util.mem_avg = 0.153438
stat.pool.103.util.req_link_avg = 0.503314
stat.pool.103.walltime_s = 124.008
stat.pool.103.active_time_s = 0.542657
stat.pool.102.util.mem_avg = 0.153439
stat.pool.102.util.req_link_avg = 0.503314
stat.pool.102.walltime_s = 124.008
stat.pool.102.active_time_s = 0.626189
stat.pool.101.util.mem_avg = 0.153439
stat.pool.101.util.req_link_avg = 0.503314
stat.pool.101.walltime_s = 124.008
stat.pool.101.active_time_s = 0.676854
stat.pool.100.util.mem_avg = 0.15344
stat.pool.100.util.req_link_avg = 0.503315
stat.pool.100.walltime_s = 124.008
stat.pool.100.active_time_s = 0.681352
stat.switch.replicated_messages = 235072
stat.switch.util.node_ingress_avg = 0.119898
stat.switch.util.pool_ingress_avg = 0.520814
stat.switch.bw.host_to_switch_gbps = 5.89346
stat.switch.bw.switch_to_host_gbps = 25.5992
stat.switch.bw.host_link_total_gbps = 31.4927
stat.switch.walltime_s = 124.008
stat.switch.active_time_s = 4.0291
Simulation is complete, simulated time: 698.987 us
