stat.node.6.cpu.0.retired = 772
stat.node.7.cpu.0.retired = 767
stat.node.7.cpu.0.cycles = 1000000
stat.node.0.cpu.0.retired = 771
stat.node.0.cpu.0.cycles = 1000000
stat.node.1.cpu.0.retired = 770
stat.node.1.cpu.0.cycles = 1000000
stat.node.2.cpu.0.retired = 763
stat.node.2.cpu.0.cycles = 1000000
stat.node.3.cpu.0.retired = 770
stat.node.3.cpu.0.cycles = 1000000
stat.node.4.cpu.0.retired = 762
stat.node.4.cpu.0.cycles = 1000000
stat.node.5.cpu.0.retired = 768
stat.node.5.cpu.0.cycles = 1000000
stat.node.6.cpu.0.cycles = 1000000
stat.node.6.cpu.0.load_issue_to_complete_count = 799
stat.node.6.cpu.0.avg_load_issue_to_complete_lat = 981.045
stat.node.6.injector.phase_cycles = 785731
stat.node.6.injector.request_bytes = 328272
stat.node.6.injector.response_bytes = 1390144
stat.node.6.injector.aggregate_bytes = 1718416
stat.node.6.injector.request_gbps = 8.0216
stat.node.6.injector.response_gbps = 33.9693
stat.node.6.injector.aggregate_gbps = 41.9909
stat.node.6.llc.cxl_miss = 800
stat.node.6.llc.total_miss = 800
stat.node.6.llc.avg_miss_lat = 806.433
stat.node.6.llc.avg_cxl_lat = 806.433
stat.node.6.llc.miss_lat_hist_bin_ns = 10
stat.node.6.llc.miss_lat_hist = [0,0,0,0,0,0,0,0,0,0,0,0,0,0,0,0,0,0,0,0,0,0,0,0,0,0,0,0,0,0,0,1,50,524,219,6]
stat.node.6.util.dram_avg = 1.3241e-05
stat.node.6.walltime_s = 240.507
stat.node.6.active_time_s = 23.7393
stat.node.0.cpu.0.load_issue_to_complete_count = 799
stat.node.0.cpu.0.avg_load_issue_to_complete_lat = 982.929
stat.node.0.injector.phase_cycles = 787233
stat.node.0.injector.request_bytes = 328856
stat.node.0.injector.response_bytes = 1392832
stat.node.0.injector.aggregate_bytes = 1721688
stat.node.0.injector.request_gbps = 8.02054
stat.node.0.injector.response_gbps = 33.9701
stat.node.0.injector.aggregate_gbps = 41.9906
stat.node.0.llc.cxl_miss = 800
stat.node.0.llc.total_miss = 800
stat.node.0.llc.avg_miss_lat = 808.173
stat.node.0.llc.avg_cxl_lat = 808.173
stat.node.0.llc.miss_lat_hist_bin_ns = 10
stat.node.0.llc.miss_lat_hist = [0,0,0,0,0,0,0,0,0,0,0,0,0,0,0,0,0,0,0,0,0,0,0,0,0,0,0,0,0,0,0,0,34,499,264,3]
stat.node.0.util.dram_avg = 1.32174e-05
stat.node.0.walltime_s = 240.691
stat.node.0.active_time_s = 25.979
stat.node.1.cpu.0.load_issue_to_complete_count = 799
stat.node.1.cpu.0.avg_load_issue_to_complete_lat = 982.68
stat.node.1.injector.phase_cycles = 787036
stat.node.1.injector.request_bytes = 328744
stat.node.1.injector.response_bytes = 1392512
stat.node.1.injector.aggregate_bytes = 1721256
stat.node.1.injector.request_gbps = 8.01982
stat.node.1.injector.response_gbps = 33.9708
stat.node.1.injector.aggregate_gbps = 41.9906
stat.node.1.llc.cxl_miss = 800
stat.node.1.llc.total_miss = 800
stat.node.1.llc.avg_miss_lat = 808.2
stat.node.1.llc.avg_cxl_lat = 808.2
stat.node.1.llc.miss_lat_hist_bin_ns = 10
stat.node.1.llc.miss_lat_hist = [0,0,0,0,0,0,0,0,0,0,0,0,0,0,0,0,0,0,0,0,0,0,0,0,0,0,0,0,0,0,0,2,40,496,246,16]
stat.node.1.util.dram_avg = 1.32168e-05
stat.node.1.walltime_s = 240.677
stat.node.1.active_time_s = 24.4138
stat.node.3.cpu.0.load_issue_to_complete_count = 799
stat.node.3.cpu.0.avg_load_issue_to_complete_lat = 982.706
stat.node.3.injector.phase_cycles = 787058
stat.node.3.injector.request_bytes = 328816
stat.node.3.injector.response_bytes = 1392512
stat.node.3.injector.aggregate_bytes = 1721328
stat.node.3.injector.request_gbps = 8.02135
stat.node.3.injector.response_gbps = 33.9698
stat.node.3.injector.aggregate_gbps = 41.9912
stat.node.3.llc.cxl_miss = 800
stat.node.3.llc.total_miss = 800
stat.node.3.llc.avg_miss_lat = 808.148
stat.node.3.llc.avg_cxl_lat = 808.148
stat.node.3.llc.miss_lat_hist_bin_ns = 10
stat.node.3.llc.miss_lat_hist = [0,0,0,0,0,0,0,0,0,0,0,0,0,0,0,0,0,0,0,0,0,0,0,0,0,0,0,0,0,0,0,0,32,510,250,8]
stat.node.3.util.dram_avg = 1.32149e-05
stat.node.3.walltime_s = 240.7
stat.node.3.active_time_s = 27.7199
stat.node.5.cpu.0.load_issue_to_complete_count = 799
stat.node.5.cpu.0.avg_load_issue_to_complete_lat = 987.533
stat.node.5.injector.phase_cycles = 790940
stat.node.5.injector.request_bytes = 330384
stat.node.5.injector.response_bytes = 1399360
stat.node.5.injector.aggregate_bytes = 1729744
stat.node.5.injector.request_gbps = 8.02004
stat.node.5.injector.response_gbps = 33.9693
stat.node.5.injector.aggregate_gbps = 41.9894
stat.node.5.llc.cxl_miss = 800
stat.node.5.llc.total_miss = 800
stat.node.5.llc.avg_miss_lat = 812.705
stat.node.5.llc.avg_cxl_lat = 812.705
stat.node.5.llc.miss_lat_hist_bin_ns = 10
stat.node.5.llc.miss_lat_hist = [0,0,0,0,0,0,0,0,0,0,0,0,0,0,0,0,0,0,0,0,0,0,0,0,0,0,0,0,0,0,0,0,16,393,385,6]
stat.node.5.util.dram_avg = 1.31619e-05
stat.node.5.walltime_s = 241.035
stat.node.5.active_time_s = 28.1345
stat.node.7.cpu.0.load_issue_to_complete_count = 799
stat.node.7.cpu.0.avg_load_issue_to_complete_lat = 987.498
stat.node.7.injector.phase_cycles = 790889
stat.node.7.injector.request_bytes = 330360
stat.node.7.injector.response_bytes = 1399296
stat.node.7.injector.aggregate_bytes = 1729656
stat.node.7.injector.request_gbps = 8.01998
stat.node.7.injector.response_gbps = 33.97
stat.node.7.injector.aggregate_gbps = 41.99
stat.node.7.llc.cxl_miss = 800
stat.node.7.llc.total_miss = 800
stat.node.7.llc.avg_miss_lat = 812.702
stat.node.7.llc.avg_cxl_lat = 812.702
stat.node.7.llc.miss_lat_hist_bin_ns = 10
stat.node.7.llc.miss_lat_hist = [0,0,0,0,0,0,0,0,0,0,0,0,0,0,0,0,0,0,0,0,0,0,0,0,0,0,0,0,0,0,0,0,8,419,360,13]
stat.node.7.util.dram_avg = 1.31559e-05
stat.node.7.walltime_s = 241.065
stat.node.7.active_time_s = 28.4933
stat.node.2.cpu.0.load_issue_to_complete_count = 799
stat.node.2.cpu.0.avg_load_issue_to_complete_lat = 991.576
stat.node.2.injector.phase_cycles = 794171
stat.node.2.injector.request_bytes = 331728
stat.node.2.injector.response_bytes = 1405056
stat.node.2.injector.aggregate_bytes = 1736784
stat.node.2.injector.request_gbps = 8.01991
stat.node.2.injector.response_gbps = 33.9688
stat.node.2.injector.aggregate_gbps = 41.9888
stat.node.2.llc.cxl_miss = 800
stat.node.2.llc.total_miss = 800
stat.node.2.llc.avg_miss_lat = 816.665
stat.node.2.llc.avg_cxl_lat = 816.665
stat.node.2.llc.miss_lat_hist_bin_ns = 10
stat.node.2.llc.miss_lat_hist = [0,0,0,0,0,0,0,0,0,0,0,0,0,0,0,0,0,0,0,0,0,0,0,0,0,0,0,0,0,0,0,0,14,320,414,52]
stat.node.2.util.dram_avg = 1.30991e-05
stat.node.2.walltime_s = 241.278
stat.node.2.active_time_s = 25.9207
stat.node.4.cpu.0.load_issue_to_complete_count = 799
stat.node.4.cpu.0.avg_load_issue_to_complete_lat = 992.39
stat.node.4.injector.phase_cycles = 794799
stat.node.4.injector.request_bytes = 332000
stat.node.4.injector.response_bytes = 1406208
stat.node.4.injector.aggregate_bytes = 1738208
stat.node.4.injector.request_gbps = 8.02014
stat.node.4.injector.response_gbps = 33.9698
stat.node.4.injector.aggregate_gbps = 41.99
stat.node.4.llc.cxl_miss = 800
stat.node.4.llc.total_miss = 800
stat.node.4.llc.avg_miss_lat = 817.654
stat.node.4.llc.avg_cxl_lat = 817.654
stat.node.4.llc.miss_lat_hist_bin_ns = 10
stat.node.4.llc.miss_lat_hist = [0,0,0,0,0,0,0,0,0,0,0,0,0,0,0,0,0,0,0,0,0,0,0,0,0,0,0,0,0,0,0,0,14,311,398,77]
stat.node.4.util.dram_avg = 1.3093e-05
stat.node.4.walltime_s = 241.297
stat.node.4.active_time_s = 21.4102
stat.pool.105.util.mem_avg = 0.251086
stat.pool.105.util.req_link_avg = 0.733553
stat.pool.105.walltime_s = 241.293
stat.pool.105.active_time_s = 0.931524
stat.pool.104.util.mem_avg = 0.251086
stat.pool.104.util.req_link_avg = 0.733553
stat.pool.104.walltime_s = 241.294
stat.pool.104.active_time_s = 1.04349
stat.pool.103.util.mem_avg = 0.251087
stat.pool.103.util.req_link_avg = 0.733553
stat.pool.103.walltime_s = 241.294
stat.pool.103.active_time_s = 0.887615
stat.pool.102.util.mem_avg = 0.251087
stat.pool.102.util.req_link_avg = 0.733553
stat.pool.102.walltime_s = 241.294
stat.pool.102.active_time_s = 0.877533
stat.pool.101.util.mem_avg = 0.251088
stat.pool.101.util.req_link_avg = 0.733554
stat.pool.101.walltime_s = 241.294
stat.pool.101.active_time_s = 1.06436
stat.pool.100.util.mem_avg = 0.251088
stat.pool.100.util.req_link_avg = 0.733554
stat.pool.100.walltime_s = 241.294
stat.pool.100.active_time_s = 1.11492
stat.switch.replicated_messages = 270192
stat.switch.util.node_ingress_avg = 0.166343
stat.switch.util.pool_ingress_avg = 0.955112
stat.switch.bw.host_to_switch_gbps = 8.17684
stat.switch.bw.switch_to_host_gbps = 35.2093
stat.switch.bw.host_link_total_gbps = 43.3861
stat.switch.walltime_s = 241.294
stat.switch.active_time_s = 4.9006
Simulation is complete, simulated time: 764.379 us
