stat.node.4.cpu.0.retired = 738
stat.node.4.cpu.0.cycles = 1000000
stat.node.5.cpu.0.retired = 739
stat.node.5.cpu.0.cycles = 1000000
stat.node.6.cpu.0.retired = 738
stat.node.6.cpu.0.cycles = 1000000
stat.node.7.cpu.0.retired = 738
stat.node.7.cpu.0.cycles = 1000000
stat.node.0.cpu.0.retired = 738
stat.node.0.cpu.0.cycles = 1000000
stat.node.1.cpu.0.retired = 738
stat.node.1.cpu.0.cycles = 1000000
stat.node.2.cpu.0.retired = 738
stat.node.2.cpu.0.cycles = 1000000
stat.node.3.cpu.0.retired = 738
stat.node.3.cpu.0.cycles = 1000000
stat.node.5.cpu.0.load_issue_to_complete_count = 799
stat.node.5.cpu.0.avg_load_issue_to_complete_lat = 1035.48
stat.node.5.injector.phase_cycles = 829225
stat.node.5.injector.request_bytes = 80048
stat.node.5.injector.response_bytes = 213376
stat.node.5.injector.aggregate_bytes = 293424
stat.node.5.injector.request_gbps = 1.85344
stat.node.5.injector.response_gbps = 4.94054
stat.node.5.injector.aggregate_gbps = 6.79398
stat.node.5.llc.cxl_miss = 800
stat.node.5.llc.total_miss = 800
stat.node.5.llc.avg_miss_lat = 859.285
stat.node.5.llc.avg_cxl_lat = 859.285
stat.node.5.llc.miss_lat_hist_bin_ns = 10
stat.node.5.llc.miss_lat_hist = [0,0,0,0,0,0,0,0,0,0,0,0,0,0,0,0,0,0,0,0,0,0,0,0,0,0,0,0,0,0,13,125,80,78,38,30,61,63,116,178,17,1]
stat.node.5.util.dram_avg = 1.26613e-05
stat.node.5.walltime_s = 210.143
stat.node.5.active_time_s = 28.5568
stat.node.4.cpu.0.load_issue_to_complete_count = 799
stat.node.4.cpu.0.avg_load_issue_to_complete_lat = 1037.05
stat.node.4.injector.phase_cycles = 830500
stat.node.4.injector.request_bytes = 80088
stat.node.4.injector.response_bytes = 213760
stat.node.4.injector.aggregate_bytes = 293848
stat.node.4.injector.request_gbps = 1.85152
stat.node.4.injector.response_gbps = 4.94183
stat.node.4.injector.aggregate_gbps = 6.79336
stat.node.4.llc.cxl_miss = 800
stat.node.4.llc.total_miss = 800
stat.node.4.llc.avg_miss_lat = 860.722
stat.node.4.llc.avg_cxl_lat = 860.722
stat.node.4.llc.miss_lat_hist_bin_ns = 10
stat.node.4.llc.miss_lat_hist = [0,0,0,0,0,0,0,0,0,0,0,0,0,0,0,0,0,0,0,0,0,0,0,0,0,0,0,0,0,0,26,138,77,64,26,31,26,59,120,219,13,1]
stat.node.4.util.dram_avg = 1.26515e-05
stat.node.4.walltime_s = 210.211
stat.node.4.active_time_s = 28.9508
stat.node.1.cpu.0.load_issue_to_complete_count = 799
stat.node.1.cpu.0.avg_load_issue_to_complete_lat = 1037.2
stat.node.1.injector.phase_cycles = 830625
stat.node.1.injector.request_bytes = 80160
stat.node.1.injector.response_bytes = 213760
stat.node.1.injector.aggregate_bytes = 293920
stat.node.1.injector.request_gbps = 1.85291
stat.node.1.injector.response_gbps = 4.94109
stat.node.1.injector.aggregate_gbps = 6.794
stat.node.1.llc.cxl_miss = 800
stat.node.1.llc.total_miss = 800
stat.node.1.llc.avg_miss_lat = 860.941
stat.node.1.llc.avg_cxl_lat = 860.941
stat.node.1.llc.miss_lat_hist_bin_ns = 10
stat.node.1.llc.miss_lat_hist = [0,0,0,0,0,0,0,0,0,0,0,0,0,0,0,0,0,0,0,0,0,0,0,0,0,0,0,0,0,0,13,140,81,62,38,35,40,57,86,227,21]
stat.node.1.util.dram_avg = 1.26498e-05
stat.node.1.walltime_s = 210.232
stat.node.1.active_time_s = 29.1695
stat.node.6.cpu.0.load_issue_to_complete_count = 799
stat.node.6.cpu.0.avg_load_issue_to_complete_lat = 1037.08
stat.node.6.injector.phase_cycles = 830500
stat.node.6.injector.request_bytes = 80160
stat.node.6.injector.response_bytes = 213696
stat.node.6.injector.aggregate_bytes = 293856
stat.node.6.injector.request_gbps = 1.85319
stat.node.6.injector.response_gbps = 4.94035
stat.node.6.injector.aggregate_gbps = 6.79354
stat.node.6.llc.cxl_miss = 800
stat.node.6.llc.total_miss = 800
stat.node.6.llc.avg_miss_lat = 860.566
stat.node.6.llc.avg_cxl_lat = 860.566
stat.node.6.llc.miss_lat_hist_bin_ns = 10
stat.node.6.llc.miss_lat_hist = [0,0,0,0,0,0,0,0,0,0,0,0,0,0,0,0,0,0,0,0,0,0,0,0,0,0,0,0,0,0,18,160,41,43,59,50,71,32,79,231,16]
stat.node.6.util.dram_avg = 1.26496e-05
stat.node.6.walltime_s = 210.233
stat.node.6.active_time_s = 29.1103
stat.node.0.cpu.0.load_issue_to_complete_count = 799
stat.node.0.cpu.0.avg_load_issue_to_complete_lat = 1037.17
stat.node.0.injector.phase_cycles = 830625
stat.node.0.injector.request_bytes = 80160
stat.node.0.injector.response_bytes = 213760
stat.node.0.injector.aggregate_bytes = 293920
stat.node.0.injector.request_gbps = 1.85291
stat.node.0.injector.response_gbps = 4.94109
stat.node.0.injector.aggregate_gbps = 6.794
stat.node.0.llc.cxl_miss = 800
stat.node.0.llc.total_miss = 800
stat.node.0.llc.avg_miss_lat = 861.097
stat.node.0.llc.avg_cxl_lat = 861.097
stat.node.0.llc.miss_lat_hist_bin_ns = 10
stat.node.0.llc.miss_lat_hist = [0,0,0,0,0,0,0,0,0,0,0,0,0,0,0,0,0,0,0,0,0,0,0,0,0,0,0,0,0,0,19,154,48,34,77,33,72,32,76,238,17]
stat.node.0.util.dram_avg = 1.26481e-05
stat.node.0.walltime_s = 210.238
stat.node.0.active_time_s = 22.3737
stat.node.3.cpu.0.load_issue_to_complete_count = 799
stat.node.3.cpu.0.avg_load_issue_to_complete_lat = 1037.27
stat.node.3.injector.phase_cycles = 830625
stat.node.3.injector.request_bytes = 80160
stat.node.3.injector.response_bytes = 213760
stat.node.3.injector.aggregate_bytes = 293920
stat.node.3.injector.request_gbps = 1.85291
stat.node.3.injector.response_gbps = 4.94109
stat.node.3.injector.aggregate_gbps = 6.794
stat.node.3.llc.cxl_miss = 800
stat.node.3.llc.total_miss = 800
stat.node.3.llc.avg_miss_lat = 860.879
stat.node.3.llc.avg_cxl_lat = 860.879
stat.node.3.llc.miss_lat_hist_bin_ns = 10
stat.node.3.llc.miss_lat_hist = [0,0,0,0,0,0,0,0,0,0,0,0,0,0,0,0,0,0,0,0,0,0,0,0,0,0,0,0,0,0,15,142,69,35,64,51,58,34,95,221,16]
stat.node.3.util.dram_avg = 1.26465e-05
stat.node.3.walltime_s = 210.227
stat.node.3.active_time_s = 24.7072
stat.node.7.cpu.0.load_issue_to_complete_count = 799
stat.node.7.cpu.0.avg_load_issue_to_complete_lat = 1037.39
stat.node.7.injector.phase_cycles = 830750
stat.node.7.injector.request_bytes = 80168
stat.node.7.injector.response_bytes = 213824
stat.node.7.injector.aggregate_bytes = 293992
stat.node.7.injector.request_gbps = 1.85281
stat.node.7.injector.response_gbps = 4.94182
stat.node.7.injector.aggregate_gbps = 6.79464
stat.node.7.llc.cxl_miss = 800
stat.node.7.llc.total_miss = 800
stat.node.7.llc.avg_miss_lat = 860.941
stat.node.7.llc.avg_cxl_lat = 860.941
stat.node.7.llc.miss_lat_hist_bin_ns = 10
stat.node.7.llc.miss_lat_hist = [0,0,0,0,0,0,0,0,0,0,0,0,0,0,0,0,0,0,0,0,0,0,0,0,0,0,0,0,0,0,18,147,81,62,25,23,34,59,105,232,14]
stat.node.7.util.dram_avg = 1.26463e-05
stat.node.7.walltime_s = 210.244
stat.node.7.active_time_s = 23.6569
stat.node.2.cpu.0.load_issue_to_complete_count = 799
stat.node.2.cpu.0.avg_load_issue_to_complete_lat = 1037.42
stat.node.2.injector.phase_cycles = 830875
stat.node.2.injector.request_bytes = 80232
stat.node.2.injector.response_bytes = 213824
stat.node.2.injector.aggregate_bytes = 294056
stat.node.2.injector.request_gbps = 1.85401
stat.node.2.injector.response_gbps = 4.94108
stat.node.2.injector.aggregate_gbps = 6.7951
stat.node.2.llc.cxl_miss = 800
stat.node.2.llc.total_miss = 800
stat.node.2.llc.avg_miss_lat = 860.691
stat.node.2.llc.avg_cxl_lat = 860.691
stat.node.2.llc.miss_lat_hist_bin_ns = 10
stat.node.2.llc.miss_lat_hist = [0,0,0,0,0,0,0,0,0,0,0,0,0,0,0,0,0,0,0,0,0,0,0,0,0,0,0,0,0,0,20,139,113,36,28,21,25,43,146,215,13,1]
stat.node.2.util.dram_avg = 1.26446e-05
stat.node.2.walltime_s = 210.258
stat.node.2.active_time_s = 24.8782
stat.pool.100.util.mem_avg = 0.192092
stat.pool.100.util.req_link_avg = 0.325907
stat.pool.100.walltime_s = 210.258
stat.pool.100.active_time_s = 0.865104
stat.switch.replicated_messages = 15256
stat.switch.util.node_ingress_avg = 0.0407397
stat.switch.util.pool_ingress_avg = 0.999464
stat.switch.bw.host_to_switch_gbps = 2.00307
stat.switch.bw.switch_to_host_gbps = 6.14072
stat.switch.bw.host_link_total_gbps = 8.14379
stat.switch.walltime_s = 210.258
stat.switch.active_time_s = 2.66144
Simulation is complete, simulated time: 791.482 us
