stat.node.2.cpu.0.retired = 852
stat.node.3.cpu.0.retired = 851
stat.node.3.cpu.0.cycles = 1000000
stat.node.4.cpu.0.retired = 852
stat.node.4.cpu.0.cycles = 1000000
stat.node.5.cpu.0.retired = 852
stat.node.5.cpu.0.cycles = 1000000
stat.node.6.cpu.0.retired = 852
stat.node.6.cpu.0.cycles = 1000000
stat.node.7.cpu.0.retired = 852
stat.node.7.cpu.0.cycles = 1000000
stat.node.0.cpu.0.retired = 852
stat.node.0.cpu.0.cycles = 1000000
stat.node.1.cpu.0.retired = 852
stat.node.1.cpu.0.cycles = 1000000
stat.node.2.cpu.0.cycles = 1000000
stat.node.2.cpu.0.load_issue_to_complete_count = 799
stat.node.2.cpu.0.avg_load_issue_to_complete_lat = 888.041
stat.node.2.injector.phase_cycles = 711268
stat.node.2.injector.request_bytes = 214520
stat.node.2.injector.response_bytes = 132032
stat.node.2.injector.aggregate_bytes = 346552
stat.node.2.injector.request_gbps = 5.79076
stat.node.2.injector.response_gbps = 3.56408
stat.node.2.injector.aggregate_gbps = 9.35484
stat.node.2.llc.cxl_miss = 800
stat.node.2.llc.total_miss = 800
stat.node.2.llc.avg_miss_lat = 715.415
stat.node.2.llc.avg_cxl_lat = 715.415
stat.node.2.llc.miss_lat_hist_bin_ns = 10
stat.node.2.llc.miss_lat_hist = [0,0,0,0,0,0,0,0,0,0,0,0,0,0,0,0,0,0,0,0,0,0,0,0,0,0,180,172,17,8,35,167,127,88,6]
stat.node.2.util.dram_avg = 1.44322e-05
stat.node.2.walltime_s = 210.885
stat.node.2.active_time_s = 22.3376
stat.node.0.cpu.0.load_issue_to_complete_count = 799
stat.node.0.cpu.0.avg_load_issue_to_complete_lat = 888.999
stat.node.0.injector.phase_cycles = 712130
stat.node.0.injector.request_bytes = 214792
stat.node.0.injector.response_bytes = 132160
stat.node.0.injector.aggregate_bytes = 346952
stat.node.0.injector.request_gbps = 5.79109
stat.node.0.injector.response_gbps = 3.56321
stat.node.0.injector.aggregate_gbps = 9.3543
stat.node.0.llc.cxl_miss = 800
stat.node.0.llc.total_miss = 800
stat.node.0.llc.avg_miss_lat = 716.324
stat.node.0.llc.avg_cxl_lat = 716.324
stat.node.0.llc.miss_lat_hist_bin_ns = 10
stat.node.0.llc.miss_lat_hist = [0,0,0,0,0,0,0,0,0,0,0,0,0,0,0,0,0,0,0,0,0,0,0,0,0,0,178,160,19,2,65,163,114,99]
stat.node.0.util.dram_avg = 1.44285e-05
stat.node.0.walltime_s = 210.898
stat.node.0.active_time_s = 23.2404
stat.node.4.cpu.0.load_issue_to_complete_count = 799
stat.node.4.cpu.0.avg_load_issue_to_complete_lat = 889.099
stat.node.4.injector.phase_cycles = 712205
stat.node.4.injector.request_bytes = 214792
stat.node.4.injector.response_bytes = 132160
stat.node.4.injector.aggregate_bytes = 346952
stat.node.4.injector.request_gbps = 5.79048
stat.node.4.injector.response_gbps = 3.56284
stat.node.4.injector.aggregate_gbps = 9.35332
stat.node.4.llc.cxl_miss = 800
stat.node.4.llc.total_miss = 800
stat.node.4.llc.avg_miss_lat = 716.442
stat.node.4.llc.avg_cxl_lat = 716.442
stat.node.4.llc.miss_lat_hist_bin_ns = 10
stat.node.4.llc.miss_lat_hist = [0,0,0,0,0,0,0,0,0,0,0,0,0,0,0,0,0,0,0,0,0,0,0,0,0,0,166,177,16,0,72,153,115,96,5]
stat.node.4.util.dram_avg = 1.44282e-05
stat.node.4.walltime_s = 210.887
stat.node.4.active_time_s = 19.6443
stat.node.5.cpu.0.load_issue_to_complete_count = 799
stat.node.5.cpu.0.avg_load_issue_to_complete_lat = 889.13
stat.node.5.injector.phase_cycles = 712205
stat.node.5.injector.request_bytes = 214792
stat.node.5.injector.response_bytes = 132160
stat.node.5.injector.aggregate_bytes = 346952
stat.node.5.injector.request_gbps = 5.79048
stat.node.5.injector.response_gbps = 3.56284
stat.node.5.injector.aggregate_gbps = 9.35332
stat.node.5.llc.cxl_miss = 800
stat.node.5.llc.total_miss = 800
stat.node.5.llc.avg_miss_lat = 716.495
stat.node.5.llc.avg_cxl_lat = 716.495
stat.node.5.llc.miss_lat_hist_bin_ns = 10
stat.node.5.llc.miss_lat_hist = [0,0,0,0,0,0,0,0,0,0,0,0,0,0,0,0,0,0,0,0,0,0,0,0,0,0,175,166,17,4,54,163,133,88]
stat.node.5.util.dram_avg = 1.4428e-05
stat.node.5.walltime_s = 210.887
stat.node.5.active_time_s = 26.2784
stat.node.6.cpu.0.load_issue_to_complete_count = 799
stat.node.1.cpu.0.load_issue_to_complete_count = 799
stat.node.1.cpu.0.avg_load_issue_to_complete_lat = 888.905
stat.node.1.injector.phase_cycles = 711958
stat.node.1.injector.request_bytes = 214728
stat.node.1.injector.response_bytes = 132160
stat.node.1.injector.aggregate_bytes = 346888
stat.node.1.injector.request_gbps = 5.79076
stat.node.1.injector.response_gbps = 3.56408
stat.node.1.injector.aggregate_gbps = 9.35483
stat.node.1.llc.cxl_miss = 800
stat.node.1.llc.total_miss = 800
stat.node.6.cpu.0.avg_load_issue_to_complete_lat = 889.329
stat.node.6.injector.phase_cycles = 712389
stat.node.6.injector.request_bytes = 214864
stat.node.6.injector.response_bytes = 132224
stat.node.6.injector.aggregate_bytes = 347088
stat.node.6.injector.request_gbps = 5.79092
stat.node.6.injector.response_gbps = 3.56364
stat.node.6.injector.aggregate_gbps = 9.35457
stat.node.6.llc.cxl_miss = 800
stat.node.6.llc.total_miss = 800
stat.node.6.llc.avg_miss_lat = 716.462
stat.node.6.llc.avg_cxl_lat = 716.462
stat.node.6.llc.miss_lat_hist_bin_ns = 10
stat.node.6.llc.miss_lat_hist = [0,0,0,0,0,0,0,0,0,0,0,0,0,0,0,0,0,0,0,0,0,0,0,0,0,0,195,143,16,11,28,200,114,93]
stat.node.1.llc.avg_miss_lat = 716.317
stat.node.1.llc.avg_cxl_lat = 716.317
stat.node.1.llc.miss_lat_hist_bin_ns = 10
stat.node.1.llc.miss_lat_hist = [0,0,0,0,0,0,0,0,0,0,0,0,0,0,0,0,0,0,0,0,0,0,0,0,0,0,197,135,29,7,27,182,136,85,2]
stat.node.6.util.dram_avg = 1.44264e-05
stat.node.1.util.dram_avg = 1.44264e-05
stat.node.1.walltime_s = 210.911
stat.node.1.active_time_s = 18.9744
stat.node.6.walltime_s = 210.915
stat.node.6.active_time_s = 28.2261
stat.node.7.cpu.0.load_issue_to_complete_count = 799
stat.node.7.cpu.0.avg_load_issue_to_complete_lat = 888.936
stat.node.7.injector.phase_cycles = 711983
stat.node.7.injector.request_bytes = 214728
stat.node.7.injector.response_bytes = 132160
stat.node.7.injector.aggregate_bytes = 346888
stat.node.7.injector.request_gbps = 5.79056
stat.node.7.injector.response_gbps = 3.56395
stat.node.7.injector.aggregate_gbps = 9.35451
stat.node.7.llc.cxl_miss = 800
stat.node.7.llc.total_miss = 800
stat.node.7.llc.avg_miss_lat = 716.15
stat.node.7.llc.avg_cxl_lat = 716.15
stat.node.7.llc.miss_lat_hist_bin_ns = 10
stat.node.7.llc.miss_lat_hist = [0,0,0,0,0,0,0,0,0,0,0,0,0,0,0,0,0,0,0,0,0,0,0,0,0,0,217,130,15,1,6,204,138,89]
stat.node.7.util.dram_avg = 1.44262e-05
stat.node.7.walltime_s = 210.973
stat.node.7.active_time_s = 23.3477
stat.node.3.cpu.0.load_issue_to_complete_count = 799
stat.node.3.cpu.0.avg_load_issue_to_complete_lat = 889.068
stat.node.3.injector.phase_cycles = 712180
stat.node.3.injector.request_bytes = 214792
stat.node.3.injector.response_bytes = 132160
stat.node.3.injector.aggregate_bytes = 346952
stat.node.3.injector.request_gbps = 5.79068
stat.node.3.injector.response_gbps = 3.56296
stat.node.3.injector.aggregate_gbps = 9.35364
stat.node.3.llc.cxl_miss = 800
stat.node.3.llc.total_miss = 800
stat.node.3.llc.avg_miss_lat = 716.689
stat.node.3.llc.avg_cxl_lat = 716.689
stat.node.3.llc.miss_lat_hist_bin_ns = 10
stat.pool.101.util.mem_avg = 0.203381
stat.pool.101.util.req_link_avg = 0.919926
stat.pool.101.walltime_s = 211.037
stat.pool.101.active_time_s = 0.675014
stat.pool.100.util.mem_avg = 0.203383
stat.pool.100.util.req_link_avg = 0.919928
stat.pool.100.walltime_s = 211.037
stat.pool.100.active_time_s = 0.724701
stat.switch.replicated_messages = 115804
stat.switch.util.node_ingress_avg = 0.121281
stat.switch.util.pool_ingress_avg = 0.401444
stat.switch.bw.host_to_switch_gbps = 5.96153
stat.switch.bw.switch_to_host_gbps = 4.93299
stat.switch.bw.host_link_total_gbps = 10.8945
stat.switch.walltime_s = 211.037
stat.switch.active_time_s = 2.96252
stat.node.3.llc.miss_lat_hist = [0,0,0,0,0,0,0,0,0,0,0,0,0,0,0,0,0,0,0,0,0,0,0,0,0,0,190,133,31,15,29,184,138,80]
stat.node.3.util.dram_avg = 1.44225e-05
stat.node.3.walltime_s = 211.033
stat.node.3.active_time_s = 29.7826
Simulation is complete, simulated time: 693.917 us
