stat.node.5.cpu.0.retired = 783
stat.node.5.cpu.0.cycles = 1000000
stat.node.6.cpu.0.retired = 786
stat.node.6.cpu.0.cycles = 1000000
stat.node.7.cpu.0.retired = 785
stat.node.7.cpu.0.cycles = 1000000
stat.node.0.cpu.0.retired = 786
stat.node.0.cpu.0.cycles = 1000000
stat.node.1.cpu.0.retired = 785
stat.node.1.cpu.0.cycles = 1000000
stat.node.2.cpu.0.retired = 769
stat.node.2.cpu.0.cycles = 1000000
stat.node.3.cpu.0.retired = 787
stat.node.3.cpu.0.cycles = 1000000
stat.node.4.cpu.0.retired = 764
stat.node.4.cpu.0.cycles = 1000000
stat.node.3.cpu.0.load_issue_to_complete_count = 799
stat.node.3.cpu.0.avg_load_issue_to_complete_lat = 968.402
stat.node.3.injector.phase_cycles = 775636
stat.node.3.injector.request_bytes = 336504
stat.node.3.injector.response_bytes = 897536
stat.node.3.injector.aggregate_bytes = 1234040
stat.node.3.injector.request_gbps = 8.32978
stat.node.3.injector.response_gbps = 22.2175
stat.node.3.injector.aggregate_gbps = 30.5473
stat.node.3.llc.cxl_miss = 800
stat.node.3.llc.total_miss = 800
stat.node.3.llc.avg_miss_lat = 793.987
stat.node.3.llc.avg_cxl_lat = 793.987
stat.node.3.llc.miss_lat_hist_bin_ns = 10
stat.node.3.llc.miss_lat_hist = [0,0,0,0,0,0,0,0,0,0,0,0,0,0,0,0,0,0,0,0,0,0,0,0,0,0,0,0,0,5,8,131,180,376,91,9]
stat.node.3.util.dram_avg = 1.34258e-05
stat.node.3.walltime_s = 176.062
stat.node.3.active_time_s = 23.2556
stat.node.6.cpu.0.load_issue_to_complete_count = 799
stat.node.6.cpu.0.avg_load_issue_to_complete_lat = 969.173
stat.node.6.injector.phase_cycles = 776226
stat.node.6.injector.request_bytes = 336848
stat.node.6.injector.response_bytes = 898176
stat.node.6.injector.aggregate_bytes = 1235024
stat.node.6.injector.request_gbps = 8.33196
stat.node.6.injector.response_gbps = 22.2164
stat.node.6.injector.aggregate_gbps = 30.5484
stat.node.6.llc.cxl_miss = 800
stat.node.6.llc.total_miss = 800
stat.node.6.llc.avg_miss_lat = 794.59
stat.node.6.llc.avg_cxl_lat = 794.59
stat.node.6.llc.miss_lat_hist_bin_ns = 10
stat.node.6.llc.miss_lat_hist = [0,0,0,0,0,0,0,0,0,0,0,0,0,0,0,0,0,0,0,0,0,0,0,0,0,0,0,0,0,6,8,125,175,368,112,6]
stat.node.6.util.dram_avg = 1.34089e-05
stat.node.6.walltime_s = 176.155
stat.node.6.active_time_s = 24.6206
stat.node.7.cpu.0.load_issue_to_complete_count = 799
stat.node.7.cpu.0.avg_load_issue_to_complete_lat = 968.499
stat.node.7.injector.phase_cycles = 775686
stat.node.7.injector.request_bytes = 336576
stat.node.7.injector.response_bytes = 897600
stat.node.7.injector.aggregate_bytes = 1234176
stat.node.7.injector.request_gbps = 8.33102
stat.node.7.injector.response_gbps = 22.2176
stat.node.7.injector.aggregate_gbps = 30.5487
stat.node.7.llc.cxl_miss = 800
stat.node.7.llc.total_miss = 800
stat.node.7.llc.avg_miss_lat = 794.164
stat.node.7.llc.avg_cxl_lat = 794.164
stat.node.7.llc.miss_lat_hist_bin_ns = 10
stat.node.7.llc.miss_lat_hist = [0,0,0,0,0,0,0,0,0,0,0,0,0,0,0,0,0,0,0,0,0,0,0,0,0,0,0,0,0,8,51,102,123,391,124,1]
stat.node.7.util.dram_avg = 1.34068e-05
stat.node.7.walltime_s = 176.186
stat.node.7.active_time_s = 24.9533
stat.node.0.cpu.0.load_issue_to_complete_count = 799
stat.node.0.cpu.0.avg_load_issue_to_complete_lat = 970.492
stat.node.0.injector.phase_cycles = 777278
stat.node.0.injector.request_bytes = 337256
stat.node.0.injector.response_bytes = 899328
stat.node.0.injector.aggregate_bytes = 1236584
stat.node.0.injector.request_gbps = 8.33076
stat.node.0.injector.response_gbps = 22.2148
stat.node.0.injector.aggregate_gbps = 30.5456
stat.node.0.llc.cxl_miss = 800
stat.node.0.llc.total_miss = 800
stat.node.0.llc.avg_miss_lat = 795.857
stat.node.0.llc.avg_cxl_lat = 795.857
stat.node.0.llc.miss_lat_hist_bin_ns = 10
stat.node.0.llc.miss_lat_hist = [0,0,0,0,0,0,0,0,0,0,0,0,0,0,0,0,0,0,0,0,0,0,0,0,0,0,0,0,0,1,6,77,252,359,103,2]
stat.node.0.util.dram_avg = 1.3406e-05
stat.node.0.walltime_s = 176.188
stat.node.0.active_time_s = 28.5914
stat.node.1.cpu.0.load_issue_to_complete_count = 799
stat.node.1.cpu.0.avg_load_issue_to_complete_lat = 968.832
stat.node.1.injector.phase_cycles = 775975
stat.node.1.injector.request_bytes = 336680
stat.node.1.injector.response_bytes = 897856
stat.node.1.injector.aggregate_bytes = 1234536
stat.node.1.injector.request_gbps = 8.3305
stat.node.1.injector.response_gbps = 22.2157
stat.node.1.injector.aggregate_gbps = 30.5462
stat.node.1.llc.cxl_miss = 800
stat.node.1.llc.total_miss = 800
stat.node.1.llc.avg_miss_lat = 794.442
stat.node.1.llc.avg_cxl_lat = 794.442
stat.node.1.llc.miss_lat_hist_bin_ns = 10
stat.node.1.llc.miss_lat_hist = [0,0,0,0,0,0,0,0,0,0,0,0,0,0,0,0,0,0,0,0,0,0,0,0,0,0,0,0,0,3,9,135,178,368,97,10]
stat.node.1.util.dram_avg = 1.34043e-05
stat.node.1.walltime_s = 176.208
stat.node.1.active_time_s = 24.9768
stat.node.5.cpu.0.load_issue_to_complete_count = 799
stat.node.5.cpu.0.avg_load_issue_to_complete_lat = 969.019
stat.node.5.injector.phase_cycles = 776102
stat.node.5.injector.request_bytes = 336768
stat.node.5.injector.response_bytes = 898048
stat.node.5.injector.aggregate_bytes = 1234816
stat.node.5.injector.request_gbps = 8.33131
stat.node.5.injector.response_gbps = 22.2168
stat.node.5.injector.aggregate_gbps = 30.5481
stat.node.5.llc.cxl_miss = 800
stat.node.5.llc.total_miss = 800
stat.node.5.llc.avg_miss_lat = 794.426
stat.node.5.llc.avg_cxl_lat = 794.426
stat.node.5.llc.miss_lat_hist_bin_ns = 10
stat.node.5.llc.miss_lat_hist = [0,0,0,0,0,0,0,0,0,0,0,0,0,0,0,0,0,0,0,0,0,0,0,0,0,0,0,0,0,1,18,93,182,441,65]
stat.node.5.util.dram_avg = 1.33905e-05
stat.node.5.walltime_s = 176.344
stat.node.5.active_time_s = 27.5318
stat.node.2.cpu.0.load_issue_to_complete_count = 799
stat.node.2.cpu.0.avg_load_issue_to_complete_lat = 996.369
stat.node.2.injector.phase_cycles = 797884
stat.node.2.injector.request_bytes = 346248
stat.node.2.injector.response_bytes = 923328
stat.node.2.injector.aggregate_bytes = 1269576
stat.node.2.injector.request_gbps = 8.33199
stat.node.2.injector.response_gbps = 22.2186
stat.node.2.injector.aggregate_gbps = 30.5506
stat.node.2.llc.cxl_miss = 800
stat.node.2.llc.total_miss = 800
stat.node.2.llc.avg_miss_lat = 821.61
stat.node.2.llc.avg_cxl_lat = 821.61
stat.node.2.llc.miss_lat_hist_bin_ns = 10
stat.node.2.llc.miss_lat_hist = [0,0,0,0,0,0,0,0,0,0,0,0,0,0,0,0,0,0,0,0,0,0,0,0,0,0,0,0,4,9,11,38,64,146,320,208]
stat.node.2.util.dram_avg = 1.31232e-05
stat.node.2.walltime_s = 178.616
stat.node.2.active_time_s = 23.5033
stat.node.4.cpu.0.load_issue_to_complete_count = 799
stat.node.4.cpu.0.avg_load_issue_to_complete_lat = 997.748
stat.node.4.injector.phase_cycles = 799061
stat.node.4.injector.request_bytes = 346744
stat.node.4.injector.response_bytes = 924608
stat.node.4.injector.aggregate_bytes = 1271352
stat.node.4.injector.request_gbps = 8.33164
stat.node.4.injector.response_gbps = 22.2167
stat.node.4.injector.aggregate_gbps = 30.5483
stat.node.4.llc.cxl_miss = 800
stat.node.4.llc.total_miss = 800
stat.node.4.llc.avg_miss_lat = 822.941
stat.node.4.llc.avg_cxl_lat = 822.941
stat.node.4.llc.miss_lat_hist_bin_ns = 10
stat.node.4.llc.miss_lat_hist = [0,0,0,0,0,0,0,0,0,0,0,0,0,0,0,0,0,0,0,0,0,0,0,0,0,0,0,0,3,9,2,28,73,150,323,212]
stat.node.4.util.dram_avg = 1.30726e-05
stat.node.4.walltime_s = 179.086
stat.node.4.active_time_s = 24.344
stat.pool.104.util.mem_avg = 0.266871
stat.pool.104.util.req_link_avg = 0.9993
stat.pool.104.walltime_s = 179.086
stat.pool.104.active_time_s = 0.713738
stat.pool.103.util.mem_avg = 0.266872
stat.pool.103.util.req_link_avg = 0.999301
stat.pool.103.walltime_s = 179.086
stat.pool.103.active_time_s = 0.827427
stat.pool.102.util.mem_avg = 0.266872
stat.pool.102.util.req_link_avg = 0.999301
stat.pool.102.walltime_s = 179.086
stat.pool.102.active_time_s = 0.811756
stat.pool.101.util.mem_avg = 0.266872
stat.pool.101.util.req_link_avg = 0.999301
stat.pool.101.walltime_s = 179.086
stat.pool.101.active_time_s = 0.761146
stat.pool.100.util.mem_avg = 0.266872
stat.pool.100.util.req_link_avg = 0.999301
stat.pool.100.walltime_s = 179.086
stat.pool.100.active_time_s = 0.792567
stat.switch.replicated_messages = 331880
stat.switch.util.node_ingress_avg = 0.172704
stat.switch.util.pool_ingress_avg = 0.764197
stat.switch.bw.host_to_switch_gbps = 8.48953
stat.switch.bw.switch_to_host_gbps = 23.476
stat.switch.bw.host_link_total_gbps = 31.9656
stat.switch.walltime_s = 179.086
stat.switch.active_time_s = 4.02012
Simulation is complete, simulated time: 765.571 us
