stat.node.4.cpu.0.retired = 939
stat.node.4.cpu.0.cycles = 1000000
stat.node.5.cpu.0.retired = 940
stat.node.5.cpu.0.cycles = 1000000
stat.node.6.cpu.0.retired = 940
stat.node.6.cpu.0.cycles = 1000000
stat.node.7.cpu.0.retired = 939
stat.node.7.cpu.0.cycles = 1000000
stat.node.0.cpu.0.retired = 940
stat.node.0.cpu.0.cycles = 1000000
stat.node.1.cpu.0.retired = 940
stat.node.1.cpu.0.cycles = 1000000
stat.node.2.cpu.0.retired = 939
stat.node.2.cpu.0.cycles = 1000000
stat.node.3.cpu.0.retired = 940
stat.node.3.cpu.0.cycles = 1000000
stat.node.5.cpu.0.load_issue_to_complete_count = 799
stat.node.5.cpu.0.avg_load_issue_to_complete_lat = 848.299
stat.node.5.injector.phase_cycles = 679482
stat.node.5.injector.request_bytes = 109728
stat.node.5.injector.response_bytes = 12032
stat.node.5.injector.aggregate_bytes = 121760
stat.node.5.injector.request_gbps = 3.10056
stat.node.5.injector.response_gbps = 0.339986
stat.node.5.injector.aggregate_gbps = 3.44055
stat.node.5.llc.cxl_miss = 800
stat.node.5.llc.total_miss = 800
stat.node.5.llc.avg_miss_lat = 675.415
stat.node.5.llc.avg_cxl_lat = 675.415
stat.node.5.llc.miss_lat_hist_bin_ns = 10
stat.node.5.llc.miss_lat_hist = [0,0,0,0,0,0,0,0,0,0,0,0,0,0,0,0,0,0,0,0,0,0,0,0,0,0,445,21,75,9,15,162,47,26]
stat.node.5.util.dram_avg = 1.542e-05
stat.node.5.walltime_s = 142.654
stat.node.5.active_time_s = 24.1801
stat.node.1.cpu.0.load_issue_to_complete_count = 799
stat.node.4.cpu.0.load_issue_to_complete_count = 799
stat.node.3.cpu.0.load_issue_to_complete_count = 799
stat.node.1.cpu.0.avg_load_issue_to_complete_lat = 848.802
stat.node.1.injector.phase_cycles = 679884
stat.node.1.injector.request_bytes = 109792
stat.node.1.injector.response_bytes = 12032
stat.node.3.cpu.0.avg_load_issue_to_complete_lat = 848.294
stat.node.3.injector.phase_cycles = 679478
stat.node.3.injector.request_bytes = 109728
stat.node.3.injector.response_bytes = 12032
stat.node.3.injector.aggregate_bytes = 121760
stat.node.3.injector.request_gbps = 3.10058
stat.node.3.injector.response_gbps = 0.339988
stat.node.4.cpu.0.avg_load_issue_to_complete_lat = 847.293
stat.node.4.injector.phase_cycles = 678678
stat.node.4.injector.request_bytes = 109600
stat.node.1.injector.aggregate_bytes = 121824
stat.node.3.injector.aggregate_gbps = 3.44057
stat.node.3.llc.cxl_miss = 800
stat.node.3.llc.total_miss = 800
stat.node.3.llc.avg_miss_lat = 675.4
stat.node.4.injector.response_bytes = 12032
stat.node.4.injector.aggregate_bytes = 121632
stat.node.3.llc.avg_cxl_lat = 675.4
stat.node.3.llc.miss_lat_hist_bin_ns = 10
stat.node.3.llc.miss_lat_hist = [0,0,0,0,0,0,0,0,0,0,0,0,0,0,0,0,0,0,0,0,0,0,0,0,0,0,434,25,79,24,13,157,38,30]
stat.node.1.injector.request_gbps = 3.10054
stat.node.4.injector.request_gbps = 3.10062
stat.node.4.injector.response_gbps = 0.340389
stat.node.4.injector.aggregate_gbps = 3.44101
stat.node.4.llc.cxl_miss = 800
stat.node.4.llc.total_miss = 800
stat.node.1.injector.response_gbps = 0.339785
stat.node.1.injector.aggregate_gbps = 3.44032
stat.node.3.util.dram_avg = 1.5416e-05
stat.node.3.walltime_s = 142.646
stat.node.3.active_time_s = 18.6243
stat.node.4.llc.avg_miss_lat = 674.519
stat.node.4.llc.avg_cxl_lat = 674.519
stat.node.1.llc.cxl_miss = 800
stat.node.1.llc.total_miss = 800
stat.node.1.llc.avg_miss_lat = 675.909
stat.node.1.llc.avg_cxl_lat = 675.909
stat.node.1.llc.miss_lat_hist_bin_ns = 10
stat.node.4.llc.miss_lat_hist_bin_ns = 10
stat.node.4.llc.miss_lat_hist = [0,0,0,0,0,0,0,0,0,0,0,0,0,0,0,0,0,0,0,0,0,0,0,0,0,0,440,23,59,33,48,139,24,34]
stat.node.1.llc.miss_lat_hist = [0,0,0,0,0,0,0,0,0,0,0,0,0,0,0,0,0,0,0,0,0,0,0,0,0,0,409,25,106,26,31,144,32,27]
stat.node.4.util.dram_avg = 1.5416e-05
stat.node.1.util.dram_avg = 1.5416e-05
stat.node.1.walltime_s = 142.662
stat.node.1.active_time_s = 22.0596
stat.node.4.walltime_s = 142.662
stat.node.4.active_time_s = 19.4809
stat.node.2.cpu.0.load_issue_to_complete_count = 799
stat.node.6.cpu.0.load_issue_to_complete_count = 799
stat.node.6.cpu.0.avg_load_issue_to_complete_lat = 849.305
stat.node.2.cpu.0.avg_load_issue_to_complete_lat = 847.796
stat.node.6.injector.phase_cycles = 680286
stat.node.6.injector.request_bytes = 109856
stat.node.6.injector.response_bytes = 12032
stat.node.6.injector.aggregate_bytes = 121888
stat.node.6.injector.request_gbps = 3.10051
stat.node.2.injector.phase_cycles = 679080
stat.node.2.injector.request_bytes = 109664
stat.node.2.injector.response_bytes = 12032
stat.node.6.injector.response_gbps = 0.339584
stat.node.6.injector.aggregate_gbps = 3.4401
stat.node.6.llc.cxl_miss = 800
stat.node.6.llc.total_miss = 800
stat.node.6.llc.avg_miss_lat = 676.283
stat.node.6.llc.avg_cxl_lat = 676.283
stat.node.6.llc.miss_lat_hist_bin_ns = 10
stat.node.2.injector.aggregate_bytes = 121696
stat.node.6.llc.miss_lat_hist = [0,0,0,0,0,0,0,0,0,0,0,0,0,0,0,0,0,0,0,0,0,0,0,0,0,0,431,28,72,16,24,159,42,28]
stat.node.2.injector.request_gbps = 3.10059
stat.node.2.injector.response_gbps = 0.340187
stat.node.2.injector.aggregate_gbps = 3.44078
stat.node.6.util.dram_avg = 1.5412e-05
stat.node.6.walltime_s = 142.671
stat.node.6.active_time_s = 25.1189
stat.node.2.llc.cxl_miss = 800
stat.node.2.llc.total_miss = 800
stat.node.2.llc.avg_miss_lat = 674.975
stat.node.2.llc.avg_cxl_lat = 674.975
stat.node.2.llc.miss_lat_hist_bin_ns = 10
stat.node.2.llc.miss_lat_hist = [0,0,0,0,0,0,0,0,0,0,0,0,0,0,0,0,0,0,0,0,0,0,0,0,0,0,442,16,66,29,48,140,21,37,1]
stat.node.2.util.dram_avg = 1.5412e-05
stat.node.2.walltime_s = 142.671
stat.node.2.active_time_s = 18.3543
stat.node.7.cpu.0.load_issue_to_complete_count = 799
stat.node.7.cpu.0.avg_load_issue_to_complete_lat = 847.827
stat.node.7.injector.phase_cycles = 679105
stat.node.7.injector.request_bytes = 109664
stat.node.7.injector.response_bytes = 12032
stat.node.7.injector.aggregate_bytes = 121696
stat.node.7.injector.request_gbps = 3.10048
stat.node.7.injector.response_gbps = 0.340175
stat.node.7.injector.aggregate_gbps = 3.44065
stat.node.7.llc.cxl_miss = 800
stat.node.7.llc.total_miss = 800
stat.node.7.llc.avg_miss_lat = 675.038
stat.node.7.llc.avg_cxl_lat = 675.038
stat.node.7.llc.miss_lat_hist_bin_ns = 10
stat.node.7.llc.miss_lat_hist = [0,0,0,0,0,0,0,0,0,0,0,0,0,0,0,0,0,0,0,0,0,0,0,0,0,0,444,15,70,24,34,154,22,37]
stat.node.7.util.dram_avg = 1.54118e-05
stat.node.7.walltime_s = 142.655
stat.node.7.active_time_s = 19.0532
stat.node.0.cpu.0.load_issue_to_complete_count = 799
stat.node.0.cpu.0.avg_load_issue_to_complete_lat = 848.834
stat.node.0.injector.phase_cycles = 679909
stat.node.0.injector.request_bytes = 109792
stat.node.0.injector.response_bytes = 12032
stat.node.0.injector.aggregate_bytes = 121824
stat.node.0.injector.request_gbps = 3.10042
stat.node.0.injector.response_gbps = 0.339773
stat.node.0.injector.aggregate_gbps = 3.4402
stat.node.0.llc.cxl_miss = 800
stat.node.0.llc.total_miss = 800
stat.node.0.llc.avg_miss_lat = 675.939
stat.node.0.llc.avg_cxl_lat = 675.939
stat.node.0.llc.miss_lat_hist_bin_ns = 10
stat.node.0.llc.miss_lat_hist = [0,0,0,0,0,0,0,0,0,0,0,0,0,0,0,0,0,0,0,0,0,0,0,0,0,0,434,23,70,17,29,172,24,31]
stat.node.0.util.dram_avg = 1.54078e-05
stat.node.0.walltime_s = 142.68
stat.node.0.active_time_s = 22.4408
stat.pool.102.util.mem_avg = 0.0952507
stat.pool.102.util.req_link_avg = 0.509755
stat.pool.102.walltime_s = 142.664
stat.pool.102.active_time_s = 0.528486
stat.pool.101.util.mem_avg = 0.0952507
stat.pool.101.util.req_link_avg = 0.509755
stat.pool.101.walltime_s = 142.664
stat.pool.101.active_time_s = 0.490777
stat.pool.100.util.mem_avg = 0.0952532
stat.pool.100.util.req_link_avg = 0.509757
stat.pool.100.walltime_s = 142.664
stat.pool.100.active_time_s = 0.540497
stat.switch.replicated_messages = 93000
stat.switch.util.node_ingress_avg = 0.0667842
stat.switch.util.pool_ingress_avg = 0.097861
stat.switch.bw.host_to_switch_gbps = 3.28322
stat.switch.bw.switch_to_host_gbps = 1.80377
stat.switch.bw.host_link_total_gbps = 5.08699
stat.switch.walltime_s = 142.664
stat.switch.active_time_s = 2.49229
Simulation is complete, simulated time: 649.54 us
