stat.node.0.cpu.0.retired = 872
stat.node.0.cpu.0.cycles = 1000000
stat.node.1.cpu.0.retired = 869
stat.node.1.cpu.0.cycles = 1000000
stat.node.2.cpu.0.retired = 866
stat.node.2.cpu.0.cycles = 1000000
stat.node.3.cpu.0.retired = 871
stat.node.3.cpu.0.cycles = 1000000
stat.node.4.cpu.0.retired = 866
stat.node.4.cpu.0.cycles = 1000000
stat.node.5.cpu.0.retired = 872
stat.node.5.cpu.0.cycles = 1000000
stat.node.6.cpu.0.retired = 871
stat.node.6.cpu.0.cycles = 1000000
stat.node.7.cpu.0.retired = 874
stat.node.7.cpu.0.cycles = 1000000
stat.node.7.cpu.0.load_issue_to_complete_count = 799
stat.node.7.cpu.0.avg_load_issue_to_complete_lat = 880.817
stat.node.7.injector.phase_cycles = 705547
stat.node.7.injector.request_bytes = 150528
stat.node.7.injector.response_bytes = 401344
stat.node.7.injector.aggregate_bytes = 551872
stat.node.7.injector.request_gbps = 4.09631
stat.node.7.injector.response_gbps = 10.9217
stat.node.7.injector.aggregate_gbps = 15.0181
stat.node.7.llc.cxl_miss = 800
stat.node.7.llc.total_miss = 800
stat.node.7.llc.avg_miss_lat = 707.452
stat.node.7.llc.avg_cxl_lat = 707.452
stat.node.7.llc.miss_lat_hist_bin_ns = 10
stat.node.7.llc.miss_lat_hist = [0,0,0,0,0,0,0,0,0,0,0,0,0,0,0,0,0,0,0,0,0,0,0,0,0,0,217,26,100,176,39,73,89,51,29]
stat.node.7.util.dram_avg = 1.46444e-05
stat.node.7.walltime_s = 265.061
stat.node.7.active_time_s = 25.611
stat.node.3.cpu.0.load_issue_to_complete_count = 799
stat.node.3.cpu.0.avg_load_issue_to_complete_lat = 879.416
stat.node.3.injector.phase_cycles = 704427
stat.node.3.injector.request_bytes = 150248
stat.node.3.injector.response_bytes = 400768
stat.node.3.injector.aggregate_bytes = 551016
stat.node.3.injector.request_gbps = 4.09519
stat.node.3.injector.response_gbps = 10.9234
stat.node.3.injector.aggregate_gbps = 15.0186
stat.node.3.llc.cxl_miss = 800
stat.node.3.llc.total_miss = 800
stat.node.3.llc.avg_miss_lat = 705.93
stat.node.3.llc.avg_cxl_lat = 705.93
stat.node.3.llc.miss_lat_hist_bin_ns = 10
stat.node.3.llc.miss_lat_hist = [0,0,0,0,0,0,0,0,0,0,0,0,0,0,0,0,0,0,0,0,0,0,0,0,0,0,215,52,72,171,47,63,129,50,1]
stat.node.3.util.dram_avg = 1.46383e-05
stat.node.3.walltime_s = 265.275
stat.node.3.active_time_s = 23.783
stat.node.5.cpu.0.load_issue_to_complete_count = 799
stat.node.5.cpu.0.avg_load_issue_to_complete_lat = 880.79
stat.node.5.injector.phase_cycles = 705547
stat.node.5.injector.request_bytes = 150528
stat.node.5.injector.response_bytes = 401408
stat.node.5.injector.aggregate_bytes = 551936
stat.node.5.injector.request_gbps = 4.09631
stat.node.5.injector.response_gbps = 10.9235
stat.node.5.injector.aggregate_gbps = 15.0198
stat.node.5.llc.cxl_miss = 800
stat.node.5.llc.total_miss = 800
stat.node.5.llc.avg_miss_lat = 707.11
stat.node.5.llc.avg_cxl_lat = 707.11
stat.node.5.llc.miss_lat_hist_bin_ns = 10
stat.node.5.llc.miss_lat_hist = [0,0,0,0,0,0,0,0,0,0,0,0,0,0,0,0,0,0,0,0,0,0,0,0,0,0,234,25,101,143,38,66,107,86]
stat.node.5.util.dram_avg = 1.46366e-05
stat.node.5.walltime_s = 265.28
stat.node.5.active_time_s = 23.8053
stat.node.0.cpu.0.load_issue_to_complete_count = 799
stat.node.0.cpu.0.avg_load_issue_to_complete_lat = 881.105
stat.node.0.injector.phase_cycles = 705777
stat.node.0.injector.request_bytes = 150608
stat.node.0.injector.response_bytes = 401536
stat.node.0.injector.aggregate_bytes = 552144
stat.node.0.injector.request_gbps = 4.09715
stat.node.0.injector.response_gbps = 10.9234
stat.node.0.injector.aggregate_gbps = 15.0206
stat.node.0.llc.cxl_miss = 800
stat.node.0.llc.total_miss = 800
stat.node.0.llc.avg_miss_lat = 707.298
stat.node.0.llc.avg_cxl_lat = 707.298
stat.node.0.llc.miss_lat_hist_bin_ns = 10
stat.node.0.llc.miss_lat_hist = [0,0,0,0,0,0,0,0,0,0,0,0,0,0,0,0,0,0,0,0,0,0,0,0,0,0,229,35,79,173,21,51,154,55,3]
stat.node.0.util.dram_avg = 1.46343e-05
stat.node.0.walltime_s = 265.301
stat.node.0.active_time_s = 22.1704
stat.node.6.cpu.0.load_issue_to_complete_count = 799
stat.node.6.cpu.0.avg_load_issue_to_complete_lat = 882.259
stat.node.6.injector.phase_cycles = 706677
stat.node.6.injector.request_bytes = 150800
stat.node.6.injector.response_bytes = 402048
stat.node.6.injector.aggregate_bytes = 552848
stat.node.6.injector.request_gbps = 4.09715
stat.node.6.injector.response_gbps = 10.9234
stat.node.6.injector.aggregate_gbps = 15.0206
stat.node.6.llc.cxl_miss = 800
stat.node.6.llc.total_miss = 800
stat.node.6.llc.avg_miss_lat = 708.321
stat.node.6.llc.avg_cxl_lat = 708.321
stat.node.6.llc.miss_lat_hist_bin_ns = 10
stat.node.6.llc.miss_lat_hist = [0,0,0,0,0,0,0,0,0,0,0,0,0,0,0,0,0,0,0,0,0,0,0,0,0,0,201,62,85,152,46,41,143,69,1]
stat.node.6.util.dram_avg = 1.46183e-05
stat.node.6.walltime_s = 265.384
stat.node.6.active_time_s = 22.9734
stat.node.1.cpu.0.load_issue_to_complete_count = 799
stat.node.1.cpu.0.avg_load_issue_to_complete_lat = 886.886
stat.node.1.injector.phase_cycles = 710393
stat.node.1.injector.request_bytes = 151576
stat.node.1.injector.response_bytes = 404160
stat.node.1.injector.aggregate_bytes = 555736
stat.node.1.injector.request_gbps = 4.09669
stat.node.1.injector.response_gbps = 10.9234
stat.node.1.injector.aggregate_gbps = 15.02
stat.node.1.llc.cxl_miss = 800
stat.node.1.llc.total_miss = 800
stat.node.1.llc.avg_miss_lat = 713.1
stat.node.1.llc.avg_cxl_lat = 713.1
stat.node.1.llc.miss_lat_hist_bin_ns = 10
stat.node.1.llc.miss_lat_hist = [0,0,0,0,0,0,0,0,0,0,0,0,0,0,0,0,0,0,0,0,0,0,0,0,0,0,116,111,114,162,36,94,111,54,2]
stat.node.1.util.dram_avg = 1.45695e-05
stat.node.1.walltime_s = 266.032
stat.node.1.active_time_s = 24.912
stat.node.2.cpu.0.load_issue_to_complete_count = 799
stat.node.2.cpu.0.avg_load_issue_to_complete_lat = 904.507
stat.node.2.injector.phase_cycles = 724497
stat.node.2.injector.request_bytes = 154560
stat.node.2.injector.response_bytes = 412160
stat.node.2.injector.aggregate_bytes = 566720
stat.node.2.injector.request_gbps = 4.09602
stat.node.2.injector.response_gbps = 10.9227
stat.node.2.injector.aggregate_gbps = 15.0187
stat.node.2.llc.cxl_miss = 800
stat.node.2.llc.total_miss = 800
stat.node.2.llc.avg_miss_lat = 730.115
stat.node.2.llc.avg_cxl_lat = 730.115
stat.node.2.llc.miss_lat_hist_bin_ns = 10
stat.node.2.llc.miss_lat_hist = [0,0,0,0,0,0,0,0,0,0,0,0,0,0,0,0,0,0,0,0,0,0,0,0,0,0,148,31,138,120,27,75,58,84,30,89]
stat.node.2.util.dram_avg = 1.44263e-05
stat.node.2.walltime_s = 268.17
stat.node.2.active_time_s = 26.5649
stat.node.4.cpu.0.load_issue_to_complete_count = 799
stat.node.4.cpu.0.avg_load_issue_to_complete_lat = 905.661
stat.node.4.injector.phase_cycles = 725397
stat.node.4.injector.request_bytes = 154752
stat.node.4.injector.response_bytes = 412672
stat.node.4.injector.aggregate_bytes = 567424
stat.node.4.injector.request_gbps = 4.09602
stat.node.4.injector.response_gbps = 10.9227
stat.node.4.injector.aggregate_gbps = 15.0187
stat.node.4.llc.cxl_miss = 800
stat.node.4.llc.total_miss = 800
stat.node.4.llc.avg_miss_lat = 731.309
stat.node.4.llc.avg_cxl_lat = 731.309
stat.node.4.llc.miss_lat_hist_bin_ns = 10
stat.node.4.llc.miss_lat_hist = [0,0,0,0,0,0,0,0,0,0,0,0,0,0,0,0,0,0,0,0,0,0,0,0,0,0,117,49,125,140,44,51,91,71,25,87]
stat.node.4.util.dram_avg = 1.44224e-05
stat.node.4.walltime_s = 268.203
stat.pool.103.util.mem_avg = 0.151187
stat.pool.103.util.req_link_avg = 0.506882
stat.pool.103.walltime_s = 268.204
stat.pool.103.active_time_s = 0.699617
stat.pool.102.util.mem_avg = 0.151187
stat.pool.102.util.req_link_avg = 0.506882
stat.pool.102.walltime_s = 268.204
stat.pool.102.active_time_s = 0.722629
stat.pool.101.util.mem_avg = 0.151188
stat.pool.101.util.req_link_avg = 0.506884
stat.pool.101.walltime_s = 268.204
stat.pool.101.active_time_s = 0.7225
stat.pool.100.util.mem_avg = 0.151189
stat.pool.100.util.req_link_avg = 0.506884
stat.pool.100.walltime_s = 268.204
stat.pool.100.active_time_s = 0.766596
stat.switch.replicated_messages = 118304
stat.switch.util.node_ingress_avg = 0.0868406
stat.switch.util.pool_ingress_avg = 0.500669
stat.switch.bw.host_to_switch_gbps = 4.26848
stat.switch.bw.switch_to_host_gbps = 12.3047
stat.switch.bw.host_link_total_gbps = 16.5732
stat.switch.walltime_s = 268.204
stat.switch.active_time_s = 3.49687
stat.node.4.active_time_s = 23.6148
Simulation is complete, simulated time: 693.921 us
