stat.node.0.cpu.0.retired = 735
stat.node.0.cpu.0.cycles = 1000000
stat.node.1.cpu.0.retired = 734
stat.node.2.cpu.0.retired = 697
stat.node.2.cpu.0.cycles = 1000000
stat.node.3.cpu.0.retired = 732
stat.node.3.cpu.0.cycles = 1000000
stat.node.4.cpu.0.retired = 692
stat.node.4.cpu.0.cycles = 1000000
stat.node.5.cpu.0.retired = 737
stat.node.5.cpu.0.cycles = 1000000
stat.node.6.cpu.0.retired = 733
stat.node.6.cpu.0.cycles = 1000000
stat.node.7.cpu.0.retired = 735
stat.node.7.cpu.0.cycles = 1000000
stat.node.1.cpu.0.cycles = 1000000
stat.node.5.cpu.0.load_issue_to_complete_count = 799
stat.node.5.cpu.0.avg_load_issue_to_complete_lat = 1069.71
stat.node.5.injector.phase_cycles = 856553
stat.node.5.injector.request_bytes = 276160
stat.node.5.injector.response_bytes = 30272
stat.node.5.injector.aggregate_bytes = 306432
stat.node.5.injector.request_gbps = 6.19024
stat.node.5.injector.response_gbps = 0.67856
stat.node.5.injector.aggregate_gbps = 6.8688
stat.node.5.llc.cxl_miss = 800
stat.node.5.llc.total_miss = 800
stat.node.5.llc.avg_miss_lat = 893.706
stat.node.5.llc.avg_cxl_lat = 893.706
stat.node.5.llc.miss_lat_hist_bin_ns = 10
stat.node.5.llc.miss_lat_hist = [0,0,0,0,0,0,0,0,0,0,0,0,0,0,0,0,0,0,0,0,0,0,0,0,0,0,0,0,0,0,0,0,33,181,24,1,10,130,163,223,34,1]
stat.node.5.util.dram_avg = 1.24539e-05
stat.node.5.walltime_s = 251.913
stat.node.5.active_time_s = 24.835
stat.node.0.cpu.0.load_issue_to_complete_count = 799
stat.node.0.cpu.0.avg_load_issue_to_complete_lat = 1070.72
stat.node.0.injector.phase_cycles = 857509
stat.node.0.injector.request_bytes = 276488
stat.node.0.injector.response_bytes = 30272
stat.node.0.injector.aggregate_bytes = 306760
stat.node.0.injector.request_gbps = 6.19069
stat.node.0.injector.response_gbps = 0.677803
stat.node.0.injector.aggregate_gbps = 6.86849
stat.node.0.llc.cxl_miss = 800
stat.node.0.llc.total_miss = 800
stat.node.0.llc.avg_miss_lat = 894.883
stat.node.0.llc.avg_cxl_lat = 894.883
stat.node.0.llc.miss_lat_hist_bin_ns = 10
stat.node.0.llc.miss_lat_hist = [0,0,0,0,0,0,0,0,0,0,0,0,0,0,0,0,0,0,0,0,0,0,0,0,0,0,0,0,0,0,0,0,7,86,126,18,51,168,97,217,29,1]
stat.node.0.util.dram_avg = 1.24305e-05
stat.node.0.walltime_s = 252.304
stat.node.0.active_time_s = 28.4436
stat.node.1.cpu.0.load_issue_to_complete_count = 799
stat.node.1.cpu.0.avg_load_issue_to_complete_lat = 1070.44
stat.node.1.injector.phase_cycles = 857287
stat.node.1.injector.request_bytes = 276424
stat.node.1.injector.response_bytes = 30336
stat.node.1.injector.aggregate_bytes = 306760
stat.node.1.injector.request_gbps = 6.19086
stat.node.1.injector.response_gbps = 0.679412
stat.node.1.injector.aggregate_gbps = 6.87027
stat.node.1.llc.cxl_miss = 800
stat.node.1.llc.total_miss = 800
stat.node.1.llc.avg_miss_lat = 894.725
stat.node.1.llc.avg_cxl_lat = 894.725
stat.node.1.llc.miss_lat_hist_bin_ns = 10
stat.node.1.llc.miss_lat_hist = [0,0,0,0,0,0,0,0,0,0,0,0,0,0,0,0,0,0,0,0,0,0,0,0,0,0,0,0,0,0,0,0,1,97,108,42,43,162,124,192,26,5]
stat.node.1.util.dram_avg = 1.24242e-05
stat.node.1.walltime_s = 252.356
stat.node.1.active_time_s = 23.9714
stat.node.6.cpu.0.load_issue_to_complete_count = 799
stat.node.6.cpu.0.avg_load_issue_to_complete_lat = 1072.99
stat.node.6.injector.phase_cycles = 859300
stat.node.6.injector.request_bytes = 277008
stat.node.6.injector.response_bytes = 30336
stat.node.6.injector.aggregate_bytes = 307344
stat.node.6.injector.request_gbps = 6.1894
stat.node.6.injector.response_gbps = 0.677821
stat.node.6.injector.aggregate_gbps = 6.86722
stat.node.6.llc.cxl_miss = 800
stat.node.6.llc.total_miss = 800
stat.node.6.llc.avg_miss_lat = 897.085
stat.node.6.llc.avg_cxl_lat = 897.085
stat.node.6.llc.miss_lat_hist_bin_ns = 10
stat.node.6.llc.miss_lat_hist = [0,0,0,0,0,0,0,0,0,0,0,0,0,0,0,0,0,0,0,0,0,0,0,0,0,0,0,0,0,0,0,0,8,49,55,118,152,62,108,213,32,3]
stat.node.6.util.dram_avg = 1.24085e-05
stat.node.6.walltime_s = 252.704
stat.node.6.active_time_s = 27.5136
stat.node.3.cpu.0.load_issue_to_complete_count = 799
stat.node.3.cpu.0.avg_load_issue_to_complete_lat = 1074.59
stat.node.3.injector.phase_cycles = 860506
stat.node.3.injector.request_bytes = 277472
stat.node.3.injector.response_bytes = 30400
stat.node.3.injector.aggregate_bytes = 307872
stat.node.3.injector.request_gbps = 6.19108
stat.node.3.injector.response_gbps = 0.678299
stat.node.3.injector.aggregate_gbps = 6.86938
stat.node.3.llc.cxl_miss = 800
stat.node.3.llc.total_miss = 800
stat.node.3.llc.avg_miss_lat = 898.739
stat.node.3.llc.avg_cxl_lat = 898.739
stat.node.3.llc.miss_lat_hist_bin_ns = 10
stat.node.3.llc.miss_lat_hist = [0,0,0,0,0,0,0,0,0,0,0,0,0,0,0,0,0,0,0,0,0,0,0,0,0,0,0,0,0,0,0,0,2,55,60,109,118,93,132,187,37,6,0,1]
stat.node.3.util.dram_avg = 1.23952e-05
stat.node.3.walltime_s = 252.875
stat.node.3.active_time_s = 31.3113
stat.node.7.cpu.0.load_issue_to_complete_count = 799
stat.node.7.cpu.0.avg_load_issue_to_complete_lat = 1080.29
stat.node.7.injector.phase_cycles = 865163
stat.node.7.injector.request_bytes = 278952
stat.node.7.injector.response_bytes = 30592
stat.node.7.injector.aggregate_bytes = 309544
stat.node.7.injector.request_gbps = 6.1906
stat.node.7.injector.response_gbps = 0.678908
stat.node.7.injector.aggregate_gbps = 6.86951
stat.node.7.llc.cxl_miss = 800
stat.node.7.llc.total_miss = 800
stat.node.7.llc.avg_miss_lat = 905.144
stat.node.7.llc.avg_cxl_lat = 905.144
stat.node.7.llc.miss_lat_hist_bin_ns = 10
stat.node.7.llc.miss_lat_hist = [0,0,0,0,0,0,0,0,0,0,0,0,0,0,0,0,0,0,0,0,0,0,0,0,0,0,0,0,0,0,0,0,135,53,4,0,1,20,192,359,34,0,2]
stat.node.7.util.dram_avg = 1.2384e-05
stat.node.7.walltime_s = 252.972
stat.node.7.active_time_s = 28.1646
stat.node.3.cpu.0.retired = 1660
stat.node.3.cpu.0.cycles = 2000000
stat.node.2.cpu.0.retired = 1577
stat.node.2.cpu.0.cycles = 2000000
stat.node.6.cpu.0.retired = 1661
stat.node.4.cpu.0.retired = 1567
stat.node.4.cpu.0.cycles = 2000000
stat.node.0.cpu.0.retired = 1664
stat.node.0.cpu.0.cycles = 2000000
stat.node.1.cpu.0.retired = 1663
stat.node.1.cpu.0.cycles = 2000000
stat.node.7.cpu.0.retired = 1657
stat.node.7.cpu.0.cycles = 2000000
stat.node.5.cpu.0.retired = 1667
stat.node.5.cpu.0.cycles = 2000000
stat.node.6.cpu.0.cycles = 2000000
stat.node.2.cpu.0.load_issue_to_complete_count = 799
stat.node.2.cpu.0.avg_load_issue_to_complete_lat = 1123.1
stat.node.2.injector.phase_cycles = 899366
stat.node.2.injector.request_bytes = 289992
stat.node.2.injector.response_bytes = 31744
stat.node.2.injector.aggregate_bytes = 321736
stat.node.2.injector.request_gbps = 6.19086
stat.node.2.injector.response_gbps = 0.677683
stat.node.2.injector.aggregate_gbps = 6.86854
stat.node.2.llc.cxl_miss = 800
stat.node.2.llc.total_miss = 800
stat.node.2.llc.avg_miss_lat = 946.315
stat.node.2.llc.avg_cxl_lat = 946.315
stat.node.2.llc.miss_lat_hist_bin_ns = 10
stat.node.2.llc.miss_lat_hist = [0,0,0,0,0,0,0,0,0,0,0,0,0,0,0,0,0,0,0,0,0,0,0,0,0,0,0,0,0,0,0,0,29,0,0,0,0,1,63,548,157,2]
stat.node.2.util.dram_avg = 1.18583e-05
stat.node.2.walltime_s = 263.962
stat.node.2.active_time_s = 27.1287
stat.node.4.cpu.0.load_issue_to_complete_count = 799
stat.node.4.cpu.0.avg_load_issue_to_complete_lat = 1129.91
stat.node.4.injector.phase_cycles = 904803
stat.node.4.injector.request_bytes = 291736
stat.node.4.injector.response_bytes = 32000
stat.node.4.injector.aggregate_bytes = 323736
stat.node.4.injector.request_gbps = 6.19066
stat.node.4.injector.response_gbps = 0.679043
stat.node.4.injector.aggregate_gbps = 6.86971
stat.node.4.llc.cxl_miss = 800
stat.node.4.llc.total_miss = 800
stat.node.4.llc.avg_miss_lat = 952.826
stat.node.4.llc.avg_cxl_lat = 952.826
stat.node.4.llc.miss_lat_hist_bin_ns = 10
stat.node.4.llc.miss_lat_hist = [0,0,0,0,0,0,0,0,0,0,0,0,0,0,0,0,0,0,0,0,0,0,0,0,0,0,0,0,0,0,0,0,3,0,0,0,1,4,42,576,165,8,1]
stat.node.4.util.dram_avg = 1.17891e-05
stat.node.4.walltime_s = 265.602
stat.node.4.active_time_s = 30.5718
stat.pool.105.util.mem_avg = 0.166948
stat.pool.105.util.req_link_avg = 0.999759
stat.pool.105.walltime_s = 265.602
stat.pool.105.active_time_s = 0.688894
stat.pool.104.util.mem_avg = 0.166948
stat.pool.104.util.req_link_avg = 0.999759
stat.pool.104.walltime_s = 265.602
stat.pool.104.active_time_s = 0.70299
stat.pool.103.util.mem_avg = 0.166946
stat.pool.103.util.req_link_avg = 0.999759
stat.pool.103.walltime_s = 265.602
stat.pool.103.active_time_s = 0.853748
stat.pool.102.util.mem_avg = 0.166946
stat.pool.102.util.req_link_avg = 0.999759
stat.pool.102.walltime_s = 265.602
stat.pool.102.active_time_s = 0.833884
stat.pool.101.util.mem_avg = 0.166948
stat.pool.101.util.req_link_avg = 0.99976
stat.pool.101.walltime_s = 265.602
stat.pool.101.active_time_s = 0.806609
stat.pool.100.util.mem_avg = 0.166948
stat.pool.100.util.req_link_avg = 0.99976
stat.pool.100.walltime_s = 265.602
stat.pool.100.active_time_s = 0.828988
stat.switch.replicated_messages = 485508
stat.switch.util.node_ingress_avg = 0.128898
stat.switch.util.pool_ingress_avg = 0.049974
stat.switch.bw.host_to_switch_gbps = 6.33577
stat.switch.bw.switch_to_host_gbps = 1.84219
stat.switch.bw.host_link_total_gbps = 8.17796
stat.switch.walltime_s = 265.602
stat.switch.active_time_s = 4.69966
Simulation is complete, simulated time: 848.919 us
