stat.node.4.cpu.0.retired = 802
stat.node.4.cpu.0.cycles = 1000000
stat.node.5.cpu.0.retired = 802
stat.node.5.cpu.0.cycles = 1000000
stat.node.6.cpu.0.retired = 802
stat.node.6.cpu.0.cycles = 1000000
stat.node.7.cpu.0.retired = 802
stat.node.7.cpu.0.cycles = 1000000
stat.node.0.cpu.0.retired = 802
stat.node.0.cpu.0.cycles = 1000000
stat.node.1.cpu.0.retired = 802
stat.node.2.cpu.0.retired = 802
stat.node.2.cpu.0.cycles = 1000000
stat.node.3.cpu.0.retired = 802
stat.node.3.cpu.0.cycles = 1000000
stat.node.1.cpu.0.cycles = 1000000
stat.node.4.cpu.0.load_issue_to_complete_count = 799
stat.node.4.cpu.0.avg_load_issue_to_complete_lat = 947.043
stat.node.4.injector.phase_cycles = 758513
stat.node.4.injector.request_bytes = 248544
stat.node.4.injector.response_bytes = 101120
stat.node.4.injector.aggregate_bytes = 349664
stat.node.4.injector.request_gbps = 6.29132
stat.node.5.cpu.0.load_issue_to_complete_count = 799
stat.node.5.cpu.0.avg_load_issue_to_complete_lat = 947.044
stat.node.5.injector.phase_cycles = 758514
stat.node.5.injector.request_bytes = 248544
stat.node.5.injector.response_bytes = 101120
stat.node.5.injector.aggregate_bytes = 349664
stat.node.5.injector.request_gbps = 6.29131
stat.node.5.injector.response_gbps = 2.55962
stat.node.5.injector.aggregate_gbps = 8.85092
stat.node.5.llc.cxl_miss = 800
stat.node.5.llc.total_miss = 800
stat.node.5.llc.avg_miss_lat = 772.984
stat.node.5.llc.avg_cxl_lat = 772.984
stat.node.5.llc.miss_lat_hist_bin_ns = 10
stat.node.5.llc.miss_lat_hist = [0,0,0,0,0,0,0,0,0,0,0,0,0,0,0,0,0,0,0,0,0,0,0,0,0,0,0,0,0,1,18,137,547,97]
stat.node.5.util.dram_avg = 1.36677e-05
stat.node.5.walltime_s = 277.1
stat.node.5.active_time_s = 23.672
stat.node.6.cpu.0.load_issue_to_complete_count = 799
stat.node.6.cpu.0.avg_load_issue_to_complete_lat = 947.044
stat.node.6.injector.phase_cycles = 758514
stat.node.6.injector.request_bytes = 248544
stat.node.6.injector.response_bytes = 101120
stat.node.6.injector.aggregate_bytes = 349664
stat.node.6.injector.request_gbps = 6.29131
stat.node.6.injector.response_gbps = 2.55962
stat.node.6.injector.aggregate_gbps = 8.85092
stat.node.6.llc.cxl_miss = 800
stat.node.6.llc.total_miss = 800
stat.node.6.llc.avg_miss_lat = 772.924
stat.node.6.llc.avg_cxl_lat = 772.924
stat.node.6.llc.miss_lat_hist_bin_ns = 10
stat.node.6.llc.miss_lat_hist = [0,0,0,0,0,0,0,0,0,0,0,0,0,0,0,0,0,0,0,0,0,0,0,0,0,0,0,0,0,7,51,106,532,60,44]
stat.node.6.util.dram_avg = 1.36677e-05
stat.node.6.walltime_s = 277.1
stat.node.6.active_time_s = 24.4023
stat.node.4.injector.response_gbps = 2.55962
stat.node.4.injector.aggregate_gbps = 8.85093
stat.node.4.llc.cxl_miss = 800
stat.node.4.llc.total_miss = 800
stat.node.4.llc.avg_miss_lat = 772.915
stat.node.4.llc.avg_cxl_lat = 772.915
stat.node.4.llc.miss_lat_hist_bin_ns = 10
stat.node.4.llc.miss_lat_hist = [0,0,0,0,0,0,0,0,0,0,0,0,0,0,0,0,0,0,0,0,0,0,0,0,0,0,0,0,0,0,8,114,629,49]
stat.node.4.util.dram_avg = 1.36677e-05
stat.node.4.walltime_s = 277.099
stat.node.4.active_time_s = 28.9819
stat.node.2.cpu.0.load_issue_to_complete_count = 799
stat.node.2.cpu.0.avg_load_issue_to_complete_lat = 947.043
stat.node.2.injector.phase_cycles = 758513
stat.node.2.injector.request_bytes = 248544
stat.node.2.injector.response_bytes = 101120
stat.node.2.injector.aggregate_bytes = 349664
stat.node.7.cpu.0.load_issue_to_complete_count = 799
stat.node.7.cpu.0.avg_load_issue_to_complete_lat = 947.044
stat.node.3.cpu.0.load_issue_to_complete_count = 799
stat.node.7.injector.phase_cycles = 758514
stat.node.7.injector.request_bytes = 248544
stat.node.7.injector.response_bytes = 101120
stat.node.7.injector.aggregate_bytes = 349664
stat.node.7.injector.request_gbps = 6.29131
stat.node.7.injector.response_gbps = 2.55962
stat.node.7.injector.aggregate_gbps = 8.85092
stat.node.2.injector.request_gbps = 6.29132
stat.node.2.injector.response_gbps = 2.55962
stat.node.2.injector.aggregate_gbps = 8.85093
stat.node.2.llc.cxl_miss = 800
stat.node.2.llc.total_miss = 800
stat.node.2.llc.avg_miss_lat = 772.951
stat.node.2.llc.avg_cxl_lat = 772.951
stat.node.2.llc.miss_lat_hist_bin_ns = 10
stat.node.2.llc.miss_lat_hist = [0,0,0,0,0,0,0,0,0,0,0,0,0,0,0,0,0,0,0,0,0,0,0,0,0,0,0,0,4,47,71,60,496,10,68,44]
stat.node.2.util.dram_avg = 1.36675e-05
stat.node.2.walltime_s = 277.117
stat.node.2.active_time_s = 31.5268
stat.node.7.llc.cxl_miss = 800
stat.node.7.llc.total_miss = 800
stat.node.7.llc.avg_miss_lat = 772.946
stat.node.7.llc.avg_cxl_lat = 772.946
stat.node.7.llc.miss_lat_hist_bin_ns = 10
stat.node.7.llc.miss_lat_hist = [0,0,0,0,0,0,0,0,0,0,0,0,0,0,0,0,0,0,0,0,0,0,0,0,0,0,0,0,4,31,86,61,496,9,87,26]
stat.node.7.util.dram_avg = 1.36675e-05
stat.node.7.walltime_s = 277.117
stat.node.7.active_time_s = 21.7786
stat.node.3.cpu.0.avg_load_issue_to_complete_lat = 947.044
stat.node.3.injector.phase_cycles = 758514
stat.node.3.injector.request_bytes = 248544
stat.node.3.injector.response_bytes = 101120
stat.node.3.injector.aggregate_bytes = 349664
stat.node.3.injector.request_gbps = 6.29131
stat.node.3.injector.response_gbps = 2.55962
stat.node.3.injector.aggregate_gbps = 8.85092
stat.node.3.llc.cxl_miss = 800
stat.node.3.llc.total_miss = 800
stat.node.3.llc.avg_miss_lat = 772.952
stat.node.3.llc.avg_cxl_lat = 772.952
stat.node.3.llc.miss_lat_hist_bin_ns = 10
stat.node.3.llc.miss_lat_hist = [0,0,0,0,0,0,0,0,0,0,0,0,0,0,0,0,0,0,0,0,0,0,0,0,0,0,0,0,5,92,26,61,489,8,36,82,1]
stat.node.3.util.dram_avg = 1.36675e-05
stat.node.3.walltime_s = 277.117
stat.node.3.active_time_s = 24.9369
stat.node.0.cpu.0.load_issue_to_complete_count = 799
stat.node.0.cpu.0.avg_load_issue_to_complete_lat = 947.043
stat.node.0.injector.phase_cycles = 758513
stat.node.0.injector.request_bytes = 248544
stat.node.0.injector.response_bytes = 101120
stat.node.0.injector.aggregate_bytes = 349664
stat.node.0.injector.request_gbps = 6.29132
stat.node.0.injector.response_gbps = 2.55962
stat.node.0.injector.aggregate_gbps = 8.85093
stat.node.0.llc.cxl_miss = 800
stat.node.0.llc.total_miss = 800
stat.node.0.llc.avg_miss_lat = 772.952
stat.node.0.llc.avg_cxl_lat = 772.952
stat.node.0.llc.miss_lat_hist_bin_ns = 10
stat.node.0.llc.miss_lat_hist = [0,0,0,0,0,0,0,0,0,0,0,0,0,0,0,0,0,0,0,0,0,0,0,0,0,0,0,0,7,90,25,60,496,3,32,86,1]
stat.node.0.util.dram_avg = 1.36673e-05
stat.node.0.walltime_s = 277.117
stat.node.0.active_time_s = 25.1814
stat.node.1.cpu.0.load_issue_to_complete_count = 799
stat.node.1.cpu.0.avg_load_issue_to_complete_lat = 947.044
stat.node.1.injector.phase_cycles = 758514
stat.node.1.injector.request_bytes = 248544
stat.node.1.injector.response_bytes = 101120
stat.node.1.injector.aggregate_bytes = 349664
stat.node.1.injector.request_gbps = 6.29131
stat.node.1.injector.response_gbps = 2.55962
stat.node.1.injector.aggregate_gbps = 8.85092
stat.node.1.llc.cxl_miss = 800
stat.node.1.llc.total_miss = 800
stat.node.1.llc.avg_miss_lat = 772.981
stat.node.1.llc.avg_cxl_lat = 772.981
stat.node.1.llc.miss_lat_hist_bin_ns = 10
stat.node.1.llc.miss_lat_hist = [0,0,0,0,0,0,0,0,0,0,0,0,0,0,0,0,0,0,0,0,0,0,0,0,0,0,0,0,4,92,21,73,474,20,40,76]
stat.node.1.util.dram_avg = 1.36673e-05
stat.node.1.walltime_s = 277.118
stat.node.1.active_time_s = 23.6768
stat.pool.102.util.mem_avg = 0.188929
stat.pool.102.util.req_link_avg = 0.997791
stat.pool.102.walltime_s = 277.118
stat.pool.102.active_time_s = 0.667276
stat.pool.101.util.mem_avg = 0.188931
stat.pool.101.util.req_link_avg = 0.997791
stat.pool.101.walltime_s = 277.118
stat.pool.101.active_time_s = 0.699602
stat.pool.100.util.mem_avg = 0.188931
stat.pool.100.util.req_link_avg = 0.997793
stat.pool.100.walltime_s = 277.118
stat.pool.100.active_time_s = 0.652797
stat.switch.replicated_messages = 204768
stat.switch.util.node_ingress_avg = 0.13128
stat.switch.util.pool_ingress_avg = 0.209239
stat.switch.bw.host_to_switch_gbps = 6.45335
stat.switch.bw.switch_to_host_gbps = 3.8564
stat.switch.bw.host_link_total_gbps = 10.3097
stat.switch.walltime_s = 277.118
stat.switch.active_time_s = 2.82507
Simulation is complete, simulated time: 732.26 us
