stat.node.4.cpu.0.retired = 146
stat.node.4.cpu.0.cycles = 1000000
stat.node.5.cpu.0.retired = 147
stat.node.5.cpu.0.cycles = 1000000
stat.node.6.cpu.0.retired = 146
stat.node.6.cpu.0.cycles = 1000000
stat.node.7.cpu.0.retired = 145
stat.node.7.cpu.0.cycles = 1000000
stat.node.0.cpu.0.retired = 143
stat.node.0.cpu.0.cycles = 1000000
stat.node.1.cpu.0.retired = 147
stat.node.1.cpu.0.cycles = 1000000
stat.node.2.cpu.0.retired = 144
stat.node.2.cpu.0.cycles = 1000000
stat.node.3.cpu.0.retired = 145
stat.node.3.cpu.0.cycles = 1000000
stat.node.7.cpu.0.retired = 328
stat.node.7.cpu.0.cycles = 2000000
stat.node.0.cpu.0.retired = 328
stat.node.0.cpu.0.cycles = 2000000
stat.node.1.cpu.0.retired = 328
stat.node.1.cpu.0.cycles = 2000000
stat.node.2.cpu.0.retired = 330
stat.node.4.cpu.0.retired = 335
stat.node.4.cpu.0.cycles = 2000000
stat.node.5.cpu.0.retired = 336
stat.node.5.cpu.0.cycles = 2000000
stat.node.6.cpu.0.retired = 336
stat.node.6.cpu.0.cycles = 2000000
stat.node.3.cpu.0.retired = 332
stat.node.3.cpu.0.cycles = 2000000
stat.node.2.cpu.0.cycles = 2000000
stat.node.4.cpu.0.retired = 557
stat.node.4.cpu.0.cycles = 3000000
stat.node.5.cpu.0.retired = 561
stat.node.5.cpu.0.cycles = 3000000
stat.node.2.cpu.0.retired = 556
stat.node.2.cpu.0.cycles = 3000000
stat.node.6.cpu.0.retired = 559
stat.node.6.cpu.0.cycles = 3000000
stat.node.7.cpu.0.retired = 555
stat.node.7.cpu.0.cycles = 3000000
stat.node.0.cpu.0.retired = 551
stat.node.0.cpu.0.cycles = 3000000
stat.node.1.cpu.0.retired = 549
stat.node.1.cpu.0.cycles = 3000000
stat.node.3.cpu.0.retired = 558
stat.node.3.cpu.0.cycles = 3000000
stat.node.1.cpu.0.retired = 786
stat.node.1.cpu.0.cycles = 4000000
stat.node.5.cpu.0.retired = 800
stat.node.5.cpu.0.cycles = 4000000
stat.node.4.cpu.0.retired = 800
stat.node.4.cpu.0.cycles = 4000000
stat.node.3.cpu.0.retired = 796
stat.node.3.cpu.0.cycles = 4000000
stat.node.2.cpu.0.retired = 796
stat.node.2.cpu.0.cycles = 4000000
stat.node.6.cpu.0.retired = 797
stat.node.6.cpu.0.cycles = 4000000
stat.node.7.cpu.0.retired = 793
stat.node.7.cpu.0.cycles = 4000000
stat.node.0.cpu.0.retired = 788
stat.node.0.cpu.0.cycles = 4000000
stat.node.0.cpu.0.retired = 1044
stat.node.0.cpu.0.cycles = 5000000
stat.node.3.cpu.0.retired = 1055
stat.node.3.cpu.0.cycles = 5000000
stat.node.2.cpu.0.retired = 1051
stat.node.2.cpu.0.cycles = 5000000
stat.node.6.cpu.0.retired = 1047
stat.node.7.cpu.0.retired = 1047
stat.node.7.cpu.0.cycles = 5000000
stat.node.4.cpu.0.retired = 1053
stat.node.4.cpu.0.cycles = 5000000
stat.node.1.cpu.0.retired = 1041
stat.node.1.cpu.0.cycles = 5000000
stat.node.5.cpu.0.retired = 1050
stat.node.5.cpu.0.cycles = 5000000
stat.node.6.cpu.0.cycles = 5000000
stat.node.7.cpu.0.retired = 1302
stat.node.7.cpu.0.cycles = 6000000
stat.node.4.cpu.0.retired = 1307
stat.node.4.cpu.0.cycles = 6000000
stat.node.1.cpu.0.retired = 1296
stat.node.1.cpu.0.cycles = 6000000
stat.node.6.cpu.0.retired = 1300
stat.node.6.cpu.0.cycles = 6000000
stat.node.0.cpu.0.retired = 1300
stat.node.0.cpu.0.cycles = 6000000
stat.node.3.cpu.0.retired = 1308
stat.node.3.cpu.0.cycles = 6000000
stat.node.2.cpu.0.retired = 1305
stat.node.2.cpu.0.cycles = 6000000
stat.node.5.cpu.0.retired = 1302
stat.node.5.cpu.0.cycles = 6000000
stat.node.6.cpu.0.retired = 1555
stat.node.6.cpu.0.cycles = 7000000
stat.node.0.cpu.0.retired = 1558
stat.node.0.cpu.0.cycles = 7000000
stat.node.3.cpu.0.retired = 1568
stat.node.3.cpu.0.cycles = 7000000
stat.node.2.cpu.0.retired = 1561
stat.node.2.cpu.0.cycles = 7000000
stat.node.1.cpu.0.retired = 1554
stat.node.7.cpu.0.retired = 1559
stat.node.7.cpu.0.cycles = 7000000
stat.node.4.cpu.0.retired = 1568
stat.node.4.cpu.0.cycles = 7000000
stat.node.5.cpu.0.retired = 1557
stat.node.5.cpu.0.cycles = 7000000
stat.node.1.cpu.0.cycles = 7000000
stat.node.3.cpu.0.load_issue_to_complete_count = 799
stat.node.3.cpu.0.avg_load_issue_to_complete_lat = 3882.12
stat.node.3.injector.phase_cycles = 3106126
stat.node.3.injector.request_bytes = 1042040
stat.node.3.injector.response_bytes = 423872
stat.node.3.injector.aggregate_bytes = 1465912
stat.node.3.injector.request_gbps = 6.4412
stat.node.3.injector.response_gbps = 2.62009
stat.node.3.injector.aggregate_gbps = 9.06129
stat.node.3.llc.cxl_miss = 800
stat.node.3.llc.total_miss = 800
stat.node.3.llc.avg_miss_lat = 3662.27
stat.node.3.llc.avg_cxl_lat = 3662.27
stat.node.3.llc.miss_lat_hist_bin_ns = 10
stat.node.3.llc.miss_lat_hist = [0,0,0,0,0,0,0,0,0,0,0,0,0,0,0,0,0,0,0,0,0,0,0,0,0,0,0,0,0,0,0,0,0,0,0,0,0,0,0,0,0,0,0,0,0,0,0,0,0,0,0,0,0,0,0,0,0,0,0,0,0,0,0,0,0,0,0,0,0,0,0,0,0,0,0,0,0,0,0,0,0,0,0,0,0,0,0,0,0,0,0,0,0,0,0,0,0,0,1,0,0,1,0,0,1,0,0,0,1,0,1,1,1,3,1,4,1,0,4,5,1,2,4,10,3,9,8,9,9,7,8,6,13,8,20,11,11,12,10,19,12,20,9,13,11,22,16,13,16,25,20,21,13,18,18,17,15,15,14,18,17,15,13,8,22,14,8,9,24,9,9,10,5,10,9,7,6,6,7,7,4,5,1,5,3,2,1,1,9,3,0,1,2,0,0,1,0,0,3,3,0,2,2,0,0,1,1,0,0,0,0,1,1,0,0,1,0,0,0,0,0,0,0,0,0,0,0,0,0,1]
stat.node.3.util.dram_avg = 3.37084e-06
stat.node.3.walltime_s = 887.44
stat.node.3.active_time_s = 99.7249
stat.node.4.cpu.0.load_issue_to_complete_count = 799
stat.node.4.cpu.0.avg_load_issue_to_complete_lat = 3906.05
stat.node.4.injector.phase_cycles = 3125308
stat.node.4.injector.request_bytes = 1041704
stat.node.4.injector.response_bytes = 423808
stat.node.4.injector.aggregate_bytes = 1465512
stat.node.4.injector.request_gbps = 6.3996
stat.node.4.injector.response_gbps = 2.60362
stat.node.4.injector.aggregate_gbps = 9.00322
stat.node.4.llc.cxl_miss = 800
stat.node.4.llc.total_miss = 800
stat.node.4.llc.avg_miss_lat = 3683.39
stat.node.4.llc.avg_cxl_lat = 3683.39
stat.node.4.llc.miss_lat_hist_bin_ns = 10
stat.node.4.llc.miss_lat_hist = [0,0,0,0,0,0,0,0,0,0,0,0,0,0,0,0,0,0,0,0,0,0,0,0,0,0,0,0,0,0,0,0,0,0,0,0,0,0,0,0,0,0,0,0,0,0,0,0,0,0,0,0,0,0,0,0,0,0,0,0,0,0,0,0,0,0,0,0,0,0,0,0,0,0,0,0,0,0,0,0,0,0,0,0,0,0,0,0,0,0,0,0,0,0,0,0,0,0,0,0,0,0,0,0,0,0,0,0,0,0,1,2,1,1,1,0,1,2,5,5,1,6,6,5,7,5,4,15,9,12,7,12,6,5,12,10,14,15,16,12,16,20,16,12,17,19,16,16,18,17,19,19,15,15,12,13,17,13,18,14,22,12,15,12,15,13,15,14,8,12,7,5,5,9,9,7,6,5,3,8,8,2,7,6,3,4,4,0,3,4,5,1,1,3,3,3,2,2,3,1,1,3,2,0,1,0,0,0,1,0,0,0,1,2,0,0,0,0,0,0,0,1,0,0,1]
stat.node.4.util.dram_avg = 3.36947e-06
stat.node.4.walltime_s = 887.938
stat.node.4.active_time_s = 111.34
stat.node.2.cpu.0.load_issue_to_complete_count = 799
stat.node.2.cpu.0.avg_load_issue_to_complete_lat = 3914.55
stat.node.2.injector.phase_cycles = 3132769
stat.node.2.injector.request_bytes = 1043728
stat.node.2.injector.response_bytes = 424512
stat.node.2.injector.aggregate_bytes = 1468240
stat.node.2.injector.request_gbps = 6.39676
stat.node.2.injector.response_gbps = 2.60173
stat.node.2.injector.aggregate_gbps = 8.9985
stat.node.2.llc.cxl_miss = 800
stat.node.2.llc.total_miss = 800
stat.node.2.llc.avg_miss_lat = 3697.69
stat.node.2.llc.avg_cxl_lat = 3697.69
stat.node.2.llc.miss_lat_hist_bin_ns = 10
stat.node.2.llc.miss_lat_hist = [0,0,0,0,0,0,0,0,0,0,0,0,0,0,0,0,0,0,0,0,0,0,0,0,0,0,0,0,0,0,0,0,0,0,0,0,0,0,0,0,0,0,0,0,0,0,0,0,0,0,0,0,0,0,0,0,0,0,0,0,0,0,0,0,0,0,0,0,0,0,0,0,0,0,0,0,0,0,0,0,0,0,0,0,0,0,0,0,0,0,0,0,0,0,0,0,0,0,0,0,0,0,0,0,0,0,0,0,0,0,0,0,0,1,3,1,2,3,1,1,4,2,2,6,7,3,8,4,12,10,6,15,12,9,11,13,16,11,17,13,14,11,13,24,16,21,25,13,18,14,18,15,16,14,21,19,13,13,12,17,13,11,19,14,9,13,13,8,17,9,12,10,3,5,5,10,9,2,9,6,7,8,9,3,7,4,2,3,7,3,3,1,1,1,1,2,2,2,0,3,0,2,1,0,2,0,2,2,0,0,0,0,0,0,0,0,0,2,2,0,0,0,0,0,0,1]
stat.node.2.util.dram_avg = 3.35712e-06
stat.node.2.walltime_s = 894.18
stat.node.2.active_time_s = 101.284
stat.node.7.cpu.0.load_issue_to_complete_count = 799
stat.node.7.cpu.0.avg_load_issue_to_complete_lat = 3905.99
stat.node.7.injector.phase_cycles = 3126213
stat.node.7.injector.request_bytes = 1040080
stat.node.7.injector.response_bytes = 423104
stat.node.7.injector.aggregate_bytes = 1463184
stat.node.7.injector.request_gbps = 6.38777
stat.node.7.injector.response_gbps = 2.59854
stat.node.7.injector.aggregate_gbps = 8.98631
stat.node.7.llc.cxl_miss = 800
stat.node.7.llc.total_miss = 800
stat.node.7.llc.avg_miss_lat = 3687.05
stat.node.7.llc.avg_cxl_lat = 3687.05
stat.node.7.llc.miss_lat_hist_bin_ns = 10
stat.node.7.llc.miss_lat_hist = [0,0,0,0,0,0,0,0,0,0,0,0,0,0,0,0,0,0,0,0,0,0,0,0,0,0,0,0,0,0,0,0,0,0,0,0,0,0,0,0,0,0,0,0,0,0,0,0,0,0,0,0,0,0,0,0,0,0,0,0,0,0,0,0,0,0,0,0,0,0,0,0,0,0,0,0,0,0,0,0,0,0,0,0,0,0,0,0,0,0,0,0,0,0,0,0,0,0,0,0,0,0,0,0,0,1,0,0,0,0,1,0,0,1,1,1,2,1,1,2,2,5,4,3,5,7,7,5,6,14,10,14,10,15,12,8,11,15,20,14,24,11,18,16,19,16,16,18,16,22,20,17,18,13,16,7,13,15,15,9,26,15,13,15,10,15,9,8,12,8,7,4,8,10,10,8,9,6,8,3,5,11,0,4,8,6,6,3,5,6,1,1,2,1,2,0,2,1,2,1,1,0,1,1,0,0,2,0,1,1,2,0,0,0,0,0,0,2,0,0,0,0,0,0,0,0,0,0,0,0,0,0,0,0,0,0,0,0,0,0,1]
stat.node.7.util.dram_avg = 3.35594e-06
stat.node.7.walltime_s = 894.307
stat.node.7.active_time_s = 99.5602
stat.node.0.cpu.0.load_issue_to_complete_count = 799
stat.node.0.cpu.0.avg_load_issue_to_complete_lat = 3894.26
stat.node.0.injector.phase_cycles = 3115597
stat.node.0.injector.request_bytes = 1043048
stat.node.0.injector.response_bytes = 424320
stat.node.0.injector.aggregate_bytes = 1467368
stat.node.0.injector.request_gbps = 6.42783
stat.node.0.injector.response_gbps = 2.61489
stat.node.0.injector.aggregate_gbps = 9.04272
stat.node.0.llc.cxl_miss = 800
stat.node.0.llc.total_miss = 800
stat.node.0.llc.avg_miss_lat = 3678.45
stat.node.0.llc.avg_cxl_lat = 3678.45
stat.node.0.llc.miss_lat_hist_bin_ns = 10
stat.node.0.llc.miss_lat_hist = [0,0,0,0,0,0,0,0,0,0,0,0,0,0,0,0,0,0,0,0,0,0,0,0,0,0,0,0,0,0,0,0,0,0,0,0,0,0,0,0,0,0,0,0,0,0,0,0,0,0,0,0,0,0,0,0,0,0,0,0,0,0,0,0,0,0,0,0,0,0,0,0,0,0,0,0,0,0,0,0,0,0,0,0,0,0,0,0,0,0,0,0,0,0,0,0,0,0,0,0,0,0,0,0,0,0,0,0,0,1,0,0,0,2,1,3,3,4,1,2,1,2,6,6,3,5,9,10,6,13,10,13,12,8,9,7,10,10,11,18,18,19,14,22,21,13,18,28,15,11,15,24,14,13,18,14,21,12,15,16,10,10,12,19,17,13,12,14,12,12,10,10,9,9,4,7,12,6,7,5,5,4,5,5,2,7,2,8,2,1,2,2,0,1,2,3,2,0,1,1,1,0,0,0,1,0,0,0,0,2,1,0,0,0,1,1,1]
stat.node.0.util.dram_avg = 3.35184e-06
stat.node.0.walltime_s = 894.846
stat.node.0.active_time_s = 99.9577
stat.node.5.cpu.0.load_issue_to_complete_count = 799
stat.node.5.cpu.0.avg_load_issue_to_complete_lat = 3958.85
stat.node.5.injector.phase_cycles = 3167687
stat.node.5.injector.request_bytes = 1047304
stat.node.5.injector.response_bytes = 425920
stat.node.5.injector.aggregate_bytes = 1473224
stat.node.5.injector.request_gbps = 6.34792
stat.node.5.injector.response_gbps = 2.58159
stat.node.5.injector.aggregate_gbps = 8.92951
stat.node.5.llc.cxl_miss = 800
stat.node.5.llc.total_miss = 800
stat.node.5.llc.avg_miss_lat = 3736.66
stat.node.5.llc.avg_cxl_lat = 3736.66
stat.node.5.llc.miss_lat_hist_bin_ns = 10
stat.node.5.llc.miss_lat_hist = [0,0,0,0,0,0,0,0,0,0,0,0,0,0,0,0,0,0,0,0,0,0,0,0,0,0,0,0,0,0,0,0,0,0,0,0,0,0,0,0,0,0,0,0,0,0,0,0,0,0,0,0,0,0,0,0,0,0,0,0,0,0,0,0,0,0,0,0,0,0,0,0,0,0,0,0,0,0,0,0,0,0,0,0,0,0,0,0,0,0,0,0,0,0,0,0,0,0,0,0,0,0,0,0,0,0,0,0,0,0,1,0,0,1,0,2,2,1,1,3,3,1,3,5,5,7,3,6,6,18,9,9,15,9,9,11,9,12,8,19,16,13,18,14,22,15,16,19,22,16,16,10,14,18,15,14,10,18,10,17,17,13,11,12,15,10,17,15,8,9,14,13,7,15,6,7,9,9,2,4,6,6,4,7,8,5,3,3,5,5,2,4,2,3,1,1,3,0,3,0,3,0,2,0,1,6,2,2,1,0,0,0,0,1,0,2,0,0,1,0,0,2,0,0,0,0,0,0,1,0,0,0,0,0,0,0,0,0,0,0,0,0,1]
stat.node.5.util.dram_avg = 3.34995e-06
stat.node.5.walltime_s = 895
stat.node.5.active_time_s = 105.694
stat.node.6.cpu.0.load_issue_to_complete_count = 799
stat.node.6.cpu.0.avg_load_issue_to_complete_lat = 3950.67
stat.node.6.injector.phase_cycles = 3162522
stat.node.6.injector.request_bytes = 1045952
stat.node.6.injector.response_bytes = 425472
stat.node.6.injector.aggregate_bytes = 1471424
stat.node.6.injector.request_gbps = 6.35008
stat.node.6.injector.response_gbps = 2.58308
stat.node.6.injector.aggregate_gbps = 8.93317
stat.node.6.llc.cxl_miss = 800
stat.node.6.llc.total_miss = 800
stat.node.6.llc.avg_miss_lat = 3729.79
stat.node.6.llc.avg_cxl_lat = 3729.79
stat.node.6.llc.miss_lat_hist_bin_ns = 10
stat.node.6.llc.miss_lat_hist = [0,0,0,0,0,0,0,0,0,0,0,0,0,0,0,0,0,0,0,0,0,0,0,0,0,0,0,0,0,0,0,0,0,0,0,0,0,0,0,0,0,0,0,0,0,0,0,0,0,0,0,0,0,0,0,0,0,0,0,0,0,0,0,0,0,0,0,0,0,0,0,0,0,0,0,0,0,0,0,0,0,0,0,0,0,0,0,0,0,0,0,0,0,0,0,0,0,0,0,0,0,0,0,0,0,0,0,0,1,1,0,1,0,0,5,2,2,3,2,2,1,2,1,3,3,6,9,9,11,7,7,15,5,12,7,14,15,15,13,14,20,6,13,13,12,19,20,14,11,18,20,25,17,17,9,15,12,17,16,17,12,8,11,16,14,9,14,11,11,11,6,13,9,12,12,8,8,3,7,5,8,6,9,7,8,2,6,5,2,6,1,4,6,2,2,3,2,2,2,0,0,2,2,2,2,2,1,0,1,0,1,0,1,0,1,1,0,0,1,0,0,0,1]
stat.node.6.util.dram_avg = 3.34655e-06
stat.node.6.walltime_s = 895.317
stat.node.6.active_time_s = 108.551
stat.node.1.cpu.0.load_issue_to_complete_count = 799
stat.node.1.cpu.0.avg_load_issue_to_complete_lat = 3896.74
stat.node.1.injector.phase_cycles = 3118646
stat.node.1.injector.request_bytes = 1042856
stat.node.1.injector.response_bytes = 424192
stat.node.1.injector.aggregate_bytes = 1467048
stat.node.1.injector.request_gbps = 6.42036
stat.node.1.injector.response_gbps = 2.61155
stat.node.1.injector.aggregate_gbps = 9.03191
stat.node.1.llc.cxl_miss = 800
stat.node.1.llc.total_miss = 800
stat.node.1.llc.avg_miss_lat = 3674.01
stat.node.1.llc.avg_cxl_lat = 3674.01
stat.node.1.llc.miss_lat_hist_bin_ns = 10
stat.node.1.llc.miss_lat_hist = [0,0,0,0,0,0,0,0,0,0,0,0,0,0,0,0,0,0,0,0,0,0,0,0,0,0,0,0,0,0,0,0,0,0,0,0,0,0,0,0,0,0,0,0,0,0,0,0,0,0,0,0,0,0,0,0,0,0,0,0,0,0,0,0,0,0,0,0,0,0,0,0,0,0,0,0,0,0,0,0,0,0,0,0,0,0,0,0,0,0,0,0,0,0,0,0,0,0,0,0,0,0,0,0,0,0,0,0,1,0,1,1,1,1,0,4,3,3,4,1,5,3,4,4,5,3,9,8,8,7,8,16,12,8,11,13,11,12,8,15,20,21,22,17,15,17,18,24,21,11,18,17,8,25,12,24,17,13,15,13,12,19,8,11,13,8,17,14,12,12,8,9,7,6,6,7,5,8,6,6,4,8,5,4,1,4,1,3,3,4,2,2,2,1,3,3,1,1,1,1,3,0,0,0,2,0,0,2,1,0,0,1,1,0,0,0,0,0,1,0,0,0,0,0,0,0,0,0,0,0,0,0,0,1,0,0,1,0,0,0,0,0,0,1]
stat.node.1.util.dram_avg = 3.34617e-06
stat.node.1.walltime_s = 895.334
stat.node.1.active_time_s = 97.3352
stat.pool.104.util.mem_avg = 0.173296
stat.pool.104.util.req_link_avg = 0.999934
stat.pool.104.walltime_s = 895.334
stat.pool.104.active_time_s = 2.60876
stat.pool.103.util.mem_avg = 0.173297
stat.pool.103.util.req_link_avg = 0.999935
stat.pool.103.walltime_s = 895.334
stat.pool.103.active_time_s = 2.68214
stat.pool.102.util.mem_avg = 0.173297
stat.pool.102.util.req_link_avg = 0.999933
stat.pool.102.walltime_s = 895.334
stat.pool.102.active_time_s = 2.59429
stat.pool.101.util.mem_avg = 0.173295
stat.pool.101.util.req_link_avg = 0.999933
stat.pool.101.walltime_s = 895.334
stat.pool.101.active_time_s = 2.70974
stat.pool.100.util.mem_avg = 0.173295
stat.pool.100.util.req_link_avg = 0.999932
stat.pool.100.walltime_s = 895.334
stat.pool.100.active_time_s = 2.78729
stat.switch.replicated_messages = 1417405
stat.switch.util.node_ingress_avg = 0.130966
stat.switch.util.pool_ingress_avg = 0.0950682
stat.switch.bw.host_to_switch_gbps = 6.43738
stat.switch.bw.switch_to_host_gbps = 2.92049
stat.switch.bw.host_link_total_gbps = 9.35788
stat.switch.walltime_s = 895.334
stat.switch.active_time_s = 16.0666
Simulation is complete, simulated time: 2.99088 ms
