stat.node.1.cpu.0.retired = 229
stat.node.1.cpu.0.cycles = 1000000
stat.node.2.cpu.0.retired = 223
stat.node.2.cpu.0.cycles = 1000000
stat.node.3.cpu.0.retired = 246
stat.node.3.cpu.0.cycles = 1000000
stat.node.4.cpu.0.retired = 259
stat.node.4.cpu.0.cycles = 1000000
stat.node.5.cpu.0.retired = 291
stat.node.5.cpu.0.cycles = 1000000
stat.node.6.cpu.0.retired = 246
stat.node.6.cpu.0.cycles = 1000000
stat.node.7.cpu.0.retired = 237
stat.node.7.cpu.0.cycles = 1000000
stat.node.0.cpu.0.retired = 235
stat.node.0.cpu.0.cycles = 1000000
stat.node.6.cpu.0.retired = 447
stat.node.6.cpu.0.cycles = 2000000
stat.node.0.cpu.0.retired = 433
stat.node.0.cpu.0.cycles = 2000000
stat.node.7.cpu.0.retired = 436
stat.node.7.cpu.0.cycles = 2000000
stat.node.1.cpu.0.retired = 443
stat.node.2.cpu.0.retired = 488
stat.node.2.cpu.0.cycles = 2000000
stat.node.3.cpu.0.retired = 478
stat.node.3.cpu.0.cycles = 2000000
stat.node.4.cpu.0.retired = 463
stat.node.4.cpu.0.cycles = 2000000
stat.node.5.cpu.0.retired = 506
stat.node.5.cpu.0.cycles = 2000000
stat.node.1.cpu.0.cycles = 2000000
stat.node.4.cpu.0.retired = 702
stat.node.4.cpu.0.cycles = 3000000
stat.node.6.cpu.0.retired = 683
stat.node.6.cpu.0.cycles = 3000000
stat.node.1.cpu.0.retired = 762
stat.node.1.cpu.0.cycles = 3000000
stat.node.0.cpu.0.retired = 674
stat.node.7.cpu.0.retired = 673
stat.node.7.cpu.0.cycles = 3000000
stat.node.5.cpu.0.retired = 744
stat.node.5.cpu.0.cycles = 3000000
stat.node.2.cpu.0.retired = 751
stat.node.2.cpu.0.cycles = 3000000
stat.node.3.cpu.0.retired = 725
stat.node.3.cpu.0.cycles = 3000000
stat.node.0.cpu.0.cycles = 3000000
stat.node.4.cpu.0.retired = 951
stat.node.4.cpu.0.cycles = 4000000
stat.node.0.cpu.0.retired = 919
stat.node.0.cpu.0.cycles = 4000000
stat.node.1.cpu.0.retired = 1034
stat.node.1.cpu.0.cycles = 4000000
stat.node.3.cpu.0.retired = 974
stat.node.3.cpu.0.cycles = 4000000
stat.node.7.cpu.0.retired = 916
stat.node.7.cpu.0.cycles = 4000000
stat.node.5.cpu.0.retired = 996
stat.node.5.cpu.0.cycles = 4000000
stat.node.2.cpu.0.retired = 1002
stat.node.2.cpu.0.cycles = 4000000
stat.node.6.cpu.0.retired = 931
stat.node.6.cpu.0.cycles = 4000000
stat.node.1.cpu.0.retired = 1289
stat.node.1.cpu.0.cycles = 5000000
stat.node.3.cpu.0.retired = 1227
stat.node.3.cpu.0.cycles = 5000000
stat.node.7.cpu.0.retired = 1172
stat.node.7.cpu.0.cycles = 5000000
stat.node.5.cpu.0.retired = 1247
stat.node.5.cpu.0.cycles = 5000000
stat.node.2.cpu.0.retired = 1253
stat.node.2.cpu.0.cycles = 5000000
stat.node.4.cpu.0.retired = 1206
stat.node.4.cpu.0.cycles = 5000000
stat.node.6.cpu.0.retired = 1188
stat.node.6.cpu.0.cycles = 5000000
stat.node.0.cpu.0.retired = 1172
stat.node.0.cpu.0.cycles = 5000000
stat.node.0.cpu.0.retired = 1426
stat.node.0.cpu.0.cycles = 6000000
stat.node.6.cpu.0.retired = 1444
stat.node.4.cpu.0.retired = 1456
stat.node.4.cpu.0.cycles = 6000000
stat.node.1.cpu.0.retired = 1547
stat.node.1.cpu.0.cycles = 6000000
stat.node.3.cpu.0.retired = 1478
stat.node.3.cpu.0.cycles = 6000000
stat.node.7.cpu.0.retired = 1429
stat.node.7.cpu.0.cycles = 6000000
stat.node.5.cpu.0.retired = 1503
stat.node.5.cpu.0.cycles = 6000000
stat.node.2.cpu.0.retired = 1509
stat.node.2.cpu.0.cycles = 6000000
stat.node.6.cpu.0.cycles = 6000000
stat.node.1.cpu.0.load_issue_to_complete_count = 799
stat.node.1.cpu.0.avg_load_issue_to_complete_lat = 3818.75
stat.node.1.injector.phase_cycles = 3055650
stat.node.1.injector.request_bytes = 1006168
stat.node.1.injector.response_bytes = 243840
stat.node.1.injector.aggregate_bytes = 1250008
stat.node.1.injector.request_gbps = 6.3222
stat.node.1.injector.response_gbps = 1.53215
stat.node.1.injector.aggregate_gbps = 7.85435
stat.node.1.llc.cxl_miss = 800
stat.node.1.llc.total_miss = 800
stat.node.1.llc.avg_miss_lat = 3593.64
stat.node.1.llc.avg_cxl_lat = 3593.64
stat.node.1.llc.miss_lat_hist_bin_ns = 10
stat.node.1.llc.miss_lat_hist = [0,0,0,0,0,0,0,0,0,0,0,0,0,0,0,0,0,0,0,0,0,0,0,0,0,0,0,0,0,0,0,0,0,0,0,0,0,0,0,0,0,0,0,0,0,0,0,1,0,1,0,1,0,0,0,1,0,2,0,0,0,0,0,1,0,0,0,1,0,0,0,1,0,2,0,0,0,0,1,0,0,0,3,0,0,0,0,1,1,0,0,1,1,0,1,2,1,1,1,0,0,0,0,1,1,2,1,1,0,1,0,1,1,1,4,4,2,2,3,4,0,2,1,4,9,10,4,10,9,10,10,5,13,11,17,15,13,19,14,13,17,12,14,17,16,26,16,16,9,15,16,15,14,18,15,13,15,20,14,15,16,15,15,12,7,11,5,8,9,10,7,2,7,12,4,10,8,4,6,8,9,7,2,4,1,4,1,2,3,3,4,4,2,1,0,0,2,2,2,2,1,0,3,2,1,1,1,0,1,1,0,1,0,0,0,0,0,0,0,0,0,0,1]
stat.node.1.util.dram_avg = 3.87057e-06
stat.node.1.walltime_s = 878.062
stat.node.1.active_time_s = 91.3591
stat.node.2.cpu.0.load_issue_to_complete_count = 799
stat.node.2.cpu.0.avg_load_issue_to_complete_lat = 3918.14
stat.node.2.injector.phase_cycles = 3135406
stat.node.2.injector.request_bytes = 1024320
stat.node.2.injector.response_bytes = 248320
stat.node.2.injector.aggregate_bytes = 1272640
stat.node.2.injector.request_gbps = 6.27254
stat.node.2.injector.response_gbps = 1.52061
stat.node.2.injector.aggregate_gbps = 7.79315
stat.node.2.llc.cxl_miss = 800
stat.node.2.llc.total_miss = 800
stat.node.2.llc.avg_miss_lat = 3697.38
stat.node.2.llc.avg_cxl_lat = 3697.38
stat.node.2.llc.miss_lat_hist_bin_ns = 10
stat.node.2.llc.miss_lat_hist = [0,0,0,0,0,0,0,0,0,0,0,0,0,0,0,0,0,0,0,0,0,0,0,0,0,0,0,0,0,0,0,0,0,0,0,0,0,0,0,0,0,0,0,0,0,0,0,0,0,0,0,0,0,0,0,0,0,0,0,0,0,0,0,0,0,0,0,0,0,0,0,0,0,0,0,0,0,0,0,0,0,0,0,0,0,0,0,0,0,0,0,0,0,0,0,0,0,0,0,0,0,0,0,0,0,0,0,0,1,0,2,0,1,0,2,1,1,1,3,3,0,4,4,9,7,7,7,6,5,6,9,12,9,11,11,11,11,14,14,19,15,9,11,18,21,24,18,12,24,18,16,19,14,17,19,12,13,11,17,20,16,11,12,6,12,11,16,11,13,8,11,10,4,10,10,9,5,10,13,5,8,7,6,5,5,7,4,3,5,2,1,1,1,2,4,2,3,1,0,4,1,0,0,1,1,0,0,0,2,0,0,0,0,0,1,0,0,0,0,0,0,0,0,0,0,0,0,0,0,0,1]
stat.node.2.util.dram_avg = 3.78696e-06
stat.node.2.walltime_s = 891.16
stat.node.2.active_time_s = 108.386
stat.node.5.cpu.0.load_issue_to_complete_count = 799
stat.node.5.cpu.0.avg_load_issue_to_complete_lat = 3929.56
stat.node.5.injector.phase_cycles = 3144347
stat.node.5.injector.request_bytes = 1026168
stat.node.5.injector.response_bytes = 248768
stat.node.5.injector.aggregate_bytes = 1274936
stat.node.5.injector.request_gbps = 6.26598
stat.node.5.injector.response_gbps = 1.51903
stat.node.5.injector.aggregate_gbps = 7.78501
stat.node.5.llc.cxl_miss = 800
stat.node.5.llc.total_miss = 800
stat.node.5.llc.avg_miss_lat = 3708.11
stat.node.5.llc.avg_cxl_lat = 3708.11
stat.node.5.llc.miss_lat_hist_bin_ns = 10
stat.node.5.llc.miss_lat_hist = [0,0,0,0,0,0,0,0,0,0,0,0,0,0,0,0,0,0,0,0,0,0,0,0,0,0,0,0,0,0,0,0,0,0,0,0,0,0,0,0,0,0,0,0,0,0,0,0,0,0,0,0,0,0,0,0,0,0,0,0,0,0,0,0,0,0,0,0,0,0,0,0,0,0,0,0,0,0,0,0,0,0,0,0,0,0,0,0,0,0,0,0,0,0,0,0,0,0,0,0,0,0,0,0,0,0,0,0,0,2,2,2,0,1,1,2,0,1,2,1,2,4,3,3,5,2,3,8,6,3,14,12,8,8,17,14,14,10,17,12,15,10,17,10,21,19,22,29,19,21,16,14,17,19,18,10,18,12,15,12,11,10,12,21,15,9,9,9,17,8,12,10,7,13,7,5,10,6,8,4,4,7,6,5,3,5,7,8,4,4,0,3,3,4,4,3,4,0,1,1,4,0,0,1,0,1,0,0,0,0,0,0,0,0,1,1]
stat.node.5.util.dram_avg = 3.76737e-06
stat.node.5.walltime_s = 894.261
stat.node.5.active_time_s = 101.555
stat.node.3.cpu.0.load_issue_to_complete_count = 799
stat.node.3.cpu.0.avg_load_issue_to_complete_lat = 3936.97
stat.node.3.injector.phase_cycles = 3150137
stat.node.3.injector.request_bytes = 1027224
stat.node.3.injector.response_bytes = 249088
stat.node.3.injector.aggregate_bytes = 1276312
stat.node.3.injector.request_gbps = 6.2609
stat.node.3.injector.response_gbps = 1.51818
stat.node.3.injector.aggregate_gbps = 7.77909
stat.node.3.llc.cxl_miss = 800
stat.node.3.llc.total_miss = 800
stat.node.3.llc.avg_miss_lat = 3713.06
stat.node.3.llc.avg_cxl_lat = 3713.06
stat.node.3.llc.miss_lat_hist_bin_ns = 10
stat.node.3.llc.miss_lat_hist = [0,0,0,0,0,0,0,0,0,0,0,0,0,0,0,0,0,0,0,0,0,0,0,0,0,0,0,0,0,0,0,0,0,0,0,0,0,0,0,0,0,0,0,0,0,0,0,0,0,0,0,0,0,0,0,0,0,0,0,0,0,0,0,0,0,0,0,0,0,0,0,0,0,0,0,0,0,0,0,0,0,0,0,0,0,0,0,0,0,0,0,0,0,0,0,0,0,0,0,0,0,0,0,0,0,0,0,0,1,2,0,0,0,0,0,0,1,0,1,2,0,0,9,3,4,7,9,4,12,12,6,11,7,9,9,20,13,8,10,14,16,13,26,15,17,15,22,19,15,20,15,17,14,17,13,14,26,15,19,14,8,14,12,16,10,12,14,8,7,17,17,14,7,7,9,8,11,7,7,6,5,7,3,1,5,2,2,4,3,3,4,6,1,4,0,1,3,0,1,3,2,1,1,1,1,1,1,1,2,0,1,0,0,0,0,0,0,1,0,1,0,0,0,1]
stat.node.3.util.dram_avg = 3.71169e-06
stat.node.3.walltime_s = 904.482
stat.node.3.active_time_s = 90.7327
stat.node.4.cpu.0.load_issue_to_complete_count = 799
stat.node.4.cpu.0.avg_load_issue_to_complete_lat = 3931.28
stat.node.4.injector.phase_cycles = 3145471
stat.node.4.injector.request_bytes = 1029864
stat.node.4.injector.response_bytes = 249664
stat.node.4.injector.aggregate_bytes = 1279528
stat.node.4.injector.request_gbps = 6.2863
stat.node.4.injector.response_gbps = 1.52395
stat.node.4.injector.aggregate_gbps = 7.81026
stat.node.4.llc.cxl_miss = 800
stat.node.4.llc.total_miss = 800
stat.node.4.llc.avg_miss_lat = 3707.03
stat.node.4.llc.avg_cxl_lat = 3707.03
stat.node.4.llc.miss_lat_hist_bin_ns = 10
stat.node.4.llc.miss_lat_hist = [0,0,0,0,0,0,0,0,0,0,0,0,0,0,0,0,0,0,0,0,0,0,0,0,0,0,0,0,0,0,0,0,0,0,0,0,0,0,0,0,0,0,0,0,0,0,0,0,0,0,0,0,0,0,0,0,0,0,0,0,0,0,0,0,0,0,0,0,0,0,0,0,0,0,0,0,0,0,0,0,0,0,0,0,0,0,0,0,0,0,0,0,0,0,0,0,0,0,0,0,0,0,0,0,0,0,0,0,0,0,0,0,0,0,1,0,1,1,2,2,4,2,6,4,7,6,6,5,4,9,6,7,11,12,9,9,15,14,17,16,15,18,18,17,18,15,7,22,28,15,19,23,19,17,16,17,19,9,14,19,18,9,13,15,11,15,8,8,21,11,10,14,6,14,5,7,7,10,4,3,8,10,3,2,1,2,2,2,1,2,2,2,2,2,3,3,2,1,0,4,0,1,2,1,0,1,0,2,0,2,1,0,1,0,2,0,1,0,0,0,0,1,0,1]
stat.node.4.util.dram_avg = 3.66347e-06
stat.node.4.walltime_s = 914.181
stat.node.4.active_time_s = 88.1488
stat.node.6.cpu.0.load_issue_to_complete_count = 799
stat.node.6.cpu.0.avg_load_issue_to_complete_lat = 3917.11
stat.node.6.injector.phase_cycles = 3133610
stat.node.6.injector.request_bytes = 1025904
stat.node.6.injector.response_bytes = 248704
stat.node.6.injector.aggregate_bytes = 1274608
stat.node.6.injector.request_gbps = 6.28584
stat.node.6.injector.response_gbps = 1.52384
stat.node.6.injector.aggregate_gbps = 7.80967
stat.node.6.llc.cxl_miss = 800
stat.node.6.llc.total_miss = 800
stat.node.6.llc.avg_miss_lat = 3693.18
stat.node.6.llc.avg_cxl_lat = 3693.18
stat.node.6.llc.miss_lat_hist_bin_ns = 10
stat.node.6.llc.miss_lat_hist = [0,0,0,0,0,0,0,0,0,0,0,0,0,0,0,0,0,0,0,0,0,0,0,0,0,0,0,0,0,0,0,0,0,0,0,0,0,0,0,0,0,0,0,0,0,0,0,0,0,0,0,0,0,0,0,0,0,0,0,0,0,0,0,0,0,0,0,0,0,0,0,0,0,0,0,0,0,0,0,0,0,0,0,0,0,0,0,0,0,0,0,0,0,0,0,0,0,0,0,0,0,0,0,0,0,0,0,0,0,1,1,1,0,1,0,1,2,2,1,2,2,3,3,4,6,10,10,5,12,10,13,10,5,14,9,7,15,14,13,16,19,13,19,11,13,18,16,16,24,23,15,14,7,22,14,15,23,16,21,18,11,10,10,13,11,12,12,24,17,9,5,11,11,12,4,8,2,8,4,8,11,4,2,5,3,2,1,3,5,0,1,1,1,1,1,2,1,2,2,1,3,1,1,0,1,1,1,0,1,1,0,0,1,0,1,0,0,2,0,0,0,0,0,0,1,1,0,0,0,1,1,0,1]
stat.node.6.util.dram_avg = 3.62965e-06
stat.node.6.walltime_s = 924.849
stat.node.6.active_time_s = 91.5233
stat.node.7.cpu.0.load_issue_to_complete_count = 799
stat.node.7.cpu.0.avg_load_issue_to_complete_lat = 3907.25
stat.node.7.injector.phase_cycles = 3126478
stat.node.7.injector.request_bytes = 1028744
stat.node.7.injector.response_bytes = 249344
stat.node.7.injector.aggregate_bytes = 1278088
stat.node.7.injector.request_gbps = 6.31762
stat.node.7.injector.response_gbps = 1.53125
stat.node.7.injector.aggregate_gbps = 7.84886
stat.node.7.llc.cxl_miss = 800
stat.node.7.llc.total_miss = 800
stat.node.7.llc.avg_miss_lat = 3683.42
stat.node.7.llc.avg_cxl_lat = 3683.42
stat.node.7.llc.miss_lat_hist_bin_ns = 10
stat.node.7.llc.miss_lat_hist = [0,0,0,0,0,0,0,0,0,0,0,0,0,0,0,0,0,0,0,0,0,0,0,0,0,0,0,0,0,0,0,0,0,0,0,0,0,0,0,0,0,0,0,0,0,0,0,0,0,0,0,0,0,0,0,0,0,0,0,0,0,0,0,0,0,0,0,0,0,0,0,0,0,0,0,0,0,0,0,0,0,0,0,0,0,0,0,0,0,0,0,0,0,0,0,0,0,0,0,0,0,0,0,0,0,0,0,1,1,0,0,1,0,1,1,3,1,5,1,2,1,3,4,2,6,2,7,8,8,6,8,10,12,8,9,12,11,14,13,17,17,22,22,22,14,21,23,16,23,7,14,16,17,17,12,18,24,19,12,13,19,19,7,13,13,15,9,12,14,11,12,10,9,10,8,7,6,6,5,3,4,4,6,4,2,4,3,3,5,2,2,3,0,2,4,4,1,2,1,0,0,2,2,2,0,0,0,0,0,0,0,1,0,0,1,0,0,0,0,0,0,0,0,0,0,0,0,0,0,0,0,0,0,0,0,0,0,1]
stat.node.7.util.dram_avg = 3.60402e-06
stat.node.7.walltime_s = 932.969
stat.node.7.active_time_s = 95.067
stat.node.0.cpu.0.load_issue_to_complete_count = 799
stat.node.0.cpu.0.avg_load_issue_to_complete_lat = 3916.32
stat.node.0.injector.phase_cycles = 3133834
stat.node.0.injector.request_bytes = 1034224
stat.node.0.injector.response_bytes = 250688
stat.node.0.injector.aggregate_bytes = 1284912
stat.node.0.injector.request_gbps = 6.33636
stat.node.0.injector.response_gbps = 1.53589
stat.node.0.injector.aggregate_gbps = 7.87225
stat.node.0.llc.cxl_miss = 800
stat.node.0.llc.total_miss = 800
stat.node.0.llc.avg_miss_lat = 3693.49
stat.node.0.llc.avg_cxl_lat = 3693.49
stat.node.0.llc.miss_lat_hist_bin_ns = 10
stat.node.0.llc.miss_lat_hist = [0,0,0,0,0,0,0,0,0,0,0,0,0,0,0,0,0,0,0,0,0,0,0,0,0,0,0,0,0,0,0,0,0,0,0,0,0,0,0,0,0,0,0,0,0,0,0,0,0,0,0,0,0,0,0,0,0,0,0,0,0,0,0,0,0,0,0,0,0,0,0,0,0,0,0,0,0,0,0,0,0,0,0,0,0,0,0,0,0,0,0,0,0,0,0,0,0,0,0,0,0,0,0,0,0,0,0,0,0,0,1,1,0,0,1,2,2,3,1,5,4,1,3,4,9,6,3,6,5,9,9,7,8,8,15,14,17,12,16,19,18,16,11,15,18,17,18,19,17,18,19,15,9,16,12,14,19,16,19,17,15,18,13,13,13,12,14,16,11,6,9,12,13,6,12,12,5,8,8,6,7,2,3,1,4,1,5,4,5,5,1,3,3,1,1,1,5,4,2,1,1,0,0,0,1,0,0,0,1,1,0,0,1]
stat.node.0.util.dram_avg = 3.60293e-06
stat.node.0.walltime_s = 934.351
stat.node.0.active_time_s = 90.8732
stat.pool.104.util.mem_avg = 0.168528
stat.pool.104.util.req_link_avg = 0.999923
stat.pool.104.walltime_s = 934.351
stat.pool.104.active_time_s = 2.55703
stat.pool.103.util.mem_avg = 0.168528
stat.pool.103.util.req_link_avg = 0.999923
stat.pool.103.walltime_s = 934.351
stat.pool.103.active_time_s = 2.49095
stat.pool.102.util.mem_avg = 0.168534
stat.pool.102.util.req_link_avg = 0.999925
stat.pool.102.walltime_s = 934.351
stat.pool.102.active_time_s = 2.60056
stat.pool.101.util.mem_avg = 0.168528
stat.pool.101.util.req_link_avg = 0.999923
stat.pool.101.walltime_s = 934.351
stat.pool.101.active_time_s = 2.54235
stat.pool.100.util.mem_avg = 0.16853
stat.pool.100.util.req_link_avg = 0.999924
stat.pool.100.walltime_s = 934.351
stat.pool.100.active_time_s = 2.84486
stat.switch.replicated_messages = 1322050
stat.switch.util.node_ingress_avg = 0.128841
stat.switch.util.pool_ingress_avg = 0.0610374
stat.switch.bw.host_to_switch_gbps = 6.33288
stat.switch.bw.switch_to_host_gbps = 1.87507
stat.switch.bw.host_link_total_gbps = 8.20795
stat.switch.walltime_s = 934.351
stat.switch.active_time_s = 15.6333
Simulation is complete, simulated time: 2.77774 ms
