stat.node.7.cpu.0.retired = 399
stat.node.7.cpu.0.cycles = 1000000
stat.node.0.cpu.0.retired = 429
stat.node.0.cpu.0.cycles = 1000000
stat.node.1.cpu.0.retired = 440
stat.node.1.cpu.0.cycles = 1000000
stat.node.2.cpu.0.retired = 448
stat.node.2.cpu.0.cycles = 1000000
stat.node.3.cpu.0.retired = 426
stat.node.3.cpu.0.cycles = 1000000
stat.node.4.cpu.0.retired = 422
stat.node.4.cpu.0.cycles = 1000000
stat.node.5.cpu.0.retired = 437
stat.node.5.cpu.0.cycles = 1000000
stat.node.6.cpu.0.retired = 431
stat.node.6.cpu.0.cycles = 1000000
stat.node.6.cpu.0.retired = 833
stat.node.6.cpu.0.cycles = 2000000
stat.node.7.cpu.0.retired = 739
stat.node.7.cpu.0.cycles = 2000000
stat.node.0.cpu.0.retired = 807
stat.node.1.cpu.0.retired = 801
stat.node.1.cpu.0.cycles = 2000000
stat.node.2.cpu.0.retired = 833
stat.node.2.cpu.0.cycles = 2000000
stat.node.3.cpu.0.retired = 800
stat.node.3.cpu.0.cycles = 2000000
stat.node.4.cpu.0.retired = 901
stat.node.4.cpu.0.cycles = 2000000
stat.node.5.cpu.0.retired = 888
stat.node.5.cpu.0.cycles = 2000000
stat.node.0.cpu.0.cycles = 2000000
stat.node.3.cpu.0.retired = 1274
stat.node.3.cpu.0.cycles = 3000000
stat.node.4.cpu.0.retired = 1271
stat.node.4.cpu.0.cycles = 3000000
stat.node.0.cpu.0.retired = 1156
stat.node.0.cpu.0.cycles = 3000000
stat.node.6.cpu.0.retired = 1181
stat.node.6.cpu.0.cycles = 3000000
stat.node.7.cpu.0.retired = 1084
stat.node.7.cpu.0.cycles = 3000000
stat.node.5.cpu.0.retired = 1181
stat.node.5.cpu.0.cycles = 3000000
stat.node.1.cpu.0.retired = 1239
stat.node.1.cpu.0.cycles = 3000000
stat.node.2.cpu.0.retired = 1288
stat.node.2.cpu.0.cycles = 3000000
stat.node.3.cpu.0.load_issue_to_complete_count = 799
stat.node.3.cpu.0.avg_load_issue_to_complete_lat = 2066.81
stat.node.3.injector.phase_cycles = 1655219
stat.node.3.injector.request_bytes = 535728
stat.node.3.injector.response_bytes = 58688
stat.node.3.injector.aggregate_bytes = 594416
stat.node.3.injector.request_gbps = 6.21427
stat.node.3.injector.response_gbps = 0.680762
stat.node.3.injector.aggregate_gbps = 6.89503
stat.node.3.llc.cxl_miss = 800
stat.node.3.llc.total_miss = 800
stat.node.3.llc.avg_miss_lat = 1878.02
stat.node.3.llc.avg_cxl_lat = 1878.02
stat.node.3.llc.miss_lat_hist_bin_ns = 10
stat.node.3.llc.miss_lat_hist = [0,0,0,0,0,0,0,0,0,0,0,0,0,0,0,0,0,0,0,0,0,0,0,0,0,0,0,0,0,0,0,0,0,0,0,0,0,0,0,0,0,0,9,9,20,14,1,16,15,20,14,20,14,14,17,20,16,17,18,19,19,12,10,12,14,10,17,16,10,17,7,15,12,5,11,11,4,10,7,5,6,9,10,8,8,6,7,6,4,5,16,6,5,3,5,5,4,7,8,8,4,6,4,5,4,3,6,3,8,2,4,6,7,1,2,6,3,3,4,1,2,2,1,4,3,2,3,2,3,3,3,3,1,3,3,1,1,3,1,1,1,2,2,2,0,1,2,2,2,1,2,2,3,1,4,2,0,2,0,0,0,1,1,0,1,0,0,1,1,1,0,0,0,1,0,0,0,0,1,0,0,0,0,0,0,0,0,0,0,0,1]
stat.node.3.util.dram_avg = 6.56829e-06
stat.node.3.walltime_s = 114.989
stat.node.3.active_time_s = 40.8044
stat.node.4.cpu.0.load_issue_to_complete_count = 799
stat.node.4.cpu.0.avg_load_issue_to_complete_lat = 2417.34
stat.node.4.injector.phase_cycles = 1934538
stat.node.4.injector.request_bytes = 626248
stat.node.4.injector.response_bytes = 68544
stat.node.4.injector.aggregate_bytes = 694792
stat.node.4.injector.request_gbps = 6.21542
stat.node.4.injector.response_gbps = 0.680289
stat.node.4.injector.aggregate_gbps = 6.89571
stat.node.4.llc.cxl_miss = 800
stat.node.4.llc.total_miss = 800
stat.node.4.llc.avg_miss_lat = 2215.22
stat.node.4.llc.avg_cxl_lat = 2215.22
stat.node.4.llc.miss_lat_hist_bin_ns = 10
stat.node.4.llc.miss_lat_hist = [0,0,0,0,0,0,0,0,0,0,0,0,0,0,0,0,0,0,0,0,0,0,0,0,0,0,0,0,0,0,0,0,0,0,0,0,0,0,0,0,0,0,6,11,11,9,15,11,14,7,18,16,16,18,19,13,12,13,14,12,7,9,11,10,10,10,7,11,7,7,10,5,10,7,5,6,2,5,7,9,10,2,5,6,9,7,2,9,10,6,5,3,5,5,2,7,6,5,4,8,2,5,2,4,9,2,4,4,4,1,3,4,3,3,3,4,4,8,3,3,4,3,5,4,2,3,5,6,2,5,5,3,3,2,5,5,3,9,9,6,3,2,3,4,7,6,5,10,3,4,3,1,5,2,4,3,2,1,1,4,8,4,1,2,8,1,0,1,3,1,0,2,1,2,0,1,5,1,2,0,3,0,1,0,0,0,0,1,0,0,0,2,2,0,1,1,0,0,1,0,0,1,0,0,0,0,0,1]
stat.node.4.util.dram_avg = 6.45734e-06
stat.node.4.walltime_s = 116.36
stat.node.4.active_time_s = 41.5971
stat.node.2.cpu.0.load_issue_to_complete_count = 799
stat.node.2.cpu.0.avg_load_issue_to_complete_lat = 2471.36
stat.node.2.injector.phase_cycles = 1979529
stat.node.2.injector.request_bytes = 639616
stat.node.2.injector.response_bytes = 70144
stat.node.2.injector.aggregate_bytes = 709760
stat.node.2.injector.request_gbps = 6.20381
stat.node.2.injector.response_gbps = 0.680346
stat.node.2.injector.aggregate_gbps = 6.88416
stat.node.2.llc.cxl_miss = 800
stat.node.2.llc.total_miss = 800
stat.node.2.llc.avg_miss_lat = 2274.64
stat.node.2.llc.avg_cxl_lat = 2274.64
stat.node.2.llc.miss_lat_hist_bin_ns = 10
stat.node.2.llc.miss_lat_hist = [0,0,0,0,0,0,0,0,0,0,0,0,0,0,0,0,0,0,0,0,0,0,0,0,0,0,0,0,0,0,0,0,0,0,0,0,0,0,0,0,0,2,5,13,13,7,7,13,12,11,11,9,7,4,8,11,8,9,12,8,10,13,5,13,7,8,15,11,6,7,12,14,6,6,11,14,10,7,5,12,12,4,7,8,5,8,6,7,6,5,3,8,6,4,4,7,3,3,1,5,7,9,7,3,4,7,6,8,6,5,5,2,4,5,4,5,7,1,1,10,5,2,5,7,5,3,2,3,6,5,6,4,4,5,3,3,2,5,4,7,6,5,3,2,2,5,5,7,4,4,2,8,6,2,11,4,4,3,1,1,5,4,3,3,1,1,4,3,2,2,4,0,1,0,0,1,0,2,0,1,2,1,0,1,0,1,2,0,0,0,1,0,0,0,0,0,1,0,0,0,0,1,0,0,0,0,0,0,0,0,0,0,0,1,0,0,0,0,0,0,0,1]
stat.node.2.util.dram_avg = 6.1731e-06
stat.node.2.walltime_s = 120.115
stat.node.2.active_time_s = 45.8465
stat.node.2.cpu.0.retired = 1628
stat.node.0.cpu.0.retired = 1496
stat.node.0.cpu.0.cycles = 4000000
stat.node.6.cpu.0.retired = 1554
stat.node.6.cpu.0.cycles = 4000000
stat.node.7.cpu.0.retired = 1440
stat.node.7.cpu.0.cycles = 4000000
stat.node.5.cpu.0.retired = 1562
stat.node.5.cpu.0.cycles = 4000000
stat.node.1.cpu.0.retired = 1488
stat.node.1.cpu.0.cycles = 4000000
stat.node.3.cpu.0.retired = 1746
stat.node.3.cpu.0.cycles = 4000000
stat.node.4.cpu.0.retired = 1716
stat.node.4.cpu.0.cycles = 4000000
stat.node.2.cpu.0.cycles = 4000000
stat.node.5.cpu.0.load_issue_to_complete_count = 799
stat.node.5.cpu.0.avg_load_issue_to_complete_lat = 2821.78
stat.node.5.injector.phase_cycles = 2258229
stat.node.5.injector.request_bytes = 731040
stat.node.5.injector.response_bytes = 80128
stat.node.5.injector.aggregate_bytes = 811168
stat.node.5.injector.request_gbps = 6.21548
stat.node.5.injector.response_gbps = 0.681267
stat.node.5.injector.aggregate_gbps = 6.89674
stat.node.5.llc.cxl_miss = 800
stat.node.5.llc.total_miss = 800
stat.node.5.llc.avg_miss_lat = 2606.86
stat.node.5.llc.avg_cxl_lat = 2606.86
stat.node.5.llc.miss_lat_hist_bin_ns = 10
stat.node.5.llc.miss_lat_hist = [0,0,0,0,0,0,0,0,0,0,0,0,0,0,0,0,0,0,0,0,0,0,0,0,0,0,0,0,0,0,0,0,0,0,0,0,0,0,0,0,0,0,3,9,5,8,6,5,8,9,11,8,10,13,6,9,6,10,6,5,10,11,6,6,9,4,9,12,12,3,8,4,9,5,8,7,9,5,1,8,5,10,7,4,6,4,7,2,4,4,6,3,3,4,7,7,3,8,7,7,4,8,3,3,1,6,6,6,3,3,2,2,3,5,2,3,0,0,4,1,5,5,1,4,4,2,1,2,1,2,5,3,3,4,7,3,3,3,3,7,4,13,7,7,9,7,7,11,10,10,10,6,11,10,7,7,10,8,9,7,4,7,5,2,3,7,3,3,3,5,6,4,3,2,2,4,1,2,3,2,2,7,2,0,1,1,1,3,0,2,0,2,1,1,0,0,1,1,3,1,1,1,0,0,0,0,0,1,0,0,0,1,0,0,0,0,2]
stat.node.5.util.dram_avg = 5.85496e-06
stat.node.5.walltime_s = 124.733
stat.node.5.active_time_s = 46.0414
stat.node.6.cpu.0.load_issue_to_complete_count = 799
stat.node.6.cpu.0.avg_load_issue_to_complete_lat = 2732.78
stat.node.6.injector.phase_cycles = 2186576
stat.node.6.injector.request_bytes = 707808
stat.node.6.injector.response_bytes = 77568
stat.node.6.injector.aggregate_bytes = 785376
stat.node.6.injector.request_gbps = 6.21516
stat.node.6.injector.response_gbps = 0.681113
stat.node.6.injector.aggregate_gbps = 6.89627
stat.node.6.llc.cxl_miss = 800
stat.node.6.llc.total_miss = 800
stat.node.6.llc.avg_miss_lat = 2523.21
stat.node.6.llc.avg_cxl_lat = 2523.21
stat.node.6.llc.miss_lat_hist_bin_ns = 10
stat.node.6.llc.miss_lat_hist = [0,0,0,0,0,0,0,0,0,0,0,0,0,0,0,0,0,0,0,0,0,0,0,0,0,0,0,0,0,0,0,0,0,0,0,0,0,0,0,0,0,0,1,7,8,2,4,3,7,5,5,9,6,8,5,6,4,6,5,7,8,9,5,13,6,1,11,9,3,9,8,9,11,7,6,9,6,5,9,6,6,11,7,8,3,6,5,14,8,7,11,10,5,9,7,10,3,5,9,4,12,3,6,6,5,3,10,5,7,5,7,4,4,4,4,1,9,4,6,6,7,2,5,5,7,6,5,8,5,7,5,5,7,4,7,6,4,8,7,3,9,5,6,4,8,5,6,6,3,8,2,6,5,5,11,3,4,6,1,3,5,1,8,6,2,2,4,8,4,1,2,2,1,4,1,2,3,2,4,0,1,0,1,0,1,1,0,0,2,1,0,0,0,1,1,0,1,0,0,1,0,0,0,0,0,0,0,0,0,1]
stat.node.6.util.dram_avg = 5.84316e-06
stat.node.6.walltime_s = 124.911
stat.node.6.active_time_s = 46.4415
stat.node.0.cpu.0.load_issue_to_complete_count = 799
stat.node.0.cpu.0.avg_load_issue_to_complete_lat = 2834.34
stat.node.0.injector.phase_cycles = 2267767
stat.node.0.injector.request_bytes = 734152
stat.node.0.injector.response_bytes = 80448
stat.node.0.injector.aggregate_bytes = 814600
stat.node.0.injector.request_gbps = 6.21568
stat.node.0.injector.response_gbps = 0.681111
stat.node.0.injector.aggregate_gbps = 6.89679
stat.node.0.llc.cxl_miss = 800
stat.node.0.llc.total_miss = 800
stat.node.0.llc.avg_miss_lat = 2619.8
stat.node.0.llc.avg_cxl_lat = 2619.8
stat.node.0.llc.miss_lat_hist_bin_ns = 10
stat.node.0.llc.miss_lat_hist = [0,0,0,0,0,0,0,0,0,0,0,0,0,0,0,0,0,0,0,0,0,0,0,0,0,0,0,0,0,0,0,0,0,0,0,0,0,0,0,0,0,1,3,9,9,3,7,8,10,9,2,9,9,4,6,4,10,6,6,5,11,9,8,12,7,9,7,5,6,4,5,11,6,11,8,6,7,10,3,6,6,5,1,7,7,6,7,7,9,5,8,4,3,12,1,2,3,4,3,0,5,2,4,8,2,4,5,4,5,5,4,3,1,3,2,2,4,3,4,0,2,0,6,3,4,3,6,5,2,6,4,6,7,5,5,4,6,1,11,6,5,13,5,9,9,13,7,6,11,7,9,4,7,11,5,6,4,5,9,10,8,10,6,11,7,9,5,7,6,2,2,5,2,2,4,1,2,3,3,1,1,1,0,1,1,2,0,1,1,0,1,0,1,0,0,3,0,1,0,0,1,0,0,1]
stat.node.0.util.dram_avg = 5.64051e-06
stat.node.0.walltime_s = 128.145
stat.node.0.active_time_s = 46.7623
stat.node.1.cpu.0.load_issue_to_complete_count = 799
stat.node.1.cpu.0.avg_load_issue_to_complete_lat = 3056.46
stat.node.1.injector.phase_cycles = 2444964
stat.node.1.injector.request_bytes = 788600
stat.node.1.injector.response_bytes = 86400
stat.node.1.injector.aggregate_bytes = 875000
stat.node.1.injector.request_gbps = 6.19278
stat.node.1.injector.response_gbps = 0.678489
stat.node.1.injector.aggregate_gbps = 6.87127
stat.node.1.llc.cxl_miss = 800
stat.node.1.llc.total_miss = 800
stat.node.1.llc.avg_miss_lat = 2835.64
stat.node.1.llc.avg_cxl_lat = 2835.64
stat.node.1.llc.miss_lat_hist_bin_ns = 10
stat.node.1.llc.miss_lat_hist = [0,0,0,0,0,0,0,0,0,0,0,0,0,0,0,0,0,0,0,0,0,0,0,0,0,0,0,0,0,0,0,0,0,0,0,0,0,0,0,0,0,1,5,8,8,1,7,9,4,12,8,8,9,12,8,12,8,6,9,9,6,7,3,4,6,2,6,9,4,6,6,8,5,2,6,4,4,1,1,6,1,6,2,5,4,2,4,2,5,6,0,2,5,5,3,0,1,4,3,3,0,0,2,4,1,4,3,0,0,8,3,1,3,2,4,5,1,4,2,1,2,3,4,4,5,4,3,4,1,11,3,4,7,4,2,8,6,11,10,14,2,6,5,7,6,10,10,10,13,7,11,11,13,11,13,8,8,15,5,12,7,7,7,6,7,9,7,5,8,6,1,2,7,4,5,2,3,5,5,3,6,6,5,3,3,2,2,1,4,0,2,1,1,1,1,1,2,3,0,0,2,0,0,1,0,0,0,0,0,0,1,0,0,0,0,0,0,1,0,0,0,0,0,0,0,1]
stat.node.1.util.dram_avg = 5.40385e-06
stat.node.1.walltime_s = 132.247
stat.node.1.active_time_s = 47.0815
stat.node.7.cpu.0.load_issue_to_complete_count = 799
stat.node.7.cpu.0.avg_load_issue_to_complete_lat = 2751.35
stat.node.7.injector.phase_cycles = 2203016
stat.node.7.injector.request_bytes = 712488
stat.node.7.injector.response_bytes = 78080
stat.node.7.injector.aggregate_bytes = 790568
stat.node.7.injector.request_gbps = 6.20956
stat.node.7.injector.response_gbps = 0.680493
stat.node.7.injector.aggregate_gbps = 6.89006
stat.node.7.llc.cxl_miss = 800
stat.node.7.llc.total_miss = 800
stat.node.7.llc.avg_miss_lat = 2542.47
stat.node.7.llc.avg_cxl_lat = 2542.47
stat.node.7.llc.miss_lat_hist_bin_ns = 10
stat.node.7.llc.miss_lat_hist = [0,0,0,0,0,0,0,0,0,0,0,0,0,0,0,0,0,0,0,0,0,0,0,0,0,0,0,0,0,0,0,0,0,0,0,0,0,0,0,0,0,0,4,10,9,10,8,5,11,14,11,11,8,6,8,11,11,9,15,9,14,7,6,7,5,5,5,7,5,3,5,6,6,4,7,4,5,5,2,2,6,3,6,6,7,5,6,5,3,3,7,6,6,5,6,5,4,11,0,5,4,4,4,2,3,7,3,5,3,4,5,2,4,5,3,2,6,3,4,5,2,5,6,5,6,6,2,2,5,10,6,6,5,7,5,4,5,7,6,9,7,7,10,10,7,4,7,8,6,4,6,6,5,7,5,9,7,8,6,6,7,6,6,3,5,5,5,2,7,4,3,3,1,1,1,2,3,0,1,4,3,0,5,1,1,1,3,1,1,1,0,1,1,2,0,0,1,0,1,0,0,0,0,1]
stat.node.7.util.dram_avg = 5.38551e-06
stat.node.7.walltime_s = 132.597
stat.node.7.active_time_s = 49.1328
stat.pool.107.util.mem_avg = 0.163486
stat.pool.107.util.req_link_avg = 0.999889
stat.pool.107.walltime_s = 132.597
stat.pool.107.active_time_s = 1.33366
stat.pool.106.util.mem_avg = 0.163488
stat.pool.106.util.req_link_avg = 0.999891
stat.pool.106.walltime_s = 132.597
stat.pool.106.active_time_s = 1.34057
stat.pool.105.util.mem_avg = 0.163488
stat.pool.105.util.req_link_avg = 0.999891
stat.pool.105.walltime_s = 132.597
stat.pool.105.active_time_s = 1.34266
stat.pool.104.util.mem_avg = 0.163487
stat.pool.104.util.req_link_avg = 0.99989
stat.pool.104.walltime_s = 132.597
stat.pool.104.active_time_s = 1.35046
stat.pool.103.util.mem_avg = 0.163487
stat.pool.103.util.req_link_avg = 0.99989
stat.pool.103.walltime_s = 132.597
stat.pool.103.active_time_s = 1.36327
stat.pool.102.util.mem_avg = 0.163488
stat.pool.102.util.req_link_avg = 0.99989
stat.pool.102.walltime_s = 132.597
stat.pool.102.active_time_s = 1.38696
stat.pool.101.util.mem_avg = 0.163487
stat.pool.101.util.req_link_avg = 0.99989
stat.pool.101.walltime_s = 132.597
stat.pool.101.active_time_s = 1.39386
stat.pool.100.util.mem_avg = 0.163489
stat.pool.100.util.req_link_avg = 0.999891
stat.pool.100.walltime_s = 132.597
stat.pool.100.active_time_s = 1.49029
stat.switch.replicated_messages = 1421544
stat.switch.util.node_ingress_avg = 0.127776
stat.switch.util.pool_ingress_avg = 0.0250702
stat.switch.bw.host_to_switch_gbps = 6.28071
stat.switch.bw.switch_to_host_gbps = 1.23224
stat.switch.bw.host_link_total_gbps = 7.51295
stat.switch.walltime_s = 132.597
stat.switch.active_time_s = 9.96694
Simulation is complete, simulated time: 1.85832 ms
