stat.node.1.cpu.0.retired = 578
stat.node.1.cpu.0.cycles = 1000000
stat.node.2.cpu.0.retired = 573
stat.node.2.cpu.0.cycles = 1000000
stat.node.3.cpu.0.retired = 578
stat.node.3.cpu.0.cycles = 1000000
stat.node.4.cpu.0.retired = 571
stat.node.4.cpu.0.cycles = 1000000
stat.node.5.cpu.0.retired = 574
stat.node.5.cpu.0.cycles = 1000000
stat.node.6.cpu.0.retired = 575
stat.node.6.cpu.0.cycles = 1000000
stat.node.7.cpu.0.retired = 574
stat.node.7.cpu.0.cycles = 1000000
stat.node.0.cpu.0.retired = 576
stat.node.0.cpu.0.cycles = 1000000
stat.node.7.cpu.0.retired = 1340
stat.node.7.cpu.0.cycles = 2000000
stat.node.1.cpu.0.retired = 1346
stat.node.1.cpu.0.cycles = 2000000
stat.node.2.cpu.0.retired = 1338
stat.node.2.cpu.0.cycles = 2000000
stat.node.3.cpu.0.retired = 1349
stat.node.3.cpu.0.cycles = 2000000
stat.node.4.cpu.0.retired = 1335
stat.node.4.cpu.0.cycles = 2000000
stat.node.5.cpu.0.retired = 1341
stat.node.5.cpu.0.cycles = 2000000
stat.node.6.cpu.0.retired = 1344
stat.node.6.cpu.0.cycles = 2000000
stat.node.0.cpu.0.retired = 1344
stat.node.0.cpu.0.cycles = 2000000
stat.node.3.cpu.0.load_issue_to_complete_count = 799
stat.node.3.cpu.0.avg_load_issue_to_complete_lat = 1259.06
stat.node.3.injector.phase_cycles = 1008040
stat.node.3.injector.request_bytes = 315088
stat.node.3.injector.response_bytes = 128128
stat.node.3.injector.aggregate_bytes = 443216
stat.node.3.injector.request_gbps = 6.00144
stat.node.3.injector.response_gbps = 2.44044
stat.node.3.injector.aggregate_gbps = 8.44187
stat.node.3.llc.cxl_miss = 800
stat.node.3.llc.total_miss = 800
stat.node.3.llc.avg_miss_lat = 1080.17
stat.node.3.llc.avg_cxl_lat = 1080.17
stat.node.3.llc.miss_lat_hist_bin_ns = 10
stat.node.3.llc.miss_lat_hist = [0,0,0,0,0,0,0,0,0,0,0,0,0,0,0,0,0,0,0,0,0,0,0,0,0,0,0,0,0,0,0,0,0,0,0,0,0,0,0,1,16,43,129,210,113,66,46,26,53,43,29,20,4,0,0,1]
stat.node.3.util.dram_avg = 1.03828e-05
stat.node.3.walltime_s = 147.04
stat.node.3.active_time_s = 31.7817
stat.node.1.cpu.0.load_issue_to_complete_count = 799
stat.node.1.cpu.0.avg_load_issue_to_complete_lat = 1263.95
stat.node.1.injector.phase_cycles = 1011982
stat.node.1.injector.request_bytes = 316240
stat.node.1.injector.response_bytes = 128640
stat.node.1.injector.aggregate_bytes = 444880
stat.node.1.injector.request_gbps = 5.99992
stat.node.1.injector.response_gbps = 2.44064
stat.node.1.injector.aggregate_gbps = 8.44056
stat.node.1.llc.cxl_miss = 800
stat.node.1.llc.total_miss = 800
stat.node.1.llc.avg_miss_lat = 1084.94
stat.node.1.llc.avg_cxl_lat = 1084.94
stat.node.1.llc.miss_lat_hist_bin_ns = 10
stat.node.1.llc.miss_lat_hist = [0,0,0,0,0,0,0,0,0,0,0,0,0,0,0,0,0,0,0,0,0,0,0,0,0,0,0,0,0,0,0,0,0,0,0,0,0,0,0,0,17,38,130,198,103,76,32,35,47,57,42,18,5,2]
stat.node.1.util.dram_avg = 1.0365e-05
stat.node.1.walltime_s = 147.272
stat.node.1.active_time_s = 27.91
stat.node.6.cpu.0.load_issue_to_complete_count = 799
stat.node.6.cpu.0.avg_load_issue_to_complete_lat = 1263.45
stat.node.6.injector.phase_cycles = 1011651
stat.node.6.injector.request_bytes = 316168
stat.node.6.injector.response_bytes = 128640
stat.node.6.injector.aggregate_bytes = 444808
stat.node.6.injector.request_gbps = 6.00051
stat.node.6.injector.response_gbps = 2.44144
stat.node.6.injector.aggregate_gbps = 8.44196
stat.node.6.llc.cxl_miss = 800
stat.node.6.llc.total_miss = 800
stat.node.6.llc.avg_miss_lat = 1084.68
stat.node.6.llc.avg_cxl_lat = 1084.68
stat.node.6.llc.miss_lat_hist_bin_ns = 10
stat.node.6.llc.miss_lat_hist = [0,0,0,0,0,0,0,0,0,0,0,0,0,0,0,0,0,0,0,0,0,0,0,0,0,0,0,0,0,0,0,0,0,0,0,0,0,0,0,2,10,21,124,226,123,62,34,34,56,44,33,27,1,3]
stat.node.6.util.dram_avg = 1.03517e-05
stat.node.6.walltime_s = 147.388
stat.node.6.active_time_s = 31.8773
stat.node.0.cpu.0.load_issue_to_complete_count = 799
stat.node.0.cpu.0.avg_load_issue_to_complete_lat = 1268.06
stat.node.0.injector.phase_cycles = 1015213
stat.node.0.injector.request_bytes = 317312
stat.node.0.injector.response_bytes = 129088
stat.node.0.injector.aggregate_bytes = 446400
stat.node.0.injector.request_gbps = 6.0011
stat.node.0.injector.response_gbps = 2.44135
stat.node.0.injector.aggregate_gbps = 8.44245
stat.node.0.llc.cxl_miss = 800
stat.node.0.llc.total_miss = 800
stat.node.0.llc.avg_miss_lat = 1089.3
stat.node.0.llc.avg_cxl_lat = 1089.3
stat.node.0.llc.miss_lat_hist_bin_ns = 10
stat.node.0.llc.miss_lat_hist = [0,0,0,0,0,0,0,0,0,0,0,0,0,0,0,0,0,0,0,0,0,0,0,0,0,0,0,0,0,0,0,0,0,0,0,0,0,0,0,0,11,36,114,187,119,77,38,43,45,53,41,23,10,2,1]
stat.node.0.util.dram_avg = 1.03421e-05
stat.node.0.walltime_s = 147.489
stat.node.0.active_time_s = 27.9937
stat.node.5.cpu.0.load_issue_to_complete_count = 799
stat.node.5.cpu.0.avg_load_issue_to_complete_lat = 1267.52
stat.node.5.injector.phase_cycles = 1014927
stat.node.5.injector.request_bytes = 317184
stat.node.5.injector.response_bytes = 129024
stat.node.5.injector.aggregate_bytes = 446208
stat.node.5.injector.request_gbps = 6.00037
stat.node.5.injector.response_gbps = 2.44083
stat.node.5.injector.aggregate_gbps = 8.44119
stat.node.5.llc.cxl_miss = 800
stat.node.5.llc.total_miss = 800
stat.node.5.llc.avg_miss_lat = 1088.95
stat.node.5.llc.avg_cxl_lat = 1088.95
stat.node.5.llc.miss_lat_hist_bin_ns = 10
stat.node.5.llc.miss_lat_hist = [0,0,0,0,0,0,0,0,0,0,0,0,0,0,0,0,0,0,0,0,0,0,0,0,0,0,0,0,0,0,0,0,0,0,0,0,0,0,0,1,13,33,128,182,96,91,42,40,46,52,44,20,11,1]
stat.node.5.util.dram_avg = 1.03285e-05
stat.node.5.walltime_s = 147.615
stat.node.5.active_time_s = 28.4609
stat.node.7.cpu.0.load_issue_to_complete_count = 799
stat.node.7.cpu.0.avg_load_issue_to_complete_lat = 1268.89
stat.node.7.injector.phase_cycles = 1015952
stat.node.7.injector.request_bytes = 317520
stat.node.7.injector.response_bytes = 129152
stat.node.7.injector.aggregate_bytes = 446672
stat.node.7.injector.request_gbps = 6.00066
stat.node.7.injector.response_gbps = 2.44078
stat.node.7.injector.aggregate_gbps = 8.44144
stat.node.7.llc.cxl_miss = 800
stat.node.7.llc.total_miss = 800
stat.node.7.llc.avg_miss_lat = 1089.98
stat.node.7.llc.avg_cxl_lat = 1089.98
stat.node.7.llc.miss_lat_hist_bin_ns = 10
stat.node.7.llc.miss_lat_hist = [0,0,0,0,0,0,0,0,0,0,0,0,0,0,0,0,0,0,0,0,0,0,0,0,0,0,0,0,0,0,0,0,0,0,0,0,0,0,0,3,18,40,127,176,91,81,28,38,61,52,48,23,9,4,0,1]
stat.node.7.util.dram_avg = 1.03219e-05
stat.node.7.walltime_s = 147.66
stat.node.7.active_time_s = 30.9812
stat.node.2.cpu.0.load_issue_to_complete_count = 799
stat.node.2.cpu.0.avg_load_issue_to_complete_lat = 1269.35
stat.node.2.injector.phase_cycles = 1016365
stat.node.2.injector.request_bytes = 317656
stat.node.2.injector.response_bytes = 129216
stat.node.2.injector.aggregate_bytes = 446872
stat.node.2.injector.request_gbps = 6.00079
stat.node.2.injector.response_gbps = 2.441
stat.node.2.injector.aggregate_gbps = 8.44179
stat.node.2.llc.cxl_miss = 800
stat.node.2.llc.total_miss = 800
stat.node.2.llc.avg_miss_lat = 1090.17
stat.node.2.llc.avg_cxl_lat = 1090.17
stat.node.2.llc.miss_lat_hist_bin_ns = 10
stat.node.2.llc.miss_lat_hist = [0,0,0,0,0,0,0,0,0,0,0,0,0,0,0,0,0,0,0,0,0,0,0,0,0,0,0,0,0,0,0,0,0,0,0,0,0,0,1,10,16,36,120,190,93,64,34,36,51,55,49,27,12,3,3]
stat.node.2.util.dram_avg = 1.03153e-05
stat.node.2.walltime_s = 147.688
stat.node.2.active_time_s = 36.3107
stat.node.4.cpu.0.load_issue_to_complete_count = 799
stat.node.4.cpu.0.avg_load_issue_to_complete_lat = 1272.65
stat.node.4.injector.phase_cycles = 1018974
stat.node.4.injector.request_bytes = 318464
stat.node.4.injector.response_bytes = 129536
stat.node.4.injector.aggregate_bytes = 448000
stat.node.4.injector.request_gbps = 6.00065
stat.node.4.injector.response_gbps = 2.44078
stat.node.4.injector.aggregate_gbps = 8.44143
stat.node.4.llc.cxl_miss = 800
stat.node.4.llc.total_miss = 800
stat.node.4.llc.avg_miss_lat = 1093.53
stat.node.4.llc.avg_cxl_lat = 1093.53
stat.node.4.llc.miss_lat_hist_bin_ns = 10
stat.node.4.llc.miss_lat_hist = [0,0,0,0,0,0,0,0,0,0,0,0,0,0,0,0,0,0,0,0,0,0,0,0,0,0,0,0,0,0,0,0,0,0,0,0,0,0,0,5,28,38,114,138,90,95,52,38,49,62,39,38,11,2,1]
stat.node.4.util.dram_avg = 1.02886e-05
stat.node.4.walltime_s = 147.85
stat.node.4.active_time_s = 28.13
stat.pool.100.util.mem_avg = 0.237389
stat.pool.100.util.req_link_avg = 0.996337
stat.pool.100.walltime_s = 147.85
stat.pool.100.active_time_s = 1.13446
stat.switch.replicated_messages = 86482
stat.switch.util.node_ingress_avg = 0.124573
stat.switch.util.pool_ingress_avg = 0.556976
stat.switch.bw.host_to_switch_gbps = 6.12339
stat.switch.bw.switch_to_host_gbps = 3.42208
stat.switch.bw.host_link_total_gbps = 9.54547
stat.switch.walltime_s = 147.851
stat.switch.active_time_s = 3.72395
Simulation is complete, simulated time: 972.724 us
