stat.node.3.cpu.0.retired = 237
stat.node.3.cpu.0.cycles = 1000000
stat.node.4.cpu.0.retired = 264
stat.node.4.cpu.0.cycles = 1000000
stat.node.5.cpu.0.retired = 231
stat.node.5.cpu.0.cycles = 1000000
stat.node.6.cpu.0.retired = 233
stat.node.6.cpu.0.cycles = 1000000
stat.node.7.cpu.0.retired = 231
stat.node.7.cpu.0.cycles = 1000000
stat.node.0.cpu.0.retired = 269
stat.node.1.cpu.0.retired = 316
stat.node.1.cpu.0.cycles = 1000000
stat.node.2.cpu.0.retired = 205
stat.node.2.cpu.0.cycles = 1000000
stat.node.0.cpu.0.cycles = 1000000
stat.node.2.cpu.0.retired = 412
stat.node.2.cpu.0.cycles = 2000000
stat.node.1.cpu.0.retired = 552
stat.node.1.cpu.0.cycles = 2000000
stat.node.3.cpu.0.retired = 452
stat.node.3.cpu.0.cycles = 2000000
stat.node.4.cpu.0.retired = 489
stat.node.4.cpu.0.cycles = 2000000
stat.node.5.cpu.0.retired = 444
stat.node.5.cpu.0.cycles = 2000000
stat.node.6.cpu.0.retired = 447
stat.node.6.cpu.0.cycles = 2000000
stat.node.0.cpu.0.retired = 497
stat.node.0.cpu.0.cycles = 2000000
stat.node.7.cpu.0.retired = 443
stat.node.7.cpu.0.cycles = 2000000
stat.node.1.cpu.0.retired = 803
stat.node.1.cpu.0.cycles = 3000000
stat.node.3.cpu.0.retired = 704
stat.node.3.cpu.0.cycles = 3000000
stat.node.4.cpu.0.retired = 757
stat.node.5.cpu.0.retired = 696
stat.node.5.cpu.0.cycles = 3000000
stat.node.7.cpu.0.retired = 694
stat.node.7.cpu.0.cycles = 3000000
stat.node.0.cpu.0.retired = 748
stat.node.0.cpu.0.cycles = 3000000
stat.node.6.cpu.0.retired = 699
stat.node.6.cpu.0.cycles = 3000000
stat.node.2.cpu.0.retired = 665
stat.node.2.cpu.0.cycles = 3000000
stat.node.4.cpu.0.cycles = 3000000
stat.node.5.cpu.0.retired = 961
stat.node.5.cpu.0.cycles = 4000000
stat.node.1.cpu.0.retired = 1071
stat.node.1.cpu.0.cycles = 4000000
stat.node.3.cpu.0.retired = 971
stat.node.3.cpu.0.cycles = 4000000
stat.node.2.cpu.0.retired = 926
stat.node.2.cpu.0.cycles = 4000000
stat.node.4.cpu.0.retired = 1048
stat.node.4.cpu.0.cycles = 4000000
stat.node.7.cpu.0.retired = 958
stat.node.7.cpu.0.cycles = 4000000
stat.node.0.cpu.0.retired = 1016
stat.node.0.cpu.0.cycles = 4000000
stat.node.6.cpu.0.retired = 961
stat.node.6.cpu.0.cycles = 4000000
stat.node.4.cpu.0.retired = 1317
stat.node.4.cpu.0.cycles = 5000000
stat.node.7.cpu.0.retired = 1229
stat.node.7.cpu.0.cycles = 5000000
stat.node.0.cpu.0.retired = 1287
stat.node.2.cpu.0.retired = 1198
stat.node.2.cpu.0.cycles = 5000000
stat.node.5.cpu.0.retired = 1229
stat.node.5.cpu.0.cycles = 5000000
stat.node.1.cpu.0.retired = 1345
stat.node.1.cpu.0.cycles = 5000000
stat.node.3.cpu.0.retired = 1242
stat.node.3.cpu.0.cycles = 5000000
stat.node.6.cpu.0.retired = 1231
stat.node.6.cpu.0.cycles = 5000000
stat.node.0.cpu.0.cycles = 5000000
stat.node.1.cpu.0.load_issue_to_complete_count = 799
stat.node.1.cpu.0.avg_load_issue_to_complete_lat = 3686.22
stat.node.1.injector.phase_cycles = 2949753
stat.node.1.injector.request_bytes = 1052520
stat.node.1.injector.response_bytes = 1329664
stat.node.1.injector.aggregate_bytes = 2382184
stat.node.1.injector.request_gbps = 6.85087
stat.node.1.injector.response_gbps = 8.65481
stat.node.1.injector.aggregate_gbps = 15.5057
stat.node.1.llc.cxl_miss = 800
stat.node.1.llc.total_miss = 800
stat.node.1.llc.avg_miss_lat = 3469.63
stat.node.1.llc.avg_cxl_lat = 3469.63
stat.node.1.llc.miss_lat_hist_bin_ns = 10
stat.node.1.llc.miss_lat_hist = [0,0,0,0,0,0,0,0,0,0,0,0,0,0,0,0,0,0,0,0,0,0,0,0,0,0,0,0,0,0,0,0,0,0,0,0,0,0,0,0,0,0,0,0,0,0,0,0,0,0,0,0,0,0,0,0,0,0,0,0,0,0,0,0,0,0,0,0,0,0,0,0,0,0,0,0,0,0,0,0,0,0,0,0,0,0,0,0,0,0,0,0,0,0,0,0,0,0,0,0,0,0,1,0,0,0,1,1,1,3,1,0,2,6,5,4,3,4,6,6,5,5,5,13,4,18,12,12,11,17,19,10,18,21,18,17,23,23,20,14,21,19,16,20,18,18,18,16,22,16,17,15,16,20,17,21,23,12,12,8,14,8,6,9,10,5,6,10,8,3,2,1,3,3,9,1,1,2,3,2,2,2,2,1,1,0,2,0,2,0,1,2,2,0,0,0,0,0,0,0,0,0,0,0,0,1,0,0,0,0,0,0,1,0,0,0,0,0,0,0,0,0,0,0,0,0,0,0,0,0,0,0,1]
stat.node.1.util.dram_avg = 4.04317e-06
stat.node.1.walltime_s = 573.498
stat.node.1.active_time_s = 90.6743
stat.node.7.cpu.0.retired = 1503
stat.node.7.cpu.0.cycles = 6000000
stat.node.6.cpu.0.retired = 1503
stat.node.6.cpu.0.cycles = 6000000
stat.node.2.cpu.0.retired = 1468
stat.node.2.cpu.0.cycles = 6000000
stat.node.5.cpu.0.retired = 1499
stat.node.5.cpu.0.cycles = 6000000
stat.node.0.cpu.0.retired = 1561
stat.node.0.cpu.0.cycles = 6000000
stat.node.1.cpu.0.retired = 1617
stat.node.3.cpu.0.retired = 1514
stat.node.3.cpu.0.cycles = 6000000
stat.node.4.cpu.0.retired = 1590
stat.node.4.cpu.0.cycles = 6000000
stat.node.1.cpu.0.cycles = 6000000
stat.node.4.cpu.0.load_issue_to_complete_count = 799
stat.node.4.cpu.0.avg_load_issue_to_complete_lat = 3634.99
stat.node.4.injector.phase_cycles = 2909200
stat.node.4.injector.request_bytes = 1036560
stat.node.4.injector.response_bytes = 1309312
stat.node.4.injector.aggregate_bytes = 2345872
stat.node.4.injector.request_gbps = 6.84104
stat.node.4.injector.response_gbps = 8.64114
stat.node.4.injector.aggregate_gbps = 15.4822
stat.node.4.llc.cxl_miss = 800
stat.node.4.llc.total_miss = 800
stat.node.4.llc.avg_miss_lat = 3419.83
stat.node.4.llc.avg_cxl_lat = 3419.83
stat.node.4.llc.miss_lat_hist_bin_ns = 10
stat.node.4.llc.miss_lat_hist = [0,0,0,0,0,0,0,0,0,0,0,0,0,0,0,0,0,0,0,0,0,0,0,0,0,0,0,0,0,0,0,0,0,0,0,0,0,0,0,0,0,0,0,0,0,0,0,0,0,0,0,0,0,0,0,0,2,0,1,0,0,0,0,0,0,0,1,0,0,0,0,0,0,0,0,0,0,0,0,0,0,0,0,1,0,0,1,0,0,0,4,0,0,1,0,0,0,0,0,2,1,2,3,0,0,1,4,2,2,3,4,2,4,6,4,8,6,8,6,7,6,6,4,9,9,9,13,13,13,13,14,13,11,15,17,19,16,29,17,20,24,19,19,15,18,18,13,17,15,27,12,19,4,13,19,12,16,18,8,12,6,6,10,7,12,10,6,9,7,3,6,6,2,3,1,3,3,2,2,4,3,3,1,0,1,5,0,4,1,1,0,1,0,0,1,1]
stat.node.4.util.dram_avg = 3.97867e-06
stat.node.4.walltime_s = 586.953
stat.node.4.active_time_s = 80.3055
stat.node.0.cpu.0.load_issue_to_complete_count = 799
stat.node.0.cpu.0.avg_load_issue_to_complete_lat = 3682.41
stat.node.0.injector.phase_cycles = 2946725
stat.node.0.injector.request_bytes = 1053280
stat.node.0.injector.response_bytes = 1330368
stat.node.0.injector.aggregate_bytes = 2383648
stat.node.0.injector.request_gbps = 6.86287
stat.node.0.injector.response_gbps = 8.66829
stat.node.0.injector.aggregate_gbps = 15.5312
stat.node.0.llc.cxl_miss = 800
stat.node.0.llc.total_miss = 800
stat.node.0.llc.avg_miss_lat = 3464.86
stat.node.0.llc.avg_cxl_lat = 3464.86
stat.node.0.llc.miss_lat_hist_bin_ns = 10
stat.node.0.llc.miss_lat_hist = [0,0,0,0,0,0,0,0,0,0,0,0,0,0,0,0,0,0,0,0,0,0,0,0,0,0,0,0,0,0,0,0,0,0,0,0,0,0,0,0,0,0,0,0,0,0,0,0,0,0,0,0,0,0,0,0,0,0,0,0,0,0,0,0,0,0,0,0,0,0,0,0,0,0,0,0,0,0,0,0,0,0,0,0,0,0,0,0,0,0,0,0,0,0,0,0,0,0,0,0,0,0,0,0,0,1,0,1,0,3,3,1,2,1,6,1,4,2,4,8,5,11,11,14,13,13,11,11,13,15,12,19,21,16,29,18,17,14,16,17,19,21,17,22,14,21,18,15,19,24,16,16,16,10,16,18,16,10,7,15,14,8,5,7,14,7,12,5,9,2,5,9,4,4,2,2,3,2,3,3,0,1,3,0,0,1,1,1,2,0,4,2,1,1]
stat.node.0.util.dram_avg = 3.90588e-06
stat.node.0.walltime_s = 592.819
stat.node.0.active_time_s = 77.5839
stat.node.3.cpu.0.load_issue_to_complete_count = 799
stat.node.3.cpu.0.avg_load_issue_to_complete_lat = 3682.07
stat.node.3.injector.phase_cycles = 2946160
stat.node.3.injector.request_bytes = 1050856
stat.node.3.injector.response_bytes = 1327616
stat.node.3.injector.aggregate_bytes = 2378472
stat.node.3.injector.request_gbps = 6.84838
stat.node.3.injector.response_gbps = 8.65202
stat.node.3.injector.aggregate_gbps = 15.5004
stat.node.3.llc.cxl_miss = 800
stat.node.3.llc.total_miss = 800
stat.node.3.llc.avg_miss_lat = 3466.73
stat.node.3.llc.avg_cxl_lat = 3466.73
stat.node.3.llc.miss_lat_hist_bin_ns = 10
stat.node.3.llc.miss_lat_hist = [0,0,0,0,0,0,0,0,0,0,0,0,0,0,0,0,0,0,0,0,0,0,0,0,0,0,0,0,0,0,0,0,0,0,0,0,0,0,0,0,0,0,0,0,0,0,0,0,0,0,0,0,0,0,0,0,0,0,0,0,0,0,0,0,0,0,0,0,0,0,0,0,0,0,0,0,0,0,0,0,0,0,0,0,0,0,0,0,0,0,0,0,0,0,0,0,0,0,0,0,0,0,1,0,0,2,1,2,0,1,1,1,3,3,1,4,3,5,8,7,8,12,11,13,7,14,9,14,14,11,13,17,17,14,14,19,25,23,20,21,18,14,16,18,20,22,24,20,18,21,18,14,16,19,10,9,10,14,8,8,18,8,14,6,10,7,18,4,4,4,2,1,5,3,1,3,1,2,5,3,4,0,3,0,0,3,3,1,1,0,2,1,0,1,0,2,0,0,1,0,0,0,0,0,0,0,1,0,0,0,1,0,0,0,0,0,0,0,0,0,0,1]
stat.node.3.util.dram_avg = 3.80457e-06
stat.node.3.walltime_s = 597.367
stat.node.3.active_time_s = 84.3158
stat.node.6.cpu.0.load_issue_to_complete_count = 799
stat.node.6.cpu.0.avg_load_issue_to_complete_lat = 3688.55
stat.node.6.injector.phase_cycles = 2952004
stat.node.6.injector.request_bytes = 1052824
stat.node.6.injector.response_bytes = 1329856
stat.node.6.injector.aggregate_bytes = 2382680
stat.node.6.injector.request_gbps = 6.84763
stat.node.6.injector.response_gbps = 8.64946
stat.node.6.injector.aggregate_gbps = 15.4971
stat.node.6.llc.cxl_miss = 800
stat.node.6.llc.total_miss = 800
stat.node.6.llc.avg_miss_lat = 3473.19
stat.node.6.llc.avg_cxl_lat = 3473.19
stat.node.6.llc.miss_lat_hist_bin_ns = 10
stat.node.6.llc.miss_lat_hist = [0,0,0,0,0,0,0,0,0,0,0,0,0,0,0,0,0,0,0,0,0,0,0,0,0,0,0,0,0,0,0,0,0,0,0,0,0,0,0,0,0,0,0,0,0,0,0,0,0,0,0,0,0,0,0,0,0,0,0,0,0,0,0,0,0,0,0,0,0,0,0,0,0,0,0,0,0,0,0,0,0,0,0,0,0,0,0,0,0,0,0,0,0,0,0,1,0,0,0,0,0,0,0,0,1,0,1,2,0,0,2,2,2,3,6,1,3,4,5,5,6,3,11,7,10,11,15,11,20,17,11,13,11,14,28,26,22,17,18,19,26,18,23,21,29,19,15,25,12,12,10,15,14,13,18,10,11,13,16,8,13,13,12,10,8,9,4,2,6,9,3,4,2,4,3,4,5,2,0,4,7,3,3,1,2,1,1,1,1,1,1,1,1,0,0,1,0,1,0,1]
stat.node.6.util.dram_avg = 3.78148e-06
stat.node.6.walltime_s = 598.387
stat.node.6.active_time_s = 101.518
stat.node.7.cpu.0.load_issue_to_complete_count = 799
stat.node.7.cpu.0.avg_load_issue_to_complete_lat = 3668.08
stat.node.7.injector.phase_cycles = 2935294
stat.node.7.injector.request_bytes = 1051464
stat.node.7.injector.response_bytes = 1328192
stat.node.7.injector.aggregate_bytes = 2379656
stat.node.7.injector.request_gbps = 6.87771
stat.node.7.injector.response_gbps = 8.68781
stat.node.7.injector.aggregate_gbps = 15.5655
stat.node.7.llc.cxl_miss = 800
stat.node.7.llc.total_miss = 800
stat.node.7.llc.avg_miss_lat = 3451.17
stat.node.7.llc.avg_cxl_lat = 3451.17
stat.node.7.llc.miss_lat_hist_bin_ns = 10
stat.node.7.llc.miss_lat_hist = [0,0,0,0,0,0,0,0,0,0,0,0,0,0,0,0,0,0,0,0,0,0,0,0,0,0,0,0,0,0,0,0,0,0,0,0,0,0,0,0,0,0,0,0,0,0,0,0,0,0,0,0,0,0,0,0,0,0,0,0,0,0,0,0,0,0,0,0,0,0,0,0,0,0,0,0,0,0,0,0,0,0,0,0,0,0,0,0,0,0,0,0,0,0,0,0,0,0,1,0,0,1,0,0,0,0,1,0,0,0,1,0,2,3,2,4,6,6,3,6,6,6,8,10,9,11,18,17,8,17,11,25,9,19,20,23,21,28,33,22,31,20,15,20,14,17,24,16,17,18,13,18,20,8,10,15,12,10,13,13,12,9,6,8,6,9,5,4,6,5,3,3,8,3,3,5,1,2,1,1,4,1,1,3,0,1,2,1,0,1,1,0,0,0,0,0,0,0,0,1,0,0,0,0,2,0,0,0,0,0,0,0,0,0,0,0,0,0,0,0,0,0,0,1]
stat.node.7.util.dram_avg = 3.78023e-06
stat.node.7.walltime_s = 598.459
stat.node.7.active_time_s = 90.5544
stat.node.5.cpu.0.load_issue_to_complete_count = 799
stat.node.5.cpu.0.avg_load_issue_to_complete_lat = 3694.87
stat.node.5.injector.phase_cycles = 2956775
stat.node.5.injector.request_bytes = 1051008
stat.node.5.injector.response_bytes = 1327552
stat.node.5.injector.aggregate_bytes = 2378560
stat.node.5.injector.request_gbps = 6.82478
stat.node.5.injector.response_gbps = 8.62054
stat.node.5.injector.aggregate_gbps = 15.4453
stat.node.5.llc.cxl_miss = 800
stat.node.5.llc.total_miss = 800
stat.node.5.llc.avg_miss_lat = 3477.76
stat.node.5.llc.avg_cxl_lat = 3477.76
stat.node.5.llc.miss_lat_hist_bin_ns = 10
stat.node.5.llc.miss_lat_hist = [0,0,0,0,0,0,0,0,0,0,0,0,0,0,0,0,0,0,0,0,0,0,0,0,0,0,0,0,0,0,0,0,0,0,0,0,0,0,0,0,0,0,0,0,0,0,0,0,0,0,0,0,0,0,0,0,0,0,0,0,0,0,0,0,0,0,0,0,0,0,0,0,0,0,0,0,0,0,0,0,0,0,0,0,0,0,0,0,0,0,0,0,0,0,0,0,0,0,0,0,0,0,0,0,0,0,0,0,0,0,3,0,2,0,2,1,4,4,4,5,9,9,11,5,15,5,14,14,15,15,18,16,13,26,17,16,24,20,21,17,21,22,18,22,11,31,20,23,19,13,17,15,17,14,12,14,13,20,7,10,12,10,10,10,9,4,1,11,6,7,5,7,3,4,4,3,2,6,3,0,2,2,2,1,0,2,1,2,0,0,1,1,2,0,0,0,0,0,0,1,1,0,1]
stat.node.5.util.dram_avg = 3.77594e-06
stat.node.5.walltime_s = 598.67
stat.node.5.active_time_s = 84.8177
stat.node.2.cpu.0.load_issue_to_complete_count = 799
stat.node.2.cpu.0.avg_load_issue_to_complete_lat = 3671.25
stat.node.2.injector.phase_cycles = 2938150
stat.node.2.injector.request_bytes = 1048720
stat.node.2.injector.response_bytes = 1324608
stat.node.2.injector.aggregate_bytes = 2373328
stat.node.2.injector.request_gbps = 6.8531
stat.node.2.injector.response_gbps = 8.65595
stat.node.2.injector.aggregate_gbps = 15.509
stat.node.2.llc.cxl_miss = 800
stat.node.2.llc.total_miss = 800
stat.node.2.llc.avg_miss_lat = 3452.46
stat.node.2.llc.avg_cxl_lat = 3452.46
stat.node.2.llc.miss_lat_hist_bin_ns = 10
stat.node.2.llc.miss_lat_hist = [0,0,0,0,0,0,0,0,0,0,0,0,0,0,0,0,0,0,0,0,0,0,0,0,0,0,0,0,0,0,0,0,0,0,0,0,0,0,0,0,0,0,0,0,0,0,0,0,0,0,0,0,0,0,0,0,0,0,0,0,0,0,0,0,0,0,0,0,0,0,0,0,0,0,0,0,0,0,0,0,0,0,0,0,0,0,0,0,0,0,0,0,0,0,0,0,0,0,0,0,0,0,0,0,1,2,0,2,0,0,4,2,4,3,3,4,4,11,6,8,7,10,10,5,4,8,12,11,5,10,28,22,11,17,14,21,19,27,18,16,21,23,24,26,22,21,16,23,19,11,13,12,19,14,15,13,17,13,13,14,13,8,12,5,9,6,6,6,5,7,5,2,6,1,2,1,5,5,1,4,1,0,0,2,1,0,1,2,0,2,1,0,1,0,0,0,0,0,0,1,0,0,0,0,0,0,0,0,1]
stat.node.2.util.dram_avg = 3.7115e-06
stat.node.2.walltime_s = 602.247
stat.node.2.active_time_s = 85.1338
stat.pool.102.util.mem_avg = 0.228468
stat.pool.102.util.req_link_avg = 0.999924
stat.pool.102.walltime_s = 602.247
stat.pool.102.active_time_s = 2.6925
stat.pool.101.util.mem_avg = 0.228465
stat.pool.101.util.req_link_avg = 0.999924
stat.pool.101.walltime_s = 602.247
stat.pool.101.active_time_s = 2.63873
stat.pool.100.util.mem_avg = 0.228465
stat.pool.100.util.req_link_avg = 0.999923
stat.pool.100.walltime_s = 602.247
stat.pool.100.active_time_s = 2.77879
stat.switch.replicated_messages = 728502
stat.switch.util.node_ingress_avg = 0.140313
stat.switch.util.pool_ingress_avg = 0.489145
stat.switch.bw.host_to_switch_gbps = 6.89682
stat.switch.bw.switch_to_host_gbps = 9.01595
stat.switch.bw.host_link_total_gbps = 15.9128
stat.switch.walltime_s = 602.247
stat.switch.active_time_s = 13.6728
Simulation is complete, simulated time: 2.69648 ms
