stat.node.4.cpu.0.retired = 984
stat.node.4.cpu.0.cycles = 1000000
stat.node.5.cpu.0.retired = 984
stat.node.5.cpu.0.cycles = 1000000
stat.node.6.cpu.0.retired = 984
stat.node.6.cpu.0.cycles = 1000000
stat.node.7.cpu.0.retired = 984
stat.node.7.cpu.0.cycles = 1000000
stat.node.0.cpu.0.retired = 984
stat.node.0.cpu.0.cycles = 1000000
stat.node.2.cpu.0.retired = 984
stat.node.2.cpu.0.cycles = 1000000
stat.node.3.cpu.0.retired = 984
stat.node.3.cpu.0.cycles = 1000000
stat.node.1.cpu.0.retired = 985
stat.node.1.cpu.0.cycles = 1000000
stat.node.1.cpu.0.load_issue_to_complete_count = 799
stat.node.1.cpu.0.avg_load_issue_to_complete_lat = 803.278
stat.node.1.injector.phase_cycles = 643510
stat.node.1.injector.request_bytes = 10104
stat.node.1.injector.response_bytes = 12672
stat.node.1.injector.aggregate_bytes = 22776
stat.node.1.injector.request_gbps = 0.301467
stat.node.1.injector.response_gbps = 0.378086
stat.node.1.injector.aggregate_gbps = 0.679553
stat.node.1.llc.cxl_miss = 800
stat.node.1.llc.total_miss = 800
stat.node.1.llc.avg_miss_lat = 631.419
stat.node.1.llc.avg_cxl_lat = 631.419
stat.node.1.llc.miss_lat_hist_bin_ns = 10
stat.node.1.llc.miss_lat_hist = [0,0,0,0,0,0,0,0,0,0,0,0,0,0,0,0,0,0,0,0,0,0,0,0,0,0,757,7,3,7,6,6,5,6,3]
stat.node.1.util.dram_avg = 1.61234e-05
stat.node.1.walltime_s = 168.687
stat.node.1.active_time_s = 18.0145
stat.node.6.cpu.0.load_issue_to_complete_count = 799
stat.node.6.cpu.0.avg_load_issue_to_complete_lat = 804.478
stat.node.6.injector.phase_cycles = 644469
stat.node.6.injector.request_bytes = 10104
stat.node.6.injector.response_bytes = 12736
stat.node.6.injector.aggregate_bytes = 22840
stat.node.6.injector.request_gbps = 0.301018
stat.node.6.injector.response_gbps = 0.379431
stat.node.6.injector.aggregate_gbps = 0.680449
stat.node.6.llc.cxl_miss = 800
stat.node.6.llc.total_miss = 800
stat.node.6.llc.avg_miss_lat = 632.644
stat.node.6.llc.avg_cxl_lat = 632.644
stat.node.6.llc.miss_lat_hist_bin_ns = 10
stat.node.6.llc.miss_lat_hist = [0,0,0,0,0,0,0,0,0,0,0,0,0,0,0,0,0,0,0,0,0,0,0,0,0,0,748,7,9,4,7,9,10,2,4]
stat.node.6.util.dram_avg = 1.61055e-05
stat.node.6.walltime_s = 168.883
stat.node.6.active_time_s = 17.9895
stat.node.3.cpu.0.load_issue_to_complete_count = 799
stat.node.0.cpu.0.load_issue_to_complete_count = 799
stat.node.0.cpu.0.avg_load_issue_to_complete_lat = 803.927
stat.node.0.injector.phase_cycles = 644029
stat.node.0.injector.request_bytes = 10032
stat.node.0.injector.response_bytes = 12736
stat.node.0.injector.aggregate_bytes = 22768
stat.node.0.injector.request_gbps = 0.299077
stat.node.0.injector.response_gbps = 0.37969
stat.node.0.injector.aggregate_gbps = 0.678767
stat.node.0.llc.cxl_miss = 800
stat.node.0.llc.total_miss = 800
stat.node.0.llc.avg_miss_lat = 632.07
stat.node.0.llc.avg_cxl_lat = 632.07
stat.node.0.llc.miss_lat_hist_bin_ns = 10
stat.node.0.llc.miss_lat_hist = [0,0,0,0,0,0,0,0,0,0,0,0,0,0,0,0,0,0,0,0,0,0,0,0,0,0,755,4,6,4,3,11,11,3,3]
stat.node.0.util.dram_avg = 1.61007e-05
stat.node.0.walltime_s = 168.916
stat.node.0.active_time_s = 22.6135
stat.node.3.cpu.0.avg_load_issue_to_complete_lat = 803.851
stat.node.3.injector.phase_cycles = 643968
stat.node.3.injector.request_bytes = 10032
stat.node.3.injector.response_bytes = 12736
stat.node.3.injector.aggregate_bytes = 22768
stat.node.3.injector.request_gbps = 0.299106
stat.node.3.injector.response_gbps = 0.379726
stat.node.3.injector.aggregate_gbps = 0.678831
stat.node.3.llc.cxl_miss = 800
stat.node.3.llc.total_miss = 800
stat.node.3.llc.avg_miss_lat = 632.025
stat.node.3.llc.avg_cxl_lat = 632.025
stat.node.3.llc.miss_lat_hist_bin_ns = 10
stat.node.3.llc.miss_lat_hist = [0,0,0,0,0,0,0,0,0,0,0,0,0,0,0,0,0,0,0,0,0,0,0,0,0,0,746,10,5,12,4,9,10,2,1,1]
stat.node.3.util.dram_avg = 1.61007e-05
stat.node.3.walltime_s = 168.932
stat.node.3.active_time_s = 21.9507
stat.node.5.cpu.0.load_issue_to_complete_count = 799
stat.node.5.cpu.0.avg_load_issue_to_complete_lat = 804.318
stat.node.5.injector.phase_cycles = 644341
stat.node.5.injector.request_bytes = 10032
stat.node.5.injector.response_bytes = 12736
stat.node.5.injector.aggregate_bytes = 22768
stat.node.5.injector.request_gbps = 0.298932
stat.node.5.injector.response_gbps = 0.379506
stat.node.5.injector.aggregate_gbps = 0.678438
stat.node.5.llc.cxl_miss = 800
stat.node.5.llc.total_miss = 800
stat.node.5.llc.avg_miss_lat = 632.477
stat.node.5.llc.avg_cxl_lat = 632.477
stat.node.5.llc.miss_lat_hist_bin_ns = 10
stat.node.5.llc.miss_lat_hist = [0,0,0,0,0,0,0,0,0,0,0,0,0,0,0,0,0,0,0,0,0,0,0,0,0,0,751,12,4,3,1,6,11,6,4,2]
stat.node.5.util.dram_avg = 1.60976e-05
stat.node.5.walltime_s = 168.978
stat.node.5.active_time_s = 22.4981
stat.node.4.cpu.0.load_issue_to_complete_count = 799
stat.node.4.cpu.0.avg_load_issue_to_complete_lat = 804.272
stat.node.4.injector.phase_cycles = 644304
stat.node.4.injector.request_bytes = 10032
stat.node.4.injector.response_bytes = 12736
stat.node.4.injector.aggregate_bytes = 22768
stat.node.4.injector.request_gbps = 0.29895
stat.node.4.injector.response_gbps = 0.379528
stat.node.4.injector.aggregate_gbps = 0.678477
stat.node.4.llc.cxl_miss = 800
stat.node.4.llc.total_miss = 800
stat.node.4.llc.avg_miss_lat = 632.445
stat.node.4.llc.avg_cxl_lat = 632.445
stat.node.4.llc.miss_lat_hist_bin_ns = 10
stat.node.4.llc.miss_lat_hist = [0,0,0,0,0,0,0,0,0,0,0,0,0,0,0,0,0,0,0,0,0,0,0,0,0,0,757,7,3,3,0,6,11,5,2,5,1]
stat.node.4.util.dram_avg = 1.60973e-05
stat.node.4.walltime_s = 169.037
stat.node.4.active_time_s = 19.8634
stat.node.2.cpu.0.load_issue_to_complete_count = 799
stat.node.2.cpu.0.avg_load_issue_to_complete_lat = 803.537
stat.node.2.injector.phase_cycles = 643717
stat.node.2.injector.request_bytes = 10032
stat.node.7.cpu.0.load_issue_to_complete_count = 799
stat.node.7.cpu.0.avg_load_issue_to_complete_lat = 804.411
stat.node.2.injector.response_bytes = 12672
stat.node.2.injector.aggregate_bytes = 22704
stat.node.2.injector.request_gbps = 0.299222
stat.node.2.injector.response_gbps = 0.377965
stat.node.2.injector.aggregate_gbps = 0.677187
stat.node.2.llc.cxl_miss = 800
stat.node.2.llc.total_miss = 800
stat.node.2.llc.avg_miss_lat = 631.773
stat.node.2.llc.avg_cxl_lat = 631.773
stat.node.2.llc.miss_lat_hist_bin_ns = 10
stat.node.7.injector.phase_cycles = 644415
stat.node.7.injector.request_bytes = 10032
stat.node.7.injector.response_bytes = 12736
stat.node.7.injector.aggregate_bytes = 22768
stat.node.7.injector.request_gbps = 0.298898
stat.node.7.injector.response_gbps = 0.379462
stat.node.7.injector.aggregate_gbps = 0.67836
stat.node.7.llc.cxl_miss = 800
stat.node.7.llc.total_miss = 800
stat.node.7.llc.avg_miss_lat = 632.504
stat.node.7.llc.avg_cxl_lat = 632.504
stat.node.7.llc.miss_lat_hist_bin_ns = 10
stat.node.7.llc.miss_lat_hist = [0,0,0,0,0,0,0,0,0,0,0,0,0,0,0,0,0,0,0,0,0,0,0,0,0,0,754,8,5,3,1,4,11,8,6]
stat.node.7.util.dram_avg = 1.60963e-05
stat.node.7.walltime_s = 169.166
stat.node.7.active_time_s = 18.725
stat.pool.101.util.mem_avg = 0.0314157
stat.pool.101.util.req_link_avg = 0.0604593
stat.pool.101.walltime_s = 169.166
stat.pool.101.active_time_s = 0.470589
stat.pool.100.util.mem_avg = 0.0314157
stat.pool.100.util.req_link_avg = 0.0604593
stat.pool.100.walltime_s = 169.166
stat.pool.100.active_time_s = 0.533608
stat.switch.replicated_messages = 4896
stat.switch.util.node_ingress_avg = 0.00998444
stat.switch.util.pool_ingress_avg = 0.155297
stat.node.2.llc.miss_lat_hist = [0,0,0,0,0,0,0,0,0,0,0,0,0,0,0,0,0,0,0,0,0,0,0,0,0,0,757,8,3,5,6,0,10,3,5,3]
stat.node.2.util.dram_avg = 1.60963e-05
stat.node.2.walltime_s = 169.166
stat.node.2.active_time_s = 24.43
stat.switch.bw.host_to_switch_gbps = 0.490781
stat.switch.bw.switch_to_host_gbps = 1.90827
stat.switch.bw.host_link_total_gbps = 2.39905
stat.switch.walltime_s = 169.166
stat.switch.active_time_s = 2.25545
Simulation is complete, simulated time: 621.76 us
