stat.node.7.cpu.0.retired = 736
stat.node.7.cpu.0.cycles = 1000000
stat.node.0.cpu.0.retired = 736
stat.node.0.cpu.0.cycles = 1000000
stat.node.1.cpu.0.retired = 735
stat.node.1.cpu.0.cycles = 1000000
stat.node.2.cpu.0.retired = 735
stat.node.2.cpu.0.cycles = 1000000
stat.node.3.cpu.0.retired = 735
stat.node.3.cpu.0.cycles = 1000000
stat.node.4.cpu.0.retired = 736
stat.node.4.cpu.0.cycles = 1000000
stat.node.5.cpu.0.retired = 736
stat.node.5.cpu.0.cycles = 1000000
stat.node.6.cpu.0.retired = 736
stat.node.6.cpu.0.cycles = 1000000
stat.node.4.cpu.0.load_issue_to_complete_count = 799
stat.node.4.cpu.0.avg_load_issue_to_complete_lat = 1038.89
stat.node.4.injector.phase_cycles = 831900
stat.node.4.injector.request_bytes = 26776
stat.node.4.injector.response_bytes = 214208
stat.node.4.injector.aggregate_bytes = 240984
stat.node.4.injector.request_gbps = 0.617982
stat.node.4.injector.response_gbps = 4.94386
stat.node.4.injector.aggregate_gbps = 5.56184
stat.node.4.llc.cxl_miss = 800
stat.node.4.llc.total_miss = 800
stat.node.4.llc.avg_miss_lat = 863.004
stat.node.4.llc.avg_cxl_lat = 863.004
stat.node.4.llc.miss_lat_hist_bin_ns = 10
stat.node.4.llc.miss_lat_hist = [0,0,0,0,0,0,0,0,0,0,0,0,0,0,0,0,0,0,0,0,0,0,0,0,0,0,0,0,0,0,9,106,95,56,49,46,46,64,137,177,15]
stat.node.4.util.dram_avg = 1.26258e-05
stat.node.4.walltime_s = 145.667
stat.node.4.active_time_s = 21.8877
stat.node.5.cpu.0.load_issue_to_complete_count = 799
stat.node.5.cpu.0.avg_load_issue_to_complete_lat = 1038.96
stat.node.5.injector.phase_cycles = 831975
stat.node.5.injector.request_bytes = 26784
stat.node.5.injector.response_bytes = 214208
stat.node.5.injector.aggregate_bytes = 240992
stat.node.5.injector.request_gbps = 0.618111
stat.node.5.injector.response_gbps = 4.94341
stat.node.5.injector.aggregate_gbps = 5.56152
stat.node.5.llc.cxl_miss = 800
stat.node.5.llc.total_miss = 800
stat.node.5.llc.avg_miss_lat = 862.441
stat.node.5.llc.avg_cxl_lat = 862.441
stat.node.5.llc.miss_lat_hist_bin_ns = 10
stat.node.5.llc.miss_lat_hist = [0,0,0,0,0,0,0,0,0,0,0,0,0,0,0,0,0,0,0,0,0,0,0,0,0,0,0,0,0,0,16,141,63,53,46,48,43,48,102,222,17,1]
stat.node.5.util.dram_avg = 1.2624e-05
stat.node.5.walltime_s = 145.656
stat.node.5.active_time_s = 22.9352
stat.node.6.cpu.0.load_issue_to_complete_count = 799
stat.node.6.cpu.0.avg_load_issue_to_complete_lat = 1039.33
stat.node.6.injector.phase_cycles = 832375
stat.node.6.injector.request_bytes = 26792
stat.node.6.injector.response_bytes = 214336
stat.node.6.injector.aggregate_bytes = 241128
stat.node.6.injector.request_gbps = 0.617998
stat.node.6.injector.response_gbps = 4.94399
stat.node.6.injector.aggregate_gbps = 5.56199
stat.node.6.llc.cxl_miss = 800
stat.node.6.llc.total_miss = 800
stat.node.6.llc.avg_miss_lat = 862.847
stat.node.6.llc.avg_cxl_lat = 862.847
stat.node.6.llc.miss_lat_hist_bin_ns = 10
stat.node.6.llc.miss_lat_hist = [0,0,0,0,0,0,0,0,0,0,0,0,0,0,0,0,0,0,0,0,0,0,0,0,0,0,0,0,0,0,20,168,32,59,40,39,41,61,55,273,12]
stat.node.6.util.dram_avg = 1.26209e-05
stat.node.6.walltime_s = 145.724
stat.node.6.active_time_s = 31.7206
stat.node.7.cpu.0.load_issue_to_complete_count = 799
stat.node.7.cpu.0.avg_load_issue_to_complete_lat = 1039.58
stat.node.7.injector.phase_cycles = 832450
stat.node.7.injector.request_bytes = 26800
stat.node.7.injector.response_bytes = 214336
stat.node.7.injector.aggregate_bytes = 241136
stat.node.7.injector.request_gbps = 0.618127
stat.node.7.injector.response_gbps = 4.94354
stat.node.7.injector.aggregate_gbps = 5.56167
stat.node.7.llc.cxl_miss = 800
stat.node.7.llc.total_miss = 800
stat.node.7.llc.avg_miss_lat = 863.379
stat.node.7.llc.avg_cxl_lat = 863.379
stat.node.7.llc.miss_lat_hist_bin_ns = 10
stat.node.7.llc.miss_lat_hist = [0,0,0,0,0,0,0,0,0,0,0,0,0,0,0,0,0,0,0,0,0,0,0,0,0,0,0,0,0,0,20,163,49,35,55,39,51,25,71,277,15]
stat.node.7.util.dram_avg = 1.2619e-05
stat.node.7.walltime_s = 145.753
stat.node.7.active_time_s = 23.4313
stat.node.0.cpu.0.load_issue_to_complete_count = 799
stat.node.0.cpu.0.avg_load_issue_to_complete_lat = 1039.39
stat.node.0.injector.phase_cycles = 832425
stat.node.0.injector.request_bytes = 26800
stat.node.0.injector.response_bytes = 214336
stat.node.0.injector.aggregate_bytes = 241136
stat.node.0.injector.request_gbps = 0.618146
stat.node.0.injector.response_gbps = 4.94369
stat.node.0.injector.aggregate_gbps = 5.56184
stat.node.0.llc.cxl_miss = 800
stat.node.0.llc.total_miss = 800
stat.node.0.llc.avg_miss_lat = 862.91
stat.node.0.llc.avg_cxl_lat = 862.91
stat.node.0.llc.miss_lat_hist_bin_ns = 10
stat.node.0.llc.miss_lat_hist = [0,0,0,0,0,0,0,0,0,0,0,0,0,0,0,0,0,0,0,0,0,0,0,0,0,0,0,0,0,0,15,167,37,66,48,8,62,49,75,261,12]
stat.node.0.util.dram_avg = 1.26189e-05
stat.node.0.walltime_s = 145.754
stat.node.0.active_time_s = 33.3331
stat.node.1.cpu.0.load_issue_to_complete_count = 799
stat.node.1.cpu.0.avg_load_issue_to_complete_lat = 1039.61
stat.node.1.injector.phase_cycles = 832475
stat.node.1.injector.request_bytes = 26800
stat.node.1.injector.response_bytes = 214336
stat.node.1.injector.aggregate_bytes = 241136
stat.node.1.injector.request_gbps = 0.618109
stat.node.1.injector.response_gbps = 4.94339
stat.node.1.injector.aggregate_gbps = 5.5615
stat.node.1.llc.cxl_miss = 800
stat.node.1.llc.total_miss = 800
stat.node.1.llc.avg_miss_lat = 862.91
stat.node.1.llc.avg_cxl_lat = 862.91
stat.node.1.llc.miss_lat_hist_bin_ns = 10
stat.node.1.llc.miss_lat_hist = [0,0,0,0,0,0,0,0,0,0,0,0,0,0,0,0,0,0,0,0,0,0,0,0,0,0,0,0,0,0,19,172,32,52,43,44,51,42,49,281,15]
stat.node.1.util.dram_avg = 1.26172e-05
stat.node.1.walltime_s = 145.775
stat.node.1.active_time_s = 21.7743
stat.node.2.cpu.0.load_issue_to_complete_count = 799
stat.node.2.cpu.0.avg_load_issue_to_complete_lat = 1039.64
stat.node.2.injector.phase_cycles = 832650
stat.node.2.injector.request_bytes = 26808
stat.node.2.injector.response_bytes = 214400
stat.node.2.injector.aggregate_bytes = 241208
stat.node.2.injector.request_gbps = 0.618163
stat.node.2.injector.response_gbps = 4.94383
stat.node.2.injector.aggregate_gbps = 5.56199
stat.node.2.llc.cxl_miss = 800
stat.node.2.llc.total_miss = 800
stat.node.2.llc.avg_miss_lat = 863.379
stat.node.2.llc.avg_cxl_lat = 863.379
stat.node.2.llc.miss_lat_hist_bin_ns = 10
stat.node.2.llc.miss_lat_hist = [0,0,0,0,0,0,0,0,0,0,0,0,0,0,0,0,0,0,0,0,0,0,0,0,0,0,0,0,0,0,21,149,65,50,35,31,46,38,96,252,17]
stat.node.2.util.dram_avg = 1.26157e-05
stat.node.2.walltime_s = 145.788
stat.node.2.active_time_s = 23.4956
stat.node.3.cpu.0.load_issue_to_complete_count = 799
stat.node.3.cpu.0.avg_load_issue_to_complete_lat = 1039.89
stat.node.3.injector.phase_cycles = 832675
stat.node.3.injector.request_bytes = 26808
stat.node.3.injector.response_bytes = 214400
stat.node.3.injector.aggregate_bytes = 241208
stat.node.3.injector.request_gbps = 0.618145
stat.node.3.injector.response_gbps = 4.94368
stat.node.3.injector.aggregate_gbps = 5.56183
stat.node.3.llc.cxl_miss = 800
stat.node.3.llc.total_miss = 800
stat.node.3.llc.avg_miss_lat = 863.285
stat.node.3.llc.avg_cxl_lat = 863.285
stat.node.3.llc.miss_lat_hist_bin_ns = 10
stat.node.3.llc.miss_lat_hist = [0,0,0,0,0,0,0,0,0,0,0,0,0,0,0,0,0,0,0,0,0,0,0,0,0,0,0,0,0,0,15,128,100,41,32,38,30,38,162,201,15]
stat.node.3.util.dram_avg = 1.26141e-05
stat.node.3.walltime_s = 145.805
stat.node.3.active_time_s = 29.6288
stat.pool.100.util.mem_avg = 0.159944
stat.pool.100.util.req_link_avg = 0.124965
stat.pool.100.walltime_s = 145.817
stat.pool.100.active_time_s = 0.878302
stat.switch.replicated_messages = 0
stat.switch.util.node_ingress_avg = 0.0156217
stat.switch.util.pool_ingress_avg = 0.999465
stat.switch.bw.host_to_switch_gbps = 0.767914
stat.switch.bw.switch_to_host_gbps = 6.14073
stat.switch.bw.host_link_total_gbps = 6.90864
stat.switch.walltime_s = 145.817
stat.switch.active_time_s = 2.64019
Simulation is complete, simulated time: 793.4 us
