stat.node.6.cpu.0.retired = 909
stat.node.6.cpu.0.cycles = 1000000
stat.node.7.cpu.0.retired = 973
stat.node.0.cpu.0.retired = 945
stat.node.0.cpu.0.cycles = 1000000
stat.node.1.cpu.0.retired = 895
stat.node.1.cpu.0.cycles = 1000000
stat.node.2.cpu.0.retired = 972
stat.node.2.cpu.0.cycles = 1000000
stat.node.3.cpu.0.retired = 895
stat.node.3.cpu.0.cycles = 1000000
stat.node.4.cpu.0.retired = 976
stat.node.4.cpu.0.cycles = 1000000
stat.node.5.cpu.0.retired = 970
stat.node.5.cpu.0.cycles = 1000000
stat.node.7.cpu.0.cycles = 1000000
stat.node.4.cpu.0.load_issue_to_complete_count = 799
stat.node.4.cpu.0.avg_load_issue_to_complete_lat = 827.817
stat.node.4.injector.phase_cycles = 663313
stat.node.4.injector.request_bytes = 197144
stat.node.4.injector.response_bytes = 47808
stat.node.4.injector.aggregate_bytes = 244952
stat.node.4.injector.request_gbps = 5.70645
stat.node.4.injector.response_gbps = 1.38383
stat.node.4.injector.aggregate_gbps = 7.09029
stat.node.4.llc.cxl_miss = 800
stat.node.4.llc.total_miss = 800
stat.node.4.llc.avg_miss_lat = 655.886
stat.node.4.llc.avg_cxl_lat = 655.886
stat.node.4.llc.miss_lat_hist_bin_ns = 10
stat.node.4.llc.miss_lat_hist = [0,0,0,0,0,0,0,0,0,0,0,0,0,0,0,0,0,0,0,0,0,0,0,0,0,0,682,6,0,0,0,0,0,47,65]
stat.node.4.util.dram_avg = 1.58515e-05
stat.node.4.walltime_s = 152.472
stat.node.4.active_time_s = 19.5151
stat.node.2.cpu.0.load_issue_to_complete_count = 799
stat.node.2.cpu.0.avg_load_issue_to_complete_lat = 825.625
stat.node.2.injector.phase_cycles = 661538
stat.node.2.injector.request_bytes = 196616
stat.node.2.injector.response_bytes = 47680
stat.node.2.injector.aggregate_bytes = 244296
stat.node.2.injector.request_gbps = 5.70644
stat.node.2.injector.response_gbps = 1.38383
stat.node.2.injector.aggregate_gbps = 7.09027
stat.node.2.llc.cxl_miss = 800
stat.node.2.llc.total_miss = 800
stat.node.2.llc.avg_miss_lat = 653.9
stat.node.2.llc.avg_cxl_lat = 653.9
stat.node.2.llc.miss_lat_hist_bin_ns = 10
stat.node.2.llc.miss_lat_hist = [0,0,0,0,0,0,0,0,0,0,0,0,0,0,0,0,0,0,0,0,0,0,0,0,0,0,677,18,0,0,0,0,1,71,33]
stat.node.2.util.dram_avg = 1.58422e-05
stat.node.2.walltime_s = 152.491
stat.node.2.active_time_s = 17.7905
stat.node.7.cpu.0.load_issue_to_complete_count = 799
stat.node.7.cpu.0.avg_load_issue_to_complete_lat = 828.354
stat.node.7.injector.phase_cycles = 663717
stat.node.7.injector.request_bytes = 197272
stat.node.7.injector.response_bytes = 47872
stat.node.7.injector.aggregate_bytes = 245144
stat.node.7.injector.request_gbps = 5.70668
stat.node.7.injector.response_gbps = 1.38484
stat.node.7.injector.aggregate_gbps = 7.09152
stat.node.7.llc.cxl_miss = 800
stat.node.7.llc.total_miss = 800
stat.node.7.llc.avg_miss_lat = 655.995
stat.node.7.llc.avg_cxl_lat = 655.995
stat.node.7.llc.miss_lat_hist_bin_ns = 10
stat.node.7.llc.miss_lat_hist = [0,0,0,0,0,0,0,0,0,0,0,0,0,0,0,0,0,0,0,0,0,0,0,0,0,0,609,59,18,2,0,0,57,55]
stat.node.7.util.dram_avg = 1.5838e-05
stat.node.7.walltime_s = 152.52
stat.node.7.active_time_s = 20.8864
stat.node.5.cpu.0.load_issue_to_complete_count = 799
stat.node.5.cpu.0.avg_load_issue_to_complete_lat = 832.549
stat.node.5.injector.phase_cycles = 667020
stat.node.5.injector.request_bytes = 198264
stat.node.5.injector.response_bytes = 48064
stat.node.5.injector.aggregate_bytes = 246328
stat.node.5.injector.request_gbps = 5.70698
stat.node.5.injector.response_gbps = 1.38351
stat.node.5.injector.aggregate_gbps = 7.09049
stat.node.5.llc.cxl_miss = 800
stat.node.5.llc.total_miss = 800
stat.node.5.llc.avg_miss_lat = 659.961
stat.node.5.llc.avg_cxl_lat = 659.961
stat.node.5.llc.miss_lat_hist_bin_ns = 10
stat.node.5.llc.miss_lat_hist = [0,0,0,0,0,0,0,0,0,0,0,0,0,0,0,0,0,0,0,0,0,0,0,0,0,0,544,40,66,22,2,52,74]
stat.node.5.util.dram_avg = 1.57759e-05
stat.node.5.walltime_s = 152.747
stat.node.5.active_time_s = 20.9319
stat.node.0.cpu.0.load_issue_to_complete_count = 799
stat.node.0.cpu.0.avg_load_issue_to_complete_lat = 842.713
stat.node.0.injector.phase_cycles = 675090
stat.node.0.injector.request_bytes = 200640
stat.node.0.injector.response_bytes = 48640
stat.node.0.injector.aggregate_bytes = 249280
stat.node.0.injector.request_gbps = 5.70633
stat.node.0.injector.response_gbps = 1.38335
stat.node.0.injector.aggregate_gbps = 7.08969
stat.node.0.llc.cxl_miss = 800
stat.node.0.llc.total_miss = 800
stat.node.0.llc.avg_miss_lat = 670.464
stat.node.0.llc.avg_cxl_lat = 670.464
stat.node.0.llc.miss_lat_hist_bin_ns = 10
stat.node.0.llc.miss_lat_hist = [0,0,0,0,0,0,0,0,0,0,0,0,0,0,0,0,0,0,0,0,0,0,0,0,0,0,467,5,36,103,64,125]
stat.node.0.util.dram_avg = 1.54845e-05
stat.node.0.walltime_s = 153.957
stat.node.0.active_time_s = 28.673
stat.node.6.cpu.0.load_issue_to_complete_count = 799
stat.node.6.cpu.0.avg_load_issue_to_complete_lat = 859.483
stat.node.6.injector.phase_cycles = 688514
stat.node.6.injector.request_bytes = 204600
stat.node.6.injector.response_bytes = 49600
stat.node.6.injector.aggregate_bytes = 254200
stat.node.6.injector.request_gbps = 5.7055
stat.node.6.injector.response_gbps = 1.38315
stat.node.6.injector.aggregate_gbps = 7.08866
stat.node.6.llc.cxl_miss = 800
stat.node.6.llc.total_miss = 800
stat.node.6.llc.avg_miss_lat = 687.265
stat.node.6.llc.avg_cxl_lat = 687.265
stat.node.6.llc.miss_lat_hist_bin_ns = 10
stat.node.6.llc.miss_lat_hist = [0,0,0,0,0,0,0,0,0,0,0,0,0,0,0,0,0,0,0,0,0,0,0,0,0,0,347,3,0,100,310,39,1]
stat.node.6.util.dram_avg = 1.50672e-05
stat.node.6.walltime_s = 155.167
stat.node.6.active_time_s = 19.5718
stat.node.3.cpu.0.load_issue_to_complete_count = 799
stat.node.3.cpu.0.avg_load_issue_to_complete_lat = 867.821
stat.node.3.injector.phase_cycles = 695201
stat.node.3.injector.request_bytes = 206584
stat.node.3.injector.response_bytes = 50112
stat.node.3.injector.aggregate_bytes = 256696
stat.node.3.injector.request_gbps = 5.70542
stat.node.3.injector.response_gbps = 1.38399
stat.node.3.injector.aggregate_gbps = 7.08941
stat.node.3.llc.cxl_miss = 800
stat.node.3.llc.total_miss = 800
stat.node.3.llc.avg_miss_lat = 694.616
stat.node.3.llc.avg_cxl_lat = 694.616
stat.node.3.llc.miss_lat_hist_bin_ns = 10
stat.node.3.llc.miss_lat_hist = [0,0,0,0,0,0,0,0,0,0,0,0,0,0,0,0,0,0,0,0,0,0,0,0,0,0,294,4,42,206,57,165,32]
stat.node.3.util.dram_avg = 1.48928e-05
stat.node.3.walltime_s = 155.55
stat.node.3.active_time_s = 21.9586
stat.node.1.cpu.0.load_issue_to_complete_count = 799
stat.node.1.cpu.0.avg_load_issue_to_complete_lat = 874.77
stat.node.1.injector.phase_cycles = 700778
stat.node.1.injector.request_bytes = 208232
stat.node.1.injector.response_bytes = 50496
stat.node.1.injector.aggregate_bytes = 258728
stat.node.1.injector.request_gbps = 5.70517
stat.node.1.injector.response_gbps = 1.3835
stat.node.1.injector.aggregate_gbps = 7.08866
stat.node.1.llc.cxl_miss = 800
stat.node.1.llc.total_miss = 800
stat.node.1.llc.avg_miss_lat = 702.034
stat.node.1.llc.avg_cxl_lat = 702.034
stat.node.1.llc.miss_lat_hist_bin_ns = 10
stat.node.1.llc.miss_lat_hist = [0,0,0,0,0,0,0,0,0,0,0,0,0,0,0,0,0,0,0,0,0,0,0,0,0,0,226,44,246,3,0,68,200,13]
stat.node.1.util.dram_avg = 1.48417e-05
stat.node.1.walltime_s = 155.665
stat.node.1.active_time_s = 20.7085
stat.pool.104.util.mem_avg = 0.158896
stat.pool.104.util.req_link_avg = 0.91195
stat.pool.104.walltime_s = 155.653
stat.pool.104.active_time_s = 0.633748
stat.pool.103.util.mem_avg = 0.158898
stat.pool.103.util.req_link_avg = 0.911952
stat.pool.103.walltime_s = 155.653
stat.pool.103.active_time_s = 0.563709
stat.pool.102.util.mem_avg = 0.158898
stat.pool.102.util.req_link_avg = 0.911952
stat.pool.102.walltime_s = 155.653
stat.pool.102.active_time_s = 0.571777
stat.pool.101.util.mem_avg = 0.158898
stat.pool.101.util.req_link_avg = 0.911952
stat.pool.101.walltime_s = 155.653
stat.pool.101.active_time_s = 0.589684
stat.pool.100.util.mem_avg = 0.158898
stat.pool.100.util.req_link_avg = 0.911952
stat.pool.100.walltime_s = 155.653
stat.pool.100.active_time_s = 0.612982
stat.switch.replicated_messages = 291240
stat.switch.util.node_ingress_avg = 0.119813
stat.switch.util.pool_ingress_avg = 0.092826
stat.switch.bw.host_to_switch_gbps = 5.88935
stat.switch.bw.switch_to_host_gbps = 2.8514
stat.switch.bw.host_link_total_gbps = 8.74075
stat.switch.walltime_s = 155.653
stat.switch.active_time_s = 3.34127
Simulation is complete, simulated time: 674.318 us
