stat.node.5.cpu.0.retired = 468
stat.node.5.cpu.0.cycles = 1000000
stat.node.6.cpu.0.retired = 463
stat.node.7.cpu.0.retired = 450
stat.node.7.cpu.0.cycles = 1000000
stat.node.0.cpu.0.retired = 473
stat.node.0.cpu.0.cycles = 1000000
stat.node.1.cpu.0.retired = 461
stat.node.1.cpu.0.cycles = 1000000
stat.node.2.cpu.0.retired = 457
stat.node.2.cpu.0.cycles = 1000000
stat.node.3.cpu.0.retired = 483
stat.node.3.cpu.0.cycles = 1000000
stat.node.4.cpu.0.retired = 461
stat.node.4.cpu.0.cycles = 1000000
stat.node.6.cpu.0.cycles = 1000000
stat.node.4.cpu.0.retired = 902
stat.node.4.cpu.0.cycles = 2000000
stat.node.6.cpu.0.retired = 937
stat.node.6.cpu.0.cycles = 2000000
stat.node.7.cpu.0.retired = 950
stat.node.7.cpu.0.cycles = 2000000
stat.node.0.cpu.0.retired = 988
stat.node.0.cpu.0.cycles = 2000000
stat.node.1.cpu.0.retired = 949
stat.node.1.cpu.0.cycles = 2000000
stat.node.2.cpu.0.retired = 913
stat.node.2.cpu.0.cycles = 2000000
stat.node.3.cpu.0.retired = 923
stat.node.5.cpu.0.retired = 922
stat.node.5.cpu.0.cycles = 2000000
stat.node.3.cpu.0.cycles = 2000000
stat.node.0.cpu.0.retired = 1498
stat.node.0.cpu.0.cycles = 3000000
stat.node.1.cpu.0.retired = 1435
stat.node.1.cpu.0.cycles = 3000000
stat.node.2.cpu.0.retired = 1357
stat.node.2.cpu.0.cycles = 3000000
stat.node.5.cpu.0.retired = 1398
stat.node.5.cpu.0.cycles = 3000000
stat.node.4.cpu.0.retired = 1318
stat.node.4.cpu.0.cycles = 3000000
stat.node.3.cpu.0.retired = 1291
stat.node.6.cpu.0.retired = 1318
stat.node.6.cpu.0.cycles = 3000000
stat.node.7.cpu.0.retired = 1399
stat.node.7.cpu.0.cycles = 3000000
stat.node.3.cpu.0.cycles = 3000000
stat.node.0.cpu.0.load_issue_to_complete_count = 799
stat.node.0.cpu.0.avg_load_issue_to_complete_lat = 2067.17
stat.node.0.injector.phase_cycles = 1653995
stat.node.0.injector.request_bytes = 534880
stat.node.0.injector.response_bytes = 58624
stat.node.0.injector.aggregate_bytes = 593504
stat.node.0.injector.request_gbps = 6.20902
stat.node.0.injector.response_gbps = 0.680522
stat.node.0.injector.aggregate_gbps = 6.88955
stat.node.0.llc.cxl_miss = 800
stat.node.0.llc.total_miss = 800
stat.node.0.llc.avg_miss_lat = 1871.28
stat.node.0.llc.avg_cxl_lat = 1871.28
stat.node.0.llc.miss_lat_hist_bin_ns = 10
stat.node.0.llc.miss_lat_hist = [0,0,0,0,0,0,0,0,0,0,0,0,0,0,0,0,0,0,0,0,0,0,0,0,0,0,0,0,0,0,0,0,0,0,0,0,0,0,0,0,0,1,6,11,19,10,8,15,15,17,22,14,29,25,17,14,7,19,15,20,11,16,13,13,8,16,14,14,2,9,6,7,7,10,9,5,17,7,10,8,13,9,14,13,10,8,6,9,5,14,7,7,8,11,7,4,6,9,6,1,4,3,2,4,4,3,4,2,1,3,5,6,3,2,3,1,0,4,3,3,1,3,5,1,3,5,4,3,2,1,2,0,2,2,1,4,2,1,1,1,4,2,1,0,2,0,3,1,0,3,2,1,1,1,1,2,0,1,0,1,1,2,1,1,1,1,2,1,0,0,0,1,0,0,0,0,1,0,1,0,0,0,0,1,0,1,1,0,0,0,0,0,0,0,0,0,0,0,0,0,0,1]
stat.node.0.util.dram_avg = 7.30566e-06
stat.node.0.walltime_s = 370.249
stat.node.0.active_time_s = 42.6139
stat.node.5.cpu.0.load_issue_to_complete_count = 799
stat.node.5.cpu.0.avg_load_issue_to_complete_lat = 2125.03
stat.node.5.injector.phase_cycles = 1702011
stat.node.5.injector.request_bytes = 550384
stat.node.5.injector.response_bytes = 60352
stat.node.5.injector.aggregate_bytes = 610736
stat.node.5.injector.request_gbps = 6.20876
stat.node.5.injector.response_gbps = 0.680817
stat.node.5.injector.aggregate_gbps = 6.88957
stat.node.5.llc.cxl_miss = 800
stat.node.5.llc.total_miss = 800
stat.node.5.llc.avg_miss_lat = 1927.94
stat.node.5.llc.avg_cxl_lat = 1927.94
stat.node.5.llc.miss_lat_hist_bin_ns = 10
stat.node.5.llc.miss_lat_hist = [0,0,0,0,0,0,0,0,0,0,0,0,0,0,0,0,0,0,0,0,0,0,0,0,0,0,0,0,0,0,0,0,0,0,0,0,0,0,0,0,0,2,5,15,15,12,16,9,20,14,18,14,17,19,18,16,13,12,11,11,23,19,9,11,10,12,16,5,8,12,8,13,13,8,17,14,8,10,7,2,6,6,8,6,6,5,12,9,9,8,6,6,9,6,6,3,10,6,8,6,5,7,7,5,2,4,3,4,6,4,2,4,4,4,1,2,2,3,7,3,1,3,3,2,3,1,3,2,3,0,2,2,1,0,0,1,2,2,2,0,1,4,3,2,1,4,3,2,0,0,1,3,2,3,5,2,2,5,3,2,0,3,2,1,0,4,0,0,0,1,0,1,0,0,0,0,0,1,0,0,0,0,0,0,0,0,0,0,0,1,0,0,0,0,0,0,0,0,1,0,0,1,0,0,1]
stat.node.5.util.dram_avg = 7.06282e-06
stat.node.5.walltime_s = 398.854
stat.node.5.active_time_s = 47.2295
stat.node.1.cpu.0.load_issue_to_complete_count = 799
stat.node.1.cpu.0.avg_load_issue_to_complete_lat = 2197.15
stat.node.1.injector.phase_cycles = 1758783
stat.node.1.injector.request_bytes = 568744
stat.node.1.injector.response_bytes = 62336
stat.node.1.injector.aggregate_bytes = 631080
stat.node.1.injector.request_gbps = 6.20877
stat.node.1.injector.response_gbps = 0.6805
stat.node.1.injector.aggregate_gbps = 6.88927
stat.node.1.llc.cxl_miss = 800
stat.node.1.llc.total_miss = 800
stat.node.1.llc.avg_miss_lat = 2001.99
stat.node.1.llc.avg_cxl_lat = 2001.99
stat.node.1.llc.miss_lat_hist_bin_ns = 10
stat.node.1.llc.miss_lat_hist = [0,0,0,0,0,0,0,0,0,0,0,0,0,0,0,0,0,0,0,0,0,0,0,0,0,0,0,0,0,0,0,0,0,0,0,0,0,0,0,0,0,1,9,12,12,10,11,14,19,9,15,20,19,17,6,12,14,10,20,14,10,16,19,7,13,9,15,16,8,6,13,14,7,11,9,10,5,5,12,10,4,9,12,8,9,5,9,6,8,4,8,4,10,4,5,7,5,3,12,7,4,3,4,5,6,7,3,7,4,5,6,2,3,2,5,2,0,0,2,8,2,1,3,3,4,3,1,3,4,3,3,2,3,0,2,2,2,2,0,1,1,2,4,5,5,1,4,1,2,1,2,3,2,1,3,1,2,2,3,2,1,0,0,1,1,3,1,3,2,1,2,1,0,1,2,1,1,0,1,2,0,1,3,1,2,0,0,0,0,0,0,0,0,0,0,0,1,1]
stat.node.1.util.dram_avg = 6.96187e-06
stat.node.1.walltime_s = 411.891
stat.node.1.active_time_s = 46.4766
stat.node.7.cpu.0.load_issue_to_complete_count = 799
stat.node.7.cpu.0.avg_load_issue_to_complete_lat = 2271.06
stat.node.7.injector.phase_cycles = 1817678
stat.node.7.injector.request_bytes = 587768
stat.node.7.injector.response_bytes = 64448
stat.node.7.injector.aggregate_bytes = 652216
stat.node.7.injector.request_gbps = 6.20855
stat.node.7.injector.response_gbps = 0.68076
stat.node.7.injector.aggregate_gbps = 6.88931
stat.node.7.llc.cxl_miss = 800
stat.node.7.llc.total_miss = 800
stat.node.7.llc.avg_miss_lat = 2074.45
stat.node.7.llc.avg_cxl_lat = 2074.45
stat.node.7.llc.miss_lat_hist_bin_ns = 10
stat.node.7.llc.miss_lat_hist = [0,0,0,0,0,0,0,0,0,0,0,0,0,0,0,0,0,0,0,0,0,0,0,0,0,0,0,0,0,0,0,0,0,0,0,0,0,0,0,0,0,0,3,19,16,17,10,13,16,11,7,16,12,11,19,17,13,12,12,7,8,15,13,10,16,14,16,8,16,12,15,7,7,12,17,14,4,3,7,8,6,7,11,7,10,7,8,10,9,4,5,6,10,6,9,1,2,5,5,2,4,1,4,5,3,3,0,3,2,4,5,3,2,0,2,2,3,5,1,2,3,1,0,2,4,1,3,0,2,4,6,1,3,1,2,1,2,2,4,3,6,3,4,6,1,2,3,4,7,1,5,4,2,4,6,5,4,2,1,2,1,1,2,2,1,2,1,3,0,3,0,5,1,1,4,2,1,2,1,0,2,2,0,1,2,1,0,0,1,1,0,0,0,0,0,0,0,1,0,1,0,0,0,0,0,0,0,0,0,0,0,0,0,0,0,0,0,1]
stat.node.7.util.dram_avg = 6.81405e-06
stat.node.7.walltime_s = 418.6
stat.node.7.active_time_s = 43.3894
stat.node.4.cpu.0.load_issue_to_complete_count = 799
stat.node.4.cpu.0.avg_load_issue_to_complete_lat = 2222.47
stat.node.4.injector.phase_cycles = 1779183
stat.node.4.injector.request_bytes = 575368
stat.node.4.injector.response_bytes = 63040
stat.node.4.injector.aggregate_bytes = 638408
stat.node.4.injector.request_gbps = 6.20907
stat.node.4.injector.response_gbps = 0.680294
stat.node.4.injector.aggregate_gbps = 6.88936
stat.node.4.llc.cxl_miss = 800
stat.node.4.llc.total_miss = 800
stat.node.4.llc.avg_miss_lat = 2022.57
stat.node.4.llc.avg_cxl_lat = 2022.57
stat.node.4.llc.miss_lat_hist_bin_ns = 10
stat.node.4.llc.miss_lat_hist = [0,0,0,0,0,0,0,0,0,0,0,0,0,0,0,0,0,0,0,0,0,0,0,0,0,0,0,0,0,0,0,0,0,0,0,0,0,0,0,0,0,0,6,18,14,14,12,13,13,9,14,22,16,13,14,16,16,10,16,16,11,8,13,12,16,12,11,15,10,4,5,6,7,14,8,11,9,6,5,13,11,6,6,5,5,7,15,3,3,8,5,6,8,7,2,3,7,6,1,7,5,4,7,7,5,6,5,3,6,3,4,4,3,5,6,2,2,0,7,1,4,3,6,3,8,6,4,3,0,4,1,1,2,5,3,1,4,3,2,4,3,2,4,3,2,7,4,4,3,3,0,2,4,1,3,5,2,0,1,1,1,1,1,1,3,1,1,1,1,0,1,0,0,4,0,1,1,2,2,1,1,0,0,0,0,0,0,1]
stat.node.4.util.dram_avg = 6.77406e-06
stat.node.4.walltime_s = 419.694
stat.node.4.active_time_s = 49.2718
stat.node.2.cpu.0.load_issue_to_complete_count = 799
stat.node.2.cpu.0.avg_load_issue_to_complete_lat = 2236.72
stat.node.2.injector.phase_cycles = 1789849
stat.node.2.injector.request_bytes = 578808
stat.node.2.injector.response_bytes = 63360
stat.node.2.injector.aggregate_bytes = 642168
stat.node.2.injector.request_gbps = 6.20897
stat.node.2.injector.response_gbps = 0.679673
stat.node.2.injector.aggregate_gbps = 6.88864
stat.node.2.llc.cxl_miss = 800
stat.node.2.llc.total_miss = 800
stat.node.2.llc.avg_miss_lat = 2039.36
stat.node.2.llc.avg_cxl_lat = 2039.36
stat.node.2.llc.miss_lat_hist_bin_ns = 10
stat.node.2.llc.miss_lat_hist = [0,0,0,0,0,0,0,0,0,0,0,0,0,0,0,0,0,0,0,0,0,0,0,0,0,0,0,0,0,0,0,0,0,0,0,0,0,0,0,0,0,0,5,14,15,13,13,12,14,16,10,12,8,11,9,16,9,15,13,11,8,10,14,12,11,9,11,19,10,10,10,14,11,6,10,13,11,5,6,11,7,11,6,5,7,7,3,8,12,7,3,7,6,8,11,4,6,5,7,4,2,2,5,9,9,8,7,3,5,3,3,7,3,5,6,9,10,3,3,5,1,8,4,3,5,3,3,4,4,9,3,7,1,1,2,2,6,3,4,3,2,3,2,1,3,3,1,5,1,1,3,4,3,2,3,0,1,0,3,1,0,1,0,1,2,0,1,0,0,0,0,2,0,1,0,2,0,0,1,0,1,0,0,0,0,0,0,0,1,0,0,0,0,0,0,0,0,0,0,0,0,0,0,0,0,0,0,0,1]
stat.node.2.util.dram_avg = 6.75999e-06
stat.node.2.walltime_s = 419.976
stat.node.2.active_time_s = 55.1276
stat.node.3.cpu.0.load_issue_to_complete_count = 799
stat.node.3.cpu.0.avg_load_issue_to_complete_lat = 2254.85
stat.node.3.injector.phase_cycles = 1804009
stat.node.3.injector.request_bytes = 583352
stat.node.3.injector.response_bytes = 63936
stat.node.3.injector.aggregate_bytes = 647288
stat.node.3.injector.request_gbps = 6.20859
stat.node.3.injector.response_gbps = 0.680468
stat.node.3.injector.aggregate_gbps = 6.88906
stat.node.3.llc.cxl_miss = 800
stat.node.3.llc.total_miss = 800
stat.node.3.llc.avg_miss_lat = 2057.99
stat.node.3.llc.avg_cxl_lat = 2057.99
stat.node.3.llc.miss_lat_hist_bin_ns = 10
stat.node.3.llc.miss_lat_hist = [0,0,0,0,0,0,0,0,0,0,0,0,0,0,0,0,0,0,0,0,0,0,0,0,0,0,0,0,0,0,0,0,0,0,0,0,0,0,0,0,0,1,3,13,15,9,13,4,19,16,17,16,19,12,9,9,11,15,11,11,14,8,8,15,20,14,16,6,14,4,18,11,12,11,12,10,7,7,5,6,12,11,11,8,6,8,3,5,3,4,8,10,2,6,6,5,5,5,5,7,2,3,7,4,4,3,2,5,8,0,4,3,5,3,1,3,7,0,6,3,4,3,4,2,5,5,1,3,7,4,4,2,2,7,0,4,7,5,1,3,2,5,3,0,7,1,1,0,2,3,3,1,5,3,3,1,3,3,2,3,3,2,1,1,3,1,1,2,0,2,0,4,1,2,1,0,0,0,0,0,0,0,0,0,0,1,0,2,1,2,0,1,0,1]
stat.node.3.util.dram_avg = 6.74725e-06
stat.node.3.walltime_s = 420.248
stat.node.3.active_time_s = 52.2786
stat.node.6.cpu.0.load_issue_to_complete_count = 799
stat.node.6.cpu.0.avg_load_issue_to_complete_lat = 2547.14
stat.node.6.injector.phase_cycles = 2037372
stat.node.6.injector.request_bytes = 658816
stat.node.6.injector.response_bytes = 72128
stat.node.6.injector.aggregate_bytes = 730944
stat.node.6.injector.request_gbps = 6.20862
stat.node.6.injector.response_gbps = 0.679727
stat.node.6.injector.aggregate_gbps = 6.88835
stat.node.6.llc.cxl_miss = 800
stat.node.6.llc.total_miss = 800
stat.node.6.llc.avg_miss_lat = 2340
stat.node.6.llc.avg_cxl_lat = 2340
stat.node.6.llc.miss_lat_hist_bin_ns = 10
stat.node.6.llc.miss_lat_hist = [0,0,0,0,0,0,0,0,0,0,0,0,0,0,0,0,0,0,0,0,0,0,0,0,0,0,0,0,0,0,0,0,0,0,0,0,0,0,0,0,0,1,3,10,13,6,12,7,9,20,11,11,8,13,15,15,14,11,22,11,9,10,4,11,6,9,8,6,4,8,12,4,5,8,3,8,5,6,8,3,5,12,6,1,7,3,5,4,8,8,8,9,5,7,2,5,4,1,4,4,7,3,4,7,5,8,5,0,4,5,0,0,4,2,3,5,5,5,1,5,2,2,4,3,2,6,6,4,5,10,4,8,3,6,4,5,3,7,3,9,7,4,3,1,5,8,8,4,4,7,9,7,8,5,5,4,5,6,4,2,4,3,5,3,0,1,6,2,3,3,3,4,1,2,2,1,3,1,3,0,0,1,2,1,0,0,0,0,0,0,0,1,0,1,0,0,0,2,0,0,0,2,1,0,1,0,0,0,0,0,0,0,0,0,0,1]
stat.node.6.util.dram_avg = 6.46733e-06
stat.node.6.walltime_s = 425.86
stat.node.6.active_time_s = 52.2191
stat.pool.106.util.mem_avg = 0.164278
stat.pool.106.util.req_link_avg = 0.999866
stat.pool.106.walltime_s = 425.872
stat.pool.106.active_time_s = 1.1785
stat.pool.105.util.mem_avg = 0.164283
stat.pool.105.util.req_link_avg = 0.999867
stat.pool.105.walltime_s = 425.872
stat.pool.105.active_time_s = 1.20678
stat.pool.104.util.mem_avg = 0.164284
stat.pool.104.util.req_link_avg = 0.999867
stat.pool.104.walltime_s = 425.872
stat.pool.104.active_time_s = 1.30563
stat.pool.103.util.mem_avg = 0.16428
stat.pool.103.util.req_link_avg = 0.999866
stat.pool.103.walltime_s = 425.872
stat.pool.103.active_time_s = 1.26095
stat.pool.102.util.mem_avg = 0.16428
stat.pool.102.util.req_link_avg = 0.999867
stat.pool.102.walltime_s = 425.872
stat.pool.102.active_time_s = 1.25522
stat.pool.101.util.mem_avg = 0.164278
stat.pool.101.util.req_link_avg = 0.999864
stat.pool.101.walltime_s = 425.872
stat.pool.101.active_time_s = 1.25025
stat.pool.100.util.mem_avg = 0.164278
stat.pool.100.util.req_link_avg = 0.999866
stat.pool.100.walltime_s = 425.872
stat.pool.100.active_time_s = 1.44491
stat.switch.replicated_messages = 1035034
stat.switch.util.node_ingress_avg = 0.127925
stat.switch.util.pool_ingress_avg = 0.0307661
stat.switch.bw.host_to_switch_gbps = 6.28801
stat.switch.bw.switch_to_host_gbps = 1.32318
stat.switch.bw.host_link_total_gbps = 7.6112
stat.switch.walltime_s = 425.872
stat.switch.active_time_s = 8.49211
Simulation is complete, simulated time: 1.54747 ms
