stat.node.1.cpu.0.retired = 763
stat.node.1.cpu.0.cycles = 1000000
stat.node.2.cpu.0.retired = 755
stat.node.2.cpu.0.cycles = 1000000
stat.node.3.cpu.0.retired = 762
stat.node.4.cpu.0.retired = 754
stat.node.4.cpu.0.cycles = 1000000
stat.node.5.cpu.0.retired = 760
stat.node.5.cpu.0.cycles = 1000000
stat.node.6.cpu.0.retired = 762
stat.node.6.cpu.0.cycles = 1000000
stat.node.7.cpu.0.retired = 758
stat.node.7.cpu.0.cycles = 1000000
stat.node.0.cpu.0.retired = 762
stat.node.0.cpu.0.cycles = 1000000
stat.node.3.cpu.0.cycles = 1000000
stat.node.1.cpu.0.load_issue_to_complete_count = 799
stat.node.1.cpu.0.avg_load_issue_to_complete_lat = 991.705
stat.node.1.injector.phase_cycles = 794262
stat.node.1.injector.request_bytes = 406328
stat.node.1.injector.response_bytes = 1720768
stat.node.1.injector.aggregate_bytes = 2127096
stat.node.1.injector.request_gbps = 9.82232
stat.node.1.injector.response_gbps = 41.5968
stat.node.1.injector.aggregate_gbps = 51.4191
stat.node.1.llc.cxl_miss = 800
stat.node.1.llc.total_miss = 800
stat.node.1.llc.avg_miss_lat = 817.021
stat.node.1.llc.avg_cxl_lat = 817.021
stat.node.1.llc.miss_lat_hist_bin_ns = 10
stat.node.1.llc.miss_lat_hist = [0,0,0,0,0,0,0,0,0,0,0,0,0,0,0,0,0,0,0,0,0,0,0,0,0,0,0,0,0,0,0,0,2,456,331,11]
stat.node.1.util.dram_avg = 1.31014e-05
stat.node.1.walltime_s = 408.743
stat.node.1.active_time_s = 28.1041
stat.node.0.cpu.0.load_issue_to_complete_count = 799
stat.node.0.cpu.0.avg_load_issue_to_complete_lat = 991.409
stat.node.0.injector.phase_cycles = 794014
stat.node.0.injector.request_bytes = 406136
stat.node.0.injector.response_bytes = 1720256
stat.node.0.injector.aggregate_bytes = 2126392
stat.node.0.injector.request_gbps = 9.82075
stat.node.0.injector.response_gbps = 41.5974
stat.node.0.injector.aggregate_gbps = 51.4181
stat.node.0.llc.cxl_miss = 800
stat.node.0.llc.total_miss = 800
stat.node.0.llc.avg_miss_lat = 816.684
stat.node.0.llc.avg_cxl_lat = 816.684
stat.node.0.llc.miss_lat_hist_bin_ns = 10
stat.node.0.llc.miss_lat_hist = [0,0,0,0,0,0,0,0,0,0,0,0,0,0,0,0,0,0,0,0,0,0,0,0,0,0,0,0,0,0,0,0,0,468,318,14]
stat.node.0.util.dram_avg = 1.30984e-05
stat.node.0.walltime_s = 408.793
stat.node.0.active_time_s = 31.5531
stat.node.3.cpu.0.load_issue_to_complete_count = 799
stat.node.3.cpu.0.avg_load_issue_to_complete_lat = 991.522
stat.node.3.injector.phase_cycles = 794112
stat.node.3.injector.request_bytes = 406224
stat.node.3.injector.response_bytes = 1720448
stat.node.3.injector.aggregate_bytes = 2126672
stat.node.3.injector.request_gbps = 9.82166
stat.node.3.injector.response_gbps = 41.5969
stat.node.3.injector.aggregate_gbps = 51.4186
stat.node.3.llc.cxl_miss = 800
stat.node.3.llc.total_miss = 800
stat.node.3.llc.avg_miss_lat = 816.793
stat.node.3.llc.avg_cxl_lat = 816.793
stat.node.3.llc.miss_lat_hist_bin_ns = 10
stat.node.3.llc.miss_lat_hist = [0,0,0,0,0,0,0,0,0,0,0,0,0,0,0,0,0,0,0,0,0,0,0,0,0,0,0,0,0,0,0,0,1,475,316,8]
stat.node.3.util.dram_avg = 1.30969e-05
stat.node.3.walltime_s = 408.822
stat.node.3.active_time_s = 25.3285
stat.node.6.cpu.0.load_issue_to_complete_count = 799
stat.node.6.cpu.0.avg_load_issue_to_complete_lat = 991.457
stat.node.6.injector.phase_cycles = 794066
stat.node.6.injector.request_bytes = 406144
stat.node.6.injector.response_bytes = 1720320
stat.node.6.injector.aggregate_bytes = 2126464
stat.node.6.injector.request_gbps = 9.8203
stat.node.6.injector.response_gbps = 41.5962
stat.node.6.injector.aggregate_gbps = 51.4165
stat.node.6.llc.cxl_miss = 800
stat.node.6.llc.total_miss = 800
stat.node.6.llc.avg_miss_lat = 816.624
stat.node.6.llc.avg_cxl_lat = 816.624
stat.node.6.llc.miss_lat_hist_bin_ns = 10
stat.node.6.llc.miss_lat_hist = [0,0,0,0,0,0,0,0,0,0,0,0,0,0,0,0,0,0,0,0,0,0,0,0,0,0,0,0,0,0,0,0,0,486,309,5]
stat.node.6.util.dram_avg = 1.30941e-05
stat.node.6.walltime_s = 408.823
stat.node.6.active_time_s = 30.742
stat.node.5.cpu.0.load_issue_to_complete_count = 799
stat.node.5.cpu.0.avg_load_issue_to_complete_lat = 996.318
stat.node.5.injector.phase_cycles = 797952
stat.node.5.injector.request_bytes = 408160
stat.node.5.injector.response_bytes = 1728768
stat.node.5.injector.aggregate_bytes = 2136928
stat.node.5.injector.request_gbps = 9.82098
stat.node.5.injector.response_gbps = 41.5969
stat.node.5.injector.aggregate_gbps = 51.4179
stat.node.5.llc.cxl_miss = 800
stat.node.5.llc.total_miss = 800
stat.node.5.llc.avg_miss_lat = 821.553
stat.node.5.llc.avg_cxl_lat = 821.553
stat.node.5.llc.miss_lat_hist_bin_ns = 10
stat.node.5.llc.miss_lat_hist = [0,0,0,0,0,0,0,0,0,0,0,0,0,0,0,0,0,0,0,0,0,0,0,0,0,0,0,0,0,0,0,0,0,313,444,43]
stat.node.5.util.dram_avg = 1.30399e-05
stat.node.5.walltime_s = 410.796
stat.node.5.active_time_s = 28.2829
stat.node.7.cpu.0.load_issue_to_complete_count = 799
stat.node.7.cpu.0.avg_load_issue_to_complete_lat = 997.461
stat.node.7.injector.phase_cycles = 798859
stat.node.7.injector.request_bytes = 408664
stat.node.7.injector.response_bytes = 1730752
stat.node.7.injector.aggregate_bytes = 2139416
stat.node.7.injector.request_gbps = 9.82194
stat.node.7.injector.response_gbps = 41.5974
stat.node.7.injector.aggregate_gbps = 51.4193
stat.node.7.llc.cxl_miss = 800
stat.node.7.llc.total_miss = 800
stat.node.7.llc.avg_miss_lat = 822.556
stat.node.7.llc.avg_cxl_lat = 822.556
stat.node.7.llc.miss_lat_hist_bin_ns = 10
stat.node.7.llc.miss_lat_hist = [0,0,0,0,0,0,0,0,0,0,0,0,0,0,0,0,0,0,0,0,0,0,0,0,0,0,0,0,0,0,0,0,0,285,465,50]
stat.node.7.util.dram_avg = 1.30221e-05
stat.node.7.walltime_s = 411.268
stat.node.7.active_time_s = 29.8322
stat.node.2.cpu.0.load_issue_to_complete_count = 799
stat.node.2.cpu.0.avg_load_issue_to_complete_lat = 1003.41
stat.node.2.injector.phase_cycles = 803619
stat.node.2.injector.request_bytes = 411104
stat.node.2.injector.response_bytes = 1740992
stat.node.2.injector.aggregate_bytes = 2152096
stat.node.2.injector.request_gbps = 9.82206
stat.node.2.injector.response_gbps = 41.5956
stat.node.2.injector.aggregate_gbps = 51.4177
stat.node.2.llc.cxl_miss = 800
stat.node.2.llc.total_miss = 800
stat.node.2.llc.avg_miss_lat = 828.52
stat.node.2.llc.avg_cxl_lat = 828.52
stat.node.2.llc.miss_lat_hist_bin_ns = 10
stat.node.2.llc.miss_lat_hist = [0,0,0,0,0,0,0,0,0,0,0,0,0,0,0,0,0,0,0,0,0,0,0,0,0,0,0,0,0,0,0,0,0,131,563,105,1]
stat.node.2.util.dram_avg = 1.29655e-05
stat.node.2.walltime_s = 412.788
stat.node.2.active_time_s = 22.958
stat.node.4.cpu.0.load_issue_to_complete_count = 799
stat.node.4.cpu.0.avg_load_issue_to_complete_lat = 1003.26
stat.node.4.injector.phase_cycles = 803517
stat.node.4.injector.request_bytes = 411008
stat.node.4.injector.response_bytes = 1740864
stat.node.4.injector.aggregate_bytes = 2151872
stat.node.4.injector.request_gbps = 9.82102
stat.node.4.injector.response_gbps = 41.5979
stat.node.4.injector.aggregate_gbps = 51.4189
stat.node.4.llc.cxl_miss = 800
stat.node.4.llc.total_miss = 800
stat.node.4.llc.avg_miss_lat = 828.324
stat.node.4.llc.avg_cxl_lat = 828.324
stat.node.4.llc.miss_lat_hist_bin_ns = 10
stat.node.4.llc.miss_lat_hist = [0,0,0,0,0,0,0,0,0,0,0,0,0,0,0,0,0,0,0,0,0,0,0,0,0,0,0,0,0,0,0,0,1,146,527,122,4]
stat.node.4.util.dram_avg = 1.29612e-05
stat.node.4.walltime_s = 413.2
stat.node.4.active_time_s = 28.4858
stat.pool.106.util.mem_avg = 0.279639
stat.pool.106.util.req_link_avg = 0.876526
stat.pool.106.walltime_s = 413.288
stat.pool.106.active_time_s = 0.977433
stat.pool.105.util.mem_avg = 0.279639
stat.pool.105.util.req_link_avg = 0.876526
stat.pool.105.walltime_s = 413.288
stat.pool.105.active_time_s = 0.97094
stat.pool.104.util.mem_avg = 0.279639
stat.pool.104.util.req_link_avg = 0.876526
stat.pool.104.walltime_s = 413.288
stat.pool.104.active_time_s = 0.887805
stat.pool.103.util.mem_avg = 0.27964
stat.pool.103.util.req_link_avg = 0.876527
stat.pool.103.walltime_s = 413.288
stat.pool.103.active_time_s = 1.02901
stat.pool.102.util.mem_avg = 0.27964
stat.pool.102.util.req_link_avg = 0.876527
stat.pool.102.walltime_s = 413.288
stat.pool.102.active_time_s = 0.997777
stat.pool.101.util.mem_avg = 0.27964
stat.pool.101.util.req_link_avg = 0.876527
stat.pool.101.walltime_s = 413.288
stat.pool.101.active_time_s = 0.961704
stat.pool.100.util.mem_avg = 0.279641
stat.pool.100.util.req_link_avg = 0.876528
stat.pool.100.walltime_s = 413.288
stat.pool.100.active_time_s = 1.15723
stat.switch.replicated_messages = 389984
stat.switch.util.node_ingress_avg = 0.202949
stat.switch.util.pool_ingress_avg = 0.995661
stat.switch.bw.host_to_switch_gbps = 9.97596
stat.switch.bw.switch_to_host_gbps = 42.8213
stat.switch.bw.host_link_total_gbps = 52.7973
stat.switch.walltime_s = 413.288
stat.switch.active_time_s = 5.30326
Simulation is complete, simulated time: 772.151 us
