stat.node.7.cpu.0.retired = 812
stat.node.7.cpu.0.cycles = 1000000
stat.node.0.cpu.0.retired = 824
stat.node.0.cpu.0.cycles = 1000000
stat.node.1.cpu.0.retired = 828
stat.node.1.cpu.0.cycles = 1000000
stat.node.2.cpu.0.retired = 772
stat.node.2.cpu.0.cycles = 1000000
stat.node.3.cpu.0.retired = 832
stat.node.3.cpu.0.cycles = 1000000
stat.node.4.cpu.0.retired = 771
stat.node.4.cpu.0.cycles = 1000000
stat.node.5.cpu.0.retired = 824
stat.node.5.cpu.0.cycles = 1000000
stat.node.6.cpu.0.retired = 828
stat.node.6.cpu.0.cycles = 1000000
stat.node.3.cpu.0.load_issue_to_complete_count = 799
stat.node.3.cpu.0.avg_load_issue_to_complete_lat = 942.894
stat.node.3.injector.phase_cycles = 755237
stat.node.3.injector.request_bytes = 239840
stat.node.3.injector.response_bytes = 97536
stat.node.3.injector.aggregate_bytes = 337376
stat.node.3.injector.request_gbps = 6.09733
stat.node.3.injector.response_gbps = 2.47961
stat.node.3.injector.aggregate_gbps = 8.57694
stat.node.3.llc.cxl_miss = 800
stat.node.3.llc.total_miss = 800
stat.node.3.llc.avg_miss_lat = 768.906
stat.node.3.llc.avg_cxl_lat = 768.906
stat.node.3.llc.miss_lat_hist_bin_ns = 10
stat.node.3.llc.miss_lat_hist = [0,0,0,0,0,0,0,0,0,0,0,0,0,0,0,0,0,0,0,0,0,0,0,0,0,0,7,6,14,143,65,33,165,340,27]
stat.node.3.util.dram_avg = 1.39222e-05
stat.node.3.walltime_s = 189.076
stat.node.3.active_time_s = 25.533
stat.node.6.cpu.0.load_issue_to_complete_count = 799
stat.node.6.cpu.0.avg_load_issue_to_complete_lat = 942.368
stat.node.6.injector.phase_cycles = 754809
stat.node.6.injector.request_bytes = 239712
stat.node.6.injector.response_bytes = 97472
stat.node.6.injector.aggregate_bytes = 337184
stat.node.6.injector.request_gbps = 6.09753
stat.node.6.injector.response_gbps = 2.47939
stat.node.6.injector.aggregate_gbps = 8.57692
stat.node.6.llc.cxl_miss = 800
stat.node.6.llc.total_miss = 800
stat.node.6.llc.avg_miss_lat = 768.518
stat.node.6.llc.avg_cxl_lat = 768.518
stat.node.6.llc.miss_lat_hist_bin_ns = 10
stat.node.6.llc.miss_lat_hist = [0,0,0,0,0,0,0,0,0,0,0,0,0,0,0,0,0,0,0,0,0,0,0,0,0,0,2,12,50,60,122,33,156,335,28,2]
stat.node.6.util.dram_avg = 1.38983e-05
stat.node.6.walltime_s = 189.88
stat.node.6.active_time_s = 21.5836
stat.node.1.cpu.0.load_issue_to_complete_count = 799
stat.node.1.cpu.0.avg_load_issue_to_complete_lat = 942.871
stat.node.1.injector.phase_cycles = 755212
stat.node.1.injector.request_bytes = 239848
stat.node.1.injector.response_bytes = 97536
stat.node.1.injector.aggregate_bytes = 337384
stat.node.1.injector.request_gbps = 6.09773
stat.node.1.injector.response_gbps = 2.47969
stat.node.1.injector.aggregate_gbps = 8.57742
stat.node.1.llc.cxl_miss = 800
stat.node.1.llc.total_miss = 800
stat.node.1.llc.avg_miss_lat = 769.255
stat.node.1.llc.avg_cxl_lat = 769.255
stat.node.1.llc.miss_lat_hist_bin_ns = 10
stat.node.1.llc.miss_lat_hist = [0,0,0,0,0,0,0,0,0,0,0,0,0,0,0,0,0,0,0,0,0,0,0,0,0,0,6,17,62,64,56,55,184,314,34,7,0,1]
stat.node.1.util.dram_avg = 1.38914e-05
stat.node.1.walltime_s = 190.245
stat.node.1.active_time_s = 22.86
stat.node.0.cpu.0.load_issue_to_complete_count = 799
stat.node.0.cpu.0.avg_load_issue_to_complete_lat = 944.696
stat.node.0.injector.phase_cycles = 756636
stat.node.0.injector.request_bytes = 240312
stat.node.0.injector.response_bytes = 97728
stat.node.0.injector.aggregate_bytes = 338040
stat.node.0.injector.request_gbps = 6.09803
stat.node.0.injector.response_gbps = 2.47989
stat.node.0.injector.aggregate_gbps = 8.57793
stat.node.0.llc.cxl_miss = 800
stat.node.0.llc.total_miss = 800
stat.node.0.llc.avg_miss_lat = 770.551
stat.node.0.llc.avg_cxl_lat = 770.551
stat.node.0.llc.miss_lat_hist_bin_ns = 10
stat.node.0.llc.miss_lat_hist = [0,0,0,0,0,0,0,0,0,0,0,0,0,0,0,0,0,0,0,0,0,0,0,0,0,0,7,45,34,31,32,123,139,368,21]
stat.node.0.util.dram_avg = 1.38535e-05
stat.node.0.walltime_s = 190.66
stat.node.0.active_time_s = 24.7544
stat.node.5.cpu.0.load_issue_to_complete_count = 799
stat.node.5.cpu.0.avg_load_issue_to_complete_lat = 946.114
stat.node.5.injector.phase_cycles = 757806
stat.node.5.injector.request_bytes = 240720
stat.node.5.injector.response_bytes = 97856
stat.node.5.injector.aggregate_bytes = 338576
stat.node.5.injector.request_gbps = 6.09895
stat.node.5.injector.response_gbps = 2.47931
stat.node.5.injector.aggregate_gbps = 8.57826
stat.node.5.llc.cxl_miss = 800
stat.node.5.llc.total_miss = 800
stat.node.5.llc.avg_miss_lat = 772.055
stat.node.5.llc.avg_cxl_lat = 772.055
stat.node.5.llc.miss_lat_hist_bin_ns = 10
stat.node.5.llc.miss_lat_hist = [0,0,0,0,0,0,0,0,0,0,0,0,0,0,0,0,0,0,0,0,0,0,0,0,0,0,35,26,22,29,41,41,220,356,29,0,1]
stat.node.5.util.dram_avg = 1.3847e-05
stat.node.5.walltime_s = 190.808
stat.node.5.active_time_s = 21.7618
stat.node.7.cpu.0.load_issue_to_complete_count = 799
stat.node.7.cpu.0.avg_load_issue_to_complete_lat = 953.263
stat.node.7.injector.phase_cycles = 763517
stat.node.7.injector.request_bytes = 242472
stat.node.7.injector.response_bytes = 98624
stat.node.7.injector.aggregate_bytes = 341096
stat.node.7.injector.request_gbps = 6.09739
stat.node.7.injector.response_gbps = 2.48008
stat.node.7.injector.aggregate_gbps = 8.57747
stat.node.7.llc.cxl_miss = 800
stat.node.7.llc.total_miss = 800
stat.node.7.llc.avg_miss_lat = 778.845
stat.node.7.llc.avg_cxl_lat = 778.845
stat.node.7.llc.miss_lat_hist_bin_ns = 10
stat.node.7.llc.miss_lat_hist = [0,0,0,0,0,0,0,0,0,0,0,0,0,0,0,0,0,0,0,0,0,0,0,0,0,0,51,15,13,7,14,26,173,472,28,1]
stat.node.7.util.dram_avg = 1.37078e-05
stat.node.7.walltime_s = 191.665
stat.node.7.active_time_s = 24.9777
stat.node.2.cpu.0.load_issue_to_complete_count = 799
stat.node.2.cpu.0.avg_load_issue_to_complete_lat = 976.919
stat.node.2.injector.phase_cycles = 782418
stat.node.2.injector.request_bytes = 248472
stat.node.2.injector.response_bytes = 101120
stat.node.2.injector.aggregate_bytes = 349592
stat.node.2.injector.request_gbps = 6.09733
stat.node.2.injector.response_gbps = 2.48142
stat.node.2.injector.aggregate_gbps = 8.57875
stat.node.2.llc.cxl_miss = 800
stat.node.2.llc.total_miss = 800
stat.node.2.llc.avg_miss_lat = 802.347
stat.node.2.llc.avg_cxl_lat = 802.347
stat.node.2.llc.miss_lat_hist_bin_ns = 10
stat.node.2.llc.miss_lat_hist = [0,0,0,0,0,0,0,0,0,0,0,0,0,0,0,0,0,0,0,0,0,0,0,0,0,0,1,0,0,0,0,1,65,669,64]
stat.node.2.util.dram_avg = 1.32623e-05
stat.node.2.walltime_s = 194.38
stat.node.2.active_time_s = 22.5863
stat.node.4.cpu.0.load_issue_to_complete_count = 799
stat.node.4.cpu.0.avg_load_issue_to_complete_lat = 977.179
stat.node.4.injector.phase_cycles = 782626
stat.node.4.injector.request_bytes = 248544
stat.node.4.injector.response_bytes = 101120
stat.node.4.injector.aggregate_bytes = 349664
stat.node.4.injector.request_gbps = 6.09748
stat.node.4.injector.response_gbps = 2.48076
stat.node.4.injector.aggregate_gbps = 8.57823
stat.node.4.llc.cxl_miss = 800
stat.node.4.llc.total_miss = 800
stat.node.4.llc.avg_miss_lat = 802.691
stat.node.4.llc.avg_cxl_lat = 802.691
stat.node.4.llc.miss_lat_hist_bin_ns = 10
stat.node.4.llc.miss_lat_hist = [0,0,0,0,0,0,0,0,0,0,0,0,0,0,0,0,0,0,0,0,0,0,0,0,0,0,0,0,0,0,0,1,19,753,27]
stat.node.4.util.dram_avg = 1.32514e-05
stat.node.4.walltime_s = 194.47
stat.node.4.active_time_s = 31.4643
stat.pool.101.util.mem_avg = 0.199904
stat.pool.101.util.req_link_avg = 0.980176
stat.pool.101.walltime_s = 194.47
stat.pool.101.active_time_s = 0.70714
stat.pool.100.util.mem_avg = 0.199905
stat.pool.100.util.req_link_avg = 0.980178
stat.pool.100.walltime_s = 194.471
stat.pool.100.active_time_s = 0.760143
stat.switch.replicated_messages = 136464
stat.switch.util.node_ingress_avg = 0.127347
stat.switch.util.pool_ingress_avg = 0.307765
stat.switch.bw.host_to_switch_gbps = 6.25972
stat.switch.bw.switch_to_host_gbps = 3.7818
stat.switch.bw.host_link_total_gbps = 10.0415
stat.switch.walltime_s = 194.484
stat.switch.active_time_s = 3.20988
Simulation is complete, simulated time: 755.241 us
