stat.node.0.cpu.0.retired = 794
stat.node.0.cpu.0.cycles = 1000000
stat.node.1.cpu.0.retired = 799
stat.node.1.cpu.0.cycles = 1000000
stat.node.2.cpu.0.retired = 785
stat.node.2.cpu.0.cycles = 1000000
stat.node.3.cpu.0.retired = 796
stat.node.3.cpu.0.cycles = 1000000
stat.node.4.cpu.0.retired = 785
stat.node.4.cpu.0.cycles = 1000000
stat.node.5.cpu.0.retired = 799
stat.node.5.cpu.0.cycles = 1000000
stat.node.6.cpu.0.retired = 795
stat.node.6.cpu.0.cycles = 1000000
stat.node.7.cpu.0.retired = 786
stat.node.7.cpu.0.cycles = 1000000
stat.node.5.cpu.0.load_issue_to_complete_count = 799
stat.node.5.cpu.0.avg_load_issue_to_complete_lat = 961.82
stat.node.5.injector.phase_cycles = 770335
stat.node.5.injector.request_bytes = 279904
stat.node.5.injector.response_bytes = 353536
stat.node.5.injector.aggregate_bytes = 633440
stat.node.5.injector.request_gbps = 6.97639
stat.node.5.injector.response_gbps = 8.81161
stat.node.5.injector.aggregate_gbps = 15.788
stat.node.5.llc.cxl_miss = 800
stat.node.5.llc.total_miss = 800
stat.node.5.llc.avg_miss_lat = 787.545
stat.node.5.llc.avg_cxl_lat = 787.545
stat.node.5.llc.miss_lat_hist_bin_ns = 10
stat.node.5.llc.miss_lat_hist = [0,0,0,0,0,0,0,0,0,0,0,0,0,0,0,0,0,0,0,0,0,0,0,0,0,0,0,2,1,0,1,30,540,221,5]
stat.node.5.util.dram_avg = 1.35518e-05
stat.node.5.walltime_s = 31.6636
stat.node.5.active_time_s = 12.3444
stat.node.1.cpu.0.load_issue_to_complete_count = 799
stat.node.1.cpu.0.avg_load_issue_to_complete_lat = 961.82
stat.node.1.injector.phase_cycles = 770360
stat.node.1.injector.request_bytes = 279904
stat.node.1.injector.response_bytes = 353600
stat.node.1.injector.aggregate_bytes = 633504
stat.node.1.injector.request_gbps = 6.97616
stat.node.1.injector.response_gbps = 8.81292
stat.node.1.injector.aggregate_gbps = 15.7891
stat.node.1.llc.cxl_miss = 800
stat.node.1.llc.total_miss = 800
stat.node.1.llc.avg_miss_lat = 787.45
stat.node.1.llc.avg_cxl_lat = 787.45
stat.node.1.llc.miss_lat_hist_bin_ns = 10
stat.node.1.llc.miss_lat_hist = [0,0,0,0,0,0,0,0,0,0,0,0,0,0,0,0,0,0,0,0,0,0,0,0,0,0,0,0,2,2,2,93,440,226,35]
stat.node.1.util.dram_avg = 1.35516e-05
stat.node.1.walltime_s = 31.6642
stat.node.1.active_time_s = 14.583
stat.node.3.cpu.0.load_issue_to_complete_count = 799
stat.node.3.cpu.0.avg_load_issue_to_complete_lat = 962.118
stat.node.3.injector.phase_cycles = 770573
stat.node.3.injector.request_bytes = 279984
stat.node.3.injector.response_bytes = 353728
stat.node.3.injector.aggregate_bytes = 633712
stat.node.3.injector.request_gbps = 6.97623
stat.node.3.injector.response_gbps = 8.81367
stat.node.3.injector.aggregate_gbps = 15.7899
stat.node.3.llc.cxl_miss = 800
stat.node.3.llc.total_miss = 800
stat.node.3.llc.avg_miss_lat = 787.75
stat.node.3.llc.avg_cxl_lat = 787.75
stat.node.3.llc.miss_lat_hist_bin_ns = 10
stat.node.3.llc.miss_lat_hist = [0,0,0,0,0,0,0,0,0,0,0,0,0,0,0,0,0,0,0,0,0,0,0,0,0,0,0,0,1,2,1,106,422,218,50]
stat.node.3.util.dram_avg = 1.35308e-05
stat.node.3.walltime_s = 31.7059
stat.node.3.active_time_s = 18.3402
stat.node.6.cpu.0.load_issue_to_complete_count = 799
stat.node.6.cpu.0.avg_load_issue_to_complete_lat = 962.312
stat.node.6.injector.phase_cycles = 770753
stat.node.6.injector.request_bytes = 280056
stat.node.6.injector.response_bytes = 353728
stat.node.6.injector.aggregate_bytes = 633784
stat.node.6.injector.request_gbps = 6.97639
stat.node.6.injector.response_gbps = 8.81161
stat.node.6.injector.aggregate_gbps = 15.788
stat.node.6.llc.cxl_miss = 800
stat.node.6.llc.total_miss = 800
stat.node.6.llc.avg_miss_lat = 787.945
stat.node.6.llc.avg_cxl_lat = 787.945
stat.node.6.llc.miss_lat_hist_bin_ns = 10
stat.node.6.llc.miss_lat_hist = [0,0,0,0,0,0,0,0,0,0,0,0,0,0,0,0,0,0,0,0,0,0,0,0,0,0,0,0,0,2,0,114,395,260,29]
stat.node.6.util.dram_avg = 1.35199e-05
stat.node.6.walltime_s = 31.728
stat.node.6.active_time_s = 16.272
stat.node.0.cpu.0.load_issue_to_complete_count = 799
stat.node.0.cpu.0.avg_load_issue_to_complete_lat = 962.374
stat.node.0.injector.phase_cycles = 770778
stat.node.0.injector.request_bytes = 280056
stat.node.0.injector.response_bytes = 353792
stat.node.0.injector.aggregate_bytes = 633848
stat.node.0.injector.request_gbps = 6.97617
stat.node.0.injector.response_gbps = 8.81292
stat.node.0.injector.aggregate_gbps = 15.7891
stat.node.0.llc.cxl_miss = 800
stat.node.0.llc.total_miss = 800
stat.node.0.llc.avg_miss_lat = 788.035
stat.node.0.llc.avg_cxl_lat = 788.035
stat.node.0.llc.miss_lat_hist_bin_ns = 10
stat.node.0.llc.miss_lat_hist = [0,0,0,0,0,0,0,0,0,0,0,0,0,0,0,0,0,0,0,0,0,0,0,0,0,0,0,0,1,0,1,94,450,218,36]
stat.node.0.util.dram_avg = 1.35102e-05
stat.node.0.walltime_s = 31.7478
stat.node.0.active_time_s = 13.94
stat.node.7.cpu.0.load_issue_to_complete_count = 799
stat.node.7.cpu.0.avg_load_issue_to_complete_lat = 962.599
stat.node.7.injector.phase_cycles = 770966
stat.node.7.injector.request_bytes = 280072
stat.node.7.injector.response_bytes = 353856
stat.node.7.injector.aggregate_bytes = 633928
stat.node.7.injector.request_gbps = 6.97486
stat.node.7.injector.response_gbps = 8.81237
stat.node.7.injector.aggregate_gbps = 15.7872
stat.node.7.llc.cxl_miss = 800
stat.node.7.llc.total_miss = 800
stat.node.7.llc.avg_miss_lat = 788.268
stat.node.7.llc.avg_cxl_lat = 788.268
stat.node.7.llc.miss_lat_hist_bin_ns = 10
stat.node.7.llc.miss_lat_hist = [0,0,0,0,0,0,0,0,0,0,0,0,0,0,0,0,0,0,0,0,0,0,0,0,0,0,0,0,0,0,0,48,491,258,3]
stat.node.7.util.dram_avg = 1.34502e-05
stat.node.7.walltime_s = 31.908
stat.node.7.active_time_s = 14.3952
stat.node.2.cpu.0.load_issue_to_complete_count = 799
stat.node.2.cpu.0.avg_load_issue_to_complete_lat = 962.574
stat.node.2.injector.phase_cycles = 770967
stat.node.2.injector.request_bytes = 280136
stat.node.2.injector.response_bytes = 353856
stat.node.2.injector.aggregate_bytes = 633992
stat.node.4.cpu.0.load_issue_to_complete_count = 799
stat.node.2.injector.request_gbps = 6.97645
stat.node.2.injector.response_gbps = 8.81236
stat.node.2.injector.aggregate_gbps = 15.7888
stat.node.2.llc.cxl_miss = 800
stat.node.2.llc.total_miss = 800
stat.node.2.llc.avg_miss_lat = 788.308
stat.node.2.llc.avg_cxl_lat = 788.308
stat.node.2.llc.miss_lat_hist_bin_ns = 10
stat.node.4.cpu.0.avg_load_issue_to_complete_lat = 962.574
stat.node.4.injector.phase_cycles = 770967
stat.node.4.injector.request_bytes = 280136
stat.node.4.injector.response_bytes = 353856
stat.node.4.injector.aggregate_bytes = 633992
stat.node.4.injector.request_gbps = 6.97645
stat.node.4.injector.response_gbps = 8.81236
stat.node.4.injector.aggregate_gbps = 15.7888
stat.node.4.llc.cxl_miss = 800
stat.node.4.llc.total_miss = 800
stat.node.4.llc.avg_miss_lat = 788.306
stat.node.2.llc.miss_lat_hist = [0,0,0,0,0,0,0,0,0,0,0,0,0,0,0,0,0,0,0,0,0,0,0,0,0,0,0,0,0,0,0,194,373,231,2]
stat.node.2.util.dram_avg = 1.3447e-05
stat.node.2.walltime_s = 31.9174
stat.node.2.active_time_s = 13.0172
stat.node.4.llc.avg_cxl_lat = 788.306
stat.node.4.llc.miss_lat_hist_bin_ns = 10
stat.node.4.llc.miss_lat_hist = [0,0,0,0,0,0,0,0,0,0,0,0,0,0,0,0,0,0,0,0,0,0,0,0,0,0,0,0,0,0,0,196,367,233,4]
stat.node.4.util.dram_avg = 1.3447e-05
stat.node.4.walltime_s = 31.9174
stat.node.4.active_time_s = 12.8326
stat.pool.107.util.mem_avg = 0.185792
stat.pool.107.util.req_link_avg = 0.98161
stat.pool.107.walltime_s = 31.9175
stat.pool.107.active_time_s = 0.393689
stat.pool.106.util.mem_avg = 0.185792
stat.pool.106.util.req_link_avg = 0.981611
stat.pool.106.walltime_s = 31.9175
stat.pool.106.active_time_s = 0.390922
stat.pool.105.util.mem_avg = 0.185792
stat.pool.105.util.req_link_avg = 0.981611
stat.pool.105.walltime_s = 31.9176
stat.pool.105.active_time_s = 0.395584
stat.pool.104.util.mem_avg = 0.185793
stat.pool.104.util.req_link_avg = 0.981612
stat.pool.104.walltime_s = 31.9176
stat.pool.104.active_time_s = 0.401046
stat.pool.103.util.mem_avg = 0.185793
stat.pool.103.util.req_link_avg = 0.981612
stat.pool.103.walltime_s = 31.9176
stat.pool.103.active_time_s = 0.401972
stat.pool.102.util.mem_avg = 0.185794
stat.pool.102.util.req_link_avg = 0.981612
stat.pool.102.walltime_s = 31.9176
stat.pool.102.active_time_s = 0.409595
stat.pool.101.util.mem_avg = 0.185794
stat.pool.101.util.req_link_avg = 0.981612
stat.pool.101.walltime_s = 31.9176
stat.pool.101.active_time_s = 0.407193
stat.pool.100.util.mem_avg = 0.185794
stat.pool.100.util.req_link_avg = 0.981612
stat.pool.100.walltime_s = 31.9176
stat.pool.100.active_time_s = 0.443863
stat.switch.replicated_messages = 546048
stat.switch.util.node_ingress_avg = 0.145179
stat.switch.util.pool_ingress_avg = 0.205325
stat.switch.bw.host_to_switch_gbps = 7.1365
stat.switch.bw.switch_to_host_gbps = 10.0919
stat.switch.bw.host_link_total_gbps = 17.2284
stat.switch.walltime_s = 31.9176
stat.switch.active_time_s = 2.68838
Simulation is complete, simulated time: 744.255 us
