stat.node.5.cpu.0.retired = 872
stat.node.5.cpu.0.cycles = 1000000
stat.node.6.cpu.0.retired = 872
stat.node.6.cpu.0.cycles = 1000000
stat.node.7.cpu.0.retired = 872
stat.node.0.cpu.0.retired = 872
stat.node.0.cpu.0.cycles = 1000000
stat.node.1.cpu.0.retired = 872
stat.node.1.cpu.0.cycles = 1000000
stat.node.2.cpu.0.retired = 872
stat.node.2.cpu.0.cycles = 1000000
stat.node.3.cpu.0.retired = 872
stat.node.3.cpu.0.cycles = 1000000
stat.node.4.cpu.0.retired = 872
stat.node.4.cpu.0.cycles = 1000000
stat.node.7.cpu.0.cycles = 1000000
stat.node.5.cpu.0.load_issue_to_complete_count = 799
stat.node.5.cpu.0.avg_load_issue_to_complete_lat = 881.078
stat.node.5.injector.phase_cycles = 705812
stat.node.5.injector.request_bytes = 193720
stat.node.5.injector.response_bytes = 78784
stat.node.5.injector.aggregate_bytes = 272504
stat.node.5.injector.request_gbps = 5.26971
stat.node.5.injector.response_gbps = 2.14314
stat.node.5.injector.aggregate_gbps = 7.41285
stat.node.5.llc.cxl_miss = 800
stat.node.5.llc.total_miss = 800
stat.node.5.llc.avg_miss_lat = 708.485
stat.node.5.llc.avg_cxl_lat = 708.485
stat.node.6.cpu.0.load_issue_to_complete_count = 799
stat.node.6.cpu.0.avg_load_issue_to_complete_lat = 881.078
stat.node.7.cpu.0.load_issue_to_complete_count = 799
stat.node.7.cpu.0.avg_load_issue_to_complete_lat = 881.078
stat.node.7.injector.phase_cycles = 705812
stat.node.7.injector.request_bytes = 193720
stat.node.7.injector.response_bytes = 78784
stat.node.7.injector.aggregate_bytes = 272504
stat.node.7.injector.request_gbps = 5.26971
stat.node.7.injector.response_gbps = 2.14314
stat.node.7.injector.aggregate_gbps = 7.41285
stat.node.1.cpu.0.load_issue_to_complete_count = 799
stat.node.1.cpu.0.avg_load_issue_to_complete_lat = 881.078
stat.node.1.injector.phase_cycles = 705812
stat.node.1.injector.request_bytes = 193720
stat.node.1.injector.response_bytes = 78784
stat.node.1.injector.aggregate_bytes = 272504
stat.node.1.injector.request_gbps = 5.26971
stat.node.1.injector.response_gbps = 2.14314
stat.node.1.injector.aggregate_gbps = 7.41285
stat.node.1.llc.cxl_miss = 800
stat.node.1.llc.total_miss = 800
stat.node.1.llc.avg_miss_lat = 708.485
stat.node.1.llc.avg_cxl_lat = 708.485
stat.node.1.llc.miss_lat_hist_bin_ns = 10
stat.node.1.llc.miss_lat_hist = [0,0,0,0,0,0,0,0,0,0,0,0,0,0,0,0,0,0,0,0,0,0,0,0,0,0,50,16,293,69,304,9,55,4]
stat.node.1.util.dram_avg = 1.46344e-05
stat.node.7.llc.cxl_miss = 800
stat.node.6.injector.phase_cycles = 705812
stat.node.6.injector.request_bytes = 193720
stat.node.6.injector.response_bytes = 78784
stat.node.6.injector.aggregate_bytes = 272504
stat.node.6.injector.request_gbps = 5.26971
stat.node.6.injector.response_gbps = 2.14314
stat.node.6.injector.aggregate_gbps = 7.41285
stat.node.5.llc.miss_lat_hist_bin_ns = 10
stat.node.5.llc.miss_lat_hist = [0,0,0,0,0,0,0,0,0,0,0,0,0,0,0,0,0,0,0,0,0,0,0,0,0,0,50,16,293,69,304,9,55,4]
stat.node.5.util.dram_avg = 1.46344e-05
stat.node.5.walltime_s = 224.323
stat.node.1.walltime_s = 224.311
stat.node.1.active_time_s = 22.7313
stat.node.5.active_time_s = 28.2345
stat.node.7.llc.total_miss = 800
stat.node.7.llc.avg_miss_lat = 708.485
stat.node.7.llc.avg_cxl_lat = 708.485
stat.node.7.llc.miss_lat_hist_bin_ns = 10
stat.node.7.llc.miss_lat_hist = [0,0,0,0,0,0,0,0,0,0,0,0,0,0,0,0,0,0,0,0,0,0,0,0,0,0,50,16,293,69,304,9,55,4]
stat.node.7.util.dram_avg = 1.46344e-05
stat.node.7.walltime_s = 224.315
stat.node.7.active_time_s = 21.2101
stat.node.6.llc.cxl_miss = 800
stat.node.6.llc.total_miss = 800
stat.node.6.llc.avg_miss_lat = 708.485
stat.node.6.llc.avg_cxl_lat = 708.485
stat.node.6.llc.miss_lat_hist_bin_ns = 10
stat.node.6.llc.miss_lat_hist = [0,0,0,0,0,0,0,0,0,0,0,0,0,0,0,0,0,0,0,0,0,0,0,0,0,0,50,16,293,69,304,9,55,4]
stat.node.6.util.dram_avg = 1.46344e-05
stat.node.6.walltime_s = 224.323
stat.node.6.active_time_s = 20.292
stat.node.3.cpu.0.load_issue_to_complete_count = 799
stat.node.3.cpu.0.avg_load_issue_to_complete_lat = 881.078
stat.node.3.injector.phase_cycles = 705812
stat.node.3.injector.request_bytes = 193720
stat.node.3.injector.response_bytes = 78784
stat.node.3.injector.aggregate_bytes = 272504
stat.node.2.cpu.0.load_issue_to_complete_count = 799
stat.node.3.injector.request_gbps = 5.26971
stat.node.3.injector.response_gbps = 2.14314
stat.node.3.injector.aggregate_gbps = 7.41285
stat.node.3.llc.cxl_miss = 800
stat.node.3.llc.total_miss = 800
stat.node.3.llc.avg_miss_lat = 708.516
stat.node.3.llc.avg_cxl_lat = 708.516
stat.node.3.llc.miss_lat_hist_bin_ns = 10
stat.node.0.cpu.0.load_issue_to_complete_count = 799
stat.node.2.cpu.0.avg_load_issue_to_complete_lat = 881.078
stat.node.2.injector.phase_cycles = 705812
stat.node.2.injector.request_bytes = 193720
stat.node.2.injector.response_bytes = 78784
stat.node.2.injector.aggregate_bytes = 272504
stat.node.2.injector.request_gbps = 5.26971
stat.node.2.injector.response_gbps = 2.14314
stat.node.2.injector.aggregate_gbps = 7.41285
stat.node.0.cpu.0.avg_load_issue_to_complete_lat = 881.078
stat.node.0.injector.phase_cycles = 705812
stat.node.0.injector.request_bytes = 193720
stat.node.0.injector.response_bytes = 78784
stat.node.0.injector.aggregate_bytes = 272504
stat.node.0.injector.request_gbps = 5.26971
stat.node.0.injector.response_gbps = 2.14314
stat.node.3.llc.miss_lat_hist = [0,0,0,0,0,0,0,0,0,0,0,0,0,0,0,0,0,0,0,0,0,0,0,0,0,0,61,30,244,80,317,9,55,4]
stat.node.3.util.dram_avg = 1.46342e-05
stat.node.3.walltime_s = 224.308
stat.node.3.active_time_s = 22.2628
stat.node.0.injector.aggregate_gbps = 7.41285
stat.node.0.llc.cxl_miss = 800
stat.node.0.llc.total_miss = 800
stat.node.0.llc.avg_miss_lat = 708.548
stat.node.0.llc.avg_cxl_lat = 708.548
stat.node.0.llc.miss_lat_hist_bin_ns = 10
stat.node.2.llc.cxl_miss = 800
stat.node.2.llc.total_miss = 800
stat.node.2.llc.avg_miss_lat = 708.548
stat.node.2.llc.avg_cxl_lat = 708.548
stat.node.2.llc.miss_lat_hist_bin_ns = 10
stat.node.2.llc.miss_lat_hist = [0,0,0,0,0,0,0,0,0,0,0,0,0,0,0,0,0,0,0,0,0,0,0,0,0,0,68,27,246,56,335,9,55,4]
stat.node.0.llc.miss_lat_hist = [0,0,0,0,0,0,0,0,0,0,0,0,0,0,0,0,0,0,0,0,0,0,0,0,0,0,62,28,244,84,311,12,55,4]
stat.node.0.util.dram_avg = 1.46342e-05
stat.node.0.walltime_s = 224.324
stat.node.0.active_time_s = 23.8668
stat.node.2.util.dram_avg = 1.46342e-05
stat.node.2.walltime_s = 224.34
stat.node.2.active_time_s = 27.8627
stat.node.4.cpu.0.load_issue_to_complete_count = 799
stat.node.4.cpu.0.avg_load_issue_to_complete_lat = 881.078
stat.node.4.injector.phase_cycles = 705812
stat.node.4.injector.request_bytes = 193720
stat.node.4.injector.response_bytes = 78784
stat.node.4.injector.aggregate_bytes = 272504
stat.node.4.injector.request_gbps = 5.26971
stat.node.4.injector.response_gbps = 2.14314
stat.node.4.injector.aggregate_gbps = 7.41285
stat.node.4.llc.cxl_miss = 800
stat.node.4.llc.total_miss = 800
stat.node.4.llc.avg_miss_lat = 708.58
stat.node.4.llc.avg_cxl_lat = 708.58
stat.node.4.llc.miss_lat_hist_bin_ns = 10
stat.node.4.llc.miss_lat_hist = [0,0,0,0,0,0,0,0,0,0,0,0,0,0,0,0,0,0,0,0,0,0,0,0,0,0,73,30,234,71,297,36,55,4]
stat.node.4.util.dram_avg = 1.46342e-05
stat.node.4.walltime_s = 224.344
stat.node.4.active_time_s = 22.3536
stat.pool.103.util.mem_avg = 0.153208
stat.pool.103.util.req_link_avg = 0.83182
stat.pool.103.walltime_s = 224.34
stat.pool.103.active_time_s = 0.577978
stat.pool.102.util.mem_avg = 0.153208
stat.pool.102.util.req_link_avg = 0.83182
stat.pool.102.walltime_s = 224.34
stat.pool.102.active_time_s = 0.531563
stat.pool.101.util.mem_avg = 0.153208
stat.pool.101.util.req_link_avg = 0.83182
stat.pool.101.walltime_s = 224.34
stat.pool.101.active_time_s = 0.544098
stat.pool.100.util.mem_avg = 0.153208
stat.pool.100.util.req_link_avg = 0.83182
stat.pool.100.walltime_s = 224.34
stat.pool.100.active_time_s = 0.649732
stat.switch.replicated_messages = 213568
stat.switch.util.node_ingress_avg = 0.110731
stat.switch.util.pool_ingress_avg = 0.143757
stat.switch.bw.host_to_switch_gbps = 5.44308
stat.switch.bw.switch_to_host_gbps = 3.53281
stat.switch.bw.host_link_total_gbps = 8.97589
stat.switch.walltime_s = 224.34
stat.switch.active_time_s = 2.89863
Simulation is complete, simulated time: 683.877 us
