stat.node.2.cpu.0.retired = 797
stat.node.2.cpu.0.cycles = 1000000
stat.node.3.cpu.0.retired = 797
stat.node.3.cpu.0.cycles = 1000000
stat.node.4.cpu.0.retired = 797
stat.node.4.cpu.0.cycles = 1000000
stat.node.5.cpu.0.retired = 797
stat.node.5.cpu.0.cycles = 1000000
stat.node.6.cpu.0.retired = 797
stat.node.6.cpu.0.cycles = 1000000
stat.node.7.cpu.0.retired = 797
stat.node.7.cpu.0.cycles = 1000000
stat.node.0.cpu.0.retired = 797
stat.node.1.cpu.0.retired = 797
stat.node.1.cpu.0.cycles = 1000000
stat.node.0.cpu.0.cycles = 1000000
stat.node.4.cpu.0.load_issue_to_complete_count = 799
stat.node.4.cpu.0.avg_load_issue_to_complete_lat = 951.747
stat.node.4.injector.phase_cycles = 762283
stat.node.4.injector.request_bytes = 255560
stat.node.4.injector.response_bytes = 157312
stat.node.4.injector.aggregate_bytes = 412872
stat.node.4.injector.request_gbps = 6.43692
stat.node.4.injector.response_gbps = 3.9623
stat.node.4.injector.aggregate_gbps = 10.3992
stat.node.4.llc.cxl_miss = 800
stat.node.4.llc.total_miss = 800
stat.node.4.llc.avg_miss_lat = 777.607
stat.node.4.llc.avg_cxl_lat = 777.607
stat.node.4.llc.miss_lat_hist_bin_ns = 10
stat.node.4.llc.miss_lat_hist = [0,0,0,0,0,0,0,0,0,0,0,0,0,0,0,0,0,0,0,0,0,0,0,0,0,0,0,0,0,0,0,45,735,20]
stat.node.4.util.dram_avg = 1.36002e-05
stat.node.4.walltime_s = 168.998
stat.node.4.active_time_s = 31.293
stat.node.5.cpu.0.load_issue_to_complete_count = 799
stat.node.6.cpu.0.load_issue_to_complete_count = 799
stat.node.6.cpu.0.avg_load_issue_to_complete_lat = 951.747
stat.node.6.injector.phase_cycles = 762283
stat.node.6.injector.request_bytes = 255560
stat.node.6.injector.response_bytes = 157312
stat.node.6.injector.aggregate_bytes = 412872
stat.node.6.injector.request_gbps = 6.43692
stat.node.6.injector.response_gbps = 3.9623
stat.node.6.injector.aggregate_gbps = 10.3992
stat.node.6.llc.cxl_miss = 800
stat.node.6.llc.total_miss = 800
stat.node.6.llc.avg_miss_lat = 777.607
stat.node.6.llc.avg_cxl_lat = 777.607
stat.node.6.llc.miss_lat_hist_bin_ns = 10
stat.node.6.llc.miss_lat_hist = [0,0,0,0,0,0,0,0,0,0,0,0,0,0,0,0,0,0,0,0,0,0,0,0,0,0,0,0,0,0,0,45,735,20]
stat.node.6.util.dram_avg = 1.36002e-05
stat.node.6.walltime_s = 168.998
stat.node.6.active_time_s = 26.3661
stat.node.0.cpu.0.load_issue_to_complete_count = 799
stat.node.0.cpu.0.avg_load_issue_to_complete_lat = 951.747
stat.node.0.injector.phase_cycles = 762283
stat.node.0.injector.request_bytes = 255560
stat.node.0.injector.response_bytes = 157312
stat.node.0.injector.aggregate_bytes = 412872
stat.node.0.injector.request_gbps = 6.43692
stat.node.0.injector.response_gbps = 3.9623
stat.node.0.injector.aggregate_gbps = 10.3992
stat.node.0.llc.cxl_miss = 800
stat.node.0.llc.total_miss = 800
stat.node.0.llc.avg_miss_lat = 777.607
stat.node.0.llc.avg_cxl_lat = 777.607
stat.node.0.llc.miss_lat_hist_bin_ns = 10
stat.node.0.llc.miss_lat_hist = [0,0,0,0,0,0,0,0,0,0,0,0,0,0,0,0,0,0,0,0,0,0,0,0,0,0,0,0,0,0,0,45,735,20]
stat.node.0.util.dram_avg = 1.36002e-05
stat.node.0.walltime_s = 168.998
stat.node.0.active_time_s = 21.3444
stat.node.5.cpu.0.avg_load_issue_to_complete_lat = 951.747
stat.node.5.injector.phase_cycles = 762283
stat.node.5.injector.request_bytes = 255560
stat.node.5.injector.response_bytes = 157312
stat.node.5.injector.aggregate_bytes = 412872
stat.node.5.injector.request_gbps = 6.43692
stat.node.5.injector.response_gbps = 3.9623
stat.node.5.injector.aggregate_gbps = 10.3992
stat.node.5.llc.cxl_miss = 800
stat.node.7.cpu.0.load_issue_to_complete_count = 799
stat.node.7.cpu.0.avg_load_issue_to_complete_lat = 951.747
stat.node.7.injector.phase_cycles = 762283
stat.node.7.injector.request_bytes = 255560
stat.node.7.injector.response_bytes = 157312
stat.node.7.injector.aggregate_bytes = 412872
stat.node.7.injector.request_gbps = 6.43692
stat.node.7.injector.response_gbps = 3.9623
stat.node.7.injector.aggregate_gbps = 10.3992
stat.node.7.llc.cxl_miss = 800
stat.node.7.llc.total_miss = 800
stat.node.7.llc.avg_miss_lat = 777.607
stat.node.7.llc.avg_cxl_lat = 777.607
stat.node.7.llc.miss_lat_hist_bin_ns = 10
stat.node.7.llc.miss_lat_hist = [0,0,0,0,0,0,0,0,0,0,0,0,0,0,0,0,0,0,0,0,0,0,0,0,0,0,0,0,0,0,0,45,735,20]
stat.node.1.cpu.0.load_issue_to_complete_count = 799
stat.node.1.cpu.0.avg_load_issue_to_complete_lat = 951.747
stat.node.1.injector.phase_cycles = 762283
stat.node.1.injector.request_bytes = 255560
stat.node.1.injector.response_bytes = 157312
stat.node.1.injector.aggregate_bytes = 412872
stat.node.1.injector.request_gbps = 6.43692
stat.node.1.injector.response_gbps = 3.9623
stat.node.1.injector.aggregate_gbps = 10.3992
stat.node.1.llc.cxl_miss = 800
stat.node.1.llc.total_miss = 800
stat.node.1.llc.avg_miss_lat = 777.607
stat.node.1.llc.avg_cxl_lat = 777.607
stat.node.1.llc.miss_lat_hist_bin_ns = 10
stat.node.1.llc.miss_lat_hist = [0,0,0,0,0,0,0,0,0,0,0,0,0,0,0,0,0,0,0,0,0,0,0,0,0,0,0,0,0,0,0,45,735,20]
stat.node.1.util.dram_avg = 1.36002e-05
stat.node.1.walltime_s = 168.998
stat.node.1.active_time_s = 27.4957
stat.node.2.cpu.0.load_issue_to_complete_count = 799
stat.node.2.cpu.0.avg_load_issue_to_complete_lat = 951.747
stat.node.2.injector.phase_cycles = 762283
stat.node.2.injector.request_bytes = 255560
stat.node.2.injector.response_bytes = 157312
stat.node.2.injector.aggregate_bytes = 412872
stat.node.2.injector.request_gbps = 6.43692
stat.node.2.injector.response_gbps = 3.9623
stat.node.2.injector.aggregate_gbps = 10.3992
stat.node.2.llc.cxl_miss = 800
stat.node.2.llc.total_miss = 800
stat.node.2.llc.avg_miss_lat = 777.609
stat.node.2.llc.avg_cxl_lat = 777.609
stat.node.2.llc.miss_lat_hist_bin_ns = 10
stat.node.2.llc.miss_lat_hist = [0,0,0,0,0,0,0,0,0,0,0,0,0,0,0,0,0,0,0,0,0,0,0,0,0,0,0,0,0,0,0,45,735,20]
stat.node.2.util.dram_avg = 1.36002e-05
stat.node.2.walltime_s = 168.998
stat.node.2.active_time_s = 20.662
stat.node.5.llc.total_miss = 800
stat.node.5.llc.avg_miss_lat = 777.607
stat.node.5.llc.avg_cxl_lat = 777.607
stat.node.5.llc.miss_lat_hist_bin_ns = 10
stat.node.5.llc.miss_lat_hist = [0,0,0,0,0,0,0,0,0,0,0,0,0,0,0,0,0,0,0,0,0,0,0,0,0,0,0,0,0,0,0,45,735,20]
stat.node.5.util.dram_avg = 1.36002e-05
stat.node.5.walltime_s = 168.998
stat.node.5.active_time_s = 20.118
stat.node.7.util.dram_avg = 1.36002e-05
stat.node.7.walltime_s = 168.998
stat.node.7.active_time_s = 22.2263
stat.node.3.cpu.0.load_issue_to_complete_count = 799
stat.node.3.cpu.0.avg_load_issue_to_complete_lat = 951.747
stat.node.3.injector.phase_cycles = 762283
stat.node.3.injector.request_bytes = 255560
stat.node.3.injector.response_bytes = 157312
stat.node.3.injector.aggregate_bytes = 412872
stat.node.3.injector.request_gbps = 6.43692
stat.node.3.injector.response_gbps = 3.9623
stat.node.3.injector.aggregate_gbps = 10.3992
stat.node.3.llc.cxl_miss = 800
stat.node.3.llc.total_miss = 800
stat.node.3.llc.avg_miss_lat = 777.545
stat.node.3.llc.avg_cxl_lat = 777.545
stat.node.3.llc.miss_lat_hist_bin_ns = 10
stat.node.3.llc.miss_lat_hist = [0,0,0,0,0,0,0,0,0,0,0,0,0,0,0,0,0,0,0,0,0,0,0,0,0,0,0,0,0,0,0,179,474,147]
stat.node.3.util.dram_avg = 1.36e-05
stat.node.3.walltime_s = 168.999
stat.node.3.active_time_s = 25.9844
stat.pool.106.util.mem_avg = 0.17422
stat.pool.106.util.req_link_avg = 0.9821
stat.pool.106.walltime_s = 168.999
stat.pool.106.active_time_s = 0.665225
stat.pool.105.util.mem_avg = 0.17422
stat.pool.105.util.req_link_avg = 0.9821
stat.pool.105.walltime_s = 168.999
stat.pool.105.active_time_s = 0.559276
stat.pool.104.util.mem_avg = 0.17422
stat.pool.104.util.req_link_avg = 0.982101
stat.pool.104.walltime_s = 168.999
stat.pool.104.active_time_s = 0.584371
stat.pool.103.util.mem_avg = 0.174222
stat.pool.103.util.req_link_avg = 0.982102
stat.pool.103.walltime_s = 168.999
stat.pool.103.active_time_s = 0.601342
stat.pool.102.util.mem_avg = 0.174222
stat.pool.102.util.req_link_avg = 0.982102
stat.pool.102.walltime_s = 168.999
stat.pool.102.active_time_s = 0.558529
stat.pool.101.util.mem_avg = 0.174222
stat.pool.101.util.req_link_avg = 0.982102
stat.pool.101.walltime_s = 168.999
stat.pool.101.active_time_s = 0.606926
stat.pool.100.util.mem_avg = 0.174222
stat.pool.100.util.req_link_avg = 0.982102
stat.pool.100.walltime_s = 168.999
stat.pool.100.active_time_s = 0.660666
stat.switch.replicated_messages = 477792
stat.switch.util.node_ingress_avg = 0.134229
stat.switch.util.pool_ingress_avg = 0.122115
stat.switch.bw.host_to_switch_gbps = 6.59831
stat.switch.bw.switch_to_host_gbps = 5.25163
stat.switch.bw.host_link_total_gbps = 11.8499
stat.switch.walltime_s = 168.999
stat.switch.active_time_s = 3.72376
Simulation is complete, simulated time: 735.884 us
