stat.node.0.cpu.0.retired = 802
stat.node.0.cpu.0.cycles = 1000000
stat.node.1.cpu.0.retired = 800
stat.node.1.cpu.0.cycles = 1000000
stat.node.2.cpu.0.retired = 801
stat.node.3.cpu.0.retired = 801
stat.node.3.cpu.0.cycles = 1000000
stat.node.4.cpu.0.retired = 802
stat.node.4.cpu.0.cycles = 1000000
stat.node.5.cpu.0.retired = 802
stat.node.5.cpu.0.cycles = 1000000
stat.node.6.cpu.0.retired = 801
stat.node.6.cpu.0.cycles = 1000000
stat.node.7.cpu.0.retired = 800
stat.node.7.cpu.0.cycles = 1000000
stat.node.2.cpu.0.cycles = 1000000
stat.node.5.cpu.0.load_issue_to_complete_count = 799
stat.node.5.cpu.0.avg_load_issue_to_complete_lat = 954.021
stat.node.5.injector.phase_cycles = 764102
stat.node.5.injector.request_bytes = 221592
stat.node.5.injector.response_bytes = 136384
stat.node.5.injector.aggregate_bytes = 357976
stat.node.5.injector.request_gbps = 5.56806
stat.node.5.injector.response_gbps = 3.42699
stat.node.5.injector.aggregate_gbps = 8.99505
stat.node.5.llc.cxl_miss = 800
stat.node.5.llc.total_miss = 800
stat.node.5.llc.avg_miss_lat = 779.976
stat.node.5.llc.avg_cxl_lat = 779.976
stat.node.5.llc.miss_lat_hist_bin_ns = 10
stat.node.5.llc.miss_lat_hist = [0,0,0,0,0,0,0,0,0,0,0,0,0,0,0,0,0,0,0,0,0,0,0,0,0,0,6,18,53,119,128,82,91,43,50,42,78,66,20,4]
stat.node.5.util.dram_avg = 1.36225e-05
stat.node.5.walltime_s = 183.831
stat.node.5.active_time_s = 28.2452
stat.node.4.cpu.0.load_issue_to_complete_count = 799
stat.node.4.cpu.0.avg_load_issue_to_complete_lat = 954.636
stat.node.4.injector.phase_cycles = 764635
stat.node.4.injector.request_bytes = 221792
stat.node.4.injector.response_bytes = 136448
stat.node.4.injector.aggregate_bytes = 358240
stat.node.4.injector.request_gbps = 5.5692
stat.node.4.injector.response_gbps = 3.42621
stat.node.4.injector.aggregate_gbps = 8.99541
stat.node.4.llc.cxl_miss = 800
stat.node.4.llc.total_miss = 800
stat.node.4.llc.avg_miss_lat = 780.925
stat.node.4.llc.avg_cxl_lat = 780.925
stat.node.4.llc.miss_lat_hist_bin_ns = 10
stat.node.4.llc.miss_lat_hist = [0,0,0,0,0,0,0,0,0,0,0,0,0,0,0,0,0,0,0,0,0,0,0,0,0,0,3,27,60,104,100,101,71,41,58,81,96,47,7,2,1,1]
stat.node.4.util.dram_avg = 1.36223e-05
stat.node.4.walltime_s = 183.848
stat.node.4.active_time_s = 24.2108
stat.node.6.cpu.0.load_issue_to_complete_count = 799
stat.node.6.cpu.0.avg_load_issue_to_complete_lat = 954.483
stat.node.6.injector.phase_cycles = 764549
stat.node.6.injector.request_bytes = 221728
stat.node.6.injector.response_bytes = 136448
stat.node.6.injector.aggregate_bytes = 358176
stat.node.6.injector.request_gbps = 5.56822
stat.node.6.injector.response_gbps = 3.4266
stat.node.6.injector.aggregate_gbps = 8.99482
stat.node.6.llc.cxl_miss = 800
stat.node.6.llc.total_miss = 800
stat.node.6.llc.avg_miss_lat = 781.306
stat.node.6.llc.avg_cxl_lat = 781.306
stat.node.6.llc.miss_lat_hist_bin_ns = 10
stat.node.6.llc.miss_lat_hist = [0,0,0,0,0,0,0,0,0,0,0,0,0,0,0,0,0,0,0,0,0,0,0,0,0,0,1,10,69,106,104,141,65,25,32,85,89,63,10]
stat.node.6.util.dram_avg = 1.36175e-05
stat.node.6.walltime_s = 184.004
stat.node.6.active_time_s = 28.2336
stat.node.3.cpu.0.load_issue_to_complete_count = 799
stat.node.3.cpu.0.avg_load_issue_to_complete_lat = 954.802
stat.node.3.injector.phase_cycles = 764679
stat.node.3.injector.request_bytes = 221728
stat.node.3.injector.response_bytes = 136448
stat.node.3.injector.aggregate_bytes = 358176
stat.node.3.injector.request_gbps = 5.56727
stat.node.3.injector.response_gbps = 3.42601
stat.node.3.injector.aggregate_gbps = 8.99329
stat.node.3.llc.cxl_miss = 800
stat.node.3.llc.total_miss = 800
stat.node.3.llc.avg_miss_lat = 781.304
stat.node.3.llc.avg_cxl_lat = 781.304
stat.node.3.llc.miss_lat_hist_bin_ns = 10
stat.node.3.llc.miss_lat_hist = [0,0,0,0,0,0,0,0,0,0,0,0,0,0,0,0,0,0,0,0,0,0,0,0,0,0,2,9,42,125,123,113,62,62,43,61,87,59,12]
stat.node.3.util.dram_avg = 1.36134e-05
stat.node.3.walltime_s = 184.014
stat.node.3.active_time_s = 23.2632
stat.node.0.cpu.0.load_issue_to_complete_count = 799
stat.node.0.cpu.0.avg_load_issue_to_complete_lat = 958.141
stat.node.0.injector.phase_cycles = 767472
stat.node.0.injector.request_bytes = 222560
stat.node.0.injector.response_bytes = 136960
stat.node.0.injector.aggregate_bytes = 359520
stat.node.0.injector.request_gbps = 5.56783
stat.node.0.injector.response_gbps = 3.42636
stat.node.0.injector.aggregate_gbps = 8.99418
stat.node.0.llc.cxl_miss = 800
stat.node.0.llc.total_miss = 800
stat.node.0.llc.avg_miss_lat = 784.071
stat.node.0.llc.avg_cxl_lat = 784.071
stat.node.0.llc.miss_lat_hist_bin_ns = 10
stat.node.0.llc.miss_lat_hist = [0,0,0,0,0,0,0,0,0,0,0,0,0,0,0,0,0,0,0,0,0,0,0,0,0,0,1,11,52,110,109,129,75,25,47,65,92,70,9,4,1]
stat.node.0.util.dram_avg = 1.35951e-05
stat.node.0.walltime_s = 184.618
stat.node.0.active_time_s = 23.4581
stat.node.2.cpu.0.load_issue_to_complete_count = 799
stat.node.2.cpu.0.avg_load_issue_to_complete_lat = 958.19
stat.node.2.injector.phase_cycles = 767364
stat.node.2.injector.request_bytes = 222560
stat.node.2.injector.response_bytes = 136960
stat.node.2.injector.aggregate_bytes = 359520
stat.node.2.injector.request_gbps = 5.56861
stat.node.2.injector.response_gbps = 3.42684
stat.node.2.injector.aggregate_gbps = 8.99545
stat.node.2.llc.cxl_miss = 800
stat.node.2.llc.total_miss = 800
stat.node.2.llc.avg_miss_lat = 784.069
stat.node.2.llc.avg_cxl_lat = 784.069
stat.node.2.llc.miss_lat_hist_bin_ns = 10
stat.node.2.llc.miss_lat_hist = [0,0,0,0,0,0,0,0,0,0,0,0,0,0,0,0,0,0,0,0,0,0,0,0,0,0,5,12,62,111,82,112,74,42,72,75,76,61,15,1]
stat.node.2.util.dram_avg = 1.35921e-05
stat.node.2.walltime_s = 184.654
stat.node.2.active_time_s = 22.7158
stat.node.1.cpu.0.load_issue_to_complete_count = 799
stat.node.1.cpu.0.avg_load_issue_to_complete_lat = 957.108
stat.node.1.injector.phase_cycles = 766673
stat.node.1.injector.request_bytes = 222288
stat.node.1.injector.response_bytes = 136832
stat.node.1.injector.aggregate_bytes = 359120
stat.node.1.injector.request_gbps = 5.56682
stat.node.1.injector.response_gbps = 3.42672
stat.node.1.injector.aggregate_gbps = 8.99354
stat.node.1.llc.cxl_miss = 800
stat.node.1.llc.total_miss = 800
stat.node.1.llc.avg_miss_lat = 783.289
stat.node.1.llc.avg_cxl_lat = 783.289
stat.node.1.llc.miss_lat_hist_bin_ns = 10
stat.node.1.llc.miss_lat_hist = [0,0,0,0,0,0,0,0,0,0,0,0,0,0,0,0,0,0,0,0,0,0,0,0,0,0,0,12,58,121,90,111,76,39,53,81,93,50,12,3,1]
stat.node.1.util.dram_avg = 1.35898e-05
stat.node.1.walltime_s = 184.688
stat.node.1.active_time_s = 26.9619
stat.node.7.cpu.0.load_issue_to_complete_count = 799
stat.node.7.cpu.0.avg_load_issue_to_complete_lat = 957.68
stat.node.7.injector.phase_cycles = 767130
stat.node.7.injector.request_bytes = 222488
stat.node.7.injector.response_bytes = 136896
stat.node.7.injector.aggregate_bytes = 359384
stat.node.7.injector.request_gbps = 5.56851
stat.node.7.injector.response_gbps = 3.42628
stat.node.7.injector.aggregate_gbps = 8.99479
stat.node.7.llc.cxl_miss = 800
stat.node.7.llc.total_miss = 800
stat.node.7.llc.avg_miss_lat = 783.4
stat.node.7.llc.avg_cxl_lat = 783.4
stat.node.7.llc.miss_lat_hist_bin_ns = 10
stat.node.7.llc.miss_lat_hist = [0,0,0,0,0,0,0,0,0,0,0,0,0,0,0,0,0,0,0,0,0,0,0,0,0,0,6,15,60,98,96,102,66,71,64,74,77,58,11,2]
stat.node.7.util.dram_avg = 1.35866e-05
stat.node.7.walltime_s = 184.764
stat.node.7.active_time_s = 22.5034
stat.pool.100.util.mem_avg = 0.256663
stat.pool.100.util.req_link_avg = 0.932282
stat.pool.100.walltime_s = 184.86
stat.pool.100.active_time_s = 0.804233
stat.switch.replicated_messages = 59096
stat.switch.util.node_ingress_avg = 0.116552
stat.switch.util.pool_ingress_avg = 0.767826
stat.switch.bw.host_to_switch_gbps = 5.72923
stat.switch.bw.switch_to_host_gbps = 4.71753
stat.switch.bw.host_link_total_gbps = 10.4468
stat.switch.walltime_s = 184.86
stat.switch.active_time_s = 2.60227
Simulation is complete, simulated time: 736.607 us
