stat.node.1.cpu.0.retired = 160
stat.node.1.cpu.0.cycles = 1000000
stat.node.2.cpu.0.retired = 160
stat.node.2.cpu.0.cycles = 1000000
stat.node.3.cpu.0.retired = 160
stat.node.3.cpu.0.cycles = 1000000
stat.node.4.cpu.0.retired = 161
stat.node.4.cpu.0.cycles = 1000000
stat.node.5.cpu.0.retired = 162
stat.node.5.cpu.0.cycles = 1000000
stat.node.6.cpu.0.retired = 159
stat.node.6.cpu.0.cycles = 1000000
stat.node.7.cpu.0.retired = 162
stat.node.7.cpu.0.cycles = 1000000
stat.node.0.cpu.0.retired = 160
stat.node.0.cpu.0.cycles = 1000000
stat.node.2.cpu.0.retired = 367
stat.node.2.cpu.0.cycles = 2000000
stat.node.3.cpu.0.retired = 367
stat.node.3.cpu.0.cycles = 2000000
stat.node.4.cpu.0.retired = 367
stat.node.4.cpu.0.cycles = 2000000
stat.node.5.cpu.0.retired = 372
stat.node.5.cpu.0.cycles = 2000000
stat.node.6.cpu.0.retired = 368
stat.node.6.cpu.0.cycles = 2000000
stat.node.0.cpu.0.retired = 368
stat.node.0.cpu.0.cycles = 2000000
stat.node.7.cpu.0.retired = 372
stat.node.7.cpu.0.cycles = 2000000
stat.node.1.cpu.0.retired = 370
stat.node.1.cpu.0.cycles = 2000000
stat.node.1.cpu.0.retired = 623
stat.node.1.cpu.0.cycles = 3000000
stat.node.0.cpu.0.retired = 619
stat.node.0.cpu.0.cycles = 3000000
stat.node.7.cpu.0.retired = 627
stat.node.7.cpu.0.cycles = 3000000
stat.node.6.cpu.0.retired = 621
stat.node.6.cpu.0.cycles = 3000000
stat.node.2.cpu.0.retired = 620
stat.node.2.cpu.0.cycles = 3000000
stat.node.3.cpu.0.retired = 619
stat.node.3.cpu.0.cycles = 3000000
stat.node.4.cpu.0.retired = 621
stat.node.4.cpu.0.cycles = 3000000
stat.node.5.cpu.0.retired = 627
stat.node.5.cpu.0.cycles = 3000000
stat.node.3.cpu.0.retired = 883
stat.node.3.cpu.0.cycles = 4000000
stat.node.4.cpu.0.retired = 886
stat.node.4.cpu.0.cycles = 4000000
stat.node.5.cpu.0.retired = 891
stat.node.5.cpu.0.cycles = 4000000
stat.node.1.cpu.0.retired = 887
stat.node.1.cpu.0.cycles = 4000000
stat.node.0.cpu.0.retired = 883
stat.node.0.cpu.0.cycles = 4000000
stat.node.7.cpu.0.retired = 891
stat.node.7.cpu.0.cycles = 4000000
stat.node.6.cpu.0.retired = 884
stat.node.6.cpu.0.cycles = 4000000
stat.node.2.cpu.0.retired = 885
stat.node.2.cpu.0.cycles = 4000000
stat.node.1.cpu.0.retired = 1162
stat.node.1.cpu.0.cycles = 5000000
stat.node.0.cpu.0.retired = 1157
stat.node.0.cpu.0.cycles = 5000000
stat.node.7.cpu.0.retired = 1168
stat.node.7.cpu.0.cycles = 5000000
stat.node.6.cpu.0.retired = 1162
stat.node.6.cpu.0.cycles = 5000000
stat.node.4.cpu.0.retired = 1162
stat.node.4.cpu.0.cycles = 5000000
stat.node.3.cpu.0.retired = 1159
stat.node.3.cpu.0.cycles = 5000000
stat.node.2.cpu.0.retired = 1162
stat.node.2.cpu.0.cycles = 5000000
stat.node.5.cpu.0.retired = 1168
stat.node.5.cpu.0.cycles = 5000000
stat.node.2.cpu.0.retired = 1441
stat.node.2.cpu.0.cycles = 6000000
stat.node.3.cpu.0.retired = 1438
stat.node.3.cpu.0.cycles = 6000000
stat.node.1.cpu.0.retired = 1442
stat.node.1.cpu.0.cycles = 6000000
stat.node.0.cpu.0.retired = 1438
stat.node.0.cpu.0.cycles = 6000000
stat.node.7.cpu.0.retired = 1447
stat.node.7.cpu.0.cycles = 6000000
stat.node.6.cpu.0.retired = 1441
stat.node.6.cpu.0.cycles = 6000000
stat.node.4.cpu.0.retired = 1440
stat.node.4.cpu.0.cycles = 6000000
stat.node.5.cpu.0.retired = 1448
stat.node.5.cpu.0.cycles = 6000000
stat.node.7.cpu.0.load_issue_to_complete_count = 799
stat.node.7.cpu.0.avg_load_issue_to_complete_lat = 3576.92
stat.node.7.injector.phase_cycles = 2862614
stat.node.7.injector.request_bytes = 1126248
stat.node.7.injector.response_bytes = 2034944
stat.node.7.injector.aggregate_bytes = 3161192
stat.node.7.injector.request_gbps = 7.55392
stat.node.7.injector.response_gbps = 13.6487
stat.node.7.injector.aggregate_gbps = 21.2026
stat.node.7.llc.cxl_miss = 800
stat.node.7.llc.total_miss = 800
stat.node.7.llc.avg_miss_lat = 3360.53
stat.node.7.llc.avg_cxl_lat = 3360.53
stat.node.7.llc.miss_lat_hist_bin_ns = 10
stat.node.7.llc.miss_lat_hist = [0,0,0,0,0,0,0,0,0,0,0,0,0,0,0,0,0,0,0,0,0,0,0,0,0,0,0,0,0,0,0,0,0,0,0,0,0,0,0,0,0,0,0,0,0,0,0,0,0,0,0,0,0,0,0,0,0,0,0,0,0,0,0,0,0,0,0,0,0,0,0,0,0,0,0,0,0,0,0,0,0,0,0,0,0,0,0,0,0,0,0,0,0,0,0,0,0,0,0,0,0,0,0,0,0,0,0,0,0,0,0,0,0,0,1,1,1,2,3,3,8,5,8,15,11,10,7,11,16,24,25,41,17,28,18,31,34,46,42,30,18,22,28,24,32,31,29,14,11,10,16,19,13,10,3,12,12,9,7,9,5,1,5,3,6,1,1,0,2,2,0,0,3,0,0,1,1,0,0,0,0,0,0,1,0,1]
stat.node.7.util.dram_avg = 3.67382e-06
stat.node.7.walltime_s = 825.687
stat.node.7.active_time_s = 91.4743
stat.node.5.cpu.0.load_issue_to_complete_count = 799
stat.node.5.cpu.0.avg_load_issue_to_complete_lat = 3581.87
stat.node.5.injector.phase_cycles = 2866641
stat.node.5.injector.request_bytes = 1127160
stat.node.5.injector.response_bytes = 2036096
stat.node.5.injector.aggregate_bytes = 3163256
stat.node.5.injector.request_gbps = 7.54942
stat.node.5.injector.response_gbps = 13.6372
stat.node.5.injector.aggregate_gbps = 21.1866
stat.node.5.llc.cxl_miss = 800
stat.node.5.llc.total_miss = 800
stat.node.5.llc.avg_miss_lat = 3366.87
stat.node.5.llc.avg_cxl_lat = 3366.87
stat.node.5.llc.miss_lat_hist_bin_ns = 10
stat.node.5.llc.miss_lat_hist = [0,0,0,0,0,0,0,0,0,0,0,0,0,0,0,0,0,0,0,0,0,0,0,0,0,0,0,0,0,0,0,0,0,0,0,0,0,0,0,0,0,0,0,0,0,0,0,0,0,0,0,0,0,0,0,0,0,0,0,0,0,0,0,0,0,0,0,0,0,0,0,0,0,0,0,0,0,0,0,0,0,0,0,0,0,0,0,0,0,0,0,0,0,0,0,0,0,0,0,0,0,0,0,0,0,0,0,0,0,0,0,0,0,0,3,0,1,1,5,3,3,2,8,13,15,21,22,20,22,20,17,33,19,20,23,18,31,40,41,28,28,24,15,28,30,32,21,18,10,16,13,13,20,7,9,8,8,12,7,7,3,5,1,2,9,3,1,1,1,2,0,3,2,2,1,0,0,3,0,2,0,0,0,0,1,0,0,0,0,0,1,0,0,0,0,0,0,0,0,1,0,0,0,0,0,1]
stat.node.5.util.dram_avg = 3.67281e-06
stat.node.5.walltime_s = 825.772
stat.node.5.active_time_s = 98.1437
stat.node.1.cpu.0.load_issue_to_complete_count = 799
stat.node.1.cpu.0.avg_load_issue_to_complete_lat = 3585.3
stat.node.1.injector.phase_cycles = 2868953
stat.node.1.injector.request_bytes = 1130552
stat.node.1.injector.response_bytes = 2042432
stat.node.1.injector.aggregate_bytes = 3172984
stat.node.1.injector.request_gbps = 7.56603
stat.node.1.injector.response_gbps = 13.6686
stat.node.1.injector.aggregate_gbps = 21.2347
stat.node.1.llc.cxl_miss = 800
stat.node.1.llc.total_miss = 800
stat.node.1.llc.avg_miss_lat = 3368.25
stat.node.1.llc.avg_cxl_lat = 3368.25
stat.node.1.llc.miss_lat_hist_bin_ns = 10
stat.node.1.llc.miss_lat_hist = [0,0,0,0,0,0,0,0,0,0,0,0,0,0,0,0,0,0,0,0,0,0,0,0,0,0,0,0,0,0,0,0,0,0,0,0,0,0,0,0,0,0,0,0,0,0,0,0,0,0,0,0,0,0,0,0,0,0,0,0,0,0,0,0,0,0,0,0,0,0,0,0,0,0,0,0,0,0,0,0,0,0,0,0,0,0,0,0,0,0,0,0,0,0,0,0,0,0,0,0,0,0,0,0,0,0,0,0,0,0,0,0,0,0,1,2,4,1,5,3,5,4,10,9,17,16,17,13,19,12,13,32,19,32,27,21,32,39,41,35,20,16,20,18,35,31,23,20,18,14,20,22,11,14,9,8,7,12,4,8,4,2,1,3,8,5,2,4,1,3,1,0,0,3,0,1,1,1,0,0,1]
stat.node.1.util.dram_avg = 3.66086e-06
stat.node.1.walltime_s = 826.768
stat.node.1.active_time_s = 91.6896
stat.node.6.cpu.0.load_issue_to_complete_count = 799
stat.node.6.cpu.0.avg_load_issue_to_complete_lat = 3579.52
stat.node.6.injector.phase_cycles = 2864583
stat.node.6.injector.request_bytes = 1128400
stat.node.6.injector.response_bytes = 2038080
stat.node.6.injector.aggregate_bytes = 3166480
stat.node.6.injector.request_gbps = 7.56315
stat.node.6.injector.response_gbps = 13.6603
stat.node.6.injector.aggregate_gbps = 21.2235
stat.node.6.llc.cxl_miss = 800
stat.node.6.llc.total_miss = 800
stat.node.6.llc.avg_miss_lat = 3364.4
stat.node.6.llc.avg_cxl_lat = 3364.4
stat.node.6.llc.miss_lat_hist_bin_ns = 10
stat.node.6.llc.miss_lat_hist = [0,0,0,0,0,0,0,0,0,0,0,0,0,0,0,0,0,0,0,0,0,0,0,0,0,0,0,0,0,0,0,0,0,0,0,0,0,0,0,0,0,0,0,0,0,0,0,0,0,0,0,0,0,0,0,0,0,0,0,0,0,0,0,0,0,0,0,0,0,0,0,0,0,0,0,0,0,0,0,0,0,0,0,0,0,0,0,0,0,0,0,0,0,0,0,0,0,0,0,0,0,0,0,0,0,0,0,0,0,0,0,0,0,0,2,1,4,2,7,4,6,4,9,9,12,23,19,5,11,18,20,28,30,28,16,30,31,42,39,40,30,12,21,33,26,19,21,22,12,15,17,21,10,6,9,6,7,11,16,2,4,2,5,1,6,7,1,2,0,2,1,1,1,2,3,1,1,1,0,0,0,0,0,1,0,0,1,0,0,0,0,0,0,0,0,0,0,0,0,1]
stat.node.6.util.dram_avg = 3.66013e-06
stat.node.6.walltime_s = 826.844
stat.node.6.active_time_s = 103.791
stat.node.4.cpu.0.load_issue_to_complete_count = 799
stat.node.4.cpu.0.avg_load_issue_to_complete_lat = 3583.01
stat.node.4.injector.phase_cycles = 2866973
stat.node.4.injector.request_bytes = 1130296
stat.node.4.injector.response_bytes = 2041472
stat.node.4.injector.aggregate_bytes = 3171768
stat.node.4.injector.request_gbps = 7.56955
stat.node.4.injector.response_gbps = 13.6717
stat.node.4.injector.aggregate_gbps = 21.2412
stat.node.4.llc.cxl_miss = 800
stat.node.4.llc.total_miss = 800
stat.node.4.llc.avg_miss_lat = 3365.63
stat.node.4.llc.avg_cxl_lat = 3365.63
stat.node.4.llc.miss_lat_hist_bin_ns = 10
stat.node.4.llc.miss_lat_hist = [0,0,0,0,0,0,0,0,0,0,0,0,0,0,0,0,0,0,0,0,0,0,0,0,0,0,0,0,0,0,0,0,0,0,0,0,0,0,0,0,0,0,0,0,0,0,0,0,0,0,0,0,0,0,0,0,0,0,0,0,0,0,0,0,0,0,0,0,0,0,0,0,0,0,0,0,0,0,0,0,0,0,0,0,0,0,0,0,0,0,0,0,0,0,0,0,0,0,0,0,0,0,0,0,0,0,0,0,0,0,0,0,1,0,0,2,1,5,5,5,5,4,3,16,10,11,14,14,15,22,22,30,28,34,21,26,35,45,42,27,18,23,17,32,29,25,25,13,11,21,9,17,11,6,6,6,12,13,8,4,6,4,0,8,8,5,2,4,1,1,1,2,1,2,0,0,0,2,1,0,0,0,1,0,0,1,0,1]
stat.node.4.util.dram_avg = 3.65944e-06
stat.node.4.walltime_s = 826.887
stat.node.4.active_time_s = 90.1838
stat.node.2.cpu.0.load_issue_to_complete_count = 799
stat.node.2.cpu.0.avg_load_issue_to_complete_lat = 3584.56
stat.node.2.injector.phase_cycles = 2868105
stat.node.2.injector.request_bytes = 1129632
stat.node.2.injector.response_bytes = 2040640
stat.node.2.injector.aggregate_bytes = 3170272
stat.node.2.injector.request_gbps = 7.56211
stat.node.2.injector.response_gbps = 13.6607
stat.node.2.injector.aggregate_gbps = 21.2228
stat.node.2.llc.cxl_miss = 800
stat.node.2.llc.total_miss = 800
stat.node.2.llc.avg_miss_lat = 3367.75
stat.node.2.llc.avg_cxl_lat = 3367.75
stat.node.2.llc.miss_lat_hist_bin_ns = 10
stat.node.2.llc.miss_lat_hist = [0,0,0,0,0,0,0,0,0,0,0,0,0,0,0,0,0,0,0,0,0,0,0,0,0,0,0,0,0,0,0,0,0,0,0,0,0,0,0,0,0,0,0,0,0,0,0,0,0,0,0,0,0,0,0,0,0,0,0,0,0,0,0,0,0,0,0,0,0,0,0,0,0,0,0,0,0,0,0,0,0,0,0,0,0,0,0,0,0,0,0,0,0,0,0,0,0,0,0,0,0,0,0,0,0,0,0,0,0,0,0,0,0,0,1,1,3,2,4,2,5,5,7,13,13,19,10,14,11,19,27,21,29,31,22,20,32,54,41,37,16,18,27,26,29,24,23,17,12,12,15,14,23,10,6,6,9,11,6,9,5,1,3,6,6,4,2,2,1,1,2,1,1,2,2,2,0,0,1,0,0,0,0,1,0,1]
stat.node.2.util.dram_avg = 3.65788e-06
stat.node.2.walltime_s = 826.99
stat.node.2.active_time_s = 80.3088
stat.node.3.cpu.0.load_issue_to_complete_count = 799
stat.node.3.cpu.0.avg_load_issue_to_complete_lat = 3577.2
stat.node.3.injector.phase_cycles = 2862994
stat.node.3.injector.request_bytes = 1125832
stat.node.3.injector.response_bytes = 2033856
stat.node.3.injector.aggregate_bytes = 3159688
stat.node.3.injector.request_gbps = 7.55013
stat.node.3.injector.response_gbps = 13.6396
stat.node.3.injector.aggregate_gbps = 21.1897
stat.node.3.llc.cxl_miss = 800
stat.node.3.llc.total_miss = 800
stat.node.3.llc.avg_miss_lat = 3362.88
stat.node.3.llc.avg_cxl_lat = 3362.88
stat.node.3.llc.miss_lat_hist_bin_ns = 10
stat.node.3.llc.miss_lat_hist = [0,0,0,0,0,0,0,0,0,0,0,0,0,0,0,0,0,0,0,0,0,0,0,0,0,0,0,0,0,0,0,0,0,0,0,0,0,0,0,0,0,0,0,0,0,0,0,0,0,0,0,0,0,0,0,0,0,0,0,0,0,0,0,0,0,0,0,0,0,0,0,0,0,0,0,0,0,0,0,0,0,0,0,0,0,0,0,0,0,0,0,0,0,0,0,0,0,0,0,0,0,0,0,0,0,0,0,0,0,0,0,0,0,0,3,0,1,7,2,1,2,13,6,10,15,18,19,13,20,17,16,23,33,28,25,27,29,40,50,37,22,16,23,16,29,26,10,10,16,12,16,17,17,11,11,11,17,8,9,4,7,1,4,6,7,1,4,1,1,0,3,1,0,3,1,0,0,0,0,0,0,0,0,0,2,1,1]
stat.node.3.util.dram_avg = 3.6565e-06
stat.node.3.walltime_s = 827.082
stat.node.3.active_time_s = 97.9491
stat.node.0.cpu.0.load_issue_to_complete_count = 799
stat.node.0.cpu.0.avg_load_issue_to_complete_lat = 3590.06
stat.node.0.injector.phase_cycles = 2873373
stat.node.0.injector.request_bytes = 1131456
stat.node.0.injector.response_bytes = 2043712
stat.node.0.injector.aggregate_bytes = 3175168
stat.node.0.injector.request_gbps = 7.56044
stat.node.0.injector.response_gbps = 13.6562
stat.node.0.injector.aggregate_gbps = 21.2166
stat.node.0.llc.cxl_miss = 800
stat.node.0.llc.total_miss = 800
stat.node.0.llc.avg_miss_lat = 3374.57
stat.node.0.llc.avg_cxl_lat = 3374.57
stat.node.0.llc.miss_lat_hist_bin_ns = 10
stat.node.0.llc.miss_lat_hist = [0,0,0,0,0,0,0,0,0,0,0,0,0,0,0,0,0,0,0,0,0,0,0,0,0,0,0,0,0,0,0,0,0,0,0,0,0,0,0,0,0,0,0,0,0,0,0,0,0,0,0,0,0,0,0,0,0,0,0,0,0,0,0,0,0,0,0,0,0,0,0,0,0,0,0,0,0,0,0,0,0,0,0,0,0,0,0,0,0,0,0,0,0,0,0,0,0,0,0,0,0,0,0,0,0,0,0,0,0,0,0,0,1,0,0,0,2,4,3,2,1,2,6,12,6,13,17,6,19,19,25,31,28,27,31,26,39,43,38,38,18,25,19,20,35,31,21,20,11,13,17,16,15,10,5,6,8,11,2,5,4,8,9,4,5,5,2,1,0,1,1,2,1,0,2,0,0,2,1,0,0,1,1,2,1]
stat.node.0.util.dram_avg = 3.65241e-06
stat.node.0.walltime_s = 827.245
stat.node.0.active_time_s = 102.858
stat.pool.105.util.mem_avg = 0.21316
stat.pool.105.util.req_link_avg = 0.99993
stat.pool.105.walltime_s = 827.245
stat.pool.105.active_time_s = 2.59481
stat.pool.104.util.mem_avg = 0.21316
stat.pool.104.util.req_link_avg = 0.99993
stat.pool.104.walltime_s = 827.245
stat.pool.104.active_time_s = 2.47626
stat.pool.103.util.mem_avg = 0.213163
stat.pool.103.util.req_link_avg = 0.999931
stat.pool.103.walltime_s = 827.245
stat.pool.103.active_time_s = 2.60092
stat.pool.102.util.mem_avg = 0.213163
stat.pool.102.util.req_link_avg = 0.999931
stat.pool.102.walltime_s = 827.245
stat.pool.102.active_time_s = 2.57605
stat.pool.101.util.mem_avg = 0.213163
stat.pool.101.util.req_link_avg = 0.999931
stat.pool.101.walltime_s = 827.245
stat.pool.101.active_time_s = 2.6903
stat.pool.100.util.mem_avg = 0.213163
stat.pool.100.util.req_link_avg = 0.999931
stat.pool.100.walltime_s = 827.245
stat.pool.100.active_time_s = 2.78918
stat.switch.replicated_messages = 1502136
stat.switch.util.node_ingress_avg = 0.154704
stat.switch.util.pool_ingress_avg = 0.379825
stat.switch.bw.host_to_switch_gbps = 7.6042
stat.switch.bw.switch_to_host_gbps = 14.0018
stat.switch.bw.host_link_total_gbps = 21.606
stat.switch.walltime_s = 827.245
stat.switch.active_time_s = 16.1635
Simulation is complete, simulated time: 2.74011 ms
