stat.node.5.cpu.0.retired = 823
stat.node.5.cpu.0.cycles = 1000000
stat.node.6.cpu.0.retired = 823
stat.node.6.cpu.0.cycles = 1000000
stat.node.7.cpu.0.retired = 823
stat.node.7.cpu.0.cycles = 1000000
stat.node.0.cpu.0.retired = 823
stat.node.0.cpu.0.cycles = 1000000
stat.node.1.cpu.0.retired = 823
stat.node.1.cpu.0.cycles = 1000000
stat.node.2.cpu.0.retired = 823
stat.node.2.cpu.0.cycles = 1000000
stat.node.3.cpu.0.retired = 823
stat.node.3.cpu.0.cycles = 1000000
stat.node.4.cpu.0.retired = 823
stat.node.4.cpu.0.cycles = 1000000
stat.node.6.cpu.0.load_issue_to_complete_count = 799
stat.node.6.cpu.0.avg_load_issue_to_complete_lat = 928.155
stat.node.6.injector.phase_cycles = 743407
stat.node.6.injector.request_bytes = 243280
stat.node.6.injector.response_bytes = 59008
stat.node.6.injector.aggregate_bytes = 302288
stat.node.6.injector.request_gbps = 6.2832
stat.node.6.injector.response_gbps = 1.524
stat.node.6.injector.aggregate_gbps = 7.8072
stat.node.6.llc.cxl_miss = 800
stat.node.6.llc.total_miss = 800
stat.node.6.llc.avg_miss_lat = 754.339
stat.node.6.llc.avg_cxl_lat = 754.339
stat.node.6.llc.miss_lat_hist_bin_ns = 10
stat.node.6.llc.miss_lat_hist = [0,0,0,0,0,0,0,0,0,0,0,0,0,0,0,0,0,0,0,0,0,0,0,0,0,0,0,0,0,0,60,717,23]
stat.node.6.util.dram_avg = 1.39453e-05
stat.node.6.walltime_s = 25.5878
stat.node.6.active_time_s = 11.1796
stat.node.4.cpu.0.load_issue_to_complete_count = 799
stat.node.4.cpu.0.avg_load_issue_to_complete_lat = 928.155
stat.node.4.injector.phase_cycles = 743407
stat.node.4.injector.request_bytes = 243280
stat.node.4.injector.response_bytes = 59008
stat.node.4.injector.aggregate_bytes = 302288
stat.node.4.injector.request_gbps = 6.2832
stat.node.4.injector.response_gbps = 1.524
stat.node.4.injector.aggregate_gbps = 7.8072
stat.node.4.llc.cxl_miss = 800
stat.node.4.llc.total_miss = 800
stat.node.4.llc.avg_miss_lat = 754.339
stat.node.4.llc.avg_cxl_lat = 754.339
stat.node.4.llc.miss_lat_hist_bin_ns = 10
stat.node.4.llc.miss_lat_hist = [0,0,0,0,0,0,0,0,0,0,0,0,0,0,0,0,0,0,0,0,0,0,0,0,0,0,0,0,0,0,60,717,23]
stat.node.4.util.dram_avg = 1.39453e-05
stat.node.4.walltime_s = 25.5878
stat.node.7.cpu.0.load_issue_to_complete_count = 799
stat.node.7.cpu.0.avg_load_issue_to_complete_lat = 928.155
stat.node.7.injector.phase_cycles = 743407
stat.node.7.injector.request_bytes = 243280
stat.node.7.injector.response_bytes = 59008
stat.node.7.injector.aggregate_bytes = 302288
stat.node.7.injector.request_gbps = 6.2832
stat.node.7.injector.response_gbps = 1.524
stat.node.7.injector.aggregate_gbps = 7.8072
stat.node.7.llc.cxl_miss = 800
stat.node.7.llc.total_miss = 800
stat.node.7.llc.avg_miss_lat = 754.339
stat.node.7.llc.avg_cxl_lat = 754.339
stat.node.7.llc.miss_lat_hist_bin_ns = 10
stat.node.7.llc.miss_lat_hist = [0,0,0,0,0,0,0,0,0,0,0,0,0,0,0,0,0,0,0,0,0,0,0,0,0,0,0,0,0,0,60,717,23]
stat.node.7.util.dram_avg = 1.39453e-05
stat.node.7.walltime_s = 25.5878
stat.node.7.active_time_s = 10.9144
stat.node.0.cpu.0.load_issue_to_complete_count = 799
stat.node.0.cpu.0.avg_load_issue_to_complete_lat = 928.155
stat.node.0.injector.phase_cycles = 743407
stat.node.0.injector.request_bytes = 243280
stat.node.0.injector.response_bytes = 59008
stat.node.0.injector.aggregate_bytes = 302288
stat.node.0.injector.request_gbps = 6.2832
stat.node.0.injector.response_gbps = 1.524
stat.node.0.injector.aggregate_gbps = 7.8072
stat.node.0.llc.cxl_miss = 800
stat.node.0.llc.total_miss = 800
stat.node.0.llc.avg_miss_lat = 754.339
stat.node.0.llc.avg_cxl_lat = 754.339
stat.node.0.llc.miss_lat_hist_bin_ns = 10
stat.node.0.llc.miss_lat_hist = [0,0,0,0,0,0,0,0,0,0,0,0,0,0,0,0,0,0,0,0,0,0,0,0,0,0,0,0,0,0,60,717,23]
stat.node.0.util.dram_avg = 1.39453e-05
stat.node.0.walltime_s = 25.5878
stat.node.0.active_time_s = 10.7553
stat.node.1.cpu.0.load_issue_to_complete_count = 799
stat.node.1.cpu.0.avg_load_issue_to_complete_lat = 928.155
stat.node.1.injector.phase_cycles = 743407
stat.node.1.injector.request_bytes = 243280
stat.node.1.injector.response_bytes = 59008
stat.node.1.injector.aggregate_bytes = 302288
stat.node.1.injector.request_gbps = 6.2832
stat.node.1.injector.response_gbps = 1.524
stat.node.1.injector.aggregate_gbps = 7.8072
stat.node.1.llc.cxl_miss = 800
stat.node.1.llc.total_miss = 800
stat.node.1.llc.avg_miss_lat = 754.339
stat.node.1.llc.avg_cxl_lat = 754.339
stat.node.1.llc.miss_lat_hist_bin_ns = 10
stat.node.1.llc.miss_lat_hist = [0,0,0,0,0,0,0,0,0,0,0,0,0,0,0,0,0,0,0,0,0,0,0,0,0,0,0,0,0,0,60,717,23]
stat.node.1.util.dram_avg = 1.39453e-05
stat.node.1.walltime_s = 25.5878
stat.node.1.active_time_s = 10.8474
stat.node.2.cpu.0.load_issue_to_complete_count = 799
stat.node.2.cpu.0.avg_load_issue_to_complete_lat = 928.155
stat.node.2.injector.phase_cycles = 743407
stat.node.2.injector.request_bytes = 243280
stat.node.2.injector.response_bytes = 59008
stat.node.2.injector.aggregate_bytes = 302288
stat.node.2.injector.request_gbps = 6.2832
stat.node.2.injector.response_gbps = 1.524
stat.node.2.injector.aggregate_gbps = 7.8072
stat.node.2.llc.cxl_miss = 800
stat.node.2.llc.total_miss = 800
stat.node.2.llc.avg_miss_lat = 754.339
stat.node.2.llc.avg_cxl_lat = 754.339
stat.node.2.llc.miss_lat_hist_bin_ns = 10
stat.node.2.llc.miss_lat_hist = [0,0,0,0,0,0,0,0,0,0,0,0,0,0,0,0,0,0,0,0,0,0,0,0,0,0,0,0,0,0,60,717,23]
stat.node.2.util.dram_avg = 1.39453e-05
stat.node.2.walltime_s = 25.5878
stat.node.2.active_time_s = 13.5193
stat.node.3.cpu.0.load_issue_to_complete_count = 799
stat.node.3.cpu.0.avg_load_issue_to_complete_lat = 928.155
stat.node.3.injector.phase_cycles = 743407
stat.node.3.injector.request_bytes = 243280
stat.node.3.injector.response_bytes = 59008
stat.node.3.injector.aggregate_bytes = 302288
stat.node.3.injector.request_gbps = 6.2832
stat.node.3.injector.response_gbps = 1.524
stat.node.3.injector.aggregate_gbps = 7.8072
stat.node.3.llc.cxl_miss = 800
stat.node.3.llc.total_miss = 800
stat.node.3.llc.avg_miss_lat = 754.339
stat.node.3.llc.avg_cxl_lat = 754.339
stat.node.3.llc.miss_lat_hist_bin_ns = 10
stat.node.3.llc.miss_lat_hist = [0,0,0,0,0,0,0,0,0,0,0,0,0,0,0,0,0,0,0,0,0,0,0,0,0,0,0,0,0,0,60,717,23]
stat.node.3.util.dram_avg = 1.39453e-05
stat.node.3.walltime_s = 25.5878
stat.node.3.active_time_s = 14.0011
stat.node.5.cpu.0.load_issue_to_complete_count = 799
stat.node.5.cpu.0.avg_load_issue_to_complete_lat = 928.155
stat.node.5.injector.phase_cycles = 743407
stat.node.5.injector.request_bytes = 243280
stat.node.5.injector.response_bytes = 59008
stat.node.5.injector.aggregate_bytes = 302288
stat.node.5.injector.request_gbps = 6.2832
stat.node.5.injector.response_gbps = 1.524
stat.node.5.injector.aggregate_gbps = 7.8072
stat.node.5.llc.cxl_miss = 800
stat.node.5.llc.total_miss = 800
stat.node.5.llc.avg_miss_lat = 754.339
stat.node.5.llc.avg_cxl_lat = 754.339
stat.node.5.llc.miss_lat_hist_bin_ns = 10
stat.node.5.llc.miss_lat_hist = [0,0,0,0,0,0,0,0,0,0,0,0,0,0,0,0,0,0,0,0,0,0,0,0,0,0,0,0,0,0,60,717,23]
stat.node.5.util.dram_avg = 1.39453e-05
stat.node.5.walltime_s = 25.5878
stat.node.5.active_time_s = 13.609
stat.node.4.active_time_s = 13.5009
stat.pool.107.util.mem_avg = 0.167877
stat.pool.107.util.req_link_avg = 0.998617
stat.pool.107.walltime_s = 25.5879
stat.pool.107.active_time_s = 0.286259
stat.pool.106.util.mem_avg = 0.167877
stat.pool.106.util.req_link_avg = 0.998617
stat.pool.106.walltime_s = 25.5879
stat.pool.106.active_time_s = 0.275779
stat.pool.105.util.mem_avg = 0.167877
stat.pool.105.util.req_link_avg = 0.998617
stat.pool.105.walltime_s = 25.5879
stat.pool.105.active_time_s = 0.283029
stat.pool.104.util.mem_avg = 0.167877
stat.pool.104.util.req_link_avg = 0.998617
stat.pool.104.walltime_s = 25.5879
stat.pool.104.active_time_s = 0.290119
stat.pool.103.util.mem_avg = 0.167877
stat.pool.103.util.req_link_avg = 0.998617
stat.pool.103.walltime_s = 25.5879
stat.pool.103.active_time_s = 0.289138
stat.pool.102.util.mem_avg = 0.167877
stat.pool.102.util.req_link_avg = 0.998617
stat.pool.102.walltime_s = 25.5879
stat.pool.102.active_time_s = 0.293163
stat.pool.101.util.mem_avg = 0.167877
stat.pool.101.util.req_link_avg = 0.998617
stat.pool.101.walltime_s = 25.5879
stat.pool.101.active_time_s = 0.295207
stat.pool.100.util.mem_avg = 0.167877
stat.pool.100.util.req_link_avg = 0.998617
stat.pool.100.walltime_s = 25.588
stat.pool.100.active_time_s = 0.317066
stat.switch.replicated_messages = 546048
stat.switch.util.node_ingress_avg = 0.131181
stat.switch.util.pool_ingress_avg = 0.057931
stat.switch.bw.host_to_switch_gbps = 6.44856
stat.switch.bw.switch_to_host_gbps = 2.84742
stat.switch.bw.host_link_total_gbps = 9.29598
stat.switch.walltime_s = 25.588
stat.switch.active_time_s = 1.91738
Simulation is complete, simulated time: 717.662 us
