stat.node.2.cpu.0.retired = 732
stat.node.2.cpu.0.cycles = 1000000
stat.node.3.cpu.0.retired = 737
stat.node.3.cpu.0.cycles = 1000000
stat.node.4.cpu.0.retired = 727
stat.node.4.cpu.0.cycles = 1000000
stat.node.5.cpu.0.retired = 737
stat.node.5.cpu.0.cycles = 1000000
stat.node.6.cpu.0.retired = 737
stat.node.6.cpu.0.cycles = 1000000
stat.node.7.cpu.0.retired = 736
stat.node.7.cpu.0.cycles = 1000000
stat.node.0.cpu.0.retired = 739
stat.node.0.cpu.0.cycles = 1000000
stat.node.1.cpu.0.retired = 737
stat.node.1.cpu.0.cycles = 1000000
stat.node.0.cpu.0.load_issue_to_complete_count = 799
stat.node.0.cpu.0.avg_load_issue_to_complete_lat = 1035.08
stat.node.0.injector.phase_cycles = 828905
stat.node.0.injector.request_bytes = 175672
stat.node.0.injector.response_bytes = 743872
stat.node.0.injector.aggregate_bytes = 919544
stat.node.0.injector.request_gbps = 4.06911
stat.node.0.injector.response_gbps = 17.2304
stat.node.0.injector.aggregate_gbps = 21.2995
stat.node.0.llc.cxl_miss = 800
stat.node.0.llc.total_miss = 800
stat.node.0.llc.avg_miss_lat = 859.629
stat.node.0.llc.avg_cxl_lat = 859.629
stat.node.0.llc.miss_lat_hist_bin_ns = 10
stat.node.0.llc.miss_lat_hist = [0,0,0,0,0,0,0,0,0,0,0,0,0,0,0,0,0,0,0,0,0,0,0,0,0,0,0,0,0,0,0,1,5,55,170,179,264,94,22,8,2]
stat.node.0.util.dram_avg = 1.26624e-05
stat.node.0.walltime_s = 228.624
stat.node.0.active_time_s = 29.4464
stat.node.3.cpu.0.load_issue_to_complete_count = 799
stat.node.3.cpu.0.avg_load_issue_to_complete_lat = 1035.41
stat.node.3.injector.phase_cycles = 829218
stat.node.3.injector.request_bytes = 175712
stat.node.3.injector.response_bytes = 744192
stat.node.3.injector.aggregate_bytes = 919904
stat.node.3.injector.request_gbps = 4.0685
stat.node.3.injector.response_gbps = 17.2313
stat.node.3.injector.aggregate_gbps = 21.2998
stat.node.3.llc.cxl_miss = 800
stat.node.3.llc.total_miss = 800
stat.node.3.llc.avg_miss_lat = 859.966
stat.node.3.llc.avg_cxl_lat = 859.966
stat.node.3.llc.miss_lat_hist_bin_ns = 10
stat.node.3.llc.miss_lat_hist = [0,0,0,0,0,0,0,0,0,0,0,0,0,0,0,0,0,0,0,0,0,0,0,0,0,0,0,0,0,0,0,1,9,43,139,253,217,90,43,5]
stat.node.3.util.dram_avg = 1.26515e-05
stat.node.3.walltime_s = 228.702
stat.node.3.active_time_s = 27.3655
stat.node.5.cpu.0.load_issue_to_complete_count = 799
stat.node.5.cpu.0.avg_load_issue_to_complete_lat = 1036.54
stat.node.5.injector.phase_cycles = 830093
stat.node.5.injector.request_bytes = 175872
stat.node.5.injector.response_bytes = 744960
stat.node.5.injector.aggregate_bytes = 920832
stat.node.5.injector.request_gbps = 4.06791
stat.node.5.injector.response_gbps = 17.2309
stat.node.5.injector.aggregate_gbps = 21.2988
stat.node.5.llc.cxl_miss = 800
stat.node.5.llc.total_miss = 800
stat.node.5.llc.avg_miss_lat = 861.124
stat.node.5.llc.avg_cxl_lat = 861.124
stat.node.5.llc.miss_lat_hist_bin_ns = 10
stat.node.5.llc.miss_lat_hist = [0,0,0,0,0,0,0,0,0,0,0,0,0,0,0,0,0,0,0,0,0,0,0,0,0,0,0,0,0,0,0,3,2,46,160,165,302,79,35,7,0,1]
stat.node.5.util.dram_avg = 1.26444e-05
stat.node.5.walltime_s = 228.752
stat.node.5.active_time_s = 24.088
stat.node.6.cpu.0.load_issue_to_complete_count = 799
stat.node.6.cpu.0.avg_load_issue_to_complete_lat = 1036.31
stat.node.6.injector.phase_cycles = 829934
stat.node.6.injector.request_bytes = 175856
stat.node.6.injector.response_bytes = 744832
stat.node.6.injector.aggregate_bytes = 920688
stat.node.6.injector.request_gbps = 4.06832
stat.node.6.injector.response_gbps = 17.2312
stat.node.6.injector.aggregate_gbps = 21.2995
stat.node.6.llc.cxl_miss = 800
stat.node.6.llc.total_miss = 800
stat.node.6.llc.avg_miss_lat = 860.889
stat.node.6.llc.avg_cxl_lat = 860.889
stat.node.6.llc.miss_lat_hist_bin_ns = 10
stat.node.6.llc.miss_lat_hist = [0,0,0,0,0,0,0,0,0,0,0,0,0,0,0,0,0,0,0,0,0,0,0,0,0,0,0,0,0,0,0,1,8,40,152,203,273,79,39,5]
stat.node.6.util.dram_avg = 1.26434e-05
stat.node.6.walltime_s = 228.771
stat.node.6.active_time_s = 32.1072
stat.node.1.cpu.0.load_issue_to_complete_count = 799
stat.node.1.cpu.0.avg_load_issue_to_complete_lat = 1036.45
stat.node.1.injector.phase_cycles = 830019
stat.node.1.injector.request_bytes = 175928
stat.node.1.injector.response_bytes = 744896
stat.node.1.injector.aggregate_bytes = 920824
stat.node.1.injector.request_gbps = 4.06957
stat.node.1.injector.response_gbps = 17.2309
stat.node.1.injector.aggregate_gbps = 21.3005
stat.node.1.llc.cxl_miss = 800
stat.node.1.llc.total_miss = 800
stat.node.1.llc.avg_miss_lat = 861.071
stat.node.1.llc.avg_cxl_lat = 861.071
stat.node.1.llc.miss_lat_hist_bin_ns = 10
stat.node.1.llc.miss_lat_hist = [0,0,0,0,0,0,0,0,0,0,0,0,0,0,0,0,0,0,0,0,0,0,0,0,0,0,0,0,0,0,0,0,3,46,150,228,243,85,41,3,1]
stat.node.1.util.dram_avg = 1.26411e-05
stat.node.1.walltime_s = 228.795
stat.node.1.active_time_s = 24.1324
stat.node.7.cpu.0.load_issue_to_complete_count = 799
stat.node.7.cpu.0.avg_load_issue_to_complete_lat = 1037.37
stat.node.7.injector.phase_cycles = 830780
stat.node.7.injector.request_bytes = 176080
stat.node.7.injector.response_bytes = 745600
stat.node.7.injector.aggregate_bytes = 921680
stat.node.7.injector.request_gbps = 4.06935
stat.node.7.injector.response_gbps = 17.2314
stat.node.7.injector.aggregate_gbps = 21.3008
stat.node.7.llc.cxl_miss = 800
stat.node.7.llc.total_miss = 800
stat.node.7.llc.avg_miss_lat = 861.899
stat.node.7.llc.avg_cxl_lat = 861.899
stat.node.7.llc.miss_lat_hist_bin_ns = 10
stat.node.7.llc.miss_lat_hist = [0,0,0,0,0,0,0,0,0,0,0,0,0,0,0,0,0,0,0,0,0,0,0,0,0,0,0,0,0,0,0,3,8,52,128,189,292,89,34,5]
stat.node.7.util.dram_avg = 1.26321e-05
stat.node.7.walltime_s = 228.839
stat.node.7.active_time_s = 24.8645
stat.node.2.cpu.0.load_issue_to_complete_count = 799
stat.node.2.cpu.0.avg_load_issue_to_complete_lat = 1043.45
stat.node.2.injector.phase_cycles = 835569
stat.node.2.injector.request_bytes = 177072
stat.node.2.injector.response_bytes = 749888
stat.node.2.injector.aggregate_bytes = 926960
stat.node.2.injector.request_gbps = 4.06882
stat.node.2.injector.response_gbps = 17.2312
stat.node.2.injector.aggregate_gbps = 21.3
stat.node.2.llc.cxl_miss = 800
stat.node.2.llc.total_miss = 800
stat.node.2.llc.avg_miss_lat = 867.644
stat.node.2.llc.avg_cxl_lat = 867.644
stat.node.2.llc.miss_lat_hist_bin_ns = 10
stat.node.2.llc.miss_lat_hist = [0,0,0,0,0,0,0,0,0,0,0,0,0,0,0,0,0,0,0,0,0,0,0,0,0,0,0,0,0,0,0,0,2,29,117,196,279,114,54,9]
stat.node.2.util.dram_avg = 1.25691e-05
stat.node.2.walltime_s = 229.568
stat.node.2.active_time_s = 22.7987
stat.node.4.cpu.0.load_issue_to_complete_count = 799
stat.node.4.cpu.0.avg_load_issue_to_complete_lat = 1050.15
stat.node.4.injector.phase_cycles = 840964
stat.node.4.injector.request_bytes = 178184
stat.node.4.injector.response_bytes = 754688
stat.node.4.injector.aggregate_bytes = 932872
stat.node.4.injector.request_gbps = 4.06811
stat.node.4.injector.response_gbps = 17.2302
stat.node.4.injector.aggregate_gbps = 21.2983
stat.node.4.llc.cxl_miss = 800
stat.node.4.llc.total_miss = 800
stat.node.4.llc.avg_miss_lat = 874.298
stat.node.4.llc.avg_cxl_lat = 874.298
stat.node.4.llc.miss_lat_hist_bin_ns = 10
stat.node.4.llc.miss_lat_hist = [0,0,0,0,0,0,0,0,0,0,0,0,0,0,0,0,0,0,0,0,0,0,0,0,0,0,0,0,0,0,0,0,3,19,65,163,349,117,55,28,1]
stat.node.4.util.dram_avg = 1.24907e-05
stat.node.4.walltime_s = 230.311
stat.node.4.active_time_s = 34.4908
stat.pool.102.util.mem_avg = 0.209784
stat.pool.102.util.req_link_avg = 0.4365
stat.pool.102.walltime_s = 230.311
stat.pool.102.active_time_s = 0.853339
stat.pool.101.util.mem_avg = 0.209784
stat.pool.101.util.req_link_avg = 0.436501
stat.pool.101.walltime_s = 230.312
stat.pool.101.active_time_s = 0.82039
stat.pool.100.util.mem_avg = 0.209784
stat.pool.100.util.req_link_avg = 0.436501
stat.pool.100.walltime_s = 230.312
stat.pool.100.active_time_s = 0.930876
stat.switch.replicated_messages = 71832
stat.switch.util.node_ingress_avg = 0.0858102
stat.switch.util.pool_ingress_avg = 0.999535
stat.switch.bw.host_to_switch_gbps = 4.21793
stat.switch.bw.switch_to_host_gbps = 18.4234
stat.switch.bw.host_link_total_gbps = 22.6413
stat.switch.walltime_s = 230.312
stat.switch.active_time_s = 3.46868
Simulation is complete, simulated time: 801.236 us
