stat.node.4.cpu.0.retired = 770
stat.node.4.cpu.0.cycles = 1000000
stat.node.5.cpu.0.retired = 804
stat.node.5.cpu.0.cycles = 1000000
stat.node.6.cpu.0.retired = 804
stat.node.6.cpu.0.cycles = 1000000
stat.node.7.cpu.0.retired = 801
stat.node.7.cpu.0.cycles = 1000000
stat.node.0.cpu.0.retired = 803
stat.node.0.cpu.0.cycles = 1000000
stat.node.1.cpu.0.retired = 804
stat.node.1.cpu.0.cycles = 1000000
stat.node.2.cpu.0.retired = 773
stat.node.2.cpu.0.cycles = 1000000
stat.node.3.cpu.0.retired = 806
stat.node.3.cpu.0.cycles = 1000000
stat.node.3.cpu.0.load_issue_to_complete_count = 799
stat.node.3.cpu.0.avg_load_issue_to_complete_lat = 947.186
stat.node.3.injector.phase_cycles = 758678
stat.node.3.injector.request_bytes = 290080
stat.node.3.injector.response_bytes = 523968
stat.node.3.injector.aggregate_bytes = 814048
stat.node.3.injector.request_gbps = 7.34111
stat.node.3.injector.response_gbps = 13.2602
stat.node.3.injector.aggregate_gbps = 20.6013
stat.node.3.llc.cxl_miss = 800
stat.node.3.llc.total_miss = 800
stat.node.3.llc.avg_miss_lat = 772.947
stat.node.3.llc.avg_cxl_lat = 772.947
stat.node.3.llc.miss_lat_hist_bin_ns = 10
stat.node.3.llc.miss_lat_hist = [0,0,0,0,0,0,0,0,0,0,0,0,0,0,0,0,0,0,0,0,0,0,0,0,0,0,0,0,0,65,83,184,185,250,30,3]
stat.node.3.util.dram_avg = 1.37004e-05
stat.node.3.walltime_s = 160.397
stat.node.3.active_time_s = 23.625
stat.node.1.cpu.0.load_issue_to_complete_count = 799
stat.node.1.cpu.0.avg_load_issue_to_complete_lat = 948.537
stat.node.1.injector.phase_cycles = 759711
stat.node.1.injector.request_bytes = 290488
stat.node.1.injector.response_bytes = 524672
stat.node.1.injector.aggregate_bytes = 815160
stat.node.1.injector.request_gbps = 7.34144
stat.node.1.injector.response_gbps = 13.2599
stat.node.1.injector.aggregate_gbps = 20.6013
stat.node.1.llc.cxl_miss = 800
stat.node.1.llc.total_miss = 800
stat.node.1.llc.avg_miss_lat = 774.174
stat.node.1.llc.avg_cxl_lat = 774.174
stat.node.1.llc.miss_lat_hist_bin_ns = 10
stat.node.1.llc.miss_lat_hist = [0,0,0,0,0,0,0,0,0,0,0,0,0,0,0,0,0,0,0,0,0,0,0,0,0,0,0,0,0,84,63,173,189,239,50,2]
stat.node.1.util.dram_avg = 1.36751e-05
stat.node.1.walltime_s = 160.541
stat.node.1.active_time_s = 26.9803
stat.node.6.cpu.0.load_issue_to_complete_count = 799
stat.node.6.cpu.0.avg_load_issue_to_complete_lat = 948.24
stat.node.6.injector.phase_cycles = 759496
stat.node.6.injector.request_bytes = 290408
stat.node.6.injector.response_bytes = 524544
stat.node.6.injector.aggregate_bytes = 814952
stat.node.6.injector.request_gbps = 7.34149
stat.node.6.injector.response_gbps = 13.2604
stat.node.6.injector.aggregate_gbps = 20.6019
stat.node.6.llc.cxl_miss = 800
stat.node.6.llc.total_miss = 800
stat.node.6.llc.avg_miss_lat = 774.19
stat.node.6.llc.avg_cxl_lat = 774.19
stat.node.6.llc.miss_lat_hist_bin_ns = 10
stat.node.6.llc.miss_lat_hist = [0,0,0,0,0,0,0,0,0,0,0,0,0,0,0,0,0,0,0,0,0,0,0,0,0,0,0,0,0,24,106,206,167,279,18]
stat.node.6.util.dram_avg = 1.36736e-05
stat.node.6.walltime_s = 160.533
stat.node.6.active_time_s = 21.6489
stat.node.5.cpu.0.load_issue_to_complete_count = 799
stat.node.5.cpu.0.avg_load_issue_to_complete_lat = 949.558
stat.node.5.injector.phase_cycles = 760487
stat.node.5.injector.request_bytes = 290816
stat.node.5.injector.response_bytes = 525248
stat.node.5.injector.aggregate_bytes = 816064
stat.node.5.injector.request_gbps = 7.34223
stat.node.5.injector.response_gbps = 13.2609
stat.node.5.injector.aggregate_gbps = 20.6032
stat.node.5.llc.cxl_miss = 800
stat.node.5.llc.total_miss = 800
stat.node.5.llc.avg_miss_lat = 775.401
stat.node.5.llc.avg_cxl_lat = 775.401
stat.node.5.llc.miss_lat_hist_bin_ns = 10
stat.node.5.llc.miss_lat_hist = [0,0,0,0,0,0,0,0,0,0,0,0,0,0,0,0,0,0,0,0,0,0,0,0,0,0,0,0,0,5,127,164,199,291,14]
stat.node.5.util.dram_avg = 1.36685e-05
stat.node.5.walltime_s = 160.571
stat.node.5.active_time_s = 21.345
stat.node.0.cpu.0.load_issue_to_complete_count = 799
stat.node.0.cpu.0.avg_load_issue_to_complete_lat = 949.825
stat.node.0.injector.phase_cycles = 760743
stat.node.0.injector.request_bytes = 290824
stat.node.0.injector.response_bytes = 525440
stat.node.0.injector.aggregate_bytes = 816264
stat.node.0.injector.request_gbps = 7.33996
stat.node.0.injector.response_gbps = 13.2613
stat.node.0.injector.aggregate_gbps = 20.6013
stat.node.0.llc.cxl_miss = 800
stat.node.0.llc.total_miss = 800
stat.node.0.llc.avg_miss_lat = 775.69
stat.node.0.llc.avg_cxl_lat = 775.69
stat.node.0.llc.miss_lat_hist_bin_ns = 10
stat.node.0.llc.miss_lat_hist = [0,0,0,0,0,0,0,0,0,0,0,0,0,0,0,0,0,0,0,0,0,0,0,0,0,0,0,0,0,0,91,233,180,287,9]
stat.node.0.util.dram_avg = 1.36557e-05
stat.node.0.walltime_s = 160.637
stat.node.0.active_time_s = 25.3602
stat.node.7.cpu.0.load_issue_to_complete_count = 799
stat.node.7.cpu.0.avg_load_issue_to_complete_lat = 954.493
stat.node.7.injector.phase_cycles = 764494
stat.node.7.injector.request_bytes = 292304
stat.node.7.injector.response_bytes = 528000
stat.node.7.injector.aggregate_bytes = 820304
stat.node.7.injector.request_gbps = 7.34111
stat.node.7.injector.response_gbps = 13.2605
stat.node.7.injector.aggregate_gbps = 20.6016
stat.node.7.llc.cxl_miss = 800
stat.node.7.llc.total_miss = 800
stat.node.7.llc.avg_miss_lat = 780.309
stat.node.7.llc.avg_cxl_lat = 780.309
stat.node.7.llc.miss_lat_hist_bin_ns = 10
stat.node.7.llc.miss_lat_hist = [0,0,0,0,0,0,0,0,0,0,0,0,0,0,0,0,0,0,0,0,0,0,0,0,0,0,0,0,0,74,43,79,235,326,43]
stat.node.7.util.dram_avg = 1.36147e-05
stat.node.7.walltime_s = 160.864
stat.node.7.active_time_s = 22.0211
stat.node.2.cpu.0.load_issue_to_complete_count = 799
stat.node.2.cpu.0.avg_load_issue_to_complete_lat = 993.486
stat.node.2.injector.phase_cycles = 795678
stat.node.2.injector.request_bytes = 304216
stat.node.2.injector.response_bytes = 549568
stat.node.2.injector.aggregate_bytes = 853784
stat.node.2.injector.request_gbps = 7.34084
stat.node.2.injector.response_gbps = 13.2613
stat.node.2.injector.aggregate_gbps = 20.6021
stat.node.2.llc.cxl_miss = 800
stat.node.2.llc.total_miss = 800
stat.node.2.llc.avg_miss_lat = 818.745
stat.node.2.llc.avg_cxl_lat = 818.745
stat.node.2.llc.miss_lat_hist_bin_ns = 10
stat.node.2.llc.miss_lat_hist = [0,0,0,0,0,0,0,0,0,0,0,0,0,0,0,0,0,0,0,0,0,0,0,0,0,0,0,0,0,2,2,1,119,170,350,156]
stat.node.2.util.dram_avg = 1.31706e-05
stat.node.2.walltime_s = 163.557
stat.node.2.active_time_s = 25.4589
stat.node.4.cpu.0.load_issue_to_complete_count = 799
stat.node.4.cpu.0.avg_load_issue_to_complete_lat = 993.461
stat.node.4.injector.phase_cycles = 795679
stat.node.4.injector.request_bytes = 304216
stat.node.4.injector.response_bytes = 549568
stat.node.4.injector.aggregate_bytes = 853784
stat.node.4.injector.request_gbps = 7.34083
stat.node.4.injector.response_gbps = 13.2613
stat.node.4.injector.aggregate_gbps = 20.6021
stat.node.4.llc.cxl_miss = 800
stat.node.4.llc.total_miss = 800
stat.node.4.llc.avg_miss_lat = 818.648
stat.node.4.llc.avg_cxl_lat = 818.648
stat.node.4.llc.miss_lat_hist_bin_ns = 10
stat.node.4.llc.miss_lat_hist = [0,0,0,0,0,0,0,0,0,0,0,0,0,0,0,0,0,0,0,0,0,0,0,0,0,0,0,0,0,1,3,4,119,170,318,185]
stat.node.4.util.dram_avg = 1.31519e-05
stat.node.4.walltime_s = 163.619
stat.node.4.active_time_s = 24.9408
stat.pool.103.util.mem_avg = 0.242646
stat.pool.103.util.req_link_avg = 0.998761
stat.pool.103.walltime_s = 163.619
stat.pool.103.active_time_s = 0.656997
stat.pool.102.util.mem_avg = 0.242647
stat.pool.102.util.req_link_avg = 0.998762
stat.pool.102.walltime_s = 163.619
stat.pool.102.active_time_s = 0.733857
stat.pool.101.util.mem_avg = 0.242647
stat.pool.101.util.req_link_avg = 0.998762
stat.pool.101.walltime_s = 163.619
stat.pool.101.active_time_s = 0.735901
stat.pool.100.util.mem_avg = 0.242648
stat.pool.100.util.req_link_avg = 0.998763
stat.pool.100.walltime_s = 163.619
stat.pool.100.active_time_s = 0.748906
stat.switch.replicated_messages = 270048
stat.switch.util.node_ingress_avg = 0.152608
stat.switch.util.pool_ingress_avg = 0.591795
stat.switch.bw.host_to_switch_gbps = 7.50174
stat.switch.bw.switch_to_host_gbps = 14.5437
stat.switch.bw.host_link_total_gbps = 22.0454
stat.switch.walltime_s = 163.619
stat.switch.active_time_s = 3.25111
Simulation is complete, simulated time: 760.954 us
