stat.node.7.cpu.0.retired = 790
stat.node.7.cpu.0.cycles = 1000000
stat.node.0.cpu.0.retired = 790
stat.node.0.cpu.0.cycles = 1000000
stat.node.1.cpu.0.retired = 790
stat.node.1.cpu.0.cycles = 1000000
stat.node.2.cpu.0.retired = 790
stat.node.2.cpu.0.cycles = 1000000
stat.node.3.cpu.0.retired = 790
stat.node.3.cpu.0.cycles = 1000000
stat.node.4.cpu.0.retired = 790
stat.node.4.cpu.0.cycles = 1000000
stat.node.5.cpu.0.retired = 790
stat.node.5.cpu.0.cycles = 1000000
stat.node.6.cpu.0.retired = 790
stat.node.6.cpu.0.cycles = 1000000
stat.node.0.cpu.0.load_issue_to_complete_count = 799
stat.node.0.cpu.0.avg_load_issue_to_complete_lat = 958.287
stat.node.0.injector.phase_cycles = 767513
stat.node.0.injector.request_bytes = 304712
stat.node.0.injector.response_bytes = 550464
stat.node.0.injector.aggregate_bytes = 855176
stat.node.0.injector.request_gbps = 7.62263
stat.node.0.injector.response_gbps = 13.7703
stat.node.0.injector.aggregate_gbps = 21.393
stat.node.0.llc.cxl_miss = 800
stat.node.0.llc.total_miss = 800
stat.node.0.llc.avg_miss_lat = 784.161
stat.node.0.llc.avg_cxl_lat = 784.161
stat.node.0.llc.miss_lat_hist_bin_ns = 10
stat.node.0.llc.miss_lat_hist = [0,0,0,0,0,0,0,0,0,0,0,0,0,0,0,0,0,0,0,0,0,0,0,0,0,0,0,0,0,0,0,84,594,116,6]
stat.node.0.util.dram_avg = 1.35075e-05
stat.node.0.walltime_s = 19.3182
stat.node.0.active_time_s = 9.31402
stat.node.1.cpu.0.load_issue_to_complete_count = 799
stat.node.1.cpu.0.avg_load_issue_to_complete_lat = 958.255
stat.node.1.injector.phase_cycles = 767488
stat.node.1.injector.request_bytes = 304704
stat.node.1.injector.response_bytes = 550400
stat.node.1.injector.aggregate_bytes = 855104
stat.node.1.injector.request_gbps = 7.62268
stat.node.1.injector.response_gbps = 13.7692
stat.node.1.injector.aggregate_gbps = 21.3919
stat.node.1.llc.cxl_miss = 800
stat.node.1.llc.total_miss = 800
stat.node.1.llc.avg_miss_lat = 784.109
stat.node.1.llc.avg_cxl_lat = 784.109
stat.node.1.llc.miss_lat_hist_bin_ns = 10
stat.node.1.llc.miss_lat_hist = [0,0,0,0,0,0,0,0,0,0,0,0,0,0,0,0,0,0,0,0,0,0,0,0,0,0,0,0,0,0,0,128,505,164,3]
stat.node.1.util.dram_avg = 1.35075e-05
stat.node.1.walltime_s = 19.3182
stat.node.1.active_time_s = 9.46552
stat.node.3.cpu.0.load_issue_to_complete_count = 799
stat.node.3.cpu.0.avg_load_issue_to_complete_lat = 958.255
stat.node.3.injector.phase_cycles = 767488
stat.node.3.injector.request_bytes = 304704
stat.node.3.injector.response_bytes = 550400
stat.node.3.injector.aggregate_bytes = 855104
stat.node.3.injector.request_gbps = 7.62268
stat.node.3.injector.response_gbps = 13.7692
stat.node.3.injector.aggregate_gbps = 21.3919
stat.node.3.llc.cxl_miss = 800
stat.node.3.llc.total_miss = 800
stat.node.3.llc.avg_miss_lat = 784.025
stat.node.3.llc.avg_cxl_lat = 784.025
stat.node.3.llc.miss_lat_hist_bin_ns = 10
stat.node.3.llc.miss_lat_hist = [0,0,0,0,0,0,0,0,0,0,0,0,0,0,0,0,0,0,0,0,0,0,0,0,0,0,0,0,0,0,0,140,485,171,4]
stat.node.3.util.dram_avg = 1.35075e-05
stat.node.3.walltime_s = 19.3182
stat.node.3.active_time_s = 9.38005
stat.node.5.cpu.0.load_issue_to_complete_count = 799
stat.node.5.cpu.0.avg_load_issue_to_complete_lat = 958.255
stat.node.5.injector.phase_cycles = 767488
stat.node.5.injector.request_bytes = 304704
stat.node.5.injector.response_bytes = 550464
stat.node.5.injector.aggregate_bytes = 855168
stat.node.5.injector.request_gbps = 7.62268
stat.node.5.injector.response_gbps = 13.7708
stat.node.5.injector.aggregate_gbps = 21.3935
stat.node.5.llc.cxl_miss = 800
stat.node.5.llc.total_miss = 800
stat.node.5.llc.avg_miss_lat = 784.035
stat.node.5.llc.avg_cxl_lat = 784.035
stat.node.5.llc.miss_lat_hist_bin_ns = 10
stat.node.5.llc.miss_lat_hist = [0,0,0,0,0,0,0,0,0,0,0,0,0,0,0,0,0,0,0,0,0,0,0,0,0,0,0,0,0,0,3,111,541,135,10]
stat.node.5.util.dram_avg = 1.35075e-05
stat.node.5.walltime_s = 19.3182
stat.node.5.active_time_s = 9.44582
stat.node.6.cpu.0.load_issue_to_complete_count = 799
stat.node.6.cpu.0.avg_load_issue_to_complete_lat = 958.287
stat.node.6.injector.phase_cycles = 767513
stat.node.6.injector.request_bytes = 304712
stat.node.6.injector.response_bytes = 550464
stat.node.6.injector.aggregate_bytes = 855176
stat.node.6.injector.request_gbps = 7.62263
stat.node.6.injector.response_gbps = 13.7703
stat.node.6.injector.aggregate_gbps = 21.393
stat.node.6.llc.cxl_miss = 800
stat.node.6.llc.total_miss = 800
stat.node.6.llc.avg_miss_lat = 784.099
stat.node.6.llc.avg_cxl_lat = 784.099
stat.node.6.llc.miss_lat_hist_bin_ns = 10
stat.node.6.llc.miss_lat_hist = [0,0,0,0,0,0,0,0,0,0,0,0,0,0,0,0,0,0,0,0,0,0,0,0,0,0,0,0,0,0,0,93,582,115,10]
stat.node.6.util.dram_avg = 1.35075e-05
stat.node.6.walltime_s = 19.3182
stat.node.6.active_time_s = 9.49281
stat.node.7.cpu.0.load_issue_to_complete_count = 799
stat.node.7.cpu.0.avg_load_issue_to_complete_lat = 958.287
stat.node.7.injector.phase_cycles = 767513
stat.node.7.injector.request_bytes = 304712
stat.node.7.injector.response_bytes = 550464
stat.node.7.injector.aggregate_bytes = 855176
stat.node.7.injector.request_gbps = 7.62263
stat.node.7.injector.response_gbps = 13.7703
stat.node.7.injector.aggregate_gbps = 21.393
stat.node.7.llc.cxl_miss = 800
stat.node.7.llc.total_miss = 800
stat.node.7.llc.avg_miss_lat = 784.212
stat.node.7.llc.avg_cxl_lat = 784.212
stat.node.7.llc.miss_lat_hist_bin_ns = 10
stat.node.7.llc.miss_lat_hist = [0,0,0,0,0,0,0,0,0,0,0,0,0,0,0,0,0,0,0,0,0,0,0,0,0,0,0,0,0,0,0,177,413,200,10]
stat.node.7.util.dram_avg = 1.35075e-05
stat.node.7.walltime_s = 19.3182
stat.node.7.active_time_s = 9.57487
stat.node.2.cpu.0.load_issue_to_complete_count = 799
stat.node.2.cpu.0.avg_load_issue_to_complete_lat = 958.282
stat.node.2.injector.phase_cycles = 767509
stat.node.2.injector.request_bytes = 304712
stat.node.2.injector.response_bytes = 550464
stat.node.2.injector.aggregate_bytes = 855176
stat.node.2.injector.request_gbps = 7.62267
stat.node.2.injector.response_gbps = 13.7704
stat.node.2.injector.aggregate_gbps = 21.3931
stat.node.2.llc.cxl_miss = 800
stat.node.2.llc.total_miss = 800
stat.node.2.llc.avg_miss_lat = 784.119
stat.node.2.llc.avg_cxl_lat = 784.119
stat.node.2.llc.miss_lat_hist_bin_ns = 10
stat.node.2.llc.miss_lat_hist = [0,0,0,0,0,0,0,0,0,0,0,0,0,0,0,0,0,0,0,0,0,0,0,0,0,0,0,0,0,0,0,141,487,166,6]
stat.node.2.util.dram_avg = 1.35073e-05
stat.node.2.walltime_s = 19.3185
stat.node.2.active_time_s = 9.37846
stat.node.4.cpu.0.load_issue_to_complete_count = 799
stat.node.4.cpu.0.avg_load_issue_to_complete_lat = 958.282
stat.node.4.injector.phase_cycles = 767509
stat.node.4.injector.request_bytes = 304712
stat.node.4.injector.response_bytes = 550464
stat.node.4.injector.aggregate_bytes = 855176
stat.node.4.injector.request_gbps = 7.62267
stat.node.4.injector.response_gbps = 13.7704
stat.node.4.injector.aggregate_gbps = 21.3931
stat.node.4.llc.cxl_miss = 800
stat.node.4.llc.total_miss = 800
stat.node.4.llc.avg_miss_lat = 784.27
stat.node.4.llc.avg_cxl_lat = 784.27
stat.node.4.llc.miss_lat_hist_bin_ns = 10
stat.node.4.llc.miss_lat_hist = [0,0,0,0,0,0,0,0,0,0,0,0,0,0,0,0,0,0,0,0,0,0,0,0,0,0,0,0,0,0,4,145,461,186,4]
stat.node.4.util.dram_avg = 1.35073e-05
stat.node.4.walltime_s = 19.3185
stat.node.4.active_time_s = 9.29655
stat.pool.107.util.mem_avg = 0.202615
stat.pool.107.util.req_link_avg = 0.99852
stat.pool.107.walltime_s = 19.3186
stat.pool.107.active_time_s = 0.253162
stat.pool.106.util.mem_avg = 0.202615
stat.pool.106.util.req_link_avg = 0.99852
stat.pool.106.walltime_s = 19.3186
stat.pool.106.active_time_s = 0.254521
stat.pool.105.util.mem_avg = 0.202615
stat.pool.105.util.req_link_avg = 0.99852
stat.pool.105.walltime_s = 19.3186
stat.pool.105.active_time_s = 0.258439
stat.pool.104.util.mem_avg = 0.202615
stat.pool.104.util.req_link_avg = 0.99852
stat.pool.104.walltime_s = 19.3186
stat.pool.104.active_time_s = 0.262501
stat.pool.103.util.mem_avg = 0.202616
stat.pool.103.util.req_link_avg = 0.99852
stat.pool.103.walltime_s = 19.3186
stat.pool.103.active_time_s = 0.264412
stat.pool.102.util.mem_avg = 0.202616
stat.pool.102.util.req_link_avg = 0.99852
stat.pool.102.walltime_s = 19.3186
stat.pool.102.active_time_s = 0.266849
stat.pool.101.util.mem_avg = 0.202616
stat.pool.101.util.req_link_avg = 0.99852
stat.pool.101.walltime_s = 19.3186
stat.pool.101.active_time_s = 0.269411
stat.pool.100.util.mem_avg = 0.202616
stat.pool.100.util.req_link_avg = 0.99852
stat.pool.100.walltime_s = 19.3186
stat.pool.100.active_time_s = 0.289793
stat.switch.replicated_messages = 546048
stat.switch.util.node_ingress_avg = 0.158325
stat.switch.util.pool_ingress_avg = 0.306161
stat.switch.bw.host_to_switch_gbps = 7.78282
stat.switch.bw.switch_to_host_gbps = 15.048
stat.switch.bw.host_link_total_gbps = 22.8308
stat.switch.walltime_s = 19.3186
stat.switch.active_time_s = 1.74591
Simulation is complete, simulated time: 740.931 us
