stat.node.1.cpu.0.retired = 941
stat.node.1.cpu.0.cycles = 1000000
stat.node.2.cpu.0.retired = 936
stat.node.2.cpu.0.cycles = 1000000
stat.node.3.cpu.0.retired = 939
stat.node.3.cpu.0.cycles = 1000000
stat.node.4.cpu.0.retired = 935
stat.node.4.cpu.0.cycles = 1000000
stat.node.5.cpu.0.retired = 938
stat.node.5.cpu.0.cycles = 1000000
stat.node.6.cpu.0.retired = 937
stat.node.6.cpu.0.cycles = 1000000
stat.node.7.cpu.0.retired = 938
stat.node.0.cpu.0.retired = 936
stat.node.0.cpu.0.cycles = 1000000
stat.node.7.cpu.0.cycles = 1000000
stat.node.1.cpu.0.load_issue_to_complete_count = 799
stat.node.1.cpu.0.avg_load_issue_to_complete_lat = 847.616
stat.node.1.injector.phase_cycles = 678936
stat.node.1.injector.request_bytes = 112944
stat.node.1.injector.response_bytes = 45888
stat.node.1.injector.aggregate_bytes = 158832
stat.node.1.injector.request_gbps = 3.194
stat.node.1.injector.response_gbps = 1.29769
stat.node.1.injector.aggregate_gbps = 4.4917
stat.node.1.llc.cxl_miss = 800
stat.node.1.llc.total_miss = 800
stat.node.1.llc.avg_miss_lat = 674.475
stat.node.1.llc.avg_cxl_lat = 674.475
stat.node.1.llc.miss_lat_hist_bin_ns = 10
stat.node.1.llc.miss_lat_hist = [0,0,0,0,0,0,0,0,0,0,0,0,0,0,0,0,0,0,0,0,0,0,0,0,0,0,420,39,84,42,39,137,32,7]
stat.node.1.util.dram_avg = 1.54181e-05
stat.node.1.walltime_s = 257.345
stat.node.1.active_time_s = 20.8381
stat.node.6.cpu.0.load_issue_to_complete_count = 799
stat.node.6.cpu.0.avg_load_issue_to_complete_lat = 848.16
stat.node.6.injector.phase_cycles = 679371
stat.node.6.injector.request_bytes = 113008
stat.node.6.injector.response_bytes = 45952
stat.node.6.injector.aggregate_bytes = 158960
stat.node.6.injector.request_gbps = 3.19377
stat.node.6.injector.response_gbps = 1.29867
stat.node.6.injector.aggregate_gbps = 4.49244
stat.node.6.llc.cxl_miss = 800
stat.node.6.llc.total_miss = 800
stat.node.6.llc.avg_miss_lat = 675.014
stat.node.6.llc.avg_cxl_lat = 675.014
stat.node.6.llc.miss_lat_hist_bin_ns = 10
stat.node.6.llc.miss_lat_hist = [0,0,0,0,0,0,0,0,0,0,0,0,0,0,0,0,0,0,0,0,0,0,0,0,0,0,425,39,59,45,50,149,22,11]
stat.node.6.util.dram_avg = 1.539e-05
stat.node.6.walltime_s = 257.481
stat.node.6.active_time_s = 24.6217
stat.node.3.cpu.0.load_issue_to_complete_count = 799
stat.node.3.cpu.0.avg_load_issue_to_complete_lat = 849.687
stat.node.3.injector.phase_cycles = 680591
stat.node.3.injector.request_bytes = 113216
stat.node.3.injector.response_bytes = 46080
stat.node.3.injector.aggregate_bytes = 159296
stat.node.3.injector.request_gbps = 3.19391
stat.node.3.injector.response_gbps = 1.29995
stat.node.3.injector.aggregate_gbps = 4.49386
stat.node.3.llc.cxl_miss = 800
stat.node.3.llc.total_miss = 800
stat.node.3.llc.avg_miss_lat = 676.508
stat.node.3.llc.avg_cxl_lat = 676.508
stat.node.3.llc.miss_lat_hist_bin_ns = 10
stat.node.3.llc.miss_lat_hist = [0,0,0,0,0,0,0,0,0,0,0,0,0,0,0,0,0,0,0,0,0,0,0,0,0,0,411,22,102,36,50,145,28,5,1]
stat.node.3.util.dram_avg = 1.5386e-05
stat.node.3.walltime_s = 257.49
stat.node.3.active_time_s = 23.6344
stat.node.5.cpu.0.load_issue_to_complete_count = 799
stat.node.5.cpu.0.avg_load_issue_to_complete_lat = 850.195
stat.node.5.injector.phase_cycles = 680997
stat.node.5.injector.request_bytes = 113280
stat.node.5.injector.response_bytes = 46080
stat.node.5.injector.aggregate_bytes = 159360
stat.node.5.injector.request_gbps = 3.19381
stat.node.5.injector.response_gbps = 1.29918
stat.node.5.injector.aggregate_gbps = 4.49299
stat.node.5.llc.cxl_miss = 800
stat.node.5.llc.total_miss = 800
stat.node.5.llc.avg_miss_lat = 677.109
stat.node.5.llc.avg_cxl_lat = 677.109
stat.node.5.llc.miss_lat_hist_bin_ns = 10
stat.node.5.llc.miss_lat_hist = [0,0,0,0,0,0,0,0,0,0,0,0,0,0,0,0,0,0,0,0,0,0,0,0,0,0,426,31,58,38,30,168,41,8]
stat.node.5.util.dram_avg = 1.5382e-05
stat.node.5.walltime_s = 257.512
stat.node.5.active_time_s = 22.5336
stat.node.7.cpu.0.load_issue_to_complete_count = 799
stat.node.7.cpu.0.avg_load_issue_to_complete_lat = 852.731
stat.node.7.injector.phase_cycles = 683023
stat.node.7.injector.request_bytes = 113616
stat.node.7.injector.response_bytes = 46208
stat.node.7.injector.aggregate_bytes = 159824
stat.node.7.injector.request_gbps = 3.19378
stat.node.7.injector.response_gbps = 1.29892
stat.node.7.injector.aggregate_gbps = 4.4927
stat.node.7.llc.cxl_miss = 800
stat.node.7.llc.total_miss = 800
stat.node.7.llc.avg_miss_lat = 679.631
stat.node.7.llc.avg_cxl_lat = 679.631
stat.node.7.llc.miss_lat_hist_bin_ns = 10
stat.node.7.llc.miss_lat_hist = [0,0,0,0,0,0,0,0,0,0,0,0,0,0,0,0,0,0,0,0,0,0,0,0,0,0,430,34,43,37,23,146,53,34]
stat.node.7.util.dram_avg = 1.53661e-05
stat.node.7.walltime_s = 257.556
stat.node.7.active_time_s = 24.0971
stat.node.0.cpu.0.load_issue_to_complete_count = 799
stat.node.0.cpu.0.avg_load_issue_to_complete_lat = 849.686
stat.node.0.injector.phase_cycles = 680590
stat.node.0.injector.request_bytes = 113208
stat.node.0.injector.response_bytes = 46016
stat.node.0.injector.aggregate_bytes = 159224
stat.node.0.injector.request_gbps = 3.19369
stat.node.0.injector.response_gbps = 1.29815
stat.node.0.injector.aggregate_gbps = 4.49184
stat.node.0.llc.cxl_miss = 800
stat.node.0.llc.total_miss = 800
stat.node.0.llc.avg_miss_lat = 676.575
stat.node.0.llc.avg_cxl_lat = 676.575
stat.node.0.llc.miss_lat_hist_bin_ns = 10
stat.node.0.llc.miss_lat_hist = [0,0,0,0,0,0,0,0,0,0,0,0,0,0,0,0,0,0,0,0,0,0,0,0,0,0,433,22,56,41,34,179,27,8]
stat.node.0.util.dram_avg = 1.53621e-05
stat.node.0.walltime_s = 257.576
stat.node.0.active_time_s = 17.9954
stat.node.2.cpu.0.load_issue_to_complete_count = 799
stat.node.2.cpu.0.avg_load_issue_to_complete_lat = 853.702
stat.node.2.injector.phase_cycles = 683799
stat.node.2.injector.request_bytes = 113752
stat.node.2.injector.response_bytes = 46272
stat.node.2.injector.aggregate_bytes = 160024
stat.node.2.injector.request_gbps = 3.19398
stat.node.2.injector.response_gbps = 1.29924
stat.node.2.injector.aggregate_gbps = 4.49322
stat.node.2.llc.cxl_miss = 800
stat.node.2.llc.total_miss = 800
stat.node.2.llc.avg_miss_lat = 680.639
stat.node.2.llc.avg_cxl_lat = 680.639
stat.node.2.llc.miss_lat_hist_bin_ns = 10
stat.node.2.llc.miss_lat_hist = [0,0,0,0,0,0,0,0,0,0,0,0,0,0,0,0,0,0,0,0,0,0,0,0,0,0,423,35,61,26,20,160,22,27,26]
stat.node.2.util.dram_avg = 1.53421e-05
stat.node.2.walltime_s = 257.617
stat.node.2.active_time_s = 27.6475
stat.node.4.cpu.0.load_issue_to_complete_count = 799
stat.node.4.cpu.0.avg_load_issue_to_complete_lat = 854.19
stat.node.4.injector.phase_cycles = 684189
stat.node.4.injector.request_bytes = 113816
stat.node.4.injector.response_bytes = 46272
stat.node.4.injector.aggregate_bytes = 160088
stat.node.4.injector.request_gbps = 3.19395
stat.node.4.injector.response_gbps = 1.2985
stat.node.4.injector.aggregate_gbps = 4.49246
stat.node.4.llc.cxl_miss = 800
stat.node.4.llc.total_miss = 800
stat.node.4.llc.avg_miss_lat = 681.064
stat.node.4.llc.avg_cxl_lat = 681.064
stat.node.4.llc.miss_lat_hist_bin_ns = 10
stat.node.4.llc.miss_lat_hist = [0,0,0,0,0,0,0,0,0,0,0,0,0,0,0,0,0,0,0,0,0,0,0,0,0,0,429,16,65,33,32,153,15,28,29]
stat.node.4.util.dram_avg = 1.53342e-05
stat.node.4.walltime_s = 257.633
stat.node.4.active_time_s = 26.4904
stat.pool.103.util.mem_avg = 0.0968686
stat.pool.103.util.req_link_avg = 0.507254
stat.pool.103.walltime_s = 257.621
stat.pool.103.active_time_s = 0.57183
stat.pool.102.util.mem_avg = 0.0968691
stat.pool.102.util.req_link_avg = 0.507254
stat.pool.102.walltime_s = 257.621
stat.pool.102.active_time_s = 0.608949
stat.pool.101.util.mem_avg = 0.0968691
stat.pool.101.util.req_link_avg = 0.507255
stat.pool.101.walltime_s = 257.621
stat.pool.101.active_time_s = 0.595639
stat.pool.100.util.mem_avg = 0.0968691
stat.pool.100.util.req_link_avg = 0.507255
stat.pool.100.walltime_s = 257.621
stat.pool.100.active_time_s = 0.651276
stat.switch.replicated_messages = 123520
stat.switch.util.node_ingress_avg = 0.0686751
stat.switch.util.pool_ingress_avg = 0.112272
stat.switch.bw.host_to_switch_gbps = 3.37625
stat.switch.bw.switch_to_host_gbps = 2.75918
stat.switch.bw.host_link_total_gbps = 6.13543
stat.switch.walltime_s = 257.621
stat.switch.active_time_s = 3.08493
Simulation is complete, simulated time: 652.657 us
