stat.node.3.cpu.0.retired = 819
stat.node.3.cpu.0.cycles = 1000000
stat.node.4.cpu.0.retired = 819
stat.node.4.cpu.0.cycles = 1000000
stat.node.5.cpu.0.retired = 819
stat.node.5.cpu.0.cycles = 1000000
stat.node.6.cpu.0.retired = 819
stat.node.6.cpu.0.cycles = 1000000
stat.node.7.cpu.0.retired = 819
stat.node.7.cpu.0.cycles = 1000000
stat.node.0.cpu.0.retired = 819
stat.node.0.cpu.0.cycles = 1000000
stat.node.1.cpu.0.retired = 819
stat.node.1.cpu.0.cycles = 1000000
stat.node.2.cpu.0.retired = 819
stat.node.2.cpu.0.cycles = 1000000
stat.node.0.cpu.0.load_issue_to_complete_count = 799
stat.node.0.cpu.0.avg_load_issue_to_complete_lat = 931.874
stat.node.1.cpu.0.load_issue_to_complete_count = 799
stat.node.1.cpu.0.avg_load_issue_to_complete_lat = 931.871
stat.node.1.injector.phase_cycles = 746376
stat.node.1.injector.request_bytes = 248544
stat.node.1.injector.response_bytes = 101120
stat.node.1.injector.aggregate_bytes = 349664
stat.node.1.injector.request_gbps = 6.39362
stat.node.1.injector.response_gbps = 2.60124
stat.node.1.injector.aggregate_gbps = 8.99486
stat.node.1.llc.cxl_miss = 800
stat.node.1.llc.total_miss = 800
stat.node.1.llc.avg_miss_lat = 757.98
stat.node.1.llc.avg_cxl_lat = 757.98
stat.node.1.llc.miss_lat_hist_bin_ns = 10
stat.node.3.cpu.0.load_issue_to_complete_count = 799
stat.node.3.cpu.0.avg_load_issue_to_complete_lat = 931.874
stat.node.3.injector.phase_cycles = 746376
stat.node.3.injector.request_bytes = 248544
stat.node.3.injector.response_bytes = 101120
stat.node.3.injector.aggregate_bytes = 349664
stat.node.3.injector.request_gbps = 6.39362
stat.node.3.injector.response_gbps = 2.60124
stat.node.3.injector.aggregate_gbps = 8.99486
stat.node.3.llc.cxl_miss = 800
stat.node.3.llc.total_miss = 800
stat.node.3.llc.avg_miss_lat = 757.989
stat.node.3.llc.avg_cxl_lat = 757.989
stat.node.3.llc.miss_lat_hist_bin_ns = 10
stat.node.3.llc.miss_lat_hist = [0,0,0,0,0,0,0,0,0,0,0,0,0,0,0,0,0,0,0,0,0,0,0,0,0,0,0,0,0,21,112,518,120,29]
stat.node.5.cpu.0.load_issue_to_complete_count = 799
stat.node.5.cpu.0.avg_load_issue_to_complete_lat = 931.872
stat.node.5.injector.phase_cycles = 746375
stat.node.5.injector.request_bytes = 248544
stat.node.5.injector.response_bytes = 101120
stat.node.6.cpu.0.load_issue_to_complete_count = 799
stat.node.6.cpu.0.avg_load_issue_to_complete_lat = 931.874
stat.node.6.injector.phase_cycles = 746379
stat.node.6.injector.request_bytes = 248544
stat.node.6.injector.response_bytes = 101120
stat.node.6.injector.aggregate_bytes = 349664
stat.node.6.injector.request_gbps = 6.39359
stat.node.6.injector.response_gbps = 2.60123
stat.node.6.injector.aggregate_gbps = 8.99483
stat.node.6.llc.cxl_miss = 800
stat.node.6.llc.total_miss = 800
stat.node.6.llc.avg_miss_lat = 757.999
stat.node.6.llc.avg_cxl_lat = 757.999
stat.node.6.llc.miss_lat_hist_bin_ns = 10
stat.node.6.llc.miss_lat_hist = [0,0,0,0,0,0,0,0,0,0,0,0,0,0,0,0,0,0,0,0,0,0,0,0,0,0,0,0,0,8,115,529,136,12]
stat.node.6.util.dram_avg = 1.38898e-05
stat.node.6.walltime_s = 175.943
stat.node.2.cpu.0.load_issue_to_complete_count = 799
stat.node.5.injector.aggregate_bytes = 349664
stat.node.5.injector.request_gbps = 6.39363
stat.node.5.injector.response_gbps = 2.60124
stat.node.5.injector.aggregate_gbps = 8.99487
stat.node.5.llc.cxl_miss = 800
stat.node.5.llc.total_miss = 800
stat.node.5.llc.avg_miss_lat = 757.99
stat.node.5.llc.avg_cxl_lat = 757.99
stat.node.5.llc.miss_lat_hist_bin_ns = 10
stat.node.6.active_time_s = 28.2287
stat.node.1.llc.miss_lat_hist = [0,0,0,0,0,0,0,0,0,0,0,0,0,0,0,0,0,0,0,0,0,0,0,0,0,0,0,0,0,5,127,520,137,11]
stat.node.1.util.dram_avg = 1.38898e-05
stat.node.1.walltime_s = 175.939
stat.node.1.active_time_s = 20.9777
stat.node.3.util.dram_avg = 1.38898e-05
stat.node.3.walltime_s = 175.943
stat.node.3.active_time_s = 24.3371
stat.node.5.llc.miss_lat_hist = [0,0,0,0,0,0,0,0,0,0,0,0,0,0,0,0,0,0,0,0,0,0,0,0,0,0,0,0,0,11,113,528,136,12]
stat.node.5.util.dram_avg = 1.38898e-05
stat.node.5.walltime_s = 175.927
stat.node.5.active_time_s = 24.5523
stat.node.2.cpu.0.avg_load_issue_to_complete_lat = 931.874
stat.node.2.injector.phase_cycles = 746379
stat.node.2.injector.request_bytes = 248544
stat.node.2.injector.response_bytes = 101120
stat.node.2.injector.aggregate_bytes = 349664
stat.node.2.injector.request_gbps = 6.39359
stat.node.2.injector.response_gbps = 2.60123
stat.node.2.injector.aggregate_gbps = 8.99483
stat.node.2.llc.cxl_miss = 800
stat.node.2.llc.total_miss = 800
stat.node.2.llc.avg_miss_lat = 757.994
stat.node.2.llc.avg_cxl_lat = 757.994
stat.node.2.llc.miss_lat_hist_bin_ns = 10
stat.node.2.llc.miss_lat_hist = [0,0,0,0,0,0,0,0,0,0,0,0,0,0,0,0,0,0,0,0,0,0,0,0,0,0,0,0,0,14,116,522,131,16,1]
stat.node.2.util.dram_avg = 1.38898e-05
stat.node.2.walltime_s = 175.944
stat.node.2.active_time_s = 20.0949
stat.node.0.injector.phase_cycles = 746379
stat.node.0.injector.request_bytes = 248544
stat.node.0.injector.response_bytes = 101120
stat.node.0.injector.aggregate_bytes = 349664
stat.node.0.injector.request_gbps = 6.39359
stat.node.0.injector.response_gbps = 2.60123
stat.node.0.injector.aggregate_gbps = 8.99483
stat.node.0.llc.cxl_miss = 800
stat.node.0.llc.total_miss = 800
stat.node.0.llc.avg_miss_lat = 758.02
stat.node.0.llc.avg_cxl_lat = 758.02
stat.node.0.llc.miss_lat_hist_bin_ns = 10
stat.node.0.llc.miss_lat_hist = [0,0,0,0,0,0,0,0,0,0,0,0,0,0,0,0,0,0,0,0,0,0,0,0,0,0,0,0,0,12,113,525,135,14,1]
stat.node.0.util.dram_avg = 1.38898e-05
stat.node.0.walltime_s = 175.96
stat.node.0.active_time_s = 24.6629
stat.node.7.cpu.0.load_issue_to_complete_count = 799
stat.node.7.cpu.0.avg_load_issue_to_complete_lat = 931.876
stat.node.7.injector.phase_cycles = 746381
stat.node.7.injector.request_bytes = 248544
stat.node.7.injector.response_bytes = 101120
stat.node.7.injector.aggregate_bytes = 349664
stat.node.7.injector.request_gbps = 6.39358
stat.node.7.injector.response_gbps = 2.60122
stat.node.7.injector.aggregate_gbps = 8.9948
stat.node.7.llc.cxl_miss = 800
stat.node.7.llc.total_miss = 800
stat.node.7.llc.avg_miss_lat = 757.997
stat.node.7.llc.avg_cxl_lat = 757.997
stat.node.7.llc.miss_lat_hist_bin_ns = 10
stat.node.7.llc.miss_lat_hist = [0,0,0,0,0,0,0,0,0,0,0,0,0,0,0,0,0,0,0,0,0,0,0,0,0,0,0,0,0,14,113,526,127,20]
stat.node.7.util.dram_avg = 1.38898e-05
stat.node.7.walltime_s = 175.96
stat.node.7.active_time_s = 25.0449
stat.node.4.cpu.0.load_issue_to_complete_count = 799
stat.node.4.cpu.0.avg_load_issue_to_complete_lat = 931.872
stat.node.4.injector.phase_cycles = 746378
stat.node.4.injector.request_bytes = 248544
stat.node.4.injector.response_bytes = 101120
stat.node.4.injector.aggregate_bytes = 349664
stat.node.4.injector.request_gbps = 6.3936
stat.node.4.injector.response_gbps = 2.60123
stat.node.4.injector.aggregate_gbps = 8.99484
stat.node.4.llc.cxl_miss = 800
stat.node.4.llc.total_miss = 800
stat.node.4.llc.avg_miss_lat = 758.024
stat.node.4.llc.avg_cxl_lat = 758.024
stat.node.4.llc.miss_lat_hist_bin_ns = 10
stat.node.4.llc.miss_lat_hist = [0,0,0,0,0,0,0,0,0,0,0,0,0,0,0,0,0,0,0,0,0,0,0,0,0,0,0,0,0,40,85,527,106,38,4]
stat.node.4.util.dram_avg = 1.38896e-05
stat.node.4.walltime_s = 175.961
stat.node.4.active_time_s = 25.5085
stat.pool.106.util.mem_avg = 0.172558
stat.pool.106.util.req_link_avg = 0.998822
stat.pool.106.walltime_s = 175.961
stat.pool.106.active_time_s = 0.721092
stat.pool.105.util.mem_avg = 0.172558
stat.pool.105.util.req_link_avg = 0.998822
stat.pool.105.walltime_s = 175.961
stat.pool.105.active_time_s = 0.571494
stat.pool.104.util.mem_avg = 0.172558
stat.pool.104.util.req_link_avg = 0.998822
stat.pool.104.walltime_s = 175.961
stat.pool.104.active_time_s = 0.677249
stat.pool.103.util.mem_avg = 0.172558
stat.pool.103.util.req_link_avg = 0.998822
stat.pool.103.walltime_s = 175.961
stat.pool.103.active_time_s = 0.576125
stat.pool.102.util.mem_avg = 0.172559
stat.pool.102.util.req_link_avg = 0.998822
stat.pool.102.walltime_s = 175.961
stat.pool.102.active_time_s = 0.649834
stat.pool.101.util.mem_avg = 0.17256
stat.pool.101.util.req_link_avg = 0.998823
stat.pool.101.walltime_s = 175.961
stat.pool.101.active_time_s = 0.658403
stat.pool.100.util.mem_avg = 0.17256
stat.pool.100.util.req_link_avg = 0.998823
stat.pool.100.walltime_s = 175.961
stat.pool.100.active_time_s = 0.759659
stat.switch.replicated_messages = 477792
stat.switch.util.node_ingress_avg = 0.133415
stat.switch.util.pool_ingress_avg = 0.0911324
stat.switch.bw.host_to_switch_gbps = 6.55829
stat.switch.bw.switch_to_host_gbps = 3.91913
stat.switch.bw.host_link_total_gbps = 10.4774
stat.switch.walltime_s = 175.961
stat.switch.active_time_s = 4.17926
Simulation is complete, simulated time: 720.539 us
