stat.node.4.cpu.0.retired = 789
stat.node.4.cpu.0.cycles = 1000000
stat.node.5.cpu.0.retired = 790
stat.node.5.cpu.0.cycles = 1000000
stat.node.6.cpu.0.retired = 789
stat.node.6.cpu.0.cycles = 1000000
stat.node.7.cpu.0.retired = 790
stat.node.7.cpu.0.cycles = 1000000
stat.node.0.cpu.0.retired = 789
stat.node.0.cpu.0.cycles = 1000000
stat.node.1.cpu.0.retired = 789
stat.node.1.cpu.0.cycles = 1000000
stat.node.2.cpu.0.retired = 789
stat.node.2.cpu.0.cycles = 1000000
stat.node.3.cpu.0.retired = 789
stat.node.3.cpu.0.cycles = 1000000
stat.node.5.cpu.0.load_issue_to_complete_count = 799
stat.node.5.cpu.0.avg_load_issue_to_complete_lat = 984.044
stat.node.5.injector.phase_cycles = 788100
stat.node.5.injector.request_bytes = 245704
stat.node.5.injector.response_bytes = 1965504
stat.node.5.injector.aggregate_bytes = 2211208
stat.node.5.injector.request_gbps = 5.98594
stat.node.5.injector.response_gbps = 47.8844
stat.node.5.injector.aggregate_gbps = 53.8703
stat.node.5.llc.cxl_miss = 800
stat.node.5.llc.total_miss = 800
stat.node.5.llc.avg_miss_lat = 809.472
stat.node.5.llc.avg_cxl_lat = 809.472
stat.node.5.llc.miss_lat_hist_bin_ns = 10
stat.node.5.llc.miss_lat_hist = [0,0,0,0,0,0,0,0,0,0,0,0,0,0,0,0,0,0,0,0,0,0,0,0,0,0,0,0,0,0,0,0,124,322,256,97,1]
stat.node.5.util.dram_avg = 1.33518e-05
stat.node.5.walltime_s = 20.5554
stat.node.5.active_time_s = 9.56169
stat.node.7.cpu.0.load_issue_to_complete_count = 799
stat.node.7.cpu.0.avg_load_issue_to_complete_lat = 984.044
stat.node.7.injector.phase_cycles = 788100
stat.node.7.injector.request_bytes = 245704
stat.node.7.injector.response_bytes = 1965504
stat.node.7.injector.aggregate_bytes = 2211208
stat.node.7.injector.request_gbps = 5.98594
stat.node.7.injector.response_gbps = 47.8844
stat.node.7.injector.aggregate_gbps = 53.8703
stat.node.7.llc.cxl_miss = 800
stat.node.7.llc.total_miss = 800
stat.node.7.llc.avg_miss_lat = 809.441
stat.node.7.llc.avg_cxl_lat = 809.441
stat.node.7.llc.miss_lat_hist_bin_ns = 10
stat.node.7.llc.miss_lat_hist = [0,0,0,0,0,0,0,0,0,0,0,0,0,0,0,0,0,0,0,0,0,0,0,0,0,0,0,0,0,0,0,0,124,322,256,98]
stat.node.7.util.dram_avg = 1.3351e-05
stat.node.7.walltime_s = 20.5567
stat.node.7.active_time_s = 9.51609
stat.node.4.cpu.0.load_issue_to_complete_count = 799
stat.node.4.cpu.0.avg_load_issue_to_complete_lat = 984.044
stat.node.4.injector.phase_cycles = 788100
stat.node.4.injector.request_bytes = 245704
stat.node.4.injector.response_bytes = 1965504
stat.node.4.injector.aggregate_bytes = 2211208
stat.node.4.injector.request_gbps = 5.98594
stat.node.4.injector.response_gbps = 47.8844
stat.node.4.injector.aggregate_gbps = 53.8703
stat.node.4.llc.cxl_miss = 800
stat.node.4.llc.total_miss = 800
stat.node.4.llc.avg_miss_lat = 809.472
stat.node.4.llc.avg_cxl_lat = 809.472
stat.node.4.llc.miss_lat_hist_bin_ns = 10
stat.node.4.llc.miss_lat_hist = [0,0,0,0,0,0,0,0,0,0,0,0,0,0,0,0,0,0,0,0,0,0,0,0,0,0,0,0,0,0,0,0,124,321,258,96,1]
stat.node.4.util.dram_avg = 1.33494e-05
stat.node.4.walltime_s = 20.5591
stat.node.4.active_time_s = 9.50383
stat.node.0.cpu.0.load_issue_to_complete_count = 799
stat.node.0.cpu.0.avg_load_issue_to_complete_lat = 984.044
stat.node.0.injector.phase_cycles = 788100
stat.node.0.injector.request_bytes = 245704
stat.node.0.injector.response_bytes = 1965504
stat.node.0.injector.aggregate_bytes = 2211208
stat.node.0.injector.request_gbps = 5.98594
stat.node.0.injector.response_gbps = 47.8844
stat.node.0.injector.aggregate_gbps = 53.8703
stat.node.0.llc.cxl_miss = 800
stat.node.0.llc.total_miss = 800
stat.node.0.llc.avg_miss_lat = 809.441
stat.node.0.llc.avg_cxl_lat = 809.441
stat.node.0.llc.miss_lat_hist_bin_ns = 10
stat.node.0.llc.miss_lat_hist = [0,0,0,0,0,0,0,0,0,0,0,0,0,0,0,0,0,0,0,0,0,0,0,0,0,0,0,0,0,0,0,0,124,322,256,98]
stat.node.0.util.dram_avg = 1.33493e-05
stat.node.0.walltime_s = 20.5594
stat.node.0.active_time_s = 9.57179
stat.node.1.cpu.0.load_issue_to_complete_count = 799
stat.node.1.cpu.0.avg_load_issue_to_complete_lat = 984.044
stat.node.1.injector.phase_cycles = 788100
stat.node.1.injector.request_bytes = 245704
stat.node.1.injector.response_bytes = 1965504
stat.node.1.injector.aggregate_bytes = 2211208
stat.node.1.injector.request_gbps = 5.98594
stat.node.1.injector.response_gbps = 47.8844
stat.node.1.injector.aggregate_gbps = 53.8703
stat.node.1.llc.cxl_miss = 800
stat.node.1.llc.total_miss = 800
stat.node.1.llc.avg_miss_lat = 809.472
stat.node.1.llc.avg_cxl_lat = 809.472
stat.node.1.llc.miss_lat_hist_bin_ns = 10
stat.node.1.llc.miss_lat_hist = [0,0,0,0,0,0,0,0,0,0,0,0,0,0,0,0,0,0,0,0,0,0,0,0,0,0,0,0,0,0,0,0,123,323,256,98]
stat.node.1.util.dram_avg = 1.33476e-05
stat.node.1.walltime_s = 20.5619
stat.node.1.active_time_s = 9.6103
stat.node.2.cpu.0.load_issue_to_complete_count = 799
stat.node.2.cpu.0.avg_load_issue_to_complete_lat = 984.044
stat.node.2.injector.phase_cycles = 788100
stat.node.2.injector.request_bytes = 245704
stat.node.2.injector.response_bytes = 1965504
stat.node.2.injector.aggregate_bytes = 2211208
stat.node.2.injector.request_gbps = 5.98594
stat.node.2.injector.response_gbps = 47.8844
stat.node.2.injector.aggregate_gbps = 53.8703
stat.node.2.llc.cxl_miss = 800
stat.node.2.llc.total_miss = 800
stat.node.2.llc.avg_miss_lat = 809.472
stat.node.2.llc.avg_cxl_lat = 809.472
stat.node.2.llc.miss_lat_hist_bin_ns = 10
stat.node.2.llc.miss_lat_hist = [0,0,0,0,0,0,0,0,0,0,0,0,0,0,0,0,0,0,0,0,0,0,0,0,0,0,0,0,0,0,0,0,124,321,258,96,1]
stat.node.2.util.dram_avg = 1.33471e-05
stat.node.2.walltime_s = 20.5628
stat.node.2.active_time_s = 9.44343
stat.node.3.cpu.0.load_issue_to_complete_count = 799
stat.node.3.cpu.0.avg_load_issue_to_complete_lat = 984.044
stat.node.3.injector.phase_cycles = 788100
stat.node.3.injector.request_bytes = 245704
stat.node.3.injector.response_bytes = 1965504
stat.node.3.injector.aggregate_bytes = 2211208
stat.node.3.injector.request_gbps = 5.98594
stat.node.3.injector.response_gbps = 47.8844
stat.node.3.injector.aggregate_gbps = 53.8703
stat.node.3.llc.cxl_miss = 800
stat.node.3.llc.total_miss = 800
stat.node.3.llc.avg_miss_lat = 809.472
stat.node.3.llc.avg_cxl_lat = 809.472
stat.node.3.llc.miss_lat_hist_bin_ns = 10
stat.node.3.llc.miss_lat_hist = [0,0,0,0,0,0,0,0,0,0,0,0,0,0,0,0,0,0,0,0,0,0,0,0,0,0,0,0,0,0,0,0,124,321,258,96,1]
stat.node.3.util.dram_avg = 1.33467e-05
stat.node.3.walltime_s = 20.5635
stat.node.3.active_time_s = 9.62529
stat.node.6.cpu.0.load_issue_to_complete_count = 799
stat.node.6.cpu.0.avg_load_issue_to_complete_lat = 984.044
stat.node.6.injector.phase_cycles = 788100
stat.node.6.injector.request_bytes = 245704
stat.node.6.injector.response_bytes = 1965504
stat.node.6.injector.aggregate_bytes = 2211208
stat.node.6.injector.request_gbps = 5.98594
stat.node.6.injector.response_gbps = 47.8844
stat.node.6.injector.aggregate_gbps = 53.8703
stat.node.6.llc.cxl_miss = 800
stat.node.6.llc.total_miss = 800
stat.node.6.llc.avg_miss_lat = 809.441
stat.node.6.llc.avg_cxl_lat = 809.441
stat.node.6.llc.miss_lat_hist_bin_ns = 10
stat.node.6.llc.miss_lat_hist = [0,0,0,0,0,0,0,0,0,0,0,0,0,0,0,0,0,0,0,0,0,0,0,0,0,0,0,0,0,0,0,0,124,322,256,98]
stat.node.6.util.dram_avg = 1.33438e-05
stat.node.6.walltime_s = 20.568
stat.node.6.active_time_s = 9.41647
stat.pool.107.util.mem_avg = 0.159976
stat.pool.107.util.req_link_avg = 0.12499
stat.pool.107.walltime_s = 20.5681
stat.pool.107.active_time_s = 0.265087
stat.pool.106.util.mem_avg = 0.159976
stat.pool.106.util.req_link_avg = 0.12499
stat.pool.106.walltime_s = 20.5681
stat.pool.106.active_time_s = 0.264909
stat.pool.105.util.mem_avg = 0.159977
stat.pool.105.util.req_link_avg = 0.12499
stat.pool.105.walltime_s = 20.5681
stat.pool.105.active_time_s = 0.267933
stat.pool.104.util.mem_avg = 0.159977
stat.pool.104.util.req_link_avg = 0.124991
stat.pool.104.walltime_s = 20.5681
stat.pool.104.active_time_s = 0.267486
stat.pool.103.util.mem_avg = 0.159977
stat.pool.103.util.req_link_avg = 0.124991
stat.pool.103.walltime_s = 20.5681
stat.pool.103.active_time_s = 0.297659
stat.pool.102.util.mem_avg = 0.159977
stat.pool.102.util.req_link_avg = 0.124991
stat.pool.102.walltime_s = 20.5681
stat.pool.102.active_time_s = 0.273765
stat.pool.101.util.mem_avg = 0.159978
stat.pool.101.util.req_link_avg = 0.124991
stat.pool.101.walltime_s = 20.5681
stat.pool.101.active_time_s = 0.271604
stat.pool.100.util.mem_avg = 0.159978
stat.pool.100.util.req_link_avg = 0.124991
stat.pool.100.walltime_s = 20.5681
stat.pool.100.active_time_s = 0.302299
stat.switch.replicated_messages = 0
stat.switch.util.node_ingress_avg = 0.124999
stat.switch.util.pool_ingress_avg = 0.999697
stat.switch.bw.host_to_switch_gbps = 6.14439
stat.switch.bw.switch_to_host_gbps = 49.137
stat.switch.bw.host_link_total_gbps = 55.2814
stat.switch.walltime_s = 20.5681
stat.switch.active_time_s = 1.8268
Simulation is complete, simulated time: 750.012 us
