stat.node.6.cpu.0.retired = 781
stat.node.6.cpu.0.cycles = 1000000
stat.node.7.cpu.0.retired = 780
stat.node.7.cpu.0.cycles = 1000000
stat.node.0.cpu.0.retired = 781
stat.node.0.cpu.0.cycles = 1000000
stat.node.1.cpu.0.retired = 781
stat.node.1.cpu.0.cycles = 1000000
stat.node.2.cpu.0.retired = 776
stat.node.2.cpu.0.cycles = 1000000
stat.node.3.cpu.0.retired = 780
stat.node.3.cpu.0.cycles = 1000000
stat.node.4.cpu.0.retired = 776
stat.node.4.cpu.0.cycles = 1000000
stat.node.5.cpu.0.retired = 781
stat.node.5.cpu.0.cycles = 1000000
stat.node.1.cpu.0.load_issue_to_complete_count = 799
stat.node.1.cpu.0.avg_load_issue_to_complete_lat = 978.283
stat.node.1.injector.phase_cycles = 783503
stat.node.1.injector.request_bytes = 257360
stat.node.1.injector.response_bytes = 158400
stat.node.1.injector.aggregate_bytes = 415760
stat.node.1.injector.request_gbps = 6.30669
stat.node.1.injector.response_gbps = 3.88164
stat.node.1.injector.aggregate_gbps = 10.1883
stat.node.1.llc.cxl_miss = 800
stat.node.1.llc.total_miss = 800
stat.node.1.llc.avg_miss_lat = 803.685
stat.node.1.llc.avg_cxl_lat = 803.685
stat.node.1.llc.miss_lat_hist_bin_ns = 10
stat.node.1.llc.miss_lat_hist = [0,0,0,0,0,0,0,0,0,0,0,0,0,0,0,0,0,0,0,0,0,0,0,0,0,0,0,0,1,2,19,52,128,430,65,33,41,28,1]
stat.node.1.util.dram_avg = 1.33213e-05
stat.node.1.walltime_s = 321.265
stat.node.1.active_time_s = 25.6376
stat.node.3.cpu.0.load_issue_to_complete_count = 799
stat.node.3.cpu.0.avg_load_issue_to_complete_lat = 977.543
stat.node.3.injector.phase_cycles = 782931
stat.node.3.injector.request_bytes = 257160
stat.node.3.injector.response_bytes = 158272
stat.node.3.injector.aggregate_bytes = 415432
stat.node.3.injector.request_gbps = 6.30639
stat.node.3.injector.response_gbps = 3.88134
stat.node.3.injector.aggregate_gbps = 10.1877
stat.node.3.llc.cxl_miss = 800
stat.node.3.llc.total_miss = 800
stat.node.3.llc.avg_miss_lat = 803.02
stat.node.3.llc.avg_cxl_lat = 803.02
stat.node.3.llc.miss_lat_hist_bin_ns = 10
stat.node.3.llc.miss_lat_hist = [0,0,0,0,0,0,0,0,0,0,0,0,0,0,0,0,0,0,0,0,0,0,0,0,0,0,0,1,2,14,18,26,145,437,59,26,43,28,1]
stat.node.3.util.dram_avg = 1.33191e-05
stat.node.3.walltime_s = 321.275
stat.node.3.active_time_s = 24.7425
stat.node.6.cpu.0.load_issue_to_complete_count = 799
stat.node.6.cpu.0.avg_load_issue_to_complete_lat = 980.014
stat.node.6.injector.phase_cycles = 784893
stat.node.6.injector.request_bytes = 257784
stat.node.6.injector.response_bytes = 158720
stat.node.6.injector.aggregate_bytes = 416504
stat.node.6.injector.request_gbps = 6.30589
stat.node.6.injector.response_gbps = 3.8826
stat.node.6.injector.aggregate_gbps = 10.1885
stat.node.6.llc.cxl_miss = 800
stat.node.6.llc.total_miss = 800
stat.node.6.llc.avg_miss_lat = 805.587
stat.node.6.llc.avg_cxl_lat = 805.587
stat.node.6.llc.miss_lat_hist_bin_ns = 10
stat.node.6.llc.miss_lat_hist = [0,0,0,0,0,0,0,0,0,0,0,0,0,0,0,0,0,0,0,0,0,0,0,0,0,0,0,0,4,5,14,28,122,459,63,35,44,21,5]
stat.node.6.util.dram_avg = 1.33126e-05
stat.node.6.walltime_s = 321.277
stat.node.6.active_time_s = 32.3617
stat.node.7.cpu.0.load_issue_to_complete_count = 799
stat.node.7.cpu.0.avg_load_issue_to_complete_lat = 980.776
stat.node.7.injector.phase_cycles = 785489
stat.node.7.injector.request_bytes = 257992
stat.node.7.injector.response_bytes = 158784
stat.node.7.injector.aggregate_bytes = 416776
stat.node.7.injector.request_gbps = 6.30619
stat.node.7.injector.response_gbps = 3.88122
stat.node.7.injector.aggregate_gbps = 10.1874
stat.node.7.llc.cxl_miss = 800
stat.node.7.llc.total_miss = 800
stat.node.7.llc.avg_miss_lat = 806.154
stat.node.7.llc.avg_cxl_lat = 806.154
stat.node.7.llc.miss_lat_hist_bin_ns = 10
stat.node.7.llc.miss_lat_hist = [0,0,0,0,0,0,0,0,0,0,0,0,0,0,0,0,0,0,0,0,0,0,0,0,0,0,3,0,0,13,14,33,128,415,61,41,45,46,1]
stat.node.7.util.dram_avg = 1.33004e-05
stat.node.7.walltime_s = 321.353
stat.node.7.active_time_s = 27.8797
stat.node.0.cpu.0.load_issue_to_complete_count = 799
stat.node.0.cpu.0.avg_load_issue_to_complete_lat = 982.771
stat.node.0.injector.phase_cycles = 787083
stat.node.0.injector.request_bytes = 258544
stat.node.0.injector.response_bytes = 159104
stat.node.0.injector.aggregate_bytes = 417648
stat.node.0.injector.request_gbps = 6.30689
stat.node.0.injector.response_gbps = 3.88116
stat.node.0.injector.aggregate_gbps = 10.1881
stat.node.0.llc.cxl_miss = 800
stat.node.0.llc.total_miss = 800
stat.node.0.llc.avg_miss_lat = 808.273
stat.node.0.llc.avg_cxl_lat = 808.273
stat.node.0.llc.miss_lat_hist_bin_ns = 10
stat.node.0.llc.miss_lat_hist = [0,0,0,0,0,0,0,0,0,0,0,0,0,0,0,0,0,0,0,0,0,0,0,0,0,0,0,0,3,11,22,22,114,434,57,28,62,43,4]
stat.node.0.util.dram_avg = 1.32933e-05
stat.node.0.walltime_s = 321.421
stat.node.0.active_time_s = 27.4252
stat.node.5.cpu.0.load_issue_to_complete_count = 799
stat.node.5.cpu.0.avg_load_issue_to_complete_lat = 983.15
stat.node.5.injector.phase_cycles = 787386
stat.node.5.injector.request_bytes = 258616
stat.node.5.injector.response_bytes = 159168
stat.node.5.injector.aggregate_bytes = 417784
stat.node.5.injector.request_gbps = 6.30622
stat.node.5.injector.response_gbps = 3.88123
stat.node.5.injector.aggregate_gbps = 10.1874
stat.node.5.llc.cxl_miss = 800
stat.node.5.llc.total_miss = 800
stat.node.5.llc.avg_miss_lat = 808.571
stat.node.5.llc.avg_cxl_lat = 808.571
stat.node.5.llc.miss_lat_hist_bin_ns = 10
stat.node.5.llc.miss_lat_hist = [0,0,0,0,0,0,0,0,0,0,0,0,0,0,0,0,0,0,0,0,0,0,0,0,0,0,0,0,2,10,14,32,116,419,57,55,48,46,1]
stat.node.5.util.dram_avg = 1.3291e-05
stat.node.5.walltime_s = 321.411
stat.node.5.active_time_s = 21.5735
stat.node.2.cpu.0.load_issue_to_complete_count = 799
stat.node.2.cpu.0.avg_load_issue_to_complete_lat = 982.098
stat.node.2.injector.phase_cycles = 786558
stat.node.2.injector.request_bytes = 258400
stat.node.2.injector.response_bytes = 159040
stat.node.2.injector.aggregate_bytes = 417440
stat.node.2.injector.request_gbps = 6.30758
stat.node.2.injector.response_gbps = 3.88219
stat.node.2.injector.aggregate_gbps = 10.1898
stat.node.2.llc.cxl_miss = 800
stat.node.2.llc.total_miss = 800
stat.node.2.llc.avg_miss_lat = 807.379
stat.node.2.llc.avg_cxl_lat = 807.379
stat.node.2.llc.miss_lat_hist_bin_ns = 10
stat.node.2.llc.miss_lat_hist = [0,0,0,0,0,0,0,0,0,0,0,0,0,0,0,0,0,0,0,0,0,0,0,0,0,0,0,0,0,20,18,24,106,454,43,19,52,63,1]
stat.node.2.util.dram_avg = 1.32631e-05
stat.node.2.walltime_s = 321.669
stat.node.2.active_time_s = 25.5422
stat.node.4.cpu.0.load_issue_to_complete_count = 799
stat.node.4.cpu.0.avg_load_issue_to_complete_lat = 984.741
stat.node.4.injector.phase_cycles = 788670
stat.node.4.injector.request_bytes = 259096
stat.node.4.injector.response_bytes = 159424
stat.node.4.injector.aggregate_bytes = 418520
stat.node.4.injector.request_gbps = 6.30764
stat.node.4.injector.response_gbps = 3.88114
stat.node.4.injector.aggregate_gbps = 10.1888
stat.node.4.llc.cxl_miss = 800
stat.node.4.llc.total_miss = 800
stat.node.4.llc.avg_miss_lat = 810.269
stat.node.4.llc.avg_cxl_lat = 810.269
stat.node.4.llc.miss_lat_hist_bin_ns = 10
stat.node.4.llc.miss_lat_hist = [0,0,0,0,0,0,0,0,0,0,0,0,0,0,0,0,0,0,0,0,0,0,0,0,0,0,0,0,1,13,19,25,123,421,50,17,38,71,21,1]
stat.node.4.util.dram_avg = 1.32476e-05
stat.node.4.walltime_s = 321.879
stat.node.4.active_time_s = 28.3821
stat.pool.101.util.mem_avg = 0.218531
stat.pool.101.util.req_link_avg = 0.999663
stat.pool.101.walltime_s = 321.879
stat.pool.101.active_time_s = 1.01867
stat.pool.100.util.mem_avg = 0.21853
stat.pool.100.util.req_link_avg = 0.999664
stat.pool.100.walltime_s = 321.879
stat.pool.100.active_time_s = 0.747958
stat.switch.replicated_messages = 137328
stat.switch.util.node_ingress_avg = 0.13152
stat.switch.util.pool_ingress_avg = 0.418529
stat.switch.bw.host_to_switch_gbps = 6.46474
stat.switch.bw.switch_to_host_gbps = 5.14288
stat.switch.bw.host_link_total_gbps = 11.6076
stat.switch.walltime_s = 321.892
stat.switch.active_time_s = 3.84639
Simulation is complete, simulated time: 755.455 us
