stat.node.0.cpu.0.retired = 741
stat.node.0.cpu.0.cycles = 1000000
stat.node.1.cpu.0.retired = 752
stat.node.1.cpu.0.cycles = 1000000
stat.node.2.cpu.0.retired = 743
stat.node.2.cpu.0.cycles = 1000000
stat.node.3.cpu.0.retired = 746
stat.node.3.cpu.0.cycles = 1000000
stat.node.4.cpu.0.retired = 741
stat.node.4.cpu.0.cycles = 1000000
stat.node.5.cpu.0.retired = 742
stat.node.5.cpu.0.cycles = 1000000
stat.node.6.cpu.0.retired = 741
stat.node.6.cpu.0.cycles = 1000000
stat.node.7.cpu.0.retired = 743
stat.node.7.cpu.0.cycles = 1000000
stat.node.1.cpu.0.load_issue_to_complete_count = 799
stat.node.1.cpu.0.avg_load_issue_to_complete_lat = 1027.09
stat.node.1.injector.phase_cycles = 822523
stat.node.1.injector.request_bytes = 291760
stat.node.1.injector.response_bytes = 368512
stat.node.1.injector.aggregate_bytes = 660272
stat.node.1.injector.request_gbps = 6.8105
stat.node.1.injector.response_gbps = 8.60211
stat.node.1.injector.aggregate_gbps = 15.4126
stat.node.1.llc.cxl_miss = 800
stat.node.1.llc.total_miss = 800
stat.node.1.llc.avg_miss_lat = 851.904
stat.node.1.llc.avg_cxl_lat = 851.904
stat.node.1.llc.miss_lat_hist_bin_ns = 10
stat.node.1.llc.miss_lat_hist = [0,0,0,0,0,0,0,0,0,0,0,0,0,0,0,0,0,0,0,0,0,0,0,0,0,0,0,0,0,0,1,7,46,162,168,127,108,80,66,18,9,6,2]
stat.node.1.util.dram_avg = 1.2817e-05
stat.node.1.walltime_s = 187.315
stat.node.1.active_time_s = 30.726
stat.node.3.cpu.0.load_issue_to_complete_count = 799
stat.node.3.cpu.0.avg_load_issue_to_complete_lat = 1034.16
stat.node.3.injector.phase_cycles = 828190
stat.node.3.injector.request_bytes = 293808
stat.node.3.injector.response_bytes = 371072
stat.node.3.injector.aggregate_bytes = 664880
stat.node.3.injector.request_gbps = 6.81138
stat.node.3.injector.response_gbps = 8.60259
stat.node.3.injector.aggregate_gbps = 15.414
stat.node.3.llc.cxl_miss = 800
stat.node.3.llc.total_miss = 800
stat.node.3.llc.avg_miss_lat = 858.347
stat.node.3.llc.avg_cxl_lat = 858.347
stat.node.3.llc.miss_lat_hist_bin_ns = 10
stat.node.3.llc.miss_lat_hist = [0,0,0,0,0,0,0,0,0,0,0,0,0,0,0,0,0,0,0,0,0,0,0,0,0,0,0,0,0,0,0,7,21,105,185,170,101,116,55,19,12,8,1]
stat.node.3.util.dram_avg = 1.27277e-05
stat.node.3.walltime_s = 210.339
stat.node.3.active_time_s = 28.2471
stat.node.6.cpu.0.load_issue_to_complete_count = 799
stat.node.6.cpu.0.avg_load_issue_to_complete_lat = 1035.32
stat.node.6.injector.phase_cycles = 829119
stat.node.6.injector.request_bytes = 294120
stat.node.6.injector.response_bytes = 371456
stat.node.6.injector.aggregate_bytes = 665576
stat.node.6.injector.request_gbps = 6.81097
stat.node.6.injector.response_gbps = 8.60185
stat.node.6.injector.aggregate_gbps = 15.4128
stat.node.6.llc.cxl_miss = 800
stat.node.6.llc.total_miss = 800
stat.node.6.llc.avg_miss_lat = 859.616
stat.node.6.llc.avg_cxl_lat = 859.616
stat.node.6.llc.miss_lat_hist_bin_ns = 10
stat.node.6.llc.miss_lat_hist = [0,0,0,0,0,0,0,0,0,0,0,0,0,0,0,0,0,0,0,0,0,0,0,0,0,0,0,0,0,0,0,11,35,84,137,188,141,112,52,20,15,3,2]
stat.node.6.util.dram_avg = 1.26782e-05
stat.node.6.walltime_s = 213.86
stat.node.6.active_time_s = 23.1314
stat.node.2.cpu.0.load_issue_to_complete_count = 799
stat.node.2.cpu.0.avg_load_issue_to_complete_lat = 1038.58
stat.node.2.injector.phase_cycles = 831669
stat.node.2.injector.request_bytes = 295024
stat.node.2.injector.response_bytes = 372544
stat.node.2.injector.aggregate_bytes = 667568
stat.node.2.injector.request_gbps = 6.81096
stat.node.2.injector.response_gbps = 8.60059
stat.node.2.injector.aggregate_gbps = 15.4115
stat.node.2.llc.cxl_miss = 800
stat.node.2.llc.total_miss = 800
stat.node.2.llc.avg_miss_lat = 863.364
stat.node.2.llc.avg_cxl_lat = 863.364
stat.node.2.llc.miss_lat_hist_bin_ns = 10
stat.node.2.llc.miss_lat_hist = [0,0,0,0,0,0,0,0,0,0,0,0,0,0,0,0,0,0,0,0,0,0,0,0,0,0,0,0,0,0,4,18,45,91,156,140,95,51,102,69,16,8,4,1]
stat.node.2.util.dram_avg = 1.26767e-05
stat.node.2.walltime_s = 213.881
stat.node.2.active_time_s = 26.5215
stat.node.5.cpu.0.load_issue_to_complete_count = 799
stat.node.5.cpu.0.avg_load_issue_to_complete_lat = 1038.21
stat.node.5.injector.phase_cycles = 831396
stat.node.5.injector.request_bytes = 294944
stat.node.5.injector.response_bytes = 372480
stat.node.5.injector.aggregate_bytes = 667424
stat.node.5.injector.request_gbps = 6.81134
stat.node.5.injector.response_gbps = 8.60194
stat.node.5.injector.aggregate_gbps = 15.4133
stat.node.5.llc.cxl_miss = 800
stat.node.5.llc.total_miss = 800
stat.node.5.llc.avg_miss_lat = 862.969
stat.node.5.llc.avg_cxl_lat = 862.969
stat.node.5.llc.miss_lat_hist_bin_ns = 10
stat.node.5.llc.miss_lat_hist = [0,0,0,0,0,0,0,0,0,0,0,0,0,0,0,0,0,0,0,0,0,0,0,0,0,0,0,0,0,0,5,13,29,99,133,146,127,132,51,38,13,10,3,1]
stat.node.5.util.dram_avg = 1.26728e-05
stat.node.5.walltime_s = 213.913
stat.node.5.active_time_s = 21.7122
stat.node.7.cpu.0.load_issue_to_complete_count = 799
stat.node.7.cpu.0.avg_load_issue_to_complete_lat = 1039.89
stat.node.7.injector.phase_cycles = 832716
stat.node.7.injector.request_bytes = 295408
stat.node.7.injector.response_bytes = 373056
stat.node.7.injector.aggregate_bytes = 668464
stat.node.7.injector.request_gbps = 6.81125
stat.node.7.injector.response_gbps = 8.60158
stat.node.7.injector.aggregate_gbps = 15.4128
stat.node.7.llc.cxl_miss = 800
stat.node.7.llc.total_miss = 800
stat.node.7.llc.avg_miss_lat = 864.189
stat.node.7.llc.avg_cxl_lat = 864.189
stat.node.7.llc.miss_lat_hist_bin_ns = 10
stat.node.7.llc.miss_lat_hist = [0,0,0,0,0,0,0,0,0,0,0,0,0,0,0,0,0,0,0,0,0,0,0,0,0,0,0,0,0,0,2,16,34,109,148,128,80,106,111,43,5,8,6,3,1]
stat.node.7.util.dram_avg = 1.26726e-05
stat.node.7.walltime_s = 213.914
stat.node.7.active_time_s = 30.7035
stat.node.4.cpu.0.load_issue_to_complete_count = 799
stat.node.4.cpu.0.avg_load_issue_to_complete_lat = 1037.01
stat.node.4.injector.phase_cycles = 830488
stat.node.4.injector.request_bytes = 294576
stat.node.4.injector.response_bytes = 372160
stat.node.4.injector.aggregate_bytes = 666736
stat.node.4.injector.request_gbps = 6.81028
stat.node.4.injector.response_gbps = 8.60394
stat.node.4.injector.aggregate_gbps = 15.4142
stat.node.4.llc.cxl_miss = 800
stat.node.4.llc.total_miss = 800
stat.node.4.llc.avg_miss_lat = 861.508
stat.node.4.llc.avg_cxl_lat = 861.508
stat.node.4.llc.miss_lat_hist_bin_ns = 10
stat.node.4.llc.miss_lat_hist = [0,0,0,0,0,0,0,0,0,0,0,0,0,0,0,0,0,0,0,0,0,0,0,0,0,0,0,0,0,1,5,35,38,95,125,146,99,65,100,65,17,9]
stat.node.4.util.dram_avg = 1.26719e-05
stat.node.4.walltime_s = 213.916
stat.node.4.active_time_s = 26.5442
stat.node.0.cpu.0.load_issue_to_complete_count = 799
stat.node.0.cpu.0.avg_load_issue_to_complete_lat = 1037.75
stat.node.0.injector.phase_cycles = 831106
stat.node.0.injector.request_bytes = 294808
stat.node.0.injector.response_bytes = 372352
stat.node.0.injector.aggregate_bytes = 667160
stat.node.0.injector.request_gbps = 6.81058
stat.node.0.injector.response_gbps = 8.60198
stat.node.0.injector.aggregate_gbps = 15.4126
stat.node.0.llc.cxl_miss = 800
stat.node.0.llc.total_miss = 800
stat.node.0.llc.avg_miss_lat = 861.942
stat.node.0.llc.avg_cxl_lat = 861.942
stat.node.0.llc.miss_lat_hist_bin_ns = 10
stat.node.0.llc.miss_lat_hist = [0,0,0,0,0,0,0,0,0,0,0,0,0,0,0,0,0,0,0,0,0,0,0,0,0,0,0,0,0,0,2,24,27,107,95,148,189,100,47,35,14,5,2,5]
stat.node.0.util.dram_avg = 1.26695e-05
stat.node.0.walltime_s = 213.96
stat.node.0.active_time_s = 22.7797
stat.pool.102.util.mem_avg = 0.234438
stat.pool.102.util.req_link_avg = 0.999703
stat.pool.102.walltime_s = 214.032
stat.pool.102.active_time_s = 0.852736
stat.pool.101.util.mem_avg = 0.234413
stat.pool.101.util.req_link_avg = 0.999689
stat.pool.101.walltime_s = 214.032
stat.pool.101.active_time_s = 1.01902
stat.pool.100.util.mem_avg = 0.234422
stat.pool.100.util.req_link_avg = 0.999696
stat.pool.100.walltime_s = 214.032
stat.pool.100.active_time_s = 0.946716
stat.switch.replicated_messages = 212160
stat.switch.util.node_ingress_avg = 0.141616
stat.switch.util.pool_ingress_avg = 0.531988
stat.switch.bw.host_to_switch_gbps = 6.96119
stat.switch.bw.switch_to_host_gbps = 9.80552
stat.switch.bw.host_link_total_gbps = 16.7667
stat.switch.walltime_s = 214.032
stat.switch.active_time_s = 4.1158
Simulation is complete, simulated time: 789.926 us
