stat.node.0.cpu.0.retired = 863
stat.node.0.cpu.0.cycles = 1000000
stat.node.1.cpu.0.retired = 860
stat.node.1.cpu.0.cycles = 1000000
stat.node.2.cpu.0.retired = 843
stat.node.2.cpu.0.cycles = 1000000
stat.node.3.cpu.0.retired = 863
stat.node.3.cpu.0.cycles = 1000000
stat.node.4.cpu.0.retired = 801
stat.node.4.cpu.0.cycles = 1000000
stat.node.5.cpu.0.retired = 862
stat.node.5.cpu.0.cycles = 1000000
stat.node.6.cpu.0.retired = 864
stat.node.6.cpu.0.cycles = 1000000
stat.node.7.cpu.0.retired = 856
stat.node.7.cpu.0.cycles = 1000000
stat.node.6.cpu.0.load_issue_to_complete_count = 799
stat.node.6.cpu.0.avg_load_issue_to_complete_lat = 890.67
stat.node.6.injector.phase_cycles = 713449
stat.node.6.injector.request_bytes = 237024
stat.node.6.injector.response_bytes = 210688
stat.node.6.injector.aggregate_bytes = 447712
stat.node.6.injector.request_gbps = 6.37868
stat.node.6.injector.response_gbps = 5.66994
stat.node.6.injector.aggregate_gbps = 12.0486
stat.node.6.llc.cxl_miss = 800
stat.node.6.llc.total_miss = 800
stat.node.6.llc.avg_miss_lat = 717.607
stat.node.6.llc.avg_cxl_lat = 717.607
stat.node.6.llc.miss_lat_hist_bin_ns = 10
stat.node.6.llc.miss_lat_hist = [0,0,0,0,0,0,0,0,0,0,0,0,0,0,0,0,0,0,0,0,0,0,0,0,0,0,0,3,52,440,270,7,3,25]
stat.node.6.util.dram_avg = 1.45083e-05
stat.node.6.walltime_s = 222.937
stat.node.6.active_time_s = 23.7931
stat.node.3.cpu.0.load_issue_to_complete_count = 799
stat.node.3.cpu.0.avg_load_issue_to_complete_lat = 890.965
stat.node.3.injector.phase_cycles = 713660
stat.node.3.injector.request_bytes = 237096
stat.node.3.injector.response_bytes = 210752
stat.node.3.injector.aggregate_bytes = 447848
stat.node.3.injector.request_gbps = 6.37873
stat.node.3.injector.response_gbps = 5.66998
stat.node.3.injector.aggregate_gbps = 12.0487
stat.node.3.llc.cxl_miss = 800
stat.node.3.llc.total_miss = 800
stat.node.3.llc.avg_miss_lat = 717.704
stat.node.3.llc.avg_cxl_lat = 717.704
stat.node.3.llc.miss_lat_hist_bin_ns = 10
stat.node.3.llc.miss_lat_hist = [0,0,0,0,0,0,0,0,0,0,0,0,0,0,0,0,0,0,0,0,0,0,0,0,0,0,0,1,46,450,271,7,2,22,1]
stat.node.3.util.dram_avg = 1.44958e-05
stat.node.3.walltime_s = 223.044
stat.node.3.active_time_s = 25.184
stat.node.0.cpu.0.load_issue_to_complete_count = 799
stat.node.0.cpu.0.avg_load_issue_to_complete_lat = 893.378
stat.node.0.injector.phase_cycles = 715616
stat.node.0.injector.request_bytes = 237744
stat.node.0.injector.response_bytes = 211328
stat.node.0.injector.aggregate_bytes = 449072
stat.node.0.injector.request_gbps = 6.37868
stat.node.0.injector.response_gbps = 5.66994
stat.node.0.injector.aggregate_gbps = 12.0486
stat.node.0.llc.cxl_miss = 800
stat.node.0.llc.total_miss = 800
stat.node.0.llc.avg_miss_lat = 720.388
stat.node.0.llc.avg_cxl_lat = 720.388
stat.node.0.llc.miss_lat_hist_bin_ns = 10
stat.node.0.llc.miss_lat_hist = [0,0,0,0,0,0,0,0,0,0,0,0,0,0,0,0,0,0,0,0,0,0,0,0,0,0,0,4,218,190,220,121,4,41,2]
stat.node.0.util.dram_avg = 1.44836e-05
stat.node.0.walltime_s = 223.343
stat.node.0.active_time_s = 21.888
stat.node.5.cpu.0.load_issue_to_complete_count = 799
stat.node.5.cpu.0.avg_load_issue_to_complete_lat = 895.628
stat.node.5.injector.phase_cycles = 717323
stat.node.5.injector.request_bytes = 238320
stat.node.5.injector.response_bytes = 211840
stat.node.5.injector.aggregate_bytes = 450160
stat.node.5.injector.request_gbps = 6.37892
stat.node.5.injector.response_gbps = 5.67015
stat.node.5.injector.aggregate_gbps = 12.0491
stat.node.5.llc.cxl_miss = 800
stat.node.5.llc.total_miss = 800
stat.node.5.llc.avg_miss_lat = 722.8
stat.node.5.llc.avg_cxl_lat = 722.8
stat.node.5.llc.miss_lat_hist_bin_ns = 10
stat.node.5.llc.miss_lat_hist = [0,0,0,0,0,0,0,0,0,0,0,0,0,0,0,0,0,0,0,0,0,0,0,0,0,0,0,77,252,35,121,188,63,64]
stat.node.5.util.dram_avg = 1.44578e-05
stat.node.5.walltime_s = 224.061
stat.node.5.active_time_s = 25.9836
stat.node.1.cpu.0.load_issue_to_complete_count = 799
stat.node.1.cpu.0.avg_load_issue_to_complete_lat = 896.531
stat.node.1.injector.phase_cycles = 718190
stat.node.1.injector.request_bytes = 238536
stat.node.1.injector.response_bytes = 212096
stat.node.1.injector.aggregate_bytes = 450632
stat.node.1.injector.request_gbps = 6.37699
stat.node.1.injector.response_gbps = 5.67015
stat.node.1.injector.aggregate_gbps = 12.0471
stat.node.1.llc.cxl_miss = 800
stat.node.1.llc.total_miss = 800
stat.node.1.llc.avg_miss_lat = 723.406
stat.node.1.llc.avg_cxl_lat = 723.406
stat.node.1.llc.miss_lat_hist_bin_ns = 10
stat.node.1.llc.miss_lat_hist = [0,0,0,0,0,0,0,0,0,0,0,0,0,0,0,0,0,0,0,0,0,0,0,0,0,0,0,0,47,425,226,35,11,52,4]
stat.node.1.util.dram_avg = 1.44383e-05
stat.node.1.walltime_s = 224.21
stat.node.1.active_time_s = 25.8799
stat.node.7.cpu.0.load_issue_to_complete_count = 799
stat.node.7.cpu.0.avg_load_issue_to_complete_lat = 907.148
stat.node.7.injector.phase_cycles = 726529
stat.node.7.injector.request_bytes = 241416
stat.node.7.injector.response_bytes = 214528
stat.node.7.injector.aggregate_bytes = 455944
stat.node.7.injector.request_gbps = 6.37991
stat.node.7.injector.response_gbps = 5.66934
stat.node.7.injector.aggregate_gbps = 12.0492
stat.node.7.llc.cxl_miss = 800
stat.node.7.llc.total_miss = 800
stat.node.7.llc.avg_miss_lat = 733.525
stat.node.7.llc.avg_cxl_lat = 733.525
stat.node.7.llc.miss_lat_hist_bin_ns = 10
stat.node.7.llc.miss_lat_hist = [0,0,0,0,0,0,0,0,0,0,0,0,0,0,0,0,0,0,0,0,0,0,0,0,0,0,57,181,79,12,8,48,230,183,2]
stat.node.7.util.dram_avg = 1.43369e-05
stat.node.7.walltime_s = 226.392
stat.node.7.active_time_s = 24.2172
stat.node.2.cpu.0.load_issue_to_complete_count = 799
stat.node.2.cpu.0.avg_load_issue_to_complete_lat = 919.96
stat.node.2.injector.phase_cycles = 736880
stat.node.2.injector.request_bytes = 244800
stat.node.2.injector.response_bytes = 217600
stat.node.2.injector.aggregate_bytes = 462400
stat.node.2.injector.request_gbps = 6.37846
stat.node.2.injector.response_gbps = 5.66974
stat.node.2.injector.aggregate_gbps = 12.0482
stat.node.2.llc.cxl_miss = 800
stat.node.2.llc.total_miss = 800
stat.node.2.llc.avg_miss_lat = 746.304
stat.node.2.llc.avg_cxl_lat = 746.304
stat.node.2.llc.miss_lat_hist_bin_ns = 10
stat.node.2.llc.miss_lat_hist = [0,0,0,0,0,0,0,0,0,0,0,0,0,0,0,0,0,0,0,0,0,0,0,0,0,0,76,94,90,20,10,27,158,291,34]
stat.node.2.util.dram_avg = 1.41499e-05
stat.node.2.walltime_s = 229.795
stat.node.2.active_time_s = 26.1251
stat.node.4.cpu.0.load_issue_to_complete_count = 799
stat.node.4.cpu.0.avg_load_issue_to_complete_lat = 993.916
stat.node.4.injector.phase_cycles = 796019
stat.node.4.injector.request_bytes = 264456
stat.node.4.injector.response_bytes = 235072
stat.node.4.injector.aggregate_bytes = 499528
stat.node.4.injector.request_gbps = 6.37869
stat.node.4.injector.response_gbps = 5.66994
stat.node.4.injector.aggregate_gbps = 12.0486
stat.node.4.llc.cxl_miss = 800
stat.node.4.llc.total_miss = 800
stat.node.4.llc.avg_miss_lat = 819.133
stat.node.4.llc.avg_cxl_lat = 819.133
stat.node.4.llc.miss_lat_hist_bin_ns = 10
stat.node.4.llc.miss_lat_hist = [0,0,0,0,0,0,0,0,0,0,0,0,0,0,0,0,0,0,0,0,0,0,0,0,0,0,0,4,8,1,0,5,5,74,701,2]
stat.node.4.util.dram_avg = 1.33746e-05
stat.node.4.walltime_s = 237.475
stat.node.4.active_time_s = 22.8514
stat.pool.101.util.mem_avg = 0.239129
stat.pool.101.util.req_link_avg = 0.9941
stat.pool.101.walltime_s = 237.471
stat.pool.101.active_time_s = 0.84207
stat.pool.100.util.mem_avg = 0.23913
stat.pool.100.util.req_link_avg = 0.994101
stat.pool.100.walltime_s = 237.472
stat.pool.100.active_time_s = 0.90741
stat.switch.replicated_messages = 132464
stat.switch.util.node_ingress_avg = 0.133217
stat.switch.util.pool_ingress_avg = 0.572003
stat.switch.bw.host_to_switch_gbps = 6.54811
stat.switch.bw.switch_to_host_gbps = 7.02874
stat.switch.bw.host_link_total_gbps = 13.5769
stat.switch.walltime_s = 237.472
stat.switch.active_time_s = 3.2868
Simulation is complete, simulated time: 748.284 us
