stat.node.2.cpu.0.retired = 787
stat.node.2.cpu.0.cycles = 1000000
stat.node.3.cpu.0.retired = 788
stat.node.3.cpu.0.cycles = 1000000
stat.node.4.cpu.0.retired = 790
stat.node.4.cpu.0.cycles = 1000000
stat.node.5.cpu.0.retired = 789
stat.node.5.cpu.0.cycles = 1000000
stat.node.6.cpu.0.retired = 789
stat.node.6.cpu.0.cycles = 1000000
stat.node.7.cpu.0.retired = 788
stat.node.7.cpu.0.cycles = 1000000
stat.node.0.cpu.0.retired = 788
stat.node.0.cpu.0.cycles = 1000000
stat.node.1.cpu.0.retired = 791
stat.node.1.cpu.0.cycles = 1000000
stat.node.1.cpu.0.load_issue_to_complete_count = 799
stat.node.1.cpu.0.avg_load_issue_to_complete_lat = 976.518
stat.node.1.injector.phase_cycles = 782085
stat.node.1.injector.request_bytes = 106384
stat.node.1.injector.response_bytes = 192128
stat.node.1.injector.aggregate_bytes = 298512
stat.node.1.injector.request_gbps = 2.6117
stat.node.1.injector.response_gbps = 4.7167
stat.node.1.injector.aggregate_gbps = 7.3284
stat.node.1.llc.cxl_miss = 800
stat.node.1.llc.total_miss = 800
stat.node.1.llc.avg_miss_lat = 801.906
stat.node.1.llc.avg_cxl_lat = 801.906
stat.node.1.llc.miss_lat_hist_bin_ns = 10
stat.node.1.llc.miss_lat_hist = [0,0,0,0,0,0,0,0,0,0,0,0,0,0,0,0,0,0,0,0,0,0,0,0,0,0,0,0,0,1,43,181,164,187,70,25,30,28,42,24,5]
stat.node.1.util.dram_avg = 1.34025e-05
stat.node.1.walltime_s = 203.039
stat.node.1.active_time_s = 26.7603
stat.node.4.cpu.0.load_issue_to_complete_count = 799
stat.node.4.cpu.0.avg_load_issue_to_complete_lat = 976.612
stat.node.4.injector.phase_cycles = 782187
stat.node.4.injector.request_bytes = 106320
stat.node.4.injector.response_bytes = 192128
stat.node.4.injector.aggregate_bytes = 298448
stat.node.4.injector.request_gbps = 2.60979
stat.node.4.injector.response_gbps = 4.71608
stat.node.4.injector.aggregate_gbps = 7.32587
stat.node.4.llc.cxl_miss = 800
stat.node.4.llc.total_miss = 800
stat.node.4.llc.avg_miss_lat = 801.856
stat.node.4.llc.avg_cxl_lat = 801.856
stat.node.4.llc.miss_lat_hist_bin_ns = 10
stat.node.4.llc.miss_lat_hist = [0,0,0,0,0,0,0,0,0,0,0,0,0,0,0,0,0,0,0,0,0,0,0,0,0,0,0,0,0,0,43,202,151,188,63,24,23,24,39,40,3]
stat.node.4.util.dram_avg = 1.33995e-05
stat.node.4.walltime_s = 203.039
stat.node.4.active_time_s = 26.2493
stat.node.6.cpu.0.load_issue_to_complete_count = 799
stat.node.6.cpu.0.avg_load_issue_to_complete_lat = 976.982
stat.node.6.injector.phase_cycles = 782461
stat.node.6.injector.request_bytes = 106392
stat.node.6.injector.response_bytes = 192192
stat.node.6.injector.aggregate_bytes = 298584
stat.node.6.injector.request_gbps = 2.61064
stat.node.6.injector.response_gbps = 4.716
stat.node.6.injector.aggregate_gbps = 7.32664
stat.node.6.llc.cxl_miss = 800
stat.node.6.llc.total_miss = 800
stat.node.6.llc.avg_miss_lat = 802.216
stat.node.6.llc.avg_cxl_lat = 802.216
stat.node.6.llc.miss_lat_hist_bin_ns = 10
stat.node.6.llc.miss_lat_hist = [0,0,0,0,0,0,0,0,0,0,0,0,0,0,0,0,0,0,0,0,0,0,0,0,0,0,0,0,0,1,35,187,156,210,56,32,28,25,32,30,8]
stat.node.6.util.dram_avg = 1.33881e-05
stat.node.6.walltime_s = 203.085
stat.node.6.active_time_s = 21.1097
stat.node.5.cpu.0.load_issue_to_complete_count = 799
stat.node.5.cpu.0.avg_load_issue_to_complete_lat = 976.826
stat.node.5.injector.phase_cycles = 782411
stat.node.5.injector.request_bytes = 106384
stat.node.5.injector.response_bytes = 192192
stat.node.5.injector.aggregate_bytes = 298576
stat.node.5.injector.request_gbps = 2.61061
stat.node.5.injector.response_gbps = 4.7163
stat.node.5.injector.aggregate_gbps = 7.32692
stat.node.5.llc.cxl_miss = 800
stat.node.5.llc.total_miss = 800
stat.node.5.llc.avg_miss_lat = 801.893
stat.node.5.llc.avg_cxl_lat = 801.893
stat.node.5.llc.miss_lat_hist_bin_ns = 10
stat.node.5.llc.miss_lat_hist = [0,0,0,0,0,0,0,0,0,0,0,0,0,0,0,0,0,0,0,0,0,0,0,0,0,0,0,0,0,0,29,212,159,179,70,27,24,26,28,43,3]
stat.node.5.util.dram_avg = 1.33879e-05
stat.node.5.walltime_s = 203.086
stat.node.5.active_time_s = 29.5365
stat.node.3.cpu.0.load_issue_to_complete_count = 799
stat.node.3.cpu.0.avg_load_issue_to_complete_lat = 976.544
stat.node.3.injector.phase_cycles = 782158
stat.node.3.injector.request_bytes = 106312
stat.node.3.injector.response_bytes = 192128
stat.node.3.injector.aggregate_bytes = 298440
stat.node.3.injector.request_gbps = 2.60969
stat.node.3.injector.response_gbps = 4.71626
stat.node.3.injector.aggregate_gbps = 7.32595
stat.node.3.llc.cxl_miss = 800
stat.node.3.llc.total_miss = 800
stat.node.3.llc.avg_miss_lat = 802.126
stat.node.3.llc.avg_cxl_lat = 802.126
stat.node.3.llc.miss_lat_hist_bin_ns = 10
stat.node.3.llc.miss_lat_hist = [0,0,0,0,0,0,0,0,0,0,0,0,0,0,0,0,0,0,0,0,0,0,0,0,0,0,0,0,0,1,27,213,145,174,86,29,30,31,29,32,3]
stat.node.3.util.dram_avg = 1.3386e-05
stat.node.3.walltime_s = 203.099
stat.node.3.active_time_s = 26.9398
stat.node.7.cpu.0.load_issue_to_complete_count = 799
stat.node.7.cpu.0.avg_load_issue_to_complete_lat = 976.925
stat.node.7.injector.phase_cycles = 782457
stat.node.7.injector.request_bytes = 106392
stat.node.7.injector.response_bytes = 192192
stat.node.7.injector.aggregate_bytes = 298584
stat.node.7.injector.request_gbps = 2.61066
stat.node.7.injector.response_gbps = 4.71602
stat.node.7.injector.aggregate_gbps = 7.32668
stat.node.7.llc.cxl_miss = 800
stat.node.7.llc.total_miss = 800
stat.node.7.llc.avg_miss_lat = 802.332
stat.node.7.llc.avg_cxl_lat = 802.332
stat.node.7.llc.miss_lat_hist_bin_ns = 10
stat.node.7.llc.miss_lat_hist = [0,0,0,0,0,0,0,0,0,0,0,0,0,0,0,0,0,0,0,0,0,0,0,0,0,0,0,0,0,0,36,195,146,188,68,46,29,30,28,32,2]
stat.node.7.util.dram_avg = 1.3378e-05
stat.node.7.walltime_s = 203.143
stat.node.7.active_time_s = 21.9427
stat.node.0.cpu.0.load_issue_to_complete_count = 799
stat.node.0.cpu.0.avg_load_issue_to_complete_lat = 978.014
stat.node.0.injector.phase_cycles = 783232
stat.node.0.injector.request_bytes = 106544
stat.node.0.injector.response_bytes = 192384
stat.node.0.injector.aggregate_bytes = 298928
stat.node.0.injector.request_gbps = 2.6118
stat.node.0.injector.response_gbps = 4.71606
stat.node.0.injector.aggregate_gbps = 7.32786
stat.node.0.llc.cxl_miss = 800
stat.node.0.llc.total_miss = 800
stat.node.0.llc.avg_miss_lat = 802.974
stat.node.0.llc.avg_cxl_lat = 802.974
stat.node.0.llc.miss_lat_hist_bin_ns = 10
stat.node.0.llc.miss_lat_hist = [0,0,0,0,0,0,0,0,0,0,0,0,0,0,0,0,0,0,0,0,0,0,0,0,0,0,0,0,0,0,31,200,145,188,76,37,26,26,39,28,4]
stat.node.0.util.dram_avg = 1.33763e-05
stat.node.0.walltime_s = 203.156
stat.node.0.active_time_s = 26.9043
stat.node.2.cpu.0.load_issue_to_complete_count = 799
stat.node.2.cpu.0.avg_load_issue_to_complete_lat = 977.549
stat.node.2.injector.phase_cycles = 782906
stat.node.2.injector.request_bytes = 106472
stat.node.2.injector.response_bytes = 192256
stat.node.2.injector.aggregate_bytes = 298728
stat.pool.100.util.mem_avg = 0.208496
stat.pool.100.util.req_link_avg = 0.450616
stat.pool.100.walltime_s = 203.183
stat.pool.100.active_time_s = 0.760754
stat.switch.replicated_messages = 23616
stat.switch.util.node_ingress_avg = 0.056337
stat.switch.util.pool_ingress_avg = 0.9742
stat.switch.bw.host_to_switch_gbps = 2.76914
stat.switch.bw.switch_to_host_gbps = 5.98549
stat.switch.bw.host_link_total_gbps = 8.75463
stat.switch.walltime_s = 203.183
stat.switch.active_time_s = 2.37351
stat.node.2.injector.request_gbps = 2.61112
stat.node.2.injector.response_gbps = 4.71489
stat.node.2.injector.aggregate_gbps = 7.32601
stat.node.2.llc.cxl_miss = 800
stat.node.2.llc.total_miss = 800
stat.node.2.llc.avg_miss_lat = 802.584
stat.node.2.llc.avg_cxl_lat = 802.584
stat.node.2.llc.miss_lat_hist_bin_ns = 10
stat.node.2.llc.miss_lat_hist = [0,0,0,0,0,0,0,0,0,0,0,0,0,0,0,0,0,0,0,0,0,0,0,0,0,0,0,0,0,3,30,203,156,171,81,31,20,29,41,33,2]
stat.node.2.util.dram_avg = 1.33693e-05
stat.node.2.walltime_s = 203.175
stat.node.2.active_time_s = 26.3931
Simulation is complete, simulated time: 748.582 us
