stat.node.4.cpu.0.retired = 790
stat.node.4.cpu.0.cycles = 1000000
stat.node.5.cpu.0.retired = 791
stat.node.5.cpu.0.cycles = 1000000
stat.node.6.cpu.0.retired = 791
stat.node.6.cpu.0.cycles = 1000000
stat.node.7.cpu.0.retired = 791
stat.node.7.cpu.0.cycles = 1000000
stat.node.0.cpu.0.retired = 791
stat.node.0.cpu.0.cycles = 1000000
stat.node.1.cpu.0.retired = 791
stat.node.1.cpu.0.cycles = 1000000
stat.node.2.cpu.0.retired = 790
stat.node.2.cpu.0.cycles = 1000000
stat.node.3.cpu.0.retired = 791
stat.node.3.cpu.0.cycles = 1000000
stat.node.6.cpu.0.load_issue_to_complete_count = 799
stat.node.5.cpu.0.load_issue_to_complete_count = 799
stat.node.5.cpu.0.avg_load_issue_to_complete_lat = 958.308
stat.node.5.injector.phase_cycles = 767503
stat.node.5.injector.request_bytes = 239176
stat.node.5.injector.response_bytes = 26240
stat.node.5.injector.aggregate_bytes = 265416
stat.node.5.injector.request_gbps = 5.98327
stat.node.5.injector.response_gbps = 0.656425
stat.node.5.injector.aggregate_gbps = 6.6397
stat.node.5.llc.cxl_miss = 800
stat.node.5.llc.total_miss = 800
stat.node.5.llc.avg_miss_lat = 783.891
stat.node.5.llc.avg_cxl_lat = 783.891
stat.node.5.llc.miss_lat_hist_bin_ns = 10
stat.node.5.llc.miss_lat_hist = [0,0,0,0,0,0,0,0,0,0,0,0,0,0,0,0,0,0,0,0,0,0,0,0,0,0,0,0,0,0,0,126,485,189]
stat.node.6.cpu.0.avg_load_issue_to_complete_lat = 958.308
stat.node.6.injector.phase_cycles = 767503
stat.node.6.injector.request_bytes = 239176
stat.node.6.injector.response_bytes = 26240
stat.node.6.injector.aggregate_bytes = 265416
stat.node.6.injector.request_gbps = 5.98327
stat.node.6.injector.response_gbps = 0.656425
stat.node.6.injector.aggregate_gbps = 6.6397
stat.node.6.llc.cxl_miss = 800
stat.node.6.llc.total_miss = 800
stat.node.6.llc.avg_miss_lat = 783.923
stat.node.6.llc.avg_cxl_lat = 783.923
stat.node.6.llc.miss_lat_hist_bin_ns = 10
stat.node.6.llc.miss_lat_hist = [0,0,0,0,0,0,0,0,0,0,0,0,0,0,0,0,0,0,0,0,0,0,0,0,0,0,0,0,0,0,0,126,484,190]
stat.node.6.util.dram_avg = 1.35138e-05
stat.node.6.walltime_s = 211.478
stat.node.6.active_time_s = 27.8911
stat.node.5.util.dram_avg = 1.35138e-05
stat.node.5.walltime_s = 211.479
stat.node.5.active_time_s = 26.7313
stat.node.7.cpu.0.load_issue_to_complete_count = 799
stat.node.7.cpu.0.avg_load_issue_to_complete_lat = 958.277
stat.node.0.cpu.0.load_issue_to_complete_count = 799
stat.node.7.injector.phase_cycles = 767503
stat.node.7.injector.request_bytes = 239176
stat.node.7.injector.response_bytes = 26240
stat.node.7.injector.aggregate_bytes = 265416
stat.node.7.injector.request_gbps = 5.98327
stat.node.7.injector.response_gbps = 0.656425
stat.node.7.injector.aggregate_gbps = 6.6397
stat.node.7.llc.cxl_miss = 800
stat.node.7.llc.total_miss = 800
stat.node.7.llc.avg_miss_lat = 784.045
stat.node.7.llc.avg_cxl_lat = 784.045
stat.node.7.llc.miss_lat_hist_bin_ns = 10
stat.node.7.llc.miss_lat_hist = [0,0,0,0,0,0,0,0,0,0,0,0,0,0,0,0,0,0,0,0,0,0,0,0,0,0,0,0,0,0,0,9,680,111]
stat.node.7.util.dram_avg = 1.35124e-05
stat.node.7.walltime_s = 211.483
stat.node.7.active_time_s = 27.9374
stat.node.0.cpu.0.avg_load_issue_to_complete_lat = 958.277
stat.node.0.injector.phase_cycles = 767503
stat.node.0.injector.request_bytes = 239176
stat.node.0.injector.response_bytes = 26240
stat.node.0.injector.aggregate_bytes = 265416
stat.node.0.injector.request_gbps = 5.98327
stat.node.0.injector.response_gbps = 0.656425
stat.node.0.injector.aggregate_gbps = 6.6397
stat.node.0.llc.cxl_miss = 800
stat.node.0.llc.total_miss = 800
stat.node.0.llc.avg_miss_lat = 784.045
stat.node.0.llc.avg_cxl_lat = 784.045
stat.node.0.llc.miss_lat_hist_bin_ns = 10
stat.node.0.llc.miss_lat_hist = [0,0,0,0,0,0,0,0,0,0,0,0,0,0,0,0,0,0,0,0,0,0,0,0,0,0,0,0,0,0,0,9,680,111]
stat.node.0.util.dram_avg = 1.35124e-05
stat.node.0.walltime_s = 211.483
stat.node.0.active_time_s = 32.2099
stat.node.3.cpu.0.load_issue_to_complete_count = 799
stat.node.1.cpu.0.load_issue_to_complete_count = 799
stat.node.1.cpu.0.avg_load_issue_to_complete_lat = 958.277
stat.node.1.injector.phase_cycles = 767503
stat.node.3.cpu.0.avg_load_issue_to_complete_lat = 958.277
stat.node.3.injector.phase_cycles = 767503
stat.node.3.injector.request_bytes = 239176
stat.node.3.injector.response_bytes = 26240
stat.node.3.injector.aggregate_bytes = 265416
stat.node.3.injector.request_gbps = 5.98327
stat.node.3.injector.response_gbps = 0.656425
stat.node.3.injector.aggregate_gbps = 6.6397
stat.node.3.llc.cxl_miss = 800
stat.node.3.llc.total_miss = 800
stat.node.3.llc.avg_miss_lat = 784.039
stat.node.3.llc.avg_cxl_lat = 784.039
stat.node.3.llc.miss_lat_hist_bin_ns = 10
stat.node.3.llc.miss_lat_hist = [0,0,0,0,0,0,0,0,0,0,0,0,0,0,0,0,0,0,0,0,0,0,0,0,0,0,0,0,0,0,0,4,702,94]
stat.node.3.util.dram_avg = 1.35108e-05
stat.node.3.walltime_s = 211.487
stat.node.3.active_time_s = 22.5648
stat.node.1.injector.request_bytes = 239176
stat.node.1.injector.response_bytes = 26240
stat.node.1.injector.aggregate_bytes = 265416
stat.node.1.injector.request_gbps = 5.98327
stat.node.1.injector.response_gbps = 0.656425
stat.node.1.injector.aggregate_gbps = 6.6397
stat.node.1.llc.cxl_miss = 800
stat.node.1.llc.total_miss = 800
stat.node.1.llc.avg_miss_lat = 784.039
stat.node.1.llc.avg_cxl_lat = 784.039
stat.node.1.llc.miss_lat_hist_bin_ns = 10
stat.node.1.llc.miss_lat_hist = [0,0,0,0,0,0,0,0,0,0,0,0,0,0,0,0,0,0,0,0,0,0,0,0,0,0,0,0,0,0,0,4,702,94]
stat.node.1.util.dram_avg = 1.35108e-05
stat.node.1.walltime_s = 211.488
stat.node.1.active_time_s = 23.1874
stat.node.2.cpu.0.load_issue_to_complete_count = 799
stat.node.2.cpu.0.avg_load_issue_to_complete_lat = 958.277
stat.node.2.injector.phase_cycles = 767503
stat.node.2.injector.request_bytes = 239184
stat.node.2.injector.response_bytes = 26176
stat.node.2.injector.aggregate_bytes = 265360
stat.node.2.injector.request_gbps = 5.98347
stat.node.2.injector.response_gbps = 0.654824
stat.node.2.injector.aggregate_gbps = 6.6383
stat.node.2.llc.cxl_miss = 800
stat.node.2.llc.total_miss = 800
stat.node.2.llc.avg_miss_lat = 784.229
stat.node.2.llc.avg_cxl_lat = 784.229
stat.node.4.cpu.0.load_issue_to_complete_count = 799
stat.node.2.llc.miss_lat_hist_bin_ns = 10
stat.node.2.llc.miss_lat_hist = [0,0,0,0,0,0,0,0,0,0,0,0,0,0,0,0,0,0,0,0,0,0,0,0,0,0,0,0,0,0,0,61,634,105]
stat.node.2.util.dram_avg = 1.35077e-05
stat.node.2.walltime_s = 211.512
stat.node.2.active_time_s = 23.0584
stat.node.4.cpu.0.avg_load_issue_to_complete_lat = 958.277
stat.node.4.injector.phase_cycles = 767503
stat.node.4.injector.request_bytes = 239184
stat.node.4.injector.response_bytes = 26176
stat.node.4.injector.aggregate_bytes = 265360
stat.node.4.injector.request_gbps = 5.98347
stat.node.4.injector.response_gbps = 0.654824
stat.node.4.injector.aggregate_gbps = 6.6383
stat.node.4.llc.cxl_miss = 800
stat.node.4.llc.total_miss = 800
stat.node.4.llc.avg_miss_lat = 784.26
stat.node.4.llc.avg_cxl_lat = 784.26
stat.node.4.llc.miss_lat_hist_bin_ns = 10
stat.node.4.llc.miss_lat_hist = [0,0,0,0,0,0,0,0,0,0,0,0,0,0,0,0,0,0,0,0,0,0,0,0,0,0,0,0,0,0,0,61,633,106]
stat.pool.101.util.mem_avg = 0.178874
stat.pool.101.util.req_link_avg = 0.979981
stat.pool.101.walltime_s = 211.512
stat.pool.101.active_time_s = 0.770595
stat.pool.100.util.mem_avg = 0.178874
stat.pool.100.util.req_link_avg = 0.979981
stat.pool.100.walltime_s = 211.512
stat.pool.100.active_time_s = 0.86518
stat.switch.replicated_messages = 136512
stat.switch.util.node_ingress_avg = 0.124979
stat.switch.util.pool_ingress_avg = 0.157776
stat.switch.bw.host_to_switch_gbps = 6.14364
stat.switch.bw.switch_to_host_gbps = 1.9387
stat.switch.bw.host_link_total_gbps = 8.08235
stat.switch.walltime_s = 211.512
stat.switch.active_time_s = 3.45944
stat.node.4.util.dram_avg = 1.35077e-05
stat.node.4.walltime_s = 211.512
stat.node.4.active_time_s = 21.1032
Simulation is complete, simulated time: 740.913 us
