stat.node.5.cpu.0.retired = 985
stat.node.5.cpu.0.cycles = 1000000
stat.node.6.cpu.0.retired = 985
stat.node.6.cpu.0.cycles = 1000000
stat.node.7.cpu.0.retired = 986
stat.node.7.cpu.0.cycles = 1000000
stat.node.0.cpu.0.retired = 985
stat.node.0.cpu.0.cycles = 1000000
stat.node.1.cpu.0.retired = 986
stat.node.1.cpu.0.cycles = 1000000
stat.node.2.cpu.0.retired = 986
stat.node.2.cpu.0.cycles = 1000000
stat.node.3.cpu.0.retired = 985
stat.node.3.cpu.0.cycles = 1000000
stat.node.4.cpu.0.retired = 986
stat.node.4.cpu.0.cycles = 1000000
stat.node.2.cpu.0.load_issue_to_complete_count = 799
stat.node.2.cpu.0.avg_load_issue_to_complete_lat = 802.086
stat.node.2.injector.phase_cycles = 642558
stat.node.2.injector.request_bytes = 10048
stat.node.2.injector.response_bytes = 0
stat.node.2.injector.aggregate_bytes = 10048
stat.node.2.injector.request_gbps = 0.30024
stat.node.2.injector.response_gbps = 0
stat.node.2.injector.aggregate_gbps = 0.30024
stat.node.2.llc.cxl_miss = 800
stat.node.7.cpu.0.load_issue_to_complete_count = 799
stat.node.7.cpu.0.avg_load_issue_to_complete_lat = 802.086
stat.node.1.cpu.0.load_issue_to_complete_count = 799
stat.node.1.cpu.0.avg_load_issue_to_complete_lat = 802.339
stat.node.1.injector.phase_cycles = 642760
stat.node.4.cpu.0.load_issue_to_complete_count = 799
stat.node.2.llc.total_miss = 800
stat.node.2.llc.avg_miss_lat = 630.334
stat.node.2.llc.avg_cxl_lat = 630.334
stat.node.2.llc.miss_lat_hist_bin_ns = 10
stat.node.2.llc.miss_lat_hist = [0,0,0,0,0,0,0,0,0,0,0,0,0,0,0,0,0,0,0,0,0,0,0,0,0,0,764,2,3,7,8,5,4,4,3]
stat.node.2.util.dram_avg = 1.61357e-05
stat.node.2.walltime_s = 197.143
stat.node.2.active_time_s = 19.4196
stat.node.1.injector.request_bytes = 10048
stat.node.1.injector.response_bytes = 0
stat.node.1.injector.aggregate_bytes = 10048
stat.node.1.injector.request_gbps = 0.300146
stat.node.1.injector.response_gbps = 0
stat.node.1.injector.aggregate_gbps = 0.300146
stat.node.1.llc.cxl_miss = 800
stat.node.1.llc.total_miss = 800
stat.node.1.llc.avg_miss_lat = 630.586
stat.node.1.llc.avg_cxl_lat = 630.586
stat.node.1.llc.miss_lat_hist_bin_ns = 10
stat.node.1.llc.miss_lat_hist = [0,0,0,0,0,0,0,0,0,0,0,0,0,0,0,0,0,0,0,0,0,0,0,0,0,0,755,2,9,13,10,5,3,3]
stat.node.1.util.dram_avg = 1.61357e-05
stat.node.1.walltime_s = 197.143
stat.node.1.active_time_s = 21.7398
stat.node.7.injector.phase_cycles = 642558
stat.node.7.injector.request_bytes = 10048
stat.node.7.injector.response_bytes = 0
stat.node.7.injector.aggregate_bytes = 10048
stat.node.4.cpu.0.avg_load_issue_to_complete_lat = 802.086
stat.node.4.injector.phase_cycles = 642558
stat.node.7.injector.request_gbps = 0.30024
stat.node.7.injector.response_gbps = 0
stat.node.7.injector.aggregate_gbps = 0.30024
stat.node.7.llc.cxl_miss = 800
stat.node.7.llc.total_miss = 800
stat.node.7.llc.avg_miss_lat = 630.365
stat.node.4.injector.request_bytes = 10048
stat.node.4.injector.response_bytes = 0
stat.node.4.injector.aggregate_bytes = 10048
stat.node.4.injector.request_gbps = 0.30024
stat.node.4.injector.response_gbps = 0
stat.node.4.injector.aggregate_gbps = 0.30024
stat.node.4.llc.cxl_miss = 800
stat.node.4.llc.total_miss = 800
stat.node.4.llc.avg_miss_lat = 630.365
stat.node.4.llc.avg_cxl_lat = 630.365
stat.node.4.llc.miss_lat_hist_bin_ns = 10
stat.node.4.llc.miss_lat_hist = [0,0,0,0,0,0,0,0,0,0,0,0,0,0,0,0,0,0,0,0,0,0,0,0,0,0,763,2,4,7,9,5,4,3,3]
stat.node.7.llc.avg_cxl_lat = 630.365
stat.node.7.llc.miss_lat_hist_bin_ns = 10
stat.node.7.llc.miss_lat_hist = [0,0,0,0,0,0,0,0,0,0,0,0,0,0,0,0,0,0,0,0,0,0,0,0,0,0,764,3,3,5,6,6,6,7]
stat.node.4.util.dram_avg = 1.61357e-05
stat.node.4.walltime_s = 197.156
stat.node.4.active_time_s = 25.0773
stat.node.7.util.dram_avg = 1.61357e-05
stat.node.7.walltime_s = 197.156
stat.node.7.active_time_s = 20.7714
stat.node.0.cpu.0.load_issue_to_complete_count = 799
stat.node.0.cpu.0.avg_load_issue_to_complete_lat = 802.551
stat.node.0.injector.phase_cycles = 642929
stat.node.0.injector.request_bytes = 10048
stat.node.0.injector.response_bytes = 0
stat.node.0.injector.aggregate_bytes = 10048
stat.node.0.injector.request_gbps = 0.300067
stat.node.0.injector.response_gbps = 0
stat.node.0.injector.aggregate_gbps = 0.300067
stat.node.0.llc.cxl_miss = 800
stat.node.0.llc.total_miss = 800
stat.node.0.llc.avg_miss_lat = 630.721
stat.node.0.llc.avg_cxl_lat = 630.721
stat.node.0.llc.miss_lat_hist_bin_ns = 10
stat.node.3.cpu.0.load_issue_to_complete_count = 799
stat.node.3.cpu.0.avg_load_issue_to_complete_lat = 802.522
stat.node.3.injector.phase_cycles = 642906
stat.node.3.injector.request_bytes = 10048
stat.node.3.injector.response_bytes = 0
stat.node.5.cpu.0.load_issue_to_complete_count = 799
stat.node.5.cpu.0.avg_load_issue_to_complete_lat = 802.551
stat.node.5.injector.phase_cycles = 642929
stat.node.5.injector.request_bytes = 10048
stat.node.5.injector.response_bytes = 0
stat.node.5.injector.aggregate_bytes = 10048
stat.node.5.injector.request_gbps = 0.300067
stat.node.5.injector.response_gbps = 0
stat.node.5.injector.aggregate_gbps = 0.300067
stat.node.5.llc.cxl_miss = 800
stat.node.5.llc.total_miss = 800
stat.node.5.llc.avg_miss_lat = 630.721
stat.node.5.llc.avg_cxl_lat = 630.721
stat.node.5.llc.miss_lat_hist_bin_ns = 10
stat.node.5.llc.miss_lat_hist = [0,0,0,0,0,0,0,0,0,0,0,0,0,0,0,0,0,0,0,0,0,0,0,0,0,0,759,6,1,4,13,9,6,2]
stat.node.6.cpu.0.load_issue_to_complete_count = 799
stat.node.6.cpu.0.avg_load_issue_to_complete_lat = 802.551
stat.node.6.injector.phase_cycles = 642929
stat.node.6.injector.request_bytes = 10048
stat.node.6.injector.response_bytes = 0
stat.node.6.injector.aggregate_bytes = 10048
stat.node.6.injector.request_gbps = 0.300067
stat.node.6.injector.response_gbps = 0
stat.node.6.injector.aggregate_gbps = 0.300067
stat.node.6.llc.cxl_miss = 800
stat.node.6.llc.total_miss = 800
stat.node.6.llc.avg_miss_lat = 630.784
stat.node.6.llc.avg_cxl_lat = 630.784
stat.node.6.llc.miss_lat_hist_bin_ns = 10
stat.node.6.llc.miss_lat_hist = [0,0,0,0,0,0,0,0,0,0,0,0,0,0,0,0,0,0,0,0,0,0,0,0,0,0,756,4,3,7,21,2,6,1]
stat.node.6.util.dram_avg = 1.61243e-05
stat.node.6.walltime_s = 197.513
stat.node.6.active_time_s = 19.7142
stat.node.0.llc.miss_lat_hist = [0,0,0,0,0,0,0,0,0,0,0,0,0,0,0,0,0,0,0,0,0,0,0,0,0,0,759,4,2,2,17,10,6]
stat.node.0.util.dram_avg = 1.61243e-05
stat.node.0.walltime_s = 197.513
stat.node.0.active_time_s = 18.5536
stat.node.3.injector.aggregate_bytes = 10048
stat.node.3.injector.request_gbps = 0.300077
stat.node.5.util.dram_avg = 1.61243e-05
stat.node.5.walltime_s = 197.513
stat.node.5.active_time_s = 19.3166
stat.node.3.injector.response_gbps = 0
stat.node.3.injector.aggregate_gbps = 0.300077
stat.node.3.llc.cxl_miss = 800
stat.node.3.llc.total_miss = 800
stat.node.3.llc.avg_miss_lat = 630.755
stat.node.3.llc.avg_cxl_lat = 630.755
stat.node.3.llc.miss_lat_hist_bin_ns = 10
stat.node.3.llc.miss_lat_hist = [0,0,0,0,0,0,0,0,0,0,0,0,0,0,0,0,0,0,0,0,0,0,0,0,0,0,753,6,2,14,17,2,5,1]
stat.node.3.util.dram_avg = 1.61243e-05
stat.node.3.walltime_s = 197.501
stat.node.3.active_time_s = 26.0059
stat.pool.105.util.mem_avg = 0.0144554
stat.pool.105.util.req_link_avg = 0.0539723
stat.pool.105.walltime_s = 197.513
stat.pool.105.active_time_s = 0.496822
stat.pool.104.util.mem_avg = 0.0144554
stat.pool.104.util.req_link_avg = 0.0539723
stat.pool.104.walltime_s = 197.513
stat.pool.104.active_time_s = 0.475639
stat.pool.103.util.mem_avg = 0.0144554
stat.pool.103.util.req_link_avg = 0.0539723
stat.pool.103.walltime_s = 197.513
stat.pool.103.active_time_s = 0.493605
stat.pool.102.util.mem_avg = 0.0144554
stat.pool.102.util.req_link_avg = 0.0539723
stat.pool.102.walltime_s = 197.513
stat.pool.102.active_time_s = 0.498944
stat.pool.101.util.mem_avg = 0.0144581
stat.pool.101.util.req_link_avg = 0.0539744
stat.pool.101.walltime_s = 197.513
stat.pool.101.active_time_s = 0.47179
stat.pool.100.util.mem_avg = 0.0144581
stat.pool.100.util.req_link_avg = 0.0539744
stat.pool.100.walltime_s = 197.513
stat.pool.100.active_time_s = 0.574294
stat.switch.replicated_messages = 17424
stat.switch.util.node_ingress_avg = 0.00999521
stat.switch.util.pool_ingress_avg = 0.0415761
stat.switch.bw.host_to_switch_gbps = 0.491314
stat.switch.bw.switch_to_host_gbps = 1.53266
stat.switch.bw.host_link_total_gbps = 2.02397
stat.switch.walltime_s = 197.513
stat.switch.active_time_s = 3.12542
Simulation is complete, simulated time: 620.677 us
