stat.node.6.cpu.0.retired = 768
stat.node.6.cpu.0.cycles = 1000000
stat.node.7.cpu.0.retired = 768
stat.node.7.cpu.0.cycles = 1000000
stat.node.0.cpu.0.retired = 768
stat.node.0.cpu.0.cycles = 1000000
stat.node.1.cpu.0.retired = 767
stat.node.1.cpu.0.cycles = 1000000
stat.node.2.cpu.0.retired = 767
stat.node.2.cpu.0.cycles = 1000000
stat.node.3.cpu.0.retired = 768
stat.node.3.cpu.0.cycles = 1000000
stat.node.4.cpu.0.retired = 761
stat.node.4.cpu.0.cycles = 1000000
stat.node.5.cpu.0.retired = 768
stat.node.5.cpu.0.cycles = 1000000
stat.node.3.cpu.0.load_issue_to_complete_count = 799
stat.node.3.cpu.0.avg_load_issue_to_complete_lat = 997.447
stat.node.3.injector.phase_cycles = 798834
stat.node.3.injector.request_bytes = 108136
stat.node.3.injector.response_bytes = 458048
stat.node.3.injector.aggregate_bytes = 566184
stat.node.3.injector.request_gbps = 2.59905
stat.node.3.injector.response_gbps = 11.0092
stat.node.3.injector.aggregate_gbps = 13.6083
stat.node.3.llc.cxl_miss = 800
stat.node.3.llc.total_miss = 800
stat.node.3.llc.avg_miss_lat = 822.606
stat.node.3.llc.avg_cxl_lat = 822.606
stat.node.3.llc.miss_lat_hist_bin_ns = 10
stat.node.3.llc.miss_lat_hist = [0,0,0,0,0,0,0,0,0,0,0,0,0,0,0,0,0,0,0,0,0,0,0,0,0,0,0,0,0,0,1,39,105,139,202,290,24]
stat.node.3.util.dram_avg = 1.31091e-05
stat.node.3.walltime_s = 212.973
stat.node.3.active_time_s = 28.6988
stat.node.6.cpu.0.load_issue_to_complete_count = 799
stat.node.6.cpu.0.avg_load_issue_to_complete_lat = 997.726
stat.node.6.injector.phase_cycles = 799062
stat.node.6.injector.request_bytes = 108152
stat.node.6.injector.response_bytes = 458176
stat.node.6.injector.aggregate_bytes = 566328
stat.node.6.injector.request_gbps = 2.59869
stat.node.6.injector.response_gbps = 11.0091
stat.node.6.injector.aggregate_gbps = 13.6078
stat.node.6.llc.cxl_miss = 800
stat.node.6.llc.total_miss = 800
stat.node.6.llc.avg_miss_lat = 822.763
stat.node.6.llc.avg_cxl_lat = 822.763
stat.node.6.llc.miss_lat_hist_bin_ns = 10
stat.node.6.llc.miss_lat_hist = [0,0,0,0,0,0,0,0,0,0,0,0,0,0,0,0,0,0,0,0,0,0,0,0,0,0,0,0,0,0,1,42,103,123,205,304,22]
stat.node.6.util.dram_avg = 1.31059e-05
stat.node.6.walltime_s = 212.982
stat.node.6.active_time_s = 23.695
stat.node.0.cpu.0.load_issue_to_complete_count = 799
stat.node.0.cpu.0.avg_load_issue_to_complete_lat = 997.721
stat.node.0.injector.phase_cycles = 799080
stat.node.0.injector.request_bytes = 108160
stat.node.0.injector.response_bytes = 458176
stat.node.0.injector.aggregate_bytes = 566336
stat.node.0.injector.request_gbps = 2.59883
stat.node.0.injector.response_gbps = 11.0089
stat.node.0.injector.aggregate_gbps = 13.6077
stat.node.0.llc.cxl_miss = 800
stat.node.0.llc.total_miss = 800
stat.node.0.llc.avg_miss_lat = 822.798
stat.node.0.llc.avg_cxl_lat = 822.798
stat.node.0.llc.miss_lat_hist_bin_ns = 10
stat.node.0.llc.miss_lat_hist = [0,0,0,0,0,0,0,0,0,0,0,0,0,0,0,0,0,0,0,0,0,0,0,0,0,0,0,0,0,0,3,39,110,113,210,309,16]
stat.node.0.util.dram_avg = 1.31018e-05
stat.node.0.walltime_s = 213.009
stat.node.0.active_time_s = 25.3405
stat.node.1.cpu.0.load_issue_to_complete_count = 799
stat.node.1.cpu.0.avg_load_issue_to_complete_lat = 997.971
stat.node.1.injector.phase_cycles = 799230
stat.node.1.injector.request_bytes = 108232
stat.node.1.injector.response_bytes = 458240
stat.node.1.injector.aggregate_bytes = 566472
stat.node.1.injector.request_gbps = 2.60007
stat.node.1.injector.response_gbps = 11.0084
stat.node.1.injector.aggregate_gbps = 13.6084
stat.node.1.llc.cxl_miss = 800
stat.node.1.llc.total_miss = 800
stat.node.1.llc.avg_miss_lat = 822.977
stat.node.1.llc.avg_cxl_lat = 822.977
stat.node.1.llc.miss_lat_hist_bin_ns = 10
stat.node.1.llc.miss_lat_hist = [0,0,0,0,0,0,0,0,0,0,0,0,0,0,0,0,0,0,0,0,0,0,0,0,0,0,0,0,0,0,3,30,97,155,207,285,22,1]
stat.node.1.util.dram_avg = 1.30979e-05
stat.node.1.walltime_s = 213.013
stat.node.1.active_time_s = 24.7918
stat.node.5.cpu.0.load_issue_to_complete_count = 799
stat.node.5.cpu.0.avg_load_issue_to_complete_lat = 999.509
stat.node.5.injector.phase_cycles = 800512
stat.node.5.injector.request_bytes = 108384
stat.node.5.injector.response_bytes = 459008
stat.node.5.injector.aggregate_bytes = 567392
stat.node.5.injector.request_gbps = 2.59955
stat.node.5.injector.response_gbps = 11.0091
stat.node.5.injector.aggregate_gbps = 13.6087
stat.node.5.llc.cxl_miss = 800
stat.node.5.llc.total_miss = 800
stat.node.5.llc.avg_miss_lat = 824.491
stat.node.5.llc.avg_cxl_lat = 824.491
stat.node.5.llc.miss_lat_hist_bin_ns = 10
stat.node.5.llc.miss_lat_hist = [0,0,0,0,0,0,0,0,0,0,0,0,0,0,0,0,0,0,0,0,0,0,0,0,0,0,0,0,0,0,1,44,107,80,218,334,16]
stat.node.5.util.dram_avg = 1.30946e-05
stat.node.5.walltime_s = 213.038
stat.node.5.active_time_s = 23.7425
stat.node.7.cpu.0.load_issue_to_complete_count = 799
stat.node.7.cpu.0.avg_load_issue_to_complete_lat = 999.916
stat.node.7.injector.phase_cycles = 800836
stat.node.7.injector.request_bytes = 108472
stat.node.7.injector.response_bytes = 459200
stat.node.7.injector.aggregate_bytes = 567672
stat.node.7.injector.request_gbps = 2.60061
stat.node.7.injector.response_gbps = 11.0093
stat.node.7.injector.aggregate_gbps = 13.6099
stat.node.7.llc.cxl_miss = 800
stat.node.7.llc.total_miss = 800
stat.node.7.llc.avg_miss_lat = 824.77
stat.node.7.llc.avg_cxl_lat = 824.77
stat.node.7.llc.miss_lat_hist_bin_ns = 10
stat.node.7.llc.miss_lat_hist = [0,0,0,0,0,0,0,0,0,0,0,0,0,0,0,0,0,0,0,0,0,0,0,0,0,0,0,0,0,0,3,53,76,121,175,356,16]
stat.node.7.util.dram_avg = 1.309e-05
stat.node.7.walltime_s = 213.067
stat.node.7.active_time_s = 27.7432
stat.node.2.cpu.0.load_issue_to_complete_count = 799
stat.node.2.cpu.0.avg_load_issue_to_complete_lat = 1000.6
stat.node.2.injector.phase_cycles = 801382
stat.node.2.injector.request_bytes = 108448
stat.node.2.injector.response_bytes = 459520
stat.node.2.injector.aggregate_bytes = 567968
stat.node.2.injector.request_gbps = 2.59826
stat.node.2.injector.response_gbps = 11.0095
stat.node.2.injector.aggregate_gbps = 13.6077
stat.node.2.llc.cxl_miss = 800
stat.node.2.llc.total_miss = 800
stat.node.2.llc.avg_miss_lat = 825.482
stat.node.2.llc.avg_cxl_lat = 825.482
stat.node.2.llc.miss_lat_hist_bin_ns = 10
stat.node.2.llc.miss_lat_hist = [0,0,0,0,0,0,0,0,0,0,0,0,0,0,0,0,0,0,0,0,0,0,0,0,0,0,0,0,0,0,1,48,85,102,199,340,25]
stat.node.2.util.dram_avg = 1.3078e-05
stat.node.2.walltime_s = 213.197
stat.node.2.active_time_s = 21.7519
stat.node.4.cpu.0.load_issue_to_complete_count = 799
stat.node.4.cpu.0.avg_load_issue_to_complete_lat = 1007.44
stat.node.4.injector.phase_cycles = 806865
stat.node.4.injector.request_bytes = 109288
stat.node.4.injector.response_bytes = 462656
stat.node.4.injector.aggregate_bytes = 571944
stat.node.4.injector.request_gbps = 2.6006
stat.node.4.injector.response_gbps = 11.0093
stat.node.4.injector.aggregate_gbps = 13.6099
stat.node.4.llc.cxl_miss = 800
stat.node.4.llc.total_miss = 800
stat.node.4.llc.avg_miss_lat = 832.305
stat.node.4.llc.avg_cxl_lat = 832.305
stat.node.4.llc.miss_lat_hist_bin_ns = 10
stat.node.4.llc.miss_lat_hist = [0,0,0,0,0,0,0,0,0,0,0,0,0,0,0,0,0,0,0,0,0,0,0,0,0,0,0,0,0,0,4,35,60,77,181,379,63,1]
stat.node.4.util.dram_avg = 1.29981e-05
stat.node.4.walltime_s = 214.245
stat.node.4.active_time_s = 29.2372
stat.pool.101.util.mem_avg = 0.191346
stat.pool.101.util.req_link_avg = 0.323603
stat.pool.101.walltime_s = 214.252
stat.pool.101.active_time_s = 0.824754
stat.pool.100.util.mem_avg = 0.191347
stat.pool.100.util.req_link_avg = 0.323605
stat.pool.100.walltime_s = 214.252
stat.pool.100.active_time_s = 0.921771
stat.switch.replicated_messages = 29392
stat.switch.util.node_ingress_avg = 0.0560356
stat.switch.util.pool_ingress_avg = 0.996777
stat.switch.bw.host_to_switch_gbps = 2.75478
stat.switch.bw.switch_to_host_gbps = 12.2484
stat.switch.bw.host_link_total_gbps = 15.0032
stat.switch.walltime_s = 214.252
stat.switch.active_time_s = 3.18025
Simulation is complete, simulated time: 769.96 us
