stat.node.1.cpu.0.retired = 731
stat.node.1.cpu.0.cycles = 1000000
stat.node.2.cpu.0.retired = 757
stat.node.2.cpu.0.cycles = 1000000
stat.node.3.cpu.0.retired = 732
stat.node.3.cpu.0.cycles = 1000000
stat.node.4.cpu.0.retired = 768
stat.node.4.cpu.0.cycles = 1000000
stat.node.5.cpu.0.retired = 749
stat.node.5.cpu.0.cycles = 1000000
stat.node.6.cpu.0.retired = 736
stat.node.6.cpu.0.cycles = 1000000
stat.node.7.cpu.0.retired = 757
stat.node.7.cpu.0.cycles = 1000000
stat.node.0.cpu.0.retired = 740
stat.node.0.cpu.0.cycles = 1000000
stat.node.4.cpu.0.load_issue_to_complete_count = 799
stat.node.4.cpu.0.avg_load_issue_to_complete_lat = 1026.62
stat.node.4.injector.phase_cycles = 822285
stat.node.4.injector.request_bytes = 259904
stat.node.4.injector.response_bytes = 0
stat.node.4.injector.aggregate_bytes = 259904
stat.node.4.injector.request_gbps = 6.06865
stat.node.4.injector.response_gbps = 0
stat.node.4.injector.aggregate_gbps = 6.06865
stat.node.4.llc.cxl_miss = 800
stat.node.4.llc.total_miss = 800
stat.node.4.llc.avg_miss_lat = 851.982
stat.node.4.llc.avg_cxl_lat = 851.982
stat.node.4.llc.miss_lat_hist_bin_ns = 10
stat.node.4.llc.miss_lat_hist = [0,0,0,0,0,0,0,0,0,0,0,0,0,0,0,0,0,0,0,0,0,0,0,0,0,0,0,0,0,0,0,307,114,8,0,0,0,2,52,201,109,6,1]
stat.node.4.util.dram_avg = 1.29388e-05
stat.node.4.walltime_s = 328.695
stat.node.4.active_time_s = 28.3763
stat.node.7.cpu.0.load_issue_to_complete_count = 799
stat.node.7.cpu.0.avg_load_issue_to_complete_lat = 1022.52
stat.node.7.injector.phase_cycles = 818987
stat.node.7.injector.request_bytes = 258880
stat.node.7.injector.response_bytes = 0
stat.node.7.injector.aggregate_bytes = 258880
stat.node.7.injector.request_gbps = 6.06908
stat.node.7.injector.response_gbps = 0
stat.node.7.injector.aggregate_gbps = 6.06908
stat.node.7.llc.cxl_miss = 800
stat.node.7.llc.total_miss = 800
stat.node.7.llc.avg_miss_lat = 847.312
stat.node.7.llc.avg_cxl_lat = 847.312
stat.node.7.llc.miss_lat_hist_bin_ns = 10
stat.node.7.llc.miss_lat_hist = [0,0,0,0,0,0,0,0,0,0,0,0,0,0,0,0,0,0,0,0,0,0,0,0,0,0,0,0,0,0,0,101,269,69,6,2,1,18,230,98,6]
stat.node.7.util.dram_avg = 1.28828e-05
stat.node.7.walltime_s = 328.838
stat.node.7.active_time_s = 31.0701
stat.node.5.cpu.0.load_issue_to_complete_count = 799
stat.node.5.cpu.0.avg_load_issue_to_complete_lat = 1029.96
stat.node.5.injector.phase_cycles = 824906
stat.node.5.injector.request_bytes = 260736
stat.node.5.injector.response_bytes = 0
stat.node.5.injector.aggregate_bytes = 260736
stat.node.5.injector.request_gbps = 6.06873
stat.node.5.injector.response_gbps = 0
stat.node.5.injector.aggregate_gbps = 6.06873
stat.node.5.llc.cxl_miss = 800
stat.node.5.llc.total_miss = 800
stat.node.5.llc.avg_miss_lat = 854.375
stat.node.5.llc.avg_cxl_lat = 854.375
stat.node.5.llc.miss_lat_hist_bin_ns = 10
stat.node.5.llc.miss_lat_hist = [0,0,0,0,0,0,0,0,0,0,0,0,0,0,0,0,0,0,0,0,0,0,0,0,0,0,0,0,0,0,0,39,26,270,85,0,7,251,108,13,1]
stat.node.5.util.dram_avg = 1.2773e-05
stat.node.5.walltime_s = 329.159
stat.node.5.active_time_s = 26.7528
stat.node.2.cpu.0.load_issue_to_complete_count = 799
stat.node.2.cpu.0.avg_load_issue_to_complete_lat = 1047.13
stat.node.2.injector.phase_cycles = 838669
stat.node.2.injector.request_bytes = 265088
stat.node.2.injector.response_bytes = 0
stat.node.2.injector.aggregate_bytes = 265088
stat.node.2.injector.request_gbps = 6.06877
stat.node.2.injector.response_gbps = 0
stat.node.2.injector.aggregate_gbps = 6.06877
stat.node.2.llc.cxl_miss = 800
stat.node.2.llc.total_miss = 800
stat.node.2.llc.avg_miss_lat = 872.52
stat.node.2.llc.avg_cxl_lat = 872.52
stat.node.2.llc.miss_lat_hist_bin_ns = 10
stat.node.2.llc.miss_lat_hist = [0,0,0,0,0,0,0,0,0,0,0,0,0,0,0,0,0,0,0,0,0,0,0,0,0,0,0,0,0,0,0,254,86,7,0,0,0,0,30,240,183]
stat.node.2.util.dram_avg = 1.27469e-05
stat.node.2.walltime_s = 329.238
stat.node.2.active_time_s = 32.0427
stat.node.0.cpu.0.load_issue_to_complete_count = 799
stat.node.0.cpu.0.avg_load_issue_to_complete_lat = 1032.69
stat.node.0.injector.phase_cycles = 827056
stat.node.0.injector.request_bytes = 261440
stat.node.0.injector.response_bytes = 0
stat.node.0.injector.aggregate_bytes = 261440
stat.node.0.injector.request_gbps = 6.0693
stat.node.0.injector.response_gbps = 0
stat.node.0.injector.aggregate_gbps = 6.0693
stat.node.0.llc.cxl_miss = 800
stat.node.0.llc.total_miss = 800
stat.node.0.llc.avg_miss_lat = 857.441
stat.node.0.llc.avg_cxl_lat = 857.441
stat.node.0.llc.miss_lat_hist_bin_ns = 10
stat.node.0.llc.miss_lat_hist = [0,0,0,0,0,0,0,0,0,0,0,0,0,0,0,0,0,0,0,0,0,0,0,0,0,0,0,0,0,0,0,17,24,11,308,47,248,118,10,13,4]
stat.node.0.util.dram_avg = 1.26806e-05
stat.node.0.walltime_s = 329.43
stat.node.0.active_time_s = 25.4594
stat.node.6.cpu.0.load_issue_to_complete_count = 799
stat.node.6.cpu.0.avg_load_issue_to_complete_lat = 1041.58
stat.node.6.injector.phase_cycles = 834138
stat.node.6.injector.request_bytes = 263616
stat.node.6.injector.response_bytes = 0
stat.node.6.injector.aggregate_bytes = 263616
stat.node.6.injector.request_gbps = 6.06785
stat.node.6.injector.response_gbps = 0
stat.node.6.injector.aggregate_gbps = 6.06785
stat.node.6.llc.cxl_miss = 800
stat.node.6.llc.total_miss = 800
stat.node.6.llc.avg_miss_lat = 865.985
stat.node.6.llc.avg_cxl_lat = 865.985
stat.node.6.llc.miss_lat_hist_bin_ns = 10
stat.node.6.llc.miss_lat_hist = [0,0,0,0,0,0,0,0,0,0,0,0,0,0,0,0,0,0,0,0,0,0,0,0,0,0,0,0,0,0,0,1,16,16,12,460,188,41,30,30,5,1]
stat.node.6.util.dram_avg = 1.25964e-05
stat.node.6.walltime_s = 330.418
stat.node.6.active_time_s = 27.7561
stat.node.3.cpu.0.load_issue_to_complete_count = 799
stat.node.3.cpu.0.avg_load_issue_to_complete_lat = 1041.72
stat.node.3.injector.phase_cycles = 834219
stat.node.3.injector.request_bytes = 263680
stat.node.3.injector.response_bytes = 0
stat.node.3.injector.aggregate_bytes = 263680
stat.node.3.injector.request_gbps = 6.06874
stat.node.3.injector.response_gbps = 0
stat.node.3.injector.aggregate_gbps = 6.06874
stat.node.3.llc.cxl_miss = 800
stat.node.3.llc.total_miss = 800
stat.node.3.llc.avg_miss_lat = 865.926
stat.node.3.llc.avg_cxl_lat = 865.926
stat.node.3.llc.miss_lat_hist_bin_ns = 10
stat.node.3.llc.miss_lat_hist = [0,0,0,0,0,0,0,0,0,0,0,0,0,0,0,0,0,0,0,0,0,0,0,0,0,0,0,0,0,0,0,0,20,15,278,71,193,137,53,24,9]
stat.node.3.util.dram_avg = 1.25698e-05
stat.node.3.walltime_s = 330.835
stat.node.3.active_time_s = 28.1165
stat.node.1.cpu.0.load_issue_to_complete_count = 799
stat.node.1.cpu.0.avg_load_issue_to_complete_lat = 1041.56
stat.node.1.injector.phase_cycles = 834068
stat.node.1.injector.request_bytes = 263680
stat.node.1.injector.response_bytes = 0
stat.node.1.injector.aggregate_bytes = 263680
stat.node.1.injector.request_gbps = 6.06984
stat.node.1.injector.response_gbps = 0
stat.node.1.injector.aggregate_gbps = 6.06984
stat.node.1.llc.cxl_miss = 800
stat.node.1.llc.total_miss = 800
stat.node.1.llc.avg_miss_lat = 866.003
stat.node.1.llc.avg_cxl_lat = 866.003
stat.node.1.llc.miss_lat_hist_bin_ns = 10
stat.node.1.llc.miss_lat_hist = [0,0,0,0,0,0,0,0,0,0,0,0,0,0,0,0,0,0,0,0,0,0,0,0,0,0,0,0,0,0,0,0,9,272,70,37,26,201,141,33,10,1]
stat.node.1.util.dram_avg = 1.25655e-05
stat.pool.101.util.mem_avg = 0.173714
stat.pool.101.util.req_link_avg = 0.999737
stat.pool.101.walltime_s = 330.868
stat.pool.101.active_time_s = 0.867044
stat.pool.100.util.mem_avg = 0.173712
stat.pool.100.util.req_link_avg = 0.999737
stat.pool.100.walltime_s = 330.868
stat.pool.100.active_time_s = 0.973971
stat.switch.replicated_messages = 150910
stat.switch.util.node_ingress_avg = 0.126527
stat.switch.util.pool_ingress_avg = 0.0983263
stat.switch.bw.host_to_switch_gbps = 6.21984
stat.switch.bw.switch_to_host_gbps = 1.20822
stat.switch.bw.host_link_total_gbps = 7.42805
stat.switch.walltime_s = 330.868
stat.switch.active_time_s = 3.79984
stat.node.1.walltime_s = 330.884
stat.node.1.active_time_s = 26.6779
Simulation is complete, simulated time: 796.468 us
