stat.node.6.cpu.0.retired = 809
stat.node.6.cpu.0.cycles = 1000000
stat.node.7.cpu.0.retired = 809
stat.node.7.cpu.0.cycles = 1000000
stat.node.0.cpu.0.retired = 809
stat.node.0.cpu.0.cycles = 1000000
stat.node.1.cpu.0.retired = 809
stat.node.1.cpu.0.cycles = 1000000
stat.node.2.cpu.0.retired = 809
stat.node.2.cpu.0.cycles = 1000000
stat.node.3.cpu.0.retired = 809
stat.node.3.cpu.0.cycles = 1000000
stat.node.4.cpu.0.retired = 809
stat.node.4.cpu.0.cycles = 1000000
stat.node.5.cpu.0.retired = 809
stat.node.5.cpu.0.cycles = 1000000
stat.node.4.cpu.0.load_issue_to_complete_count = 799
stat.node.4.cpu.0.avg_load_issue_to_complete_lat = 940.678
stat.node.4.injector.phase_cycles = 753427
stat.node.4.injector.request_bytes = 243280
stat.node.4.injector.response_bytes = 59008
stat.node.4.injector.aggregate_bytes = 302288
stat.node.4.injector.request_gbps = 6.19964
stat.node.4.injector.response_gbps = 1.50373
stat.node.4.injector.aggregate_gbps = 7.70337
stat.node.4.llc.cxl_miss = 800
stat.node.4.llc.total_miss = 800
stat.node.4.llc.avg_miss_lat = 766.686
stat.node.4.llc.avg_cxl_lat = 766.686
stat.node.4.llc.miss_lat_hist_bin_ns = 10
stat.node.4.llc.miss_lat_hist = [0,0,0,0,0,0,0,0,0,0,0,0,0,0,0,0,0,0,0,0,0,0,0,0,0,0,0,0,0,0,0,334,466]
stat.node.4.util.dram_avg = 1.37599e-05
stat.node.4.walltime_s = 202.862
stat.node.4.active_time_s = 20.4662
stat.node.5.cpu.0.load_issue_to_complete_count = 799
stat.node.5.cpu.0.avg_load_issue_to_complete_lat = 940.677
stat.node.5.injector.phase_cycles = 753428
stat.node.5.injector.request_bytes = 243280
stat.node.5.injector.response_bytes = 59008
stat.node.5.injector.aggregate_bytes = 302288
stat.node.5.injector.request_gbps = 6.19963
stat.node.5.injector.response_gbps = 1.50373
stat.node.5.injector.aggregate_gbps = 7.70336
stat.node.5.llc.cxl_miss = 800
stat.node.5.llc.total_miss = 800
stat.node.6.cpu.0.load_issue_to_complete_count = 799
stat.node.6.cpu.0.avg_load_issue_to_complete_lat = 940.677
stat.node.6.injector.phase_cycles = 753426
stat.node.6.injector.request_bytes = 243280
stat.node.6.injector.response_bytes = 59008
stat.node.6.injector.aggregate_bytes = 302288
stat.node.6.injector.request_gbps = 6.19965
stat.node.6.injector.response_gbps = 1.50374
stat.node.6.injector.aggregate_gbps = 7.70338
stat.node.6.llc.cxl_miss = 800
stat.node.6.llc.total_miss = 800
stat.node.6.llc.avg_miss_lat = 766.688
stat.node.6.llc.avg_cxl_lat = 766.688
stat.node.5.llc.avg_miss_lat = 766.692
stat.node.5.llc.avg_cxl_lat = 766.692
stat.node.6.llc.miss_lat_hist_bin_ns = 10
stat.node.5.llc.miss_lat_hist_bin_ns = 10
stat.node.5.llc.miss_lat_hist = [0,0,0,0,0,0,0,0,0,0,0,0,0,0,0,0,0,0,0,0,0,0,0,0,0,0,0,0,0,0,0,334,466]
stat.node.6.llc.miss_lat_hist = [0,0,0,0,0,0,0,0,0,0,0,0,0,0,0,0,0,0,0,0,0,0,0,0,0,0,0,0,0,0,0,334,466]
stat.node.6.util.dram_avg = 1.37599e-05
stat.node.6.walltime_s = 202.863
stat.node.5.util.dram_avg = 1.37599e-05
stat.node.5.walltime_s = 202.863
stat.node.6.active_time_s = 21.4281
stat.node.5.active_time_s = 24.6933
stat.node.0.cpu.0.load_issue_to_complete_count = 799
stat.node.0.cpu.0.avg_load_issue_to_complete_lat = 940.68
stat.node.0.injector.phase_cycles = 753428
stat.node.0.injector.request_bytes = 243280
stat.node.0.injector.response_bytes = 59008
stat.node.0.injector.aggregate_bytes = 302288
stat.node.0.injector.request_gbps = 6.19963
stat.node.0.injector.response_gbps = 1.50373
stat.node.0.injector.aggregate_gbps = 7.70336
stat.node.0.llc.cxl_miss = 800
stat.node.0.llc.total_miss = 800
stat.node.0.llc.avg_miss_lat = 766.692
stat.node.0.llc.avg_cxl_lat = 766.692
stat.node.0.llc.miss_lat_hist_bin_ns = 10
stat.node.1.cpu.0.load_issue_to_complete_count = 799
stat.node.1.cpu.0.avg_load_issue_to_complete_lat = 940.677
stat.node.1.injector.phase_cycles = 753426
stat.node.1.injector.request_bytes = 243280
stat.node.1.injector.response_bytes = 59008
stat.node.1.injector.aggregate_bytes = 302288
stat.node.1.injector.request_gbps = 6.19965
stat.node.1.injector.response_gbps = 1.50374
stat.node.1.injector.aggregate_gbps = 7.70338
stat.node.1.llc.cxl_miss = 800
stat.node.1.llc.total_miss = 800
stat.node.1.llc.avg_miss_lat = 766.685
stat.node.1.llc.avg_cxl_lat = 766.685
stat.node.1.llc.miss_lat_hist_bin_ns = 10
stat.node.7.cpu.0.load_issue_to_complete_count = 799
stat.node.1.llc.miss_lat_hist = [0,0,0,0,0,0,0,0,0,0,0,0,0,0,0,0,0,0,0,0,0,0,0,0,0,0,0,0,0,0,0,334,466]
stat.node.1.util.dram_avg = 1.37597e-05
stat.node.0.llc.miss_lat_hist = [0,0,0,0,0,0,0,0,0,0,0,0,0,0,0,0,0,0,0,0,0,0,0,0,0,0,0,0,0,0,0,334,466]
stat.node.0.util.dram_avg = 1.37597e-05
stat.node.0.walltime_s = 202.864
stat.node.0.active_time_s = 23.2456
stat.node.1.walltime_s = 202.864
stat.node.1.active_time_s = 27.7632
stat.node.7.cpu.0.avg_load_issue_to_complete_lat = 940.676
stat.node.7.injector.phase_cycles = 753427
stat.node.7.injector.request_bytes = 243280
stat.node.7.injector.response_bytes = 59008
stat.node.7.injector.aggregate_bytes = 302288
stat.node.7.injector.request_gbps = 6.19964
stat.node.7.injector.response_gbps = 1.50373
stat.node.7.injector.aggregate_gbps = 7.70337
stat.node.7.llc.cxl_miss = 800
stat.node.7.llc.total_miss = 800
stat.node.7.llc.avg_miss_lat = 766.689
stat.node.7.llc.avg_cxl_lat = 766.689
stat.node.7.llc.miss_lat_hist_bin_ns = 10
stat.node.7.llc.miss_lat_hist = [0,0,0,0,0,0,0,0,0,0,0,0,0,0,0,0,0,0,0,0,0,0,0,0,0,0,0,0,0,0,0,334,466]
stat.node.7.util.dram_avg = 1.37597e-05
stat.node.7.walltime_s = 202.864
stat.node.7.active_time_s = 27.2984
stat.node.2.cpu.0.load_issue_to_complete_count = 799
stat.node.2.cpu.0.avg_load_issue_to_complete_lat = 940.678
stat.node.2.injector.phase_cycles = 753427
stat.node.2.injector.request_bytes = 243280
stat.node.2.injector.response_bytes = 59008
stat.node.2.injector.aggregate_bytes = 302288
stat.node.2.injector.request_gbps = 6.19964
stat.node.2.injector.response_gbps = 1.50373
stat.node.2.injector.aggregate_gbps = 7.70337
stat.node.2.llc.cxl_miss = 800
stat.node.2.llc.total_miss = 800
stat.node.2.llc.avg_miss_lat = 766.691
stat.node.2.llc.avg_cxl_lat = 766.691
stat.node.2.llc.miss_lat_hist_bin_ns = 10
stat.node.2.llc.miss_lat_hist = [0,0,0,0,0,0,0,0,0,0,0,0,0,0,0,0,0,0,0,0,0,0,0,0,0,0,0,0,0,0,0,334,466]
stat.node.2.util.dram_avg = 1.37595e-05
stat.node.2.walltime_s = 202.865
stat.node.2.active_time_s = 27.5978
stat.node.3.cpu.0.load_issue_to_complete_count = 799
stat.node.3.cpu.0.avg_load_issue_to_complete_lat = 940.677
stat.node.3.injector.phase_cycles = 753428
stat.pool.102.util.mem_avg = 0.180886
stat.pool.102.util.req_link_avg = 0.997247
stat.pool.102.walltime_s = 202.865
stat.pool.102.active_time_s = 0.906381
stat.pool.101.util.mem_avg = 0.180888
stat.pool.101.util.req_link_avg = 0.997247
stat.pool.101.walltime_s = 202.865
stat.pool.101.active_time_s = 0.689219
stat.pool.100.util.mem_avg = 0.180888
stat.pool.100.util.req_link_avg = 0.997248
stat.node.3.injector.request_bytes = 243280
stat.node.3.injector.response_bytes = 59008
stat.node.3.injector.aggregate_bytes = 302288
stat.node.3.injector.request_gbps = 6.19963
stat.node.3.injector.response_gbps = 1.50373
stat.node.3.injector.aggregate_gbps = 7.70336
stat.node.3.llc.cxl_miss = 800
stat.node.3.llc.total_miss = 800
stat.node.3.llc.avg_miss_lat = 766.69
stat.node.3.llc.avg_cxl_lat = 766.69
stat.node.3.llc.miss_lat_hist_bin_ns = 10
stat.node.3.llc.miss_lat_hist = [0,0,0,0,0,0,0,0,0,0,0,0,0,0,0,0,0,0,0,0,0,0,0,0,0,0,0,0,0,0,0,334,466]
stat.node.3.util.dram_avg = 1.37595e-05
stat.node.3.walltime_s = 202.865
stat.node.3.active_time_s = 26.0979
stat.pool.100.walltime_s = 202.866
stat.pool.100.active_time_s = 0.730086
stat.switch.replicated_messages = 204768
stat.switch.util.node_ingress_avg = 0.129438
stat.switch.util.pool_ingress_avg = 0.152425
stat.switch.bw.host_to_switch_gbps = 6.36268
stat.switch.bw.switch_to_host_gbps = 2.80949
stat.switch.bw.host_link_total_gbps = 9.17217
stat.switch.walltime_s = 202.866
stat.switch.active_time_s = 3.72406
Simulation is complete, simulated time: 727.352 us
