stat.node.0.cpu.0.retired = 880
stat.node.0.cpu.0.cycles = 1000000
stat.node.1.cpu.0.retired = 880
stat.node.1.cpu.0.cycles = 1000000
stat.node.2.cpu.0.retired = 880
stat.node.2.cpu.0.cycles = 1000000
stat.node.3.cpu.0.retired = 880
stat.node.3.cpu.0.cycles = 1000000
stat.node.4.cpu.0.retired = 880
stat.node.4.cpu.0.cycles = 1000000
stat.node.5.cpu.0.retired = 880
stat.node.5.cpu.0.cycles = 1000000
stat.node.6.cpu.0.retired = 880
stat.node.6.cpu.0.cycles = 1000000
stat.node.7.cpu.0.retired = 880
stat.node.7.cpu.0.cycles = 1000000
stat.node.0.cpu.0.load_issue_to_complete_count = 799
stat.node.0.cpu.0.avg_load_issue_to_complete_lat = 874.927
stat.node.0.injector.phase_cycles = 700842
stat.node.0.injector.request_bytes = 189616
stat.node.0.injector.response_bytes = 46016
stat.node.0.injector.aggregate_bytes = 235632
stat.node.0.injector.request_gbps = 5.19465
stat.node.0.injector.response_gbps = 1.26064
stat.node.0.injector.aggregate_gbps = 6.45528
stat.node.0.llc.cxl_miss = 800
stat.node.0.llc.total_miss = 800
stat.node.0.llc.avg_miss_lat = 702.342
stat.node.0.llc.avg_cxl_lat = 702.342
stat.node.0.llc.miss_lat_hist_bin_ns = 10
stat.node.6.cpu.0.load_issue_to_complete_count = 799
stat.node.6.cpu.0.avg_load_issue_to_complete_lat = 874.927
stat.node.6.injector.phase_cycles = 700842
stat.node.7.cpu.0.load_issue_to_complete_count = 799
stat.node.7.cpu.0.avg_load_issue_to_complete_lat = 874.927
stat.node.4.cpu.0.load_issue_to_complete_count = 799
stat.node.4.cpu.0.avg_load_issue_to_complete_lat = 874.927
stat.node.4.injector.phase_cycles = 700842
stat.node.4.injector.request_bytes = 189616
stat.node.4.injector.response_bytes = 46016
stat.node.4.injector.aggregate_bytes = 235632
stat.node.4.injector.request_gbps = 5.19465
stat.node.4.injector.response_gbps = 1.26064
stat.node.4.injector.aggregate_gbps = 6.45528
stat.node.4.llc.cxl_miss = 800
stat.node.4.llc.total_miss = 800
stat.node.4.llc.avg_miss_lat = 702.342
stat.node.4.llc.avg_cxl_lat = 702.342
stat.node.4.llc.miss_lat_hist_bin_ns = 10
stat.node.5.cpu.0.load_issue_to_complete_count = 799
stat.node.5.cpu.0.avg_load_issue_to_complete_lat = 874.927
stat.node.5.injector.phase_cycles = 700842
stat.node.0.llc.miss_lat_hist = [0,0,0,0,0,0,0,0,0,0,0,0,0,0,0,0,0,0,0,0,0,0,0,0,0,0,0,0,360,167,273]
stat.node.0.util.dram_avg = 1.47382e-05
stat.node.0.walltime_s = 117.496
stat.node.0.active_time_s = 22.4957
stat.node.6.injector.request_bytes = 189616
stat.node.6.injector.response_bytes = 46016
stat.node.6.injector.aggregate_bytes = 235632
stat.node.6.injector.request_gbps = 5.19465
stat.node.6.injector.response_gbps = 1.26064
stat.node.6.injector.aggregate_gbps = 6.45528
stat.node.6.llc.cxl_miss = 800
stat.node.6.llc.total_miss = 800
stat.node.6.llc.avg_miss_lat = 702.342
stat.node.7.injector.phase_cycles = 700842
stat.node.7.injector.request_bytes = 189616
stat.node.7.injector.response_bytes = 46016
stat.node.7.injector.aggregate_bytes = 235632
stat.node.7.injector.request_gbps = 5.19465
stat.node.7.injector.response_gbps = 1.26064
stat.node.7.injector.aggregate_gbps = 6.45528
stat.node.7.llc.cxl_miss = 800
stat.node.7.llc.total_miss = 800
stat.node.7.llc.avg_miss_lat = 702.342
stat.node.7.llc.avg_cxl_lat = 702.342
stat.node.7.llc.miss_lat_hist_bin_ns = 10
stat.node.7.llc.miss_lat_hist = [0,0,0,0,0,0,0,0,0,0,0,0,0,0,0,0,0,0,0,0,0,0,0,0,0,0,0,0,360,167,273]
stat.node.7.util.dram_avg = 1.47382e-05
stat.node.7.walltime_s = 117.492
stat.node.4.llc.miss_lat_hist = [0,0,0,0,0,0,0,0,0,0,0,0,0,0,0,0,0,0,0,0,0,0,0,0,0,0,0,0,360,167,273]
stat.node.4.util.dram_avg = 1.47382e-05
stat.node.4.walltime_s = 117.496
stat.node.4.active_time_s = 22.9107
stat.node.6.llc.avg_cxl_lat = 702.342
stat.node.6.llc.miss_lat_hist_bin_ns = 10
stat.node.7.active_time_s = 18.5418
stat.node.6.llc.miss_lat_hist = [0,0,0,0,0,0,0,0,0,0,0,0,0,0,0,0,0,0,0,0,0,0,0,0,0,0,0,0,360,167,273]
stat.node.6.util.dram_avg = 1.47382e-05
stat.node.6.walltime_s = 117.496
stat.node.6.active_time_s = 19.3726
stat.node.5.injector.request_bytes = 189616
stat.node.5.injector.response_bytes = 46016
stat.node.5.injector.aggregate_bytes = 235632
stat.node.5.injector.request_gbps = 5.19465
stat.node.5.injector.response_gbps = 1.26064
stat.node.5.injector.aggregate_gbps = 6.45528
stat.node.5.llc.cxl_miss = 800
stat.node.5.llc.total_miss = 800
stat.node.5.llc.avg_miss_lat = 702.342
stat.node.5.llc.avg_cxl_lat = 702.342
stat.node.5.llc.miss_lat_hist_bin_ns = 10
stat.node.5.llc.miss_lat_hist = [0,0,0,0,0,0,0,0,0,0,0,0,0,0,0,0,0,0,0,0,0,0,0,0,0,0,0,0,360,167,273]
stat.node.5.util.dram_avg = 1.47382e-05
stat.node.5.walltime_s = 117.508
stat.node.5.active_time_s = 26.0054
stat.node.2.cpu.0.load_issue_to_complete_count = 799
stat.node.2.cpu.0.avg_load_issue_to_complete_lat = 874.927
stat.node.2.injector.phase_cycles = 700842
stat.node.2.injector.request_bytes = 189616
stat.node.2.injector.response_bytes = 46016
stat.node.2.injector.aggregate_bytes = 235632
stat.node.2.injector.request_gbps = 5.19465
stat.node.2.injector.response_gbps = 1.26064
stat.node.2.injector.aggregate_gbps = 6.45528
stat.node.2.llc.cxl_miss = 800
stat.node.2.llc.total_miss = 800
stat.node.2.llc.avg_miss_lat = 702.342
stat.node.2.llc.avg_cxl_lat = 702.342
stat.node.2.llc.miss_lat_hist_bin_ns = 10
stat.node.2.llc.miss_lat_hist = [0,0,0,0,0,0,0,0,0,0,0,0,0,0,0,0,0,0,0,0,0,0,0,0,0,0,0,0,360,167,273]
stat.node.2.util.dram_avg = 1.4738e-05
stat.node.2.walltime_s = 117.509
stat.node.2.active_time_s = 20.4393
stat.node.1.cpu.0.load_issue_to_complete_count = 799
stat.node.3.cpu.0.load_issue_to_complete_count = 799
stat.node.3.cpu.0.avg_load_issue_to_complete_lat = 874.927
stat.node.3.injector.phase_cycles = 700842
stat.node.1.cpu.0.avg_load_issue_to_complete_lat = 874.927
stat.node.1.injector.phase_cycles = 700842
stat.node.1.injector.request_bytes = 189616
stat.node.1.injector.response_bytes = 46016
stat.node.1.injector.aggregate_bytes = 235632
stat.node.1.injector.request_gbps = 5.19465
stat.node.1.injector.response_gbps = 1.26064
stat.node.1.injector.aggregate_gbps = 6.45528
stat.node.1.llc.cxl_miss = 800
stat.node.1.llc.total_miss = 800
stat.node.1.llc.avg_miss_lat = 702.436
stat.node.1.llc.avg_cxl_lat = 702.436
stat.node.1.llc.miss_lat_hist_bin_ns = 10
stat.node.1.llc.miss_lat_hist = [0,0,0,0,0,0,0,0,0,0,0,0,0,0,0,0,0,0,0,0,0,0,0,0,0,0,0,32,312,177,261,18]
stat.node.1.util.dram_avg = 1.4738e-05
stat.node.1.walltime_s = 117.509
stat.node.1.active_time_s = 18.3649
stat.node.3.injector.request_bytes = 189616
stat.node.3.injector.response_bytes = 46016
stat.node.3.injector.aggregate_bytes = 235632
stat.node.3.injector.request_gbps = 5.19465
stat.node.3.injector.response_gbps = 1.26064
stat.node.3.injector.aggregate_gbps = 6.45528
stat.node.3.llc.cxl_miss = 800
stat.node.3.llc.total_miss = 800
stat.node.3.llc.avg_miss_lat = 702.342
stat.node.3.llc.avg_cxl_lat = 702.342
stat.node.3.llc.miss_lat_hist_bin_ns = 10
stat.node.3.llc.miss_lat_hist = [0,0,0,0,0,0,0,0,0,0,0,0,0,0,0,0,0,0,0,0,0,0,0,0,0,0,0,3,361,162,268,6]
stat.node.3.util.dram_avg = 1.4738e-05
stat.node.3.walltime_s = 117.509
stat.node.3.active_time_s = 23.2938
stat.pool.104.util.mem_avg = 0.144978
stat.pool.104.util.req_link_avg = 0.830443
stat.pool.104.walltime_s = 117.505
stat.pool.104.active_time_s = 0.478761
stat.pool.103.util.mem_avg = 0.144978
stat.pool.103.util.req_link_avg = 0.830443
stat.pool.103.walltime_s = 117.505
stat.pool.103.active_time_s = 0.481853
stat.pool.102.util.mem_avg = 0.144978
stat.pool.102.util.req_link_avg = 0.830443
stat.pool.102.walltime_s = 117.505
stat.pool.102.active_time_s = 0.502722
stat.pool.101.util.mem_avg = 0.14498
stat.pool.101.util.req_link_avg = 0.830444
stat.pool.101.walltime_s = 117.505
stat.pool.101.active_time_s = 0.499827
stat.pool.100.util.mem_avg = 0.14498
stat.pool.100.util.req_link_avg = 0.830444
stat.pool.100.walltime_s = 117.505
stat.pool.100.active_time_s = 0.546949
stat.switch.replicated_messages = 266965
stat.switch.util.node_ingress_avg = 0.10923
stat.switch.util.pool_ingress_avg = 0.0865611
stat.switch.bw.host_to_switch_gbps = 5.36925
stat.switch.bw.switch_to_host_gbps = 2.65916
stat.switch.bw.host_link_total_gbps = 8.0284
stat.switch.walltime_s = 117.505
stat.switch.active_time_s = 2.75621
Simulation is complete, simulated time: 679.061 us
