stat.node.0.cpu.0.retired = 541
stat.node.0.cpu.0.cycles = 1000000
stat.node.1.cpu.0.retired = 547
stat.node.1.cpu.0.cycles = 1000000
stat.node.2.cpu.0.retired = 550
stat.node.2.cpu.0.cycles = 1000000
stat.node.3.cpu.0.retired = 544
stat.node.3.cpu.0.cycles = 1000000
stat.node.4.cpu.0.retired = 538
stat.node.4.cpu.0.cycles = 1000000
stat.node.5.cpu.0.retired = 538
stat.node.5.cpu.0.cycles = 1000000
stat.node.6.cpu.0.retired = 551
stat.node.6.cpu.0.cycles = 1000000
stat.node.7.cpu.0.retired = 542
stat.node.7.cpu.0.cycles = 1000000
stat.node.4.cpu.0.retired = 1115
stat.node.4.cpu.0.cycles = 2000000
stat.node.5.cpu.0.retired = 1121
stat.node.5.cpu.0.cycles = 2000000
stat.node.6.cpu.0.retired = 1156
stat.node.6.cpu.0.cycles = 2000000
stat.node.7.cpu.0.retired = 1144
stat.node.7.cpu.0.cycles = 2000000
stat.node.0.cpu.0.retired = 1111
stat.node.0.cpu.0.cycles = 2000000
stat.node.1.cpu.0.retired = 1150
stat.node.1.cpu.0.cycles = 2000000
stat.node.2.cpu.0.retired = 1123
stat.node.2.cpu.0.cycles = 2000000
stat.node.3.cpu.0.retired = 1096
stat.node.3.cpu.0.cycles = 2000000
stat.node.1.cpu.0.load_issue_to_complete_count = 799
stat.node.1.cpu.0.avg_load_issue_to_complete_lat = 1676.71
stat.node.1.injector.phase_cycles = 1342447
stat.node.1.injector.request_bytes = 440552
stat.node.1.injector.response_bytes = 106752
stat.node.1.injector.aggregate_bytes = 547304
stat.node.1.injector.request_gbps = 6.30088
stat.node.1.injector.response_gbps = 1.52679
stat.node.1.injector.aggregate_gbps = 7.82767
stat.node.1.llc.cxl_miss = 800
stat.node.1.llc.total_miss = 800
stat.node.1.llc.avg_miss_lat = 1491.32
stat.node.1.llc.avg_cxl_lat = 1491.32
stat.node.1.llc.miss_lat_hist_bin_ns = 10
stat.node.1.llc.miss_lat_hist = [0,0,0,0,0,0,0,0,0,0,0,0,0,0,0,0,0,0,0,0,0,0,0,0,0,0,0,0,0,0,0,0,0,0,0,0,0,0,0,0,0,3,24,26,25,18,23,34,31,38,28,24,17,32,20,26,26,14,18,13,15,16,20,13,8,19,15,9,10,14,16,15,14,10,7,16,8,5,5,9,9,5,10,6,5,6,2,6,11,3,3,3,3,4,1,4,3,1,2,5,2,1,0,0,1,3,1,2,1,1,2,1,1,0,1,0,1,1,0,0,1,0,1,0,0,0,0,0,0,0,0,0,0,0,0,0,0,0,0,0,1,1,0,1]
stat.node.1.util.dram_avg = 8.71513e-06
stat.node.1.walltime_s = 41.597
stat.node.1.active_time_s = 16.913
stat.node.6.cpu.0.load_issue_to_complete_count = 799
stat.node.6.cpu.0.avg_load_issue_to_complete_lat = 1719.55
stat.node.6.injector.phase_cycles = 1376512
stat.node.6.injector.request_bytes = 451768
stat.node.6.injector.response_bytes = 109440
stat.node.6.injector.aggregate_bytes = 561208
stat.node.6.injector.request_gbps = 6.30139
stat.node.6.injector.response_gbps = 1.5265
stat.node.6.injector.aggregate_gbps = 7.8279
stat.node.6.llc.cxl_miss = 800
stat.node.6.llc.total_miss = 800
stat.node.6.llc.avg_miss_lat = 1534.79
stat.node.6.llc.avg_cxl_lat = 1534.79
stat.node.6.llc.miss_lat_hist_bin_ns = 10
stat.node.6.llc.miss_lat_hist = [0,0,0,0,0,0,0,0,0,0,0,0,0,0,0,0,0,0,0,0,0,0,0,0,0,0,0,0,0,0,0,0,0,0,0,0,0,0,0,0,0,3,25,36,26,29,14,24,28,29,21,25,22,14,25,18,18,27,23,20,13,19,15,19,12,10,9,13,13,15,10,10,9,15,11,8,6,8,9,6,6,11,4,3,6,5,10,5,12,3,4,3,2,6,3,3,3,3,4,2,1,1,0,1,1,3,1,3,3,0,3,4,3,2,0,0,3,5,0,0,0,0,0,0,0,1,0,1,2,1,1,2,0,0,0,1,0,0,0,0,0,0,1,0,0,0,0,0,0,0,0,1]
stat.node.6.util.dram_avg = 8.61096e-06
stat.node.6.walltime_s = 42.106
stat.node.6.active_time_s = 28.0767
stat.node.2.cpu.0.load_issue_to_complete_count = 799
stat.node.2.cpu.0.avg_load_issue_to_complete_lat = 1712.19
stat.node.2.injector.phase_cycles = 1370301
stat.node.2.injector.request_bytes = 449664
stat.node.2.injector.response_bytes = 108992
stat.node.2.injector.aggregate_bytes = 558656
stat.node.2.injector.request_gbps = 6.30048
stat.node.2.injector.response_gbps = 1.52714
stat.node.2.injector.aggregate_gbps = 7.82762
stat.node.2.llc.cxl_miss = 800
stat.node.2.llc.total_miss = 800
stat.node.2.llc.avg_miss_lat = 1526.14
stat.node.2.llc.avg_cxl_lat = 1526.14
stat.node.2.llc.miss_lat_hist_bin_ns = 10
stat.node.2.llc.miss_lat_hist = [0,0,0,0,0,0,0,0,0,0,0,0,0,0,0,0,0,0,0,0,0,0,0,0,0,0,0,0,0,0,0,0,0,0,0,0,0,0,0,0,0,2,23,39,27,25,25,26,30,35,27,27,23,26,20,20,18,17,12,20,19,9,10,8,13,9,15,7,15,12,10,9,14,5,10,5,15,14,5,5,13,5,7,5,11,9,6,7,6,5,5,2,5,3,2,5,4,2,0,3,1,1,2,2,2,0,2,2,3,2,2,2,2,2,2,0,0,1,2,1,1,0,1,1,2,0,0,0,1,0,1,0,0,0,0,0,0,0,0,1,1,0,0,0,1,1,0,0,0,0,0,0,0,0,1,0,0,0,0,0,0,0,1]
stat.node.2.util.dram_avg = 8.55764e-06
stat.node.2.walltime_s = 42.3717
stat.node.2.active_time_s = 28.2659
stat.node.0.cpu.0.load_issue_to_complete_count = 799
stat.node.0.cpu.0.avg_load_issue_to_complete_lat = 1681.01
stat.node.0.injector.phase_cycles = 1345511
stat.node.0.injector.request_bytes = 441544
stat.node.0.injector.response_bytes = 106880
stat.node.0.injector.aggregate_bytes = 548424
stat.node.0.injector.request_gbps = 6.30069
stat.node.0.injector.response_gbps = 1.52514
stat.node.0.injector.aggregate_gbps = 7.82583
stat.node.0.llc.cxl_miss = 800
stat.node.0.llc.total_miss = 800
stat.node.0.llc.avg_miss_lat = 1497.81
stat.node.0.llc.avg_cxl_lat = 1497.81
stat.node.0.llc.miss_lat_hist_bin_ns = 10
stat.node.0.llc.miss_lat_hist = [0,0,0,0,0,0,0,0,0,0,0,0,0,0,0,0,0,0,0,0,0,0,0,0,0,0,0,0,0,0,0,0,0,0,0,0,0,0,0,0,0,5,21,36,23,21,23,29,40,29,30,27,27,27,18,20,25,17,21,18,16,18,12,17,15,15,10,11,10,16,6,8,11,13,10,8,8,6,3,9,7,7,4,6,1,6,1,3,4,5,8,6,3,2,2,0,6,4,1,2,2,4,2,2,3,1,3,1,3,2,2,2,1,1,1,1,1,0,0,1,0,0,1,2,0,1,0,0,0,0,2,0,1,0,1,0,0,0,0,0,0,0,0,0,0,0,0,0,0,0,0,1,1]
stat.node.0.util.dram_avg = 8.55508e-06
stat.node.0.walltime_s = 42.3846
stat.node.0.active_time_s = 24.8777
stat.node.4.cpu.0.load_issue_to_complete_count = 799
stat.node.4.cpu.0.avg_load_issue_to_complete_lat = 1720.47
stat.node.4.injector.phase_cycles = 1377044
stat.node.4.injector.request_bytes = 451904
stat.node.4.injector.response_bytes = 109568
stat.node.4.injector.aggregate_bytes = 561472
stat.node.4.injector.request_gbps = 6.30086
stat.node.4.injector.response_gbps = 1.5277
stat.node.4.injector.aggregate_gbps = 7.82855
stat.node.4.llc.cxl_miss = 800
stat.node.4.llc.total_miss = 800
stat.node.4.llc.avg_miss_lat = 1534.25
stat.node.4.llc.avg_cxl_lat = 1534.25
stat.node.4.llc.miss_lat_hist_bin_ns = 10
stat.node.4.llc.miss_lat_hist = [0,0,0,0,0,0,0,0,0,0,0,0,0,0,0,0,0,0,0,0,0,0,0,0,0,0,0,0,0,0,0,0,0,0,0,0,0,0,0,0,0,4,14,43,26,22,21,21,14,29,32,19,20,24,25,22,16,16,21,22,22,16,19,12,17,15,14,14,11,15,7,15,16,9,9,3,9,7,20,8,5,8,5,6,9,8,6,3,2,7,2,2,1,3,6,3,5,2,6,0,1,3,1,5,0,0,1,2,2,3,1,1,4,2,1,0,0,0,1,1,1,1,1,3,0,0,0,0,1,0,0,0,0,1,0,0,0,1,1,0,0,1,1,0,0,1]
stat.node.4.util.dram_avg = 8.51107e-06
stat.node.4.walltime_s = 42.6054
stat.node.4.active_time_s = 19.0479
stat.node.5.cpu.0.load_issue_to_complete_count = 799
stat.node.5.cpu.0.avg_load_issue_to_complete_lat = 1750.99
stat.node.5.injector.phase_cycles = 1401446
stat.node.5.injector.request_bytes = 459888
stat.node.5.injector.response_bytes = 111552
stat.node.5.injector.aggregate_bytes = 571440
stat.node.5.injector.request_gbps = 6.30053
stat.node.5.injector.response_gbps = 1.52828
stat.node.5.injector.aggregate_gbps = 7.82881
stat.node.5.llc.cxl_miss = 800
stat.node.5.llc.total_miss = 800
stat.node.5.llc.avg_miss_lat = 1561.48
stat.node.5.llc.avg_cxl_lat = 1561.48
stat.node.5.llc.miss_lat_hist_bin_ns = 10
stat.node.5.llc.miss_lat_hist = [0,0,0,0,0,0,0,0,0,0,0,0,0,0,0,0,0,0,0,0,0,0,0,0,0,0,0,0,0,0,0,0,0,0,0,0,0,0,0,0,0,3,33,44,30,22,21,30,28,32,28,25,23,18,12,19,25,17,11,15,16,15,12,12,7,10,13,13,14,14,10,15,3,6,12,13,7,8,1,6,4,8,3,3,9,4,5,3,5,6,3,5,1,5,5,3,4,1,6,5,1,3,5,5,2,1,4,0,1,1,1,3,2,3,2,2,0,1,0,1,3,2,1,1,0,0,2,0,0,1,2,1,1,0,3,0,1,1,0,0,1,1,1,1,1,0,0,0,1,0,0,0,0,0,0,0,0,1,0,0,0,0,0,2,0,0,1,1,0,0,0,0,0,0,0,0,0,0,0,0,0,0,1]
stat.node.5.util.dram_avg = 8.39283e-06
stat.node.5.walltime_s = 43.212
stat.node.5.active_time_s = 26.3992
stat.node.3.cpu.0.load_issue_to_complete_count = 799
stat.node.3.cpu.0.avg_load_issue_to_complete_lat = 1731.7
stat.node.3.injector.phase_cycles = 1386368
stat.node.3.injector.request_bytes = 454936
stat.node.3.injector.response_bytes = 110336
stat.node.3.injector.aggregate_bytes = 565272
stat.node.3.injector.request_gbps = 6.30047
stat.node.3.injector.response_gbps = 1.52806
stat.node.3.injector.aggregate_gbps = 7.82853
stat.node.3.llc.cxl_miss = 800
stat.node.3.llc.total_miss = 800
stat.node.3.llc.avg_miss_lat = 1541.39
stat.node.3.llc.avg_cxl_lat = 1541.39
stat.node.3.llc.miss_lat_hist_bin_ns = 10
stat.node.3.llc.miss_lat_hist = [0,0,0,0,0,0,0,0,0,0,0,0,0,0,0,0,0,0,0,0,0,0,0,0,0,0,0,0,0,0,0,0,0,0,0,0,0,0,0,0,0,0,19,44,27,25,27,27,28,25,41,27,21,19,21,25,20,22,18,15,10,9,17,17,14,11,9,10,12,12,9,7,6,10,8,4,6,9,9,13,5,7,5,8,8,4,1,4,6,3,4,8,2,6,3,4,1,2,4,2,1,2,2,3,1,1,3,1,2,1,4,2,2,2,3,4,1,1,1,0,1,0,0,2,2,1,1,2,3,1,0,1,1,1,1,0,0,1,1,0,1,0,0,0,1,0,0,0,0,0,0,0,0,0,0,0,0,0,0,0,1,0,0,0,0,0,0,0,0,0,0,0,0,0,0,0,0,1]
stat.node.3.util.dram_avg = 8.39047e-06
stat.node.3.walltime_s = 43.2245
stat.node.3.active_time_s = 18.3289
stat.node.7.cpu.0.load_issue_to_complete_count = 799
stat.node.7.cpu.0.avg_load_issue_to_complete_lat = 1794.49
stat.node.7.injector.phase_cycles = 1436405
stat.node.7.injector.request_bytes = 471376
stat.node.7.injector.response_bytes = 114240
stat.node.7.injector.aggregate_bytes = 585616
stat.node.7.injector.request_gbps = 6.30074
stat.node.7.injector.response_gbps = 1.52701
stat.node.7.injector.aggregate_gbps = 7.82776
stat.node.7.llc.cxl_miss = 800
stat.node.7.llc.total_miss = 800
stat.node.7.llc.avg_miss_lat = 1611.18
stat.node.7.llc.avg_cxl_lat = 1611.18
stat.node.7.llc.miss_lat_hist_bin_ns = 10
stat.node.7.llc.miss_lat_hist = [0,0,0,0,0,0,0,0,0,0,0,0,0,0,0,0,0,0,0,0,0,0,0,0,0,0,0,0,0,0,0,0,0,0,0,0,0,0,0,0,0,4,15,33,27,17,17,19,22,25,31,25,20,15,19,24,22,17,24,15,22,10,21,18,12,9,12,9,7,12,9,8,15,5,10,11,10,7,5,14,6,6,7,7,5,9,5,5,11,7,4,5,2,10,4,3,3,6,3,2,3,4,0,2,2,4,5,2,3,6,1,0,1,0,1,3,2,0,0,0,2,4,6,2,1,2,1,1,1,1,0,0,2,1,0,0,0,1,1,3,0,1,0,0,0,0,0,0,0,0,0,0,0,2,0,1,0,0,0,0,0,0,0,0,0,1]
stat.node.7.util.dram_avg = 8.3582e-06
stat.node.7.walltime_s = 43.3928
stat.node.7.active_time_s = 17.8265
stat.pool.107.util.mem_avg = 0.166609
stat.pool.107.util.req_link_avg = 0.999821
stat.pool.107.walltime_s = 43.3928
stat.pool.107.active_time_s = 0.468207
stat.pool.106.util.mem_avg = 0.166609
stat.pool.106.util.req_link_avg = 0.99982
stat.pool.106.walltime_s = 43.3928
stat.pool.106.active_time_s = 0.471079
stat.pool.105.util.mem_avg = 0.166609
stat.pool.105.util.req_link_avg = 0.99982
stat.pool.105.walltime_s = 43.3928
stat.pool.105.active_time_s = 0.479753
stat.pool.104.util.mem_avg = 0.16661
stat.pool.104.util.req_link_avg = 0.99982
stat.pool.104.walltime_s = 43.3929
stat.pool.104.active_time_s = 0.487794
stat.pool.103.util.mem_avg = 0.166609
stat.pool.103.util.req_link_avg = 0.999818
stat.pool.103.walltime_s = 43.3929
stat.pool.103.active_time_s = 0.488876
stat.pool.102.util.mem_avg = 0.16661
stat.pool.102.util.req_link_avg = 0.999821
stat.pool.102.walltime_s = 43.3929
stat.pool.102.active_time_s = 0.485469
stat.pool.101.util.mem_avg = 0.166609
stat.pool.101.util.req_link_avg = 0.999817
stat.pool.101.walltime_s = 43.3929
stat.pool.101.active_time_s = 0.486441
stat.pool.100.util.mem_avg = 0.166617
stat.pool.100.util.req_link_avg = 0.99982
stat.pool.100.walltime_s = 43.3929
stat.pool.100.active_time_s = 0.517955
stat.switch.replicated_messages = 913360
stat.switch.util.node_ingress_avg = 0.130224
stat.switch.util.pool_ingress_avg = 0.0474737
stat.switch.bw.host_to_switch_gbps = 6.4012
stat.switch.bw.switch_to_host_gbps = 2.33345
stat.switch.bw.host_link_total_gbps = 8.73465
stat.switch.walltime_s = 43.3929
stat.switch.active_time_s = 3.51026
Simulation is complete, simulated time: 1.19739 ms
