stat.node.1.cpu.0.retired = 758
stat.node.2.cpu.0.retired = 757
stat.node.2.cpu.0.cycles = 1000000
stat.node.3.cpu.0.retired = 757
stat.node.3.cpu.0.cycles = 1000000
stat.node.4.cpu.0.retired = 760
stat.node.4.cpu.0.cycles = 1000000
stat.node.5.cpu.0.retired = 759
stat.node.5.cpu.0.cycles = 1000000
stat.node.6.cpu.0.retired = 759
stat.node.6.cpu.0.cycles = 1000000
stat.node.7.cpu.0.retired = 759
stat.node.7.cpu.0.cycles = 1000000
stat.node.0.cpu.0.retired = 759
stat.node.0.cpu.0.cycles = 1000000
stat.node.1.cpu.0.cycles = 1000000
stat.node.4.cpu.0.load_issue_to_complete_count = 799
stat.node.4.cpu.0.avg_load_issue_to_complete_lat = 1010.7
stat.node.4.injector.phase_cycles = 809350
stat.node.4.injector.request_bytes = 25888
stat.node.4.injector.response_bytes = 207104
stat.node.4.injector.aggregate_bytes = 232992
stat.node.4.injector.request_gbps = 0.614134
stat.node.4.injector.response_gbps = 4.91307
stat.node.4.injector.aggregate_gbps = 5.52721
stat.node.4.llc.cxl_miss = 800
stat.node.4.llc.total_miss = 800
stat.node.4.llc.avg_miss_lat = 834.566
stat.node.4.llc.avg_cxl_lat = 834.566
stat.node.4.llc.miss_lat_hist_bin_ns = 10
stat.node.4.llc.miss_lat_hist = [0,0,0,0,0,0,0,0,0,0,0,0,0,0,0,0,0,0,0,0,0,0,0,0,0,0,0,0,0,0,28,199,115,50,41,32,48,60,113,114]
stat.node.4.util.dram_avg = 1.29662e-05
stat.node.4.walltime_s = 272.803
stat.node.4.active_time_s = 25.2243
stat.node.5.cpu.0.load_issue_to_complete_count = 799
stat.node.5.cpu.0.avg_load_issue_to_complete_lat = 1012.24
stat.node.5.injector.phase_cycles = 810600
stat.node.5.injector.request_bytes = 25928
stat.node.5.injector.response_bytes = 207424
stat.node.5.injector.aggregate_bytes = 233352
stat.node.5.injector.request_gbps = 0.614135
stat.node.5.injector.response_gbps = 4.91308
stat.node.5.injector.aggregate_gbps = 5.52721
stat.node.5.llc.cxl_miss = 800
stat.node.5.llc.total_miss = 800
stat.node.5.llc.avg_miss_lat = 836.004
stat.node.5.llc.avg_cxl_lat = 836.004
stat.node.5.llc.miss_lat_hist_bin_ns = 10
stat.node.5.llc.miss_lat_hist = [0,0,0,0,0,0,0,0,0,0,0,0,0,0,0,0,0,0,0,0,0,0,0,0,0,0,0,0,0,0,32,193,124,48,32,29,38,55,125,121,3]
stat.node.5.util.dram_avg = 1.29557e-05
stat.node.5.walltime_s = 272.921
stat.node.5.active_time_s = 27.883
stat.node.6.cpu.0.load_issue_to_complete_count = 799
stat.node.6.cpu.0.avg_load_issue_to_complete_lat = 1012.27
stat.node.6.injector.phase_cycles = 810600
stat.node.6.injector.request_bytes = 25928
stat.node.6.injector.response_bytes = 207424
stat.node.6.injector.aggregate_bytes = 233352
stat.node.6.injector.request_gbps = 0.614135
stat.node.6.injector.response_gbps = 4.91308
stat.node.6.injector.aggregate_gbps = 5.52721
stat.node.6.llc.cxl_miss = 800
stat.node.6.llc.total_miss = 800
stat.node.6.llc.avg_miss_lat = 836.129
stat.node.6.llc.avg_cxl_lat = 836.129
stat.node.6.llc.miss_lat_hist_bin_ns = 10
stat.node.6.llc.miss_lat_hist = [0,0,0,0,0,0,0,0,0,0,0,0,0,0,0,0,0,0,0,0,0,0,0,0,0,0,0,0,0,0,25,191,141,42,29,33,39,54,118,121,7]
stat.node.6.util.dram_avg = 1.2954e-05
stat.node.6.walltime_s = 272.926
stat.node.6.active_time_s = 30.7458
stat.node.7.cpu.0.load_issue_to_complete_count = 799
stat.node.7.cpu.0.avg_load_issue_to_complete_lat = 1014.14
stat.node.7.injector.phase_cycles = 812100
stat.node.7.injector.request_bytes = 25976
stat.node.7.injector.response_bytes = 207808
stat.node.7.injector.aggregate_bytes = 233784
stat.node.7.injector.request_gbps = 0.614135
stat.node.7.injector.response_gbps = 4.91308
stat.node.7.injector.aggregate_gbps = 5.52722
stat.node.7.llc.cxl_miss = 800
stat.node.7.llc.total_miss = 800
stat.node.7.llc.avg_miss_lat = 838.004
stat.node.7.llc.avg_cxl_lat = 838.004
stat.node.7.llc.miss_lat_hist_bin_ns = 10
stat.node.7.llc.miss_lat_hist = [0,0,0,0,0,0,0,0,0,0,0,0,0,0,0,0,0,0,0,0,0,0,0,0,0,0,0,0,0,0,29,183,123,54,36,30,42,40,133,126,4]
stat.node.7.util.dram_avg = 1.29418e-05
stat.node.7.walltime_s = 273.067
stat.node.7.active_time_s = 28.1808
stat.node.0.cpu.0.load_issue_to_complete_count = 799
stat.node.0.cpu.0.avg_load_issue_to_complete_lat = 1014.18
stat.node.0.injector.phase_cycles = 812125
stat.node.0.injector.request_bytes = 25984
stat.node.0.injector.response_bytes = 207808
stat.node.0.injector.aggregate_bytes = 233792
stat.node.0.injector.request_gbps = 0.614305
stat.node.0.injector.response_gbps = 4.91293
stat.node.0.injector.aggregate_gbps = 5.52724
stat.node.0.llc.cxl_miss = 800
stat.node.0.llc.total_miss = 800
stat.node.0.llc.avg_miss_lat = 837.566
stat.node.0.llc.avg_cxl_lat = 837.566
stat.node.0.llc.miss_lat_hist_bin_ns = 10
stat.node.0.llc.miss_lat_hist = [0,0,0,0,0,0,0,0,0,0,0,0,0,0,0,0,0,0,0,0,0,0,0,0,0,0,0,0,0,0,30,202,122,49,25,18,36,49,126,137,6]
stat.node.0.util.dram_avg = 1.29381e-05
stat.node.0.walltime_s = 273.093
stat.node.0.active_time_s = 24.7767
stat.node.1.cpu.0.load_issue_to_complete_count = 799
stat.node.1.cpu.0.avg_load_issue_to_complete_lat = 1014.14
stat.node.1.injector.phase_cycles = 812100
stat.node.1.injector.request_bytes = 25976
stat.node.1.injector.response_bytes = 207808
stat.node.1.injector.aggregate_bytes = 233784
stat.node.1.injector.request_gbps = 0.614135
stat.node.1.injector.response_gbps = 4.91308
stat.node.1.injector.aggregate_gbps = 5.52722
stat.node.1.llc.cxl_miss = 800
stat.node.1.llc.total_miss = 800
stat.node.1.llc.avg_miss_lat = 837.504
stat.node.1.llc.avg_cxl_lat = 837.504
stat.node.1.llc.miss_lat_hist_bin_ns = 10
stat.node.1.llc.miss_lat_hist = [0,0,0,0,0,0,0,0,0,0,0,0,0,0,0,0,0,0,0,0,0,0,0,0,0,0,0,0,0,0,27,228,92,48,28,34,37,37,108,150,11]
stat.node.1.util.dram_avg = 1.2933e-05
stat.node.1.walltime_s = 273.108
stat.node.1.active_time_s = 27.4995
stat.node.2.cpu.0.load_issue_to_complete_count = 799
stat.node.2.cpu.0.avg_load_issue_to_complete_lat = 1015.36
stat.node.2.injector.phase_cycles = 813075
stat.node.2.injector.request_bytes = 26008
stat.node.2.injector.response_bytes = 208064
stat.node.2.injector.aggregate_bytes = 234072
stat.node.2.injector.request_gbps = 0.614154
stat.node.2.injector.response_gbps = 4.91324
stat.node.2.injector.aggregate_gbps = 5.52739
stat.node.2.llc.cxl_miss = 800
stat.node.2.llc.total_miss = 800
stat.node.2.llc.avg_miss_lat = 838.847
stat.node.2.llc.avg_cxl_lat = 838.847
stat.node.2.llc.miss_lat_hist_bin_ns = 10
stat.node.2.llc.miss_lat_hist = [0,0,0,0,0,0,0,0,0,0,0,0,0,0,0,0,0,0,0,0,0,0,0,0,0,0,0,0,0,0,31,210,110,42,25,23,37,42,129,144,7]
stat.node.2.util.dram_avg = 1.29228e-05
stat.node.2.walltime_s = 273.164
stat.node.2.active_time_s = 24.833
stat.node.3.cpu.0.load_issue_to_complete_count = 799
stat.node.3.cpu.0.avg_load_issue_to_complete_lat = 1015.08
stat.node.3.injector.phase_cycles = 812850
stat.node.3.injector.request_bytes = 26000
stat.node.3.injector.response_bytes = 208000
stat.node.3.injector.aggregate_bytes = 234000
stat.node.3.injector.request_gbps = 0.614135
stat.node.3.injector.response_gbps = 4.91308
stat.node.3.injector.aggregate_gbps = 5.52722
stat.node.3.llc.cxl_miss = 800
stat.node.3.llc.total_miss = 800
stat.node.3.llc.avg_miss_lat = 838.441
stat.node.3.llc.avg_cxl_lat = 838.441
stat.node.3.llc.miss_lat_hist_bin_ns = 10
stat.node.3.llc.miss_lat_hist = [0,0,0,0,0,0,0,0,0,0,0,0,0,0,0,0,0,0,0,0,0,0,0,0,0,0,0,0,0,0,24,210,117,31,37,45,33,35,96,166,6]
stat.node.3.util.dram_avg = 1.29226e-05
stat.node.3.walltime_s = 273.165
stat.node.3.active_time_s = 28.4043
stat.pool.100.util.mem_avg = 0.159938
stat.pool.100.util.req_link_avg = 0.12496
stat.pool.100.walltime_s = 273.165
stat.pool.100.active_time_s = 1.11317
stat.switch.replicated_messages = 0
stat.switch.util.node_ingress_avg = 0.0156212
stat.switch.util.pool_ingress_avg = 0.999452
stat.switch.bw.host_to_switch_gbps = 0.767828
stat.switch.bw.switch_to_host_gbps = 6.14064
stat.switch.bw.host_link_total_gbps = 6.90847
stat.switch.walltime_s = 273.165
stat.switch.active_time_s = 3.2854
Simulation is complete, simulated time: 774.458 us
