stat.node.2.cpu.0.retired = 773
stat.node.2.cpu.0.cycles = 1000000
stat.node.3.cpu.0.retired = 805
stat.node.3.cpu.0.cycles = 1000000
stat.node.4.cpu.0.retired = 773
stat.node.4.cpu.0.cycles = 1000000
stat.node.5.cpu.0.retired = 801
stat.node.5.cpu.0.cycles = 1000000
stat.node.6.cpu.0.retired = 801
stat.node.6.cpu.0.cycles = 1000000
stat.node.7.cpu.0.retired = 785
stat.node.7.cpu.0.cycles = 1000000
stat.node.0.cpu.0.retired = 801
stat.node.0.cpu.0.cycles = 1000000
stat.node.1.cpu.0.retired = 804
stat.node.1.cpu.0.cycles = 1000000
stat.node.3.cpu.0.load_issue_to_complete_count = 799
stat.node.3.cpu.0.avg_load_issue_to_complete_lat = 967.399
stat.node.3.injector.phase_cycles = 774813
stat.node.3.injector.request_bytes = 278240
stat.node.3.injector.response_bytes = 351552
stat.node.3.injector.aggregate_bytes = 629792
stat.node.3.injector.request_gbps = 6.89484
stat.node.3.injector.response_gbps = 8.71152
stat.node.3.injector.aggregate_gbps = 15.6064
stat.node.3.llc.cxl_miss = 800
stat.node.3.llc.total_miss = 800
stat.node.3.llc.avg_miss_lat = 792.755
stat.node.3.llc.avg_cxl_lat = 792.755
stat.node.3.llc.miss_lat_hist_bin_ns = 10
stat.node.3.llc.miss_lat_hist = [0,0,0,0,0,0,0,0,0,0,0,0,0,0,0,0,0,0,0,0,0,0,0,0,0,0,0,6,2,25,11,10,193,428,125]
stat.node.3.util.dram_avg = 1.35681e-05
stat.node.3.walltime_s = 32.995
stat.node.3.active_time_s = 13.4463
stat.node.1.cpu.0.load_issue_to_complete_count = 799
stat.node.1.cpu.0.avg_load_issue_to_complete_lat = 967.896
stat.node.1.injector.phase_cycles = 775203
stat.node.1.injector.request_bytes = 278384
stat.node.1.injector.response_bytes = 351616
stat.node.1.injector.aggregate_bytes = 630000
stat.node.1.injector.request_gbps = 6.89493
stat.node.1.injector.response_gbps = 8.70872
stat.node.1.injector.aggregate_gbps = 15.6037
stat.node.1.llc.cxl_miss = 800
stat.node.1.llc.total_miss = 800
stat.node.1.llc.avg_miss_lat = 793.366
stat.node.1.llc.avg_cxl_lat = 793.366
stat.node.1.llc.miss_lat_hist_bin_ns = 10
stat.node.1.llc.miss_lat_hist = [0,0,0,0,0,0,0,0,0,0,0,0,0,0,0,0,0,0,0,0,0,0,0,0,0,0,0,7,8,12,9,14,147,518,85]
stat.node.1.util.dram_avg = 1.35538e-05
stat.node.1.walltime_s = 33.0346
stat.node.1.active_time_s = 19.6367
stat.node.6.cpu.0.load_issue_to_complete_count = 799
stat.node.6.cpu.0.avg_load_issue_to_complete_lat = 968.166
stat.node.6.injector.phase_cycles = 775419
stat.node.6.injector.request_bytes = 278464
stat.node.6.injector.response_bytes = 351744
stat.node.6.injector.aggregate_bytes = 630208
stat.node.6.injector.request_gbps = 6.89499
stat.node.6.injector.response_gbps = 8.70947
stat.node.6.injector.aggregate_gbps = 15.6045
stat.node.6.llc.cxl_miss = 800
stat.node.6.llc.total_miss = 800
stat.node.6.llc.avg_miss_lat = 793.739
stat.node.6.llc.avg_cxl_lat = 793.739
stat.node.6.llc.miss_lat_hist_bin_ns = 10
stat.node.6.llc.miss_lat_hist = [0,0,0,0,0,0,0,0,0,0,0,0,0,0,0,0,0,0,0,0,0,0,0,0,0,0,0,8,9,9,7,12,198,404,153]
stat.node.6.util.dram_avg = 1.35262e-05
stat.node.6.walltime_s = 33.1108
stat.node.6.active_time_s = 18.6827
stat.node.5.cpu.0.load_issue_to_complete_count = 799
stat.node.5.cpu.0.avg_load_issue_to_complete_lat = 968.956
stat.node.5.injector.phase_cycles = 776057
stat.node.5.injector.request_bytes = 278688
stat.node.5.injector.response_bytes = 352064
stat.node.5.injector.aggregate_bytes = 630752
stat.node.5.injector.request_gbps = 6.89487
stat.node.0.cpu.0.load_issue_to_complete_count = 799
stat.node.0.cpu.0.avg_load_issue_to_complete_lat = 968.956
stat.node.0.injector.phase_cycles = 776057
stat.node.0.injector.request_bytes = 278688
stat.node.0.injector.response_bytes = 352064
stat.node.0.injector.aggregate_bytes = 630752
stat.node.5.injector.response_gbps = 8.71022
stat.node.5.injector.aggregate_gbps = 15.6051
stat.node.5.llc.cxl_miss = 800
stat.node.5.llc.total_miss = 800
stat.node.5.llc.avg_miss_lat = 794.615
stat.node.5.llc.avg_cxl_lat = 794.615
stat.node.5.llc.miss_lat_hist_bin_ns = 10
stat.node.5.llc.miss_lat_hist = [0,0,0,0,0,0,0,0,0,0,0,0,0,0,0,0,0,0,0,0,0,0,0,0,0,0,0,14,4,0,0,17,166,484,115]
stat.node.5.util.dram_avg = 1.3523e-05
stat.node.0.injector.request_gbps = 6.89487
stat.node.0.injector.response_gbps = 8.71022
stat.node.0.injector.aggregate_gbps = 15.6051
stat.node.0.llc.cxl_miss = 800
stat.node.0.llc.total_miss = 800
stat.node.0.llc.avg_miss_lat = 794.398
stat.node.0.llc.avg_cxl_lat = 794.398
stat.node.0.llc.miss_lat_hist_bin_ns = 10
stat.node.0.llc.miss_lat_hist = [0,0,0,0,0,0,0,0,0,0,0,0,0,0,0,0,0,0,0,0,0,0,0,0,0,0,0,9,8,2,6,11,198,432,134]
stat.node.0.util.dram_avg = 1.3523e-05
stat.node.0.walltime_s = 33.1199
stat.node.0.active_time_s = 14.3895
stat.node.5.walltime_s = 33.1199
stat.node.5.active_time_s = 19.7847
stat.node.7.cpu.0.load_issue_to_complete_count = 799
stat.node.7.cpu.0.avg_load_issue_to_complete_lat = 973.994
stat.node.7.injector.phase_cycles = 780074
stat.node.7.injector.request_bytes = 280136
stat.node.7.injector.response_bytes = 353856
stat.node.7.injector.aggregate_bytes = 633992
stat.node.7.injector.request_gbps = 6.895
stat.node.7.injector.response_gbps = 8.70948
stat.node.7.injector.aggregate_gbps = 15.6045
stat.node.7.llc.cxl_miss = 800
stat.node.7.llc.total_miss = 800
stat.node.7.llc.avg_miss_lat = 799.523
stat.node.7.llc.avg_cxl_lat = 799.523
stat.node.7.llc.miss_lat_hist_bin_ns = 10
stat.node.7.llc.miss_lat_hist = [0,0,0,0,0,0,0,0,0,0,0,0,0,0,0,0,0,0,0,0,0,0,0,0,0,0,0,0,0,0,0,0,149,525,126]
stat.node.7.util.dram_avg = 1.33763e-05
stat.node.7.walltime_s = 33.5332
stat.node.7.active_time_s = 15.7399
stat.node.2.cpu.0.load_issue_to_complete_count = 799
stat.node.4.cpu.0.load_issue_to_complete_count = 799
stat.node.4.cpu.0.avg_load_issue_to_complete_lat = 973.957
stat.node.4.injector.phase_cycles = 780074
stat.node.4.injector.request_bytes = 280136
stat.node.4.injector.response_bytes = 353856
stat.node.4.injector.aggregate_bytes = 633992
stat.node.4.injector.request_gbps = 6.895
stat.node.4.injector.response_gbps = 8.70948
stat.node.4.injector.aggregate_gbps = 15.6045
stat.node.4.llc.cxl_miss = 800
stat.node.4.llc.total_miss = 800
stat.node.4.llc.avg_miss_lat = 799.565
stat.node.2.cpu.0.avg_load_issue_to_complete_lat = 973.957
stat.node.2.injector.phase_cycles = 780074
stat.node.2.injector.request_bytes = 280136
stat.node.2.injector.response_bytes = 353856
stat.node.2.injector.aggregate_bytes = 633992
stat.node.2.injector.request_gbps = 6.895
stat.node.2.injector.response_gbps = 8.70948
stat.node.2.injector.aggregate_gbps = 15.6045
stat.node.2.llc.cxl_miss = 800
stat.node.2.llc.total_miss = 800
stat.node.2.llc.avg_miss_lat = 799.529
stat.node.2.llc.avg_cxl_lat = 799.529
stat.node.4.llc.avg_cxl_lat = 799.565
stat.node.4.llc.miss_lat_hist_bin_ns = 10
stat.node.4.llc.miss_lat_hist = [0,0,0,0,0,0,0,0,0,0,0,0,0,0,0,0,0,0,0,0,0,0,0,0,0,0,0,0,0,0,0,31,180,384,202,3]
stat.node.2.llc.miss_lat_hist_bin_ns = 10
stat.node.2.llc.miss_lat_hist = [0,0,0,0,0,0,0,0,0,0,0,0,0,0,0,0,0,0,0,0,0,0,0,0,0,0,0,0,0,0,0,37,167,384,209,3]
stat.node.2.util.dram_avg = 1.32901e-05
stat.node.4.util.dram_avg = 1.32901e-05
stat.node.4.walltime_s = 33.7757
stat.node.4.active_time_s = 18.8182
stat.node.2.walltime_s = 33.7757
stat.node.2.active_time_s = 19.0215
stat.pool.107.util.mem_avg = 0.18366
stat.pool.107.util.req_link_avg = 0.970181
stat.pool.107.walltime_s = 33.7757
stat.pool.107.active_time_s = 0.430836
stat.pool.106.util.mem_avg = 0.18366
stat.pool.106.util.req_link_avg = 0.970181
stat.pool.106.walltime_s = 33.7758
stat.pool.106.active_time_s = 0.430183
stat.pool.105.util.mem_avg = 0.18366
stat.pool.105.util.req_link_avg = 0.970181
stat.pool.105.walltime_s = 33.7758
stat.pool.105.active_time_s = 0.429746
stat.pool.104.util.mem_avg = 0.18366
stat.pool.104.util.req_link_avg = 0.970181
stat.pool.104.walltime_s = 33.7758
stat.pool.104.active_time_s = 0.43644
stat.pool.103.util.mem_avg = 0.183661
stat.pool.103.util.req_link_avg = 0.970181
stat.pool.103.walltime_s = 33.7758
stat.pool.103.active_time_s = 0.443879
stat.pool.102.util.mem_avg = 0.183661
stat.pool.102.util.req_link_avg = 0.970181
stat.pool.102.walltime_s = 33.7758
stat.pool.102.active_time_s = 0.446124
stat.pool.101.util.mem_avg = 0.183661
stat.pool.101.util.req_link_avg = 0.970181
stat.pool.101.walltime_s = 33.7758
stat.pool.101.active_time_s = 0.452787
stat.pool.100.util.mem_avg = 0.183662
stat.pool.100.util.req_link_avg = 0.970183
stat.pool.100.walltime_s = 33.7758
stat.pool.100.active_time_s = 0.479727
stat.switch.replicated_messages = 546048
stat.switch.util.node_ingress_avg = 0.143512
stat.switch.util.pool_ingress_avg = 0.203154
stat.switch.bw.host_to_switch_gbps = 7.05427
stat.switch.bw.switch_to_host_gbps = 9.98521
stat.switch.bw.host_link_total_gbps = 17.0395
stat.switch.walltime_s = 33.7759
stat.switch.active_time_s = 2.98505
Simulation is complete, simulated time: 753.043 us
