stat.node.3.cpu.0.retired = 809
stat.node.3.cpu.0.cycles = 1000000
stat.node.4.cpu.0.retired = 810
stat.node.4.cpu.0.cycles = 1000000
stat.node.5.cpu.0.retired = 810
stat.node.5.cpu.0.cycles = 1000000
stat.node.6.cpu.0.retired = 810
stat.node.6.cpu.0.cycles = 1000000
stat.node.7.cpu.0.retired = 809
stat.node.7.cpu.0.cycles = 1000000
stat.node.0.cpu.0.retired = 809
stat.node.0.cpu.0.cycles = 1000000
stat.node.1.cpu.0.retired = 809
stat.node.1.cpu.0.cycles = 1000000
stat.node.2.cpu.0.retired = 809
stat.node.2.cpu.0.cycles = 1000000
stat.node.1.cpu.0.load_issue_to_complete_count = 799
stat.node.1.cpu.0.avg_load_issue_to_complete_lat = 946.063
stat.node.1.injector.phase_cycles = 757725
stat.node.1.injector.request_bytes = 200056
stat.node.1.injector.response_bytes = 81408
stat.node.1.injector.aggregate_bytes = 281464
stat.node.1.injector.request_gbps = 5.06922
stat.node.1.injector.response_gbps = 2.0628
stat.node.1.injector.aggregate_gbps = 7.13202
stat.node.1.llc.cxl_miss = 800
stat.node.1.llc.total_miss = 800
stat.node.1.llc.avg_miss_lat = 771.977
stat.node.1.llc.avg_cxl_lat = 771.977
stat.node.1.llc.miss_lat_hist_bin_ns = 10
stat.node.1.llc.miss_lat_hist = [0,0,0,0,0,0,0,0,0,0,0,0,0,0,0,0,0,0,0,0,0,0,0,0,0,0,13,8,20,119,109,223,121,60,19,7,8,18,59,11,5]
stat.node.1.util.dram_avg = 1.37275e-05
stat.node.1.walltime_s = 83.1327
stat.node.1.active_time_s = 24.433
stat.node.5.cpu.0.load_issue_to_complete_count = 799
stat.node.5.cpu.0.avg_load_issue_to_complete_lat = 947.723
stat.node.5.injector.phase_cycles = 759052
stat.node.5.injector.request_bytes = 200400
stat.node.5.injector.response_bytes = 81536
stat.node.5.injector.aggregate_bytes = 281936
stat.node.5.injector.request_gbps = 5.06906
stat.node.5.injector.response_gbps = 2.06243
stat.node.5.injector.aggregate_gbps = 7.13149
stat.node.5.llc.cxl_miss = 800
stat.node.5.llc.total_miss = 800
stat.node.5.llc.avg_miss_lat = 773.84
stat.node.5.llc.avg_cxl_lat = 773.84
stat.node.5.llc.miss_lat_hist_bin_ns = 10
stat.node.5.llc.miss_lat_hist = [0,0,0,0,0,0,0,0,0,0,0,0,0,0,0,0,0,0,0,0,0,0,0,0,0,0,12,8,20,104,106,220,142,61,15,10,15,14,57,9,7]
stat.node.5.util.dram_avg = 1.37273e-05
stat.node.5.walltime_s = 83.1256
stat.node.5.active_time_s = 23.2309
stat.node.6.cpu.0.load_issue_to_complete_count = 799
stat.node.6.cpu.0.avg_load_issue_to_complete_lat = 948.854
stat.node.6.injector.phase_cycles = 760122
stat.node.6.injector.request_bytes = 200672
stat.node.6.injector.response_bytes = 81600
stat.node.6.injector.aggregate_bytes = 282272
stat.node.6.injector.request_gbps = 5.06879
stat.node.6.injector.response_gbps = 2.06114
stat.node.6.injector.aggregate_gbps = 7.12994
stat.node.6.llc.cxl_miss = 800
stat.node.6.llc.total_miss = 800
stat.node.6.llc.avg_miss_lat = 774.914
stat.node.6.llc.avg_cxl_lat = 774.914
stat.node.6.llc.miss_lat_hist_bin_ns = 10
stat.node.6.llc.miss_lat_hist = [0,0,0,0,0,0,0,0,0,0,0,0,0,0,0,0,0,0,0,0,0,0,0,0,0,0,6,5,13,106,117,235,133,59,20,13,6,9,62,12,4]
stat.node.6.util.dram_avg = 1.37206e-05
stat.node.6.walltime_s = 83.1478
stat.node.6.active_time_s = 20.0029
stat.node.4.cpu.0.load_issue_to_complete_count = 799
stat.node.4.cpu.0.avg_load_issue_to_complete_lat = 948.783
stat.node.4.injector.phase_cycles = 759899
stat.node.4.injector.request_bytes = 200600
stat.node.4.injector.response_bytes = 81600
stat.node.4.injector.aggregate_bytes = 282200
stat.node.4.injector.request_gbps = 5.06846
stat.node.4.injector.response_gbps = 2.06175
stat.node.4.injector.aggregate_gbps = 7.13021
stat.node.4.llc.cxl_miss = 800
stat.node.4.llc.total_miss = 800
stat.node.4.llc.avg_miss_lat = 773.947
stat.node.4.llc.avg_cxl_lat = 773.947
stat.node.4.llc.miss_lat_hist_bin_ns = 10
stat.node.4.llc.miss_lat_hist = [0,0,0,0,0,0,0,0,0,0,0,0,0,0,0,0,0,0,0,0,0,0,0,0,0,0,4,12,19,116,99,245,113,52,40,3,9,13,54,13,8]
stat.node.4.util.dram_avg = 1.37204e-05
stat.node.4.walltime_s = 83.1565
stat.node.4.active_time_s = 22.2992
stat.node.2.cpu.0.load_issue_to_complete_count = 799
stat.node.2.cpu.0.avg_load_issue_to_complete_lat = 947.456
stat.node.2.injector.phase_cycles = 758852
stat.node.2.injector.request_bytes = 200336
stat.node.2.injector.response_bytes = 81472
stat.node.2.injector.aggregate_bytes = 281808
stat.node.2.injector.request_gbps = 5.06878
stat.node.2.injector.response_gbps = 2.06135
stat.node.2.injector.aggregate_gbps = 7.13013
stat.node.2.llc.cxl_miss = 800
stat.node.2.llc.total_miss = 800
stat.node.2.llc.avg_miss_lat = 773.684
stat.node.2.llc.avg_cxl_lat = 773.684
stat.node.2.llc.miss_lat_hist_bin_ns = 10
stat.node.2.llc.miss_lat_hist = [0,0,0,0,0,0,0,0,0,0,0,0,0,0,0,0,0,0,0,0,0,0,0,0,0,0,6,9,11,128,113,209,137,60,26,4,14,11,55,8,9]
stat.node.2.util.dram_avg = 1.37202e-05
stat.node.2.walltime_s = 83.1533
stat.node.2.active_time_s = 19.709
stat.node.0.cpu.0.load_issue_to_complete_count = 799
stat.node.0.cpu.0.avg_load_issue_to_complete_lat = 947.217
stat.node.0.injector.phase_cycles = 758572
stat.node.0.injector.request_bytes = 200264
stat.node.0.injector.response_bytes = 81472
stat.node.0.injector.aggregate_bytes = 281736
stat.node.0.injector.request_gbps = 5.06883
stat.node.0.injector.response_gbps = 2.06211
stat.node.0.injector.aggregate_gbps = 7.13094
stat.node.0.llc.cxl_miss = 800
stat.node.0.llc.total_miss = 800
stat.node.0.llc.avg_miss_lat = 773.069
stat.node.0.llc.avg_cxl_lat = 773.069
stat.node.0.llc.miss_lat_hist_bin_ns = 10
stat.node.0.llc.miss_lat_hist = [0,0,0,0,0,0,0,0,0,0,0,0,0,0,0,0,0,0,0,0,0,0,0,0,0,0,8,15,19,122,81,225,138,64,24,8,11,16,58,10,1]
stat.node.0.util.dram_avg = 1.372e-05
stat.node.0.walltime_s = 83.166
stat.node.0.active_time_s = 20.0491
stat.node.7.cpu.0.load_issue_to_complete_count = 799
stat.node.7.cpu.0.avg_load_issue_to_complete_lat = 947.31
stat.node.7.injector.phase_cycles = 758722
stat.node.7.injector.request_bytes = 200264
stat.node.7.injector.response_bytes = 81472
stat.node.7.injector.aggregate_bytes = 281736
stat.node.7.injector.request_gbps = 5.06782
stat.node.7.injector.response_gbps = 2.06171
stat.node.7.injector.aggregate_gbps = 7.12953
stat.node.7.llc.cxl_miss = 800
stat.node.7.llc.total_miss = 800
stat.node.7.llc.avg_miss_lat = 772.991
stat.node.7.llc.avg_cxl_lat = 772.991
stat.node.7.llc.miss_lat_hist_bin_ns = 10
stat.node.7.llc.miss_lat_hist = [0,0,0,0,0,0,0,0,0,0,0,0,0,0,0,0,0,0,0,0,0,0,0,0,0,0,7,11,22,109,109,231,119,72,18,5,9,16,54,11,7]
stat.node.7.util.dram_avg = 1.37198e-05
stat.node.7.walltime_s = 83.1467
stat.node.7.active_time_s = 21.9356
stat.node.3.cpu.0.load_issue_to_complete_count = 799
stat.node.3.cpu.0.avg_load_issue_to_complete_lat = 947.581
stat.node.3.injector.phase_cycles = 758952
stat.node.3.injector.request_bytes = 200400
stat.node.3.injector.response_bytes = 81472
stat.node.3.injector.aggregate_bytes = 281872
stat.node.3.injector.request_gbps = 5.06973
stat.node.3.injector.response_gbps = 2.06108
stat.node.3.injector.aggregate_gbps = 7.13081
stat.node.3.llc.cxl_miss = 800
stat.node.3.llc.total_miss = 800
stat.node.3.llc.avg_miss_lat = 773.436
stat.node.3.llc.avg_cxl_lat = 773.436
stat.node.3.llc.miss_lat_hist_bin_ns = 10
stat.node.3.llc.miss_lat_hist = [0,0,0,0,0,0,0,0,0,0,0,0,0,0,0,0,0,0,0,0,0,0,0,0,0,0,7,10,24,114,117,207,121,74,26,2,5,13,57,14,8,1]
stat.node.3.util.dram_avg = 1.37196e-05
stat.pool.100.util.mem_avg = 0.21287
stat.pool.100.util.req_link_avg = 0.851283
stat.pool.100.walltime_s = 83.1475
stat.pool.100.active_time_s = 0.770762
stat.node.3.walltime_s = 83.1674
stat.node.3.active_time_s = 28.1538
stat.switch.replicated_messages = 54784
stat.switch.util.node_ingress_avg = 0.106424
stat.switch.util.pool_ingress_avg = 0.547634
stat.switch.bw.host_to_switch_gbps = 5.23126
stat.switch.bw.switch_to_host_gbps = 3.36471
stat.switch.bw.host_link_total_gbps = 8.59597
stat.switch.walltime_s = 83.1476
stat.switch.active_time_s = 2.49273
Simulation is complete, simulated time: 729.465 us
