stat.node.5.cpu.0.retired = 475
stat.node.5.cpu.0.cycles = 1000000
stat.node.6.cpu.0.retired = 489
stat.node.6.cpu.0.cycles = 1000000
stat.node.7.cpu.0.retired = 488
stat.node.7.cpu.0.cycles = 1000000
stat.node.0.cpu.0.retired = 469
stat.node.0.cpu.0.cycles = 1000000
stat.node.1.cpu.0.retired = 451
stat.node.1.cpu.0.cycles = 1000000
stat.node.2.cpu.0.retired = 447
stat.node.2.cpu.0.cycles = 1000000
stat.node.3.cpu.0.retired = 470
stat.node.3.cpu.0.cycles = 1000000
stat.node.4.cpu.0.retired = 462
stat.node.4.cpu.0.cycles = 1000000
stat.node.1.cpu.0.retired = 945
stat.node.1.cpu.0.cycles = 2000000
stat.node.2.cpu.0.retired = 894
stat.node.2.cpu.0.cycles = 2000000
stat.node.3.cpu.0.retired = 917
stat.node.3.cpu.0.cycles = 2000000
stat.node.5.cpu.0.retired = 930
stat.node.5.cpu.0.cycles = 2000000
stat.node.6.cpu.0.retired = 1003
stat.node.6.cpu.0.cycles = 2000000
stat.node.4.cpu.0.retired = 910
stat.node.7.cpu.0.retired = 1008
stat.node.7.cpu.0.cycles = 2000000
stat.node.0.cpu.0.retired = 970
stat.node.0.cpu.0.cycles = 2000000
stat.node.4.cpu.0.cycles = 2000000
stat.node.5.cpu.0.retired = 1375
stat.node.5.cpu.0.cycles = 3000000
stat.node.4.cpu.0.retired = 1312
stat.node.4.cpu.0.cycles = 3000000
stat.node.0.cpu.0.retired = 1493
stat.node.0.cpu.0.cycles = 3000000
stat.node.7.cpu.0.retired = 1471
stat.node.7.cpu.0.cycles = 3000000
stat.node.6.cpu.0.retired = 1469
stat.node.6.cpu.0.cycles = 3000000
stat.node.1.cpu.0.retired = 1391
stat.node.1.cpu.0.cycles = 3000000
stat.node.2.cpu.0.retired = 1378
stat.node.2.cpu.0.cycles = 3000000
stat.node.3.cpu.0.retired = 1372
stat.node.3.cpu.0.cycles = 3000000
stat.node.0.cpu.0.load_issue_to_complete_count = 799
stat.node.0.cpu.0.avg_load_issue_to_complete_lat = 1904.96
stat.node.0.injector.phase_cycles = 1524242
stat.node.0.injector.request_bytes = 509352
stat.node.0.injector.response_bytes = 207232
stat.node.0.injector.aggregate_bytes = 716584
stat.node.0.injector.request_gbps = 6.41601
stat.node.0.injector.response_gbps = 2.61038
stat.node.0.injector.aggregate_gbps = 9.0264
stat.node.0.llc.cxl_miss = 800
stat.node.0.llc.total_miss = 800
stat.node.0.llc.avg_miss_lat = 1714.43
stat.node.0.llc.avg_cxl_lat = 1714.43
stat.node.0.llc.miss_lat_hist_bin_ns = 10
stat.node.0.llc.miss_lat_hist = [0,0,0,0,0,0,0,0,0,0,0,0,0,0,0,0,0,0,0,0,0,0,0,0,0,0,0,0,0,0,0,0,0,0,0,0,0,0,0,0,0,10,38,29,28,29,18,17,18,26,16,20,21,19,16,13,17,13,13,15,6,9,15,9,13,14,12,12,7,12,8,11,14,6,5,11,10,9,3,4,5,5,6,8,4,9,5,3,4,4,4,2,6,6,5,3,4,4,7,4,5,6,3,3,0,3,4,2,5,5,6,2,4,4,6,3,4,4,0,0,2,4,5,2,1,1,2,2,4,1,3,3,1,2,2,3,2,2,1,6,1,0,0,1,0,0,1,1,1,1,1,0,1,1,0,1,1,0,0,1,3,0,1,0,0,0,0,0,0,0,0,0,1,0,0,0,0,0,0,0,0,0,0,0,0,1]
stat.node.0.util.dram_avg = 7.52263e-06
stat.node.0.walltime_s = 420.757
stat.node.0.active_time_s = 58.0045
stat.node.6.cpu.0.load_issue_to_complete_count = 799
stat.node.6.cpu.0.avg_load_issue_to_complete_lat = 1990.08
stat.node.6.injector.phase_cycles = 1592186
stat.node.6.injector.request_bytes = 532016
stat.node.6.injector.response_bytes = 216448
stat.node.6.injector.aggregate_bytes = 748464
stat.node.6.injector.request_gbps = 6.41552
stat.node.6.injector.response_gbps = 2.61012
stat.node.6.injector.aggregate_gbps = 9.02565
stat.node.6.llc.cxl_miss = 800
stat.node.6.llc.total_miss = 800
stat.node.6.llc.avg_miss_lat = 1797.32
stat.node.6.llc.avg_cxl_lat = 1797.32
stat.node.6.llc.miss_lat_hist_bin_ns = 10
stat.node.6.llc.miss_lat_hist = [0,0,0,0,0,0,0,0,0,0,0,0,0,0,0,0,0,0,0,0,0,0,0,0,0,0,0,0,0,0,0,0,0,0,0,0,0,0,0,0,0,8,26,22,25,21,20,18,23,26,22,18,19,17,9,10,15,12,10,15,14,13,23,12,17,11,11,8,9,6,9,5,13,12,7,5,6,7,4,5,5,3,3,8,9,6,9,8,4,3,4,3,5,1,6,7,5,6,2,7,3,3,2,3,5,5,2,6,5,4,4,10,8,5,5,3,2,3,2,3,3,2,3,0,2,3,2,5,3,4,1,3,4,0,1,2,1,3,0,5,0,0,1,0,2,3,2,3,2,0,1,1,0,0,0,1,0,0,1,0,1,1,1,2,0,0,1,0,0,0,1,2,0,2,0,0,0,0,0,0,0,0,0,0,0,0,0,0,1,0,0,0,0,1,0,0,1,0,0,0,1,0,0,0,0,0,0,0,0,0,0,0,0,0,0,0,0,0,1]
stat.node.6.util.dram_avg = 7.4302e-06
stat.node.6.walltime_s = 423.367
stat.node.6.active_time_s = 39.4001
stat.node.7.cpu.0.load_issue_to_complete_count = 799
stat.node.7.cpu.0.avg_load_issue_to_complete_lat = 2009.89
stat.node.7.injector.phase_cycles = 1609267
stat.node.7.injector.request_bytes = 537744
stat.node.7.injector.response_bytes = 218944
stat.node.7.injector.aggregate_bytes = 756688
stat.node.7.injector.request_gbps = 6.41577
stat.node.7.injector.response_gbps = 2.6122
stat.node.7.injector.aggregate_gbps = 9.02797
stat.node.7.llc.cxl_miss = 800
stat.node.7.llc.total_miss = 800
stat.node.7.llc.avg_miss_lat = 1819.72
stat.node.7.llc.avg_cxl_lat = 1819.72
stat.node.7.llc.miss_lat_hist_bin_ns = 10
stat.node.7.llc.miss_lat_hist = [0,0,0,0,0,0,0,0,0,0,0,0,0,0,0,0,0,0,0,0,0,0,0,0,0,0,0,0,0,0,0,0,0,0,0,0,0,0,0,0,0,5,33,31,14,25,23,20,23,19,21,21,14,17,17,20,9,21,12,13,13,13,6,8,9,15,9,8,5,15,11,9,6,9,10,10,4,10,9,8,1,7,8,5,7,6,5,4,3,8,7,5,2,3,3,5,4,5,1,5,5,1,3,5,3,0,2,4,4,3,4,3,1,2,2,4,4,2,3,2,1,2,2,3,1,1,2,2,4,7,0,2,2,2,2,5,2,2,4,0,2,3,5,0,0,1,2,3,2,2,1,2,1,0,2,2,2,1,1,1,0,2,1,2,3,0,1,1,1,0,1,1,1,1,1,1,0,0,0,1,0,0,1,0,2,0,1,1,0,1,0,0,0,0,0,0,0,0,0,0,0,0,0,0,0,0,0,0,0,0,0,0,0,0,0,0,0,0,1]
stat.node.7.util.dram_avg = 7.42677e-06
stat.node.7.walltime_s = 423.427
stat.node.7.active_time_s = 39.5986
stat.node.1.cpu.0.load_issue_to_complete_count = 799
stat.node.1.cpu.0.avg_load_issue_to_complete_lat = 2111.12
stat.node.1.injector.phase_cycles = 1689904
stat.node.1.injector.request_bytes = 564648
stat.node.1.injector.response_bytes = 229760
stat.node.1.injector.aggregate_bytes = 794408
stat.node.1.injector.request_gbps = 6.4153
stat.node.1.injector.response_gbps = 2.61044
stat.node.1.injector.aggregate_gbps = 9.02574
stat.node.1.llc.cxl_miss = 800
stat.node.1.llc.total_miss = 800
stat.node.1.llc.avg_miss_lat = 1923.43
stat.node.1.llc.avg_cxl_lat = 1923.43
stat.node.1.llc.miss_lat_hist_bin_ns = 10
stat.node.1.llc.miss_lat_hist = [0,0,0,0,0,0,0,0,0,0,0,0,0,0,0,0,0,0,0,0,0,0,0,0,0,0,0,0,0,0,0,0,0,0,0,0,0,0,0,0,0,8,30,25,20,12,17,19,16,23,18,18,18,19,7,13,17,13,11,15,7,13,14,12,14,17,6,10,10,8,4,11,12,7,5,4,8,5,10,8,9,10,10,3,4,4,3,5,6,5,10,2,4,8,5,2,3,1,2,8,2,5,5,5,1,4,2,1,4,3,2,3,1,2,5,3,2,2,0,3,5,1,3,3,1,1,2,3,4,1,3,5,4,3,3,2,2,1,2,1,1,0,2,1,6,3,4,2,3,3,0,3,2,4,2,0,2,3,1,4,2,5,6,3,3,1,0,2,1,4,1,2,1,0,1,1,0,1,1,0,1,0,0,1,0,0,0,0,0,1,0,2,0,0,0,0,1]
stat.node.1.util.dram_avg = 6.9736e-06
stat.node.1.walltime_s = 431.124
stat.node.1.active_time_s = 47.3781
stat.node.2.cpu.0.load_issue_to_complete_count = 799
stat.node.2.cpu.0.avg_load_issue_to_complete_lat = 2121.36
stat.node.2.injector.phase_cycles = 1697809
stat.node.2.injector.request_bytes = 567344
stat.node.2.injector.response_bytes = 230784
stat.node.2.injector.aggregate_bytes = 798128
stat.node.2.injector.request_gbps = 6.41592
stat.node.2.injector.response_gbps = 2.60987
stat.node.2.injector.aggregate_gbps = 9.02578
stat.node.2.llc.cxl_miss = 800
stat.node.2.llc.total_miss = 800
stat.node.2.llc.avg_miss_lat = 1933.85
stat.node.2.llc.avg_cxl_lat = 1933.85
stat.node.2.llc.miss_lat_hist_bin_ns = 10
stat.node.2.llc.miss_lat_hist = [0,0,0,0,0,0,0,0,0,0,0,0,0,0,0,0,0,0,0,0,0,0,0,0,0,0,0,0,0,0,0,0,0,0,0,0,0,0,0,0,0,4,24,31,19,18,11,12,13,19,9,20,9,26,16,9,13,17,13,12,7,14,11,4,12,16,12,11,12,7,11,6,4,7,10,9,8,13,11,8,8,7,4,6,5,7,6,12,4,3,9,6,2,4,5,3,2,6,4,5,5,2,3,5,5,6,6,4,4,4,5,2,7,4,5,5,4,5,0,2,3,2,5,1,3,1,3,6,2,1,4,3,2,3,0,2,1,5,2,2,2,3,3,4,4,3,5,2,1,1,1,2,3,1,2,3,2,3,0,1,0,0,4,1,1,1,1,0,2,3,0,1,1,1,0,1,1,1,1,0,0,0,0,0,0,0,0,0,0,0,0,1,1,0,0,0,0,0,0,0,1,0,0,0,0,0,0,0,0,0,0,0,0,1]
stat.node.2.util.dram_avg = 6.88502e-06
stat.node.2.walltime_s = 432.55
stat.node.2.active_time_s = 45.852
stat.node.5.cpu.0.load_issue_to_complete_count = 799
stat.node.5.cpu.0.avg_load_issue_to_complete_lat = 2258.02
stat.node.5.injector.phase_cycles = 1807129
stat.node.5.injector.request_bytes = 603888
stat.node.5.injector.response_bytes = 245440
stat.node.5.injector.aggregate_bytes = 849328
stat.node.5.injector.request_gbps = 6.41606
stat.node.5.injector.response_gbps = 2.6077
stat.node.5.injector.aggregate_gbps = 9.02376
stat.node.5.llc.cxl_miss = 800
stat.node.5.llc.total_miss = 800
stat.node.5.llc.avg_miss_lat = 2059.31
stat.node.5.llc.avg_cxl_lat = 2059.31
stat.node.5.llc.miss_lat_hist_bin_ns = 10
stat.node.5.llc.miss_lat_hist = [0,0,0,0,0,0,0,0,0,0,0,0,0,0,0,0,0,0,0,0,0,0,0,0,0,0,0,0,0,0,0,0,0,0,0,0,0,0,0,0,0,3,21,25,12,19,12,19,14,15,13,18,19,14,13,10,10,23,13,11,13,9,10,6,14,8,8,7,10,7,10,7,5,6,4,10,5,7,3,10,7,7,8,4,5,3,11,6,6,6,5,8,6,3,5,3,5,4,5,3,4,2,1,2,5,4,6,5,2,1,4,2,9,3,5,1,3,4,6,5,0,6,5,2,2,3,3,2,3,3,5,3,4,3,4,0,4,7,5,2,3,2,3,1,8,6,2,5,0,3,5,2,2,4,7,3,4,1,2,2,5,2,3,0,5,4,2,2,1,1,0,2,0,1,2,2,2,0,1,1,0,1,2,2,0,0,0,0,0,0,0,1]
stat.node.5.util.dram_avg = 6.82569e-06
stat.node.5.walltime_s = 434.101
stat.node.5.active_time_s = 48.0349
stat.node.3.cpu.0.load_issue_to_complete_count = 799
stat.node.3.cpu.0.avg_load_issue_to_complete_lat = 2356.06
stat.node.3.injector.phase_cycles = 1886826
stat.node.3.injector.request_bytes = 630456
stat.node.3.injector.response_bytes = 256640
stat.node.3.injector.aggregate_bytes = 887096
stat.node.3.injector.request_gbps = 6.41541
stat.node.3.injector.response_gbps = 2.61152
stat.node.3.injector.aggregate_gbps = 9.02693
stat.node.3.llc.cxl_miss = 800
stat.node.3.llc.total_miss = 800
stat.node.3.llc.avg_miss_lat = 2165.97
stat.node.3.llc.avg_cxl_lat = 2165.97
stat.node.3.llc.miss_lat_hist_bin_ns = 10
stat.node.3.llc.miss_lat_hist = [0,0,0,0,0,0,0,0,0,0,0,0,0,0,0,0,0,0,0,0,0,0,0,0,0,0,0,0,0,0,0,0,0,0,0,0,0,0,0,0,0,5,22,22,19,17,16,9,14,15,8,15,8,18,8,10,15,11,11,6,8,7,13,8,10,9,3,7,6,7,13,8,8,7,11,9,7,3,5,3,7,6,4,3,7,1,9,4,4,7,2,13,9,12,5,6,5,4,4,6,1,5,6,4,1,3,7,2,5,2,0,3,0,8,3,2,9,7,4,4,2,2,4,7,3,6,4,0,1,6,3,8,4,6,4,2,8,3,4,5,6,3,6,7,8,4,1,6,2,3,6,2,4,4,1,0,1,2,1,3,3,4,2,4,3,0,3,4,3,3,0,1,0,2,2,0,0,0,1,0,1,3,0,1,0,0,2,0,1,0,0,1,1,0,1,0,4,1,0,0,1,0,0,0,0,0,1]
stat.node.3.util.dram_avg = 6.68004e-06
stat.node.3.walltime_s = 437.138
stat.node.3.active_time_s = 51.1068
stat.node.4.cpu.0.load_issue_to_complete_count = 799
stat.node.4.cpu.0.avg_load_issue_to_complete_lat = 2804.75
stat.node.4.injector.phase_cycles = 2243336
stat.node.4.injector.request_bytes = 749600
stat.node.4.injector.response_bytes = 304640
stat.node.4.injector.aggregate_bytes = 1054240
stat.node.4.injector.request_gbps = 6.41559
stat.node.4.injector.response_gbps = 2.60732
stat.node.4.injector.aggregate_gbps = 9.02291
stat.node.4.llc.cxl_miss = 800
stat.node.4.llc.total_miss = 800
stat.node.4.llc.avg_miss_lat = 2595.17
stat.node.4.llc.avg_cxl_lat = 2595.17
stat.node.4.llc.miss_lat_hist_bin_ns = 10
stat.node.4.llc.miss_lat_hist = [0,0,0,0,0,0,0,0,0,0,0,0,0,0,0,0,0,0,0,0,0,0,0,0,0,0,0,0,0,0,0,0,0,0,0,0,0,0,0,0,0,3,13,16,8,8,11,12,13,13,10,11,8,9,3,2,10,7,11,8,4,6,4,10,5,5,5,8,5,1,8,8,8,3,5,10,4,3,7,2,2,3,3,3,1,4,8,4,4,2,3,1,3,6,5,3,2,4,4,4,5,2,2,1,5,1,2,6,3,5,2,0,3,5,9,2,2,4,5,4,5,5,1,3,6,4,11,6,7,5,7,6,10,2,6,10,1,6,12,9,9,2,9,5,8,11,8,7,7,13,15,9,9,14,7,8,5,4,5,11,7,3,5,4,2,2,2,5,4,2,3,7,4,4,4,2,0,2,2,2,3,1,3,1,0,1,0,0,1,1,0,0,1,0,2,0,0,0,0,2,0,1,0,2,1,0,0,0,0,1,1]
stat.node.4.util.dram_avg = 6.1333e-06
stat.node.4.walltime_s = 450.359
stat.node.4.active_time_s = 60.2395
stat.pool.106.util.mem_avg = 0.17058
stat.pool.106.util.req_link_avg = 0.999869
stat.pool.106.walltime_s = 450.351
stat.pool.106.active_time_s = 1.23316
stat.pool.105.util.mem_avg = 0.170581
stat.pool.105.util.req_link_avg = 0.99987
stat.pool.105.walltime_s = 450.351
stat.pool.105.active_time_s = 1.27837
stat.pool.104.util.mem_avg = 0.17058
stat.pool.104.util.req_link_avg = 0.999869
stat.pool.104.walltime_s = 450.351
stat.pool.104.active_time_s = 1.27129
stat.pool.103.util.mem_avg = 0.170579
stat.pool.103.util.req_link_avg = 0.999868
stat.pool.103.walltime_s = 450.351
stat.pool.103.active_time_s = 1.30134
stat.pool.102.util.mem_avg = 0.170585
stat.pool.102.util.req_link_avg = 0.999873
stat.pool.102.walltime_s = 450.351
stat.pool.102.active_time_s = 1.3004
stat.pool.101.util.mem_avg = 0.170585
stat.pool.101.util.req_link_avg = 0.999873
stat.pool.101.walltime_s = 450.351
stat.pool.101.active_time_s = 1.37968
stat.pool.100.util.mem_avg = 0.170581
stat.pool.100.util.req_link_avg = 0.99987
stat.pool.100.walltime_s = 450.351
stat.pool.100.active_time_s = 1.39265
stat.switch.replicated_messages = 1085231
stat.switch.util.node_ingress_avg = 0.13214
stat.switch.util.pool_ingress_avg = 0.0757683
stat.switch.bw.host_to_switch_gbps = 6.4952
stat.switch.bw.switch_to_host_gbps = 3.25868
stat.switch.bw.host_link_total_gbps = 9.75388
stat.switch.walltime_s = 450.351
stat.switch.active_time_s = 8.87111
Simulation is complete, simulated time: 1.63175 ms
