stat.node.1.cpu.0.retired = 812
stat.node.1.cpu.0.cycles = 1000000
stat.node.2.cpu.0.retired = 804
stat.node.2.cpu.0.cycles = 1000000
stat.node.3.cpu.0.retired = 810
stat.node.3.cpu.0.cycles = 1000000
stat.node.4.cpu.0.retired = 802
stat.node.4.cpu.0.cycles = 1000000
stat.node.5.cpu.0.retired = 805
stat.node.5.cpu.0.cycles = 1000000
stat.node.6.cpu.0.retired = 813
stat.node.6.cpu.0.cycles = 1000000
stat.node.7.cpu.0.retired = 804
stat.node.0.cpu.0.retired = 808
stat.node.0.cpu.0.cycles = 1000000
stat.node.7.cpu.0.cycles = 1000000
stat.node.6.cpu.0.load_issue_to_complete_count = 799
stat.node.6.cpu.0.avg_load_issue_to_complete_lat = 940.975
stat.node.6.injector.phase_cycles = 753675
stat.node.6.injector.request_bytes = 257328
stat.node.6.injector.response_bytes = 464832
stat.node.6.injector.aggregate_bytes = 722160
stat.node.6.injector.request_gbps = 6.55547
stat.node.6.injector.response_gbps = 11.8417
stat.node.6.injector.aggregate_gbps = 18.3971
stat.node.6.llc.cxl_miss = 800
stat.node.6.llc.total_miss = 800
stat.node.6.llc.avg_miss_lat = 767.004
stat.node.6.llc.avg_cxl_lat = 767.004
stat.node.6.llc.miss_lat_hist_bin_ns = 10
stat.node.6.llc.miss_lat_hist = [0,0,0,0,0,0,0,0,0,0,0,0,0,0,0,0,0,0,0,0,0,0,0,0,0,0,0,0,7,17,115,346,163,97,50,5]
stat.node.6.util.dram_avg = 1.37907e-05
stat.node.6.walltime_s = 203.437
stat.node.6.active_time_s = 20.21
stat.node.1.cpu.0.load_issue_to_complete_count = 799
stat.node.1.cpu.0.avg_load_issue_to_complete_lat = 943.854
stat.node.1.injector.phase_cycles = 755985
stat.node.1.injector.request_bytes = 258088
stat.node.1.injector.response_bytes = 466176
stat.node.1.injector.aggregate_bytes = 724264
stat.node.1.injector.request_gbps = 6.55475
stat.node.1.injector.response_gbps = 11.8396
stat.node.1.injector.aggregate_gbps = 18.3944
stat.node.1.llc.cxl_miss = 800
stat.node.1.llc.total_miss = 800
stat.node.1.llc.avg_miss_lat = 770.089
stat.node.1.llc.avg_cxl_lat = 770.089
stat.node.1.llc.miss_lat_hist_bin_ns = 10
stat.node.1.llc.miss_lat_hist = [0,0,0,0,0,0,0,0,0,0,0,0,0,0,0,0,0,0,0,0,0,0,0,0,0,0,0,0,3,54,133,214,178,145,66,5,2]
stat.node.1.util.dram_avg = 1.37646e-05
stat.node.1.walltime_s = 203.503
stat.node.1.active_time_s = 23.9627
stat.node.3.cpu.0.load_issue_to_complete_count = 799
stat.node.3.cpu.0.avg_load_issue_to_complete_lat = 942.763
stat.node.3.injector.phase_cycles = 755088
stat.node.3.injector.request_bytes = 257760
stat.node.3.injector.response_bytes = 465664
stat.node.3.injector.aggregate_bytes = 723424
stat.node.3.injector.request_gbps = 6.55419
stat.node.3.injector.response_gbps = 11.8407
stat.node.3.injector.aggregate_gbps = 18.3949
stat.node.3.llc.cxl_miss = 800
stat.node.3.llc.total_miss = 800
stat.node.3.llc.avg_miss_lat = 768.95
stat.node.3.llc.avg_cxl_lat = 768.95
stat.node.3.llc.miss_lat_hist_bin_ns = 10
stat.node.3.llc.miss_lat_hist = [0,0,0,0,0,0,0,0,0,0,0,0,0,0,0,0,0,0,0,0,0,0,0,0,0,0,0,0,2,32,155,244,173,125,62,7]
stat.node.3.util.dram_avg = 1.37583e-05
stat.node.3.walltime_s = 203.52
stat.node.3.active_time_s = 27.1942
stat.node.0.cpu.0.load_issue_to_complete_count = 799
stat.node.0.cpu.0.avg_load_issue_to_complete_lat = 948.841
stat.node.0.injector.phase_cycles = 759945
stat.node.0.injector.request_bytes = 259480
stat.node.0.injector.response_bytes = 468672
stat.node.0.injector.aggregate_bytes = 728152
stat.node.0.injector.request_gbps = 6.55576
stat.node.0.injector.response_gbps = 11.841
stat.node.0.injector.aggregate_gbps = 18.3968
stat.node.0.llc.cxl_miss = 800
stat.node.0.llc.total_miss = 800
stat.node.0.llc.avg_miss_lat = 774.676
stat.node.0.llc.avg_cxl_lat = 774.676
stat.node.0.llc.miss_lat_hist_bin_ns = 10
stat.node.0.llc.miss_lat_hist = [0,0,0,0,0,0,0,0,0,0,0,0,0,0,0,0,0,0,0,0,0,0,0,0,0,0,0,0,8,21,59,300,180,151,72,9]
stat.node.0.util.dram_avg = 1.37024e-05
stat.node.0.walltime_s = 203.731
stat.node.0.active_time_s = 23.096
stat.node.2.cpu.0.load_issue_to_complete_count = 799
stat.node.2.cpu.0.avg_load_issue_to_complete_lat = 948.543
stat.node.2.injector.phase_cycles = 759682
stat.node.2.injector.request_bytes = 259328
stat.node.2.injector.response_bytes = 468544
stat.node.2.injector.aggregate_bytes = 727872
stat.node.2.injector.request_gbps = 6.55419
stat.node.2.injector.response_gbps = 11.8419
stat.node.2.injector.aggregate_gbps = 18.396
stat.node.2.llc.cxl_miss = 800
stat.node.2.llc.total_miss = 800
stat.node.2.llc.avg_miss_lat = 774.268
stat.node.2.llc.avg_cxl_lat = 774.268
stat.node.2.llc.miss_lat_hist_bin_ns = 10
stat.node.2.llc.miss_lat_hist = [0,0,0,0,0,0,0,0,0,0,0,0,0,0,0,0,0,0,0,0,0,0,0,0,0,0,0,1,19,32,122,242,131,89,127,36,1]
stat.node.2.util.dram_avg = 1.36765e-05
stat.node.2.walltime_s = 203.866
stat.node.2.active_time_s = 27.8836
stat.node.7.cpu.0.load_issue_to_complete_count = 799
stat.node.7.cpu.0.avg_load_issue_to_complete_lat = 950.28
stat.node.7.injector.phase_cycles = 761121
stat.node.7.injector.request_bytes = 259824
stat.node.7.injector.response_bytes = 469440
stat.node.7.injector.aggregate_bytes = 729264
stat.node.7.injector.request_gbps = 6.55431
stat.node.7.injector.response_gbps = 11.8421
stat.node.7.injector.aggregate_gbps = 18.3964
stat.node.7.llc.cxl_miss = 800
stat.node.7.llc.total_miss = 800
stat.node.7.llc.avg_miss_lat = 776.173
stat.node.7.llc.avg_cxl_lat = 776.173
stat.node.7.llc.miss_lat_hist_bin_ns = 10
stat.node.7.llc.miss_lat_hist = [0,0,0,0,0,0,0,0,0,0,0,0,0,0,0,0,0,0,0,0,0,0,0,0,0,0,0,3,10,11,55,315,162,124,113,7]
stat.node.7.util.dram_avg = 1.36674e-05
stat.node.7.walltime_s = 203.901
stat.node.7.active_time_s = 22.2862
stat.node.5.cpu.0.load_issue_to_complete_count = 799
stat.node.5.cpu.0.avg_load_issue_to_complete_lat = 950.637
stat.node.5.injector.phase_cycles = 761441
stat.node.5.injector.request_bytes = 259912
stat.node.5.injector.response_bytes = 469568
stat.node.5.injector.aggregate_bytes = 729480
stat.node.5.injector.request_gbps = 6.55377
stat.node.5.injector.response_gbps = 11.8403
stat.node.5.injector.aggregate_gbps = 18.3941
stat.node.5.llc.cxl_miss = 800
stat.node.5.llc.total_miss = 800
stat.node.5.llc.avg_miss_lat = 776.587
stat.node.5.llc.avg_cxl_lat = 776.587
stat.node.5.llc.miss_lat_hist_bin_ns = 10
stat.node.5.llc.miss_lat_hist = [0,0,0,0,0,0,0,0,0,0,0,0,0,0,0,0,0,0,0,0,0,0,0,0,0,0,0,1,8,23,43,284,175,178,82,6]
stat.node.5.util.dram_avg = 1.36658e-05
stat.node.5.walltime_s = 203.922
stat.node.5.active_time_s = 23.1048
stat.node.4.cpu.0.load_issue_to_complete_count = 799
stat.node.4.cpu.0.avg_load_issue_to_complete_lat = 950.005
stat.node.4.injector.phase_cycles = 760899
stat.node.4.injector.request_bytes = 259752
stat.node.4.injector.response_bytes = 469312
stat.node.4.injector.aggregate_bytes = 729064
stat.node.4.injector.request_gbps = 6.5544
stat.node.4.injector.response_gbps = 11.8423
stat.node.4.injector.aggregate_gbps = 18.3967
stat.node.4.llc.cxl_miss = 800
stat.node.4.llc.total_miss = 800
stat.node.4.llc.avg_miss_lat = 776.194
stat.node.4.llc.avg_cxl_lat = 776.194
stat.node.4.llc.miss_lat_hist_bin_ns = 10
stat.node.4.llc.miss_lat_hist = [0,0,0,0,0,0,0,0,0,0,0,0,0,0,0,0,0,0,0,0,0,0,0,0,0,0,0,4,18,32,116,227,114,134,122,33]
stat.node.4.util.dram_avg = 1.36503e-05
stat.node.4.walltime_s = 204.056
stat.node.4.active_time_s = 31.6895
stat.pool.102.util.mem_avg = 0.246165
stat.pool.102.util.req_link_avg = 0.91483
stat.pool.102.walltime_s = 204.048
stat.pool.102.active_time_s = 0.629493
stat.pool.101.util.mem_avg = 0.246167
stat.pool.101.util.req_link_avg = 0.914831
stat.pool.101.walltime_s = 204.048
stat.pool.101.active_time_s = 0.658605
stat.pool.100.util.mem_avg = 0.246167
stat.pool.100.util.req_link_avg = 0.914831
stat.pool.100.walltime_s = 204.048
stat.pool.100.active_time_s = 0.74257
stat.switch.replicated_messages = 174240
stat.switch.util.node_ingress_avg = 0.13665
stat.switch.util.pool_ingress_avg = 0.712841
stat.switch.bw.host_to_switch_gbps = 6.71694
stat.switch.bw.switch_to_host_gbps = 13.1388
stat.switch.bw.host_link_total_gbps = 19.8558
stat.switch.walltime_s = 204.048
stat.switch.active_time_s = 2.99085
Simulation is complete, simulated time: 733.173 us
