stat.node.7.cpu.0.retired = 455
stat.node.7.cpu.0.cycles = 1000000
stat.node.0.cpu.0.retired = 455
stat.node.0.cpu.0.cycles = 1000000
stat.node.1.cpu.0.retired = 455
stat.node.1.cpu.0.cycles = 1000000
stat.node.2.cpu.0.retired = 453
stat.node.2.cpu.0.cycles = 1000000
stat.node.3.cpu.0.retired = 455
stat.node.3.cpu.0.cycles = 1000000
stat.node.4.cpu.0.retired = 452
stat.node.4.cpu.0.cycles = 1000000
stat.node.5.cpu.0.retired = 456
stat.node.6.cpu.0.retired = 456
stat.node.6.cpu.0.cycles = 1000000
stat.node.5.cpu.0.cycles = 1000000
stat.node.4.cpu.0.retired = 1077
stat.node.4.cpu.0.cycles = 2000000
stat.node.6.cpu.0.retired = 1089
stat.node.6.cpu.0.cycles = 2000000
stat.node.5.cpu.0.retired = 1089
stat.node.5.cpu.0.cycles = 2000000
stat.node.7.cpu.0.retired = 1089
stat.node.7.cpu.0.cycles = 2000000
stat.node.0.cpu.0.retired = 1089
stat.node.0.cpu.0.cycles = 2000000
stat.node.1.cpu.0.retired = 1089
stat.node.1.cpu.0.cycles = 2000000
stat.node.2.cpu.0.retired = 1082
stat.node.2.cpu.0.cycles = 2000000
stat.node.3.cpu.0.retired = 1089
stat.node.3.cpu.0.cycles = 2000000
stat.node.5.cpu.0.load_issue_to_complete_count = 799
stat.node.5.cpu.0.avg_load_issue_to_complete_lat = 1526.28
stat.node.5.injector.phase_cycles = 1221860
stat.node.5.injector.request_bytes = 140136
stat.node.5.injector.response_bytes = 1121088
stat.node.5.injector.aggregate_bytes = 1261224
stat.node.5.injector.request_gbps = 2.20206
stat.node.5.injector.response_gbps = 17.6165
stat.node.5.injector.aggregate_gbps = 19.8186
stat.node.5.llc.cxl_miss = 800
stat.node.5.llc.total_miss = 800
stat.node.5.llc.avg_miss_lat = 1343.04
stat.node.5.llc.avg_cxl_lat = 1343.04
stat.node.5.llc.miss_lat_hist_bin_ns = 10
stat.node.5.llc.miss_lat_hist = [0,0,0,0,0,0,0,0,0,0,0,0,0,0,0,0,0,0,0,0,0,0,0,0,0,0,0,0,0,0,0,0,0,0,0,0,0,0,0,0,0,0,0,0,0,0,0,0,0,0,0,0,0,50,83,145,403,77,40,2]
stat.node.5.util.dram_avg = 8.64003e-06
stat.node.5.walltime_s = 155.407
stat.node.5.active_time_s = 35.8388
stat.node.6.cpu.0.load_issue_to_complete_count = 799
stat.node.6.cpu.0.avg_load_issue_to_complete_lat = 1526.2
stat.node.6.injector.phase_cycles = 1221830
stat.node.6.injector.request_bytes = 140136
stat.node.6.injector.response_bytes = 1121024
stat.node.6.injector.aggregate_bytes = 1261160
stat.node.6.injector.request_gbps = 2.20212
stat.node.6.injector.response_gbps = 17.6159
stat.node.6.injector.aggregate_gbps = 19.818
stat.node.6.llc.cxl_miss = 800
stat.node.6.llc.total_miss = 800
stat.node.6.llc.avg_miss_lat = 1342.83
stat.node.6.llc.avg_cxl_lat = 1342.83
stat.node.6.llc.miss_lat_hist_bin_ns = 10
stat.node.6.llc.miss_lat_hist = [0,0,0,0,0,0,0,0,0,0,0,0,0,0,0,0,0,0,0,0,0,0,0,0,0,0,0,0,0,0,0,0,0,0,0,0,0,0,0,0,0,0,0,0,0,0,0,0,0,0,0,0,1,42,86,156,387,84,43,1]
stat.node.6.util.dram_avg = 8.63917e-06
stat.node.6.walltime_s = 155.441
stat.node.6.active_time_s = 35.355
stat.node.7.cpu.0.load_issue_to_complete_count = 799
stat.node.7.cpu.0.avg_load_issue_to_complete_lat = 1526.28
stat.node.7.injector.phase_cycles = 1221875
stat.node.7.injector.request_bytes = 140144
stat.node.7.injector.response_bytes = 1121088
stat.node.7.injector.aggregate_bytes = 1261232
stat.node.7.injector.request_gbps = 2.20216
stat.node.7.injector.response_gbps = 17.6163
stat.node.7.injector.aggregate_gbps = 19.8184
stat.node.7.llc.cxl_miss = 800
stat.node.7.llc.total_miss = 800
stat.node.7.llc.avg_miss_lat = 1342.87
stat.node.7.llc.avg_cxl_lat = 1342.87
stat.node.7.llc.miss_lat_hist_bin_ns = 10
stat.node.7.llc.miss_lat_hist = [0,0,0,0,0,0,0,0,0,0,0,0,0,0,0,0,0,0,0,0,0,0,0,0,0,0,0,0,0,0,0,0,0,0,0,0,0,0,0,0,0,0,0,0,0,0,0,0,0,0,0,0,0,40,105,125,409,72,47,2]
stat.node.7.util.dram_avg = 8.63808e-06
stat.node.7.walltime_s = 155.45
stat.node.7.active_time_s = 33.1442
stat.node.0.cpu.0.load_issue_to_complete_count = 799
stat.node.0.cpu.0.avg_load_issue_to_complete_lat = 1526.25
stat.node.0.injector.phase_cycles = 1221850
stat.node.0.injector.request_bytes = 140136
stat.node.0.injector.response_bytes = 1121024
stat.node.0.injector.aggregate_bytes = 1261160
stat.node.0.injector.request_gbps = 2.20208
stat.node.0.injector.response_gbps = 17.6156
stat.node.0.injector.aggregate_gbps = 19.8177
stat.node.0.llc.cxl_miss = 800
stat.node.0.llc.total_miss = 800
stat.node.0.llc.avg_miss_lat = 1342.91
stat.node.0.llc.avg_cxl_lat = 1342.91
stat.node.0.llc.miss_lat_hist_bin_ns = 10
stat.node.0.llc.miss_lat_hist = [0,0,0,0,0,0,0,0,0,0,0,0,0,0,0,0,0,0,0,0,0,0,0,0,0,0,0,0,0,0,0,0,0,0,0,0,0,0,0,0,0,0,0,0,0,0,0,0,0,0,0,0,0,53,72,172,387,66,49,1]
stat.node.0.util.dram_avg = 8.63763e-06
stat.node.0.walltime_s = 155.469
stat.node.0.active_time_s = 33.3849
stat.node.1.cpu.0.load_issue_to_complete_count = 799
stat.node.1.cpu.0.avg_load_issue_to_complete_lat = 1526.28
stat.node.1.injector.phase_cycles = 1221900
stat.node.1.injector.request_bytes = 140144
stat.node.1.injector.response_bytes = 1121088
stat.node.1.injector.aggregate_bytes = 1261232
stat.node.1.injector.request_gbps = 2.20212
stat.node.1.injector.response_gbps = 17.6159
stat.node.1.injector.aggregate_gbps = 19.818
stat.node.1.llc.cxl_miss = 800
stat.node.1.llc.total_miss = 800
stat.node.1.llc.avg_miss_lat = 1342.91
stat.node.1.llc.avg_cxl_lat = 1342.91
stat.node.1.llc.miss_lat_hist_bin_ns = 10
stat.node.1.llc.miss_lat_hist = [0,0,0,0,0,0,0,0,0,0,0,0,0,0,0,0,0,0,0,0,0,0,0,0,0,0,0,0,0,0,0,0,0,0,0,0,0,0,0,0,0,0,0,0,0,0,0,0,0,0,0,0,0,28,104,155,382,102,28,1]
stat.node.1.util.dram_avg = 8.63678e-06
stat.node.1.walltime_s = 155.499
stat.node.1.active_time_s = 42.8196
stat.node.3.cpu.0.load_issue_to_complete_count = 799
stat.node.3.cpu.0.avg_load_issue_to_complete_lat = 1526.31
stat.node.3.injector.phase_cycles = 1221915
stat.node.3.injector.request_bytes = 140144
stat.node.3.injector.response_bytes = 1121088
stat.node.3.injector.aggregate_bytes = 1261232
stat.node.3.injector.request_gbps = 2.20209
stat.node.3.injector.response_gbps = 17.6157
stat.node.3.injector.aggregate_gbps = 19.8178
stat.node.3.llc.cxl_miss = 800
stat.node.3.llc.total_miss = 800
stat.node.3.llc.avg_miss_lat = 1342.9
stat.node.3.llc.avg_cxl_lat = 1342.9
stat.node.3.llc.miss_lat_hist_bin_ns = 10
stat.node.3.llc.miss_lat_hist = [0,0,0,0,0,0,0,0,0,0,0,0,0,0,0,0,0,0,0,0,0,0,0,0,0,0,0,0,0,0,0,0,0,0,0,0,0,0,0,0,0,0,0,0,0,0,0,0,0,0,0,0,0,29,114,140,391,91,34,1]
stat.node.3.util.dram_avg = 8.63609e-06
stat.node.3.walltime_s = 155.504
stat.node.3.active_time_s = 31.9165
stat.node.2.cpu.0.load_issue_to_complete_count = 799
stat.node.2.cpu.0.avg_load_issue_to_complete_lat = 1534.07
stat.node.2.injector.phase_cycles = 1228120
stat.node.2.injector.request_bytes = 140856
stat.node.2.injector.response_bytes = 1126784
stat.node.2.injector.aggregate_bytes = 1267640
stat.node.2.injector.request_gbps = 2.20209
stat.node.2.injector.response_gbps = 17.6157
stat.node.2.injector.aggregate_gbps = 19.8178
stat.node.2.llc.cxl_miss = 800
stat.node.2.llc.total_miss = 800
stat.node.2.llc.avg_miss_lat = 1350.54
stat.node.2.llc.avg_cxl_lat = 1350.54
stat.node.2.llc.miss_lat_hist_bin_ns = 10
stat.node.2.llc.miss_lat_hist = [0,0,0,0,0,0,0,0,0,0,0,0,0,0,0,0,0,0,0,0,0,0,0,0,0,0,0,0,0,0,0,0,0,0,0,0,0,0,0,0,0,0,0,0,0,0,0,0,0,0,0,0,0,15,58,142,406,105,61,13]
stat.node.2.util.dram_avg = 8.59596e-06
stat.node.2.walltime_s = 155.977
stat.node.2.active_time_s = 36.2446
stat.node.4.cpu.0.load_issue_to_complete_count = 799
stat.node.4.cpu.0.avg_load_issue_to_complete_lat = 1539.93
stat.node.4.injector.phase_cycles = 1232800
stat.node.4.injector.request_bytes = 141392
stat.node.4.injector.response_bytes = 1131072
stat.node.4.injector.aggregate_bytes = 1272464
stat.node.4.injector.request_gbps = 2.20208
stat.node.4.injector.response_gbps = 17.6157
stat.node.4.injector.aggregate_gbps = 19.8177
stat.node.4.llc.cxl_miss = 800
stat.node.4.llc.total_miss = 800
stat.node.4.llc.avg_miss_lat = 1356.35
stat.node.4.llc.avg_cxl_lat = 1356.35
stat.node.4.llc.miss_lat_hist_bin_ns = 10
stat.node.4.llc.miss_lat_hist = [0,0,0,0,0,0,0,0,0,0,0,0,0,0,0,0,0,0,0,0,0,0,0,0,0,0,0,0,0,0,0,0,0,0,0,0,0,0,0,0,0,0,0,0,0,0,0,0,0,0,0,0,0,3,35,113,430,116,81,22]
stat.node.4.util.dram_avg = 8.5636e-06
stat.node.4.walltime_s = 156.404
stat.node.4.active_time_s = 39.6239
stat.pool.102.util.mem_avg = 0.159991
stat.pool.102.util.req_link_avg = 0.125015
stat.pool.102.walltime_s = 156.404
stat.pool.102.active_time_s = 1.82643
stat.pool.101.util.mem_avg = 0.159991
stat.pool.101.util.req_link_avg = 0.125015
stat.pool.101.walltime_s = 156.404
stat.pool.101.active_time_s = 1.84007
stat.pool.100.util.mem_avg = 0.159991
stat.pool.100.util.req_link_avg = 0.125016
stat.pool.100.walltime_s = 156.404
stat.pool.100.active_time_s = 1.97353
stat.switch.replicated_messages = 0
stat.switch.util.node_ingress_avg = 0.0468828
stat.switch.util.pool_ingress_avg = 0.999779
stat.switch.bw.host_to_switch_gbps = 2.30449
stat.switch.bw.switch_to_host_gbps = 18.4279
stat.switch.bw.host_link_total_gbps = 20.7324
stat.switch.walltime_s = 156.404
stat.switch.active_time_s = 4.41987
Simulation is complete, simulated time: 1.16867 ms
