stat.node.3.cpu.0.retired = 794
stat.node.3.cpu.0.cycles = 1000000
stat.node.4.cpu.0.retired = 794
stat.node.4.cpu.0.cycles = 1000000
stat.node.5.cpu.0.retired = 794
stat.node.5.cpu.0.cycles = 1000000
stat.node.6.cpu.0.retired = 795
stat.node.6.cpu.0.cycles = 1000000
stat.node.7.cpu.0.retired = 794
stat.node.0.cpu.0.retired = 794
stat.node.0.cpu.0.cycles = 1000000
stat.node.1.cpu.0.retired = 794
stat.node.1.cpu.0.cycles = 1000000
stat.node.2.cpu.0.retired = 794
stat.node.2.cpu.0.cycles = 1000000
stat.node.7.cpu.0.cycles = 1000000
stat.node.6.cpu.0.load_issue_to_complete_count = 799
stat.node.6.cpu.0.avg_load_issue_to_complete_lat = 960.382
stat.node.6.injector.phase_cycles = 769193
stat.node.6.injector.request_bytes = 103416
stat.node.6.injector.response_bytes = 186816
stat.node.6.injector.aggregate_bytes = 290232
stat.node.6.injector.request_gbps = 2.58139
stat.node.6.injector.response_gbps = 4.66316
stat.node.6.injector.aggregate_gbps = 7.24455
stat.node.6.llc.cxl_miss = 800
stat.node.6.llc.total_miss = 800
stat.node.6.llc.avg_miss_lat = 786.11
stat.node.6.llc.avg_cxl_lat = 786.11
stat.node.6.llc.miss_lat_hist_bin_ns = 10
stat.node.6.llc.miss_lat_hist = [0,0,0,0,0,0,0,0,0,0,0,0,0,0,0,0,0,0,0,0,0,0,0,0,0,0,0,0,1,3,35,247,215,159,62,24,18,18,10,8]
stat.node.6.util.dram_avg = 1.35297e-05
stat.node.6.walltime_s = 211.716
stat.node.6.active_time_s = 23.1171
stat.node.5.cpu.0.load_issue_to_complete_count = 799
stat.node.5.cpu.0.avg_load_issue_to_complete_lat = 963.065
stat.node.5.injector.phase_cycles = 771332
stat.node.5.injector.request_bytes = 103672
stat.node.5.injector.response_bytes = 187328
stat.node.5.injector.aggregate_bytes = 291000
stat.node.5.injector.request_gbps = 2.5806
stat.node.5.injector.response_gbps = 4.66297
stat.node.5.injector.aggregate_gbps = 7.24357
stat.node.5.llc.cxl_miss = 800
stat.node.5.llc.total_miss = 800
stat.node.5.llc.avg_miss_lat = 788.684
stat.node.5.llc.avg_cxl_lat = 788.684
stat.node.5.llc.miss_lat_hist_bin_ns = 10
stat.node.5.llc.miss_lat_hist = [0,0,0,0,0,0,0,0,0,0,0,0,0,0,0,0,0,0,0,0,0,0,0,0,0,0,0,0,0,0,28,249,231,149,66,15,15,13,13,20,1]
stat.node.5.util.dram_avg = 1.35116e-05
stat.node.5.walltime_s = 212.161
stat.node.5.active_time_s = 26.161
stat.node.0.cpu.0.load_issue_to_complete_count = 799
stat.node.0.cpu.0.avg_load_issue_to_complete_lat = 963.159
stat.node.0.injector.phase_cycles = 771407
stat.node.0.injector.request_bytes = 103744
stat.node.0.injector.response_bytes = 187328
stat.node.0.injector.aggregate_bytes = 291072
stat.node.0.injector.request_gbps = 2.58215
stat.node.0.injector.response_gbps = 4.66252
stat.node.0.injector.aggregate_gbps = 7.24466
stat.node.0.llc.cxl_miss = 800
stat.node.0.llc.total_miss = 800
stat.node.0.llc.avg_miss_lat = 788.67
stat.node.0.llc.avg_cxl_lat = 788.67
stat.node.0.llc.miss_lat_hist_bin_ns = 10
stat.node.0.llc.miss_lat_hist = [0,0,0,0,0,0,0,0,0,0,0,0,0,0,0,0,0,0,0,0,0,0,0,0,0,0,0,0,0,0,27,246,215,164,66,22,22,18,9,10,0,1]
stat.node.0.util.dram_avg = 1.35109e-05
stat.node.0.walltime_s = 212.191
stat.node.0.active_time_s = 26.2793
stat.node.4.cpu.0.load_issue_to_complete_count = 799
stat.node.4.cpu.0.avg_load_issue_to_complete_lat = 963.149
stat.node.4.injector.phase_cycles = 771399
stat.node.4.injector.request_bytes = 103736
stat.node.4.injector.response_bytes = 187328
stat.node.4.injector.aggregate_bytes = 291064
stat.node.4.injector.request_gbps = 2.58197
stat.node.4.injector.response_gbps = 4.66256
stat.node.4.injector.aggregate_gbps = 7.24454
stat.node.4.llc.cxl_miss = 800
stat.node.4.llc.total_miss = 800
stat.node.4.llc.avg_miss_lat = 788.898
stat.node.4.llc.avg_cxl_lat = 788.898
stat.node.4.llc.miss_lat_hist_bin_ns = 10
stat.node.4.llc.miss_lat_hist = [0,0,0,0,0,0,0,0,0,0,0,0,0,0,0,0,0,0,0,0,0,0,0,0,0,0,0,0,0,0,28,247,203,173,77,18,9,19,11,12,3]
stat.node.4.util.dram_avg = 1.3509e-05
stat.node.4.walltime_s = 212.18
stat.node.4.active_time_s = 22.3582
stat.node.1.cpu.0.load_issue_to_complete_count = 799
stat.node.1.cpu.0.avg_load_issue_to_complete_lat = 963.399
stat.node.1.injector.phase_cycles = 771599
stat.node.1.injector.request_bytes = 103744
stat.node.1.injector.response_bytes = 187392
stat.node.1.injector.aggregate_bytes = 291136
stat.node.1.injector.request_gbps = 2.5815
stat.node.1.injector.response_gbps = 4.66295
stat.node.1.injector.aggregate_gbps = 7.24445
stat.node.1.llc.cxl_miss = 800
stat.node.1.llc.total_miss = 800
stat.node.1.llc.avg_miss_lat = 788.74
stat.node.1.llc.avg_cxl_lat = 788.74
stat.node.1.llc.miss_lat_hist_bin_ns = 10
stat.node.1.llc.miss_lat_hist = [0,0,0,0,0,0,0,0,0,0,0,0,0,0,0,0,0,0,0,0,0,0,0,0,0,0,0,0,0,1,22,261,196,183,63,17,9,12,22,12,2]
stat.node.1.util.dram_avg = 1.35073e-05
stat.node.1.walltime_s = 212.22
stat.node.1.active_time_s = 23.8337
stat.node.7.cpu.0.load_issue_to_complete_count = 799
stat.node.7.cpu.0.avg_load_issue_to_complete_lat = 963.837
stat.node.7.injector.phase_cycles = 771949
stat.node.7.injector.request_bytes = 103760
stat.node.7.injector.response_bytes = 187456
stat.node.7.injector.aggregate_bytes = 291216
stat.node.7.injector.request_gbps = 2.58073
stat.node.7.injector.response_gbps = 4.66243
stat.node.7.injector.aggregate_gbps = 7.24316
stat.node.7.llc.cxl_miss = 800
stat.node.7.llc.total_miss = 800
stat.node.7.llc.avg_miss_lat = 789.592
stat.node.7.llc.avg_cxl_lat = 789.592
stat.node.7.llc.miss_lat_hist_bin_ns = 10
stat.node.7.llc.miss_lat_hist = [0,0,0,0,0,0,0,0,0,0,0,0,0,0,0,0,0,0,0,0,0,0,0,0,0,0,0,0,0,0,28,248,191,193,59,18,19,11,14,17,2]
stat.node.7.util.dram_avg = 1.35066e-05
stat.node.7.walltime_s = 212.194
stat.node.7.active_time_s = 23.3541
stat.node.3.cpu.0.load_issue_to_complete_count = 799
stat.node.3.cpu.0.avg_load_issue_to_complete_lat = 964.807
stat.node.3.injector.phase_cycles = 772724
stat.node.3.injector.request_bytes = 103912
stat.node.3.injector.response_bytes = 187712
stat.node.3.injector.aggregate_bytes = 291624
stat.node.3.injector.request_gbps = 2.58192
stat.node.3.injector.response_gbps = 4.66411
stat.node.3.injector.aggregate_gbps = 7.24603
stat.node.3.llc.cxl_miss = 800
stat.node.3.llc.total_miss = 800
stat.node.3.llc.avg_miss_lat = 790.395
stat.node.3.llc.avg_cxl_lat = 790.395
stat.node.3.llc.miss_lat_hist_bin_ns = 10
stat.node.3.llc.miss_lat_hist = [0,0,0,0,0,0,0,0,0,0,0,0,0,0,0,0,0,0,0,0,0,0,0,0,0,0,0,0,0,0,21,231,220,179,69,21,10,12,19,16,2]
stat.node.3.util.dram_avg = 1.34969e-05
stat.node.3.walltime_s = 212.375
stat.node.3.active_time_s = 30.5744
stat.node.2.cpu.0.load_issue_to_complete_count = 799
stat.node.2.cpu.0.avg_load_issue_to_complete_lat = 965.458
stat.node.2.injector.phase_cycles = 773244
stat.node.2.injector.request_bytes = 103920
stat.node.2.injector.response_bytes = 187776
stat.node.2.injector.aggregate_bytes = 291696
stat.node.2.injector.request_gbps = 2.58038
stat.node.2.injector.response_gbps = 4.66256
stat.node.2.injector.aggregate_gbps = 7.24294
stat.node.2.llc.cxl_miss = 800
stat.node.2.llc.total_miss = 800
stat.node.2.llc.avg_miss_lat = 791.128
stat.node.2.llc.avg_cxl_lat = 791.128
stat.node.2.llc.miss_lat_hist_bin_ns = 10
stat.node.2.llc.miss_lat_hist = [0,0,0,0,0,0,0,0,0,0,0,0,0,0,0,0,0,0,0,0,0,0,0,0,0,0,0,0,0,1,27,217,226,173,76,13,19,18,19,9,2]
stat.node.2.util.dram_avg = 1.34931e-05
stat.node.2.walltime_s = 212.4
stat.node.2.active_time_s = 25.4983
stat.pool.100.util.mem_avg = 0.206838
stat.pool.100.util.req_link_avg = 0.446138
stat.pool.100.walltime_s = 212.376
stat.pool.100.active_time_s = 0.733579
stat.switch.replicated_messages = 23136
stat.switch.util.node_ingress_avg = 0.0557702
stat.switch.util.pool_ingress_avg = 0.967512
stat.switch.bw.host_to_switch_gbps = 2.74123
stat.switch.bw.switch_to_host_gbps = 5.9444
stat.switch.bw.host_link_total_gbps = 8.68564
stat.switch.walltime_s = 212.377
stat.switch.active_time_s = 2.58117
Simulation is complete, simulated time: 741.71 us
