stat.node.6.cpu.0.retired = 800
stat.node.6.cpu.0.cycles = 1000000
stat.node.7.cpu.0.retired = 802
stat.node.7.cpu.0.cycles = 1000000
stat.node.0.cpu.0.retired = 801
stat.node.0.cpu.0.cycles = 1000000
stat.node.1.cpu.0.retired = 799
stat.node.1.cpu.0.cycles = 1000000
stat.node.2.cpu.0.retired = 800
stat.node.2.cpu.0.cycles = 1000000
stat.node.3.cpu.0.retired = 801
stat.node.3.cpu.0.cycles = 1000000
stat.node.4.cpu.0.retired = 801
stat.node.4.cpu.0.cycles = 1000000
stat.node.5.cpu.0.retired = 801
stat.node.5.cpu.0.cycles = 1000000
stat.node.5.cpu.0.load_issue_to_complete_count = 799
stat.node.5.cpu.0.avg_load_issue_to_complete_lat = 957.68
stat.node.5.injector.phase_cycles = 767110
stat.node.5.injector.request_bytes = 222352
stat.node.5.injector.response_bytes = 136832
stat.node.5.injector.aggregate_bytes = 359184
stat.node.5.injector.request_gbps = 5.56525
stat.node.5.injector.response_gbps = 3.42477
stat.node.5.injector.aggregate_gbps = 8.99002
stat.node.5.llc.cxl_miss = 800
stat.node.5.llc.total_miss = 800
stat.node.5.llc.avg_miss_lat = 784.051
stat.node.5.llc.avg_cxl_lat = 784.051
stat.node.5.llc.miss_lat_hist_bin_ns = 10
stat.node.5.llc.miss_lat_hist = [0,0,0,0,0,0,0,0,0,0,0,0,0,0,0,0,0,0,0,0,0,0,0,0,0,0,10,14,47,101,106,117,76,61,34,65,79,62,23,3,2]
stat.node.5.util.dram_avg = 1.35945e-05
stat.node.5.walltime_s = 200.188
stat.node.5.active_time_s = 24.8073
stat.node.7.cpu.0.load_issue_to_complete_count = 799
stat.node.7.cpu.0.avg_load_issue_to_complete_lat = 959.322
stat.node.7.injector.phase_cycles = 768394
stat.node.7.injector.request_bytes = 222768
stat.node.7.injector.response_bytes = 137024
stat.node.7.injector.aggregate_bytes = 359792
stat.node.7.injector.request_gbps = 5.56634
stat.node.7.injector.response_gbps = 3.42384
stat.node.7.injector.aggregate_gbps = 8.99019
stat.node.7.llc.cxl_miss = 800
stat.node.7.llc.total_miss = 800
stat.node.7.llc.avg_miss_lat = 785.178
stat.node.7.llc.avg_cxl_lat = 785.178
stat.node.7.llc.miss_lat_hist_bin_ns = 10
stat.node.7.llc.miss_lat_hist = [0,0,0,0,0,0,0,0,0,0,0,0,0,0,0,0,0,0,0,0,0,0,0,0,0,0,8,16,59,89,100,95,67,84,59,66,73,60,24]
stat.node.7.util.dram_avg = 1.35898e-05
stat.node.7.walltime_s = 200.2
stat.node.7.active_time_s = 24.5713
stat.node.4.cpu.0.load_issue_to_complete_count = 799
stat.node.4.cpu.0.avg_load_issue_to_complete_lat = 958.787
stat.node.4.injector.phase_cycles = 767995
stat.node.4.injector.request_bytes = 222632
stat.node.4.injector.response_bytes = 136960
stat.node.4.injector.aggregate_bytes = 359592
stat.node.4.injector.request_gbps = 5.56584
stat.node.4.injector.response_gbps = 3.42402
stat.node.4.injector.aggregate_gbps = 8.98986
stat.node.4.llc.cxl_miss = 800
stat.node.4.llc.total_miss = 800
stat.node.4.llc.avg_miss_lat = 784.935
stat.node.4.llc.avg_cxl_lat = 784.935
stat.node.4.llc.miss_lat_hist_bin_ns = 10
stat.node.4.llc.miss_lat_hist = [0,0,0,0,0,0,0,0,0,0,0,0,0,0,0,0,0,0,0,0,0,0,0,0,0,0,4,24,57,98,84,132,58,22,65,82,101,59,14]
stat.node.4.util.dram_avg = 1.35875e-05
stat.node.4.walltime_s = 200.222
stat.node.4.active_time_s = 26.3464
stat.node.2.cpu.0.load_issue_to_complete_count = 799
stat.node.2.cpu.0.avg_load_issue_to_complete_lat = 958.299
stat.node.2.injector.phase_cycles = 767558
stat.node.2.injector.request_bytes = 222488
stat.node.2.injector.response_bytes = 136896
stat.node.2.injector.aggregate_bytes = 359384
stat.node.2.injector.request_gbps = 5.5654
stat.node.2.injector.response_gbps = 3.42437
stat.node.2.injector.aggregate_gbps = 8.98977
stat.node.2.llc.cxl_miss = 800
stat.node.2.llc.total_miss = 800
stat.node.2.llc.avg_miss_lat = 784.457
stat.node.2.llc.avg_cxl_lat = 784.457
stat.node.2.llc.miss_lat_hist_bin_ns = 10
stat.node.2.llc.miss_lat_hist = [0,0,0,0,0,0,0,0,0,0,0,0,0,0,0,0,0,0,0,0,0,0,0,0,0,0,7,12,61,110,98,123,46,32,58,74,107,58,11,1,1,1]
stat.node.2.util.dram_avg = 1.35852e-05
stat.node.2.walltime_s = 200.216
stat.node.2.active_time_s = 26.2541
stat.node.3.cpu.0.load_issue_to_complete_count = 799
stat.node.3.cpu.0.avg_load_issue_to_complete_lat = 959.025
stat.node.3.injector.phase_cycles = 768008
stat.node.3.injector.request_bytes = 222632
stat.node.3.injector.response_bytes = 137024
stat.node.3.injector.aggregate_bytes = 359656
stat.node.3.injector.request_gbps = 5.56574
stat.node.3.injector.response_gbps = 3.42556
stat.node.3.injector.aggregate_gbps = 8.99131
stat.node.3.llc.cxl_miss = 800
stat.node.3.llc.total_miss = 800
stat.node.3.llc.avg_miss_lat = 784.957
stat.node.3.llc.avg_cxl_lat = 784.957
stat.node.3.llc.miss_lat_hist_bin_ns = 10
stat.node.3.llc.miss_lat_hist = [0,0,0,0,0,0,0,0,0,0,0,0,0,0,0,0,0,0,0,0,0,0,0,0,0,0,2,6,43,119,126,118,41,54,48,59,108,66,6,4]
stat.node.3.util.dram_avg = 1.35836e-05
stat.node.3.walltime_s = 200.216
stat.node.3.active_time_s = 27.9537
stat.node.0.cpu.0.load_issue_to_complete_count = 799
stat.node.0.cpu.0.avg_load_issue_to_complete_lat = 959.169
stat.node.0.injector.phase_cycles = 768199
stat.node.0.injector.request_bytes = 222704
stat.node.0.injector.response_bytes = 137024
stat.node.0.injector.aggregate_bytes = 359728
stat.node.0.injector.request_gbps = 5.56616
stat.node.0.injector.response_gbps = 3.42471
stat.node.0.injector.aggregate_gbps = 8.99087
stat.node.0.llc.cxl_miss = 800
stat.node.0.llc.total_miss = 800
stat.node.0.llc.avg_miss_lat = 785.49
stat.node.0.llc.avg_cxl_lat = 785.49
stat.node.0.llc.miss_lat_hist_bin_ns = 10
stat.node.0.llc.miss_lat_hist = [0,0,0,0,0,0,0,0,0,0,0,0,0,0,0,0,0,0,0,0,0,0,0,0,0,0,4,6,51,92,90,161,81,36,52,63,81,64,14,5]
stat.node.0.util.dram_avg = 1.3582e-05
stat.node.0.walltime_s = 200.236
stat.node.0.active_time_s = 28.6473
stat.node.6.cpu.0.load_issue_to_complete_count = 799
stat.node.6.cpu.0.avg_load_issue_to_complete_lat = 960.285
stat.node.6.injector.phase_cycles = 769185
stat.node.6.injector.request_bytes = 222976
stat.node.6.injector.response_bytes = 137216
stat.node.6.injector.aggregate_bytes = 360192
stat.node.6.injector.request_gbps = 5.56581
stat.node.6.injector.response_gbps = 3.42512
stat.node.6.injector.aggregate_gbps = 8.99093
stat.node.6.llc.cxl_miss = 800
stat.node.6.llc.total_miss = 800
stat.node.6.llc.avg_miss_lat = 786.375
stat.node.6.llc.avg_cxl_lat = 786.375
stat.node.6.llc.miss_lat_hist_bin_ns = 10
stat.node.6.llc.miss_lat_hist = [0,0,0,0,0,0,0,0,0,0,0,0,0,0,0,0,0,0,0,0,0,0,0,0,0,0,2,14,46,107,97,124,83,39,30,75,100,60,17,5,0,1]
stat.node.6.util.dram_avg = 1.35671e-05
stat.node.6.walltime_s = 200.261
stat.node.6.active_time_s = 24.3631
stat.node.1.cpu.0.load_issue_to_complete_count = 799
stat.node.1.cpu.0.avg_load_issue_to_complete_lat = 959.593
stat.node.1.injector.phase_cycles = 768662
stat.node.1.injector.request_bytes = 222832
stat.node.1.injector.response_bytes = 137088
stat.node.1.injector.aggregate_bytes = 359920
stat.node.1.injector.request_gbps = 5.566
stat.node.1.injector.response_gbps = 3.42425
stat.node.1.injector.aggregate_gbps = 8.99025
stat.node.1.llc.cxl_miss = 800
stat.node.1.llc.total_miss = 800
stat.node.1.llc.avg_miss_lat = 786.155
stat.node.1.llc.avg_cxl_lat = 786.155
stat.node.1.llc.miss_lat_hist_bin_ns = 10
stat.node.1.llc.miss_lat_hist = [0,0,0,0,0,0,0,0,0,0,0,0,0,0,0,0,0,0,0,0,0,0,0,0,0,0,2,6,64,115,83,110,77,41,46,80,97,63,12,3,1]
stat.node.1.util.dram_avg = 1.35659e-05
stat.node.1.walltime_s = 200.277
stat.node.1.active_time_s = 21.8464
stat.pool.100.util.mem_avg = 0.256504
stat.pool.100.util.req_link_avg = 0.931841
stat.pool.100.walltime_s = 200.277
stat.pool.100.active_time_s = 0.857902
stat.switch.replicated_messages = 59160
stat.switch.util.node_ingress_avg = 0.116495
stat.switch.util.pool_ingress_avg = 0.767214
stat.switch.bw.host_to_switch_gbps = 5.72646
stat.switch.bw.switch_to_host_gbps = 4.71379
stat.switch.bw.host_link_total_gbps = 10.4403
stat.switch.walltime_s = 200.277
stat.switch.active_time_s = 2.67324
Simulation is complete, simulated time: 737.734 us
