stat.node.4.cpu.0.retired = 798
stat.node.4.cpu.0.cycles = 1000000
stat.node.5.cpu.0.retired = 796
stat.node.5.cpu.0.cycles = 1000000
stat.node.6.cpu.0.retired = 798
stat.node.6.cpu.0.cycles = 1000000
stat.node.7.cpu.0.retired = 796
stat.node.0.cpu.0.retired = 795
stat.node.0.cpu.0.cycles = 1000000
stat.node.1.cpu.0.retired = 796
stat.node.1.cpu.0.cycles = 1000000
stat.node.2.cpu.0.retired = 793
stat.node.2.cpu.0.cycles = 1000000
stat.node.3.cpu.0.retired = 793
stat.node.3.cpu.0.cycles = 1000000
stat.node.7.cpu.0.cycles = 1000000
stat.node.6.cpu.0.load_issue_to_complete_count = 799
stat.node.6.cpu.0.avg_load_issue_to_complete_lat = 950.418
stat.node.6.injector.phase_cycles = 761328
stat.node.6.injector.request_bytes = 42808
stat.node.6.injector.response_bytes = 181184
stat.node.6.injector.aggregate_bytes = 223992
stat.node.6.injector.request_gbps = 1.07958
stat.node.6.injector.response_gbps = 4.5693
stat.node.6.injector.aggregate_gbps = 5.64887
stat.node.6.llc.cxl_miss = 800
stat.node.6.llc.total_miss = 800
stat.node.6.llc.avg_miss_lat = 776.8
stat.node.6.llc.avg_cxl_lat = 776.8
stat.node.6.llc.miss_lat_hist_bin_ns = 10
stat.node.6.llc.miss_lat_hist = [0,0,0,0,0,0,0,0,0,0,0,0,0,0,0,0,0,0,0,0,0,0,0,0,0,0,10,8,19,33,85,254,108,77,85,58,53,8,2]
stat.node.6.util.dram_avg = 1.36126e-05
stat.node.6.walltime_s = 179.596
stat.node.6.active_time_s = 22.7016
stat.node.4.cpu.0.load_issue_to_complete_count = 799
stat.node.4.cpu.0.avg_load_issue_to_complete_lat = 953.417
stat.node.4.injector.phase_cycles = 763724
stat.node.4.injector.request_bytes = 42944
stat.node.4.injector.response_bytes = 181760
stat.node.4.injector.aggregate_bytes = 224704
stat.node.4.injector.request_gbps = 1.07961
stat.node.4.injector.response_gbps = 4.56944
stat.node.4.injector.aggregate_gbps = 5.64905
stat.node.4.llc.cxl_miss = 800
stat.node.4.llc.total_miss = 800
stat.node.4.llc.avg_miss_lat = 779.565
stat.node.4.llc.avg_cxl_lat = 779.565
stat.node.4.llc.miss_lat_hist_bin_ns = 10
stat.node.4.llc.miss_lat_hist = [0,0,0,0,0,0,0,0,0,0,0,0,0,0,0,0,0,0,0,0,0,0,0,0,0,0,14,9,9,17,68,282,112,78,81,62,54,12,2]
stat.node.4.util.dram_avg = 1.35939e-05
stat.node.4.walltime_s = 179.712
stat.node.4.active_time_s = 30.0701
stat.node.5.cpu.0.load_issue_to_complete_count = 799
stat.node.5.cpu.0.avg_load_issue_to_complete_lat = 953.824
stat.node.5.injector.phase_cycles = 763904
stat.node.5.injector.request_bytes = 42952
stat.node.5.injector.response_bytes = 181824
stat.node.5.injector.aggregate_bytes = 224776
stat.node.5.injector.request_gbps = 1.07956
stat.node.5.injector.response_gbps = 4.56997
stat.node.5.injector.aggregate_gbps = 5.64953
stat.node.5.llc.cxl_miss = 800
stat.node.5.llc.total_miss = 800
stat.node.5.llc.avg_miss_lat = 779.604
stat.node.5.llc.avg_cxl_lat = 779.604
stat.node.5.llc.miss_lat_hist_bin_ns = 10
stat.node.5.llc.miss_lat_hist = [0,0,0,0,0,0,0,0,0,0,0,0,0,0,0,0,0,0,0,0,0,0,0,0,0,0,11,5,11,22,63,278,121,79,81,70,50,8,1]
stat.node.5.util.dram_avg = 1.35818e-05
stat.node.5.walltime_s = 179.774
stat.node.5.active_time_s = 21.7705
stat.node.1.cpu.0.load_issue_to_complete_count = 799
stat.node.1.cpu.0.avg_load_issue_to_complete_lat = 953.824
stat.node.1.injector.phase_cycles = 763904
stat.node.1.injector.request_bytes = 42952
stat.node.1.injector.response_bytes = 181824
stat.node.1.injector.aggregate_bytes = 224776
stat.node.1.injector.request_gbps = 1.07956
stat.node.1.injector.response_gbps = 4.56997
stat.node.1.injector.aggregate_gbps = 5.64953
stat.node.1.llc.cxl_miss = 800
stat.node.1.llc.total_miss = 800
stat.node.1.llc.avg_miss_lat = 779.785
stat.node.1.llc.avg_cxl_lat = 779.785
stat.node.1.llc.miss_lat_hist_bin_ns = 10
stat.node.1.llc.miss_lat_hist = [0,0,0,0,0,0,0,0,0,0,0,0,0,0,0,0,0,0,0,0,0,0,0,0,0,0,1,4,15,33,79,288,86,73,84,62,64,11]
stat.node.1.util.dram_avg = 1.35799e-05
stat.node.1.walltime_s = 179.763
stat.node.1.active_time_s = 21.004
stat.node.7.cpu.0.load_issue_to_complete_count = 799
stat.node.7.cpu.0.avg_load_issue_to_complete_lat = 954.599
stat.node.7.injector.phase_cycles = 764524
stat.node.7.injector.request_bytes = 42968
stat.node.7.injector.response_bytes = 181952
stat.node.7.injector.aggregate_bytes = 224920
stat.node.7.injector.request_gbps = 1.07908
stat.node.7.injector.response_gbps = 4.56948
stat.node.7.injector.aggregate_gbps = 5.64857
stat.node.7.llc.cxl_miss = 800
stat.node.7.llc.total_miss = 800
stat.node.7.llc.avg_miss_lat = 780.576
stat.node.7.llc.avg_cxl_lat = 780.576
stat.node.7.llc.miss_lat_hist_bin_ns = 10
stat.node.7.llc.miss_lat_hist = [0,0,0,0,0,0,0,0,0,0,0,0,0,0,0,0,0,0,0,0,0,0,0,0,0,0,12,10,6,14,60,290,111,67,93,74,56,7]
stat.node.7.util.dram_avg = 1.35753e-05
stat.node.7.walltime_s = 179.794
stat.node.7.active_time_s = 23.0228
stat.node.0.cpu.0.load_issue_to_complete_count = 799
stat.node.0.cpu.0.avg_load_issue_to_complete_lat = 956.163
stat.node.0.injector.phase_cycles = 765894
stat.node.0.injector.request_bytes = 43008
stat.node.0.injector.response_bytes = 182272
stat.node.0.injector.aggregate_bytes = 225280
stat.node.0.injector.request_gbps = 1.07816
stat.node.0.injector.response_gbps = 4.56933
stat.node.0.injector.aggregate_gbps = 5.64749
stat.node.0.llc.cxl_miss = 800
stat.node.0.llc.total_miss = 800
stat.node.0.llc.avg_miss_lat = 781.904
stat.node.0.llc.avg_cxl_lat = 781.904
stat.node.0.llc.miss_lat_hist_bin_ns = 10
stat.node.0.llc.miss_lat_hist = [0,0,0,0,0,0,0,0,0,0,0,0,0,0,0,0,0,0,0,0,0,0,0,0,0,0,10,5,8,14,61,285,115,89,75,82,46,10]
stat.node.0.util.dram_avg = 1.35567e-05
stat.node.0.walltime_s = 179.925
stat.node.0.active_time_s = 28.6056
stat.node.2.cpu.0.load_issue_to_complete_count = 799
stat.node.2.cpu.0.avg_load_issue_to_complete_lat = 955.418
stat.node.2.injector.phase_cycles = 765319
stat.node.2.injector.request_bytes = 43056
stat.node.2.injector.response_bytes = 182144
stat.node.2.injector.aggregate_bytes = 225200
stat.node.2.injector.request_gbps = 1.08017
stat.node.2.injector.response_gbps = 4.56955
stat.node.2.injector.aggregate_gbps = 5.64972
stat.node.2.llc.cxl_miss = 800
stat.node.2.llc.total_miss = 800
stat.node.2.llc.avg_miss_lat = 781.298
stat.node.2.llc.avg_cxl_lat = 781.298
stat.node.2.llc.miss_lat_hist_bin_ns = 10
stat.node.2.llc.miss_lat_hist = [0,0,0,0,0,0,0,0,0,0,0,0,0,0,0,0,0,0,0,0,0,0,0,0,0,0,9,5,14,22,72,260,124,71,81,68,63,10,1]
stat.node.2.util.dram_avg = 1.35449e-05
stat.node.2.walltime_s = 179.986
stat.node.2.active_time_s = 25.9768
stat.node.3.cpu.0.load_issue_to_complete_count = 799
stat.node.3.cpu.0.avg_load_issue_to_complete_lat = 955.432
stat.node.3.injector.phase_cycles = 765330
stat.node.3.injector.request_bytes = 42992
stat.node.3.injector.response_bytes = 182144
stat.node.3.injector.aggregate_bytes = 225136
stat.node.3.injector.request_gbps = 1.07855
stat.node.3.injector.response_gbps = 4.56949
stat.node.3.injector.aggregate_gbps = 5.64804
stat.node.3.llc.cxl_miss = 800
stat.node.3.llc.total_miss = 800
stat.node.3.llc.avg_miss_lat = 781.533
stat.node.3.llc.avg_cxl_lat = 781.533
stat.node.3.llc.miss_lat_hist_bin_ns = 10
stat.node.3.llc.miss_lat_hist = [0,0,0,0,0,0,0,0,0,0,0,0,0,0,0,0,0,0,0,0,0,0,0,0,0,0,5,7,11,22,74,275,106,68,88,80,51,13]
stat.node.3.util.dram_avg = 1.35427e-05
stat.node.3.walltime_s = 180.008
stat.node.3.active_time_s = 23.6271
stat.pool.100.util.mem_avg = 0.165761
stat.pool.100.util.req_link_avg = 0.201802
stat.pool.100.walltime_s = 179.996
stat.pool.100.active_time_s = 0.791242
stat.switch.replicated_messages = 5856
stat.switch.util.node_ingress_avg = 0.0252263
stat.switch.util.pool_ingress_avg = 0.953349
stat.switch.bw.host_to_switch_gbps = 1.24001
stat.switch.bw.switch_to_host_gbps = 5.85737
stat.switch.bw.host_link_total_gbps = 7.09738
stat.switch.walltime_s = 179.996
stat.switch.active_time_s = 2.48051
Simulation is complete, simulated time: 738.997 us
