stat.node.5.cpu.0.retired = 805
stat.node.6.cpu.0.retired = 805
stat.node.6.cpu.0.cycles = 1000000
stat.node.7.cpu.0.retired = 805
stat.node.7.cpu.0.cycles = 1000000
stat.node.0.cpu.0.retired = 804
stat.node.0.cpu.0.cycles = 1000000
stat.node.1.cpu.0.retired = 804
stat.node.1.cpu.0.cycles = 1000000
stat.node.2.cpu.0.retired = 799
stat.node.2.cpu.0.cycles = 1000000
stat.node.3.cpu.0.retired = 804
stat.node.3.cpu.0.cycles = 1000000
stat.node.4.cpu.0.retired = 790
stat.node.4.cpu.0.cycles = 1000000
stat.node.5.cpu.0.cycles = 1000000
stat.node.5.cpu.0.load_issue_to_complete_count = 799
stat.node.5.cpu.0.avg_load_issue_to_complete_lat = 966.389
stat.node.5.injector.phase_cycles = 773950
stat.node.5.injector.request_bytes = 86392
stat.node.5.injector.response_bytes = 691136
stat.node.5.injector.aggregate_bytes = 777528
stat.node.5.injector.request_gbps = 2.1432
stat.node.5.injector.response_gbps = 17.1456
stat.node.5.injector.aggregate_gbps = 19.2888
stat.node.5.llc.cxl_miss = 800
stat.node.5.llc.total_miss = 800
stat.node.5.llc.avg_miss_lat = 791.964
stat.node.5.llc.avg_cxl_lat = 791.964
stat.node.5.llc.miss_lat_hist_bin_ns = 10
stat.node.5.llc.miss_lat_hist = [0,0,0,0,0,0,0,0,0,0,0,0,0,0,0,0,0,0,0,0,0,0,0,0,0,0,0,0,0,0,14,180,152,266,159,22,7]
stat.node.5.util.dram_avg = 1.35716e-05
stat.node.5.walltime_s = 214.138
stat.node.5.active_time_s = 29.2019
stat.node.6.cpu.0.load_issue_to_complete_count = 799
stat.node.6.cpu.0.avg_load_issue_to_complete_lat = 966.678
stat.node.6.injector.phase_cycles = 774219
stat.node.6.injector.request_bytes = 86424
stat.node.6.injector.response_bytes = 691392
stat.node.6.injector.aggregate_bytes = 777816
stat.node.6.injector.request_gbps = 2.14324
stat.node.6.injector.response_gbps = 17.146
stat.node.6.injector.aggregate_gbps = 19.2892
stat.node.6.llc.cxl_miss = 800
stat.node.6.llc.total_miss = 800
stat.node.6.llc.avg_miss_lat = 792.337
stat.node.6.llc.avg_cxl_lat = 792.337
stat.node.6.llc.miss_lat_hist_bin_ns = 10
stat.node.6.llc.miss_lat_hist = [0,0,0,0,0,0,0,0,0,0,0,0,0,0,0,0,0,0,0,0,0,0,0,0,0,0,0,0,0,0,5,164,189,252,160,28,2]
stat.node.6.util.dram_avg = 1.35678e-05
stat.node.6.walltime_s = 214.165
stat.node.6.active_time_s = 22.9097
stat.node.7.cpu.0.load_issue_to_complete_count = 799
stat.node.7.cpu.0.avg_load_issue_to_complete_lat = 966.777
stat.node.7.injector.phase_cycles = 774300
stat.node.7.injector.request_bytes = 86432
stat.node.7.injector.response_bytes = 691456
stat.node.7.injector.aggregate_bytes = 777888
stat.node.7.injector.request_gbps = 2.14322
stat.node.7.injector.response_gbps = 17.1458
stat.node.7.injector.aggregate_gbps = 19.289
stat.node.7.llc.cxl_miss = 800
stat.node.7.llc.total_miss = 800
stat.node.7.llc.avg_miss_lat = 792.375
stat.node.7.llc.avg_cxl_lat = 792.375
stat.node.7.llc.miss_lat_hist_bin_ns = 10
stat.node.7.llc.miss_lat_hist = [0,0,0,0,0,0,0,0,0,0,0,0,0,0,0,0,0,0,0,0,0,0,0,0,0,0,0,0,0,0,8,171,184,258,149,22,7,1]
stat.node.7.util.dram_avg = 1.35661e-05
stat.node.7.walltime_s = 214.162
stat.node.7.active_time_s = 26.2746
stat.node.0.cpu.0.load_issue_to_complete_count = 799
stat.node.0.cpu.0.avg_load_issue_to_complete_lat = 966.866
stat.node.0.injector.phase_cycles = 774375
stat.node.0.injector.request_bytes = 86440
stat.node.0.injector.response_bytes = 691520
stat.node.0.injector.aggregate_bytes = 777960
stat.node.0.injector.request_gbps = 2.14321
stat.node.0.injector.response_gbps = 17.1457
stat.node.0.injector.aggregate_gbps = 19.2889
stat.node.0.llc.cxl_miss = 800
stat.node.0.llc.total_miss = 800
stat.node.0.llc.avg_miss_lat = 792.398
stat.node.0.llc.avg_cxl_lat = 792.398
stat.node.0.llc.miss_lat_hist_bin_ns = 10
stat.node.0.llc.miss_lat_hist = [0,0,0,0,0,0,0,0,0,0,0,0,0,0,0,0,0,0,0,0,0,0,0,0,0,0,0,0,0,0,6,198,130,275,161,22,8]
stat.node.0.util.dram_avg = 1.35644e-05
stat.node.0.walltime_s = 214.19
stat.node.0.active_time_s = 24.8399
stat.node.1.cpu.0.load_issue_to_complete_count = 799
stat.node.1.cpu.0.avg_load_issue_to_complete_lat = 967.073
stat.node.1.injector.phase_cycles = 774515
stat.node.1.injector.request_bytes = 86456
stat.node.1.injector.response_bytes = 691648
stat.node.1.injector.aggregate_bytes = 778104
stat.node.1.injector.request_gbps = 2.14322
stat.node.1.injector.response_gbps = 17.1458
stat.node.1.injector.aggregate_gbps = 19.289
stat.node.1.llc.cxl_miss = 800
stat.node.1.llc.total_miss = 800
stat.node.1.llc.avg_miss_lat = 792.619
stat.node.1.llc.avg_cxl_lat = 792.619
stat.node.1.llc.miss_lat_hist_bin_ns = 10
stat.node.1.llc.miss_lat_hist = [0,0,0,0,0,0,0,0,0,0,0,0,0,0,0,0,0,0,0,0,0,0,0,0,0,0,0,0,0,0,8,144,215,263,136,30,4]
stat.node.1.util.dram_avg = 1.35623e-05
stat.node.1.walltime_s = 214.197
stat.node.1.active_time_s = 21.9676
stat.node.3.cpu.0.load_issue_to_complete_count = 799
stat.node.3.cpu.0.avg_load_issue_to_complete_lat = 967.143
stat.node.3.injector.phase_cycles = 774590
stat.node.3.injector.request_bytes = 86472
stat.node.3.injector.response_bytes = 691712
stat.node.3.injector.aggregate_bytes = 778184
stat.node.3.injector.request_gbps = 2.14341
stat.node.3.injector.response_gbps = 17.1457
stat.node.3.injector.aggregate_gbps = 19.2891
stat.node.3.llc.cxl_miss = 800
stat.node.3.llc.total_miss = 800
stat.node.3.llc.avg_miss_lat = 792.81
stat.node.3.llc.avg_cxl_lat = 792.81
stat.node.3.llc.miss_lat_hist_bin_ns = 10
stat.node.3.llc.miss_lat_hist = [0,0,0,0,0,0,0,0,0,0,0,0,0,0,0,0,0,0,0,0,0,0,0,0,0,0,0,0,0,0,8,164,199,233,166,27,3]
stat.node.3.util.dram_avg = 1.35605e-05
stat.node.3.walltime_s = 214.186
stat.node.3.active_time_s = 25.5476
stat.node.2.cpu.0.load_issue_to_complete_count = 799
stat.node.2.cpu.0.avg_load_issue_to_complete_lat = 975.1
stat.node.2.injector.phase_cycles = 780975
stat.node.2.injector.request_bytes = 87176
stat.node.2.injector.response_bytes = 697408
stat.node.2.injector.aggregate_bytes = 784584
stat.node.2.injector.request_gbps = 2.14319
stat.node.2.injector.response_gbps = 17.1455
stat.node.2.injector.aggregate_gbps = 19.2887
stat.node.2.llc.cxl_miss = 800
stat.node.2.llc.total_miss = 800
stat.node.2.llc.avg_miss_lat = 800.56
stat.node.2.llc.avg_cxl_lat = 800.56
stat.node.2.llc.miss_lat_hist_bin_ns = 10
stat.node.2.llc.miss_lat_hist = [0,0,0,0,0,0,0,0,0,0,0,0,0,0,0,0,0,0,0,0,0,0,0,0,0,0,0,0,0,0,5,116,140,273,213,39,14]
stat.node.2.util.dram_avg = 1.34732e-05
stat.node.2.walltime_s = 215.586
stat.node.2.active_time_s = 23.2569
stat.node.4.cpu.0.load_issue_to_complete_count = 799
stat.node.4.cpu.0.avg_load_issue_to_complete_lat = 982.824
stat.node.4.injector.phase_cycles = 787100
stat.node.4.injector.request_bytes = 87864
stat.node.4.injector.response_bytes = 702848
stat.node.4.injector.aggregate_bytes = 790712
stat.node.4.injector.request_gbps = 2.1433
stat.node.4.injector.response_gbps = 17.1448
stat.node.4.injector.aggregate_gbps = 19.2881
stat.node.4.llc.cxl_miss = 800
stat.node.4.llc.total_miss = 800
stat.node.4.llc.avg_miss_lat = 808.074
stat.node.4.llc.avg_cxl_lat = 808.074
stat.node.4.llc.miss_lat_hist_bin_ns = 10
stat.node.4.llc.miss_lat_hist = [0,0,0,0,0,0,0,0,0,0,0,0,0,0,0,0,0,0,0,0,0,0,0,0,0,0,0,0,0,0,2,58,127,274,253,61,24,1]
stat.node.4.util.dram_avg = 1.33633e-05
stat.node.4.walltime_s = 216.122
stat.node.4.active_time_s = 27.1833
stat.pool.102.util.mem_avg = 0.159967
stat.pool.102.util.req_link_avg = 0.124983
stat.pool.102.walltime_s = 216.114
stat.pool.102.active_time_s = 0.790249
stat.pool.101.util.mem_avg = 0.159967
stat.pool.101.util.req_link_avg = 0.124984
stat.pool.101.walltime_s = 216.114
stat.pool.101.active_time_s = 0.89105
stat.pool.100.util.mem_avg = 0.159969
stat.pool.100.util.req_link_avg = 0.124984
stat.pool.100.walltime_s = 216.114
stat.pool.100.active_time_s = 0.871142
stat.switch.replicated_messages = 0
stat.switch.util.node_ingress_avg = 0.0468721
stat.switch.util.pool_ingress_avg = 0.999629
stat.switch.bw.host_to_switch_gbps = 2.30402
stat.switch.bw.switch_to_host_gbps = 18.4251
stat.switch.bw.host_link_total_gbps = 20.7291
stat.switch.walltime_s = 216.114
stat.switch.active_time_s = 3.48357
Simulation is complete, simulated time: 748.917 us
