stat.node.0.cpu.0.retired = 981
stat.node.1.cpu.0.retired = 983
stat.node.1.cpu.0.cycles = 1000000
stat.node.2.cpu.0.retired = 981
stat.node.2.cpu.0.cycles = 1000000
stat.node.3.cpu.0.retired = 981
stat.node.3.cpu.0.cycles = 1000000
stat.node.4.cpu.0.retired = 981
stat.node.4.cpu.0.cycles = 1000000
stat.node.5.cpu.0.retired = 986
stat.node.5.cpu.0.cycles = 1000000
stat.node.6.cpu.0.retired = 983
stat.node.6.cpu.0.cycles = 1000000
stat.node.7.cpu.0.retired = 981
stat.node.7.cpu.0.cycles = 1000000
stat.node.0.cpu.0.cycles = 1000000
stat.node.5.cpu.0.load_issue_to_complete_count = 799
stat.node.5.cpu.0.avg_load_issue_to_complete_lat = 805.264
stat.node.5.injector.phase_cycles = 645097
stat.node.5.injector.request_bytes = 10056
stat.node.5.injector.response_bytes = 1088
stat.node.5.injector.aggregate_bytes = 11144
stat.node.5.injector.request_gbps = 0.299296
stat.node.5.injector.response_gbps = 0.0323821
stat.node.5.injector.aggregate_gbps = 0.331678
stat.node.5.llc.cxl_miss = 800
stat.node.5.llc.total_miss = 800
stat.node.5.llc.avg_miss_lat = 633.508
stat.node.5.llc.avg_cxl_lat = 633.508
stat.node.5.llc.miss_lat_hist_bin_ns = 10
stat.node.5.llc.miss_lat_hist = [0,0,0,0,0,0,0,0,0,0,0,0,0,0,0,0,0,0,0,0,0,0,0,0,0,0,748,4,7,3,5,6,21,6]
stat.node.5.util.dram_avg = 1.61151e-05
stat.node.5.walltime_s = 238.457
stat.node.5.active_time_s = 22.7958
stat.node.1.cpu.0.load_issue_to_complete_count = 799
stat.node.1.cpu.0.avg_load_issue_to_complete_lat = 803.065
stat.node.1.injector.phase_cycles = 643491
stat.node.1.injector.request_bytes = 10056
stat.node.1.injector.response_bytes = 1088
stat.node.1.injector.aggregate_bytes = 11144
stat.node.1.injector.request_gbps = 0.300043
stat.node.1.injector.response_gbps = 0.0324629
stat.node.1.injector.aggregate_gbps = 0.332506
stat.node.1.llc.cxl_miss = 800
stat.node.1.llc.total_miss = 800
stat.node.1.llc.avg_miss_lat = 631.609
stat.node.1.llc.avg_cxl_lat = 631.609
stat.node.1.llc.miss_lat_hist_bin_ns = 10
stat.node.1.llc.miss_lat_hist = [0,0,0,0,0,0,0,0,0,0,0,0,0,0,0,0,0,0,0,0,0,0,0,0,0,0,755,7,5,6,4,5,13,5]
stat.node.1.util.dram_avg = 1.61021e-05
stat.node.1.walltime_s = 238.48
stat.node.1.active_time_s = 21.3129
stat.node.6.cpu.0.load_issue_to_complete_count = 799
stat.node.6.cpu.0.avg_load_issue_to_complete_lat = 803.447
stat.node.6.injector.phase_cycles = 643796
stat.node.6.injector.request_bytes = 10056
stat.node.6.injector.response_bytes = 1088
stat.node.6.injector.aggregate_bytes = 11144
stat.node.6.injector.request_gbps = 0.299901
stat.node.6.injector.response_gbps = 0.0324475
stat.node.6.injector.aggregate_gbps = 0.332349
stat.node.6.llc.cxl_miss = 800
stat.node.6.llc.total_miss = 800
stat.node.6.llc.avg_miss_lat = 632
stat.node.6.llc.avg_cxl_lat = 632
stat.node.6.llc.miss_lat_hist_bin_ns = 10
stat.node.6.llc.miss_lat_hist = [0,0,0,0,0,0,0,0,0,0,0,0,0,0,0,0,0,0,0,0,0,0,0,0,0,0,755,4,6,4,6,3,16,6]
stat.node.6.util.dram_avg = 1.60988e-05
stat.node.6.walltime_s = 238.487
stat.node.6.active_time_s = 20.8998
stat.node.4.cpu.0.load_issue_to_complete_count = 799
stat.node.4.cpu.0.avg_load_issue_to_complete_lat = 803.832
stat.node.4.injector.phase_cycles = 643953
stat.node.4.injector.request_bytes = 10056
stat.node.4.injector.response_bytes = 1088
stat.node.4.injector.aggregate_bytes = 11144
stat.node.4.injector.request_gbps = 0.299828
stat.node.4.injector.response_gbps = 0.0324396
stat.node.4.injector.aggregate_gbps = 0.332268
stat.node.4.llc.cxl_miss = 800
stat.node.4.llc.total_miss = 800
stat.node.4.llc.avg_miss_lat = 632.196
stat.node.4.llc.avg_cxl_lat = 632.196
stat.node.4.llc.miss_lat_hist_bin_ns = 10
stat.node.4.llc.miss_lat_hist = [0,0,0,0,0,0,0,0,0,0,0,0,0,0,0,0,0,0,0,0,0,0,0,0,0,0,753,3,4,7,7,7,14,4,1]
stat.node.4.util.dram_avg = 1.60853e-05
stat.node.4.walltime_s = 238.51
stat.node.4.active_time_s = 24.0647
stat.node.7.cpu.0.load_issue_to_complete_count = 799
stat.node.7.cpu.0.avg_load_issue_to_complete_lat = 806.394
stat.node.7.injector.phase_cycles = 646000
stat.node.7.injector.request_bytes = 10056
stat.node.7.injector.response_bytes = 1088
stat.node.7.injector.aggregate_bytes = 11144
stat.node.7.injector.request_gbps = 0.298878
stat.node.7.injector.response_gbps = 0.0323368
stat.node.7.injector.aggregate_gbps = 0.331215
stat.node.7.llc.cxl_miss = 800
stat.node.7.llc.total_miss = 800
stat.node.7.llc.avg_miss_lat = 634.63
stat.node.7.llc.avg_cxl_lat = 634.63
stat.node.7.llc.miss_lat_hist_bin_ns = 10
stat.node.7.llc.miss_lat_hist = [0,0,0,0,0,0,0,0,0,0,0,0,0,0,0,0,0,0,0,0,0,0,0,0,0,0,739,3,8,5,7,9,24,5]
stat.node.7.util.dram_avg = 1.60633e-05
stat.node.7.walltime_s = 238.565
stat.node.7.active_time_s = 21.1879
stat.node.0.cpu.0.load_issue_to_complete_count = 799
stat.node.0.cpu.0.avg_load_issue_to_complete_lat = 806.439
stat.node.0.injector.phase_cycles = 646036
stat.node.0.injector.request_bytes = 10056
stat.node.0.injector.response_bytes = 1088
stat.node.0.injector.aggregate_bytes = 11144
stat.node.0.injector.request_gbps = 0.298861
stat.node.0.injector.response_gbps = 0.032335
stat.node.0.injector.aggregate_gbps = 0.331196
stat.node.0.llc.cxl_miss = 800
stat.node.0.llc.total_miss = 800
stat.node.0.llc.avg_miss_lat = 634.675
stat.node.0.llc.avg_cxl_lat = 634.675
stat.node.0.llc.miss_lat_hist_bin_ns = 10
stat.node.0.llc.miss_lat_hist = [0,0,0,0,0,0,0,0,0,0,0,0,0,0,0,0,0,0,0,0,0,0,0,0,0,0,736,8,4,7,5,14,24,2]
stat.node.0.util.dram_avg = 1.60632e-05
stat.node.0.walltime_s = 238.566
stat.node.0.active_time_s = 21.542
stat.node.2.cpu.0.load_issue_to_complete_count = 799
stat.node.2.cpu.0.avg_load_issue_to_complete_lat = 806.113
stat.node.2.injector.phase_cycles = 645775
stat.node.2.injector.request_bytes = 10056
stat.node.2.injector.response_bytes = 1088
stat.node.2.injector.aggregate_bytes = 11144
stat.node.2.injector.request_gbps = 0.298982
stat.node.2.injector.response_gbps = 0.0323481
stat.node.2.injector.aggregate_gbps = 0.33133
stat.node.2.llc.cxl_miss = 800
stat.node.2.llc.total_miss = 800
stat.node.2.llc.avg_miss_lat = 634.356
stat.node.2.llc.avg_cxl_lat = 634.356
stat.node.2.llc.miss_lat_hist_bin_ns = 10
stat.node.2.llc.miss_lat_hist = [0,0,0,0,0,0,0,0,0,0,0,0,0,0,0,0,0,0,0,0,0,0,0,0,0,0,741,5,8,5,6,5,20,9,1]
stat.node.2.util.dram_avg = 1.6063e-05
stat.node.2.walltime_s = 238.566
stat.node.2.active_time_s = 22.1497
stat.node.3.cpu.0.load_issue_to_complete_count = 799
stat.node.3.cpu.0.avg_load_issue_to_complete_lat = 806.471
stat.node.3.injector.phase_cycles = 646061
stat.node.3.injector.request_bytes = 10056
stat.node.3.injector.response_bytes = 1088
stat.node.3.injector.aggregate_bytes = 11144
stat.node.3.injector.request_gbps = 0.29885
stat.node.3.injector.response_gbps = 0.0323338
stat.node.3.injector.aggregate_gbps = 0.331184
stat.node.3.llc.cxl_miss = 800
stat.node.3.llc.total_miss = 800
stat.node.3.llc.avg_miss_lat = 634.706
stat.node.3.llc.avg_cxl_lat = 634.706
stat.node.3.llc.miss_lat_hist_bin_ns = 10
stat.node.3.llc.miss_lat_hist = [0,0,0,0,0,0,0,0,0,0,0,0,0,0,0,0,0,0,0,0,0,0,0,0,0,0,734,7,8,9,7,10,20,5]
stat.pool.101.util.mem_avg = 0.0280051
stat.pool.101.util.req_link_avg = 0.0639273
stat.pool.101.walltime_s = 238.567
stat.pool.101.active_time_s = 0.521688
stat.pool.100.util.mem_avg = 0.0280052
stat.pool.100.util.req_link_avg = 0.0639275
stat.pool.100.walltime_s = 238.567
stat.pool.100.active_time_s = 0.571023
stat.switch.replicated_messages = 5744
stat.switch.util.node_ingress_avg = 0.00997514
stat.switch.util.pool_ingress_avg = 0.126972
stat.switch.bw.host_to_switch_gbps = 0.490303
stat.switch.bw.switch_to_host_gbps = 1.56013
stat.switch.bw.host_link_total_gbps = 2.05043
stat.switch.walltime_s = 238.567
stat.switch.active_time_s = 2.50171
stat.node.3.util.dram_avg = 1.60629e-05
stat.node.3.walltime_s = 238.567
stat.node.3.active_time_s = 19.9857
Simulation is complete, simulated time: 623.051 us
