stat.node.0.cpu.0.retired = 798
stat.node.0.cpu.0.cycles = 1000000
stat.node.1.cpu.0.retired = 798
stat.node.1.cpu.0.cycles = 1000000
stat.node.2.cpu.0.retired = 798
stat.node.2.cpu.0.cycles = 1000000
stat.node.3.cpu.0.retired = 798
stat.node.3.cpu.0.cycles = 1000000
stat.node.4.cpu.0.retired = 799
stat.node.4.cpu.0.cycles = 1000000
stat.node.5.cpu.0.retired = 799
stat.node.5.cpu.0.cycles = 1000000
stat.node.6.cpu.0.retired = 798
stat.node.6.cpu.0.cycles = 1000000
stat.node.7.cpu.0.retired = 798
stat.node.7.cpu.0.cycles = 1000000
stat.node.5.cpu.0.load_issue_to_complete_count = 799
stat.node.5.cpu.0.avg_load_issue_to_complete_lat = 949.957
stat.node.5.injector.phase_cycles = 760836
stat.node.5.injector.request_bytes = 200856
stat.node.5.injector.response_bytes = 123584
stat.node.5.injector.aggregate_bytes = 324440
stat.node.5.injector.request_gbps = 5.06868
stat.node.5.injector.response_gbps = 3.11869
stat.node.5.injector.aggregate_gbps = 8.18737
stat.node.5.llc.cxl_miss = 800
stat.node.5.llc.total_miss = 800
stat.node.5.llc.avg_miss_lat = 775.352
stat.node.5.llc.avg_cxl_lat = 775.352
stat.node.5.llc.miss_lat_hist_bin_ns = 10
stat.node.5.llc.miss_lat_hist = [0,0,0,0,0,0,0,0,0,0,0,0,0,0,0,0,0,0,0,0,0,0,0,0,0,0,5,1,2,6,155,182,232,181,5,3,4,3,9,12]
stat.node.5.util.dram_avg = 1.36245e-05
stat.node.5.walltime_s = 242.551
stat.node.5.active_time_s = 24.3249
stat.node.4.cpu.0.load_issue_to_complete_count = 799
stat.node.4.cpu.0.avg_load_issue_to_complete_lat = 949.989
stat.node.4.injector.phase_cycles = 760861
stat.node.4.injector.request_bytes = 200856
stat.node.4.injector.response_bytes = 123584
stat.node.4.injector.aggregate_bytes = 324440
stat.node.4.injector.request_gbps = 5.06851
stat.node.4.injector.response_gbps = 3.11859
stat.node.4.injector.aggregate_gbps = 8.1871
stat.node.4.llc.cxl_miss = 800
stat.node.4.llc.total_miss = 800
stat.node.4.llc.avg_miss_lat = 775.845
stat.node.4.llc.avg_cxl_lat = 775.845
stat.node.4.llc.miss_lat_hist_bin_ns = 10
stat.node.4.llc.miss_lat_hist = [0,0,0,0,0,0,0,0,0,0,0,0,0,0,0,0,0,0,0,0,0,0,0,0,0,0,0,4,3,11,155,172,239,172,14,2,1,5,17,3,2]
stat.node.4.util.dram_avg = 1.36241e-05
stat.node.4.walltime_s = 242.56
stat.node.4.active_time_s = 22.597
stat.node.6.cpu.0.load_issue_to_complete_count = 799
stat.node.6.cpu.0.avg_load_issue_to_complete_lat = 949.972
stat.node.6.injector.phase_cycles = 760878
stat.node.6.injector.request_bytes = 200864
stat.node.6.injector.response_bytes = 123648
stat.node.6.injector.aggregate_bytes = 324512
stat.node.6.injector.request_gbps = 5.0686
stat.node.6.injector.response_gbps = 3.12013
stat.node.6.injector.aggregate_gbps = 8.18874
stat.node.6.llc.cxl_miss = 800
stat.node.6.llc.total_miss = 800
stat.node.6.llc.avg_miss_lat = 776.19
stat.node.6.llc.avg_cxl_lat = 776.19
stat.node.6.llc.miss_lat_hist_bin_ns = 10
stat.node.6.llc.miss_lat_hist = [0,0,0,0,0,0,0,0,0,0,0,0,0,0,0,0,0,0,0,0,0,0,0,0,0,0,1,1,7,6,185,138,218,202,5,11,2,2,12,3,6,0,1]
stat.node.6.util.dram_avg = 1.36224e-05
stat.node.6.walltime_s = 242.585
stat.node.6.active_time_s = 25.2181
stat.node.1.cpu.0.load_issue_to_complete_count = 799
stat.node.1.cpu.0.avg_load_issue_to_complete_lat = 950.208
stat.node.1.injector.phase_cycles = 761066
stat.node.1.injector.request_bytes = 200928
stat.node.1.injector.response_bytes = 123648
stat.node.1.injector.aggregate_bytes = 324576
stat.node.1.injector.request_gbps = 5.06897
stat.node.1.injector.response_gbps = 3.11936
stat.node.1.injector.aggregate_gbps = 8.18833
stat.node.1.llc.cxl_miss = 800
stat.node.1.llc.total_miss = 800
stat.node.1.llc.avg_miss_lat = 776.538
stat.node.1.llc.avg_cxl_lat = 776.538
stat.node.1.llc.miss_lat_hist_bin_ns = 10
stat.node.1.llc.miss_lat_hist = [0,0,0,0,0,0,0,0,0,0,0,0,0,0,0,0,0,0,0,0,0,0,0,0,0,0,1,2,6,5,176,147,215,212,0,3,4,10,8,7,4]
stat.node.1.util.dram_avg = 1.36207e-05
stat.node.1.walltime_s = 242.593
stat.node.1.active_time_s = 24.9951
stat.node.2.cpu.0.load_issue_to_complete_count = 799
stat.node.2.cpu.0.avg_load_issue_to_complete_lat = 949.969
stat.node.2.injector.phase_cycles = 760891
stat.node.2.injector.request_bytes = 200856
stat.node.2.injector.response_bytes = 123584
stat.node.2.injector.aggregate_bytes = 324440
stat.node.2.injector.request_gbps = 5.06831
stat.node.2.injector.response_gbps = 3.11847
stat.node.2.injector.aggregate_gbps = 8.18678
stat.node.2.llc.cxl_miss = 800
stat.node.2.llc.total_miss = 800
stat.node.2.llc.avg_miss_lat = 776.031
stat.node.2.llc.avg_cxl_lat = 776.031
stat.node.2.llc.miss_lat_hist_bin_ns = 10
stat.node.2.llc.miss_lat_hist = [0,0,0,0,0,0,0,0,0,0,0,0,0,0,0,0,0,0,0,0,0,0,0,0,0,0,1,3,4,2,200,151,194,201,11,1,6,2,9,13,1,1]
stat.node.2.util.dram_avg = 1.36203e-05
stat.node.2.walltime_s = 242.594
stat.node.2.active_time_s = 31.9987
stat.node.3.cpu.0.load_issue_to_complete_count = 799
stat.node.3.cpu.0.avg_load_issue_to_complete_lat = 950.204
stat.node.3.injector.phase_cycles = 761079
stat.node.3.injector.request_bytes = 200928
stat.node.3.injector.response_bytes = 123648
stat.node.3.injector.aggregate_bytes = 324576
stat.node.3.injector.request_gbps = 5.06888
stat.node.3.injector.response_gbps = 3.11931
stat.node.3.injector.aggregate_gbps = 8.18819
stat.node.3.llc.cxl_miss = 800
stat.node.3.llc.total_miss = 800
stat.node.3.llc.avg_miss_lat = 776.026
stat.node.3.llc.avg_cxl_lat = 776.026
stat.node.3.llc.miss_lat_hist_bin_ns = 10
stat.node.3.llc.miss_lat_hist = [0,0,0,0,0,0,0,0,0,0,0,0,0,0,0,0,0,0,0,0,0,0,0,0,0,0,2,0,1,11,225,119,171,220,18,6,4,1,10,12]
stat.node.3.util.dram_avg = 1.36187e-05
stat.node.3.walltime_s = 242.598
stat.node.3.active_time_s = 22.5117
stat.node.0.cpu.0.load_issue_to_complete_count = 799
stat.node.0.cpu.0.avg_load_issue_to_complete_lat = 949.942
stat.node.0.injector.phase_cycles = 760849
stat.node.0.injector.request_bytes = 200856
stat.node.0.injector.response_bytes = 123584
stat.node.0.injector.aggregate_bytes = 324440
stat.node.0.injector.request_gbps = 5.06859
stat.node.0.injector.response_gbps = 3.11864
stat.node.0.injector.aggregate_gbps = 8.18723
stat.node.0.llc.cxl_miss = 800
stat.node.0.llc.total_miss = 800
stat.node.0.llc.avg_miss_lat = 776.47
stat.node.0.llc.avg_cxl_lat = 776.47
stat.node.0.llc.miss_lat_hist_bin_ns = 10
stat.node.0.llc.miss_lat_hist = [0,0,0,0,0,0,0,0,0,0,0,0,0,0,0,0,0,0,0,0,0,0,0,0,0,0,0,2,2,4,220,142,173,196,28,7,3,1,8,13,0,1]
stat.node.0.util.dram_avg = 1.36185e-05
stat.node.0.walltime_s = 242.599
stat.node.0.active_time_s = 28.8016
stat.node.7.cpu.0.load_issue_to_complete_count = 799
stat.node.7.cpu.0.avg_load_issue_to_complete_lat = 950.267
stat.node.7.injector.phase_cycles = 761129
stat.node.7.injector.request_bytes = 200928
stat.node.7.injector.response_bytes = 123648
stat.node.7.injector.aggregate_bytes = 324576
stat.node.7.injector.request_gbps = 5.06855
stat.node.7.injector.response_gbps = 3.11911
stat.node.7.injector.aggregate_gbps = 8.18765
stat.node.7.llc.cxl_miss = 800
stat.node.7.llc.total_miss = 800
stat.node.7.llc.avg_miss_lat = 776.316
stat.node.7.llc.avg_cxl_lat = 776.316
stat.node.7.llc.miss_lat_hist_bin_ns = 10
stat.node.7.llc.miss_lat_hist = [0,0,0,0,0,0,0,0,0,0,0,0,0,0,0,0,0,0,0,0,0,0,0,0,0,0,3,4,4,5,215,133,176,201,19,5,7,4,9,13,1,1]
stat.node.7.util.dram_avg = 1.36181e-05
stat.node.7.walltime_s = 242.612
stat.node.7.active_time_s = 22.3143
stat.pool.100.util.mem_avg = 0.236708
stat.pool.100.util.req_link_avg = 0.851092
stat.pool.100.walltime_s = 242.613
stat.pool.100.active_time_s = 0.815443
stat.switch.replicated_messages = 53672
stat.switch.util.node_ingress_avg = 0.1064
stat.switch.util.pool_ingress_avg = 0.71811
stat.switch.bw.host_to_switch_gbps = 5.23021
stat.switch.bw.switch_to_host_gbps = 4.41209
stat.switch.bw.host_link_total_gbps = 9.64229
stat.switch.walltime_s = 242.613
stat.switch.active_time_s = 2.68447
Simulation is complete, simulated time: 734.905 us
