stat.node.4.cpu.0.retired = 758
stat.node.4.cpu.0.cycles = 1000000
stat.node.5.cpu.0.retired = 760
stat.node.6.cpu.0.retired = 760
stat.node.6.cpu.0.cycles = 1000000
stat.node.7.cpu.0.retired = 760
stat.node.7.cpu.0.cycles = 1000000
stat.node.0.cpu.0.retired = 760
stat.node.0.cpu.0.cycles = 1000000
stat.node.1.cpu.0.retired = 759
stat.node.1.cpu.0.cycles = 1000000
stat.node.2.cpu.0.retired = 759
stat.node.2.cpu.0.cycles = 1000000
stat.node.3.cpu.0.retired = 760
stat.node.3.cpu.0.cycles = 1000000
stat.node.5.cpu.0.cycles = 1000000
stat.node.6.cpu.0.load_issue_to_complete_count = 799
stat.node.6.cpu.0.avg_load_issue_to_complete_lat = 996.228
stat.node.6.injector.phase_cycles = 797815
stat.node.6.injector.request_bytes = 168264
stat.node.6.injector.response_bytes = 712768
stat.node.6.injector.aggregate_bytes = 881032
stat.node.6.injector.request_gbps = 4.0494
stat.node.6.injector.response_gbps = 17.1533
stat.node.6.injector.aggregate_gbps = 21.2027
stat.node.6.llc.cxl_miss = 800
stat.node.6.llc.total_miss = 800
stat.node.6.llc.avg_miss_lat = 821.321
stat.node.6.llc.avg_cxl_lat = 821.321
stat.node.6.llc.miss_lat_hist_bin_ns = 10
stat.node.6.llc.miss_lat_hist = [0,0,0,0,0,0,0,0,0,0,0,0,0,0,0,0,0,0,0,0,0,0,0,0,0,0,0,0,0,0,0,11,27,282,342,113,24,1]
stat.node.6.util.dram_avg = 1.30496e-05
stat.node.6.walltime_s = 309.833
stat.node.6.active_time_s = 26.879
stat.node.7.cpu.0.load_issue_to_complete_count = 799
stat.node.7.cpu.0.avg_load_issue_to_complete_lat = 995.742
stat.node.7.injector.phase_cycles = 797476
stat.node.7.injector.request_bytes = 168232
stat.node.7.injector.response_bytes = 712448
stat.node.7.injector.aggregate_bytes = 880680
stat.node.7.injector.request_gbps = 4.05035
stat.node.7.injector.response_gbps = 17.1529
stat.node.7.injector.aggregate_gbps = 21.2032
stat.node.7.llc.cxl_miss = 800
stat.node.7.llc.total_miss = 800
stat.node.7.llc.avg_miss_lat = 820.829
stat.node.7.llc.avg_cxl_lat = 820.829
stat.node.7.llc.miss_lat_hist_bin_ns = 10
stat.node.7.llc.miss_lat_hist = [0,0,0,0,0,0,0,0,0,0,0,0,0,0,0,0,0,0,0,0,0,0,0,0,0,0,0,0,0,0,0,10,38,297,320,101,33,0,1]
stat.node.7.util.dram_avg = 1.30476e-05
stat.node.7.walltime_s = 309.86
stat.node.7.active_time_s = 24.2552
stat.node.5.cpu.0.load_issue_to_complete_count = 799
stat.node.5.cpu.0.avg_load_issue_to_complete_lat = 996.191
stat.node.5.injector.phase_cycles = 797815
stat.node.5.injector.request_bytes = 168328
stat.node.5.injector.response_bytes = 712768
stat.node.5.injector.aggregate_bytes = 881096
stat.node.5.injector.request_gbps = 4.05094
stat.node.5.injector.response_gbps = 17.1533
stat.node.5.injector.aggregate_gbps = 21.2042
stat.node.5.llc.cxl_miss = 800
stat.node.5.llc.total_miss = 800
stat.node.5.llc.avg_miss_lat = 821.201
stat.node.5.llc.avg_cxl_lat = 821.201
stat.node.5.llc.miss_lat_hist_bin_ns = 10
stat.node.5.llc.miss_lat_hist = [0,0,0,0,0,0,0,0,0,0,0,0,0,0,0,0,0,0,0,0,0,0,0,0,0,0,0,0,0,0,0,10,10,307,362,76,32,3]
stat.node.5.util.dram_avg = 1.30466e-05
stat.node.5.walltime_s = 309.863
stat.node.5.active_time_s = 26.9933
stat.node.3.cpu.0.load_issue_to_complete_count = 799
stat.node.3.cpu.0.avg_load_issue_to_complete_lat = 996.203
stat.node.3.injector.phase_cycles = 797840
stat.node.3.injector.request_bytes = 168272
stat.node.3.injector.response_bytes = 712768
stat.node.3.injector.aggregate_bytes = 881040
stat.node.3.injector.request_gbps = 4.04946
stat.node.3.injector.response_gbps = 17.1527
stat.node.3.injector.aggregate_gbps = 21.2022
stat.node.3.llc.cxl_miss = 800
stat.node.3.llc.total_miss = 800
stat.node.3.llc.avg_miss_lat = 821.306
stat.node.3.llc.avg_cxl_lat = 821.306
stat.node.3.llc.miss_lat_hist_bin_ns = 10
stat.node.3.llc.miss_lat_hist = [0,0,0,0,0,0,0,0,0,0,0,0,0,0,0,0,0,0,0,0,0,0,0,0,0,0,0,0,0,0,0,6,21,313,328,101,27,4]
stat.node.3.util.dram_avg = 1.30441e-05
stat.node.3.walltime_s = 309.89
stat.node.3.active_time_s = 26.6047
stat.node.0.cpu.0.load_issue_to_complete_count = 799
stat.node.0.cpu.0.avg_load_issue_to_complete_lat = 996.285
stat.node.0.injector.phase_cycles = 797910
stat.node.0.injector.request_bytes = 168344
stat.node.0.injector.response_bytes = 712832
stat.node.0.injector.aggregate_bytes = 881176
stat.node.0.injector.request_gbps = 4.05084
stat.node.0.injector.response_gbps = 17.1528
stat.node.0.injector.aggregate_gbps = 21.2036
stat.node.0.llc.cxl_miss = 800
stat.node.0.llc.total_miss = 800
stat.node.0.llc.avg_miss_lat = 821.499
stat.node.0.llc.avg_cxl_lat = 821.499
stat.node.0.llc.miss_lat_hist_bin_ns = 10
stat.node.0.llc.miss_lat_hist = [0,0,0,0,0,0,0,0,0,0,0,0,0,0,0,0,0,0,0,0,0,0,0,0,0,0,0,0,0,0,0,11,14,285,378,76,36]
stat.node.0.util.dram_avg = 1.3042e-05
stat.node.0.walltime_s = 309.913
stat.node.0.active_time_s = 31.1231
stat.node.1.cpu.0.load_issue_to_complete_count = 799
stat.node.1.cpu.0.avg_load_issue_to_complete_lat = 996.668
stat.node.1.injector.phase_cycles = 798241
stat.node.1.injector.request_bytes = 168440
stat.node.1.injector.response_bytes = 713152
stat.node.1.injector.aggregate_bytes = 881592
stat.node.1.injector.request_gbps = 4.05147
stat.node.1.injector.response_gbps = 17.1534
stat.node.1.injector.aggregate_gbps = 21.2048
stat.node.1.llc.cxl_miss = 800
stat.node.1.llc.total_miss = 800
stat.node.1.llc.avg_miss_lat = 821.727
stat.node.1.llc.avg_cxl_lat = 821.727
stat.node.1.llc.miss_lat_hist_bin_ns = 10
stat.node.1.llc.miss_lat_hist = [0,0,0,0,0,0,0,0,0,0,0,0,0,0,0,0,0,0,0,0,0,0,0,0,0,0,0,0,0,0,0,8,34,279,339,112,23,5]
stat.node.1.util.dram_avg = 1.30383e-05
stat.node.1.walltime_s = 309.948
stat.node.1.active_time_s = 25.0543
stat.node.2.cpu.0.load_issue_to_complete_count = 799
stat.node.2.cpu.0.avg_load_issue_to_complete_lat = 1000.39
stat.node.2.injector.phase_cycles = 801210
stat.node.2.injector.request_bytes = 169032
stat.node.2.injector.response_bytes = 715840
stat.node.2.injector.aggregate_bytes = 884872
stat.node.2.injector.request_gbps = 4.05064
stat.node.2.injector.response_gbps = 17.1542
stat.node.2.injector.aggregate_gbps = 21.2049
stat.node.2.llc.cxl_miss = 800
stat.node.2.llc.total_miss = 800
stat.node.2.llc.avg_miss_lat = 825.423
stat.node.2.llc.avg_cxl_lat = 825.423
stat.node.2.llc.miss_lat_hist_bin_ns = 10
stat.node.2.llc.miss_lat_hist = [0,0,0,0,0,0,0,0,0,0,0,0,0,0,0,0,0,0,0,0,0,0,0,0,0,0,0,0,0,0,0,7,45,233,315,138,54,7,1]
stat.node.2.util.dram_avg = 1.30181e-05
stat.node.2.walltime_s = 311.809
stat.node.2.active_time_s = 27.5248
stat.node.4.cpu.0.load_issue_to_complete_count = 799
stat.node.4.cpu.0.avg_load_issue_to_complete_lat = 1004.07
stat.node.4.injector.phase_cycles = 804122
stat.node.4.injector.request_bytes = 169608
stat.node.4.injector.response_bytes = 718400
stat.node.4.injector.aggregate_bytes = 888008
stat.node.4.injector.request_gbps = 4.04973
stat.node.4.injector.response_gbps = 17.1532
stat.node.4.injector.aggregate_gbps = 21.2029
stat.node.4.llc.cxl_miss = 800
stat.node.4.llc.total_miss = 800
stat.node.4.llc.avg_miss_lat = 829.1
stat.node.4.llc.avg_cxl_lat = 829.1
stat.node.4.llc.miss_lat_hist_bin_ns = 10
stat.node.4.llc.miss_lat_hist = [0,0,0,0,0,0,0,0,0,0,0,0,0,0,0,0,0,0,0,0,0,0,0,0,0,0,0,0,0,0,0,11,25,200,316,160,75,13]
stat.node.4.util.dram_avg = 1.29874e-05
stat.node.4.walltime_s = 312.771
stat.node.4.active_time_s = 28.7419
stat.pool.102.util.mem_avg = 0.20923
stat.pool.102.util.req_link_avg = 0.434785
stat.pool.102.walltime_s = 312.771
stat.pool.102.active_time_s = 0.685104
stat.pool.101.util.mem_avg = 0.209231
stat.pool.101.util.req_link_avg = 0.434785
stat.pool.101.walltime_s = 312.771
stat.pool.101.active_time_s = 0.754808
stat.pool.100.util.mem_avg = 0.209232
stat.pool.100.util.req_link_avg = 0.434786
stat.pool.100.walltime_s = 312.771
stat.pool.100.active_time_s = 0.800413
stat.switch.replicated_messages = 68784
stat.switch.util.node_ingress_avg = 0.0855371
stat.switch.util.pool_ingress_avg = 0.997461
stat.switch.bw.host_to_switch_gbps = 4.20476
stat.switch.bw.switch_to_host_gbps = 18.3851
stat.switch.bw.host_link_total_gbps = 22.5899
stat.switch.walltime_s = 312.771
stat.switch.active_time_s = 3.30064
Simulation is complete, simulated time: 770.594 us
