stat.node.0.cpu.0.retired = 798
stat.node.0.cpu.0.cycles = 1000000
stat.node.1.cpu.0.retired = 798
stat.node.1.cpu.0.cycles = 1000000
stat.node.2.cpu.0.retired = 798
stat.node.2.cpu.0.cycles = 1000000
stat.node.3.cpu.0.retired = 798
stat.node.4.cpu.0.retired = 798
stat.node.4.cpu.0.cycles = 1000000
stat.node.5.cpu.0.retired = 798
stat.node.5.cpu.0.cycles = 1000000
stat.node.6.cpu.0.retired = 798
stat.node.6.cpu.0.cycles = 1000000
stat.node.7.cpu.0.retired = 798
stat.node.7.cpu.0.cycles = 1000000
stat.node.3.cpu.0.cycles = 1000000
stat.node.3.cpu.0.load_issue_to_complete_count = 799
stat.node.3.cpu.0.avg_load_issue_to_complete_lat = 950.627
stat.node.0.cpu.0.load_issue_to_complete_count = 799
stat.node.0.cpu.0.avg_load_issue_to_complete_lat = 950.626
stat.node.1.cpu.0.load_issue_to_complete_count = 799
stat.node.1.cpu.0.avg_load_issue_to_complete_lat = 950.627
stat.node.1.injector.phase_cycles = 761383
stat.node.1.injector.request_bytes = 248544
stat.node.1.injector.response_bytes = 101120
stat.node.1.injector.aggregate_bytes = 349664
stat.node.1.injector.request_gbps = 6.2676
stat.node.1.injector.response_gbps = 2.54997
stat.node.1.injector.aggregate_gbps = 8.81757
stat.node.1.llc.cxl_miss = 800
stat.node.1.llc.total_miss = 800
stat.node.1.llc.avg_miss_lat = 776.519
stat.node.1.llc.avg_cxl_lat = 776.519
stat.node.1.llc.miss_lat_hist_bin_ns = 10
stat.node.7.cpu.0.load_issue_to_complete_count = 799
stat.node.7.cpu.0.avg_load_issue_to_complete_lat = 950.626
stat.node.7.injector.phase_cycles = 761382
stat.node.7.injector.request_bytes = 248544
stat.node.7.injector.response_bytes = 101120
stat.node.7.injector.aggregate_bytes = 349664
stat.node.7.injector.request_gbps = 6.26761
stat.node.7.injector.response_gbps = 2.54997
stat.node.7.injector.aggregate_gbps = 8.81758
stat.node.7.llc.cxl_miss = 800
stat.node.7.llc.total_miss = 800
stat.node.7.llc.avg_miss_lat = 776.487
stat.node.7.llc.avg_cxl_lat = 776.487
stat.node.7.llc.miss_lat_hist_bin_ns = 10
stat.node.7.llc.miss_lat_hist = [0,0,0,0,0,0,0,0,0,0,0,0,0,0,0,0,0,0,0,0,0,0,0,0,0,0,0,0,0,0,0,72,718,10]
stat.node.4.cpu.0.load_issue_to_complete_count = 799
stat.node.4.cpu.0.avg_load_issue_to_complete_lat = 950.627
stat.node.4.injector.phase_cycles = 761383
stat.node.4.injector.request_bytes = 248544
stat.node.4.injector.response_bytes = 101120
stat.node.4.injector.aggregate_bytes = 349664
stat.node.4.injector.request_gbps = 6.2676
stat.node.4.injector.response_gbps = 2.54997
stat.node.4.injector.aggregate_gbps = 8.81757
stat.node.4.llc.cxl_miss = 800
stat.node.4.llc.total_miss = 800
stat.node.4.llc.avg_miss_lat = 776.49
stat.node.4.llc.avg_cxl_lat = 776.49
stat.node.4.llc.miss_lat_hist_bin_ns = 10
stat.node.1.llc.miss_lat_hist = [0,0,0,0,0,0,0,0,0,0,0,0,0,0,0,0,0,0,0,0,0,0,0,0,0,0,0,0,0,0,0,99,663,38]
stat.node.1.util.dram_avg = 1.36162e-05
stat.node.1.walltime_s = 168.637
stat.node.1.active_time_s = 24.6087
stat.node.7.util.dram_avg = 1.36162e-05
stat.node.7.walltime_s = 168.637
stat.node.7.active_time_s = 25.4796
stat.node.4.llc.miss_lat_hist = [0,0,0,0,0,0,0,0,0,0,0,0,0,0,0,0,0,0,0,0,0,0,0,0,0,0,0,0,0,0,0,72,716,12]
stat.node.4.util.dram_avg = 1.36162e-05
stat.node.3.injector.phase_cycles = 761383
stat.node.3.injector.request_bytes = 248544
stat.node.3.injector.response_bytes = 101120
stat.node.3.injector.aggregate_bytes = 349664
stat.node.3.injector.request_gbps = 6.2676
stat.node.3.injector.response_gbps = 2.54997
stat.node.3.injector.aggregate_gbps = 8.81757
stat.node.0.injector.phase_cycles = 761382
stat.node.0.injector.request_bytes = 248544
stat.node.3.llc.cxl_miss = 800
stat.node.3.llc.total_miss = 800
stat.node.3.llc.avg_miss_lat = 776.489
stat.node.3.llc.avg_cxl_lat = 776.489
stat.node.3.llc.miss_lat_hist_bin_ns = 10
stat.node.3.llc.miss_lat_hist = [0,0,0,0,0,0,0,0,0,0,0,0,0,0,0,0,0,0,0,0,0,0,0,0,0,0,0,0,0,0,0,72,716,12]
stat.node.3.util.dram_avg = 1.36162e-05
stat.node.3.walltime_s = 168.629
stat.node.0.injector.response_bytes = 101120
stat.node.0.injector.aggregate_bytes = 349664
stat.node.0.injector.request_gbps = 6.26761
stat.node.0.injector.response_gbps = 2.54997
stat.node.0.injector.aggregate_gbps = 8.81758
stat.node.0.llc.cxl_miss = 800
stat.node.0.llc.total_miss = 800
stat.node.0.llc.avg_miss_lat = 776.486
stat.node.4.walltime_s = 168.637
stat.node.4.active_time_s = 22.5892
stat.node.0.llc.avg_cxl_lat = 776.486
stat.node.0.llc.miss_lat_hist_bin_ns = 10
stat.node.3.active_time_s = 20.9305
stat.node.0.llc.miss_lat_hist = [0,0,0,0,0,0,0,0,0,0,0,0,0,0,0,0,0,0,0,0,0,0,0,0,0,0,0,0,0,0,0,72,718,10]
stat.node.0.util.dram_avg = 1.36162e-05
stat.node.0.walltime_s = 168.637
stat.node.0.active_time_s = 24.8733
stat.node.2.cpu.0.load_issue_to_complete_count = 799
stat.node.2.cpu.0.avg_load_issue_to_complete_lat = 950.626
stat.node.2.injector.phase_cycles = 761382
stat.node.2.injector.request_bytes = 248544
stat.node.2.injector.response_bytes = 101120
stat.node.5.cpu.0.load_issue_to_complete_count = 799
stat.node.2.injector.aggregate_bytes = 349664
stat.node.2.injector.request_gbps = 6.26761
stat.node.2.injector.response_gbps = 2.54997
stat.pool.104.util.mem_avg = 0.174876
stat.pool.104.util.req_link_avg = 0.98361
stat.pool.104.walltime_s = 168.638
stat.pool.104.active_time_s = 0.729506
stat.pool.103.util.mem_avg = 0.174876
stat.pool.103.util.req_link_avg = 0.98361
stat.pool.103.walltime_s = 168.638
stat.pool.103.active_time_s = 0.767223
stat.pool.102.util.mem_avg = 0.174877
stat.pool.102.util.req_link_avg = 0.98361
stat.pool.102.walltime_s = 168.638
stat.pool.102.active_time_s = 0.669336
stat.pool.101.util.mem_avg = 0.174877
stat.pool.101.util.req_link_avg = 0.98361
stat.pool.101.walltime_s = 168.638
stat.pool.101.active_time_s = 0.638616
stat.pool.100.util.mem_avg = 0.174879
stat.pool.100.util.req_link_avg = 0.983611
stat.pool.100.walltime_s = 168.638
stat.node.5.cpu.0.avg_load_issue_to_complete_lat = 950.626
stat.node.5.injector.phase_cycles = 761382
stat.node.5.injector.request_bytes = 248544
stat.node.5.injector.response_bytes = 101120
stat.node.5.injector.aggregate_bytes = 349664
stat.node.5.injector.request_gbps = 6.26761
stat.node.5.injector.response_gbps = 2.54997
stat.node.5.injector.aggregate_gbps = 8.81758
stat.node.5.llc.cxl_miss = 800
stat.node.5.llc.total_miss = 800
stat.node.5.llc.avg_miss_lat = 776.486
stat.node.5.llc.avg_cxl_lat = 776.486
stat.node.5.llc.miss_lat_hist_bin_ns = 10
stat.node.5.llc.miss_lat_hist = [0,0,0,0,0,0,0,0,0,0,0,0,0,0,0,0,0,0,0,0,0,0,0,0,0,0,0,0,0,0,16,165,498,103,18]
stat.node.5.util.dram_avg = 1.3616e-05
stat.node.5.walltime_s = 168.63
stat.node.5.active_time_s = 26.611
stat.node.6.cpu.0.load_issue_to_complete_count = 799
stat.node.6.cpu.0.avg_load_issue_to_complete_lat = 950.627
stat.node.6.injector.phase_cycles = 761383
stat.node.6.injector.request_bytes = 248544
stat.node.6.injector.response_bytes = 101120
stat.node.6.injector.aggregate_bytes = 349664
stat.node.6.injector.request_gbps = 6.2676
stat.node.6.injector.response_gbps = 2.54997
stat.node.6.injector.aggregate_gbps = 8.81757
stat.node.6.llc.cxl_miss = 800
stat.node.6.llc.total_miss = 800
stat.node.6.llc.avg_miss_lat = 776.489
stat.node.6.llc.avg_cxl_lat = 776.489
stat.node.6.llc.miss_lat_hist_bin_ns = 10
stat.node.6.llc.miss_lat_hist = [0,0,0,0,0,0,0,0,0,0,0,0,0,0,0,0,0,0,0,0,0,0,0,0,0,0,0,0,0,2,44,136,495,75,48]
stat.node.6.util.dram_avg = 1.3616e-05
stat.node.6.walltime_s = 168.638
stat.node.6.active_time_s = 25.7899
stat.node.2.injector.aggregate_gbps = 8.81758
stat.node.2.llc.cxl_miss = 800
stat.node.2.llc.total_miss = 800
stat.node.2.llc.avg_miss_lat = 776.485
stat.node.2.llc.avg_cxl_lat = 776.485
stat.node.2.llc.miss_lat_hist_bin_ns = 10
stat.node.2.llc.miss_lat_hist = [0,0,0,0,0,0,0,0,0,0,0,0,0,0,0,0,0,0,0,0,0,0,0,0,0,0,0,0,0,2,88,92,493,37,86,2]
stat.node.2.util.dram_avg = 1.3616e-05
stat.node.2.walltime_s = 168.638
stat.node.2.active_time_s = 21.9215
stat.pool.100.active_time_s = 0.689707
stat.switch.replicated_messages = 341280
stat.switch.util.node_ingress_avg = 0.130785
stat.switch.util.pool_ingress_avg = 0.125071
stat.switch.bw.host_to_switch_gbps = 6.4291
stat.switch.bw.switch_to_host_gbps = 3.84193
stat.switch.bw.host_link_total_gbps = 10.271
stat.switch.walltime_s = 168.638
stat.switch.active_time_s = 3.79212
Simulation is complete, simulated time: 735.018 us
