stat.node.0.cpu.0.retired = 674
stat.node.0.cpu.0.cycles = 1000000
stat.node.1.cpu.0.retired = 674
stat.node.2.cpu.0.retired = 674
stat.node.2.cpu.0.cycles = 1000000
stat.node.3.cpu.0.retired = 674
stat.node.3.cpu.0.cycles = 1000000
stat.node.4.cpu.0.retired = 674
stat.node.4.cpu.0.cycles = 1000000
stat.node.5.cpu.0.retired = 679
stat.node.5.cpu.0.cycles = 1000000
stat.node.6.cpu.0.retired = 677
stat.node.6.cpu.0.cycles = 1000000
stat.node.7.cpu.0.retired = 676
stat.node.7.cpu.0.cycles = 1000000
stat.node.1.cpu.0.cycles = 1000000
stat.node.3.cpu.0.retired = 1552
stat.node.4.cpu.0.retired = 1552
stat.node.5.cpu.0.retired = 1572
stat.node.5.cpu.0.cycles = 2000000
stat.node.6.cpu.0.retired = 1571
stat.node.6.cpu.0.cycles = 2000000
stat.node.1.cpu.0.retired = 1552
stat.node.1.cpu.0.cycles = 2000000
stat.node.0.cpu.0.retired = 1565
stat.node.7.cpu.0.retired = 1565
stat.node.7.cpu.0.cycles = 2000000
stat.node.2.cpu.0.retired = 1549
stat.node.2.cpu.0.cycles = 2000000
stat.node.4.cpu.0.cycles = 2000000
stat.node.0.cpu.0.cycles = 2000000
stat.node.3.cpu.0.cycles = 2000000
stat.node.5.cpu.0.load_issue_to_complete_count = 799
stat.node.5.cpu.0.avg_load_issue_to_complete_lat = 1108.35
stat.node.5.injector.phase_cycles = 887572
stat.node.5.injector.request_bytes = 277144
stat.node.5.injector.response_bytes = 30400
stat.node.5.injector.aggregate_bytes = 307544
stat.node.5.injector.request_gbps = 5.99519
stat.node.5.injector.response_gbps = 0.657614
stat.node.5.injector.aggregate_gbps = 6.65281
stat.node.5.llc.cxl_miss = 800
stat.node.5.llc.total_miss = 800
stat.node.5.llc.avg_miss_lat = 931.665
stat.node.5.llc.avg_cxl_lat = 931.665
stat.node.5.llc.miss_lat_hist_bin_ns = 10
stat.node.5.llc.miss_lat_hist = [0,0,0,0,0,0,0,0,0,0,0,0,0,0,0,0,0,0,0,0,0,0,0,0,0,0,0,0,0,0,0,0,0,9,65,77,42,24,91,231,157,73,17,9,4,1]
stat.node.5.util.dram_avg = 1.18211e-05
stat.node.5.walltime_s = 223.404
stat.node.5.active_time_s = 25.5011
stat.node.6.cpu.0.load_issue_to_complete_count = 799
stat.node.6.cpu.0.avg_load_issue_to_complete_lat = 1107.84
stat.node.6.injector.phase_cycles = 887113
stat.node.6.injector.request_bytes = 277008
stat.node.6.injector.response_bytes = 30336
stat.node.6.injector.aggregate_bytes = 307344
stat.node.6.injector.request_gbps = 5.99535
stat.node.6.injector.response_gbps = 0.656569
stat.node.6.injector.aggregate_gbps = 6.65192
stat.node.6.llc.cxl_miss = 800
stat.node.6.llc.total_miss = 800
stat.node.6.llc.avg_miss_lat = 931.165
stat.node.6.llc.avg_cxl_lat = 931.165
stat.node.6.llc.miss_lat_hist_bin_ns = 10
stat.node.6.llc.miss_lat_hist = [0,0,0,0,0,0,0,0,0,0,0,0,0,0,0,0,0,0,0,0,0,0,0,0,0,0,0,0,0,0,0,0,0,5,6,26,102,214,94,87,158,68,25,8,5,1,1]
stat.node.6.util.dram_avg = 1.18117e-05
stat.node.6.walltime_s = 223.47
stat.node.6.active_time_s = 28.0605
stat.node.0.cpu.0.load_issue_to_complete_count = 799
stat.node.0.cpu.0.avg_load_issue_to_complete_lat = 1109.83
stat.node.0.injector.phase_cycles = 888732
stat.node.0.injector.request_bytes = 277528
stat.node.0.injector.response_bytes = 30400
stat.node.0.injector.aggregate_bytes = 307928
stat.node.0.injector.request_gbps = 5.99566
stat.node.0.injector.response_gbps = 0.656756
stat.node.0.injector.aggregate_gbps = 6.65242
stat.node.0.llc.cxl_miss = 800
stat.node.0.llc.total_miss = 800
stat.node.0.llc.avg_miss_lat = 932.84
stat.node.0.llc.avg_cxl_lat = 932.84
stat.node.0.llc.miss_lat_hist_bin_ns = 10
stat.node.0.llc.miss_lat_hist = [0,0,0,0,0,0,0,0,0,0,0,0,0,0,0,0,0,0,0,0,0,0,0,0,0,0,0,0,0,0,0,0,0,4,22,68,72,81,176,93,154,93,30,5,2]
stat.node.0.util.dram_avg = 1.17806e-05
stat.node.0.walltime_s = 223.736
stat.node.0.active_time_s = 28.9442
stat.node.7.cpu.0.load_issue_to_complete_count = 799
stat.node.7.cpu.0.avg_load_issue_to_complete_lat = 1115.52
stat.node.7.injector.phase_cycles = 893180
stat.node.7.injector.request_bytes = 278888
stat.node.7.injector.response_bytes = 30592
stat.node.7.injector.aggregate_bytes = 309480
stat.node.7.injector.request_gbps = 5.99504
stat.node.7.injector.response_gbps = 0.657613
stat.node.7.injector.aggregate_gbps = 6.65265
stat.node.7.llc.cxl_miss = 800
stat.node.7.llc.total_miss = 800
stat.node.7.llc.avg_miss_lat = 938.688
stat.node.7.llc.avg_cxl_lat = 938.688
stat.node.7.llc.miss_lat_hist_bin_ns = 10
stat.node.7.llc.miss_lat_hist = [0,0,0,0,0,0,0,0,0,0,0,0,0,0,0,0,0,0,0,0,0,0,0,0,0,0,0,0,0,0,0,0,0,37,88,37,26,19,38,140,270,98,27,12,1,2,5]
stat.node.7.util.dram_avg = 1.17743e-05
stat.node.7.walltime_s = 223.848
stat.node.7.active_time_s = 26.525
stat.node.4.cpu.0.load_issue_to_complete_count = 799
stat.node.4.cpu.0.avg_load_issue_to_complete_lat = 1131.15
stat.node.4.injector.phase_cycles = 905843
stat.node.4.injector.request_bytes = 282856
stat.node.4.injector.response_bytes = 30976
stat.node.4.injector.aggregate_bytes = 313832
stat.node.4.injector.request_gbps = 5.99534
stat.node.4.injector.response_gbps = 0.656559
stat.node.4.injector.aggregate_gbps = 6.6519
stat.node.4.llc.cxl_miss = 800
stat.node.4.llc.total_miss = 800
stat.node.4.llc.avg_miss_lat = 954.14
stat.node.4.llc.avg_cxl_lat = 954.14
stat.node.4.llc.miss_lat_hist_bin_ns = 10
stat.node.4.llc.miss_lat_hist = [0,0,0,0,0,0,0,0,0,0,0,0,0,0,0,0,0,0,0,0,0,0,0,0,0,0,0,0,0,0,0,0,4,63,53,15,3,4,34,61,247,255,38,22,1]
stat.node.4.util.dram_avg = 1.16848e-05
stat.node.4.walltime_s = 224.403
stat.node.4.active_time_s = 31.4877
stat.node.1.cpu.0.load_issue_to_complete_count = 799
stat.node.1.cpu.0.avg_load_issue_to_complete_lat = 1130.67
stat.node.1.injector.phase_cycles = 905434
stat.node.1.injector.request_bytes = 282784
stat.node.1.injector.response_bytes = 30976
stat.node.1.injector.aggregate_bytes = 313760
stat.node.1.injector.request_gbps = 5.99652
stat.node.1.injector.response_gbps = 0.656855
stat.node.1.injector.aggregate_gbps = 6.65338
stat.node.1.llc.cxl_miss = 800
stat.node.1.llc.total_miss = 800
stat.node.1.llc.avg_miss_lat = 953.5
stat.node.1.llc.avg_cxl_lat = 953.5
stat.node.1.llc.miss_lat_hist_bin_ns = 10
stat.node.1.llc.miss_lat_hist = [0,0,0,0,0,0,0,0,0,0,0,0,0,0,0,0,0,0,0,0,0,0,0,0,0,0,0,0,0,0,0,0,0,2,13,69,38,41,86,116,185,169,53,25,3]
stat.node.1.util.dram_avg = 1.16847e-05
stat.node.1.walltime_s = 224.404
stat.node.1.active_time_s = 30.8536
stat.node.3.cpu.0.load_issue_to_complete_count = 799
stat.node.3.cpu.0.avg_load_issue_to_complete_lat = 1130.41
stat.node.3.injector.phase_cycles = 905196
stat.node.3.injector.request_bytes = 282656
stat.node.3.injector.response_bytes = 30976
stat.node.3.injector.aggregate_bytes = 313632
stat.node.3.injector.request_gbps = 5.99538
stat.node.3.injector.response_gbps = 0.657028
stat.node.3.injector.aggregate_gbps = 6.65241
stat.node.3.llc.cxl_miss = 800
stat.node.3.llc.total_miss = 800
stat.node.3.llc.avg_miss_lat = 953.116
stat.node.3.llc.avg_cxl_lat = 953.116
stat.node.3.llc.miss_lat_hist_bin_ns = 10
stat.node.3.llc.miss_lat_hist = [0,0,0,0,0,0,0,0,0,0,0,0,0,0,0,0,0,0,0,0,0,0,0,0,0,0,0,0,0,0,0,0,0,1,9,34,68,63,86,129,180,151,51,25,3]
stat.node.3.util.dram_avg = 1.16845e-05
stat.node.3.walltime_s = 224.405
stat.node.3.active_time_s = 32.9478
stat.node.2.cpu.0.load_issue_to_complete_count = 799
stat.node.2.cpu.0.avg_load_issue_to_complete_lat = 1134.3
stat.node.2.injector.phase_cycles = 908333
stat.node.2.injector.request_bytes = 283624
stat.node.2.injector.response_bytes = 31104
stat.node.2.injector.aggregate_bytes = 314728
stat.node.2.injector.request_gbps = 5.99514
stat.node.2.injector.response_gbps = 0.657465
stat.node.2.injector.aggregate_gbps = 6.6526
stat.node.2.llc.cxl_miss = 800
stat.node.2.llc.total_miss = 800
stat.node.2.llc.avg_miss_lat = 956.869
stat.node.2.llc.avg_cxl_lat = 956.869
stat.node.2.llc.miss_lat_hist_bin_ns = 10
stat.node.2.llc.miss_lat_hist = [0,0,0,0,0,0,0,0,0,0,0,0,0,0,0,0,0,0,0,0,0,0,0,0,0,0,0,0,0,0,0,0,3,82,30,9,3,3,14,49,269,301,27,10]
stat.node.2.util.dram_avg = 1.1667e-05
stat.node.2.walltime_s = 224.54
stat.node.2.active_time_s = 27.981
stat.pool.100.util.mem_avg = 0.200073
stat.pool.100.util.req_link_avg = 0.998171
stat.pool.100.walltime_s = 224.54
stat.pool.100.active_time_s = 0.758692
stat.switch.replicated_messages = 79181
stat.switch.util.node_ingress_avg = 0.124795
stat.switch.util.pool_ingress_avg = 0.288378
stat.switch.bw.host_to_switch_gbps = 6.13425
stat.switch.bw.switch_to_host_gbps = 1.77174
stat.switch.bw.host_link_total_gbps = 7.90599
stat.switch.walltime_s = 224.54
stat.switch.active_time_s = 2.93484
Simulation is complete, simulated time: 857.803 us
