stat.node.4.cpu.0.retired = 699
stat.node.4.cpu.0.cycles = 1000000
stat.node.5.cpu.0.retired = 725
stat.node.5.cpu.0.cycles = 1000000
stat.node.6.cpu.0.retired = 718
stat.node.6.cpu.0.cycles = 1000000
stat.node.7.cpu.0.retired = 720
stat.node.7.cpu.0.cycles = 1000000
stat.node.0.cpu.0.retired = 723
stat.node.0.cpu.0.cycles = 1000000
stat.node.1.cpu.0.retired = 720
stat.node.1.cpu.0.cycles = 1000000
stat.node.2.cpu.0.retired = 704
stat.node.3.cpu.0.retired = 718
stat.node.3.cpu.0.cycles = 1000000
stat.node.2.cpu.0.cycles = 1000000
stat.node.5.cpu.0.load_issue_to_complete_count = 799
stat.node.5.cpu.0.avg_load_issue_to_complete_lat = 1105.7
stat.node.5.injector.phase_cycles = 885329
stat.node.5.injector.request_bytes = 300488
stat.node.5.injector.response_bytes = 184896
stat.node.5.injector.aggregate_bytes = 485384
stat.node.5.injector.request_gbps = 6.51664
stat.node.5.injector.response_gbps = 4.00981
stat.node.5.injector.aggregate_gbps = 10.5265
stat.node.5.llc.cxl_miss = 800
stat.node.5.llc.total_miss = 800
stat.node.5.llc.avg_miss_lat = 929.183
stat.node.5.llc.avg_cxl_lat = 929.183
stat.node.5.llc.miss_lat_hist_bin_ns = 10
stat.node.5.llc.miss_lat_hist = [0,0,0,0,0,0,0,0,0,0,0,0,0,0,0,0,0,0,0,0,0,0,0,0,0,0,0,0,0,0,0,0,1,43,82,30,10,36,107,183,235,54,15,3,1]
stat.node.5.util.dram_avg = 1.21708e-05
stat.node.5.walltime_s = 234.346
stat.node.5.active_time_s = 25.1663
stat.node.0.cpu.0.load_issue_to_complete_count = 799
stat.node.0.cpu.0.avg_load_issue_to_complete_lat = 1107.8
stat.node.0.injector.phase_cycles = 887120
stat.node.0.injector.request_bytes = 301112
stat.node.0.injector.response_bytes = 185216
stat.node.0.injector.aggregate_bytes = 486328
stat.node.0.injector.request_gbps = 6.51699
stat.node.0.injector.response_gbps = 4.00864
stat.node.0.injector.aggregate_gbps = 10.5256
stat.node.0.llc.cxl_miss = 800
stat.node.0.llc.total_miss = 800
stat.node.0.llc.avg_miss_lat = 931.087
stat.node.0.llc.avg_cxl_lat = 931.087
stat.node.0.llc.miss_lat_hist_bin_ns = 10
stat.node.0.llc.miss_lat_hist = [0,0,0,0,0,0,0,0,0,0,0,0,0,0,0,0,0,0,0,0,0,0,0,0,0,0,0,0,0,0,0,0,1,17,52,54,37,64,113,146,239,58,14,4,0,1]
stat.node.0.util.dram_avg = 1.21493e-05
stat.node.0.walltime_s = 234.502
stat.node.0.active_time_s = 26.5948
stat.node.6.cpu.0.load_issue_to_complete_count = 799
stat.node.6.cpu.0.avg_load_issue_to_complete_lat = 1108.58
stat.node.6.injector.phase_cycles = 887756
stat.node.6.injector.request_bytes = 301320
stat.node.6.injector.response_bytes = 185408
stat.node.6.injector.aggregate_bytes = 486728
stat.node.6.injector.request_gbps = 6.51682
stat.node.6.injector.response_gbps = 4.00992
stat.node.6.injector.aggregate_gbps = 10.5267
stat.node.6.llc.cxl_miss = 800
stat.node.6.llc.total_miss = 800
stat.node.6.llc.avg_miss_lat = 932.106
stat.node.6.llc.avg_cxl_lat = 932.106
stat.node.6.llc.miss_lat_hist_bin_ns = 10
stat.node.6.llc.miss_lat_hist = [0,0,0,0,0,0,0,0,0,0,0,0,0,0,0,0,0,0,0,0,0,0,0,0,0,0,0,0,0,0,0,0,1,8,31,54,98,81,74,136,214,73,26,1,1,2]
stat.node.6.util.dram_avg = 1.21065e-05
stat.node.6.walltime_s = 234.838
stat.node.6.active_time_s = 25.8163
stat.node.3.cpu.0.load_issue_to_complete_count = 799
stat.node.3.cpu.0.avg_load_issue_to_complete_lat = 1109.57
stat.node.3.injector.phase_cycles = 888558
stat.node.3.injector.request_bytes = 301528
stat.node.3.injector.response_bytes = 185600
stat.node.3.injector.aggregate_bytes = 487128
stat.node.3.injector.request_gbps = 6.51543
stat.node.3.injector.response_gbps = 4.01045
stat.node.3.injector.aggregate_gbps = 10.5259
stat.node.3.llc.cxl_miss = 800
stat.node.3.llc.total_miss = 800
stat.node.3.llc.avg_miss_lat = 933.105
stat.node.3.llc.avg_cxl_lat = 933.105
stat.node.3.llc.miss_lat_hist_bin_ns = 10
stat.node.3.llc.miss_lat_hist = [0,0,0,0,0,0,0,0,0,0,0,0,0,0,0,0,0,0,0,0,0,0,0,0,0,0,0,0,0,0,0,0,0,13,28,57,80,73,80,165,207,66,20,7,3,1]
stat.node.3.util.dram_avg = 1.20991e-05
stat.node.3.walltime_s = 234.876
stat.node.3.active_time_s = 29.8845
stat.node.1.cpu.0.load_issue_to_complete_count = 799
stat.node.1.cpu.0.avg_load_issue_to_complete_lat = 1112.41
stat.node.1.injector.phase_cycles = 890814
stat.node.1.injector.request_bytes = 302288
stat.node.1.injector.response_bytes = 186048
stat.node.1.injector.aggregate_bytes = 488336
stat.node.1.injector.request_gbps = 6.51531
stat.node.1.injector.response_gbps = 4.00995
stat.node.1.injector.aggregate_gbps = 10.5253
stat.node.1.llc.cxl_miss = 800
stat.node.1.llc.total_miss = 800
stat.node.1.llc.avg_miss_lat = 935.959
stat.node.1.llc.avg_cxl_lat = 935.959
stat.node.1.llc.miss_lat_hist_bin_ns = 10
stat.node.1.llc.miss_lat_hist = [0,0,0,0,0,0,0,0,0,0,0,0,0,0,0,0,0,0,0,0,0,0,0,0,0,0,0,0,0,0,0,0,0,5,41,58,56,46,99,170,219,84,20,0,0,2]
stat.node.1.util.dram_avg = 1.2099e-05
stat.node.1.walltime_s = 234.885
stat.node.1.active_time_s = 25.2742
stat.node.7.cpu.0.load_issue_to_complete_count = 799
stat.node.7.cpu.0.avg_load_issue_to_complete_lat = 1115.7
stat.node.7.injector.phase_cycles = 893448
stat.node.7.injector.request_bytes = 303264
stat.node.7.injector.response_bytes = 186624
stat.node.7.injector.aggregate_bytes = 489888
stat.node.7.injector.request_gbps = 6.51708
stat.node.7.injector.response_gbps = 4.01051
stat.node.7.injector.aggregate_gbps = 10.5276
stat.node.7.llc.cxl_miss = 800
stat.node.7.llc.total_miss = 800
stat.node.7.llc.avg_miss_lat = 938.742
stat.node.7.llc.avg_cxl_lat = 938.742
stat.node.7.llc.miss_lat_hist_bin_ns = 10
stat.node.7.llc.miss_lat_hist = [0,0,0,0,0,0,0,0,0,0,0,0,0,0,0,0,0,0,0,0,0,0,0,0,0,0,0,0,0,0,0,0,7,78,27,14,7,9,47,223,302,60,18,4,3,1]
stat.node.7.util.dram_avg = 1.20868e-05
stat.node.7.walltime_s = 234.984
stat.node.7.active_time_s = 30.3712
stat.node.1.cpu.0.retired = 1614
stat.node.1.cpu.0.cycles = 2000000
stat.node.5.cpu.0.retired = 1625
stat.node.5.cpu.0.cycles = 2000000
stat.node.3.cpu.0.retired = 1614
stat.node.3.cpu.0.cycles = 2000000
stat.node.6.cpu.0.retired = 1616
stat.node.6.cpu.0.cycles = 2000000
stat.node.4.cpu.0.retired = 1562
stat.node.4.cpu.0.cycles = 2000000
stat.node.2.cpu.0.retired = 1577
stat.node.2.cpu.0.cycles = 2000000
stat.node.0.cpu.0.retired = 1622
stat.node.0.cpu.0.cycles = 2000000
stat.node.7.cpu.0.retired = 1613
stat.node.7.cpu.0.cycles = 2000000
stat.node.2.cpu.0.load_issue_to_complete_count = 799
stat.node.2.cpu.0.avg_load_issue_to_complete_lat = 1135.88
stat.node.2.injector.phase_cycles = 909600
stat.node.2.injector.request_bytes = 308744
stat.node.2.injector.response_bytes = 189952
stat.node.2.injector.aggregate_bytes = 498696
stat.node.2.injector.request_gbps = 6.51702
stat.node.2.injector.response_gbps = 4.00954
stat.node.2.injector.aggregate_gbps = 10.5266
stat.node.2.llc.cxl_miss = 800
stat.node.2.llc.total_miss = 800
stat.node.2.llc.avg_miss_lat = 958.783
stat.node.2.llc.avg_cxl_lat = 958.783
stat.node.2.llc.miss_lat_hist_bin_ns = 10
stat.node.2.llc.miss_lat_hist = [0,0,0,0,0,0,0,0,0,0,0,0,0,0,0,0,0,0,0,0,0,0,0,0,0,0,0,0,0,0,0,0,2,20,10,14,2,12,27,160,443,91,18,1]
stat.node.2.util.dram_avg = 1.18515e-05
stat.node.2.walltime_s = 239.138
stat.node.2.active_time_s = 31.2648
stat.node.4.cpu.0.load_issue_to_complete_count = 799
stat.node.4.cpu.0.avg_load_issue_to_complete_lat = 1146.66
stat.node.4.injector.phase_cycles = 918207
stat.node.4.injector.request_bytes = 311648
stat.node.4.injector.response_bytes = 191744
stat.node.4.injector.aggregate_bytes = 503392
stat.pool.104.util.mem_avg = 0.183404
stat.pool.104.util.req_link_avg = 0.999585
stat.pool.104.walltime_s = 240.269
stat.pool.104.active_time_s = 0.90977
stat.pool.103.util.mem_avg = 0.183389
stat.pool.103.util.req_link_avg = 0.999574
stat.pool.103.walltime_s = 240.269
stat.pool.103.active_time_s = 0.860108
stat.pool.102.util.mem_avg = 0.183394
stat.pool.102.util.req_link_avg = 0.999574
stat.pool.102.walltime_s = 240.269
stat.pool.102.active_time_s = 0.92936
stat.pool.101.util.mem_avg = 0.183394
stat.pool.101.util.req_link_avg = 0.999575
stat.pool.101.walltime_s = 240.269
stat.pool.101.active_time_s = 0.900538
stat.pool.100.util.mem_avg = 0.183398
stat.pool.100.util.req_link_avg = 0.999575
stat.pool.100.walltime_s = 240.269
stat.pool.100.active_time_s = 0.953463
stat.switch.replicated_messages = 399945
stat.switch.util.node_ingress_avg = 0.135457
stat.switch.util.pool_ingress_avg = 0.167672
stat.switch.bw.host_to_switch_gbps = 6.6585
stat.switch.bw.switch_to_host_gbps = 5.15086
stat.switch.bw.host_link_total_gbps = 11.8094
stat.switch.walltime_s = 240.269
stat.switch.active_time_s = 4.62633
stat.node.4.injector.request_gbps = 6.51666
stat.node.4.injector.response_gbps = 4.00943
stat.node.4.injector.aggregate_gbps = 10.5261
stat.node.4.llc.cxl_miss = 800
stat.node.4.llc.total_miss = 800
stat.node.4.llc.avg_miss_lat = 969.365
stat.node.4.llc.avg_cxl_lat = 969.365
stat.node.4.llc.miss_lat_hist_bin_ns = 10
stat.node.4.llc.miss_lat_hist = [0,0,0,0,0,0,0,0,0,0,0,0,0,0,0,0,0,0,0,0,0,0,0,0,0,0,0,0,0,0,0,0,2,3,1,2,3,7,18,121,498,124,15,4,1,1]
stat.node.4.util.dram_avg = 1.1747e-05
stat.node.4.walltime_s = 240.268
stat.node.4.active_time_s = 28.241
Simulation is complete, simulated time: 851.962 us
