stat.node.0.cpu.0.retired = 913
stat.node.0.cpu.0.cycles = 1000000
stat.node.1.cpu.0.retired = 913
stat.node.1.cpu.0.cycles = 1000000
stat.node.2.cpu.0.retired = 913
stat.node.2.cpu.0.cycles = 1000000
stat.node.3.cpu.0.retired = 913
stat.node.3.cpu.0.cycles = 1000000
stat.node.4.cpu.0.retired = 913
stat.node.4.cpu.0.cycles = 1000000
stat.node.5.cpu.0.retired = 913
stat.node.5.cpu.0.cycles = 1000000
stat.node.6.cpu.0.retired = 913
stat.node.6.cpu.0.cycles = 1000000
stat.node.7.cpu.0.retired = 913
stat.node.7.cpu.0.cycles = 1000000
stat.node.5.cpu.0.load_issue_to_complete_count = 799
stat.node.5.cpu.0.avg_load_issue_to_complete_lat = 848.591
stat.node.5.injector.phase_cycles = 679749
stat.node.5.injector.request_bytes = 45968
stat.node.5.injector.response_bytes = 367744
stat.node.5.injector.aggregate_bytes = 413712
stat.node.5.injector.request_gbps = 1.2984
stat.node.5.injector.response_gbps = 10.3872
stat.node.5.injector.aggregate_gbps = 11.6856
stat.node.5.llc.cxl_miss = 800
stat.node.5.llc.total_miss = 800
stat.node.5.llc.avg_miss_lat = 676.144
stat.node.5.llc.avg_cxl_lat = 676.144
stat.node.5.llc.miss_lat_hist_bin_ns = 10
stat.node.5.llc.miss_lat_hist = [0,0,0,0,0,0,0,0,0,0,0,0,0,0,0,0,0,0,0,0,0,0,0,0,0,0,0,356,444]
stat.node.5.util.dram_avg = 1.51996e-05
stat.node.5.walltime_s = 259.628
stat.node.5.active_time_s = 22.3696
stat.node.6.cpu.0.load_issue_to_complete_count = 799
stat.node.6.cpu.0.avg_load_issue_to_complete_lat = 848.591
stat.node.6.injector.phase_cycles = 679749
stat.node.6.injector.request_bytes = 45968
stat.node.6.injector.response_bytes = 367744
stat.node.6.injector.aggregate_bytes = 413712
stat.node.6.injector.request_gbps = 1.2984
stat.node.6.injector.response_gbps = 10.3872
stat.node.6.injector.aggregate_gbps = 11.6856
stat.node.6.llc.cxl_miss = 800
stat.node.6.llc.total_miss = 800
stat.node.6.llc.avg_miss_lat = 676.143
stat.node.6.llc.avg_cxl_lat = 676.143
stat.node.6.llc.miss_lat_hist_bin_ns = 10
stat.node.6.llc.miss_lat_hist = [0,0,0,0,0,0,0,0,0,0,0,0,0,0,0,0,0,0,0,0,0,0,0,0,0,0,0,361,439]
stat.node.6.util.dram_avg = 1.51985e-05
stat.node.6.walltime_s = 259.63
stat.node.6.active_time_s = 26.4037
stat.node.4.cpu.0.load_issue_to_complete_count = 799
stat.node.4.cpu.0.avg_load_issue_to_complete_lat = 848.572
stat.node.4.injector.phase_cycles = 679749
stat.node.4.injector.request_bytes = 45968
stat.node.4.injector.response_bytes = 367744
stat.node.4.injector.aggregate_bytes = 413712
stat.node.4.injector.request_gbps = 1.2984
stat.node.4.injector.response_gbps = 10.3872
stat.node.4.injector.aggregate_gbps = 11.6856
stat.node.4.llc.cxl_miss = 800
stat.node.4.llc.total_miss = 800
stat.node.4.llc.avg_miss_lat = 676.286
stat.node.4.llc.avg_cxl_lat = 676.286
stat.node.4.llc.miss_lat_hist_bin_ns = 10
stat.node.4.llc.miss_lat_hist = [0,0,0,0,0,0,0,0,0,0,0,0,0,0,0,0,0,0,0,0,0,0,0,0,0,0,0,350,437,13]
stat.node.4.util.dram_avg = 1.51963e-05
stat.node.4.walltime_s = 259.675
stat.node.4.active_time_s = 26.7346
stat.node.7.cpu.0.load_issue_to_complete_count = 799
stat.node.7.cpu.0.avg_load_issue_to_complete_lat = 848.566
stat.node.7.injector.phase_cycles = 679749
stat.node.7.injector.request_bytes = 45968
stat.node.7.injector.response_bytes = 367744
stat.node.7.injector.aggregate_bytes = 413712
stat.node.7.injector.request_gbps = 1.2984
stat.node.7.injector.response_gbps = 10.3872
stat.node.7.injector.aggregate_gbps = 11.6856
stat.node.7.llc.cxl_miss = 800
stat.node.7.llc.total_miss = 800
stat.node.7.llc.avg_miss_lat = 676.345
stat.node.7.llc.avg_cxl_lat = 676.345
stat.node.7.llc.miss_lat_hist_bin_ns = 10
stat.node.7.llc.miss_lat_hist = [0,0,0,0,0,0,0,0,0,0,0,0,0,0,0,0,0,0,0,0,0,0,0,0,0,0,0,354,445,1]
stat.node.7.util.dram_avg = 1.51953e-05
stat.node.7.walltime_s = 259.67
stat.node.7.active_time_s = 24.5096
stat.node.0.cpu.0.load_issue_to_complete_count = 799
stat.node.0.cpu.0.avg_load_issue_to_complete_lat = 848.564
stat.node.0.injector.phase_cycles = 679748
stat.node.0.injector.request_bytes = 45968
stat.node.0.injector.response_bytes = 367744
stat.node.0.injector.aggregate_bytes = 413712
stat.node.0.injector.request_gbps = 1.2984
stat.node.0.injector.response_gbps = 10.3872
stat.node.0.injector.aggregate_gbps = 11.6856
stat.node.0.llc.cxl_miss = 800
stat.node.0.llc.total_miss = 800
stat.node.0.llc.avg_miss_lat = 676.341
stat.node.0.llc.avg_cxl_lat = 676.341
stat.node.0.llc.miss_lat_hist_bin_ns = 10
stat.node.0.llc.miss_lat_hist = [0,0,0,0,0,0,0,0,0,0,0,0,0,0,0,0,0,0,0,0,0,0,0,0,0,0,0,366,421,13]
stat.node.0.util.dram_avg = 1.51952e-05
stat.node.0.walltime_s = 259.678
stat.node.0.active_time_s = 21.3641
stat.node.1.cpu.0.load_issue_to_complete_count = 799
stat.node.1.cpu.0.avg_load_issue_to_complete_lat = 848.566
stat.node.1.injector.phase_cycles = 679749
stat.node.1.injector.request_bytes = 45968
stat.node.1.injector.response_bytes = 367744
stat.node.1.injector.aggregate_bytes = 413712
stat.node.1.injector.request_gbps = 1.2984
stat.node.1.injector.response_gbps = 10.3872
stat.node.1.injector.aggregate_gbps = 11.6856
stat.node.1.llc.cxl_miss = 800
stat.node.1.llc.total_miss = 800
stat.node.1.llc.avg_miss_lat = 676.345
stat.node.1.llc.avg_cxl_lat = 676.345
stat.node.1.llc.miss_lat_hist_bin_ns = 10
stat.node.1.llc.miss_lat_hist = [0,0,0,0,0,0,0,0,0,0,0,0,0,0,0,0,0,0,0,0,0,0,0,0,0,0,0,366,421,13]
stat.node.1.util.dram_avg = 1.51941e-05
stat.node.1.walltime_s = 259.693
stat.node.1.active_time_s = 22.3728
stat.node.2.cpu.0.load_issue_to_complete_count = 799
stat.node.2.cpu.0.avg_load_issue_to_complete_lat = 848.564
stat.node.2.injector.phase_cycles = 679748
stat.node.2.injector.request_bytes = 45968
stat.node.2.injector.response_bytes = 367744
stat.node.2.injector.aggregate_bytes = 413712
stat.node.2.injector.request_gbps = 1.2984
stat.node.2.injector.response_gbps = 10.3872
stat.node.2.injector.aggregate_gbps = 11.6856
stat.node.2.llc.cxl_miss = 800
stat.node.2.llc.total_miss = 800
stat.node.2.llc.avg_miss_lat = 676.341
stat.node.2.llc.avg_cxl_lat = 676.341
stat.node.2.llc.miss_lat_hist_bin_ns = 10
stat.node.2.llc.miss_lat_hist = [0,0,0,0,0,0,0,0,0,0,0,0,0,0,0,0,0,0,0,0,0,0,0,0,0,0,0,366,421,13]
stat.node.2.util.dram_avg = 1.5194e-05
stat.node.2.walltime_s = 259.701
stat.node.2.active_time_s = 25.349
stat.node.3.cpu.0.load_issue_to_complete_count = 799
stat.node.3.cpu.0.avg_load_issue_to_complete_lat = 848.566
stat.node.3.injector.phase_cycles = 679749
stat.node.3.injector.request_bytes = 45968
stat.node.3.injector.response_bytes = 367744
stat.node.3.injector.aggregate_bytes = 413712
stat.node.3.injector.request_gbps = 1.2984
stat.node.3.injector.response_gbps = 10.3872
stat.node.3.injector.aggregate_gbps = 11.6856
stat.node.3.llc.cxl_miss = 800
stat.node.3.llc.total_miss = 800
stat.node.3.llc.avg_miss_lat = 676.345
stat.node.3.llc.avg_cxl_lat = 676.345
stat.node.3.llc.miss_lat_hist_bin_ns = 10
stat.node.3.llc.miss_lat_hist = [0,0,0,0,0,0,0,0,0,0,0,0,0,0,0,0,0,0,0,0,0,0,0,0,0,0,0,366,421,13]
stat.node.3.util.dram_avg = 1.51929e-05
stat.node.3.walltime_s = 259.704
stat.node.3.active_time_s = 19.6323
stat.pool.101.util.mem_avg = 0.154012
stat.pool.101.util.req_link_avg = 0.120331
stat.pool.101.walltime_s = 259.696
stat.pool.101.active_time_s = 0.708645
stat.pool.100.util.mem_avg = 0.154013
stat.pool.100.util.req_link_avg = 0.120332
stat.pool.100.walltime_s = 259.696
stat.pool.100.active_time_s = 0.804496
stat.switch.replicated_messages = 0
stat.switch.util.node_ingress_avg = 0.0300856
stat.switch.util.pool_ingress_avg = 0.962503
stat.switch.bw.host_to_switch_gbps = 1.47892
stat.switch.bw.switch_to_host_gbps = 11.8272
stat.switch.bw.host_link_total_gbps = 13.3061
stat.switch.walltime_s = 259.696
stat.switch.active_time_s = 3.05176
Simulation is complete, simulated time: 658.729 us
