stat.node.7.cpu.0.retired = 801
stat.node.7.cpu.0.cycles = 1000000
stat.node.0.cpu.0.retired = 807
stat.node.0.cpu.0.cycles = 1000000
stat.node.1.cpu.0.retired = 810
stat.node.1.cpu.0.cycles = 1000000
stat.node.2.cpu.0.retired = 777
stat.node.2.cpu.0.cycles = 1000000
stat.node.3.cpu.0.retired = 810
stat.node.3.cpu.0.cycles = 1000000
stat.node.4.cpu.0.retired = 781
stat.node.4.cpu.0.cycles = 1000000
stat.node.5.cpu.0.retired = 804
stat.node.5.cpu.0.cycles = 1000000
stat.node.6.cpu.0.retired = 808
stat.node.6.cpu.0.cycles = 1000000
stat.node.3.cpu.0.load_issue_to_complete_count = 799
stat.node.3.cpu.0.avg_load_issue_to_complete_lat = 950.777
stat.node.3.injector.phase_cycles = 761466
stat.node.3.injector.request_bytes = 269800
stat.node.3.injector.response_bytes = 340800
stat.node.3.injector.aggregate_bytes = 610600
stat.node.3.injector.request_gbps = 6.80288
stat.node.3.injector.response_gbps = 8.59311
stat.node.3.injector.aggregate_gbps = 15.396
stat.node.3.llc.cxl_miss = 800
stat.node.3.llc.total_miss = 800
stat.node.3.llc.avg_miss_lat = 776.496
stat.node.3.llc.avg_cxl_lat = 776.496
stat.node.3.llc.miss_lat_hist_bin_ns = 10
stat.node.3.llc.miss_lat_hist = [0,0,0,0,0,0,0,0,0,0,0,0,0,0,0,0,0,0,0,0,0,0,0,0,0,0,0,0,1,22,124,143,261,222,27]
stat.node.3.util.dram_avg = 1.37071e-05
stat.node.3.walltime_s = 180.426
stat.node.3.active_time_s = 24.3371
stat.node.1.cpu.0.load_issue_to_complete_count = 799
stat.node.1.cpu.0.avg_load_issue_to_complete_lat = 951.22
stat.node.1.injector.phase_cycles = 761892
stat.node.1.injector.request_bytes = 269952
stat.node.1.injector.response_bytes = 340992
stat.node.1.injector.aggregate_bytes = 610944
stat.node.1.injector.request_gbps = 6.8029
stat.node.1.injector.response_gbps = 8.59314
stat.node.1.injector.aggregate_gbps = 15.396
stat.node.1.llc.cxl_miss = 800
stat.node.1.llc.total_miss = 800
stat.node.1.llc.avg_miss_lat = 777.241
stat.node.1.llc.avg_cxl_lat = 777.241
stat.node.1.llc.miss_lat_hist_bin_ns = 10
stat.node.1.llc.miss_lat_hist = [0,0,0,0,0,0,0,0,0,0,0,0,0,0,0,0,0,0,0,0,0,0,0,0,0,0,0,0,4,34,105,163,198,255,39,2]
stat.node.1.util.dram_avg = 1.37019e-05
stat.node.1.walltime_s = 180.456
stat.node.1.active_time_s = 22.6254
stat.node.6.cpu.0.load_issue_to_complete_count = 799
stat.node.6.cpu.0.avg_load_issue_to_complete_lat = 950.004
stat.node.6.injector.phase_cycles = 760874
stat.node.6.injector.request_bytes = 269640
stat.node.6.injector.response_bytes = 340544
stat.node.6.injector.aggregate_bytes = 610184
stat.node.6.injector.request_gbps = 6.80413
stat.node.6.injector.response_gbps = 8.59333
stat.node.6.injector.aggregate_gbps = 15.3975
stat.node.6.llc.cxl_miss = 800
stat.node.6.llc.total_miss = 800
stat.node.6.llc.avg_miss_lat = 775.99
stat.node.6.llc.avg_cxl_lat = 775.99
stat.node.6.llc.miss_lat_hist_bin_ns = 10
stat.node.6.llc.miss_lat_hist = [0,0,0,0,0,0,0,0,0,0,0,0,0,0,0,0,0,0,0,0,0,0,0,0,0,0,0,0,1,13,123,188,234,210,31]
stat.node.6.util.dram_avg = 1.36916e-05
stat.node.6.walltime_s = 180.781
stat.node.6.active_time_s = 26.5932
stat.node.0.cpu.0.load_issue_to_complete_count = 799
stat.node.0.cpu.0.avg_load_issue_to_complete_lat = 949.103
stat.node.0.injector.phase_cycles = 760180
stat.node.0.injector.request_bytes = 269344
stat.node.0.injector.response_bytes = 340224
stat.node.0.injector.aggregate_bytes = 609568
stat.node.0.injector.request_gbps = 6.80287
stat.node.0.injector.response_gbps = 8.5931
stat.node.0.injector.aggregate_gbps = 15.396
stat.node.0.llc.cxl_miss = 800
stat.node.0.llc.total_miss = 800
stat.node.0.llc.avg_miss_lat = 775.134
stat.node.0.llc.avg_cxl_lat = 775.134
stat.node.0.llc.miss_lat_hist_bin_ns = 10
stat.node.0.llc.miss_lat_hist = [0,0,0,0,0,0,0,0,0,0,0,0,0,0,0,0,0,0,0,0,0,0,0,0,0,0,0,0,8,31,90,186,242,219,24]
stat.node.0.util.dram_avg = 1.36897e-05
stat.node.0.walltime_s = 180.808
stat.node.0.active_time_s = 28.0668
stat.node.5.cpu.0.load_issue_to_complete_count = 799
stat.node.5.cpu.0.avg_load_issue_to_complete_lat = 953.701
stat.node.5.injector.phase_cycles = 763875
stat.node.5.injector.request_bytes = 270704
stat.node.5.injector.response_bytes = 341888
stat.node.5.injector.aggregate_bytes = 612592
stat.node.5.injector.request_gbps = 6.80415
stat.node.5.injector.response_gbps = 8.59336
stat.node.5.injector.aggregate_gbps = 15.3975
stat.node.5.llc.cxl_miss = 800
stat.node.5.llc.total_miss = 800
stat.node.5.llc.avg_miss_lat = 779.416
stat.node.5.llc.avg_cxl_lat = 779.416
stat.node.5.llc.miss_lat_hist_bin_ns = 10
stat.node.5.llc.miss_lat_hist = [0,0,0,0,0,0,0,0,0,0,0,0,0,0,0,0,0,0,0,0,0,0,0,0,0,0,0,0,7,47,77,96,244,308,20,1]
stat.node.5.util.dram_avg = 1.36397e-05
stat.node.5.walltime_s = 181.606
stat.node.5.active_time_s = 26.0587
stat.node.7.cpu.0.load_issue_to_complete_count = 799
stat.node.7.cpu.0.avg_load_issue_to_complete_lat = 959.073
stat.node.7.injector.phase_cycles = 768164
stat.node.7.injector.request_bytes = 272224
stat.node.7.injector.response_bytes = 343808
stat.node.7.injector.aggregate_bytes = 616032
stat.node.7.injector.request_gbps = 6.80415
stat.node.7.injector.response_gbps = 8.59336
stat.node.7.injector.aggregate_gbps = 15.3975
stat.node.7.llc.cxl_miss = 800
stat.node.7.llc.total_miss = 800
stat.node.7.llc.avg_miss_lat = 784.763
stat.node.7.llc.avg_cxl_lat = 784.763
stat.node.7.llc.miss_lat_hist_bin_ns = 10
stat.node.7.llc.miss_lat_hist = [0,0,0,0,0,0,0,0,0,0,0,0,0,0,0,0,0,0,0,0,0,0,0,0,0,0,0,0,19,73,21,38,264,296,89]
stat.node.7.util.dram_avg = 1.35867e-05
stat.node.7.walltime_s = 182.221
stat.node.7.active_time_s = 23.38
stat.node.4.cpu.0.load_issue_to_complete_count = 799
stat.node.4.cpu.0.avg_load_issue_to_complete_lat = 985.28
stat.node.4.injector.phase_cycles = 789108
stat.node.4.injector.request_bytes = 279536
stat.node.4.injector.response_bytes = 353152
stat.node.4.injector.aggregate_bytes = 632688
stat.node.4.injector.request_gbps = 6.80147
stat.node.4.injector.response_gbps = 8.59264
stat.node.4.injector.aggregate_gbps = 15.3941
stat.node.4.llc.cxl_miss = 800
stat.node.4.llc.total_miss = 800
stat.node.4.llc.avg_miss_lat = 810.641
stat.node.4.llc.avg_cxl_lat = 810.641
stat.node.4.llc.miss_lat_hist_bin_ns = 10
stat.node.4.llc.miss_lat_hist = [0,0,0,0,0,0,0,0,0,0,0,0,0,0,0,0,0,0,0,0,0,0,0,0,0,0,0,1,5,1,0,3,203,347,88,150,2]
stat.node.4.util.dram_avg = 1.32807e-05
stat.node.4.walltime_s = 187.732
stat.node.4.active_time_s = 22.1728
stat.node.2.cpu.0.load_issue_to_complete_count = 799
stat.node.2.cpu.0.avg_load_issue_to_complete_lat = 985.844
stat.node.2.injector.phase_cycles = 789535
stat.node.2.injector.request_bytes = 279688
stat.node.2.injector.response_bytes = 353344
stat.node.2.injector.aggregate_bytes = 633032
stat.node.2.injector.request_gbps = 6.80148
stat.node.2.injector.response_gbps = 8.59266
stat.node.2.injector.aggregate_gbps = 15.3941
stat.node.2.llc.cxl_miss = 800
stat.node.2.llc.total_miss = 800
stat.node.2.llc.avg_miss_lat = 811.141
stat.node.2.llc.avg_cxl_lat = 811.141
stat.node.2.llc.miss_lat_hist_bin_ns = 10
stat.node.2.llc.miss_lat_hist = [0,0,0,0,0,0,0,0,0,0,0,0,0,0,0,0,0,0,0,0,0,0,0,0,0,0,0,0,5,0,0,4,190,359,90,152]
stat.node.2.util.dram_avg = 1.32461e-05
stat.node.2.walltime_s = 188.159
stat.node.2.active_time_s = 23.0752
stat.pool.102.util.mem_avg = 0.234901
stat.pool.102.util.req_link_avg = 0.99917
stat.pool.102.walltime_s = 188.155
stat.pool.102.active_time_s = 0.700078
stat.pool.101.util.mem_avg = 0.234901
stat.pool.101.util.req_link_avg = 0.99917
stat.pool.101.walltime_s = 188.155
stat.pool.101.active_time_s = 0.697331
stat.pool.100.util.mem_avg = 0.234903
stat.pool.100.util.req_link_avg = 0.999171
stat.pool.100.walltime_s = 188.155
stat.pool.100.active_time_s = 0.724766
stat.switch.replicated_messages = 202704
stat.switch.util.node_ingress_avg = 0.141666
stat.switch.util.pool_ingress_avg = 0.53601
stat.switch.bw.host_to_switch_gbps = 6.96346
stat.switch.bw.switch_to_host_gbps = 9.87959
stat.switch.bw.host_link_total_gbps = 16.8431
stat.switch.walltime_s = 188.156
stat.switch.active_time_s = 3.25163
Simulation is complete, simulated time: 755.543 us
