stat.node.5.cpu.0.retired = 172
stat.node.5.cpu.0.cycles = 1000000
stat.node.6.cpu.0.retired = 172
stat.node.6.cpu.0.cycles = 1000000
stat.node.7.cpu.0.retired = 172
stat.node.7.cpu.0.cycles = 1000000
stat.node.0.cpu.0.retired = 172
stat.node.0.cpu.0.cycles = 1000000
stat.node.1.cpu.0.retired = 170
stat.node.2.cpu.0.retired = 173
stat.node.2.cpu.0.cycles = 1000000
stat.node.3.cpu.0.retired = 171
stat.node.3.cpu.0.cycles = 1000000
stat.node.4.cpu.0.retired = 171
stat.node.4.cpu.0.cycles = 1000000
stat.node.1.cpu.0.cycles = 1000000
stat.node.1.cpu.0.retired = 397
stat.node.7.cpu.0.retired = 397
stat.node.7.cpu.0.cycles = 2000000
stat.node.0.cpu.0.retired = 397
stat.node.0.cpu.0.cycles = 2000000
stat.node.4.cpu.0.retired = 398
stat.node.4.cpu.0.cycles = 2000000
stat.node.2.cpu.0.retired = 400
stat.node.2.cpu.0.cycles = 2000000
stat.node.3.cpu.0.retired = 397
stat.node.3.cpu.0.cycles = 2000000
stat.node.5.cpu.0.retired = 400
stat.node.5.cpu.0.cycles = 2000000
stat.node.6.cpu.0.retired = 398
stat.node.6.cpu.0.cycles = 2000000
stat.node.1.cpu.0.cycles = 2000000
stat.node.3.cpu.0.retired = 670
stat.node.3.cpu.0.cycles = 3000000
stat.node.5.cpu.0.retired = 676
stat.node.5.cpu.0.cycles = 3000000
stat.node.1.cpu.0.retired = 670
stat.node.1.cpu.0.cycles = 3000000
stat.node.6.cpu.0.retired = 673
stat.node.6.cpu.0.cycles = 3000000
stat.node.7.cpu.0.retired = 671
stat.node.7.cpu.0.cycles = 3000000
stat.node.0.cpu.0.retired = 668
stat.node.0.cpu.0.cycles = 3000000
stat.node.4.cpu.0.retired = 673
stat.node.4.cpu.0.cycles = 3000000
stat.node.2.cpu.0.retired = 674
stat.node.2.cpu.0.cycles = 3000000
stat.node.1.cpu.0.retired = 956
stat.node.1.cpu.0.cycles = 4000000
stat.node.6.cpu.0.retired = 962
stat.node.6.cpu.0.cycles = 4000000
stat.node.7.cpu.0.retired = 959
stat.node.7.cpu.0.cycles = 4000000
stat.node.0.cpu.0.retired = 952
stat.node.0.cpu.0.cycles = 4000000
stat.node.4.cpu.0.retired = 959
stat.node.4.cpu.0.cycles = 4000000
stat.node.5.cpu.0.retired = 965
stat.node.5.cpu.0.cycles = 4000000
stat.node.3.cpu.0.retired = 955
stat.node.3.cpu.0.cycles = 4000000
stat.node.2.cpu.0.retired = 960
stat.node.2.cpu.0.cycles = 4000000
stat.node.1.cpu.0.retired = 1249
stat.node.1.cpu.0.cycles = 5000000
stat.node.6.cpu.0.retired = 1258
stat.node.6.cpu.0.cycles = 5000000
stat.node.7.cpu.0.retired = 1253
stat.node.7.cpu.0.cycles = 5000000
stat.node.0.cpu.0.retired = 1247
stat.node.0.cpu.0.cycles = 5000000
stat.node.4.cpu.0.retired = 1253
stat.node.4.cpu.0.cycles = 5000000
stat.node.5.cpu.0.retired = 1260
stat.node.5.cpu.0.cycles = 5000000
stat.node.2.cpu.0.retired = 1255
stat.node.2.cpu.0.cycles = 5000000
stat.node.3.cpu.0.retired = 1253
stat.node.3.cpu.0.cycles = 5000000
stat.node.7.cpu.0.retired = 1556
stat.node.7.cpu.0.cycles = 6000000
stat.node.0.cpu.0.retired = 1545
stat.node.0.cpu.0.cycles = 6000000
stat.node.4.cpu.0.retired = 1554
stat.node.4.cpu.0.cycles = 6000000
stat.node.3.cpu.0.retired = 1554
stat.node.3.cpu.0.cycles = 6000000
stat.node.2.cpu.0.retired = 1556
stat.node.2.cpu.0.cycles = 6000000
stat.node.5.cpu.0.retired = 1560
stat.node.5.cpu.0.cycles = 6000000
stat.node.1.cpu.0.retired = 1550
stat.node.1.cpu.0.cycles = 6000000
stat.node.6.cpu.0.retired = 1559
stat.node.6.cpu.0.cycles = 6000000
stat.node.5.cpu.0.load_issue_to_complete_count = 799
stat.node.5.cpu.0.avg_load_issue_to_complete_lat = 3366.17
stat.node.5.injector.phase_cycles = 2693574
stat.node.5.injector.request_bytes = 1169376
stat.node.5.injector.response_bytes = 3118272
stat.node.5.injector.aggregate_bytes = 4287648
stat.node.5.injector.request_gbps = 8.3354
stat.node.5.injector.response_gbps = 22.2273
stat.node.5.injector.aggregate_gbps = 30.5627
stat.node.5.llc.cxl_miss = 800
stat.node.5.llc.total_miss = 800
stat.node.5.llc.avg_miss_lat = 3151.7
stat.node.5.llc.avg_cxl_lat = 3151.7
stat.node.5.llc.miss_lat_hist_bin_ns = 10
stat.node.5.llc.miss_lat_hist = [0,0,0,0,0,0,0,0,0,0,0,0,0,0,0,0,0,0,0,0,0,0,0,0,0,0,0,0,0,0,0,0,0,0,0,0,0,0,0,0,0,0,0,0,0,0,0,0,0,0,0,0,0,0,0,0,0,0,0,0,0,0,0,0,0,0,0,0,0,0,0,0,0,0,0,0,0,0,0,0,0,0,0,0,0,1,0,0,0,0,1,0,0,1,2,0,0,2,1,1,2,5,1,4,3,5,4,6,4,7,8,5,14,11,11,16,12,14,12,15,17,19,23,24,22,20,25,27,20,31,29,20,15,19,22,20,23,15,14,12,20,17,6,13,20,10,11,14,7,10,13,9,5,5,6,6,1,6,6,1,2,4,3,2,2,3,1,1,0,1,0,1,1,0,1,1,1,0,2,0,0,1,0,0,0,0,0,0,0,1,0,0,0,0,0,0,1]
stat.node.5.util.dram_avg = 3.91384e-06
stat.node.5.walltime_s = 957.054
stat.node.5.active_time_s = 96.3379
stat.node.6.cpu.0.load_issue_to_complete_count = 799
stat.node.6.cpu.0.avg_load_issue_to_complete_lat = 3343.82
stat.node.6.injector.phase_cycles = 2675789
stat.node.6.injector.request_bytes = 1172160
stat.node.6.injector.response_bytes = 3126080
stat.node.6.injector.aggregate_bytes = 4298240
stat.node.6.injector.request_gbps = 8.41078
stat.node.6.injector.response_gbps = 22.431
stat.node.6.injector.aggregate_gbps = 30.8418
stat.node.6.llc.cxl_miss = 800
stat.node.6.llc.total_miss = 800
stat.node.6.llc.avg_miss_lat = 3133.3
stat.node.6.llc.avg_cxl_lat = 3133.3
stat.node.6.llc.miss_lat_hist_bin_ns = 10
stat.node.6.llc.miss_lat_hist = [0,0,0,0,0,0,0,0,0,0,0,0,0,0,0,0,0,0,0,0,0,0,0,0,0,0,0,0,0,0,0,0,0,0,0,0,0,0,0,0,0,0,0,0,0,0,0,0,0,0,0,0,0,0,0,0,0,0,0,0,0,0,0,0,0,0,0,0,0,0,0,0,0,0,0,0,0,0,0,0,0,0,0,0,0,0,0,0,0,0,1,1,1,0,0,0,0,1,1,1,2,0,4,1,5,4,6,6,8,8,5,8,9,7,10,16,13,13,22,16,23,21,23,26,22,23,25,20,18,25,32,19,21,27,25,18,19,17,18,16,18,16,15,11,17,7,14,8,9,8,11,2,9,6,3,6,10,4,1,3,1,3,2,0,1,3,0,0,0,2,0,2,0,0,0,0,0,0,0,0,1]
stat.node.6.util.dram_avg = 3.91332e-06
stat.node.6.walltime_s = 957.213
stat.node.6.active_time_s = 93.8735
stat.node.7.cpu.0.load_issue_to_complete_count = 799
stat.node.7.cpu.0.avg_load_issue_to_complete_lat = 3353.77
stat.node.7.injector.phase_cycles = 2683903
stat.node.7.injector.request_bytes = 1172256
stat.node.7.injector.response_bytes = 3125760
stat.node.7.injector.aggregate_bytes = 4298016
stat.node.7.injector.request_gbps = 8.38604
stat.node.7.injector.response_gbps = 22.3609
stat.node.7.injector.aggregate_gbps = 30.747
stat.node.7.llc.cxl_miss = 800
stat.node.7.llc.total_miss = 800
stat.node.7.llc.avg_miss_lat = 3139.49
stat.node.7.llc.avg_cxl_lat = 3139.49
stat.node.7.llc.miss_lat_hist_bin_ns = 10
stat.node.7.llc.miss_lat_hist = [0,0,0,0,0,0,0,0,0,0,0,0,0,0,0,0,0,0,0,0,0,0,0,0,0,0,0,0,0,0,0,0,0,0,0,0,0,0,0,0,0,0,0,0,0,0,0,0,0,0,0,0,0,0,0,0,0,0,0,0,0,0,0,0,0,0,0,0,0,0,0,0,0,0,0,0,0,0,0,0,0,0,0,0,0,0,0,0,0,0,0,0,0,1,0,0,1,0,1,2,4,3,4,3,9,5,6,5,8,12,5,2,12,10,14,12,16,20,18,12,27,25,16,20,30,19,18,21,25,22,23,13,19,27,15,21,15,14,18,19,13,14,15,13,13,10,11,9,18,12,2,7,8,5,7,6,8,2,6,4,2,2,3,1,2,0,2,3,1,0,1,0,1,2,1,0,1,1,1,0,0,0,0,0,0,1]
stat.node.7.util.dram_avg = 3.90631e-06
stat.node.7.walltime_s = 957.872
stat.node.7.active_time_s = 93.354
stat.node.2.cpu.0.load_issue_to_complete_count = 799
stat.node.2.cpu.0.avg_load_issue_to_complete_lat = 3366.27
stat.node.2.injector.phase_cycles = 2693994
stat.node.2.injector.request_bytes = 1171872
stat.node.2.injector.response_bytes = 3125248
stat.node.2.injector.aggregate_bytes = 4297120
stat.node.2.injector.request_gbps = 8.35189
stat.node.2.injector.response_gbps = 22.2735
stat.node.2.injector.aggregate_gbps = 30.6254
stat.node.2.llc.cxl_miss = 800
stat.node.2.llc.total_miss = 800
stat.node.2.llc.avg_miss_lat = 3154.67
stat.node.2.llc.avg_cxl_lat = 3154.67
stat.node.2.llc.miss_lat_hist_bin_ns = 10
stat.node.2.llc.miss_lat_hist = [0,0,0,0,0,0,0,0,0,0,0,0,0,0,0,0,0,0,0,0,0,0,0,0,0,0,0,0,0,0,0,0,0,0,0,0,0,0,0,0,0,0,0,0,0,0,0,0,0,0,0,0,0,0,0,0,0,0,0,0,0,0,0,0,0,0,0,0,0,0,0,0,0,0,0,0,0,0,0,0,0,0,0,0,0,0,0,0,0,0,0,0,0,0,1,2,0,1,1,1,1,2,3,3,1,0,3,2,12,11,9,8,10,14,12,15,20,16,11,22,16,22,12,18,24,20,26,36,15,23,20,14,27,16,23,17,14,19,18,25,16,19,12,11,13,12,17,10,6,7,10,10,8,10,4,8,4,4,3,3,3,1,6,0,4,2,3,0,2,0,0,1,2,0,0,1,0,0,1,0,0,0,1]
stat.node.2.util.dram_avg = 3.90485e-06
stat.node.2.walltime_s = 957.986
stat.node.2.active_time_s = 86.7048
stat.node.4.cpu.0.load_issue_to_complete_count = 799
stat.node.4.cpu.0.avg_load_issue_to_complete_lat = 3363.31
stat.node.4.injector.phase_cycles = 2691797
stat.node.4.injector.request_bytes = 1170432
stat.node.4.injector.response_bytes = 3121408
stat.node.4.injector.aggregate_bytes = 4291840
stat.node.4.injector.request_gbps = 8.34844
stat.node.4.injector.response_gbps = 22.2643
stat.node.4.injector.aggregate_gbps = 30.6128
stat.node.4.llc.cxl_miss = 800
stat.node.4.llc.total_miss = 800
stat.node.4.llc.avg_miss_lat = 3152.18
stat.node.4.llc.avg_cxl_lat = 3152.18
stat.node.4.llc.miss_lat_hist_bin_ns = 10
stat.node.4.llc.miss_lat_hist = [0,0,0,0,0,0,0,0,0,0,0,0,0,0,0,0,0,0,0,0,0,0,0,0,0,0,0,0,0,0,0,0,0,0,0,0,0,0,0,0,0,0,0,0,0,0,0,0,0,0,0,0,0,0,0,0,0,0,0,0,0,0,0,0,0,0,0,0,0,0,0,0,0,0,0,0,0,0,0,0,0,0,0,0,0,0,0,1,0,0,0,0,0,0,1,0,0,1,1,1,1,5,2,6,4,4,0,3,10,5,11,12,6,8,7,19,15,19,16,15,23,25,26,19,25,13,21,13,24,26,15,26,21,21,23,20,18,22,21,23,13,11,15,11,13,10,11,12,9,10,9,11,6,8,5,4,2,4,9,3,1,3,3,1,2,1,2,0,3,0,0,0,2,1,1,4,0,0,0,2]
stat.node.4.util.dram_avg = 3.90211e-06
stat.node.4.walltime_s = 958.197
stat.node.4.active_time_s = 87.9476
stat.node.3.cpu.0.load_issue_to_complete_count = 799
stat.node.3.cpu.0.avg_load_issue_to_complete_lat = 3354.07
stat.node.3.injector.phase_cycles = 2684021
stat.node.3.injector.request_bytes = 1174472
stat.node.3.injector.response_bytes = 3132480
stat.node.3.injector.aggregate_bytes = 4306952
stat.node.3.injector.request_gbps = 8.40152
stat.node.3.injector.response_gbps = 22.408
stat.node.3.injector.aggregate_gbps = 30.8095
stat.node.3.llc.cxl_miss = 800
stat.node.3.llc.total_miss = 800
stat.node.3.llc.avg_miss_lat = 3140.7
stat.node.3.llc.avg_cxl_lat = 3140.7
stat.node.3.llc.miss_lat_hist_bin_ns = 10
stat.node.3.llc.miss_lat_hist = [0,0,0,0,0,0,0,0,0,0,0,0,0,0,0,0,0,0,0,0,0,0,0,0,0,0,0,0,0,0,0,0,0,0,0,0,0,0,0,0,0,0,0,0,0,0,0,0,0,0,0,0,0,0,0,0,0,0,0,0,0,0,0,0,0,0,0,0,0,0,0,0,0,0,0,0,0,0,0,0,0,0,0,0,0,0,0,0,0,0,0,0,0,2,1,0,1,0,0,1,2,2,2,2,1,2,8,7,3,9,5,10,6,12,15,11,16,13,21,18,25,31,26,17,23,12,12,20,16,13,22,28,31,35,24,24,22,19,15,19,18,14,20,19,16,9,16,9,6,11,5,6,2,3,5,5,2,6,3,0,2,3,0,2,1,3,3,2,0,0,0,1,1,0,1,0,0,1,0,0,0,0,0,0,0,1]
stat.node.3.util.dram_avg = 3.90131e-06
stat.node.3.walltime_s = 958.253
stat.node.3.active_time_s = 91.7819
stat.node.1.cpu.0.load_issue_to_complete_count = 799
stat.node.1.cpu.0.avg_load_issue_to_complete_lat = 3369.72
stat.node.1.injector.phase_cycles = 2697486
stat.node.1.injector.request_bytes = 1178792
stat.node.1.injector.response_bytes = 3142976
stat.node.1.injector.aggregate_bytes = 4321768
stat.node.1.injector.request_gbps = 8.39033
stat.node.1.injector.response_gbps = 22.3709
stat.node.1.injector.aggregate_gbps = 30.7612
stat.node.1.llc.cxl_miss = 800
stat.node.1.llc.total_miss = 800
stat.node.1.llc.avg_miss_lat = 3157.37
stat.node.1.llc.avg_cxl_lat = 3157.37
stat.node.1.llc.miss_lat_hist_bin_ns = 10
stat.node.1.llc.miss_lat_hist = [0,0,0,0,0,0,0,0,0,0,0,0,0,0,0,0,0,0,0,0,0,0,0,0,0,0,0,0,0,0,0,0,0,0,0,0,0,0,0,0,0,0,0,0,0,0,0,0,0,0,0,0,0,0,0,0,0,0,0,0,0,0,0,0,0,0,0,0,0,0,0,0,0,0,0,0,0,0,0,0,0,0,0,0,0,0,0,0,0,0,0,0,0,0,0,1,1,1,1,1,1,4,2,3,1,5,7,6,8,12,6,8,11,16,12,12,14,18,13,24,24,13,10,21,14,23,25,25,15,29,17,15,25,18,20,18,13,32,26,19,15,13,14,13,14,15,13,8,10,5,10,10,7,2,2,8,3,3,4,3,6,2,1,2,6,4,1,4,1,2,0,1,1,3,0,0,0,0,1,0,0,1,1,0,0,0,1]
stat.node.1.util.dram_avg = 3.89289e-06
stat.node.1.walltime_s = 959.345
stat.node.1.active_time_s = 90.1196
stat.node.0.cpu.0.load_issue_to_complete_count = 799
stat.node.0.cpu.0.avg_load_issue_to_complete_lat = 3378.05
stat.node.0.injector.phase_cycles = 2703284
stat.node.0.injector.request_bytes = 1171008
stat.node.0.injector.response_bytes = 3121920
stat.node.0.injector.aggregate_bytes = 4292928
stat.node.0.injector.request_gbps = 8.31705
stat.node.0.injector.response_gbps = 22.1734
stat.node.0.injector.aggregate_gbps = 30.4904
stat.node.0.llc.cxl_miss = 800
stat.node.0.llc.total_miss = 800
stat.node.0.llc.avg_miss_lat = 3166.28
stat.node.0.llc.avg_cxl_lat = 3166.28
stat.node.0.llc.miss_lat_hist_bin_ns = 10
stat.node.0.llc.miss_lat_hist = [0,0,0,0,0,0,0,0,0,0,0,0,0,0,0,0,0,0,0,0,0,0,0,0,0,0,0,0,0,0,0,0,0,0,0,0,0,0,0,0,0,0,0,0,0,0,0,0,0,0,0,0,0,0,0,0,0,0,0,0,0,0,0,0,0,0,0,0,0,0,0,0,0,0,0,0,0,0,0,0,0,0,0,0,0,0,0,0,0,0,0,0,1,0,0,1,0,0,1,1,1,1,4,1,0,2,6,6,4,8,11,6,12,7,13,12,11,13,9,21,26,25,27,17,20,33,17,22,24,22,23,21,23,22,17,25,28,15,19,12,12,23,19,14,14,8,10,8,8,9,11,6,1,6,4,5,1,5,4,1,3,5,2,3,1,3,1,1,3,2,2,3,1,0,2,2,1,2,1,0,1,0,0,0,0,1,1]
stat.node.0.util.dram_avg = 3.88435e-06
stat.node.0.walltime_s = 960.717
stat.node.0.active_time_s = 85.212
stat.pool.104.util.mem_avg = 0.263295
stat.pool.104.util.req_link_avg = 0.999846
stat.pool.104.walltime_s = 960.717
stat.pool.104.active_time_s = 2.60947
stat.pool.103.util.mem_avg = 0.263336
stat.pool.103.util.req_link_avg = 0.999878
stat.pool.103.walltime_s = 960.717
stat.pool.103.active_time_s = 2.70938
stat.pool.102.util.mem_avg = 0.263321
stat.pool.102.util.req_link_avg = 0.999867
stat.pool.102.walltime_s = 960.717
stat.pool.102.active_time_s = 2.81677
stat.pool.101.util.mem_avg = 0.26326
stat.pool.101.util.req_link_avg = 0.999819
stat.pool.101.walltime_s = 960.717
stat.pool.101.active_time_s = 2.91916
stat.pool.100.util.mem_avg = 0.263343
stat.pool.100.util.req_link_avg = 0.999884
stat.pool.100.walltime_s = 960.717
stat.pool.100.active_time_s = 3.03915
stat.switch.replicated_messages = 1121605
stat.switch.util.node_ingress_avg = 0.171157
stat.switch.util.pool_ingress_avg = 0.738109
stat.switch.bw.host_to_switch_gbps = 8.41294
stat.switch.bw.switch_to_host_gbps = 22.6747
stat.switch.bw.host_link_total_gbps = 31.0876
stat.switch.walltime_s = 960.717
stat.switch.active_time_s = 16.5704
Simulation is complete, simulated time: 2.57649 ms
