stat.node.6.cpu.0.retired = 450
stat.node.6.cpu.0.cycles = 1000000
stat.node.7.cpu.0.retired = 457
stat.node.7.cpu.0.cycles = 1000000
stat.node.0.cpu.0.retired = 467
stat.node.0.cpu.0.cycles = 1000000
stat.node.1.cpu.0.retired = 451
stat.node.1.cpu.0.cycles = 1000000
stat.node.2.cpu.0.retired = 456
stat.node.3.cpu.0.retired = 451
stat.node.4.cpu.0.retired = 453
stat.node.4.cpu.0.cycles = 1000000
stat.node.5.cpu.0.retired = 465
stat.node.5.cpu.0.cycles = 1000000
stat.node.2.cpu.0.cycles = 1000000
stat.node.3.cpu.0.cycles = 1000000
stat.node.7.cpu.0.retired = 928
stat.node.7.cpu.0.cycles = 2000000
stat.node.0.cpu.0.retired = 960
stat.node.0.cpu.0.cycles = 2000000
stat.node.1.cpu.0.retired = 973
stat.node.1.cpu.0.cycles = 2000000
stat.node.5.cpu.0.retired = 975
stat.node.5.cpu.0.cycles = 2000000
stat.node.2.cpu.0.retired = 998
stat.node.2.cpu.0.cycles = 2000000
stat.node.4.cpu.0.retired = 988
stat.node.4.cpu.0.cycles = 2000000
stat.node.6.cpu.0.retired = 940
stat.node.6.cpu.0.cycles = 2000000
stat.node.3.cpu.0.retired = 967
stat.node.3.cpu.0.cycles = 2000000
stat.node.6.cpu.0.retired = 1462
stat.node.6.cpu.0.cycles = 3000000
stat.node.7.cpu.0.retired = 1432
stat.node.7.cpu.0.cycles = 3000000
stat.node.0.cpu.0.retired = 1452
stat.node.0.cpu.0.cycles = 3000000
stat.node.1.cpu.0.retired = 1472
stat.node.1.cpu.0.cycles = 3000000
stat.node.5.cpu.0.retired = 1472
stat.node.5.cpu.0.cycles = 3000000
stat.node.2.cpu.0.retired = 1554
stat.node.2.cpu.0.cycles = 3000000
stat.node.4.cpu.0.retired = 1502
stat.node.4.cpu.0.cycles = 3000000
stat.node.3.cpu.0.retired = 1501
stat.node.3.cpu.0.cycles = 3000000
stat.node.2.cpu.0.load_issue_to_complete_count = 799
stat.node.2.cpu.0.avg_load_issue_to_complete_lat = 1780.9
stat.node.2.injector.phase_cycles = 1425147
stat.node.2.injector.request_bytes = 454592
stat.node.2.injector.response_bytes = 0
stat.node.2.injector.aggregate_bytes = 454592
stat.node.2.injector.request_gbps = 6.1244
stat.node.2.injector.response_gbps = 0
stat.node.2.injector.aggregate_gbps = 6.1244
stat.node.2.llc.cxl_miss = 800
stat.node.2.llc.total_miss = 800
stat.node.2.llc.avg_miss_lat = 1594.54
stat.node.2.llc.avg_cxl_lat = 1594.54
stat.node.2.llc.miss_lat_hist_bin_ns = 10
stat.node.2.llc.miss_lat_hist = [0,0,0,0,0,0,0,0,0,0,0,0,0,0,0,0,0,0,0,0,0,0,0,0,0,0,0,0,0,0,0,0,0,0,0,0,0,0,0,0,0,0,2,8,20,8,25,18,22,27,21,29,17,27,24,30,30,25,16,27,12,20,19,17,19,22,17,17,17,16,12,9,15,9,8,10,10,12,5,6,8,6,4,9,13,4,6,2,4,7,6,4,4,4,3,5,5,1,2,1,7,1,2,1,0,3,1,2,2,4,1,0,2,2,0,1,0,1,3,3,1,0,1,0,0,1,1,2,0,1,0,3,1,0,0,1,1,0,0,1,0,1,0,0,0,0,0,2,0,0,0,0,0,0,0,1]
stat.node.2.util.dram_avg = 7.81764e-06
stat.node.2.walltime_s = 364.438
stat.node.2.active_time_s = 48.7211
stat.node.3.cpu.0.load_issue_to_complete_count = 799
stat.node.3.cpu.0.avg_load_issue_to_complete_lat = 1852.87
stat.node.3.injector.phase_cycles = 1483006
stat.node.3.injector.request_bytes = 473024
stat.node.3.injector.response_bytes = 0
stat.node.3.injector.aggregate_bytes = 473024
stat.node.3.injector.request_gbps = 6.12409
stat.node.3.injector.response_gbps = 0
stat.node.3.injector.aggregate_gbps = 6.12409
stat.node.3.llc.cxl_miss = 800
stat.node.3.llc.total_miss = 800
stat.node.3.llc.avg_miss_lat = 1662.99
stat.node.3.llc.avg_cxl_lat = 1662.99
stat.node.3.llc.miss_lat_hist_bin_ns = 10
stat.node.3.llc.miss_lat_hist = [0,0,0,0,0,0,0,0,0,0,0,0,0,0,0,0,0,0,0,0,0,0,0,0,0,0,0,0,0,0,0,0,0,0,0,0,0,0,0,0,0,0,3,15,17,17,18,16,17,21,16,25,21,31,22,27,29,18,24,26,25,15,19,20,18,11,8,18,9,12,9,7,11,10,12,6,8,9,3,3,11,10,7,6,6,7,11,4,8,6,1,5,2,5,6,2,3,5,5,3,3,3,5,3,6,2,7,6,2,1,6,3,0,1,0,3,0,1,1,3,1,2,3,4,0,1,2,0,3,0,4,1,0,1,1,1,0,1,0,0,1,0,0,0,0,1,0,0,0,1,0,0,0,0,0,2,0,0,1,0,1,0,0,0,0,1,0,0,1,0,0,0,0,0,0,0,0,0,0,0,0,0,0,0,0,0,0,1]
stat.node.3.util.dram_avg = 7.60684e-06
stat.node.3.walltime_s = 370.613
stat.node.3.active_time_s = 41.9217
stat.node.4.cpu.0.load_issue_to_complete_count = 799
stat.node.4.cpu.0.avg_load_issue_to_complete_lat = 1887.67
stat.node.4.injector.phase_cycles = 1510453
stat.node.4.injector.request_bytes = 481792
stat.node.4.injector.response_bytes = 0
stat.node.4.injector.aggregate_bytes = 481792
stat.node.4.injector.request_gbps = 6.12426
stat.node.4.injector.response_gbps = 0
stat.node.4.injector.aggregate_gbps = 6.12426
stat.node.4.llc.cxl_miss = 800
stat.node.4.llc.total_miss = 800
stat.node.4.llc.avg_miss_lat = 1694.09
stat.node.4.llc.avg_cxl_lat = 1694.09
stat.node.4.llc.miss_lat_hist_bin_ns = 10
stat.node.4.llc.miss_lat_hist = [0,0,0,0,0,0,0,0,0,0,0,0,0,0,0,0,0,0,0,0,0,0,0,0,0,0,0,0,0,0,0,0,0,0,0,0,0,0,0,0,0,0,3,10,30,13,13,18,21,27,27,18,23,23,15,27,20,11,24,14,9,14,11,21,11,14,14,9,10,9,8,9,13,15,8,9,10,8,11,9,11,6,8,16,6,8,6,14,10,13,6,6,4,7,5,6,4,7,6,3,5,5,3,7,2,3,6,2,6,0,2,5,2,3,3,3,2,0,1,1,1,2,3,3,2,0,4,0,0,0,0,2,1,1,0,1,2,1,0,0,0,0,0,0,0,0,1,0,0,0,0,0,1,1,0,0,0,0,0,0,0,0,0,0,0,1,0,0,0,0,1]
stat.node.4.util.dram_avg = 7.54706e-06
stat.node.4.walltime_s = 373.595
stat.node.4.active_time_s = 45.3095
stat.node.5.cpu.0.load_issue_to_complete_count = 799
stat.node.5.cpu.0.avg_load_issue_to_complete_lat = 1923.74
stat.node.5.injector.phase_cycles = 1540404
stat.node.5.injector.request_bytes = 491328
stat.node.5.injector.response_bytes = 0
stat.node.5.injector.aggregate_bytes = 491328
stat.node.5.injector.request_gbps = 6.12404
stat.node.5.injector.response_gbps = 0
stat.node.5.injector.aggregate_gbps = 6.12404
stat.node.5.llc.cxl_miss = 800
stat.node.5.llc.total_miss = 800
stat.node.5.llc.avg_miss_lat = 1731.45
stat.node.5.llc.avg_cxl_lat = 1731.45
stat.node.5.llc.miss_lat_hist_bin_ns = 10
stat.node.5.llc.miss_lat_hist = [0,0,0,0,0,0,0,0,0,0,0,0,0,0,0,0,0,0,0,0,0,0,0,0,0,0,0,0,0,0,0,0,0,0,0,0,0,0,0,0,0,0,5,14,11,15,24,13,17,14,29,14,26,32,24,31,14,12,22,11,16,11,16,13,12,15,9,10,10,15,10,9,16,12,10,10,4,14,9,10,14,9,11,9,4,7,7,9,7,2,4,6,3,10,7,8,4,7,6,3,2,2,3,3,1,5,4,4,3,3,4,4,3,3,4,2,2,2,4,6,3,4,4,2,0,0,0,1,4,0,0,1,1,0,0,0,0,1,0,1,1,0,0,1,2,1,1,1,0,0,0,1,0,0,1,0,0,1,1,2,1,0,0,1,0,0,1,0,0,0,0,0,1,0,0,0,1]
stat.node.5.util.dram_avg = 7.4934e-06
stat.node.5.walltime_s = 375.878
stat.node.5.active_time_s = 50.5867
stat.node.1.cpu.0.load_issue_to_complete_count = 799
stat.node.1.cpu.0.avg_load_issue_to_complete_lat = 1947.59
stat.node.1.injector.phase_cycles = 1558614
stat.node.1.injector.request_bytes = 497152
stat.node.1.injector.response_bytes = 0
stat.node.1.injector.aggregate_bytes = 497152
stat.node.1.injector.request_gbps = 6.12423
stat.node.1.injector.response_gbps = 0
stat.node.1.injector.aggregate_gbps = 6.12423
stat.node.1.llc.cxl_miss = 800
stat.node.1.llc.total_miss = 800
stat.node.1.llc.avg_miss_lat = 1754.16
stat.node.1.llc.avg_cxl_lat = 1754.16
stat.node.1.llc.miss_lat_hist_bin_ns = 10
stat.node.1.llc.miss_lat_hist = [0,0,0,0,0,0,0,0,0,0,0,0,0,0,0,0,0,0,0,0,0,0,0,0,0,0,0,0,0,0,0,0,0,0,0,0,0,0,0,0,0,0,1,6,21,15,15,19,14,17,20,26,20,18,16,22,19,19,13,22,22,19,10,15,13,13,9,13,14,13,6,8,10,5,9,8,10,8,12,11,5,9,7,9,6,3,8,7,9,11,11,9,7,5,4,9,11,11,8,4,9,4,3,5,5,9,3,7,4,6,3,3,3,3,3,2,6,2,1,3,4,3,1,3,0,0,1,1,1,2,2,0,1,0,2,1,2,1,1,1,1,0,0,0,0,0,0,0,1,0,2,1]
stat.node.1.util.dram_avg = 7.46138e-06
stat.node.1.walltime_s = 376.862
stat.node.1.active_time_s = 44.0739
stat.node.6.cpu.0.load_issue_to_complete_count = 799
stat.node.6.cpu.0.avg_load_issue_to_complete_lat = 1941.6
stat.node.6.injector.phase_cycles = 1553638
stat.node.6.injector.request_bytes = 495552
stat.node.6.injector.response_bytes = 0
stat.node.6.injector.aggregate_bytes = 495552
stat.node.6.injector.request_gbps = 6.12408
stat.node.6.injector.response_gbps = 0
stat.node.6.injector.aggregate_gbps = 6.12408
stat.node.6.llc.cxl_miss = 800
stat.node.6.llc.total_miss = 800
stat.node.6.llc.avg_miss_lat = 1753.38
stat.node.6.llc.avg_cxl_lat = 1753.38
stat.node.6.llc.miss_lat_hist_bin_ns = 10
stat.node.6.llc.miss_lat_hist = [0,0,0,0,0,0,0,0,0,0,0,0,0,0,0,0,0,0,0,0,0,0,0,0,0,0,0,0,0,0,0,0,0,0,0,0,0,0,0,0,0,0,1,15,12,14,11,8,10,15,21,17,26,30,18,17,20,19,11,16,18,9,12,17,10,11,20,15,14,7,21,13,11,6,11,11,21,8,12,7,6,9,15,12,13,10,9,6,6,6,7,7,1,8,5,9,3,8,5,6,10,5,5,5,4,3,6,6,6,6,4,2,3,4,6,3,3,1,3,4,2,5,1,0,2,2,4,1,2,1,1,0,0,0,1,1,0,0,0,1,0,0,0,0,1]
stat.node.6.util.dram_avg = 7.35561e-06
stat.node.6.walltime_s = 380.885
stat.node.6.active_time_s = 48.0693
stat.node.0.cpu.0.load_issue_to_complete_count = 799
stat.node.0.cpu.0.avg_load_issue_to_complete_lat = 2015.9
stat.node.0.injector.phase_cycles = 1613712
stat.node.0.injector.request_bytes = 514752
stat.node.0.injector.response_bytes = 0
stat.node.0.injector.aggregate_bytes = 514752
stat.node.0.injector.request_gbps = 6.12454
stat.node.0.injector.response_gbps = 0
stat.node.0.injector.aggregate_gbps = 6.12454
stat.node.0.llc.cxl_miss = 800
stat.node.0.llc.total_miss = 800
stat.node.0.llc.avg_miss_lat = 1828
stat.node.0.llc.avg_cxl_lat = 1828
stat.node.0.llc.miss_lat_hist_bin_ns = 10
stat.node.0.llc.miss_lat_hist = [0,0,0,0,0,0,0,0,0,0,0,0,0,0,0,0,0,0,0,0,0,0,0,0,0,0,0,0,0,0,0,0,0,0,0,0,0,0,0,0,0,0,0,11,11,12,6,6,17,10,17,21,19,12,16,17,18,20,21,5,10,12,14,10,13,15,11,13,13,12,9,12,14,20,9,16,11,11,13,5,12,22,15,16,3,12,10,9,10,14,6,8,9,7,9,12,10,1,8,5,12,5,2,9,7,3,5,1,1,3,5,1,4,5,1,0,6,4,2,2,3,2,5,2,0,1,2,3,3,2,1,0,1,1,0,0,2,2,1,0,1,2,1,1,0,0,0,1,1,1,0,0,1,0,0,0,0,0,0,0,0,0,0,0,0,0,0,0,0,1,0,0,0,0,0,0,1]
stat.node.0.util.dram_avg = 7.26984e-06
stat.node.0.walltime_s = 384.336
stat.node.0.active_time_s = 46.3795
stat.node.7.cpu.0.load_issue_to_complete_count = 799
stat.node.7.cpu.0.avg_load_issue_to_complete_lat = 2137.85
stat.node.7.injector.phase_cycles = 1710323
stat.node.7.injector.request_bytes = 545536
stat.node.7.injector.response_bytes = 0
stat.node.7.injector.aggregate_bytes = 545536
stat.node.7.injector.request_gbps = 6.12416
stat.node.7.injector.response_gbps = 0
stat.node.7.injector.aggregate_gbps = 6.12416
stat.node.7.llc.cxl_miss = 800
stat.node.7.llc.total_miss = 800
stat.node.7.llc.avg_miss_lat = 1939.06
stat.node.7.llc.avg_cxl_lat = 1939.06
stat.node.7.llc.miss_lat_hist_bin_ns = 10
stat.node.7.llc.miss_lat_hist = [0,0,0,0,0,0,0,0,0,0,0,0,0,0,0,0,0,0,0,0,0,0,0,0,0,0,0,0,0,0,0,0,0,0,0,0,0,0,0,0,0,0,2,6,9,8,10,10,13,15,13,22,22,12,16,21,18,8,21,20,13,16,6,12,9,15,13,17,13,12,6,15,11,11,8,10,10,8,4,8,9,6,10,8,9,7,15,9,6,12,8,8,9,5,8,11,6,4,3,4,5,4,5,7,6,3,10,10,3,3,3,2,4,5,4,4,3,7,2,1,2,6,3,4,2,6,3,2,3,2,0,1,0,0,2,1,2,0,2,2,0,2,3,1,0,0,0,1,1,0,2,1,2,2,1,0,2,5,2,1,1,2,1,1,0,1,1,1,0,0,1,0,1,2,1,1,2,0,0,0,1,0,0,1,0,0,0,0,0,0,0,1,0,0,0,0,1]
stat.node.7.util.dram_avg = 6.9984e-06
stat.node.7.walltime_s = 391.976
stat.node.7.active_time_s = 41.359
stat.pool.103.util.mem_avg = 0.16398
stat.pool.103.util.req_link_avg = 0.999859
stat.pool.103.walltime_s = 391.976
stat.pool.103.active_time_s = 1.06221
stat.pool.102.util.mem_avg = 0.163979
stat.pool.102.util.req_link_avg = 0.999858
stat.pool.102.walltime_s = 391.976
stat.pool.102.active_time_s = 1.17648
stat.pool.101.util.mem_avg = 0.16398
stat.pool.101.util.req_link_avg = 0.999858
stat.pool.101.walltime_s = 391.976
stat.pool.101.active_time_s = 1.09489
stat.pool.100.util.mem_avg = 0.163983
stat.pool.100.util.req_link_avg = 0.999859
stat.pool.100.walltime_s = 391.976
stat.pool.100.active_time_s = 1.2188
stat.switch.replicated_messages = 546716
stat.switch.util.node_ingress_avg = 0.126379
stat.switch.util.pool_ingress_avg = 0.0286379
stat.switch.bw.host_to_switch_gbps = 6.21197
stat.switch.bw.switch_to_host_gbps = 0.703826
stat.switch.bw.host_link_total_gbps = 6.9158
stat.switch.walltime_s = 391.976
stat.switch.active_time_s = 6.43612
Simulation is complete, simulated time: 1.43004 ms
