stat.node.3.cpu.0.retired = 688
stat.node.3.cpu.0.cycles = 1000000
stat.node.4.cpu.0.retired = 684
stat.node.4.cpu.0.cycles = 1000000
stat.node.5.cpu.0.retired = 688
stat.node.5.cpu.0.cycles = 1000000
stat.node.6.cpu.0.retired = 688
stat.node.6.cpu.0.cycles = 1000000
stat.node.7.cpu.0.retired = 687
stat.node.7.cpu.0.cycles = 1000000
stat.node.0.cpu.0.retired = 688
stat.node.0.cpu.0.cycles = 1000000
stat.node.1.cpu.0.retired = 686
stat.node.1.cpu.0.cycles = 1000000
stat.node.2.cpu.0.retired = 684
stat.node.2.cpu.0.cycles = 1000000
stat.node.6.cpu.0.retired = 1593
stat.node.6.cpu.0.cycles = 2000000
stat.node.2.cpu.0.retired = 1584
stat.node.2.cpu.0.cycles = 2000000
stat.node.7.cpu.0.retired = 1589
stat.node.7.cpu.0.cycles = 2000000
stat.node.0.cpu.0.retired = 1593
stat.node.0.cpu.0.cycles = 2000000
stat.node.1.cpu.0.retired = 1589
stat.node.1.cpu.0.cycles = 2000000
stat.node.3.cpu.0.retired = 1593
stat.node.3.cpu.0.cycles = 2000000
stat.node.4.cpu.0.retired = 1583
stat.node.4.cpu.0.cycles = 2000000
stat.node.5.cpu.0.retired = 1592
stat.node.5.cpu.0.cycles = 2000000
stat.node.6.cpu.0.load_issue_to_complete_count = 799
stat.node.6.cpu.0.avg_load_issue_to_complete_lat = 1095.84
stat.node.6.injector.phase_cycles = 877550
stat.node.6.injector.request_bytes = 252968
stat.node.6.injector.response_bytes = 1071360
stat.node.6.injector.aggregate_bytes = 1324328
stat.node.6.injector.request_gbps = 5.53471
stat.node.6.injector.response_gbps = 23.4404
stat.node.6.injector.aggregate_gbps = 28.9751
stat.node.6.llc.cxl_miss = 800
stat.node.6.llc.total_miss = 800
stat.node.6.llc.avg_miss_lat = 919.406
stat.node.6.llc.avg_cxl_lat = 919.406
stat.node.6.llc.miss_lat_hist_bin_ns = 10
stat.node.6.llc.miss_lat_hist = [0,0,0,0,0,0,0,0,0,0,0,0,0,0,0,0,0,0,0,0,0,0,0,0,0,0,0,0,0,0,0,0,0,0,1,11,57,287,190,205,42,7]
stat.node.6.util.dram_avg = 1.1961e-05
stat.node.6.walltime_s = 320.2
stat.node.6.active_time_s = 32.1317
stat.node.0.cpu.0.load_issue_to_complete_count = 799
stat.node.0.cpu.0.avg_load_issue_to_complete_lat = 1096.34
stat.node.0.injector.phase_cycles = 877922
stat.node.0.injector.request_bytes = 253088
stat.node.0.injector.response_bytes = 1071808
stat.node.0.injector.aggregate_bytes = 1324896
stat.node.0.injector.request_gbps = 5.53499
stat.node.0.injector.response_gbps = 23.4403
stat.node.0.injector.aggregate_gbps = 28.9752
stat.node.0.llc.cxl_miss = 800
stat.node.0.llc.total_miss = 800
stat.node.0.llc.avg_miss_lat = 919.914
stat.node.0.llc.avg_cxl_lat = 919.914
stat.node.0.llc.miss_lat_hist_bin_ns = 10
stat.node.0.llc.miss_lat_hist = [0,0,0,0,0,0,0,0,0,0,0,0,0,0,0,0,0,0,0,0,0,0,0,0,0,0,0,0,0,0,0,0,0,0,0,12,57,268,209,205,46,3]
stat.node.0.util.dram_avg = 1.19571e-05
stat.node.0.walltime_s = 320.347
stat.node.0.active_time_s = 30.1335
stat.node.3.cpu.0.load_issue_to_complete_count = 799
stat.node.3.cpu.0.avg_load_issue_to_complete_lat = 1096.28
stat.node.3.injector.phase_cycles = 877878
stat.node.3.injector.request_bytes = 253024
stat.node.3.injector.response_bytes = 1071808
stat.node.3.injector.aggregate_bytes = 1324832
stat.node.3.injector.request_gbps = 5.53387
stat.node.3.injector.response_gbps = 23.4414
stat.node.3.injector.aggregate_gbps = 28.9753
stat.node.3.llc.cxl_miss = 800
stat.node.3.llc.total_miss = 800
stat.node.3.llc.avg_miss_lat = 919.91
stat.node.3.llc.avg_cxl_lat = 919.91
stat.node.3.llc.miss_lat_hist_bin_ns = 10
stat.node.3.llc.miss_lat_hist = [0,0,0,0,0,0,0,0,0,0,0,0,0,0,0,0,0,0,0,0,0,0,0,0,0,0,0,0,0,0,0,0,0,0,2,10,50,275,226,184,46,7]
stat.node.3.util.dram_avg = 1.19561e-05
stat.node.3.walltime_s = 320.351
stat.node.3.active_time_s = 25.7385
stat.node.5.cpu.0.load_issue_to_complete_count = 799
stat.node.5.cpu.0.avg_load_issue_to_complete_lat = 1097.24
stat.node.5.injector.phase_cycles = 878647
stat.node.5.injector.request_bytes = 253328
stat.node.5.injector.response_bytes = 1072704
stat.node.5.injector.aggregate_bytes = 1326032
stat.node.5.injector.request_gbps = 5.53567
stat.node.5.injector.response_gbps = 23.4405
stat.node.5.injector.aggregate_gbps = 28.9762
stat.node.5.llc.cxl_miss = 800
stat.node.5.llc.total_miss = 800
stat.node.5.llc.avg_miss_lat = 920.754
stat.node.5.llc.avg_cxl_lat = 920.754
stat.node.5.llc.miss_lat_hist_bin_ns = 10
stat.node.5.llc.miss_lat_hist = [0,0,0,0,0,0,0,0,0,0,0,0,0,0,0,0,0,0,0,0,0,0,0,0,0,0,0,0,0,0,0,0,0,0,0,11,46,293,178,228,32,12]
stat.node.5.util.dram_avg = 1.19525e-05
stat.node.5.walltime_s = 320.432
stat.node.5.active_time_s = 29.1346
stat.node.7.cpu.0.load_issue_to_complete_count = 799
stat.node.7.cpu.0.avg_load_issue_to_complete_lat = 1098.56
stat.node.7.injector.phase_cycles = 879750
stat.node.7.injector.request_bytes = 253624
stat.node.7.injector.response_bytes = 1074048
stat.node.7.injector.aggregate_bytes = 1327672
stat.node.7.injector.request_gbps = 5.53519
stat.node.7.injector.response_gbps = 23.4404
stat.node.7.injector.aggregate_gbps = 28.9756
stat.node.7.llc.cxl_miss = 800
stat.node.7.llc.total_miss = 800
stat.node.7.llc.avg_miss_lat = 922.105
stat.node.7.llc.avg_cxl_lat = 922.105
stat.node.7.llc.miss_lat_hist_bin_ns = 10
stat.node.7.llc.miss_lat_hist = [0,0,0,0,0,0,0,0,0,0,0,0,0,0,0,0,0,0,0,0,0,0,0,0,0,0,0,0,0,0,0,0,0,0,1,12,54,240,210,231,41,11]
stat.node.7.util.dram_avg = 1.1936e-05
stat.node.7.walltime_s = 320.754
stat.node.7.active_time_s = 29.9876
stat.node.1.cpu.0.load_issue_to_complete_count = 799
stat.node.1.cpu.0.avg_load_issue_to_complete_lat = 1098.71
stat.node.1.injector.phase_cycles = 879825
stat.node.1.injector.request_bytes = 253632
stat.node.1.injector.response_bytes = 1074112
stat.node.1.injector.aggregate_bytes = 1327744
stat.node.1.injector.request_gbps = 5.53489
stat.node.1.injector.response_gbps = 23.4398
stat.node.1.injector.aggregate_gbps = 28.9747
stat.node.1.llc.cxl_miss = 800
stat.node.1.llc.total_miss = 800
stat.node.1.llc.avg_miss_lat = 922.222
stat.node.1.llc.avg_cxl_lat = 922.222
stat.node.1.llc.miss_lat_hist_bin_ns = 10
stat.node.1.llc.miss_lat_hist = [0,0,0,0,0,0,0,0,0,0,0,0,0,0,0,0,0,0,0,0,0,0,0,0,0,0,0,0,0,0,0,0,0,0,2,6,50,242,259,165,66,10]
stat.node.1.util.dram_avg = 1.19341e-05
stat.node.1.walltime_s = 320.762
stat.node.1.active_time_s = 27.6334
stat.node.2.cpu.0.load_issue_to_complete_count = 799
stat.node.2.cpu.0.avg_load_issue_to_complete_lat = 1102.1
stat.node.2.injector.phase_cycles = 882525
stat.node.2.injector.request_bytes = 254432
stat.node.2.injector.response_bytes = 1077440
stat.node.2.injector.aggregate_bytes = 1331872
stat.node.2.injector.request_gbps = 5.53536
stat.node.2.injector.response_gbps = 23.4405
stat.node.2.injector.aggregate_gbps = 28.9759
stat.node.2.llc.cxl_miss = 800
stat.node.2.llc.total_miss = 800
stat.node.2.llc.avg_miss_lat = 925.597
stat.node.2.llc.avg_cxl_lat = 925.597
stat.node.2.llc.miss_lat_hist_bin_ns = 10
stat.node.2.llc.miss_lat_hist = [0,0,0,0,0,0,0,0,0,0,0,0,0,0,0,0,0,0,0,0,0,0,0,0,0,0,0,0,0,0,0,0,0,0,2,8,39,239,176,261,65,9,1]
stat.node.2.util.dram_avg = 1.19012e-05
stat.node.2.walltime_s = 321.067
stat.node.2.active_time_s = 32.7224
stat.node.4.cpu.0.load_issue_to_complete_count = 799
stat.node.4.cpu.0.avg_load_issue_to_complete_lat = 1105.2
stat.node.4.injector.phase_cycles = 884997
stat.node.4.injector.request_bytes = 255128
stat.node.4.injector.response_bytes = 1080448
stat.node.4.injector.aggregate_bytes = 1335576
stat.node.4.injector.request_gbps = 5.535
stat.node.4.injector.response_gbps = 23.4403
stat.node.4.injector.aggregate_gbps = 28.9753
stat.node.4.llc.cxl_miss = 800
stat.node.4.llc.total_miss = 800
stat.node.4.llc.avg_miss_lat = 928.668
stat.node.4.llc.avg_cxl_lat = 928.668
stat.node.4.llc.miss_lat_hist_bin_ns = 10
stat.node.4.llc.miss_lat_hist = [0,0,0,0,0,0,0,0,0,0,0,0,0,0,0,0,0,0,0,0,0,0,0,0,0,0,0,0,0,0,0,0,0,0,1,14,30,207,181,278,68,20,1]
stat.node.4.util.dram_avg = 1.18918e-05
stat.node.4.walltime_s = 321.157
stat.node.4.active_time_s = 28.3822
stat.pool.103.util.mem_avg = 0.227765
stat.pool.103.util.req_link_avg = 0.54879
stat.pool.103.walltime_s = 321.157
stat.pool.103.active_time_s = 0.960781
stat.pool.102.util.mem_avg = 0.227766
stat.pool.102.util.req_link_avg = 0.54879
stat.pool.102.walltime_s = 321.157
stat.pool.102.active_time_s = 0.953301
stat.pool.101.util.mem_avg = 0.227767
stat.pool.101.util.req_link_avg = 0.548791
stat.pool.101.walltime_s = 321.157
stat.pool.101.active_time_s = 1.07292
stat.pool.100.util.mem_avg = 0.227767
stat.pool.100.util.req_link_avg = 0.548792
stat.pool.100.walltime_s = 321.157
stat.pool.100.active_time_s = 1.15911
stat.switch.replicated_messages = 136864
stat.switch.util.node_ingress_avg = 0.115476
stat.switch.util.pool_ingress_avg = 0.99961
stat.switch.bw.host_to_switch_gbps = 5.6761
stat.switch.bw.switch_to_host_gbps = 24.5665
stat.switch.bw.host_link_total_gbps = 30.2426
stat.switch.walltime_s = 321.157
stat.switch.active_time_s = 4.42399
Simulation is complete, simulated time: 841.586 us
