stat.node.0.cpu.0.retired = 808
stat.node.0.cpu.0.cycles = 1000000
stat.node.1.cpu.0.retired = 808
stat.node.1.cpu.0.cycles = 1000000
stat.node.2.cpu.0.retired = 808
stat.node.2.cpu.0.cycles = 1000000
stat.node.3.cpu.0.retired = 808
stat.node.3.cpu.0.cycles = 1000000
stat.node.4.cpu.0.retired = 808
stat.node.4.cpu.0.cycles = 1000000
stat.node.5.cpu.0.retired = 809
stat.node.5.cpu.0.cycles = 1000000
stat.node.6.cpu.0.retired = 809
stat.node.6.cpu.0.cycles = 1000000
stat.node.7.cpu.0.retired = 809
stat.node.7.cpu.0.cycles = 1000000
stat.node.5.cpu.0.load_issue_to_complete_count = 799
stat.node.5.cpu.0.avg_load_issue_to_complete_lat = 964.989
stat.node.5.injector.phase_cycles = 772850
stat.node.5.injector.request_bytes = 240824
stat.node.5.injector.response_bytes = 1926464
stat.node.5.injector.aggregate_bytes = 2167288
stat.node.5.injector.request_gbps = 5.98282
stat.node.5.injector.response_gbps = 47.8594
stat.node.5.injector.aggregate_gbps = 53.8422
stat.node.5.llc.cxl_miss = 800
stat.node.5.llc.total_miss = 800
stat.node.5.llc.avg_miss_lat = 790.566
stat.node.5.llc.avg_cxl_lat = 790.566
stat.node.5.llc.miss_lat_hist_bin_ns = 10
stat.node.5.llc.miss_lat_hist = [0,0,0,0,0,0,0,0,0,0,0,0,0,0,0,0,0,0,0,0,0,0,0,0,0,0,0,0,0,0,0,65,308,270,152,5]
stat.node.5.util.dram_avg = 1.36063e-05
stat.node.5.walltime_s = 20.0917
stat.node.5.active_time_s = 9.30775
stat.node.6.cpu.0.load_issue_to_complete_count = 799
stat.node.6.cpu.0.avg_load_issue_to_complete_lat = 964.989
stat.node.6.injector.phase_cycles = 772850
stat.node.6.injector.request_bytes = 240824
stat.node.6.injector.response_bytes = 1926464
stat.node.6.injector.aggregate_bytes = 2167288
stat.node.6.injector.request_gbps = 5.98282
stat.node.6.injector.response_gbps = 47.8594
stat.node.6.injector.aggregate_gbps = 53.8422
stat.node.6.llc.cxl_miss = 800
stat.node.6.llc.total_miss = 800
stat.node.6.llc.avg_miss_lat = 790.566
stat.node.6.llc.avg_cxl_lat = 790.566
stat.node.6.llc.miss_lat_hist_bin_ns = 10
stat.node.6.llc.miss_lat_hist = [0,0,0,0,0,0,0,0,0,0,0,0,0,0,0,0,0,0,0,0,0,0,0,0,0,0,0,0,0,0,0,65,308,270,152,5]
stat.node.6.util.dram_avg = 1.36045e-05
stat.node.6.walltime_s = 20.0944
stat.node.6.active_time_s = 9.32718
stat.node.7.cpu.0.load_issue_to_complete_count = 799
stat.node.7.cpu.0.avg_load_issue_to_complete_lat = 964.989
stat.node.7.injector.phase_cycles = 772850
stat.node.7.injector.request_bytes = 240824
stat.node.7.injector.response_bytes = 1926464
stat.node.7.injector.aggregate_bytes = 2167288
stat.node.7.injector.request_gbps = 5.98282
stat.node.7.injector.response_gbps = 47.8594
stat.node.7.injector.aggregate_gbps = 53.8422
stat.node.7.llc.cxl_miss = 800
stat.node.7.llc.total_miss = 800
stat.node.7.llc.avg_miss_lat = 790.566
stat.node.7.llc.avg_cxl_lat = 790.566
stat.node.7.llc.miss_lat_hist_bin_ns = 10
stat.node.7.llc.miss_lat_hist = [0,0,0,0,0,0,0,0,0,0,0,0,0,0,0,0,0,0,0,0,0,0,0,0,0,0,0,0,0,0,0,65,308,270,152,5]
stat.node.7.util.dram_avg = 1.36045e-05
stat.node.7.walltime_s = 20.0945
stat.node.7.active_time_s = 9.40125
stat.node.4.cpu.0.load_issue_to_complete_count = 799
stat.node.4.cpu.0.avg_load_issue_to_complete_lat = 965.02
stat.node.4.injector.phase_cycles = 772875
stat.node.4.injector.request_bytes = 240832
stat.node.4.injector.response_bytes = 1926528
stat.node.4.injector.aggregate_bytes = 2167360
stat.node.4.injector.request_gbps = 5.98282
stat.node.4.injector.response_gbps = 47.8594
stat.node.4.injector.aggregate_gbps = 53.8422
stat.node.4.llc.cxl_miss = 800
stat.node.4.llc.total_miss = 800
stat.node.4.llc.avg_miss_lat = 790.597
stat.node.4.llc.avg_cxl_lat = 790.597
stat.node.4.llc.miss_lat_hist_bin_ns = 10
stat.node.4.llc.miss_lat_hist = [0,0,0,0,0,0,0,0,0,0,0,0,0,0,0,0,0,0,0,0,0,0,0,0,0,0,0,0,0,0,0,65,307,271,152,5]
stat.node.4.util.dram_avg = 1.36022e-05
stat.node.4.walltime_s = 20.0979
stat.node.4.active_time_s = 9.49806
stat.node.1.cpu.0.load_issue_to_complete_count = 799
stat.node.1.cpu.0.avg_load_issue_to_complete_lat = 965.02
stat.node.1.injector.phase_cycles = 772875
stat.node.1.injector.request_bytes = 240832
stat.node.1.injector.response_bytes = 1926528
stat.node.1.injector.aggregate_bytes = 2167360
stat.node.1.injector.request_gbps = 5.98282
stat.node.1.injector.response_gbps = 47.8594
stat.node.1.injector.aggregate_gbps = 53.8422
stat.node.1.llc.cxl_miss = 800
stat.node.1.llc.total_miss = 800
stat.node.1.llc.avg_miss_lat = 790.597
stat.node.1.llc.avg_cxl_lat = 790.597
stat.node.1.llc.miss_lat_hist_bin_ns = 10
stat.node.1.llc.miss_lat_hist = [0,0,0,0,0,0,0,0,0,0,0,0,0,0,0,0,0,0,0,0,0,0,0,0,0,0,0,0,0,0,0,65,307,271,152,5]
stat.node.1.util.dram_avg = 1.36018e-05
stat.node.1.walltime_s = 20.0986
stat.node.1.active_time_s = 9.33864
stat.node.0.cpu.0.load_issue_to_complete_count = 799
stat.node.0.cpu.0.avg_load_issue_to_complete_lat = 965.02
stat.node.0.injector.phase_cycles = 772875
stat.node.0.injector.request_bytes = 240832
stat.node.0.injector.response_bytes = 1926528
stat.node.0.injector.aggregate_bytes = 2167360
stat.node.0.injector.request_gbps = 5.98282
stat.node.0.injector.response_gbps = 47.8594
stat.node.0.injector.aggregate_gbps = 53.8422
stat.node.0.llc.cxl_miss = 800
stat.node.0.llc.total_miss = 800
stat.node.0.llc.avg_miss_lat = 790.597
stat.node.0.llc.avg_cxl_lat = 790.597
stat.node.0.llc.miss_lat_hist_bin_ns = 10
stat.node.0.llc.miss_lat_hist = [0,0,0,0,0,0,0,0,0,0,0,0,0,0,0,0,0,0,0,0,0,0,0,0,0,0,0,0,0,0,0,65,307,271,152,5]
stat.node.0.util.dram_avg = 1.36011e-05
stat.node.0.walltime_s = 20.0996
stat.node.0.active_time_s = 9.26906
stat.node.2.cpu.0.load_issue_to_complete_count = 799
stat.node.2.cpu.0.avg_load_issue_to_complete_lat = 965.02
stat.node.2.injector.phase_cycles = 772875
stat.node.2.injector.request_bytes = 240832
stat.node.2.injector.response_bytes = 1926528
stat.node.2.injector.aggregate_bytes = 2167360
stat.node.2.injector.request_gbps = 5.98282
stat.node.2.injector.response_gbps = 47.8594
stat.node.2.injector.aggregate_gbps = 53.8422
stat.node.2.llc.cxl_miss = 800
stat.node.2.llc.total_miss = 800
stat.node.2.llc.avg_miss_lat = 790.597
stat.node.2.llc.avg_cxl_lat = 790.597
stat.node.2.llc.miss_lat_hist_bin_ns = 10
stat.node.2.llc.miss_lat_hist = [0,0,0,0,0,0,0,0,0,0,0,0,0,0,0,0,0,0,0,0,0,0,0,0,0,0,0,0,0,0,0,65,307,271,152,5]
stat.node.2.util.dram_avg = 1.36005e-05
stat.node.2.walltime_s = 20.1007
stat.node.2.active_time_s = 9.24338
stat.node.3.cpu.0.load_issue_to_complete_count = 799
stat.node.3.cpu.0.avg_load_issue_to_complete_lat = 965.02
stat.node.3.injector.phase_cycles = 772875
stat.node.3.injector.request_bytes = 240832
stat.node.3.injector.response_bytes = 1926528
stat.node.3.injector.aggregate_bytes = 2167360
stat.node.3.injector.request_gbps = 5.98282
stat.node.3.injector.response_gbps = 47.8594
stat.node.3.injector.aggregate_gbps = 53.8422
stat.node.3.llc.cxl_miss = 800
stat.node.3.llc.total_miss = 800
stat.node.3.llc.avg_miss_lat = 790.597
stat.node.3.llc.avg_cxl_lat = 790.597
stat.node.3.llc.miss_lat_hist_bin_ns = 10
stat.node.3.llc.miss_lat_hist = [0,0,0,0,0,0,0,0,0,0,0,0,0,0,0,0,0,0,0,0,0,0,0,0,0,0,0,0,0,0,0,64,309,270,152,5]
stat.node.3.util.dram_avg = 1.35986e-05
stat.node.3.walltime_s = 20.1035
stat.node.3.active_time_s = 9.22132
stat.pool.107.util.mem_avg = 0.159974
stat.pool.107.util.req_link_avg = 0.124988
stat.pool.107.walltime_s = 20.1035
stat.pool.107.active_time_s = 0.263169
stat.pool.106.util.mem_avg = 0.159974
stat.pool.106.util.req_link_avg = 0.124989
stat.pool.106.walltime_s = 20.1036
stat.pool.106.active_time_s = 0.265439
stat.pool.105.util.mem_avg = 0.159974
stat.pool.105.util.req_link_avg = 0.124989
stat.pool.105.walltime_s = 20.1036
stat.pool.105.active_time_s = 0.262945
stat.pool.104.util.mem_avg = 0.159975
stat.pool.104.util.req_link_avg = 0.124989
stat.pool.104.walltime_s = 20.1036
stat.pool.104.active_time_s = 0.269725
stat.pool.103.util.mem_avg = 0.159975
stat.pool.103.util.req_link_avg = 0.124989
stat.pool.103.walltime_s = 20.1036
stat.pool.103.active_time_s = 0.281815
stat.pool.102.util.mem_avg = 0.159975
stat.pool.102.util.req_link_avg = 0.124989
stat.pool.102.walltime_s = 20.1036
stat.pool.102.active_time_s = 0.268244
stat.pool.101.util.mem_avg = 0.159975
stat.pool.101.util.req_link_avg = 0.12499
stat.pool.101.walltime_s = 20.1036
stat.pool.101.active_time_s = 0.268757
stat.pool.100.util.mem_avg = 0.159976
stat.pool.100.util.req_link_avg = 0.12499
stat.pool.100.walltime_s = 20.1036
stat.pool.100.active_time_s = 0.28766
stat.switch.replicated_messages = 0
stat.switch.util.node_ingress_avg = 0.124998
stat.switch.util.pool_ingress_avg = 0.99969
stat.switch.bw.host_to_switch_gbps = 6.14434
stat.switch.bw.switch_to_host_gbps = 49.1366
stat.switch.bw.host_link_total_gbps = 55.2809
stat.switch.walltime_s = 20.1036
stat.switch.active_time_s = 1.78955
Simulation is complete, simulated time: 735.957 us
