stat.node.0.cpu.0.retired = 772
stat.node.0.cpu.0.cycles = 1000000
stat.node.1.cpu.0.retired = 772
stat.node.2.cpu.0.retired = 767
stat.node.2.cpu.0.cycles = 1000000
stat.node.3.cpu.0.retired = 771
stat.node.3.cpu.0.cycles = 1000000
stat.node.4.cpu.0.retired = 767
stat.node.4.cpu.0.cycles = 1000000
stat.node.5.cpu.0.retired = 772
stat.node.5.cpu.0.cycles = 1000000
stat.node.6.cpu.0.retired = 773
stat.node.6.cpu.0.cycles = 1000000
stat.node.7.cpu.0.retired = 771
stat.node.7.cpu.0.cycles = 1000000
stat.node.1.cpu.0.cycles = 1000000
stat.node.6.cpu.0.load_issue_to_complete_count = 799
stat.node.6.cpu.0.avg_load_issue_to_complete_lat = 997.275
stat.node.6.injector.phase_cycles = 798678
stat.node.6.injector.request_bytes = 121312
stat.node.6.injector.response_bytes = 970432
stat.node.6.injector.aggregate_bytes = 1091744
stat.node.6.injector.request_gbps = 2.91631
stat.node.6.injector.response_gbps = 23.3289
stat.node.6.injector.aggregate_gbps = 26.2452
stat.node.6.llc.cxl_miss = 800
stat.node.6.llc.total_miss = 800
stat.node.6.llc.avg_miss_lat = 822.484
stat.node.6.llc.avg_cxl_lat = 822.484
stat.node.6.llc.miss_lat_hist_bin_ns = 10
stat.node.6.llc.miss_lat_hist = [0,0,0,0,0,0,0,0,0,0,0,0,0,0,0,0,0,0,0,0,0,0,0,0,0,0,0,0,0,0,0,2,49,295,197,226,25,6]
stat.node.6.util.dram_avg = 1.31533e-05
stat.node.6.walltime_s = 185.101
stat.node.6.active_time_s = 25.04
stat.node.1.cpu.0.load_issue_to_complete_count = 799
stat.node.1.cpu.0.avg_load_issue_to_complete_lat = 997.053
stat.node.1.injector.phase_cycles = 798494
stat.node.1.injector.request_bytes = 121288
stat.node.1.injector.response_bytes = 970240
stat.node.1.injector.aggregate_bytes = 1091528
stat.node.1.injector.request_gbps = 2.9164
stat.node.1.injector.response_gbps = 23.3297
stat.node.1.injector.aggregate_gbps = 26.2461
stat.node.1.llc.cxl_miss = 800
stat.node.1.llc.total_miss = 800
stat.node.1.llc.avg_miss_lat = 822.164
stat.node.1.llc.avg_cxl_lat = 822.164
stat.node.1.llc.miss_lat_hist_bin_ns = 10
stat.node.1.llc.miss_lat_hist = [0,0,0,0,0,0,0,0,0,0,0,0,0,0,0,0,0,0,0,0,0,0,0,0,0,0,0,0,0,0,0,3,55,276,228,200,36,2]
stat.node.1.util.dram_avg = 1.31492e-05
stat.node.1.walltime_s = 185.114
stat.node.1.active_time_s = 31.8771
stat.node.5.cpu.0.load_issue_to_complete_count = 799
stat.node.5.cpu.0.avg_load_issue_to_complete_lat = 998.104
stat.node.5.injector.phase_cycles = 799350
stat.node.5.injector.request_bytes = 121416
stat.node.5.injector.response_bytes = 971264
stat.node.5.injector.aggregate_bytes = 1092680
stat.node.5.injector.request_gbps = 2.91635
stat.node.5.injector.response_gbps = 23.3293
stat.node.5.injector.aggregate_gbps = 26.2456
stat.node.5.llc.cxl_miss = 800
stat.node.5.llc.total_miss = 800
stat.node.5.llc.avg_miss_lat = 823.312
stat.node.5.llc.avg_cxl_lat = 823.312
stat.node.5.llc.miss_lat_hist_bin_ns = 10
stat.node.5.llc.miss_lat_hist = [0,0,0,0,0,0,0,0,0,0,0,0,0,0,0,0,0,0,0,0,0,0,0,0,0,0,0,0,0,0,0,3,37,298,192,239,28,3]
stat.node.5.util.dram_avg = 1.3145e-05
stat.node.5.walltime_s = 185.126
stat.node.5.active_time_s = 21.0132
stat.node.0.cpu.0.load_issue_to_complete_count = 799
stat.node.0.cpu.0.avg_load_issue_to_complete_lat = 998.058
stat.node.0.injector.phase_cycles = 799297
stat.node.0.injector.request_bytes = 121408
stat.node.0.injector.response_bytes = 971200
stat.node.0.injector.aggregate_bytes = 1092608
stat.node.0.injector.request_gbps = 2.91635
stat.node.0.injector.response_gbps = 23.3293
stat.node.0.injector.aggregate_gbps = 26.2457
stat.node.0.llc.cxl_miss = 800
stat.node.0.llc.total_miss = 800
stat.node.0.llc.avg_miss_lat = 823.171
stat.node.0.llc.avg_cxl_lat = 823.171
stat.node.0.llc.miss_lat_hist_bin_ns = 10
stat.node.0.llc.miss_lat_hist = [0,0,0,0,0,0,0,0,0,0,0,0,0,0,0,0,0,0,0,0,0,0,0,0,0,0,0,0,0,0,0,1,42,301,185,244,22,5]
stat.node.0.util.dram_avg = 1.31435e-05
stat.node.0.walltime_s = 185.148
stat.node.0.active_time_s = 29.0579
stat.node.3.cpu.0.load_issue_to_complete_count = 799
stat.node.3.cpu.0.avg_load_issue_to_complete_lat = 997.459
stat.node.3.injector.phase_cycles = 798825
stat.node.3.injector.request_bytes = 121336
stat.node.3.injector.response_bytes = 970624
stat.node.3.injector.aggregate_bytes = 1091960
stat.node.3.injector.request_gbps = 2.91635
stat.node.3.injector.response_gbps = 23.3292
stat.node.3.injector.aggregate_gbps = 26.2456
stat.node.3.llc.cxl_miss = 800
stat.node.3.llc.total_miss = 800
stat.node.3.llc.avg_miss_lat = 822.635
stat.node.3.llc.avg_cxl_lat = 822.635
stat.node.3.llc.miss_lat_hist_bin_ns = 10
stat.node.3.llc.miss_lat_hist = [0,0,0,0,0,0,0,0,0,0,0,0,0,0,0,0,0,0,0,0,0,0,0,0,0,0,0,0,0,0,0,4,47,279,233,189,48]
stat.node.3.util.dram_avg = 1.3142e-05
stat.node.3.walltime_s = 185.152
stat.node.3.active_time_s = 25.6469
stat.node.7.cpu.0.load_issue_to_complete_count = 799
stat.node.7.cpu.0.avg_load_issue_to_complete_lat = 1002
stat.node.7.injector.phase_cycles = 802447
stat.node.7.injector.request_bytes = 121888
stat.node.7.injector.response_bytes = 975040
stat.node.7.injector.aggregate_bytes = 1096928
stat.node.7.injector.request_gbps = 2.91639
stat.node.7.injector.response_gbps = 23.3296
stat.node.7.injector.aggregate_gbps = 26.246
stat.node.7.llc.cxl_miss = 800
stat.node.7.llc.total_miss = 800
stat.node.7.llc.avg_miss_lat = 827.101
stat.node.7.llc.avg_cxl_lat = 827.101
stat.node.7.llc.miss_lat_hist_bin_ns = 10
stat.node.7.llc.miss_lat_hist = [0,0,0,0,0,0,0,0,0,0,0,0,0,0,0,0,0,0,0,0,0,0,0,0,0,0,0,0,0,0,0,1,35,255,179,282,37,11]
stat.node.7.util.dram_avg = 1.31102e-05
stat.node.7.walltime_s = 185.337
stat.node.7.active_time_s = 25.451
stat.node.4.cpu.0.load_issue_to_complete_count = 799
stat.node.4.cpu.0.avg_load_issue_to_complete_lat = 1008.01
stat.node.4.injector.phase_cycles = 807259
stat.node.4.injector.request_bytes = 122616
stat.node.4.injector.response_bytes = 980864
stat.node.4.injector.aggregate_bytes = 1103480
stat.node.4.injector.request_gbps = 2.91632
stat.node.4.injector.response_gbps = 23.3291
stat.node.4.injector.aggregate_gbps = 26.2454
stat.node.4.llc.cxl_miss = 800
stat.node.4.llc.total_miss = 800
stat.node.4.llc.avg_miss_lat = 832.866
stat.node.4.llc.avg_cxl_lat = 832.866
stat.node.4.llc.miss_lat_hist_bin_ns = 10
stat.node.4.llc.miss_lat_hist = [0,0,0,0,0,0,0,0,0,0,0,0,0,0,0,0,0,0,0,0,0,0,0,0,0,0,0,0,0,0,0,0,14,201,210,303,57,15]
stat.node.4.util.dram_avg = 1.30421e-05
stat.node.4.walltime_s = 185.6
stat.node.4.active_time_s = 22.0169
stat.node.2.cpu.0.load_issue_to_complete_count = 799
stat.node.2.cpu.0.avg_load_issue_to_complete_lat = 1007.89
stat.node.2.injector.phase_cycles = 807150
stat.node.2.injector.request_bytes = 122600
stat.node.2.injector.response_bytes = 980736
stat.node.2.injector.aggregate_bytes = 1103336
stat.node.2.injector.request_gbps = 2.91634
stat.node.2.injector.response_gbps = 23.3292
stat.node.2.injector.aggregate_gbps = 26.2455
stat.node.2.llc.cxl_miss = 800
stat.node.2.llc.total_miss = 800
stat.node.2.llc.avg_miss_lat = 832.758
stat.node.2.llc.avg_cxl_lat = 832.758
stat.node.2.llc.miss_lat_hist_bin_ns = 10
stat.node.2.llc.miss_lat_hist = [0,0,0,0,0,0,0,0,0,0,0,0,0,0,0,0,0,0,0,0,0,0,0,0,0,0,0,0,0,0,0,0,17,201,206,309,51,16]
stat.node.2.util.dram_avg = 1.30414e-05
stat.node.2.walltime_s = 185.603
stat.node.2.active_time_s = 24.5296
stat.pool.103.util.mem_avg = 0.159973
stat.pool.103.util.req_link_avg = 0.124987
stat.pool.103.walltime_s = 185.603
stat.pool.103.active_time_s = 0.723026
stat.pool.102.util.mem_avg = 0.159973
stat.pool.102.util.req_link_avg = 0.124988
stat.pool.102.walltime_s = 185.603
stat.pool.102.active_time_s = 0.717272
stat.pool.101.util.mem_avg = 0.159974
stat.pool.101.util.req_link_avg = 0.124988
stat.pool.101.walltime_s = 185.603
stat.pool.101.active_time_s = 0.753211
stat.pool.100.util.mem_avg = 0.159974
stat.pool.100.util.req_link_avg = 0.124988
stat.pool.100.walltime_s = 185.603
stat.pool.100.active_time_s = 0.729453
stat.switch.replicated_messages = 0
stat.switch.util.node_ingress_avg = 0.0624983
stat.switch.util.pool_ingress_avg = 0.999667
stat.switch.bw.host_to_switch_gbps = 3.07211
stat.switch.bw.switch_to_host_gbps = 24.5678
stat.switch.bw.host_link_total_gbps = 27.6399
stat.switch.walltime_s = 185.603
stat.switch.active_time_s = 3.91543
Simulation is complete, simulated time: 767.4 us
