stat.node.2.cpu.0.retired = 728
stat.node.2.cpu.0.cycles = 1000000
stat.node.3.cpu.0.retired = 724
stat.node.4.cpu.0.retired = 731
stat.node.4.cpu.0.cycles = 1000000
stat.node.5.cpu.0.retired = 729
stat.node.5.cpu.0.cycles = 1000000
stat.node.6.cpu.0.retired = 727
stat.node.6.cpu.0.cycles = 1000000
stat.node.7.cpu.0.retired = 727
stat.node.7.cpu.0.cycles = 1000000
stat.node.0.cpu.0.retired = 727
stat.node.0.cpu.0.cycles = 1000000
stat.node.1.cpu.0.retired = 725
stat.node.1.cpu.0.cycles = 1000000
stat.node.3.cpu.0.cycles = 1000000
stat.node.4.cpu.0.load_issue_to_complete_count = 799
stat.node.4.cpu.0.avg_load_issue_to_complete_lat = 1040.07
stat.node.4.injector.phase_cycles = 832929
stat.node.4.injector.request_bytes = 259120
stat.node.4.injector.response_bytes = 62848
stat.node.4.injector.aggregate_bytes = 321968
stat.node.4.injector.request_gbps = 5.97302
stat.node.4.injector.response_gbps = 1.44872
stat.node.4.injector.aggregate_gbps = 7.42174
stat.node.4.llc.cxl_miss = 800
stat.node.4.llc.total_miss = 800
stat.node.4.llc.avg_miss_lat = 864.71
stat.node.4.llc.avg_cxl_lat = 864.71
stat.node.4.llc.miss_lat_hist_bin_ns = 10
stat.node.4.llc.miss_lat_hist = [0,0,0,0,0,0,0,0,0,0,0,0,0,0,0,0,0,0,0,0,0,0,0,0,0,0,0,0,0,0,0,0,26,199,185,80,59,15,45,109,50,19,6,7]
stat.node.4.util.dram_avg = 1.25782e-05
stat.node.4.walltime_s = 234.278
stat.node.4.active_time_s = 28.1167
stat.node.5.cpu.0.load_issue_to_complete_count = 799
stat.node.5.cpu.0.avg_load_issue_to_complete_lat = 1041.36
stat.node.5.injector.phase_cycles = 833977
stat.node.5.injector.request_bytes = 259448
stat.node.5.injector.response_bytes = 62912
stat.node.5.injector.aggregate_bytes = 322360
stat.node.5.injector.request_gbps = 5.97307
stat.node.5.injector.response_gbps = 1.44837
stat.node.5.injector.aggregate_gbps = 7.42144
stat.node.5.llc.cxl_miss = 800
stat.node.5.llc.total_miss = 800
stat.node.5.llc.avg_miss_lat = 865.785
stat.node.5.llc.avg_cxl_lat = 865.785
stat.node.5.llc.miss_lat_hist_bin_ns = 10
stat.node.5.llc.miss_lat_hist = [0,0,0,0,0,0,0,0,0,0,0,0,0,0,0,0,0,0,0,0,0,0,0,0,0,0,0,0,0,0,0,2,27,174,133,109,93,43,80,88,25,15,10,1]
stat.node.5.util.dram_avg = 1.25547e-05
stat.node.5.walltime_s = 234.5
stat.node.5.active_time_s = 27.1366
stat.node.2.cpu.0.load_issue_to_complete_count = 799
stat.node.2.cpu.0.avg_load_issue_to_complete_lat = 1039.65
stat.node.2.injector.phase_cycles = 832561
stat.node.2.injector.request_bytes = 258984
stat.node.2.injector.response_bytes = 62784
stat.node.2.injector.aggregate_bytes = 321768
stat.node.2.injector.request_gbps = 5.97253
stat.node.2.injector.response_gbps = 1.44789
stat.node.2.injector.aggregate_gbps = 7.42041
stat.node.2.llc.cxl_miss = 800
stat.node.2.llc.total_miss = 800
stat.node.2.llc.avg_miss_lat = 864.087
stat.node.2.llc.avg_cxl_lat = 864.087
stat.node.2.llc.miss_lat_hist_bin_ns = 10
stat.node.2.llc.miss_lat_hist = [0,0,0,0,0,0,0,0,0,0,0,0,0,0,0,0,0,0,0,0,0,0,0,0,0,0,0,0,0,0,0,1,26,227,153,78,59,21,45,98,64,18,8,2]
stat.node.2.util.dram_avg = 1.25544e-05
stat.node.2.walltime_s = 234.502
stat.node.2.active_time_s = 28.2024
stat.node.6.cpu.0.load_issue_to_complete_count = 799
stat.node.6.cpu.0.avg_load_issue_to_complete_lat = 1042.49
stat.node.6.injector.phase_cycles = 834882
stat.node.6.injector.request_bytes = 259712
stat.node.6.injector.response_bytes = 62976
stat.node.6.injector.aggregate_bytes = 322688
stat.node.6.injector.request_gbps = 5.97266
stat.node.6.injector.response_gbps = 1.44828
stat.node.6.injector.aggregate_gbps = 7.42094
stat.node.6.llc.cxl_miss = 800
stat.node.6.llc.total_miss = 800
stat.node.6.llc.avg_miss_lat = 866.994
stat.node.6.llc.avg_cxl_lat = 866.994
stat.node.6.llc.miss_lat_hist_bin_ns = 10
stat.node.6.llc.miss_lat_hist = [0,0,0,0,0,0,0,0,0,0,0,0,0,0,0,0,0,0,0,0,0,0,0,0,0,0,0,0,0,0,0,0,13,178,142,76,106,122,42,62,24,20,11,4]
stat.node.6.util.dram_avg = 1.25323e-05
stat.node.6.walltime_s = 234.598
stat.node.6.active_time_s = 23.9934
stat.node.7.cpu.0.load_issue_to_complete_count = 799
stat.node.7.cpu.0.avg_load_issue_to_complete_lat = 1042.66
stat.node.7.injector.phase_cycles = 835013
stat.node.7.injector.request_bytes = 259776
stat.node.7.injector.response_bytes = 62976
stat.node.7.injector.aggregate_bytes = 322752
stat.node.7.injector.request_gbps = 5.9732
stat.node.7.injector.response_gbps = 1.44805
stat.node.7.injector.aggregate_gbps = 7.42125
stat.node.7.llc.cxl_miss = 800
stat.node.7.llc.total_miss = 800
stat.node.7.llc.avg_miss_lat = 867.251
stat.node.7.llc.avg_cxl_lat = 867.251
stat.node.7.llc.miss_lat_hist_bin_ns = 10
stat.node.7.llc.miss_lat_hist = [0,0,0,0,0,0,0,0,0,0,0,0,0,0,0,0,0,0,0,0,0,0,0,0,0,0,0,0,0,0,0,2,22,161,199,88,57,27,66,115,34,12,14,3]
stat.node.7.util.dram_avg = 1.25311e-05
stat.node.7.walltime_s = 234.618
stat.node.7.active_time_s = 24.4926
stat.node.0.cpu.0.load_issue_to_complete_count = 799
stat.node.0.cpu.0.avg_load_issue_to_complete_lat = 1047.07
stat.node.0.injector.phase_cycles = 838461
stat.node.0.injector.request_bytes = 260832
stat.node.0.injector.response_bytes = 63232
stat.node.0.injector.aggregate_bytes = 324064
stat.node.0.injector.request_gbps = 5.97282
stat.node.0.injector.response_gbps = 1.44796
stat.node.0.injector.aggregate_gbps = 7.42077
stat.node.0.llc.cxl_miss = 800
stat.node.0.llc.total_miss = 800
stat.node.0.llc.avg_miss_lat = 871.401
stat.node.0.llc.avg_cxl_lat = 871.401
stat.node.0.llc.miss_lat_hist_bin_ns = 10
stat.node.0.llc.miss_lat_hist = [0,0,0,0,0,0,0,0,0,0,0,0,0,0,0,0,0,0,0,0,0,0,0,0,0,0,0,0,0,0,0,2,24,107,163,77,145,100,63,58,22,23,13,1,2]
stat.node.0.util.dram_avg = 1.25045e-05
stat.node.0.walltime_s = 234.809
stat.node.0.active_time_s = 35.0543
stat.node.1.cpu.0.load_issue_to_complete_count = 799
stat.node.1.cpu.0.avg_load_issue_to_complete_lat = 1047.28
stat.node.1.injector.phase_cycles = 838625
stat.node.1.injector.request_bytes = 260896
stat.node.1.injector.response_bytes = 63232
stat.node.1.injector.aggregate_bytes = 324128
stat.node.1.injector.request_gbps = 5.97311
stat.node.1.injector.response_gbps = 1.44767
stat.node.1.injector.aggregate_gbps = 7.42079
stat.node.1.llc.cxl_miss = 800
stat.node.1.llc.total_miss = 800
stat.node.1.llc.avg_miss_lat = 871.524
stat.node.1.llc.avg_cxl_lat = 871.524
stat.node.1.llc.miss_lat_hist_bin_ns = 10
stat.node.1.llc.miss_lat_hist = [0,0,0,0,0,0,0,0,0,0,0,0,0,0,0,0,0,0,0,0,0,0,0,0,0,0,0,0,0,0,0,0,8,147,167,139,73,44,35,113,32,20,17,4,1]
stat.node.1.util.dram_avg = 1.24991e-05
stat.node.1.walltime_s = 234.856
stat.node.1.active_time_s = 26.7106
stat.node.3.cpu.0.load_issue_to_complete_count = 799
stat.node.3.cpu.0.avg_load_issue_to_complete_lat = 1048.41
stat.node.3.injector.phase_cycles = 839659
stat.node.3.injector.request_bytes = 261160
stat.pool.100.util.mem_avg = 0.219471
stat.pool.100.util.req_link_avg = 0.996083
stat.pool.100.walltime_s = 234.932
stat.pool.100.active_time_s = 0.718494
stat.switch.replicated_messages = 72492
stat.switch.util.node_ingress_avg = 0.124534
stat.switch.util.pool_ingress_avg = 0.429294
stat.switch.bw.host_to_switch_gbps = 6.12137
stat.switch.bw.switch_to_host_gbps = 2.6375
stat.switch.bw.host_link_total_gbps = 8.75887
stat.switch.walltime_s = 234.932
stat.switch.active_time_s = 2.67206
stat.node.3.injector.response_bytes = 63296
stat.node.3.injector.aggregate_bytes = 324456
stat.node.3.injector.request_gbps = 5.9718
stat.node.3.injector.response_gbps = 1.44735
stat.node.3.injector.aggregate_gbps = 7.41915
stat.node.3.llc.cxl_miss = 800
stat.node.3.llc.total_miss = 800
stat.node.3.llc.avg_miss_lat = 873.185
stat.node.3.llc.avg_cxl_lat = 873.185
stat.node.3.llc.miss_lat_hist_bin_ns = 10
stat.node.3.llc.miss_lat_hist = [0,0,0,0,0,0,0,0,0,0,0,0,0,0,0,0,0,0,0,0,0,0,0,0,0,0,0,0,0,0,0,0,16,149,125,123,110,30,102,78,21,29,14,3]
stat.node.3.util.dram_avg = 1.24825e-05
stat.node.3.walltime_s = 234.931
stat.node.3.active_time_s = 26.5238
Simulation is complete, simulated time: 801.763 us
