stat.node.8.cpu.0.retired = 809
stat.node.8.cpu.0.cycles = 1000000
stat.node.9.cpu.0.retired = 810
stat.node.9.cpu.0.cycles = 1000000
stat.node.10.cpu.0.retired = 810
stat.node.10.cpu.0.cycles = 1000000
stat.node.11.cpu.0.retired = 809
stat.node.11.cpu.0.cycles = 1000000
stat.node.12.cpu.0.retired = 810
stat.node.12.cpu.0.cycles = 1000000
stat.node.13.cpu.0.retired = 808
stat.node.13.cpu.0.cycles = 1000000
stat.node.14.cpu.0.retired = 810
stat.node.14.cpu.0.cycles = 1000000
stat.node.15.cpu.0.retired = 810
stat.node.15.cpu.0.cycles = 1000000
stat.node.0.cpu.0.retired = 809
stat.node.0.cpu.0.cycles = 1000000
stat.node.1.cpu.0.retired = 810
stat.node.1.cpu.0.cycles = 1000000
stat.node.2.cpu.0.retired = 810
stat.node.2.cpu.0.cycles = 1000000
stat.node.3.cpu.0.retired = 810
stat.node.3.cpu.0.cycles = 1000000
stat.node.4.cpu.0.retired = 810
stat.node.4.cpu.0.cycles = 1000000
stat.node.5.cpu.0.retired = 808
stat.node.5.cpu.0.cycles = 1000000
stat.node.6.cpu.0.retired = 810
stat.node.6.cpu.0.cycles = 1000000
stat.node.7.cpu.0.retired = 810
stat.node.7.cpu.0.cycles = 1000000
stat.node.15.cpu.0.retired = 1923
stat.node.15.cpu.0.cycles = 2000000
stat.node.0.cpu.0.retired = 1917
stat.node.0.cpu.0.cycles = 2000000
stat.node.1.cpu.0.retired = 1921
stat.node.1.cpu.0.cycles = 2000000
stat.node.2.cpu.0.retired = 1920
stat.node.2.cpu.0.cycles = 2000000
stat.node.3.cpu.0.retired = 1921
stat.node.3.cpu.0.cycles = 2000000
stat.node.4.cpu.0.retired = 1923
stat.node.4.cpu.0.cycles = 2000000
stat.node.5.cpu.0.retired = 1909
stat.node.5.cpu.0.cycles = 2000000
stat.node.6.cpu.0.retired = 1918
stat.node.6.cpu.0.cycles = 2000000
stat.node.8.cpu.0.retired = 1918
stat.node.8.cpu.0.cycles = 2000000
stat.node.9.cpu.0.retired = 1921
stat.node.9.cpu.0.cycles = 2000000
stat.node.10.cpu.0.retired = 1923
stat.node.10.cpu.0.cycles = 2000000
stat.node.11.cpu.0.retired = 1921
stat.node.11.cpu.0.cycles = 2000000
stat.node.12.cpu.0.retired = 1923
stat.node.12.cpu.0.cycles = 2000000
stat.node.13.cpu.0.retired = 1909
stat.node.13.cpu.0.cycles = 2000000
stat.node.14.cpu.0.retired = 1920
stat.node.14.cpu.0.cycles = 2000000
stat.node.7.cpu.0.retired = 1923
stat.node.7.cpu.0.cycles = 2000000
stat.node.12.cpu.0.retired = 3134
stat.node.12.cpu.0.cycles = 3000000
stat.node.13.cpu.0.retired = 3113
stat.node.13.cpu.0.cycles = 3000000
stat.node.7.cpu.0.retired = 3142
stat.node.7.cpu.0.cycles = 3000000
stat.node.14.cpu.0.retired = 3130
stat.node.14.cpu.0.cycles = 3000000
stat.node.15.cpu.0.retired = 3140
stat.node.15.cpu.0.cycles = 3000000
stat.node.0.cpu.0.retired = 3122
stat.node.0.cpu.0.cycles = 3000000
stat.node.1.cpu.0.retired = 3137
stat.node.1.cpu.0.cycles = 3000000
stat.node.2.cpu.0.retired = 3130
stat.node.2.cpu.0.cycles = 3000000
stat.node.3.cpu.0.retired = 3133
stat.node.3.cpu.0.cycles = 3000000
stat.node.4.cpu.0.retired = 3134
stat.node.4.cpu.0.cycles = 3000000
stat.node.5.cpu.0.retired = 3111
stat.node.5.cpu.0.cycles = 3000000
stat.node.6.cpu.0.retired = 3128
stat.node.6.cpu.0.cycles = 3000000
stat.node.8.cpu.0.retired = 3125
stat.node.8.cpu.0.cycles = 3000000
stat.node.9.cpu.0.retired = 3139
stat.node.9.cpu.0.cycles = 3000000
stat.node.10.cpu.0.retired = 3132
stat.node.10.cpu.0.cycles = 3000000
stat.node.11.cpu.0.retired = 3137
stat.node.11.cpu.0.cycles = 3000000
stat.node.5.cpu.0.retired = 4370
stat.node.5.cpu.0.cycles = 4000000
stat.node.6.cpu.0.retired = 4392
stat.node.6.cpu.0.cycles = 4000000
stat.node.8.cpu.0.retired = 4385
stat.node.8.cpu.0.cycles = 4000000
stat.node.9.cpu.0.retired = 4415
stat.node.9.cpu.0.cycles = 4000000
stat.node.10.cpu.0.retired = 4392
stat.node.10.cpu.0.cycles = 4000000
stat.node.13.cpu.0.retired = 4375
stat.node.13.cpu.0.cycles = 4000000
stat.node.12.cpu.0.retired = 4400
stat.node.12.cpu.0.cycles = 4000000
stat.node.11.cpu.0.retired = 4408
stat.node.11.cpu.0.cycles = 4000000
stat.node.7.cpu.0.retired = 4415
stat.node.7.cpu.0.cycles = 4000000
stat.node.14.cpu.0.retired = 4392
stat.node.14.cpu.0.cycles = 4000000
stat.node.15.cpu.0.retired = 4415
stat.node.15.cpu.0.cycles = 4000000
stat.node.0.cpu.0.retired = 4384
stat.node.0.cpu.0.cycles = 4000000
stat.node.1.cpu.0.retired = 4414
stat.node.1.cpu.0.cycles = 4000000
stat.node.2.cpu.0.retired = 4392
stat.node.2.cpu.0.cycles = 4000000
stat.node.3.cpu.0.retired = 4403
stat.node.3.cpu.0.cycles = 4000000
stat.node.4.cpu.0.retired = 4403
stat.node.4.cpu.0.cycles = 4000000
stat.node.9.cpu.0.load_issue_to_complete_count = 3999
stat.node.9.cpu.0.avg_load_issue_to_complete_lat = 814.85
stat.node.9.injector.phase_cycles = 3263703
stat.node.9.injector.request_bytes = 254976
stat.node.9.injector.response_bytes = 679936
stat.node.9.injector.aggregate_bytes = 934912
stat.node.9.injector.request_gbps = 1.5
stat.node.9.injector.response_gbps = 3.99999
stat.node.9.injector.aggregate_gbps = 5.49998
stat.node.9.llc.cxl_miss = 4000
stat.node.9.llc.total_miss = 4000
stat.node.9.llc.avg_miss_lat = 707.088
stat.node.9.llc.avg_cxl_lat = 707.088
stat.node.9.llc.miss_lat_hist_bin_ns = 10
stat.node.9.llc.miss_lat_hist = [0,0,0,0,0,0,0,0,0,0,0,0,0,0,0,0,0,0,0,0,0,0,0,0,0,0,2642,40,30,4,37,101,171,33,93,177,76,21,58,223,245,46,3]
stat.node.9.util.dram_avg = 5.39693e-06
stat.node.9.walltime_s = 91.1831
stat.node.9.active_time_s = 33.8664
stat.node.7.cpu.0.load_issue_to_complete_count = 3999
stat.node.7.cpu.0.avg_load_issue_to_complete_lat = 814.994
stat.node.7.injector.phase_cycles = 3264279
stat.node.7.injector.request_bytes = 255056
stat.node.7.injector.response_bytes = 680064
stat.node.7.injector.aggregate_bytes = 935120
stat.node.7.injector.request_gbps = 1.5002
stat.node.7.injector.response_gbps = 4.00003
stat.node.7.injector.aggregate_gbps = 5.50024
stat.node.7.llc.cxl_miss = 4000
stat.node.7.llc.total_miss = 4000
stat.node.7.llc.avg_miss_lat = 707.211
stat.node.7.llc.avg_cxl_lat = 707.211
stat.node.7.llc.miss_lat_hist_bin_ns = 10
stat.node.7.llc.miss_lat_hist = [0,0,0,0,0,0,0,0,0,0,0,0,0,0,0,0,0,0,0,0,0,0,0,0,0,0,2742,29,37,11,54,58,20,20,88,214,37,14,117,204,261,65,28,1]
stat.node.7.util.dram_avg = 5.39623e-06
stat.node.7.walltime_s = 91.1914
stat.node.7.active_time_s = 34.4403
stat.node.1.cpu.0.load_issue_to_complete_count = 3999
stat.node.1.cpu.0.avg_load_issue_to_complete_lat = 815.157
stat.node.1.injector.phase_cycles = 3264932
stat.node.1.injector.request_bytes = 255072
stat.node.1.injector.response_bytes = 680192
stat.node.1.injector.aggregate_bytes = 935264
stat.node.1.injector.request_gbps = 1.5
stat.node.1.injector.response_gbps = 3.99999
stat.node.1.injector.aggregate_gbps = 5.49998
stat.node.1.llc.cxl_miss = 4000
stat.node.1.llc.total_miss = 4000
stat.node.1.llc.avg_miss_lat = 707.395
stat.node.1.llc.avg_cxl_lat = 707.395
stat.node.1.llc.miss_lat_hist_bin_ns = 10
stat.node.1.llc.miss_lat_hist = [0,0,0,0,0,0,0,0,0,0,0,0,0,0,0,0,0,0,0,0,0,0,0,0,0,0,2606,59,31,4,35,107,191,37,81,190,76,27,57,213,233,50,2,1]
stat.node.1.util.dram_avg = 5.39544e-06
stat.node.1.walltime_s = 91.2009
stat.node.1.active_time_s = 32.3876
stat.node.15.cpu.0.load_issue_to_complete_count = 3999
stat.node.15.cpu.0.avg_load_issue_to_complete_lat = 815.162
stat.node.15.injector.phase_cycles = 3264953
stat.node.15.injector.request_bytes = 255072
stat.node.15.injector.response_bytes = 680192
stat.node.15.injector.aggregate_bytes = 935264
stat.node.15.injector.request_gbps = 1.49999
stat.node.15.injector.response_gbps = 3.99996
stat.node.15.injector.aggregate_gbps = 5.49995
stat.node.15.llc.cxl_miss = 4000
stat.node.15.llc.total_miss = 4000
stat.node.15.llc.avg_miss_lat = 707.38
stat.node.15.llc.avg_cxl_lat = 707.38
stat.node.15.llc.miss_lat_hist_bin_ns = 10
stat.node.15.llc.miss_lat_hist = [0,0,0,0,0,0,0,0,0,0,0,0,0,0,0,0,0,0,0,0,0,0,0,0,0,0,2745,29,28,14,64,52,24,18,80,207,47,12,109,208,267,60,32,4]
stat.node.15.util.dram_avg = 5.39541e-06
stat.node.15.walltime_s = 91.2014
stat.node.15.active_time_s = 33.0138
stat.node.11.cpu.0.load_issue_to_complete_count = 3999
stat.node.11.cpu.0.avg_load_issue_to_complete_lat = 816.519
stat.node.11.injector.phase_cycles = 3270402
stat.node.11.injector.request_bytes = 255536
stat.node.11.injector.response_bytes = 681344
stat.node.11.injector.aggregate_bytes = 936880
stat.node.11.injector.request_gbps = 1.50021
stat.node.11.injector.response_gbps = 4.00006
stat.node.11.injector.aggregate_gbps = 5.50027
stat.node.11.llc.cxl_miss = 4000
stat.node.11.llc.total_miss = 4000
stat.node.11.llc.avg_miss_lat = 708.736
stat.node.11.llc.avg_cxl_lat = 708.736
stat.node.11.llc.miss_lat_hist_bin_ns = 10
stat.node.11.llc.miss_lat_hist = [0,0,0,0,0,0,0,0,0,0,0,0,0,0,0,0,0,0,0,0,0,0,0,0,0,0,2576,47,37,19,74,114,18,37,245,212,89,21,50,208,180,63,9,1]
stat.node.11.util.dram_avg = 5.38733e-06
stat.node.11.walltime_s = 91.2965
stat.node.11.active_time_s = 32.3768
stat.node.3.cpu.0.load_issue_to_complete_count = 3999
stat.node.3.cpu.0.avg_load_issue_to_complete_lat = 818.095
stat.node.3.injector.phase_cycles = 3276679
stat.node.3.injector.request_bytes = 256024
stat.node.3.injector.response_bytes = 682624
stat.node.3.injector.aggregate_bytes = 938648
stat.node.3.injector.request_gbps = 1.5002
stat.node.3.injector.response_gbps = 3.9999
stat.node.3.injector.aggregate_gbps = 5.50009
stat.node.3.llc.cxl_miss = 4000
stat.node.3.llc.total_miss = 4000
stat.node.3.llc.avg_miss_lat = 710.345
stat.node.3.llc.avg_cxl_lat = 710.345
stat.node.3.llc.miss_lat_hist_bin_ns = 10
stat.node.3.llc.miss_lat_hist = [0,0,0,0,0,0,0,0,0,0,0,0,0,0,0,0,0,0,0,0,0,0,0,0,0,0,2579,48,36,10,65,106,25,34,239,203,92,11,61,200,215,64,10,2]
stat.node.3.util.dram_avg = 5.38123e-06
stat.node.3.walltime_s = 91.3686
stat.node.3.active_time_s = 32.4492
stat.node.12.cpu.0.load_issue_to_complete_count = 3999
stat.node.12.cpu.0.avg_load_issue_to_complete_lat = 819.152
stat.node.12.injector.phase_cycles = 3280927
stat.node.12.injector.request_bytes = 256320
stat.node.12.injector.response_bytes = 683520
stat.node.12.injector.aggregate_bytes = 939840
stat.node.12.injector.request_gbps = 1.49999
stat.node.12.injector.response_gbps = 3.99996
stat.node.12.injector.aggregate_gbps = 5.49995
stat.node.12.llc.cxl_miss = 4000
stat.node.12.llc.total_miss = 4000
stat.node.12.llc.avg_miss_lat = 711.366
stat.node.12.llc.avg_cxl_lat = 711.366
stat.node.12.llc.miss_lat_hist_bin_ns = 10
stat.node.12.llc.miss_lat_hist = [0,0,0,0,0,0,0,0,0,0,0,0,0,0,0,0,0,0,0,0,0,0,0,0,0,0,2715,39,39,1,17,95,14,22,91,222,30,10,73,211,289,20,28,84]
stat.node.12.util.dram_avg = 5.37611e-06
stat.node.12.walltime_s = 91.4292
stat.node.12.active_time_s = 35.4905
stat.node.4.cpu.0.load_issue_to_complete_count = 3999
stat.node.4.cpu.0.avg_load_issue_to_complete_lat = 819.153
stat.node.4.injector.phase_cycles = 3280906
stat.node.4.injector.request_bytes = 256320
stat.node.4.injector.response_bytes = 683520
stat.node.4.injector.aggregate_bytes = 939840
stat.node.4.injector.request_gbps = 1.5
stat.node.4.injector.response_gbps = 3.99999
stat.node.4.injector.aggregate_gbps = 5.49998
stat.node.4.llc.cxl_miss = 4000
stat.node.4.llc.total_miss = 4000
stat.node.4.llc.avg_miss_lat = 711.366
stat.node.4.llc.avg_cxl_lat = 711.366
stat.node.4.llc.miss_lat_hist_bin_ns = 10
stat.node.4.llc.miss_lat_hist = [0,0,0,0,0,0,0,0,0,0,0,0,0,0,0,0,0,0,0,0,0,0,0,0,0,0,2704,46,37,6,22,86,16,21,92,224,35,12,76,195,302,17,25,84]
stat.node.4.util.dram_avg = 5.3761e-06
stat.node.4.walltime_s = 91.4293
stat.node.4.active_time_s = 32.8624
stat.node.6.cpu.0.load_issue_to_complete_count = 3999
stat.node.6.cpu.0.avg_load_issue_to_complete_lat = 820.995
stat.node.6.injector.phase_cycles = 3288279
stat.node.6.injector.request_bytes = 256896
stat.node.6.injector.response_bytes = 685056
stat.node.6.injector.aggregate_bytes = 941952
stat.node.6.injector.request_gbps = 1.5
stat.node.6.injector.response_gbps = 3.99999
stat.node.6.injector.aggregate_gbps = 5.49998
stat.node.6.llc.cxl_miss = 4000
stat.node.6.llc.total_miss = 4000
stat.node.6.llc.avg_miss_lat = 713.096
stat.node.6.llc.avg_cxl_lat = 713.096
stat.node.6.llc.miss_lat_hist_bin_ns = 10
stat.node.6.llc.miss_lat_hist = [0,0,0,0,0,0,0,0,0,0,0,0,0,0,0,0,0,0,0,0,0,0,0,0,0,0,2521,60,98,85,11,54,20,39,114,196,255,20,31,148,222,94,32]
stat.node.6.util.dram_avg = 5.36727e-06
stat.node.6.walltime_s = 91.5347
stat.node.6.active_time_s = 33.0171
stat.node.2.cpu.0.load_issue_to_complete_count = 3999
stat.node.2.cpu.0.avg_load_issue_to_complete_lat = 821.303
stat.node.2.injector.phase_cycles = 3289508
stat.node.2.injector.request_bytes = 256992
stat.node.2.injector.response_bytes = 685312
stat.node.2.injector.aggregate_bytes = 942304
stat.node.2.injector.request_gbps = 1.5
stat.node.2.injector.response_gbps = 3.99999
stat.node.2.injector.aggregate_gbps = 5.49998
stat.node.2.llc.cxl_miss = 4000
stat.node.2.llc.total_miss = 4000
stat.node.2.llc.avg_miss_lat = 713.505
stat.node.2.llc.avg_cxl_lat = 713.505
stat.node.2.llc.miss_lat_hist_bin_ns = 10
stat.node.2.llc.miss_lat_hist = [0,0,0,0,0,0,0,0,0,0,0,0,0,0,0,0,0,0,0,0,0,0,0,0,0,0,2710,34,27,1,24,91,13,22,76,239,26,6,77,202,290,28,36,94,4]
stat.node.2.util.dram_avg = 5.36577e-06
stat.node.2.walltime_s = 91.5527
stat.node.2.active_time_s = 33.4735
stat.node.10.cpu.0.load_issue_to_complete_count = 3999
stat.node.10.cpu.0.avg_load_issue_to_complete_lat = 821.303
stat.node.10.injector.phase_cycles = 3289508
stat.node.10.injector.request_bytes = 256992
stat.node.10.injector.response_bytes = 685312
stat.node.10.injector.aggregate_bytes = 942304
stat.node.10.injector.request_gbps = 1.5
stat.node.10.injector.response_gbps = 3.99999
stat.node.10.injector.aggregate_gbps = 5.49998
stat.node.10.llc.cxl_miss = 4000
stat.node.10.llc.total_miss = 4000
stat.node.10.llc.avg_miss_lat = 713.511
stat.node.10.llc.avg_cxl_lat = 713.511
stat.node.10.llc.miss_lat_hist_bin_ns = 10
stat.node.10.llc.miss_lat_hist = [0,0,0,0,0,0,0,0,0,0,0,0,0,0,0,0,0,0,0,0,0,0,0,0,0,0,2708,36,31,0,19,92,14,24,75,238,25,6,71,205,296,24,35,98,3]
stat.node.10.util.dram_avg = 5.36577e-06
stat.node.10.walltime_s = 91.5527
stat.node.10.active_time_s = 33.2951
stat.node.14.cpu.0.load_issue_to_complete_count = 3999
stat.node.14.cpu.0.avg_load_issue_to_complete_lat = 821.303
stat.node.14.injector.phase_cycles = 3289533
stat.node.14.injector.request_bytes = 256992
stat.node.14.injector.response_bytes = 685312
stat.node.14.injector.aggregate_bytes = 942304
stat.node.14.injector.request_gbps = 1.49998
stat.node.14.injector.response_gbps = 3.99996
stat.node.14.injector.aggregate_gbps = 5.49994
stat.node.14.llc.cxl_miss = 4000
stat.node.14.llc.total_miss = 4000
stat.node.14.llc.avg_miss_lat = 713.373
stat.node.14.llc.avg_cxl_lat = 713.373
stat.node.14.llc.miss_lat_hist_bin_ns = 10
stat.node.14.llc.miss_lat_hist = [0,0,0,0,0,0,0,0,0,0,0,0,0,0,0,0,0,0,0,0,0,0,0,0,0,0,2546,50,78,88,17,44,18,40,125,166,254,25,34,170,222,103,20]
stat.node.14.util.dram_avg = 5.36576e-06
stat.node.14.walltime_s = 91.5529
stat.node.14.active_time_s = 32.779
stat.node.8.cpu.0.load_issue_to_complete_count = 3999
stat.node.8.cpu.0.avg_load_issue_to_complete_lat = 821.747
stat.node.8.injector.phase_cycles = 3291312
stat.node.8.injector.request_bytes = 257168
stat.node.8.injector.response_bytes = 685696
stat.node.8.injector.aggregate_bytes = 942864
stat.node.8.injector.request_gbps = 1.5002
stat.node.8.injector.response_gbps = 4.00004
stat.node.8.injector.aggregate_gbps = 5.50023
stat.node.8.llc.cxl_miss = 4000
stat.node.8.llc.total_miss = 4000
stat.node.8.llc.avg_miss_lat = 713.929
stat.node.8.llc.avg_cxl_lat = 713.929
stat.node.8.llc.miss_lat_hist_bin_ns = 10
stat.node.8.llc.miss_lat_hist = [0,0,0,0,0,0,0,0,0,0,0,0,0,0,0,0,0,0,0,0,0,0,0,0,0,0,2630,103,20,9,28,54,17,16,83,139,79,53,273,195,244,54,3]
stat.node.8.util.dram_avg = 5.36216e-06
stat.node.8.walltime_s = 91.5962
stat.node.8.active_time_s = 35.4856
stat.node.0.cpu.0.load_issue_to_complete_count = 3999
stat.node.0.cpu.0.avg_load_issue_to_complete_lat = 822.67
stat.node.0.injector.phase_cycles = 3295003
stat.node.0.injector.request_bytes = 257456
stat.node.0.injector.response_bytes = 686464
stat.node.0.injector.aggregate_bytes = 943920
stat.node.0.injector.request_gbps = 1.5002
stat.node.0.injector.response_gbps = 4.00003
stat.node.0.injector.aggregate_gbps = 5.50023
stat.node.0.llc.cxl_miss = 4000
stat.node.0.llc.total_miss = 4000
stat.node.0.llc.avg_miss_lat = 714.865
stat.node.0.llc.avg_cxl_lat = 714.865
stat.node.0.llc.miss_lat_hist_bin_ns = 10
stat.node.0.llc.miss_lat_hist = [0,0,0,0,0,0,0,0,0,0,0,0,0,0,0,0,0,0,0,0,0,0,0,0,0,0,2615,111,20,9,29,43,19,22,102,124,71,67,246,187,270,54,11]
stat.node.0.util.dram_avg = 5.35774e-06
stat.node.0.walltime_s = 91.6491
stat.node.0.active_time_s = 32.8894
stat.node.13.cpu.0.load_issue_to_complete_count = 3999
stat.node.13.cpu.0.avg_load_issue_to_complete_lat = 823.761
stat.node.13.injector.phase_cycles = 3299313
stat.node.13.injector.request_bytes = 257760
stat.node.13.injector.response_bytes = 687360
stat.node.13.injector.aggregate_bytes = 945120
stat.node.13.injector.request_gbps = 1.50001
stat.node.13.injector.response_gbps = 4.00002
stat.node.13.injector.aggregate_gbps = 5.50003
stat.node.13.llc.cxl_miss = 4000
stat.node.13.llc.total_miss = 4000
stat.node.13.llc.avg_miss_lat = 715.966
stat.node.13.llc.avg_cxl_lat = 715.966
stat.node.13.llc.miss_lat_hist_bin_ns = 10
stat.node.13.llc.miss_lat_hist = [0,0,0,0,0,0,0,0,0,0,0,0,0,0,0,0,0,0,0,0,0,0,0,0,0,0,2672,48,24,6,41,40,26,26,91,130,82,34,77,195,406,90,12]
stat.node.13.util.dram_avg = 5.34963e-06
stat.node.13.walltime_s = 91.7463
stat.node.13.active_time_s = 32.8391
stat.node.5.cpu.0.load_issue_to_complete_count = 3999
stat.node.5.cpu.0.avg_load_issue_to_complete_lat = 825.436
stat.node.5.injector.phase_cycles = 3306011
stat.node.5.injector.request_bytes = 258320
stat.node.5.injector.response_bytes = 688768
stat.node.5.injector.aggregate_bytes = 947088
stat.node.5.injector.request_gbps = 1.50022
stat.node.5.injector.response_gbps = 4.00009
stat.node.5.injector.aggregate_gbps = 5.50031
stat.node.5.llc.cxl_miss = 4000
stat.node.5.llc.total_miss = 4000
stat.node.5.llc.avg_miss_lat = 717.674
stat.node.5.llc.avg_cxl_lat = 717.674
stat.node.5.llc.miss_lat_hist_bin_ns = 10
stat.node.5.llc.miss_lat_hist = [0,0,0,0,0,0,0,0,0,0,0,0,0,0,0,0,0,0,0,0,0,0,0,0,0,0,2660,43,20,9,38,49,19,34,94,135,69,31,69,194,411,106,19]
stat.node.5.util.dram_avg = 5.34165e-06
stat.node.5.walltime_s = 91.842
stat.node.5.active_time_s = 32.5649
stat.pool.115.util.mem_avg = 0.0697216
stat.pool.115.util.req_link_avg = 0.339238
stat.pool.115.walltime_s = 91.8421
stat.pool.115.active_time_s = 0.822712
stat.pool.114.util.mem_avg = 0.0697465
stat.pool.114.util.req_link_avg = 0.339258
stat.pool.114.walltime_s = 91.8421
stat.pool.114.active_time_s = 0.822511
stat.pool.113.util.mem_avg = 0.0698329
stat.pool.113.util.req_link_avg = 0.339325
stat.pool.113.walltime_s = 91.8421
stat.pool.113.active_time_s = 0.818982
stat.pool.112.util.mem_avg = 0.0698284
stat.pool.112.util.req_link_avg = 0.339322
stat.pool.112.walltime_s = 91.8421
stat.pool.112.active_time_s = 0.819313
stat.switch.replicated_messages = 935936
stat.switch.util.node_ingress_avg = 0.0341974
stat.switch.util.pool_ingress_avg = 0.110824
stat.switch.bw.host_to_switch_gbps = 3.36176
stat.switch.bw.switch_to_host_gbps = 10.8945
stat.switch.bw.host_link_total_gbps = 14.2562
stat.switch.walltime_s = 91.8421
stat.switch.active_time_s = 10.7159
stat.pool.100.util.mem_avg = 0.069754
stat.pool.100.util.req_link_avg = 0.339263
stat.pool.100.walltime_s = 91.8421
stat.pool.100.active_time_s = 0.924719
stat.pool.101.util.mem_avg = 0.069787
stat.pool.101.util.req_link_avg = 0.339289
stat.pool.101.walltime_s = 91.8422
stat.pool.101.active_time_s = 0.884658
stat.pool.102.util.mem_avg = 0.0697512
stat.pool.102.util.req_link_avg = 0.339261
stat.pool.102.walltime_s = 91.8422
stat.pool.102.active_time_s = 0.867929
stat.pool.103.util.mem_avg = 0.0697272
stat.pool.103.util.req_link_avg = 0.339242
stat.pool.103.walltime_s = 91.8422
stat.pool.103.active_time_s = 0.853536
stat.pool.104.util.mem_avg = 0.0697947
stat.pool.104.util.req_link_avg = 0.339295
stat.pool.104.walltime_s = 91.8422
stat.pool.104.active_time_s = 0.843782
stat.pool.105.util.mem_avg = 0.0698152
stat.pool.105.util.req_link_avg = 0.339311
stat.pool.105.walltime_s = 91.8422
stat.pool.105.active_time_s = 0.835231
stat.pool.106.util.mem_avg = 0.0698231
stat.pool.106.util.req_link_avg = 0.339317
stat.pool.106.walltime_s = 91.8422
stat.pool.106.active_time_s = 0.828005
stat.pool.107.util.mem_avg = 0.0698133
stat.pool.107.util.req_link_avg = 0.33931
stat.pool.107.walltime_s = 91.8422
stat.pool.107.active_time_s = 0.842221
stat.pool.108.util.mem_avg = 0.0698551
stat.pool.108.util.req_link_avg = 0.339342
stat.pool.108.walltime_s = 91.8422
stat.pool.108.active_time_s = 0.822033
stat.pool.109.util.mem_avg = 0.069889
stat.pool.109.util.req_link_avg = 0.339369
stat.pool.109.walltime_s = 91.8422
stat.pool.109.active_time_s = 0.825559
stat.pool.110.util.mem_avg = 0.0698258
stat.pool.110.util.req_link_avg = 0.33932
stat.pool.110.walltime_s = 91.8422
stat.pool.110.active_time_s = 0.816554
stat.pool.111.util.mem_avg = 0.0698115
stat.pool.111.util.req_link_avg = 0.339308
stat.pool.111.walltime_s = 91.8422
stat.pool.111.active_time_s = 0.825989
Simulation is complete, simulated time: 1.87358 ms
