stat.node.4.cpu.0.retired = 887
stat.node.4.cpu.0.cycles = 1000000
stat.node.5.cpu.0.retired = 886
stat.node.5.cpu.0.cycles = 1000000
stat.node.6.cpu.0.retired = 886
stat.node.6.cpu.0.cycles = 1000000
stat.node.7.cpu.0.retired = 886
stat.node.7.cpu.0.cycles = 1000000
stat.node.0.cpu.0.retired = 886
stat.node.0.cpu.0.cycles = 1000000
stat.node.1.cpu.0.retired = 887
stat.node.1.cpu.0.cycles = 1000000
stat.node.2.cpu.0.retired = 887
stat.node.2.cpu.0.cycles = 1000000
stat.node.3.cpu.0.retired = 887
stat.node.3.cpu.0.cycles = 1000000
stat.node.2.cpu.0.load_issue_to_complete_count = 799
stat.node.2.cpu.0.avg_load_issue_to_complete_lat = 869.482
stat.node.2.injector.phase_cycles = 696485
stat.node.4.cpu.0.load_issue_to_complete_count = 799
stat.node.4.cpu.0.avg_load_issue_to_complete_lat = 869.482
stat.node.4.injector.phase_cycles = 696485
stat.node.4.injector.request_bytes = 183872
stat.node.4.injector.response_bytes = 0
stat.node.4.injector.aggregate_bytes = 183872
stat.node.4.injector.request_gbps = 5.0688
stat.node.4.injector.response_gbps = 0
stat.node.4.injector.aggregate_gbps = 5.0688
stat.node.4.llc.cxl_miss = 800
stat.node.4.llc.total_miss = 800
stat.node.4.llc.avg_miss_lat = 696.977
stat.node.4.llc.avg_cxl_lat = 696.977
stat.node.2.injector.request_bytes = 183872
stat.node.2.injector.response_bytes = 0
stat.node.4.llc.miss_lat_hist_bin_ns = 10
stat.node.2.injector.aggregate_bytes = 183872
stat.node.2.injector.request_gbps = 5.0688
stat.node.2.injector.response_gbps = 0
stat.node.2.injector.aggregate_gbps = 5.0688
stat.node.2.llc.cxl_miss = 800
stat.node.2.llc.total_miss = 800
stat.node.2.llc.avg_miss_lat = 696.977
stat.node.2.llc.avg_cxl_lat = 696.977
stat.node.2.llc.miss_lat_hist_bin_ns = 10
stat.node.4.llc.miss_lat_hist = [0,0,0,0,0,0,0,0,0,0,0,0,0,0,0,0,0,0,0,0,0,0,0,0,0,0,0,1,365,421,13]
stat.node.4.util.dram_avg = 1.48303e-05
stat.node.4.walltime_s = 302.735
stat.node.4.active_time_s = 24.3574
stat.node.2.llc.miss_lat_hist = [0,0,0,0,0,0,0,0,0,0,0,0,0,0,0,0,0,0,0,0,0,0,0,0,0,0,0,1,365,421,13]
stat.node.2.util.dram_avg = 1.48303e-05
stat.node.2.walltime_s = 302.723
stat.node.2.active_time_s = 23.8153
stat.node.1.cpu.0.load_issue_to_complete_count = 799
stat.node.1.cpu.0.avg_load_issue_to_complete_lat = 869.482
stat.node.1.injector.phase_cycles = 696485
stat.node.1.injector.request_bytes = 183872
stat.node.1.injector.response_bytes = 0
stat.node.1.injector.aggregate_bytes = 183872
stat.node.1.injector.request_gbps = 5.0688
stat.node.3.cpu.0.load_issue_to_complete_count = 799
stat.node.3.cpu.0.avg_load_issue_to_complete_lat = 869.482
stat.node.3.injector.phase_cycles = 696485
stat.node.3.injector.request_bytes = 183872
stat.node.3.injector.response_bytes = 0
stat.node.3.injector.aggregate_bytes = 183872
stat.node.1.injector.response_gbps = 0
stat.node.1.injector.aggregate_gbps = 5.0688
stat.node.1.llc.cxl_miss = 800
stat.node.1.llc.total_miss = 800
stat.node.3.injector.request_gbps = 5.0688
stat.node.3.injector.response_gbps = 0
stat.node.1.llc.avg_miss_lat = 696.977
stat.node.1.llc.avg_cxl_lat = 696.977
stat.node.1.llc.miss_lat_hist_bin_ns = 10
stat.node.1.llc.miss_lat_hist = [0,0,0,0,0,0,0,0,0,0,0,0,0,0,0,0,0,0,0,0,0,0,0,0,0,0,0,1,365,421,13]
stat.node.1.util.dram_avg = 1.48301e-05
stat.node.1.walltime_s = 302.736
stat.node.1.active_time_s = 22.7536
stat.node.3.injector.aggregate_gbps = 5.0688
stat.node.3.llc.cxl_miss = 800
stat.node.3.llc.total_miss = 800
stat.node.3.llc.avg_miss_lat = 696.977
stat.node.3.llc.avg_cxl_lat = 696.977
stat.node.3.llc.miss_lat_hist_bin_ns = 10
stat.node.3.llc.miss_lat_hist = [0,0,0,0,0,0,0,0,0,0,0,0,0,0,0,0,0,0,0,0,0,0,0,0,0,0,0,1,365,421,13]
stat.node.3.util.dram_avg = 1.48301e-05
stat.node.3.walltime_s = 302.736
stat.node.3.active_time_s = 23.9715
stat.node.0.cpu.0.load_issue_to_complete_count = 799
stat.node.0.cpu.0.avg_load_issue_to_complete_lat = 869.482
stat.node.0.injector.phase_cycles = 696484
stat.node.0.injector.request_bytes = 183872
stat.node.0.injector.response_bytes = 0
stat.node.0.injector.aggregate_bytes = 183872
stat.node.0.injector.request_gbps = 5.06881
stat.node.0.injector.response_gbps = 0
stat.node.0.injector.aggregate_gbps = 5.06881
stat.node.0.llc.cxl_miss = 800
stat.node.0.llc.total_miss = 800
stat.node.6.cpu.0.load_issue_to_complete_count = 799
stat.node.6.cpu.0.avg_load_issue_to_complete_lat = 869.482
stat.node.6.injector.phase_cycles = 696484
stat.node.6.injector.request_bytes = 183872
stat.node.6.injector.response_bytes = 0
stat.node.6.injector.aggregate_bytes = 183872
stat.node.0.llc.avg_miss_lat = 696.979
stat.node.0.llc.avg_cxl_lat = 696.979
stat.node.0.llc.miss_lat_hist_bin_ns = 10
stat.node.6.injector.request_gbps = 5.06881
stat.node.6.injector.response_gbps = 0
stat.node.6.injector.aggregate_gbps = 5.06881
stat.node.0.llc.miss_lat_hist = [0,0,0,0,0,0,0,0,0,0,0,0,0,0,0,0,0,0,0,0,0,0,0,0,0,0,0,1,365,421,13]
stat.node.0.util.dram_avg = 1.48281e-05
stat.node.0.walltime_s = 302.74
stat.node.0.active_time_s = 29.6158
stat.node.6.llc.cxl_miss = 800
stat.node.6.llc.total_miss = 800
stat.node.6.llc.avg_miss_lat = 696.979
stat.node.6.llc.avg_cxl_lat = 696.979
stat.node.6.llc.miss_lat_hist_bin_ns = 10
stat.node.6.llc.miss_lat_hist = [0,0,0,0,0,0,0,0,0,0,0,0,0,0,0,0,0,0,0,0,0,0,0,0,0,0,0,1,365,421,13]
stat.node.6.util.dram_avg = 1.48281e-05
stat.node.6.walltime_s = 302.74
stat.node.6.active_time_s = 22.1313
stat.node.7.cpu.0.load_issue_to_complete_count = 799
stat.node.7.cpu.0.avg_load_issue_to_complete_lat = 869.482
stat.node.7.injector.phase_cycles = 696484
stat.node.7.injector.request_bytes = 183872
stat.node.7.injector.response_bytes = 0
stat.node.7.injector.aggregate_bytes = 183872
stat.node.7.injector.request_gbps = 5.06881
stat.node.7.injector.response_gbps = 0
stat.node.7.injector.aggregate_gbps = 5.06881
stat.node.7.llc.cxl_miss = 800
stat.node.7.llc.total_miss = 800
stat.node.7.llc.avg_miss_lat = 696.979
stat.node.7.llc.avg_cxl_lat = 696.979
stat.node.7.llc.miss_lat_hist_bin_ns = 10
stat.node.5.cpu.0.load_issue_to_complete_count = 799
stat.node.5.cpu.0.avg_load_issue_to_complete_lat = 869.482
stat.node.5.injector.phase_cycles = 696484
stat.node.5.injector.request_bytes = 183872
stat.node.5.injector.response_bytes = 0
stat.node.5.injector.aggregate_bytes = 183872
stat.node.5.injector.request_gbps = 5.06881
stat.node.5.injector.response_gbps = 0
stat.node.5.injector.aggregate_gbps = 5.06881
stat.node.5.llc.cxl_miss = 800
stat.node.7.llc.miss_lat_hist = [0,0,0,0,0,0,0,0,0,0,0,0,0,0,0,0,0,0,0,0,0,0,0,0,0,0,0,1,365,421,13]
stat.node.7.util.dram_avg = 1.48279e-05
stat.node.7.walltime_s = 302.741
stat.node.7.active_time_s = 23.746
stat.node.5.llc.total_miss = 800
stat.node.5.llc.avg_miss_lat = 696.979
stat.node.5.llc.avg_cxl_lat = 696.979
stat.node.5.llc.miss_lat_hist_bin_ns = 10
stat.node.5.llc.miss_lat_hist = [0,0,0,0,0,0,0,0,0,0,0,0,0,0,0,0,0,0,0,0,0,0,0,0,0,0,0,1,365,421,13]
stat.node.5.util.dram_avg = 1.48279e-05
stat.node.5.walltime_s = 302.729
stat.node.5.active_time_s = 25.3956
stat.pool.101.util.mem_avg = 0.150295
stat.pool.101.util.req_link_avg = 0.839079
stat.pool.101.walltime_s = 302.741
stat.pool.101.active_time_s = 0.592894
stat.pool.100.util.mem_avg = 0.150295
stat.pool.100.util.req_link_avg = 0.839079
stat.pool.100.walltime_s = 302.741
stat.pool.100.active_time_s = 0.711372
stat.switch.replicated_messages = 106802
stat.switch.util.node_ingress_avg = 0.106692
stat.switch.util.pool_ingress_avg = 0.114669
stat.switch.bw.host_to_switch_gbps = 5.24451
stat.switch.bw.switch_to_host_gbps = 1.40905
stat.switch.bw.host_link_total_gbps = 6.65356
stat.switch.walltime_s = 302.741
stat.switch.active_time_s = 2.78158
Simulation is complete, simulated time: 674.945 us
