stat.node.0.cpu.0.retired = 813
stat.node.0.cpu.0.cycles = 1000000
stat.node.1.cpu.0.retired = 812
stat.node.1.cpu.0.cycles = 1000000
stat.node.2.cpu.0.retired = 815
stat.node.2.cpu.0.cycles = 1000000
stat.node.3.cpu.0.retired = 813
stat.node.3.cpu.0.cycles = 1000000
stat.node.4.cpu.0.retired = 817
stat.node.4.cpu.0.cycles = 1000000
stat.node.5.cpu.0.retired = 814
stat.node.5.cpu.0.cycles = 1000000
stat.node.6.cpu.0.retired = 815
stat.node.6.cpu.0.cycles = 1000000
stat.node.7.cpu.0.retired = 813
stat.node.7.cpu.0.cycles = 1000000
stat.node.4.cpu.0.load_issue_to_complete_count = 799
stat.node.4.cpu.0.avg_load_issue_to_complete_lat = 940.509
stat.node.4.injector.phase_cycles = 753346
stat.node.4.injector.request_bytes = 218464
stat.node.4.injector.response_bytes = 88896
stat.node.4.injector.aggregate_bytes = 307360
stat.node.4.injector.request_gbps = 5.56784
stat.node.4.injector.response_gbps = 2.26563
stat.node.4.injector.aggregate_gbps = 7.83347
stat.node.4.llc.cxl_miss = 800
stat.node.4.llc.total_miss = 800
stat.node.4.llc.avg_miss_lat = 766.804
stat.node.4.llc.avg_cxl_lat = 766.804
stat.node.4.llc.miss_lat_hist_bin_ns = 10
stat.node.4.llc.miss_lat_hist = [0,0,0,0,0,0,0,0,0,0,0,0,0,0,0,0,0,0,0,0,0,0,0,0,0,0,41,54,140,87,72,39,23,55,45,72,104,46,17,5]
stat.node.4.util.dram_avg = 1.3829e-05
stat.node.4.walltime_s = 184.776
stat.node.4.active_time_s = 25.1511
stat.node.2.cpu.0.load_issue_to_complete_count = 799
stat.node.2.cpu.0.avg_load_issue_to_complete_lat = 945.377
stat.node.2.injector.phase_cycles = 757243
stat.node.2.injector.request_bytes = 219608
stat.node.2.injector.response_bytes = 89344
stat.node.2.injector.aggregate_bytes = 308952
stat.node.2.injector.request_gbps = 5.56819
stat.node.2.injector.response_gbps = 2.26533
stat.node.2.injector.aggregate_gbps = 7.83352
stat.node.2.llc.cxl_miss = 800
stat.node.2.llc.total_miss = 800
stat.node.2.llc.avg_miss_lat = 771.633
stat.node.2.llc.avg_cxl_lat = 771.633
stat.node.2.llc.miss_lat_hist_bin_ns = 10
stat.node.2.llc.miss_lat_hist = [0,0,0,0,0,0,0,0,0,0,0,0,0,0,0,0,0,0,0,0,0,0,0,0,0,0,28,44,128,111,73,33,26,48,51,91,96,53,15,3]
stat.node.2.util.dram_avg = 1.37815e-05
stat.node.2.walltime_s = 184.976
stat.node.2.active_time_s = 24.8104
stat.node.6.cpu.0.load_issue_to_complete_count = 799
stat.node.6.cpu.0.avg_load_issue_to_complete_lat = 946.543
stat.node.6.injector.phase_cycles = 758041
stat.node.6.injector.request_bytes = 219816
stat.node.6.injector.response_bytes = 89472
stat.node.6.injector.aggregate_bytes = 309288
stat.node.6.injector.request_gbps = 5.5676
stat.node.6.injector.response_gbps = 2.26619
stat.node.6.injector.aggregate_gbps = 7.83378
stat.node.6.llc.cxl_miss = 800
stat.node.6.llc.total_miss = 800
stat.node.6.llc.avg_miss_lat = 772.635
stat.node.6.llc.avg_cxl_lat = 772.635
stat.node.6.llc.miss_lat_hist_bin_ns = 10
stat.node.6.llc.miss_lat_hist = [0,0,0,0,0,0,0,0,0,0,0,0,0,0,0,0,0,0,0,0,0,0,0,0,0,0,9,37,119,91,140,38,38,42,45,81,93,49,12,4,2]
stat.node.6.util.dram_avg = 1.37739e-05
stat.node.6.walltime_s = 185.026
stat.node.6.active_time_s = 25.6864
stat.node.0.cpu.0.load_issue_to_complete_count = 799
stat.node.0.cpu.0.avg_load_issue_to_complete_lat = 944.795
stat.node.0.injector.phase_cycles = 756620
stat.node.0.injector.request_bytes = 219416
stat.node.0.injector.response_bytes = 89280
stat.node.0.injector.aggregate_bytes = 308696
stat.node.0.injector.request_gbps = 5.5679
stat.node.0.injector.response_gbps = 2.26557
stat.node.0.injector.aggregate_gbps = 7.83347
stat.node.0.llc.cxl_miss = 800
stat.node.0.llc.total_miss = 800
stat.node.0.llc.avg_miss_lat = 770.712
stat.node.0.llc.avg_cxl_lat = 770.712
stat.node.0.llc.miss_lat_hist_bin_ns = 10
stat.node.0.llc.miss_lat_hist = [0,0,0,0,0,0,0,0,0,0,0,0,0,0,0,0,0,0,0,0,0,0,0,0,0,0,13,38,146,92,85,76,28,39,36,80,88,63,15,1]
stat.node.0.util.dram_avg = 1.37723e-05
stat.node.0.walltime_s = 185.03
stat.node.0.active_time_s = 22.8705
stat.node.5.cpu.0.load_issue_to_complete_count = 799
stat.node.5.cpu.0.avg_load_issue_to_complete_lat = 945.574
stat.node.5.injector.phase_cycles = 757292
stat.node.5.injector.request_bytes = 219616
stat.node.5.injector.response_bytes = 89344
stat.node.5.injector.aggregate_bytes = 308960
stat.node.5.injector.request_gbps = 5.56803
stat.node.5.injector.response_gbps = 2.26518
stat.node.5.injector.aggregate_gbps = 7.83322
stat.node.5.llc.cxl_miss = 800
stat.node.5.llc.total_miss = 800
stat.node.5.llc.avg_miss_lat = 771.419
stat.node.5.llc.avg_cxl_lat = 771.419
stat.node.5.llc.miss_lat_hist_bin_ns = 10
stat.node.5.llc.miss_lat_hist = [0,0,0,0,0,0,0,0,0,0,0,0,0,0,0,0,0,0,0,0,0,0,0,0,0,0,13,46,135,107,67,48,67,34,35,82,87,58,18,3]
stat.node.5.util.dram_avg = 1.37721e-05
stat.node.5.walltime_s = 185.031
stat.node.5.active_time_s = 23.3485
stat.node.7.cpu.0.load_issue_to_complete_count = 799
stat.node.7.cpu.0.avg_load_issue_to_complete_lat = 945.593
stat.node.7.injector.phase_cycles = 757285
stat.node.7.injector.request_bytes = 219608
stat.node.7.injector.response_bytes = 89344
stat.node.7.injector.aggregate_bytes = 308952
stat.node.7.injector.request_gbps = 5.56788
stat.node.7.injector.response_gbps = 2.2652
stat.node.7.injector.aggregate_gbps = 7.83309
stat.node.7.llc.cxl_miss = 800
stat.node.7.llc.total_miss = 800
stat.node.7.llc.avg_miss_lat = 771.312
stat.node.7.llc.avg_cxl_lat = 771.312
stat.node.7.llc.miss_lat_hist_bin_ns = 10
stat.node.7.llc.miss_lat_hist = [0,0,0,0,0,0,0,0,0,0,0,0,0,0,0,0,0,0,0,0,0,0,0,0,0,0,19,40,135,112,82,29,27,78,33,85,85,53,14,7,1]
stat.node.7.util.dram_avg = 1.37687e-05
stat.node.7.walltime_s = 185.056
stat.node.7.active_time_s = 22.7144
stat.node.3.cpu.0.load_issue_to_complete_count = 799
stat.node.3.cpu.0.avg_load_issue_to_complete_lat = 946.322
stat.node.3.injector.phase_cycles = 757840
stat.node.3.injector.request_bytes = 219816
stat.node.3.injector.response_bytes = 89408
stat.node.3.injector.aggregate_bytes = 309224
stat.node.3.injector.request_gbps = 5.56907
stat.node.3.injector.response_gbps = 2.26517
stat.node.3.injector.aggregate_gbps = 7.83424
stat.node.3.llc.cxl_miss = 800
stat.node.3.llc.total_miss = 800
stat.node.3.llc.avg_miss_lat = 772.189
stat.node.3.llc.avg_cxl_lat = 772.189
stat.node.3.llc.miss_lat_hist_bin_ns = 10
stat.node.3.llc.miss_lat_hist = [0,0,0,0,0,0,0,0,0,0,0,0,0,0,0,0,0,0,0,0,0,0,0,0,0,0,9,36,147,130,65,27,33,51,43,98,92,51,17,1]
stat.node.3.util.dram_avg = 1.37645e-05
stat.node.3.walltime_s = 185.08
stat.node.3.active_time_s = 29.1914
stat.node.1.cpu.0.load_issue_to_complete_count = 799
stat.node.1.cpu.0.avg_load_issue_to_complete_lat = 944.961
stat.node.1.injector.phase_cycles = 756824
stat.node.1.injector.request_bytes = 219480
stat.node.1.injector.response_bytes = 89280
stat.node.1.injector.aggregate_bytes = 308760
stat.node.1.injector.request_gbps = 5.56803
stat.node.1.injector.response_gbps = 2.26496
stat.node.1.injector.aggregate_gbps = 7.83299
stat.node.1.llc.cxl_miss = 800
stat.node.1.llc.total_miss = 800
stat.node.1.llc.avg_miss_lat = 771.461
stat.node.1.llc.avg_cxl_lat = 771.461
stat.node.1.llc.miss_lat_hist_bin_ns = 10
stat.node.1.llc.miss_lat_hist = [0,0,0,0,0,0,0,0,0,0,0,0,0,0,0,0,0,0,0,0,0,0,0,0,0,0,4,29,179,104,79,23,29,57,42,105,84,54,10,1]
stat.node.1.util.dram_avg = 1.37595e-05
stat.node.1.walltime_s = 185.172
stat.node.1.active_time_s = 21.6712
stat.pool.100.util.mem_avg = 0.230625
stat.pool.100.util.req_link_avg = 0.932628
stat.pool.100.walltime_s = 185.172
stat.pool.100.active_time_s = 0.670381
stat.switch.replicated_messages = 60008
stat.switch.util.node_ingress_avg = 0.116593
stat.switch.util.pool_ingress_avg = 0.581475
stat.switch.bw.host_to_switch_gbps = 5.73114
stat.switch.bw.switch_to_host_gbps = 3.57253
stat.switch.bw.host_link_total_gbps = 9.30367
stat.switch.walltime_s = 185.172
stat.switch.active_time_s = 2.51536
Simulation is complete, simulated time: 727.354 us
