stat.node.3.cpu.0.retired = 182
stat.node.4.cpu.0.retired = 181
stat.node.4.cpu.0.cycles = 1000000
stat.node.5.cpu.0.retired = 189
stat.node.5.cpu.0.cycles = 1000000
stat.node.6.cpu.0.retired = 208
stat.node.6.cpu.0.cycles = 1000000
stat.node.7.cpu.0.retired = 187
stat.node.7.cpu.0.cycles = 1000000
stat.node.0.cpu.0.retired = 195
stat.node.0.cpu.0.cycles = 1000000
stat.node.1.cpu.0.retired = 188
stat.node.1.cpu.0.cycles = 1000000
stat.node.2.cpu.0.retired = 189
stat.node.2.cpu.0.cycles = 1000000
stat.node.3.cpu.0.cycles = 1000000
stat.node.2.cpu.0.retired = 399
stat.node.2.cpu.0.cycles = 2000000
stat.node.4.cpu.0.retired = 390
stat.node.4.cpu.0.cycles = 2000000
stat.node.5.cpu.0.retired = 400
stat.node.5.cpu.0.cycles = 2000000
stat.node.6.cpu.0.retired = 421
stat.node.6.cpu.0.cycles = 2000000
stat.node.3.cpu.0.retired = 390
stat.node.3.cpu.0.cycles = 2000000
stat.node.7.cpu.0.retired = 397
stat.node.7.cpu.0.cycles = 2000000
stat.node.0.cpu.0.retired = 405
stat.node.0.cpu.0.cycles = 2000000
stat.node.1.cpu.0.retired = 399
stat.node.1.cpu.0.cycles = 2000000
stat.node.3.cpu.0.retired = 647
stat.node.3.cpu.0.cycles = 3000000
stat.node.7.cpu.0.retired = 651
stat.node.7.cpu.0.cycles = 3000000
stat.node.0.cpu.0.retired = 663
stat.node.6.cpu.0.retired = 679
stat.node.6.cpu.0.cycles = 3000000
stat.node.2.cpu.0.retired = 653
stat.node.2.cpu.0.cycles = 3000000
stat.node.4.cpu.0.retired = 643
stat.node.4.cpu.0.cycles = 3000000
stat.node.5.cpu.0.retired = 655
stat.node.5.cpu.0.cycles = 3000000
stat.node.1.cpu.0.retired = 654
stat.node.1.cpu.0.cycles = 3000000
stat.node.0.cpu.0.cycles = 3000000
stat.node.1.cpu.0.retired = 919
stat.node.1.cpu.0.cycles = 4000000
stat.node.6.cpu.0.retired = 944
stat.node.6.cpu.0.cycles = 4000000
stat.node.2.cpu.0.retired = 917
stat.node.2.cpu.0.cycles = 4000000
stat.node.4.cpu.0.retired = 908
stat.node.4.cpu.0.cycles = 4000000
stat.node.0.cpu.0.retired = 928
stat.node.0.cpu.0.cycles = 4000000
stat.node.5.cpu.0.retired = 921
stat.node.3.cpu.0.retired = 912
stat.node.3.cpu.0.cycles = 4000000
stat.node.7.cpu.0.retired = 916
stat.node.7.cpu.0.cycles = 4000000
stat.node.5.cpu.0.cycles = 4000000
stat.node.3.cpu.0.retired = 1188
stat.node.3.cpu.0.cycles = 5000000
stat.node.4.cpu.0.retired = 1183
stat.node.4.cpu.0.cycles = 5000000
stat.node.1.cpu.0.retired = 1193
stat.node.1.cpu.0.cycles = 5000000
stat.node.6.cpu.0.retired = 1221
stat.node.6.cpu.0.cycles = 5000000
stat.node.2.cpu.0.retired = 1191
stat.node.2.cpu.0.cycles = 5000000
stat.node.5.cpu.0.retired = 1194
stat.node.5.cpu.0.cycles = 5000000
stat.node.0.cpu.0.retired = 1201
stat.node.0.cpu.0.cycles = 5000000
stat.node.7.cpu.0.retired = 1189
stat.node.7.cpu.0.cycles = 5000000
stat.node.3.cpu.0.retired = 1460
stat.node.3.cpu.0.cycles = 6000000
stat.node.4.cpu.0.retired = 1459
stat.node.4.cpu.0.cycles = 6000000
stat.node.1.cpu.0.retired = 1466
stat.node.1.cpu.0.cycles = 6000000
stat.node.6.cpu.0.retired = 1497
stat.node.6.cpu.0.cycles = 6000000
stat.node.7.cpu.0.retired = 1465
stat.node.7.cpu.0.cycles = 6000000
stat.node.5.cpu.0.retired = 1469
stat.node.5.cpu.0.cycles = 6000000
stat.node.0.cpu.0.retired = 1479
stat.node.0.cpu.0.cycles = 6000000
stat.node.2.cpu.0.retired = 1464
stat.node.2.cpu.0.cycles = 6000000
stat.node.6.cpu.0.load_issue_to_complete_count = 799
stat.node.6.cpu.0.avg_load_issue_to_complete_lat = 3618.63
stat.node.6.injector.phase_cycles = 2895848
stat.node.6.injector.request_bytes = 1133440
stat.node.6.injector.response_bytes = 2047360
stat.node.6.injector.aggregate_bytes = 3180800
stat.node.6.injector.request_gbps = 7.51491
stat.node.6.injector.response_gbps = 13.5744
stat.node.6.injector.aggregate_gbps = 21.0893
stat.node.6.llc.cxl_miss = 800
stat.node.6.llc.total_miss = 800
stat.node.6.llc.avg_miss_lat = 3403.68
stat.node.6.llc.avg_cxl_lat = 3403.68
stat.node.6.llc.miss_lat_hist_bin_ns = 10
stat.node.6.llc.miss_lat_hist = [0,0,0,0,0,0,0,0,0,0,0,0,0,0,0,0,0,0,0,0,0,0,0,0,0,0,0,0,0,0,0,0,0,0,0,0,0,0,0,0,0,0,0,0,0,0,0,0,0,0,0,0,0,0,0,0,0,0,0,0,0,0,0,0,0,0,0,0,0,0,0,0,0,0,0,0,0,0,0,0,0,0,0,0,0,0,0,0,0,0,0,0,0,0,0,0,0,0,0,0,0,0,0,0,0,0,0,0,0,0,0,0,0,0,1,0,1,3,0,4,5,5,4,10,7,14,12,18,13,13,9,21,23,15,42,34,32,13,19,23,44,47,44,33,16,11,14,13,28,25,36,17,11,8,7,16,16,13,15,2,5,0,4,6,5,4,3,2,1,1,1,0,3,4,0,0,0,2,1,0,0,0,1]
stat.node.6.util.dram_avg = 3.77034e-06
stat.node.6.walltime_s = 664.598
stat.node.6.active_time_s = 82.3637
stat.node.0.cpu.0.load_issue_to_complete_count = 799
stat.node.0.cpu.0.avg_load_issue_to_complete_lat = 3613.22
stat.node.0.injector.phase_cycles = 2891774
stat.node.0.injector.request_bytes = 1133608
stat.node.0.injector.response_bytes = 2047680
stat.node.0.injector.aggregate_bytes = 3181288
stat.node.0.injector.request_gbps = 7.52662
stat.node.0.injector.response_gbps = 13.5956
stat.node.0.injector.aggregate_gbps = 21.1222
stat.node.0.llc.cxl_miss = 800
stat.node.0.llc.total_miss = 800
stat.node.0.llc.avg_miss_lat = 3396.84
stat.node.0.llc.avg_cxl_lat = 3396.84
stat.node.0.llc.miss_lat_hist_bin_ns = 10
stat.node.0.llc.miss_lat_hist = [0,0,0,0,0,0,0,0,0,0,0,0,0,0,0,0,0,0,0,0,0,0,0,0,0,0,0,0,0,0,0,0,0,0,0,0,0,0,0,0,0,0,0,0,0,0,0,0,0,0,0,0,0,0,0,0,0,0,0,0,0,0,0,0,0,0,0,0,0,0,0,0,0,0,0,0,0,0,0,0,0,0,0,0,0,0,0,0,0,0,0,0,0,0,0,0,0,0,0,0,0,0,0,0,0,0,0,0,0,0,0,2,0,1,0,1,1,1,3,2,2,3,5,4,12,16,11,14,13,17,14,22,40,29,36,23,31,16,14,22,33,51,34,23,22,18,15,17,29,25,33,14,14,10,9,13,18,11,12,3,4,4,2,5,3,3,5,2,0,2,1,0,4,1,2,0,0,0,1,1,1]
stat.node.0.util.dram_avg = 3.73483e-06
stat.node.0.walltime_s = 674.548
stat.node.0.active_time_s = 87.4915
stat.node.5.cpu.0.load_issue_to_complete_count = 799
stat.node.5.cpu.0.avg_load_issue_to_complete_lat = 3624.58
stat.node.5.injector.phase_cycles = 2900638
stat.node.5.injector.request_bytes = 1129720
stat.node.5.injector.response_bytes = 2040896
stat.node.5.injector.aggregate_bytes = 3170616
stat.node.5.injector.request_gbps = 7.47788
stat.node.5.injector.response_gbps = 13.5092
stat.node.5.injector.aggregate_gbps = 20.987
stat.node.5.llc.cxl_miss = 800
stat.node.5.llc.total_miss = 800
stat.node.5.llc.avg_miss_lat = 3405.97
stat.node.5.llc.avg_cxl_lat = 3405.97
stat.node.5.llc.miss_lat_hist_bin_ns = 10
stat.node.5.llc.miss_lat_hist = [0,0,0,0,0,0,0,0,0,0,0,0,0,0,0,0,0,0,0,0,0,0,0,0,0,0,0,0,0,0,0,0,0,0,0,0,0,0,0,0,0,0,0,0,0,0,0,0,0,0,0,0,0,0,0,0,0,0,0,0,0,0,0,0,0,0,0,0,0,0,0,0,0,0,0,0,0,0,0,0,0,0,0,0,0,0,0,0,0,0,0,0,0,0,0,0,0,0,0,0,0,0,0,0,0,0,0,0,0,0,0,0,1,0,0,2,2,1,5,4,5,4,3,6,12,16,18,15,14,15,8,24,24,28,34,16,26,17,10,27,31,55,37,38,15,12,19,20,26,31,29,16,9,5,12,14,9,12,13,4,4,4,3,10,5,6,6,2,0,0,2,3,2,1,1,1,1,0,3,1,1]
stat.node.5.util.dram_avg = 3.71409e-06
stat.node.5.walltime_s = 683.655
stat.node.5.active_time_s = 91.7156
stat.node.1.cpu.0.load_issue_to_complete_count = 799
stat.node.1.cpu.0.avg_load_issue_to_complete_lat = 3638.55
stat.node.1.injector.phase_cycles = 2911397
stat.node.1.injector.request_bytes = 1132200
stat.node.1.injector.response_bytes = 2045248
stat.node.1.injector.aggregate_bytes = 3177448
stat.node.1.injector.request_gbps = 7.4666
stat.node.1.injector.response_gbps = 13.4879
stat.node.1.injector.aggregate_gbps = 20.9545
stat.node.1.llc.cxl_miss = 800
stat.node.1.llc.total_miss = 800
stat.node.1.llc.avg_miss_lat = 3419.09
stat.node.1.llc.avg_cxl_lat = 3419.09
stat.node.1.llc.miss_lat_hist_bin_ns = 10
stat.node.1.llc.miss_lat_hist = [0,0,0,0,0,0,0,0,0,0,0,0,0,0,0,0,0,0,0,0,0,0,0,0,0,0,0,0,0,0,0,0,0,0,0,0,0,0,0,0,0,0,0,0,0,0,0,0,0,0,0,0,0,0,0,0,0,0,0,0,0,0,0,0,0,0,0,0,0,0,0,0,0,0,0,0,0,0,0,0,0,0,0,0,0,0,0,0,0,0,0,0,0,0,0,0,0,0,0,0,0,0,0,0,0,0,0,0,0,0,1,0,0,0,1,1,1,1,3,4,1,5,2,5,6,11,16,11,14,9,21,23,25,36,33,25,22,19,16,23,33,43,38,24,19,17,8,13,36,28,29,25,14,9,11,13,24,12,11,5,6,6,7,5,3,4,7,5,1,0,1,2,3,0,0,1,0,0,0,0,0,1,0,0,1]
stat.node.1.util.dram_avg = 3.70581e-06
stat.node.1.walltime_s = 687.465
stat.node.1.active_time_s = 95.2225
stat.node.7.cpu.0.load_issue_to_complete_count = 799
stat.node.7.cpu.0.avg_load_issue_to_complete_lat = 3631.77
stat.node.7.injector.phase_cycles = 2906587
stat.node.7.injector.request_bytes = 1133032
stat.node.7.injector.response_bytes = 2046592
stat.node.7.injector.aggregate_bytes = 3179624
stat.node.7.injector.request_gbps = 7.48445
stat.node.7.injector.response_gbps = 13.5191
stat.node.7.injector.aggregate_gbps = 21.0036
stat.node.7.llc.cxl_miss = 800
stat.node.7.llc.total_miss = 800
stat.node.7.llc.avg_miss_lat = 3417
stat.node.7.llc.avg_cxl_lat = 3417
stat.node.7.llc.miss_lat_hist_bin_ns = 10
stat.node.7.llc.miss_lat_hist = [0,0,0,0,0,0,0,0,0,0,0,0,0,0,0,0,0,0,0,0,0,0,0,0,0,0,0,0,0,0,0,0,0,0,0,0,0,0,0,0,0,0,0,0,0,0,0,0,0,0,0,0,0,0,0,0,0,0,0,0,0,0,0,0,0,0,0,0,0,0,0,0,0,0,0,0,0,0,0,0,0,0,0,0,0,0,0,0,0,0,0,0,0,0,0,0,0,0,0,0,0,0,0,0,0,0,0,0,0,0,0,1,0,0,0,0,1,3,2,3,5,4,1,4,7,14,10,19,14,9,14,18,23,28,34,27,22,15,14,27,36,46,45,27,22,13,15,19,33,29,47,17,10,11,12,12,12,15,14,11,4,1,2,0,2,6,5,1,0,1,4,3,0,2,1,1,0,1,0,0,0,0,0,0,0,0,0,0,0,0,0,0,0,1]
stat.node.7.util.dram_avg = 3.70507e-06
stat.node.7.walltime_s = 687.883
stat.node.7.active_time_s = 89.6693
stat.node.2.cpu.0.load_issue_to_complete_count = 799
stat.node.2.cpu.0.avg_load_issue_to_complete_lat = 3643.72
stat.node.2.injector.phase_cycles = 2915397
stat.node.2.injector.request_bytes = 1134104
stat.node.2.injector.response_bytes = 2048832
stat.node.2.injector.aggregate_bytes = 3182936
stat.node.2.injector.request_gbps = 7.4689
stat.node.2.injector.response_gbps = 13.493
stat.node.2.injector.aggregate_gbps = 20.9619
stat.node.2.llc.cxl_miss = 800
stat.node.2.llc.total_miss = 800
stat.node.2.llc.avg_miss_lat = 3425.31
stat.node.2.llc.avg_cxl_lat = 3425.31
stat.node.2.llc.miss_lat_hist_bin_ns = 10
stat.node.2.llc.miss_lat_hist = [0,0,0,0,0,0,0,0,0,0,0,0,0,0,0,0,0,0,0,0,0,0,0,0,0,0,0,0,0,0,0,0,0,0,0,0,0,0,0,0,0,0,0,0,0,0,0,0,0,0,0,0,0,0,0,0,0,0,0,0,0,0,0,0,0,0,0,0,0,0,0,0,0,0,0,0,0,0,0,0,0,0,0,0,0,0,0,0,0,0,0,0,0,0,0,0,0,0,0,0,0,0,0,0,0,0,0,0,0,0,0,0,0,0,0,0,1,2,1,2,3,3,0,7,10,11,5,11,22,8,11,21,30,28,35,25,21,17,22,34,33,49,36,28,26,22,16,17,31,24,26,21,11,7,8,12,12,14,14,8,5,5,5,3,9,4,5,4,0,3,0,2,1,1,0,2,2,0,0,1,0,2,0,0,1]
stat.node.2.util.dram_avg = 3.70309e-06
stat.node.2.walltime_s = 688.318
stat.node.2.active_time_s = 93.7293
stat.node.3.cpu.0.load_issue_to_complete_count = 799
stat.node.3.cpu.0.avg_load_issue_to_complete_lat = 3629.82
stat.node.3.injector.phase_cycles = 2904846
stat.node.3.injector.request_bytes = 1128312
stat.node.3.injector.response_bytes = 2038400
stat.node.3.injector.aggregate_bytes = 3166712
stat.node.3.injector.request_gbps = 7.45774
stat.node.3.injector.response_gbps = 13.4731
stat.node.3.injector.aggregate_gbps = 20.9308
stat.node.3.llc.cxl_miss = 800
stat.node.3.llc.total_miss = 800
stat.node.3.llc.avg_miss_lat = 3415.29
stat.node.3.llc.avg_cxl_lat = 3415.29
stat.node.3.llc.miss_lat_hist_bin_ns = 10
stat.node.3.llc.miss_lat_hist = [0,0,0,0,0,0,0,0,0,0,0,0,0,0,0,0,0,0,0,0,0,0,0,0,0,0,0,0,0,0,0,0,0,0,0,0,0,0,0,0,0,0,0,0,0,0,0,0,0,0,0,0,0,0,0,0,0,0,0,0,0,0,0,0,0,0,0,0,0,0,0,0,0,0,0,0,0,0,0,0,0,0,0,0,0,0,0,0,0,0,0,0,0,0,0,0,0,0,0,0,0,0,0,0,0,0,0,0,0,0,0,1,0,0,1,2,1,0,2,3,5,2,3,5,9,9,11,12,19,12,15,19,29,24,38,34,21,18,26,25,33,43,44,27,23,14,13,14,41,15,23,14,18,11,5,5,12,22,13,9,3,4,8,5,7,4,4,4,2,0,0,2,1,2,3,1,0,1,1,2,0,1]
stat.node.3.util.dram_avg = 3.69248e-06
stat.node.3.walltime_s = 690.955
stat.node.3.active_time_s = 87.9872
stat.node.4.cpu.0.load_issue_to_complete_count = 799
stat.node.4.cpu.0.avg_load_issue_to_complete_lat = 3619.13
stat.node.4.injector.phase_cycles = 2896062
stat.node.4.injector.request_bytes = 1131048
stat.node.4.injector.response_bytes = 2043328
stat.node.4.injector.aggregate_bytes = 3174376
stat.node.4.injector.request_gbps = 7.4985
stat.node.4.injector.response_gbps = 13.5466
stat.node.4.injector.aggregate_gbps = 21.0451
stat.node.4.llc.cxl_miss = 800
stat.node.4.llc.total_miss = 800
stat.node.4.llc.avg_miss_lat = 3402.61
stat.node.4.llc.avg_cxl_lat = 3402.61
stat.node.4.llc.miss_lat_hist_bin_ns = 10
stat.node.4.llc.miss_lat_hist = [0,0,0,0,0,0,0,0,0,0,0,0,0,0,0,0,0,0,0,0,0,0,0,0,0,0,0,0,0,0,0,0,0,0,0,0,0,0,0,0,0,0,0,0,0,0,0,0,0,0,0,0,0,0,0,0,0,0,0,0,0,0,0,0,0,0,0,0,0,0,0,0,0,0,0,0,0,0,0,0,0,0,0,0,0,0,0,0,0,0,0,0,0,0,0,0,0,0,0,0,0,0,0,0,0,0,0,0,0,0,0,0,0,0,0,0,2,1,0,1,3,4,8,8,5,13,11,19,11,8,14,20,43,29,31,27,27,22,22,21,41,45,40,33,20,9,17,20,29,18,32,13,7,14,8,12,12,13,12,7,7,4,2,8,10,4,6,0,0,2,3,0,0,0,0,0,0,1,0,0,0,1]
stat.node.4.util.dram_avg = 3.6911e-06
stat.node.4.walltime_s = 691.108
stat.node.4.active_time_s = 96.6338
stat.pool.104.util.mem_avg = 0.223231
stat.pool.104.util.req_link_avg = 0.999926
stat.pool.104.walltime_s = 691.136
stat.pool.104.active_time_s = 2.60847
stat.pool.103.util.mem_avg = 0.22323
stat.pool.103.util.req_link_avg = 0.999926
stat.pool.103.walltime_s = 691.136
stat.pool.103.active_time_s = 2.5351
stat.pool.102.util.mem_avg = 0.22323
stat.pool.102.util.req_link_avg = 0.999925
stat.pool.102.walltime_s = 691.136
stat.pool.102.active_time_s = 2.53887
stat.pool.101.util.mem_avg = 0.223231
stat.pool.101.util.req_link_avg = 0.999925
stat.pool.101.walltime_s = 691.136
stat.pool.101.active_time_s = 2.79813
stat.pool.100.util.mem_avg = 0.223233
stat.pool.100.util.req_link_avg = 0.999926
stat.pool.100.walltime_s = 691.136
stat.pool.100.active_time_s = 2.80151
stat.switch.replicated_messages = 1226960
stat.switch.util.node_ingress_avg = 0.153265
stat.switch.util.pool_ingress_avg = 0.451753
stat.switch.bw.host_to_switch_gbps = 7.53343
stat.switch.bw.switch_to_host_gbps = 13.8778
stat.switch.bw.host_link_total_gbps = 21.4113
stat.switch.walltime_s = 691.136
stat.switch.active_time_s = 15.2587
Simulation is complete, simulated time: 2.71139 ms
