stat.node.1.cpu.0.retired = 233
stat.node.1.cpu.0.cycles = 1000000
stat.node.2.cpu.0.retired = 190
stat.node.2.cpu.0.cycles = 1000000
stat.node.3.cpu.0.retired = 173
stat.node.3.cpu.0.cycles = 1000000
stat.node.4.cpu.0.retired = 162
stat.node.4.cpu.0.cycles = 1000000
stat.node.5.cpu.0.retired = 160
stat.node.5.cpu.0.cycles = 1000000
stat.node.6.cpu.0.retired = 193
stat.node.6.cpu.0.cycles = 1000000
stat.node.7.cpu.0.retired = 226
stat.node.7.cpu.0.cycles = 1000000
stat.node.0.cpu.0.retired = 199
stat.node.0.cpu.0.cycles = 1000000
stat.node.3.cpu.0.retired = 365
stat.node.3.cpu.0.cycles = 2000000
stat.node.4.cpu.0.retired = 350
stat.node.5.cpu.0.retired = 348
stat.node.5.cpu.0.cycles = 2000000
stat.node.6.cpu.0.retired = 385
stat.node.6.cpu.0.cycles = 2000000
stat.node.0.cpu.0.retired = 393
stat.node.0.cpu.0.cycles = 2000000
stat.node.7.cpu.0.retired = 416
stat.node.7.cpu.0.cycles = 2000000
stat.node.1.cpu.0.retired = 426
stat.node.1.cpu.0.cycles = 2000000
stat.node.2.cpu.0.retired = 381
stat.node.2.cpu.0.cycles = 2000000
stat.node.4.cpu.0.cycles = 2000000
stat.node.4.cpu.0.retired = 575
stat.node.4.cpu.0.cycles = 3000000
stat.node.0.cpu.0.retired = 626
stat.node.0.cpu.0.cycles = 3000000
stat.node.7.cpu.0.retired = 654
stat.node.7.cpu.0.cycles = 3000000
stat.node.1.cpu.0.retired = 661
stat.node.1.cpu.0.cycles = 3000000
stat.node.6.cpu.0.retired = 614
stat.node.6.cpu.0.cycles = 3000000
stat.node.3.cpu.0.retired = 590
stat.node.3.cpu.0.cycles = 3000000
stat.node.2.cpu.0.retired = 609
stat.node.2.cpu.0.cycles = 3000000
stat.node.5.cpu.0.retired = 573
stat.node.5.cpu.0.cycles = 3000000
stat.node.4.cpu.0.retired = 811
stat.node.4.cpu.0.cycles = 4000000
stat.node.0.cpu.0.retired = 867
stat.node.0.cpu.0.cycles = 4000000
stat.node.7.cpu.0.retired = 894
stat.node.7.cpu.0.cycles = 4000000
stat.node.1.cpu.0.retired = 901
stat.node.1.cpu.0.cycles = 4000000
stat.node.6.cpu.0.retired = 853
stat.node.3.cpu.0.retired = 828
stat.node.3.cpu.0.cycles = 4000000
stat.node.2.cpu.0.retired = 848
stat.node.2.cpu.0.cycles = 4000000
stat.node.5.cpu.0.retired = 806
stat.node.5.cpu.0.cycles = 4000000
stat.node.6.cpu.0.cycles = 4000000
stat.node.0.cpu.0.retired = 1117
stat.node.0.cpu.0.cycles = 5000000
stat.node.7.cpu.0.retired = 1141
stat.node.7.cpu.0.cycles = 5000000
stat.node.1.cpu.0.retired = 1158
stat.node.1.cpu.0.cycles = 5000000
stat.node.5.cpu.0.retired = 1053
stat.node.5.cpu.0.cycles = 5000000
stat.node.3.cpu.0.retired = 1080
stat.node.3.cpu.0.cycles = 5000000
stat.node.6.cpu.0.retired = 1097
stat.node.6.cpu.0.cycles = 5000000
stat.node.2.cpu.0.retired = 1101
stat.node.2.cpu.0.cycles = 5000000
stat.node.4.cpu.0.retired = 1057
stat.node.4.cpu.0.cycles = 5000000
stat.node.0.cpu.0.retired = 1369
stat.node.0.cpu.0.cycles = 6000000
stat.node.7.cpu.0.retired = 1393
stat.node.7.cpu.0.cycles = 6000000
stat.node.1.cpu.0.retired = 1406
stat.node.1.cpu.0.cycles = 6000000
stat.node.5.cpu.0.retired = 1305
stat.node.5.cpu.0.cycles = 6000000
stat.node.4.cpu.0.retired = 1307
stat.node.4.cpu.0.cycles = 6000000
stat.node.6.cpu.0.retired = 1350
stat.node.6.cpu.0.cycles = 6000000
stat.node.2.cpu.0.retired = 1353
stat.node.2.cpu.0.cycles = 6000000
stat.node.3.cpu.0.retired = 1331
stat.node.3.cpu.0.cycles = 6000000
stat.node.1.cpu.0.load_issue_to_complete_count = 799
stat.node.1.cpu.0.avg_load_issue_to_complete_lat = 3957.73
stat.node.1.injector.phase_cycles = 3166941
stat.node.1.injector.request_bytes = 1073352
stat.node.1.injector.response_bytes = 660352
stat.node.1.injector.aggregate_bytes = 1733704
stat.node.1.injector.request_gbps = 6.50734
stat.node.1.injector.response_gbps = 4.00347
stat.node.1.injector.aggregate_gbps = 10.5108
stat.node.1.llc.cxl_miss = 800
stat.node.1.llc.total_miss = 800
stat.node.1.llc.avg_miss_lat = 3738.72
stat.node.1.llc.avg_cxl_lat = 3738.72
stat.node.1.llc.miss_lat_hist_bin_ns = 10
stat.node.1.llc.miss_lat_hist = [0,0,0,0,0,0,0,0,0,0,0,0,0,0,0,0,0,0,0,0,0,0,0,0,0,0,0,0,0,0,0,0,0,0,0,0,0,0,0,0,0,0,0,0,0,0,0,0,0,0,0,0,0,0,0,0,0,0,0,0,0,0,0,0,0,0,0,0,0,0,0,0,0,0,0,0,0,0,0,0,0,0,0,0,0,0,0,0,0,0,0,0,0,0,0,0,0,0,0,0,0,0,0,0,0,1,0,0,0,1,1,0,1,0,2,2,5,1,2,3,2,6,8,3,4,7,5,10,8,12,10,9,15,9,12,15,13,5,6,18,18,16,11,10,15,15,16,17,6,12,19,20,9,14,13,19,21,15,13,11,14,12,20,6,9,11,12,14,6,18,11,5,11,10,10,5,8,10,5,8,8,4,5,3,10,11,2,2,4,7,4,3,4,1,2,5,3,1,1,3,2,3,0,1,1,0,2,1,3,2,2,1,1,0,0,0,1,0,0,2,2,0,0,1,0,0,0,0,1]
stat.node.1.util.dram_avg = 3.55362e-06
stat.node.1.walltime_s = 850.419
stat.node.1.active_time_s = 101.052
stat.node.7.cpu.0.load_issue_to_complete_count = 799
stat.node.7.cpu.0.avg_load_issue_to_complete_lat = 3975.12
stat.node.7.injector.phase_cycles = 3181964
stat.node.7.injector.request_bytes = 1069816
stat.node.7.injector.response_bytes = 658240
stat.node.7.injector.aggregate_bytes = 1728056
stat.node.7.injector.request_gbps = 6.45528
stat.node.7.injector.response_gbps = 3.97183
stat.node.7.injector.aggregate_gbps = 10.4271
stat.node.7.llc.cxl_miss = 800
stat.node.7.llc.total_miss = 800
stat.node.7.llc.avg_miss_lat = 3754.42
stat.node.7.llc.avg_cxl_lat = 3754.42
stat.node.7.llc.miss_lat_hist_bin_ns = 10
stat.node.7.llc.miss_lat_hist = [0,0,0,0,0,0,0,0,0,0,0,0,0,0,0,0,0,0,0,0,0,0,0,0,0,0,0,0,0,0,0,0,0,0,0,0,0,0,0,0,0,0,0,0,0,0,0,0,0,0,0,0,0,0,0,0,0,0,0,0,0,0,0,0,0,0,0,0,0,0,0,0,0,0,0,0,0,0,0,0,0,0,0,0,0,0,0,0,0,0,0,0,0,0,0,0,0,0,0,0,0,0,0,0,0,0,0,0,0,0,1,1,0,2,0,2,3,0,3,4,3,3,4,7,8,6,7,7,12,7,9,9,7,16,12,7,14,8,8,15,23,10,16,12,10,17,15,13,11,13,21,20,16,12,15,18,22,11,7,10,15,11,21,14,13,12,11,12,14,19,6,5,6,6,4,13,9,8,8,8,8,7,5,3,4,7,2,1,0,4,7,5,3,0,2,3,3,3,4,4,4,2,0,0,4,3,2,0,1,2,1,1,1,1,1,1,1,0,1,2,0,0,1,1,0,0,0,0,0,1,0,0,0,0,0,0,0,0,0,0,0,1,0,0,0,0,0,0,0,0,0,0,0,0,0,0,0,0,0,0,0,0,0,0,0,0,1]
stat.node.7.util.dram_avg = 3.52654e-06
stat.node.7.walltime_s = 875.908
stat.node.7.active_time_s = 97.2521
stat.node.0.cpu.0.load_issue_to_complete_count = 799
stat.node.0.cpu.0.avg_load_issue_to_complete_lat = 3970.38
stat.node.0.injector.phase_cycles = 3176818
stat.node.0.injector.request_bytes = 1071616
stat.node.0.injector.response_bytes = 659392
stat.node.0.injector.aggregate_bytes = 1731008
stat.node.0.injector.request_gbps = 6.47662
stat.node.0.injector.response_gbps = 3.98522
stat.node.0.injector.aggregate_gbps = 10.4618
stat.node.0.llc.cxl_miss = 800
stat.node.0.llc.total_miss = 800
stat.node.0.llc.avg_miss_lat = 3748.43
stat.node.0.llc.avg_cxl_lat = 3748.43
stat.node.0.llc.miss_lat_hist_bin_ns = 10
stat.node.0.llc.miss_lat_hist = [0,0,0,0,0,0,0,0,0,0,0,0,0,0,0,0,0,0,0,0,0,0,0,0,0,0,0,0,0,0,0,0,0,0,0,0,0,0,0,0,0,0,0,0,0,0,0,0,0,0,0,0,0,0,0,0,0,0,0,0,0,0,0,0,0,0,0,0,0,0,0,0,0,0,0,0,0,0,0,0,0,0,0,0,0,0,0,0,0,0,0,0,0,0,0,0,0,0,0,0,0,0,0,0,0,0,0,0,0,0,0,1,0,3,0,1,2,3,3,2,1,6,5,1,4,8,4,4,7,9,10,8,8,4,7,25,16,14,6,23,16,18,15,6,14,21,19,17,7,18,23,15,22,14,11,21,20,16,9,12,14,11,8,9,8,11,13,12,5,18,8,4,10,9,4,15,4,6,10,12,8,4,6,5,3,9,4,4,7,4,4,2,3,4,7,2,3,4,4,2,1,3,1,0,1,0,2,0,0,3,1,1,2,0,1,0,1,0,0,0,0,1,0,0,1,0,1,0,1]
stat.node.0.util.dram_avg = 3.47219e-06
stat.node.0.walltime_s = 895.376
stat.node.0.active_time_s = 88.2929
stat.node.2.cpu.0.load_issue_to_complete_count = 799
stat.node.2.cpu.0.avg_load_issue_to_complete_lat = 3952.63
stat.node.2.injector.phase_cycles = 3162943
stat.node.2.injector.request_bytes = 1071480
stat.node.2.injector.response_bytes = 659392
stat.node.2.injector.aggregate_bytes = 1730872
stat.node.2.injector.request_gbps = 6.5042
stat.node.2.injector.response_gbps = 4.0027
stat.node.2.injector.aggregate_gbps = 10.5069
stat.node.2.llc.cxl_miss = 800
stat.node.2.llc.total_miss = 800
stat.node.2.llc.avg_miss_lat = 3733.66
stat.node.2.llc.avg_cxl_lat = 3733.66
stat.node.2.llc.miss_lat_hist_bin_ns = 10
stat.node.2.llc.miss_lat_hist = [0,0,0,0,0,0,0,0,0,0,0,0,0,0,0,0,0,0,0,0,0,0,0,0,0,0,0,0,0,0,0,0,0,0,0,0,0,0,0,0,0,0,0,0,0,0,0,0,0,0,0,0,0,0,0,0,0,0,0,0,0,0,0,0,0,0,0,0,0,0,0,0,0,0,0,0,0,0,0,0,0,0,0,0,0,0,0,0,0,0,0,0,0,0,0,0,0,0,0,0,0,0,0,0,0,0,0,0,0,0,0,0,0,3,0,1,1,2,3,1,5,4,2,6,6,4,10,7,10,5,9,11,4,12,10,20,14,12,9,21,14,21,19,6,11,22,20,21,11,17,20,16,11,7,14,17,17,13,15,13,11,12,17,10,10,9,12,7,11,10,13,9,7,12,4,5,8,7,7,10,12,4,5,8,7,9,4,4,4,4,7,3,2,2,5,4,4,2,1,5,4,0,0,1,1,1,1,1,1,0,1,1,1,1,0,1,0,0,0,0,0,0,0,0,1]
stat.node.2.util.dram_avg = 3.44482e-06
stat.node.2.walltime_s = 906.266
stat.node.2.active_time_s = 102.015
stat.node.6.cpu.0.load_issue_to_complete_count = 799
stat.node.6.cpu.0.avg_load_issue_to_complete_lat = 3994.27
stat.node.6.injector.phase_cycles = 3196021
stat.node.6.injector.request_bytes = 1066208
stat.node.6.injector.response_bytes = 656128
stat.node.6.injector.aggregate_bytes = 1722336
stat.node.6.injector.request_gbps = 6.40521
stat.node.6.injector.response_gbps = 3.94167
stat.node.6.injector.aggregate_gbps = 10.3469
stat.node.6.llc.cxl_miss = 800
stat.node.6.llc.total_miss = 800
stat.node.6.llc.avg_miss_lat = 3766.68
stat.node.6.llc.avg_cxl_lat = 3766.68
stat.node.6.llc.miss_lat_hist_bin_ns = 10
stat.node.6.llc.miss_lat_hist = [0,0,0,0,0,0,0,0,0,0,0,0,0,0,0,0,0,0,0,0,0,0,0,0,0,0,0,0,0,0,0,0,0,0,0,0,0,0,0,0,0,0,0,0,0,0,0,0,0,0,0,0,0,0,0,0,0,0,0,0,0,0,0,0,0,0,0,0,0,0,0,0,0,0,0,0,0,0,0,0,0,0,0,0,0,0,0,0,0,0,0,0,0,0,0,0,0,0,0,0,0,0,0,0,0,0,0,0,0,0,0,1,1,1,0,0,2,2,4,1,3,4,2,5,5,2,8,3,5,4,15,9,9,5,14,15,9,7,11,16,23,24,13,9,10,25,21,13,13,19,27,20,12,17,12,22,19,11,11,11,13,10,9,15,13,10,6,6,11,6,16,9,3,8,7,14,6,8,9,5,12,3,3,6,6,7,6,2,7,6,5,4,0,4,3,4,2,1,3,5,2,3,3,2,2,0,1,4,2,0,3,0,0,0,0,0,2,2,1,1,0,0,1,0,1,0,0,0,0,0,1,0,0,1]
stat.node.6.util.dram_avg = 3.43771e-06
stat.node.6.walltime_s = 913.442
stat.node.6.active_time_s = 97.0691
stat.node.6.cpu.0.retired = 1604
stat.node.6.cpu.0.cycles = 7000000
stat.node.2.cpu.0.retired = 1608
stat.node.2.cpu.0.cycles = 7000000
stat.node.0.cpu.0.retired = 1623
stat.node.0.cpu.0.cycles = 7000000
stat.node.5.cpu.0.retired = 1560
stat.node.5.cpu.0.cycles = 7000000
stat.node.7.cpu.0.retired = 1649
stat.node.7.cpu.0.cycles = 7000000
stat.node.1.cpu.0.retired = 1663
stat.node.3.cpu.0.retired = 1583
stat.node.3.cpu.0.cycles = 7000000
stat.node.4.cpu.0.retired = 1560
stat.node.4.cpu.0.cycles = 7000000
stat.node.1.cpu.0.cycles = 7000000
stat.node.3.cpu.0.load_issue_to_complete_count = 799
stat.node.3.cpu.0.avg_load_issue_to_complete_lat = 3965.03
stat.node.3.injector.phase_cycles = 3172150
stat.node.3.injector.request_bytes = 1073424
stat.node.3.injector.response_bytes = 660608
stat.node.3.injector.aggregate_bytes = 1734032
stat.node.3.injector.request_gbps = 6.49709
stat.node.3.injector.response_gbps = 3.99845
stat.node.3.injector.aggregate_gbps = 10.4955
stat.node.3.llc.cxl_miss = 800
stat.node.3.llc.total_miss = 800
stat.node.3.llc.avg_miss_lat = 3737.6
stat.node.3.llc.avg_cxl_lat = 3737.6
stat.node.3.llc.miss_lat_hist_bin_ns = 10
stat.node.3.llc.miss_lat_hist = [0,0,0,0,0,0,0,0,0,0,0,0,0,0,0,0,0,0,0,0,0,0,0,0,0,0,0,0,0,0,0,0,0,0,0,0,0,0,0,0,0,0,0,0,0,0,0,0,0,0,0,0,0,0,0,0,0,0,0,0,0,0,0,0,0,0,0,0,0,0,0,0,0,0,0,0,0,0,0,0,0,0,0,0,0,0,0,0,0,0,0,0,0,0,0,0,0,0,0,0,0,0,0,0,0,0,0,0,2,1,1,2,1,1,0,0,2,0,3,5,2,3,3,2,5,11,8,4,11,4,3,8,7,14,10,8,14,11,13,13,17,29,13,9,10,23,22,12,13,15,24,22,16,11,17,17,14,14,15,10,15,20,19,6,17,18,7,13,9,8,9,7,3,6,8,4,8,4,11,8,0,3,5,12,9,3,4,5,6,6,7,1,1,1,6,4,1,0,6,4,2,0,1,2,2,1,2,1,2,1,1,1,0,0,0,1,0,0,0,0,0,1,0,0,0,0,0,0,0,0,0,0,1,0,0,0,1,0,0,0,0,0,0,0,0,0,0,0,0,0,0,0,0,0,0,1]
stat.node.3.util.dram_avg = 3.39899e-06
stat.node.3.walltime_s = 929.384
stat.node.3.active_time_s = 103.679
stat.node.5.cpu.0.load_issue_to_complete_count = 799
stat.node.5.cpu.0.avg_load_issue_to_complete_lat = 3978.09
stat.node.5.injector.phase_cycles = 3184005
stat.node.5.injector.request_bytes = 1069608
stat.node.5.injector.response_bytes = 658240
stat.node.5.injector.aggregate_bytes = 1727848
stat.node.5.injector.request_gbps = 6.44989
stat.node.5.injector.response_gbps = 3.96928
stat.node.5.injector.aggregate_gbps = 10.4192
stat.node.5.llc.cxl_miss = 800
stat.node.5.llc.total_miss = 800
stat.node.5.llc.avg_miss_lat = 3757.01
stat.node.5.llc.avg_cxl_lat = 3757.01
stat.node.5.llc.miss_lat_hist_bin_ns = 10
stat.node.5.llc.miss_lat_hist = [0,0,0,0,0,0,0,0,0,0,0,0,0,0,0,0,0,0,0,0,0,0,0,0,0,0,0,0,0,0,0,0,0,0,0,0,0,0,0,0,0,0,0,0,0,0,0,0,0,0,0,0,0,0,0,0,0,0,0,0,0,0,0,0,0,0,0,0,0,0,0,0,0,0,0,0,0,0,0,0,0,0,0,0,0,0,0,0,0,0,0,0,0,0,0,0,0,0,0,0,0,0,0,0,0,0,0,0,0,0,1,0,2,0,0,0,2,1,3,3,4,6,4,9,9,7,6,6,9,5,7,5,5,8,11,10,13,13,10,14,23,17,12,8,7,21,21,12,10,16,20,20,13,15,16,25,13,13,9,9,13,17,9,10,17,13,15,12,13,14,12,9,9,8,6,9,8,5,6,13,9,4,6,7,8,7,7,3,5,3,4,0,2,1,3,6,2,4,2,3,1,1,3,0,1,2,0,0,1,2,1,0,1,1,2,2,0,0,1,0,0,0,1,0,0,1,0,0,0,0,0,0,1,1]
stat.node.5.util.dram_avg = 3.35374e-06
stat.node.5.walltime_s = 948.029
stat.node.5.active_time_s = 116.134
stat.node.4.cpu.0.load_issue_to_complete_count = 799
stat.node.4.cpu.0.avg_load_issue_to_complete_lat = 4005.32
stat.node.4.injector.phase_cycles = 3205632
stat.node.4.injector.request_bytes = 1070368
stat.node.4.injector.response_bytes = 658752
stat.node.4.injector.aggregate_bytes = 1729120
stat.node.4.injector.request_gbps = 6.41092
stat.node.4.injector.response_gbps = 3.94557
stat.node.4.injector.aggregate_gbps = 10.3565
stat.node.4.llc.cxl_miss = 800
stat.node.4.llc.total_miss = 800
stat.node.4.llc.avg_miss_lat = 3781.6
stat.node.4.llc.avg_cxl_lat = 3781.6
stat.node.4.llc.miss_lat_hist_bin_ns = 10
stat.node.4.llc.miss_lat_hist = [0,0,0,0,0,0,0,0,0,0,0,0,0,0,0,0,0,0,0,0,0,0,0,0,0,0,0,0,0,0,0,0,0,0,0,0,0,0,0,0,0,0,0,0,0,0,0,0,0,0,0,0,0,0,0,0,0,0,0,0,0,0,0,0,0,0,0,0,0,0,0,0,0,0,0,0,0,0,0,0,0,0,0,0,0,0,0,0,0,0,0,0,0,0,0,0,0,0,0,0,0,0,0,0,0,0,0,0,0,0,0,1,0,1,1,1,0,2,1,4,1,7,4,4,8,7,4,6,3,9,9,13,7,6,10,11,14,19,17,13,20,19,15,7,17,17,15,15,15,7,15,14,11,11,10,15,18,10,13,13,10,15,12,10,14,16,14,16,13,11,11,8,9,6,8,9,5,7,7,11,7,7,4,3,10,7,2,1,3,8,4,6,5,5,6,1,2,4,5,3,4,1,3,1,4,3,1,0,1,3,1,1,3,1,1,1,2,0,0,2,0,1,1]
stat.node.4.util.dram_avg = 3.35277e-06
stat.node.4.walltime_s = 948.191
stat.node.4.active_time_s = 102.027
stat.pool.102.util.mem_avg = 0.192668
stat.pool.102.util.req_link_avg = 0.999931
stat.pool.102.walltime_s = 948.191
stat.pool.102.active_time_s = 2.88167
stat.pool.101.util.mem_avg = 0.192667
stat.pool.101.util.req_link_avg = 0.999931
stat.pool.101.walltime_s = 948.191
stat.pool.101.active_time_s = 2.87654
stat.pool.100.util.mem_avg = 0.192669
stat.pool.100.util.req_link_avg = 0.999932
stat.pool.100.walltime_s = 948.191
stat.pool.100.active_time_s = 3.1815
stat.switch.replicated_messages = 833907
stat.switch.util.node_ingress_avg = 0.13232
stat.switch.util.pool_ingress_avg = 0.233441
stat.switch.bw.host_to_switch_gbps = 6.50395
stat.switch.bw.switch_to_host_gbps = 4.30279
stat.switch.bw.host_link_total_gbps = 10.8067
stat.switch.walltime_s = 948.191
stat.switch.active_time_s = 14.6406
Simulation is complete, simulated time: 2.98499 ms
