stat.node.0.cpu.0.retired = 145
stat.node.0.cpu.0.cycles = 1000000
stat.node.1.cpu.0.retired = 144
stat.node.1.cpu.0.cycles = 1000000
stat.node.2.cpu.0.retired = 146
stat.node.2.cpu.0.cycles = 1000000
stat.node.3.cpu.0.retired = 147
stat.node.3.cpu.0.cycles = 1000000
stat.node.4.cpu.0.retired = 145
stat.node.4.cpu.0.cycles = 1000000
stat.node.5.cpu.0.retired = 144
stat.node.5.cpu.0.cycles = 1000000
stat.node.6.cpu.0.retired = 146
stat.node.6.cpu.0.cycles = 1000000
stat.node.7.cpu.0.retired = 147
stat.node.7.cpu.0.cycles = 1000000
stat.node.4.cpu.0.retired = 331
stat.node.4.cpu.0.cycles = 2000000
stat.node.5.cpu.0.retired = 332
stat.node.5.cpu.0.cycles = 2000000
stat.node.6.cpu.0.retired = 331
stat.node.7.cpu.0.retired = 328
stat.node.7.cpu.0.cycles = 2000000
stat.node.0.cpu.0.retired = 329
stat.node.0.cpu.0.cycles = 2000000
stat.node.1.cpu.0.retired = 332
stat.node.1.cpu.0.cycles = 2000000
stat.node.2.cpu.0.retired = 333
stat.node.2.cpu.0.cycles = 2000000
stat.node.3.cpu.0.retired = 336
stat.node.3.cpu.0.cycles = 2000000
stat.node.6.cpu.0.cycles = 2000000
stat.node.0.cpu.0.retired = 553
stat.node.0.cpu.0.cycles = 3000000
stat.node.1.cpu.0.retired = 554
stat.node.1.cpu.0.cycles = 3000000
stat.node.2.cpu.0.retired = 557
stat.node.2.cpu.0.cycles = 3000000
stat.node.3.cpu.0.retired = 561
stat.node.3.cpu.0.cycles = 3000000
stat.node.4.cpu.0.retired = 557
stat.node.4.cpu.0.cycles = 3000000
stat.node.5.cpu.0.retired = 557
stat.node.6.cpu.0.retired = 555
stat.node.6.cpu.0.cycles = 3000000
stat.node.7.cpu.0.retired = 551
stat.node.7.cpu.0.cycles = 3000000
stat.node.5.cpu.0.cycles = 3000000
stat.node.1.cpu.0.retired = 791
stat.node.1.cpu.0.cycles = 4000000
stat.node.2.cpu.0.retired = 796
stat.node.3.cpu.0.retired = 798
stat.node.3.cpu.0.cycles = 4000000
stat.node.4.cpu.0.retired = 796
stat.node.4.cpu.0.cycles = 4000000
stat.node.5.cpu.0.retired = 794
stat.node.5.cpu.0.cycles = 4000000
stat.node.6.cpu.0.retired = 792
stat.node.6.cpu.0.cycles = 4000000
stat.node.7.cpu.0.retired = 787
stat.node.7.cpu.0.cycles = 4000000
stat.node.0.cpu.0.retired = 789
stat.node.0.cpu.0.cycles = 4000000
stat.node.2.cpu.0.cycles = 4000000
stat.node.1.cpu.0.retired = 1048
stat.node.1.cpu.0.cycles = 5000000
stat.node.0.cpu.0.retired = 1044
stat.node.0.cpu.0.cycles = 5000000
stat.node.3.cpu.0.retired = 1053
stat.node.3.cpu.0.cycles = 5000000
stat.node.2.cpu.0.retired = 1052
stat.node.2.cpu.0.cycles = 5000000
stat.node.5.cpu.0.retired = 1046
stat.node.5.cpu.0.cycles = 5000000
stat.node.6.cpu.0.retired = 1044
stat.node.6.cpu.0.cycles = 5000000
stat.node.7.cpu.0.retired = 1041
stat.node.7.cpu.0.cycles = 5000000
stat.node.4.cpu.0.retired = 1050
stat.node.4.cpu.0.cycles = 5000000
stat.node.6.cpu.0.retired = 1299
stat.node.6.cpu.0.cycles = 6000000
stat.node.7.cpu.0.retired = 1296
stat.node.7.cpu.0.cycles = 6000000
stat.node.3.cpu.0.retired = 1304
stat.node.1.cpu.0.retired = 1302
stat.node.1.cpu.0.cycles = 6000000
stat.node.0.cpu.0.retired = 1296
stat.node.0.cpu.0.cycles = 6000000
stat.node.4.cpu.0.retired = 1304
stat.node.4.cpu.0.cycles = 6000000
stat.node.2.cpu.0.retired = 1305
stat.node.2.cpu.0.cycles = 6000000
stat.node.5.cpu.0.retired = 1297
stat.node.5.cpu.0.cycles = 6000000
stat.node.3.cpu.0.cycles = 6000000
stat.node.4.cpu.0.retired = 1556
stat.node.4.cpu.0.cycles = 7000000
stat.node.2.cpu.0.retired = 1566
stat.node.2.cpu.0.cycles = 7000000
stat.node.0.cpu.0.retired = 1555
stat.node.0.cpu.0.cycles = 7000000
stat.node.6.cpu.0.retired = 1554
stat.node.6.cpu.0.cycles = 7000000
stat.node.7.cpu.0.retired = 1550
stat.node.7.cpu.0.cycles = 7000000
stat.node.5.cpu.0.retired = 1553
stat.node.5.cpu.0.cycles = 7000000
stat.node.1.cpu.0.retired = 1563
stat.node.1.cpu.0.cycles = 7000000
stat.node.3.cpu.0.retired = 1561
stat.node.3.cpu.0.cycles = 7000000
stat.node.2.cpu.0.load_issue_to_complete_count = 799
stat.node.2.cpu.0.avg_load_issue_to_complete_lat = 3894.83
stat.node.2.injector.phase_cycles = 3117641
stat.node.2.injector.request_bytes = 1043328
stat.node.2.injector.response_bytes = 424448
stat.node.2.injector.aggregate_bytes = 1467776
stat.node.2.injector.request_gbps = 6.42534
stat.node.2.injector.response_gbps = 2.61396
stat.node.2.injector.aggregate_gbps = 9.0393
stat.node.2.llc.cxl_miss = 800
stat.node.2.llc.total_miss = 800
stat.node.2.llc.avg_miss_lat = 3676.64
stat.node.2.llc.avg_cxl_lat = 3676.64
stat.node.2.llc.miss_lat_hist_bin_ns = 10
stat.node.2.llc.miss_lat_hist = [0,0,0,0,0,0,0,0,0,0,0,0,0,0,0,0,0,0,0,0,0,0,0,0,0,0,0,0,0,0,0,0,0,0,0,0,0,0,0,0,0,0,0,0,0,0,0,0,0,0,0,0,0,0,0,0,0,0,0,0,0,0,0,0,0,0,0,0,0,0,0,0,0,0,0,0,0,0,0,0,0,0,0,0,0,0,0,0,0,0,0,0,0,0,0,0,0,0,0,0,0,1,0,0,0,0,0,0,0,3,0,2,0,0,1,0,4,2,1,0,3,3,6,2,5,5,4,10,10,10,13,13,12,11,19,17,15,16,11,12,9,16,16,9,15,18,15,23,15,13,15,20,26,20,15,16,12,17,20,17,15,11,12,18,13,12,8,14,5,9,11,5,12,12,4,6,10,7,7,6,3,2,1,3,4,3,4,3,5,0,4,2,2,2,3,3,1,1,4,1,3,0,3,0,0,0,2,0,2,1,0,0,1,0,0,0,0,0,0,1,0,0,0,1]
stat.node.2.util.dram_avg = 3.3651e-06
stat.node.2.walltime_s = 470.946
stat.node.2.active_time_s = 90.6594
stat.node.1.cpu.0.load_issue_to_complete_count = 799
stat.node.1.cpu.0.avg_load_issue_to_complete_lat = 3890.04
stat.node.1.injector.phase_cycles = 3112797
stat.node.1.injector.request_bytes = 1043520
stat.node.1.injector.response_bytes = 424512
stat.node.1.injector.aggregate_bytes = 1468032
stat.node.1.injector.request_gbps = 6.43652
stat.node.1.injector.response_gbps = 2.61843
stat.node.1.injector.aggregate_gbps = 9.05495
stat.node.1.llc.cxl_miss = 800
stat.node.1.llc.total_miss = 800
stat.node.1.llc.avg_miss_lat = 3668.57
stat.node.1.llc.avg_cxl_lat = 3668.57
stat.node.1.llc.miss_lat_hist_bin_ns = 10
stat.node.1.llc.miss_lat_hist = [0,0,0,0,0,0,0,0,0,0,0,0,0,0,0,0,0,0,0,0,0,0,0,0,0,0,0,0,0,0,0,0,0,0,0,0,0,0,0,0,0,0,0,0,0,0,0,0,0,0,0,0,0,0,0,0,0,0,0,0,0,0,0,0,0,0,0,0,0,0,0,0,0,0,0,0,0,0,0,0,0,0,0,0,0,0,0,0,0,0,0,0,0,0,0,0,0,0,0,0,0,0,0,0,0,0,0,0,0,0,0,1,3,0,0,2,1,1,6,3,5,3,4,8,2,6,8,5,6,13,10,12,16,14,14,15,16,19,11,18,17,18,16,19,16,15,13,12,16,20,17,18,16,12,13,22,12,16,14,13,10,14,22,10,8,9,9,11,7,7,6,10,12,7,7,11,5,9,6,7,2,6,11,3,5,4,5,7,2,4,1,2,4,2,0,2,0,0,2,2,0,1,0,2,0,1,1,1,1,0,1,0,1,1,0,1,0,0,0,0,0,0,0,0,0,0,0,1]
stat.node.1.util.dram_avg = 3.35989e-06
stat.node.1.walltime_s = 471.458
stat.node.1.active_time_s = 92.9519
stat.node.3.cpu.0.load_issue_to_complete_count = 799
stat.node.3.cpu.0.avg_load_issue_to_complete_lat = 3931.52
stat.node.3.injector.phase_cycles = 3147087
stat.node.3.injector.request_bytes = 1040624
stat.node.3.injector.response_bytes = 423296
stat.node.3.injector.aggregate_bytes = 1463920
stat.node.3.injector.request_gbps = 6.34872
stat.node.3.injector.response_gbps = 2.58248
stat.node.3.injector.aggregate_gbps = 8.9312
stat.node.3.llc.cxl_miss = 800
stat.node.3.llc.total_miss = 800
stat.node.3.llc.avg_miss_lat = 3713.15
stat.node.3.llc.avg_cxl_lat = 3713.15
stat.node.3.llc.miss_lat_hist_bin_ns = 10
stat.node.3.llc.miss_lat_hist = [0,0,0,0,0,0,0,0,0,0,0,0,0,0,0,0,0,0,0,0,0,0,0,0,0,0,0,0,0,0,0,0,0,0,0,0,0,0,0,0,0,0,0,0,0,0,0,0,0,0,0,0,0,0,0,0,0,0,0,0,0,0,0,0,0,0,0,0,0,0,0,0,0,0,0,0,0,0,0,0,0,0,0,0,0,0,0,0,0,0,0,0,0,0,0,0,0,0,0,0,0,0,0,0,0,0,0,0,0,0,0,0,1,1,1,0,2,2,2,2,2,6,3,5,5,8,9,8,13,7,7,12,7,11,5,11,10,5,12,16,5,12,17,19,14,12,17,11,21,17,19,24,21,15,19,23,19,15,21,23,10,13,17,11,10,15,19,11,15,12,9,11,7,13,8,5,8,8,2,6,4,5,3,5,2,5,5,7,1,4,4,1,1,3,0,3,2,1,1,1,2,5,0,3,0,1,1,0,0,0,0,1,0,0,0,0,0,0,2]
stat.node.3.util.dram_avg = 3.35579e-06
stat.node.3.walltime_s = 471.883
stat.node.3.active_time_s = 110.424
stat.node.4.cpu.0.load_issue_to_complete_count = 799
stat.node.4.cpu.0.avg_load_issue_to_complete_lat = 3941.27
stat.node.4.injector.phase_cycles = 3153168
stat.node.4.injector.request_bytes = 1044200
stat.node.4.injector.response_bytes = 424768
stat.node.4.injector.aggregate_bytes = 1468968
stat.node.4.injector.request_gbps = 6.35825
stat.node.4.injector.response_gbps = 2.58646
stat.node.4.injector.aggregate_gbps = 8.94471
stat.node.4.llc.cxl_miss = 800
stat.node.4.llc.total_miss = 800
stat.node.4.llc.avg_miss_lat = 3719.47
stat.node.4.llc.avg_cxl_lat = 3719.47
stat.node.4.llc.miss_lat_hist_bin_ns = 10
stat.node.4.llc.miss_lat_hist = [0,0,0,0,0,0,0,0,0,0,0,0,0,0,0,0,0,0,0,0,0,0,0,0,0,0,0,0,0,0,0,0,0,0,0,0,0,0,0,0,0,0,0,0,0,0,0,0,0,0,0,0,0,0,0,0,0,0,0,0,0,0,0,0,0,0,0,0,0,0,0,0,0,0,0,0,0,0,0,0,0,0,0,0,0,0,0,0,0,0,0,0,0,0,0,0,0,0,0,0,0,0,0,1,0,0,0,0,1,2,1,1,0,1,0,1,0,1,5,2,2,4,4,2,5,3,8,6,7,5,12,10,7,12,19,11,20,13,14,11,13,9,12,19,16,21,20,10,19,26,16,20,14,20,14,24,20,10,16,11,8,15,10,11,20,7,11,10,10,12,10,11,3,10,6,6,7,6,10,3,5,7,4,4,3,5,6,3,6,6,0,4,2,2,3,3,3,2,1,2,0,2,0,0,1,0,3,2,0,1,1,1,0,1,1,0,0,0,0,1,1,0,0,2,0,1,1,1,0,0,0,1,0,0,0,0,0,0,1]
stat.node.4.util.dram_avg = 3.34979e-06
stat.node.4.walltime_s = 472.432
stat.node.4.active_time_s = 85.7994
stat.node.6.cpu.0.load_issue_to_complete_count = 799
stat.node.6.cpu.0.avg_load_issue_to_complete_lat = 3926.25
stat.node.6.injector.phase_cycles = 3142414
stat.node.6.injector.request_bytes = 1042104
stat.node.6.injector.response_bytes = 424000
stat.node.6.injector.aggregate_bytes = 1466104
stat.node.6.injector.request_gbps = 6.36721
stat.node.6.injector.response_gbps = 2.59062
stat.node.6.injector.aggregate_gbps = 8.95783
stat.node.6.llc.cxl_miss = 800
stat.node.6.llc.total_miss = 800
stat.node.6.llc.avg_miss_lat = 3707.62
stat.node.6.llc.avg_cxl_lat = 3707.62
stat.node.6.llc.miss_lat_hist_bin_ns = 10
stat.node.6.llc.miss_lat_hist = [0,0,0,0,0,0,0,0,0,0,0,0,0,0,0,0,0,0,0,0,0,0,0,0,0,0,0,0,0,0,0,0,0,0,0,0,0,0,0,0,0,0,0,0,0,0,0,0,0,0,0,0,0,0,0,0,0,0,0,0,0,0,0,0,0,0,0,0,0,0,0,0,0,0,0,0,0,0,0,0,0,0,0,0,0,0,0,0,0,0,0,0,0,0,0,0,0,0,0,0,0,0,0,0,0,1,0,0,0,1,1,1,0,1,2,2,2,5,3,3,5,3,9,7,4,6,6,6,3,6,9,10,11,8,7,9,8,7,16,20,17,17,12,18,18,17,14,20,14,16,21,18,15,17,18,24,15,11,22,10,13,13,8,12,12,15,10,8,12,6,13,9,12,7,10,11,6,5,9,7,6,8,8,5,5,3,4,2,5,0,3,3,3,5,1,1,3,1,0,1,3,1,0,1,3,5,0,1,0,2,0,0,0,2,0,0,0,0,0,0,0,0,0,0,0,0,0,0,0,0,0,1]
stat.node.6.util.dram_avg = 3.34655e-06
stat.node.6.walltime_s = 472.588
stat.node.6.active_time_s = 86.2711
stat.node.0.cpu.0.load_issue_to_complete_count = 799
stat.node.0.cpu.0.avg_load_issue_to_complete_lat = 3916.33
stat.node.0.injector.phase_cycles = 3134057
stat.node.0.injector.request_bytes = 1038600
stat.node.0.injector.response_bytes = 422528
stat.node.0.injector.aggregate_bytes = 1461128
stat.node.0.injector.request_gbps = 6.36272
stat.node.0.injector.response_gbps = 2.58851
stat.node.0.injector.aggregate_gbps = 8.95123
stat.node.0.llc.cxl_miss = 800
stat.node.0.llc.total_miss = 800
stat.node.0.llc.avg_miss_lat = 3694.94
stat.node.0.llc.avg_cxl_lat = 3694.94
stat.node.0.llc.miss_lat_hist_bin_ns = 10
stat.node.0.llc.miss_lat_hist = [0,0,0,0,0,0,0,0,0,0,0,0,0,0,0,0,0,0,0,0,0,0,0,0,0,0,0,0,0,0,0,0,0,0,0,0,0,0,0,0,0,0,0,0,0,0,0,0,0,0,0,0,0,0,0,0,0,0,0,0,0,0,0,0,0,0,0,0,0,0,0,0,0,0,0,0,0,0,0,0,0,0,0,0,0,0,0,0,0,0,0,0,0,0,0,0,0,0,0,0,1,0,0,0,0,0,0,0,0,1,1,1,0,3,1,3,2,3,2,3,2,3,2,7,6,9,10,10,6,3,7,4,12,8,15,11,14,12,12,16,19,17,16,23,14,16,22,11,13,17,16,17,19,12,14,18,14,13,21,17,15,13,14,18,11,10,15,13,11,7,10,10,3,11,7,4,11,6,6,5,4,4,7,5,2,7,2,3,5,5,1,2,2,6,2,4,2,2,1,2,1,2,0,1,1,1,1,0,1,0,1,0,0,0,0,0,1,0,0,0,0,1,0,1,0,0,0,0,0,0,0,0,0,0,0,0,0,0,0,0,0,0,1]
stat.node.0.util.dram_avg = 3.34547e-06
stat.node.0.walltime_s = 472.756
stat.node.0.active_time_s = 99.2095
stat.node.5.cpu.0.load_issue_to_complete_count = 799
stat.node.5.cpu.0.avg_load_issue_to_complete_lat = 3948.16
stat.node.5.injector.phase_cycles = 3158501
stat.node.5.injector.request_bytes = 1042584
stat.node.5.injector.response_bytes = 424064
stat.node.5.injector.aggregate_bytes = 1466648
stat.node.5.injector.request_gbps = 6.33769
stat.node.5.injector.response_gbps = 2.57781
stat.node.5.injector.aggregate_gbps = 8.91551
stat.node.5.llc.cxl_miss = 800
stat.node.5.llc.total_miss = 800
stat.node.5.llc.avg_miss_lat = 3725.21
stat.node.5.llc.avg_cxl_lat = 3725.21
stat.node.5.llc.miss_lat_hist_bin_ns = 10
stat.node.5.llc.miss_lat_hist = [0,0,0,0,0,0,0,0,0,0,0,0,0,0,0,0,0,0,0,0,0,0,0,0,0,0,0,0,0,0,0,0,0,0,0,0,0,0,0,0,0,0,0,0,0,0,0,0,0,0,0,0,0,0,0,0,0,0,0,0,0,0,0,0,0,0,0,0,0,0,0,0,0,0,0,0,0,0,0,0,0,0,0,0,0,0,0,0,0,0,0,0,0,0,0,0,0,0,0,0,0,0,0,0,0,0,0,1,0,1,1,3,2,1,0,3,0,1,2,2,4,3,3,7,2,3,6,9,9,11,10,7,10,11,10,8,10,13,18,22,16,12,15,9,8,24,16,16,22,11,22,9,13,14,12,16,21,16,17,14,17,17,19,14,11,12,9,6,12,13,5,6,6,10,6,12,13,11,6,12,3,5,1,3,4,8,6,4,4,3,2,2,5,4,3,4,1,2,1,3,3,2,1,1,0,3,1,1,1,0,1,0,0,0,2,0,1,1,0,0,0,0,0,0,0,0,0,0,0,0,0,0,0,0,1]
stat.node.5.util.dram_avg = 3.3431e-06
stat.node.5.walltime_s = 473.062
stat.node.5.active_time_s = 91.5514
stat.node.7.cpu.0.load_issue_to_complete_count = 799
stat.node.7.cpu.0.avg_load_issue_to_complete_lat = 3931.92
stat.node.7.injector.phase_cycles = 3145629
stat.node.7.injector.request_bytes = 1044872
stat.node.7.injector.response_bytes = 425024
stat.node.7.injector.aggregate_bytes = 1469896
stat.node.7.injector.request_gbps = 6.37759
stat.node.7.injector.response_gbps = 2.59422
stat.node.7.injector.aggregate_gbps = 8.97182
stat.node.7.llc.cxl_miss = 800
stat.node.7.llc.total_miss = 800
stat.node.7.llc.avg_miss_lat = 3710.1
stat.node.7.llc.avg_cxl_lat = 3710.1
stat.node.7.llc.miss_lat_hist_bin_ns = 10
stat.node.7.llc.miss_lat_hist = [0,0,0,0,0,0,0,0,0,0,0,0,0,0,0,0,0,0,0,0,0,0,0,0,0,0,0,0,0,0,0,0,0,0,0,0,0,0,0,0,0,0,0,0,0,0,0,0,0,0,0,0,0,0,0,0,0,0,0,0,0,0,0,0,0,0,0,0,0,0,0,0,0,0,0,0,0,0,0,0,0,0,0,0,0,0,0,0,0,0,0,0,0,0,0,0,0,0,0,0,0,0,0,0,0,0,0,0,0,0,0,1,0,1,0,2,1,2,3,2,4,3,5,6,4,6,8,3,11,14,5,11,15,7,12,13,16,16,16,10,17,19,10,9,20,16,13,19,21,12,13,19,12,18,21,14,14,13,14,16,12,18,11,6,19,10,13,8,9,10,10,12,5,16,12,13,9,6,10,5,7,8,2,6,4,7,3,1,9,1,0,2,0,4,3,0,1,0,0,0,3,2,0,2,1,1,0,2,1,0,1,2,1,0,0,0,1,1,0,0,1,0,0,0,0,1,0,1]
stat.node.7.util.dram_avg = 3.33606e-06
stat.node.7.walltime_s = 473.891
stat.node.7.active_time_s = 88.6592
stat.pool.103.util.mem_avg = 0.176578
stat.pool.103.util.req_link_avg = 0.999934
stat.pool.103.walltime_s = 473.891
stat.pool.103.active_time_s = 2.4566
stat.pool.102.util.mem_avg = 0.176576
stat.pool.102.util.req_link_avg = 0.999932
stat.pool.102.walltime_s = 473.891
stat.pool.102.active_time_s = 2.38301
stat.pool.101.util.mem_avg = 0.176576
stat.pool.101.util.req_link_avg = 0.999933
stat.pool.101.walltime_s = 473.891
stat.pool.101.active_time_s = 2.48522
stat.pool.100.util.mem_avg = 0.176577
stat.pool.100.util.req_link_avg = 0.999933
stat.pool.100.walltime_s = 473.891
stat.pool.100.active_time_s = 2.60464
stat.switch.replicated_messages = 1133988
stat.switch.util.node_ingress_avg = 0.130579
stat.switch.util.pool_ingress_avg = 0.118501
stat.switch.bw.host_to_switch_gbps = 6.41838
stat.switch.bw.switch_to_host_gbps = 2.91227
stat.switch.bw.host_link_total_gbps = 9.33065
stat.switch.walltime_s = 473.891
stat.switch.active_time_s = 13.6861
Simulation is complete, simulated time: 2.99994 ms
