stat.node.4.cpu.0.retired = 782
stat.node.4.cpu.0.cycles = 1000000
stat.node.5.cpu.0.retired = 781
stat.node.6.cpu.0.retired = 781
stat.node.6.cpu.0.cycles = 1000000
stat.node.7.cpu.0.retired = 781
stat.node.7.cpu.0.cycles = 1000000
stat.node.0.cpu.0.retired = 781
stat.node.0.cpu.0.cycles = 1000000
stat.node.1.cpu.0.retired = 780
stat.node.1.cpu.0.cycles = 1000000
stat.node.2.cpu.0.retired = 780
stat.node.2.cpu.0.cycles = 1000000
stat.node.3.cpu.0.retired = 779
stat.node.3.cpu.0.cycles = 1000000
stat.node.5.cpu.0.cycles = 1000000
stat.node.4.cpu.0.load_issue_to_complete_count = 799
stat.node.4.cpu.0.avg_load_issue_to_complete_lat = 980.867
stat.node.4.injector.phase_cycles = 785676
stat.node.4.injector.request_bytes = 156256
stat.node.4.injector.response_bytes = 197440
stat.node.4.injector.aggregate_bytes = 353696
stat.node.4.injector.request_gbps = 3.81851
stat.node.4.injector.response_gbps = 4.82495
stat.node.4.injector.aggregate_gbps = 8.64347
stat.node.4.llc.cxl_miss = 800
stat.node.4.llc.total_miss = 800
stat.node.4.llc.avg_miss_lat = 805.221
stat.node.4.llc.avg_cxl_lat = 805.221
stat.node.4.llc.miss_lat_hist_bin_ns = 10
stat.node.4.llc.miss_lat_hist = [0,0,0,0,0,0,0,0,0,0,0,0,0,0,0,0,0,0,0,0,0,0,0,0,0,0,0,0,0,1,55,257,177,77,21,20,24,51,57,47,13]
stat.node.4.util.dram_avg = 1.33149e-05
stat.node.4.walltime_s = 266.196
stat.node.4.active_time_s = 27.4239
stat.node.5.cpu.0.load_issue_to_complete_count = 799
stat.node.5.cpu.0.avg_load_issue_to_complete_lat = 981.859
stat.node.5.injector.phase_cycles = 786468
stat.node.5.injector.request_bytes = 156408
stat.node.5.injector.response_bytes = 197632
stat.node.5.injector.aggregate_bytes = 354040
stat.node.5.injector.request_gbps = 3.81838
stat.node.5.injector.response_gbps = 4.82478
stat.node.5.injector.aggregate_gbps = 8.64316
stat.node.5.llc.cxl_miss = 800
stat.node.5.llc.total_miss = 800
stat.node.5.llc.avg_miss_lat = 806.582
stat.node.5.llc.avg_cxl_lat = 806.582
stat.node.5.llc.miss_lat_hist_bin_ns = 10
stat.node.5.llc.miss_lat_hist = [0,0,0,0,0,0,0,0,0,0,0,0,0,0,0,0,0,0,0,0,0,0,0,0,0,0,0,0,0,0,36,252,166,70,39,64,43,48,40,40,2]
stat.node.5.util.dram_avg = 1.33033e-05
stat.node.5.walltime_s = 266.27
stat.node.5.active_time_s = 26.2451
stat.node.6.cpu.0.load_issue_to_complete_count = 799
stat.node.6.cpu.0.avg_load_issue_to_complete_lat = 981.778
stat.node.6.injector.phase_cycles = 786268
stat.node.6.injector.request_bytes = 156408
stat.node.6.injector.response_bytes = 197568
stat.node.6.injector.aggregate_bytes = 353976
stat.node.6.injector.request_gbps = 3.81935
stat.node.6.injector.response_gbps = 4.82444
stat.node.6.injector.aggregate_gbps = 8.64379
stat.node.6.llc.cxl_miss = 800
stat.node.6.llc.total_miss = 800
stat.node.6.llc.avg_miss_lat = 806.564
stat.node.6.llc.avg_cxl_lat = 806.564
stat.node.6.llc.miss_lat_hist_bin_ns = 10
stat.node.6.llc.miss_lat_hist = [0,0,0,0,0,0,0,0,0,0,0,0,0,0,0,0,0,0,0,0,0,0,0,0,0,0,0,0,0,0,32,247,166,82,54,47,53,37,36,44,2]
stat.node.6.util.dram_avg = 1.33016e-05
stat.node.6.walltime_s = 266.287
stat.node.6.active_time_s = 27.2245
stat.node.7.cpu.0.load_issue_to_complete_count = 799
stat.node.7.cpu.0.avg_load_issue_to_complete_lat = 981.497
stat.node.7.injector.phase_cycles = 786179
stat.node.7.injector.request_bytes = 156400
stat.node.7.injector.response_bytes = 197568
stat.node.7.injector.aggregate_bytes = 353968
stat.node.7.injector.request_gbps = 3.81959
stat.node.7.injector.response_gbps = 4.82499
stat.node.7.injector.aggregate_gbps = 8.64458
stat.node.7.llc.cxl_miss = 800
stat.node.7.llc.total_miss = 800
stat.node.7.llc.avg_miss_lat = 806.929
stat.node.7.llc.avg_cxl_lat = 806.929
stat.node.7.llc.miss_lat_hist_bin_ns = 10
stat.node.7.llc.miss_lat_hist = [0,0,0,0,0,0,0,0,0,0,0,0,0,0,0,0,0,0,0,0,0,0,0,0,0,0,0,0,0,0,40,242,184,86,35,22,31,58,60,40,2]
stat.node.7.util.dram_avg = 1.32998e-05
stat.node.7.walltime_s = 266.288
stat.node.7.active_time_s = 26.4226
stat.node.0.cpu.0.load_issue_to_complete_count = 799
stat.node.0.cpu.0.avg_load_issue_to_complete_lat = 981.778
stat.node.0.injector.phase_cycles = 786254
stat.node.0.injector.request_bytes = 156408
stat.node.0.injector.response_bytes = 197568
stat.node.0.injector.aggregate_bytes = 353976
stat.node.0.injector.request_gbps = 3.81942
stat.node.0.injector.response_gbps = 4.82453
stat.node.0.injector.aggregate_gbps = 8.64395
stat.node.0.llc.cxl_miss = 800
stat.node.0.llc.total_miss = 800
stat.node.0.llc.avg_miss_lat = 806.438
stat.node.0.llc.avg_cxl_lat = 806.438
stat.node.0.llc.miss_lat_hist_bin_ns = 10
stat.node.0.llc.miss_lat_hist = [0,0,0,0,0,0,0,0,0,0,0,0,0,0,0,0,0,0,0,0,0,0,0,0,0,0,0,0,0,1,43,263,154,58,50,64,46,27,36,57,1]
stat.node.0.util.dram_avg = 1.32979e-05
stat.node.0.walltime_s = 266.313
stat.node.0.active_time_s = 26.9499
stat.node.1.cpu.0.load_issue_to_complete_count = 799
stat.node.1.cpu.0.avg_load_issue_to_complete_lat = 982.418
stat.node.1.injector.phase_cycles = 786779
stat.node.1.injector.request_bytes = 156488
stat.node.1.injector.response_bytes = 197696
stat.node.1.injector.aggregate_bytes = 354184
stat.node.1.injector.request_gbps = 3.81882
stat.node.1.injector.response_gbps = 4.82443
stat.node.1.injector.aggregate_gbps = 8.64326
stat.node.1.llc.cxl_miss = 800
stat.node.1.llc.total_miss = 800
stat.node.1.llc.avg_miss_lat = 807.774
stat.node.1.llc.avg_cxl_lat = 807.774
stat.node.1.llc.miss_lat_hist_bin_ns = 10
stat.node.1.llc.miss_lat_hist = [0,0,0,0,0,0,0,0,0,0,0,0,0,0,0,0,0,0,0,0,0,0,0,0,0,0,0,0,0,2,26,248,191,77,39,32,29,58,57,39,2]
stat.node.1.util.dram_avg = 1.32922e-05
stat.node.1.walltime_s = 266.345
stat.node.1.active_time_s = 26.6509
stat.node.2.cpu.0.load_issue_to_complete_count = 799
stat.node.2.cpu.0.avg_load_issue_to_complete_lat = 982.199
stat.node.2.injector.phase_cycles = 786765
stat.node.2.injector.request_bytes = 156488
stat.node.2.injector.response_bytes = 197696
stat.node.2.injector.aggregate_bytes = 354184
stat.node.2.injector.request_gbps = 3.81889
stat.node.2.injector.response_gbps = 4.82452
stat.node.2.injector.aggregate_gbps = 8.64341
stat.node.2.llc.cxl_miss = 800
stat.node.2.llc.total_miss = 800
stat.node.2.llc.avg_miss_lat = 807.731
stat.node.2.llc.avg_cxl_lat = 807.731
stat.node.2.llc.miss_lat_hist_bin_ns = 10
stat.node.2.llc.miss_lat_hist = [0,0,0,0,0,0,0,0,0,0,0,0,0,0,0,0,0,0,0,0,0,0,0,0,0,0,0,0,0,3,40,233,192,86,25,23,33,56,74,33,2]
stat.node.2.util.dram_avg = 1.32898e-05
stat.node.2.walltime_s = 266.356
stat.node.2.active_time_s = 28.2386
stat.node.3.cpu.0.load_issue_to_complete_count = 799
stat.node.3.cpu.0.avg_load_issue_to_complete_lat = 983.12
stat.node.3.injector.phase_cycles = 787476
stat.node.3.injector.request_bytes = 156632
stat.node.3.injector.response_bytes = 197824
stat.node.3.injector.aggregate_bytes = 354456
stat.node.3.injector.request_gbps = 3.81895
stat.node.3.injector.response_gbps = 4.82328
stat.node.3.injector.aggregate_gbps = 8.64224
stat.node.3.llc.cxl_miss = 800
stat.node.3.llc.total_miss = 800
stat.node.3.llc.avg_miss_lat = 808.153
stat.node.3.llc.avg_cxl_lat = 808.153
stat.node.3.llc.miss_lat_hist_bin_ns = 10
stat.node.3.llc.miss_lat_hist = [0,0,0,0,0,0,0,0,0,0,0,0,0,0,0,0,0,0,0,0,0,0,0,0,0,0,0,0,0,2,28,202,199,101,51,35,45,62,47,23,5]
stat.node.3.util.dram_avg = 1.32771e-05
stat.node.3.walltime_s = 266.421
stat.node.3.active_time_s = 26.2705
stat.pool.100.util.mem_avg = 0.242219
stat.pool.100.util.req_link_avg = 0.647162
stat.pool.100.walltime_s = 266.429
stat.pool.100.active_time_s = 0.983818
stat.switch.replicated_messages = 37840
stat.switch.util.node_ingress_avg = 0.0809037
stat.switch.util.pool_ingress_avg = 0.9905
stat.switch.bw.host_to_switch_gbps = 3.97704
stat.switch.bw.switch_to_host_gbps = 6.08564
stat.switch.bw.host_link_total_gbps = 10.0627
stat.switch.walltime_s = 266.429
stat.switch.active_time_s = 2.92478
Simulation is complete, simulated time: 753.776 us
