stat.node.6.cpu.0.retired = 881
stat.node.6.cpu.0.cycles = 1000000
stat.node.7.cpu.0.retired = 881
stat.node.7.cpu.0.cycles = 1000000
stat.node.0.cpu.0.retired = 881
stat.node.0.cpu.0.cycles = 1000000
stat.node.1.cpu.0.retired = 881
stat.node.1.cpu.0.cycles = 1000000
stat.node.2.cpu.0.retired = 881
stat.node.2.cpu.0.cycles = 1000000
stat.node.3.cpu.0.retired = 881
stat.node.3.cpu.0.cycles = 1000000
stat.node.4.cpu.0.retired = 881
stat.node.4.cpu.0.cycles = 1000000
stat.node.5.cpu.0.retired = 881
stat.node.5.cpu.0.cycles = 1000000
stat.node.2.cpu.0.load_issue_to_complete_count = 799
stat.node.2.cpu.0.avg_load_issue_to_complete_lat = 874.02
stat.node.2.injector.phase_cycles = 700116
stat.node.2.injector.request_bytes = 189616
stat.node.2.injector.response_bytes = 46016
stat.node.2.injector.aggregate_bytes = 235632
stat.node.2.injector.request_gbps = 5.20003
stat.node.2.injector.response_gbps = 1.26194
stat.node.2.injector.aggregate_gbps = 6.46198
stat.node.2.llc.cxl_miss = 800
stat.node.2.llc.total_miss = 800
stat.node.2.llc.avg_miss_lat = 701.445
stat.node.4.cpu.0.load_issue_to_complete_count = 799
stat.node.4.cpu.0.avg_load_issue_to_complete_lat = 874.02
stat.node.4.injector.phase_cycles = 700116
stat.node.4.injector.request_bytes = 189616
stat.node.4.injector.response_bytes = 46016
stat.node.4.injector.aggregate_bytes = 235632
stat.node.4.injector.request_gbps = 5.20003
stat.node.4.injector.response_gbps = 1.26194
stat.node.4.injector.aggregate_gbps = 6.46198
stat.node.4.llc.cxl_miss = 800
stat.node.4.llc.total_miss = 800
stat.node.4.llc.avg_miss_lat = 701.445
stat.node.4.llc.avg_cxl_lat = 701.445
stat.node.5.cpu.0.load_issue_to_complete_count = 799
stat.node.5.cpu.0.avg_load_issue_to_complete_lat = 874.02
stat.node.5.injector.phase_cycles = 700116
stat.node.5.injector.request_bytes = 189616
stat.node.5.injector.response_bytes = 46016
stat.node.5.injector.aggregate_bytes = 235632
stat.node.5.injector.request_gbps = 5.20003
stat.node.5.injector.response_gbps = 1.26194
stat.node.5.injector.aggregate_gbps = 6.46198
stat.node.5.llc.cxl_miss = 800
stat.node.5.llc.total_miss = 800
stat.node.5.llc.avg_miss_lat = 701.445
stat.node.5.llc.avg_cxl_lat = 701.445
stat.node.5.llc.miss_lat_hist_bin_ns = 10
stat.node.5.llc.miss_lat_hist = [0,0,0,0,0,0,0,0,0,0,0,0,0,0,0,0,0,0,0,0,0,0,0,0,0,0,0,0,360,427,13]
stat.node.7.cpu.0.load_issue_to_complete_count = 799
stat.node.7.cpu.0.avg_load_issue_to_complete_lat = 874.02
stat.node.7.injector.phase_cycles = 700116
stat.node.7.injector.request_bytes = 189616
stat.node.7.injector.response_bytes = 46016
stat.node.7.injector.aggregate_bytes = 235632
stat.node.7.injector.request_gbps = 5.20003
stat.node.7.injector.response_gbps = 1.26194
stat.node.7.injector.aggregate_gbps = 6.46198
stat.node.7.llc.cxl_miss = 800
stat.node.7.llc.total_miss = 800
stat.node.7.llc.avg_miss_lat = 701.445
stat.node.7.llc.avg_cxl_lat = 701.445
stat.node.7.llc.miss_lat_hist_bin_ns = 10
stat.node.7.llc.miss_lat_hist = [0,0,0,0,0,0,0,0,0,0,0,0,0,0,0,0,0,0,0,0,0,0,0,0,0,0,0,0,360,427,13]
stat.node.7.util.dram_avg = 1.47535e-05
stat.node.7.walltime_s = 162.763
stat.node.0.cpu.0.load_issue_to_complete_count = 799
stat.node.0.cpu.0.avg_load_issue_to_complete_lat = 874.02
stat.node.1.cpu.0.load_issue_to_complete_count = 799
stat.node.1.cpu.0.avg_load_issue_to_complete_lat = 874.02
stat.node.5.util.dram_avg = 1.47535e-05
stat.node.5.walltime_s = 162.771
stat.node.5.active_time_s = 23.5767
stat.node.7.active_time_s = 24.3424
stat.node.4.llc.miss_lat_hist_bin_ns = 10
stat.node.4.llc.miss_lat_hist = [0,0,0,0,0,0,0,0,0,0,0,0,0,0,0,0,0,0,0,0,0,0,0,0,0,0,0,0,360,427,13]
stat.node.4.util.dram_avg = 1.47535e-05
stat.node.4.walltime_s = 162.771
stat.node.4.active_time_s = 22.826
stat.node.2.llc.avg_cxl_lat = 701.445
stat.node.2.llc.miss_lat_hist_bin_ns = 10
stat.node.2.llc.miss_lat_hist = [0,0,0,0,0,0,0,0,0,0,0,0,0,0,0,0,0,0,0,0,0,0,0,0,0,0,0,0,360,427,13]
stat.node.2.util.dram_avg = 1.47535e-05
stat.node.2.walltime_s = 162.767
stat.node.2.active_time_s = 20.3618
stat.node.1.injector.phase_cycles = 700116
stat.node.1.injector.request_bytes = 189616
stat.node.1.injector.response_bytes = 46016
stat.node.1.injector.aggregate_bytes = 235632
stat.node.1.injector.request_gbps = 5.20003
stat.node.1.injector.response_gbps = 1.26194
stat.node.1.injector.aggregate_gbps = 6.46198
stat.node.1.llc.cxl_miss = 800
stat.node.1.llc.total_miss = 800
stat.node.1.llc.avg_miss_lat = 701.445
stat.node.1.llc.avg_cxl_lat = 701.445
stat.node.1.llc.miss_lat_hist_bin_ns = 10
stat.node.1.llc.miss_lat_hist = [0,0,0,0,0,0,0,0,0,0,0,0,0,0,0,0,0,0,0,0,0,0,0,0,0,0,0,0,360,427,13]
stat.node.1.util.dram_avg = 1.47535e-05
stat.node.1.walltime_s = 162.771
stat.node.1.active_time_s = 19.8266
stat.node.0.injector.phase_cycles = 700116
stat.node.0.injector.request_bytes = 189616
stat.node.0.injector.response_bytes = 46016
stat.node.0.injector.aggregate_bytes = 235632
stat.node.0.injector.request_gbps = 5.20003
stat.node.0.injector.response_gbps = 1.26194
stat.node.0.injector.aggregate_gbps = 6.46198
stat.node.0.llc.cxl_miss = 800
stat.node.0.llc.total_miss = 800
stat.node.0.llc.avg_miss_lat = 701.445
stat.node.0.llc.avg_cxl_lat = 701.445
stat.node.0.llc.miss_lat_hist_bin_ns = 10
stat.node.0.llc.miss_lat_hist = [0,0,0,0,0,0,0,0,0,0,0,0,0,0,0,0,0,0,0,0,0,0,0,0,0,0,0,0,360,427,13]
stat.node.0.util.dram_avg = 1.47535e-05
stat.node.0.walltime_s = 162.784
stat.node.0.active_time_s = 27.9977
stat.node.6.cpu.0.load_issue_to_complete_count = 799
stat.node.3.cpu.0.load_issue_to_complete_count = 799
stat.node.6.cpu.0.avg_load_issue_to_complete_lat = 874.02
stat.node.6.injector.phase_cycles = 700116
stat.node.6.injector.request_bytes = 189616
stat.node.6.injector.response_bytes = 46016
stat.node.6.injector.aggregate_bytes = 235632
stat.node.6.injector.request_gbps = 5.20003
stat.node.6.injector.response_gbps = 1.26194
stat.node.6.injector.aggregate_gbps = 6.46198
stat.node.6.llc.cxl_miss = 800
stat.node.6.llc.total_miss = 800
stat.node.6.llc.avg_miss_lat = 701.445
stat.node.6.llc.avg_cxl_lat = 701.445
stat.node.6.llc.miss_lat_hist_bin_ns = 10
stat.node.6.llc.miss_lat_hist = [0,0,0,0,0,0,0,0,0,0,0,0,0,0,0,0,0,0,0,0,0,0,0,0,0,0,0,0,360,427,13]
stat.node.6.util.dram_avg = 1.47533e-05
stat.node.6.walltime_s = 162.797
stat.node.6.active_time_s = 19.6269
stat.node.3.cpu.0.avg_load_issue_to_complete_lat = 874.02
stat.node.3.injector.phase_cycles = 700116
stat.node.3.injector.request_bytes = 189616
stat.node.3.injector.response_bytes = 46016
stat.node.3.injector.aggregate_bytes = 235632
stat.node.3.injector.request_gbps = 5.20003
stat.node.3.injector.response_gbps = 1.26194
stat.node.3.injector.aggregate_gbps = 6.46198
stat.node.3.llc.cxl_miss = 800
stat.node.3.llc.total_miss = 800
stat.node.3.llc.avg_miss_lat = 701.476
stat.node.3.llc.avg_cxl_lat = 701.476
stat.node.3.llc.miss_lat_hist_bin_ns = 10
stat.node.3.llc.miss_lat_hist = [0,0,0,0,0,0,0,0,0,0,0,0,0,0,0,0,0,0,0,0,0,0,0,0,0,0,0,9,352,415,14,10]
stat.node.3.util.dram_avg = 1.47533e-05
stat.node.3.walltime_s = 162.797
stat.node.3.active_time_s = 24.4114
stat.pool.105.util.mem_avg = 0.142817
stat.pool.105.util.req_link_avg = 0.829497
stat.pool.105.walltime_s = 162.876
stat.pool.105.active_time_s = 0.633529
stat.pool.104.util.mem_avg = 0.142817
stat.pool.104.util.req_link_avg = 0.829497
stat.pool.104.walltime_s = 162.884
stat.pool.104.active_time_s = 0.587989
stat.pool.103.util.mem_avg = 0.142819
stat.pool.103.util.req_link_avg = 0.829499
stat.pool.103.walltime_s = 162.884
stat.pool.103.active_time_s = 0.620006
stat.pool.102.util.mem_avg = 0.142819
stat.pool.102.util.req_link_avg = 0.829499
stat.pool.102.walltime_s = 162.884
stat.pool.102.active_time_s = 0.690856
stat.pool.101.util.mem_avg = 0.142819
stat.pool.101.util.req_link_avg = 0.829499
stat.pool.101.walltime_s = 162.884
stat.pool.101.active_time_s = 0.639462
stat.pool.100.util.mem_avg = 0.142819
stat.pool.100.util.req_link_avg = 0.829499
stat.pool.100.walltime_s = 162.884
stat.pool.100.active_time_s = 0.800331
stat.switch.replicated_messages = 320358
stat.switch.util.node_ingress_avg = 0.109343
stat.switch.util.pool_ingress_avg = 0.072209
stat.switch.bw.host_to_switch_gbps = 5.37481
stat.switch.bw.switch_to_host_gbps = 2.66191
stat.switch.bw.host_link_total_gbps = 8.03672
stat.switch.walltime_s = 162.884
stat.switch.active_time_s = 3.86779
Simulation is complete, simulated time: 678.359 us
