stat.node.0.cpu.0.retired = 763
stat.node.0.cpu.0.cycles = 1000000
stat.node.1.cpu.0.retired = 764
stat.node.1.cpu.0.cycles = 1000000
stat.node.2.cpu.0.retired = 764
stat.node.2.cpu.0.cycles = 1000000
stat.node.3.cpu.0.retired = 763
stat.node.3.cpu.0.cycles = 1000000
stat.node.4.cpu.0.retired = 762
stat.node.4.cpu.0.cycles = 1000000
stat.node.5.cpu.0.retired = 764
stat.node.5.cpu.0.cycles = 1000000
stat.node.6.cpu.0.retired = 762
stat.node.6.cpu.0.cycles = 1000000
stat.node.7.cpu.0.retired = 764
stat.node.7.cpu.0.cycles = 1000000
stat.node.5.cpu.0.load_issue_to_complete_count = 799
stat.node.5.cpu.0.avg_load_issue_to_complete_lat = 986.667
stat.node.5.injector.phase_cycles = 790218
stat.node.5.injector.request_bytes = 223288
stat.node.5.injector.response_bytes = 945600
stat.node.5.injector.aggregate_bytes = 1168888
stat.node.5.injector.request_gbps = 5.42525
stat.node.5.injector.response_gbps = 22.9753
stat.node.5.injector.aggregate_gbps = 28.4006
stat.node.5.llc.cxl_miss = 800
stat.node.5.llc.total_miss = 800
stat.node.5.llc.avg_miss_lat = 812.043
stat.node.5.llc.avg_cxl_lat = 812.043
stat.node.5.llc.miss_lat_hist_bin_ns = 10
stat.node.5.llc.miss_lat_hist = [0,0,0,0,0,0,0,0,0,0,0,0,0,0,0,0,0,0,0,0,0,0,0,0,0,0,0,0,0,0,1,10,53,468,235,30,3]
stat.node.5.util.dram_avg = 1.31406e-05
stat.node.5.walltime_s = 202.065
stat.node.5.active_time_s = 25.9695
stat.node.7.cpu.0.load_issue_to_complete_count = 799
stat.node.7.cpu.0.avg_load_issue_to_complete_lat = 986.969
stat.node.7.injector.phase_cycles = 790427
stat.node.7.injector.request_bytes = 223320
stat.node.7.injector.response_bytes = 945856
stat.node.7.injector.aggregate_bytes = 1169176
stat.node.7.injector.request_gbps = 5.42459
stat.node.7.injector.response_gbps = 22.9755
stat.node.7.injector.aggregate_gbps = 28.4001
stat.node.7.llc.cxl_miss = 800
stat.node.7.llc.total_miss = 800
stat.node.7.llc.avg_miss_lat = 812.175
stat.node.7.llc.avg_cxl_lat = 812.175
stat.node.7.llc.miss_lat_hist_bin_ns = 10
stat.node.7.llc.miss_lat_hist = [0,0,0,0,0,0,0,0,0,0,0,0,0,0,0,0,0,0,0,0,0,0,0,0,0,0,0,0,0,0,0,4,97,435,227,36,0,1]
stat.node.7.util.dram_avg = 1.31367e-05
stat.node.7.walltime_s = 202.096
stat.node.7.active_time_s = 27.4051
stat.node.2.cpu.0.load_issue_to_complete_count = 799
stat.node.2.cpu.0.avg_load_issue_to_complete_lat = 988.924
stat.node.2.injector.phase_cycles = 792005
stat.node.2.injector.request_bytes = 223744
stat.node.2.injector.response_bytes = 947712
stat.node.2.injector.aggregate_bytes = 1171456
stat.node.2.injector.request_gbps = 5.42406
stat.node.2.injector.response_gbps = 22.9747
stat.node.2.injector.aggregate_gbps = 28.3988
stat.node.2.llc.cxl_miss = 800
stat.node.2.llc.total_miss = 800
stat.node.2.llc.avg_miss_lat = 814.102
stat.node.2.llc.avg_cxl_lat = 814.102
stat.node.2.llc.miss_lat_hist_bin_ns = 10
stat.node.2.llc.miss_lat_hist = [0,0,0,0,0,0,0,0,0,0,0,0,0,0,0,0,0,0,0,0,0,0,0,0,0,0,0,0,0,0,0,4,94,392,258,50,2]
stat.node.2.util.dram_avg = 1.31225e-05
stat.node.2.walltime_s = 202.419
stat.node.2.active_time_s = 22.2645
stat.node.1.cpu.0.load_issue_to_complete_count = 799
stat.node.1.cpu.0.avg_load_issue_to_complete_lat = 990.199
stat.node.1.injector.phase_cycles = 793052
stat.node.1.injector.request_bytes = 224104
stat.node.1.injector.response_bytes = 949056
stat.node.1.injector.aggregate_bytes = 1173160
stat.node.1.injector.request_gbps = 5.42562
stat.node.1.injector.response_gbps = 22.9769
stat.node.1.injector.aggregate_gbps = 28.4025
stat.node.1.llc.cxl_miss = 800
stat.node.1.llc.total_miss = 800
stat.node.1.llc.avg_miss_lat = 815.408
stat.node.1.llc.avg_cxl_lat = 815.408
stat.node.1.llc.miss_lat_hist_bin_ns = 10
stat.node.1.llc.miss_lat_hist = [0,0,0,0,0,0,0,0,0,0,0,0,0,0,0,0,0,0,0,0,0,0,0,0,0,0,0,0,0,0,0,6,56,375,297,60,6]
stat.node.1.util.dram_avg = 1.31195e-05
stat.node.1.walltime_s = 202.485
stat.node.1.active_time_s = 27.1422
stat.node.3.cpu.0.load_issue_to_complete_count = 799
stat.node.3.cpu.0.avg_load_issue_to_complete_lat = 989.875
stat.node.3.injector.phase_cycles = 792803
stat.node.3.injector.request_bytes = 223992
stat.node.3.injector.response_bytes = 948672
stat.node.3.injector.aggregate_bytes = 1172664
stat.node.3.injector.request_gbps = 5.42461
stat.node.3.injector.response_gbps = 22.9748
stat.node.3.injector.aggregate_gbps = 28.3994
stat.node.3.llc.cxl_miss = 800
stat.node.3.llc.total_miss = 800
stat.node.3.llc.avg_miss_lat = 815.222
stat.node.3.llc.avg_cxl_lat = 815.222
stat.node.3.llc.miss_lat_hist_bin_ns = 10
stat.node.3.llc.miss_lat_hist = [0,0,0,0,0,0,0,0,0,0,0,0,0,0,0,0,0,0,0,0,0,0,0,0,0,0,0,0,0,0,0,11,44,396,295,50,4]
stat.node.3.util.dram_avg = 1.31119e-05
stat.node.3.walltime_s = 202.531
stat.node.3.active_time_s = 26.4246
stat.node.0.cpu.0.load_issue_to_complete_count = 799
stat.node.0.cpu.0.avg_load_issue_to_complete_lat = 989.78
stat.node.0.injector.phase_cycles = 792712
stat.node.0.injector.request_bytes = 223984
stat.node.0.injector.response_bytes = 948608
stat.node.0.injector.aggregate_bytes = 1172592
stat.node.0.injector.request_gbps = 5.42504
stat.node.0.injector.response_gbps = 22.9759
stat.node.0.injector.aggregate_gbps = 28.4009
stat.node.0.llc.cxl_miss = 800
stat.node.0.llc.total_miss = 800
stat.node.0.llc.avg_miss_lat = 815.107
stat.node.0.llc.avg_cxl_lat = 815.107
stat.node.0.llc.miss_lat_hist_bin_ns = 10
stat.node.0.llc.miss_lat_hist = [0,0,0,0,0,0,0,0,0,0,0,0,0,0,0,0,0,0,0,0,0,0,0,0,0,0,0,0,0,0,0,2,54,420,269,50,5]
stat.node.0.util.dram_avg = 1.3109e-05
stat.node.0.walltime_s = 202.54
stat.node.0.active_time_s = 23.7515
stat.node.4.cpu.0.load_issue_to_complete_count = 799
stat.node.4.cpu.0.avg_load_issue_to_complete_lat = 991.399
stat.node.4.injector.phase_cycles = 793965
stat.node.4.injector.request_bytes = 224304
stat.node.4.injector.response_bytes = 950080
stat.node.4.injector.aggregate_bytes = 1174384
stat.node.4.injector.request_gbps = 5.42421
stat.node.4.injector.response_gbps = 22.9752
stat.node.4.injector.aggregate_gbps = 28.3995
stat.node.4.llc.cxl_miss = 800
stat.node.4.llc.total_miss = 800
stat.node.4.llc.avg_miss_lat = 816.57
stat.node.4.llc.avg_cxl_lat = 816.57
stat.node.4.llc.miss_lat_hist_bin_ns = 10
stat.node.4.llc.miss_lat_hist = [0,0,0,0,0,0,0,0,0,0,0,0,0,0,0,0,0,0,0,0,0,0,0,0,0,0,0,0,0,0,0,5,51,393,285,62,4]
stat.node.4.util.dram_avg = 1.30979e-05
stat.node.4.walltime_s = 203.029
stat.node.4.active_time_s = 27.0666
stat.node.6.cpu.0.load_issue_to_complete_count = 799
stat.node.6.cpu.0.avg_load_issue_to_complete_lat = 990.876
stat.node.6.injector.phase_cycles = 793578
stat.node.6.injector.request_bytes = 224240
stat.node.6.injector.response_bytes = 949568
stat.node.6.injector.aggregate_bytes = 1173808
stat.pool.103.util.mem_avg = 0.224105
stat.pool.103.util.req_link_avg = 0.538544
stat.pool.103.walltime_s = 203.167
stat.pool.103.active_time_s = 0.896359
stat.pool.102.util.mem_avg = 0.224105
stat.pool.102.util.req_link_avg = 0.538545
stat.pool.102.walltime_s = 203.167
stat.pool.102.active_time_s = 0.83508
stat.pool.101.util.mem_avg = 0.224106
stat.pool.101.util.req_link_avg = 0.538545
stat.pool.101.walltime_s = 203.167
stat.pool.101.active_time_s = 0.819072
stat.pool.100.util.mem_avg = 0.224106
stat.pool.100.util.req_link_avg = 0.538545
stat.pool.100.walltime_s = 203.167
stat.pool.100.active_time_s = 0.967219
stat.switch.replicated_messages = 121792
stat.switch.util.node_ingress_avg = 0.11352
stat.switch.util.pool_ingress_avg = 0.985232
stat.switch.bw.host_to_switch_gbps = 5.58038
stat.switch.bw.switch_to_host_gbps = 24.213
stat.switch.bw.host_link_total_gbps = 29.7934
stat.switch.walltime_s = 203.167
stat.switch.active_time_s = 3.96023
stat.node.6.injector.request_gbps = 5.42531
stat.node.6.injector.response_gbps = 22.9741
stat.node.6.injector.aggregate_gbps = 28.3994
stat.node.6.llc.cxl_miss = 800
stat.node.6.llc.total_miss = 800
stat.node.6.llc.avg_miss_lat = 816.139
stat.node.6.llc.avg_cxl_lat = 816.139
stat.node.6.llc.miss_lat_hist_bin_ns = 10
stat.node.6.llc.miss_lat_hist = [0,0,0,0,0,0,0,0,0,0,0,0,0,0,0,0,0,0,0,0,0,0,0,0,0,0,0,0,0,0,0,8,57,367,294,73,1]
stat.node.6.util.dram_avg = 1.30962e-05
stat.node.6.walltime_s = 203.166
stat.node.6.active_time_s = 25.5357
Simulation is complete, simulated time: 764.193 us
