stat.node.0.cpu.0.retired = 769
stat.node.0.cpu.0.cycles = 1000000
stat.node.1.cpu.0.retired = 768
stat.node.1.cpu.0.cycles = 1000000
stat.node.2.cpu.0.retired = 769
stat.node.2.cpu.0.cycles = 1000000
stat.node.3.cpu.0.retired = 769
stat.node.3.cpu.0.cycles = 1000000
stat.node.4.cpu.0.retired = 765
stat.node.4.cpu.0.cycles = 1000000
stat.node.5.cpu.0.retired = 769
stat.node.5.cpu.0.cycles = 1000000
stat.node.6.cpu.0.retired = 769
stat.node.6.cpu.0.cycles = 1000000
stat.node.7.cpu.0.retired = 769
stat.node.7.cpu.0.cycles = 1000000
stat.node.5.cpu.0.load_issue_to_complete_count = 799
stat.node.5.cpu.0.avg_load_issue_to_complete_lat = 995.318
stat.node.5.injector.phase_cycles = 797133
stat.node.5.injector.request_bytes = 107824
stat.node.5.injector.response_bytes = 456512
stat.node.5.injector.aggregate_bytes = 564336
stat.node.5.injector.request_gbps = 2.59708
stat.node.5.injector.response_gbps = 10.9957
stat.node.5.injector.aggregate_gbps = 13.5928
stat.node.5.llc.cxl_miss = 800
stat.node.5.llc.total_miss = 800
stat.node.5.llc.avg_miss_lat = 820.284
stat.node.5.llc.avg_cxl_lat = 820.284
stat.node.5.llc.miss_lat_hist_bin_ns = 10
stat.node.5.llc.miss_lat_hist = [0,0,0,0,0,0,0,0,0,0,0,0,0,0,0,0,0,0,0,0,0,0,0,0,0,0,0,0,0,0,5,58,97,142,202,274,22]
stat.node.5.util.dram_avg = 1.31325e-05
stat.node.5.walltime_s = 286.656
stat.node.5.active_time_s = 22.7228
stat.node.0.cpu.0.load_issue_to_complete_count = 799
stat.node.0.cpu.0.avg_load_issue_to_complete_lat = 994.959
stat.node.0.injector.phase_cycles = 796883
stat.node.0.injector.request_bytes = 107736
stat.node.0.injector.response_bytes = 456384
stat.node.0.injector.aggregate_bytes = 564120
stat.node.0.injector.request_gbps = 2.59578
stat.node.0.injector.response_gbps = 10.9961
stat.node.0.injector.aggregate_gbps = 13.5918
stat.node.0.llc.cxl_miss = 800
stat.node.0.llc.total_miss = 800
stat.node.0.llc.avg_miss_lat = 819.99
stat.node.0.llc.avg_cxl_lat = 819.99
stat.node.0.llc.miss_lat_hist_bin_ns = 10
stat.node.0.llc.miss_lat_hist = [0,0,0,0,0,0,0,0,0,0,0,0,0,0,0,0,0,0,0,0,0,0,0,0,0,0,0,0,0,0,0,52,113,153,200,268,13,1]
stat.node.0.util.dram_avg = 1.31286e-05
stat.node.0.walltime_s = 286.683
stat.node.0.active_time_s = 25.3471
stat.node.6.cpu.0.load_issue_to_complete_count = 799
stat.node.6.cpu.0.avg_load_issue_to_complete_lat = 996.054
stat.node.6.injector.phase_cycles = 797708
stat.node.6.injector.request_bytes = 107856
stat.node.6.injector.response_bytes = 456832
stat.node.6.injector.aggregate_bytes = 564688
stat.node.6.injector.request_gbps = 2.59598
stat.node.6.injector.response_gbps = 10.9955
stat.node.6.injector.aggregate_gbps = 13.5915
stat.node.6.llc.cxl_miss = 800
stat.node.6.llc.total_miss = 800
stat.node.6.llc.avg_miss_lat = 821.003
stat.node.6.llc.avg_cxl_lat = 821.003
stat.node.6.llc.miss_lat_hist_bin_ns = 10
stat.node.6.llc.miss_lat_hist = [0,0,0,0,0,0,0,0,0,0,0,0,0,0,0,0,0,0,0,0,0,0,0,0,0,0,0,0,0,0,4,36,98,186,186,267,22,1]
stat.node.6.util.dram_avg = 1.31262e-05
stat.node.6.walltime_s = 286.69
stat.node.6.active_time_s = 28.3418
stat.node.3.cpu.0.load_issue_to_complete_count = 799
stat.node.3.cpu.0.avg_load_issue_to_complete_lat = 995.553
stat.node.3.injector.phase_cycles = 797302
stat.node.3.injector.request_bytes = 107832
stat.node.3.injector.response_bytes = 456640
stat.node.3.injector.aggregate_bytes = 564472
stat.node.3.injector.request_gbps = 2.59673
stat.node.3.injector.response_gbps = 10.9964
stat.node.3.injector.aggregate_gbps = 13.5932
stat.node.3.llc.cxl_miss = 800
stat.node.3.llc.total_miss = 800
stat.node.3.llc.avg_miss_lat = 820.464
stat.node.3.llc.avg_cxl_lat = 820.464
stat.node.3.llc.miss_lat_hist_bin_ns = 10
stat.node.3.llc.miss_lat_hist = [0,0,0,0,0,0,0,0,0,0,0,0,0,0,0,0,0,0,0,0,0,0,0,0,0,0,0,0,0,0,0,41,108,180,186,275,10]
stat.node.3.util.dram_avg = 1.31241e-05
stat.node.3.walltime_s = 286.697
stat.node.3.active_time_s = 27.8123
stat.node.7.cpu.0.load_issue_to_complete_count = 799
stat.node.7.cpu.0.avg_load_issue_to_complete_lat = 996.443
stat.node.7.injector.phase_cycles = 798013
stat.node.7.injector.request_bytes = 107880
stat.node.7.injector.response_bytes = 457024
stat.node.7.injector.aggregate_bytes = 564904
stat.node.7.injector.request_gbps = 2.59557
stat.node.7.injector.response_gbps = 10.9959
stat.node.7.injector.aggregate_gbps = 13.5915
stat.node.7.llc.cxl_miss = 800
stat.node.7.llc.total_miss = 800
stat.node.7.llc.avg_miss_lat = 821.378
stat.node.7.llc.avg_cxl_lat = 821.378
stat.node.7.llc.miss_lat_hist_bin_ns = 10
stat.node.7.llc.miss_lat_hist = [0,0,0,0,0,0,0,0,0,0,0,0,0,0,0,0,0,0,0,0,0,0,0,0,0,0,0,0,0,0,3,64,89,150,167,312,15]
stat.node.7.util.dram_avg = 1.31222e-05
stat.node.7.walltime_s = 286.782
stat.node.7.active_time_s = 30.4987
stat.node.1.cpu.0.load_issue_to_complete_count = 799
stat.node.1.cpu.0.avg_load_issue_to_complete_lat = 996.349
stat.node.1.injector.phase_cycles = 797913
stat.node.1.injector.request_bytes = 107872
stat.node.1.injector.response_bytes = 456960
stat.node.1.injector.aggregate_bytes = 564832
stat.node.1.injector.request_gbps = 2.5957
stat.node.1.injector.response_gbps = 10.9957
stat.node.1.injector.aggregate_gbps = 13.5914
stat.node.1.llc.cxl_miss = 800
stat.node.1.llc.total_miss = 800
stat.node.1.llc.avg_miss_lat = 821.381
stat.node.1.llc.avg_cxl_lat = 821.381
stat.node.1.llc.miss_lat_hist_bin_ns = 10
stat.node.1.llc.miss_lat_hist = [0,0,0,0,0,0,0,0,0,0,0,0,0,0,0,0,0,0,0,0,0,0,0,0,0,0,0,0,0,0,1,44,108,137,232,251,26,1]
stat.node.1.util.dram_avg = 1.3119e-05
stat.node.1.walltime_s = 286.815
stat.node.1.active_time_s = 29.612
stat.node.2.cpu.0.load_issue_to_complete_count = 799
stat.node.2.cpu.0.avg_load_issue_to_complete_lat = 997.743
stat.node.2.injector.phase_cycles = 799033
stat.node.2.injector.request_bytes = 108016
stat.node.2.injector.response_bytes = 457664
stat.node.2.injector.aggregate_bytes = 565680
stat.node.2.injector.request_gbps = 2.59552
stat.node.2.injector.response_gbps = 10.9972
stat.node.2.injector.aggregate_gbps = 13.5928
stat.node.2.llc.cxl_miss = 800
stat.node.2.llc.total_miss = 800
stat.node.2.llc.avg_miss_lat = 822.519
stat.node.2.llc.avg_cxl_lat = 822.519
stat.node.2.llc.miss_lat_hist_bin_ns = 10
stat.node.2.llc.miss_lat_hist = [0,0,0,0,0,0,0,0,0,0,0,0,0,0,0,0,0,0,0,0,0,0,0,0,0,0,0,0,0,0,4,61,86,139,171,321,18]
stat.node.2.util.dram_avg = 1.31142e-05
stat.node.2.walltime_s = 286.841
stat.node.2.active_time_s = 27.4406
stat.node.4.cpu.0.load_issue_to_complete_count = 799
stat.node.4.cpu.0.avg_load_issue_to_complete_lat = 1007
stat.node.4.injector.phase_cycles = 806496
stat.node.4.injector.request_bytes = 109064
stat.node.4.injector.response_bytes = 461888
stat.node.4.injector.aggregate_bytes = 570952
stat.node.4.injector.request_gbps = 2.59645
stat.node.4.injector.response_gbps = 10.996
stat.node.4.injector.aggregate_gbps = 13.5925
stat.node.4.llc.cxl_miss = 800
stat.node.4.llc.total_miss = 800
stat.node.4.llc.avg_miss_lat = 831.857
stat.node.4.llc.avg_cxl_lat = 831.857
stat.node.4.llc.miss_lat_hist_bin_ns = 10
stat.node.4.llc.miss_lat_hist = [0,0,0,0,0,0,0,0,0,0,0,0,0,0,0,0,0,0,0,0,0,0,0,0,0,0,0,0,0,0,3,34,61,91,186,378,47]
stat.node.4.util.dram_avg = 1.30274e-05
stat.node.4.walltime_s = 287.248
stat.node.4.active_time_s = 26.1628
stat.pool.101.util.mem_avg = 0.191174
stat.pool.101.util.req_link_avg = 0.323293
stat.pool.101.walltime_s = 287.248
stat.pool.101.active_time_s = 1.02153
stat.pool.100.util.mem_avg = 0.191176
stat.pool.100.util.req_link_avg = 0.323294
stat.pool.100.walltime_s = 287.248
stat.pool.100.active_time_s = 0.949713
stat.switch.replicated_messages = 29296
stat.switch.util.node_ingress_avg = 0.0559784
stat.switch.util.pool_ingress_avg = 0.995917
stat.switch.bw.host_to_switch_gbps = 2.75156
stat.switch.bw.switch_to_host_gbps = 12.2378
stat.switch.bw.host_link_total_gbps = 14.9894
stat.switch.walltime_s = 287.248
stat.switch.active_time_s = 3.60729
Simulation is complete, simulated time: 768.229 us
