stat.node.0.cpu.0.retired = 813
stat.node.0.cpu.0.cycles = 1000000
stat.node.1.cpu.0.retired = 811
stat.node.1.cpu.0.cycles = 1000000
stat.node.2.cpu.0.retired = 785
stat.node.2.cpu.0.cycles = 1000000
stat.node.3.cpu.0.retired = 815
stat.node.3.cpu.0.cycles = 1000000
stat.node.4.cpu.0.retired = 781
stat.node.4.cpu.0.cycles = 1000000
stat.node.5.cpu.0.retired = 813
stat.node.5.cpu.0.cycles = 1000000
stat.node.6.cpu.0.retired = 811
stat.node.6.cpu.0.cycles = 1000000
stat.node.7.cpu.0.retired = 804
stat.node.7.cpu.0.cycles = 1000000
stat.node.3.cpu.0.load_issue_to_complete_count = 799
stat.node.3.cpu.0.avg_load_issue_to_complete_lat = 963.392
stat.node.3.injector.phase_cycles = 771591
stat.node.3.injector.request_bytes = 242480
stat.node.3.injector.response_bytes = 58752
stat.node.3.injector.aggregate_bytes = 301232
stat.node.3.injector.request_gbps = 6.03379
stat.node.3.injector.response_gbps = 1.46196
stat.node.3.injector.aggregate_gbps = 7.49575
stat.node.3.llc.cxl_miss = 800
stat.node.3.llc.total_miss = 800
stat.node.3.llc.avg_miss_lat = 789.15
stat.node.3.llc.avg_cxl_lat = 789.15
stat.node.3.llc.miss_lat_hist_bin_ns = 10
stat.node.3.llc.miss_lat_hist = [0,0,0,0,0,0,0,0,0,0,0,0,0,0,0,0,0,0,0,0,0,0,0,0,0,0,0,2,6,8,8,36,383,337,20]
stat.node.3.util.dram_avg = 1.36661e-05
stat.node.3.walltime_s = 219.563
stat.node.3.active_time_s = 22.9606
stat.node.5.cpu.0.load_issue_to_complete_count = 799
stat.node.5.cpu.0.avg_load_issue_to_complete_lat = 964.707
stat.node.5.injector.phase_cycles = 772646
stat.node.5.injector.request_bytes = 242744
stat.node.5.injector.response_bytes = 58816
stat.node.5.injector.aggregate_bytes = 301560
stat.node.5.injector.request_gbps = 6.03211
stat.node.5.injector.response_gbps = 1.46156
stat.node.5.injector.aggregate_gbps = 7.49367
stat.node.5.llc.cxl_miss = 800
stat.node.5.llc.total_miss = 800
stat.node.5.llc.avg_miss_lat = 790.311
stat.node.5.llc.avg_cxl_lat = 790.311
stat.node.5.llc.miss_lat_hist_bin_ns = 10
stat.node.5.llc.miss_lat_hist = [0,0,0,0,0,0,0,0,0,0,0,0,0,0,0,0,0,0,0,0,0,0,0,0,0,0,2,4,0,1,3,53,379,337,21]
stat.node.5.util.dram_avg = 1.36449e-05
stat.node.5.walltime_s = 219.648
stat.node.5.active_time_s = 30.0159
stat.node.0.cpu.0.load_issue_to_complete_count = 799
stat.node.0.cpu.0.avg_load_issue_to_complete_lat = 964.718
stat.node.0.injector.phase_cycles = 772659
stat.node.0.injector.request_bytes = 242816
stat.node.0.injector.response_bytes = 58880
stat.node.0.injector.aggregate_bytes = 301696
stat.node.0.injector.request_gbps = 6.0338
stat.node.0.injector.response_gbps = 1.46312
stat.node.0.injector.aggregate_gbps = 7.49692
stat.node.0.llc.cxl_miss = 800
stat.node.0.llc.total_miss = 800
stat.node.0.llc.avg_miss_lat = 790.34
stat.node.0.llc.avg_cxl_lat = 790.34
stat.node.0.llc.miss_lat_hist_bin_ns = 10
stat.node.0.llc.miss_lat_hist = [0,0,0,0,0,0,0,0,0,0,0,0,0,0,0,0,0,0,0,0,0,0,0,0,0,0,2,3,2,0,9,48,365,345,26]
stat.node.0.util.dram_avg = 1.36432e-05
stat.node.0.walltime_s = 219.653
stat.node.0.active_time_s = 21.4189
stat.node.6.cpu.0.load_issue_to_complete_count = 799
stat.node.6.cpu.0.avg_load_issue_to_complete_lat = 964.18
stat.node.6.injector.phase_cycles = 772199
stat.node.6.injector.request_bytes = 242680
stat.node.6.injector.response_bytes = 58816
stat.node.6.injector.aggregate_bytes = 301496
stat.node.6.injector.request_gbps = 6.03401
stat.node.6.injector.response_gbps = 1.4624
stat.node.6.injector.aggregate_gbps = 7.49641
stat.node.6.llc.cxl_miss = 800
stat.node.6.llc.total_miss = 800
stat.node.6.llc.avg_miss_lat = 789.812
stat.node.6.llc.avg_cxl_lat = 789.812
stat.node.6.llc.miss_lat_hist_bin_ns = 10
stat.node.6.llc.miss_lat_hist = [0,0,0,0,0,0,0,0,0,0,0,0,0,0,0,0,0,0,0,0,0,0,0,0,0,0,0,4,5,2,7,36,393,315,38]
stat.node.6.util.dram_avg = 1.36351e-05
stat.node.6.walltime_s = 219.689
stat.node.6.active_time_s = 22.3943
stat.node.1.cpu.0.load_issue_to_complete_count = 799
stat.node.1.cpu.0.avg_load_issue_to_complete_lat = 964.444
stat.node.1.injector.phase_cycles = 772411
stat.node.1.injector.request_bytes = 242744
stat.node.1.injector.response_bytes = 58816
stat.node.1.injector.aggregate_bytes = 301560
stat.node.1.injector.request_gbps = 6.03394
stat.node.1.injector.response_gbps = 1.462
stat.node.1.injector.aggregate_gbps = 7.49595
stat.node.1.llc.cxl_miss = 800
stat.node.1.llc.total_miss = 800
stat.node.1.llc.avg_miss_lat = 790.111
stat.node.1.llc.avg_cxl_lat = 790.111
stat.node.1.llc.miss_lat_hist_bin_ns = 10
stat.node.1.llc.miss_lat_hist = [0,0,0,0,0,0,0,0,0,0,0,0,0,0,0,0,0,0,0,0,0,0,0,0,0,0,0,0,6,4,9,38,383,309,51]
stat.node.1.util.dram_avg = 1.3627e-05
stat.node.1.walltime_s = 219.726
stat.node.1.active_time_s = 25.9156
stat.node.7.cpu.0.load_issue_to_complete_count = 799
stat.node.7.cpu.0.avg_load_issue_to_complete_lat = 964.149
stat.node.7.injector.phase_cycles = 772229
stat.node.7.injector.request_bytes = 242680
stat.node.7.injector.response_bytes = 58816
stat.node.7.injector.aggregate_bytes = 301496
stat.node.7.injector.request_gbps = 6.03377
stat.node.7.injector.response_gbps = 1.46235
stat.node.7.injector.aggregate_gbps = 7.49612
stat.node.7.llc.cxl_miss = 800
stat.node.7.llc.total_miss = 800
stat.node.7.llc.avg_miss_lat = 789.798
stat.node.7.llc.avg_cxl_lat = 789.798
stat.node.7.llc.miss_lat_hist_bin_ns = 10
stat.node.7.llc.miss_lat_hist = [0,0,0,0,0,0,0,0,0,0,0,0,0,0,0,0,0,0,0,0,0,0,0,0,0,0,4,0,5,0,1,43,394,325,28]
stat.node.7.util.dram_avg = 1.35817e-05
stat.node.7.walltime_s = 219.951
stat.node.7.active_time_s = 27.8068
stat.node.2.cpu.0.load_issue_to_complete_count = 799
stat.node.2.cpu.0.avg_load_issue_to_complete_lat = 966.542
stat.node.2.injector.phase_cycles = 774120
stat.node.2.injector.request_bytes = 243280
stat.node.2.injector.response_bytes = 59008
stat.node.2.injector.aggregate_bytes = 302288
stat.node.2.injector.request_gbps = 6.03392
stat.node.2.injector.response_gbps = 1.46354
stat.node.2.injector.aggregate_gbps = 7.49745
stat.node.2.llc.cxl_miss = 800
stat.node.2.llc.total_miss = 800
stat.node.2.llc.avg_miss_lat = 792.158
stat.node.2.llc.avg_cxl_lat = 792.158
stat.node.2.llc.miss_lat_hist_bin_ns = 10
stat.node.2.llc.miss_lat_hist = [0,0,0,0,0,0,0,0,0,0,0,0,0,0,0,0,0,0,0,0,0,0,0,0,0,0,0,0,0,0,2,37,383,351,27]
stat.node.2.util.dram_avg = 1.34237e-05
stat.node.2.walltime_s = 220.839
stat.node.2.active_time_s = 23.7182
stat.node.4.cpu.0.load_issue_to_complete_count = 799
stat.node.4.cpu.0.avg_load_issue_to_complete_lat = 966.479
stat.node.4.injector.phase_cycles = 774095
stat.node.4.injector.request_bytes = 243216
stat.node.4.injector.response_bytes = 59008
stat.node.4.injector.aggregate_bytes = 302224
stat.node.4.injector.request_gbps = 6.03252
stat.node.4.injector.response_gbps = 1.46358
stat.node.4.injector.aggregate_gbps = 7.49611
stat.node.4.llc.cxl_miss = 800
stat.node.4.llc.total_miss = 800
stat.node.4.llc.avg_miss_lat = 792.102
stat.node.4.llc.avg_cxl_lat = 792.102
stat.node.4.llc.miss_lat_hist_bin_ns = 10
stat.node.4.llc.miss_lat_hist = [0,0,0,0,0,0,0,0,0,0,0,0,0,0,0,0,0,0,0,0,0,0,0,0,0,0,0,0,0,0,0,37,375,354,34]
stat.node.4.util.dram_avg = 1.33923e-05
stat.node.4.walltime_s = 220.921
stat.node.4.active_time_s = 28.2462
stat.pool.101.util.mem_avg = 0.188156
stat.pool.101.util.req_link_avg = 0.980052
stat.pool.101.walltime_s = 220.921
stat.pool.101.active_time_s = 0.827253
stat.pool.100.util.mem_avg = 0.188158
stat.pool.100.util.req_link_avg = 0.980054
stat.pool.100.walltime_s = 220.921
stat.pool.100.active_time_s = 0.825198
stat.switch.replicated_messages = 136512
stat.switch.util.node_ingress_avg = 0.126023
stat.switch.util.pool_ingress_avg = 0.223997
stat.switch.bw.host_to_switch_gbps = 6.19479
stat.switch.bw.switch_to_host_gbps = 2.75242
stat.switch.bw.host_link_total_gbps = 8.94721
stat.switch.walltime_s = 220.921
stat.switch.active_time_s = 3.38177
Simulation is complete, simulated time: 747.297 us
