stat.node.1.cpu.0.retired = 133
stat.node.1.cpu.0.cycles = 1000000
stat.node.2.cpu.0.retired = 129
stat.node.2.cpu.0.cycles = 1000000
stat.node.3.cpu.0.retired = 133
stat.node.3.cpu.0.cycles = 1000000
stat.node.4.cpu.0.retired = 135
stat.node.4.cpu.0.cycles = 1000000
stat.node.5.cpu.0.retired = 131
stat.node.5.cpu.0.cycles = 1000000
stat.node.6.cpu.0.retired = 127
stat.node.6.cpu.0.cycles = 1000000
stat.node.7.cpu.0.retired = 132
stat.node.0.cpu.0.retired = 135
stat.node.0.cpu.0.cycles = 1000000
stat.node.7.cpu.0.cycles = 1000000
stat.node.4.cpu.0.retired = 304
stat.node.4.cpu.0.cycles = 2000000
stat.node.5.cpu.0.retired = 295
stat.node.5.cpu.0.cycles = 2000000
stat.node.6.cpu.0.retired = 299
stat.node.6.cpu.0.cycles = 2000000
stat.node.7.cpu.0.retired = 299
stat.node.7.cpu.0.cycles = 2000000
stat.node.0.cpu.0.retired = 300
stat.node.0.cpu.0.cycles = 2000000
stat.node.1.cpu.0.retired = 297
stat.node.1.cpu.0.cycles = 2000000
stat.node.2.cpu.0.retired = 302
stat.node.2.cpu.0.cycles = 2000000
stat.node.3.cpu.0.retired = 295
stat.node.3.cpu.0.cycles = 2000000
stat.node.4.cpu.0.retired = 503
stat.node.4.cpu.0.cycles = 3000000
stat.node.5.cpu.0.retired = 489
stat.node.5.cpu.0.cycles = 3000000
stat.node.3.cpu.0.retired = 494
stat.node.3.cpu.0.cycles = 3000000
stat.node.7.cpu.0.retired = 498
stat.node.7.cpu.0.cycles = 3000000
stat.node.0.cpu.0.retired = 500
stat.node.0.cpu.0.cycles = 3000000
stat.node.1.cpu.0.retired = 494
stat.node.1.cpu.0.cycles = 3000000
stat.node.2.cpu.0.retired = 502
stat.node.2.cpu.0.cycles = 3000000
stat.node.6.cpu.0.retired = 500
stat.node.6.cpu.0.cycles = 3000000
stat.node.7.cpu.0.retired = 722
stat.node.7.cpu.0.cycles = 4000000
stat.node.0.cpu.0.retired = 720
stat.node.0.cpu.0.cycles = 4000000
stat.node.1.cpu.0.retired = 716
stat.node.1.cpu.0.cycles = 4000000
stat.node.2.cpu.0.retired = 721
stat.node.2.cpu.0.cycles = 4000000
stat.node.5.cpu.0.retired = 713
stat.node.5.cpu.0.cycles = 4000000
stat.node.4.cpu.0.retired = 720
stat.node.4.cpu.0.cycles = 4000000
stat.node.6.cpu.0.retired = 722
stat.node.6.cpu.0.cycles = 4000000
stat.node.3.cpu.0.retired = 715
stat.node.3.cpu.0.cycles = 4000000
stat.node.6.cpu.0.retired = 946
stat.node.6.cpu.0.cycles = 5000000
stat.node.4.cpu.0.retired = 946
stat.node.4.cpu.0.cycles = 5000000
stat.node.7.cpu.0.retired = 954
stat.node.7.cpu.0.cycles = 5000000
stat.node.0.cpu.0.retired = 946
stat.node.0.cpu.0.cycles = 5000000
stat.node.1.cpu.0.retired = 945
stat.node.1.cpu.0.cycles = 5000000
stat.node.2.cpu.0.retired = 947
stat.node.2.cpu.0.cycles = 5000000
stat.node.5.cpu.0.retired = 947
stat.node.3.cpu.0.retired = 948
stat.node.3.cpu.0.cycles = 5000000
stat.node.5.cpu.0.cycles = 5000000
stat.node.3.cpu.0.retired = 1185
stat.node.3.cpu.0.cycles = 6000000
stat.node.6.cpu.0.retired = 1176
stat.node.6.cpu.0.cycles = 6000000
stat.node.4.cpu.0.retired = 1180
stat.node.4.cpu.0.cycles = 6000000
stat.node.7.cpu.0.retired = 1187
stat.node.7.cpu.0.cycles = 6000000
stat.node.0.cpu.0.retired = 1178
stat.node.0.cpu.0.cycles = 6000000
stat.node.1.cpu.0.retired = 1187
stat.node.1.cpu.0.cycles = 6000000
stat.node.2.cpu.0.retired = 1183
stat.node.2.cpu.0.cycles = 6000000
stat.node.5.cpu.0.retired = 1189
stat.node.5.cpu.0.cycles = 6000000
stat.node.4.cpu.0.retired = 1416
stat.node.4.cpu.0.cycles = 7000000
stat.node.7.cpu.0.retired = 1418
stat.node.7.cpu.0.cycles = 7000000
stat.node.0.cpu.0.retired = 1418
stat.node.0.cpu.0.cycles = 7000000
stat.node.1.cpu.0.retired = 1413
stat.node.1.cpu.0.cycles = 7000000
stat.node.5.cpu.0.retired = 1422
stat.node.5.cpu.0.cycles = 7000000
stat.node.2.cpu.0.retired = 1416
stat.node.2.cpu.0.cycles = 7000000
stat.node.3.cpu.0.retired = 1421
stat.node.3.cpu.0.cycles = 7000000
stat.node.6.cpu.0.retired = 1411
stat.node.6.cpu.0.cycles = 7000000
stat.node.5.cpu.0.load_issue_to_complete_count = 799
stat.node.5.cpu.0.avg_load_issue_to_complete_lat = 4200.5
stat.node.5.injector.phase_cycles = 3362147
stat.node.5.injector.request_bytes = 1082512
stat.node.5.injector.response_bytes = 962112
stat.node.5.injector.aggregate_bytes = 2044624
stat.node.5.injector.request_gbps = 6.18183
stat.node.5.injector.response_gbps = 5.49427
stat.node.5.injector.aggregate_gbps = 11.6761
stat.node.5.llc.cxl_miss = 800
stat.node.5.llc.total_miss = 800
stat.node.5.llc.avg_miss_lat = 3976.51
stat.node.5.llc.avg_cxl_lat = 3976.51
stat.node.5.llc.miss_lat_hist_bin_ns = 10
stat.node.5.llc.miss_lat_hist = [0,0,0,0,0,0,0,0,0,0,0,0,0,0,0,0,0,0,0,0,0,0,0,0,0,0,0,0,0,0,0,0,0,0,0,0,0,0,0,0,0,0,0,0,0,0,0,0,0,0,0,0,0,0,0,0,0,0,0,0,0,0,0,0,0,0,0,0,0,0,1,0,0,0,0,0,0,0,1,1,1,0,0,0,1,0,1,1,0,1,0,1,0,0,1,0,0,0,0,3,0,1,0,3,1,2,7,1,3,2,3,3,0,4,8,3,3,4,4,10,7,9,10,7,8,5,5,10,8,6,9,10,6,8,7,7,6,12,6,10,6,8,8,6,6,5,4,2,3,3,5,4,4,6,4,4,8,8,7,7,15,8,10,6,14,8,10,19,7,17,17,12,7,14,14,13,12,11,12,9,6,7,2,12,9,6,4,1,4,7,5,3,3,4,4,2,0,2,6,2,1,2,3,4,1,3,2,1,3,6,1,0,4,2,7,3,5,3,2,2,6,1,5,3,1,1,1,2,3,3,0,4,1,4,3,2,2,1,0,4,1,4,3,2,0,1,0,1,2,4,1,0,0,3,1,0,2,1,1,0,0,0,4,0,0,0,0,0,0,0,0,0,0,0,0,0,0,0,0,0,1,0,0,0,0,0,0,0,0,1,0,0,0,0,2]
stat.node.5.util.dram_avg = 3.09638e-06
stat.node.5.walltime_s = 1031.54
stat.node.5.active_time_s = 123.192
stat.node.3.cpu.0.load_issue_to_complete_count = 799
stat.node.3.cpu.0.avg_load_issue_to_complete_lat = 4223.5
stat.node.3.injector.phase_cycles = 3379224
stat.node.3.injector.request_bytes = 1069768
stat.node.3.injector.response_bytes = 950976
stat.node.3.injector.aggregate_bytes = 2020744
stat.node.3.injector.request_gbps = 6.07818
stat.node.3.injector.response_gbps = 5.40323
stat.node.3.injector.aggregate_gbps = 11.4814
stat.node.3.llc.cxl_miss = 800
stat.node.3.llc.total_miss = 800
stat.node.3.llc.avg_miss_lat = 3992.37
stat.node.3.llc.avg_cxl_lat = 3992.37
stat.node.3.llc.miss_lat_hist_bin_ns = 10
stat.node.3.llc.miss_lat_hist = [0,0,0,0,0,0,0,0,0,0,0,0,0,0,0,0,0,0,0,0,0,0,0,0,0,0,0,0,0,0,0,0,0,0,0,0,0,0,0,0,0,0,0,0,0,0,0,0,0,0,0,0,0,0,0,0,0,0,0,0,0,0,0,0,0,0,0,0,0,0,0,0,0,1,1,0,0,1,0,0,0,1,0,2,0,0,1,0,0,0,2,1,0,0,0,1,2,2,0,1,1,1,0,1,2,3,3,0,0,2,5,5,2,2,5,5,3,2,6,9,9,2,3,5,8,8,9,7,5,11,3,7,7,12,3,4,7,10,8,11,6,5,5,4,0,4,1,3,8,2,5,3,6,6,7,2,9,5,10,7,11,9,15,9,11,12,12,26,21,11,13,4,11,19,8,11,11,12,13,12,17,14,8,7,7,4,4,2,7,2,2,4,4,5,3,4,1,1,2,4,3,4,2,2,5,1,5,3,5,5,3,4,5,6,4,2,5,2,6,4,2,1,5,1,0,3,0,0,0,2,1,2,3,2,3,3,1,2,1,3,1,2,3,2,1,2,2,0,0,0,1,0,0,4,2,0,1,1,0,0,0,0,1,0,1,0,0,0,0,0,0,0,0,0,0,0,0,0,0,0,0,0,0,0,1,0,0,0,1]
stat.node.3.util.dram_avg = 3.09396e-06
stat.node.3.walltime_s = 1032.33
stat.node.3.active_time_s = 108.852
stat.node.2.cpu.0.load_issue_to_complete_count = 799
stat.node.2.cpu.0.avg_load_issue_to_complete_lat = 4267.42
stat.node.2.injector.phase_cycles = 3415053
stat.node.2.injector.request_bytes = 1082152
stat.node.2.injector.response_bytes = 961728
stat.node.2.injector.aggregate_bytes = 2043880
stat.node.2.injector.request_gbps = 6.08404
stat.node.2.injector.response_gbps = 5.407
stat.node.2.injector.aggregate_gbps = 11.491
stat.node.2.llc.cxl_miss = 800
stat.node.2.llc.total_miss = 800
stat.node.2.llc.avg_miss_lat = 4039.95
stat.node.2.llc.avg_cxl_lat = 4039.95
stat.node.2.llc.miss_lat_hist_bin_ns = 10
stat.node.2.llc.miss_lat_hist = [0,0,0,0,0,0,0,0,0,0,0,0,0,0,0,0,0,0,0,0,0,0,0,0,0,0,0,0,0,0,0,0,0,0,0,0,0,0,0,0,0,0,0,0,0,0,0,0,0,0,0,0,0,0,0,0,0,0,0,0,0,0,0,0,0,0,0,0,1,0,1,0,1,1,1,0,0,1,3,2,1,0,1,0,0,1,0,0,1,0,0,0,0,2,0,0,0,2,0,1,1,1,1,4,0,0,0,3,4,1,1,4,2,2,9,3,3,6,4,5,8,4,5,4,5,4,6,6,6,7,7,11,3,9,5,7,7,5,10,3,10,5,6,2,3,5,5,6,5,6,3,8,5,7,4,4,7,8,10,6,6,4,8,15,7,11,13,25,9,14,8,15,17,11,11,10,14,15,10,9,7,11,5,7,11,4,6,5,4,5,4,5,12,3,4,8,2,3,2,2,4,2,1,0,2,4,4,1,1,1,1,4,6,5,10,4,3,1,4,4,4,4,0,4,1,6,0,1,2,2,2,7,1,0,5,0,2,1,2,3,4,1,3,3,1,4,2,1,2,0,0,1,0,0,1,0,2,0,1,1,2,0,5,0,0,1,0,0,0,0,0,0,0,0,0,0,0,0,0,0,0,0,0,0,1,0,0,0,0,0,1,0,0,1]
stat.node.2.util.dram_avg = 3.09323e-06
stat.node.2.walltime_s = 1032.6
stat.node.2.active_time_s = 119.907
stat.node.4.cpu.0.load_issue_to_complete_count = 799
stat.node.4.cpu.0.avg_load_issue_to_complete_lat = 4249.28
stat.node.4.injector.phase_cycles = 3399959
stat.node.4.injector.request_bytes = 1089280
stat.node.4.injector.response_bytes = 968384
stat.node.4.injector.aggregate_bytes = 2057664
stat.node.4.injector.request_gbps = 6.1513
stat.node.4.injector.response_gbps = 5.46859
stat.node.4.injector.aggregate_gbps = 11.6199
stat.node.4.llc.cxl_miss = 800
stat.node.4.llc.total_miss = 800
stat.node.4.llc.avg_miss_lat = 4021.64
stat.node.4.llc.avg_cxl_lat = 4021.64
stat.node.4.llc.miss_lat_hist_bin_ns = 10
stat.node.4.llc.miss_lat_hist = [0,0,0,0,0,0,0,0,0,0,0,0,0,0,0,0,0,0,0,0,0,0,0,0,0,0,0,0,0,0,0,0,0,0,0,0,0,0,0,0,0,0,0,0,0,0,0,0,0,0,0,0,0,0,0,0,0,0,0,0,0,0,0,0,0,0,0,0,0,0,0,0,1,0,0,1,1,0,1,0,1,0,0,1,4,0,1,0,2,0,0,0,0,0,0,0,0,0,1,0,1,2,1,1,3,1,5,1,2,1,3,2,4,7,0,2,3,2,3,3,5,5,4,8,6,5,10,6,3,8,7,11,3,4,5,6,4,7,9,3,3,9,8,6,5,2,5,5,3,5,2,3,3,6,12,7,7,8,8,5,11,11,14,18,13,14,14,15,8,23,16,14,15,15,11,14,9,12,14,5,17,12,4,9,10,9,9,7,3,6,4,2,2,1,3,3,1,3,2,3,4,4,0,3,2,2,1,2,1,8,6,3,7,3,6,0,3,7,1,0,1,3,4,2,2,0,0,2,3,1,2,6,2,1,3,1,1,1,3,1,1,0,1,0,1,3,2,0,3,1,1,0,2,1,4,0,1,0,0,3,0,1,3,0,1,0,0,1]
stat.node.4.util.dram_avg = 3.09013e-06
stat.node.4.walltime_s = 1032.92
stat.node.4.active_time_s = 98.023
stat.node.0.cpu.0.load_issue_to_complete_count = 799
stat.node.0.cpu.0.avg_load_issue_to_complete_lat = 4244.2
stat.node.0.injector.phase_cycles = 3396106
stat.node.0.injector.request_bytes = 1085824
stat.node.0.injector.response_bytes = 965248
stat.node.0.injector.aggregate_bytes = 2051072
stat.node.0.injector.request_gbps = 6.13874
stat.node.0.injector.response_gbps = 5.45706
stat.node.0.injector.aggregate_gbps = 11.5958
stat.node.0.llc.cxl_miss = 800
stat.node.0.llc.total_miss = 800
stat.node.0.llc.avg_miss_lat = 4012.2
stat.node.0.llc.avg_cxl_lat = 4012.2
stat.node.0.llc.miss_lat_hist_bin_ns = 10
stat.node.0.llc.miss_lat_hist = [0,0,0,0,0,0,0,0,0,0,0,0,0,0,0,0,0,0,0,0,0,0,0,0,0,0,0,0,0,0,0,0,0,0,0,0,0,0,0,0,0,0,0,0,0,0,0,0,0,0,0,0,0,0,0,0,0,0,0,0,0,0,0,0,0,0,0,0,0,0,0,0,0,0,0,1,0,0,1,1,3,0,0,0,1,2,0,0,0,0,1,1,1,1,0,0,1,2,0,0,0,1,0,4,4,2,2,2,2,4,2,5,1,6,5,5,2,1,4,1,5,4,6,3,3,7,7,3,6,6,5,8,4,9,7,6,7,4,8,9,2,11,6,2,8,10,3,6,6,5,6,8,6,7,7,5,9,4,7,10,12,11,9,9,9,12,7,14,8,9,13,17,10,18,11,13,14,16,17,14,15,9,6,10,8,9,11,4,7,4,2,3,2,3,3,6,4,1,4,2,3,3,2,3,2,1,4,0,0,3,7,2,6,6,5,3,2,6,1,0,2,2,1,3,0,3,2,7,2,7,1,2,2,0,3,1,1,1,2,2,1,0,3,3,3,2,0,3,1,2,0,0,1,1,1,0,0,0,0,1,1,0,0,1,0,0,0,0,0,1,0,1,0,0,0,0,0,0,0,0,0,0,0,0,0,0,0,0,0,0,0,0,0,0,1]
stat.node.0.util.dram_avg = 3.09011e-06
stat.node.0.walltime_s = 1032.92
stat.node.0.active_time_s = 113.364
stat.node.7.cpu.0.load_issue_to_complete_count = 799
stat.node.7.cpu.0.avg_load_issue_to_complete_lat = 4278.87
stat.node.7.injector.phase_cycles = 3423329
stat.node.7.injector.request_bytes = 1079992
stat.node.7.injector.response_bytes = 960320
stat.node.7.injector.aggregate_bytes = 2040312
stat.node.7.injector.request_gbps = 6.05722
stat.node.7.injector.response_gbps = 5.38603
stat.node.7.injector.aggregate_gbps = 11.4432
stat.node.7.llc.cxl_miss = 800
stat.node.7.llc.total_miss = 800
stat.node.7.llc.avg_miss_lat = 4046.58
stat.node.7.llc.avg_cxl_lat = 4046.58
stat.node.7.llc.miss_lat_hist_bin_ns = 10
stat.node.7.llc.miss_lat_hist = [0,0,0,0,0,0,0,0,0,0,0,0,0,0,0,0,0,0,0,0,0,0,0,0,0,0,0,0,0,0,0,0,0,0,0,0,0,0,0,0,0,0,0,0,0,0,0,0,0,0,0,0,0,0,0,0,0,0,0,0,0,0,0,0,0,0,0,0,0,0,0,0,0,0,0,0,0,0,0,0,1,1,0,0,1,1,2,1,0,0,0,0,1,0,1,1,2,1,0,0,0,2,1,0,0,1,2,1,1,3,2,4,3,3,6,6,4,2,2,8,4,5,4,4,7,8,2,7,11,5,7,8,5,9,6,6,7,7,4,4,8,12,7,4,7,5,8,6,2,1,3,3,7,6,4,4,7,6,8,8,9,6,13,9,18,16,14,15,10,13,18,5,13,11,8,12,21,10,15,5,7,8,10,11,11,5,8,8,7,7,4,2,5,2,2,1,5,5,3,3,1,2,3,2,1,2,4,2,1,6,9,4,10,5,4,6,2,1,4,2,5,2,3,3,0,3,3,0,3,1,1,3,2,1,4,0,0,3,2,5,1,1,1,3,3,1,1,0,2,0,2,3,1,1,1,0,0,0,1,1,0,0,2,0,1,1,0,1,0,0,0,0,0,0,0,0,0,0,0,0,1,0,0,0,0,1]
stat.node.7.util.dram_avg = 3.08818e-06
stat.node.7.walltime_s = 1033.16
stat.node.7.active_time_s = 111.921
stat.node.1.cpu.0.load_issue_to_complete_count = 799
stat.node.1.cpu.0.avg_load_issue_to_complete_lat = 4258.27
stat.node.1.injector.phase_cycles = 3406730
stat.node.1.injector.request_bytes = 1091224
stat.node.1.injector.response_bytes = 969792
stat.node.1.injector.aggregate_bytes = 2061016
stat.node.1.injector.request_gbps = 6.15003
stat.node.1.injector.response_gbps = 5.46565
stat.node.1.injector.aggregate_gbps = 11.6157
stat.node.1.llc.cxl_miss = 800
stat.node.1.llc.total_miss = 800
stat.node.1.llc.avg_miss_lat = 4032.21
stat.node.1.llc.avg_cxl_lat = 4032.21
stat.node.1.llc.miss_lat_hist_bin_ns = 10
stat.node.1.llc.miss_lat_hist = [0,0,0,0,0,0,0,0,0,0,0,0,0,0,0,0,0,0,0,0,0,0,0,0,0,0,0,0,0,0,0,0,0,0,0,0,0,0,0,0,0,0,0,0,0,0,0,0,0,0,0,0,0,0,0,0,0,0,0,0,0,0,0,0,0,0,0,0,0,1,0,0,0,0,0,0,0,1,2,0,0,1,1,0,1,0,1,0,0,0,0,3,1,0,1,0,1,0,0,0,1,1,1,1,3,1,1,1,4,4,3,1,2,2,9,3,4,2,3,5,8,7,8,7,4,6,11,9,1,7,4,3,6,12,3,6,6,6,3,7,7,5,10,6,4,3,3,4,4,2,7,5,5,2,6,8,7,6,4,12,7,5,11,10,19,11,15,23,12,13,16,12,15,15,11,15,13,13,13,8,12,7,6,10,8,7,8,2,5,7,3,4,4,3,1,1,1,2,1,2,4,5,4,2,1,2,2,3,5,3,4,2,3,4,7,3,4,6,3,2,2,2,4,4,2,4,0,2,2,3,4,4,0,3,1,1,1,0,2,1,5,4,4,1,2,1,1,2,3,0,3,1,0,1,2,0,1,1,0,1,2,1,0,0,0,1,0,0,0,0,1]
stat.node.1.util.dram_avg = 3.08089e-06
stat.node.1.walltime_s = 1033.75
stat.node.1.active_time_s = 117.18
stat.node.6.cpu.0.load_issue_to_complete_count = 799
stat.node.6.cpu.0.avg_load_issue_to_complete_lat = 4314.96
stat.node.6.injector.phase_cycles = 3452285
stat.node.6.injector.request_bytes = 1083160
stat.pool.100.util.mem_avg = 0.290365
stat.pool.100.util.req_link_avg = 0.99993
stat.pool.100.walltime_s = 1033.79
stat.pool.100.active_time_s = 3.54894
stat.switch.replicated_messages = 275400
stat.switch.util.node_ingress_avg = 0.125024
stat.switch.util.pool_ingress_avg = 0.931263
stat.switch.bw.host_to_switch_gbps = 6.14529
stat.switch.bw.switch_to_host_gbps = 5.72168
stat.switch.bw.host_link_total_gbps = 11.867
stat.switch.walltime_s = 1033.79
stat.switch.active_time_s = 14.6112
stat.node.6.injector.response_bytes = 963584
stat.node.6.injector.aggregate_bytes = 2046744
stat.node.6.injector.request_gbps = 6.02403
stat.node.6.injector.response_gbps = 5.35901
stat.node.6.injector.aggregate_gbps = 11.383
stat.node.6.llc.cxl_miss = 800
stat.node.6.llc.total_miss = 800
stat.node.6.llc.avg_miss_lat = 4089.49
stat.node.6.llc.avg_cxl_lat = 4089.49
stat.node.6.llc.miss_lat_hist_bin_ns = 10
stat.node.6.llc.miss_lat_hist = [0,0,0,0,0,0,0,0,0,0,0,0,0,0,0,0,0,0,0,0,0,0,0,0,0,0,0,0,0,0,0,0,0,0,0,0,0,0,0,0,0,0,0,0,0,0,0,0,0,0,0,0,0,0,0,0,0,0,0,0,0,0,0,0,0,0,0,0,1,0,0,0,1,1,0,1,0,0,1,0,0,2,1,4,2,1,1,0,1,1,1,0,0,1,0,1,0,1,1,1,2,3,1,3,1,0,2,4,0,0,2,3,4,0,5,2,5,1,3,3,4,3,7,9,2,5,6,10,5,6,5,7,6,7,3,4,4,7,8,6,4,5,5,4,4,3,2,2,4,2,5,3,3,4,11,2,10,9,6,10,11,9,8,7,13,15,10,16,15,10,12,14,11,22,17,13,14,11,12,12,7,11,8,9,9,9,9,2,4,9,4,0,3,4,3,3,1,3,2,5,3,7,1,2,1,4,3,6,4,1,5,0,4,4,6,4,4,4,1,5,3,3,2,4,3,4,3,4,2,3,1,2,1,4,1,1,3,3,2,4,3,2,2,0,2,4,0,2,2,2,4,0,2,1,1,0,1,2,1,0,0,0,0,0,1,0,1,0,2,0,0,1,0,0,0,0,1,0,0,1,0,0,0,0,1,2]
stat.node.6.util.dram_avg = 3.07996e-06
stat.node.6.walltime_s = 1033.79
stat.node.6.active_time_s = 118.673
Simulation is complete, simulated time: 3.2494 ms
