stat.node.1.cpu.0.retired = 881
stat.node.1.cpu.0.cycles = 1000000
stat.node.2.cpu.0.retired = 875
stat.node.2.cpu.0.cycles = 1000000
stat.node.3.cpu.0.retired = 882
stat.node.3.cpu.0.cycles = 1000000
stat.node.4.cpu.0.retired = 877
stat.node.4.cpu.0.cycles = 1000000
stat.node.5.cpu.0.retired = 873
stat.node.5.cpu.0.cycles = 1000000
stat.node.6.cpu.0.retired = 880
stat.node.6.cpu.0.cycles = 1000000
stat.node.7.cpu.0.retired = 872
stat.node.7.cpu.0.cycles = 1000000
stat.node.0.cpu.0.retired = 878
stat.node.0.cpu.0.cycles = 1000000
stat.node.1.cpu.0.load_issue_to_complete_count = 799
stat.node.1.cpu.0.avg_load_issue_to_complete_lat = 887.096
stat.node.1.injector.phase_cycles = 710536
stat.node.1.injector.request_bytes = 187856
stat.node.1.injector.response_bytes = 795648
stat.node.1.injector.aggregate_bytes = 983504
stat.node.1.injector.request_gbps = 5.07622
stat.node.1.injector.response_gbps = 21.4999
stat.node.1.injector.aggregate_gbps = 26.5761
stat.node.1.llc.cxl_miss = 800
stat.node.1.llc.total_miss = 800
stat.node.1.llc.avg_miss_lat = 714.23
stat.node.1.llc.avg_cxl_lat = 714.23
stat.node.1.llc.miss_lat_hist_bin_ns = 10
stat.node.1.llc.miss_lat_hist = [0,0,0,0,0,0,0,0,0,0,0,0,0,0,0,0,0,0,0,0,0,0,0,0,0,0,209,50,35,106,61,86,165,78,10]
stat.node.1.util.dram_avg = 1.46715e-05
stat.node.1.walltime_s = 167.624
stat.node.1.active_time_s = 22.6444
stat.node.3.cpu.0.load_issue_to_complete_count = 799
stat.node.3.cpu.0.avg_load_issue_to_complete_lat = 889.184
stat.node.3.injector.phase_cycles = 712176
stat.node.3.injector.request_bytes = 188280
stat.node.3.injector.response_bytes = 797632
stat.node.3.injector.aggregate_bytes = 985912
stat.node.3.injector.request_gbps = 5.07596
stat.node.3.injector.response_gbps = 21.5039
stat.node.3.injector.aggregate_gbps = 26.5798
stat.node.3.llc.cxl_miss = 800
stat.node.3.llc.total_miss = 800
stat.node.3.llc.avg_miss_lat = 716.305
stat.node.3.llc.avg_cxl_lat = 716.305
stat.node.3.llc.miss_lat_hist_bin_ns = 10
stat.node.3.llc.miss_lat_hist = [0,0,0,0,0,0,0,0,0,0,0,0,0,0,0,0,0,0,0,0,0,0,0,0,0,0,218,32,63,59,75,92,150,77,34]
stat.node.3.util.dram_avg = 1.46658e-05
stat.node.3.walltime_s = 167.639
stat.node.3.active_time_s = 23.6021
stat.node.6.cpu.0.load_issue_to_complete_count = 799
stat.node.6.cpu.0.avg_load_issue_to_complete_lat = 888.859
stat.node.6.injector.phase_cycles = 712025
stat.node.6.injector.request_bytes = 188256
stat.node.6.injector.response_bytes = 797568
stat.node.6.injector.aggregate_bytes = 985824
stat.node.6.injector.request_gbps = 5.07639
stat.node.6.injector.response_gbps = 21.5067
stat.node.6.injector.aggregate_gbps = 26.5831
stat.node.6.llc.cxl_miss = 800
stat.node.6.llc.total_miss = 800
stat.node.6.llc.avg_miss_lat = 715.559
stat.node.6.llc.avg_cxl_lat = 715.559
stat.node.6.llc.miss_lat_hist_bin_ns = 10
stat.node.6.llc.miss_lat_hist = [0,0,0,0,0,0,0,0,0,0,0,0,0,0,0,0,0,0,0,0,0,0,0,0,0,0,200,52,59,63,65,136,146,61,18]
stat.node.6.util.dram_avg = 1.4652e-05
stat.node.6.walltime_s = 167.706
stat.node.6.active_time_s = 25.4207
stat.node.4.cpu.0.load_issue_to_complete_count = 799
stat.node.4.cpu.0.avg_load_issue_to_complete_lat = 890.472
stat.node.4.injector.phase_cycles = 713232
stat.node.4.injector.request_bytes = 188624
stat.node.4.injector.response_bytes = 798784
stat.node.4.injector.aggregate_bytes = 987408
stat.node.4.injector.request_gbps = 5.0777
stat.node.4.injector.response_gbps = 21.503
stat.node.4.injector.aggregate_gbps = 26.5807
stat.node.4.llc.cxl_miss = 800
stat.node.4.llc.total_miss = 800
stat.node.4.llc.avg_miss_lat = 717.737
stat.node.4.llc.avg_cxl_lat = 717.737
stat.node.4.llc.miss_lat_hist_bin_ns = 10
stat.node.4.llc.miss_lat_hist = [0,0,0,0,0,0,0,0,0,0,0,0,0,0,0,0,0,0,0,0,0,0,0,0,0,0,215,47,47,64,49,102,149,105,21,1]
stat.node.4.util.dram_avg = 1.46196e-05
stat.node.4.walltime_s = 167.802
stat.node.4.active_time_s = 19.6931
stat.node.0.cpu.0.load_issue_to_complete_count = 799
stat.node.0.cpu.0.avg_load_issue_to_complete_lat = 895.695
stat.node.0.injector.phase_cycles = 717371
stat.node.0.injector.request_bytes = 189712
stat.node.0.injector.response_bytes = 803456
stat.node.0.injector.aggregate_bytes = 993168
stat.node.0.injector.request_gbps = 5.07753
stat.node.0.injector.response_gbps = 21.504
stat.node.0.injector.aggregate_gbps = 26.5815
stat.node.0.llc.cxl_miss = 800
stat.node.0.llc.total_miss = 800
stat.node.0.llc.avg_miss_lat = 722.405
stat.node.0.llc.avg_cxl_lat = 722.405
stat.node.0.llc.miss_lat_hist_bin_ns = 10
stat.node.0.llc.miss_lat_hist = [0,0,0,0,0,0,0,0,0,0,0,0,0,0,0,0,0,0,0,0,0,0,0,0,0,0,144,84,33,79,70,97,229,57,7]
stat.node.0.util.dram_avg = 1.45876e-05
stat.node.0.walltime_s = 167.899
stat.node.0.active_time_s = 21.1588
stat.node.5.cpu.0.load_issue_to_complete_count = 799
stat.node.5.cpu.0.avg_load_issue_to_complete_lat = 894.395
stat.node.5.injector.phase_cycles = 716365
stat.node.5.injector.request_bytes = 189448
stat.node.5.injector.response_bytes = 802304
stat.node.5.injector.aggregate_bytes = 991752
stat.node.5.injector.request_gbps = 5.07758
stat.node.5.injector.response_gbps = 21.5033
stat.node.5.injector.aggregate_gbps = 26.5809
stat.node.5.llc.cxl_miss = 800
stat.node.5.llc.total_miss = 800
stat.node.5.llc.avg_miss_lat = 721.76
stat.node.5.llc.avg_cxl_lat = 721.76
stat.node.5.llc.miss_lat_hist_bin_ns = 10
stat.node.5.llc.miss_lat_hist = [0,0,0,0,0,0,0,0,0,0,0,0,0,0,0,0,0,0,0,0,0,0,0,0,0,0,198,43,46,53,55,90,195,118,2]
stat.node.5.util.dram_avg = 1.45649e-05
stat.node.5.walltime_s = 168.008
stat.node.5.active_time_s = 24.8262
stat.node.2.cpu.0.load_issue_to_complete_count = 799
stat.node.2.cpu.0.avg_load_issue_to_complete_lat = 896.046
stat.node.2.injector.phase_cycles = 717693
stat.node.2.injector.request_bytes = 189760
stat.node.2.injector.response_bytes = 803584
stat.node.2.injector.aggregate_bytes = 993344
stat.node.2.injector.request_gbps = 5.07653
stat.node.2.injector.response_gbps = 21.4978
stat.node.2.injector.aggregate_gbps = 26.5743
stat.node.2.llc.cxl_miss = 800
stat.node.2.llc.total_miss = 800
stat.node.2.llc.avg_miss_lat = 722.778
stat.node.2.llc.avg_cxl_lat = 722.778
stat.node.2.llc.miss_lat_hist_bin_ns = 10
stat.node.2.llc.miss_lat_hist = [0,0,0,0,0,0,0,0,0,0,0,0,0,0,0,0,0,0,0,0,0,0,0,0,0,0,205,30,50,74,51,77,174,105,21,13]
stat.node.2.util.dram_avg = 1.45619e-05
stat.node.2.walltime_s = 168.027
stat.node.2.active_time_s = 23.7479
stat.node.7.cpu.0.load_issue_to_complete_count = 799
stat.node.7.cpu.0.avg_load_issue_to_complete_lat = 898.677
stat.node.7.injector.phase_cycles = 719761
stat.node.7.injector.request_bytes = 190304
stat.node.7.injector.response_bytes = 805952
stat.node.7.injector.aggregate_bytes = 996256
stat.node.7.injector.request_gbps = 5.07646
stat.node.7.injector.response_gbps = 21.4992
stat.node.7.injector.aggregate_gbps = 26.5756
stat.node.7.llc.cxl_miss = 800
stat.node.7.llc.total_miss = 800
stat.node.7.llc.avg_miss_lat = 725.435
stat.node.7.llc.avg_cxl_lat = 725.435
stat.node.7.llc.miss_lat_hist_bin_ns = 10
stat.node.7.llc.miss_lat_hist = [0,0,0,0,0,0,0,0,0,0,0,0,0,0,0,0,0,0,0,0,0,0,0,0,0,0,195,34,37,80,58,88,162,103,43]
stat.node.7.util.dram_avg = 1.45254e-05
stat.node.7.walltime_s = 168.12
stat.node.7.active_time_s = 20.8163
stat.pool.106.util.mem_avg = 0.147331
stat.pool.106.util.req_link_avg = 0.455259
stat.pool.106.walltime_s = 168.12
stat.pool.106.active_time_s = 0.534354
stat.pool.105.util.mem_avg = 0.147331
stat.pool.105.util.req_link_avg = 0.455259
stat.pool.105.walltime_s = 168.12
stat.pool.105.active_time_s = 0.554856
stat.pool.104.util.mem_avg = 0.147332
stat.pool.104.util.req_link_avg = 0.455261
stat.pool.104.walltime_s = 168.12
stat.pool.104.active_time_s = 0.523007
stat.pool.103.util.mem_avg = 0.147332
stat.pool.103.util.req_link_avg = 0.455261
stat.pool.103.walltime_s = 168.12
stat.pool.103.active_time_s = 0.576955
stat.pool.102.util.mem_avg = 0.147332
stat.pool.102.util.req_link_avg = 0.455261
stat.pool.102.walltime_s = 168.12
stat.pool.102.active_time_s = 0.557375
stat.pool.101.util.mem_avg = 0.147332
stat.pool.101.util.req_link_avg = 0.455261
stat.pool.101.walltime_s = 168.12
stat.pool.101.active_time_s = 0.591684
stat.pool.100.util.mem_avg = 0.147333
stat.pool.100.util.req_link_avg = 0.455261
stat.pool.100.walltime_s = 168.12
stat.pool.100.active_time_s = 0.666467
stat.switch.replicated_messages = 179872
stat.switch.util.node_ingress_avg = 0.106812
stat.switch.util.pool_ingress_avg = 0.532108
stat.switch.bw.host_to_switch_gbps = 5.25024
stat.switch.bw.switch_to_host_gbps = 22.8854
stat.switch.bw.host_link_total_gbps = 28.1356
stat.switch.walltime_s = 168.12
stat.switch.active_time_s = 3.4507
Simulation is complete, simulated time: 688.998 us
