stat.node.2.cpu.0.retired = 880
stat.node.2.cpu.0.cycles = 1000000
stat.node.3.cpu.0.retired = 884
stat.node.3.cpu.0.cycles = 1000000
stat.node.4.cpu.0.retired = 876
stat.node.4.cpu.0.cycles = 1000000
stat.node.5.cpu.0.retired = 891
stat.node.5.cpu.0.cycles = 1000000
stat.node.6.cpu.0.retired = 880
stat.node.6.cpu.0.cycles = 1000000
stat.node.7.cpu.0.retired = 882
stat.node.7.cpu.0.cycles = 1000000
stat.node.0.cpu.0.retired = 899
stat.node.0.cpu.0.cycles = 1000000
stat.node.1.cpu.0.retired = 888
stat.node.1.cpu.0.cycles = 1000000
stat.node.0.cpu.0.load_issue_to_complete_count = 799
stat.node.0.cpu.0.avg_load_issue_to_complete_lat = 873.956
stat.node.0.injector.phase_cycles = 700055
stat.node.0.injector.request_bytes = 233776
stat.node.0.injector.response_bytes = 295296
stat.node.0.injector.aggregate_bytes = 529072
stat.node.0.injector.request_gbps = 6.41164
stat.node.0.injector.response_gbps = 8.09891
stat.node.0.injector.aggregate_gbps = 14.5105
stat.node.0.llc.cxl_miss = 800
stat.node.0.llc.total_miss = 800
stat.node.0.llc.avg_miss_lat = 701.121
stat.node.0.llc.avg_cxl_lat = 701.121
stat.node.0.llc.miss_lat_hist_bin_ns = 10
stat.node.0.llc.miss_lat_hist = [0,0,0,0,0,0,0,0,0,0,0,0,0,0,0,0,0,0,0,0,0,0,0,0,0,0,81,250,62,139,16,182,70]
stat.node.0.util.dram_avg = 1.48999e-05
stat.node.0.walltime_s = 327.216
stat.node.0.active_time_s = 26.4664
stat.node.1.cpu.0.load_issue_to_complete_count = 799
stat.node.1.cpu.0.avg_load_issue_to_complete_lat = 877.571
stat.node.1.injector.phase_cycles = 703039
stat.node.1.injector.request_bytes = 234760
stat.node.1.injector.response_bytes = 296576
stat.node.1.injector.aggregate_bytes = 531336
stat.node.1.injector.request_gbps = 6.4113
stat.node.1.injector.response_gbps = 8.09949
stat.node.1.injector.aggregate_gbps = 14.5108
stat.node.1.llc.cxl_miss = 800
stat.node.1.llc.total_miss = 800
stat.node.1.llc.avg_miss_lat = 704.558
stat.node.1.llc.avg_cxl_lat = 704.558
stat.node.1.llc.miss_lat_hist_bin_ns = 10
stat.node.1.llc.miss_lat_hist = [0,0,0,0,0,0,0,0,0,0,0,0,0,0,0,0,0,0,0,0,0,0,0,0,0,0,20,235,223,105,5,33,137,41,1]
stat.node.1.util.dram_avg = 1.47836e-05
stat.node.1.walltime_s = 328.049
stat.node.1.active_time_s = 21.982
stat.node.5.cpu.0.load_issue_to_complete_count = 799
stat.node.5.cpu.0.avg_load_issue_to_complete_lat = 883.959
stat.node.5.injector.phase_cycles = 708018
stat.node.5.injector.request_bytes = 236440
stat.node.5.injector.response_bytes = 298688
stat.node.5.injector.aggregate_bytes = 535128
stat.node.5.injector.request_gbps = 6.41177
stat.node.5.injector.response_gbps = 8.09981
stat.node.5.injector.aggregate_gbps = 14.5116
stat.node.5.llc.cxl_miss = 800
stat.node.5.llc.total_miss = 800
stat.node.5.llc.avg_miss_lat = 710.587
stat.node.5.llc.avg_cxl_lat = 710.587
stat.node.5.llc.miss_lat_hist_bin_ns = 10
stat.node.5.llc.miss_lat_hist = [0,0,0,0,0,0,0,0,0,0,0,0,0,0,0,0,0,0,0,0,0,0,0,0,0,0,62,222,114,80,88,20,158,56]
stat.node.5.util.dram_avg = 1.47719e-05
stat.node.5.walltime_s = 328.105
stat.node.5.active_time_s = 23.4569
stat.node.7.cpu.0.load_issue_to_complete_count = 799
stat.node.7.cpu.0.avg_load_issue_to_complete_lat = 878.831
stat.node.7.injector.phase_cycles = 703920
stat.node.7.injector.request_bytes = 235072
stat.node.7.injector.response_bytes = 296896
stat.node.7.injector.aggregate_bytes = 531968
stat.node.7.injector.request_gbps = 6.41178
stat.node.7.injector.response_gbps = 8.09808
stat.node.7.injector.aggregate_gbps = 14.5099
stat.node.7.llc.cxl_miss = 800
stat.node.7.llc.total_miss = 800
stat.node.7.llc.avg_miss_lat = 705.681
stat.node.7.llc.avg_cxl_lat = 705.681
stat.node.7.llc.miss_lat_hist_bin_ns = 10
stat.node.7.llc.miss_lat_hist = [0,0,0,0,0,0,0,0,0,0,0,0,0,0,0,0,0,0,0,0,0,0,0,0,0,0,90,278,94,111,11,0,21,182,13]
stat.node.7.util.dram_avg = 1.47224e-05
stat.node.7.walltime_s = 328.561
stat.node.7.active_time_s = 23.4124
stat.node.3.cpu.0.load_issue_to_complete_count = 799
stat.node.3.cpu.0.avg_load_issue_to_complete_lat = 882.698
stat.node.3.injector.phase_cycles = 707135
stat.node.3.injector.request_bytes = 236128
stat.node.3.injector.response_bytes = 298304
stat.node.3.injector.aggregate_bytes = 534432
stat.node.3.injector.request_gbps = 6.4113
stat.node.3.injector.response_gbps = 8.0995
stat.node.3.injector.aggregate_gbps = 14.5108
stat.node.3.llc.cxl_miss = 800
stat.node.3.llc.total_miss = 800
stat.node.3.llc.avg_miss_lat = 709.634
stat.node.3.llc.avg_cxl_lat = 709.634
stat.node.3.llc.miss_lat_hist_bin_ns = 10
stat.node.3.llc.miss_lat_hist = [0,0,0,0,0,0,0,0,0,0,0,0,0,0,0,0,0,0,0,0,0,0,0,0,0,0,25,228,87,157,73,110,92,27,1]
stat.node.3.util.dram_avg = 1.47092e-05
stat.node.3.walltime_s = 328.96
stat.node.3.active_time_s = 26.8916
stat.node.6.cpu.0.load_issue_to_complete_count = 799
stat.node.6.cpu.0.avg_load_issue_to_complete_lat = 882.259
stat.node.6.injector.phase_cycles = 706759
stat.node.6.injector.request_bytes = 235984
stat.node.6.injector.response_bytes = 298112
stat.node.6.injector.aggregate_bytes = 534096
stat.node.6.injector.request_gbps = 6.4108
stat.node.6.injector.response_gbps = 8.09859
stat.node.6.injector.aggregate_gbps = 14.5094
stat.node.6.llc.cxl_miss = 800
stat.node.6.llc.total_miss = 800
stat.node.6.llc.avg_miss_lat = 708.896
stat.node.6.llc.avg_cxl_lat = 708.896
stat.node.6.llc.miss_lat_hist_bin_ns = 10
stat.node.6.llc.miss_lat_hist = [0,0,0,0,0,0,0,0,0,0,0,0,0,0,0,0,0,0,0,0,0,0,0,0,0,0,45,240,57,31,235,104,79,9]
stat.node.6.util.dram_avg = 1.46878e-05
stat.node.6.walltime_s = 329.607
stat.node.6.active_time_s = 24.1566
stat.node.2.cpu.0.load_issue_to_complete_count = 799
stat.node.2.cpu.0.avg_load_issue_to_complete_lat = 884.559
stat.node.2.injector.phase_cycles = 708497
stat.node.2.injector.request_bytes = 236592
stat.node.2.injector.response_bytes = 298880
stat.node.2.injector.aggregate_bytes = 535472
stat.node.2.injector.request_gbps = 6.41155
stat.node.2.injector.response_gbps = 8.09953
stat.node.2.injector.aggregate_gbps = 14.5111
stat.node.2.llc.cxl_miss = 800
stat.node.2.llc.total_miss = 800
stat.node.2.llc.avg_miss_lat = 710.83
stat.node.2.llc.avg_cxl_lat = 710.83
stat.node.2.llc.miss_lat_hist_bin_ns = 10
stat.node.2.llc.miss_lat_hist = [0,0,0,0,0,0,0,0,0,0,0,0,0,0,0,0,0,0,0,0,0,0,0,0,0,0,91,272,155,48,1,0,4,87,119,23]
stat.node.2.util.dram_avg = 1.46649e-05
stat.node.2.walltime_s = 329.789
stat.node.2.active_time_s = 20.7466
stat.node.4.cpu.0.load_issue_to_complete_count = 799
stat.node.4.cpu.0.avg_load_issue_to_complete_lat = 888.547
stat.node.4.injector.phase_cycles = 711683
stat.node.4.injector.request_bytes = 237656
stat.node.4.injector.response_bytes = 300224
stat.node.4.injector.aggregate_bytes = 537880
stat.node.4.injector.request_gbps = 6.41156
stat.node.4.injector.response_gbps = 8.09953
stat.node.4.injector.aggregate_gbps = 14.5111
stat.node.4.llc.cxl_miss = 800
stat.node.4.llc.total_miss = 800
stat.node.4.llc.avg_miss_lat = 714.055
stat.node.4.llc.avg_cxl_lat = 714.055
stat.node.4.llc.miss_lat_hist_bin_ns = 10
stat.node.4.llc.miss_lat_hist = [0,0,0,0,0,0,0,0,0,0,0,0,0,0,0,0,0,0,0,0,0,0,0,0,0,0,73,264,165,50,4,1,1,102,116,24]
stat.node.4.util.dram_avg = 1.4612e-05
stat.node.4.walltime_s = 330.607
stat.node.4.active_time_s = 31.3653
stat.pool.105.util.mem_avg = 0.181767
stat.pool.105.util.req_link_avg = 0.910725
stat.pool.105.walltime_s = 330.607
stat.pool.105.active_time_s = 0.761264
stat.pool.104.util.mem_avg = 0.181767
stat.pool.104.util.req_link_avg = 0.910725
stat.pool.104.walltime_s = 330.607
stat.pool.104.active_time_s = 0.62955
stat.pool.103.util.mem_avg = 0.181767
stat.pool.103.util.req_link_avg = 0.910725
stat.pool.103.walltime_s = 330.607
stat.pool.103.active_time_s = 0.626485
stat.pool.102.util.mem_avg = 0.181769
stat.pool.102.util.req_link_avg = 0.910726
stat.pool.102.walltime_s = 330.607
stat.pool.102.active_time_s = 0.59237
stat.pool.101.util.mem_avg = 0.181769
stat.pool.101.util.req_link_avg = 0.910727
stat.pool.101.walltime_s = 330.608
stat.pool.101.active_time_s = 0.675612
stat.pool.100.util.mem_avg = 0.181769
stat.pool.100.util.req_link_avg = 0.910727
stat.pool.100.walltime_s = 330.608
stat.pool.100.active_time_s = 0.70045
stat.switch.replicated_messages = 346368
stat.switch.util.node_ingress_avg = 0.133985
stat.switch.util.pool_ingress_avg = 0.257584
stat.switch.bw.host_to_switch_gbps = 6.58591
stat.switch.bw.switch_to_host_gbps = 9.49534
stat.switch.bw.host_link_total_gbps = 16.0812
stat.switch.walltime_s = 330.608
stat.switch.active_time_s = 3.6238
Simulation is complete, simulated time: 684.915 us
