stat.node.4.cpu.0.retired = 538
stat.node.4.cpu.0.cycles = 1000000
stat.node.5.cpu.0.retired = 539
stat.node.5.cpu.0.cycles = 1000000
stat.node.6.cpu.0.retired = 549
stat.node.6.cpu.0.cycles = 1000000
stat.node.7.cpu.0.retired = 544
stat.node.7.cpu.0.cycles = 1000000
stat.node.0.cpu.0.retired = 548
stat.node.0.cpu.0.cycles = 1000000
stat.node.1.cpu.0.retired = 556
stat.node.1.cpu.0.cycles = 1000000
stat.node.2.cpu.0.retired = 543
stat.node.2.cpu.0.cycles = 1000000
stat.node.3.cpu.0.retired = 513
stat.node.3.cpu.0.cycles = 1000000
stat.node.7.cpu.0.retired = 1107
stat.node.7.cpu.0.cycles = 2000000
stat.node.0.cpu.0.retired = 1118
stat.node.0.cpu.0.cycles = 2000000
stat.node.1.cpu.0.retired = 1166
stat.node.1.cpu.0.cycles = 2000000
stat.node.2.cpu.0.retired = 1139
stat.node.2.cpu.0.cycles = 2000000
stat.node.4.cpu.0.retired = 1133
stat.node.4.cpu.0.cycles = 2000000
stat.node.5.cpu.0.retired = 1125
stat.node.5.cpu.0.cycles = 2000000
stat.node.6.cpu.0.retired = 1174
stat.node.6.cpu.0.cycles = 2000000
stat.node.3.cpu.0.retired = 1086
stat.node.3.cpu.0.cycles = 2000000
stat.node.1.cpu.0.load_issue_to_complete_count = 799
stat.node.1.cpu.0.avg_load_issue_to_complete_lat = 1602.07
stat.node.1.injector.phase_cycles = 1282250
stat.node.1.injector.request_bytes = 510472
stat.node.1.injector.response_bytes = 922112
stat.node.1.injector.aggregate_bytes = 1432584
stat.node.1.injector.request_gbps = 7.64364
stat.node.1.injector.response_gbps = 13.8074
stat.node.1.injector.aggregate_gbps = 21.4511
stat.node.1.llc.cxl_miss = 800
stat.node.1.llc.total_miss = 800
stat.node.1.llc.avg_miss_lat = 1419
stat.node.1.llc.avg_cxl_lat = 1419
stat.node.1.llc.miss_lat_hist_bin_ns = 10
stat.node.1.llc.miss_lat_hist = [0,0,0,0,0,0,0,0,0,0,0,0,0,0,0,0,0,0,0,0,0,0,0,0,0,0,0,0,0,0,0,0,0,0,0,0,0,0,0,0,4,36,42,19,23,30,35,35,30,34,40,15,24,20,22,26,25,20,15,17,22,20,11,11,15,13,12,8,8,12,7,9,16,10,8,8,3,8,6,2,3,3,3,1,2,2,3,2,4,2,1,3,1,3,3,1,1,1,2,1,4,0,2,2,2,2,4,5,0,3,3,1,0,0,0,0,0,1,2,1,0,0,0,0,0,1,0,0,0,0,0,1,1,0,1,0,0,1]
stat.node.1.util.dram_avg = 8.83372e-06
stat.node.1.walltime_s = 32.1092
stat.node.1.active_time_s = 14.7667
stat.node.2.cpu.0.load_issue_to_complete_count = 799
stat.node.2.cpu.0.avg_load_issue_to_complete_lat = 1618.49
stat.node.2.injector.phase_cycles = 1295246
stat.node.2.injector.request_bytes = 515680
stat.node.2.injector.response_bytes = 931328
stat.node.2.injector.aggregate_bytes = 1447008
stat.node.2.injector.request_gbps = 7.64415
stat.node.2.injector.response_gbps = 13.8055
stat.node.2.injector.aggregate_gbps = 21.4496
stat.node.2.llc.cxl_miss = 800
stat.node.2.llc.total_miss = 800
stat.node.2.llc.avg_miss_lat = 1433.98
stat.node.2.llc.avg_cxl_lat = 1433.98
stat.node.2.llc.miss_lat_hist_bin_ns = 10
stat.node.2.llc.miss_lat_hist = [0,0,0,0,0,0,0,0,0,0,0,0,0,0,0,0,0,0,0,0,0,0,0,0,0,0,0,0,0,0,0,0,0,0,0,0,0,0,0,0,4,33,44,30,27,41,32,35,33,29,29,21,25,18,22,26,21,21,19,10,20,14,16,6,6,11,14,11,9,8,8,9,14,6,3,4,4,5,7,9,2,3,4,9,3,4,1,4,1,2,5,0,1,5,6,2,2,3,2,3,0,0,0,0,0,0,2,0,2,4,0,1,2,1,0,2,0,1,2,1,0,1,1,0,0,0,1,0,0,1,0,1,0,1,0,1,0,4,2,0,0,0,0,1,0,0,0,0,0,0,1,0,0,0,0,0,1]
stat.node.2.util.dram_avg = 8.80746e-06
stat.node.2.walltime_s = 32.2028
stat.node.2.active_time_s = 14.9775
stat.node.6.cpu.0.load_issue_to_complete_count = 799
stat.node.6.cpu.0.avg_load_issue_to_complete_lat = 1664.03
stat.node.6.injector.phase_cycles = 1331788
stat.node.6.injector.request_bytes = 530160
stat.node.6.injector.response_bytes = 956480
stat.node.6.injector.aggregate_bytes = 1486640
stat.node.6.injector.request_gbps = 7.64316
stat.node.6.injector.response_gbps = 13.7893
stat.node.6.injector.aggregate_gbps = 21.4325
stat.node.6.llc.cxl_miss = 800
stat.node.6.llc.total_miss = 800
stat.node.6.llc.avg_miss_lat = 1478.03
stat.node.6.llc.avg_cxl_lat = 1478.03
stat.node.6.llc.miss_lat_hist_bin_ns = 10
stat.node.6.llc.miss_lat_hist = [0,0,0,0,0,0,0,0,0,0,0,0,0,0,0,0,0,0,0,0,0,0,0,0,0,0,0,0,0,0,0,0,0,0,0,0,0,0,0,0,9,38,37,31,21,18,27,30,30,26,34,20,18,15,17,32,24,22,23,21,16,16,12,14,14,11,4,8,7,8,12,13,13,10,6,7,5,7,4,5,7,3,4,2,3,0,8,2,4,5,3,1,6,3,5,4,1,4,1,2,2,5,0,1,1,0,1,0,0,1,2,2,0,3,0,0,1,2,3,0,1,2,1,1,1,1,1,0,0,1,3,1,0,0,1,3,0,1,2,0,0,2,0,0,0,0,0,0,0,0,0,0,1]
stat.node.6.util.dram_avg = 8.79967e-06
stat.node.6.walltime_s = 32.2321
stat.node.6.active_time_s = 14.8557
stat.node.4.cpu.0.load_issue_to_complete_count = 799
stat.node.4.cpu.0.avg_load_issue_to_complete_lat = 1684.48
stat.node.4.injector.phase_cycles = 1348338
stat.node.4.injector.request_bytes = 536768
stat.node.4.injector.response_bytes = 969728
stat.node.4.injector.aggregate_bytes = 1506496
stat.node.4.injector.request_gbps = 7.64344
stat.node.4.injector.response_gbps = 13.8087
stat.node.4.injector.aggregate_gbps = 21.4521
stat.node.4.llc.cxl_miss = 800
stat.node.4.llc.total_miss = 800
stat.node.4.llc.avg_miss_lat = 1501.39
stat.node.4.llc.avg_cxl_lat = 1501.39
stat.node.4.llc.miss_lat_hist_bin_ns = 10
stat.node.4.llc.miss_lat_hist = [0,0,0,0,0,0,0,0,0,0,0,0,0,0,0,0,0,0,0,0,0,0,0,0,0,0,0,0,0,0,0,0,0,0,0,0,0,0,0,0,4,39,46,35,15,23,28,18,22,31,24,13,29,20,22,22,18,22,16,18,13,14,10,9,7,8,10,9,11,17,9,9,9,14,9,9,6,10,11,8,12,10,5,8,6,5,6,4,6,2,2,3,0,5,2,3,3,3,4,1,1,2,2,2,1,0,1,0,1,1,1,0,1,0,0,3,2,0,1,1,0,1,2,3,0,1,0,1,0,2,1,2,0,0,0,0,2,1,3,0,0,0,0,0,0,0,0,0,2,1,0,0,0,0,0,0,0,1]
stat.node.4.util.dram_avg = 8.61929e-06
stat.node.4.walltime_s = 32.9116
stat.node.4.active_time_s = 15.06
stat.node.7.cpu.0.load_issue_to_complete_count = 799
stat.node.7.cpu.0.avg_load_issue_to_complete_lat = 1817.46
stat.node.7.injector.phase_cycles = 1454719
stat.node.7.injector.request_bytes = 579168
stat.node.7.injector.response_bytes = 1046464
stat.node.7.injector.aggregate_bytes = 1625632
stat.node.7.injector.request_gbps = 7.64411
stat.node.7.injector.response_gbps = 13.8117
stat.node.7.injector.aggregate_gbps = 21.4558
stat.node.7.llc.cxl_miss = 800
stat.node.7.llc.total_miss = 800
stat.node.7.llc.avg_miss_lat = 1633.83
stat.node.7.llc.avg_cxl_lat = 1633.83
stat.node.7.llc.miss_lat_hist_bin_ns = 10
stat.node.7.llc.miss_lat_hist = [0,0,0,0,0,0,0,0,0,0,0,0,0,0,0,0,0,0,0,0,0,0,0,0,0,0,0,0,0,0,0,0,0,0,0,0,0,0,0,0,2,30,23,13,11,20,21,23,9,26,27,14,18,18,20,21,15,19,17,15,17,20,16,11,15,12,10,11,10,19,10,12,8,17,9,9,2,9,8,5,11,14,10,6,4,5,12,9,6,4,5,8,2,2,9,3,2,3,8,6,3,2,5,1,3,6,0,3,4,2,3,1,2,2,3,4,3,0,3,1,1,2,2,3,2,1,2,0,0,0,4,0,1,3,0,1,0,2,0,1,1,0,0,0,1,0,0,0,0,0,0,0,0,0,0,1]
stat.node.7.util.dram_avg = 8.39408e-06
stat.node.7.walltime_s = 33.7954
stat.node.7.active_time_s = 15.7122
stat.node.5.cpu.0.load_issue_to_complete_count = 799
stat.node.5.cpu.0.avg_load_issue_to_complete_lat = 1766.29
stat.node.5.injector.phase_cycles = 1413753
stat.node.5.injector.request_bytes = 562864
stat.node.5.injector.response_bytes = 1016256
stat.node.5.injector.aggregate_bytes = 1579120
stat.node.5.injector.request_gbps = 7.64418
stat.node.5.injector.response_gbps = 13.8016
stat.node.5.injector.aggregate_gbps = 21.4458
stat.node.5.llc.cxl_miss = 800
stat.node.5.llc.total_miss = 800
stat.node.5.llc.avg_miss_lat = 1580.03
stat.node.5.llc.avg_cxl_lat = 1580.03
stat.node.5.llc.miss_lat_hist_bin_ns = 10
stat.node.5.llc.miss_lat_hist = [0,0,0,0,0,0,0,0,0,0,0,0,0,0,0,0,0,0,0,0,0,0,0,0,0,0,0,0,0,0,0,0,0,0,0,0,0,0,0,0,3,31,40,22,21,17,28,21,20,21,29,17,18,18,19,22,18,23,19,14,15,14,6,9,11,6,14,4,10,9,6,13,10,6,9,8,3,7,15,6,11,12,8,4,9,10,7,10,6,5,7,4,4,4,4,5,5,7,5,4,1,4,1,6,3,1,1,3,5,3,2,3,2,1,1,1,2,1,2,3,3,0,4,2,2,1,3,1,0,0,1,0,0,0,1,0,0,0,1,0,0,0,1,0,0,0,0,0,0,0,0,1]
stat.node.5.util.dram_avg = 8.35411e-06
stat.node.5.walltime_s = 33.9523
stat.node.5.active_time_s = 15.5978
stat.node.3.cpu.0.load_issue_to_complete_count = 799
stat.node.3.cpu.0.avg_load_issue_to_complete_lat = 1722.22
stat.node.3.injector.phase_cycles = 1378128
stat.node.3.injector.request_bytes = 548664
stat.node.3.injector.response_bytes = 991104
stat.node.3.injector.aggregate_bytes = 1539768
stat.node.3.injector.request_gbps = 7.64396
stat.node.3.injector.response_gbps = 13.808
stat.node.3.injector.aggregate_gbps = 21.452
stat.node.3.llc.cxl_miss = 800
stat.node.3.llc.total_miss = 800
stat.node.3.llc.avg_miss_lat = 1534.59
stat.node.3.llc.avg_cxl_lat = 1534.59
stat.node.3.llc.miss_lat_hist_bin_ns = 10
stat.node.3.llc.miss_lat_hist = [0,0,0,0,0,0,0,0,0,0,0,0,0,0,0,0,0,0,0,0,0,0,0,0,0,0,0,0,0,0,0,0,0,0,0,0,0,0,0,0,3,36,52,27,25,17,21,39,21,21,30,17,15,23,20,34,19,11,14,24,18,19,15,7,10,11,15,10,11,9,8,9,8,4,3,3,5,5,5,4,5,4,1,3,5,3,3,4,10,5,5,3,2,5,3,4,4,4,3,0,2,4,4,0,1,0,6,3,1,4,1,1,2,1,1,1,1,0,2,3,2,3,1,0,4,2,4,0,2,2,1,0,1,0,0,1,1,1,1,1,2,0,2,0,0,0,1,1,1,2,0,0,1,0,0,0,0,0,0,0,1]
stat.node.3.util.dram_avg = 8.27455e-06
stat.node.3.walltime_s = 34.2804
stat.node.3.active_time_s = 15.6506
stat.pool.107.util.mem_avg = 0.201568
stat.pool.107.util.req_link_avg = 0.99982
stat.pool.107.walltime_s = 34.6584
stat.pool.107.active_time_s = 0.439249
stat.pool.106.util.mem_avg = 0.201568
stat.pool.106.util.req_link_avg = 0.99982
stat.pool.106.walltime_s = 34.6584
stat.pool.106.active_time_s = 0.447927
stat.pool.105.util.mem_avg = 0.201571
stat.pool.105.util.req_link_avg = 0.999821
stat.pool.105.walltime_s = 34.6584
stat.pool.105.active_time_s = 0.451398
stat.pool.104.util.mem_avg = 0.201574
stat.pool.104.util.req_link_avg = 0.999824
stat.pool.104.walltime_s = 34.6584
stat.pool.104.active_time_s = 0.462685
stat.pool.103.util.mem_avg = 0.201576
stat.pool.103.util.req_link_avg = 0.999827
stat.pool.103.walltime_s = 34.6584
stat.pool.103.active_time_s = 0.481848
stat.pool.102.util.mem_avg = 0.20157
stat.pool.102.util.req_link_avg = 0.999819
stat.pool.102.walltime_s = 34.6585
stat.pool.102.active_time_s = 0.46155
stat.pool.101.util.mem_avg = 0.201574
stat.pool.101.util.req_link_avg = 0.99982
stat.pool.101.walltime_s = 34.6585
stat.pool.101.active_time_s = 0.463927
stat.pool.100.util.mem_avg = 0.201569
stat.pool.100.util.req_link_avg = 0.999821
stat.pool.100.walltime_s = 34.6585
stat.pool.100.active_time_s = 0.488772
stat.switch.replicated_messages = 903424
stat.switch.util.node_ingress_avg = 0.15754
stat.switch.util.pool_ingress_avg = 0.297186
stat.switch.bw.host_to_switch_gbps = 7.74388
stat.switch.bw.switch_to_host_gbps = 14.6073
stat.switch.bw.host_link_total_gbps = 22.3511
stat.switch.walltime_s = 34.6585
stat.switch.active_time_s = 3.23614
stat.node.0.cpu.0.load_issue_to_complete_count = 799
stat.node.0.cpu.0.avg_load_issue_to_complete_lat = 1883.69
stat.node.0.injector.phase_cycles = 1507886
stat.node.0.injector.request_bytes = 599840
stat.node.0.injector.response_bytes = 1082368
stat.node.0.injector.aggregate_bytes = 1682208
stat.node.0.injector.request_gbps = 7.6378
stat.node.0.injector.response_gbps = 13.7819
stat.node.0.injector.aggregate_gbps = 21.4197
stat.node.0.llc.cxl_miss = 800
stat.node.0.llc.total_miss = 800
stat.node.0.llc.avg_miss_lat = 1699.36
stat.node.0.llc.avg_cxl_lat = 1699.36
stat.node.0.llc.miss_lat_hist_bin_ns = 10
stat.node.0.llc.miss_lat_hist = [0,0,0,0,0,0,0,0,0,0,0,0,0,0,0,0,0,0,0,0,0,0,0,0,0,0,0,0,0,0,0,0,0,0,0,0,0,0,0,0,3,24,41,22,11,16,24,18,23,20,23,9,11,20,19,17,17,18,20,17,16,14,6,10,10,9,6,8,14,8,8,12,4,11,7,6,4,7,7,12,15,6,4,4,9,7,8,8,4,6,7,3,6,4,7,3,2,4,6,5,6,6,3,3,4,12,7,3,6,6,2,2,3,3,7,3,2,2,1,2,3,2,3,2,2,2,0,3,0,2,2,5,0,2,1,1,1,0,1,1,2,2,0,0,1,1,0,1,0,0,1,0,1,0,0,1,1,0,0,0,1,1,0,0,1]
stat.node.0.util.dram_avg = 8.18458e-06
stat.node.0.walltime_s = 34.6584
stat.node.0.active_time_s = 15.8333
Simulation is complete, simulated time: 1.22279 ms
