stat.node.7.cpu.0.retired = 794
stat.node.7.cpu.0.cycles = 1000000
stat.node.0.cpu.0.retired = 795
stat.node.0.cpu.0.cycles = 1000000
stat.node.1.cpu.0.retired = 795
stat.node.1.cpu.0.cycles = 1000000
stat.node.2.cpu.0.retired = 794
stat.node.2.cpu.0.cycles = 1000000
stat.node.3.cpu.0.retired = 795
stat.node.3.cpu.0.cycles = 1000000
stat.node.4.cpu.0.retired = 794
stat.node.4.cpu.0.cycles = 1000000
stat.node.5.cpu.0.retired = 795
stat.node.5.cpu.0.cycles = 1000000
stat.node.6.cpu.0.retired = 795
stat.node.6.cpu.0.cycles = 1000000
stat.node.6.cpu.0.load_issue_to_complete_count = 799
stat.node.0.cpu.0.load_issue_to_complete_count = 799
stat.node.0.cpu.0.avg_load_issue_to_complete_lat = 953.969
stat.node.1.cpu.0.load_issue_to_complete_count = 799
stat.node.1.cpu.0.avg_load_issue_to_complete_lat = 953.969
stat.node.3.cpu.0.load_issue_to_complete_count = 799
stat.node.3.cpu.0.avg_load_issue_to_complete_lat = 953.969
stat.node.3.injector.phase_cycles = 764061
stat.node.3.injector.request_bytes = 280136
stat.node.3.injector.response_bytes = 353856
stat.node.5.cpu.0.load_issue_to_complete_count = 799
stat.node.5.cpu.0.avg_load_issue_to_complete_lat = 953.969
stat.node.5.injector.phase_cycles = 764061
stat.node.5.injector.request_bytes = 280136
stat.node.5.injector.response_bytes = 353856
stat.node.5.injector.aggregate_bytes = 633992
stat.node.5.injector.request_gbps = 7.0395
stat.node.5.injector.response_gbps = 8.89201
stat.node.5.injector.aggregate_gbps = 15.9315
stat.node.5.llc.cxl_miss = 800
stat.node.5.llc.total_miss = 800
stat.node.5.llc.avg_miss_lat = 779.794
stat.node.1.injector.phase_cycles = 764033
stat.node.1.injector.request_bytes = 280136
stat.node.1.injector.response_bytes = 353792
stat.node.1.injector.aggregate_bytes = 633928
stat.node.1.injector.request_gbps = 7.03976
stat.node.3.injector.aggregate_bytes = 633992
stat.node.3.injector.request_gbps = 7.0395
stat.node.3.injector.response_gbps = 8.89201
stat.node.3.injector.aggregate_gbps = 15.9315
stat.node.3.llc.cxl_miss = 800
stat.node.3.llc.total_miss = 800
stat.node.3.llc.avg_miss_lat = 779.794
stat.node.3.llc.avg_cxl_lat = 779.794
stat.node.3.llc.miss_lat_hist_bin_ns = 10
stat.node.5.llc.avg_cxl_lat = 779.794
stat.node.5.llc.miss_lat_hist_bin_ns = 10
stat.node.5.llc.miss_lat_hist = [0,0,0,0,0,0,0,0,0,0,0,0,0,0,0,0,0,0,0,0,0,0,0,0,0,0,0,0,0,0,0,47,715,38]
stat.node.5.util.dram_avg = 1.35685e-05
stat.node.5.walltime_s = 234.844
stat.node.5.active_time_s = 29.5041
stat.node.0.injector.phase_cycles = 764061
stat.node.0.injector.request_bytes = 280136
stat.node.0.injector.response_bytes = 353856
stat.node.0.injector.aggregate_bytes = 633992
stat.node.0.injector.request_gbps = 7.0395
stat.node.0.injector.response_gbps = 8.89201
stat.node.0.injector.aggregate_gbps = 15.9315
stat.node.0.llc.cxl_miss = 800
stat.node.0.llc.total_miss = 800
stat.node.0.llc.avg_miss_lat = 779.794
stat.node.0.llc.avg_cxl_lat = 779.794
stat.node.0.llc.miss_lat_hist_bin_ns = 10
stat.node.0.llc.miss_lat_hist = [0,0,0,0,0,0,0,0,0,0,0,0,0,0,0,0,0,0,0,0,0,0,0,0,0,0,0,0,0,0,0,41,747,12]
stat.node.0.util.dram_avg = 1.35685e-05
stat.node.0.walltime_s = 234.844
stat.node.1.injector.response_gbps = 8.89072
stat.node.1.injector.aggregate_gbps = 15.9305
stat.node.1.llc.cxl_miss = 800
stat.node.1.llc.total_miss = 800
stat.node.1.llc.avg_miss_lat = 779.759
stat.node.0.active_time_s = 20.287
stat.node.3.llc.miss_lat_hist = [0,0,0,0,0,0,0,0,0,0,0,0,0,0,0,0,0,0,0,0,0,0,0,0,0,0,0,0,0,0,0,45,738,17]
stat.node.3.util.dram_avg = 1.35685e-05
stat.node.1.llc.avg_cxl_lat = 779.759
stat.node.1.llc.miss_lat_hist_bin_ns = 10
stat.node.1.llc.miss_lat_hist = [0,0,0,0,0,0,0,0,0,0,0,0,0,0,0,0,0,0,0,0,0,0,0,0,0,0,0,0,0,0,0,117,598,85]
stat.node.3.walltime_s = 234.844
stat.node.3.active_time_s = 23.2927
stat.node.1.util.dram_avg = 1.35685e-05
stat.node.1.walltime_s = 234.844
stat.node.1.active_time_s = 26.8708
stat.node.6.cpu.0.avg_load_issue_to_complete_lat = 953.969
stat.node.6.injector.phase_cycles = 764061
stat.node.6.injector.request_bytes = 280136
stat.node.6.injector.response_bytes = 353856
stat.node.6.injector.aggregate_bytes = 633992
stat.node.6.injector.request_gbps = 7.0395
stat.node.6.injector.response_gbps = 8.89201
stat.node.6.injector.aggregate_gbps = 15.9315
stat.node.6.llc.cxl_miss = 800
stat.node.6.llc.total_miss = 800
stat.node.6.llc.avg_miss_lat = 779.794
stat.node.6.llc.avg_cxl_lat = 779.794
stat.node.6.llc.miss_lat_hist_bin_ns = 10
stat.node.6.llc.miss_lat_hist = [0,0,0,0,0,0,0,0,0,0,0,0,0,0,0,0,0,0,0,0,0,0,0,0,0,0,0,0,0,0,0,41,747,12]
stat.node.6.util.dram_avg = 1.35685e-05
stat.node.6.walltime_s = 234.844
stat.node.6.active_time_s = 22.0426
stat.node.2.cpu.0.load_issue_to_complete_count = 799
stat.node.7.cpu.0.load_issue_to_complete_count = 799
stat.node.7.cpu.0.avg_load_issue_to_complete_lat = 954.005
stat.node.7.injector.phase_cycles = 764061
stat.node.7.injector.request_bytes = 280136
stat.node.7.injector.response_bytes = 353856
stat.node.7.injector.aggregate_bytes = 633992
stat.node.7.injector.request_gbps = 7.0395
stat.node.7.injector.response_gbps = 8.89201
stat.node.7.injector.aggregate_gbps = 15.9315
stat.node.7.llc.cxl_miss = 800
stat.node.2.cpu.0.avg_load_issue_to_complete_lat = 954
stat.node.2.injector.phase_cycles = 764061
stat.node.2.injector.request_bytes = 280136
stat.node.2.injector.response_bytes = 353856
stat.node.2.injector.aggregate_bytes = 633992
stat.node.2.injector.request_gbps = 7.0395
stat.node.2.injector.response_gbps = 8.89201
stat.node.2.injector.aggregate_gbps = 15.9315
stat.node.2.llc.cxl_miss = 800
stat.node.2.llc.total_miss = 800
stat.node.2.llc.avg_miss_lat = 779.794
stat.node.2.llc.avg_cxl_lat = 779.794
stat.node.2.llc.miss_lat_hist_bin_ns = 10
stat.node.2.llc.miss_lat_hist = [0,0,0,0,0,0,0,0,0,0,0,0,0,0,0,0,0,0,0,0,0,0,0,0,0,0,0,0,0,0,0,210,389,201]
stat.node.2.util.dram_avg = 1.35681e-05
stat.node.2.walltime_s = 234.845
stat.node.2.active_time_s = 27.8726
stat.node.7.llc.total_miss = 800
stat.node.7.llc.avg_miss_lat = 779.794
stat.node.7.llc.avg_cxl_lat = 779.794
stat.node.7.llc.miss_lat_hist_bin_ns = 10
stat.node.7.llc.miss_lat_hist = [0,0,0,0,0,0,0,0,0,0,0,0,0,0,0,0,0,0,0,0,0,0,0,0,0,0,0,0,0,0,0,148,511,139,2]
stat.node.7.util.dram_avg = 1.35681e-05
stat.node.7.walltime_s = 234.861
stat.node.7.active_time_s = 27.2352
stat.node.4.cpu.0.load_issue_to_complete_count = 799
stat.node.4.cpu.0.avg_load_issue_to_complete_lat = 954.004
stat.node.4.injector.phase_cycles = 764064
stat.node.4.injector.request_bytes = 280136
stat.node.4.injector.response_bytes = 353856
stat.node.4.injector.aggregate_bytes = 633992
stat.node.4.injector.request_gbps = 7.03948
stat.node.4.injector.response_gbps = 8.89197
stat.node.4.injector.aggregate_gbps = 15.9314
stat.node.4.llc.cxl_miss = 800
stat.node.4.llc.total_miss = 800
stat.node.4.llc.avg_miss_lat = 779.798
stat.node.4.llc.avg_cxl_lat = 779.798
stat.node.4.llc.miss_lat_hist_bin_ns = 10
stat.node.4.llc.miss_lat_hist = [0,0,0,0,0,0,0,0,0,0,0,0,0,0,0,0,0,0,0,0,0,0,0,0,0,0,0,0,0,0,0,209,365,226]
stat.node.4.util.dram_avg = 1.35681e-05
stat.node.4.walltime_s = 234.862
stat.node.4.active_time_s = 26.3212
stat.pool.106.util.mem_avg = 0.192187
stat.pool.106.util.req_link_avg = 0.994165
stat.pool.106.walltime_s = 234.862
stat.pool.106.active_time_s = 0.735002
stat.pool.105.util.mem_avg = 0.192187
stat.pool.105.util.req_link_avg = 0.994165
stat.pool.105.walltime_s = 234.862
stat.pool.105.active_time_s = 0.651525
stat.pool.104.util.mem_avg = 0.192187
stat.pool.104.util.req_link_avg = 0.994165
stat.pool.104.walltime_s = 234.862
stat.pool.104.active_time_s = 0.726307
stat.pool.103.util.mem_avg = 0.192187
stat.pool.103.util.req_link_avg = 0.994166
stat.pool.103.walltime_s = 234.862
stat.pool.103.active_time_s = 0.748877
stat.pool.102.util.mem_avg = 0.192187
stat.pool.102.util.req_link_avg = 0.994166
stat.pool.102.walltime_s = 234.862
stat.pool.102.active_time_s = 0.729739
stat.pool.101.util.mem_avg = 0.192188
stat.pool.101.util.req_link_avg = 0.994167
stat.pool.101.walltime_s = 234.862
stat.pool.101.active_time_s = 0.752041
stat.pool.100.util.mem_avg = 0.192189
stat.pool.100.util.req_link_avg = 0.994167
stat.pool.100.walltime_s = 234.862
stat.pool.100.active_time_s = 0.84287
stat.switch.replicated_messages = 477792
stat.switch.util.node_ingress_avg = 0.146479
stat.switch.util.pool_ingress_avg = 0.236653
stat.switch.bw.host_to_switch_gbps = 7.2004
stat.switch.bw.switch_to_host_gbps = 10.1777
stat.switch.bw.host_link_total_gbps = 17.3781
stat.switch.walltime_s = 234.862
stat.switch.active_time_s = 4.61007
Simulation is complete, simulated time: 737.613 us
