stat.node.0.cpu.0.retired = 857
stat.node.0.cpu.0.cycles = 1000000
stat.node.1.cpu.0.retired = 857
stat.node.1.cpu.0.cycles = 1000000
stat.node.2.cpu.0.retired = 854
stat.node.2.cpu.0.cycles = 1000000
stat.node.3.cpu.0.retired = 854
stat.node.3.cpu.0.cycles = 1000000
stat.node.4.cpu.0.retired = 860
stat.node.4.cpu.0.cycles = 1000000
stat.node.5.cpu.0.retired = 858
stat.node.5.cpu.0.cycles = 1000000
stat.node.6.cpu.0.retired = 858
stat.node.6.cpu.0.cycles = 1000000
stat.node.7.cpu.0.retired = 857
stat.node.7.cpu.0.cycles = 1000000
stat.node.4.cpu.0.load_issue_to_complete_count = 799
stat.node.4.cpu.0.avg_load_issue_to_complete_lat = 900.716
stat.node.4.injector.phase_cycles = 721450
stat.node.4.injector.request_bytes = 91360
stat.node.4.injector.response_bytes = 115456
stat.node.4.injector.aggregate_bytes = 206816
stat.node.4.injector.request_gbps = 2.43137
stat.node.4.injector.response_gbps = 3.07264
stat.node.4.injector.aggregate_gbps = 5.50401
stat.node.4.llc.cxl_miss = 800
stat.node.4.llc.total_miss = 800
stat.node.4.llc.avg_miss_lat = 727.14
stat.node.4.llc.avg_cxl_lat = 727.14
stat.node.4.llc.miss_lat_hist_bin_ns = 10
stat.node.4.llc.miss_lat_hist = [0,0,0,0,0,0,0,0,0,0,0,0,0,0,0,0,0,0,0,0,0,0,0,0,0,0,142,65,94,126,95,54,47,36,39,51,36,14,1]
stat.node.4.util.dram_avg = 1.44049e-05
stat.node.4.walltime_s = 206.434
stat.node.4.active_time_s = 25.6685
stat.node.5.cpu.0.load_issue_to_complete_count = 799
stat.node.5.cpu.0.avg_load_issue_to_complete_lat = 902.666
stat.node.5.injector.phase_cycles = 723104
stat.node.5.injector.request_bytes = 91648
stat.node.5.injector.response_bytes = 115712
stat.node.5.injector.aggregate_bytes = 207360
stat.node.5.injector.request_gbps = 2.43346
stat.node.5.injector.response_gbps = 3.07241
stat.node.5.injector.aggregate_gbps = 5.50586
stat.node.5.llc.cxl_miss = 800
stat.node.5.llc.total_miss = 800
stat.node.5.llc.avg_miss_lat = 729.704
stat.node.5.llc.avg_cxl_lat = 729.704
stat.node.5.llc.miss_lat_hist_bin_ns = 10
stat.node.5.llc.miss_lat_hist = [0,0,0,0,0,0,0,0,0,0,0,0,0,0,0,0,0,0,0,0,0,0,0,0,0,0,124,89,101,102,93,49,44,23,55,81,34,5]
stat.node.5.util.dram_avg = 1.4388e-05
stat.node.5.walltime_s = 206.671
stat.node.5.active_time_s = 20.0127
stat.node.6.cpu.0.load_issue_to_complete_count = 799
stat.node.6.cpu.0.avg_load_issue_to_complete_lat = 902.218
stat.node.6.injector.phase_cycles = 722650
stat.node.6.injector.request_bytes = 91512
stat.node.6.injector.response_bytes = 115648
stat.node.6.injector.aggregate_bytes = 207160
stat.node.6.injector.request_gbps = 2.43137
stat.node.6.injector.response_gbps = 3.07264
stat.node.6.injector.aggregate_gbps = 5.50401
stat.node.6.llc.cxl_miss = 800
stat.node.6.llc.total_miss = 800
stat.node.6.llc.avg_miss_lat = 728.712
stat.node.6.llc.avg_cxl_lat = 728.712
stat.node.6.llc.miss_lat_hist_bin_ns = 10
stat.node.6.llc.miss_lat_hist = [0,0,0,0,0,0,0,0,0,0,0,0,0,0,0,0,0,0,0,0,0,0,0,0,0,0,101,95,122,104,103,35,69,33,24,70,31,13]
stat.node.6.util.dram_avg = 1.43842e-05
stat.node.6.walltime_s = 206.704
stat.node.6.active_time_s = 24.5529
stat.node.7.cpu.0.load_issue_to_complete_count = 799
stat.node.7.cpu.0.avg_load_issue_to_complete_lat = 903.38
stat.node.7.injector.phase_cycles = 723550
stat.node.7.injector.request_bytes = 91656
stat.node.7.injector.response_bytes = 115776
stat.node.7.injector.aggregate_bytes = 207432
stat.node.7.injector.request_gbps = 2.43217
stat.node.7.injector.response_gbps = 3.07221
stat.node.7.injector.aggregate_gbps = 5.50438
stat.node.7.llc.cxl_miss = 800
stat.node.7.llc.total_miss = 800
stat.node.7.llc.avg_miss_lat = 730.051
stat.node.7.llc.avg_cxl_lat = 730.051
stat.node.7.llc.miss_lat_hist_bin_ns = 10
stat.node.7.llc.miss_lat_hist = [0,0,0,0,0,0,0,0,0,0,0,0,0,0,0,0,0,0,0,0,0,0,0,0,0,0,145,74,86,97,113,51,41,36,26,70,49,12]
stat.node.7.util.dram_avg = 1.4374e-05
stat.node.7.walltime_s = 206.794
stat.node.7.active_time_s = 24.8549
stat.node.0.cpu.0.load_issue_to_complete_count = 799
stat.node.0.cpu.0.avg_load_issue_to_complete_lat = 902.96
stat.node.0.injector.phase_cycles = 723156
stat.node.0.injector.request_bytes = 91584
stat.node.0.injector.response_bytes = 115712
stat.node.0.injector.aggregate_bytes = 207296
stat.node.0.injector.request_gbps = 2.43158
stat.node.0.injector.response_gbps = 3.07219
stat.node.0.injector.aggregate_gbps = 5.50377
stat.node.0.llc.cxl_miss = 800
stat.node.0.llc.total_miss = 800
stat.node.0.llc.avg_miss_lat = 729.424
stat.node.0.llc.avg_cxl_lat = 729.424
stat.node.0.llc.miss_lat_hist_bin_ns = 10
stat.node.0.llc.miss_lat_hist = [0,0,0,0,0,0,0,0,0,0,0,0,0,0,0,0,0,0,0,0,0,0,0,0,0,0,133,79,91,108,112,29,33,76,41,63,20,15]
stat.node.0.util.dram_avg = 1.43738e-05
stat.node.0.walltime_s = 206.837
stat.node.0.active_time_s = 24.3057
stat.node.1.cpu.0.load_issue_to_complete_count = 799
stat.node.1.cpu.0.avg_load_issue_to_complete_lat = 902.606
stat.node.1.injector.phase_cycles = 722896
stat.node.1.injector.request_bytes = 91512
stat.node.1.injector.response_bytes = 115648
stat.node.1.injector.aggregate_bytes = 207160
stat.node.1.injector.request_gbps = 2.43054
stat.node.1.injector.response_gbps = 3.07159
stat.node.1.injector.aggregate_gbps = 5.50214
stat.node.1.llc.cxl_miss = 800
stat.node.1.llc.total_miss = 800
stat.node.1.llc.avg_miss_lat = 728.98
stat.node.1.llc.avg_cxl_lat = 728.98
stat.node.1.llc.miss_lat_hist_bin_ns = 10
stat.node.1.llc.miss_lat_hist = [0,0,0,0,0,0,0,0,0,0,0,0,0,0,0,0,0,0,0,0,0,0,0,0,0,0,87,80,115,147,144,36,33,19,26,46,41,26]
stat.node.1.util.dram_avg = 1.43734e-05
stat.node.1.walltime_s = 206.834
stat.node.1.active_time_s = 25.4574
stat.node.3.cpu.0.load_issue_to_complete_count = 799
stat.node.3.cpu.0.avg_load_issue_to_complete_lat = 901.013
stat.node.3.injector.phase_cycles = 721600
stat.node.3.injector.request_bytes = 91360
stat.node.3.injector.response_bytes = 115456
stat.node.3.injector.aggregate_bytes = 206816
stat.node.3.injector.request_gbps = 2.43086
stat.node.3.injector.response_gbps = 3.072
stat.node.3.injector.aggregate_gbps = 5.50286
stat.node.3.llc.cxl_miss = 800
stat.node.3.llc.total_miss = 800
stat.node.3.llc.avg_miss_lat = 727.504
stat.node.3.llc.avg_cxl_lat = 727.504
stat.node.3.llc.miss_lat_hist_bin_ns = 10
stat.node.3.llc.miss_lat_hist = [0,0,0,0,0,0,0,0,0,0,0,0,0,0,0,0,0,0,0,0,0,0,0,0,0,0,102,83,126,125,92,72,38,24,36,52,37,12,1]
stat.node.3.util.dram_avg = 1.43633e-05
stat.node.3.walltime_s = 207.029
stat.node.3.active_time_s = 26.5646
stat.node.2.cpu.0.load_issue_to_complete_count = 799
stat.node.2.cpu.0.avg_load_issue_to_complete_lat = 902.635
stat.node.2.injector.phase_cycles = 722896
stat.node.2.injector.request_bytes = 91512
stat.node.2.injector.response_bytes = 115648
stat.node.2.injector.aggregate_bytes = 207160
stat.node.2.injector.request_gbps = 2.43054
stat.node.2.injector.response_gbps = 3.07159
stat.node.2.injector.aggregate_gbps = 5.50214
stat.node.2.llc.cxl_miss = 800
stat.node.2.llc.total_miss = 800
stat.node.2.llc.avg_miss_lat = 729.336
stat.node.2.llc.avg_cxl_lat = 729.336
stat.node.2.llc.miss_lat_hist_bin_ns = 10
stat.node.2.llc.miss_lat_hist = [0,0,0,0,0,0,0,0,0,0,0,0,0,0,0,0,0,0,0,0,0,0,0,0,0,0,136,67,125,114,96,43,39,25,23,47,44,37,4]
stat.node.2.util.dram_avg = 1.4353e-05
stat.node.2.walltime_s = 207.092
stat.node.2.active_time_s = 21.6421
stat.pool.100.util.mem_avg = 0.16885
stat.pool.100.util.req_link_avg = 0.423493
stat.pool.100.walltime_s = 207.112
stat.pool.100.active_time_s = 0.743409
stat.switch.replicated_messages = 22288
stat.switch.util.node_ingress_avg = 0.0529395
stat.switch.util.pool_ingress_avg = 0.722103
stat.switch.bw.host_to_switch_gbps = 2.60216
stat.switch.bw.switch_to_host_gbps = 4.43652
stat.switch.bw.host_link_total_gbps = 7.03868
stat.switch.walltime_s = 207.112
stat.switch.active_time_s = 2.5632
Simulation is complete, simulated time: 697.277 us
