stat.node.0.cpu.0.retired = 186
stat.node.0.cpu.0.cycles = 1000000
stat.node.1.cpu.0.retired = 185
stat.node.1.cpu.0.cycles = 1000000
stat.node.2.cpu.0.retired = 182
stat.node.2.cpu.0.cycles = 1000000
stat.node.3.cpu.0.retired = 185
stat.node.3.cpu.0.cycles = 1000000
stat.node.4.cpu.0.retired = 186
stat.node.4.cpu.0.cycles = 1000000
stat.node.5.cpu.0.retired = 185
stat.node.5.cpu.0.cycles = 1000000
stat.node.6.cpu.0.retired = 186
stat.node.6.cpu.0.cycles = 1000000
stat.node.7.cpu.0.retired = 191
stat.node.7.cpu.0.cycles = 1000000
stat.node.5.cpu.0.retired = 415
stat.node.5.cpu.0.cycles = 2000000
stat.node.6.cpu.0.retired = 418
stat.node.6.cpu.0.cycles = 2000000
stat.node.7.cpu.0.retired = 423
stat.node.7.cpu.0.cycles = 2000000
stat.node.0.cpu.0.retired = 417
stat.node.0.cpu.0.cycles = 2000000
stat.node.1.cpu.0.retired = 415
stat.node.1.cpu.0.cycles = 2000000
stat.node.2.cpu.0.retired = 413
stat.node.2.cpu.0.cycles = 2000000
stat.node.3.cpu.0.retired = 416
stat.node.3.cpu.0.cycles = 2000000
stat.node.4.cpu.0.retired = 417
stat.node.4.cpu.0.cycles = 2000000
stat.node.7.cpu.0.retired = 708
stat.node.7.cpu.0.cycles = 3000000
stat.node.0.cpu.0.retired = 701
stat.node.0.cpu.0.cycles = 3000000
stat.node.1.cpu.0.retired = 698
stat.node.1.cpu.0.cycles = 3000000
stat.node.2.cpu.0.retired = 697
stat.node.2.cpu.0.cycles = 3000000
stat.node.3.cpu.0.retired = 700
stat.node.3.cpu.0.cycles = 3000000
stat.node.6.cpu.0.retired = 702
stat.node.6.cpu.0.cycles = 3000000
stat.node.5.cpu.0.retired = 700
stat.node.5.cpu.0.cycles = 3000000
stat.node.4.cpu.0.retired = 702
stat.node.4.cpu.0.cycles = 3000000
stat.node.4.cpu.0.retired = 998
stat.node.4.cpu.0.cycles = 4000000
stat.node.5.cpu.0.retired = 996
stat.node.5.cpu.0.cycles = 4000000
stat.node.7.cpu.0.retired = 1003
stat.node.7.cpu.0.cycles = 4000000
stat.node.0.cpu.0.retired = 999
stat.node.1.cpu.0.retired = 994
stat.node.1.cpu.0.cycles = 4000000
stat.node.2.cpu.0.retired = 993
stat.node.2.cpu.0.cycles = 4000000
stat.node.3.cpu.0.retired = 997
stat.node.3.cpu.0.cycles = 4000000
stat.node.6.cpu.0.retired = 1000
stat.node.6.cpu.0.cycles = 4000000
stat.node.0.cpu.0.cycles = 4000000
stat.node.3.cpu.0.retired = 1300
stat.node.3.cpu.0.cycles = 5000000
stat.node.0.cpu.0.retired = 1300
stat.node.0.cpu.0.cycles = 5000000
stat.node.4.cpu.0.retired = 1301
stat.node.4.cpu.0.cycles = 5000000
stat.node.5.cpu.0.retired = 1299
stat.node.5.cpu.0.cycles = 5000000
stat.node.7.cpu.0.retired = 1307
stat.node.7.cpu.0.cycles = 5000000
stat.node.6.cpu.0.retired = 1303
stat.node.6.cpu.0.cycles = 5000000
stat.node.1.cpu.0.retired = 1298
stat.node.1.cpu.0.cycles = 5000000
stat.node.2.cpu.0.retired = 1296
stat.node.2.cpu.0.cycles = 5000000
stat.node.7.cpu.0.load_issue_to_complete_count = 799
stat.node.7.cpu.0.avg_load_issue_to_complete_lat = 3288.25
stat.node.7.injector.phase_cycles = 2631357
stat.node.7.injector.request_bytes = 1378464
stat.node.7.injector.response_bytes = 5838016
stat.node.7.injector.aggregate_bytes = 7216480
stat.node.7.injector.request_gbps = 10.0581
stat.node.7.injector.response_gbps = 42.5978
stat.node.7.injector.aggregate_gbps = 52.6559
stat.node.7.llc.cxl_miss = 800
stat.node.7.llc.total_miss = 800
stat.node.7.llc.avg_miss_lat = 3048.88
stat.node.7.llc.avg_cxl_lat = 3048.88
stat.node.7.llc.miss_lat_hist_bin_ns = 10
stat.node.7.llc.miss_lat_hist = [0,0,0,0,0,0,0,0,0,0,0,0,0,0,0,0,0,0,0,0,0,0,0,0,0,0,0,0,0,0,0,0,0,0,0,0,0,0,0,0,0,0,0,0,0,0,0,0,0,0,0,0,0,0,0,0,0,0,0,0,0,0,0,0,0,0,0,0,0,0,0,0,0,0,0,0,0,0,0,0,0,0,0,0,0,0,0,0,0,0,0,0,0,0,0,0,0,0,0,0,0,0,0,0,0,0,0,0,0,1,2,1,1,4,7,5,7,6,16,19,28,32,43,53,63,63,70,55,39,51,46,39,45,26,22,9,11,10,4,6,3,4,2,1,2,1,0,1,1,0,0,0,0,1]
stat.node.7.util.dram_avg = 4.03309e-06
stat.node.7.walltime_s = 616.253
stat.node.7.active_time_s = 76.2816
stat.node.6.cpu.0.load_issue_to_complete_count = 799
stat.node.6.cpu.0.avg_load_issue_to_complete_lat = 3278.84
stat.node.6.injector.phase_cycles = 2623916
stat.node.6.injector.request_bytes = 1378088
stat.node.6.injector.response_bytes = 5836672
stat.node.6.injector.aggregate_bytes = 7214760
stat.node.6.injector.request_gbps = 10.0839
stat.node.6.injector.response_gbps = 42.7087
stat.node.6.injector.aggregate_gbps = 52.7926
stat.node.6.llc.cxl_miss = 800
stat.node.6.llc.total_miss = 800
stat.node.6.llc.avg_miss_lat = 3037.66
stat.node.6.llc.avg_cxl_lat = 3037.66
stat.node.6.llc.miss_lat_hist_bin_ns = 10
stat.node.6.llc.miss_lat_hist = [0,0,0,0,0,0,0,0,0,0,0,0,0,0,0,0,0,0,0,0,0,0,0,0,0,0,0,0,0,0,0,0,0,0,0,0,0,0,0,0,0,0,0,0,0,0,0,0,0,0,0,0,0,0,0,0,0,0,0,0,0,0,0,0,0,0,0,0,0,0,0,0,0,0,0,0,0,0,0,0,0,0,0,0,0,0,0,0,0,0,0,0,0,0,0,1,0,0,0,0,0,0,0,1,1,0,0,0,0,1,0,1,2,2,3,3,11,15,18,20,32,35,41,67,60,52,64,53,48,57,37,38,37,34,20,14,9,5,7,4,0,3,1,1,0,0,0,1,0,0,1]
stat.node.6.util.dram_avg = 4.02573e-06
stat.node.6.walltime_s = 617.534
stat.node.6.active_time_s = 96.4042
stat.node.4.cpu.0.load_issue_to_complete_count = 799
stat.node.4.cpu.0.avg_load_issue_to_complete_lat = 3284.73
stat.node.4.injector.phase_cycles = 2628573
stat.node.4.injector.request_bytes = 1375944
stat.node.4.injector.response_bytes = 5827264
stat.node.4.injector.aggregate_bytes = 7203208
stat.node.4.injector.request_gbps = 10.0504
stat.node.4.injector.response_gbps = 42.5643
stat.node.4.injector.aggregate_gbps = 52.6147
stat.node.4.llc.cxl_miss = 800
stat.node.4.llc.total_miss = 800
stat.node.4.llc.avg_miss_lat = 3044.84
stat.node.4.llc.avg_cxl_lat = 3044.84
stat.node.4.llc.miss_lat_hist_bin_ns = 10
stat.node.4.llc.miss_lat_hist = [0,0,0,0,0,0,0,0,0,0,0,0,0,0,0,0,0,0,0,0,0,0,0,0,0,0,0,0,0,0,0,0,0,0,0,0,0,0,0,0,0,0,0,0,0,0,0,0,0,0,0,0,0,0,0,0,0,0,0,0,0,0,0,0,0,0,0,0,0,0,0,0,0,0,0,0,0,0,0,0,0,0,0,0,0,0,0,0,0,0,0,0,0,0,0,0,0,0,0,0,0,0,0,0,1,0,1,0,1,3,1,2,2,4,5,4,6,18,19,22,30,36,44,47,51,42,67,59,61,45,39,37,36,32,17,12,14,16,3,2,5,6,3,4,0,1,1,1]
stat.node.4.util.dram_avg = 4.02039e-06
stat.node.4.walltime_s = 618.112
stat.node.4.active_time_s = 72.3856
stat.node.3.cpu.0.load_issue_to_complete_count = 799
stat.node.3.cpu.0.avg_load_issue_to_complete_lat = 3279.11
stat.node.3.injector.phase_cycles = 2624092
stat.node.3.injector.request_bytes = 1378256
stat.node.3.injector.response_bytes = 5836736
stat.node.3.injector.aggregate_bytes = 7214992
stat.node.3.injector.request_gbps = 10.0844
stat.node.3.injector.response_gbps = 42.7063
stat.node.3.injector.aggregate_gbps = 52.7908
stat.node.3.llc.cxl_miss = 800
stat.node.3.llc.total_miss = 800
stat.node.3.llc.avg_miss_lat = 3041.44
stat.node.3.llc.avg_cxl_lat = 3041.44
stat.node.3.llc.miss_lat_hist_bin_ns = 10
stat.node.3.llc.miss_lat_hist = [0,0,0,0,0,0,0,0,0,0,0,0,0,0,0,0,0,0,0,0,0,0,0,0,0,0,0,0,0,0,0,0,0,0,0,0,0,0,0,0,0,0,0,0,0,0,0,0,0,0,0,0,0,0,0,0,0,0,0,0,0,0,0,0,0,0,0,0,0,0,0,0,0,0,0,0,0,0,0,0,0,0,0,0,0,0,0,0,0,0,0,0,0,0,0,0,0,0,0,0,0,1,0,0,0,0,0,0,0,1,0,2,0,3,6,4,10,21,18,19,31,30,51,58,42,49,55,63,56,65,48,33,29,28,18,14,15,13,8,2,1,2,1,2,0,1]
stat.node.3.util.dram_avg = 4.01875e-06
stat.node.3.walltime_s = 618.521
stat.node.3.active_time_s = 92.4566
stat.node.5.cpu.0.load_issue_to_complete_count = 799
stat.node.5.cpu.0.avg_load_issue_to_complete_lat = 3281.39
stat.node.5.injector.phase_cycles = 2626201
stat.node.5.injector.request_bytes = 1377848
stat.node.5.injector.response_bytes = 5835776
stat.node.5.injector.aggregate_bytes = 7213624
stat.node.5.injector.request_gbps = 10.0734
stat.node.5.injector.response_gbps = 42.665
stat.node.5.injector.aggregate_gbps = 52.7384
stat.node.5.llc.cxl_miss = 800
stat.node.5.llc.total_miss = 800
stat.node.5.llc.avg_miss_lat = 3043.62
stat.node.5.llc.avg_cxl_lat = 3043.62
stat.node.5.llc.miss_lat_hist_bin_ns = 10
stat.node.5.llc.miss_lat_hist = [0,0,0,0,0,0,0,0,0,0,0,0,0,0,0,0,0,0,0,0,0,0,0,0,0,0,0,0,0,0,0,0,0,0,0,0,0,0,0,0,0,0,0,0,0,0,0,0,0,0,0,0,0,0,0,0,0,0,0,0,0,0,0,0,0,0,0,0,0,0,0,0,0,0,0,0,0,0,0,0,0,0,0,0,0,0,0,0,0,0,0,0,0,0,0,0,0,0,0,0,0,0,0,0,0,0,1,0,1,1,0,2,2,4,7,3,8,10,18,24,32,40,39,40,60,64,63,50,61,46,44,34,36,21,26,12,16,13,6,6,5,2,3]
stat.node.5.util.dram_avg = 4.01827e-06
stat.node.5.walltime_s = 618.587
stat.node.5.active_time_s = 81.4921
stat.node.0.cpu.0.load_issue_to_complete_count = 799
stat.node.0.cpu.0.avg_load_issue_to_complete_lat = 3295.87
stat.node.0.injector.phase_cycles = 2637431
stat.node.0.injector.request_bytes = 1377272
stat.node.0.injector.response_bytes = 5832832
stat.node.0.injector.aggregate_bytes = 7210104
stat.node.0.injector.request_gbps = 10.0263
stat.node.0.injector.response_gbps = 42.4619
stat.node.0.injector.aggregate_gbps = 52.4882
stat.node.0.llc.cxl_miss = 800
stat.node.0.llc.total_miss = 800
stat.node.0.llc.avg_miss_lat = 3056.73
stat.node.0.llc.avg_cxl_lat = 3056.73
stat.node.0.llc.miss_lat_hist_bin_ns = 10
stat.node.0.llc.miss_lat_hist = [0,0,0,0,0,0,0,0,0,0,0,0,0,0,0,0,0,0,0,0,0,0,0,0,0,0,0,0,0,0,0,0,0,0,0,0,0,0,0,0,0,0,0,0,0,0,0,0,0,0,0,0,0,0,0,0,0,0,0,0,0,0,0,0,0,0,0,0,0,0,0,0,0,0,0,0,0,0,0,0,0,0,0,0,0,0,0,0,0,0,0,0,0,0,0,0,0,0,0,0,0,0,0,0,0,0,0,0,2,0,1,1,3,0,10,8,11,11,18,25,35,17,33,47,48,49,55,55,53,60,47,34,37,28,37,17,17,7,4,8,7,4,2,2,1,2,2,0,1,0,0,1]
stat.node.0.util.dram_avg = 4.01304e-06
stat.node.0.walltime_s = 619.155
stat.node.0.active_time_s = 74.7226
stat.node.2.cpu.0.load_issue_to_complete_count = 799
stat.node.2.cpu.0.avg_load_issue_to_complete_lat = 3277.33
stat.node.2.injector.phase_cycles = 2622744
stat.node.2.injector.request_bytes = 1373736
stat.node.2.injector.response_bytes = 5817984
stat.node.2.injector.aggregate_bytes = 7191720
stat.node.2.injector.request_gbps = 10.0565
stat.node.2.injector.response_gbps = 42.591
stat.node.2.injector.aggregate_gbps = 52.6475
stat.node.2.llc.cxl_miss = 800
stat.node.2.llc.total_miss = 800
stat.node.2.llc.avg_miss_lat = 3039.77
stat.node.2.llc.avg_cxl_lat = 3039.77
stat.node.2.llc.miss_lat_hist_bin_ns = 10
stat.node.2.llc.miss_lat_hist = [0,0,0,0,0,0,0,0,0,0,0,0,0,0,0,0,0,0,0,0,0,0,0,0,0,0,0,0,0,0,0,0,0,0,0,0,0,0,0,0,0,0,0,0,0,0,0,0,0,0,0,0,0,0,0,0,0,0,0,0,0,0,0,0,0,0,0,0,0,0,0,0,0,0,0,0,0,0,0,0,0,0,0,0,0,0,0,0,0,0,0,0,0,0,0,0,0,0,0,0,0,0,0,0,0,1,0,0,1,1,3,1,2,2,6,5,9,8,23,24,37,45,37,40,52,70,58,58,44,52,35,43,37,24,23,15,13,10,6,6,2,1,3,2,0,1]
stat.node.2.util.dram_avg = 4.0116e-06
stat.node.2.walltime_s = 619.268
stat.node.2.active_time_s = 93.0176
stat.node.1.cpu.0.load_issue_to_complete_count = 799
stat.node.1.cpu.0.avg_load_issue_to_complete_lat = 3288.68
stat.node.1.injector.phase_cycles = 2631798
stat.node.1.injector.request_bytes = 1378088
stat.node.1.injector.response_bytes = 5836992
stat.node.1.injector.aggregate_bytes = 7215080
stat.node.1.injector.request_gbps = 10.0537
stat.node.1.injector.response_gbps = 42.5831
stat.node.1.injector.aggregate_gbps = 52.6368
stat.node.1.llc.cxl_miss = 800
stat.node.1.llc.total_miss = 800
stat.node.1.llc.avg_miss_lat = 3049.74
stat.node.1.llc.avg_cxl_lat = 3049.74
stat.node.1.llc.miss_lat_hist_bin_ns = 10
stat.node.1.llc.miss_lat_hist = [0,0,0,0,0,0,0,0,0,0,0,0,0,0,0,0,0,0,0,0,0,0,0,0,0,0,0,0,0,0,0,0,0,0,0,0,0,0,0,0,0,0,0,0,0,0,0,0,0,0,0,0,0,0,0,0,0,0,0,0,0,0,0,0,0,0,0,0,0,0,0,0,0,0,0,0,0,0,0,0,0,0,0,0,0,0,0,0,0,0,0,0,0,0,0,0,0,0,0,0,0,0,0,0,0,0,0,0,1,0,0,1,1,2,4,6,11,11,15,22,31,35,48,47,53,58,46,66,57,52,48,33,32,28,22,13,19,11,8,6,2,4,3,2,1,0,1]
stat.node.1.util.dram_avg = 4.00914e-06
stat.node.1.walltime_s = 619.592
stat.node.1.active_time_s = 72.414
stat.pool.106.util.mem_avg = 0.283225
stat.pool.106.util.req_link_avg = 0.895544
stat.pool.106.walltime_s = 619.592
stat.pool.106.active_time_s = 3.65322
stat.pool.105.util.mem_avg = 0.283228
stat.pool.105.util.req_link_avg = 0.895547
stat.pool.105.walltime_s = 619.608
stat.pool.105.active_time_s = 3.53742
stat.pool.104.util.mem_avg = 0.283193
stat.pool.104.util.req_link_avg = 0.895516
stat.pool.104.walltime_s = 619.608
stat.pool.104.active_time_s = 3.59342
stat.pool.103.util.mem_avg = 0.283227
stat.pool.103.util.req_link_avg = 0.895542
stat.pool.103.walltime_s = 619.608
stat.pool.103.active_time_s = 3.73239
stat.pool.102.util.mem_avg = 0.283245
stat.pool.102.util.req_link_avg = 0.895554
stat.pool.102.walltime_s = 619.608
stat.pool.102.active_time_s = 3.55868
stat.pool.101.util.mem_avg = 0.283221
stat.pool.101.util.req_link_avg = 0.89554
stat.pool.101.walltime_s = 619.608
stat.pool.101.active_time_s = 3.65715
stat.pool.100.util.mem_avg = 0.283235
stat.pool.100.util.req_link_avg = 0.895548
stat.pool.100.walltime_s = 619.608
stat.pool.100.active_time_s = 3.84266
stat.switch.replicated_messages = 1291703
stat.switch.util.node_ingress_avg = 0.2057
stat.switch.util.pool_ingress_avg = 0.999526
stat.switch.bw.host_to_switch_gbps = 10.1107
stat.switch.bw.switch_to_host_gbps = 42.9874
stat.switch.bw.host_link_total_gbps = 53.0982
stat.switch.walltime_s = 619.608
stat.switch.active_time_s = 16.086
Simulation is complete, simulated time: 2.4963 ms
