stat.node.0.cpu.0.retired = 197
stat.node.0.cpu.0.cycles = 1000000
stat.node.1.cpu.0.retired = 174
stat.node.1.cpu.0.cycles = 1000000
stat.node.2.cpu.0.retired = 189
stat.node.2.cpu.0.cycles = 1000000
stat.node.3.cpu.0.retired = 205
stat.node.3.cpu.0.cycles = 1000000
stat.node.4.cpu.0.retired = 193
stat.node.4.cpu.0.cycles = 1000000
stat.node.5.cpu.0.retired = 190
stat.node.5.cpu.0.cycles = 1000000
stat.node.6.cpu.0.retired = 192
stat.node.6.cpu.0.cycles = 1000000
stat.node.7.cpu.0.retired = 171
stat.node.7.cpu.0.cycles = 1000000
stat.node.2.cpu.0.retired = 385
stat.node.2.cpu.0.cycles = 2000000
stat.node.3.cpu.0.retired = 401
stat.node.3.cpu.0.cycles = 2000000
stat.node.4.cpu.0.retired = 390
stat.node.4.cpu.0.cycles = 2000000
stat.node.5.cpu.0.retired = 385
stat.node.5.cpu.0.cycles = 2000000
stat.node.6.cpu.0.retired = 386
stat.node.6.cpu.0.cycles = 2000000
stat.node.7.cpu.0.retired = 365
stat.node.7.cpu.0.cycles = 2000000
stat.node.0.cpu.0.retired = 389
stat.node.0.cpu.0.cycles = 2000000
stat.node.1.cpu.0.retired = 365
stat.node.1.cpu.0.cycles = 2000000
stat.node.3.cpu.0.retired = 641
stat.node.3.cpu.0.cycles = 3000000
stat.node.4.cpu.0.retired = 625
stat.node.4.cpu.0.cycles = 3000000
stat.node.5.cpu.0.retired = 619
stat.node.5.cpu.0.cycles = 3000000
stat.node.1.cpu.0.retired = 595
stat.node.1.cpu.0.cycles = 3000000
stat.node.7.cpu.0.retired = 593
stat.node.7.cpu.0.cycles = 3000000
stat.node.0.cpu.0.retired = 624
stat.node.0.cpu.0.cycles = 3000000
stat.node.6.cpu.0.retired = 623
stat.node.6.cpu.0.cycles = 3000000
stat.node.2.cpu.0.retired = 620
stat.node.2.cpu.0.cycles = 3000000
stat.node.5.cpu.0.retired = 863
stat.node.5.cpu.0.cycles = 4000000
stat.node.3.cpu.0.retired = 883
stat.node.3.cpu.0.cycles = 4000000
stat.node.4.cpu.0.retired = 866
stat.node.4.cpu.0.cycles = 4000000
stat.node.2.cpu.0.retired = 860
stat.node.2.cpu.0.cycles = 4000000
stat.node.1.cpu.0.retired = 837
stat.node.1.cpu.0.cycles = 4000000
stat.node.7.cpu.0.retired = 836
stat.node.7.cpu.0.cycles = 4000000
stat.node.0.cpu.0.retired = 867
stat.node.0.cpu.0.cycles = 4000000
stat.node.6.cpu.0.retired = 868
stat.node.6.cpu.0.cycles = 4000000
stat.node.4.cpu.0.retired = 1120
stat.node.4.cpu.0.cycles = 5000000
stat.node.5.cpu.0.retired = 1117
stat.node.5.cpu.0.cycles = 5000000
stat.node.3.cpu.0.retired = 1136
stat.node.3.cpu.0.cycles = 5000000
stat.node.6.cpu.0.retired = 1121
stat.node.6.cpu.0.cycles = 5000000
stat.node.2.cpu.0.retired = 1114
stat.node.2.cpu.0.cycles = 5000000
stat.node.1.cpu.0.retired = 1091
stat.node.1.cpu.0.cycles = 5000000
stat.node.7.cpu.0.retired = 1085
stat.node.7.cpu.0.cycles = 5000000
stat.node.0.cpu.0.retired = 1120
stat.node.0.cpu.0.cycles = 5000000
stat.node.6.cpu.0.retired = 1379
stat.node.6.cpu.0.cycles = 6000000
stat.node.2.cpu.0.retired = 1371
stat.node.2.cpu.0.cycles = 6000000
stat.node.1.cpu.0.retired = 1346
stat.node.1.cpu.0.cycles = 6000000
stat.node.7.cpu.0.retired = 1345
stat.node.7.cpu.0.cycles = 6000000
stat.node.3.cpu.0.retired = 1391
stat.node.3.cpu.0.cycles = 6000000
stat.node.4.cpu.0.retired = 1376
stat.node.4.cpu.0.cycles = 6000000
stat.node.5.cpu.0.retired = 1375
stat.node.5.cpu.0.cycles = 6000000
stat.node.0.cpu.0.retired = 1379
stat.node.0.cpu.0.cycles = 6000000
stat.node.3.cpu.0.load_issue_to_complete_count = 799
stat.node.3.cpu.0.avg_load_issue_to_complete_lat = 3918.98
stat.node.3.injector.phase_cycles = 3135503
stat.node.3.injector.request_bytes = 1071888
stat.node.3.injector.response_bytes = 659520
stat.node.3.injector.aggregate_bytes = 1731408
stat.node.3.injector.request_gbps = 6.56362
stat.node.3.injector.response_gbps = 4.03852
stat.node.3.injector.aggregate_gbps = 10.6021
stat.node.3.llc.cxl_miss = 800
stat.node.3.llc.total_miss = 800
stat.node.3.llc.avg_miss_lat = 3697.32
stat.node.3.llc.avg_cxl_lat = 3697.32
stat.node.3.llc.miss_lat_hist_bin_ns = 10
stat.node.3.llc.miss_lat_hist = [0,0,0,0,0,0,0,0,0,0,0,0,0,0,0,0,0,0,0,0,0,0,0,0,0,0,0,0,0,0,0,0,0,0,0,0,0,0,0,0,0,0,0,0,0,0,0,0,0,0,0,0,0,0,0,0,0,0,0,0,0,0,0,0,0,0,0,0,0,0,0,0,0,0,0,0,0,0,0,0,0,0,0,0,0,0,0,0,0,0,0,0,0,0,0,0,0,0,0,0,0,0,0,0,0,0,0,0,0,0,0,0,1,0,0,3,1,0,2,0,0,2,4,4,2,7,2,8,7,13,8,5,6,11,23,17,13,10,9,11,13,19,19,19,13,10,16,17,25,21,16,11,19,30,25,15,21,13,12,14,15,19,19,19,7,10,11,31,9,6,6,5,13,10,9,4,8,7,9,7,12,7,7,1,1,4,2,4,2,1,1,0,1,1,4,0,1,0,1,0,2,1,0,1,1,0,1,1,1,0,0,1]
stat.node.3.util.dram_avg = 3.52685e-06
stat.node.3.walltime_s = 132.947
stat.node.3.active_time_s = 72.6296
stat.node.0.cpu.0.load_issue_to_complete_count = 799
stat.node.0.cpu.0.avg_load_issue_to_complete_lat = 3881.89
stat.node.0.injector.phase_cycles = 3106884
stat.node.0.injector.request_bytes = 1069320
stat.node.0.injector.response_bytes = 658048
stat.node.0.injector.aggregate_bytes = 1727368
stat.node.0.injector.request_gbps = 6.60821
stat.node.0.injector.response_gbps = 4.06662
stat.node.0.injector.aggregate_gbps = 10.6748
stat.node.0.llc.cxl_miss = 800
stat.node.0.llc.total_miss = 800
stat.node.0.llc.avg_miss_lat = 3662.03
stat.node.0.llc.avg_cxl_lat = 3662.03
stat.node.0.llc.miss_lat_hist_bin_ns = 10
stat.node.0.llc.miss_lat_hist = [0,0,0,0,0,0,0,0,0,0,0,0,0,0,0,0,0,0,0,0,0,0,0,0,0,0,0,0,0,0,0,0,0,0,0,0,0,0,0,0,0,0,0,0,0,0,0,0,0,0,0,0,0,0,0,0,0,0,0,0,0,0,0,0,0,0,0,0,0,0,0,0,0,0,0,0,0,0,0,0,0,0,0,0,0,0,0,0,0,0,0,0,0,0,0,0,0,0,0,0,0,0,0,0,0,0,0,0,1,1,0,1,1,1,2,3,2,2,0,2,2,1,4,5,5,3,6,8,8,6,9,9,7,12,13,18,13,7,11,13,25,19,11,18,14,15,19,22,29,24,12,13,16,28,23,22,11,15,9,12,14,26,21,26,5,14,13,10,11,14,2,6,4,8,9,6,7,3,6,8,6,14,6,2,0,7,2,3,2,0,1,0,0,1,3,1,1,0,0,1,0,0,1,1,0,0,0,1,0,1]
stat.node.0.util.dram_avg = 3.50797e-06
stat.node.0.walltime_s = 133.75
stat.node.0.active_time_s = 58.9046
stat.node.6.cpu.0.load_issue_to_complete_count = 799
stat.node.6.cpu.0.avg_load_issue_to_complete_lat = 3901.99
stat.node.6.injector.phase_cycles = 3121874
stat.node.6.injector.request_bytes = 1066488
stat.node.6.injector.response_bytes = 656256
stat.node.6.injector.aggregate_bytes = 1722744
stat.node.6.injector.request_gbps = 6.55906
stat.node.6.injector.response_gbps = 4.03607
stat.node.6.injector.aggregate_gbps = 10.5951
stat.node.6.llc.cxl_miss = 800
stat.node.6.llc.total_miss = 800
stat.node.6.llc.avg_miss_lat = 3680.87
stat.node.6.llc.avg_cxl_lat = 3680.87
stat.node.6.llc.miss_lat_hist_bin_ns = 10
stat.node.6.llc.miss_lat_hist = [0,0,0,0,0,0,0,0,0,0,0,0,0,0,0,0,0,0,0,0,0,0,0,0,0,0,0,0,0,0,0,0,0,0,0,0,0,0,0,0,0,0,0,0,0,0,0,0,0,0,0,0,0,0,0,0,0,0,0,0,0,0,0,0,0,0,0,0,0,0,0,0,0,0,0,0,0,0,0,0,0,0,0,0,0,0,0,0,0,0,0,0,0,0,0,0,0,0,0,0,0,0,0,0,0,0,0,0,0,1,1,0,0,2,2,1,6,2,2,1,1,5,1,0,1,5,5,6,5,11,10,9,3,10,23,13,14,10,4,17,20,14,15,17,17,11,18,26,32,24,16,8,12,30,24,13,17,12,6,14,24,21,25,9,11,11,17,16,14,12,5,3,5,8,8,12,5,7,4,4,9,7,4,2,2,5,5,7,3,1,2,2,2,1,2,1,1,1,2,1,0,0,0,0,0,0,0,1,1]
stat.node.6.util.dram_avg = 3.5009e-06
stat.node.6.walltime_s = 134.054
stat.node.6.active_time_s = 65.0055
stat.node.4.cpu.0.load_issue_to_complete_count = 799
stat.node.4.cpu.0.avg_load_issue_to_complete_lat = 3906.33
stat.node.4.injector.phase_cycles = 3126050
stat.node.4.injector.request_bytes = 1069472
stat.node.4.injector.response_bytes = 658112
stat.node.4.injector.aggregate_bytes = 1727584
stat.node.4.injector.request_gbps = 6.56863
stat.node.4.injector.response_gbps = 4.04208
stat.node.4.injector.aggregate_gbps = 10.6107
stat.node.4.llc.cxl_miss = 800
stat.node.4.llc.total_miss = 800
stat.node.4.llc.avg_miss_lat = 3686.03
stat.node.4.llc.avg_cxl_lat = 3686.03
stat.node.4.llc.miss_lat_hist_bin_ns = 10
stat.node.4.llc.miss_lat_hist = [0,0,0,0,0,0,0,0,0,0,0,0,0,0,0,0,0,0,0,0,0,0,0,0,0,0,0,0,0,0,0,0,0,0,0,0,0,0,0,0,0,0,0,0,0,0,0,0,0,0,0,0,0,0,0,0,0,0,0,0,0,0,0,0,0,0,0,0,0,0,0,0,0,0,0,0,0,0,0,0,0,0,0,0,0,0,0,0,0,0,0,0,0,0,0,0,0,0,0,0,0,0,0,0,0,0,0,0,0,0,0,1,0,0,0,1,1,0,0,1,2,5,3,5,4,5,1,8,9,7,6,6,12,16,9,18,6,13,6,13,22,15,19,17,17,23,11,18,33,25,13,16,12,30,28,13,16,15,13,12,12,20,21,16,10,4,17,21,24,12,6,7,8,5,5,10,12,1,3,4,12,6,4,2,0,3,4,4,1,4,3,0,1,2,0,2,1,0,0,2,1,1,2,0,0,0,0,0,1]
stat.node.4.util.dram_avg = 3.49665e-06
stat.node.4.walltime_s = 134.237
stat.node.4.active_time_s = 68.7802
stat.node.5.cpu.0.load_issue_to_complete_count = 799
stat.node.5.cpu.0.avg_load_issue_to_complete_lat = 3897.97
stat.node.5.injector.phase_cycles = 3118615
stat.node.5.injector.request_bytes = 1070088
stat.node.5.injector.response_bytes = 658560
stat.node.5.injector.aggregate_bytes = 1728648
stat.node.5.injector.request_gbps = 6.58808
stat.node.5.injector.response_gbps = 4.05448
stat.node.5.injector.aggregate_gbps = 10.6426
stat.node.5.llc.cxl_miss = 800
stat.node.5.llc.total_miss = 800
stat.node.5.llc.avg_miss_lat = 3675.52
stat.node.5.llc.avg_cxl_lat = 3675.52
stat.node.5.llc.miss_lat_hist_bin_ns = 10
stat.node.5.llc.miss_lat_hist = [0,0,0,0,0,0,0,0,0,0,0,0,0,0,0,0,0,0,0,0,0,0,0,0,0,0,0,0,0,0,0,0,0,0,0,0,0,0,0,0,0,0,0,0,0,0,0,0,0,0,0,0,0,0,0,0,0,0,0,0,0,0,0,0,0,0,0,0,0,0,0,0,0,0,0,0,0,0,0,0,0,0,0,0,0,0,0,0,0,0,0,0,0,0,0,0,0,0,0,0,0,0,0,0,0,0,0,1,1,1,0,0,1,1,2,0,2,1,2,0,1,5,4,3,2,2,8,7,7,6,3,6,9,11,12,14,13,6,10,8,25,11,19,19,17,11,10,19,41,33,20,17,18,23,26,24,16,17,17,14,23,28,18,10,5,7,11,19,21,3,5,7,8,7,7,7,3,6,3,3,9,7,3,1,2,4,1,3,1,5,0,3,1,1,1,3,1,0,0,1,2,0,1,0,1,1,0,0,0,0,0,0,1]
stat.node.5.util.dram_avg = 3.4924e-06
stat.node.5.walltime_s = 134.421
stat.node.5.active_time_s = 67.3916
stat.node.2.cpu.0.load_issue_to_complete_count = 799
stat.node.2.cpu.0.avg_load_issue_to_complete_lat = 3898
stat.node.2.injector.phase_cycles = 3119095
stat.node.2.injector.request_bytes = 1069536
stat.node.2.injector.response_bytes = 658176
stat.node.2.injector.aggregate_bytes = 1727712
stat.node.2.injector.request_gbps = 6.58367
stat.node.2.injector.response_gbps = 4.05149
stat.node.2.injector.aggregate_gbps = 10.6352
stat.node.2.llc.cxl_miss = 800
stat.node.2.llc.total_miss = 800
stat.node.2.llc.avg_miss_lat = 3675.85
stat.node.2.llc.avg_cxl_lat = 3675.85
stat.node.2.llc.miss_lat_hist_bin_ns = 10
stat.node.2.llc.miss_lat_hist = [0,0,0,0,0,0,0,0,0,0,0,0,0,0,0,0,0,0,0,0,0,0,0,0,0,0,0,0,0,0,0,0,0,0,0,0,0,0,0,0,0,0,0,0,0,0,0,0,0,0,0,0,0,0,0,0,0,0,0,0,0,0,0,0,0,0,0,0,0,0,0,0,0,0,0,0,0,0,0,0,0,0,0,0,0,0,0,0,0,0,0,0,0,0,0,0,0,0,0,0,0,0,0,1,0,0,0,0,0,2,0,0,0,3,2,0,1,2,0,0,1,4,3,4,2,4,8,3,11,7,6,3,6,8,10,16,12,8,11,11,18,26,16,22,16,22,17,26,29,22,11,13,20,28,24,19,14,15,12,13,29,26,22,11,6,7,16,15,17,6,5,6,7,7,5,8,11,3,4,6,7,10,5,0,4,1,3,2,2,0,0,1,0,0,5,1,1,0,0,3,1,0,1,2,0,0,1,0,1]
stat.node.2.util.dram_avg = 3.48986e-06
stat.node.2.walltime_s = 134.53
stat.node.2.active_time_s = 59.7073
stat.node.1.cpu.0.load_issue_to_complete_count = 799
stat.node.1.cpu.0.avg_load_issue_to_complete_lat = 3900.35
stat.node.1.injector.phase_cycles = 3120438
stat.node.1.injector.request_bytes = 1068768
stat.node.1.injector.response_bytes = 657792
stat.node.1.injector.aggregate_bytes = 1726560
stat.node.1.injector.request_gbps = 6.57611
stat.node.1.injector.response_gbps = 4.04738
stat.node.1.injector.aggregate_gbps = 10.6235
stat.node.1.llc.cxl_miss = 800
stat.node.1.llc.total_miss = 800
stat.node.1.llc.avg_miss_lat = 3677.85
stat.node.1.llc.avg_cxl_lat = 3677.85
stat.node.1.llc.miss_lat_hist_bin_ns = 10
stat.node.1.llc.miss_lat_hist = [0,0,0,0,0,0,0,0,0,0,0,0,0,0,0,0,0,0,0,0,0,0,0,0,0,0,0,0,0,0,0,0,0,0,0,0,0,0,0,0,0,0,0,0,0,0,0,0,0,0,0,0,0,0,0,0,0,0,0,0,0,0,0,0,0,0,0,0,0,0,0,0,0,0,0,0,0,0,0,0,0,0,0,0,0,0,0,0,0,0,0,0,0,0,0,0,0,0,0,0,0,0,0,0,0,0,1,0,0,0,0,0,2,2,1,0,2,1,3,4,1,5,5,4,4,3,2,5,7,4,17,9,6,9,14,8,16,9,9,12,20,24,11,18,19,9,19,27,29,26,20,11,18,17,26,15,16,13,13,13,16,27,13,12,16,11,8,19,15,9,9,9,6,12,6,2,4,4,2,6,7,11,6,4,3,1,6,1,4,3,2,1,2,2,1,2,0,1,1,1,0,1,1,0,2,0,1,0,0,0,0,0,0,1]
stat.node.1.util.dram_avg = 3.43997e-06
stat.node.1.walltime_s = 136.712
stat.node.1.active_time_s = 57.2389
stat.node.7.cpu.0.load_issue_to_complete_count = 799
stat.node.7.cpu.0.avg_load_issue_to_complete_lat = 3889.81
stat.node.7.injector.phase_cycles = 3112902
stat.node.7.injector.request_bytes = 1070088
stat.node.7.injector.response_bytes = 658496
stat.node.7.injector.aggregate_bytes = 1728584
stat.node.7.injector.request_gbps = 6.60017
stat.node.7.injector.response_gbps = 4.06152
stat.node.7.injector.aggregate_gbps = 10.6617
stat.node.7.llc.cxl_miss = 800
stat.node.7.llc.total_miss = 800
stat.node.7.llc.avg_miss_lat = 3670.18
stat.node.7.llc.avg_cxl_lat = 3670.18
stat.node.7.llc.miss_lat_hist_bin_ns = 10
stat.node.7.llc.miss_lat_hist = [0,0,0,0,0,0,0,0,0,0,0,0,0,0,0,0,0,0,0,0,0,0,0,0,0,0,0,0,0,0,0,0,0,0,0,0,0,0,0,0,0,0,0,0,0,0,0,0,0,0,0,0,0,0,0,0,0,0,0,0,0,0,0,0,0,0,0,0,0,0,0,0,0,0,0,0,0,0,0,0,0,0,0,0,0,0,0,0,0,0,0,0,0,0,0,0,0,0,0,0,0,0,0,0,0,0,0,0,2,0,0,0,0,0,3,0,1,1,2,1,6,4,5,3,5,4,3,10,4,5,9,5,5,15,13,16,15,7,11,10,22,25,13,9,19,12,15,26,35,29,19,10,16,17,28,19,12,16,10,13,17,26,26,18,2,8,8,21,15,8,12,10,7,8,7,7,9,7,6,1,4,7,5,2,4,2,3,1,2,1,1,0,3,1,2,2,1,0,1,0,1,0,1,0,0,0,1,0,1,0,0,0,1]
stat.node.7.util.dram_avg = 3.43882e-06
stat.node.7.walltime_s = 136.763
stat.node.7.active_time_s = 64.1686
stat.pool.107.util.mem_avg = 0.172465
stat.pool.107.util.req_link_avg = 0.999931
stat.pool.107.walltime_s = 136.763
stat.pool.107.active_time_s = 1.71334
stat.pool.106.util.mem_avg = 0.172465
stat.pool.106.util.req_link_avg = 0.999931
stat.pool.106.walltime_s = 136.763
stat.pool.106.active_time_s = 1.73176
stat.pool.105.util.mem_avg = 0.172465
stat.pool.105.util.req_link_avg = 0.999931
stat.pool.105.walltime_s = 136.763
stat.pool.105.active_time_s = 1.74364
stat.pool.104.util.mem_avg = 0.172465
stat.pool.104.util.req_link_avg = 0.999931
stat.pool.104.walltime_s = 136.763
stat.pool.104.active_time_s = 1.77701
stat.pool.103.util.mem_avg = 0.172465
stat.pool.103.util.req_link_avg = 0.999931
stat.pool.103.walltime_s = 136.763
stat.pool.103.active_time_s = 1.76704
stat.pool.102.util.mem_avg = 0.172465
stat.pool.102.util.req_link_avg = 0.999931
stat.pool.102.walltime_s = 136.763
stat.pool.102.active_time_s = 1.79864
stat.pool.101.util.mem_avg = 0.172465
stat.pool.101.util.req_link_avg = 0.999931
stat.pool.101.walltime_s = 136.763
stat.pool.101.active_time_s = 1.8318
stat.pool.100.util.mem_avg = 0.172465
stat.pool.100.util.req_link_avg = 0.999931
stat.pool.100.walltime_s = 136.763
stat.pool.100.active_time_s = 1.95157
stat.switch.replicated_messages = 2208392
stat.switch.util.node_ingress_avg = 0.134775
stat.switch.util.pool_ingress_avg = 0.0891356
stat.switch.bw.host_to_switch_gbps = 6.62462
stat.switch.bw.switch_to_host_gbps = 4.3812
stat.switch.bw.host_link_total_gbps = 11.0058
stat.switch.walltime_s = 136.763
stat.switch.active_time_s = 12.8959
Simulation is complete, simulated time: 2.9103 ms
