stat.node.5.cpu.0.retired = 531
stat.node.5.cpu.0.cycles = 1000000
stat.node.6.cpu.0.retired = 528
stat.node.6.cpu.0.cycles = 1000000
stat.node.7.cpu.0.retired = 524
stat.node.7.cpu.0.cycles = 1000000
stat.node.0.cpu.0.retired = 523
stat.node.0.cpu.0.cycles = 1000000
stat.node.1.cpu.0.retired = 526
stat.node.1.cpu.0.cycles = 1000000
stat.node.2.cpu.0.retired = 527
stat.node.2.cpu.0.cycles = 1000000
stat.node.3.cpu.0.retired = 530
stat.node.3.cpu.0.cycles = 1000000
stat.node.4.cpu.0.retired = 531
stat.node.4.cpu.0.cycles = 1000000
stat.node.2.cpu.0.retired = 1117
stat.node.2.cpu.0.cycles = 2000000
stat.node.3.cpu.0.retired = 1136
stat.node.3.cpu.0.cycles = 2000000
stat.node.5.cpu.0.retired = 1137
stat.node.6.cpu.0.retired = 1146
stat.node.6.cpu.0.cycles = 2000000
stat.node.4.cpu.0.retired = 1115
stat.node.4.cpu.0.cycles = 2000000
stat.node.7.cpu.0.retired = 1149
stat.node.7.cpu.0.cycles = 2000000
stat.node.0.cpu.0.retired = 1140
stat.node.0.cpu.0.cycles = 2000000
stat.node.1.cpu.0.retired = 1156
stat.node.1.cpu.0.cycles = 2000000
stat.node.5.cpu.0.cycles = 2000000
stat.node.7.cpu.0.load_issue_to_complete_count = 799
stat.node.7.cpu.0.avg_load_issue_to_complete_lat = 1552.91
stat.node.7.injector.phase_cycles = 1242967
stat.node.7.injector.request_bytes = 540600
stat.node.7.injector.response_bytes = 1441728
stat.node.7.injector.aggregate_bytes = 1982328
stat.node.7.injector.request_gbps = 8.3506
stat.node.7.injector.response_gbps = 22.2702
stat.node.7.injector.aggregate_gbps = 30.6208
stat.node.7.llc.cxl_miss = 800
stat.node.7.llc.total_miss = 800
stat.node.7.llc.avg_miss_lat = 1371.01
stat.node.7.llc.avg_cxl_lat = 1371.01
stat.node.7.llc.miss_lat_hist_bin_ns = 10
stat.node.7.llc.miss_lat_hist = [0,0,0,0,0,0,0,0,0,0,0,0,0,0,0,0,0,0,0,0,0,0,0,0,0,0,0,0,0,0,0,0,0,0,0,0,0,0,0,0,0,3,19,26,22,34,41,44,39,51,27,29,33,32,29,20,26,24,23,26,21,20,14,19,11,9,13,12,12,13,9,11,7,9,5,4,4,2,5,5,1,10,6,2,0,0,3,2,1,3,3,1,0,0,2,1,3,1,2,2,0,0,1,1,1,0,0,0,0,0,0,0,0,1]
stat.node.7.util.dram_avg = 8.90744e-06
stat.node.7.walltime_s = 349.661
stat.node.7.active_time_s = 38.2184
stat.node.1.cpu.0.load_issue_to_complete_count = 799
stat.node.1.cpu.0.avg_load_issue_to_complete_lat = 1574.87
stat.node.1.injector.phase_cycles = 1260473
stat.node.1.injector.request_bytes = 548256
stat.node.1.injector.response_bytes = 1461440
stat.node.1.injector.aggregate_bytes = 2009696
stat.node.1.injector.request_gbps = 8.35124
stat.node.1.injector.response_gbps = 22.2612
stat.node.1.injector.aggregate_gbps = 30.6124
stat.node.1.llc.cxl_miss = 800
stat.node.1.llc.total_miss = 800
stat.node.1.llc.avg_miss_lat = 1391.39
stat.node.1.llc.avg_cxl_lat = 1391.39
stat.node.1.llc.miss_lat_hist_bin_ns = 10
stat.node.1.llc.miss_lat_hist = [0,0,0,0,0,0,0,0,0,0,0,0,0,0,0,0,0,0,0,0,0,0,0,0,0,0,0,0,0,0,0,0,0,0,0,0,0,0,0,0,0,6,6,25,39,34,40,39,42,27,33,30,32,29,19,21,25,19,21,20,17,17,19,16,15,22,16,21,13,15,10,10,9,9,6,10,6,4,2,3,3,7,3,2,3,3,6,5,2,4,0,2,2,2,0,0,1,2,0,1,0,3,0,0,1,0,1]
stat.node.1.util.dram_avg = 8.87657e-06
stat.node.1.walltime_s = 350.172
stat.node.1.active_time_s = 35.565
stat.node.0.cpu.0.load_issue_to_complete_count = 799
stat.node.0.cpu.0.avg_load_issue_to_complete_lat = 1580.44
stat.node.0.injector.phase_cycles = 1264920
stat.node.0.injector.request_bytes = 550184
stat.node.0.injector.response_bytes = 1466560
stat.node.0.injector.aggregate_bytes = 2016744
stat.node.0.injector.request_gbps = 8.35115
stat.node.0.injector.response_gbps = 22.2607
stat.node.0.injector.aggregate_gbps = 30.6118
stat.node.0.llc.cxl_miss = 800
stat.node.0.llc.total_miss = 800
stat.node.0.llc.avg_miss_lat = 1395.6
stat.node.0.llc.avg_cxl_lat = 1395.6
stat.node.0.llc.miss_lat_hist_bin_ns = 10
stat.node.0.llc.miss_lat_hist = [0,0,0,0,0,0,0,0,0,0,0,0,0,0,0,0,0,0,0,0,0,0,0,0,0,0,0,0,0,0,0,0,0,0,0,0,0,0,0,1,2,3,13,28,28,44,31,43,40,32,40,38,28,22,20,21,23,23,10,18,22,18,16,14,13,20,16,13,6,17,16,9,11,6,7,10,8,5,7,1,5,4,2,0,2,3,2,4,2,4,2,2,5,1,4,2,1,1,1,1,1,1,3,0,1,0,0,1,0,0,1,0,0,0,0,1]
stat.node.0.util.dram_avg = 8.79153e-06
stat.node.0.walltime_s = 351.7
stat.node.0.active_time_s = 38.0994
stat.node.6.cpu.0.load_issue_to_complete_count = 799
stat.node.6.cpu.0.avg_load_issue_to_complete_lat = 1632.53
stat.node.6.injector.phase_cycles = 1306541
stat.node.6.injector.request_bytes = 568312
stat.node.6.injector.response_bytes = 1515648
stat.node.6.injector.aggregate_bytes = 2083960
stat.node.6.injector.request_gbps = 8.35151
stat.node.6.injector.response_gbps = 22.2729
stat.node.6.injector.aggregate_gbps = 30.6244
stat.node.6.llc.cxl_miss = 800
stat.node.6.llc.total_miss = 800
stat.node.6.llc.avg_miss_lat = 1445.82
stat.node.6.llc.avg_cxl_lat = 1445.82
stat.node.6.llc.miss_lat_hist_bin_ns = 10
stat.node.6.llc.miss_lat_hist = [0,0,0,0,0,0,0,0,0,0,0,0,0,0,0,0,0,0,0,0,0,0,0,0,0,0,0,0,0,0,0,0,0,0,0,0,0,0,0,0,2,3,10,27,34,31,37,38,32,28,37,30,22,22,24,22,24,19,18,25,18,14,15,10,15,15,11,14,14,13,13,8,11,10,4,12,7,6,10,4,6,4,3,6,9,5,5,2,3,6,2,3,0,2,2,1,5,3,1,2,2,0,5,1,0,0,4,0,1,0,0,1,1,0,1,2,0,0,1,1,0,0,0,0,0,0,0,0,1]
stat.node.6.util.dram_avg = 8.72352e-06
stat.node.6.walltime_s = 353.15
stat.node.6.active_time_s = 41.5742
stat.node.3.cpu.0.load_issue_to_complete_count = 799
stat.node.3.cpu.0.avg_load_issue_to_complete_lat = 1631.19
stat.node.3.injector.phase_cycles = 1305746
stat.node.3.injector.request_bytes = 567944
stat.node.3.injector.response_bytes = 1514432
stat.node.3.injector.aggregate_bytes = 2082376
stat.node.3.injector.request_gbps = 8.35118
stat.node.3.injector.response_gbps = 22.2686
stat.node.3.injector.aggregate_gbps = 30.6198
stat.node.3.llc.cxl_miss = 800
stat.node.3.llc.total_miss = 800
stat.node.3.llc.avg_miss_lat = 1448
stat.node.3.llc.avg_cxl_lat = 1448
stat.node.3.llc.miss_lat_hist_bin_ns = 10
stat.node.3.llc.miss_lat_hist = [0,0,0,0,0,0,0,0,0,0,0,0,0,0,0,0,0,0,0,0,0,0,0,0,0,0,0,0,0,0,0,0,0,0,0,0,0,0,0,1,2,3,8,25,29,30,35,35,38,31,35,23,30,27,20,26,14,18,25,17,22,22,19,13,19,11,8,10,16,10,9,10,15,6,14,5,7,6,10,4,6,10,7,4,7,4,4,1,9,5,3,3,0,2,6,1,0,0,0,1,0,2,2,0,2,1,1,1,3,0,0,0,0,0,0,0,2,1,0,0,0,0,0,0,0,0,0,0,0,0,0,3,0,0,0,0,0,0,0,0,0,0,0,0,1]
stat.node.3.util.dram_avg = 8.71152e-06
stat.node.3.walltime_s = 354.197
stat.node.3.active_time_s = 41.3957
stat.node.5.cpu.0.load_issue_to_complete_count = 799
stat.node.5.cpu.0.avg_load_issue_to_complete_lat = 1621.16
stat.node.5.injector.phase_cycles = 1297773
stat.node.5.injector.request_bytes = 564480
stat.node.5.injector.response_bytes = 1505408
stat.node.5.injector.aggregate_bytes = 2069888
stat.node.5.injector.request_gbps = 8.35124
stat.node.5.injector.response_gbps = 22.2719
stat.node.5.injector.aggregate_gbps = 30.6231
stat.node.5.llc.cxl_miss = 800
stat.node.5.llc.total_miss = 800
stat.node.5.llc.avg_miss_lat = 1436.18
stat.node.5.llc.avg_cxl_lat = 1436.18
stat.node.5.llc.miss_lat_hist_bin_ns = 10
stat.node.5.llc.miss_lat_hist = [0,0,0,0,0,0,0,0,0,0,0,0,0,0,0,0,0,0,0,0,0,0,0,0,0,0,0,0,0,0,0,0,0,0,0,0,0,0,0,1,1,5,18,24,28,23,33,32,35,35,29,30,29,27,19,33,22,21,23,16,14,17,14,22,14,12,18,23,15,12,12,8,9,11,6,5,11,7,12,8,5,4,3,4,6,3,1,2,1,3,2,0,3,0,5,0,2,2,1,3,1,2,0,1,0,1,0,0,0,0,1,0,0,0,1,0,0,0,0,1,1,0,0,1,0,0,2,0,0,1,0,0,0,0,0,0,0,0,1,1,0,0,0,0,0,0,0,0,0,0,0,0,1]
stat.node.5.util.dram_avg = 8.69199e-06
stat.node.5.walltime_s = 354.681
stat.node.5.active_time_s = 36.493
stat.node.4.cpu.0.load_issue_to_complete_count = 799
stat.node.4.cpu.0.avg_load_issue_to_complete_lat = 1665
stat.node.4.injector.phase_cycles = 1332639
stat.node.4.injector.request_bytes = 579648
stat.node.4.injector.response_bytes = 1546240
stat.node.4.injector.aggregate_bytes = 2125888
stat.node.4.injector.request_gbps = 8.35128
stat.node.4.injector.response_gbps = 22.2775
stat.node.4.injector.aggregate_gbps = 30.6287
stat.node.4.llc.cxl_miss = 800
stat.node.4.llc.total_miss = 800
stat.node.4.llc.avg_miss_lat = 1480.31
stat.node.4.llc.avg_cxl_lat = 1480.31
stat.node.4.llc.miss_lat_hist_bin_ns = 10
stat.node.4.llc.miss_lat_hist = [0,0,0,0,0,0,0,0,0,0,0,0,0,0,0,0,0,0,0,0,0,0,0,0,0,0,0,0,0,0,0,0,0,0,0,0,0,1,0,0,2,6,5,20,32,32,25,24,43,29,28,31,30,29,22,24,15,18,22,15,21,16,18,7,13,14,14,11,16,10,12,12,10,13,13,10,7,8,6,6,7,5,9,6,3,9,2,6,5,2,4,5,6,3,1,3,4,3,4,1,1,1,1,3,1,2,0,1,0,0,1,0,1,0,1,3,0,0,0,0,0,0,1,0,2,1,0,0,0,0,0,0,0,0,0,0,1,0,0,0,0,0,1]
stat.node.4.util.dram_avg = 8.61723e-06
stat.node.4.walltime_s = 355.835
stat.node.4.active_time_s = 39.1038
stat.node.2.cpu.0.load_issue_to_complete_count = 799
stat.node.2.cpu.0.avg_load_issue_to_complete_lat = 1669.75
stat.node.2.injector.phase_cycles = 1336702
stat.node.2.injector.request_bytes = 581392
stat.node.2.injector.response_bytes = 1550976
stat.pool.104.util.mem_avg = 0.265134
stat.pool.104.util.req_link_avg = 0.999682
stat.pool.104.walltime_s = 356.496
stat.pool.104.active_time_s = 1.18377
stat.pool.103.util.mem_avg = 0.265108
stat.pool.103.util.req_link_avg = 0.999663
stat.pool.103.walltime_s = 356.496
stat.pool.103.active_time_s = 1.1859
stat.pool.102.util.mem_avg = 0.265186
stat.pool.102.util.req_link_avg = 0.999722
stat.pool.102.walltime_s = 356.496
stat.pool.102.active_time_s = 1.23831
stat.pool.101.util.mem_avg = 0.265169
stat.pool.101.util.req_link_avg = 0.99971
stat.pool.101.walltime_s = 356.496
stat.pool.101.active_time_s = 1.18808
stat.pool.100.util.mem_avg = 0.265247
stat.pool.100.util.req_link_avg = 0.999771
stat.pool.100.walltime_s = 356.496
stat.pool.100.active_time_s = 1.22398
stat.switch.replicated_messages = 506710
stat.switch.util.node_ingress_avg = 0.172
stat.switch.util.pool_ingress_avg = 0.751566
stat.switch.bw.host_to_switch_gbps = 8.45448
stat.switch.bw.switch_to_host_gbps = 23.0882
stat.switch.bw.host_link_total_gbps = 31.5427
stat.switch.walltime_s = 356.496
stat.switch.active_time_s = 6.92944
stat.node.2.injector.aggregate_bytes = 2132368
stat.node.2.injector.request_gbps = 8.35095
stat.node.2.injector.response_gbps = 22.2778
stat.node.2.injector.aggregate_gbps = 30.6287
stat.node.2.llc.cxl_miss = 800
stat.node.2.llc.total_miss = 800
stat.node.2.llc.avg_miss_lat = 1482.9
stat.node.2.llc.avg_cxl_lat = 1482.9
stat.node.2.llc.miss_lat_hist_bin_ns = 10
stat.node.2.llc.miss_lat_hist = [0,0,0,0,0,0,0,0,0,0,0,0,0,0,0,0,0,0,0,0,0,0,0,0,0,0,0,0,0,0,0,0,0,0,0,0,0,0,0,1,2,3,10,20,27,30,29,27,41,29,31,23,20,21,30,20,20,21,25,11,15,19,16,18,13,12,14,18,15,18,10,13,11,10,6,6,9,7,13,12,7,9,6,5,3,5,6,4,9,2,4,4,1,5,2,3,3,1,1,2,2,1,2,0,2,3,2,1,1,0,0,0,1,0,2,1,0,0,0,1,0,0,0,0,1,0,0,0,0,0,0,0,1,0,0,0,0,0,0,0,0,0,0,0,0,0,0,0,0,0,0,0,0,0,0,1]
stat.node.2.util.dram_avg = 8.58124e-06
stat.node.2.walltime_s = 356.496
stat.node.2.active_time_s = 42.6386
Simulation is complete, simulated time: 1.16626 ms
