stat.node.2.cpu.0.retired = 583
stat.node.2.cpu.0.cycles = 1000000
stat.node.3.cpu.0.retired = 583
stat.node.3.cpu.0.cycles = 1000000
stat.node.4.cpu.0.retired = 581
stat.node.4.cpu.0.cycles = 1000000
stat.node.5.cpu.0.retired = 584
stat.node.5.cpu.0.cycles = 1000000
stat.node.6.cpu.0.retired = 582
stat.node.7.cpu.0.retired = 581
stat.node.7.cpu.0.cycles = 1000000
stat.node.0.cpu.0.retired = 583
stat.node.0.cpu.0.cycles = 1000000
stat.node.1.cpu.0.retired = 586
stat.node.1.cpu.0.cycles = 1000000
stat.node.6.cpu.0.cycles = 1000000
stat.node.0.cpu.0.retired = 1287
stat.node.0.cpu.0.cycles = 2000000
stat.node.2.cpu.0.retired = 1281
stat.node.2.cpu.0.cycles = 2000000
stat.node.3.cpu.0.retired = 1284
stat.node.3.cpu.0.cycles = 2000000
stat.node.4.cpu.0.retired = 1285
stat.node.4.cpu.0.cycles = 2000000
stat.node.5.cpu.0.retired = 1285
stat.node.5.cpu.0.cycles = 2000000
stat.node.1.cpu.0.retired = 1287
stat.node.1.cpu.0.cycles = 2000000
stat.node.6.cpu.0.retired = 1284
stat.node.7.cpu.0.retired = 1285
stat.node.7.cpu.0.cycles = 2000000
stat.node.6.cpu.0.cycles = 2000000
stat.node.6.cpu.0.load_issue_to_complete_count = 799
stat.node.6.cpu.0.avg_load_issue_to_complete_lat = 1380.7
stat.node.6.injector.phase_cycles = 1105267
stat.node.6.injector.request_bytes = 361152
stat.node.6.injector.response_bytes = 87552
stat.node.6.injector.aggregate_bytes = 448704
stat.node.6.injector.request_gbps = 6.2737
stat.node.6.injector.response_gbps = 1.5209
stat.node.6.injector.aggregate_gbps = 7.7946
stat.node.6.llc.cxl_miss = 800
stat.node.6.llc.total_miss = 800
stat.node.6.llc.avg_miss_lat = 1198.64
stat.node.6.llc.avg_cxl_lat = 1198.64
stat.node.6.llc.miss_lat_hist_bin_ns = 10
stat.node.6.llc.miss_lat_hist = [0,0,0,0,0,0,0,0,0,0,0,0,0,0,0,0,0,0,0,0,0,0,0,0,0,0,0,0,0,0,0,0,0,0,0,0,0,0,0,0,0,4,37,85,73,57,52,57,55,52,45,37,40,26,24,24,23,22,13,14,15,9,8,3,5,3,4,0,1,2,0,3,0,4,0,1,2]
stat.node.6.util.dram_avg = 9.88578e-06
stat.node.6.walltime_s = 417.216
stat.node.6.active_time_s = 38.1363
stat.node.1.cpu.0.load_issue_to_complete_count = 799
stat.node.1.cpu.0.avg_load_issue_to_complete_lat = 1388.9
stat.node.1.injector.phase_cycles = 1112032
stat.node.1.injector.request_bytes = 363400
stat.node.1.injector.response_bytes = 88064
stat.node.1.injector.aggregate_bytes = 451464
stat.node.1.injector.request_gbps = 6.27435
stat.node.1.injector.response_gbps = 1.52049
stat.node.1.injector.aggregate_gbps = 7.79484
stat.node.1.llc.cxl_miss = 800
stat.node.1.llc.total_miss = 800
stat.node.1.llc.avg_miss_lat = 1208.84
stat.node.1.llc.avg_cxl_lat = 1208.84
stat.node.1.llc.miss_lat_hist_bin_ns = 10
stat.node.1.llc.miss_lat_hist = [0,0,0,0,0,0,0,0,0,0,0,0,0,0,0,0,0,0,0,0,0,0,0,0,0,0,0,0,0,0,0,0,0,0,0,0,0,0,0,0,0,8,35,78,47,62,65,58,50,51,44,46,35,27,28,28,21,12,17,9,19,9,4,10,8,2,6,5,3,3,5,0,0,1,1,1,0,2]
stat.node.1.util.dram_avg = 9.88405e-06
stat.node.1.walltime_s = 417.293
stat.node.1.active_time_s = 33.7918
stat.node.0.cpu.0.load_issue_to_complete_count = 799
stat.node.0.cpu.0.avg_load_issue_to_complete_lat = 1385.63
stat.node.0.injector.phase_cycles = 1109354
stat.node.0.injector.request_bytes = 362536
stat.node.0.injector.response_bytes = 87936
stat.node.0.injector.aggregate_bytes = 450472
stat.node.0.injector.request_gbps = 6.27454
stat.node.0.injector.response_gbps = 1.52194
stat.node.0.injector.aggregate_gbps = 7.79649
stat.node.0.llc.cxl_miss = 800
stat.node.0.llc.total_miss = 800
stat.node.0.llc.avg_miss_lat = 1205.16
stat.node.0.llc.avg_cxl_lat = 1205.16
stat.node.0.llc.miss_lat_hist_bin_ns = 10
stat.node.0.llc.miss_lat_hist = [0,0,0,0,0,0,0,0,0,0,0,0,0,0,0,0,0,0,0,0,0,0,0,0,0,0,0,0,0,0,0,0,0,0,0,0,0,0,0,0,0,4,32,88,66,49,51,64,59,61,39,39,29,23,36,25,25,18,11,11,7,10,7,8,9,5,2,5,5,4,1,2,0,0,0,0,2,0,1,1,0,0,1]
stat.node.0.util.dram_avg = 9.87914e-06
stat.node.0.walltime_s = 417.583
stat.node.0.active_time_s = 33.6819
stat.node.7.cpu.0.load_issue_to_complete_count = 799
stat.node.7.cpu.0.avg_load_issue_to_complete_lat = 1382.61
stat.node.7.injector.phase_cycles = 1106852
stat.node.7.injector.request_bytes = 361680
stat.node.7.injector.response_bytes = 87680
stat.node.7.injector.aggregate_bytes = 449360
stat.node.7.injector.request_gbps = 6.27388
stat.node.7.injector.response_gbps = 1.52094
stat.node.7.injector.aggregate_gbps = 7.79482
stat.node.7.llc.cxl_miss = 800
stat.node.7.llc.total_miss = 800
stat.node.7.llc.avg_miss_lat = 1201.84
stat.node.7.llc.avg_cxl_lat = 1201.84
stat.node.7.llc.miss_lat_hist_bin_ns = 10
stat.node.7.llc.miss_lat_hist = [0,0,0,0,0,0,0,0,0,0,0,0,0,0,0,0,0,0,0,0,0,0,0,0,0,0,0,0,0,0,0,0,0,0,0,0,0,0,0,0,0,7,30,95,65,62,62,64,45,43,35,32,37,32,29,24,20,22,15,14,10,12,6,6,6,6,3,1,5,4,2,1,0,1,1,1,1,0,0,0,0,0,1]
stat.node.7.util.dram_avg = 9.8652e-06
stat.node.7.walltime_s = 418.754
stat.node.7.active_time_s = 35.6004
stat.node.4.cpu.0.load_issue_to_complete_count = 799
stat.node.4.cpu.0.avg_load_issue_to_complete_lat = 1387.59
stat.node.4.injector.phase_cycles = 1110812
stat.node.4.injector.request_bytes = 363000
stat.node.4.injector.response_bytes = 88000
stat.node.4.injector.aggregate_bytes = 451000
stat.node.4.injector.request_gbps = 6.27433
stat.node.4.injector.response_gbps = 1.52105
stat.node.4.injector.aggregate_gbps = 7.79538
stat.node.4.llc.cxl_miss = 800
stat.node.4.llc.total_miss = 800
stat.node.4.llc.avg_miss_lat = 1206.77
stat.node.4.llc.avg_cxl_lat = 1206.77
stat.node.4.llc.miss_lat_hist_bin_ns = 10
stat.node.4.llc.miss_lat_hist = [0,0,0,0,0,0,0,0,0,0,0,0,0,0,0,0,0,0,0,0,0,0,0,0,0,0,0,0,0,0,0,0,0,0,0,0,0,0,0,0,1,1,45,75,53,51,58,62,61,53,48,40,29,27,30,25,27,18,22,11,9,9,7,5,4,8,3,5,2,1,2,1,0,2,1,2,0,0,1,0,0,1]
stat.node.4.util.dram_avg = 9.85949e-06
stat.node.4.walltime_s = 419.016
stat.node.4.active_time_s = 43.0327
stat.node.5.cpu.0.load_issue_to_complete_count = 799
stat.node.5.cpu.0.avg_load_issue_to_complete_lat = 1390.89
stat.node.5.injector.phase_cycles = 1113517
stat.node.5.injector.request_bytes = 363864
stat.node.5.injector.response_bytes = 88192
stat.node.5.injector.aggregate_bytes = 452056
stat.node.5.injector.request_gbps = 6.27398
stat.node.5.injector.response_gbps = 1.52067
stat.node.5.injector.aggregate_gbps = 7.79465
stat.node.5.llc.cxl_miss = 800
stat.node.5.llc.total_miss = 800
stat.node.5.llc.avg_miss_lat = 1210.14
stat.node.5.llc.avg_cxl_lat = 1210.14
stat.node.5.llc.miss_lat_hist_bin_ns = 10
stat.node.5.llc.miss_lat_hist = [0,0,0,0,0,0,0,0,0,0,0,0,0,0,0,0,0,0,0,0,0,0,0,0,0,0,0,0,0,0,0,0,0,0,0,0,0,0,0,0,0,5,48,74,50,53,50,68,51,62,44,42,23,29,28,32,25,19,13,13,9,8,6,7,7,7,5,4,4,2,2,1,4,1,0,0,2,0,1,0,0,0,0,0,0,0,1]
stat.node.5.util.dram_avg = 9.85871e-06
stat.node.5.walltime_s = 419.044
stat.node.5.active_time_s = 30.416
stat.node.3.cpu.0.load_issue_to_complete_count = 799
stat.node.3.cpu.0.avg_load_issue_to_complete_lat = 1389.36
stat.node.3.injector.phase_cycles = 1112248
stat.node.3.injector.request_bytes = 363400
stat.node.3.injector.response_bytes = 88064
stat.node.3.injector.aggregate_bytes = 451464
stat.node.3.injector.request_gbps = 6.27313
stat.node.3.injector.response_gbps = 1.52019
stat.node.3.injector.aggregate_gbps = 7.79332
stat.node.3.llc.cxl_miss = 800
stat.node.3.llc.total_miss = 800
stat.node.3.llc.avg_miss_lat = 1209.29
stat.node.3.llc.avg_cxl_lat = 1209.29
stat.node.3.llc.miss_lat_hist_bin_ns = 10
stat.node.3.llc.miss_lat_hist = [0,0,0,0,0,0,0,0,0,0,0,0,0,0,0,0,0,0,0,0,0,0,0,0,0,0,0,0,0,0,0,0,0,0,0,0,0,0,0,0,0,7,32,72,63,58,50,51,51,66,52,40,40,34,29,20,19,12,23,10,8,12,10,6,4,6,8,1,2,0,4,3,1,1,3,0,0,0,1,0,1]
stat.node.3.util.dram_avg = 9.85415e-06
stat.node.3.walltime_s = 419.42
stat.node.3.active_time_s = 37.1893
stat.node.2.cpu.0.load_issue_to_complete_count = 799
stat.node.2.cpu.0.avg_load_issue_to_complete_lat = 1402.79
stat.node.2.injector.phase_cycles = 1123149
stat.node.2.injector.request_bytes = 367024
stat.node.2.injector.response_bytes = 88960
stat.node.2.injector.aggregate_bytes = 455984
stat.node.2.injector.request_gbps = 6.2742
stat.node.2.injector.response_gbps = 1.52075
stat.node.2.injector.aggregate_gbps = 7.79495
stat.node.2.llc.cxl_miss = 800
stat.node.2.llc.total_miss = 800
stat.node.2.llc.avg_miss_lat = 1221.03
stat.node.2.llc.avg_cxl_lat = 1221.03
stat.node.2.llc.miss_lat_hist_bin_ns = 10
stat.node.2.llc.miss_lat_hist = [0,0,0,0,0,0,0,0,0,0,0,0,0,0,0,0,0,0,0,0,0,0,0,0,0,0,0,0,0,0,0,0,0,0,0,0,0,0,0,0,0,3,38,67,58,51,55,49,72,53,43,32,30,35,27,20,21,20,14,23,21,9,9,4,9,8,3,4,5,1,6,2,1,0,2,0,2,0,0,1,0,0,0,0,0,1,1]
stat.node.2.util.dram_avg = 9.81036e-06
stat.node.2.walltime_s = 422.647
stat.node.2.active_time_s = 34.2516
stat.pool.104.util.mem_avg = 0.171135
stat.pool.104.util.req_link_avg = 0.999724
stat.pool.104.walltime_s = 422.647
stat.pool.104.active_time_s = 0.942395
stat.pool.103.util.mem_avg = 0.17114
stat.pool.103.util.req_link_avg = 0.999726
stat.pool.103.walltime_s = 422.647
stat.pool.103.active_time_s = 1.10797
stat.pool.102.util.mem_avg = 0.171154
stat.pool.102.util.req_link_avg = 0.999738
stat.pool.102.walltime_s = 422.647
stat.pool.102.active_time_s = 1.02352
stat.pool.101.util.mem_avg = 0.171141
stat.pool.101.util.req_link_avg = 0.999725
stat.pool.101.walltime_s = 422.647
stat.pool.101.active_time_s = 1.01323
stat.pool.100.util.mem_avg = 0.171153
stat.pool.100.util.req_link_avg = 0.999736
stat.pool.100.walltime_s = 422.647
stat.pool.100.active_time_s = 1.07414
stat.switch.replicated_messages = 484325
stat.switch.util.node_ingress_avg = 0.130006
stat.switch.util.pool_ingress_avg = 0.0799748
stat.switch.bw.host_to_switch_gbps = 6.39045
stat.switch.bw.switch_to_host_gbps = 2.45683
stat.switch.bw.host_link_total_gbps = 8.84728
stat.switch.walltime_s = 422.647
stat.switch.active_time_s = 5.99453
Simulation is complete, simulated time: 1.02015 ms
