stat.node.5.cpu.0.retired = 249
stat.node.5.cpu.0.cycles = 1000000
stat.node.6.cpu.0.retired = 177
stat.node.6.cpu.0.cycles = 1000000
stat.node.7.cpu.0.retired = 167
stat.node.7.cpu.0.cycles = 1000000
stat.node.0.cpu.0.retired = 165
stat.node.1.cpu.0.retired = 176
stat.node.1.cpu.0.cycles = 1000000
stat.node.2.cpu.0.retired = 216
stat.node.2.cpu.0.cycles = 1000000
stat.node.3.cpu.0.retired = 205
stat.node.3.cpu.0.cycles = 1000000
stat.node.4.cpu.0.retired = 265
stat.node.4.cpu.0.cycles = 1000000
stat.node.0.cpu.0.cycles = 1000000
stat.node.3.cpu.0.retired = 398
stat.node.3.cpu.0.cycles = 2000000
stat.node.5.cpu.0.retired = 450
stat.node.6.cpu.0.retired = 365
stat.node.6.cpu.0.cycles = 2000000
stat.node.0.cpu.0.retired = 356
stat.node.0.cpu.0.cycles = 2000000
stat.node.7.cpu.0.retired = 357
stat.node.7.cpu.0.cycles = 2000000
stat.node.4.cpu.0.retired = 473
stat.node.4.cpu.0.cycles = 2000000
stat.node.1.cpu.0.retired = 369
stat.node.1.cpu.0.cycles = 2000000
stat.node.2.cpu.0.retired = 408
stat.node.2.cpu.0.cycles = 2000000
stat.node.5.cpu.0.cycles = 2000000
stat.node.3.cpu.0.retired = 631
stat.node.3.cpu.0.cycles = 3000000
stat.node.2.cpu.0.retired = 646
stat.node.2.cpu.0.cycles = 3000000
stat.node.5.cpu.0.retired = 685
stat.node.5.cpu.0.cycles = 3000000
stat.node.0.cpu.0.retired = 580
stat.node.0.cpu.0.cycles = 3000000
stat.node.7.cpu.0.retired = 584
stat.node.7.cpu.0.cycles = 3000000
stat.node.4.cpu.0.retired = 712
stat.node.4.cpu.0.cycles = 3000000
stat.node.1.cpu.0.retired = 599
stat.node.1.cpu.0.cycles = 3000000
stat.node.6.cpu.0.retired = 595
stat.node.6.cpu.0.cycles = 3000000
stat.node.6.cpu.0.retired = 832
stat.node.6.cpu.0.cycles = 4000000
stat.node.5.cpu.0.retired = 931
stat.node.5.cpu.0.cycles = 4000000
stat.node.0.cpu.0.retired = 816
stat.node.0.cpu.0.cycles = 4000000
stat.node.7.cpu.0.retired = 822
stat.node.7.cpu.0.cycles = 4000000
stat.node.4.cpu.0.retired = 960
stat.node.4.cpu.0.cycles = 4000000
stat.node.1.cpu.0.retired = 839
stat.node.1.cpu.0.cycles = 4000000
stat.node.2.cpu.0.retired = 891
stat.node.2.cpu.0.cycles = 4000000
stat.node.3.cpu.0.retired = 874
stat.node.3.cpu.0.cycles = 4000000
stat.node.7.cpu.0.retired = 1069
stat.node.7.cpu.0.cycles = 5000000
stat.node.4.cpu.0.retired = 1213
stat.node.4.cpu.0.cycles = 5000000
stat.node.1.cpu.0.retired = 1090
stat.node.1.cpu.0.cycles = 5000000
stat.node.2.cpu.0.retired = 1143
stat.node.2.cpu.0.cycles = 5000000
stat.node.3.cpu.0.retired = 1125
stat.node.3.cpu.0.cycles = 5000000
stat.node.6.cpu.0.retired = 1080
stat.node.6.cpu.0.cycles = 5000000
stat.node.5.cpu.0.retired = 1185
stat.node.5.cpu.0.cycles = 5000000
stat.node.0.cpu.0.retired = 1067
stat.node.0.cpu.0.cycles = 5000000
stat.node.4.cpu.0.retired = 1465
stat.node.4.cpu.0.cycles = 6000000
stat.node.1.cpu.0.retired = 1344
stat.node.1.cpu.0.cycles = 6000000
stat.node.0.cpu.0.retired = 1321
stat.node.0.cpu.0.cycles = 6000000
stat.node.3.cpu.0.retired = 1381
stat.node.3.cpu.0.cycles = 6000000
stat.node.6.cpu.0.retired = 1333
stat.node.6.cpu.0.cycles = 6000000
stat.node.5.cpu.0.retired = 1440
stat.node.2.cpu.0.retired = 1395
stat.node.2.cpu.0.cycles = 6000000
stat.node.7.cpu.0.retired = 1321
stat.node.7.cpu.0.cycles = 6000000
stat.node.5.cpu.0.cycles = 6000000
stat.node.4.cpu.0.load_issue_to_complete_count = 799
stat.node.4.cpu.0.avg_load_issue_to_complete_lat = 3960.89
stat.node.4.injector.phase_cycles = 3169163
stat.node.4.injector.request_bytes = 1027952
stat.node.4.injector.response_bytes = 249152
stat.node.4.injector.aggregate_bytes = 1277104
stat.node.4.injector.request_gbps = 6.22773
stat.node.4.injector.response_gbps = 1.50946
stat.node.4.injector.aggregate_gbps = 7.73718
stat.node.4.llc.cxl_miss = 800
stat.node.4.llc.total_miss = 800
stat.node.4.llc.avg_miss_lat = 3740.5
stat.node.4.llc.avg_cxl_lat = 3740.5
stat.node.4.llc.miss_lat_hist_bin_ns = 10
stat.node.4.llc.miss_lat_hist = [0,0,0,0,0,0,0,0,0,0,0,0,0,0,0,0,0,0,0,0,0,0,0,0,0,0,0,0,0,0,0,0,0,0,0,0,0,0,0,0,0,0,0,0,0,0,0,0,0,0,0,0,0,0,0,0,0,0,0,0,0,0,0,0,0,0,0,0,0,0,0,0,0,0,0,0,0,0,0,0,0,0,0,0,0,0,0,0,0,0,0,0,0,0,0,0,0,0,0,0,1,0,0,0,0,1,0,0,0,0,0,1,0,0,1,0,2,0,1,5,1,6,4,5,3,6,5,5,4,11,2,9,10,9,12,9,14,15,8,17,11,17,16,16,18,21,14,17,20,16,16,16,13,19,13,19,14,16,13,17,17,14,14,15,12,9,15,12,13,12,10,6,11,13,14,7,8,11,11,6,2,4,5,8,5,4,1,5,2,5,2,0,1,3,3,1,2,3,1,1,7,1,1,1,2,1,4,0,0,0,0,0,0,0,0,1,0,0,1,1,0,0,1,0,0,0,0,0,1,0,0,0,0,0,0,0,0,0,0,1]
stat.node.4.util.dram_avg = 3.67336e-06
stat.node.4.walltime_s = 913.545
stat.node.4.active_time_s = 88.7404
stat.node.5.cpu.0.load_issue_to_complete_count = 799
stat.node.5.cpu.0.avg_load_issue_to_complete_lat = 3933.86
stat.node.5.injector.phase_cycles = 3148032
stat.node.5.injector.request_bytes = 1027952
stat.node.5.injector.response_bytes = 249152
stat.node.5.injector.aggregate_bytes = 1277104
stat.node.5.injector.request_gbps = 6.26953
stat.node.5.injector.response_gbps = 1.51959
stat.node.5.injector.aggregate_gbps = 7.78912
stat.node.5.llc.cxl_miss = 800
stat.node.5.llc.total_miss = 800
stat.node.5.llc.avg_miss_lat = 3709.7
stat.node.5.llc.avg_cxl_lat = 3709.7
stat.node.5.llc.miss_lat_hist_bin_ns = 10
stat.node.5.llc.miss_lat_hist = [0,0,0,0,0,0,0,0,0,0,0,0,0,0,0,0,0,0,0,0,0,0,0,0,0,0,0,0,0,0,0,0,0,0,0,0,0,0,0,0,0,0,0,0,0,0,0,0,0,0,0,0,0,0,0,0,0,0,0,0,0,0,0,0,0,0,0,0,0,0,0,0,0,0,0,0,0,0,0,0,0,0,0,0,0,0,0,0,0,0,0,0,0,0,0,0,0,0,0,0,0,0,0,0,2,0,0,0,2,2,0,1,0,2,0,2,0,0,1,1,2,5,2,7,10,4,7,7,4,11,9,8,10,8,15,14,20,18,21,13,12,15,20,14,16,19,12,8,16,19,15,16,17,14,10,13,18,19,19,19,10,23,16,8,13,11,9,15,6,7,8,10,6,11,3,1,12,6,4,6,9,4,5,7,1,6,5,3,4,4,6,2,3,3,1,0,1,5,1,3,0,3,0,3,0,2,2,0,1,0,1,1,1,1,3,0,0,0,1,0,0,0,0,1,1,0,1,0,0,0,0,0,0,0,0,0,0,0,0,0,0,0,0,0,0,0,0,0,0,0,0,1]
stat.node.5.util.dram_avg = 3.62511e-06
stat.node.5.walltime_s = 918.638
stat.node.5.active_time_s = 95.3863
stat.node.2.cpu.0.load_issue_to_complete_count = 799
stat.node.2.cpu.0.avg_load_issue_to_complete_lat = 3929.59
stat.node.2.injector.phase_cycles = 3144744
stat.node.2.injector.request_bytes = 1028016
stat.node.2.injector.response_bytes = 249216
stat.node.2.injector.aggregate_bytes = 1277232
stat.node.2.injector.request_gbps = 6.27648
stat.node.2.injector.response_gbps = 1.52157
stat.node.2.injector.aggregate_gbps = 7.79804
stat.node.2.llc.cxl_miss = 800
stat.node.2.llc.total_miss = 800
stat.node.2.llc.avg_miss_lat = 3708.37
stat.node.2.llc.avg_cxl_lat = 3708.37
stat.node.2.llc.miss_lat_hist_bin_ns = 10
stat.node.2.llc.miss_lat_hist = [0,0,0,0,0,0,0,0,0,0,0,0,0,0,0,0,0,0,0,0,0,0,0,0,0,0,0,0,0,0,0,0,0,0,0,0,0,0,0,0,0,0,0,0,0,0,0,0,0,0,0,0,0,0,0,0,0,0,0,0,0,0,0,0,0,0,0,0,0,0,0,0,0,0,0,0,0,0,0,0,0,0,0,0,0,0,0,0,0,0,0,0,0,0,0,0,0,0,0,0,0,0,0,1,0,0,0,0,1,0,0,1,3,0,2,1,3,2,8,5,1,4,8,4,4,7,11,7,4,8,4,14,19,9,8,7,16,13,9,12,14,10,8,14,10,11,17,19,25,16,20,16,16,13,21,18,17,19,16,17,9,17,12,21,11,9,5,10,16,8,14,3,6,9,5,8,9,5,9,13,7,9,8,6,2,1,5,4,2,3,3,4,3,1,2,1,3,4,1,3,2,1,0,0,1,3,3,1,0,0,1,1,0,0,0,1,0,0,0,0,0,0,0,1,0,0,0,0,1]
stat.node.2.util.dram_avg = 3.53567e-06
stat.node.2.walltime_s = 925.424
stat.node.2.active_time_s = 106.504
stat.node.3.cpu.0.load_issue_to_complete_count = 799
stat.node.3.cpu.0.avg_load_issue_to_complete_lat = 3919.31
stat.node.3.injector.phase_cycles = 3136107
stat.node.3.injector.request_bytes = 1025048
stat.node.3.injector.response_bytes = 248448
stat.node.3.injector.aggregate_bytes = 1273496
stat.node.3.injector.request_gbps = 6.27559
stat.node.3.injector.response_gbps = 1.52106
stat.node.3.injector.aggregate_gbps = 7.79665
stat.node.3.llc.cxl_miss = 800
stat.node.3.llc.total_miss = 800
stat.node.3.llc.avg_miss_lat = 3698.26
stat.node.3.llc.avg_cxl_lat = 3698.26
stat.node.3.llc.miss_lat_hist_bin_ns = 10
stat.node.3.llc.miss_lat_hist = [0,0,0,0,0,0,0,0,0,0,0,0,0,0,0,0,0,0,0,0,0,0,0,0,0,0,0,0,0,0,0,0,0,0,0,0,0,0,0,0,0,0,0,0,0,0,0,0,0,0,0,0,0,0,0,0,0,0,0,0,0,0,0,0,0,0,0,0,0,0,0,0,0,0,0,0,0,0,0,0,0,0,0,0,0,0,0,0,0,0,0,0,0,0,0,0,0,0,0,0,0,0,0,0,0,0,0,0,0,1,1,0,2,1,1,1,2,2,2,2,1,3,4,6,10,6,8,5,9,9,9,4,11,12,14,12,10,16,14,20,17,19,16,20,12,11,15,10,16,16,12,13,23,18,22,10,13,26,18,13,15,13,14,10,14,16,16,12,13,6,7,11,7,9,3,12,9,8,7,6,4,5,7,3,4,4,1,2,4,3,2,3,3,1,4,3,0,3,2,1,1,2,1,1,1,1,0,1,0,1,1,0,0,0,1,0,1,0,0,0,0,0,1,0,0,0,0,0,0,1,0,0,0,0,0,0,0,1]
stat.node.3.util.dram_avg = 3.50463e-06
stat.node.3.walltime_s = 927.861
stat.node.3.active_time_s = 101.01
stat.node.1.cpu.0.load_issue_to_complete_count = 799
stat.node.1.cpu.0.avg_load_issue_to_complete_lat = 3939.32
stat.node.1.injector.phase_cycles = 3151581
stat.node.1.injector.request_bytes = 1029928
stat.node.1.injector.response_bytes = 249664
stat.node.1.injector.aggregate_bytes = 1279592
stat.node.1.injector.request_gbps = 6.27451
stat.node.1.injector.response_gbps = 1.521
stat.node.1.injector.aggregate_gbps = 7.79551
stat.node.1.llc.cxl_miss = 800
stat.node.1.llc.total_miss = 800
stat.node.1.llc.avg_miss_lat = 3718.28
stat.node.1.llc.avg_cxl_lat = 3718.28
stat.node.1.llc.miss_lat_hist_bin_ns = 10
stat.node.1.llc.miss_lat_hist = [0,0,0,0,0,0,0,0,0,0,0,0,0,0,0,0,0,0,0,0,0,0,0,0,0,0,0,0,0,0,0,0,0,0,0,0,0,0,0,0,0,0,0,0,0,0,0,0,0,0,0,0,0,0,0,0,0,0,0,0,0,0,0,0,0,0,0,0,0,0,0,0,0,0,0,0,0,0,0,0,0,0,0,0,0,0,0,0,0,0,0,0,0,0,0,0,0,0,0,0,0,0,0,0,0,0,0,0,2,1,1,1,1,3,1,0,1,1,2,0,4,4,3,4,8,5,5,10,10,6,6,9,11,9,14,11,15,13,10,10,19,9,23,15,14,13,16,22,16,23,10,15,17,9,15,16,17,20,12,16,17,17,16,11,15,12,15,16,10,9,12,5,9,5,7,8,8,5,5,5,7,4,6,2,9,9,2,5,4,3,5,6,2,1,6,3,4,2,1,0,2,1,0,1,1,2,0,0,1,1,1,1,0,0,1,0,1,0,0,0,0,0,0,0,0,0,1]
stat.node.1.util.dram_avg = 3.4302e-06
stat.node.1.walltime_s = 936.199
stat.node.1.active_time_s = 102.198
stat.node.7.cpu.0.retired = 1579
stat.node.7.cpu.0.cycles = 7000000
stat.node.5.cpu.0.retired = 1699
stat.node.5.cpu.0.cycles = 7000000
stat.node.3.cpu.0.retired = 1640
stat.node.3.cpu.0.cycles = 7000000
stat.node.4.cpu.0.retired = 1722
stat.node.4.cpu.0.cycles = 7000000
stat.node.1.cpu.0.retired = 1601
stat.node.1.cpu.0.cycles = 7000000
stat.node.0.cpu.0.retired = 1578
stat.node.0.cpu.0.cycles = 7000000
stat.node.2.cpu.0.retired = 1653
stat.node.2.cpu.0.cycles = 7000000
stat.node.6.cpu.0.retired = 1589
stat.node.6.cpu.0.cycles = 7000000
stat.node.6.cpu.0.load_issue_to_complete_count = 799
stat.node.6.cpu.0.avg_load_issue_to_complete_lat = 3957.22
stat.node.6.injector.phase_cycles = 3166278
stat.node.6.injector.request_bytes = 1025504
stat.node.6.injector.response_bytes = 248640
stat.node.6.injector.aggregate_bytes = 1274144
stat.node.6.injector.request_gbps = 6.21856
stat.node.6.injector.response_gbps = 1.50773
stat.node.6.injector.aggregate_gbps = 7.72628
stat.node.6.llc.cxl_miss = 800
stat.node.6.llc.total_miss = 800
stat.node.6.llc.avg_miss_lat = 3735.68
stat.node.6.llc.avg_cxl_lat = 3735.68
stat.node.6.llc.miss_lat_hist_bin_ns = 10
stat.node.6.llc.miss_lat_hist = [0,0,0,0,0,0,0,0,0,0,0,0,0,0,0,0,0,0,0,0,0,0,0,0,0,0,0,0,0,0,0,0,0,0,0,0,0,0,0,0,0,0,0,0,0,0,0,0,0,0,0,0,0,0,0,0,0,0,0,0,0,0,0,0,0,0,0,0,0,0,0,0,0,0,0,0,0,0,0,0,0,0,0,0,0,0,0,0,0,0,0,0,0,0,0,0,0,0,0,0,0,0,0,0,0,1,0,0,2,1,1,2,1,1,2,0,1,1,0,4,2,3,4,4,6,10,6,7,13,4,9,9,5,9,9,10,16,16,15,12,13,14,6,14,13,19,22,19,14,14,20,18,16,16,15,11,24,17,13,10,20,18,15,15,17,6,7,15,15,11,9,5,10,4,6,7,9,12,4,6,1,5,3,6,5,8,3,2,4,2,2,2,3,3,4,4,1,4,3,2,1,1,1,2,3,0,1,2,2,0,1,1,2,3,0,0,1,3,1,0,0,0,1,0,1,0,0,0,0,0,0,0,0,0,0,0,0,0,0,0,0,0,0,0,0,1]
stat.node.6.util.dram_avg = 3.4088e-06
stat.node.6.walltime_s = 940.342
stat.node.6.active_time_s = 109.702
stat.node.7.cpu.0.load_issue_to_complete_count = 799
stat.node.7.cpu.0.avg_load_issue_to_complete_lat = 3957.76
stat.node.7.injector.phase_cycles = 3166475
stat.node.7.injector.request_bytes = 1032304
stat.node.7.injector.response_bytes = 250240
stat.node.7.injector.aggregate_bytes = 1282544
stat.node.7.injector.request_gbps = 6.2594
stat.node.7.injector.response_gbps = 1.51734
stat.node.7.injector.aggregate_gbps = 7.77674
stat.node.7.llc.cxl_miss = 800
stat.node.7.llc.total_miss = 800
stat.node.7.llc.avg_miss_lat = 3734.33
stat.node.7.llc.avg_cxl_lat = 3734.33
stat.node.7.llc.miss_lat_hist_bin_ns = 10
stat.node.7.llc.miss_lat_hist = [0,0,0,0,0,0,0,0,0,0,0,0,0,0,0,0,0,0,0,0,0,0,0,0,0,0,0,0,0,0,0,0,0,0,0,0,0,0,0,0,0,0,0,0,0,0,0,0,0,0,0,0,0,0,0,0,0,0,0,0,0,0,0,0,0,0,0,0,0,0,0,0,0,0,0,0,0,0,0,0,0,0,0,0,0,0,0,0,0,0,0,0,0,0,0,0,0,0,0,0,0,0,0,0,0,0,0,0,0,1,0,0,1,1,1,1,0,1,4,1,1,7,1,5,1,6,4,6,6,9,15,7,7,14,12,11,15,14,16,8,15,18,17,15,12,22,16,20,19,12,11,19,18,14,20,24,14,12,8,17,9,11,14,19,12,11,8,12,16,16,10,11,6,13,11,5,11,6,7,3,10,4,5,5,8,8,4,2,3,1,1,5,1,1,4,1,3,2,1,2,0,1,0,4,0,1,0,1,0,1,2,0,0,0,0,0,0,1,1,0,0,1,0,0,0,1,0,0,0,1,1,0,0,0,0,0,0,0,0,0,1,0,0,0,1,0,0,0,1]
stat.node.7.util.dram_avg = 3.38982e-06
stat.node.7.walltime_s = 941.858
stat.node.7.active_time_s = 106.261
stat.node.0.cpu.0.load_issue_to_complete_count = 799
stat.node.0.cpu.0.avg_load_issue_to_complete_lat = 3934.67
stat.node.0.injector.phase_cycles = 3148275
stat.node.0.injector.request_bytes = 1023992
stat.node.0.injector.response_bytes = 248192
stat.node.0.injector.aggregate_bytes = 1272184
stat.node.0.injector.request_gbps = 6.24489
stat.node.0.injector.response_gbps = 1.51362
stat.node.0.injector.aggregate_gbps = 7.75851
stat.node.0.llc.cxl_miss = 800
stat.node.0.llc.total_miss = 800
stat.node.0.llc.avg_miss_lat = 3713.13
stat.node.0.llc.avg_cxl_lat = 3713.13
stat.node.0.llc.miss_lat_hist_bin_ns = 10
stat.node.0.llc.miss_lat_hist = [0,0,0,0,0,0,0,0,0,0,0,0,0,0,0,0,0,0,0,0,0,0,0,0,0,0,0,0,0,0,0,0,0,0,0,0,0,0,0,0,0,0,0,0,0,0,0,0,0,0,0,0,0,0,0,0,0,0,0,0,0,0,0,0,0,0,0,0,0,0,0,0,0,0,0,0,0,0,0,0,0,0,0,0,0,0,0,0,0,0,0,0,0,0,0,0,0,0,0,0,0,0,0,0,0,0,0,0,0,1,1,0,1,1,0,0,0,2,1,2,2,3,5,6,5,6,12,8,8,12,9,7,5,11,11,11,8,14,11,12,12,16,16,15,8,10,20,32,16,18,21,9,17,21,26,15,14,18,15,15,20,18,12,9,10,17,9,10,11,12,8,9,10,10,10,8,13,4,8,4,8,8,5,1,4,3,8,4,8,4,0,0,0,1,2,1,4,1,1,0,3,1,1,2,2,3,0,0,1,0,0,0,1,0,0,0,0,1,0,1]
stat.node.0.util.dram_avg = 3.38947e-06
stat.node.0.walltime_s = 941.89
stat.node.0.active_time_s = 91.5078
stat.pool.102.util.mem_avg = 0.174023
stat.pool.102.util.req_link_avg = 0.999928
stat.pool.102.walltime_s = 941.89
stat.pool.102.active_time_s = 2.81534
stat.pool.101.util.mem_avg = 0.174023
stat.pool.101.util.req_link_avg = 0.999928
stat.pool.101.walltime_s = 941.89
stat.pool.101.active_time_s = 3.00127
stat.pool.100.util.mem_avg = 0.174023
stat.pool.100.util.req_link_avg = 0.999928
stat.pool.100.walltime_s = 941.89
stat.pool.100.active_time_s = 3.2532
stat.switch.replicated_messages = 839019
stat.switch.util.node_ingress_avg = 0.128157
stat.switch.util.pool_ingress_avg = 0.100265
stat.switch.bw.host_to_switch_gbps = 6.29928
stat.switch.bw.switch_to_host_gbps = 1.84808
stat.switch.bw.host_link_total_gbps = 8.14736
stat.switch.walltime_s = 941.89
stat.switch.active_time_s = 15.2896
Simulation is complete, simulated time: 2.95267 ms
