stat.node.7.cpu.0.retired = 768
stat.node.7.cpu.0.cycles = 1000000
stat.node.0.cpu.0.retired = 766
stat.node.0.cpu.0.cycles = 1000000
stat.node.1.cpu.0.retired = 767
stat.node.1.cpu.0.cycles = 1000000
stat.node.2.cpu.0.retired = 765
stat.node.2.cpu.0.cycles = 1000000
stat.node.3.cpu.0.retired = 764
stat.node.3.cpu.0.cycles = 1000000
stat.node.4.cpu.0.retired = 769
stat.node.4.cpu.0.cycles = 1000000
stat.node.5.cpu.0.retired = 769
stat.node.5.cpu.0.cycles = 1000000
stat.node.6.cpu.0.retired = 768
stat.node.6.cpu.0.cycles = 1000000
stat.node.4.cpu.0.load_issue_to_complete_count = 799
stat.node.4.cpu.0.avg_load_issue_to_complete_lat = 996.715
stat.node.4.injector.phase_cycles = 798274
stat.node.4.injector.request_bytes = 160280
stat.node.4.injector.response_bytes = 202496
stat.node.4.injector.aggregate_bytes = 362776
stat.node.4.injector.request_gbps = 3.85504
stat.node.4.injector.response_gbps = 4.87041
stat.node.4.injector.aggregate_gbps = 8.72545
stat.node.4.llc.cxl_miss = 800
stat.node.4.llc.total_miss = 800
stat.node.4.llc.avg_miss_lat = 821.197
stat.node.4.llc.avg_cxl_lat = 821.197
stat.node.4.llc.miss_lat_hist_bin_ns = 10
stat.node.4.llc.miss_lat_hist = [0,0,0,0,0,0,0,0,0,0,0,0,0,0,0,0,0,0,0,0,0,0,0,0,0,0,0,0,0,0,28,255,136,54,33,35,26,53,85,86,9]
stat.node.4.util.dram_avg = 1.31317e-05
stat.node.4.walltime_s = 213.33
stat.node.4.active_time_s = 29.5096
stat.node.6.cpu.0.load_issue_to_complete_count = 799
stat.node.6.cpu.0.avg_load_issue_to_complete_lat = 993.801
stat.node.6.injector.phase_cycles = 795971
stat.node.6.injector.request_bytes = 159824
stat.node.6.injector.response_bytes = 201856
stat.node.6.injector.aggregate_bytes = 361680
stat.node.6.injector.request_gbps = 3.85519
stat.node.6.injector.response_gbps = 4.86907
stat.node.6.injector.aggregate_gbps = 8.72426
stat.node.6.llc.cxl_miss = 800
stat.node.6.llc.total_miss = 800
stat.node.6.llc.avg_miss_lat = 819.049
stat.node.6.llc.avg_cxl_lat = 819.049
stat.node.6.llc.miss_lat_hist_bin_ns = 10
stat.node.6.llc.miss_lat_hist = [0,0,0,0,0,0,0,0,0,0,0,0,0,0,0,0,0,0,0,0,0,0,0,0,0,0,0,0,0,0,24,216,126,71,73,57,72,41,65,52,3]
stat.node.6.util.dram_avg = 1.31301e-05
stat.node.6.walltime_s = 213.352
stat.node.6.active_time_s = 22.6138
stat.node.5.cpu.0.load_issue_to_complete_count = 799
stat.node.5.cpu.0.avg_load_issue_to_complete_lat = 995.115
stat.node.5.injector.phase_cycles = 797103
stat.node.5.injector.request_bytes = 159984
stat.node.5.injector.response_bytes = 202176
stat.node.5.injector.aggregate_bytes = 362160
stat.node.5.injector.request_gbps = 3.85357
stat.node.5.injector.response_gbps = 4.86986
stat.node.5.injector.aggregate_gbps = 8.72343
stat.node.5.llc.cxl_miss = 800
stat.node.5.llc.total_miss = 800
stat.node.5.llc.avg_miss_lat = 819.651
stat.node.5.llc.avg_cxl_lat = 819.651
stat.node.5.llc.miss_lat_hist_bin_ns = 10
stat.node.5.llc.miss_lat_hist = [0,0,0,0,0,0,0,0,0,0,0,0,0,0,0,0,0,0,0,0,0,0,0,0,0,0,0,0,0,0,35,219,117,70,54,71,52,60,59,58,5]
stat.node.5.util.dram_avg = 1.31281e-05
stat.node.5.walltime_s = 213.358
stat.node.5.active_time_s = 26.4133
stat.node.7.cpu.0.load_issue_to_complete_count = 799
stat.node.7.cpu.0.avg_load_issue_to_complete_lat = 993.832
stat.node.7.injector.phase_cycles = 795871
stat.node.7.injector.request_bytes = 159824
stat.node.7.injector.response_bytes = 201856
stat.node.7.injector.aggregate_bytes = 361680
stat.node.7.injector.request_gbps = 3.85568
stat.node.7.injector.response_gbps = 4.86968
stat.node.7.injector.aggregate_gbps = 8.72535
stat.node.7.llc.cxl_miss = 800
stat.node.7.llc.total_miss = 800
stat.node.7.llc.avg_miss_lat = 817.615
stat.node.7.llc.avg_cxl_lat = 817.615
stat.node.7.llc.miss_lat_hist_bin_ns = 10
stat.node.7.llc.miss_lat_hist = [0,0,0,0,0,0,0,0,0,0,0,0,0,0,0,0,0,0,0,0,0,0,0,0,0,0,0,0,0,0,39,258,123,61,29,34,56,52,64,76,8]
stat.node.7.util.dram_avg = 1.31265e-05
stat.node.7.walltime_s = 213.358
stat.node.7.active_time_s = 25.7766
stat.node.1.cpu.0.load_issue_to_complete_count = 799
stat.node.1.cpu.0.avg_load_issue_to_complete_lat = 995.717
stat.node.1.injector.phase_cycles = 797377
stat.node.1.injector.request_bytes = 160064
stat.node.1.injector.response_bytes = 202240
stat.node.1.injector.aggregate_bytes = 362304
stat.node.1.injector.request_gbps = 3.85417
stat.node.1.injector.response_gbps = 4.86973
stat.node.1.injector.aggregate_gbps = 8.7239
stat.node.1.llc.cxl_miss = 800
stat.node.1.llc.total_miss = 800
stat.node.1.llc.avg_miss_lat = 820.11
stat.node.1.llc.avg_cxl_lat = 820.11
stat.node.1.llc.miss_lat_hist_bin_ns = 10
stat.node.1.llc.miss_lat_hist = [0,0,0,0,0,0,0,0,0,0,0,0,0,0,0,0,0,0,0,0,0,0,0,0,0,0,0,0,0,0,24,211,149,69,55,52,52,50,75,59,4]
stat.node.1.util.dram_avg = 1.31121e-05
stat.node.1.walltime_s = 213.568
stat.node.1.active_time_s = 27.1249
stat.node.0.cpu.0.load_issue_to_complete_count = 799
stat.node.0.cpu.0.avg_load_issue_to_complete_lat = 995.369
stat.node.0.injector.phase_cycles = 797174
stat.node.0.injector.request_bytes = 160056
stat.node.0.injector.response_bytes = 202176
stat.node.0.injector.aggregate_bytes = 362232
stat.node.0.injector.request_gbps = 3.85496
stat.node.0.injector.response_gbps = 4.86943
stat.node.0.injector.aggregate_gbps = 8.72439
stat.node.0.llc.cxl_miss = 800
stat.node.0.llc.total_miss = 800
stat.node.0.llc.avg_miss_lat = 820.005
stat.node.0.llc.avg_cxl_lat = 820.005
stat.node.0.llc.miss_lat_hist_bin_ns = 10
stat.node.0.llc.miss_lat_hist = [0,0,0,0,0,0,0,0,0,0,0,0,0,0,0,0,0,0,0,0,0,0,0,0,0,0,0,0,0,0,28,225,108,64,70,76,71,36,51,68,3]
stat.node.0.util.dram_avg = 1.31012e-05
stat.node.0.walltime_s = 213.765
stat.node.0.active_time_s = 24.7904
stat.node.3.cpu.0.load_issue_to_complete_count = 799
stat.node.3.cpu.0.avg_load_issue_to_complete_lat = 995.915
stat.node.3.injector.phase_cycles = 797649
stat.node.3.injector.request_bytes = 160136
stat.node.3.injector.response_bytes = 202304
stat.node.3.injector.aggregate_bytes = 362440
stat.node.3.injector.request_gbps = 3.85459
stat.node.3.injector.response_gbps = 4.86961
stat.node.3.injector.aggregate_gbps = 8.7242
stat.node.3.llc.cxl_miss = 800
stat.node.3.llc.total_miss = 800
stat.node.3.llc.avg_miss_lat = 820.616
stat.node.3.llc.avg_cxl_lat = 820.616
stat.node.3.llc.miss_lat_hist_bin_ns = 10
stat.node.3.llc.miss_lat_hist = [0,0,0,0,0,0,0,0,0,0,0,0,0,0,0,0,0,0,0,0,0,0,0,0,0,0,0,0,0,0,21,212,141,79,60,39,59,57,70,59,2,1]
stat.node.3.util.dram_avg = 1.3091e-05
stat.node.3.walltime_s = 213.972
stat.node.3.active_time_s = 24.7149
stat.node.2.cpu.0.load_issue_to_complete_count = 799
stat.node.2.cpu.0.avg_load_issue_to_complete_lat = 997.292
stat.node.2.injector.phase_cycles = 798749
stat.node.2.injector.request_bytes = 160424
stat.node.2.injector.response_bytes = 202624
stat.node.2.injector.aggregate_bytes = 363048
stat.node.2.injector.request_gbps = 3.85621
stat.node.2.injector.response_gbps = 4.87059
stat.node.2.injector.aggregate_gbps = 8.7268
stat.node.2.llc.cxl_miss = 800
stat.node.2.llc.total_miss = 800
stat.node.2.llc.avg_miss_lat = 821.916
stat.node.2.llc.avg_cxl_lat = 821.916
stat.node.2.llc.miss_lat_hist_bin_ns = 10
stat.node.2.llc.miss_lat_hist = [0,0,0,0,0,0,0,0,0,0,0,0,0,0,0,0,0,0,0,0,0,0,0,0,0,0,0,0,0,0,36,215,162,49,37,34,42,58,90,66,11]
stat.node.2.util.dram_avg = 1.30867e-05
stat.node.2.walltime_s = 214.007
stat.node.2.active_time_s = 27.2668
stat.pool.100.util.mem_avg = 0.243732
stat.pool.100.util.req_link_avg = 0.652651
stat.pool.100.walltime_s = 214.007
stat.pool.100.active_time_s = 0.970328
stat.switch.replicated_messages = 38752
stat.switch.util.node_ingress_avg = 0.0815897
stat.switch.util.pool_ingress_avg = 0.995036
stat.switch.bw.host_to_switch_gbps = 4.01077
stat.switch.bw.switch_to_host_gbps = 6.11351
stat.switch.bw.host_link_total_gbps = 10.1243
stat.switch.walltime_s = 214.007
stat.switch.active_time_s = 2.87766
Simulation is complete, simulated time: 764.746 us
