stat.node.4.cpu.0.retired = 986
stat.node.4.cpu.0.cycles = 1000000
stat.node.5.cpu.0.retired = 984
stat.node.5.cpu.0.cycles = 1000000
stat.node.6.cpu.0.retired = 985
stat.node.6.cpu.0.cycles = 1000000
stat.node.7.cpu.0.retired = 984
stat.node.7.cpu.0.cycles = 1000000
stat.node.0.cpu.0.retired = 984
stat.node.0.cpu.0.cycles = 1000000
stat.node.1.cpu.0.retired = 984
stat.node.1.cpu.0.cycles = 1000000
stat.node.2.cpu.0.retired = 984
stat.node.2.cpu.0.cycles = 1000000
stat.node.3.cpu.0.retired = 986
stat.node.3.cpu.0.cycles = 1000000
stat.node.4.cpu.0.load_issue_to_complete_count = 799
stat.node.4.cpu.0.avg_load_issue_to_complete_lat = 802.024
stat.node.4.injector.phase_cycles = 642508
stat.node.4.injector.request_bytes = 10048
stat.node.4.injector.response_bytes = 0
stat.node.4.injector.aggregate_bytes = 10048
stat.node.3.cpu.0.load_issue_to_complete_count = 799
stat.node.4.injector.request_gbps = 0.300263
stat.node.4.injector.response_gbps = 0
stat.node.4.injector.aggregate_gbps = 0.300263
stat.node.4.llc.cxl_miss = 800
stat.node.4.llc.total_miss = 800
stat.node.4.llc.avg_miss_lat = 630.301
stat.node.4.llc.avg_cxl_lat = 630.301
stat.node.4.llc.miss_lat_hist_bin_ns = 10
stat.node.4.llc.miss_lat_hist = [0,0,0,0,0,0,0,0,0,0,0,0,0,0,0,0,0,0,0,0,0,0,0,0,0,0,762,4,5,8,6,6,4,3,2]
stat.node.4.util.dram_avg = 1.61357e-05
stat.node.4.walltime_s = 130.44
stat.node.4.active_time_s = 21.7824
stat.node.3.cpu.0.avg_load_issue_to_complete_lat = 802.307
stat.node.3.injector.phase_cycles = 642734
stat.node.3.injector.request_bytes = 10048
stat.node.3.injector.response_bytes = 0
stat.node.3.injector.aggregate_bytes = 10048
stat.node.3.injector.request_gbps = 0.300158
stat.node.3.injector.response_gbps = 0
stat.node.3.injector.aggregate_gbps = 0.300158
stat.node.3.llc.cxl_miss = 800
stat.node.3.llc.total_miss = 800
stat.node.3.llc.avg_miss_lat = 630.553
stat.node.3.llc.avg_cxl_lat = 630.553
stat.node.3.llc.miss_lat_hist_bin_ns = 10
stat.node.3.llc.miss_lat_hist = [0,0,0,0,0,0,0,0,0,0,0,0,0,0,0,0,0,0,0,0,0,0,0,0,0,0,754,6,10,13,5,4,6,2]
stat.node.3.util.dram_avg = 1.61357e-05
stat.node.3.walltime_s = 130.44
stat.node.3.active_time_s = 19.8204
stat.node.6.cpu.0.load_issue_to_complete_count = 799
stat.node.6.cpu.0.avg_load_issue_to_complete_lat = 802.514
stat.node.6.injector.phase_cycles = 642900
stat.node.6.injector.request_bytes = 10048
stat.node.6.injector.response_bytes = 0
stat.node.6.injector.aggregate_bytes = 10048
stat.node.6.injector.request_gbps = 0.30008
stat.node.6.injector.response_gbps = 0
stat.node.6.injector.aggregate_gbps = 0.30008
stat.node.6.llc.cxl_miss = 800
stat.node.6.llc.total_miss = 800
stat.node.0.cpu.0.load_issue_to_complete_count = 799
stat.node.0.cpu.0.avg_load_issue_to_complete_lat = 801.607
stat.node.6.llc.avg_miss_lat = 630.747
stat.node.6.llc.avg_cxl_lat = 630.747
stat.node.0.injector.phase_cycles = 642175
stat.node.0.injector.request_bytes = 10048
stat.node.0.injector.response_bytes = 0
stat.node.0.injector.aggregate_bytes = 10048
stat.node.0.injector.request_gbps = 0.300419
stat.node.6.llc.miss_lat_hist_bin_ns = 10
stat.node.6.llc.miss_lat_hist = [0,0,0,0,0,0,0,0,0,0,0,0,0,0,0,0,0,0,0,0,0,0,0,0,0,0,759,5,1,8,13,7,3,4]
stat.node.6.util.dram_avg = 1.61243e-05
stat.node.6.walltime_s = 130.492
stat.node.6.active_time_s = 17.0159
stat.node.0.injector.response_gbps = 0
stat.node.0.injector.aggregate_gbps = 0.300419
stat.node.0.llc.cxl_miss = 800
stat.node.0.llc.total_miss = 800
stat.node.0.llc.avg_miss_lat = 629.957
stat.node.0.llc.avg_cxl_lat = 629.957
stat.node.0.llc.miss_lat_hist_bin_ns = 10
stat.node.0.llc.miss_lat_hist = [0,0,0,0,0,0,0,0,0,0,0,0,0,0,0,0,0,0,0,0,0,0,0,0,0,0,765,5,2,6,8,8,3,3]
stat.node.0.util.dram_avg = 1.61243e-05
stat.node.0.walltime_s = 130.492
stat.node.0.active_time_s = 23.0575
stat.node.7.cpu.0.load_issue_to_complete_count = 799
stat.node.7.cpu.0.avg_load_issue_to_complete_lat = 801.607
stat.node.1.cpu.0.load_issue_to_complete_count = 799
stat.node.7.injector.phase_cycles = 642175
stat.node.7.injector.request_bytes = 10048
stat.node.7.injector.response_bytes = 0
stat.node.7.injector.aggregate_bytes = 10048
stat.node.7.injector.request_gbps = 0.300419
stat.node.7.injector.response_gbps = 0
stat.node.7.injector.aggregate_gbps = 0.300419
stat.node.7.llc.cxl_miss = 800
stat.node.7.llc.total_miss = 800
stat.node.7.llc.avg_miss_lat = 629.959
stat.node.7.llc.avg_cxl_lat = 629.959
stat.node.7.llc.miss_lat_hist_bin_ns = 10
stat.node.7.llc.miss_lat_hist = [0,0,0,0,0,0,0,0,0,0,0,0,0,0,0,0,0,0,0,0,0,0,0,0,0,0,765,5,2,6,7,9,2,4]
stat.node.7.util.dram_avg = 1.61241e-05
stat.node.7.walltime_s = 130.492
stat.node.7.active_time_s = 20.5883
stat.node.1.cpu.0.avg_load_issue_to_complete_lat = 801.602
stat.node.1.injector.phase_cycles = 642171
stat.node.1.injector.request_bytes = 10048
stat.node.1.injector.response_bytes = 0
stat.node.1.injector.aggregate_bytes = 10048
stat.node.1.injector.request_gbps = 0.300421
stat.node.1.injector.response_gbps = 0
stat.node.1.injector.aggregate_gbps = 0.300421
stat.node.1.llc.cxl_miss = 800
stat.node.1.llc.total_miss = 800
stat.node.1.llc.avg_miss_lat = 629.969
stat.node.1.llc.avg_cxl_lat = 629.969
stat.node.1.llc.miss_lat_hist_bin_ns = 10
stat.node.1.llc.miss_lat_hist = [0,0,0,0,0,0,0,0,0,0,0,0,0,0,0,0,0,0,0,0,0,0,0,0,0,0,761,7,5,7,10,4,5,1]
stat.node.1.util.dram_avg = 1.61241e-05
stat.node.1.walltime_s = 130.493
stat.node.1.active_time_s = 17.8117
stat.node.2.cpu.0.load_issue_to_complete_count = 799
stat.node.5.cpu.0.load_issue_to_complete_count = 799
stat.node.5.cpu.0.avg_load_issue_to_complete_lat = 803.681
stat.node.5.injector.phase_cycles = 643832
stat.node.5.injector.request_bytes = 10048
stat.node.5.injector.response_bytes = 0
stat.node.5.injector.aggregate_bytes = 10048
stat.node.5.injector.request_gbps = 0.299646
stat.node.5.injector.response_gbps = 0
stat.node.5.injector.aggregate_gbps = 0.299646
stat.node.5.llc.cxl_miss = 800
stat.node.5.llc.total_miss = 800
stat.node.5.llc.avg_miss_lat = 631.924
stat.node.5.llc.avg_cxl_lat = 631.924
stat.node.5.llc.miss_lat_hist_bin_ns = 10
stat.node.5.llc.miss_lat_hist = [0,0,0,0,0,0,0,0,0,0,0,0,0,0,0,0,0,0,0,0,0,0,0,0,0,0,750,8,3,8,10,6,10,5]
stat.node.5.util.dram_avg = 1.61059e-05
stat.node.5.walltime_s = 130.545
stat.node.5.active_time_s = 17.8661
stat.node.2.cpu.0.avg_load_issue_to_complete_lat = 803.608
stat.node.2.injector.phase_cycles = 643774
stat.node.2.injector.request_bytes = 10048
stat.node.2.injector.response_bytes = 0
stat.node.2.injector.aggregate_bytes = 10048
stat.node.2.injector.request_gbps = 0.299673
stat.node.2.injector.response_gbps = 0
stat.node.2.injector.aggregate_gbps = 0.299673
stat.node.2.llc.cxl_miss = 800
stat.node.2.llc.total_miss = 800
stat.node.2.llc.avg_miss_lat = 631.852
stat.node.2.llc.avg_cxl_lat = 631.852
stat.pool.101.util.mem_avg = 0.0277446
stat.pool.101.util.req_link_avg = 0.064306
stat.pool.101.walltime_s = 130.56
stat.pool.101.active_time_s = 0.497068
stat.pool.100.util.mem_avg = 0.0277446
stat.pool.100.util.req_link_avg = 0.064306
stat.pool.100.walltime_s = 130.56
stat.pool.100.active_time_s = 0.49029
stat.switch.replicated_messages = 5808
stat.switch.util.node_ingress_avg = 0.0099868
stat.switch.util.pool_ingress_avg = 0.124678
stat.switch.bw.host_to_switch_gbps = 0.490906
stat.switch.bw.switch_to_host_gbps = 1.53194
stat.switch.bw.host_link_total_gbps = 2.02284
stat.switch.walltime_s = 130.56
stat.switch.active_time_s = 2.38617
stat.node.2.llc.miss_lat_hist_bin_ns = 10
stat.node.2.llc.miss_lat_hist = [0,0,0,0,0,0,0,0,0,0,0,0,0,0,0,0,0,0,0,0,0,0,0,0,0,0,753,5,4,8,12,4,5,5,4]
stat.node.2.util.dram_avg = 1.61059e-05
stat.node.2.walltime_s = 130.56
stat.node.2.active_time_s = 25.5237
Simulation is complete, simulated time: 621.389 us
