stat.node.0.cpu.0.retired = 933
stat.node.0.cpu.0.cycles = 1000000
stat.node.1.cpu.0.retired = 937
stat.node.1.cpu.0.cycles = 1000000
stat.node.2.cpu.0.retired = 927
stat.node.2.cpu.0.cycles = 1000000
stat.node.3.cpu.0.retired = 935
stat.node.3.cpu.0.cycles = 1000000
stat.node.4.cpu.0.retired = 933
stat.node.4.cpu.0.cycles = 1000000
stat.node.5.cpu.0.retired = 933
stat.node.5.cpu.0.cycles = 1000000
stat.node.6.cpu.0.retired = 933
stat.node.6.cpu.0.cycles = 1000000
stat.node.7.cpu.0.retired = 935
stat.node.7.cpu.0.cycles = 1000000
stat.node.1.cpu.0.load_issue_to_complete_count = 799
stat.node.1.cpu.0.avg_load_issue_to_complete_lat = 849.394
stat.node.1.injector.phase_cycles = 680357
stat.node.1.injector.request_bytes = 126312
stat.node.1.injector.response_bytes = 159488
stat.node.1.injector.aggregate_bytes = 285800
stat.node.1.injector.request_gbps = 3.56459
stat.node.1.injector.response_gbps = 4.50083
stat.node.1.injector.aggregate_gbps = 8.06541
stat.node.1.llc.cxl_miss = 800
stat.node.1.llc.total_miss = 800
stat.node.1.llc.avg_miss_lat = 676.138
stat.node.1.llc.avg_cxl_lat = 676.138
stat.node.1.llc.miss_lat_hist_bin_ns = 10
stat.node.1.llc.miss_lat_hist = [0,0,0,0,0,0,0,0,0,0,0,0,0,0,0,0,0,0,0,0,0,0,0,0,0,0,426,25,47,101,28,30,128,14,1]
stat.node.1.util.dram_avg = 1.5375e-05
stat.node.1.walltime_s = 296.507
stat.node.1.active_time_s = 21.0875
stat.node.3.cpu.0.load_issue_to_complete_count = 799
stat.node.3.cpu.0.avg_load_issue_to_complete_lat = 850.418
stat.node.3.injector.phase_cycles = 681175
stat.node.3.injector.request_bytes = 126464
stat.node.3.injector.response_bytes = 159680
stat.node.3.injector.aggregate_bytes = 286144
stat.node.3.injector.request_gbps = 3.56459
stat.node.3.injector.response_gbps = 4.50083
stat.node.3.injector.aggregate_gbps = 8.06542
stat.node.3.llc.cxl_miss = 800
stat.node.3.llc.total_miss = 800
stat.node.3.llc.avg_miss_lat = 677.247
stat.node.3.llc.avg_cxl_lat = 677.247
stat.node.3.llc.miss_lat_hist_bin_ns = 10
stat.node.3.llc.miss_lat_hist = [0,0,0,0,0,0,0,0,0,0,0,0,0,0,0,0,0,0,0,0,0,0,0,0,0,0,435,16,54,91,28,40,115,21]
stat.node.3.util.dram_avg = 1.53428e-05
stat.node.3.walltime_s = 296.923
stat.node.3.active_time_s = 22.0197
stat.node.7.cpu.0.load_issue_to_complete_count = 799
stat.node.7.cpu.0.avg_load_issue_to_complete_lat = 852.987
stat.node.7.injector.phase_cycles = 683243
stat.node.7.injector.request_bytes = 126840
stat.node.7.injector.response_bytes = 160192
stat.node.7.injector.aggregate_bytes = 287032
stat.node.7.injector.request_gbps = 3.56437
stat.node.7.injector.response_gbps = 4.5016
stat.node.7.injector.aggregate_gbps = 8.06597
stat.node.7.llc.cxl_miss = 800
stat.node.7.llc.total_miss = 800
stat.node.7.llc.avg_miss_lat = 679.617
stat.node.7.llc.avg_cxl_lat = 679.617
stat.node.7.llc.miss_lat_hist_bin_ns = 10
stat.node.7.llc.miss_lat_hist = [0,0,0,0,0,0,0,0,0,0,0,0,0,0,0,0,0,0,0,0,0,0,0,0,0,0,445,20,16,80,20,35,150,24,10]
stat.node.7.util.dram_avg = 1.53267e-05
stat.node.7.walltime_s = 297.059
stat.node.7.active_time_s = 21.7661
stat.node.6.cpu.0.load_issue_to_complete_count = 799
stat.node.6.cpu.0.avg_load_issue_to_complete_lat = 850.981
stat.node.6.injector.phase_cycles = 681630
stat.node.6.injector.request_bytes = 126536
stat.node.6.injector.response_bytes = 159872
stat.node.6.injector.aggregate_bytes = 286408
stat.node.6.injector.request_gbps = 3.56424
stat.node.6.injector.response_gbps = 4.50324
stat.node.6.injector.aggregate_gbps = 8.06748
stat.node.6.llc.cxl_miss = 800
stat.node.6.llc.total_miss = 800
stat.node.6.llc.avg_miss_lat = 677.789
stat.node.6.llc.avg_cxl_lat = 677.789
stat.node.6.llc.miss_lat_hist_bin_ns = 10
stat.node.6.llc.miss_lat_hist = [0,0,0,0,0,0,0,0,0,0,0,0,0,0,0,0,0,0,0,0,0,0,0,0,0,0,443,8,54,65,38,59,110,23]
stat.node.6.util.dram_avg = 1.53265e-05
stat.node.6.walltime_s = 297.064
stat.node.6.active_time_s = 26.2614
stat.node.0.cpu.0.load_issue_to_complete_count = 799
stat.node.0.cpu.0.avg_load_issue_to_complete_lat = 854.051
stat.node.0.injector.phase_cycles = 684086
stat.node.0.injector.request_bytes = 126992
stat.node.0.injector.response_bytes = 160448
stat.node.0.injector.aggregate_bytes = 287440
stat.node.0.injector.request_gbps = 3.56424
stat.node.0.injector.response_gbps = 4.50324
stat.node.0.injector.aggregate_gbps = 8.06748
stat.node.0.llc.cxl_miss = 800
stat.node.0.llc.total_miss = 800
stat.node.0.llc.avg_miss_lat = 680.683
stat.node.0.llc.avg_cxl_lat = 680.683
stat.node.0.llc.miss_lat_hist_bin_ns = 10
stat.node.0.llc.miss_lat_hist = [0,0,0,0,0,0,0,0,0,0,0,0,0,0,0,0,0,0,0,0,0,0,0,0,0,0,426,31,43,43,31,70,135,21]
stat.node.0.util.dram_avg = 1.53025e-05
stat.node.0.walltime_s = 297.203
stat.node.0.active_time_s = 23.7008
stat.node.4.cpu.0.load_issue_to_complete_count = 799
stat.node.4.cpu.0.avg_load_issue_to_complete_lat = 857.079
stat.node.4.injector.phase_cycles = 686497
stat.node.5.cpu.0.load_issue_to_complete_count = 799
stat.node.5.cpu.0.avg_load_issue_to_complete_lat = 857.091
stat.node.4.injector.request_bytes = 127448
stat.node.4.injector.response_bytes = 160960
stat.node.4.injector.aggregate_bytes = 288408
stat.node.4.injector.request_gbps = 3.56448
stat.node.4.injector.response_gbps = 4.50174
stat.node.4.injector.aggregate_gbps = 8.06622
stat.node.4.llc.cxl_miss = 800
stat.node.4.llc.total_miss = 800
stat.node.4.llc.avg_miss_lat = 683.844
stat.node.4.llc.avg_cxl_lat = 683.844
stat.node.4.llc.miss_lat_hist_bin_ns = 10
stat.node.4.llc.miss_lat_hist = [0,0,0,0,0,0,0,0,0,0,0,0,0,0,0,0,0,0,0,0,0,0,0,0,0,0,424,18,51,67,16,18,159,36,7,4]
stat.node.4.util.dram_avg = 1.52788e-05
stat.node.4.walltime_s = 297.389
stat.node.4.active_time_s = 21.8162
stat.node.5.injector.phase_cycles = 686516
stat.node.5.injector.request_bytes = 127448
stat.node.5.injector.response_bytes = 160960
stat.node.5.injector.aggregate_bytes = 288408
stat.node.5.injector.request_gbps = 3.56438
stat.node.5.injector.response_gbps = 4.50162
stat.node.5.injector.aggregate_gbps = 8.06599
stat.node.5.llc.cxl_miss = 800
stat.node.5.llc.total_miss = 800
stat.node.5.llc.avg_miss_lat = 683.827
stat.node.5.llc.avg_cxl_lat = 683.827
stat.node.5.llc.miss_lat_hist_bin_ns = 10
stat.node.5.llc.miss_lat_hist = [0,0,0,0,0,0,0,0,0,0,0,0,0,0,0,0,0,0,0,0,0,0,0,0,0,0,395,51,54,37,16,43,181,23]
stat.node.5.util.dram_avg = 1.52788e-05
stat.node.5.walltime_s = 297.404
stat.node.5.active_time_s = 25.2073
stat.node.2.cpu.0.load_issue_to_complete_count = 799
stat.node.2.cpu.0.avg_load_issue_to_complete_lat = 858.103
stat.node.2.injector.phase_cycles = 687315
stat.node.2.injector.request_bytes = 127600
stat.node.2.injector.response_bytes = 161152
stat.node.2.injector.aggregate_bytes = 288752
stat.node.2.injector.request_gbps = 3.56448
stat.node.2.injector.response_gbps = 4.50175
stat.node.2.injector.aggregate_gbps = 8.06623
stat.node.2.llc.cxl_miss = 800
stat.node.2.llc.total_miss = 800
stat.node.2.llc.avg_miss_lat = 684.857
stat.node.2.llc.avg_cxl_lat = 684.857
stat.node.2.llc.miss_lat_hist_bin_ns = 10
stat.node.2.llc.miss_lat_hist = [0,0,0,0,0,0,0,0,0,0,0,0,0,0,0,0,0,0,0,0,0,0,0,0,0,0,420,26,11,93,18,30,140,40,10,12]
stat.node.2.util.dram_avg = 1.52312e-05
stat.node.2.walltime_s = 297.807
stat.node.2.active_time_s = 21.7818
stat.pool.107.util.mem_avg = 0.0975149
stat.pool.107.util.req_link_avg = 0.503524
stat.pool.107.walltime_s = 297.791
stat.pool.107.active_time_s = 0.567884
stat.pool.106.util.mem_avg = 0.0975149
stat.pool.106.util.req_link_avg = 0.503524
stat.pool.106.walltime_s = 297.791
stat.pool.106.active_time_s = 0.52941
stat.pool.105.util.mem_avg = 0.0975152
stat.pool.105.util.req_link_avg = 0.503524
stat.pool.105.walltime_s = 297.791
stat.pool.105.active_time_s = 0.624305
stat.pool.104.util.mem_avg = 0.0975154
stat.pool.104.util.req_link_avg = 0.503524
stat.pool.104.walltime_s = 297.791
stat.pool.104.active_time_s = 0.552039
stat.pool.103.util.mem_avg = 0.0975156
stat.pool.103.util.req_link_avg = 0.503524
stat.pool.103.walltime_s = 297.792
stat.pool.103.active_time_s = 0.487488
stat.pool.102.util.mem_avg = 0.0975158
stat.pool.102.util.req_link_avg = 0.503524
stat.pool.102.walltime_s = 297.792
stat.pool.102.active_time_s = 0.512316
stat.pool.101.util.mem_avg = 0.0975171
stat.pool.101.util.req_link_avg = 0.503526
stat.pool.101.walltime_s = 297.792
stat.pool.101.active_time_s = 0.502492
stat.pool.100.util.mem_avg = 0.0975171
stat.pool.100.util.req_link_avg = 0.503526
stat.pool.100.walltime_s = 297.792
stat.pool.100.active_time_s = 0.608897
stat.switch.replicated_messages = 246272
stat.switch.util.node_ingress_avg = 0.0762003
stat.switch.util.pool_ingress_avg = 0.121153
stat.switch.bw.host_to_switch_gbps = 3.74619
stat.switch.bw.switch_to_host_gbps = 5.95501
stat.switch.bw.host_link_total_gbps = 9.7012
stat.switch.walltime_s = 297.792
stat.switch.active_time_s = 3.60378
Simulation is complete, simulated time: 657.074 us
