stat.node.1.cpu.0.retired = 965
stat.node.1.cpu.0.cycles = 1000000
stat.node.2.cpu.0.retired = 964
stat.node.2.cpu.0.cycles = 1000000
stat.node.3.cpu.0.retired = 965
stat.node.3.cpu.0.cycles = 1000000
stat.node.4.cpu.0.retired = 965
stat.node.4.cpu.0.cycles = 1000000
stat.node.5.cpu.0.retired = 964
stat.node.5.cpu.0.cycles = 1000000
stat.node.6.cpu.0.retired = 965
stat.node.6.cpu.0.cycles = 1000000
stat.node.7.cpu.0.retired = 964
stat.node.7.cpu.0.cycles = 1000000
stat.node.0.cpu.0.retired = 964
stat.node.0.cpu.0.cycles = 1000000
stat.node.4.cpu.0.load_issue_to_complete_count = 799
stat.node.4.cpu.0.avg_load_issue_to_complete_lat = 819.255
stat.node.4.injector.phase_cycles = 656286
stat.node.4.injector.request_bytes = 203120
stat.node.4.injector.response_bytes = 1624960
stat.node.4.injector.aggregate_bytes = 1828080
stat.node.4.injector.request_gbps = 5.94238
stat.node.4.injector.response_gbps = 47.5391
stat.node.4.injector.aggregate_gbps = 53.4815
stat.node.4.llc.cxl_miss = 800
stat.node.4.llc.total_miss = 800
stat.node.4.llc.avg_miss_lat = 647.174
stat.node.4.llc.avg_cxl_lat = 647.174
stat.node.4.llc.miss_lat_hist_bin_ns = 10
stat.node.4.llc.miss_lat_hist = [0,0,0,0,0,0,0,0,0,0,0,0,0,0,0,0,0,0,0,0,0,0,0,0,0,0,295,505]
stat.node.4.util.dram_avg = 1.58281e-05
stat.node.4.walltime_s = 31.6652
stat.node.4.active_time_s = 14.5183
stat.node.6.cpu.0.load_issue_to_complete_count = 799
stat.node.6.cpu.0.avg_load_issue_to_complete_lat = 819.287
stat.node.6.injector.phase_cycles = 656312
stat.node.6.injector.request_bytes = 203128
stat.node.6.injector.response_bytes = 1625024
stat.node.6.injector.aggregate_bytes = 1828152
stat.node.6.injector.request_gbps = 5.94238
stat.node.6.injector.response_gbps = 47.5391
stat.node.6.injector.aggregate_gbps = 53.4815
stat.node.6.llc.cxl_miss = 800
stat.node.6.llc.total_miss = 800
stat.node.6.llc.avg_miss_lat = 647.206
stat.node.6.llc.avg_cxl_lat = 647.206
stat.node.6.llc.miss_lat_hist_bin_ns = 10
stat.node.6.llc.miss_lat_hist = [0,0,0,0,0,0,0,0,0,0,0,0,0,0,0,0,0,0,0,0,0,0,0,0,0,0,292,508]
stat.node.6.util.dram_avg = 1.58272e-05
stat.node.6.walltime_s = 31.6668
stat.node.6.active_time_s = 14.3056
stat.node.1.cpu.0.load_issue_to_complete_count = 799
stat.node.1.cpu.0.avg_load_issue_to_complete_lat = 819.384
stat.node.1.injector.phase_cycles = 656390
stat.node.1.injector.request_bytes = 203152
stat.node.1.injector.response_bytes = 1625216
stat.node.1.injector.aggregate_bytes = 1828368
stat.node.1.injector.request_gbps = 5.94238
stat.node.1.injector.response_gbps = 47.539
stat.node.1.injector.aggregate_gbps = 53.4814
stat.node.1.llc.cxl_miss = 800
stat.node.1.llc.total_miss = 800
stat.node.1.llc.avg_miss_lat = 647.303
stat.node.1.llc.avg_cxl_lat = 647.303
stat.node.1.llc.miss_lat_hist_bin_ns = 10
stat.node.1.llc.miss_lat_hist = [0,0,0,0,0,0,0,0,0,0,0,0,0,0,0,0,0,0,0,0,0,0,0,0,0,0,291,508,1]
stat.node.1.util.dram_avg = 1.58256e-05
stat.node.1.walltime_s = 31.6694
stat.node.1.active_time_s = 14.3515
stat.node.3.cpu.0.load_issue_to_complete_count = 799
stat.node.3.cpu.0.avg_load_issue_to_complete_lat = 819.354
stat.node.3.injector.phase_cycles = 656365
stat.node.3.injector.request_bytes = 203144
stat.node.3.injector.response_bytes = 1625152
stat.node.3.injector.aggregate_bytes = 1828296
stat.node.3.injector.request_gbps = 5.94237
stat.node.3.injector.response_gbps = 47.539
stat.node.3.injector.aggregate_gbps = 53.4813
stat.node.3.llc.cxl_miss = 800
stat.node.3.llc.total_miss = 800
stat.node.3.llc.avg_miss_lat = 647.271
stat.node.3.llc.avg_cxl_lat = 647.271
stat.node.3.llc.miss_lat_hist_bin_ns = 10
stat.node.3.llc.miss_lat_hist = [0,0,0,0,0,0,0,0,0,0,0,0,0,0,0,0,0,0,0,0,0,0,0,0,0,0,288,512]
stat.node.3.util.dram_avg = 1.58248e-05
stat.node.3.walltime_s = 31.6709
stat.node.3.active_time_s = 15.2804
stat.node.0.cpu.0.load_issue_to_complete_count = 799
stat.node.0.cpu.0.avg_load_issue_to_complete_lat = 819.385
stat.node.0.injector.phase_cycles = 656390
stat.node.0.injector.request_bytes = 203152
stat.node.0.injector.response_bytes = 1625216
stat.node.0.injector.aggregate_bytes = 1828368
stat.node.0.injector.request_gbps = 5.94238
stat.node.0.injector.response_gbps = 47.539
stat.node.0.injector.aggregate_gbps = 53.4814
stat.node.0.llc.cxl_miss = 800
stat.node.0.llc.total_miss = 800
stat.node.0.llc.avg_miss_lat = 647.304
stat.node.0.llc.avg_cxl_lat = 647.304
stat.node.0.llc.miss_lat_hist_bin_ns = 10
stat.node.0.llc.miss_lat_hist = [0,0,0,0,0,0,0,0,0,0,0,0,0,0,0,0,0,0,0,0,0,0,0,0,0,0,292,507,1]
stat.node.0.util.dram_avg = 1.58234e-05
stat.node.0.walltime_s = 31.6732
stat.node.0.active_time_s = 14.4393
stat.node.5.cpu.0.load_issue_to_complete_count = 799
stat.node.5.cpu.0.avg_load_issue_to_complete_lat = 819.353
stat.node.5.injector.phase_cycles = 656365
stat.node.5.injector.request_bytes = 203144
stat.node.5.injector.response_bytes = 1625152
stat.node.5.injector.aggregate_bytes = 1828296
stat.node.5.injector.request_gbps = 5.94237
stat.node.5.injector.response_gbps = 47.539
stat.node.5.injector.aggregate_gbps = 53.4813
stat.node.5.llc.cxl_miss = 800
stat.node.5.llc.total_miss = 800
stat.node.5.llc.avg_miss_lat = 647.271
stat.node.5.llc.avg_cxl_lat = 647.271
stat.node.5.llc.miss_lat_hist_bin_ns = 10
stat.node.5.llc.miss_lat_hist = [0,0,0,0,0,0,0,0,0,0,0,0,0,0,0,0,0,0,0,0,0,0,0,0,0,0,292,507,1]
stat.node.5.util.dram_avg = 1.58225e-05
stat.node.5.walltime_s = 31.6747
stat.node.5.active_time_s = 14.2813
stat.node.7.cpu.0.load_issue_to_complete_count = 799
stat.node.7.cpu.0.avg_load_issue_to_complete_lat = 819.384
stat.node.7.injector.phase_cycles = 656390
stat.node.7.injector.request_bytes = 203152
stat.node.7.injector.response_bytes = 1625216
stat.node.7.injector.aggregate_bytes = 1828368
stat.node.7.injector.request_gbps = 5.94238
stat.node.7.injector.response_gbps = 47.539
stat.node.7.injector.aggregate_gbps = 53.4814
stat.node.7.llc.cxl_miss = 800
stat.node.7.llc.total_miss = 800
stat.node.7.llc.avg_miss_lat = 647.303
stat.node.7.llc.avg_cxl_lat = 647.303
stat.node.7.llc.miss_lat_hist_bin_ns = 10
stat.node.7.llc.miss_lat_hist = [0,0,0,0,0,0,0,0,0,0,0,0,0,0,0,0,0,0,0,0,0,0,0,0,0,0,288,512]
stat.node.7.util.dram_avg = 1.58214e-05
stat.node.7.walltime_s = 31.6766
stat.node.7.active_time_s = 14.1219
stat.node.2.cpu.0.load_issue_to_complete_count = 799
stat.node.2.cpu.0.avg_load_issue_to_complete_lat = 819.615
stat.node.2.injector.phase_cycles = 656571
stat.node.2.injector.request_bytes = 203208
stat.node.2.injector.response_bytes = 1625664
stat.node.2.injector.aggregate_bytes = 1828872
stat.node.2.injector.request_gbps = 5.94238
stat.node.2.injector.response_gbps = 47.539
stat.node.2.injector.aggregate_gbps = 53.4814
stat.node.2.llc.cxl_miss = 800
stat.node.2.llc.total_miss = 800
stat.node.2.llc.avg_miss_lat = 647.53
stat.node.2.llc.avg_cxl_lat = 647.53
stat.node.2.llc.miss_lat_hist_bin_ns = 10
stat.node.2.llc.miss_lat_hist = [0,0,0,0,0,0,0,0,0,0,0,0,0,0,0,0,0,0,0,0,0,0,0,0,0,0,298,501,1]
stat.node.2.util.dram_avg = 1.58165e-05
stat.node.2.walltime_s = 31.6843
stat.node.2.active_time_s = 14.3345
stat.pool.107.util.mem_avg = 0.159602
stat.pool.107.util.req_link_avg = 0.124699
stat.pool.107.walltime_s = 31.6843
stat.pool.107.active_time_s = 0.404636
stat.pool.106.util.mem_avg = 0.159603
stat.pool.106.util.req_link_avg = 0.124699
stat.pool.106.walltime_s = 31.6844
stat.pool.106.active_time_s = 0.403818
stat.pool.105.util.mem_avg = 0.159603
stat.pool.105.util.req_link_avg = 0.1247
stat.pool.105.walltime_s = 31.6844
stat.pool.105.active_time_s = 0.407486
stat.pool.104.util.mem_avg = 0.159603
stat.pool.104.util.req_link_avg = 0.1247
stat.pool.104.walltime_s = 31.6844
stat.pool.104.active_time_s = 0.407845
stat.pool.103.util.mem_avg = 0.159604
stat.pool.103.util.req_link_avg = 0.1247
stat.pool.103.walltime_s = 31.6844
stat.pool.103.active_time_s = 0.411232
stat.pool.102.util.mem_avg = 0.159604
stat.pool.102.util.req_link_avg = 0.1247
stat.pool.102.walltime_s = 31.6844
stat.pool.102.active_time_s = 0.417352
stat.pool.101.util.mem_avg = 0.159604
stat.pool.101.util.req_link_avg = 0.124701
stat.pool.101.walltime_s = 31.6844
stat.pool.101.active_time_s = 0.425208
stat.pool.100.util.mem_avg = 0.159604
stat.pool.100.util.req_link_avg = 0.124701
stat.pool.100.walltime_s = 31.6844
stat.pool.100.active_time_s = 0.462309
stat.switch.replicated_messages = 0
stat.switch.util.node_ingress_avg = 0.12471
stat.switch.util.pool_ingress_avg = 0.997456
stat.switch.bw.host_to_switch_gbps = 6.13028
stat.switch.bw.switch_to_host_gbps = 49.0268
stat.switch.bw.host_link_total_gbps = 55.1571
stat.switch.walltime_s = 31.6844
stat.switch.active_time_s = 2.80984
Simulation is complete, simulated time: 632.755 us
