stat.node.4.cpu.0.retired = 279
stat.node.4.cpu.0.cycles = 1000000
stat.node.5.cpu.0.retired = 311
stat.node.5.cpu.0.cycles = 1000000
stat.node.6.cpu.0.retired = 282
stat.node.6.cpu.0.cycles = 1000000
stat.node.7.cpu.0.retired = 290
stat.node.7.cpu.0.cycles = 1000000
stat.node.0.cpu.0.retired = 288
stat.node.0.cpu.0.cycles = 1000000
stat.node.1.cpu.0.retired = 226
stat.node.1.cpu.0.cycles = 1000000
stat.node.2.cpu.0.retired = 250
stat.node.2.cpu.0.cycles = 1000000
stat.node.3.cpu.0.retired = 251
stat.node.3.cpu.0.cycles = 1000000
stat.node.5.cpu.0.retired = 579
stat.node.5.cpu.0.cycles = 2000000
stat.node.6.cpu.0.retired = 579
stat.node.6.cpu.0.cycles = 2000000
stat.node.3.cpu.0.retired = 474
stat.node.3.cpu.0.cycles = 2000000
stat.node.7.cpu.0.retired = 524
stat.node.7.cpu.0.cycles = 2000000
stat.node.0.cpu.0.retired = 506
stat.node.0.cpu.0.cycles = 2000000
stat.node.1.cpu.0.retired = 421
stat.node.1.cpu.0.cycles = 2000000
stat.node.2.cpu.0.retired = 470
stat.node.2.cpu.0.cycles = 2000000
stat.node.4.cpu.0.retired = 576
stat.node.4.cpu.0.cycles = 2000000
stat.node.7.cpu.0.retired = 808
stat.node.7.cpu.0.cycles = 3000000
stat.node.0.cpu.0.retired = 748
stat.node.0.cpu.0.cycles = 3000000
stat.node.1.cpu.0.retired = 662
stat.node.1.cpu.0.cycles = 3000000
stat.node.2.cpu.0.retired = 710
stat.node.2.cpu.0.cycles = 3000000
stat.node.6.cpu.0.retired = 819
stat.node.6.cpu.0.cycles = 3000000
stat.node.5.cpu.0.retired = 819
stat.node.5.cpu.0.cycles = 3000000
stat.node.4.cpu.0.retired = 815
stat.node.4.cpu.0.cycles = 3000000
stat.node.3.cpu.0.retired = 709
stat.node.3.cpu.0.cycles = 3000000
stat.node.5.cpu.0.retired = 1072
stat.node.5.cpu.0.cycles = 4000000
stat.node.7.cpu.0.retired = 1092
stat.node.7.cpu.0.cycles = 4000000
stat.node.0.cpu.0.retired = 1049
stat.node.0.cpu.0.cycles = 4000000
stat.node.1.cpu.0.retired = 907
stat.node.1.cpu.0.cycles = 4000000
stat.node.2.cpu.0.retired = 957
stat.node.2.cpu.0.cycles = 4000000
stat.node.6.cpu.0.retired = 1073
stat.node.6.cpu.0.cycles = 4000000
stat.node.3.cpu.0.retired = 956
stat.node.3.cpu.0.cycles = 4000000
stat.node.4.cpu.0.retired = 1069
stat.node.4.cpu.0.cycles = 4000000
stat.node.0.cpu.0.retired = 1406
stat.node.0.cpu.0.cycles = 5000000
stat.node.1.cpu.0.retired = 1163
stat.node.1.cpu.0.cycles = 5000000
stat.node.2.cpu.0.retired = 1216
stat.node.2.cpu.0.cycles = 5000000
stat.node.4.cpu.0.retired = 1324
stat.node.4.cpu.0.cycles = 5000000
stat.node.3.cpu.0.retired = 1211
stat.node.3.cpu.0.cycles = 5000000
stat.node.6.cpu.0.retired = 1331
stat.node.6.cpu.0.cycles = 5000000
stat.node.5.cpu.0.retired = 1327
stat.node.5.cpu.0.cycles = 5000000
stat.node.7.cpu.0.retired = 1348
stat.node.7.cpu.0.cycles = 5000000
stat.node.0.cpu.0.load_issue_to_complete_count = 799
stat.node.0.cpu.0.avg_load_issue_to_complete_lat = 3027.59
stat.node.0.injector.phase_cycles = 2423842
stat.node.0.injector.request_bytes = 833736
stat.node.0.injector.response_bytes = 513088
stat.node.0.injector.aggregate_bytes = 1346824
stat.node.0.injector.request_gbps = 6.60428
stat.node.0.injector.response_gbps = 4.06433
stat.node.0.injector.aggregate_gbps = 10.6686
stat.node.0.llc.cxl_miss = 800
stat.node.0.llc.total_miss = 800
stat.node.0.llc.avg_miss_lat = 2822.96
stat.node.0.llc.avg_cxl_lat = 2822.96
stat.node.0.llc.miss_lat_hist_bin_ns = 10
stat.node.0.llc.miss_lat_hist = [0,0,0,0,0,0,0,0,0,0,0,0,0,0,0,0,0,0,0,0,0,0,0,0,0,0,0,0,0,0,0,0,0,0,0,0,0,0,0,0,0,1,10,7,10,2,1,5,7,6,6,6,7,4,2,4,4,3,2,7,5,4,5,9,7,2,4,5,6,5,4,5,2,4,5,8,2,4,4,2,4,6,11,7,4,6,5,3,5,11,4,3,4,2,5,1,0,12,5,6,4,1,10,2,4,1,2,0,9,2,5,1,5,3,4,3,6,4,3,3,3,7,6,3,2,3,7,7,7,6,4,8,6,9,5,19,16,2,8,7,13,11,9,11,7,3,8,15,18,4,5,6,7,9,15,8,7,10,7,7,11,13,6,6,2,4,2,5,7,5,2,2,6,4,5,5,2,3,2,3,3,3,2,2,0,1,5,1,3,1,1,0,1,0,0,1,0,0,0,0,2,1,0,0,0,0,0,0,0,0,0,0,0,0,0,0,0,0,0,0,0,0,0,0,0,0,0,0,0,0,0,0,0,0,0,0,0,0,0,0,1]
stat.node.0.util.dram_avg = 4.25979e-06
stat.node.0.walltime_s = 89.5987
stat.node.0.active_time_s = 43.2123
stat.node.7.cpu.0.load_issue_to_complete_count = 799
stat.node.7.cpu.0.avg_load_issue_to_complete_lat = 3756.29
stat.node.7.injector.phase_cycles = 3006144
stat.node.7.injector.request_bytes = 1029736
stat.node.7.injector.response_bytes = 633664
stat.node.7.injector.aggregate_bytes = 1663400
stat.node.7.injector.request_gbps = 6.57684
stat.node.7.injector.response_gbps = 4.04716
stat.node.7.injector.aggregate_gbps = 10.624
stat.node.7.llc.cxl_miss = 800
stat.node.7.llc.total_miss = 800
stat.node.7.llc.avg_miss_lat = 3541.34
stat.node.7.llc.avg_cxl_lat = 3541.34
stat.node.7.llc.miss_lat_hist_bin_ns = 10
stat.node.7.llc.miss_lat_hist = [0,0,0,0,0,0,0,0,0,0,0,0,0,0,0,0,0,0,0,0,0,0,0,0,0,0,0,0,0,0,0,0,0,0,0,0,0,0,0,0,0,0,2,1,0,2,0,1,3,3,4,1,0,1,0,1,0,0,0,2,0,1,1,1,1,0,0,0,1,0,0,0,0,1,0,0,1,0,0,0,1,0,1,1,0,0,0,0,0,1,0,1,0,1,0,0,2,0,2,0,2,1,1,0,2,0,0,1,0,0,2,1,0,2,0,1,1,1,2,0,4,3,4,5,3,10,10,5,3,11,4,9,12,8,14,14,10,9,10,15,18,27,17,22,12,7,20,33,27,18,13,9,21,18,21,21,12,15,6,12,7,20,21,16,5,6,10,11,10,6,11,7,9,12,7,8,5,3,1,2,10,9,5,2,2,1,3,6,2,0,1,3,1,1,1,0,0,0,1,2,1,0,0,0,1,0,0,0,0,0,0,1,1,0,0,0,0,0,0,1,0,0,1]
stat.node.7.util.dram_avg = 4.01759e-06
stat.node.7.walltime_s = 94.877
stat.node.7.active_time_s = 39.91
stat.node.3.cpu.0.retired = 1467
stat.node.3.cpu.0.cycles = 6000000
stat.node.6.cpu.0.retired = 1588
stat.node.6.cpu.0.cycles = 6000000
stat.node.5.cpu.0.retired = 1588
stat.node.5.cpu.0.cycles = 6000000
stat.node.2.cpu.0.retired = 1470
stat.node.2.cpu.0.cycles = 6000000
stat.node.0.cpu.0.retired = 1695
stat.node.0.cpu.0.cycles = 6000000
stat.node.1.cpu.0.retired = 1419
stat.node.1.cpu.0.cycles = 6000000
stat.node.7.cpu.0.retired = 1607
stat.node.7.cpu.0.cycles = 6000000
stat.node.4.cpu.0.retired = 1581
stat.node.4.cpu.0.cycles = 6000000
stat.node.6.cpu.0.load_issue_to_complete_count = 799
stat.node.6.cpu.0.avg_load_issue_to_complete_lat = 3894.56
stat.node.6.injector.phase_cycles = 3116543
stat.node.6.injector.request_bytes = 1069744
stat.node.6.injector.response_bytes = 658304
stat.node.6.injector.aggregate_bytes = 1728048
stat.node.6.injector.request_gbps = 6.59034
stat.node.6.injector.response_gbps = 4.0556
stat.node.6.injector.aggregate_gbps = 10.6459
stat.node.6.llc.cxl_miss = 800
stat.node.6.llc.total_miss = 800
stat.node.6.llc.avg_miss_lat = 3674.2
stat.node.6.llc.avg_cxl_lat = 3674.2
stat.node.6.llc.miss_lat_hist_bin_ns = 10
stat.node.6.llc.miss_lat_hist = [0,0,0,0,0,0,0,0,0,0,0,0,0,0,0,0,0,0,0,0,0,0,0,0,0,0,0,0,0,0,0,0,0,0,0,0,0,0,0,0,0,0,0,0,0,0,0,0,0,0,0,0,0,0,0,0,0,0,0,0,0,0,0,0,0,0,0,0,0,0,0,0,0,0,0,0,0,0,0,0,0,0,0,0,0,0,0,0,0,0,0,0,0,0,0,0,0,0,0,0,0,0,0,0,0,0,1,0,1,0,0,0,2,1,0,0,1,2,1,3,1,4,6,2,2,5,3,10,6,5,6,10,6,13,16,17,12,13,9,17,23,19,19,15,18,22,22,21,27,27,8,11,16,29,21,20,8,13,6,13,19,19,19,19,4,11,10,18,10,6,9,10,7,10,7,7,7,6,2,3,9,7,6,3,3,2,4,3,2,2,1,2,2,1,3,2,1,2,0,0,2,1,0,0,1,0,2,0,0,0,0,0,1,0,0,0,1,0,0,0,0,0,0,0,0,0,0,0,0,1]
stat.node.6.util.dram_avg = 3.97275e-06
stat.node.6.walltime_s = 95.9205
stat.node.6.active_time_s = 51.0902
stat.node.5.cpu.0.load_issue_to_complete_count = 799
stat.node.5.cpu.0.avg_load_issue_to_complete_lat = 3900.6
stat.node.5.injector.phase_cycles = 3120914
stat.node.5.injector.request_bytes = 1069744
stat.node.5.injector.response_bytes = 658176
stat.node.5.injector.aggregate_bytes = 1727920
stat.node.5.injector.request_gbps = 6.58111
stat.node.5.injector.response_gbps = 4.04913
stat.node.5.injector.aggregate_gbps = 10.6302
stat.node.5.llc.cxl_miss = 800
stat.node.5.llc.total_miss = 800
stat.node.5.llc.avg_miss_lat = 3681.91
stat.node.5.llc.avg_cxl_lat = 3681.91
stat.node.5.llc.miss_lat_hist_bin_ns = 10
stat.node.5.llc.miss_lat_hist = [0,0,0,0,0,0,0,0,0,0,0,0,0,0,0,0,0,0,0,0,0,0,0,0,0,0,0,0,0,0,0,0,0,0,0,0,0,0,0,0,0,0,0,0,0,0,0,0,0,0,0,0,0,0,0,0,0,0,0,0,0,0,0,0,0,0,0,0,0,0,0,0,0,0,0,0,0,0,0,0,0,0,0,0,0,0,0,0,0,0,0,0,0,0,0,0,0,0,0,0,0,0,0,0,0,0,1,0,1,0,2,0,1,1,1,0,0,0,0,1,7,3,3,7,4,2,6,5,10,4,9,4,5,16,14,18,13,7,2,15,22,17,17,18,10,15,18,26,36,30,14,5,18,31,19,20,13,14,4,22,13,22,26,12,11,13,9,18,11,7,7,6,7,11,9,5,5,7,5,1,6,3,9,1,0,5,9,10,3,3,1,0,0,2,0,0,1,1,2,1,1,3,0,1,0,1,0,0,0,0,0,1]
stat.node.5.util.dram_avg = 3.97181e-06
stat.node.5.walltime_s = 95.9431
stat.node.5.active_time_s = 53.2759
stat.node.4.cpu.0.load_issue_to_complete_count = 799
stat.node.4.cpu.0.avg_load_issue_to_complete_lat = 3915.77
stat.node.4.injector.phase_cycles = 3133887
stat.node.4.injector.request_bytes = 1068216
stat.node.4.injector.response_bytes = 657408
stat.node.4.injector.aggregate_bytes = 1725624
stat.node.4.injector.request_gbps = 6.54451
stat.node.4.injector.response_gbps = 4.02766
stat.node.4.injector.aggregate_gbps = 10.5722
stat.node.4.llc.cxl_miss = 800
stat.node.4.llc.total_miss = 800
stat.node.4.llc.avg_miss_lat = 3693.8
stat.node.4.llc.avg_cxl_lat = 3693.8
stat.node.4.llc.miss_lat_hist_bin_ns = 10
stat.node.4.llc.miss_lat_hist = [0,0,0,0,0,0,0,0,0,0,0,0,0,0,0,0,0,0,0,0,0,0,0,0,0,0,0,0,0,0,0,0,0,0,0,0,0,0,0,0,0,0,0,0,0,0,0,0,0,0,0,0,0,0,0,0,0,0,0,0,0,0,0,0,0,0,0,0,0,0,0,0,0,0,0,0,0,0,0,0,0,0,0,0,0,0,0,0,0,0,0,0,0,0,0,0,0,0,0,0,0,0,0,0,0,0,0,0,0,0,0,0,2,2,1,1,1,0,1,1,1,3,4,2,3,3,9,5,3,7,7,12,7,11,16,13,17,11,10,10,18,30,11,13,11,13,17,17,31,27,10,11,16,25,31,16,7,9,16,11,24,20,26,16,13,10,17,21,13,19,5,7,15,4,6,5,7,3,4,2,7,7,4,3,1,5,6,3,2,2,2,2,1,2,1,1,1,2,2,1,0,2,1,0,0,0,0,0,0,0,0,0,1,0,0,0,0,0,0,1]
stat.node.4.util.dram_avg = 3.95162e-06
stat.node.4.walltime_s = 96.4251
stat.node.4.active_time_s = 44.2733
stat.node.2.cpu.0.load_issue_to_complete_count = 799
stat.node.2.cpu.0.avg_load_issue_to_complete_lat = 3889.37
stat.node.2.injector.phase_cycles = 3112549
stat.node.2.injector.request_bytes = 1066688
stat.node.2.injector.response_bytes = 656512
stat.node.2.injector.aggregate_bytes = 1723200
stat.node.2.injector.request_gbps = 6.57995
stat.node.2.injector.response_gbps = 4.04975
stat.node.2.injector.aggregate_gbps = 10.6297
stat.node.2.llc.cxl_miss = 800
stat.node.2.llc.total_miss = 800
stat.node.2.llc.avg_miss_lat = 3662.89
stat.node.2.llc.avg_cxl_lat = 3662.89
stat.node.2.llc.miss_lat_hist_bin_ns = 10
stat.node.2.llc.miss_lat_hist = [0,0,0,0,0,0,0,0,0,0,0,0,0,0,0,0,0,0,0,0,0,0,0,0,0,0,0,0,0,0,0,0,0,0,0,0,0,0,0,0,0,0,0,0,0,0,0,0,0,0,0,0,0,0,0,0,0,0,0,0,0,0,0,0,0,0,0,0,0,0,0,0,0,0,0,0,0,0,0,0,0,0,0,0,0,0,0,0,0,0,0,0,0,0,0,0,0,0,0,0,0,0,0,1,1,0,0,0,0,0,0,1,0,0,2,0,1,2,0,4,1,7,4,2,6,5,3,11,11,6,7,4,8,12,10,17,12,7,9,19,21,17,21,28,16,9,12,23,33,24,8,19,16,29,24,14,9,15,13,15,19,16,22,14,8,8,12,24,22,8,6,2,6,6,6,7,9,6,3,6,4,5,6,2,2,1,6,3,4,1,3,2,2,0,2,1,0,1,1,1,1,0,1,0,0,0,2]
stat.node.2.util.dram_avg = 3.69743e-06
stat.node.2.walltime_s = 102.934
stat.node.2.active_time_s = 46.3112
stat.node.3.cpu.0.load_issue_to_complete_count = 799
stat.node.3.cpu.0.avg_load_issue_to_complete_lat = 3916.55
stat.node.3.injector.phase_cycles = 3134244
stat.node.3.injector.request_bytes = 1071896
stat.node.3.injector.response_bytes = 659520
stat.node.3.injector.aggregate_bytes = 1731416
stat.node.3.injector.request_gbps = 6.56631
stat.node.3.injector.response_gbps = 4.04014
stat.node.3.injector.aggregate_gbps = 10.6064
stat.node.3.llc.cxl_miss = 800
stat.node.3.llc.total_miss = 800
stat.node.3.llc.avg_miss_lat = 3695.22
stat.node.3.llc.avg_cxl_lat = 3695.22
stat.node.3.llc.miss_lat_hist_bin_ns = 10
stat.node.3.llc.miss_lat_hist = [0,0,0,0,0,0,0,0,0,0,0,0,0,0,0,0,0,0,0,0,0,0,0,0,0,0,0,0,0,0,0,0,0,0,0,0,0,0,0,0,0,0,0,0,0,0,0,0,0,0,0,0,0,0,0,0,0,0,0,0,0,0,0,0,0,0,0,0,0,0,0,0,0,0,0,0,0,0,0,0,0,0,0,0,0,0,0,0,0,0,0,0,0,0,0,0,0,0,0,0,0,0,0,1,0,0,0,0,0,0,0,0,0,0,1,1,1,3,1,1,2,4,5,1,2,0,4,6,9,13,7,3,4,5,13,11,8,7,9,13,24,18,20,19,20,20,12,25,24,37,20,4,17,32,24,15,13,21,10,15,17,22,17,20,11,10,14,18,27,5,10,8,7,7,4,7,6,6,1,6,5,7,5,1,2,1,3,0,1,3,1,2,1,2,3,1,2,0,0,6,0,1,0,0,0,0,1,0,1,0,1,0,0,0,0,1,0,1]
stat.node.3.util.dram_avg = 3.68384e-06
stat.node.3.walltime_s = 103.309
stat.node.3.active_time_s = 51.7183
stat.node.1.cpu.0.load_issue_to_complete_count = 799
stat.node.1.cpu.0.avg_load_issue_to_complete_lat = 3900.58
stat.node.1.injector.phase_cycles = 3121938
stat.node.1.injector.request_bytes = 1070992
stat.node.1.injector.response_bytes = 659008
stat.node.1.injector.aggregate_bytes = 1730000
stat.node.1.injector.request_gbps = 6.58663
stat.node.1.injector.response_gbps = 4.05292
stat.node.1.injector.aggregate_gbps = 10.6395
stat.node.1.llc.cxl_miss = 800
stat.node.1.llc.total_miss = 800
stat.node.1.llc.avg_miss_lat = 3677.36
stat.node.1.llc.avg_cxl_lat = 3677.36
stat.node.1.llc.miss_lat_hist_bin_ns = 10
stat.node.1.llc.miss_lat_hist = [0,0,0,0,0,0,0,0,0,0,0,0,0,0,0,0,0,0,0,0,0,0,0,0,0,0,0,0,0,0,0,0,0,0,0,0,0,0,0,0,0,0,0,0,0,0,0,0,0,0,0,0,0,0,0,0,0,0,0,0,0,0,0,0,0,0,0,0,0,0,0,0,0,0,0,0,0,0,0,0,0,0,0,0,0,0,0,0,0,0,0,0,0,0,0,0,0,0,0,0,0,0,0,0,0,0,0,0,1,1,0,0,0,2,1,0,3,0,1,2,5,5,3,6,1,5,9,5,4,8,11,9,4,14,14,12,6,4,7,14,15,19,16,16,15,14,21,23,34,22,20,6,17,27,21,22,12,19,10,29,17,20,20,17,5,5,11,25,22,11,7,12,15,7,8,5,3,4,0,3,6,8,1,5,1,2,2,4,2,0,2,0,3,0,0,0,0,0,2,3,2,1,1,0,0,0,1,0,0,0,0,0,1,0,1]
stat.node.1.util.dram_avg = 3.58531e-06
stat.node.1.walltime_s = 106.113
stat.node.1.active_time_s = 54.9138
stat.pool.107.util.mem_avg = 0.17256
stat.pool.107.util.req_link_avg = 0.999928
stat.pool.107.walltime_s = 106.113
stat.pool.107.active_time_s = 1.1682
stat.pool.106.util.mem_avg = 0.172561
stat.pool.106.util.req_link_avg = 0.999928
stat.pool.106.walltime_s = 106.113
stat.pool.106.active_time_s = 1.17121
stat.pool.105.util.mem_avg = 0.172561
stat.pool.105.util.req_link_avg = 0.999928
stat.pool.105.walltime_s = 106.113
stat.pool.105.active_time_s = 1.18079
stat.pool.104.util.mem_avg = 0.17256
stat.pool.104.util.req_link_avg = 0.999928
stat.pool.104.walltime_s = 106.113
stat.pool.104.active_time_s = 1.19869
stat.pool.103.util.mem_avg = 0.17256
stat.pool.103.util.req_link_avg = 0.999927
stat.pool.103.walltime_s = 106.113
stat.pool.103.active_time_s = 1.19975
stat.pool.102.util.mem_avg = 0.172561
stat.pool.102.util.req_link_avg = 0.999928
stat.pool.102.walltime_s = 106.113
stat.pool.102.active_time_s = 1.18726
stat.pool.101.util.mem_avg = 0.17256
stat.pool.101.util.req_link_avg = 0.999928
stat.pool.101.walltime_s = 106.113
stat.pool.101.active_time_s = 1.20165
stat.pool.100.util.mem_avg = 0.17256
stat.pool.100.util.req_link_avg = 0.999927
stat.pool.100.walltime_s = 106.113
stat.pool.100.active_time_s = 1.27666
stat.switch.replicated_messages = 2117984
stat.switch.util.node_ingress_avg = 0.134852
stat.switch.util.pool_ingress_avg = 0.089822
stat.switch.bw.host_to_switch_gbps = 6.62836
stat.switch.bw.switch_to_host_gbps = 4.41494
stat.switch.bw.host_link_total_gbps = 11.0433
stat.switch.walltime_s = 106.113
stat.switch.active_time_s = 8.6855
Simulation is complete, simulated time: 2.79139 ms
