stat.node.2.cpu.0.retired = 688
stat.node.3.cpu.0.retired = 708
stat.node.3.cpu.0.cycles = 1000000
stat.node.4.cpu.0.retired = 686
stat.node.4.cpu.0.cycles = 1000000
stat.node.5.cpu.0.retired = 709
stat.node.5.cpu.0.cycles = 1000000
stat.node.6.cpu.0.retired = 708
stat.node.6.cpu.0.cycles = 1000000
stat.node.7.cpu.0.retired = 704
stat.node.7.cpu.0.cycles = 1000000
stat.node.0.cpu.0.retired = 710
stat.node.0.cpu.0.cycles = 1000000
stat.node.1.cpu.0.retired = 709
stat.node.1.cpu.0.cycles = 1000000
stat.node.2.cpu.0.cycles = 1000000
stat.node.5.cpu.0.load_issue_to_complete_count = 799
stat.node.5.cpu.0.avg_load_issue_to_complete_lat = 1112.19
stat.node.5.injector.phase_cycles = 890622
stat.node.5.injector.request_bytes = 287456
stat.node.5.injector.response_bytes = 31552
stat.node.5.injector.aggregate_bytes = 319008
stat.node.5.injector.request_gbps = 6.19697
stat.node.5.injector.response_gbps = 0.680197
stat.node.5.injector.aggregate_gbps = 6.87716
stat.node.5.llc.cxl_miss = 800
stat.node.5.llc.total_miss = 800
stat.node.5.llc.avg_miss_lat = 935.558
stat.node.5.llc.avg_cxl_lat = 935.558
stat.node.5.llc.miss_lat_hist_bin_ns = 10
stat.node.5.llc.miss_lat_hist = [0,0,0,0,0,0,0,0,0,0,0,0,0,0,0,0,0,0,0,0,0,0,0,0,0,0,0,0,0,0,0,0,6,52,10,0,2,27,112,510,72,9]
stat.node.5.util.dram_avg = 1.20085e-05
stat.node.5.walltime_s = 269.236
stat.node.5.active_time_s = 25.15
stat.node.0.cpu.0.load_issue_to_complete_count = 799
stat.node.0.cpu.0.avg_load_issue_to_complete_lat = 1114.49
stat.node.0.injector.phase_cycles = 892480
stat.node.0.injector.request_bytes = 288112
stat.node.0.injector.response_bytes = 31552
stat.node.0.injector.aggregate_bytes = 319664
stat.node.0.injector.request_gbps = 6.19818
stat.node.0.injector.response_gbps = 0.678781
stat.node.0.injector.aggregate_gbps = 6.87696
stat.node.0.llc.cxl_miss = 800
stat.node.0.llc.total_miss = 800
stat.node.0.llc.avg_miss_lat = 937.85
stat.node.0.llc.avg_cxl_lat = 937.85
stat.node.0.llc.miss_lat_hist_bin_ns = 10
stat.node.0.llc.miss_lat_hist = [0,0,0,0,0,0,0,0,0,0,0,0,0,0,0,0,0,0,0,0,0,0,0,0,0,0,0,0,0,0,0,0,3,16,37,3,5,57,101,471,93,10,4]
stat.node.0.util.dram_avg = 1.20023e-05
stat.node.0.walltime_s = 269.279
stat.node.0.active_time_s = 26.5424
stat.node.1.cpu.0.load_issue_to_complete_count = 799
stat.node.1.cpu.0.avg_load_issue_to_complete_lat = 1113.64
stat.node.1.injector.phase_cycles = 891700
stat.node.1.injector.request_bytes = 287848
stat.node.1.injector.response_bytes = 31488
stat.node.1.injector.aggregate_bytes = 319336
stat.node.6.cpu.0.load_issue_to_complete_count = 799
stat.node.6.cpu.0.avg_load_issue_to_complete_lat = 1113.33
stat.node.6.injector.phase_cycles = 891500
stat.node.6.injector.request_bytes = 287784
stat.node.6.injector.response_bytes = 31488
stat.node.6.injector.aggregate_bytes = 319272
stat.node.6.injector.request_gbps = 6.19793
stat.node.6.injector.response_gbps = 0.678149
stat.node.1.injector.request_gbps = 6.19792
stat.node.1.injector.response_gbps = 0.677997
stat.node.1.injector.aggregate_gbps = 6.87591
stat.node.1.llc.cxl_miss = 800
stat.node.6.injector.aggregate_gbps = 6.87608
stat.node.6.llc.cxl_miss = 800
stat.node.6.llc.total_miss = 800
stat.node.1.llc.total_miss = 800
stat.node.1.llc.avg_miss_lat = 937.016
stat.node.1.llc.avg_cxl_lat = 937.016
stat.node.1.llc.miss_lat_hist_bin_ns = 10
stat.node.6.llc.avg_miss_lat = 936.606
stat.node.6.llc.avg_cxl_lat = 936.606
stat.node.6.llc.miss_lat_hist_bin_ns = 10
stat.node.1.llc.miss_lat_hist = [0,0,0,0,0,0,0,0,0,0,0,0,0,0,0,0,0,0,0,0,0,0,0,0,0,0,0,0,0,0,0,0,0,14,33,13,18,55,112,431,107,17]
stat.node.6.llc.miss_lat_hist = [0,0,0,0,0,0,0,0,0,0,0,0,0,0,0,0,0,0,0,0,0,0,0,0,0,0,0,0,0,0,0,0,0,14,14,34,44,27,98,458,103,7,1]
stat.node.6.util.dram_avg = 1.2e-05
stat.node.6.walltime_s = 269.275
stat.node.6.active_time_s = 30.2973
stat.node.1.util.dram_avg = 1.2e-05
stat.node.1.walltime_s = 269.287
stat.node.1.active_time_s = 26.3676
stat.node.5.cpu.0.retired = 1601
stat.node.5.cpu.0.cycles = 2000000
stat.node.0.cpu.0.retired = 1600
stat.node.0.cpu.0.cycles = 2000000
stat.node.3.cpu.0.retired = 1599
stat.node.3.cpu.0.cycles = 2000000
stat.node.4.cpu.0.retired = 1561
stat.node.4.cpu.0.cycles = 2000000
stat.node.6.cpu.0.retired = 1600
stat.node.6.cpu.0.cycles = 2000000
stat.node.1.cpu.0.retired = 1600
stat.node.1.cpu.0.cycles = 2000000
stat.node.7.cpu.0.retired = 1591
stat.node.7.cpu.0.cycles = 2000000
stat.node.2.cpu.0.retired = 1564
stat.node.2.cpu.0.cycles = 2000000
stat.node.3.cpu.0.load_issue_to_complete_count = 799
stat.node.3.cpu.0.avg_load_issue_to_complete_lat = 1112.92
stat.node.3.injector.phase_cycles = 891250
stat.node.3.injector.request_bytes = 287720
stat.node.3.injector.response_bytes = 31552
stat.node.3.injector.aggregate_bytes = 319272
stat.node.3.injector.request_gbps = 6.19829
stat.node.3.injector.response_gbps = 0.679718
stat.node.3.injector.aggregate_gbps = 6.87801
stat.node.3.llc.cxl_miss = 800
stat.node.3.llc.total_miss = 800
stat.node.3.llc.avg_miss_lat = 936.324
stat.node.3.llc.avg_cxl_lat = 936.324
stat.node.3.llc.miss_lat_hist_bin_ns = 10
stat.node.3.llc.miss_lat_hist = [0,0,0,0,0,0,0,0,0,0,0,0,0,0,0,0,0,0,0,0,0,0,0,0,0,0,0,0,0,0,0,0,0,10,11,41,46,28,90,478,85,11]
stat.node.3.util.dram_avg = 1.19976e-05
stat.node.3.walltime_s = 269.296
stat.node.3.active_time_s = 25.1721
stat.node.7.cpu.0.load_issue_to_complete_count = 799
stat.node.7.cpu.0.avg_load_issue_to_complete_lat = 1118.76
stat.node.7.injector.phase_cycles = 895900
stat.node.7.injector.request_bytes = 289208
stat.node.7.injector.response_bytes = 31680
stat.node.7.injector.aggregate_bytes = 320888
stat.node.7.injector.request_gbps = 6.19801
stat.node.7.injector.response_gbps = 0.678933
stat.node.7.injector.aggregate_gbps = 6.87694
stat.node.7.llc.cxl_miss = 800
stat.node.7.llc.total_miss = 800
stat.node.7.llc.avg_miss_lat = 942.27
stat.node.7.llc.avg_cxl_lat = 942.27
stat.node.7.llc.miss_lat_hist_bin_ns = 10
stat.node.7.llc.miss_lat_hist = [0,0,0,0,0,0,0,0,0,0,0,0,0,0,0,0,0,0,0,0,0,0,0,0,0,0,0,0,0,0,0,0,19,21,2,1,2,14,70,584,71,13,1,2]
stat.node.7.util.dram_avg = 1.19448e-05
stat.node.7.walltime_s = 269.519
stat.node.7.active_time_s = 31.2984
stat.node.2.cpu.0.load_issue_to_complete_count = 799
stat.node.2.cpu.0.avg_load_issue_to_complete_lat = 1128.55
stat.node.2.injector.phase_cycles = 903716
stat.node.2.injector.request_bytes = 291744
stat.node.2.injector.response_bytes = 31936
stat.node.2.injector.aggregate_bytes = 323680
stat.node.2.injector.request_gbps = 6.19828
stat.node.2.injector.response_gbps = 0.6785
stat.node.2.injector.aggregate_gbps = 6.87678
stat.node.2.llc.cxl_miss = 800
stat.node.2.llc.total_miss = 800
stat.node.2.llc.avg_miss_lat = 951.666
stat.node.2.llc.avg_cxl_lat = 951.666
stat.node.2.llc.miss_lat_hist_bin_ns = 10
stat.node.2.llc.miss_lat_hist = [0,0,0,0,0,0,0,0,0,0,0,0,0,0,0,0,0,0,0,0,0,0,0,0,0,0,0,0,0,0,0,0,4,0,0,0,3,14,54,582,124,16,2,1]
stat.node.2.util.dram_avg = 1.17647e-05
stat.node.2.walltime_s = 270.669
stat.node.2.active_time_s = 30.272
stat.node.4.cpu.0.load_issue_to_complete_count = 799
stat.node.4.cpu.0.avg_load_issue_to_complete_lat = 1129.53
stat.node.4.injector.phase_cycles = 904525
stat.node.4.injector.request_bytes = 292000
stat.node.4.injector.response_bytes = 32000
stat.node.4.injector.aggregate_bytes = 324000
stat.node.4.injector.request_gbps = 6.19817
stat.node.4.injector.response_gbps = 0.679252
stat.node.4.injector.aggregate_gbps = 6.87742
stat.node.4.llc.cxl_miss = 800
stat.node.4.llc.total_miss = 800
stat.node.4.llc.avg_miss_lat = 952.577
stat.node.4.llc.avg_cxl_lat = 952.577
stat.node.4.llc.miss_lat_hist_bin_ns = 10
stat.node.4.llc.miss_lat_hist = [0,0,0,0,0,0,0,0,0,0,0,0,0,0,0,0,0,0,0,0,0,0,0,0,0,0,0,0,0,0,0,0,0,0,0,0,2,11,51,597,122,16,1]
stat.node.4.util.dram_avg = 1.17473e-05
stat.node.4.walltime_s = 270.75
stat.node.4.active_time_s = 28.9422
stat.pool.106.util.mem_avg = 0.16585
stat.pool.106.util.req_link_avg = 0.99976
stat.pool.106.walltime_s = 270.734
stat.pool.106.active_time_s = 0.884934
stat.pool.105.util.mem_avg = 0.16585
stat.pool.105.util.req_link_avg = 0.99976
stat.pool.105.walltime_s = 270.735
stat.pool.105.active_time_s = 0.789758
stat.pool.104.util.mem_avg = 0.165851
stat.pool.104.util.req_link_avg = 0.99976
stat.pool.104.walltime_s = 270.735
stat.pool.104.active_time_s = 0.917402
stat.pool.103.util.mem_avg = 0.165851
stat.pool.103.util.req_link_avg = 0.99976
stat.pool.103.walltime_s = 270.735
stat.pool.103.active_time_s = 0.849971
stat.pool.102.util.mem_avg = 0.165851
stat.pool.102.util.req_link_avg = 0.99976
stat.pool.102.walltime_s = 270.735
stat.pool.102.active_time_s = 0.899563
stat.pool.101.util.mem_avg = 0.165851
stat.pool.101.util.req_link_avg = 0.99976
stat.pool.101.walltime_s = 270.735
stat.pool.101.active_time_s = 0.858804
stat.pool.100.util.mem_avg = 0.165851
stat.pool.100.util.req_link_avg = 0.999761
stat.pool.100.walltime_s = 270.735
stat.pool.100.active_time_s = 1.0728
stat.switch.replicated_messages = 568995
stat.switch.util.node_ingress_avg = 0.128946
stat.switch.util.pool_ingress_avg = 0.0421388
stat.switch.bw.host_to_switch_gbps = 6.3387
stat.switch.bw.switch_to_host_gbps = 1.81228
stat.switch.bw.host_link_total_gbps = 8.15098
stat.switch.walltime_s = 270.735
stat.switch.active_time_s = 5.63946
Simulation is complete, simulated time: 851.94 us
