stat.node.0.cpu.0.retired = 795
stat.node.0.cpu.0.cycles = 1000000
stat.node.1.cpu.0.retired = 795
stat.node.1.cpu.0.cycles = 1000000
stat.node.2.cpu.0.retired = 759
stat.node.2.cpu.0.cycles = 1000000
stat.node.3.cpu.0.retired = 804
stat.node.4.cpu.0.retired = 760
stat.node.4.cpu.0.cycles = 1000000
stat.node.5.cpu.0.retired = 795
stat.node.5.cpu.0.cycles = 1000000
stat.node.6.cpu.0.retired = 802
stat.node.6.cpu.0.cycles = 1000000
stat.node.7.cpu.0.retired = 777
stat.node.7.cpu.0.cycles = 1000000
stat.node.3.cpu.0.cycles = 1000000
stat.node.3.cpu.0.load_issue_to_complete_count = 799
stat.node.3.cpu.0.avg_load_issue_to_complete_lat = 954.188
stat.node.3.injector.phase_cycles = 764184
stat.node.3.injector.request_bytes = 341072
stat.node.3.injector.response_bytes = 909376
stat.node.3.injector.aggregate_bytes = 1250448
stat.node.3.injector.request_gbps = 8.56938
stat.node.3.injector.response_gbps = 22.8479
stat.node.3.injector.aggregate_gbps = 31.4173
stat.node.3.llc.cxl_miss = 800
stat.node.3.llc.total_miss = 800
stat.node.3.llc.avg_miss_lat = 779.822
stat.node.3.llc.avg_cxl_lat = 779.822
stat.node.3.llc.miss_lat_hist_bin_ns = 10
stat.node.3.llc.miss_lat_hist = [0,0,0,0,0,0,0,0,0,0,0,0,0,0,0,0,0,0,0,0,0,0,0,0,0,0,0,0,0,16,83,157,170,349,25]
stat.node.3.util.dram_avg = 1.36403e-05
stat.node.3.walltime_s = 52.3962
stat.node.3.active_time_s = 19.6403
stat.node.6.cpu.0.load_issue_to_complete_count = 799
stat.node.6.cpu.0.avg_load_issue_to_complete_lat = 956.135
stat.node.6.injector.phase_cycles = 765827
stat.node.6.injector.request_bytes = 341760
stat.node.6.injector.response_bytes = 911360
stat.node.6.injector.aggregate_bytes = 1253120
stat.node.6.injector.request_gbps = 8.56824
stat.node.6.injector.response_gbps = 22.8486
stat.node.6.injector.aggregate_gbps = 31.4169
stat.node.6.llc.cxl_miss = 800
stat.node.6.llc.total_miss = 800
stat.node.6.llc.avg_miss_lat = 782.011
stat.node.6.llc.avg_cxl_lat = 782.011
stat.node.6.llc.miss_lat_hist_bin_ns = 10
stat.node.6.llc.miss_lat_hist = [0,0,0,0,0,0,0,0,0,0,0,0,0,0,0,0,0,0,0,0,0,0,0,0,0,0,0,0,0,2,81,122,247,340,8]
stat.node.6.util.dram_avg = 1.36137e-05
stat.node.6.walltime_s = 52.474
stat.node.6.active_time_s = 19.6269
stat.node.0.cpu.0.load_issue_to_complete_count = 799
stat.node.0.cpu.0.avg_load_issue_to_complete_lat = 958.732
stat.node.0.injector.phase_cycles = 767902
stat.node.0.injector.request_bytes = 342640
stat.node.0.injector.response_bytes = 913856
stat.node.0.injector.aggregate_bytes = 1256496
stat.node.0.injector.request_gbps = 8.56709
stat.node.0.injector.response_gbps = 22.8493
stat.node.0.injector.aggregate_gbps = 31.4164
stat.node.0.llc.cxl_miss = 800
stat.node.0.llc.total_miss = 800
stat.node.0.llc.avg_miss_lat = 784.594
stat.node.0.llc.avg_cxl_lat = 784.594
stat.node.0.llc.miss_lat_hist_bin_ns = 10
stat.node.0.llc.miss_lat_hist = [0,0,0,0,0,0,0,0,0,0,0,0,0,0,0,0,0,0,0,0,0,0,0,0,0,0,0,0,0,0,15,168,262,337,18]
stat.node.0.util.dram_avg = 1.35465e-05
stat.node.0.walltime_s = 52.6712
stat.node.0.active_time_s = 20.2774
stat.node.5.cpu.0.load_issue_to_complete_count = 799
stat.node.5.cpu.0.avg_load_issue_to_complete_lat = 966.84
stat.node.5.injector.phase_cycles = 774380
stat.node.5.injector.request_bytes = 345528
stat.node.5.injector.response_bytes = 921536
stat.node.5.injector.aggregate_bytes = 1267064
stat.node.5.injector.request_gbps = 8.56703
stat.node.5.injector.response_gbps = 22.8486
stat.node.5.injector.aggregate_gbps = 31.4156
stat.node.5.llc.cxl_miss = 800
stat.node.5.llc.total_miss = 800
stat.node.5.llc.avg_miss_lat = 792.572
stat.node.5.llc.avg_cxl_lat = 792.572
stat.node.5.llc.miss_lat_hist_bin_ns = 10
stat.node.5.llc.miss_lat_hist = [0,0,0,0,0,0,0,0,0,0,0,0,0,0,0,0,0,0,0,0,0,0,0,0,0,0,0,0,0,0,83,10,209,390,108]
stat.node.5.util.dram_avg = 1.34906e-05
stat.node.5.walltime_s = 52.8374
stat.node.5.active_time_s = 19.6726
stat.node.1.cpu.0.load_issue_to_complete_count = 799
stat.node.1.cpu.0.avg_load_issue_to_complete_lat = 974.443
stat.node.1.injector.phase_cycles = 780455
stat.node.1.injector.request_bytes = 348288
stat.node.1.injector.response_bytes = 928768
stat.node.1.injector.aggregate_bytes = 1277056
stat.node.1.injector.request_gbps = 8.56824
stat.node.1.injector.response_gbps = 22.8487
stat.node.1.injector.aggregate_gbps = 31.4169
stat.node.1.llc.cxl_miss = 800
stat.node.1.llc.total_miss = 800
stat.node.1.llc.avg_miss_lat = 799.841
stat.node.1.llc.avg_cxl_lat = 799.841
stat.node.1.llc.miss_lat_hist_bin_ns = 10
stat.node.1.llc.miss_lat_hist = [0,0,0,0,0,0,0,0,0,0,0,0,0,0,0,0,0,0,0,0,0,0,0,0,0,0,0,0,0,14,32,60,80,388,226]
stat.node.1.util.dram_avg = 1.34431e-05
stat.node.1.walltime_s = 52.9798
stat.node.1.active_time_s = 20.2328
stat.node.7.cpu.0.load_issue_to_complete_count = 799
stat.node.7.cpu.0.avg_load_issue_to_complete_lat = 987.098
stat.node.7.injector.phase_cycles = 790564
stat.node.7.injector.request_bytes = 352800
stat.node.7.injector.response_bytes = 940800
stat.node.7.injector.aggregate_bytes = 1293600
stat.node.7.injector.request_gbps = 8.56826
stat.node.7.injector.response_gbps = 22.8487
stat.node.7.injector.aggregate_gbps = 31.417
stat.node.7.llc.cxl_miss = 800
stat.node.7.llc.total_miss = 800
stat.node.7.llc.avg_miss_lat = 812.42
stat.node.7.llc.avg_cxl_lat = 812.42
stat.node.7.llc.miss_lat_hist_bin_ns = 10
stat.node.7.llc.miss_lat_hist = [0,0,0,0,0,0,0,0,0,0,0,0,0,0,0,0,0,0,0,0,0,0,0,0,0,0,0,0,0,0,11,0,26,411,352]
stat.node.7.util.dram_avg = 1.32407e-05
stat.node.7.walltime_s = 53.5949
stat.node.7.active_time_s = 20.2531
stat.node.4.cpu.0.load_issue_to_complete_count = 799
stat.node.4.cpu.0.avg_load_issue_to_complete_lat = 990.06
stat.node.4.injector.phase_cycles = 792932
stat.node.4.injector.request_bytes = 353856
stat.node.4.injector.response_bytes = 943616
stat.node.4.injector.aggregate_bytes = 1297472
stat.node.4.injector.request_gbps = 8.56824
stat.node.4.injector.response_gbps = 22.8487
stat.node.4.injector.aggregate_gbps = 31.4169
stat.node.4.llc.cxl_miss = 800
stat.node.4.llc.total_miss = 800
stat.node.4.llc.avg_miss_lat = 815.31
stat.node.4.llc.avg_cxl_lat = 815.31
stat.node.4.llc.miss_lat_hist_bin_ns = 10
stat.node.4.llc.miss_lat_hist = [0,0,0,0,0,0,0,0,0,0,0,0,0,0,0,0,0,0,0,0,0,0,0,0,0,0,0,0,0,0,0,0,2,443,329,26]
stat.node.4.util.dram_avg = 1.30775e-05
stat.node.4.walltime_s = 54.1073
stat.node.4.active_time_s = 20.9079
stat.node.2.cpu.0.load_issue_to_complete_count = 799
stat.node.2.cpu.0.avg_load_issue_to_complete_lat = 990.061
stat.node.2.injector.phase_cycles = 792933
stat.node.2.injector.request_bytes = 353856
stat.node.2.injector.response_bytes = 943616
stat.node.2.injector.aggregate_bytes = 1297472
stat.node.2.injector.request_gbps = 8.56823
stat.node.2.injector.response_gbps = 22.8486
stat.node.2.injector.aggregate_gbps = 31.4169
stat.node.2.llc.cxl_miss = 800
stat.node.2.llc.total_miss = 800
stat.node.2.llc.avg_miss_lat = 815.374
stat.node.2.llc.avg_cxl_lat = 815.374
stat.node.2.llc.miss_lat_hist_bin_ns = 10
stat.node.2.llc.miss_lat_hist = [0,0,0,0,0,0,0,0,0,0,0,0,0,0,0,0,0,0,0,0,0,0,0,0,0,0,0,0,0,0,0,0,3,421,368,8]
stat.node.2.util.dram_avg = 1.3076e-05
stat.node.2.walltime_s = 54.1123
stat.node.2.active_time_s = 20.3187
stat.pool.106.util.mem_avg = 0.238417
stat.pool.106.util.req_link_avg = 0.999559
stat.pool.106.walltime_s = 54.1123
stat.pool.106.active_time_s = 0.609685
stat.pool.105.util.mem_avg = 0.238417
stat.pool.105.util.req_link_avg = 0.99956
stat.pool.105.walltime_s = 54.1124
stat.pool.105.active_time_s = 0.597336
stat.pool.104.util.mem_avg = 0.238418
stat.pool.104.util.req_link_avg = 0.99956
stat.pool.104.walltime_s = 54.1124
stat.pool.104.active_time_s = 0.593975
stat.pool.103.util.mem_avg = 0.238418
stat.pool.103.util.req_link_avg = 0.99956
stat.pool.103.walltime_s = 54.1125
stat.pool.103.active_time_s = 0.627805
stat.pool.102.util.mem_avg = 0.238418
stat.pool.102.util.req_link_avg = 0.99956
stat.pool.102.walltime_s = 54.1125
stat.pool.102.active_time_s = 0.639972
stat.pool.101.util.mem_avg = 0.238418
stat.pool.101.util.req_link_avg = 0.999561
stat.pool.101.walltime_s = 54.1125
stat.pool.101.active_time_s = 0.611718
stat.pool.100.util.mem_avg = 0.238418
stat.pool.100.util.req_link_avg = 0.999561
stat.pool.100.walltime_s = 54.1125
stat.pool.100.active_time_s = 0.668286
stat.switch.replicated_messages = 477736
stat.switch.util.node_ingress_avg = 0.177537
stat.switch.util.pool_ingress_avg = 0.560681
stat.switch.bw.host_to_switch_gbps = 8.72726
stat.switch.bw.switch_to_host_gbps = 24.1134
stat.switch.bw.host_link_total_gbps = 32.8407
stat.switch.walltime_s = 54.1126
stat.switch.active_time_s = 3.79483
Simulation is complete, simulated time: 765.371 us
