stat.node.3.cpu.0.retired = 815
stat.node.3.cpu.0.cycles = 1000000
stat.node.4.cpu.0.retired = 816
stat.node.4.cpu.0.cycles = 1000000
stat.node.5.cpu.0.retired = 816
stat.node.5.cpu.0.cycles = 1000000
stat.node.6.cpu.0.retired = 816
stat.node.6.cpu.0.cycles = 1000000
stat.node.7.cpu.0.retired = 816
stat.node.7.cpu.0.cycles = 1000000
stat.node.0.cpu.0.retired = 816
stat.node.0.cpu.0.cycles = 1000000
stat.node.1.cpu.0.retired = 816
stat.node.1.cpu.0.cycles = 1000000
stat.node.2.cpu.0.retired = 815
stat.node.2.cpu.0.cycles = 1000000
stat.node.7.cpu.0.load_issue_to_complete_count = 799
stat.node.7.cpu.0.avg_load_issue_to_complete_lat = 934.394
stat.node.7.injector.phase_cycles = 748396
stat.node.7.injector.request_bytes = 235904
stat.node.7.injector.response_bytes = 0
stat.node.7.injector.aggregate_bytes = 235904
stat.node.7.injector.request_gbps = 6.05209
stat.node.7.injector.response_gbps = 0
stat.node.7.injector.aggregate_gbps = 6.05209
stat.node.7.llc.cxl_miss = 800
stat.node.7.llc.total_miss = 800
stat.node.7.llc.avg_miss_lat = 760.49
stat.node.7.llc.avg_cxl_lat = 760.49
stat.node.7.llc.miss_lat_hist_bin_ns = 10
stat.node.0.cpu.0.load_issue_to_complete_count = 799
stat.node.0.cpu.0.avg_load_issue_to_complete_lat = 934.394
stat.node.0.injector.phase_cycles = 748396
stat.node.0.injector.request_bytes = 235904
stat.node.0.injector.response_bytes = 0
stat.node.0.injector.aggregate_bytes = 235904
stat.node.0.injector.request_gbps = 6.05209
stat.node.0.injector.response_gbps = 0
stat.node.0.injector.aggregate_gbps = 6.05209
stat.node.0.llc.cxl_miss = 800
stat.node.0.llc.total_miss = 800
stat.node.0.llc.avg_miss_lat = 760.49
stat.node.0.llc.avg_cxl_lat = 760.49
stat.node.0.llc.miss_lat_hist_bin_ns = 10
stat.node.0.llc.miss_lat_hist = [0,0,0,0,0,0,0,0,0,0,0,0,0,0,0,0,0,0,0,0,0,0,0,0,0,0,0,0,0,0,0,760,40]
stat.node.0.util.dram_avg = 1.38524e-05
stat.node.0.walltime_s = 304.882
stat.node.0.active_time_s = 21.3462
stat.node.1.cpu.0.load_issue_to_complete_count = 799
stat.node.1.cpu.0.avg_load_issue_to_complete_lat = 934.394
stat.node.1.injector.phase_cycles = 748396
stat.node.1.injector.request_bytes = 235904
stat.node.1.injector.response_bytes = 0
stat.node.1.injector.aggregate_bytes = 235904
stat.node.1.injector.request_gbps = 6.05209
stat.node.1.injector.response_gbps = 0
stat.node.1.injector.aggregate_gbps = 6.05209
stat.node.1.llc.cxl_miss = 800
stat.node.1.llc.total_miss = 800
stat.node.1.llc.avg_miss_lat = 760.49
stat.node.1.llc.avg_cxl_lat = 760.49
stat.node.1.llc.miss_lat_hist_bin_ns = 10
stat.node.1.llc.miss_lat_hist = [0,0,0,0,0,0,0,0,0,0,0,0,0,0,0,0,0,0,0,0,0,0,0,0,0,0,0,0,0,0,0,760,40]
stat.node.1.util.dram_avg = 1.38524e-05
stat.node.1.walltime_s = 304.882
stat.node.1.active_time_s = 26.1816
stat.node.4.cpu.0.load_issue_to_complete_count = 799
stat.node.4.cpu.0.avg_load_issue_to_complete_lat = 934.394
stat.node.4.injector.phase_cycles = 748396
stat.node.4.injector.request_bytes = 235904
stat.node.4.injector.response_bytes = 0
stat.node.4.injector.aggregate_bytes = 235904
stat.node.4.injector.request_gbps = 6.05209
stat.node.4.injector.response_gbps = 0
stat.node.4.injector.aggregate_gbps = 6.05209
stat.node.4.llc.cxl_miss = 800
stat.node.4.llc.total_miss = 800
stat.node.4.llc.avg_miss_lat = 760.49
stat.node.4.llc.avg_cxl_lat = 760.49
stat.node.4.llc.miss_lat_hist_bin_ns = 10
stat.node.4.llc.miss_lat_hist = [0,0,0,0,0,0,0,0,0,0,0,0,0,0,0,0,0,0,0,0,0,0,0,0,0,0,0,0,0,0,0,760,40]
stat.node.4.util.dram_avg = 1.38524e-05
stat.node.4.walltime_s = 304.882
stat.node.4.active_time_s = 23.9557
stat.node.5.cpu.0.load_issue_to_complete_count = 799
stat.node.5.cpu.0.avg_load_issue_to_complete_lat = 934.394
stat.node.5.injector.phase_cycles = 748396
stat.node.5.injector.request_bytes = 235904
stat.node.5.injector.response_bytes = 0
stat.node.5.injector.aggregate_bytes = 235904
stat.node.5.injector.request_gbps = 6.05209
stat.node.5.injector.response_gbps = 0
stat.node.5.injector.aggregate_gbps = 6.05209
stat.node.5.llc.cxl_miss = 800
stat.node.5.llc.total_miss = 800
stat.node.5.llc.avg_miss_lat = 760.49
stat.node.5.llc.avg_cxl_lat = 760.49
stat.node.5.llc.miss_lat_hist_bin_ns = 10
stat.node.5.llc.miss_lat_hist = [0,0,0,0,0,0,0,0,0,0,0,0,0,0,0,0,0,0,0,0,0,0,0,0,0,0,0,0,0,0,0,760,40]
stat.node.5.util.dram_avg = 1.38524e-05
stat.node.5.walltime_s = 304.866
stat.node.5.active_time_s = 27.2314
stat.node.6.cpu.0.load_issue_to_complete_count = 799
stat.node.6.cpu.0.avg_load_issue_to_complete_lat = 934.394
stat.node.6.injector.phase_cycles = 748396
stat.node.6.injector.request_bytes = 235904
stat.node.6.injector.response_bytes = 0
stat.node.6.injector.aggregate_bytes = 235904
stat.node.6.injector.request_gbps = 6.05209
stat.node.6.injector.response_gbps = 0
stat.node.6.injector.aggregate_gbps = 6.05209
stat.node.6.llc.cxl_miss = 800
stat.node.6.llc.total_miss = 800
stat.node.6.llc.avg_miss_lat = 760.49
stat.node.6.llc.avg_cxl_lat = 760.49
stat.node.6.llc.miss_lat_hist_bin_ns = 10
stat.node.6.llc.miss_lat_hist = [0,0,0,0,0,0,0,0,0,0,0,0,0,0,0,0,0,0,0,0,0,0,0,0,0,0,0,0,0,0,0,760,40]
stat.node.6.util.dram_avg = 1.38524e-05
stat.node.6.walltime_s = 304.882
stat.node.6.active_time_s = 24.5685
stat.node.7.llc.miss_lat_hist = [0,0,0,0,0,0,0,0,0,0,0,0,0,0,0,0,0,0,0,0,0,0,0,0,0,0,0,0,0,0,0,760,40]
stat.node.7.util.dram_avg = 1.38524e-05
stat.node.7.walltime_s = 304.882
stat.node.7.active_time_s = 26.3249
stat.node.3.cpu.0.load_issue_to_complete_count = 799
stat.node.3.cpu.0.avg_load_issue_to_complete_lat = 934.394
stat.node.3.injector.phase_cycles = 748396
stat.node.3.injector.request_bytes = 235904
stat.node.3.injector.response_bytes = 0
stat.node.3.injector.aggregate_bytes = 235904
stat.node.3.injector.request_gbps = 6.05209
stat.node.3.injector.response_gbps = 0
stat.node.3.injector.aggregate_gbps = 6.05209
stat.node.3.llc.cxl_miss = 800
stat.node.3.llc.total_miss = 800
stat.node.3.llc.avg_miss_lat = 760.49
stat.node.3.llc.avg_cxl_lat = 760.49
stat.node.3.llc.miss_lat_hist_bin_ns = 10
stat.node.3.llc.miss_lat_hist = [0,0,0,0,0,0,0,0,0,0,0,0,0,0,0,0,0,0,0,0,0,0,0,0,0,0,0,0,0,0,0,760,40]
stat.node.2.cpu.0.load_issue_to_complete_count = 799
stat.node.2.cpu.0.avg_load_issue_to_complete_lat = 934.394
stat.node.2.injector.phase_cycles = 748396
stat.node.2.injector.request_bytes = 235904
stat.node.2.injector.response_bytes = 0
stat.node.2.injector.aggregate_bytes = 235904
stat.node.2.injector.request_gbps = 6.05209
stat.node.2.injector.response_gbps = 0
stat.node.2.injector.aggregate_gbps = 6.05209
stat.node.2.llc.cxl_miss = 800
stat.node.2.llc.total_miss = 800
stat.node.2.llc.avg_miss_lat = 760.49
stat.node.2.llc.avg_cxl_lat = 760.49
stat.node.2.llc.miss_lat_hist_bin_ns = 10
stat.node.2.llc.miss_lat_hist = [0,0,0,0,0,0,0,0,0,0,0,0,0,0,0,0,0,0,0,0,0,0,0,0,0,0,0,0,0,0,0,760,40]
stat.node.2.util.dram_avg = 1.38522e-05
stat.node.2.walltime_s = 304.867
stat.node.2.active_time_s = 26.8735
stat.node.3.util.dram_avg = 1.38522e-05
stat.node.3.walltime_s = 304.879
stat.node.3.active_time_s = 26.3949
stat.pool.105.util.mem_avg = 0.163262
stat.pool.105.util.req_link_avg = 0.98923
stat.pool.105.walltime_s = 304.884
stat.pool.105.active_time_s = 0.772444
stat.pool.104.util.mem_avg = 0.163262
stat.pool.104.util.req_link_avg = 0.98923
stat.pool.104.walltime_s = 304.884
stat.pool.104.active_time_s = 0.649984
stat.pool.103.util.mem_avg = 0.163264
stat.pool.103.util.req_link_avg = 0.989231
stat.pool.103.walltime_s = 304.884
stat.pool.103.active_time_s = 0.698445
stat.pool.102.util.mem_avg = 0.163264
stat.pool.102.util.req_link_avg = 0.989231
stat.pool.102.walltime_s = 304.884
stat.pool.102.active_time_s = 0.774339
stat.pool.101.util.mem_avg = 0.163265
stat.pool.101.util.req_link_avg = 0.989231
stat.pool.101.walltime_s = 304.884
stat.pool.101.active_time_s = 0.793233
stat.pool.100.util.mem_avg = 0.163265
stat.pool.100.util.req_link_avg = 0.989231
stat.pool.100.walltime_s = 304.884
stat.pool.100.active_time_s = 0.825128
stat.switch.replicated_messages = 409536
stat.switch.util.node_ingress_avg = 0.12646
stat.switch.util.pool_ingress_avg = 0.0357077
stat.switch.bw.host_to_switch_gbps = 6.2164
stat.switch.bw.switch_to_host_gbps = 1.31633
stat.switch.bw.host_link_total_gbps = 7.53273
stat.switch.walltime_s = 304.884
stat.switch.active_time_s = 4.23782
Simulation is complete, simulated time: 722.487 us
