stat.node.3.cpu.0.retired = 843
stat.node.3.cpu.0.cycles = 1000000
stat.node.4.cpu.0.retired = 835
stat.node.5.cpu.0.retired = 844
stat.node.5.cpu.0.cycles = 1000000
stat.node.6.cpu.0.retired = 843
stat.node.6.cpu.0.cycles = 1000000
stat.node.7.cpu.0.retired = 842
stat.node.7.cpu.0.cycles = 1000000
stat.node.0.cpu.0.retired = 844
stat.node.0.cpu.0.cycles = 1000000
stat.node.1.cpu.0.retired = 843
stat.node.1.cpu.0.cycles = 1000000
stat.node.2.cpu.0.retired = 835
stat.node.2.cpu.0.cycles = 1000000
stat.node.4.cpu.0.cycles = 1000000
stat.node.5.cpu.0.load_issue_to_complete_count = 799
stat.node.5.cpu.0.avg_load_issue_to_complete_lat = 930.944
stat.node.5.injector.phase_cycles = 745600
stat.node.5.injector.request_bytes = 112824
stat.node.5.injector.response_bytes = 902528
stat.node.5.injector.aggregate_bytes = 1015352
stat.node.5.injector.request_gbps = 2.90534
stat.node.5.injector.response_gbps = 23.2411
stat.node.5.injector.aggregate_gbps = 26.1464
stat.node.5.llc.cxl_miss = 800
stat.node.5.llc.total_miss = 800
stat.node.5.llc.avg_miss_lat = 757.105
stat.node.5.llc.avg_cxl_lat = 757.105
stat.node.5.llc.miss_lat_hist_bin_ns = 10
stat.node.5.llc.miss_lat_hist = [0,0,0,0,0,0,0,0,0,0,0,0,0,0,0,0,0,0,0,0,0,0,0,0,0,0,0,0,7,53,124,344,133,138,1]
stat.node.5.util.dram_avg = 1.40817e-05
stat.node.5.walltime_s = 266.16
stat.node.5.active_time_s = 23.221
stat.node.0.cpu.0.load_issue_to_complete_count = 799
stat.node.0.cpu.0.avg_load_issue_to_complete_lat = 931.036
stat.node.0.injector.phase_cycles = 745694
stat.node.0.injector.request_bytes = 112832
stat.node.0.injector.response_bytes = 902592
stat.node.0.injector.aggregate_bytes = 1015424
stat.node.0.injector.request_gbps = 2.90518
stat.node.0.injector.response_gbps = 23.2398
stat.node.0.injector.aggregate_gbps = 26.145
stat.node.0.llc.cxl_miss = 800
stat.node.0.llc.total_miss = 800
stat.node.0.llc.avg_miss_lat = 757.186
stat.node.0.llc.avg_cxl_lat = 757.186
stat.node.0.llc.miss_lat_hist_bin_ns = 10
stat.node.0.llc.miss_lat_hist = [0,0,0,0,0,0,0,0,0,0,0,0,0,0,0,0,0,0,0,0,0,0,0,0,0,0,0,0,3,51,101,382,141,119,3]
stat.node.0.util.dram_avg = 1.40803e-05
stat.node.0.walltime_s = 266.172
stat.node.0.active_time_s = 24.7372
stat.node.6.cpu.0.load_issue_to_complete_count = 799
stat.node.6.cpu.0.avg_load_issue_to_complete_lat = 931.232
stat.node.6.injector.phase_cycles = 745828
stat.node.6.injector.request_bytes = 112848
stat.node.6.injector.response_bytes = 902784
stat.node.6.injector.aggregate_bytes = 1015632
stat.node.6.injector.request_gbps = 2.90507
stat.node.6.injector.response_gbps = 23.2405
stat.node.6.injector.aggregate_gbps = 26.1456
stat.node.6.llc.cxl_miss = 800
stat.node.6.llc.total_miss = 800
stat.node.6.llc.avg_miss_lat = 757.438
stat.node.6.llc.avg_cxl_lat = 757.438
stat.node.6.llc.miss_lat_hist_bin_ns = 10
stat.node.6.llc.miss_lat_hist = [0,0,0,0,0,0,0,0,0,0,0,0,0,0,0,0,0,0,0,0,0,0,0,0,0,0,0,0,3,55,104,366,144,126,2]
stat.node.6.util.dram_avg = 1.40771e-05
stat.node.6.walltime_s = 266.18
stat.node.6.active_time_s = 22.8976
stat.node.3.cpu.0.load_issue_to_complete_count = 799
stat.node.3.cpu.0.avg_load_issue_to_complete_lat = 930.891
stat.node.3.injector.phase_cycles = 745580
stat.node.3.injector.request_bytes = 112816
stat.node.3.injector.response_bytes = 902528
stat.node.3.injector.aggregate_bytes = 1015344
stat.node.3.injector.request_gbps = 2.90521
stat.node.3.injector.response_gbps = 23.2417
stat.node.3.injector.aggregate_gbps = 26.1469
stat.node.3.llc.cxl_miss = 800
stat.node.3.llc.total_miss = 800
stat.node.3.llc.avg_miss_lat = 757.074
stat.node.3.llc.avg_cxl_lat = 757.074
stat.node.3.llc.miss_lat_hist_bin_ns = 10
stat.node.3.llc.miss_lat_hist = [0,0,0,0,0,0,0,0,0,0,0,0,0,0,0,0,0,0,0,0,0,0,0,0,0,0,0,0,7,45,117,346,175,108,2]
stat.node.3.util.dram_avg = 1.40767e-05
stat.node.3.walltime_s = 266.193
stat.node.3.active_time_s = 23.4893
stat.node.1.cpu.0.load_issue_to_complete_count = 799
stat.node.1.cpu.0.avg_load_issue_to_complete_lat = 931.602
stat.node.1.injector.phase_cycles = 746149
stat.node.1.injector.request_bytes = 112904
stat.node.1.injector.response_bytes = 903168
stat.node.1.injector.aggregate_bytes = 1016072
stat.node.1.injector.request_gbps = 2.90526
stat.node.1.injector.response_gbps = 23.2404
stat.node.1.injector.aggregate_gbps = 26.1457
stat.node.1.llc.cxl_miss = 800
stat.node.1.llc.total_miss = 800
stat.node.1.llc.avg_miss_lat = 757.715
stat.node.1.llc.avg_cxl_lat = 757.715
stat.node.1.llc.miss_lat_hist_bin_ns = 10
stat.node.1.llc.miss_lat_hist = [0,0,0,0,0,0,0,0,0,0,0,0,0,0,0,0,0,0,0,0,0,0,0,0,0,0,0,0,3,49,145,300,199,100,4]
stat.node.1.util.dram_avg = 1.40712e-05
stat.node.1.walltime_s = 266.211
stat.node.1.active_time_s = 23.0798
stat.node.7.cpu.0.load_issue_to_complete_count = 799
stat.node.7.cpu.0.avg_load_issue_to_complete_lat = 934.793
stat.node.7.injector.phase_cycles = 748674
stat.node.7.injector.request_bytes = 113288
stat.node.7.injector.response_bytes = 906240
stat.node.7.injector.aggregate_bytes = 1019528
stat.node.7.injector.request_gbps = 2.90531
stat.node.7.injector.response_gbps = 23.2408
stat.node.7.injector.aggregate_gbps = 26.1461
stat.node.7.llc.cxl_miss = 800
stat.node.7.llc.total_miss = 800
stat.node.7.llc.avg_miss_lat = 760.91
stat.node.7.llc.avg_cxl_lat = 760.91
stat.node.7.llc.miss_lat_hist_bin_ns = 10
stat.node.7.llc.miss_lat_hist = [0,0,0,0,0,0,0,0,0,0,0,0,0,0,0,0,0,0,0,0,0,0,0,0,0,0,0,0,3,36,106,346,152,151,6]
stat.node.7.util.dram_avg = 1.40381e-05
stat.node.7.walltime_s = 266.376
stat.node.7.active_time_s = 22.542
stat.node.4.cpu.0.load_issue_to_complete_count = 799
stat.node.4.cpu.0.avg_load_issue_to_complete_lat = 940.487
stat.node.4.injector.phase_cycles = 753251
stat.node.4.injector.request_bytes = 113976
stat.node.4.injector.response_bytes = 911744
stat.node.4.injector.aggregate_bytes = 1025720
stat.node.4.injector.request_gbps = 2.90519
stat.node.4.injector.response_gbps = 23.2399
stat.node.4.injector.aggregate_gbps = 26.1451
stat.node.4.llc.cxl_miss = 800
stat.node.4.llc.total_miss = 800
stat.node.4.llc.avg_miss_lat = 766.479
stat.node.4.llc.avg_cxl_lat = 766.479
stat.node.4.llc.miss_lat_hist_bin_ns = 10
stat.node.4.llc.miss_lat_hist = [0,0,0,0,0,0,0,0,0,0,0,0,0,0,0,0,0,0,0,0,0,0,0,0,0,0,0,0,0,20,76,329,169,197,7,2]
stat.node.4.util.dram_avg = 1.39534e-05
stat.node.4.walltime_s = 266.939
stat.node.4.active_time_s = 22.6703
stat.node.2.cpu.0.load_issue_to_complete_count = 799
stat.node.2.cpu.0.avg_load_issue_to_complete_lat = 941.018
stat.node.2.injector.phase_cycles = 753674
stat.node.2.injector.request_bytes = 114040
stat.node.2.injector.response_bytes = 912256
stat.node.2.injector.aggregate_bytes = 1026296
stat.node.2.injector.request_gbps = 2.90519
stat.node.2.injector.response_gbps = 23.2399
stat.node.2.injector.aggregate_gbps = 26.1451
stat.node.2.llc.cxl_miss = 800
stat.node.2.llc.total_miss = 800
stat.node.2.llc.avg_miss_lat = 767.044
stat.node.2.llc.avg_cxl_lat = 767.044
stat.node.2.llc.miss_lat_hist_bin_ns = 10
stat.node.2.llc.miss_lat_hist = [0,0,0,0,0,0,0,0,0,0,0,0,0,0,0,0,0,0,0,0,0,0,0,0,0,0,0,0,0,17,77,330,154,214,7,1]
stat.node.2.util.dram_avg = 1.39495e-05
stat.node.2.walltime_s = 266.96
stat.node.2.active_time_s = 33.8297
stat.pool.103.util.mem_avg = 0.159965
stat.pool.103.util.req_link_avg = 0.124982
stat.pool.103.walltime_s = 266.96
stat.pool.103.active_time_s = 0.749253
stat.pool.102.util.mem_avg = 0.159966
stat.pool.102.util.req_link_avg = 0.124982
stat.pool.102.walltime_s = 266.96
stat.pool.102.active_time_s = 0.646088
stat.pool.101.util.mem_avg = 0.159966
stat.pool.101.util.req_link_avg = 0.124982
stat.pool.101.walltime_s = 266.96
stat.pool.101.active_time_s = 0.738214
stat.pool.100.util.mem_avg = 0.159967
stat.pool.100.util.req_link_avg = 0.124983
stat.pool.100.walltime_s = 266.96
stat.pool.100.active_time_s = 0.74751
stat.switch.replicated_messages = 0
stat.switch.util.node_ingress_avg = 0.0624958
stat.switch.util.pool_ingress_avg = 0.99964
stat.switch.bw.host_to_switch_gbps = 3.072
stat.switch.bw.switch_to_host_gbps = 24.5672
stat.switch.bw.host_link_total_gbps = 27.6392
stat.switch.walltime_s = 266.96
stat.switch.active_time_s = 3.50926
Simulation is complete, simulated time: 717.443 us
