stat.node.3.cpu.0.retired = 196
stat.node.3.cpu.0.cycles = 1000000
stat.node.4.cpu.0.retired = 229
stat.node.4.cpu.0.cycles = 1000000
stat.node.5.cpu.0.retired = 246
stat.node.5.cpu.0.cycles = 1000000
stat.node.6.cpu.0.retired = 221
stat.node.6.cpu.0.cycles = 1000000
stat.node.7.cpu.0.retired = 219
stat.node.7.cpu.0.cycles = 1000000
stat.node.0.cpu.0.retired = 197
stat.node.0.cpu.0.cycles = 1000000
stat.node.1.cpu.0.retired = 226
stat.node.1.cpu.0.cycles = 1000000
stat.node.2.cpu.0.retired = 215
stat.node.2.cpu.0.cycles = 1000000
stat.node.2.cpu.0.retired = 427
stat.node.2.cpu.0.cycles = 2000000
stat.node.7.cpu.0.retired = 409
stat.node.7.cpu.0.cycles = 2000000
stat.node.0.cpu.0.retired = 386
stat.node.0.cpu.0.cycles = 2000000
stat.node.1.cpu.0.retired = 502
stat.node.1.cpu.0.cycles = 2000000
stat.node.3.cpu.0.retired = 390
stat.node.3.cpu.0.cycles = 2000000
stat.node.4.cpu.0.retired = 417
stat.node.4.cpu.0.cycles = 2000000
stat.node.5.cpu.0.retired = 452
stat.node.6.cpu.0.retired = 441
stat.node.6.cpu.0.cycles = 2000000
stat.node.5.cpu.0.cycles = 2000000
stat.node.2.cpu.0.retired = 658
stat.node.2.cpu.0.cycles = 3000000
stat.node.7.cpu.0.retired = 643
stat.node.7.cpu.0.cycles = 3000000
stat.node.0.cpu.0.retired = 611
stat.node.0.cpu.0.cycles = 3000000
stat.node.1.cpu.0.retired = 760
stat.node.1.cpu.0.cycles = 3000000
stat.node.3.cpu.0.retired = 619
stat.node.3.cpu.0.cycles = 3000000
stat.node.4.cpu.0.retired = 651
stat.node.4.cpu.0.cycles = 3000000
stat.node.6.cpu.0.retired = 676
stat.node.6.cpu.0.cycles = 3000000
stat.node.5.cpu.0.retired = 686
stat.node.5.cpu.0.cycles = 3000000
stat.node.6.cpu.0.retired = 916
stat.node.6.cpu.0.cycles = 4000000
stat.node.2.cpu.0.retired = 897
stat.node.2.cpu.0.cycles = 4000000
stat.node.7.cpu.0.retired = 881
stat.node.7.cpu.0.cycles = 4000000
stat.node.0.cpu.0.retired = 847
stat.node.0.cpu.0.cycles = 4000000
stat.node.1.cpu.0.retired = 1004
stat.node.1.cpu.0.cycles = 4000000
stat.node.3.cpu.0.retired = 855
stat.node.3.cpu.0.cycles = 4000000
stat.node.4.cpu.0.retired = 888
stat.node.4.cpu.0.cycles = 4000000
stat.node.5.cpu.0.retired = 927
stat.node.5.cpu.0.cycles = 4000000
stat.node.6.cpu.0.retired = 1164
stat.node.6.cpu.0.cycles = 5000000
stat.node.2.cpu.0.retired = 1143
stat.node.2.cpu.0.cycles = 5000000
stat.node.7.cpu.0.retired = 1127
stat.node.7.cpu.0.cycles = 5000000
stat.node.0.cpu.0.retired = 1093
stat.node.0.cpu.0.cycles = 5000000
stat.node.1.cpu.0.retired = 1252
stat.node.1.cpu.0.cycles = 5000000
stat.node.3.cpu.0.retired = 1103
stat.node.3.cpu.0.cycles = 5000000
stat.node.5.cpu.0.retired = 1172
stat.node.5.cpu.0.cycles = 5000000
stat.node.4.cpu.0.retired = 1132
stat.node.4.cpu.0.cycles = 5000000
stat.node.2.cpu.0.retired = 1391
stat.node.2.cpu.0.cycles = 6000000
stat.node.7.cpu.0.retired = 1377
stat.node.7.cpu.0.cycles = 6000000
stat.node.0.cpu.0.retired = 1344
stat.node.0.cpu.0.cycles = 6000000
stat.node.1.cpu.0.retired = 1502
stat.node.1.cpu.0.cycles = 6000000
stat.node.4.cpu.0.retired = 1380
stat.node.4.cpu.0.cycles = 6000000
stat.node.5.cpu.0.retired = 1418
stat.node.3.cpu.0.retired = 1351
stat.node.3.cpu.0.cycles = 6000000
stat.node.6.cpu.0.retired = 1413
stat.node.6.cpu.0.cycles = 6000000
stat.node.5.cpu.0.cycles = 6000000
stat.node.1.cpu.0.load_issue_to_complete_count = 799
stat.node.1.cpu.0.avg_load_issue_to_complete_lat = 4009.14
stat.node.1.injector.phase_cycles = 3207879
stat.node.1.injector.request_bytes = 1035432
stat.node.1.injector.response_bytes = 113472
stat.node.1.injector.aggregate_bytes = 1148904
stat.node.1.injector.request_gbps = 6.19733
stat.node.1.injector.response_gbps = 0.67916
stat.node.1.injector.aggregate_gbps = 6.87649
stat.node.1.llc.cxl_miss = 800
stat.node.1.llc.total_miss = 800
stat.node.1.llc.avg_miss_lat = 3760.59
stat.node.1.llc.avg_cxl_lat = 3760.59
stat.node.1.llc.miss_lat_hist_bin_ns = 10
stat.node.1.llc.miss_lat_hist = [0,0,0,0,0,0,0,0,0,0,0,0,0,0,0,0,0,0,0,0,0,0,0,0,0,0,0,0,0,0,0,0,0,0,0,0,0,0,0,0,0,0,0,0,0,0,0,0,0,0,0,0,0,0,0,0,0,0,0,0,0,0,0,0,0,0,0,0,0,0,0,0,0,0,0,0,0,0,0,0,0,0,0,0,0,0,0,0,0,0,0,0,0,0,0,0,0,0,0,0,0,0,0,0,0,0,0,0,0,0,0,0,1,0,0,0,1,0,1,3,1,0,0,4,1,2,4,6,5,4,8,11,5,12,5,12,10,6,20,18,5,14,21,12,16,19,18,17,16,20,22,18,16,16,23,16,20,20,17,15,21,26,23,10,16,15,9,18,11,13,8,8,10,7,6,7,6,7,11,6,6,6,9,2,8,2,3,6,0,4,1,1,3,2,3,2,3,0,2,1,1,0,2,4,1,1,0,1,0,1,0,0,0,2,0,1,0,0,0,0,0,0,0,0,0,0,1,0,0,0,1,0,1]
stat.node.1.util.dram_avg = 3.7641e-06
stat.node.1.walltime_s = 656.765
stat.node.1.active_time_s = 98.3471
stat.node.5.cpu.0.load_issue_to_complete_count = 799
stat.node.5.cpu.0.avg_load_issue_to_complete_lat = 4046.13
stat.node.5.injector.phase_cycles = 3237949
stat.node.5.injector.request_bytes = 1038744
stat.node.5.injector.response_bytes = 113792
stat.node.5.injector.aggregate_bytes = 1152536
stat.node.5.injector.request_gbps = 6.15942
stat.node.5.injector.response_gbps = 0.67475
stat.node.5.injector.aggregate_gbps = 6.83417
stat.node.5.llc.cxl_miss = 800
stat.node.5.llc.total_miss = 800
stat.node.5.llc.avg_miss_lat = 3804.51
stat.node.5.llc.avg_cxl_lat = 3804.51
stat.node.5.llc.miss_lat_hist_bin_ns = 10
stat.node.5.llc.miss_lat_hist = [0,0,0,0,0,0,0,0,0,0,0,0,0,0,0,0,0,0,0,0,0,0,0,0,0,0,0,0,0,0,0,0,0,0,0,0,0,0,0,0,0,0,0,0,0,0,0,0,0,0,0,0,0,0,0,0,0,0,0,0,0,0,0,0,0,0,0,0,0,0,0,0,0,0,0,0,0,0,0,0,0,0,0,0,0,0,0,0,0,0,0,0,0,0,0,0,0,0,0,0,0,0,0,1,0,0,0,0,0,1,0,0,1,1,0,0,0,0,0,0,0,3,1,0,2,5,2,0,1,5,7,5,9,7,4,12,12,9,6,3,14,15,20,16,15,16,22,18,27,20,19,18,25,15,24,11,15,25,20,13,14,17,10,16,16,13,13,11,14,13,12,10,13,10,11,8,8,11,7,6,8,2,6,6,5,9,8,4,4,4,4,3,5,2,4,3,5,2,2,3,2,0,1,0,0,2,1,0,1,1,0,1,0,0,0,1,0,0,0,1,1,1]
stat.node.5.util.dram_avg = 3.57213e-06
stat.node.5.walltime_s = 669.711
stat.node.5.active_time_s = 96.0842
stat.node.6.cpu.0.load_issue_to_complete_count = 799
stat.node.6.cpu.0.avg_load_issue_to_complete_lat = 4017.01
stat.node.6.injector.phase_cycles = 3213857
stat.node.6.injector.request_bytes = 1036928
stat.node.6.injector.response_bytes = 113664
stat.node.6.injector.aggregate_bytes = 1150592
stat.node.6.injector.request_gbps = 6.19474
stat.node.6.injector.response_gbps = 0.679044
stat.node.6.injector.aggregate_gbps = 6.87379
stat.node.6.llc.cxl_miss = 800
stat.node.6.llc.total_miss = 800
stat.node.6.llc.avg_miss_lat = 3769.55
stat.node.6.llc.avg_cxl_lat = 3769.55
stat.node.6.llc.miss_lat_hist_bin_ns = 10
stat.node.6.llc.miss_lat_hist = [0,0,0,0,0,0,0,0,0,0,0,0,0,0,0,0,0,0,0,0,0,0,0,0,0,0,0,0,0,0,0,0,0,0,0,0,0,0,0,0,0,0,0,0,0,0,0,0,0,0,0,0,0,0,0,0,0,0,0,0,0,0,0,0,0,0,0,0,0,0,0,0,0,0,0,0,0,0,0,0,0,0,0,0,0,0,0,0,0,0,0,0,0,0,0,0,0,0,0,0,0,0,0,0,0,0,0,0,0,1,0,0,0,0,0,0,0,2,1,0,2,3,1,1,1,3,3,7,5,5,9,9,9,7,13,9,9,11,15,18,13,8,17,19,12,13,19,15,19,11,23,12,20,19,17,20,18,21,18,20,15,21,16,22,17,10,14,11,10,11,7,6,13,6,7,12,6,12,10,6,6,6,5,5,1,5,9,3,2,4,4,5,3,3,4,2,4,2,2,1,2,0,3,2,1,2,1,1,0,0,0,0,1,0,0,0,0,0,0,1]
stat.node.6.util.dram_avg = 3.5617e-06
stat.node.6.walltime_s = 673.455
stat.node.6.active_time_s = 84.4072
stat.node.2.cpu.0.load_issue_to_complete_count = 799
stat.node.2.cpu.0.avg_load_issue_to_complete_lat = 4011.38
stat.node.2.injector.phase_cycles = 3209599
stat.node.2.injector.request_bytes = 1034656
stat.node.2.injector.response_bytes = 113408
stat.node.2.injector.aggregate_bytes = 1148064
stat.node.2.injector.request_gbps = 6.18937
stat.node.2.injector.response_gbps = 0.678413
stat.node.2.injector.aggregate_gbps = 6.86778
stat.node.2.llc.cxl_miss = 800
stat.node.2.llc.total_miss = 800
stat.node.2.llc.avg_miss_lat = 3764.72
stat.node.2.llc.avg_cxl_lat = 3764.72
stat.node.2.llc.miss_lat_hist_bin_ns = 10
stat.node.2.llc.miss_lat_hist = [0,0,0,0,0,0,0,0,0,0,0,0,0,0,0,0,0,0,0,0,0,0,0,0,0,0,0,0,0,0,0,0,0,0,0,0,0,0,0,0,0,0,0,0,0,0,0,0,0,0,0,0,0,0,0,0,0,0,0,0,0,0,0,0,0,0,0,0,0,0,0,0,0,0,0,0,0,0,0,0,0,0,0,0,0,0,0,0,0,0,0,0,0,0,0,0,0,0,0,0,0,0,0,0,0,0,0,0,0,0,0,0,0,0,0,0,1,1,3,1,5,3,3,4,2,4,3,2,1,5,5,6,7,6,5,8,10,9,6,6,17,17,10,17,19,26,20,28,16,21,20,22,26,20,17,20,11,13,19,18,20,14,18,13,23,14,13,16,17,8,9,7,5,10,12,7,6,10,9,6,6,2,7,7,4,2,5,8,2,4,3,0,2,4,1,2,4,1,1,2,0,2,2,1,0,1,1,3,0,1,0,0,0,1,0,0,0,0,0,0,0,0,0,0,0,0,0,0,0,0,0,0,0,0,0,0,0,0,0,0,0,0,0,0,0,0,0,0,0,0,0,0,0,0,0,0,0,1]
stat.node.2.util.dram_avg = 3.51968e-06
stat.node.2.walltime_s = 682.098
stat.node.2.active_time_s = 85.8236
stat.node.4.cpu.0.load_issue_to_complete_count = 799
stat.node.4.cpu.0.avg_load_issue_to_complete_lat = 4009.04
stat.node.4.injector.phase_cycles = 3207265
stat.node.4.injector.request_bytes = 1034000
stat.node.4.injector.response_bytes = 113344
stat.node.4.injector.aggregate_bytes = 1147344
stat.node.4.injector.request_gbps = 6.18995
stat.node.4.injector.response_gbps = 0.678524
stat.node.4.injector.aggregate_gbps = 6.86847
stat.node.4.llc.cxl_miss = 800
stat.node.4.llc.total_miss = 800
stat.node.4.llc.avg_miss_lat = 3764.08
stat.node.4.llc.avg_cxl_lat = 3764.08
stat.node.4.llc.miss_lat_hist_bin_ns = 10
stat.node.4.llc.miss_lat_hist = [0,0,0,0,0,0,0,0,0,0,0,0,0,0,0,0,0,0,0,0,0,0,0,0,0,0,0,0,0,0,0,0,0,0,0,0,0,0,0,0,0,0,0,0,0,0,0,0,0,0,0,0,0,0,0,0,0,0,0,0,0,0,0,0,0,0,0,0,0,0,0,0,0,0,0,0,0,0,0,0,0,0,0,0,0,0,0,0,0,0,0,0,0,0,0,0,0,0,0,0,0,0,0,0,0,0,0,0,0,0,0,0,0,0,2,0,1,0,2,0,1,2,1,2,3,3,3,3,9,6,6,6,5,9,6,10,18,8,16,19,12,17,22,15,10,16,13,18,28,22,19,23,18,24,16,18,10,18,13,13,20,14,11,14,16,7,11,7,19,6,7,9,15,11,11,15,11,6,8,8,6,14,3,4,3,6,5,2,7,4,3,5,0,0,4,2,2,1,0,1,2,0,1,0,1,1,2,0,0,1,1,2,1,0,1,0,0,0,0,1,0,0,0,0,0,0,0,1,0,0,0,0,0,0,0,0,0,0,0,0,1]
stat.node.4.util.dram_avg = 3.5021e-06
stat.node.4.walltime_s = 684.766
stat.node.4.active_time_s = 97.8825
stat.node.7.cpu.0.load_issue_to_complete_count = 799
stat.node.7.cpu.0.avg_load_issue_to_complete_lat = 4017.38
stat.node.7.injector.phase_cycles = 3214595
stat.node.7.injector.request_bytes = 1034264
stat.node.7.injector.response_bytes = 113344
stat.node.7.injector.aggregate_bytes = 1147608
stat.node.7.injector.request_gbps = 6.17741
stat.node.7.injector.response_gbps = 0.676976
stat.node.7.injector.aggregate_gbps = 6.85439
stat.node.7.llc.cxl_miss = 800
stat.node.7.llc.total_miss = 800
stat.node.7.llc.avg_miss_lat = 3770.49
stat.node.7.llc.avg_cxl_lat = 3770.49
stat.node.7.llc.miss_lat_hist_bin_ns = 10
stat.node.7.llc.miss_lat_hist = [0,0,0,0,0,0,0,0,0,0,0,0,0,0,0,0,0,0,0,0,0,0,0,0,0,0,0,0,0,0,0,0,0,0,0,0,0,0,0,0,0,0,0,0,0,0,0,0,0,0,0,0,0,0,0,0,0,0,0,0,0,0,0,0,0,0,0,0,0,0,0,0,0,0,0,0,0,0,0,0,0,0,0,0,0,0,0,0,0,0,0,0,0,0,0,0,0,0,0,0,0,0,0,0,0,0,0,1,0,0,1,0,0,0,0,0,0,1,2,1,0,1,1,3,2,4,2,1,7,1,6,7,7,14,6,10,7,9,21,23,14,9,13,8,12,22,15,16,12,20,13,22,20,20,21,22,27,22,17,21,16,14,14,18,17,11,11,11,14,14,16,11,9,9,8,10,11,8,8,8,6,3,8,5,5,2,2,6,2,3,1,5,3,3,3,3,3,3,0,2,2,2,0,0,1,0,1,0,0,0,0,0,1,1,1,0,1]
stat.node.7.util.dram_avg = 3.48492e-06
stat.node.7.walltime_s = 686.665
stat.node.7.active_time_s = 96.8144
stat.node.3.cpu.0.load_issue_to_complete_count = 799
stat.node.3.cpu.0.avg_load_issue_to_complete_lat = 4020.22
stat.node.3.injector.phase_cycles = 3217380
stat.node.3.injector.request_bytes = 1037248
stat.node.3.injector.response_bytes = 113664
stat.node.3.injector.aggregate_bytes = 1150912
stat.node.3.injector.request_gbps = 6.18987
stat.node.3.injector.response_gbps = 0.6783
stat.node.3.injector.aggregate_gbps = 6.86817
stat.node.3.llc.cxl_miss = 800
stat.node.3.llc.total_miss = 800
stat.node.3.llc.avg_miss_lat = 3779.69
stat.node.3.llc.avg_cxl_lat = 3779.69
stat.node.3.llc.miss_lat_hist_bin_ns = 10
stat.node.3.llc.miss_lat_hist = [0,0,0,0,0,0,0,0,0,0,0,0,0,0,0,0,0,0,0,0,0,0,0,0,0,0,0,0,0,0,0,0,0,0,0,0,0,0,0,0,0,0,0,0,0,0,0,0,0,0,0,0,0,0,0,0,0,0,0,0,0,0,0,0,0,0,0,0,0,0,0,0,0,0,0,0,0,0,0,0,0,0,0,0,0,0,0,0,0,0,0,0,0,1,0,0,0,0,0,0,0,0,1,0,0,0,0,0,1,0,0,0,2,0,1,0,1,0,0,0,2,2,1,4,3,3,4,1,3,6,5,4,8,7,12,9,9,10,3,16,9,13,17,16,13,19,22,11,21,23,25,18,15,28,15,20,22,14,20,13,15,12,16,13,13,16,12,20,12,18,16,5,4,6,9,10,9,11,13,5,8,6,6,2,7,3,11,3,5,5,5,2,1,0,4,6,2,4,3,1,2,0,3,0,0,0,0,0,0,0,0,0,0,0,0,0,0,1,0,0,1,0,0,0,0,1]
stat.node.3.util.dram_avg = 3.43105e-06
stat.node.3.walltime_s = 694.148
stat.node.3.active_time_s = 99.2759
stat.node.4.cpu.0.retired = 1637
stat.node.4.cpu.0.cycles = 7000000
stat.node.0.cpu.0.retired = 1595
stat.node.0.cpu.0.cycles = 7000000
stat.node.3.cpu.0.retired = 1601
stat.node.3.cpu.0.cycles = 7000000
stat.node.2.cpu.0.retired = 1645
stat.node.2.cpu.0.cycles = 7000000
stat.node.5.cpu.0.retired = 1672
stat.node.5.cpu.0.cycles = 7000000
stat.node.7.cpu.0.retired = 1628
stat.node.7.cpu.0.cycles = 7000000
stat.node.1.cpu.0.retired = 1755
stat.node.1.cpu.0.cycles = 7000000
stat.node.6.cpu.0.retired = 1667
stat.node.6.cpu.0.cycles = 7000000
stat.node.0.cpu.0.load_issue_to_complete_count = 799
stat.node.0.cpu.0.avg_load_issue_to_complete_lat = 4011.36
stat.node.0.injector.phase_cycles = 3209733
stat.node.0.injector.request_bytes = 1037968
stat.node.0.injector.response_bytes = 113792
stat.node.0.injector.aggregate_bytes = 1151760
stat.node.0.injector.request_gbps = 6.20892
stat.node.0.injector.response_gbps = 0.680682
stat.node.0.injector.aggregate_gbps = 6.8896
stat.node.0.llc.cxl_miss = 800
stat.node.0.llc.total_miss = 800
stat.node.0.llc.avg_miss_lat = 3763.88
stat.node.0.llc.avg_cxl_lat = 3763.88
stat.node.0.llc.miss_lat_hist_bin_ns = 10
stat.node.0.llc.miss_lat_hist = [0,0,0,0,0,0,0,0,0,0,0,0,0,0,0,0,0,0,0,0,0,0,0,0,0,0,0,0,0,0,0,0,0,0,0,0,0,0,0,0,0,0,0,0,0,0,0,0,0,0,0,0,0,0,0,0,0,0,0,0,0,0,0,0,0,0,0,0,0,0,0,0,0,0,0,0,0,0,0,0,0,0,0,0,0,0,0,0,0,0,0,0,0,0,0,0,0,0,0,0,0,0,0,0,0,0,0,0,0,0,0,0,0,1,0,0,0,1,0,1,3,1,3,2,1,3,4,1,3,10,2,8,5,8,5,7,10,17,14,11,7,11,14,17,13,22,21,27,18,18,18,20,18,19,18,11,15,24,23,21,18,23,22,17,22,17,14,11,17,10,11,4,7,10,12,8,5,5,7,11,3,6,2,4,9,3,5,4,4,2,3,2,1,4,6,3,0,4,2,1,0,0,1,2,0,2]
stat.node.0.util.dram_avg = 3.41932e-06
stat.node.0.walltime_s = 695.969
stat.node.0.active_time_s = 97.9076
stat.pool.102.util.mem_avg = 0.167676
stat.pool.102.util.req_link_avg = 0.999931
stat.pool.102.walltime_s = 695.957
stat.pool.102.active_time_s = 2.75487
stat.pool.101.util.mem_avg = 0.167676
stat.pool.101.util.req_link_avg = 0.999931
stat.pool.101.walltime_s = 695.957
stat.pool.101.active_time_s = 3.01821
stat.pool.100.util.mem_avg = 0.167679
stat.pool.100.util.req_link_avg = 0.999931
stat.pool.100.walltime_s = 695.957
stat.pool.100.active_time_s = 3.27278
stat.switch.replicated_messages = 836478
stat.switch.util.node_ingress_avg = 0.126741
stat.switch.util.pool_ingress_avg = 0.0549367
stat.switch.bw.host_to_switch_gbps = 6.2297
stat.switch.bw.switch_to_host_gbps = 1.0126
stat.switch.bw.host_link_total_gbps = 7.2423
stat.switch.walltime_s = 695.957
stat.switch.active_time_s = 13.8653
Simulation is complete, simulated time: 2.9269 ms
