stat.node.7.cpu.0.retired = 820
stat.node.7.cpu.0.cycles = 1000000
stat.node.0.cpu.0.retired = 820
stat.node.0.cpu.0.cycles = 1000000
stat.node.1.cpu.0.retired = 820
stat.node.1.cpu.0.cycles = 1000000
stat.node.2.cpu.0.retired = 820
stat.node.2.cpu.0.cycles = 1000000
stat.node.3.cpu.0.retired = 820
stat.node.3.cpu.0.cycles = 1000000
stat.node.4.cpu.0.retired = 821
stat.node.4.cpu.0.cycles = 1000000
stat.node.5.cpu.0.retired = 821
stat.node.5.cpu.0.cycles = 1000000
stat.node.6.cpu.0.retired = 820
stat.node.6.cpu.0.cycles = 1000000
stat.node.5.cpu.0.load_issue_to_complete_count = 799
stat.node.5.cpu.0.avg_load_issue_to_complete_lat = 935.821
stat.node.5.injector.phase_cycles = 749520
stat.node.5.injector.request_bytes = 209664
stat.node.5.injector.response_bytes = 186368
stat.node.5.injector.aggregate_bytes = 396032
stat.node.5.injector.request_gbps = 5.37084
stat.node.5.injector.response_gbps = 4.77408
stat.node.5.injector.aggregate_gbps = 10.1449
stat.node.5.llc.cxl_miss = 800
stat.node.5.llc.total_miss = 800
stat.node.5.llc.avg_miss_lat = 761.625
stat.node.5.llc.avg_cxl_lat = 761.625
stat.node.5.llc.miss_lat_hist_bin_ns = 10
stat.node.5.llc.miss_lat_hist = [0,0,0,0,0,0,0,0,0,0,0,0,0,0,0,0,0,0,0,0,0,0,0,0,0,0,0,9,5,22,67,455,162,19,14,13,12,6,9,7]
stat.node.5.util.dram_avg = 1.38833e-05
stat.node.5.walltime_s = 177.72
stat.node.5.active_time_s = 26.2504
stat.node.6.cpu.0.load_issue_to_complete_count = 799
stat.node.6.cpu.0.avg_load_issue_to_complete_lat = 935.881
stat.node.6.injector.phase_cycles = 749570
stat.node.6.injector.request_bytes = 209664
stat.node.6.injector.response_bytes = 186368
stat.node.6.injector.aggregate_bytes = 396032
stat.node.6.injector.request_gbps = 5.37048
stat.node.6.injector.response_gbps = 4.77376
stat.node.6.injector.aggregate_gbps = 10.1442
stat.node.6.llc.cxl_miss = 800
stat.node.6.llc.total_miss = 800
stat.node.6.llc.avg_miss_lat = 762.06
stat.node.6.llc.avg_cxl_lat = 762.06
stat.node.6.llc.miss_lat_hist_bin_ns = 10
stat.node.6.llc.miss_lat_hist = [0,0,0,0,0,0,0,0,0,0,0,0,0,0,0,0,0,0,0,0,0,0,0,0,0,0,0,2,7,13,67,484,154,20,9,11,8,7,10,8]
stat.node.6.util.dram_avg = 1.38791e-05
stat.node.6.walltime_s = 177.746
stat.node.6.active_time_s = 25.7566
stat.node.4.cpu.0.load_issue_to_complete_count = 799
stat.node.4.cpu.0.avg_load_issue_to_complete_lat = 938.136
stat.node.4.injector.phase_cycles = 751370
stat.node.4.injector.request_bytes = 210168
stat.node.4.injector.response_bytes = 186816
stat.node.4.injector.aggregate_bytes = 396984
stat.node.4.injector.request_gbps = 5.37049
stat.node.4.injector.response_gbps = 4.77377
stat.node.4.injector.aggregate_gbps = 10.1443
stat.node.4.llc.cxl_miss = 800
stat.node.4.llc.total_miss = 800
stat.node.4.llc.avg_miss_lat = 764.144
stat.node.4.llc.avg_cxl_lat = 764.144
stat.node.4.llc.miss_lat_hist_bin_ns = 10
stat.node.4.llc.miss_lat_hist = [0,0,0,0,0,0,0,0,0,0,0,0,0,0,0,0,0,0,0,0,0,0,0,0,0,0,1,1,2,14,66,466,160,24,17,17,12,9,6,4,0,0,0,0,1]
stat.node.4.util.dram_avg = 1.38665e-05
stat.node.4.walltime_s = 178.092
stat.node.4.active_time_s = 22.6869
stat.node.2.cpu.0.load_issue_to_complete_count = 799
stat.node.2.cpu.0.avg_load_issue_to_complete_lat = 938.228
stat.node.2.injector.phase_cycles = 751445
stat.node.2.injector.request_bytes = 210240
stat.node.2.injector.response_bytes = 186816
stat.node.2.injector.aggregate_bytes = 397056
stat.node.2.injector.request_gbps = 5.37179
stat.node.2.injector.response_gbps = 4.77329
stat.node.2.injector.aggregate_gbps = 10.1451
stat.node.2.llc.cxl_miss = 800
stat.node.2.llc.total_miss = 800
stat.node.2.llc.avg_miss_lat = 763.901
stat.node.2.llc.avg_cxl_lat = 763.901
stat.node.2.llc.miss_lat_hist_bin_ns = 10
stat.node.2.llc.miss_lat_hist = [0,0,0,0,0,0,0,0,0,0,0,0,0,0,0,0,0,0,0,0,0,0,0,0,0,0,4,1,2,12,72,448,178,16,21,12,14,5,11,1,1,2]
stat.node.2.util.dram_avg = 1.38638e-05
stat.node.2.walltime_s = 178.351
stat.node.2.active_time_s = 21.6083
stat.node.0.cpu.0.load_issue_to_complete_count = 799
stat.node.0.cpu.0.avg_load_issue_to_complete_lat = 938.509
stat.node.0.injector.phase_cycles = 751670
stat.node.0.injector.request_bytes = 210312
stat.node.0.injector.response_bytes = 186944
stat.node.0.injector.aggregate_bytes = 397256
stat.node.0.injector.request_gbps = 5.37203
stat.node.0.injector.response_gbps = 4.77513
stat.node.0.injector.aggregate_gbps = 10.1472
stat.node.0.llc.cxl_miss = 800
stat.node.0.llc.total_miss = 800
stat.node.0.llc.avg_miss_lat = 764.714
stat.node.0.llc.avg_cxl_lat = 764.714
stat.node.0.llc.miss_lat_hist_bin_ns = 10
stat.node.0.llc.miss_lat_hist = [0,0,0,0,0,0,0,0,0,0,0,0,0,0,0,0,0,0,0,0,0,0,0,0,0,0,1,2,2,9,70,466,170,15,16,12,5,10,15,6,0,0,1]
stat.node.0.util.dram_avg = 1.38618e-05
stat.node.0.walltime_s = 178.372
stat.node.0.active_time_s = 22.0822
stat.node.1.cpu.0.load_issue_to_complete_count = 799
stat.node.1.cpu.0.avg_load_issue_to_complete_lat = 938.416
stat.node.1.injector.phase_cycles = 751595
stat.node.1.injector.request_bytes = 210240
stat.node.1.injector.response_bytes = 186880
stat.node.1.injector.aggregate_bytes = 397120
stat.node.1.injector.request_gbps = 5.37072
stat.node.1.injector.response_gbps = 4.77398
stat.node.1.injector.aggregate_gbps = 10.1447
stat.node.1.llc.cxl_miss = 800
stat.node.1.llc.total_miss = 800
stat.node.1.llc.avg_miss_lat = 764.495
stat.node.1.llc.avg_cxl_lat = 764.495
stat.node.1.llc.miss_lat_hist_bin_ns = 10
stat.node.1.llc.miss_lat_hist = [0,0,0,0,0,0,0,0,0,0,0,0,0,0,0,0,0,0,0,0,0,0,0,0,0,0,1,1,1,8,70,481,162,18,5,14,8,5,16,10]
stat.node.1.util.dram_avg = 1.38606e-05
stat.node.1.walltime_s = 178.388
stat.node.1.active_time_s = 21.0875
stat.node.7.cpu.0.load_issue_to_complete_count = 799
stat.node.7.cpu.0.avg_load_issue_to_complete_lat = 938.416
stat.node.7.injector.phase_cycles = 751595
stat.node.7.injector.request_bytes = 210240
stat.node.7.injector.response_bytes = 186880
stat.node.7.injector.aggregate_bytes = 397120
stat.node.7.injector.request_gbps = 5.37072
stat.node.7.injector.response_gbps = 4.77398
stat.node.7.injector.aggregate_gbps = 10.1447
stat.node.7.llc.cxl_miss = 800
stat.node.7.llc.total_miss = 800
stat.node.7.llc.avg_miss_lat = 764.404
stat.node.7.llc.avg_cxl_lat = 764.404
stat.node.7.llc.miss_lat_hist_bin_ns = 10
stat.node.7.llc.miss_lat_hist = [0,0,0,0,0,0,0,0,0,0,0,0,0,0,0,0,0,0,0,0,0,0,0,0,0,0,0,4,4,11,70,463,155,23,16,15,14,10,12,3]
stat.node.7.util.dram_avg = 1.38604e-05
stat.node.7.walltime_s = 178.377
stat.node.7.active_time_s = 23.5578
stat.node.3.cpu.0.load_issue_to_complete_count = 799
stat.node.3.cpu.0.avg_load_issue_to_complete_lat = 938.384
stat.node.3.injector.phase_cycles = 751570
stat.node.3.injector.request_bytes = 210240
stat.node.3.injector.response_bytes = 186880
stat.pool.100.util.mem_avg = 0.282898
stat.pool.100.util.req_link_avg = 0.900793
stat.pool.100.walltime_s = 178.382
stat.pool.100.active_time_s = 0.844075
stat.switch.replicated_messages = 53824
stat.switch.util.node_ingress_avg = 0.112613
stat.switch.util.pool_ingress_avg = 0.991165
stat.switch.bw.host_to_switch_gbps = 5.53542
stat.switch.bw.switch_to_host_gbps = 6.08973
stat.switch.bw.host_link_total_gbps = 11.6252
stat.switch.walltime_s = 178.382
stat.switch.active_time_s = 2.61267
stat.node.3.injector.aggregate_bytes = 397120
stat.node.3.injector.request_gbps = 5.3709
stat.node.3.injector.response_gbps = 4.77413
stat.node.3.injector.aggregate_gbps = 10.145
stat.node.3.llc.cxl_miss = 800
stat.node.3.llc.total_miss = 800
stat.node.3.llc.avg_miss_lat = 764.466
stat.node.3.llc.avg_cxl_lat = 764.466
stat.node.3.llc.miss_lat_hist_bin_ns = 10
stat.node.3.llc.miss_lat_hist = [0,0,0,0,0,0,0,0,0,0,0,0,0,0,0,0,0,0,0,0,0,0,0,0,0,0,2,0,1,12,70,476,161,21,4,9,13,12,12,6,1]
stat.node.3.util.dram_avg = 1.38586e-05
stat.node.3.walltime_s = 178.394
stat.node.3.active_time_s = 27.4873
Simulation is complete, simulated time: 722.149 us
