stat.node.7.cpu.0.retired = 693
stat.node.7.cpu.0.cycles = 1000000
stat.node.0.cpu.0.retired = 693
stat.node.0.cpu.0.cycles = 1000000
stat.node.1.cpu.0.retired = 693
stat.node.1.cpu.0.cycles = 1000000
stat.node.2.cpu.0.retired = 689
stat.node.2.cpu.0.cycles = 1000000
stat.node.3.cpu.0.retired = 692
stat.node.3.cpu.0.cycles = 1000000
stat.node.4.cpu.0.retired = 684
stat.node.4.cpu.0.cycles = 1000000
stat.node.5.cpu.0.retired = 693
stat.node.6.cpu.0.retired = 693
stat.node.6.cpu.0.cycles = 1000000
stat.node.5.cpu.0.cycles = 1000000
stat.node.5.cpu.0.load_issue_to_complete_count = 799
stat.node.5.cpu.0.avg_load_issue_to_complete_lat = 1092.94
stat.node.5.injector.phase_cycles = 875204
stat.node.5.injector.request_bytes = 98536
stat.node.5.injector.response_bytes = 788288
stat.node.5.injector.aggregate_bytes = 886824
stat.node.5.injector.request_gbps = 2.16166
stat.node.5.injector.response_gbps = 17.2933
stat.node.5.injector.aggregate_gbps = 19.4549
stat.node.5.llc.cxl_miss = 800
stat.node.5.llc.total_miss = 800
stat.node.5.llc.avg_miss_lat = 916.545
stat.node.5.llc.avg_cxl_lat = 916.545
stat.node.5.llc.miss_lat_hist_bin_ns = 10
stat.node.5.llc.miss_lat_hist = [0,0,0,0,0,0,0,0,0,0,0,0,0,0,0,0,0,0,0,0,0,0,0,0,0,0,0,0,0,0,0,0,0,0,0,2,170,186,182,231,27,2]
stat.node.5.util.dram_avg = 1.20175e-05
stat.node.5.walltime_s = 245.952
stat.node.5.active_time_s = 31.1943
stat.node.6.cpu.0.load_issue_to_complete_count = 799
stat.node.6.cpu.0.avg_load_issue_to_complete_lat = 1093.15
stat.node.6.injector.phase_cycles = 875400
stat.node.6.injector.request_bytes = 98560
stat.node.6.injector.response_bytes = 788480
stat.node.6.injector.aggregate_bytes = 887040
stat.node.6.injector.request_gbps = 2.1617
stat.node.6.injector.response_gbps = 17.2936
stat.node.6.injector.aggregate_gbps = 19.4553
stat.node.6.llc.cxl_miss = 800
stat.node.6.llc.total_miss = 800
stat.node.6.llc.avg_miss_lat = 916.811
stat.node.6.llc.avg_cxl_lat = 916.811
stat.node.6.llc.miss_lat_hist_bin_ns = 10
stat.node.6.llc.miss_lat_hist = [0,0,0,0,0,0,0,0,0,0,0,0,0,0,0,0,0,0,0,0,0,0,0,0,0,0,0,0,0,0,0,0,0,0,0,3,164,196,177,239,16,5]
stat.node.6.util.dram_avg = 1.2015e-05
stat.node.6.walltime_s = 246.081
stat.node.6.active_time_s = 23.0565
stat.node.7.cpu.0.load_issue_to_complete_count = 799
stat.node.7.cpu.0.avg_load_issue_to_complete_lat = 1093.21
stat.node.7.injector.phase_cycles = 875417
stat.node.7.injector.request_bytes = 98560
stat.node.7.injector.response_bytes = 788480
stat.node.7.injector.aggregate_bytes = 887040
stat.node.7.injector.request_gbps = 2.16166
stat.node.7.injector.response_gbps = 17.2933
stat.node.7.injector.aggregate_gbps = 19.4549
stat.node.7.llc.cxl_miss = 800
stat.node.7.llc.total_miss = 800
stat.node.7.llc.avg_miss_lat = 916.774
stat.node.7.llc.avg_cxl_lat = 916.774
stat.node.7.llc.miss_lat_hist_bin_ns = 10
stat.node.7.llc.miss_lat_hist = [0,0,0,0,0,0,0,0,0,0,0,0,0,0,0,0,0,0,0,0,0,0,0,0,0,0,0,0,0,0,0,0,0,0,0,6,171,184,173,247,14,4,1]
stat.node.7.util.dram_avg = 1.20137e-05
stat.node.7.walltime_s = 246.086
stat.node.7.active_time_s = 28.0766
stat.node.0.cpu.0.load_issue_to_complete_count = 799
stat.node.0.cpu.0.avg_load_issue_to_complete_lat = 1093.01
stat.node.0.injector.phase_cycles = 875271
stat.node.0.injector.request_bytes = 98544
stat.node.0.injector.response_bytes = 788352
stat.node.0.injector.aggregate_bytes = 886896
stat.node.0.injector.request_gbps = 2.16167
stat.node.0.injector.response_gbps = 17.2933
stat.node.0.injector.aggregate_gbps = 19.455
stat.node.0.llc.cxl_miss = 800
stat.node.0.llc.total_miss = 800
stat.node.0.llc.avg_miss_lat = 916.54
stat.node.0.llc.avg_cxl_lat = 916.54
stat.node.0.llc.miss_lat_hist_bin_ns = 10
stat.node.0.llc.miss_lat_hist = [0,0,0,0,0,0,0,0,0,0,0,0,0,0,0,0,0,0,0,0,0,0,0,0,0,0,0,0,0,0,0,0,0,0,0,4,165,190,183,241,14,2,1]
stat.node.0.util.dram_avg = 1.20132e-05
stat.node.0.walltime_s = 246.104
stat.node.0.active_time_s = 32.0255
stat.node.1.cpu.0.load_issue_to_complete_count = 799
stat.node.1.cpu.0.avg_load_issue_to_complete_lat = 1093.25
stat.node.1.injector.phase_cycles = 875450
stat.node.1.injector.request_bytes = 98568
stat.node.1.injector.response_bytes = 788544
stat.node.1.injector.aggregate_bytes = 887112
stat.node.1.injector.request_gbps = 2.16175
stat.node.1.injector.response_gbps = 17.294
stat.node.1.injector.aggregate_gbps = 19.4558
stat.node.1.llc.cxl_miss = 800
stat.node.1.llc.total_miss = 800
stat.node.1.llc.avg_miss_lat = 916.739
stat.node.1.llc.avg_cxl_lat = 916.739
stat.node.1.llc.miss_lat_hist_bin_ns = 10
stat.node.1.llc.miss_lat_hist = [0,0,0,0,0,0,0,0,0,0,0,0,0,0,0,0,0,0,0,0,0,0,0,0,0,0,0,0,0,0,0,0,0,0,0,2,151,204,202,206,31,4]
stat.node.1.util.dram_avg = 1.20109e-05
stat.node.1.walltime_s = 246.113
stat.node.1.active_time_s = 33.586
stat.node.3.cpu.0.load_issue_to_complete_count = 799
stat.node.3.cpu.0.avg_load_issue_to_complete_lat = 1093.37
stat.node.3.injector.phase_cycles = 875550
stat.node.3.injector.request_bytes = 98576
stat.node.3.injector.response_bytes = 788608
stat.node.3.injector.aggregate_bytes = 887184
stat.node.3.injector.request_gbps = 2.16168
stat.node.3.injector.response_gbps = 17.2934
stat.node.3.injector.aggregate_gbps = 19.4551
stat.node.3.llc.cxl_miss = 800
stat.node.3.llc.total_miss = 800
stat.node.3.llc.avg_miss_lat = 916.926
stat.node.3.llc.avg_cxl_lat = 916.926
stat.node.3.llc.miss_lat_hist_bin_ns = 10
stat.node.3.llc.miss_lat_hist = [0,0,0,0,0,0,0,0,0,0,0,0,0,0,0,0,0,0,0,0,0,0,0,0,0,0,0,0,0,0,0,0,0,0,0,3,146,198,204,228,17,4]
stat.node.3.util.dram_avg = 1.2009e-05
stat.node.3.walltime_s = 246.12
stat.node.3.active_time_s = 24.9328
stat.node.6.cpu.0.retired = 1602
stat.node.6.cpu.0.cycles = 2000000
stat.node.7.cpu.0.retired = 1602
stat.node.7.cpu.0.cycles = 2000000
stat.node.0.cpu.0.retired = 1602
stat.node.0.cpu.0.cycles = 2000000
stat.node.2.cpu.0.retired = 1592
stat.node.2.cpu.0.cycles = 2000000
stat.node.1.cpu.0.retired = 1601
stat.node.1.cpu.0.cycles = 2000000
stat.node.4.cpu.0.retired = 1581
stat.node.4.cpu.0.cycles = 2000000
stat.node.5.cpu.0.retired = 1602
stat.node.5.cpu.0.cycles = 2000000
stat.node.3.cpu.0.retired = 1601
stat.node.3.cpu.0.cycles = 2000000
stat.node.2.cpu.0.load_issue_to_complete_count = 799
stat.node.2.cpu.0.avg_load_issue_to_complete_lat = 1099.97
stat.node.2.injector.phase_cycles = 880821
stat.node.2.injector.request_bytes = 99176
stat.node.2.injector.response_bytes = 793344
stat.node.2.injector.aggregate_bytes = 892520
stat.node.2.injector.request_gbps = 2.16182
stat.node.2.injector.response_gbps = 17.2932
stat.node.2.injector.aggregate_gbps = 19.455
stat.node.2.llc.cxl_miss = 800
stat.node.2.llc.total_miss = 800
stat.node.2.llc.avg_miss_lat = 923.269
stat.node.2.llc.avg_cxl_lat = 923.269
stat.node.2.llc.miss_lat_hist_bin_ns = 10
stat.node.2.llc.miss_lat_hist = [0,0,0,0,0,0,0,0,0,0,0,0,0,0,0,0,0,0,0,0,0,0,0,0,0,0,0,0,0,0,0,0,0,0,0,3,107,170,198,279,37,5,1]
stat.node.2.util.dram_avg = 1.1952e-05
stat.node.2.walltime_s = 248.018
stat.node.2.active_time_s = 30.6964
stat.node.4.cpu.0.load_issue_to_complete_count = 799
stat.node.4.cpu.0.avg_load_issue_to_complete_lat = 1107.27
stat.node.4.injector.phase_cycles = 886700
stat.node.4.injector.request_bytes = 99832
stat.node.4.injector.response_bytes = 798656
stat.node.4.injector.aggregate_bytes = 898488
stat.node.4.injector.request_gbps = 2.16169
stat.node.4.injector.response_gbps = 17.2936
stat.node.4.injector.aggregate_gbps = 19.4552
stat.node.4.llc.cxl_miss = 800
stat.node.4.llc.total_miss = 800
stat.node.4.llc.avg_miss_lat = 930.571
stat.node.4.llc.avg_cxl_lat = 930.571
stat.node.4.llc.miss_lat_hist_bin_ns = 10
stat.node.4.llc.miss_lat_hist = [0,0,0,0,0,0,0,0,0,0,0,0,0,0,0,0,0,0,0,0,0,0,0,0,0,0,0,0,0,0,0,0,0,0,0,1,62,143,176,348,55,15]
stat.node.4.util.dram_avg = 1.18822e-05
stat.node.4.walltime_s = 249.6
stat.node.4.active_time_s = 26.6894
stat.pool.102.util.mem_avg = 0.159979
stat.pool.102.util.req_link_avg = 0.124992
stat.pool.102.walltime_s = 249.584
stat.pool.102.active_time_s = 1.03455
stat.pool.101.util.mem_avg = 0.15998
stat.pool.101.util.req_link_avg = 0.124992
stat.pool.101.walltime_s = 249.584
stat.pool.101.active_time_s = 1.10081
stat.pool.100.util.mem_avg = 0.159981
stat.pool.100.util.req_link_avg = 0.124993
stat.pool.100.walltime_s = 249.584
stat.pool.100.active_time_s = 1.05111
stat.switch.replicated_messages = 0
stat.switch.util.node_ingress_avg = 0.0468751
stat.switch.util.pool_ingress_avg = 0.999679
stat.switch.bw.host_to_switch_gbps = 2.30412
stat.switch.bw.switch_to_host_gbps = 18.4261
stat.switch.bw.host_link_total_gbps = 20.7302
stat.switch.walltime_s = 249.584
stat.switch.active_time_s = 3.87875
Simulation is complete, simulated time: 842.27 us
