stat.node.0.cpu.0.retired = 798
stat.node.0.cpu.0.cycles = 1000000
stat.node.1.cpu.0.retired = 798
stat.node.1.cpu.0.cycles = 1000000
stat.node.2.cpu.0.retired = 798
stat.node.2.cpu.0.cycles = 1000000
stat.node.3.cpu.0.retired = 798
stat.node.3.cpu.0.cycles = 1000000
stat.node.4.cpu.0.retired = 798
stat.node.4.cpu.0.cycles = 1000000
stat.node.5.cpu.0.retired = 798
stat.node.5.cpu.0.cycles = 1000000
stat.node.6.cpu.0.retired = 798
stat.node.6.cpu.0.cycles = 1000000
stat.node.7.cpu.0.retired = 798
stat.node.7.cpu.0.cycles = 1000000
stat.node.4.cpu.0.load_issue_to_complete_count = 799
stat.node.4.cpu.0.avg_load_issue_to_complete_lat = 951.099
stat.node.4.injector.phase_cycles = 761760
stat.node.4.injector.request_bytes = 248544
stat.node.4.injector.response_bytes = 101120
stat.node.4.injector.aggregate_bytes = 349664
stat.node.4.injector.request_gbps = 6.2645
stat.node.4.injector.response_gbps = 2.54871
stat.node.4.injector.aggregate_gbps = 8.81321
stat.node.5.cpu.0.load_issue_to_complete_count = 799
stat.node.5.cpu.0.avg_load_issue_to_complete_lat = 951.103
stat.node.5.injector.phase_cycles = 761763
stat.node.5.injector.request_bytes = 248544
stat.node.5.injector.response_bytes = 101120
stat.node.5.injector.aggregate_bytes = 349664
stat.node.5.injector.request_gbps = 6.26447
stat.node.5.injector.response_gbps = 2.5487
stat.node.5.injector.aggregate_gbps = 8.81317
stat.node.5.llc.cxl_miss = 800
stat.node.5.llc.total_miss = 800
stat.node.5.llc.avg_miss_lat = 776.971
stat.node.5.llc.avg_cxl_lat = 776.971
stat.node.5.llc.miss_lat_hist_bin_ns = 10
stat.node.5.llc.miss_lat_hist = [0,0,0,0,0,0,0,0,0,0,0,0,0,0,0,0,0,0,0,0,0,0,0,0,0,0,0,0,0,2,2,99,646,47,2,2]
stat.node.5.util.dram_avg = 1.36094e-05
stat.node.5.walltime_s = 200.932
stat.node.5.active_time_s = 22.8626
stat.node.6.cpu.0.load_issue_to_complete_count = 799
stat.node.6.cpu.0.avg_load_issue_to_complete_lat = 951.103
stat.node.6.injector.phase_cycles = 761763
stat.node.6.injector.request_bytes = 248544
stat.node.6.injector.response_bytes = 101120
stat.node.6.injector.aggregate_bytes = 349664
stat.node.6.injector.request_gbps = 6.26447
stat.node.6.injector.response_gbps = 2.5487
stat.node.6.injector.aggregate_gbps = 8.81317
stat.node.6.llc.cxl_miss = 800
stat.node.6.llc.total_miss = 800
stat.node.6.llc.avg_miss_lat = 776.975
stat.node.6.llc.avg_cxl_lat = 776.975
stat.node.6.llc.miss_lat_hist_bin_ns = 10
stat.node.6.llc.miss_lat_hist = [0,0,0,0,0,0,0,0,0,0,0,0,0,0,0,0,0,0,0,0,0,0,0,0,0,0,0,0,0,0,31,96,597,45,31]
stat.node.6.util.dram_avg = 1.36094e-05
stat.node.6.walltime_s = 200.932
stat.node.6.active_time_s = 33.5875
stat.node.4.llc.cxl_miss = 800
stat.node.4.llc.total_miss = 800
stat.node.4.llc.avg_miss_lat = 776.96
stat.node.4.llc.avg_cxl_lat = 776.96
stat.node.4.llc.miss_lat_hist_bin_ns = 10
stat.node.4.llc.miss_lat_hist = [0,0,0,0,0,0,0,0,0,0,0,0,0,0,0,0,0,0,0,0,0,0,0,0,0,0,0,0,0,0,1,92,673,33,1]
stat.node.4.util.dram_avg = 1.36094e-05
stat.node.4.walltime_s = 200.932
stat.node.4.active_time_s = 23.7983
stat.node.1.cpu.0.load_issue_to_complete_count = 799
stat.node.1.cpu.0.avg_load_issue_to_complete_lat = 951.099
stat.node.1.injector.phase_cycles = 761760
stat.node.1.injector.request_bytes = 248544
stat.node.1.injector.response_bytes = 101120
stat.node.1.injector.aggregate_bytes = 349664
stat.node.1.injector.request_gbps = 6.2645
stat.node.1.injector.response_gbps = 2.54871
stat.node.1.injector.aggregate_gbps = 8.81321
stat.node.1.llc.cxl_miss = 800
stat.node.1.llc.total_miss = 800
stat.node.1.llc.avg_miss_lat = 776.991
stat.node.1.llc.avg_cxl_lat = 776.991
stat.node.1.llc.miss_lat_hist_bin_ns = 10
stat.node.1.llc.miss_lat_hist = [0,0,0,0,0,0,0,0,0,0,0,0,0,0,0,0,0,0,0,0,0,0,0,0,0,0,0,0,4,79,34,72,468,26,36,81]
stat.node.1.util.dram_avg = 1.36093e-05
stat.node.1.walltime_s = 200.933
stat.node.1.active_time_s = 22.4292
stat.node.2.cpu.0.load_issue_to_complete_count = 799
stat.node.7.cpu.0.load_issue_to_complete_count = 799
stat.node.7.cpu.0.avg_load_issue_to_complete_lat = 951.103
stat.node.7.injector.phase_cycles = 761763
stat.node.7.injector.request_bytes = 248544
stat.node.7.injector.response_bytes = 101120
stat.node.7.injector.aggregate_bytes = 349664
stat.node.7.injector.request_gbps = 6.26447
stat.node.7.injector.response_gbps = 2.5487
stat.node.7.injector.aggregate_gbps = 8.81317
stat.node.7.llc.cxl_miss = 800
stat.node.7.llc.total_miss = 800
stat.node.7.llc.avg_miss_lat = 776.936
stat.node.7.llc.avg_cxl_lat = 776.936
stat.node.7.llc.miss_lat_hist_bin_ns = 10
stat.node.7.llc.miss_lat_hist = [0,0,0,0,0,0,0,0,0,0,0,0,0,0,0,0,0,0,0,0,0,0,0,0,0,0,0,0,2,30,87,63,488,9,89,32]
stat.node.7.util.dram_avg = 1.36092e-05
stat.node.7.walltime_s = 200.933
stat.node.7.active_time_s = 24.3736
stat.node.2.cpu.0.avg_load_issue_to_complete_lat = 951.071
stat.node.2.injector.phase_cycles = 761738
stat.node.2.injector.request_bytes = 248544
stat.node.2.injector.response_bytes = 101120
stat.node.2.injector.aggregate_bytes = 349664
stat.node.2.injector.request_gbps = 6.26468
stat.node.2.injector.response_gbps = 2.54878
stat.node.2.injector.aggregate_gbps = 8.81346
stat.node.2.llc.cxl_miss = 800
stat.node.2.llc.total_miss = 800
stat.node.2.llc.avg_miss_lat = 776.936
stat.node.2.llc.avg_cxl_lat = 776.936
stat.node.2.llc.miss_lat_hist_bin_ns = 10
stat.node.2.llc.miss_lat_hist = [0,0,0,0,0,0,0,0,0,0,0,0,0,0,0,0,0,0,0,0,0,0,0,0,0,0,0,0,6,49,66,61,487,10,65,55,1]
stat.node.2.util.dram_avg = 1.36092e-05
stat.node.2.walltime_s = 200.934
stat.node.2.active_time_s = 26.8032
stat.node.3.cpu.0.load_issue_to_complete_count = 799
stat.node.3.cpu.0.avg_load_issue_to_complete_lat = 951.099
stat.node.3.injector.phase_cycles = 761760
stat.node.3.injector.request_bytes = 248544
stat.node.3.injector.response_bytes = 101120
stat.node.3.injector.aggregate_bytes = 349664
stat.node.3.injector.request_gbps = 6.2645
stat.node.3.injector.response_gbps = 2.54871
stat.node.3.injector.aggregate_gbps = 8.81321
stat.node.3.llc.cxl_miss = 800
stat.node.3.llc.total_miss = 800
stat.node.3.llc.avg_miss_lat = 776.967
stat.node.3.llc.avg_cxl_lat = 776.967
stat.node.3.llc.miss_lat_hist_bin_ns = 10
stat.node.3.llc.miss_lat_hist = [0,0,0,0,0,0,0,0,0,0,0,0,0,0,0,0,0,0,0,0,0,0,0,0,0,0,0,0,6,90,25,62,479,16,30,91,1]
stat.node.3.util.dram_avg = 1.36091e-05
stat.node.3.walltime_s = 200.935
stat.node.3.active_time_s = 27.6173
stat.node.0.cpu.0.load_issue_to_complete_count = 799
stat.node.0.cpu.0.avg_load_issue_to_complete_lat = 951.134
stat.node.0.injector.phase_cycles = 761788
stat.node.0.injector.request_bytes = 248544
stat.node.0.injector.response_bytes = 101120
stat.node.0.injector.aggregate_bytes = 349664
stat.node.0.injector.request_gbps = 6.26427
stat.node.0.injector.response_gbps = 2.54861
stat.node.0.injector.aggregate_gbps = 8.81288
stat.node.0.llc.cxl_miss = 800
stat.node.0.llc.total_miss = 800
stat.node.0.llc.avg_miss_lat = 777.006
stat.node.0.llc.avg_cxl_lat = 777.006
stat.node.0.llc.miss_lat_hist_bin_ns = 10
stat.node.0.llc.miss_lat_hist = [0,0,0,0,0,0,0,0,0,0,0,0,0,0,0,0,0,0,0,0,0,0,0,0,0,0,0,0,3,82,35,62,486,10,35,87]
stat.node.0.util.dram_avg = 1.3609e-05
stat.node.0.walltime_s = 200.935
stat.node.0.active_time_s = 21.0579
stat.pool.102.util.mem_avg = 0.188124
stat.pool.102.util.req_link_avg = 0.993538
stat.pool.102.walltime_s = 200.935
stat.pool.102.active_time_s = 0.789386
stat.pool.101.util.mem_avg = 0.188126
stat.pool.101.util.req_link_avg = 0.993539
stat.pool.101.walltime_s = 200.935
stat.pool.101.active_time_s = 0.738165
stat.pool.100.util.mem_avg = 0.188126
stat.pool.100.util.req_link_avg = 0.99354
stat.pool.100.walltime_s = 200.935
stat.pool.100.active_time_s = 0.675519
stat.switch.replicated_messages = 204768
stat.switch.util.node_ingress_avg = 0.130721
stat.switch.util.pool_ingress_avg = 0.208348
stat.switch.bw.host_to_switch_gbps = 6.42585
stat.switch.bw.switch_to_host_gbps = 3.83997
stat.switch.bw.host_link_total_gbps = 10.2658
stat.switch.walltime_s = 200.935
stat.switch.active_time_s = 3.12954
Simulation is complete, simulated time: 735.394 us
