stat.node.1.cpu.0.retired = 128
stat.node.1.cpu.0.cycles = 1000000
stat.node.2.cpu.0.retired = 128
stat.node.2.cpu.0.cycles = 1000000
stat.node.3.cpu.0.retired = 128
stat.node.3.cpu.0.cycles = 1000000
stat.node.4.cpu.0.retired = 130
stat.node.4.cpu.0.cycles = 1000000
stat.node.5.cpu.0.retired = 129
stat.node.5.cpu.0.cycles = 1000000
stat.node.6.cpu.0.retired = 128
stat.node.6.cpu.0.cycles = 1000000
stat.node.7.cpu.0.retired = 128
stat.node.7.cpu.0.cycles = 1000000
stat.node.0.cpu.0.retired = 128
stat.node.0.cpu.0.cycles = 1000000
stat.node.5.cpu.0.retired = 289
stat.node.5.cpu.0.cycles = 2000000
stat.node.6.cpu.0.retired = 293
stat.node.6.cpu.0.cycles = 2000000
stat.node.0.cpu.0.retired = 287
stat.node.0.cpu.0.cycles = 2000000
stat.node.7.cpu.0.retired = 289
stat.node.7.cpu.0.cycles = 2000000
stat.node.1.cpu.0.retired = 288
stat.node.1.cpu.0.cycles = 2000000
stat.node.2.cpu.0.retired = 290
stat.node.2.cpu.0.cycles = 2000000
stat.node.3.cpu.0.retired = 288
stat.node.3.cpu.0.cycles = 2000000
stat.node.4.cpu.0.retired = 290
stat.node.4.cpu.0.cycles = 2000000
stat.node.2.cpu.0.retired = 488
stat.node.2.cpu.0.cycles = 3000000
stat.node.3.cpu.0.retired = 477
stat.node.3.cpu.0.cycles = 3000000
stat.node.6.cpu.0.retired = 482
stat.node.6.cpu.0.cycles = 3000000
stat.node.5.cpu.0.retired = 477
stat.node.5.cpu.0.cycles = 3000000
stat.node.4.cpu.0.retired = 478
stat.node.4.cpu.0.cycles = 3000000
stat.node.0.cpu.0.retired = 480
stat.node.7.cpu.0.retired = 481
stat.node.7.cpu.0.cycles = 3000000
stat.node.1.cpu.0.retired = 480
stat.node.1.cpu.0.cycles = 3000000
stat.node.0.cpu.0.cycles = 3000000
stat.node.0.cpu.0.retired = 689
stat.node.0.cpu.0.cycles = 4000000
stat.node.4.cpu.0.retired = 694
stat.node.4.cpu.0.cycles = 4000000
stat.node.1.cpu.0.retired = 691
stat.node.1.cpu.0.cycles = 4000000
stat.node.7.cpu.0.retired = 691
stat.node.7.cpu.0.cycles = 4000000
stat.node.5.cpu.0.retired = 693
stat.node.5.cpu.0.cycles = 4000000
stat.node.2.cpu.0.retired = 703
stat.node.2.cpu.0.cycles = 4000000
stat.node.3.cpu.0.retired = 692
stat.node.3.cpu.0.cycles = 4000000
stat.node.6.cpu.0.retired = 698
stat.node.6.cpu.0.cycles = 4000000
stat.node.2.cpu.0.retired = 931
stat.node.2.cpu.0.cycles = 5000000
stat.node.3.cpu.0.retired = 914
stat.node.3.cpu.0.cycles = 5000000
stat.node.6.cpu.0.retired = 920
stat.node.6.cpu.0.cycles = 5000000
stat.node.0.cpu.0.retired = 907
stat.node.0.cpu.0.cycles = 5000000
stat.node.4.cpu.0.retired = 917
stat.node.1.cpu.0.retired = 911
stat.node.1.cpu.0.cycles = 5000000
stat.node.7.cpu.0.retired = 906
stat.node.7.cpu.0.cycles = 5000000
stat.node.5.cpu.0.retired = 919
stat.node.5.cpu.0.cycles = 5000000
stat.node.4.cpu.0.cycles = 5000000
stat.node.1.cpu.0.retired = 1130
stat.node.1.cpu.0.cycles = 6000000
stat.node.7.cpu.0.retired = 1129
stat.node.7.cpu.0.cycles = 6000000
stat.node.3.cpu.0.retired = 1141
stat.node.2.cpu.0.retired = 1156
stat.node.2.cpu.0.cycles = 6000000
stat.node.4.cpu.0.retired = 1148
stat.node.4.cpu.0.cycles = 6000000
stat.node.6.cpu.0.retired = 1149
stat.node.0.cpu.0.retired = 1134
stat.node.0.cpu.0.cycles = 6000000
stat.node.5.cpu.0.retired = 1151
stat.node.5.cpu.0.cycles = 6000000
stat.node.6.cpu.0.cycles = 6000000
stat.node.3.cpu.0.cycles = 6000000
stat.node.0.cpu.0.retired = 1366
stat.node.0.cpu.0.cycles = 7000000
stat.node.2.cpu.0.retired = 1382
stat.node.2.cpu.0.cycles = 7000000
stat.node.1.cpu.0.retired = 1360
stat.node.1.cpu.0.cycles = 7000000
stat.node.7.cpu.0.retired = 1358
stat.node.7.cpu.0.cycles = 7000000
stat.node.6.cpu.0.retired = 1377
stat.node.6.cpu.0.cycles = 7000000
stat.node.3.cpu.0.retired = 1373
stat.node.3.cpu.0.cycles = 7000000
stat.node.4.cpu.0.retired = 1379
stat.node.4.cpu.0.cycles = 7000000
stat.node.5.cpu.0.retired = 1382
stat.node.5.cpu.0.cycles = 7000000
stat.node.2.cpu.0.load_issue_to_complete_count = 799
stat.node.2.cpu.0.avg_load_issue_to_complete_lat = 4358.15
stat.node.2.injector.phase_cycles = 3485857
stat.node.2.injector.request_bytes = 1224072
stat.node.2.injector.response_bytes = 1088128
stat.node.2.injector.aggregate_bytes = 2312200
stat.node.2.injector.request_gbps = 6.74215
stat.node.2.injector.response_gbps = 5.99338
stat.node.2.injector.aggregate_gbps = 12.7355
stat.node.2.llc.cxl_miss = 800
stat.node.2.llc.total_miss = 800
stat.node.2.llc.avg_miss_lat = 4124.6
stat.node.2.llc.avg_cxl_lat = 4124.6
stat.node.2.llc.miss_lat_hist_bin_ns = 10
stat.node.2.llc.miss_lat_hist = [0,0,0,0,0,0,0,0,0,0,0,0,0,0,0,0,0,0,0,0,0,0,0,0,0,0,0,0,0,0,0,0,0,0,0,0,0,0,0,0,0,0,0,0,0,0,0,0,0,0,0,0,0,0,0,0,0,0,0,0,0,0,0,0,0,0,0,0,0,0,0,0,0,0,0,0,0,0,0,0,0,0,0,0,0,0,0,0,0,0,0,0,0,0,0,0,0,0,0,0,0,0,0,0,0,8,43,84,119,96,39,6,4,4,2,2,0,2,2,6,2,0,0,2,1,2,2,0,2,0,2,1,1,0,1,0,0,0,1,2,2,0,2,0,1,1,2,1,0,0,1,0,0,0,2,0,0,1,1,0,1,2,0,1,0,2,0,0,2,2,0,0,2,0,2,0,1,1,1,3,0,2,1,3,0,0,0,1,4,2,0,0,0,2,4,0,0,2,2,2,0,0,3,2,0,1,0,0,3,0,1,2,4,1,5,1,1,0,1,2,3,1,1,3,4,4,1,0,1,5,7,3,2,0,5,3,3,2,1,6,5,5,0,2,5,4,8,4,5,6,4,4,2,3,1,1,3,8,1,3,4,9,5,2,2,5,4,3,2,2,4,4,5,1,2,0,5,7,4,3,1,2,3,4,2,0,2,1,4,1,0,3,1,1,2,1,3,5,3,2,2,0,3,1,2,1,2,3,3,2,0,0,1,0,3,2,0,0,1,0,2,0,0,0,0,1,0,0,0,1,0,0,0,0,0,1,0,0,0,0,0,0,0,1,0,0,1,0,0,1,0,0,0,0,0,1]
stat.node.2.util.dram_avg = 3.02947e-06
stat.node.2.walltime_s = 470.29
stat.node.2.active_time_s = 91.9768
stat.node.5.cpu.0.load_issue_to_complete_count = 799
stat.node.5.cpu.0.avg_load_issue_to_complete_lat = 4307.68
stat.node.5.injector.phase_cycles = 3448069
stat.node.5.injector.request_bytes = 1219320
stat.node.5.injector.response_bytes = 1083776
stat.node.5.injector.aggregate_bytes = 2303096
stat.node.5.injector.request_gbps = 6.78958
stat.node.5.injector.response_gbps = 6.03483
stat.node.5.injector.aggregate_gbps = 12.8244
stat.node.5.llc.cxl_miss = 800
stat.node.5.llc.total_miss = 800
stat.node.5.llc.avg_miss_lat = 4074.59
stat.node.5.llc.avg_cxl_lat = 4074.59
stat.node.5.llc.miss_lat_hist_bin_ns = 10
stat.node.5.llc.miss_lat_hist = [0,0,0,0,0,0,0,0,0,0,0,0,0,0,0,0,0,0,0,0,0,0,0,0,0,0,0,0,0,0,0,0,0,0,0,0,0,0,0,0,0,0,0,0,0,0,0,0,0,0,0,0,0,0,0,0,0,0,0,0,0,0,0,0,0,0,0,0,0,0,0,0,0,0,0,0,0,0,0,0,0,0,0,0,0,0,0,0,0,0,0,0,0,0,0,0,0,0,0,0,0,0,0,0,1,9,39,86,119,90,40,7,2,3,5,3,1,6,4,1,1,0,1,2,2,2,1,1,0,6,2,1,0,0,2,0,0,1,1,0,3,1,1,0,0,0,1,2,1,1,1,2,1,0,1,0,0,1,1,0,1,1,0,1,0,1,1,2,1,0,0,1,2,4,3,0,1,1,1,3,0,1,0,1,3,1,0,2,2,0,2,0,3,0,6,3,1,4,3,1,1,0,1,3,2,3,3,1,0,1,5,0,0,1,2,2,0,0,0,6,2,1,0,4,3,8,2,1,1,1,5,3,2,0,3,6,4,1,4,3,7,3,1,2,4,5,2,1,1,5,0,3,6,2,5,9,4,3,4,1,3,9,6,0,0,3,5,6,2,2,3,2,5,2,1,1,0,4,1,2,1,3,2,1,0,1,2,3,5,0,1,2,5,1,2,1,2,1,3,0,0,0,0,4,2,3,0,2,5,1,0,1,1,6,1,0,0,0,1,3,2,0,0,2,1,1,0,0,0,0,0,1,0,0,1,1,0,0,0,0,0,0,0,1,0,0,0,0,0,0,0,0,0,0,0,0,1]
stat.node.5.util.dram_avg = 3.02842e-06
stat.node.5.walltime_s = 470.412
stat.node.5.active_time_s = 107.203
stat.node.6.cpu.0.load_issue_to_complete_count = 799
stat.node.6.cpu.0.avg_load_issue_to_complete_lat = 4355.33
stat.node.6.injector.phase_cycles = 3487364
stat.node.6.injector.request_bytes = 1227960
stat.node.6.injector.response_bytes = 1092032
stat.node.6.injector.aggregate_bytes = 2319992
stat.node.6.injector.request_gbps = 6.76065
stat.node.6.injector.response_gbps = 6.01228
stat.node.6.injector.aggregate_gbps = 12.7729
stat.node.6.llc.cxl_miss = 800
stat.node.6.llc.total_miss = 800
stat.node.6.llc.avg_miss_lat = 4121.56
stat.node.6.llc.avg_cxl_lat = 4121.56
stat.node.6.llc.miss_lat_hist_bin_ns = 10
stat.node.6.llc.miss_lat_hist = [0,0,0,0,0,0,0,0,0,0,0,0,0,0,0,0,0,0,0,0,0,0,0,0,0,0,0,0,0,0,0,0,0,0,0,0,0,0,0,0,0,0,0,0,0,0,0,0,0,0,0,0,0,0,0,0,0,0,0,0,0,0,0,0,0,0,0,0,0,0,0,0,0,0,0,0,0,0,0,0,0,0,0,0,0,0,0,0,0,0,0,0,0,0,0,0,0,0,0,0,0,0,0,0,0,8,48,81,97,122,35,7,1,2,5,3,0,2,5,0,3,0,3,1,1,3,1,1,1,0,3,0,0,0,0,0,2,1,0,1,1,0,0,0,0,0,1,0,0,0,0,1,1,1,2,0,0,3,1,0,0,0,1,3,0,1,1,1,2,0,1,0,1,3,0,0,1,2,0,1,0,1,5,2,1,2,1,1,2,2,0,1,0,2,2,0,5,1,2,3,1,3,0,1,2,0,0,1,3,3,1,1,0,0,1,0,2,1,0,6,1,0,4,3,1,2,6,0,2,3,5,3,3,1,5,4,4,7,1,4,5,2,1,4,0,4,4,4,3,6,4,5,2,0,4,9,5,5,2,3,4,8,2,3,2,5,4,5,0,0,3,3,5,2,1,1,2,6,1,1,2,3,4,1,4,1,6,5,5,3,2,2,1,6,1,0,2,0,2,0,2,1,7,2,1,0,1,1,0,0,1,1,1,1,0,4,0,1,1,0,1,1,0,1,0,1,0,0,1,0,1,0,0,1,2,0,0,0,0,0,1,0,0,0,0,0,0,0,1]
stat.node.6.util.dram_avg = 3.01861e-06
stat.node.6.walltime_s = 471.284
stat.node.6.active_time_s = 118.181
stat.node.4.cpu.0.load_issue_to_complete_count = 799
stat.node.4.cpu.0.avg_load_issue_to_complete_lat = 4347.44
stat.node.4.injector.phase_cycles = 3477270
stat.node.4.injector.request_bytes = 1220688
stat.node.4.injector.response_bytes = 1084864
stat.node.4.injector.aggregate_bytes = 2305552
stat.node.4.injector.request_gbps = 6.74012
stat.node.4.injector.response_gbps = 5.99016
stat.node.4.injector.aggregate_gbps = 12.7303
stat.node.4.llc.cxl_miss = 800
stat.node.4.llc.total_miss = 800
stat.node.4.llc.avg_miss_lat = 4125.71
stat.node.4.llc.avg_cxl_lat = 4125.71
stat.node.4.llc.miss_lat_hist_bin_ns = 10
stat.node.4.llc.miss_lat_hist = [0,0,0,0,0,0,0,0,0,0,0,0,0,0,0,0,0,0,0,0,0,0,0,0,0,0,0,0,0,0,0,0,0,0,0,0,0,0,0,0,0,0,0,0,0,0,0,0,0,0,0,0,0,0,0,0,0,0,0,0,0,0,0,0,0,0,0,0,0,0,0,0,0,0,0,0,0,0,0,0,0,0,0,0,0,0,0,0,0,0,0,0,0,0,0,0,0,0,0,0,0,0,0,0,0,7,41,91,114,90,38,6,6,5,4,4,0,1,4,2,1,0,2,2,3,2,1,1,3,2,2,2,1,1,3,0,0,1,0,0,1,0,1,1,0,0,0,1,2,0,1,1,0,1,0,0,0,4,1,0,1,0,3,2,0,1,0,0,1,1,0,2,0,1,0,0,2,2,0,0,1,1,4,0,2,1,1,0,3,1,1,0,2,1,0,0,1,3,3,2,3,0,0,1,3,3,1,0,2,3,1,1,1,1,1,1,3,0,3,2,1,0,1,0,3,4,6,1,5,2,4,3,2,0,5,5,3,5,3,5,3,4,4,1,1,6,6,1,3,3,5,3,2,1,3,3,6,5,2,8,6,3,2,4,0,1,3,3,4,0,2,8,4,4,3,2,2,4,4,0,1,1,5,1,2,2,4,3,2,2,2,3,4,1,1,1,1,4,3,2,0,0,3,6,1,1,0,1,3,1,0,2,1,3,1,0,0,0,2,2,3,2,0,0,2,1,1,0,1,1,0,0,0,0,0,0,1,0,0,0,1,0,0,0,0,0,0,0,0,0,0,0,0,0,0,0,0,0,0,0,0,0,0,1]
stat.node.4.util.dram_avg = 3.01563e-06
stat.node.4.walltime_s = 471.723
stat.node.4.active_time_s = 109.968
stat.node.3.cpu.0.load_issue_to_complete_count = 799
stat.node.3.cpu.0.avg_load_issue_to_complete_lat = 4372.69
stat.node.3.injector.phase_cycles = 3497457
stat.node.3.injector.request_bytes = 1223280
stat.node.3.injector.response_bytes = 1087360
stat.node.3.injector.aggregate_bytes = 2310640
stat.node.3.injector.request_gbps = 6.71544
stat.node.3.injector.response_gbps = 5.96928
stat.node.3.injector.aggregate_gbps = 12.6847
stat.node.3.llc.cxl_miss = 800
stat.node.3.llc.total_miss = 800
stat.node.3.llc.avg_miss_lat = 4138.82
stat.node.3.llc.avg_cxl_lat = 4138.82
stat.node.3.llc.miss_lat_hist_bin_ns = 10
stat.node.3.llc.miss_lat_hist = [0,0,0,0,0,0,0,0,0,0,0,0,0,0,0,0,0,0,0,0,0,0,0,0,0,0,0,0,0,0,0,0,0,0,0,0,0,0,0,0,0,0,0,0,0,0,0,0,0,0,0,0,0,0,0,0,0,0,0,0,0,0,0,0,0,0,0,0,0,0,0,0,0,0,0,0,0,0,0,0,0,0,0,0,0,0,0,0,0,0,0,0,0,0,0,0,0,0,0,0,0,0,0,0,0,16,33,85,107,98,45,5,3,3,6,0,0,4,3,5,3,0,1,3,0,4,0,0,2,4,1,1,1,4,1,0,0,0,0,1,0,0,2,0,1,0,2,1,0,1,0,1,0,1,0,0,0,1,2,0,0,1,2,1,2,0,3,3,0,1,0,2,4,2,1,0,2,1,0,1,1,0,0,0,2,0,2,2,2,2,0,0,1,1,1,2,0,1,0,4,1,0,1,1,2,2,0,2,2,3,2,2,1,3,3,0,3,1,1,4,2,0,1,2,2,5,0,0,2,1,8,0,1,1,6,2,3,2,1,4,4,2,5,0,3,4,9,0,0,2,6,8,2,3,2,6,5,1,2,5,6,6,4,3,1,3,4,5,4,0,6,3,5,3,1,1,1,5,0,0,3,3,3,3,3,1,2,5,7,0,2,1,2,2,2,2,2,2,1,1,0,2,3,2,2,1,1,2,2,2,2,0,1,2,5,1,1,3,2,2,1,0,2,0,0,0,0,1,0,1,1,0,0,0,0,1,1,1,0,1,0,0,0,0,0,0,0,0,0,0,0,1,0,0,0,0,0,1]
stat.node.3.util.dram_avg = 3.00282e-06
stat.node.3.walltime_s = 472.878
stat.node.3.active_time_s = 112.104
stat.node.0.cpu.0.load_issue_to_complete_count = 799
stat.node.0.cpu.0.avg_load_issue_to_complete_lat = 4342.16
stat.node.0.injector.phase_cycles = 3475832
stat.node.0.injector.request_bytes = 1218096
stat.node.0.injector.response_bytes = 1082752
stat.node.0.injector.aggregate_bytes = 2300848
stat.node.0.injector.request_gbps = 6.72859
stat.node.0.injector.response_gbps = 5.98097
stat.node.0.injector.aggregate_gbps = 12.7096
stat.node.0.llc.cxl_miss = 800
stat.node.0.llc.total_miss = 800
stat.node.0.llc.avg_miss_lat = 4103.27
stat.node.0.llc.avg_cxl_lat = 4103.27
stat.node.0.llc.miss_lat_hist_bin_ns = 10
stat.node.0.llc.miss_lat_hist = [0,0,0,0,0,0,0,0,0,0,0,0,0,0,0,0,0,0,0,0,0,0,0,0,0,0,0,0,0,0,0,0,0,0,0,0,0,0,0,0,0,0,0,0,0,0,0,0,0,0,0,0,0,0,0,0,0,0,0,0,0,0,0,0,0,0,0,0,0,0,0,0,0,0,0,0,0,0,0,0,0,0,0,0,0,0,0,0,0,0,0,0,0,0,0,0,0,0,0,0,0,0,0,0,0,11,50,79,107,99,39,3,1,7,2,2,0,3,5,7,2,1,4,1,1,2,1,2,0,1,2,1,2,1,2,1,1,1,1,1,0,0,0,0,2,1,2,2,2,1,1,2,0,0,0,0,1,2,1,0,0,1,2,0,1,1,0,2,0,0,0,0,2,1,2,0,3,0,0,4,0,1,3,2,0,0,0,2,2,1,0,1,1,1,2,1,1,1,1,1,1,0,0,1,1,1,0,1,3,4,0,0,0,3,3,2,2,3,2,2,2,0,3,0,5,7,4,1,3,4,2,4,0,3,1,3,5,3,1,8,6,6,2,1,3,4,9,0,3,1,5,5,1,1,0,7,7,3,3,3,1,8,2,2,3,3,6,6,1,3,4,4,5,3,3,0,1,7,2,2,0,1,3,1,1,3,1,4,3,1,0,4,3,2,1,0,2,3,4,1,3,0,2,6,2,1,2,1,1,1,0,0,0,2,1,0,0,0,1,0,1,1,0,0,1,0,1,0,0,2,0,0,0,0,0,1,1,1,0,1,0,0,0,0,0,0,0,1,0,1,0,0,0,0,0,1,0,1,0,0,0,0,0,0,0,0,0,0,0,0,0,0,0,0,0,0,0,0,0,0,0,0,0,0,0,0,0,0,0,0,0,0,0,1]
stat.node.0.util.dram_avg = 3.00036e-06
stat.node.0.walltime_s = 473.14
stat.node.0.active_time_s = 95.0034
stat.node.6.cpu.0.retired = 1613
stat.node.6.cpu.0.cycles = 8000000
stat.node.5.cpu.0.retired = 1619
stat.node.5.cpu.0.cycles = 8000000
stat.node.3.cpu.0.retired = 1601
stat.node.3.cpu.0.cycles = 8000000
stat.node.2.cpu.0.retired = 1618
stat.node.2.cpu.0.cycles = 8000000
stat.node.1.cpu.0.retired = 1593
stat.node.1.cpu.0.cycles = 8000000
stat.node.7.cpu.0.retired = 1589
stat.node.7.cpu.0.cycles = 8000000
stat.node.0.cpu.0.retired = 1600
stat.node.0.cpu.0.cycles = 8000000
stat.node.4.cpu.0.retired = 1609
stat.node.4.cpu.0.cycles = 8000000
stat.node.1.cpu.0.load_issue_to_complete_count = 799
stat.node.1.cpu.0.avg_load_issue_to_complete_lat = 4390.23
stat.node.1.injector.phase_cycles = 3511447
stat.node.1.injector.request_bytes = 1227528
stat.node.1.injector.response_bytes = 1091328
stat.node.1.injector.aggregate_bytes = 2318856
stat.node.1.injector.request_gbps = 6.71192
stat.node.1.injector.response_gbps = 5.9672
stat.node.1.injector.aggregate_gbps = 12.6791
stat.node.1.llc.cxl_miss = 800
stat.node.1.llc.total_miss = 800
stat.node.1.llc.avg_miss_lat = 4158.16
stat.node.1.llc.avg_cxl_lat = 4158.16
stat.node.1.llc.miss_lat_hist_bin_ns = 10
stat.node.1.llc.miss_lat_hist = [0,0,0,0,0,0,0,0,0,0,0,0,0,0,0,0,0,0,0,0,0,0,0,0,0,0,0,0,0,0,0,0,0,0,0,0,0,0,0,0,0,0,0,0,0,0,0,0,0,0,0,0,0,0,0,0,0,0,0,0,0,0,0,0,0,0,0,0,0,0,0,0,0,0,0,0,0,0,0,0,0,0,0,0,0,0,0,0,0,0,0,0,0,0,0,0,0,0,0,0,0,0,0,0,1,10,50,92,113,81,38,4,2,1,3,3,1,2,2,3,2,1,1,1,0,3,2,2,2,0,0,0,2,0,4,5,1,0,0,0,3,2,1,0,1,1,1,0,0,0,1,2,0,1,0,0,2,1,0,0,0,0,1,3,1,2,0,2,1,0,0,1,2,0,0,1,0,2,2,0,0,1,3,0,1,0,0,1,1,1,1,0,0,1,2,0,0,2,1,0,0,0,0,3,2,2,1,0,0,5,2,1,2,3,0,4,2,0,1,5,3,1,3,2,4,5,4,0,1,2,5,3,4,0,2,4,3,0,1,7,5,1,7,2,5,5,7,5,5,1,9,9,2,0,4,3,2,4,5,2,1,6,3,2,0,5,6,5,4,3,3,3,8,2,1,3,4,5,3,1,2,1,4,2,2,2,2,4,4,0,0,5,5,0,1,2,1,3,4,1,0,1,0,4,1,1,0,0,3,2,0,1,2,2,2,0,0,1,1,1,2,1,0,1,1,0,1,1,0,0,2,1,0,0,1,0,1,0,0,0,0,0,0,0,0,0,0,0,0,0,1,1]
stat.node.1.util.dram_avg = 2.98892e-06
stat.node.1.walltime_s = 474.262
stat.node.1.active_time_s = 99.0727
stat.node.7.cpu.0.load_issue_to_complete_count = 799
stat.node.7.cpu.0.avg_load_issue_to_complete_lat = 4416.76
stat.node.7.injector.phase_cycles = 3532656
stat.node.7.injector.request_bytes = 1230776
stat.node.7.injector.response_bytes = 1094080
stat.node.7.injector.aggregate_bytes = 2324856
stat.node.7.injector.request_gbps = 6.68927
stat.node.7.injector.response_gbps = 5.94633
stat.node.7.injector.aggregate_gbps = 12.6356
stat.node.7.llc.cxl_miss = 800
stat.node.7.llc.total_miss = 800
stat.node.7.llc.avg_miss_lat = 4194.37
stat.node.7.llc.avg_cxl_lat = 4194.37
stat.node.7.llc.miss_lat_hist_bin_ns = 10
stat.node.7.llc.miss_lat_hist = [0,0,0,0,0,0,0,0,0,0,0,0,0,0,0,0,0,0,0,0,0,0,0,0,0,0,0,0,0,0,0,0,0,0,0,0,0,0,0,0,0,0,0,0,0,0,0,0,0,0,0,0,0,0,0,0,0,0,0,0,0,0,0,0,0,0,0,0,0,0,0,0,0,0,0,0,0,0,0,0,0,0,0,0,0,0,0,0,0,0,0,0,0,0,0,0,0,0,0,0,0,0,0,0,0,8,43,90,126,77,37,9,5,2,3,2,0,2,3,2,2,1,0,2,0,2,1,5,0,2,0,1,0,2,2,0,2,0,0,0,0,1,0,1,0,0,1,0,1,0,2,1,0,0,1,0,1,0,1,0,0,0,0,0,1,0,0,2,0,0,0,2,0,3,1,0,1,3,2,0,1,0,0,4,2,1,3,1,2,1,1,0,1,1,1,1,2,0,2,4,1,0,1,0,3,2,0,0,0,2,2,1,1,4,3,0,1,0,2,1,2,0,3,3,5,3,6,4,3,4,9,4,4,2,3,0,1,1,4,5,4,2,2,1,5,10,2,1,3,3,5,2,2,1,3,5,3,4,1,3,3,5,4,1,1,5,6,2,3,3,3,2,2,3,2,3,5,3,5,4,2,1,4,4,1,1,3,3,4,4,2,3,4,5,4,0,1,2,6,0,1,1,3,1,1,2,3,2,4,0,0,0,2,1,3,2,1,0,2,1,2,1,0,0,3,3,0,0,0,0,0,1,0,1,0,1,1,0,0,0,0,0,0,0,0,1,0,0,0,0,1]
stat.node.7.util.dram_avg = 2.98074e-06
stat.node.7.walltime_s = 475.253
stat.node.7.active_time_s = 99.8825
stat.pool.104.util.mem_avg = 0.188575
stat.pool.104.util.req_link_avg = 0.999943
stat.pool.104.walltime_s = 475.253
stat.pool.104.active_time_s = 2.69351
stat.pool.103.util.mem_avg = 0.188575
stat.pool.103.util.req_link_avg = 0.999943
stat.pool.103.walltime_s = 475.254
stat.pool.103.active_time_s = 2.79318
stat.pool.102.util.mem_avg = 0.188576
stat.pool.102.util.req_link_avg = 0.999943
stat.pool.102.walltime_s = 475.254
stat.pool.102.active_time_s = 2.84325
stat.pool.101.util.mem_avg = 0.188574
stat.pool.101.util.req_link_avg = 0.999943
stat.pool.101.walltime_s = 475.254
stat.pool.101.active_time_s = 2.65622
stat.pool.100.util.mem_avg = 0.188575
stat.pool.100.util.req_link_avg = 0.999943
stat.pool.100.walltime_s = 475.254
stat.pool.100.active_time_s = 2.85981
stat.switch.replicated_messages = 1569210
stat.switch.util.node_ingress_avg = 0.137786
stat.switch.util.pool_ingress_avg = 0.20419
stat.switch.bw.host_to_switch_gbps = 6.7726
stat.switch.bw.switch_to_host_gbps = 6.27269
stat.switch.bw.host_link_total_gbps = 13.0453
stat.switch.walltime_s = 475.254
stat.switch.active_time_s = 16.5322
Simulation is complete, simulated time: 3.35755 ms
