stat.node.2.cpu.0.retired = 373
stat.node.2.cpu.0.cycles = 1000000
stat.node.3.cpu.0.retired = 381
stat.node.3.cpu.0.cycles = 1000000
stat.node.4.cpu.0.retired = 339
stat.node.4.cpu.0.cycles = 1000000
stat.node.5.cpu.0.retired = 314
stat.node.5.cpu.0.cycles = 1000000
stat.node.6.cpu.0.retired = 252
stat.node.6.cpu.0.cycles = 1000000
stat.node.7.cpu.0.retired = 286
stat.node.7.cpu.0.cycles = 1000000
stat.node.0.cpu.0.retired = 346
stat.node.0.cpu.0.cycles = 1000000
stat.node.1.cpu.0.retired = 378
stat.node.1.cpu.0.cycles = 1000000
stat.node.5.cpu.0.retired = 643
stat.node.5.cpu.0.cycles = 2000000
stat.node.6.cpu.0.retired = 501
stat.node.6.cpu.0.cycles = 2000000
stat.node.1.cpu.0.retired = 637
stat.node.1.cpu.0.cycles = 2000000
stat.node.7.cpu.0.retired = 546
stat.node.7.cpu.0.cycles = 2000000
stat.node.0.cpu.0.retired = 596
stat.node.0.cpu.0.cycles = 2000000
stat.node.2.cpu.0.retired = 623
stat.node.2.cpu.0.cycles = 2000000
stat.node.3.cpu.0.retired = 718
stat.node.3.cpu.0.cycles = 2000000
stat.node.4.cpu.0.retired = 679
stat.node.4.cpu.0.cycles = 2000000
stat.node.4.cpu.0.retired = 926
stat.node.4.cpu.0.cycles = 3000000
stat.node.1.cpu.0.retired = 879
stat.node.1.cpu.0.cycles = 3000000
stat.node.7.cpu.0.retired = 870
stat.node.7.cpu.0.cycles = 3000000
stat.node.0.cpu.0.retired = 917
stat.node.0.cpu.0.cycles = 3000000
stat.node.2.cpu.0.retired = 864
stat.node.2.cpu.0.cycles = 3000000
stat.node.3.cpu.0.retired = 1089
stat.node.3.cpu.0.cycles = 3000000
stat.node.6.cpu.0.retired = 739
stat.node.6.cpu.0.cycles = 3000000
stat.node.5.cpu.0.retired = 929
stat.node.5.cpu.0.cycles = 3000000
stat.node.7.cpu.0.retired = 1124
stat.node.7.cpu.0.cycles = 4000000
stat.node.0.cpu.0.retired = 1171
stat.node.0.cpu.0.cycles = 4000000
stat.node.2.cpu.0.retired = 1117
stat.node.2.cpu.0.cycles = 4000000
stat.node.3.cpu.0.retired = 1447
stat.node.3.cpu.0.cycles = 4000000
stat.node.6.cpu.0.retired = 991
stat.node.6.cpu.0.cycles = 4000000
stat.node.5.cpu.0.retired = 1181
stat.node.5.cpu.0.cycles = 4000000
stat.node.4.cpu.0.retired = 1268
stat.node.4.cpu.0.cycles = 4000000
stat.node.1.cpu.0.retired = 1131
stat.node.1.cpu.0.cycles = 4000000
stat.node.3.cpu.0.load_issue_to_complete_count = 799
stat.node.3.cpu.0.avg_load_issue_to_complete_lat = 2815.63
stat.node.3.injector.phase_cycles = 2254659
stat.node.3.injector.request_bytes = 786600
stat.node.3.injector.response_bytes = 699328
stat.node.3.injector.aggregate_bytes = 1485928
stat.node.3.injector.request_gbps = 6.69845
stat.node.3.injector.response_gbps = 5.95527
stat.node.3.injector.aggregate_gbps = 12.6537
stat.node.3.llc.cxl_miss = 800
stat.node.3.llc.total_miss = 800
stat.node.3.llc.avg_miss_lat = 2617.86
stat.node.3.llc.avg_cxl_lat = 2617.86
stat.node.3.llc.miss_lat_hist_bin_ns = 10
stat.node.3.llc.miss_lat_hist = [0,0,0,0,0,0,0,0,0,0,0,0,0,0,0,0,0,0,0,0,0,0,0,0,0,0,0,0,0,0,0,0,0,0,0,0,0,0,0,0,0,0,2,7,9,10,6,5,5,11,16,10,8,11,9,13,7,9,4,11,5,6,8,6,6,11,2,3,8,3,3,3,9,9,11,4,8,5,11,6,5,2,9,12,5,7,3,11,5,0,6,5,3,2,3,3,0,6,5,0,2,2,2,2,3,4,9,4,1,4,2,3,3,3,3,2,7,1,4,2,4,0,3,1,2,0,3,4,4,1,4,4,2,4,5,6,3,4,10,7,15,8,8,8,17,12,13,6,14,11,10,3,6,9,6,12,7,8,5,7,5,6,13,9,7,2,9,3,3,5,4,6,8,5,1,3,4,3,2,2,1,1,1,2,0,0,0,2,1,1]
stat.node.3.util.dram_avg = 5.22678e-06
stat.node.3.walltime_s = 520.682
stat.node.3.active_time_s = 72.3951
stat.node.0.cpu.0.retired = 1424
stat.node.0.cpu.0.cycles = 5000000
stat.node.2.cpu.0.retired = 1371
stat.node.2.cpu.0.cycles = 5000000
stat.node.1.cpu.0.retired = 1385
stat.node.1.cpu.0.cycles = 5000000
stat.node.3.cpu.0.retired = 1705
stat.node.3.cpu.0.cycles = 5000000
stat.node.5.cpu.0.retired = 1435
stat.node.5.cpu.0.cycles = 5000000
stat.node.4.cpu.0.retired = 1529
stat.node.4.cpu.0.cycles = 5000000
stat.node.6.cpu.0.retired = 1247
stat.node.6.cpu.0.cycles = 5000000
stat.node.7.cpu.0.retired = 1465
stat.node.7.cpu.0.cycles = 5000000
stat.node.4.cpu.0.load_issue_to_complete_count = 799
stat.node.4.cpu.0.avg_load_issue_to_complete_lat = 3272.29
stat.node.4.injector.phase_cycles = 2619020
stat.node.4.injector.request_bytes = 915624
stat.node.4.injector.response_bytes = 814720
stat.node.4.injector.aggregate_bytes = 1730344
stat.node.4.injector.request_gbps = 6.71243
stat.node.4.injector.response_gbps = 5.9727
stat.node.4.injector.aggregate_gbps = 12.6851
stat.node.4.llc.cxl_miss = 800
stat.node.4.llc.total_miss = 800
stat.node.4.llc.avg_miss_lat = 3060.25
stat.node.4.llc.avg_cxl_lat = 3060.25
stat.node.4.llc.miss_lat_hist_bin_ns = 10
stat.node.4.llc.miss_lat_hist = [0,0,0,0,0,0,0,0,0,0,0,0,0,0,0,0,0,0,0,0,0,0,0,0,0,0,0,0,0,0,0,0,0,0,0,0,0,0,0,0,0,0,3,5,3,3,5,2,3,3,2,2,0,3,6,5,4,6,3,7,5,4,3,6,4,5,2,3,6,6,6,4,3,11,7,4,2,2,5,6,4,2,1,1,3,5,2,3,6,1,3,4,2,2,2,3,3,2,2,0,2,2,4,1,2,2,1,4,1,1,4,5,1,3,6,1,1,3,2,2,6,4,2,0,2,0,2,2,0,3,6,3,7,5,7,18,7,7,14,17,21,17,11,15,19,21,14,10,19,16,22,9,5,9,10,13,8,12,10,12,7,5,10,15,8,9,8,7,12,7,6,8,10,12,2,5,8,2,1,2,2,3,4,0,1,1,0,1,0,0,0,0,0,1]
stat.node.4.util.dram_avg = 4.68752e-06
stat.node.4.walltime_s = 600.061
stat.node.4.active_time_s = 69.6634
stat.node.7.cpu.0.load_issue_to_complete_count = 799
stat.node.7.cpu.0.avg_load_issue_to_complete_lat = 3493.82
stat.node.7.injector.phase_cycles = 2796521
stat.node.7.injector.request_bytes = 973728
stat.node.7.injector.response_bytes = 865408
stat.node.7.injector.aggregate_bytes = 1839136
stat.node.7.injector.request_gbps = 6.6853
stat.node.7.injector.response_gbps = 5.94161
stat.node.7.injector.aggregate_gbps = 12.6269
stat.node.7.llc.cxl_miss = 800
stat.node.7.llc.total_miss = 800
stat.node.7.llc.avg_miss_lat = 3277.65
stat.node.7.llc.avg_cxl_lat = 3277.65
stat.node.7.llc.miss_lat_hist_bin_ns = 10
stat.node.7.llc.miss_lat_hist = [0,0,0,0,0,0,0,0,0,0,0,0,0,0,0,0,0,0,0,0,0,0,0,0,0,0,0,0,0,0,0,0,0,0,0,0,0,0,0,0,0,0,0,0,0,0,0,0,0,0,0,1,1,0,0,1,0,2,0,0,0,0,0,1,4,1,0,1,2,3,1,1,2,2,2,1,3,4,3,2,2,1,6,1,3,1,3,3,4,4,4,5,4,7,3,0,4,7,3,3,8,5,3,6,3,6,7,6,2,3,6,3,10,1,3,5,8,7,3,1,7,5,5,1,4,5,3,4,4,3,8,3,5,9,14,18,9,13,13,27,22,17,8,13,25,16,13,9,16,14,12,9,14,7,12,9,10,20,16,20,4,6,14,13,7,8,9,14,13,6,7,11,8,5,0,2,7,5,2,2,1,4,2,1,0,1,2,0,0,0,1,0,0,0,0,1]
stat.node.7.util.dram_avg = 4.35143e-06
stat.node.7.walltime_s = 622.559
stat.node.7.active_time_s = 82.6574
stat.node.5.cpu.0.load_issue_to_complete_count = 799
stat.node.5.cpu.0.avg_load_issue_to_complete_lat = 3623.85
stat.node.5.injector.phase_cycles = 2898673
stat.node.5.injector.request_bytes = 1011312
stat.node.5.injector.response_bytes = 898304
stat.node.5.injector.aggregate_bytes = 1909616
stat.node.5.injector.request_gbps = 6.69865
stat.node.5.injector.response_gbps = 5.95011
stat.node.5.injector.aggregate_gbps = 12.6488
stat.node.5.llc.cxl_miss = 800
stat.node.5.llc.total_miss = 800
stat.node.5.llc.avg_miss_lat = 3404.92
stat.node.5.llc.avg_cxl_lat = 3404.92
stat.node.5.llc.miss_lat_hist_bin_ns = 10
stat.node.5.llc.miss_lat_hist = [0,0,0,0,0,0,0,0,0,0,0,0,0,0,0,0,0,0,0,0,0,0,0,0,0,0,0,0,0,0,0,0,0,0,0,0,0,0,0,0,0,0,0,0,0,1,0,1,0,0,1,0,1,0,0,0,0,1,0,3,2,2,1,0,1,0,3,0,1,2,0,0,1,4,3,1,3,3,5,7,0,3,2,2,2,1,2,3,0,4,1,1,7,3,0,0,2,3,5,1,1,2,3,0,2,1,3,3,1,2,6,3,5,0,2,7,4,3,7,0,6,2,5,1,3,1,6,4,2,4,4,4,4,10,15,20,9,5,12,19,21,20,7,17,25,19,11,10,21,20,27,14,13,9,18,14,9,11,12,11,6,12,12,10,7,12,14,10,12,12,7,15,9,9,7,3,8,8,5,7,1,1,6,4,1,1,2,3,1,2,1,0,1,0,0,0,0,0,0,0,1,0,0,1]
stat.node.5.util.dram_avg = 4.35088e-06
stat.node.5.walltime_s = 622.59
stat.node.5.active_time_s = 81.3493
stat.node.0.cpu.0.load_issue_to_complete_count = 799
stat.node.0.cpu.0.avg_load_issue_to_complete_lat = 3902.3
stat.node.0.injector.phase_cycles = 3122597
stat.node.0.injector.request_bytes = 1084616
stat.node.0.injector.response_bytes = 964160
stat.node.0.injector.aggregate_bytes = 2048776
stat.node.0.injector.request_gbps = 6.66901
stat.node.0.injector.response_gbps = 5.92836
stat.node.0.injector.aggregate_gbps = 12.5974
stat.node.0.llc.cxl_miss = 800
stat.node.0.llc.total_miss = 800
stat.node.0.llc.avg_miss_lat = 3680.04
stat.node.0.llc.avg_cxl_lat = 3680.04
stat.node.0.llc.miss_lat_hist_bin_ns = 10
stat.node.0.llc.miss_lat_hist = [0,0,0,0,0,0,0,0,0,0,0,0,0,0,0,0,0,0,0,0,0,0,0,0,0,0,0,0,0,0,0,0,0,0,0,0,0,0,0,0,0,0,0,0,0,0,0,0,0,0,0,0,0,0,0,0,0,0,0,0,0,0,0,0,0,0,0,0,0,0,0,0,0,0,0,0,0,0,0,0,0,0,0,0,0,0,0,0,0,0,0,0,0,0,0,1,0,0,0,1,0,0,0,0,0,0,0,0,1,0,0,1,1,1,0,0,0,1,0,1,0,0,2,0,0,1,1,0,0,4,9,7,1,6,15,22,20,14,10,26,30,19,17,21,30,25,18,12,24,27,22,13,16,14,18,14,11,21,23,11,9,21,19,21,12,12,16,10,17,10,6,12,16,14,9,12,12,7,4,4,4,4,4,0,1,2,2,4,0,1,0,0,2,0,0,0,0,0,0,0,0,0,0,0,0,0,0,0,0,1]
stat.node.0.util.dram_avg = 4.2216e-06
stat.node.0.walltime_s = 639.2
stat.node.0.active_time_s = 78.5087
stat.node.1.cpu.0.load_issue_to_complete_count = 799
stat.node.1.cpu.0.avg_load_issue_to_complete_lat = 3928.64
stat.node.1.injector.phase_cycles = 3144348
stat.node.1.injector.request_bytes = 1094544
stat.node.1.injector.response_bytes = 972928
stat.node.1.injector.aggregate_bytes = 2067472
stat.node.1.injector.request_gbps = 6.6835
stat.node.1.injector.response_gbps = 5.94089
stat.node.1.injector.aggregate_gbps = 12.6244
stat.node.1.llc.cxl_miss = 800
stat.node.1.llc.total_miss = 800
stat.node.1.llc.avg_miss_lat = 3705.33
stat.node.1.llc.avg_cxl_lat = 3705.33
stat.node.1.llc.miss_lat_hist_bin_ns = 10
stat.node.1.llc.miss_lat_hist = [0,0,0,0,0,0,0,0,0,0,0,0,0,0,0,0,0,0,0,0,0,0,0,0,0,0,0,0,0,0,0,0,0,0,0,0,0,0,0,0,0,0,0,0,0,0,0,0,0,0,0,0,0,0,0,0,0,0,0,0,0,0,0,0,0,0,0,0,0,0,0,0,0,0,0,0,0,0,0,0,0,0,0,0,0,0,0,0,0,0,0,0,0,0,0,0,0,0,0,0,0,0,0,0,0,0,0,0,0,0,0,0,0,0,0,0,0,0,0,0,0,0,1,0,1,0,1,2,4,2,5,0,6,7,20,19,12,8,15,21,26,22,19,16,36,27,18,10,16,25,22,18,28,14,25,18,13,14,23,12,14,8,21,20,7,12,13,16,20,9,7,13,23,8,10,12,14,9,5,4,2,4,5,3,2,4,4,1,2,0,1,0,0,0,0,0,0,0,0,0,1]
stat.node.1.util.dram_avg = 4.11571e-06
stat.node.1.walltime_s = 647.627
stat.node.1.active_time_s = 85.3015
stat.node.2.cpu.0.load_issue_to_complete_count = 799
stat.node.2.cpu.0.avg_load_issue_to_complete_lat = 3915.51
stat.node.2.injector.phase_cycles = 3133995
stat.node.2.injector.request_bytes = 1090512
stat.node.2.injector.response_bytes = 969280
stat.node.2.injector.aggregate_bytes = 2059792
stat.node.2.injector.request_gbps = 6.68088
stat.node.2.injector.response_gbps = 5.93816
stat.node.2.injector.aggregate_gbps = 12.619
stat.node.2.llc.cxl_miss = 800
stat.node.2.llc.total_miss = 800
stat.node.2.llc.avg_miss_lat = 3694.25
stat.node.2.llc.avg_cxl_lat = 3694.25
stat.node.2.llc.miss_lat_hist_bin_ns = 10
stat.node.2.llc.miss_lat_hist = [0,0,0,0,0,0,0,0,0,0,0,0,0,0,0,0,0,0,0,0,0,0,0,0,0,0,0,0,0,0,0,0,0,0,0,0,0,0,0,0,0,0,0,0,0,0,0,0,0,0,0,0,0,0,0,0,0,0,0,0,0,0,0,0,0,0,0,0,0,0,0,0,0,0,0,0,0,0,0,0,0,0,0,0,0,0,0,0,0,0,0,0,0,0,0,0,0,0,0,0,0,0,0,0,0,0,0,0,0,0,0,0,0,0,0,0,0,0,0,0,1,0,0,0,0,1,1,0,3,4,3,2,3,12,20,23,11,12,13,24,16,20,18,20,29,40,17,13,16,27,28,19,26,18,15,16,12,9,30,18,17,15,21,10,9,11,15,19,21,10,7,14,15,7,8,7,6,7,5,3,1,4,10,4,2,0,2,2,3,1,0,1,0,0,0,0,1,0,0,0,1,0,0,0,0,0,1]
stat.node.2.util.dram_avg = 4.07947e-06
stat.node.2.walltime_s = 650.992
stat.node.2.active_time_s = 83.6309
stat.node.6.cpu.0.retired = 1501
stat.node.6.cpu.0.cycles = 6000000
stat.node.0.cpu.0.retired = 1681
stat.node.5.cpu.0.retired = 1781
stat.node.5.cpu.0.cycles = 6000000
stat.node.1.cpu.0.retired = 1644
stat.node.1.cpu.0.cycles = 6000000
stat.node.2.cpu.0.retired = 1630
stat.node.2.cpu.0.cycles = 6000000
stat.node.3.cpu.0.retired = 2055
stat.node.3.cpu.0.cycles = 6000000
stat.node.7.cpu.0.retired = 1725
stat.node.7.cpu.0.cycles = 6000000
stat.node.4.cpu.0.retired = 2023
stat.node.4.cpu.0.cycles = 6000000
stat.node.0.cpu.0.cycles = 6000000
stat.node.6.cpu.0.load_issue_to_complete_count = 799
stat.node.6.cpu.0.avg_load_issue_to_complete_lat = 3911.6
stat.pool.103.util.mem_avg = 0.196194
stat.pool.103.util.req_link_avg = 0.999923
stat.pool.103.walltime_s = 706.082
stat.pool.103.active_time_s = 2.63033
stat.pool.102.util.mem_avg = 0.196194
stat.pool.102.util.req_link_avg = 0.999924
stat.pool.102.walltime_s = 706.082
stat.pool.102.active_time_s = 2.60478
stat.pool.101.util.mem_avg = 0.196195
stat.pool.101.util.req_link_avg = 0.999923
stat.pool.101.walltime_s = 706.082
stat.node.6.injector.phase_cycles = 3130363
stat.node.6.injector.request_bytes = 1091808
stat.node.6.injector.response_bytes = 970496
stat.node.6.injector.aggregate_bytes = 2062304
stat.node.6.injector.request_gbps = 6.69658
stat.node.6.injector.response_gbps = 5.95251
stat.node.6.injector.aggregate_gbps = 12.6491
stat.node.6.llc.cxl_miss = 800
stat.node.6.llc.total_miss = 800
stat.node.6.llc.avg_miss_lat = 3689.4
stat.node.6.llc.avg_cxl_lat = 3689.4
stat.node.6.llc.miss_lat_hist_bin_ns = 10
stat.node.6.llc.miss_lat_hist = [0,0,0,0,0,0,0,0,0,0,0,0,0,0,0,0,0,0,0,0,0,0,0,0,0,0,0,0,0,0,0,0,0,0,0,0,0,0,0,0,0,0,0,0,0,0,0,0,0,0,0,0,0,0,0,0,0,0,0,0,0,0,0,0,0,0,0,0,0,0,0,0,0,0,0,0,0,0,0,0,0,0,0,0,0,0,0,0,0,0,0,0,0,0,0,0,0,0,0,0,0,0,0,0,0,0,0,0,0,0,0,0,0,0,0,0,0,0,0,0,0,0,0,0,0,0,0,2,3,1,1,4,3,6,20,26,6,7,12,29,30,24,19,16,35,29,23,17,19,25,30,14,20,21,20,21,14,13,16,23,12,17,23,10,6,10,13,13,14,14,14,12,19,14,8,2,14,6,7,3,1,3,4,1,2,0,1,2,2,0,1,0,0,0,0,1,1,0,1]
stat.node.6.util.dram_avg = 3.76437e-06
stat.node.6.walltime_s = 706.082
stat.node.6.active_time_s = 75.371
stat.pool.101.active_time_s = 2.66799
stat.pool.100.util.mem_avg = 0.196193
stat.pool.100.util.req_link_avg = 0.999923
stat.pool.100.walltime_s = 706.082
stat.pool.100.active_time_s = 2.81212
stat.switch.replicated_messages = 987088
stat.switch.util.node_ingress_avg = 0.137153
stat.switch.util.pool_ingress_avg = 0.258637
stat.switch.bw.host_to_switch_gbps = 6.74149
stat.switch.bw.switch_to_host_gbps = 6.35625
stat.switch.bw.host_link_total_gbps = 13.0977
stat.switch.walltime_s = 706.082
stat.switch.active_time_s = 15.4055
Simulation is complete, simulated time: 2.65861 ms
