stat.node.4.cpu.0.retired = 759
stat.node.4.cpu.0.cycles = 1000000
stat.node.5.cpu.0.retired = 749
stat.node.5.cpu.0.cycles = 1000000
stat.node.6.cpu.0.retired = 737
stat.node.6.cpu.0.cycles = 1000000
stat.node.7.cpu.0.retired = 756
stat.node.7.cpu.0.cycles = 1000000
stat.node.0.cpu.0.retired = 744
stat.node.0.cpu.0.cycles = 1000000
stat.node.1.cpu.0.retired = 728
stat.node.1.cpu.0.cycles = 1000000
stat.node.2.cpu.0.retired = 757
stat.node.2.cpu.0.cycles = 1000000
stat.node.3.cpu.0.retired = 731
stat.node.3.cpu.0.cycles = 1000000
stat.node.7.cpu.0.load_issue_to_complete_count = 799
stat.node.7.cpu.0.avg_load_issue_to_complete_lat = 1020.3
stat.node.7.injector.phase_cycles = 817225
stat.node.7.injector.request_bytes = 262280
stat.node.7.injector.response_bytes = 63552
stat.node.7.injector.aggregate_bytes = 325832
stat.node.7.injector.request_gbps = 6.16204
stat.node.7.injector.response_gbps = 1.4931
stat.node.7.injector.aggregate_gbps = 7.65514
stat.node.7.llc.cxl_miss = 800
stat.node.7.llc.total_miss = 800
stat.node.7.llc.avg_miss_lat = 845.424
stat.node.7.llc.avg_cxl_lat = 845.424
stat.node.7.llc.miss_lat_hist_bin_ns = 10
stat.node.7.llc.miss_lat_hist = [0,0,0,0,0,0,0,0,0,0,0,0,0,0,0,0,0,0,0,0,0,0,0,0,0,0,0,0,0,0,0,4,210,222,62,14,6,17,99,155,11]
stat.node.7.util.dram_avg = 1.28819e-05
stat.node.7.walltime_s = 130.689
stat.node.7.active_time_s = 24.8458
stat.node.4.cpu.0.load_issue_to_complete_count = 799
stat.node.4.cpu.0.avg_load_issue_to_complete_lat = 1028.26
stat.node.4.injector.phase_cycles = 823585
stat.node.4.injector.request_bytes = 264328
stat.node.4.injector.response_bytes = 64064
stat.node.4.injector.aggregate_bytes = 328392
stat.node.4.injector.request_gbps = 6.1622
stat.node.4.injector.response_gbps = 1.49351
stat.node.4.injector.aggregate_gbps = 7.65571
stat.node.4.llc.cxl_miss = 800
stat.node.4.llc.total_miss = 800
stat.node.4.llc.avg_miss_lat = 853.924
stat.node.4.llc.avg_cxl_lat = 853.924
stat.node.4.llc.miss_lat_hist_bin_ns = 10
stat.node.4.llc.miss_lat_hist = [0,0,0,0,0,0,0,0,0,0,0,0,0,0,0,0,0,0,0,0,0,0,0,0,0,0,0,0,0,0,0,12,314,73,52,21,16,20,36,109,140,7]
stat.node.4.util.dram_avg = 1.28549e-05
stat.node.4.walltime_s = 130.861
stat.node.4.active_time_s = 30.2171
stat.node.2.cpu.0.load_issue_to_complete_count = 799
stat.node.2.cpu.0.avg_load_issue_to_complete_lat = 1031.1
stat.node.2.injector.phase_cycles = 825869
stat.node.2.injector.request_bytes = 265056
stat.node.2.injector.response_bytes = 64256
stat.node.2.injector.aggregate_bytes = 329312
stat.node.2.injector.request_gbps = 6.16209
stat.node.2.injector.response_gbps = 1.49384
stat.node.2.injector.aggregate_gbps = 7.65592
stat.node.2.llc.cxl_miss = 800
stat.node.2.llc.total_miss = 800
stat.node.2.llc.avg_miss_lat = 856.309
stat.node.2.llc.avg_cxl_lat = 856.309
stat.node.2.llc.miss_lat_hist_bin_ns = 10
stat.node.2.llc.miss_lat_hist = [0,0,0,0,0,0,0,0,0,0,0,0,0,0,0,0,0,0,0,0,0,0,0,0,0,0,0,0,0,0,0,20,268,106,49,27,5,17,54,106,142,6]
stat.node.2.util.dram_avg = 1.28294e-05
stat.node.2.walltime_s = 130.993
stat.node.2.active_time_s = 23.0709
stat.node.5.cpu.0.load_issue_to_complete_count = 799
stat.node.5.cpu.0.avg_load_issue_to_complete_lat = 1027.81
stat.node.5.injector.phase_cycles = 823200
stat.node.5.injector.request_bytes = 264200
stat.node.5.injector.response_bytes = 64064
stat.node.5.injector.aggregate_bytes = 328264
stat.node.5.injector.request_gbps = 6.1621
stat.node.5.injector.response_gbps = 1.4942
stat.node.5.injector.aggregate_gbps = 7.6563
stat.node.5.llc.cxl_miss = 800
stat.node.5.llc.total_miss = 800
stat.node.5.llc.avg_miss_lat = 852.367
stat.node.5.llc.avg_cxl_lat = 852.367
stat.node.5.llc.miss_lat_hist_bin_ns = 10
stat.node.5.llc.miss_lat_hist = [0,0,0,0,0,0,0,0,0,0,0,0,0,0,0,0,0,0,0,0,0,0,0,0,0,0,0,0,0,0,0,2,130,76,215,62,19,97,176,21,2]
stat.node.5.util.dram_avg = 1.27845e-05
stat.node.5.walltime_s = 131.416
stat.node.5.active_time_s = 26.1442
stat.node.0.cpu.0.load_issue_to_complete_count = 799
stat.node.0.cpu.0.avg_load_issue_to_complete_lat = 1034.34
stat.node.0.injector.phase_cycles = 828338
stat.node.0.injector.request_bytes = 265848
stat.node.0.injector.response_bytes = 64448
stat.node.0.injector.aggregate_bytes = 330296
stat.node.0.injector.request_gbps = 6.16208
stat.node.0.injector.response_gbps = 1.49384
stat.node.0.injector.aggregate_gbps = 7.65591
stat.node.0.llc.cxl_miss = 800
stat.node.0.llc.total_miss = 800
stat.node.0.llc.avg_miss_lat = 858.741
stat.node.0.llc.avg_cxl_lat = 858.741
stat.node.0.llc.miss_lat_hist_bin_ns = 10
stat.node.0.llc.miss_lat_hist = [0,0,0,0,0,0,0,0,0,0,0,0,0,0,0,0,0,0,0,0,0,0,0,0,0,0,0,0,0,0,0,2,88,51,42,257,83,242,23,10,2]
stat.node.0.util.dram_avg = 1.27126e-05
stat.node.0.walltime_s = 131.84
stat.node.0.active_time_s = 23.5439
stat.node.6.cpu.0.load_issue_to_complete_count = 799
stat.node.6.cpu.0.avg_load_issue_to_complete_lat = 1045.36
stat.node.6.injector.phase_cycles = 837160
stat.node.6.injector.request_bytes = 268688
stat.node.6.injector.response_bytes = 65152
stat.node.6.injector.aggregate_bytes = 333840
stat.node.6.injector.request_gbps = 6.16227
stat.node.6.injector.response_gbps = 1.49424
stat.node.6.injector.aggregate_gbps = 7.65651
stat.node.6.llc.cxl_miss = 800
stat.node.6.llc.total_miss = 800
stat.node.6.llc.avg_miss_lat = 870.028
stat.node.6.llc.avg_cxl_lat = 870.028
stat.node.6.llc.miss_lat_hist_bin_ns = 10
stat.node.6.llc.miss_lat_hist = [0,0,0,0,0,0,0,0,0,0,0,0,0,0,0,0,0,0,0,0,0,0,0,0,0,0,0,0,0,0,0,0,55,32,17,83,454,88,39,27,5]
stat.node.6.util.dram_avg = 1.25996e-05
stat.node.6.walltime_s = 132.503
stat.node.6.active_time_s = 25.5354
stat.node.3.cpu.0.load_issue_to_complete_count = 799
stat.node.3.cpu.0.avg_load_issue_to_complete_lat = 1048.17
stat.node.3.injector.phase_cycles = 839438
stat.node.3.injector.request_bytes = 269408
stat.node.3.injector.response_bytes = 65280
stat.node.3.injector.aggregate_bytes = 334688
stat.node.3.injector.request_gbps = 6.16202
stat.node.3.injector.response_gbps = 1.49311
stat.node.3.injector.aggregate_gbps = 7.65513
stat.node.3.llc.cxl_miss = 800
stat.node.3.llc.total_miss = 800
stat.node.3.llc.avg_miss_lat = 872.69
stat.node.3.llc.avg_cxl_lat = 872.69
stat.node.3.llc.miss_lat_hist_bin_ns = 10
stat.node.3.llc.miss_lat_hist = [0,0,0,0,0,0,0,0,0,0,0,0,0,0,0,0,0,0,0,0,0,0,0,0,0,0,0,0,0,0,0,0,45,11,21,275,120,250,44,27,6,1]
stat.node.3.util.dram_avg = 1.25395e-05
stat.node.3.walltime_s = 132.88
stat.node.3.active_time_s = 23.5445
stat.node.1.cpu.0.load_issue_to_complete_count = 799
stat.node.1.cpu.0.avg_load_issue_to_complete_lat = 1051.6
stat.node.1.injector.phase_cycles = 842107
stat.node.1.injector.request_bytes = 270264
stat.node.1.injector.response_bytes = 65472
stat.node.1.injector.aggregate_bytes = 335736
stat.node.1.injector.request_gbps = 6.16201
stat.node.1.injector.response_gbps = 1.49276
stat.node.1.injector.aggregate_gbps = 7.65477
stat.node.1.llc.cxl_miss = 800
stat.node.1.llc.total_miss = 800
stat.node.1.llc.avg_miss_lat = 876.02
stat.node.1.llc.avg_cxl_lat = 876.02
stat.node.1.llc.miss_lat_hist_bin_ns = 10
stat.node.1.llc.miss_lat_hist = [0,0,0,0,0,0,0,0,0,0,0,0,0,0,0,0,0,0,0,0,0,0,0,0,0,0,0,0,0,0,0,0,14,29,234,50,128,78,205,49,13]
stat.node.1.util.dram_avg = 1.24904e-05
stat.node.1.walltime_s = 133.087
stat.node.1.active_time_s = 25.9017
stat.pool.101.util.mem_avg = 0.190717
stat.pool.101.util.req_link_avg = 0.999724
stat.pool.101.walltime_s = 133.079
stat.pool.101.active_time_s = 0.844351
stat.pool.100.util.mem_avg = 0.190714
stat.pool.100.util.req_link_avg = 0.999722
stat.pool.100.walltime_s = 133.079
stat.pool.100.active_time_s = 0.82388
stat.switch.replicated_messages = 149480
stat.switch.util.node_ingress_avg = 0.128424
stat.switch.util.pool_ingress_avg = 0.219783
stat.switch.bw.host_to_switch_gbps = 6.31257
stat.switch.bw.switch_to_host_gbps = 2.70072
stat.switch.bw.host_link_total_gbps = 9.01329
stat.switch.walltime_s = 133.079
stat.switch.active_time_s = 3.05015
Simulation is complete, simulated time: 801.257 us
