stat.node.6.cpu.0.retired = 804
stat.node.6.cpu.0.cycles = 1000000
stat.node.7.cpu.0.retired = 781
stat.node.7.cpu.0.cycles = 1000000
stat.node.0.cpu.0.retired = 802
stat.node.0.cpu.0.cycles = 1000000
stat.node.2.cpu.0.retired = 761
stat.node.3.cpu.0.retired = 804
stat.node.3.cpu.0.cycles = 1000000
stat.node.4.cpu.0.retired = 763
stat.node.4.cpu.0.cycles = 1000000
stat.node.5.cpu.0.retired = 797
stat.node.5.cpu.0.cycles = 1000000
stat.node.1.cpu.0.retired = 798
stat.node.1.cpu.0.cycles = 1000000
stat.node.2.cpu.0.cycles = 1000000
stat.node.3.cpu.0.load_issue_to_complete_count = 799
stat.node.3.cpu.0.avg_load_issue_to_complete_lat = 953.787
stat.node.3.injector.phase_cycles = 763952
stat.node.3.injector.request_bytes = 340616
stat.node.3.injector.response_bytes = 908352
stat.node.3.injector.aggregate_bytes = 1248968
stat.node.3.injector.request_gbps = 8.56052
stat.node.3.injector.response_gbps = 22.8291
stat.node.3.injector.aggregate_gbps = 31.3896
stat.node.3.llc.cxl_miss = 800
stat.node.3.llc.total_miss = 800
stat.node.3.llc.avg_miss_lat = 779.495
stat.node.3.llc.avg_cxl_lat = 779.495
stat.node.3.llc.miss_lat_hist_bin_ns = 10
stat.node.3.llc.miss_lat_hist = [0,0,0,0,0,0,0,0,0,0,0,0,0,0,0,0,0,0,0,0,0,0,0,0,0,0,0,0,0,20,96,156,167,328,33]
stat.node.3.util.dram_avg = 1.36447e-05
stat.node.3.walltime_s = 254.692
stat.node.3.active_time_s = 24.4965
stat.node.6.cpu.0.load_issue_to_complete_count = 799
stat.node.6.cpu.0.avg_load_issue_to_complete_lat = 955.438
stat.node.6.injector.phase_cycles = 765270
stat.node.6.injector.request_bytes = 341192
stat.node.6.injector.response_bytes = 909952
stat.node.6.injector.aggregate_bytes = 1251144
stat.node.6.injector.request_gbps = 8.56023
stat.node.6.injector.response_gbps = 22.83
stat.node.6.injector.aggregate_gbps = 31.3902
stat.node.6.llc.cxl_miss = 800
stat.node.6.llc.total_miss = 800
stat.node.6.llc.avg_miss_lat = 781.26
stat.node.6.llc.avg_cxl_lat = 781.26
stat.node.6.llc.miss_lat_hist_bin_ns = 10
stat.node.6.llc.miss_lat_hist = [0,0,0,0,0,0,0,0,0,0,0,0,0,0,0,0,0,0,0,0,0,0,0,0,0,0,0,0,0,3,69,199,178,321,30]
stat.node.6.util.dram_avg = 1.36297e-05
stat.node.6.walltime_s = 254.788
stat.node.6.active_time_s = 24.6612
stat.node.0.cpu.0.load_issue_to_complete_count = 799
stat.node.0.cpu.0.avg_load_issue_to_complete_lat = 956.059
stat.node.0.injector.phase_cycles = 765704
stat.node.0.injector.request_bytes = 341456
stat.node.0.injector.response_bytes = 910400
stat.node.0.injector.aggregate_bytes = 1251856
stat.node.0.injector.request_gbps = 8.562
stat.node.0.injector.response_gbps = 22.8282
stat.node.0.injector.aggregate_gbps = 31.3902
stat.node.0.llc.cxl_miss = 800
stat.node.0.llc.total_miss = 800
stat.node.0.llc.avg_miss_lat = 781.893
stat.node.0.llc.avg_cxl_lat = 781.893
stat.node.0.llc.miss_lat_hist_bin_ns = 10
stat.node.0.llc.miss_lat_hist = [0,0,0,0,0,0,0,0,0,0,0,0,0,0,0,0,0,0,0,0,0,0,0,0,0,0,0,0,0,1,7,224,255,284,29]
stat.node.0.util.dram_avg = 1.36103e-05
stat.node.0.walltime_s = 255.037
stat.node.0.active_time_s = 26.9529
stat.node.5.cpu.0.load_issue_to_complete_count = 799
stat.node.5.cpu.0.avg_load_issue_to_complete_lat = 958.845
stat.node.5.injector.phase_cycles = 767943
stat.node.5.injector.request_bytes = 342424
stat.node.5.injector.response_bytes = 913024
stat.node.5.injector.aggregate_bytes = 1255448
stat.node.5.injector.request_gbps = 8.56124
stat.node.5.injector.response_gbps = 22.8273
stat.node.5.injector.aggregate_gbps = 31.3885
stat.node.5.llc.cxl_miss = 800
stat.node.5.llc.total_miss = 800
stat.node.5.llc.avg_miss_lat = 784.814
stat.node.5.llc.avg_cxl_lat = 784.814
stat.node.5.llc.miss_lat_hist_bin_ns = 10
stat.node.5.llc.miss_lat_hist = [0,0,0,0,0,0,0,0,0,0,0,0,0,0,0,0,0,0,0,0,0,0,0,0,0,0,0,0,0,10,103,25,274,331,57]
stat.node.5.util.dram_avg = 1.35588e-05
stat.node.5.walltime_s = 255.612
stat.node.5.active_time_s = 22.4815
stat.node.1.cpu.0.load_issue_to_complete_count = 799
stat.node.1.cpu.0.avg_load_issue_to_complete_lat = 963.966
stat.node.1.injector.phase_cycles = 772085
stat.node.1.injector.request_bytes = 344256
stat.node.1.injector.response_bytes = 918016
stat.node.1.injector.aggregate_bytes = 1262272
stat.node.1.injector.request_gbps = 8.56086
stat.node.1.injector.response_gbps = 22.829
stat.node.1.injector.aggregate_gbps = 31.3898
stat.node.1.llc.cxl_miss = 800
stat.node.1.llc.total_miss = 800
stat.node.1.llc.avg_miss_lat = 789.599
stat.node.1.llc.avg_cxl_lat = 789.599
stat.node.1.llc.miss_lat_hist_bin_ns = 10
stat.node.1.llc.miss_lat_hist = [0,0,0,0,0,0,0,0,0,0,0,0,0,0,0,0,0,0,0,0,0,0,0,0,0,0,0,0,0,34,41,116,143,325,141]
stat.node.1.util.dram_avg = 1.35343e-05
stat.node.1.walltime_s = 256.029
stat.node.1.active_time_s = 26.3015
stat.node.7.cpu.0.load_issue_to_complete_count = 799
stat.node.7.cpu.0.avg_load_issue_to_complete_lat = 987.946
stat.node.7.injector.phase_cycles = 791247
stat.node.7.injector.request_bytes = 352800
stat.node.7.injector.response_bytes = 940800
stat.node.7.injector.aggregate_bytes = 1293600
stat.node.7.injector.request_gbps = 8.56087
stat.node.7.injector.response_gbps = 22.829
stat.node.7.injector.aggregate_gbps = 31.3898
stat.node.7.llc.cxl_miss = 800
stat.node.7.llc.total_miss = 800
stat.node.7.llc.avg_miss_lat = 813.256
stat.node.7.llc.avg_cxl_lat = 813.256
stat.node.7.llc.miss_lat_hist_bin_ns = 10
stat.node.7.llc.miss_lat_hist = [0,0,0,0,0,0,0,0,0,0,0,0,0,0,0,0,0,0,0,0,0,0,0,0,0,0,0,0,0,1,10,0,24,414,351]
stat.node.7.util.dram_avg = 1.32608e-05
stat.node.7.walltime_s = 260.396
stat.node.7.active_time_s = 30.0431
stat.node.4.cpu.0.load_issue_to_complete_count = 799
stat.node.4.cpu.0.avg_load_issue_to_complete_lat = 990.945
stat.node.4.injector.phase_cycles = 793666
stat.node.4.injector.request_bytes = 353928
stat.node.4.injector.response_bytes = 943744
stat.node.4.injector.aggregate_bytes = 1297672
stat.node.4.injector.request_gbps = 8.56206
stat.node.4.injector.response_gbps = 22.8306
stat.node.4.injector.aggregate_gbps = 31.3927
stat.node.4.llc.cxl_miss = 800
stat.node.4.llc.total_miss = 800
stat.node.4.llc.avg_miss_lat = 816.28
stat.node.4.llc.avg_cxl_lat = 816.28
stat.node.4.llc.miss_lat_hist_bin_ns = 10
stat.node.4.llc.miss_lat_hist = [0,0,0,0,0,0,0,0,0,0,0,0,0,0,0,0,0,0,0,0,0,0,0,0,0,0,0,0,0,0,0,0,40,376,345,39]
stat.node.4.util.dram_avg = 1.31076e-05
stat.node.4.walltime_s = 261.99
stat.node.4.active_time_s = 23.8618
stat.node.2.cpu.0.load_issue_to_complete_count = 799
stat.node.2.cpu.0.avg_load_issue_to_complete_lat = 990.914
stat.node.2.injector.phase_cycles = 793614
stat.node.2.injector.request_bytes = 353784
stat.node.2.injector.response_bytes = 943616
stat.node.2.injector.aggregate_bytes = 1297400
stat.node.2.injector.request_gbps = 8.55914
stat.node.2.injector.response_gbps = 22.829
stat.node.2.injector.aggregate_gbps = 31.3882
stat.node.2.llc.cxl_miss = 800
stat.node.2.llc.total_miss = 800
stat.node.2.llc.avg_miss_lat = 816.246
stat.node.2.llc.avg_cxl_lat = 816.246
stat.node.2.llc.miss_lat_hist_bin_ns = 10
stat.node.2.llc.miss_lat_hist = [0,0,0,0,0,0,0,0,0,0,0,0,0,0,0,0,0,0,0,0,0,0,0,0,0,0,0,0,0,0,0,0,14,402,371,13]
stat.node.2.util.dram_avg = 1.30862e-05
stat.node.2.walltime_s = 262.15
stat.node.2.active_time_s = 26.5572
stat.pool.106.util.mem_avg = 0.238229
stat.pool.106.util.req_link_avg = 0.998713
stat.pool.106.walltime_s = 262.134
stat.pool.106.active_time_s = 0.85452
stat.pool.105.util.mem_avg = 0.238229
stat.pool.105.util.req_link_avg = 0.998713
stat.pool.105.walltime_s = 262.135
stat.pool.105.active_time_s = 0.762428
stat.pool.104.util.mem_avg = 0.23823
stat.pool.104.util.req_link_avg = 0.998713
stat.pool.104.walltime_s = 262.135
stat.pool.104.active_time_s = 0.84422
stat.pool.103.util.mem_avg = 0.23823
stat.pool.103.util.req_link_avg = 0.998713
stat.pool.103.walltime_s = 262.135
stat.pool.103.active_time_s = 0.807662
stat.pool.102.util.mem_avg = 0.23823
stat.pool.102.util.req_link_avg = 0.998714
stat.pool.102.walltime_s = 262.135
stat.pool.102.active_time_s = 0.968842
stat.pool.101.util.mem_avg = 0.238231
stat.pool.101.util.req_link_avg = 0.998714
stat.pool.101.walltime_s = 262.135
stat.pool.101.active_time_s = 0.901163
stat.pool.100.util.mem_avg = 0.238231
stat.pool.100.util.req_link_avg = 0.998715
stat.pool.100.walltime_s = 262.135
stat.pool.100.active_time_s = 0.887892
stat.switch.replicated_messages = 476952
stat.switch.util.node_ingress_avg = 0.177396
stat.switch.util.pool_ingress_avg = 0.560308
stat.switch.bw.host_to_switch_gbps = 8.72015
stat.switch.bw.switch_to_host_gbps = 24.0974
stat.switch.bw.host_link_total_gbps = 32.8175
stat.switch.walltime_s = 262.135
stat.switch.active_time_s = 5.44694
Simulation is complete, simulated time: 764.773 us
