stat.node.2.cpu.0.retired = 830
stat.node.2.cpu.0.cycles = 1000000
stat.node.3.cpu.0.retired = 835
stat.node.3.cpu.0.cycles = 1000000
stat.node.4.cpu.0.retired = 830
stat.node.4.cpu.0.cycles = 1000000
stat.node.5.cpu.0.retired = 835
stat.node.6.cpu.0.retired = 836
stat.node.6.cpu.0.cycles = 1000000
stat.node.7.cpu.0.retired = 832
stat.node.7.cpu.0.cycles = 1000000
stat.node.0.cpu.0.retired = 835
stat.node.0.cpu.0.cycles = 1000000
stat.node.1.cpu.0.retired = 836
stat.node.1.cpu.0.cycles = 1000000
stat.node.5.cpu.0.cycles = 1000000
stat.node.6.cpu.0.load_issue_to_complete_count = 799
stat.node.6.cpu.0.avg_load_issue_to_complete_lat = 939.05
stat.node.6.injector.phase_cycles = 752091
stat.node.6.injector.request_bytes = 174032
stat.node.6.injector.response_bytes = 1392128
stat.node.6.injector.aggregate_bytes = 1566160
stat.node.6.injector.request_gbps = 4.44283
stat.node.6.injector.response_gbps = 35.5394
stat.node.6.injector.aggregate_gbps = 39.9822
stat.node.6.llc.cxl_miss = 800
stat.node.6.llc.total_miss = 800
stat.node.6.llc.avg_miss_lat = 765.168
stat.node.6.llc.avg_cxl_lat = 765.168
stat.node.6.llc.miss_lat_hist_bin_ns = 10
stat.node.6.llc.miss_lat_hist = [0,0,0,0,0,0,0,0,0,0,0,0,0,0,0,0,0,0,0,0,0,0,0,0,0,0,0,0,0,19,76,321,294,73,17]
stat.node.6.util.dram_avg = 1.39642e-05
stat.node.6.walltime_s = 187.304
stat.node.6.active_time_s = 29.2981
stat.node.1.cpu.0.load_issue_to_complete_count = 799
stat.node.1.cpu.0.avg_load_issue_to_complete_lat = 939.133
stat.node.1.injector.phase_cycles = 752166
stat.node.1.injector.request_bytes = 174048
stat.node.1.injector.response_bytes = 1392256
stat.node.1.injector.aggregate_bytes = 1566304
stat.node.1.injector.request_gbps = 4.4428
stat.node.1.injector.response_gbps = 35.5391
stat.node.1.injector.aggregate_gbps = 39.9819
stat.node.1.llc.cxl_miss = 800
stat.node.1.llc.total_miss = 800
stat.node.1.llc.avg_miss_lat = 765.204
stat.node.1.llc.avg_cxl_lat = 765.204
stat.node.1.llc.miss_lat_hist_bin_ns = 10
stat.node.1.llc.miss_lat_hist = [0,0,0,0,0,0,0,0,0,0,0,0,0,0,0,0,0,0,0,0,0,0,0,0,0,0,0,0,0,19,81,317,277,94,12]
stat.node.1.util.dram_avg = 1.39626e-05
stat.node.1.walltime_s = 187.424
stat.node.1.active_time_s = 28.8123
stat.node.5.cpu.0.load_issue_to_complete_count = 799
stat.node.5.cpu.0.avg_load_issue_to_complete_lat = 939.214
stat.node.5.injector.phase_cycles = 752225
stat.node.5.injector.request_bytes = 174064
stat.node.5.injector.response_bytes = 1392384
stat.node.5.injector.aggregate_bytes = 1566448
stat.node.5.injector.request_gbps = 4.44286
stat.node.5.injector.response_gbps = 35.5396
stat.node.5.injector.aggregate_gbps = 39.9825
stat.node.5.llc.cxl_miss = 800
stat.node.5.llc.total_miss = 800
stat.node.5.llc.avg_miss_lat = 765.226
stat.node.5.llc.avg_cxl_lat = 765.226
stat.node.5.llc.miss_lat_hist_bin_ns = 10
stat.node.5.llc.miss_lat_hist = [0,0,0,0,0,0,0,0,0,0,0,0,0,0,0,0,0,0,0,0,0,0,0,0,0,0,0,0,0,19,68,333,284,73,23]
stat.node.5.util.dram_avg = 1.39592e-05
stat.node.5.walltime_s = 187.49
stat.node.5.active_time_s = 19.5854
stat.node.0.cpu.0.load_issue_to_complete_count = 799
stat.node.0.cpu.0.avg_load_issue_to_complete_lat = 939.168
stat.node.0.injector.phase_cycles = 752184
stat.node.0.injector.request_bytes = 174040
stat.node.0.injector.response_bytes = 1392320
stat.node.0.injector.aggregate_bytes = 1566360
stat.node.0.injector.request_gbps = 4.44249
stat.node.0.injector.response_gbps = 35.5399
stat.node.0.injector.aggregate_gbps = 39.9824
stat.node.0.llc.cxl_miss = 800
stat.node.0.llc.total_miss = 800
stat.node.0.llc.avg_miss_lat = 765.261
stat.node.0.llc.avg_cxl_lat = 765.261
stat.node.0.llc.miss_lat_hist_bin_ns = 10
stat.node.0.llc.miss_lat_hist = [0,0,0,0,0,0,0,0,0,0,0,0,0,0,0,0,0,0,0,0,0,0,0,0,0,0,0,0,0,19,60,340,287,79,15]
stat.node.0.util.dram_avg = 1.39583e-05
stat.node.0.walltime_s = 187.521
stat.node.0.active_time_s = 21.7286
stat.node.3.cpu.0.load_issue_to_complete_count = 799
stat.node.3.cpu.0.avg_load_issue_to_complete_lat = 939.385
stat.node.3.injector.phase_cycles = 752365
stat.node.3.injector.request_bytes = 174088
stat.node.3.injector.response_bytes = 1392640
stat.node.3.injector.aggregate_bytes = 1566728
stat.node.3.injector.request_gbps = 4.44264
stat.node.3.injector.response_gbps = 35.5395
stat.node.3.injector.aggregate_gbps = 39.9822
stat.node.3.llc.cxl_miss = 800
stat.node.3.llc.total_miss = 800
stat.node.3.llc.avg_miss_lat = 765.472
stat.node.3.llc.avg_cxl_lat = 765.472
stat.node.3.llc.miss_lat_hist_bin_ns = 10
stat.node.3.llc.miss_lat_hist = [0,0,0,0,0,0,0,0,0,0,0,0,0,0,0,0,0,0,0,0,0,0,0,0,0,0,0,0,0,18,76,317,298,81,10]
stat.node.3.util.dram_avg = 1.39567e-05
stat.node.3.walltime_s = 187.554
stat.node.3.active_time_s = 29.2552
stat.node.7.cpu.0.load_issue_to_complete_count = 799
stat.node.7.cpu.0.avg_load_issue_to_complete_lat = 943.118
stat.node.7.injector.phase_cycles = 755350
stat.node.7.injector.request_bytes = 174784
stat.node.7.injector.response_bytes = 1398144
stat.node.7.injector.aggregate_bytes = 1572928
stat.node.7.injector.request_gbps = 4.44278
stat.node.7.injector.response_gbps = 35.539
stat.node.7.injector.aggregate_gbps = 39.9818
stat.node.7.llc.cxl_miss = 800
stat.node.7.llc.total_miss = 800
stat.node.7.llc.avg_miss_lat = 769.183
stat.node.7.llc.avg_cxl_lat = 769.183
stat.node.7.llc.miss_lat_hist_bin_ns = 10
stat.node.7.llc.miss_lat_hist = [0,0,0,0,0,0,0,0,0,0,0,0,0,0,0,0,0,0,0,0,0,0,0,0,0,0,0,0,0,11,73,296,287,97,36]
stat.node.7.util.dram_avg = 1.3914e-05
stat.node.7.walltime_s = 188.868
stat.node.7.active_time_s = 20.9979
stat.node.4.cpu.0.load_issue_to_complete_count = 799
stat.node.4.cpu.0.avg_load_issue_to_complete_lat = 946.04
stat.node.4.injector.phase_cycles = 757685
stat.node.4.injector.request_bytes = 175320
stat.node.4.injector.response_bytes = 1402432
stat.node.4.injector.aggregate_bytes = 1577752
stat.node.4.injector.request_gbps = 4.44267
stat.node.4.injector.response_gbps = 35.5381
stat.node.4.injector.aggregate_gbps = 39.9808
stat.node.4.llc.cxl_miss = 800
stat.node.4.llc.total_miss = 800
stat.node.4.llc.avg_miss_lat = 772.001
stat.node.4.llc.avg_cxl_lat = 772.001
stat.node.4.llc.miss_lat_hist_bin_ns = 10
stat.node.4.llc.miss_lat_hist = [0,0,0,0,0,0,0,0,0,0,0,0,0,0,0,0,0,0,0,0,0,0,0,0,0,0,0,0,0,4,48,287,301,123,37]
stat.node.4.util.dram_avg = 1.38815e-05
stat.node.4.walltime_s = 189.75
stat.node.4.active_time_s = 19.7757
stat.node.2.cpu.0.load_issue_to_complete_count = 799
stat.node.2.cpu.0.avg_load_issue_to_complete_lat = 945.851
stat.node.2.injector.phase_cycles = 757537
stat.node.2.injector.request_bytes = 175288
stat.node.2.injector.response_bytes = 1402176
stat.node.2.injector.aggregate_bytes = 1577464
stat.node.2.injector.request_gbps = 4.44273
stat.node.2.injector.response_gbps = 35.5386
stat.node.2.injector.aggregate_gbps = 39.9813
stat.node.2.llc.cxl_miss = 800
stat.node.2.llc.total_miss = 800
stat.node.2.llc.avg_miss_lat = 771.832
stat.node.2.llc.avg_cxl_lat = 771.832
stat.node.2.llc.miss_lat_hist_bin_ns = 10
stat.node.2.llc.miss_lat_hist = [0,0,0,0,0,0,0,0,0,0,0,0,0,0,0,0,0,0,0,0,0,0,0,0,0,0,0,0,0,5,47,283,320,100,45]
stat.node.2.util.dram_avg = 1.38792e-05
stat.node.2.walltime_s = 189.93
stat.node.2.active_time_s = 23.1987
stat.pool.105.util.mem_avg = 0.159969
stat.pool.105.util.req_link_avg = 0.124985
stat.pool.105.walltime_s = 189.93
stat.pool.105.active_time_s = 0.598831
stat.pool.104.util.mem_avg = 0.15997
stat.pool.104.util.req_link_avg = 0.124985
stat.pool.104.walltime_s = 189.93
stat.pool.104.active_time_s = 0.613076
stat.pool.103.util.mem_avg = 0.15997
stat.pool.103.util.req_link_avg = 0.124986
stat.pool.103.walltime_s = 189.93
stat.pool.103.active_time_s = 0.579928
stat.pool.102.util.mem_avg = 0.15997
stat.pool.102.util.req_link_avg = 0.124986
stat.pool.102.walltime_s = 189.93
stat.pool.102.active_time_s = 0.633838
stat.pool.101.util.mem_avg = 0.159971
stat.pool.101.util.req_link_avg = 0.124986
stat.pool.101.walltime_s = 189.93
stat.pool.101.active_time_s = 0.634117
stat.pool.100.util.mem_avg = 0.159971
stat.pool.100.util.req_link_avg = 0.124987
stat.pool.100.walltime_s = 189.93
stat.pool.100.active_time_s = 0.652336
stat.switch.replicated_messages = 0
stat.switch.util.node_ingress_avg = 0.0937462
stat.switch.util.pool_ingress_avg = 0.999669
stat.switch.bw.host_to_switch_gbps = 4.60813
stat.switch.bw.switch_to_host_gbps = 36.8517
stat.switch.bw.host_link_total_gbps = 41.4598
stat.switch.walltime_s = 189.93
stat.switch.active_time_s = 3.55246
Simulation is complete, simulated time: 721.081 us
