stat.node.0.cpu.0.retired = 586
stat.node.0.cpu.0.cycles = 1000000
stat.node.1.cpu.0.retired = 595
stat.node.1.cpu.0.cycles = 1000000
stat.node.2.cpu.0.retired = 594
stat.node.2.cpu.0.cycles = 1000000
stat.node.3.cpu.0.retired = 595
stat.node.3.cpu.0.cycles = 1000000
stat.node.4.cpu.0.retired = 594
stat.node.4.cpu.0.cycles = 1000000
stat.node.5.cpu.0.retired = 590
stat.node.5.cpu.0.cycles = 1000000
stat.node.6.cpu.0.retired = 591
stat.node.6.cpu.0.cycles = 1000000
stat.node.7.cpu.0.retired = 591
stat.node.7.cpu.0.cycles = 1000000
stat.node.0.cpu.0.retired = 1357
stat.node.0.cpu.0.cycles = 2000000
stat.node.1.cpu.0.retired = 1381
stat.node.1.cpu.0.cycles = 2000000
stat.node.2.cpu.0.retired = 1375
stat.node.2.cpu.0.cycles = 2000000
stat.node.3.cpu.0.retired = 1379
stat.node.3.cpu.0.cycles = 2000000
stat.node.4.cpu.0.retired = 1377
stat.node.4.cpu.0.cycles = 2000000
stat.node.5.cpu.0.retired = 1364
stat.node.5.cpu.0.cycles = 2000000
stat.node.6.cpu.0.retired = 1371
stat.node.7.cpu.0.retired = 1371
stat.node.7.cpu.0.cycles = 2000000
stat.node.6.cpu.0.cycles = 2000000
stat.node.1.cpu.0.load_issue_to_complete_count = 799
stat.node.1.cpu.0.avg_load_issue_to_complete_lat = 1240.22
stat.node.1.injector.phase_cycles = 993010
stat.node.1.injector.request_bytes = 311016
stat.node.1.injector.response_bytes = 34048
stat.node.1.injector.aggregate_bytes = 345064
stat.node.1.injector.request_gbps = 6.01354
stat.node.1.injector.response_gbps = 0.658323
stat.node.1.injector.aggregate_gbps = 6.67187
stat.node.1.llc.cxl_miss = 800
stat.node.1.llc.total_miss = 800
stat.node.1.llc.avg_miss_lat = 1061.61
stat.node.1.llc.avg_cxl_lat = 1061.61
stat.node.1.llc.miss_lat_hist_bin_ns = 10
stat.node.1.llc.miss_lat_hist = [0,0,0,0,0,0,0,0,0,0,0,0,0,0,0,0,0,0,0,0,0,0,0,0,0,0,0,0,0,0,0,0,0,0,0,0,0,0,0,0,1,42,157,292,142,57,25,39,15,21,9]
stat.node.1.util.dram_avg = 1.0591e-05
stat.node.1.walltime_s = 102.815
stat.node.1.active_time_s = 29.1168
stat.node.3.cpu.0.load_issue_to_complete_count = 799
stat.node.3.cpu.0.avg_load_issue_to_complete_lat = 1241.4
stat.node.3.injector.phase_cycles = 994004
stat.node.3.injector.request_bytes = 311272
stat.node.3.injector.response_bytes = 34112
stat.node.3.injector.aggregate_bytes = 345384
stat.node.3.injector.request_gbps = 6.01247
stat.node.3.injector.response_gbps = 0.658901
stat.node.3.injector.aggregate_gbps = 6.67137
stat.node.3.llc.cxl_miss = 800
stat.node.3.llc.total_miss = 800
stat.node.3.llc.avg_miss_lat = 1062.69
stat.node.3.llc.avg_cxl_lat = 1062.69
stat.node.3.llc.miss_lat_hist_bin_ns = 10
stat.node.3.llc.miss_lat_hist = [0,0,0,0,0,0,0,0,0,0,0,0,0,0,0,0,0,0,0,0,0,0,0,0,0,0,0,0,0,0,0,0,0,0,0,0,0,0,0,0,3,39,121,301,161,68,44,22,15,16,7,2,1]
stat.node.3.util.dram_avg = 1.05803e-05
stat.node.3.walltime_s = 102.859
stat.node.3.active_time_s = 25.6768
stat.node.4.cpu.0.load_issue_to_complete_count = 799
stat.node.4.cpu.0.avg_load_issue_to_complete_lat = 1243.77
stat.node.4.injector.phase_cycles = 995952
stat.node.4.injector.request_bytes = 311920
stat.node.4.injector.response_bytes = 34176
stat.node.4.injector.aggregate_bytes = 346096
stat.node.4.injector.request_gbps = 6.01321
stat.node.4.injector.response_gbps = 0.658846
stat.node.4.injector.aggregate_gbps = 6.67205
stat.node.4.llc.cxl_miss = 800
stat.node.4.llc.total_miss = 800
stat.node.4.llc.avg_miss_lat = 1064.57
stat.node.4.llc.avg_cxl_lat = 1064.57
stat.node.4.llc.miss_lat_hist_bin_ns = 10
stat.node.4.llc.miss_lat_hist = [0,0,0,0,0,0,0,0,0,0,0,0,0,0,0,0,0,0,0,0,0,0,0,0,0,0,0,0,0,0,0,0,0,0,0,0,0,0,0,0,31,129,139,135,98,75,54,41,45,40,10,3]
stat.node.4.util.dram_avg = 1.05617e-05
stat.node.4.walltime_s = 102.933
stat.node.4.active_time_s = 25.6607
stat.node.2.cpu.0.load_issue_to_complete_count = 799
stat.node.2.cpu.0.avg_load_issue_to_complete_lat = 1250.61
stat.node.2.injector.phase_cycles = 1001286
stat.node.2.injector.request_bytes = 313544
stat.node.2.injector.response_bytes = 34368
stat.node.2.injector.aggregate_bytes = 347912
stat.node.2.injector.request_gbps = 6.01231
stat.node.2.injector.response_gbps = 0.659018
stat.node.2.injector.aggregate_gbps = 6.67133
stat.node.2.llc.cxl_miss = 800
stat.node.2.llc.total_miss = 800
stat.node.2.llc.avg_miss_lat = 1071.45
stat.node.2.llc.avg_cxl_lat = 1071.45
stat.node.2.llc.miss_lat_hist_bin_ns = 10
stat.node.2.llc.miss_lat_hist = [0,0,0,0,0,0,0,0,0,0,0,0,0,0,0,0,0,0,0,0,0,0,0,0,0,0,0,0,0,0,0,0,0,0,0,0,0,0,0,0,15,131,136,122,91,77,56,53,52,43,20,2,2]
stat.node.2.util.dram_avg = 1.05391e-05
stat.node.2.walltime_s = 103.025
stat.node.2.active_time_s = 27.7737
stat.node.6.cpu.0.load_issue_to_complete_count = 799
stat.node.6.cpu.0.avg_load_issue_to_complete_lat = 1253
stat.node.6.injector.phase_cycles = 1003202
stat.node.6.injector.request_bytes = 314192
stat.node.6.injector.response_bytes = 34432
stat.node.6.injector.aggregate_bytes = 348624
stat.node.6.injector.request_gbps = 6.01323
stat.node.6.injector.response_gbps = 0.658984
stat.node.6.injector.aggregate_gbps = 6.67222
stat.node.6.llc.cxl_miss = 800
stat.node.6.llc.total_miss = 800
stat.node.6.llc.avg_miss_lat = 1074.03
stat.node.6.llc.avg_cxl_lat = 1074.03
stat.node.6.llc.miss_lat_hist_bin_ns = 10
stat.node.6.llc.miss_lat_hist = [0,0,0,0,0,0,0,0,0,0,0,0,0,0,0,0,0,0,0,0,0,0,0,0,0,0,0,0,0,0,0,0,0,0,0,0,0,0,0,0,6,67,127,171,161,71,53,44,38,38,15,9]
stat.node.6.util.dram_avg = 1.05169e-05
stat.node.6.walltime_s = 103.115
stat.node.6.active_time_s = 30.3249
stat.node.7.cpu.0.load_issue_to_complete_count = 799
stat.node.7.cpu.0.avg_load_issue_to_complete_lat = 1254.25
stat.node.7.injector.phase_cycles = 1004353
stat.node.7.injector.request_bytes = 314512
stat.node.7.injector.response_bytes = 34496
stat.node.7.injector.aggregate_bytes = 349008
stat.node.7.injector.request_gbps = 6.01246
stat.node.7.injector.response_gbps = 0.659453
stat.node.7.injector.aggregate_gbps = 6.67191
stat.node.7.llc.cxl_miss = 800
stat.node.7.llc.total_miss = 800
stat.node.7.llc.avg_miss_lat = 1075.2
stat.node.7.llc.avg_cxl_lat = 1075.2
stat.node.7.llc.miss_lat_hist_bin_ns = 10
stat.node.7.llc.miss_lat_hist = [0,0,0,0,0,0,0,0,0,0,0,0,0,0,0,0,0,0,0,0,0,0,0,0,0,0,0,0,0,0,0,0,0,0,0,0,0,0,0,0,16,125,138,110,95,57,61,60,54,55,25,3,1]
stat.node.7.util.dram_avg = 1.05067e-05
stat.node.7.walltime_s = 103.158
stat.node.7.active_time_s = 30.0448
stat.node.5.cpu.0.load_issue_to_complete_count = 799
stat.node.5.cpu.0.avg_load_issue_to_complete_lat = 1263.53
stat.node.5.injector.phase_cycles = 1011689
stat.node.5.injector.request_bytes = 316856
stat.node.5.injector.response_bytes = 34688
stat.node.5.injector.aggregate_bytes = 351544
stat.node.5.injector.request_gbps = 6.01335
stat.node.5.injector.response_gbps = 0.658315
stat.node.5.injector.aggregate_gbps = 6.67166
stat.node.5.llc.cxl_miss = 800
stat.node.5.llc.total_miss = 800
stat.node.5.llc.avg_miss_lat = 1084.59
stat.node.5.llc.avg_cxl_lat = 1084.59
stat.node.5.llc.miss_lat_hist_bin_ns = 10
stat.node.5.llc.miss_lat_hist = [0,0,0,0,0,0,0,0,0,0,0,0,0,0,0,0,0,0,0,0,0,0,0,0,0,0,0,0,0,0,0,0,0,0,0,0,0,0,0,0,6,88,126,126,101,66,58,62,70,64,24,6,3]
stat.node.5.util.dram_avg = 1.04607e-05
stat.node.5.walltime_s = 103.347
stat.node.5.active_time_s = 29.8582
stat.node.0.cpu.0.load_issue_to_complete_count = 799
stat.node.0.cpu.0.avg_load_issue_to_complete_lat = 1266.95
stat.node.0.injector.phase_cycles = 1014523
stat.node.0.injector.request_bytes = 317696
stat.node.0.injector.response_bytes = 34816
stat.node.0.injector.aggregate_bytes = 352512
stat.node.0.injector.request_gbps = 6.01244
stat.node.0.injector.response_gbps = 0.658898
stat.node.0.injector.aggregate_gbps = 6.67134
stat.node.0.llc.cxl_miss = 800
stat.node.0.llc.total_miss = 800
stat.node.0.llc.avg_miss_lat = 1087.41
stat.node.0.llc.avg_cxl_lat = 1087.41
stat.node.0.llc.miss_lat_hist_bin_ns = 10
stat.node.0.llc.miss_lat_hist = [0,0,0,0,0,0,0,0,0,0,0,0,0,0,0,0,0,0,0,0,0,0,0,0,0,0,0,0,0,0,0,0,0,0,0,0,0,0,0,0,4,76,98,147,125,87,48,38,56,76,33,8,4]
stat.node.0.util.dram_avg = 1.04122e-05
stat.node.0.walltime_s = 103.547
stat.node.0.active_time_s = 29.9274
stat.pool.100.util.mem_avg = 0.19755
stat.pool.100.util.req_link_avg = 0.998588
stat.pool.100.walltime_s = 103.547
stat.pool.100.active_time_s = 0.982597
stat.switch.replicated_messages = 88973
stat.switch.util.node_ingress_avg = 0.124855
stat.switch.util.pool_ingress_avg = 0.269882
stat.switch.bw.host_to_switch_gbps = 6.13706
stat.switch.bw.switch_to_host_gbps = 1.65816
stat.switch.bw.host_link_total_gbps = 7.79522
stat.switch.walltime_s = 103.547
stat.switch.active_time_s = 3.7254
Simulation is complete, simulated time: 961.176 us
