stat.node.0.cpu.0.retired = 989
stat.node.0.cpu.0.cycles = 1000000
stat.node.1.cpu.0.retired = 989
stat.node.1.cpu.0.cycles = 1000000
stat.node.2.cpu.0.retired = 987
stat.node.2.cpu.0.cycles = 1000000
stat.node.3.cpu.0.retired = 989
stat.node.3.cpu.0.cycles = 1000000
stat.node.4.cpu.0.retired = 987
stat.node.4.cpu.0.cycles = 1000000
stat.node.5.cpu.0.retired = 989
stat.node.5.cpu.0.cycles = 1000000
stat.node.6.cpu.0.retired = 989
stat.node.6.cpu.0.cycles = 1000000
stat.node.7.cpu.0.retired = 989
stat.node.7.cpu.0.cycles = 1000000
stat.node.0.cpu.0.load_issue_to_complete_count = 799
stat.node.0.cpu.0.avg_load_issue_to_complete_lat = 800.404
stat.node.0.injector.phase_cycles = 641214
stat.node.0.injector.request_bytes = 10080
stat.node.0.injector.response_bytes = 8896
stat.node.1.cpu.0.load_issue_to_complete_count = 799
stat.node.3.cpu.0.load_issue_to_complete_count = 799
stat.node.5.cpu.0.load_issue_to_complete_count = 799
stat.node.6.cpu.0.load_issue_to_complete_count = 799
stat.node.6.cpu.0.avg_load_issue_to_complete_lat = 800.404
stat.node.6.injector.phase_cycles = 641214
stat.node.6.injector.request_bytes = 10080
stat.node.6.injector.response_bytes = 8896
stat.node.6.injector.aggregate_bytes = 18976
stat.node.6.injector.request_gbps = 0.301827
stat.node.6.injector.response_gbps = 0.266375
stat.node.7.cpu.0.load_issue_to_complete_count = 799
stat.node.7.cpu.0.avg_load_issue_to_complete_lat = 800.404
stat.node.7.injector.phase_cycles = 641214
stat.node.7.injector.request_bytes = 10080
stat.node.7.injector.response_bytes = 8896
stat.node.7.injector.aggregate_bytes = 18976
stat.node.7.injector.request_gbps = 0.301827
stat.node.0.injector.aggregate_bytes = 18976
stat.node.0.injector.request_gbps = 0.301827
stat.node.0.injector.response_gbps = 0.266375
stat.node.0.injector.aggregate_gbps = 0.568202
stat.node.0.llc.cxl_miss = 800
stat.node.0.llc.total_miss = 800
stat.node.6.injector.aggregate_gbps = 0.568202
stat.node.6.llc.cxl_miss = 800
stat.node.6.llc.total_miss = 800
stat.node.6.llc.avg_miss_lat = 628.773
stat.node.6.llc.avg_cxl_lat = 628.773
stat.node.6.llc.miss_lat_hist_bin_ns = 10
stat.node.6.llc.miss_lat_hist = [0,0,0,0,0,0,0,0,0,0,0,0,0,0,0,0,0,0,0,0,0,0,0,0,0,0,774,3,2,4,2,7,5,3]
stat.node.6.util.dram_avg = 1.61743e-05
stat.node.6.walltime_s = 166.898
stat.node.6.active_time_s = 18.4825
stat.node.3.cpu.0.avg_load_issue_to_complete_lat = 800.404
stat.node.3.injector.phase_cycles = 641214
stat.node.3.injector.request_bytes = 10080
stat.node.3.injector.response_bytes = 8896
stat.node.3.injector.aggregate_bytes = 18976
stat.node.3.injector.request_gbps = 0.301827
stat.node.3.injector.response_gbps = 0.266375
stat.node.3.injector.aggregate_gbps = 0.568202
stat.node.3.llc.cxl_miss = 800
stat.node.3.llc.total_miss = 800
stat.node.3.llc.avg_miss_lat = 628.773
stat.node.3.llc.avg_cxl_lat = 628.773
stat.node.3.llc.miss_lat_hist_bin_ns = 10
stat.node.5.cpu.0.avg_load_issue_to_complete_lat = 800.404
stat.node.5.injector.phase_cycles = 641214
stat.node.5.injector.request_bytes = 10080
stat.node.0.llc.avg_miss_lat = 628.773
stat.node.0.llc.avg_cxl_lat = 628.773
stat.node.0.llc.miss_lat_hist_bin_ns = 10
stat.node.3.llc.miss_lat_hist = [0,0,0,0,0,0,0,0,0,0,0,0,0,0,0,0,0,0,0,0,0,0,0,0,0,0,774,3,2,4,2,7,5,3]
stat.node.5.injector.response_bytes = 8896
stat.node.0.llc.miss_lat_hist = [0,0,0,0,0,0,0,0,0,0,0,0,0,0,0,0,0,0,0,0,0,0,0,0,0,0,774,3,2,4,2,7,5,3]
stat.node.5.injector.aggregate_bytes = 18976
stat.node.5.injector.request_gbps = 0.301827
stat.node.3.util.dram_avg = 1.61743e-05
stat.node.3.walltime_s = 166.906
stat.node.3.active_time_s = 21.6532
stat.node.0.util.dram_avg = 1.61743e-05
stat.node.0.walltime_s = 166.922
stat.node.5.injector.response_gbps = 0.266375
stat.node.5.injector.aggregate_gbps = 0.568202
stat.node.5.llc.cxl_miss = 800
stat.node.5.llc.total_miss = 800
stat.node.5.llc.avg_miss_lat = 628.773
stat.node.0.active_time_s = 22.7936
stat.node.5.llc.avg_cxl_lat = 628.773
stat.node.5.llc.miss_lat_hist_bin_ns = 10
stat.node.5.llc.miss_lat_hist = [0,0,0,0,0,0,0,0,0,0,0,0,0,0,0,0,0,0,0,0,0,0,0,0,0,0,774,3,3,3,1,8,4,4]
stat.node.5.util.dram_avg = 1.61743e-05
stat.node.5.walltime_s = 166.906
stat.node.5.active_time_s = 20.1024
stat.node.1.cpu.0.avg_load_issue_to_complete_lat = 800.404
stat.node.1.injector.phase_cycles = 641214
stat.node.1.injector.request_bytes = 10080
stat.node.1.injector.response_bytes = 8896
stat.node.1.injector.aggregate_bytes = 18976
stat.node.1.injector.request_gbps = 0.301827
stat.node.1.injector.response_gbps = 0.266375
stat.node.1.injector.aggregate_gbps = 0.568202
stat.node.1.llc.cxl_miss = 800
stat.node.1.llc.total_miss = 800
stat.node.1.llc.avg_miss_lat = 628.773
stat.node.1.llc.avg_cxl_lat = 628.773
stat.node.1.llc.miss_lat_hist_bin_ns = 10
stat.node.1.llc.miss_lat_hist = [0,0,0,0,0,0,0,0,0,0,0,0,0,0,0,0,0,0,0,0,0,0,0,0,0,0,774,3,2,4,2,7,5,3]
stat.node.1.util.dram_avg = 1.61743e-05
stat.node.1.walltime_s = 166.922
stat.node.1.active_time_s = 18.3686
stat.node.7.injector.response_gbps = 0.266375
stat.node.7.injector.aggregate_gbps = 0.568202
stat.node.7.llc.cxl_miss = 800
stat.node.7.llc.total_miss = 800
stat.node.7.llc.avg_miss_lat = 628.773
stat.node.7.llc.avg_cxl_lat = 628.773
stat.node.7.llc.miss_lat_hist_bin_ns = 10
stat.node.7.llc.miss_lat_hist = [0,0,0,0,0,0,0,0,0,0,0,0,0,0,0,0,0,0,0,0,0,0,0,0,0,0,774,3,3,3,1,7,6,3]
stat.node.7.util.dram_avg = 1.61743e-05
stat.node.7.walltime_s = 166.92
stat.node.7.active_time_s = 19.8132
stat.node.2.cpu.0.load_issue_to_complete_count = 799
stat.node.2.cpu.0.avg_load_issue_to_complete_lat = 800.882
stat.node.4.cpu.0.load_issue_to_complete_count = 799
stat.node.4.cpu.0.avg_load_issue_to_complete_lat = 800.882
stat.node.4.injector.phase_cycles = 641596
stat.node.4.injector.request_bytes = 10008
stat.node.4.injector.response_bytes = 8896
stat.node.4.injector.aggregate_bytes = 18904
stat.node.4.injector.request_gbps = 0.299493
stat.node.2.injector.phase_cycles = 641596
stat.node.4.injector.response_gbps = 0.266216
stat.node.4.injector.aggregate_gbps = 0.565709
stat.node.4.llc.cxl_miss = 800
stat.node.4.llc.total_miss = 800
stat.node.4.llc.avg_miss_lat = 629.174
stat.node.4.llc.avg_cxl_lat = 629.174
stat.node.4.llc.miss_lat_hist_bin_ns = 10
stat.node.4.llc.miss_lat_hist = [0,0,0,0,0,0,0,0,0,0,0,0,0,0,0,0,0,0,0,0,0,0,0,0,0,0,773,2,4,1,3,4,9,3,1]
stat.node.4.util.dram_avg = 1.6151e-05
stat.node.4.walltime_s = 167.065
stat.node.4.active_time_s = 21.2289
stat.node.2.injector.request_bytes = 10008
stat.node.2.injector.response_bytes = 8896
stat.node.2.injector.aggregate_bytes = 18904
stat.node.2.injector.request_gbps = 0.299493
stat.node.2.injector.response_gbps = 0.266216
stat.node.2.injector.aggregate_gbps = 0.565709
stat.node.2.llc.cxl_miss = 800
stat.node.2.llc.total_miss = 800
stat.node.2.llc.avg_miss_lat = 629.174
stat.node.2.llc.avg_cxl_lat = 629.174
stat.node.2.llc.miss_lat_hist_bin_ns = 10
stat.node.2.llc.miss_lat_hist = [0,0,0,0,0,0,0,0,0,0,0,0,0,0,0,0,0,0,0,0,0,0,0,0,0,0,773,2,4,1,3,4,9,3,1]
stat.node.2.util.dram_avg = 1.6151e-05
stat.node.2.walltime_s = 167.082
stat.node.2.active_time_s = 21.9441
stat.pool.107.util.mem_avg = 0.0128013
stat.pool.107.util.req_link_avg = 0.0479229
stat.pool.107.walltime_s = 167.066
stat.pool.107.active_time_s = 0.412263
stat.pool.106.util.mem_avg = 0.0128013
stat.pool.106.util.req_link_avg = 0.0479229
stat.pool.106.walltime_s = 167.08
stat.pool.106.active_time_s = 0.470376
stat.pool.105.util.mem_avg = 0.0128013
stat.pool.105.util.req_link_avg = 0.0479229
stat.pool.105.walltime_s = 167.08
stat.pool.105.active_time_s = 0.479698
stat.pool.104.util.mem_avg = 0.0128013
stat.pool.104.util.req_link_avg = 0.0479229
stat.pool.104.walltime_s = 167.08
stat.pool.104.active_time_s = 0.534749
stat.pool.103.util.mem_avg = 0.0128023
stat.pool.103.util.req_link_avg = 0.0479229
stat.pool.103.walltime_s = 167.08
stat.pool.103.active_time_s = 0.478838
stat.pool.102.util.mem_avg = 0.0128023
stat.pool.102.util.req_link_avg = 0.0479229
stat.pool.102.walltime_s = 167.08
stat.pool.102.active_time_s = 0.453981
stat.pool.101.util.mem_avg = 0.012804
stat.pool.101.util.req_link_avg = 0.047925
stat.pool.101.walltime_s = 167.08
stat.pool.101.active_time_s = 0.427705
stat.pool.100.util.mem_avg = 0.012804
stat.pool.100.util.req_link_avg = 0.047925
stat.pool.100.walltime_s = 167.08
stat.pool.100.active_time_s = 0.534029
stat.switch.replicated_messages = 20608
stat.switch.util.node_ingress_avg = 0.0100023
stat.switch.util.pool_ingress_avg = 0.0366711
stat.switch.bw.host_to_switch_gbps = 0.491635
stat.switch.bw.switch_to_host_gbps = 1.80229
stat.switch.bw.host_link_total_gbps = 2.29393
stat.switch.walltime_s = 167.08
stat.switch.active_time_s = 3.24655
Simulation is complete, simulated time: 619.653 us
