stat.node.5.cpu.0.retired = 514
stat.node.5.cpu.0.cycles = 1000000
stat.node.6.cpu.0.retired = 512
stat.node.6.cpu.0.cycles = 1000000
stat.node.7.cpu.0.retired = 506
stat.node.7.cpu.0.cycles = 1000000
stat.node.0.cpu.0.retired = 510
stat.node.0.cpu.0.cycles = 1000000
stat.node.1.cpu.0.retired = 519
stat.node.1.cpu.0.cycles = 1000000
stat.node.2.cpu.0.retired = 516
stat.node.2.cpu.0.cycles = 1000000
stat.node.3.cpu.0.retired = 517
stat.node.3.cpu.0.cycles = 1000000
stat.node.4.cpu.0.retired = 511
stat.node.4.cpu.0.cycles = 1000000
stat.node.3.cpu.0.retired = 1196
stat.node.3.cpu.0.cycles = 2000000
stat.node.5.cpu.0.retired = 1195
stat.node.5.cpu.0.cycles = 2000000
stat.node.4.cpu.0.retired = 1196
stat.node.4.cpu.0.cycles = 2000000
stat.node.7.cpu.0.retired = 1182
stat.node.7.cpu.0.cycles = 2000000
stat.node.0.cpu.0.retired = 1179
stat.node.0.cpu.0.cycles = 2000000
stat.node.1.cpu.0.retired = 1199
stat.node.1.cpu.0.cycles = 2000000
stat.node.2.cpu.0.retired = 1188
stat.node.2.cpu.0.cycles = 2000000
stat.node.6.cpu.0.retired = 1188
stat.node.6.cpu.0.cycles = 2000000
stat.node.1.cpu.0.load_issue_to_complete_count = 799
stat.node.1.cpu.0.avg_load_issue_to_complete_lat = 1432.14
stat.node.1.injector.phase_cycles = 1146463
stat.node.1.injector.request_bytes = 384984
stat.node.1.injector.response_bytes = 342272
stat.node.1.injector.aggregate_bytes = 727256
stat.node.1.injector.request_gbps = 6.44739
stat.node.1.injector.response_gbps = 5.73208
stat.node.1.injector.aggregate_gbps = 12.1795
stat.node.1.llc.cxl_miss = 800
stat.node.1.llc.total_miss = 800
stat.node.1.llc.avg_miss_lat = 1250.57
stat.node.1.llc.avg_cxl_lat = 1250.57
stat.node.1.llc.miss_lat_hist_bin_ns = 10
stat.node.1.llc.miss_lat_hist = [0,0,0,0,0,0,0,0,0,0,0,0,0,0,0,0,0,0,0,0,0,0,0,0,0,0,0,0,0,0,0,0,0,0,0,0,0,0,0,0,0,2,31,104,77,34,37,28,28,42,48,47,34,24,16,27,21,18,28,25,12,18,13,15,7,6,5,4,6,9,1,3,2,2,3,5,5,1,1,2,1,1,3,1,0,3]
stat.node.1.util.dram_avg = 9.33603e-06
stat.node.1.walltime_s = 374.83
stat.node.1.active_time_s = 34.2862
stat.node.4.cpu.0.load_issue_to_complete_count = 799
stat.node.4.cpu.0.avg_load_issue_to_complete_lat = 1421.61
stat.node.4.injector.phase_cycles = 1138002
stat.node.4.injector.request_bytes = 382176
stat.node.4.injector.response_bytes = 339584
stat.node.4.injector.aggregate_bytes = 721760
stat.node.4.injector.request_gbps = 6.44795
stat.node.4.injector.response_gbps = 5.72935
stat.node.4.injector.aggregate_gbps = 12.1773
stat.node.4.llc.cxl_miss = 800
stat.node.4.llc.total_miss = 800
stat.node.4.llc.avg_miss_lat = 1240.42
stat.node.4.llc.avg_cxl_lat = 1240.42
stat.node.4.llc.miss_lat_hist_bin_ns = 10
stat.node.4.llc.miss_lat_hist = [0,0,0,0,0,0,0,0,0,0,0,0,0,0,0,0,0,0,0,0,0,0,0,0,0,0,0,0,0,0,0,0,0,0,0,0,0,0,0,0,0,1,29,91,95,55,29,34,52,46,37,26,38,29,23,16,19,26,12,21,13,17,10,11,8,6,9,4,7,3,4,1,1,2,2,2,3,1,4,1,2,1,0,0,3,0,1,2,1,0,1,0,0,0,0,0,0,0,0,0,0,0,1]
stat.node.4.util.dram_avg = 9.3306e-06
stat.node.4.walltime_s = 375.572
stat.node.4.active_time_s = 35.0017
stat.node.3.cpu.0.load_issue_to_complete_count = 799
stat.node.3.cpu.0.avg_load_issue_to_complete_lat = 1427.05
stat.node.3.injector.phase_cycles = 1143071
stat.node.3.injector.request_bytes = 383832
stat.node.3.injector.response_bytes = 341184
stat.node.3.injector.aggregate_bytes = 725016
stat.node.3.injector.request_gbps = 6.44717
stat.node.3.injector.response_gbps = 5.73082
stat.node.3.injector.aggregate_gbps = 12.178
stat.node.3.llc.cxl_miss = 800
stat.node.3.llc.total_miss = 800
stat.node.3.llc.avg_miss_lat = 1246.95
stat.node.3.llc.avg_cxl_lat = 1246.95
stat.node.3.llc.miss_lat_hist_bin_ns = 10
stat.node.3.llc.miss_lat_hist = [0,0,0,0,0,0,0,0,0,0,0,0,0,0,0,0,0,0,0,0,0,0,0,0,0,0,0,0,0,0,0,0,0,0,0,0,0,0,0,0,0,1,34,106,80,38,32,40,44,35,33,42,40,24,18,20,23,15,21,17,22,12,11,9,10,9,7,6,5,6,5,3,6,3,1,2,6,3,0,3,2,0,1,0,2,0,0,0,2,1]
stat.node.3.util.dram_avg = 9.31496e-06
stat.node.3.walltime_s = 376.22
stat.node.3.active_time_s = 38.6144
stat.node.2.cpu.0.load_issue_to_complete_count = 799
stat.node.2.cpu.0.avg_load_issue_to_complete_lat = 1437.83
stat.node.2.injector.phase_cycles = 1151411
stat.node.2.injector.request_bytes = 386712
stat.node.2.injector.response_bytes = 343680
stat.node.2.injector.aggregate_bytes = 730392
stat.node.2.injector.request_gbps = 6.4485
stat.node.2.injector.response_gbps = 5.73093
stat.node.2.injector.aggregate_gbps = 12.1794
stat.node.2.llc.cxl_miss = 800
stat.node.2.llc.total_miss = 800
stat.node.2.llc.avg_miss_lat = 1256.51
stat.node.2.llc.avg_cxl_lat = 1256.51
stat.node.2.llc.miss_lat_hist_bin_ns = 10
stat.node.2.llc.miss_lat_hist = [0,0,0,0,0,0,0,0,0,0,0,0,0,0,0,0,0,0,0,0,0,0,0,0,0,0,0,0,0,0,0,0,0,0,0,0,0,0,0,0,0,0,26,90,85,36,39,49,44,32,40,40,31,34,25,14,21,23,20,18,11,13,11,9,7,8,6,10,1,8,2,5,3,6,4,3,6,3,3,1,2,2,2,2,0,1,1,0,0,0,0,0,0,0,1,1,0,0,0,1]
stat.node.2.util.dram_avg = 9.28812e-06
stat.node.2.walltime_s = 377.26
stat.node.2.active_time_s = 35.6047
stat.node.5.cpu.0.load_issue_to_complete_count = 799
stat.node.5.cpu.0.avg_load_issue_to_complete_lat = 1429.89
stat.node.5.injector.phase_cycles = 1144592
stat.node.5.injector.request_bytes = 384408
stat.node.5.injector.response_bytes = 341440
stat.node.5.injector.aggregate_bytes = 725848
stat.node.5.injector.request_gbps = 6.44827
stat.node.5.injector.response_gbps = 5.7275
stat.node.5.injector.aggregate_gbps = 12.1758
stat.node.5.llc.cxl_miss = 800
stat.node.5.llc.total_miss = 800
stat.node.5.llc.avg_miss_lat = 1249.61
stat.node.5.llc.avg_cxl_lat = 1249.61
stat.node.5.llc.miss_lat_hist_bin_ns = 10
stat.node.5.llc.miss_lat_hist = [0,0,0,0,0,0,0,0,0,0,0,0,0,0,0,0,0,0,0,0,0,0,0,0,0,0,0,0,0,0,0,0,0,0,0,0,0,0,0,0,0,1,37,102,91,40,28,41,41,43,35,25,36,23,30,13,16,19,24,21,12,17,13,2,8,10,4,9,9,6,3,6,0,7,0,4,0,3,1,5,4,0,3,2,2,1,0,0,0,0,1,0,1,0,1]
stat.node.5.util.dram_avg = 9.28734e-06
stat.node.5.walltime_s = 377.308
stat.node.5.active_time_s = 43.2651
stat.node.6.cpu.0.load_issue_to_complete_count = 799
stat.node.6.cpu.0.avg_load_issue_to_complete_lat = 1437.48
stat.node.6.injector.phase_cycles = 1151199
stat.node.6.injector.request_bytes = 386640
stat.node.6.injector.response_bytes = 343680
stat.node.6.injector.aggregate_bytes = 730320
stat.node.6.injector.request_gbps = 6.44848
stat.node.6.injector.response_gbps = 5.73199
stat.node.6.injector.aggregate_gbps = 12.1805
stat.node.6.llc.cxl_miss = 800
stat.node.6.llc.total_miss = 800
stat.node.6.llc.avg_miss_lat = 1256.43
stat.node.6.llc.avg_cxl_lat = 1256.43
stat.node.6.llc.miss_lat_hist_bin_ns = 10
stat.node.6.llc.miss_lat_hist = [0,0,0,0,0,0,0,0,0,0,0,0,0,0,0,0,0,0,0,0,0,0,0,0,0,0,0,0,0,0,0,0,0,0,0,0,0,0,0,0,0,0,28,88,91,43,31,33,36,45,52,37,37,36,21,23,13,20,13,21,13,13,7,11,12,9,11,2,5,2,4,2,1,6,2,1,2,2,3,1,5,6,2,2,0,0,1,0,0,0,0,1,1,0,2,1,0,0,1,0,1]
stat.node.6.util.dram_avg = 9.2705e-06
stat.node.6.walltime_s = 378.209
stat.node.6.active_time_s = 41.7211
stat.node.0.cpu.0.load_issue_to_complete_count = 799
stat.node.0.cpu.0.avg_load_issue_to_complete_lat = 1449.74
stat.node.0.injector.phase_cycles = 1160648
stat.node.0.injector.request_bytes = 389808
stat.node.0.injector.response_bytes = 346496
stat.node.0.injector.aggregate_bytes = 736304
stat.node.0.injector.request_gbps = 6.44839
stat.node.0.injector.response_gbps = 5.7319
stat.node.0.injector.aggregate_gbps = 12.1803
stat.node.0.llc.cxl_miss = 800
stat.node.0.llc.total_miss = 800
stat.node.0.llc.avg_miss_lat = 1264.62
stat.node.0.llc.avg_cxl_lat = 1264.62
stat.node.0.llc.miss_lat_hist_bin_ns = 10
stat.node.0.llc.miss_lat_hist = [0,0,0,0,0,0,0,0,0,0,0,0,0,0,0,0,0,0,0,0,0,0,0,0,0,0,0,0,0,0,0,0,0,0,0,0,0,0,0,0,0,1,29,91,92,39,29,37,39,32,48,36,30,28,21,18,19,18,22,21,11,19,12,11,5,10,6,10,5,7,5,11,3,3,5,0,3,6,3,3,1,0,1,1,2,1,0,0,0,1,0,2,0,1,0,0,0,0,0,0,0,0,2]
stat.node.0.util.dram_avg = 9.20051e-06
stat.node.0.walltime_s = 380.048
stat.node.0.active_time_s = 35.5673
stat.node.7.cpu.0.load_issue_to_complete_count = 799
stat.node.7.cpu.0.avg_load_issue_to_complete_lat = 1447.87
stat.node.7.injector.phase_cycles = 1159146
stat.node.7.injector.request_bytes = 389304
stat.node.7.injector.response_bytes = 346048
stat.node.7.injector.aggregate_bytes = 735352
stat.node.7.injector.request_gbps = 6.4484
stat.node.7.injector.response_gbps = 5.73191
stat.node.7.injector.aggregate_gbps = 12.1803
stat.node.7.llc.cxl_miss = 800
stat.node.7.llc.total_miss = 800
stat.node.7.llc.avg_miss_lat = 1265.48
stat.node.7.llc.avg_cxl_lat = 1265.48
stat.node.7.llc.miss_lat_hist_bin_ns = 10
stat.node.7.llc.miss_lat_hist = [0,0,0,0,0,0,0,0,0,0,0,0,0,0,0,0,0,0,0,0,0,0,0,0,0,0,0,0,0,0,0,0,0,0,0,0,0,0,0,0,0,0,28,96,78,38,43,25,41,43,56,42,24,31,20,17,20,12,18,14,10,15,14,11,8,8,7,8,8,11,3,6,9,4,1,1,3,5,4,3,0,3,1,1,2,0,0,1,0,0,1,0,1,1,2,0,2]
stat.node.7.util.dram_avg = 9.19749e-06
stat.node.7.walltime_s = 380.098
stat.node.7.active_time_s = 41.4175
stat.pool.101.util.mem_avg = 0.235252
stat.pool.101.util.req_link_avg = 0.999727
stat.pool.101.walltime_s = 380.098
stat.pool.101.active_time_s = 1.35992
stat.pool.100.util.mem_avg = 0.235282
stat.pool.100.util.req_link_avg = 0.999751
stat.pool.100.walltime_s = 380.098
stat.pool.100.active_time_s = 1.44534
stat.switch.replicated_messages = 194686
stat.switch.util.node_ingress_avg = 0.133417
stat.switch.util.pool_ingress_avg = 0.537959
stat.switch.bw.host_to_switch_gbps = 6.55811
stat.switch.bw.switch_to_host_gbps = 6.61047
stat.switch.bw.host_link_total_gbps = 13.1686
stat.switch.walltime_s = 380.098
stat.switch.active_time_s = 5.46211
Simulation is complete, simulated time: 1.08812 ms
