stat.node.0.cpu.0.retired = 142
stat.node.0.cpu.0.cycles = 1000000
stat.node.1.cpu.0.retired = 142
stat.node.1.cpu.0.cycles = 1000000
stat.node.2.cpu.0.retired = 140
stat.node.2.cpu.0.cycles = 1000000
stat.node.3.cpu.0.retired = 141
stat.node.3.cpu.0.cycles = 1000000
stat.node.4.cpu.0.retired = 141
stat.node.4.cpu.0.cycles = 1000000
stat.node.5.cpu.0.retired = 139
stat.node.5.cpu.0.cycles = 1000000
stat.node.6.cpu.0.retired = 142
stat.node.6.cpu.0.cycles = 1000000
stat.node.7.cpu.0.retired = 141
stat.node.7.cpu.0.cycles = 1000000
stat.node.4.cpu.0.retired = 318
stat.node.4.cpu.0.cycles = 2000000
stat.node.5.cpu.0.retired = 318
stat.node.5.cpu.0.cycles = 2000000
stat.node.6.cpu.0.retired = 323
stat.node.6.cpu.0.cycles = 2000000
stat.node.7.cpu.0.retired = 321
stat.node.7.cpu.0.cycles = 2000000
stat.node.0.cpu.0.retired = 324
stat.node.1.cpu.0.retired = 324
stat.node.1.cpu.0.cycles = 2000000
stat.node.2.cpu.0.retired = 318
stat.node.2.cpu.0.cycles = 2000000
stat.node.3.cpu.0.retired = 319
stat.node.3.cpu.0.cycles = 2000000
stat.node.0.cpu.0.cycles = 2000000
stat.node.3.cpu.0.retired = 533
stat.node.3.cpu.0.cycles = 3000000
stat.node.1.cpu.0.retired = 539
stat.node.1.cpu.0.cycles = 3000000
stat.node.2.cpu.0.retired = 532
stat.node.2.cpu.0.cycles = 3000000
stat.node.6.cpu.0.retired = 541
stat.node.6.cpu.0.cycles = 3000000
stat.node.4.cpu.0.retired = 530
stat.node.4.cpu.0.cycles = 3000000
stat.node.5.cpu.0.retired = 531
stat.node.5.cpu.0.cycles = 3000000
stat.node.0.cpu.0.retired = 540
stat.node.0.cpu.0.cycles = 3000000
stat.node.7.cpu.0.retired = 541
stat.node.7.cpu.0.cycles = 3000000
stat.node.5.cpu.0.retired = 763
stat.node.5.cpu.0.cycles = 4000000
stat.node.3.cpu.0.retired = 766
stat.node.3.cpu.0.cycles = 4000000
stat.node.1.cpu.0.retired = 769
stat.node.1.cpu.0.cycles = 4000000
stat.node.2.cpu.0.retired = 763
stat.node.2.cpu.0.cycles = 4000000
stat.node.6.cpu.0.retired = 770
stat.node.6.cpu.0.cycles = 4000000
stat.node.4.cpu.0.retired = 765
stat.node.4.cpu.0.cycles = 4000000
stat.node.7.cpu.0.retired = 769
stat.node.7.cpu.0.cycles = 4000000
stat.node.0.cpu.0.retired = 770
stat.node.0.cpu.0.cycles = 4000000
stat.node.6.cpu.0.retired = 1012
stat.node.6.cpu.0.cycles = 5000000
stat.node.0.cpu.0.retired = 1019
stat.node.0.cpu.0.cycles = 5000000
stat.node.7.cpu.0.retired = 1017
stat.node.7.cpu.0.cycles = 5000000
stat.node.4.cpu.0.retired = 1012
stat.node.4.cpu.0.cycles = 5000000
stat.node.5.cpu.0.retired = 1006
stat.node.5.cpu.0.cycles = 5000000
stat.node.3.cpu.0.retired = 1016
stat.node.1.cpu.0.retired = 1017
stat.node.1.cpu.0.cycles = 5000000
stat.node.2.cpu.0.retired = 1011
stat.node.2.cpu.0.cycles = 5000000
stat.node.3.cpu.0.cycles = 5000000
stat.node.0.cpu.0.retired = 1267
stat.node.0.cpu.0.cycles = 6000000
stat.node.7.cpu.0.retired = 1265
stat.node.7.cpu.0.cycles = 6000000
stat.node.4.cpu.0.retired = 1259
stat.node.4.cpu.0.cycles = 6000000
stat.node.5.cpu.0.retired = 1252
stat.node.5.cpu.0.cycles = 6000000
stat.node.2.cpu.0.retired = 1262
stat.node.2.cpu.0.cycles = 6000000
stat.node.1.cpu.0.retired = 1265
stat.node.1.cpu.0.cycles = 6000000
stat.node.6.cpu.0.retired = 1255
stat.node.6.cpu.0.cycles = 6000000
stat.node.3.cpu.0.retired = 1264
stat.node.3.cpu.0.cycles = 6000000
stat.node.2.cpu.0.retired = 1510
stat.node.2.cpu.0.cycles = 7000000
stat.node.1.cpu.0.retired = 1512
stat.node.1.cpu.0.cycles = 7000000
stat.node.3.cpu.0.retired = 1513
stat.node.3.cpu.0.cycles = 7000000
stat.node.6.cpu.0.retired = 1507
stat.node.6.cpu.0.cycles = 7000000
stat.node.0.cpu.0.retired = 1516
stat.node.0.cpu.0.cycles = 7000000
stat.node.7.cpu.0.retired = 1516
stat.node.7.cpu.0.cycles = 7000000
stat.node.4.cpu.0.retired = 1510
stat.node.4.cpu.0.cycles = 7000000
stat.node.5.cpu.0.retired = 1503
stat.node.5.cpu.0.cycles = 7000000
stat.node.7.cpu.0.load_issue_to_complete_count = 799
stat.node.7.cpu.0.avg_load_issue_to_complete_lat = 3995.8
stat.node.7.injector.phase_cycles = 3197333
stat.node.7.injector.request_bytes = 1035432
stat.node.7.injector.response_bytes = 113472
stat.node.7.injector.aggregate_bytes = 1148904
stat.node.7.injector.request_gbps = 6.21777
stat.node.7.injector.response_gbps = 0.6814
stat.node.7.injector.aggregate_gbps = 6.89917
stat.node.7.llc.cxl_miss = 800
stat.node.7.llc.total_miss = 800
stat.node.7.llc.avg_miss_lat = 3752.59
stat.node.7.llc.avg_cxl_lat = 3752.59
stat.node.7.llc.miss_lat_hist_bin_ns = 10
stat.node.7.llc.miss_lat_hist = [0,0,0,0,0,0,0,0,0,0,0,0,0,0,0,0,0,0,0,0,0,0,0,0,0,0,0,0,0,0,0,0,0,0,0,0,0,0,0,0,0,0,0,0,0,0,0,0,0,0,0,0,0,0,0,0,0,0,0,0,0,0,0,0,0,0,0,0,0,0,0,0,0,0,0,0,0,0,0,0,0,0,0,0,0,0,0,0,0,0,0,0,0,0,0,0,0,0,0,0,0,0,0,0,0,0,0,0,0,0,0,0,0,0,0,1,0,3,1,0,2,3,1,7,3,3,3,10,6,3,4,8,8,3,8,9,6,12,11,11,12,18,10,22,24,16,13,24,17,18,19,22,16,23,18,17,18,21,20,21,15,21,11,17,14,11,11,18,10,18,10,14,9,8,9,8,2,6,7,5,9,2,6,7,4,3,5,5,5,5,5,2,0,2,2,1,0,2,3,1,1,0,3,0,2,1,0,0,0,0,1,1,0,0,1,0,0,0,0,0,0,0,1,0,0,0,1]
stat.node.7.util.dram_avg = 3.27743e-06
stat.node.7.walltime_s = 746.454
stat.node.7.active_time_s = 106.959
stat.node.0.cpu.0.load_issue_to_complete_count = 799
stat.node.0.cpu.0.avg_load_issue_to_complete_lat = 4011.36
stat.node.0.injector.phase_cycles = 3210180
stat.node.0.injector.request_bytes = 1035496
stat.node.0.injector.response_bytes = 113472
stat.node.0.injector.aggregate_bytes = 1148968
stat.node.0.injector.request_gbps = 6.19327
stat.node.0.injector.response_gbps = 0.678673
stat.node.0.injector.aggregate_gbps = 6.87195
stat.node.0.llc.cxl_miss = 800
stat.node.0.llc.total_miss = 800
stat.node.0.llc.avg_miss_lat = 3768.58
stat.node.0.llc.avg_cxl_lat = 3768.58
stat.node.0.llc.miss_lat_hist_bin_ns = 10
stat.node.0.llc.miss_lat_hist = [0,0,0,0,0,0,0,0,0,0,0,0,0,0,0,0,0,0,0,0,0,0,0,0,0,0,0,0,0,0,0,0,0,0,0,0,0,0,0,0,0,0,0,0,0,0,0,0,0,0,0,0,0,0,0,0,0,0,0,0,0,0,0,0,0,0,0,0,0,0,0,0,0,0,0,0,0,0,0,0,0,0,0,0,0,0,0,0,0,0,0,0,0,0,0,0,0,0,0,0,0,0,0,0,0,0,0,0,0,0,1,1,0,0,4,0,1,0,2,1,1,2,1,5,3,3,1,4,8,2,10,5,10,6,12,9,10,14,11,10,18,14,13,12,17,11,12,24,24,16,21,21,13,18,16,14,18,12,23,15,11,17,24,17,12,13,11,21,13,6,7,12,11,8,12,16,10,9,6,6,2,4,7,6,9,9,4,7,8,2,1,3,1,2,0,4,2,2,1,2,1,1,1,2,1,0,0,2,0,2,0,0,0,0,0,0,0,0,1,1,0,0,1]
stat.node.0.util.dram_avg = 3.27563e-06
stat.node.0.walltime_s = 746.535
stat.node.0.active_time_s = 105.544
stat.node.3.cpu.0.load_issue_to_complete_count = 799
stat.node.3.cpu.0.avg_load_issue_to_complete_lat = 4001.87
stat.node.3.injector.phase_cycles = 3202280
stat.node.3.injector.request_bytes = 1032648
stat.node.3.injector.response_bytes = 113216
stat.node.3.injector.aggregate_bytes = 1145864
stat.node.3.injector.request_gbps = 6.19148
stat.node.3.injector.response_gbps = 0.678812
stat.node.3.injector.aggregate_gbps = 6.87029
stat.node.3.llc.cxl_miss = 800
stat.node.3.llc.total_miss = 800
stat.node.3.llc.avg_miss_lat = 3758.06
stat.node.3.llc.avg_cxl_lat = 3758.06
stat.node.3.llc.miss_lat_hist_bin_ns = 10
stat.node.3.llc.miss_lat_hist = [0,0,0,0,0,0,0,0,0,0,0,0,0,0,0,0,0,0,0,0,0,0,0,0,0,0,0,0,0,0,0,0,0,0,0,0,0,0,0,0,0,0,0,0,0,0,0,0,0,0,0,0,0,0,0,0,0,0,0,0,0,0,0,0,0,0,0,0,0,0,0,0,0,0,0,0,0,0,0,0,0,0,0,0,0,0,0,0,0,0,0,0,0,0,0,0,0,0,0,0,0,0,0,0,0,0,0,0,1,0,0,1,0,1,0,0,0,1,3,1,1,1,4,2,1,7,5,5,4,9,8,9,6,8,9,11,15,12,9,17,11,13,16,14,14,16,19,13,18,12,13,21,17,18,16,18,18,20,29,18,5,28,19,14,21,14,11,7,13,10,7,12,14,7,11,4,7,9,7,8,8,6,8,5,4,3,4,4,4,1,2,5,2,1,4,4,1,2,4,2,0,1,3,0,0,2,0,0,0,0,1,2,1,1,0,0,0,0,1,1]
stat.node.3.util.dram_avg = 3.26999e-06
stat.node.3.walltime_s = 747.39
stat.node.3.active_time_s = 93.9083
stat.node.4.cpu.0.load_issue_to_complete_count = 799
stat.node.4.cpu.0.avg_load_issue_to_complete_lat = 4009.59
stat.node.4.injector.phase_cycles = 3208464
stat.node.4.injector.request_bytes = 1039720
stat.node.4.injector.response_bytes = 113920
stat.node.4.injector.aggregate_bytes = 1153640
stat.node.4.injector.request_gbps = 6.22186
stat.node.4.injector.response_gbps = 0.681717
stat.node.4.injector.aggregate_gbps = 6.90358
stat.node.4.llc.cxl_miss = 800
stat.node.4.llc.total_miss = 800
stat.node.4.llc.avg_miss_lat = 3763.05
stat.node.4.llc.avg_cxl_lat = 3763.05
stat.node.4.llc.miss_lat_hist_bin_ns = 10
stat.node.4.llc.miss_lat_hist = [0,0,0,0,0,0,0,0,0,0,0,0,0,0,0,0,0,0,0,0,0,0,0,0,0,0,0,0,0,0,0,0,0,0,0,0,0,0,0,0,0,0,0,0,0,0,0,0,0,0,0,0,0,0,0,0,0,0,0,0,0,0,0,0,0,0,0,0,0,0,0,0,0,0,0,0,0,0,0,0,0,0,0,0,0,0,0,0,0,0,0,0,0,0,0,0,0,0,0,0,0,0,0,0,0,0,0,0,0,0,0,0,0,1,0,0,0,2,1,5,1,0,3,1,6,4,1,5,4,4,4,4,12,9,15,11,7,8,8,9,16,9,13,18,13,12,20,12,20,23,24,14,24,11,18,20,18,20,22,19,17,26,18,14,19,17,18,15,11,12,9,8,10,10,11,10,8,9,9,6,3,8,2,5,6,6,5,2,6,1,4,2,4,3,1,0,0,1,2,0,1,3,0,0,1,1,0,1,1,0,1,0,0,0,0,0,1,0,0,1]
stat.node.4.util.dram_avg = 3.26511e-06
stat.node.4.walltime_s = 747.863
stat.node.4.active_time_s = 106.757
stat.node.1.cpu.0.load_issue_to_complete_count = 799
stat.node.1.cpu.0.avg_load_issue_to_complete_lat = 4041.75
stat.node.1.injector.phase_cycles = 3233911
stat.node.1.injector.request_bytes = 1036536
stat.node.1.injector.response_bytes = 113600
stat.node.1.injector.aggregate_bytes = 1150136
stat.node.1.injector.request_gbps = 6.154
stat.node.1.injector.response_gbps = 0.674453
stat.node.1.injector.aggregate_gbps = 6.82845
stat.node.1.llc.cxl_miss = 800
stat.node.1.llc.total_miss = 800
stat.node.1.llc.avg_miss_lat = 3795.37
stat.node.1.llc.avg_cxl_lat = 3795.37
stat.node.1.llc.miss_lat_hist_bin_ns = 10
stat.node.1.llc.miss_lat_hist = [0,0,0,0,0,0,0,0,0,0,0,0,0,0,0,0,0,0,0,0,0,0,0,0,0,0,0,0,0,0,0,0,0,0,0,0,0,0,0,0,0,0,0,0,0,0,0,0,0,0,0,0,0,0,0,0,0,0,0,0,0,0,0,0,0,0,0,0,0,0,0,0,0,0,0,0,0,0,0,0,0,0,0,0,0,0,0,0,0,0,0,0,0,0,0,0,0,0,0,0,0,0,0,1,0,0,0,0,0,0,0,0,0,0,1,0,1,2,1,0,0,0,2,0,1,0,5,3,3,3,4,7,4,6,11,7,6,10,9,12,16,16,15,8,18,18,15,15,14,23,28,22,16,17,21,22,24,18,15,18,19,27,16,18,13,16,11,15,8,12,17,10,7,13,11,10,8,5,10,8,6,10,12,6,6,3,3,2,5,2,7,2,3,0,3,2,2,0,3,1,0,2,0,0,1,0,1,0,1,0,1,0,1,0,0,1,0,0,0,0,0,0,1,0,1]
stat.node.1.util.dram_avg = 3.26472e-06
stat.node.1.walltime_s = 747.897
stat.node.1.active_time_s = 110.039
stat.node.2.cpu.0.load_issue_to_complete_count = 799
stat.node.2.cpu.0.avg_load_issue_to_complete_lat = 4001.81
stat.node.2.injector.phase_cycles = 3202068
stat.node.2.injector.request_bytes = 1034200
stat.node.2.injector.response_bytes = 113344
stat.node.2.injector.aggregate_bytes = 1147544
stat.node.2.injector.request_gbps = 6.20119
stat.node.2.injector.response_gbps = 0.679625
stat.node.2.injector.aggregate_gbps = 6.88082
stat.node.2.llc.cxl_miss = 800
stat.node.2.llc.total_miss = 800
stat.node.2.llc.avg_miss_lat = 3754.3
stat.node.2.llc.avg_cxl_lat = 3754.3
stat.node.2.llc.miss_lat_hist_bin_ns = 10
stat.node.2.llc.miss_lat_hist = [0,0,0,0,0,0,0,0,0,0,0,0,0,0,0,0,0,0,0,0,0,0,0,0,0,0,0,0,0,0,0,0,0,0,0,0,0,0,0,0,0,0,0,0,0,0,0,0,0,0,0,0,0,0,0,0,0,0,0,0,0,0,0,0,0,0,0,0,0,0,0,0,0,0,0,0,0,0,0,0,0,0,0,0,0,0,0,0,0,0,0,0,0,0,0,0,0,0,0,0,0,0,0,0,0,0,0,0,0,0,0,0,0,0,0,2,0,0,1,1,1,3,2,1,4,2,2,6,3,7,9,11,3,7,17,12,14,10,13,11,10,13,21,17,8,21,9,10,22,21,21,17,19,18,17,22,20,15,24,20,14,19,13,19,15,13,4,20,14,14,17,6,11,12,9,13,5,4,8,7,3,7,7,5,5,8,7,3,3,2,1,4,1,1,2,1,1,2,3,0,0,1,1,2,1,0,0,0,2,1,0,0,1,0,0,0,0,1]
stat.node.2.util.dram_avg = 3.26347e-06
stat.node.2.walltime_s = 748.054
stat.node.2.active_time_s = 88.1466
stat.node.6.cpu.0.load_issue_to_complete_count = 799
stat.node.6.cpu.0.avg_load_issue_to_complete_lat = 4044.53
stat.node.6.injector.phase_cycles = 3237109
stat.node.6.injector.request_bytes = 1039000
stat.node.6.injector.response_bytes = 113856
stat.node.6.injector.aggregate_bytes = 1152856
stat.node.6.injector.request_gbps = 6.16254
stat.node.6.injector.response_gbps = 0.675305
stat.node.6.injector.aggregate_gbps = 6.83784
stat.node.6.llc.cxl_miss = 800
stat.node.6.llc.total_miss = 800
stat.node.6.llc.avg_miss_lat = 3797.59
stat.node.6.llc.avg_cxl_lat = 3797.59
stat.node.6.llc.miss_lat_hist_bin_ns = 10
stat.node.6.llc.miss_lat_hist = [0,0,0,0,0,0,0,0,0,0,0,0,0,0,0,0,0,0,0,0,0,0,0,0,0,0,0,0,0,0,0,0,0,0,0,0,0,0,0,0,0,0,0,0,0,0,0,0,0,0,0,0,0,0,0,0,0,0,0,0,0,0,0,0,0,0,0,0,0,0,0,0,0,0,0,0,0,0,0,0,0,0,0,0,0,0,0,0,0,0,0,0,0,0,0,0,0,0,0,0,0,0,0,0,0,0,0,0,0,0,0,0,0,1,0,1,0,1,2,0,2,2,3,1,2,3,2,1,4,2,5,11,8,5,4,9,8,14,13,8,17,11,12,8,17,18,24,18,23,15,23,19,24,22,16,17,19,11,23,24,21,20,14,14,7,15,15,17,11,16,8,8,5,5,11,12,7,8,5,5,4,6,8,7,6,4,9,4,1,4,5,5,3,3,4,3,2,3,1,1,3,0,0,1,1,1,2,0,2,0,1,3,1,0,1,0,0,0,1,0,0,0,1,1,0,1]
stat.node.6.util.dram_avg = 3.26114e-06
stat.node.6.walltime_s = 748.195
stat.node.6.active_time_s = 111.741
stat.node.5.cpu.0.load_issue_to_complete_count = 799
stat.node.5.cpu.0.avg_load_issue_to_complete_lat = 4033.35
stat.node.5.injector.phase_cycles = 3228025
stat.node.5.injector.request_bytes = 1035432
stat.node.5.injector.response_bytes = 113472
stat.node.5.injector.aggregate_bytes = 1148904
stat.node.5.injector.request_gbps = 6.15866
stat.node.5.injector.response_gbps = 0.674921
stat.node.5.injector.aggregate_gbps = 6.83358
stat.node.5.llc.cxl_miss = 800
stat.node.5.llc.total_miss = 800
stat.node.5.llc.avg_miss_lat = 3790.69
stat.node.5.llc.avg_cxl_lat = 3790.69
stat.node.5.llc.miss_lat_hist_bin_ns = 10
stat.node.5.llc.miss_lat_hist = [0,0,0,0,0,0,0,0,0,0,0,0,0,0,0,0,0,0,0,0,0,0,0,0,0,0,0,0,0,0,0,0,0,0,0,0,0,0,0,0,0,0,0,0,0,0,0,0,0,0,0,0,0,0,0,0,0,0,0,0,0,0,0,0,0,0,0,0,0,0,0,0,0,0,0,0,0,0,0,0,0,0,0,0,0,0,0,0,0,0,0,0,0,0,0,0,0,0,0,0,0,0,0,0,0,0,0,0,0,0,0,0,0,0,1,0,0,2,1,1,0,2,0,0,3,3,1,5,3,4,7,3,8,3,4,6,6,13,14,16,11,12,17,15,21,18,26,17,20,25,17,17,20,18,21,20,19,12,21,18,12,13,16,11,22,14,16,9,14,12,15,16,11,10,10,7,10,8,8,10,9,5,6,7,5,6,2,4,3,4,5,4,3,0,2,2,0,1,0,4,1,1,2,1,2,0,0,1,0,0,0,0,0,0,0,1,2,0,0,0,0,0,0,0,0,0,0,0,0,0,0,0,1,0,0,0,0,1]
stat.node.5.util.dram_avg = 3.25282e-06
stat.node.5.walltime_s = 748.69
stat.node.5.active_time_s = 96.8114
stat.pool.102.util.mem_avg = 0.167495
stat.pool.102.util.req_link_avg = 0.999938
stat.pool.102.walltime_s = 748.69
stat.pool.102.active_time_s = 3.03675
stat.pool.101.util.mem_avg = 0.167495
stat.pool.101.util.req_link_avg = 0.999938
stat.pool.101.walltime_s = 748.69
stat.pool.101.active_time_s = 3.13645
stat.pool.100.util.mem_avg = 0.167494
stat.pool.100.util.req_link_avg = 0.999938
stat.pool.100.walltime_s = 748.69
stat.pool.100.active_time_s = 3.31675
stat.switch.replicated_messages = 879438
stat.switch.util.node_ingress_avg = 0.1267
stat.switch.util.pool_ingress_avg = 0.053625
stat.switch.bw.host_to_switch_gbps = 6.22765
stat.switch.bw.switch_to_host_gbps = 0.9884
stat.switch.bw.host_link_total_gbps = 7.21605
stat.switch.walltime_s = 748.69
stat.switch.active_time_s = 15.5761
Simulation is complete, simulated time: 3.07671 ms
