stat.node.5.cpu.0.retired = 449
stat.node.5.cpu.0.cycles = 1000000
stat.node.6.cpu.0.retired = 460
stat.node.6.cpu.0.cycles = 1000000
stat.node.7.cpu.0.retired = 465
stat.node.7.cpu.0.cycles = 1000000
stat.node.0.cpu.0.retired = 468
stat.node.0.cpu.0.cycles = 1000000
stat.node.1.cpu.0.retired = 456
stat.node.1.cpu.0.cycles = 1000000
stat.node.2.cpu.0.retired = 456
stat.node.2.cpu.0.cycles = 1000000
stat.node.3.cpu.0.retired = 461
stat.node.3.cpu.0.cycles = 1000000
stat.node.4.cpu.0.retired = 454
stat.node.4.cpu.0.cycles = 1000000
stat.node.7.cpu.0.retired = 990
stat.node.7.cpu.0.cycles = 2000000
stat.node.0.cpu.0.retired = 956
stat.node.0.cpu.0.cycles = 2000000
stat.node.1.cpu.0.retired = 981
stat.node.1.cpu.0.cycles = 2000000
stat.node.2.cpu.0.retired = 986
stat.node.2.cpu.0.cycles = 2000000
stat.node.3.cpu.0.retired = 1002
stat.node.3.cpu.0.cycles = 2000000
stat.node.5.cpu.0.retired = 937
stat.node.5.cpu.0.cycles = 2000000
stat.node.6.cpu.0.retired = 963
stat.node.6.cpu.0.cycles = 2000000
stat.node.4.cpu.0.retired = 971
stat.node.4.cpu.0.cycles = 2000000
stat.node.1.cpu.0.retired = 1482
stat.node.2.cpu.0.retired = 1550
stat.node.2.cpu.0.cycles = 3000000
stat.node.3.cpu.0.retired = 1545
stat.node.3.cpu.0.cycles = 3000000
stat.node.5.cpu.0.retired = 1460
stat.node.5.cpu.0.cycles = 3000000
stat.node.4.cpu.0.retired = 1517
stat.node.4.cpu.0.cycles = 3000000
stat.node.6.cpu.0.retired = 1435
stat.node.6.cpu.0.cycles = 3000000
stat.node.7.cpu.0.retired = 1489
stat.node.7.cpu.0.cycles = 3000000
stat.node.0.cpu.0.retired = 1462
stat.node.0.cpu.0.cycles = 3000000
stat.node.1.cpu.0.cycles = 3000000
stat.node.3.cpu.0.load_issue_to_complete_count = 799
stat.node.3.cpu.0.avg_load_issue_to_complete_lat = 1804.21
stat.node.3.injector.phase_cycles = 1444828
stat.node.3.injector.request_bytes = 479144
stat.node.3.injector.response_bytes = 194880
stat.node.3.injector.aggregate_bytes = 674024
stat.node.3.injector.request_gbps = 6.36724
stat.node.3.injector.response_gbps = 2.58972
stat.node.3.injector.aggregate_gbps = 8.95696
stat.node.3.llc.cxl_miss = 800
stat.node.3.llc.total_miss = 800
stat.node.3.llc.avg_miss_lat = 1614.74
stat.node.3.llc.avg_cxl_lat = 1614.74
stat.node.3.llc.miss_lat_hist_bin_ns = 10
stat.node.3.llc.miss_lat_hist = [0,0,0,0,0,0,0,0,0,0,0,0,0,0,0,0,0,0,0,0,0,0,0,0,0,0,0,0,0,0,0,0,0,0,0,0,0,0,0,0,0,4,55,24,23,22,26,25,14,20,20,16,22,21,18,15,20,20,18,12,20,14,8,13,14,6,13,11,8,13,11,8,13,16,9,11,9,12,5,10,11,5,3,5,4,7,5,3,3,3,2,7,7,7,7,3,4,4,2,4,1,7,4,4,1,3,5,3,2,3,0,3,2,1,3,2,2,2,4,0,0,2,2,0,1,2,4,0,0,1,2,0,1,1,1,3,0,2,0,1,0,0,1,1,1,0,0,1,0,0,0,0,1,1,1,0,0,0,0,0,0,0,1,0,1,1]
stat.node.3.util.dram_avg = 7.765e-06
stat.node.3.walltime_s = 378.84
stat.node.3.active_time_s = 42.7507
stat.node.2.cpu.0.load_issue_to_complete_count = 799
stat.node.2.cpu.0.avg_load_issue_to_complete_lat = 1832.07
stat.node.2.injector.phase_cycles = 1466863
stat.node.2.injector.request_bytes = 486424
stat.node.2.injector.response_bytes = 197824
stat.node.2.injector.aggregate_bytes = 684248
stat.node.2.injector.request_gbps = 6.36688
stat.node.2.injector.response_gbps = 2.58935
stat.node.2.injector.aggregate_gbps = 8.95623
stat.node.2.llc.cxl_miss = 800
stat.node.2.llc.total_miss = 800
stat.node.2.llc.avg_miss_lat = 1642.92
stat.node.2.llc.avg_cxl_lat = 1642.92
stat.node.2.llc.miss_lat_hist_bin_ns = 10
stat.node.2.llc.miss_lat_hist = [0,0,0,0,0,0,0,0,0,0,0,0,0,0,0,0,0,0,0,0,0,0,0,0,0,0,0,0,0,0,0,0,0,0,0,0,0,0,0,0,0,5,57,34,26,27,16,25,16,17,28,26,14,17,16,17,16,12,13,9,8,12,14,8,11,9,9,12,14,17,9,12,10,9,7,4,7,13,12,4,8,9,10,5,5,9,5,6,9,4,7,5,1,5,6,6,2,1,10,2,4,2,3,4,1,2,2,1,6,5,3,0,0,1,4,1,2,4,0,0,2,1,1,1,5,1,2,1,0,4,1,1,1,1,2,2,0,1,3,1,1,1,1,0,3,0,0,0,0,0,1,1,1,0,1,2,0,1,0,0,0,0,0,1,2,0,0,0,0,0,0,0,0,0,0,0,0,0,1]
stat.node.2.util.dram_avg = 7.75984e-06
stat.node.2.walltime_s = 378.923
stat.node.2.active_time_s = 42.5302
stat.node.4.cpu.0.load_issue_to_complete_count = 799
stat.node.4.cpu.0.avg_load_issue_to_complete_lat = 1890.9
stat.node.4.injector.phase_cycles = 1513992
stat.node.4.injector.request_bytes = 502072
stat.node.4.injector.response_bytes = 204032
stat.node.4.injector.aggregate_bytes = 706104
stat.node.4.injector.request_gbps = 6.36713
stat.node.4.injector.response_gbps = 2.58747
stat.node.4.injector.aggregate_gbps = 8.9546
stat.node.4.llc.cxl_miss = 800
stat.node.4.llc.total_miss = 800
stat.node.4.llc.avg_miss_lat = 1698.9
stat.node.4.llc.avg_cxl_lat = 1698.9
stat.node.4.llc.miss_lat_hist_bin_ns = 10
stat.node.4.llc.miss_lat_hist = [0,0,0,0,0,0,0,0,0,0,0,0,0,0,0,0,0,0,0,0,0,0,0,0,0,0,0,0,0,0,0,0,0,0,0,0,0,0,0,0,0,3,42,34,14,20,21,25,22,13,17,15,20,13,11,13,19,10,10,18,16,23,11,12,16,11,11,13,7,7,9,17,9,6,7,10,9,5,11,8,11,5,12,7,5,9,8,8,3,4,5,6,5,6,7,4,8,5,4,1,5,7,2,4,8,2,3,6,3,3,4,7,5,3,2,4,4,4,2,4,2,2,1,0,1,3,1,1,1,1,2,2,2,1,0,4,0,2,0,0,0,3,1,0,1,0,0,0,0,0,0,1,1,0,0,0,0,0,1,0,0,0,0,0,1,0,0,0,1,0,0,0,0,0,0,0,0,0,0,0,0,0,0,0,0,0,0,0,0,0,0,0,0,0,0,0,0,0,1]
stat.node.4.util.dram_avg = 7.57913e-06
stat.node.4.walltime_s = 391.295
stat.node.4.active_time_s = 43.1535
stat.node.7.cpu.0.load_issue_to_complete_count = 799
stat.node.7.cpu.0.avg_load_issue_to_complete_lat = 1897.41
stat.node.7.injector.phase_cycles = 1519092
stat.node.7.injector.request_bytes = 503752
stat.node.7.injector.response_bytes = 204864
stat.node.7.injector.aggregate_bytes = 708616
stat.node.7.injector.request_gbps = 6.36699
stat.node.7.injector.response_gbps = 2.5893
stat.node.7.injector.aggregate_gbps = 8.95629
stat.node.7.llc.cxl_miss = 800
stat.node.7.llc.total_miss = 800
stat.node.7.llc.avg_miss_lat = 1710.9
stat.node.7.llc.avg_cxl_lat = 1710.9
stat.node.7.llc.miss_lat_hist_bin_ns = 10
stat.node.7.llc.miss_lat_hist = [0,0,0,0,0,0,0,0,0,0,0,0,0,0,0,0,0,0,0,0,0,0,0,0,0,0,0,0,0,0,0,0,0,0,0,0,0,0,0,0,0,4,37,19,22,21,26,24,15,18,19,16,7,15,13,18,14,15,16,7,17,17,13,14,18,17,14,12,12,8,10,15,12,11,8,13,10,8,9,5,8,8,9,9,5,6,4,5,5,6,9,11,7,6,4,2,2,6,3,8,5,2,1,3,3,2,2,4,2,10,1,3,2,2,0,4,1,4,3,4,0,4,0,2,3,6,3,1,2,1,2,0,2,1,1,1,0,0,2,2,1,0,1,1,0,1,0,0,0,1,2,0,1,2,0,0,0,0,0,1,0,0,0,2,0,0,0,0,0,0,0,1,0,0,0,2,0,0,0,1]
stat.node.7.util.dram_avg = 7.51652e-06
stat.node.7.walltime_s = 395.223
stat.node.7.active_time_s = 45.3889
stat.node.1.cpu.0.load_issue_to_complete_count = 799
stat.node.1.cpu.0.avg_load_issue_to_complete_lat = 1962.83
stat.node.1.injector.phase_cycles = 1571509
stat.node.1.injector.request_bytes = 521160
stat.node.1.injector.response_bytes = 212160
stat.node.1.injector.aggregate_bytes = 733320
stat.node.1.injector.request_gbps = 6.3673
stat.node.1.injector.response_gbps = 2.59208
stat.node.1.injector.aggregate_gbps = 8.95938
stat.node.1.llc.cxl_miss = 800
stat.node.1.llc.total_miss = 800
stat.node.1.llc.avg_miss_lat = 1776.08
stat.node.1.llc.avg_cxl_lat = 1776.08
stat.node.1.llc.miss_lat_hist_bin_ns = 10
stat.node.1.llc.miss_lat_hist = [0,0,0,0,0,0,0,0,0,0,0,0,0,0,0,0,0,0,0,0,0,0,0,0,0,0,0,0,0,0,0,0,0,0,0,0,0,0,0,0,0,4,38,34,22,22,19,24,23,23,12,19,15,16,19,12,15,18,13,21,9,5,8,15,11,7,14,6,8,10,9,9,12,6,9,5,6,7,8,8,4,6,7,2,8,6,7,3,6,1,10,6,5,4,7,5,4,8,4,4,2,1,3,4,5,2,2,2,1,4,5,5,3,5,5,8,3,4,1,2,3,6,1,2,1,3,6,3,3,3,4,2,6,0,2,1,0,4,2,1,0,2,2,0,0,1,1,1,0,0,0,1,5,1,3,0,0,0,0,0,0,1,2,2,1,1,3,1,0,0,0,0,0,0,0,0,0,0,0,0,0,0,0,0,1,1,1,1]
stat.node.1.util.dram_avg = 7.42373e-06
stat.node.1.walltime_s = 400.976
stat.node.1.active_time_s = 46.7964
stat.node.0.cpu.0.load_issue_to_complete_count = 799
stat.node.0.cpu.0.avg_load_issue_to_complete_lat = 1980.42
stat.node.0.injector.phase_cycles = 1585138
stat.node.0.injector.request_bytes = 525672
stat.node.0.injector.response_bytes = 213824
stat.node.0.injector.aggregate_bytes = 739496
stat.node.0.injector.request_gbps = 6.36721
stat.node.0.injector.response_gbps = 2.58995
stat.node.0.injector.aggregate_gbps = 8.95715
stat.node.0.llc.cxl_miss = 800
stat.node.0.llc.total_miss = 800
stat.node.0.llc.avg_miss_lat = 1792.75
stat.node.0.llc.avg_cxl_lat = 1792.75
stat.node.0.llc.miss_lat_hist_bin_ns = 10
stat.node.0.llc.miss_lat_hist = [0,0,0,0,0,0,0,0,0,0,0,0,0,0,0,0,0,0,0,0,0,0,0,0,0,0,0,0,0,0,0,0,0,0,0,0,0,0,0,0,0,2,36,22,17,16,15,11,12,17,13,17,16,21,18,15,20,13,10,15,16,23,11,13,15,9,17,14,11,4,14,9,13,6,13,8,8,6,5,8,12,8,6,5,7,8,6,5,4,13,1,7,9,6,8,7,4,2,3,5,6,7,1,7,3,1,3,2,3,3,5,3,3,7,5,5,4,2,1,1,3,2,2,4,4,1,2,4,4,4,2,2,0,2,2,0,2,1,1,1,2,1,3,1,1,0,0,1,0,2,1,1,4,1,0,1,1,0,0,2,2,0,0,1,0,0,1,1,0,1,0,0,0,0,0,0,1,0,0,0,1]
stat.node.0.util.dram_avg = 7.34553e-06
stat.node.0.walltime_s = 404.381
stat.node.0.active_time_s = 43.5191
stat.node.5.cpu.0.load_issue_to_complete_count = 799
stat.node.5.cpu.0.avg_load_issue_to_complete_lat = 1892.34
stat.node.5.injector.phase_cycles = 1514659
stat.node.5.injector.request_bytes = 502344
stat.node.5.injector.response_bytes = 204288
stat.node.5.injector.aggregate_bytes = 706632
stat.node.5.injector.request_gbps = 6.36777
stat.node.5.injector.response_gbps = 2.58958
stat.node.5.injector.aggregate_gbps = 8.95735
stat.node.5.llc.cxl_miss = 800
stat.node.5.llc.total_miss = 800
stat.node.5.llc.avg_miss_lat = 1706.78
stat.node.5.llc.avg_cxl_lat = 1706.78
stat.node.5.llc.miss_lat_hist_bin_ns = 10
stat.node.5.llc.miss_lat_hist = [0,0,0,0,0,0,0,0,0,0,0,0,0,0,0,0,0,0,0,0,0,0,0,0,0,0,0,0,0,0,0,0,0,0,0,0,0,0,0,0,0,2,41,21,23,21,13,21,19,21,19,16,13,12,12,11,23,14,10,15,17,11,16,13,12,10,16,13,11,10,14,12,6,7,19,13,6,11,10,15,9,6,11,8,9,7,6,8,5,7,5,5,5,7,7,5,3,7,9,2,3,5,1,2,3,6,2,4,2,3,4,4,2,2,2,5,3,2,3,1,5,0,1,3,2,1,0,1,2,1,3,1,1,0,0,1,1,0,0,0,2,0,2,0,1,1,1,0,2,0,0,0,1,0,1,0,0,0,0,0,1,0,1,0,0,0,1,0,0,0,0,0,0,0,0,0,0,0,0,1,0,0,1,0,0,0,0,0,0,1,0,0,0,0,0,0,0,0,0,0,0,1]
stat.node.5.util.dram_avg = 7.33218e-06
stat.node.5.walltime_s = 405.127
stat.node.5.active_time_s = 48.7775
stat.node.6.cpu.0.load_issue_to_complete_count = 799
stat.node.6.cpu.0.avg_load_issue_to_complete_lat = 2019.65
stat.pool.103.util.mem_avg = 0.178756
stat.pool.103.util.req_link_avg = 0.999839
stat.pool.103.walltime_s = 406.59
stat.pool.103.active_time_s = 1.2865
stat.pool.102.util.mem_avg = 0.178759
stat.pool.102.util.req_link_avg = 0.999839
stat.pool.102.walltime_s = 406.59
stat.pool.102.active_time_s = 1.24369
stat.pool.101.util.mem_avg = 0.178755
stat.pool.101.util.req_link_avg = 0.999837
stat.pool.101.walltime_s = 406.59
stat.pool.101.active_time_s = 1.21103
stat.pool.100.util.mem_avg = 0.178758
stat.pool.100.util.req_link_avg = 0.999839
stat.pool.100.walltime_s = 406.59
stat.pool.100.active_time_s = 1.37267
stat.switch.replicated_messages = 518984
stat.switch.util.node_ingress_avg = 0.131321
stat.switch.util.pool_ingress_avg = 0.134207
stat.switch.bw.host_to_switch_gbps = 6.45491
stat.switch.bw.switch_to_host_gbps = 3.2983
stat.switch.bw.host_link_total_gbps = 9.7532
stat.switch.walltime_s = 406.591
stat.switch.active_time_s = 7.47584
stat.node.6.injector.phase_cycles = 1617647
stat.node.6.injector.request_bytes = 536456
stat.node.6.injector.response_bytes = 218304
stat.node.6.injector.aggregate_bytes = 754760
stat.node.6.injector.request_gbps = 6.36725
stat.node.6.injector.response_gbps = 2.59107
stat.node.6.injector.aggregate_gbps = 8.95832
stat.node.6.llc.cxl_miss = 800
stat.node.6.llc.total_miss = 800
stat.node.6.llc.avg_miss_lat = 1833.07
stat.node.6.llc.avg_cxl_lat = 1833.07
stat.node.6.llc.miss_lat_hist_bin_ns = 10
stat.node.6.llc.miss_lat_hist = [0,0,0,0,0,0,0,0,0,0,0,0,0,0,0,0,0,0,0,0,0,0,0,0,0,0,0,0,0,0,0,0,0,0,0,0,0,0,0,0,0,1,34,29,5,10,13,27,20,6,26,23,14,14,14,15,17,12,7,8,18,14,12,9,15,19,8,12,6,10,15,11,7,8,11,9,9,7,9,10,10,6,6,6,9,6,2,11,9,4,8,2,6,7,6,9,4,5,7,6,4,1,6,2,7,4,6,3,3,5,2,3,3,10,4,3,3,5,1,3,6,2,4,4,1,1,1,2,2,3,2,3,0,1,2,2,5,2,0,0,2,0,0,1,1,1,0,1,3,1,1,1,1,0,2,0,0,2,2,3,1,2,1,1,1,1,0,0,2,1,2,0,0,0,0,0,0,0,0,0,0,1,0,0,0,0,0,0,0,0,0,0,0,0,0,0,0,0,0,0,0,0,0,0,0,0,0,0,0,0,0,0,0,0,0,0,0,0,0,0,0,0,0,0,0,0,0,0,0,0,1]
stat.node.6.util.dram_avg = 7.27456e-06
stat.node.6.walltime_s = 406.59
stat.node.6.active_time_s = 55.766
Simulation is complete, simulated time: 1.37575 ms
