stat.node.7.cpu.0.retired = 776
stat.node.7.cpu.0.cycles = 1000000
stat.node.0.cpu.0.retired = 776
stat.node.0.cpu.0.cycles = 1000000
stat.node.1.cpu.0.retired = 774
stat.node.1.cpu.0.cycles = 1000000
stat.node.2.cpu.0.retired = 774
stat.node.2.cpu.0.cycles = 1000000
stat.node.3.cpu.0.retired = 773
stat.node.3.cpu.0.cycles = 1000000
stat.node.4.cpu.0.retired = 778
stat.node.4.cpu.0.cycles = 1000000
stat.node.5.cpu.0.retired = 776
stat.node.5.cpu.0.cycles = 1000000
stat.node.6.cpu.0.retired = 776
stat.node.6.cpu.0.cycles = 1000000
stat.node.4.cpu.0.load_issue_to_complete_count = 799
stat.node.4.cpu.0.avg_load_issue_to_complete_lat = 984.23
stat.node.4.injector.phase_cycles = 788349
stat.node.4.injector.request_bytes = 157392
stat.node.4.injector.response_bytes = 198784
stat.node.4.injector.aggregate_bytes = 356176
stat.node.4.injector.request_gbps = 3.83323
stat.node.4.injector.response_gbps = 4.84132
stat.node.4.injector.aggregate_gbps = 8.67456
stat.node.4.llc.cxl_miss = 800
stat.node.4.llc.total_miss = 800
stat.node.4.llc.avg_miss_lat = 808.695
stat.node.4.llc.avg_cxl_lat = 808.695
stat.node.4.llc.miss_lat_hist_bin_ns = 10
stat.node.4.llc.miss_lat_hist = [0,0,0,0,0,0,0,0,0,0,0,0,0,0,0,0,0,0,0,0,0,0,0,0,0,0,0,0,0,2,45,274,144,50,42,39,37,40,73,49,5]
stat.node.4.util.dram_avg = 1.32633e-05
stat.node.4.walltime_s = 146.098
stat.node.4.active_time_s = 21.7393
stat.node.6.cpu.0.load_issue_to_complete_count = 799
stat.node.6.cpu.0.avg_load_issue_to_complete_lat = 984.501
stat.node.6.injector.phase_cycles = 788474
stat.node.6.injector.request_bytes = 157392
stat.node.6.injector.response_bytes = 198784
stat.node.6.injector.aggregate_bytes = 356176
stat.node.6.injector.request_gbps = 3.83263
stat.node.6.injector.response_gbps = 4.84056
stat.node.6.injector.aggregate_gbps = 8.67318
stat.node.6.llc.cxl_miss = 800
stat.node.6.llc.total_miss = 800
stat.node.6.llc.avg_miss_lat = 809.497
stat.node.6.llc.avg_cxl_lat = 809.497
stat.node.6.llc.miss_lat_hist_bin_ns = 10
stat.node.6.llc.miss_lat_hist = [0,0,0,0,0,0,0,0,0,0,0,0,0,0,0,0,0,0,0,0,0,0,0,0,0,0,0,0,0,2,27,249,135,71,70,65,65,39,36,37,3,1]
stat.node.6.util.dram_avg = 1.3252e-05
stat.node.6.walltime_s = 146.168
stat.node.6.active_time_s = 21.4937
stat.node.5.cpu.0.load_issue_to_complete_count = 799
stat.node.5.cpu.0.avg_load_issue_to_complete_lat = 984.204
stat.node.5.injector.phase_cycles = 788274
stat.node.5.injector.request_bytes = 157384
stat.node.5.injector.response_bytes = 198720
stat.node.5.injector.aggregate_bytes = 356104
stat.node.5.injector.request_gbps = 3.8334
stat.node.5.injector.response_gbps = 4.84023
stat.node.5.injector.aggregate_gbps = 8.67363
stat.node.5.llc.cxl_miss = 800
stat.node.5.llc.total_miss = 800
stat.node.5.llc.avg_miss_lat = 808.755
stat.node.5.llc.avg_cxl_lat = 808.755
stat.node.5.llc.miss_lat_hist_bin_ns = 10
stat.node.5.llc.miss_lat_hist = [0,0,0,0,0,0,0,0,0,0,0,0,0,0,0,0,0,0,0,0,0,0,0,0,0,0,0,0,0,2,29,279,132,60,54,59,46,41,46,48,4]
stat.node.5.util.dram_avg = 1.32501e-05
stat.node.5.walltime_s = 146.193
stat.node.5.active_time_s = 23.4015
stat.node.0.cpu.0.load_issue_to_complete_count = 799
stat.node.0.cpu.0.avg_load_issue_to_complete_lat = 984.36
stat.node.0.injector.phase_cycles = 788440
stat.node.0.injector.request_bytes = 157392
stat.node.0.injector.response_bytes = 198848
stat.node.0.injector.aggregate_bytes = 356240
stat.node.0.injector.request_gbps = 3.83279
stat.node.0.injector.response_gbps = 4.84232
stat.node.0.injector.aggregate_gbps = 8.67512
stat.node.0.llc.cxl_miss = 800
stat.node.0.llc.total_miss = 800
stat.node.0.llc.avg_miss_lat = 809.241
stat.node.0.llc.avg_cxl_lat = 809.241
stat.node.0.llc.miss_lat_hist_bin_ns = 10
stat.node.0.llc.miss_lat_hist = [0,0,0,0,0,0,0,0,0,0,0,0,0,0,0,0,0,0,0,0,0,0,0,0,0,0,0,0,0,0,26,280,137,63,58,49,44,31,65,46,1]
stat.node.0.util.dram_avg = 1.32474e-05
stat.node.0.walltime_s = 146.232
stat.node.0.active_time_s = 23.4119
stat.node.7.cpu.0.load_issue_to_complete_count = 799
stat.node.7.cpu.0.avg_load_issue_to_complete_lat = 987.631
stat.node.7.injector.phase_cycles = 790928
stat.node.7.injector.request_bytes = 157920
stat.node.7.injector.response_bytes = 199424
stat.node.7.injector.aggregate_bytes = 357344
stat.node.7.injector.request_gbps = 3.83355
stat.node.7.injector.response_gbps = 4.84107
stat.node.7.injector.aggregate_gbps = 8.67463
stat.node.7.llc.cxl_miss = 800
stat.node.7.llc.total_miss = 800
stat.node.7.llc.avg_miss_lat = 813
stat.node.7.llc.avg_cxl_lat = 813
stat.node.7.llc.miss_lat_hist_bin_ns = 10
stat.node.7.llc.miss_lat_hist = [0,0,0,0,0,0,0,0,0,0,0,0,0,0,0,0,0,0,0,0,0,0,0,0,0,0,0,0,0,0,29,231,175,67,40,45,49,48,71,38,7]
stat.node.7.util.dram_avg = 1.32279e-05
stat.node.7.walltime_s = 146.335
stat.node.7.active_time_s = 25.6502
stat.node.1.cpu.0.load_issue_to_complete_count = 799
stat.node.1.cpu.0.avg_load_issue_to_complete_lat = 987.07
stat.node.1.injector.phase_cycles = 790655
stat.node.1.injector.request_bytes = 157848
stat.node.1.injector.response_bytes = 199360
stat.node.1.injector.aggregate_bytes = 357208
stat.node.1.injector.request_gbps = 3.83313
stat.node.1.injector.response_gbps = 4.84119
stat.node.1.injector.aggregate_gbps = 8.67432
stat.node.1.llc.cxl_miss = 800
stat.node.1.llc.total_miss = 800
stat.node.1.llc.avg_miss_lat = 811.839
stat.node.1.llc.avg_cxl_lat = 811.839
stat.node.1.llc.miss_lat_hist_bin_ns = 10
stat.node.1.llc.miss_lat_hist = [0,0,0,0,0,0,0,0,0,0,0,0,0,0,0,0,0,0,0,0,0,0,0,0,0,0,0,0,0,0,24,261,162,71,37,26,52,40,82,42,3]
stat.node.1.util.dram_avg = 1.32201e-05
stat.node.1.walltime_s = 146.428
stat.node.1.active_time_s = 21.6836
stat.node.2.cpu.0.load_issue_to_complete_count = 799
stat.node.2.cpu.0.avg_load_issue_to_complete_lat = 987.289
stat.node.2.injector.phase_cycles = 790680
stat.node.2.injector.request_bytes = 157848
stat.node.2.injector.response_bytes = 199360
stat.node.2.injector.aggregate_bytes = 357208
stat.node.2.injector.request_gbps = 3.83301
stat.node.2.injector.response_gbps = 4.84104
stat.node.2.injector.aggregate_gbps = 8.67404
stat.node.2.llc.cxl_miss = 800
stat.node.2.llc.total_miss = 800
stat.node.2.llc.avg_miss_lat = 812.491
stat.node.2.llc.avg_cxl_lat = 812.491
stat.node.2.llc.miss_lat_hist_bin_ns = 10
stat.node.2.llc.miss_lat_hist = [0,0,0,0,0,0,0,0,0,0,0,0,0,0,0,0,0,0,0,0,0,0,0,0,0,0,0,0,0,1,36,268,141,67,39,28,33,50,72,59,6]
stat.node.2.util.dram_avg = 1.32187e-05
stat.node.2.walltime_s = 146.424
stat.node.2.active_time_s = 32.2012
stat.node.3.cpu.0.load_issue_to_complete_count = 799
stat.node.3.cpu.0.avg_load_issue_to_complete_lat = 986.444
stat.node.3.injector.phase_cycles = 790118
stat.node.3.injector.request_bytes = 157696
stat.node.3.injector.response_bytes = 199232
stat.node.3.injector.aggregate_bytes = 356928
stat.node.3.injector.request_gbps = 3.83204
stat.node.3.injector.response_gbps = 4.84137
stat.node.3.injector.aggregate_gbps = 8.67341
stat.node.3.llc.cxl_miss = 800
stat.node.3.llc.total_miss = 800
stat.node.3.llc.avg_miss_lat = 811.388
stat.node.3.llc.avg_cxl_lat = 811.388
stat.node.3.llc.miss_lat_hist_bin_ns = 10
stat.node.3.llc.miss_lat_hist = [0,0,0,0,0,0,0,0,0,0,0,0,0,0,0,0,0,0,0,0,0,0,0,0,0,0,0,0,0,0,33,234,131,108,42,56,52,54,55,31,4]
stat.node.3.util.dram_avg = 1.3217e-05
stat.node.3.walltime_s = 146.488
stat.node.3.active_time_s = 23.3776
stat.pool.100.util.mem_avg = 0.24279
stat.pool.100.util.req_link_avg = 0.649191
stat.pool.100.walltime_s = 146.48
stat.pool.100.active_time_s = 0.879565
stat.switch.replicated_messages = 38144
stat.switch.util.node_ingress_avg = 0.0811574
stat.switch.util.pool_ingress_avg = 0.992279
stat.switch.bw.host_to_switch_gbps = 3.98957
stat.switch.bw.switch_to_host_gbps = 6.09657
stat.switch.bw.host_link_total_gbps = 10.0861
stat.switch.walltime_s = 146.481
stat.switch.active_time_s = 2.92907
Simulation is complete, simulated time: 757.206 us
