stat.node.0.cpu.0.retired = 277
stat.node.0.cpu.0.cycles = 1000000
stat.node.1.cpu.0.retired = 293
stat.node.1.cpu.0.cycles = 1000000
stat.node.2.cpu.0.retired = 236
stat.node.2.cpu.0.cycles = 1000000
stat.node.3.cpu.0.retired = 278
stat.node.3.cpu.0.cycles = 1000000
stat.node.4.cpu.0.retired = 237
stat.node.4.cpu.0.cycles = 1000000
stat.node.5.cpu.0.retired = 213
stat.node.5.cpu.0.cycles = 1000000
stat.node.6.cpu.0.retired = 225
stat.node.6.cpu.0.cycles = 1000000
stat.node.7.cpu.0.retired = 281
stat.node.7.cpu.0.cycles = 1000000
stat.node.3.cpu.0.retired = 539
stat.node.3.cpu.0.cycles = 2000000
stat.node.4.cpu.0.retired = 463
stat.node.4.cpu.0.cycles = 2000000
stat.node.5.cpu.0.retired = 451
stat.node.5.cpu.0.cycles = 2000000
stat.node.6.cpu.0.retired = 511
stat.node.6.cpu.0.cycles = 2000000
stat.node.7.cpu.0.retired = 524
stat.node.7.cpu.0.cycles = 2000000
stat.node.0.cpu.0.retired = 519
stat.node.1.cpu.0.retired = 543
stat.node.1.cpu.0.cycles = 2000000
stat.node.2.cpu.0.retired = 484
stat.node.2.cpu.0.cycles = 2000000
stat.node.0.cpu.0.cycles = 2000000
stat.node.4.cpu.0.retired = 737
stat.node.4.cpu.0.cycles = 3000000
stat.node.5.cpu.0.retired = 745
stat.node.5.cpu.0.cycles = 3000000
stat.node.0.cpu.0.retired = 789
stat.node.0.cpu.0.cycles = 3000000
stat.node.7.cpu.0.retired = 797
stat.node.7.cpu.0.cycles = 3000000
stat.node.2.cpu.0.retired = 752
stat.node.2.cpu.0.cycles = 3000000
stat.node.1.cpu.0.retired = 811
stat.node.1.cpu.0.cycles = 3000000
stat.node.6.cpu.0.retired = 781
stat.node.6.cpu.0.cycles = 3000000
stat.node.3.cpu.0.retired = 811
stat.node.3.cpu.0.cycles = 3000000
stat.node.0.cpu.0.retired = 1078
stat.node.0.cpu.0.cycles = 4000000
stat.node.7.cpu.0.retired = 1084
stat.node.2.cpu.0.retired = 1038
stat.node.2.cpu.0.cycles = 4000000
stat.node.1.cpu.0.retired = 1095
stat.node.1.cpu.0.cycles = 4000000
stat.node.6.cpu.0.retired = 1066
stat.node.6.cpu.0.cycles = 4000000
stat.node.5.cpu.0.retired = 1059
stat.node.5.cpu.0.cycles = 4000000
stat.node.4.cpu.0.retired = 1021
stat.node.4.cpu.0.cycles = 4000000
stat.node.3.cpu.0.retired = 1097
stat.node.3.cpu.0.cycles = 4000000
stat.node.7.cpu.0.cycles = 4000000
stat.node.7.cpu.0.retired = 1371
stat.node.7.cpu.0.cycles = 5000000
stat.node.4.cpu.0.retired = 1310
stat.node.4.cpu.0.cycles = 5000000
stat.node.0.cpu.0.retired = 1365
stat.node.0.cpu.0.cycles = 5000000
stat.node.3.cpu.0.retired = 1383
stat.node.3.cpu.0.cycles = 5000000
stat.node.2.cpu.0.retired = 1327
stat.node.2.cpu.0.cycles = 5000000
stat.node.1.cpu.0.retired = 1388
stat.node.1.cpu.0.cycles = 5000000
stat.node.6.cpu.0.retired = 1354
stat.node.6.cpu.0.cycles = 5000000
stat.node.5.cpu.0.retired = 1355
stat.node.5.cpu.0.cycles = 5000000
stat.node.1.cpu.0.load_issue_to_complete_count = 799
stat.node.1.cpu.0.avg_load_issue_to_complete_lat = 3450.17
stat.node.1.injector.phase_cycles = 2761376
stat.node.1.injector.request_bytes = 1171776
stat.node.1.injector.response_bytes = 3125184
stat.node.1.injector.aggregate_bytes = 4296960
stat.node.1.injector.request_gbps = 8.14742
stat.node.1.injector.response_gbps = 21.7296
stat.node.1.injector.aggregate_gbps = 29.877
stat.node.1.llc.cxl_miss = 800
stat.node.1.llc.total_miss = 800
stat.node.1.llc.avg_miss_lat = 3238.16
stat.node.1.llc.avg_cxl_lat = 3238.16
stat.node.1.llc.miss_lat_hist_bin_ns = 10
stat.node.1.llc.miss_lat_hist = [0,0,0,0,0,0,0,0,0,0,0,0,0,0,0,0,0,0,0,0,0,0,0,0,0,0,0,0,0,0,0,0,0,0,0,0,0,0,0,0,0,0,0,0,0,0,0,0,0,0,0,0,0,0,0,0,0,0,0,0,0,0,0,0,0,0,0,0,0,0,0,0,0,0,0,0,0,0,0,0,0,0,0,0,0,0,0,0,0,1,0,1,0,1,0,0,0,0,0,1,2,1,3,3,2,4,1,4,7,4,7,8,12,12,8,7,11,13,16,12,23,7,18,17,20,16,23,21,12,19,23,20,23,20,18,20,18,19,21,13,20,13,20,18,16,10,9,16,14,13,15,15,8,6,10,6,4,9,5,6,5,5,4,1,4,8,3,2,1,1,2,5,1,0,1,0,1,0,1,1,1,1,1,0,1,0,0,1,0,0,1,0,1,0,0,0,1,0,0,1]
stat.node.1.util.dram_avg = 4.19537e-06
stat.node.1.walltime_s = 642.544
stat.node.1.active_time_s = 80.2916
stat.node.3.cpu.0.load_issue_to_complete_count = 799
stat.node.3.cpu.0.avg_load_issue_to_complete_lat = 3474.96
stat.node.3.injector.phase_cycles = 2781328
stat.node.3.injector.request_bytes = 1177824
stat.node.3.injector.response_bytes = 3140544
stat.node.3.injector.aggregate_bytes = 4318368
stat.node.3.injector.request_gbps = 8.13073
stat.node.3.injector.response_gbps = 21.6797
stat.node.3.injector.aggregate_gbps = 29.8105
stat.node.3.llc.cxl_miss = 800
stat.node.3.llc.total_miss = 800
stat.node.3.llc.avg_miss_lat = 3257.37
stat.node.3.llc.avg_cxl_lat = 3257.37
stat.node.3.llc.miss_lat_hist_bin_ns = 10
stat.node.3.llc.miss_lat_hist = [0,0,0,0,0,0,0,0,0,0,0,0,0,0,0,0,0,0,0,0,0,0,0,0,0,0,0,0,0,0,0,0,0,0,0,0,0,0,0,0,0,0,0,0,0,0,0,0,0,0,0,0,0,0,0,0,0,0,0,0,0,0,0,0,0,0,0,0,0,0,0,0,0,0,0,0,0,0,0,0,0,0,0,0,0,0,0,0,1,0,1,0,0,1,0,0,1,2,2,0,2,3,1,3,2,4,1,5,5,4,6,3,9,6,6,13,12,12,15,21,19,14,15,18,15,22,20,19,15,18,18,18,21,25,16,13,22,20,18,18,19,16,19,16,12,12,12,9,15,7,9,10,11,14,5,6,9,5,6,10,7,7,3,2,6,4,2,6,6,6,0,1,2,2,0,3,2,1,0,1,4,1,1,0,1,0,0,1,0,0,0,2,0,0,0,0,0,0,0,0,0,0,0,0,0,0,0,0,1,0,1]
stat.node.3.util.dram_avg = 4.17962e-06
stat.node.3.walltime_s = 643.576
stat.node.3.active_time_s = 69.7957
stat.node.7.cpu.0.load_issue_to_complete_count = 799
stat.node.7.cpu.0.avg_load_issue_to_complete_lat = 3445.77
stat.node.7.injector.phase_cycles = 2758049
stat.node.7.injector.request_bytes = 1167936
stat.node.7.injector.response_bytes = 3114944
stat.node.7.injector.aggregate_bytes = 4282880
stat.node.7.injector.request_gbps = 8.13052
stat.node.7.injector.response_gbps = 21.6845
stat.node.7.injector.aggregate_gbps = 29.815
stat.node.7.llc.cxl_miss = 800
stat.node.7.llc.total_miss = 800
stat.node.7.llc.avg_miss_lat = 3230.1
stat.node.7.llc.avg_cxl_lat = 3230.1
stat.node.7.llc.miss_lat_hist_bin_ns = 10
stat.node.7.llc.miss_lat_hist = [0,0,0,0,0,0,0,0,0,0,0,0,0,0,0,0,0,0,0,0,0,0,0,0,0,0,0,0,0,0,0,0,0,0,0,0,0,0,0,0,0,0,0,0,0,0,0,0,0,0,0,0,0,0,0,0,0,0,0,0,0,0,0,0,0,0,0,0,0,0,0,0,0,0,0,0,0,0,0,0,0,0,0,0,0,0,0,0,0,0,0,0,0,0,0,0,0,0,0,4,2,0,5,5,6,4,2,8,6,6,5,8,7,11,8,8,10,14,23,19,13,11,12,14,26,15,21,17,16,20,20,23,23,14,12,19,21,21,30,18,15,17,13,11,22,12,14,12,13,12,11,6,7,5,11,9,4,9,7,5,4,3,9,5,1,4,1,2,4,4,4,1,1,2,1,2,0,0,3,0,1,0,0,0,0,0,0,0,0,1,0,1,1,3]
stat.node.7.util.dram_avg = 4.16051e-06
stat.node.7.walltime_s = 645.425
stat.node.7.active_time_s = 77.2653
stat.node.0.cpu.0.load_issue_to_complete_count = 799
stat.node.0.cpu.0.avg_load_issue_to_complete_lat = 3454.31
stat.node.0.injector.phase_cycles = 2764075
stat.node.0.injector.request_bytes = 1174944
stat.node.0.injector.response_bytes = 3133184
stat.node.0.injector.aggregate_bytes = 4308128
stat.node.0.injector.request_gbps = 8.16147
stat.node.0.injector.response_gbps = 21.7639
stat.node.0.injector.aggregate_gbps = 29.9254
stat.node.0.llc.cxl_miss = 800
stat.node.0.llc.total_miss = 800
stat.node.0.llc.avg_miss_lat = 3240.36
stat.node.0.llc.avg_cxl_lat = 3240.36
stat.node.0.llc.miss_lat_hist_bin_ns = 10
stat.node.0.llc.miss_lat_hist = [0,0,0,0,0,0,0,0,0,0,0,0,0,0,0,0,0,0,0,0,0,0,0,0,0,0,0,0,0,0,0,0,0,0,0,0,0,0,0,0,0,0,0,0,0,0,0,0,0,0,0,0,0,0,0,0,0,0,0,0,0,0,0,0,0,0,0,0,0,0,0,0,0,0,0,0,0,0,0,0,0,0,0,0,0,0,0,0,0,0,0,0,1,1,0,0,0,2,2,5,2,1,1,6,3,5,4,8,4,1,5,4,5,10,4,7,20,13,15,16,16,9,10,15,26,22,19,22,21,17,15,22,23,19,20,22,16,15,15,23,16,17,16,15,11,15,20,10,11,11,9,10,11,9,9,8,9,6,7,7,5,5,3,5,4,3,3,1,4,5,4,2,4,4,1,1,3,0,0,1,0,0,0,0,1,0,0,0,0,0,1,1]
stat.node.0.util.dram_avg = 4.13852e-06
stat.node.0.walltime_s = 646.84
stat.node.0.active_time_s = 86.3009
stat.node.6.cpu.0.load_issue_to_complete_count = 799
stat.node.6.cpu.0.avg_load_issue_to_complete_lat = 3469.62
stat.node.6.injector.phase_cycles = 2776789
stat.node.6.injector.request_bytes = 1176960
stat.node.6.injector.response_bytes = 3138304
stat.node.6.injector.aggregate_bytes = 4315264
stat.node.6.injector.request_gbps = 8.13804
stat.node.6.injector.response_gbps = 21.6997
stat.node.6.injector.aggregate_gbps = 29.8377
stat.node.6.llc.cxl_miss = 800
stat.node.6.llc.total_miss = 800
stat.node.6.llc.avg_miss_lat = 3255.89
stat.node.6.llc.avg_cxl_lat = 3255.89
stat.node.6.llc.miss_lat_hist_bin_ns = 10
stat.node.6.llc.miss_lat_hist = [0,0,0,0,0,0,0,0,0,0,0,0,0,0,0,0,0,0,0,0,0,0,0,0,0,0,0,0,0,0,0,0,0,0,0,0,0,0,0,0,0,0,0,0,0,0,0,0,0,0,0,0,0,0,0,0,0,0,0,0,0,0,0,0,0,0,0,0,0,0,0,0,0,0,0,0,0,0,0,0,0,0,0,0,0,0,0,0,0,0,0,1,0,0,2,2,0,1,0,2,0,1,2,2,2,4,2,6,6,8,8,9,11,7,6,9,12,11,11,11,16,22,21,15,17,23,12,20,16,18,20,14,20,16,19,23,19,23,18,17,23,15,12,12,6,26,12,13,9,17,14,13,12,10,8,8,8,3,4,3,4,7,5,3,1,4,1,2,7,2,1,3,2,3,1,1,0,0,2,0,4,1,2,1,1,0,2,0,0,2,0,0,0,0,0,0,0,1,0,0,0,1,1,0,0,0,0,0,0,0,1,0,0,0,0,0,0,0,1]
stat.node.6.util.dram_avg = 4.11067e-06
stat.node.6.walltime_s = 649.413
stat.node.6.active_time_s = 83.4166
stat.node.5.cpu.0.load_issue_to_complete_count = 799
stat.node.5.cpu.0.avg_load_issue_to_complete_lat = 3340.52
stat.node.5.injector.phase_cycles = 2673398
stat.node.5.injector.request_bytes = 1130880
stat.node.5.injector.response_bytes = 3015232
stat.node.5.injector.aggregate_bytes = 4146112
stat.node.5.injector.request_gbps = 8.12183
stat.node.5.injector.response_gbps = 21.655
stat.node.5.injector.aggregate_gbps = 29.7768
stat.node.5.llc.cxl_miss = 800
stat.node.5.llc.total_miss = 800
stat.node.5.llc.avg_miss_lat = 3131.89
stat.node.5.llc.avg_cxl_lat = 3131.89
stat.node.5.llc.miss_lat_hist_bin_ns = 10
stat.node.5.llc.miss_lat_hist = [0,0,0,0,0,0,0,0,0,0,0,0,0,0,0,0,0,0,0,0,0,0,0,0,0,0,0,0,0,0,0,0,0,0,0,0,0,0,0,0,0,0,0,0,0,0,0,2,1,0,1,2,0,0,0,0,1,0,0,1,2,1,1,0,1,0,1,0,2,1,3,1,1,1,1,1,0,1,2,1,1,1,2,0,0,1,1,2,3,0,0,0,2,0,0,1,1,3,2,3,0,2,4,4,4,3,7,3,11,7,10,6,9,12,10,7,10,10,12,11,15,10,19,24,9,19,28,13,24,19,19,26,23,11,17,9,18,16,19,17,14,14,11,14,22,17,11,9,12,9,6,7,10,10,11,6,3,3,7,4,4,3,4,0,2,4,5,3,2,2,1,2,1,1,1,2,1,0,2,0,2,1,0,2,0,0,1,1,1,0,0,0,0,0,1,0,0,0,0,0,0,0,0,1,0,0,0,0,0,0,0,1]
stat.node.5.util.dram_avg = 4.10597e-06
stat.node.5.walltime_s = 649.821
stat.node.5.active_time_s = 83.5099
stat.node.2.cpu.0.load_issue_to_complete_count = 799
stat.node.2.cpu.0.avg_load_issue_to_complete_lat = 3442.23
stat.node.2.injector.phase_cycles = 2755116
stat.node.2.injector.request_bytes = 1178784
stat.node.2.injector.response_bytes = 3143168
stat.node.2.injector.aggregate_bytes = 4321952
stat.node.2.injector.request_gbps = 8.21477
stat.node.2.injector.response_gbps = 21.9043
stat.node.2.injector.aggregate_gbps = 30.1191
stat.node.2.llc.cxl_miss = 800
stat.node.2.llc.total_miss = 800
stat.node.2.llc.avg_miss_lat = 3233.16
stat.node.2.llc.avg_cxl_lat = 3233.16
stat.node.2.llc.miss_lat_hist_bin_ns = 10
stat.node.2.llc.miss_lat_hist = [0,0,0,0,0,0,0,0,0,0,0,0,0,0,0,0,0,0,0,0,0,0,0,0,0,0,0,0,0,0,0,0,0,0,0,0,0,0,0,0,0,0,0,0,0,0,0,0,0,0,0,0,0,0,0,0,0,0,0,0,0,0,0,0,0,0,0,0,0,0,0,0,0,0,0,0,0,0,0,0,0,0,0,0,0,0,0,0,0,0,0,0,1,0,1,1,1,0,1,1,3,0,1,3,0,4,5,6,9,5,5,15,16,6,7,5,11,12,16,13,13,19,15,12,18,19,11,27,23,23,23,20,22,21,15,22,21,23,9,16,15,14,16,13,16,16,11,16,19,9,7,11,6,9,11,4,8,7,7,7,5,3,8,2,3,6,4,0,1,2,3,3,1,3,1,1,1,2,2,0,2,0,0,1,1,0,0,0,0,1,0,0,1,0,0,0,0,0,1]
stat.node.2.util.dram_avg = 4.05165e-06
stat.node.2.walltime_s = 655.689
stat.node.2.active_time_s = 82.5976
stat.node.4.cpu.0.load_issue_to_complete_count = 799
stat.node.4.cpu.0.avg_load_issue_to_complete_lat = 3459.87
stat.node.4.injector.phase_cycles = 2769003
stat.node.4.injector.request_bytes = 1171104
stat.node.4.injector.response_bytes = 3122944
stat.node.4.injector.aggregate_bytes = 4294048
stat.node.4.injector.request_gbps = 8.12032
stat.node.4.injector.response_gbps = 21.6542
stat.node.4.injector.aggregate_gbps = 29.7745
stat.node.4.llc.cxl_miss = 800
stat.node.4.llc.total_miss = 800
stat.node.4.llc.avg_miss_lat = 3244.52
stat.node.4.llc.avg_cxl_lat = 3244.52
stat.node.4.llc.miss_lat_hist_bin_ns = 10
stat.node.4.llc.miss_lat_hist = [0,0,0,0,0,0,0,0,0,0,0,0,0,0,0,0,0,0,0,0,0,0,0,0,0,0,0,0,0,0,0,0,0,0,0,0,0,0,0,0,0,0,0,0,0,0,0,0,0,0,0,0,0,0,0,0,0,0,0,0,0,0,0,0,0,0,0,0,0,0,0,0,0,0,0,0,0,0,0,0,0,0,0,0,0,1,0,0,0,0,0,0,1,0,0,1,0,0,1,0,1,2,3,5,0,1,6,4,7,4,6,4,12,8,10,7,19,12,13,12,19,18,16,12,18,18,20,12,23,20,10,26,21,22,17,26,29,20,13,21,17,10,17,14,14,19,19,6,14,9,9,11,6,10,6,8,7,9,7,6,9,5,7,3,2,3,1,2,3,2,1,2,4,2,0,0,1,3,3,0,1,0,0,0,0,0,2,0,0,1,0,0,0,0,0,0,1,0,1,0,0,0,1,0,0,0,0,0,0,0,1]
stat.node.4.util.dram_avg = 4.00072e-06
stat.node.4.walltime_s = 663.197
stat.node.4.active_time_s = 88.1313
stat.pool.103.util.mem_avg = 0.28533
stat.pool.103.util.req_link_avg = 0.995915
stat.pool.103.walltime_s = 663.189
stat.pool.103.active_time_s = 2.61886
stat.pool.102.util.mem_avg = 0.285244
stat.pool.102.util.req_link_avg = 0.995848
stat.pool.102.walltime_s = 663.189
stat.pool.102.active_time_s = 2.57195
stat.pool.101.util.mem_avg = 0.285262
stat.pool.101.util.req_link_avg = 0.995853
stat.pool.101.walltime_s = 663.189
stat.pool.101.active_time_s = 2.64958
stat.pool.100.util.mem_avg = 0.285079
stat.pool.100.util.req_link_avg = 0.995718
stat.pool.100.walltime_s = 663.189
stat.pool.100.active_time_s = 2.716
stat.switch.replicated_messages = 847980
stat.switch.util.node_ingress_avg = 0.166675
stat.switch.util.pool_ingress_avg = 0.89926
stat.switch.bw.host_to_switch_gbps = 8.19266
stat.switch.bw.switch_to_host_gbps = 22.1001
stat.switch.bw.host_link_total_gbps = 30.2928
stat.switch.walltime_s = 663.189
stat.switch.active_time_s = 13.1661
Simulation is complete, simulated time: 2.50155 ms
