stat.node.1.cpu.0.retired = 789
stat.node.1.cpu.0.cycles = 1000000
stat.node.2.cpu.0.retired = 787
stat.node.2.cpu.0.cycles = 1000000
stat.node.3.cpu.0.retired = 788
stat.node.3.cpu.0.cycles = 1000000
stat.node.4.cpu.0.retired = 788
stat.node.4.cpu.0.cycles = 1000000
stat.node.5.cpu.0.retired = 788
stat.node.5.cpu.0.cycles = 1000000
stat.node.6.cpu.0.retired = 789
stat.node.6.cpu.0.cycles = 1000000
stat.node.7.cpu.0.retired = 789
stat.node.7.cpu.0.cycles = 1000000
stat.node.0.cpu.0.retired = 788
stat.node.0.cpu.0.cycles = 1000000
stat.node.1.cpu.0.load_issue_to_complete_count = 799
stat.node.1.cpu.0.avg_load_issue_to_complete_lat = 983.543
stat.node.1.injector.phase_cycles = 787707
stat.node.1.injector.request_bytes = 214072
stat.node.1.injector.response_bytes = 1712512
stat.node.1.injector.aggregate_bytes = 1926584
stat.node.1.injector.request_gbps = 5.21791
stat.node.1.injector.response_gbps = 41.7417
stat.node.1.injector.aggregate_gbps = 46.9596
stat.node.1.llc.cxl_miss = 800
stat.node.1.llc.total_miss = 800
stat.node.1.llc.avg_miss_lat = 808.99
stat.node.1.llc.avg_cxl_lat = 808.99
stat.node.1.llc.miss_lat_hist_bin_ns = 10
stat.node.1.llc.miss_lat_hist = [0,0,0,0,0,0,0,0,0,0,0,0,0,0,0,0,0,0,0,0,0,0,0,0,0,0,0,0,0,0,0,1,178,340,235,40,6]
stat.node.1.util.dram_avg = 1.33518e-05
stat.node.1.walltime_s = 29.1433
stat.node.1.active_time_s = 11.5571
stat.node.7.cpu.0.load_issue_to_complete_count = 799
stat.node.7.cpu.0.avg_load_issue_to_complete_lat = 984.65
stat.node.7.injector.phase_cycles = 788594
stat.node.7.injector.request_bytes = 214312
stat.node.7.injector.response_bytes = 1714432
stat.node.7.injector.aggregate_bytes = 1928744
stat.node.7.injector.request_gbps = 5.21788
stat.node.7.injector.response_gbps = 41.7415
stat.node.7.injector.aggregate_gbps = 46.9594
stat.node.7.llc.cxl_miss = 800
stat.node.7.llc.total_miss = 800
stat.node.7.llc.avg_miss_lat = 810.07
stat.node.7.llc.avg_cxl_lat = 810.07
stat.node.7.llc.miss_lat_hist_bin_ns = 10
stat.node.7.llc.miss_lat_hist = [0,0,0,0,0,0,0,0,0,0,0,0,0,0,0,0,0,0,0,0,0,0,0,0,0,0,0,0,0,0,0,0,167,332,253,38,10]
stat.node.7.util.dram_avg = 1.33409e-05
stat.node.7.walltime_s = 29.1664
stat.node.7.active_time_s = 11.7262
stat.node.6.cpu.0.load_issue_to_complete_count = 799
stat.node.6.cpu.0.avg_load_issue_to_complete_lat = 984.537
stat.node.6.injector.phase_cycles = 788507
stat.node.6.injector.request_bytes = 214288
stat.node.6.injector.response_bytes = 1714240
stat.node.6.injector.aggregate_bytes = 1928528
stat.node.6.injector.request_gbps = 5.21787
stat.node.6.injector.response_gbps = 41.7414
stat.node.6.injector.aggregate_gbps = 46.9593
stat.node.6.llc.cxl_miss = 800
stat.node.6.llc.total_miss = 800
stat.node.6.llc.avg_miss_lat = 810.001
stat.node.6.llc.avg_cxl_lat = 810.001
stat.node.6.llc.miss_lat_hist_bin_ns = 10
stat.node.6.llc.miss_lat_hist = [0,0,0,0,0,0,0,0,0,0,0,0,0,0,0,0,0,0,0,0,0,0,0,0,0,0,0,0,0,0,0,0,169,333,251,39,8]
stat.node.6.util.dram_avg = 1.33404e-05
stat.node.6.walltime_s = 29.1678
stat.node.6.active_time_s = 18.3317
stat.node.0.cpu.0.load_issue_to_complete_count = 799
stat.node.0.cpu.0.avg_load_issue_to_complete_lat = 984.508
stat.node.0.injector.phase_cycles = 788478
stat.node.0.injector.request_bytes = 214280
stat.node.0.injector.response_bytes = 1714176
stat.node.0.injector.aggregate_bytes = 1928456
stat.node.0.injector.request_gbps = 5.21787
stat.node.0.injector.response_gbps = 41.7414
stat.node.0.injector.aggregate_gbps = 46.9593
stat.node.0.llc.cxl_miss = 800
stat.node.0.llc.total_miss = 800
stat.node.0.llc.avg_miss_lat = 809.844
stat.node.0.llc.avg_cxl_lat = 809.844
stat.node.0.llc.miss_lat_hist_bin_ns = 10
stat.node.0.llc.miss_lat_hist = [0,0,0,0,0,0,0,0,0,0,0,0,0,0,0,0,0,0,0,0,0,0,0,0,0,0,0,0,0,0,0,0,165,343,249,31,12]
stat.node.0.util.dram_avg = 1.3339e-05
stat.node.0.walltime_s = 29.171
stat.node.0.active_time_s = 13.031
stat.node.3.cpu.0.load_issue_to_complete_count = 799
stat.node.3.cpu.0.avg_load_issue_to_complete_lat = 984.576
stat.node.3.injector.phase_cycles = 788531
stat.node.3.injector.request_bytes = 214296
stat.node.3.injector.response_bytes = 1714304
stat.node.3.injector.aggregate_bytes = 1928600
stat.node.3.injector.request_gbps = 5.21791
stat.node.3.injector.response_gbps = 41.7417
stat.node.3.injector.aggregate_gbps = 46.9596
stat.node.3.llc.cxl_miss = 800
stat.node.3.llc.total_miss = 800
stat.node.3.llc.avg_miss_lat = 810.003
stat.node.3.llc.avg_cxl_lat = 810.003
stat.node.3.llc.miss_lat_hist_bin_ns = 10
stat.node.3.llc.miss_lat_hist = [0,0,0,0,0,0,0,0,0,0,0,0,0,0,0,0,0,0,0,0,0,0,0,0,0,0,0,0,0,0,0,0,168,337,247,41,7]
stat.node.3.util.dram_avg = 1.33377e-05
stat.node.3.walltime_s = 29.1738
stat.node.3.active_time_s = 17.0162
stat.node.4.cpu.0.load_issue_to_complete_count = 799
stat.node.4.cpu.0.avg_load_issue_to_complete_lat = 985.834
stat.node.4.injector.phase_cycles = 789537
stat.node.4.injector.request_bytes = 214568
stat.node.4.injector.response_bytes = 1716480
stat.node.4.injector.aggregate_bytes = 1931048
stat.node.4.injector.request_gbps = 5.21788
stat.node.4.injector.response_gbps = 41.7414
stat.node.4.injector.aggregate_gbps = 46.9593
stat.node.4.llc.cxl_miss = 800
stat.node.4.llc.total_miss = 800
stat.node.4.llc.avg_miss_lat = 811.195
stat.node.4.llc.avg_cxl_lat = 811.195
stat.node.4.llc.miss_lat_hist_bin_ns = 10
stat.node.4.llc.miss_lat_hist = [0,0,0,0,0,0,0,0,0,0,0,0,0,0,0,0,0,0,0,0,0,0,0,0,0,0,0,0,0,0,0,0,154,339,254,44,9]
stat.node.4.util.dram_avg = 1.33267e-05
stat.node.4.walltime_s = 29.1975
stat.node.4.active_time_s = 18.2066
stat.node.5.cpu.0.load_issue_to_complete_count = 799
stat.node.5.cpu.0.avg_load_issue_to_complete_lat = 985.686
stat.node.5.injector.phase_cycles = 789418
stat.node.5.injector.request_bytes = 214536
stat.node.5.injector.response_bytes = 1716224
stat.node.5.injector.aggregate_bytes = 1930760
stat.node.5.injector.request_gbps = 5.21788
stat.node.5.injector.response_gbps = 41.7415
stat.node.5.injector.aggregate_gbps = 46.9594
stat.node.5.llc.cxl_miss = 800
stat.node.5.llc.total_miss = 800
stat.node.5.llc.avg_miss_lat = 811.076
stat.node.5.llc.avg_cxl_lat = 811.076
stat.node.5.llc.miss_lat_hist_bin_ns = 10
stat.node.5.llc.miss_lat_hist = [0,0,0,0,0,0,0,0,0,0,0,0,0,0,0,0,0,0,0,0,0,0,0,0,0,0,0,0,0,0,0,0,153,340,255,40,12]
stat.node.5.util.dram_avg = 1.33263e-05
stat.node.5.walltime_s = 29.1985
stat.node.5.active_time_s = 16.8757
stat.node.2.cpu.0.load_issue_to_complete_count = 799
stat.node.2.cpu.0.avg_load_issue_to_complete_lat = 985.761
stat.node.2.injector.phase_cycles = 789478
stat.node.2.injector.request_bytes = 214552
stat.node.2.injector.response_bytes = 1716352
stat.node.2.injector.aggregate_bytes = 1930904
stat.node.2.injector.request_gbps = 5.21788
stat.node.2.injector.response_gbps = 41.7415
stat.node.2.injector.aggregate_gbps = 46.9593
stat.node.2.llc.cxl_miss = 800
stat.node.2.llc.total_miss = 800
stat.node.2.llc.avg_miss_lat = 811.141
stat.node.2.llc.avg_cxl_lat = 811.141
stat.node.2.llc.miss_lat_hist_bin_ns = 10
stat.node.2.llc.miss_lat_hist = [0,0,0,0,0,0,0,0,0,0,0,0,0,0,0,0,0,0,0,0,0,0,0,0,0,0,0,0,0,0,0,0,159,336,251,42,12]
stat.node.2.util.dram_avg = 1.33213e-05
stat.node.2.walltime_s = 29.2097
stat.node.2.active_time_s = 16.9285
stat.pool.106.util.mem_avg = 0.159975
stat.pool.106.util.req_link_avg = 0.124989
stat.pool.106.walltime_s = 29.2097
stat.pool.106.active_time_s = 0.328796
stat.pool.105.util.mem_avg = 0.159976
stat.pool.105.util.req_link_avg = 0.124989
stat.pool.105.walltime_s = 29.2098
stat.pool.105.active_time_s = 0.3312
stat.pool.104.util.mem_avg = 0.159976
stat.pool.104.util.req_link_avg = 0.12499
stat.pool.104.walltime_s = 29.2098
stat.pool.104.active_time_s = 0.33322
stat.pool.103.util.mem_avg = 0.159976
stat.pool.103.util.req_link_avg = 0.12499
stat.pool.103.walltime_s = 29.2098
stat.pool.103.active_time_s = 0.33644
stat.pool.102.util.mem_avg = 0.159977
stat.pool.102.util.req_link_avg = 0.12499
stat.pool.102.walltime_s = 29.2098
stat.pool.102.active_time_s = 0.337613
stat.pool.101.util.mem_avg = 0.159977
stat.pool.101.util.req_link_avg = 0.12499
stat.pool.101.walltime_s = 29.2098
stat.pool.101.active_time_s = 0.330549
stat.pool.100.util.mem_avg = 0.159977
stat.pool.100.util.req_link_avg = 0.124991
stat.pool.100.walltime_s = 29.2098
stat.pool.100.active_time_s = 0.359742
stat.switch.replicated_messages = 0
stat.switch.util.node_ingress_avg = 0.109374
stat.switch.util.pool_ingress_avg = 0.999692
stat.switch.bw.host_to_switch_gbps = 5.37632
stat.switch.bw.switch_to_host_gbps = 42.9946
stat.switch.bw.host_link_total_gbps = 48.371
stat.switch.walltime_s = 29.2098
stat.switch.active_time_s = 2.09013
Simulation is complete, simulated time: 751.279 us
