stat.node.2.cpu.0.retired = 759
stat.node.2.cpu.0.cycles = 1000000
stat.node.3.cpu.0.retired = 759
stat.node.3.cpu.0.cycles = 1000000
stat.node.4.cpu.0.retired = 759
stat.node.4.cpu.0.cycles = 1000000
stat.node.5.cpu.0.retired = 759
stat.node.5.cpu.0.cycles = 1000000
stat.node.6.cpu.0.retired = 759
stat.node.6.cpu.0.cycles = 1000000
stat.node.7.cpu.0.retired = 759
stat.node.7.cpu.0.cycles = 1000000
stat.node.0.cpu.0.retired = 759
stat.node.0.cpu.0.cycles = 1000000
stat.node.1.cpu.0.retired = 760
stat.node.1.cpu.0.cycles = 1000000
stat.node.5.cpu.0.load_issue_to_complete_count = 799
stat.node.5.cpu.0.avg_load_issue_to_complete_lat = 992.931
stat.node.5.injector.phase_cycles = 795222
stat.node.5.injector.request_bytes = 167560
stat.node.5.injector.response_bytes = 709632
stat.node.5.injector.aggregate_bytes = 877192
stat.node.5.injector.request_gbps = 4.0456
stat.node.5.injector.response_gbps = 17.1335
stat.node.5.injector.aggregate_gbps = 21.1791
stat.node.5.llc.cxl_miss = 800
stat.node.5.llc.total_miss = 800
stat.node.5.llc.avg_miss_lat = 818.079
stat.node.5.llc.avg_cxl_lat = 818.079
stat.node.5.llc.miss_lat_hist_bin_ns = 10
stat.node.5.llc.miss_lat_hist = [0,0,0,0,0,0,0,0,0,0,0,0,0,0,0,0,0,0,0,0,0,0,0,0,0,0,0,0,0,0,0,14,14,331,375,41,23,2]
stat.node.5.util.dram_avg = 1.30581e-05
stat.node.5.walltime_s = 256.369
stat.node.5.active_time_s = 26.3568
stat.node.6.cpu.0.load_issue_to_complete_count = 799
stat.node.6.cpu.0.avg_load_issue_to_complete_lat = 993.275
stat.node.6.injector.phase_cycles = 795497
stat.node.6.injector.request_bytes = 167648
stat.node.6.injector.response_bytes = 709888
stat.node.6.injector.aggregate_bytes = 877536
stat.node.6.injector.request_gbps = 4.04633
stat.node.6.injector.response_gbps = 17.1338
stat.node.6.injector.aggregate_gbps = 21.1801
stat.node.6.llc.cxl_miss = 800
stat.node.6.llc.total_miss = 800
stat.node.6.llc.avg_miss_lat = 818.467
stat.node.6.llc.avg_cxl_lat = 818.467
stat.node.6.llc.miss_lat_hist_bin_ns = 10
stat.node.6.llc.miss_lat_hist = [0,0,0,0,0,0,0,0,0,0,0,0,0,0,0,0,0,0,0,0,0,0,0,0,0,0,0,0,0,0,0,13,31,293,385,64,14]
stat.node.6.util.dram_avg = 1.30551e-05
stat.node.6.walltime_s = 256.414
stat.node.6.active_time_s = 24.6208
stat.node.7.cpu.0.load_issue_to_complete_count = 799
stat.node.7.cpu.0.avg_load_issue_to_complete_lat = 993.657
stat.node.7.injector.phase_cycles = 795801
stat.node.7.injector.request_bytes = 167680
stat.node.7.injector.response_bytes = 710144
stat.node.7.injector.aggregate_bytes = 877824
stat.node.7.injector.request_gbps = 4.04555
stat.node.7.injector.response_gbps = 17.1334
stat.node.7.injector.aggregate_gbps = 21.1789
stat.node.7.llc.cxl_miss = 800
stat.node.7.llc.total_miss = 800
stat.node.7.llc.avg_miss_lat = 818.899
stat.node.7.llc.avg_cxl_lat = 818.899
stat.node.7.llc.miss_lat_hist_bin_ns = 10
stat.node.7.llc.miss_lat_hist = [0,0,0,0,0,0,0,0,0,0,0,0,0,0,0,0,0,0,0,0,0,0,0,0,0,0,0,0,0,0,1,8,46,296,342,86,21]
stat.node.7.util.dram_avg = 1.30539e-05
stat.node.7.walltime_s = 256.445
stat.node.7.active_time_s = 26.8349
stat.node.1.cpu.0.load_issue_to_complete_count = 799
stat.node.1.cpu.0.avg_load_issue_to_complete_lat = 994.726
stat.node.1.injector.phase_cycles = 796656
stat.node.1.injector.request_bytes = 167904
stat.node.1.injector.response_bytes = 710912
stat.node.1.injector.aggregate_bytes = 878816
stat.node.1.injector.request_gbps = 4.04661
stat.node.1.injector.response_gbps = 17.1335
stat.node.1.injector.aggregate_gbps = 21.1801
stat.node.1.llc.cxl_miss = 800
stat.node.1.llc.total_miss = 800
stat.node.1.llc.avg_miss_lat = 819.89
stat.node.1.llc.avg_cxl_lat = 819.89
stat.node.1.llc.miss_lat_hist_bin_ns = 10
stat.node.1.llc.miss_lat_hist = [0,0,0,0,0,0,0,0,0,0,0,0,0,0,0,0,0,0,0,0,0,0,0,0,0,0,0,0,0,0,0,14,46,264,354,106,14,1,1]
stat.node.1.util.dram_avg = 1.30509e-05
stat.node.1.walltime_s = 256.51
stat.node.1.active_time_s = 28.2052
stat.node.0.cpu.0.load_issue_to_complete_count = 799
stat.node.0.cpu.0.avg_load_issue_to_complete_lat = 994.038
stat.node.0.injector.phase_cycles = 796117
stat.node.0.injector.request_bytes = 167712
stat.node.0.injector.response_bytes = 710400
stat.node.0.injector.aggregate_bytes = 878112
stat.node.0.injector.request_gbps = 4.04472
stat.node.0.injector.response_gbps = 17.1328
stat.node.0.injector.aggregate_gbps = 21.1775
stat.node.0.llc.cxl_miss = 800
stat.node.0.llc.total_miss = 800
stat.node.0.llc.avg_miss_lat = 819.148
stat.node.0.llc.avg_cxl_lat = 819.148
stat.node.0.llc.miss_lat_hist_bin_ns = 10
stat.node.0.llc.miss_lat_hist = [0,0,0,0,0,0,0,0,0,0,0,0,0,0,0,0,0,0,0,0,0,0,0,0,0,0,0,0,0,0,0,13,19,298,394,59,16,1]
stat.node.0.util.dram_avg = 1.30487e-05
stat.node.0.walltime_s = 256.517
stat.node.0.active_time_s = 26.2875
stat.node.3.cpu.0.load_issue_to_complete_count = 799
stat.node.3.cpu.0.avg_load_issue_to_complete_lat = 995.36
stat.node.3.injector.phase_cycles = 797163
stat.node.3.injector.request_bytes = 167960
stat.node.3.injector.response_bytes = 711360
stat.node.3.injector.aggregate_bytes = 879320
stat.node.3.injector.request_gbps = 4.04539
stat.node.3.injector.response_gbps = 17.1334
stat.node.3.injector.aggregate_gbps = 21.1788
stat.node.3.llc.cxl_miss = 800
stat.node.3.llc.total_miss = 800
stat.node.3.llc.avg_miss_lat = 820.408
stat.node.3.llc.avg_cxl_lat = 820.408
stat.node.3.llc.miss_lat_hist_bin_ns = 10
stat.node.3.llc.miss_lat_hist = [0,0,0,0,0,0,0,0,0,0,0,0,0,0,0,0,0,0,0,0,0,0,0,0,0,0,0,0,0,0,0,2,34,280,376,90,15,3]
stat.node.3.util.dram_avg = 1.30427e-05
stat.node.3.walltime_s = 256.575
stat.node.3.active_time_s = 27.1687
stat.node.2.cpu.0.load_issue_to_complete_count = 799
stat.node.2.cpu.0.avg_load_issue_to_complete_lat = 995.392
stat.node.2.injector.phase_cycles = 797188
stat.node.2.injector.request_bytes = 167968
stat.node.2.injector.response_bytes = 711360
stat.node.2.injector.aggregate_bytes = 879328
stat.node.2.injector.request_gbps = 4.04545
stat.node.2.injector.response_gbps = 17.1329
stat.node.2.injector.aggregate_gbps = 21.1783
stat.node.2.llc.cxl_miss = 800
stat.node.2.llc.total_miss = 800
stat.node.2.llc.avg_miss_lat = 820.503
stat.node.2.llc.avg_cxl_lat = 820.503
stat.node.2.llc.miss_lat_hist_bin_ns = 10
stat.node.2.llc.miss_lat_hist = [0,0,0,0,0,0,0,0,0,0,0,0,0,0,0,0,0,0,0,0,0,0,0,0,0,0,0,0,0,0,1,17,65,251,293,146,27]
stat.node.2.util.dram_avg = 1.30395e-05
stat.node.2.walltime_s = 256.604
stat.node.2.active_time_s = 26.0588
stat.node.4.cpu.0.load_issue_to_complete_count = 799
stat.node.4.cpu.0.avg_load_issue_to_complete_lat = 999.522
stat.node.4.injector.phase_cycles = 800517
stat.node.4.injector.request_bytes = 168720
stat.node.4.injector.response_bytes = 714368
stat.pool.102.util.mem_avg = 0.209012
stat.pool.102.util.req_link_avg = 0.434312
stat.pool.102.walltime_s = 257.085
stat.pool.102.active_time_s = 1.039
stat.pool.101.util.mem_avg = 0.209013
stat.pool.101.util.req_link_avg = 0.434313
stat.pool.101.walltime_s = 257.085
stat.pool.101.active_time_s = 0.859204
stat.pool.100.util.mem_avg = 0.209013
stat.pool.100.util.req_link_avg = 0.434313
stat.pool.100.walltime_s = 257.085
stat.pool.100.active_time_s = 0.974767
stat.switch.replicated_messages = 68496
stat.switch.util.node_ingress_avg = 0.0854429
stat.switch.util.pool_ingress_avg = 0.996452
stat.switch.bw.host_to_switch_gbps = 4.20032
stat.switch.bw.switch_to_host_gbps = 18.3666
stat.switch.bw.host_link_total_gbps = 22.5669
stat.switch.walltime_s = 257.085
stat.switch.active_time_s = 3.75825
stat.node.4.injector.aggregate_bytes = 883088
stat.node.4.injector.request_gbps = 4.04666
stat.node.4.injector.response_gbps = 17.1338
stat.node.4.injector.aggregate_gbps = 21.1804
stat.node.4.llc.cxl_miss = 800
stat.node.4.llc.total_miss = 800
stat.node.4.llc.avg_miss_lat = 824.729
stat.node.4.llc.avg_cxl_lat = 824.729
stat.node.4.llc.miss_lat_hist_bin_ns = 10
stat.node.4.llc.miss_lat_hist = [0,0,0,0,0,0,0,0,0,0,0,0,0,0,0,0,0,0,0,0,0,0,0,0,0,0,0,0,0,0,0,18,34,211,344,141,46,6]
stat.node.4.util.dram_avg = 1.30229e-05
stat.node.4.walltime_s = 257.085
stat.node.4.active_time_s = 27.8118
Simulation is complete, simulated time: 768.493 us
