stat.node.2.cpu.0.retired = 796
stat.node.2.cpu.0.cycles = 1000000
stat.node.3.cpu.0.retired = 796
stat.node.3.cpu.0.cycles = 1000000
stat.node.4.cpu.0.retired = 796
stat.node.4.cpu.0.cycles = 1000000
stat.node.5.cpu.0.retired = 796
stat.node.5.cpu.0.cycles = 1000000
stat.node.6.cpu.0.retired = 796
stat.node.6.cpu.0.cycles = 1000000
stat.node.7.cpu.0.retired = 796
stat.node.7.cpu.0.cycles = 1000000
stat.node.0.cpu.0.retired = 796
stat.node.0.cpu.0.cycles = 1000000
stat.node.1.cpu.0.retired = 796
stat.node.1.cpu.0.cycles = 1000000
stat.node.7.cpu.0.load_issue_to_complete_count = 799
stat.node.7.cpu.0.avg_load_issue_to_complete_lat = 952.812
stat.node.7.injector.phase_cycles = 763135
stat.node.7.injector.request_bytes = 280136
stat.node.7.injector.response_bytes = 353856
stat.node.7.injector.aggregate_bytes = 633992
stat.node.7.injector.request_gbps = 7.04805
stat.node.7.injector.response_gbps = 8.9028
stat.node.7.injector.aggregate_gbps = 15.9508
stat.node.7.llc.cxl_miss = 800
stat.node.7.llc.total_miss = 800
stat.node.7.llc.avg_miss_lat = 778.654
stat.node.7.llc.avg_cxl_lat = 778.654
stat.node.7.llc.miss_lat_hist_bin_ns = 10
stat.node.7.llc.miss_lat_hist = [0,0,0,0,0,0,0,0,0,0,0,0,0,0,0,0,0,0,0,0,0,0,0,0,0,0,0,0,0,0,3,64,695,38]
stat.node.7.util.dram_avg = 1.35849e-05
stat.node.7.walltime_s = 25.9035
stat.node.7.active_time_s = 10.6717
stat.node.1.cpu.0.load_issue_to_complete_count = 799
stat.node.1.cpu.0.avg_load_issue_to_complete_lat = 952.844
stat.node.1.injector.phase_cycles = 763160
stat.node.1.injector.request_bytes = 280136
stat.node.1.injector.response_bytes = 353920
stat.node.1.injector.aggregate_bytes = 634056
stat.node.1.injector.request_gbps = 7.04782
stat.node.1.injector.response_gbps = 8.90411
stat.node.1.injector.aggregate_gbps = 15.9519
stat.node.1.llc.cxl_miss = 800
stat.node.1.llc.total_miss = 800
stat.node.1.llc.avg_miss_lat = 778.685
stat.node.1.llc.avg_cxl_lat = 778.685
stat.node.1.llc.miss_lat_hist_bin_ns = 10
stat.node.1.llc.miss_lat_hist = [0,0,0,0,0,0,0,0,0,0,0,0,0,0,0,0,0,0,0,0,0,0,0,0,0,0,0,0,0,0,0,112,610,74,4]
stat.node.1.util.dram_avg = 1.35847e-05
stat.node.0.cpu.0.load_issue_to_complete_count = 799
stat.node.0.cpu.0.avg_load_issue_to_complete_lat = 952.844
stat.node.0.injector.phase_cycles = 763160
stat.node.0.injector.request_bytes = 280136
stat.node.0.injector.response_bytes = 353920
stat.node.0.injector.aggregate_bytes = 634056
stat.node.0.injector.request_gbps = 7.04782
stat.node.0.injector.response_gbps = 8.90411
stat.node.0.injector.aggregate_gbps = 15.9519
stat.node.0.llc.cxl_miss = 800
stat.node.0.llc.total_miss = 800
stat.node.2.cpu.0.load_issue_to_complete_count = 799
stat.node.2.cpu.0.avg_load_issue_to_complete_lat = 952.817
stat.node.2.injector.phase_cycles = 763110
stat.node.2.injector.request_bytes = 280136
stat.node.2.injector.response_bytes = 353792
stat.node.2.injector.aggregate_bytes = 633928
stat.node.2.injector.request_gbps = 7.04828
stat.node.2.injector.response_gbps = 8.90148
stat.node.2.injector.aggregate_gbps = 15.9498
stat.node.2.llc.cxl_miss = 800
stat.node.2.llc.total_miss = 800
stat.node.3.cpu.0.load_issue_to_complete_count = 799
stat.node.3.cpu.0.avg_load_issue_to_complete_lat = 952.844
stat.node.3.injector.phase_cycles = 763135
stat.node.3.injector.request_bytes = 280136
stat.node.3.injector.response_bytes = 353856
stat.node.3.injector.aggregate_bytes = 633992
stat.node.3.injector.request_gbps = 7.04805
stat.node.3.injector.response_gbps = 8.9028
stat.node.3.injector.aggregate_gbps = 15.9508
stat.node.3.llc.cxl_miss = 800
stat.node.3.llc.total_miss = 800
stat.node.3.llc.avg_miss_lat = 778.622
stat.node.3.llc.avg_cxl_lat = 778.622
stat.node.3.llc.miss_lat_hist_bin_ns = 10
stat.node.3.llc.miss_lat_hist = [0,0,0,0,0,0,0,0,0,0,0,0,0,0,0,0,0,0,0,0,0,0,0,0,0,0,0,0,0,0,0,139,552,102,7]
stat.node.3.util.dram_avg = 1.35847e-05
stat.node.3.walltime_s = 25.9041
stat.node.3.active_time_s = 10.8397
stat.node.4.cpu.0.load_issue_to_complete_count = 799
stat.node.4.cpu.0.avg_load_issue_to_complete_lat = 952.817
stat.node.4.injector.phase_cycles = 763135
stat.node.4.injector.request_bytes = 280136
stat.node.4.injector.response_bytes = 353856
stat.node.4.injector.aggregate_bytes = 633992
stat.node.4.injector.request_gbps = 7.04805
stat.node.4.injector.response_gbps = 8.9028
stat.node.4.injector.aggregate_gbps = 15.9508
stat.node.4.llc.cxl_miss = 800
stat.node.4.llc.total_miss = 800
stat.node.4.llc.avg_miss_lat = 778.622
stat.node.5.cpu.0.load_issue_to_complete_count = 799
stat.node.5.cpu.0.avg_load_issue_to_complete_lat = 952.844
stat.node.5.injector.phase_cycles = 763160
stat.node.5.injector.request_bytes = 280136
stat.node.5.injector.response_bytes = 353920
stat.node.5.injector.aggregate_bytes = 634056
stat.node.5.injector.request_gbps = 7.04782
stat.node.5.injector.response_gbps = 8.90411
stat.node.5.injector.aggregate_gbps = 15.9519
stat.node.5.llc.cxl_miss = 800
stat.node.5.llc.total_miss = 800
stat.node.5.llc.avg_miss_lat = 778.654
stat.node.5.llc.avg_cxl_lat = 778.654
stat.node.5.llc.miss_lat_hist_bin_ns = 10
stat.node.5.llc.miss_lat_hist = [0,0,0,0,0,0,0,0,0,0,0,0,0,0,0,0,0,0,0,0,0,0,0,0,0,0,0,0,0,0,0,62,706,32]
stat.node.5.util.dram_avg = 1.35847e-05
stat.node.5.walltime_s = 25.9041
stat.node.5.active_time_s = 10.6703
stat.node.6.cpu.0.load_issue_to_complete_count = 799
stat.node.6.cpu.0.avg_load_issue_to_complete_lat = 952.844
stat.node.6.injector.phase_cycles = 763135
stat.node.6.injector.request_bytes = 280136
stat.node.6.injector.response_bytes = 353856
stat.node.6.injector.aggregate_bytes = 633992
stat.node.6.injector.request_gbps = 7.04805
stat.node.6.injector.response_gbps = 8.9028
stat.node.6.injector.aggregate_gbps = 15.9508
stat.node.6.llc.cxl_miss = 800
stat.node.6.llc.total_miss = 800
stat.node.6.llc.avg_miss_lat = 778.706
stat.node.6.llc.avg_cxl_lat = 778.706
stat.node.6.llc.miss_lat_hist_bin_ns = 10
stat.node.4.llc.avg_cxl_lat = 778.622
stat.node.4.llc.miss_lat_hist_bin_ns = 10
stat.node.4.llc.miss_lat_hist = [0,0,0,0,0,0,0,0,0,0,0,0,0,0,0,0,0,0,0,0,0,0,0,0,0,0,0,0,0,0,14,190,390,196,10]
stat.node.4.util.dram_avg = 1.35847e-05
stat.node.4.walltime_s = 25.9041
stat.node.4.active_time_s = 10.5786
stat.node.6.llc.miss_lat_hist = [0,0,0,0,0,0,0,0,0,0,0,0,0,0,0,0,0,0,0,0,0,0,0,0,0,0,0,0,0,0,0,103,619,75,3]
stat.node.6.util.dram_avg = 1.35847e-05
stat.node.6.walltime_s = 25.9041
stat.node.6.active_time_s = 10.5868
stat.node.1.walltime_s = 25.9041
stat.node.1.active_time_s = 10.9329
stat.node.0.llc.avg_miss_lat = 778.654
stat.node.0.llc.avg_cxl_lat = 778.654
stat.node.0.llc.miss_lat_hist_bin_ns = 10
stat.node.0.llc.miss_lat_hist = [0,0,0,0,0,0,0,0,0,0,0,0,0,0,0,0,0,0,0,0,0,0,0,0,0,0,0,0,0,0,0,73,685,42]
stat.node.0.util.dram_avg = 1.35847e-05
stat.node.0.walltime_s = 25.9041
stat.node.0.active_time_s = 10.6435
stat.node.2.llc.avg_miss_lat = 778.654
stat.node.2.llc.avg_cxl_lat = 778.654
stat.node.2.llc.miss_lat_hist_bin_ns = 10
stat.node.2.llc.miss_lat_hist = [0,0,0,0,0,0,0,0,0,0,0,0,0,0,0,0,0,0,0,0,0,0,0,0,0,0,0,0,0,0,17,166,427,184,6]
stat.node.2.util.dram_avg = 1.35847e-05
stat.node.2.walltime_s = 25.9041
stat.node.2.active_time_s = 10.6976
stat.pool.107.util.mem_avg = 0.187681
stat.pool.107.util.req_link_avg = 0.991668
stat.pool.107.walltime_s = 25.9042
stat.pool.107.active_time_s = 0.282962
stat.pool.106.util.mem_avg = 0.187681
stat.pool.106.util.req_link_avg = 0.991668
stat.pool.106.walltime_s = 25.9042
stat.pool.106.active_time_s = 0.280955
stat.pool.105.util.mem_avg = 0.187681
stat.pool.105.util.req_link_avg = 0.991668
stat.pool.105.walltime_s = 25.9042
stat.pool.105.active_time_s = 0.284295
stat.pool.104.util.mem_avg = 0.187682
stat.pool.104.util.req_link_avg = 0.991668
stat.pool.104.walltime_s = 25.9042
stat.pool.104.active_time_s = 0.290239
stat.pool.103.util.mem_avg = 0.187682
stat.pool.103.util.req_link_avg = 0.991668
stat.pool.103.walltime_s = 25.9042
stat.pool.103.active_time_s = 0.299615
stat.pool.102.util.mem_avg = 0.187682
stat.pool.102.util.req_link_avg = 0.991668
stat.pool.102.walltime_s = 25.9042
stat.pool.102.active_time_s = 0.294248
stat.pool.101.util.mem_avg = 0.187682
stat.pool.101.util.req_link_avg = 0.991668
stat.pool.101.walltime_s = 25.9043
stat.pool.101.active_time_s = 0.298186
stat.pool.100.util.mem_avg = 0.187682
stat.pool.100.util.req_link_avg = 0.991668
stat.pool.100.walltime_s = 25.9043
stat.pool.100.active_time_s = 0.34079
stat.switch.replicated_messages = 546048
stat.switch.util.node_ingress_avg = 0.146655
stat.switch.util.pool_ingress_avg = 0.207323
stat.switch.bw.host_to_switch_gbps = 7.20917
stat.switch.bw.switch_to_host_gbps = 10.1901
stat.switch.bw.host_link_total_gbps = 17.3992
stat.switch.walltime_s = 25.9043
stat.switch.active_time_s = 1.93157
Simulation is complete, simulated time: 736.709 us
