stat.node.1.cpu.0.retired = 820
stat.node.1.cpu.0.cycles = 1000000
stat.node.2.cpu.0.retired = 818
stat.node.2.cpu.0.cycles = 1000000
stat.node.3.cpu.0.retired = 818
stat.node.3.cpu.0.cycles = 1000000
stat.node.4.cpu.0.retired = 824
stat.node.4.cpu.0.cycles = 1000000
stat.node.5.cpu.0.retired = 823
stat.node.5.cpu.0.cycles = 1000000
stat.node.6.cpu.0.retired = 821
stat.node.6.cpu.0.cycles = 1000000
stat.node.7.cpu.0.retired = 820
stat.node.7.cpu.0.cycles = 1000000
stat.node.0.cpu.0.retired = 820
stat.node.0.cpu.0.cycles = 1000000
stat.node.4.cpu.0.load_issue_to_complete_count = 799
stat.node.4.cpu.0.avg_load_issue_to_complete_lat = 935.023
stat.node.4.injector.phase_cycles = 748914
stat.node.4.injector.request_bytes = 22280
stat.node.4.injector.response_bytes = 178240
stat.node.4.injector.aggregate_bytes = 200520
stat.node.4.injector.request_gbps = 0.571195
stat.node.4.injector.response_gbps = 4.56956
stat.node.4.injector.aggregate_gbps = 5.14076
stat.node.4.llc.cxl_miss = 800
stat.node.4.llc.total_miss = 800
stat.node.4.llc.avg_miss_lat = 761.171
stat.node.4.llc.avg_cxl_lat = 761.171
stat.node.4.llc.miss_lat_hist_bin_ns = 10
stat.node.4.llc.miss_lat_hist = [0,0,0,0,0,0,0,0,0,0,0,0,0,0,0,0,0,0,0,0,0,0,0,0,0,0,21,53,30,33,63,158,220,170,50,2]
stat.node.4.util.dram_avg = 1.39097e-05
stat.node.4.walltime_s = 190.518
stat.node.4.active_time_s = 28.8543
stat.node.5.cpu.0.load_issue_to_complete_count = 799
stat.node.5.cpu.0.avg_load_issue_to_complete_lat = 936.949
stat.node.5.injector.phase_cycles = 750496
stat.node.5.injector.request_bytes = 22328
stat.node.5.injector.response_bytes = 178624
stat.node.5.injector.aggregate_bytes = 200952
stat.node.5.injector.request_gbps = 0.571219
stat.node.5.injector.response_gbps = 4.56975
stat.node.5.injector.aggregate_gbps = 5.14097
stat.node.5.llc.cxl_miss = 800
stat.node.5.llc.total_miss = 800
stat.node.5.llc.avg_miss_lat = 763.101
stat.node.5.llc.avg_cxl_lat = 763.101
stat.node.5.llc.miss_lat_hist_bin_ns = 10
stat.node.5.llc.miss_lat_hist = [0,0,0,0,0,0,0,0,0,0,0,0,0,0,0,0,0,0,0,0,0,0,0,0,0,0,18,42,24,51,61,152,201,207,43,1]
stat.node.5.util.dram_avg = 1.38905e-05
stat.node.5.walltime_s = 190.719
stat.node.5.active_time_s = 19.5266
stat.node.6.cpu.0.load_issue_to_complete_count = 799
stat.node.6.cpu.0.avg_load_issue_to_complete_lat = 937.715
stat.node.6.injector.phase_cycles = 751078
stat.node.6.injector.request_bytes = 22344
stat.node.6.injector.response_bytes = 178752
stat.node.6.injector.aggregate_bytes = 201096
stat.node.6.injector.request_gbps = 0.571185
stat.node.6.injector.response_gbps = 4.56948
stat.node.6.injector.aggregate_gbps = 5.14067
stat.node.6.llc.cxl_miss = 800
stat.node.6.llc.total_miss = 800
stat.node.6.llc.avg_miss_lat = 763.81
stat.node.6.llc.avg_cxl_lat = 763.81
stat.node.6.llc.miss_lat_hist_bin_ns = 10
stat.node.6.llc.miss_lat_hist = [0,0,0,0,0,0,0,0,0,0,0,0,0,0,0,0,0,0,0,0,0,0,0,0,0,0,22,39,24,37,52,151,237,205,31,2]
stat.node.6.util.dram_avg = 1.38751e-05
stat.node.6.walltime_s = 190.824
stat.node.6.active_time_s = 27.7765
stat.node.7.cpu.0.load_issue_to_complete_count = 799
stat.node.7.cpu.0.avg_load_issue_to_complete_lat = 937.989
stat.node.7.injector.phase_cycles = 751328
stat.node.7.injector.request_bytes = 22352
stat.node.7.injector.response_bytes = 178816
stat.node.7.injector.aggregate_bytes = 201168
stat.node.7.injector.request_gbps = 0.5712
stat.node.7.injector.response_gbps = 4.5696
stat.node.7.injector.aggregate_gbps = 5.1408
stat.node.7.llc.cxl_miss = 800
stat.node.7.llc.total_miss = 800
stat.node.7.llc.avg_miss_lat = 764.217
stat.node.7.llc.avg_cxl_lat = 764.217
stat.node.7.llc.miss_lat_hist_bin_ns = 10
stat.node.7.llc.miss_lat_hist = [0,0,0,0,0,0,0,0,0,0,0,0,0,0,0,0,0,0,0,0,0,0,0,0,0,0,22,37,30,33,61,143,234,193,44,3]
stat.node.7.util.dram_avg = 1.38646e-05
stat.node.7.walltime_s = 190.897
stat.node.7.active_time_s = 23.1237
stat.node.0.cpu.0.load_issue_to_complete_count = 799
stat.node.0.cpu.0.avg_load_issue_to_complete_lat = 937.989
stat.node.0.injector.phase_cycles = 751328
stat.node.0.injector.request_bytes = 22352
stat.node.0.injector.response_bytes = 178816
stat.node.0.injector.aggregate_bytes = 201168
stat.node.0.injector.request_gbps = 0.5712
stat.node.0.injector.response_gbps = 4.5696
stat.node.0.injector.aggregate_gbps = 5.1408
stat.node.0.llc.cxl_miss = 800
stat.node.0.llc.total_miss = 800
stat.node.0.llc.avg_miss_lat = 764.038
stat.node.0.llc.avg_cxl_lat = 764.038
stat.node.0.llc.miss_lat_hist_bin_ns = 10
stat.node.0.llc.miss_lat_hist = [0,0,0,0,0,0,0,0,0,0,0,0,0,0,0,0,0,0,0,0,0,0,0,0,0,0,16,36,27,40,63,176,211,173,54,4]
stat.node.0.util.dram_avg = 1.38626e-05
stat.node.0.walltime_s = 190.902
stat.node.0.active_time_s = 28.439
stat.node.1.cpu.0.load_issue_to_complete_count = 799
stat.node.1.cpu.0.avg_load_issue_to_complete_lat = 939.718
stat.node.1.injector.phase_cycles = 752697
stat.node.1.injector.request_bytes = 22392
stat.node.1.injector.response_bytes = 179136
stat.node.1.injector.aggregate_bytes = 201528
stat.node.1.injector.request_gbps = 0.571181
stat.node.1.injector.response_gbps = 4.56945
stat.node.1.injector.aggregate_gbps = 5.14063
stat.node.1.llc.cxl_miss = 800
stat.node.1.llc.total_miss = 800
stat.node.1.llc.avg_miss_lat = 765.923
stat.node.1.llc.avg_cxl_lat = 765.923
stat.node.1.llc.miss_lat_hist_bin_ns = 10
stat.node.1.llc.miss_lat_hist = [0,0,0,0,0,0,0,0,0,0,0,0,0,0,0,0,0,0,0,0,0,0,0,0,0,0,22,29,24,30,66,162,208,210,46,3]
stat.node.1.util.dram_avg = 1.38495e-05
stat.node.1.walltime_s = 190.95
stat.node.1.active_time_s = 23.7116
stat.node.2.cpu.0.load_issue_to_complete_count = 799
stat.node.2.cpu.0.avg_load_issue_to_complete_lat = 939.735
stat.node.2.injector.phase_cycles = 752698
stat.node.2.injector.request_bytes = 22392
stat.node.2.injector.response_bytes = 179136
stat.node.2.injector.aggregate_bytes = 201528
stat.node.2.injector.request_gbps = 0.57118
stat.node.2.injector.response_gbps = 4.56944
stat.node.2.injector.aggregate_gbps = 5.14062
stat.node.2.llc.cxl_miss = 800
stat.node.2.llc.total_miss = 800
stat.node.2.llc.avg_miss_lat = 765.939
stat.node.2.llc.avg_cxl_lat = 765.939
stat.node.2.llc.miss_lat_hist_bin_ns = 10
stat.node.2.llc.miss_lat_hist = [0,0,0,0,0,0,0,0,0,0,0,0,0,0,0,0,0,0,0,0,0,0,0,0,0,0,14,35,32,32,53,168,219,203,40,4]
stat.node.2.util.dram_avg = 1.38386e-05
stat.node.2.walltime_s = 191.028
stat.node.2.active_time_s = 20.2884
stat.node.3.cpu.0.load_issue_to_complete_count = 799
stat.node.3.cpu.0.avg_load_issue_to_complete_lat = 940.282
stat.node.3.injector.phase_cycles = 753154
stat.node.3.injector.request_bytes = 22408
stat.node.3.injector.response_bytes = 179264
stat.node.3.injector.aggregate_bytes = 201672
stat.node.3.injector.request_gbps = 0.571243
stat.node.3.injector.response_gbps = 4.56994
stat.node.3.injector.aggregate_gbps = 5.14118
stat.node.3.llc.cxl_miss = 800
stat.node.3.llc.total_miss = 800
stat.node.3.llc.avg_miss_lat = 766.386
stat.node.3.llc.avg_cxl_lat = 766.386
stat.pool.100.util.mem_avg = 0.153277
stat.pool.100.util.req_link_avg = 0.119756
stat.pool.100.walltime_s = 191.098
stat.pool.100.active_time_s = 0.703037
stat.switch.replicated_messages = 0
stat.switch.util.node_ingress_avg = 0.0149706
stat.switch.util.pool_ingress_avg = 0.957885
stat.switch.bw.host_to_switch_gbps = 0.735923
stat.switch.bw.switch_to_host_gbps = 5.88526
stat.switch.bw.host_link_total_gbps = 6.62118
stat.switch.walltime_s = 191.098
stat.switch.active_time_s = 2.45751
stat.node.3.llc.miss_lat_hist_bin_ns = 10
stat.node.3.llc.miss_lat_hist = [0,0,0,0,0,0,0,0,0,0,0,0,0,0,0,0,0,0,0,0,0,0,0,0,0,0,13,41,26,35,62,150,220,194,59]
stat.node.3.util.dram_avg = 1.38327e-05
stat.node.3.walltime_s = 191.082
stat.node.3.active_time_s = 25.2909
Simulation is complete, simulated time: 723.501 us
