stat.node.0.cpu.0.retired = 921
stat.node.0.cpu.0.cycles = 1000000
stat.node.1.cpu.0.retired = 922
stat.node.1.cpu.0.cycles = 1000000
stat.node.2.cpu.0.retired = 919
stat.node.2.cpu.0.cycles = 1000000
stat.node.3.cpu.0.retired = 922
stat.node.3.cpu.0.cycles = 1000000
stat.node.4.cpu.0.retired = 919
stat.node.4.cpu.0.cycles = 1000000
stat.node.5.cpu.0.retired = 921
stat.node.5.cpu.0.cycles = 1000000
stat.node.6.cpu.0.retired = 922
stat.node.6.cpu.0.cycles = 1000000
stat.node.7.cpu.0.retired = 920
stat.node.7.cpu.0.cycles = 1000000
stat.node.1.cpu.0.load_issue_to_complete_count = 799
stat.node.1.cpu.0.avg_load_issue_to_complete_lat = 865.437
stat.node.1.injector.phase_cycles = 693175
stat.node.1.injector.request_bytes = 156576
stat.node.1.injector.response_bytes = 417536
stat.node.1.injector.aggregate_bytes = 574112
stat.node.1.injector.request_gbps = 4.33694
stat.node.1.injector.response_gbps = 11.5652
stat.node.1.injector.aggregate_gbps = 15.9021
stat.node.1.llc.cxl_miss = 800
stat.node.1.llc.total_miss = 800
stat.node.1.llc.avg_miss_lat = 691.56
stat.node.1.llc.avg_cxl_lat = 691.56
stat.node.1.llc.miss_lat_hist_bin_ns = 10
stat.node.1.llc.miss_lat_hist = [0,0,0,0,0,0,0,0,0,0,0,0,0,0,0,0,0,0,0,0,0,0,0,0,0,0,408,25,16,38,28,116,75,62,32]
stat.node.1.util.dram_avg = 1.51352e-05
stat.node.1.walltime_s = 125.451
stat.node.1.active_time_s = 19.915
stat.node.3.cpu.0.load_issue_to_complete_count = 799
stat.node.3.cpu.0.avg_load_issue_to_complete_lat = 865.906
stat.node.3.injector.phase_cycles = 693550
stat.node.3.injector.request_bytes = 156672
stat.node.3.injector.response_bytes = 417664
stat.node.3.injector.aggregate_bytes = 574336
stat.node.3.injector.request_gbps = 4.33725
stat.node.3.injector.response_gbps = 11.5625
stat.node.3.injector.aggregate_gbps = 15.8997
stat.node.3.llc.cxl_miss = 800
stat.node.3.llc.total_miss = 800
stat.node.3.llc.avg_miss_lat = 691.997
stat.node.3.llc.avg_cxl_lat = 691.997
stat.node.3.llc.miss_lat_hist_bin_ns = 10
stat.node.3.llc.miss_lat_hist = [0,0,0,0,0,0,0,0,0,0,0,0,0,0,0,0,0,0,0,0,0,0,0,0,0,0,391,36,16,26,48,110,85,59,29]
stat.node.3.util.dram_avg = 1.51314e-05
stat.node.3.walltime_s = 125.46
stat.node.3.active_time_s = 23.546
stat.node.0.cpu.0.load_issue_to_complete_count = 799
stat.node.6.cpu.0.load_issue_to_complete_count = 799
stat.node.6.cpu.0.avg_load_issue_to_complete_lat = 867.564
stat.node.6.injector.phase_cycles = 694875
stat.node.6.injector.request_bytes = 156960
stat.node.6.injector.response_bytes = 418560
stat.node.6.injector.aggregate_bytes = 575520
stat.node.6.injector.request_gbps = 4.33694
stat.node.6.injector.response_gbps = 11.5652
stat.node.6.injector.aggregate_gbps = 15.9021
stat.node.6.llc.cxl_miss = 800
stat.node.6.llc.total_miss = 800
stat.node.6.llc.avg_miss_lat = 693.651
stat.node.6.llc.avg_cxl_lat = 693.651
stat.node.6.llc.miss_lat_hist_bin_ns = 10
stat.node.6.llc.miss_lat_hist = [0,0,0,0,0,0,0,0,0,0,0,0,0,0,0,0,0,0,0,0,0,0,0,0,0,0,396,31,8,25,36,131,83,56,34]
stat.node.6.util.dram_avg = 1.5115e-05
stat.node.6.walltime_s = 125.498
stat.node.6.active_time_s = 20.6945
stat.node.0.cpu.0.avg_load_issue_to_complete_lat = 866.469
stat.node.0.injector.phase_cycles = 694000
stat.node.0.injector.request_bytes = 156768
stat.node.0.injector.response_bytes = 417984
stat.node.0.injector.aggregate_bytes = 574752
stat.node.0.injector.request_gbps = 4.3371
stat.node.0.injector.response_gbps = 11.5638
stat.node.0.injector.aggregate_gbps = 15.9009
stat.node.0.llc.cxl_miss = 800
stat.node.0.llc.total_miss = 800
stat.node.0.llc.avg_miss_lat = 692.49
stat.node.0.llc.avg_cxl_lat = 692.49
stat.node.0.llc.miss_lat_hist_bin_ns = 10
stat.node.0.llc.miss_lat_hist = [0,0,0,0,0,0,0,0,0,0,0,0,0,0,0,0,0,0,0,0,0,0,0,0,0,0,403,32,14,17,35,110,97,74,18]
stat.node.0.util.dram_avg = 1.5115e-05
stat.node.0.walltime_s = 125.499
stat.node.0.active_time_s = 21.7923
stat.node.5.cpu.0.load_issue_to_complete_count = 799
stat.node.7.cpu.0.load_issue_to_complete_count = 799
stat.node.7.cpu.0.avg_load_issue_to_complete_lat = 868.592
stat.node.7.injector.phase_cycles = 695700
stat.node.7.injector.request_bytes = 157080
stat.node.7.injector.response_bytes = 419008
stat.node.7.injector.aggregate_bytes = 576088
stat.node.7.injector.request_gbps = 4.33511
stat.node.7.injector.response_gbps = 11.5638
stat.node.7.injector.aggregate_gbps = 15.8989
stat.node.7.llc.cxl_miss = 800
stat.node.7.llc.total_miss = 800
stat.node.7.llc.avg_miss_lat = 694.686
stat.node.7.llc.avg_cxl_lat = 694.686
stat.node.7.llc.miss_lat_hist_bin_ns = 10
stat.node.7.llc.miss_lat_hist = [0,0,0,0,0,0,0,0,0,0,0,0,0,0,0,0,0,0,0,0,0,0,0,0,0,0,334,90,37,13,44,123,55,94,10]
stat.node.7.util.dram_avg = 1.5095e-05
stat.node.7.walltime_s = 125.653
stat.node.7.active_time_s = 23.1392
stat.node.5.cpu.0.avg_load_issue_to_complete_lat = 869.129
stat.node.5.injector.phase_cycles = 696125
stat.node.5.injector.request_bytes = 157176
stat.node.5.injector.response_bytes = 419264
stat.node.5.injector.aggregate_bytes = 576440
stat.node.5.injector.request_gbps = 4.33511
stat.node.5.injector.response_gbps = 11.5638
stat.node.5.injector.aggregate_gbps = 15.8989
stat.node.5.llc.cxl_miss = 800
stat.node.5.llc.total_miss = 800
stat.node.5.llc.avg_miss_lat = 695.158
stat.node.5.llc.avg_cxl_lat = 695.158
stat.node.5.llc.miss_lat_hist_bin_ns = 10
stat.node.5.llc.miss_lat_hist = [0,0,0,0,0,0,0,0,0,0,0,0,0,0,0,0,0,0,0,0,0,0,0,0,0,0,351,66,27,24,28,118,93,93]
stat.node.5.util.dram_avg = 1.5095e-05
stat.node.5.walltime_s = 125.653
stat.node.5.active_time_s = 21.7474
stat.node.2.cpu.0.load_issue_to_complete_count = 799
stat.node.4.cpu.0.load_issue_to_complete_count = 799
stat.node.2.cpu.0.avg_load_issue_to_complete_lat = 869.129
stat.node.2.injector.phase_cycles = 696125
stat.node.2.injector.request_bytes = 157248
stat.node.2.injector.response_bytes = 419264
stat.node.2.injector.aggregate_bytes = 576512
stat.node.2.injector.request_gbps = 4.3371
stat.node.2.injector.response_gbps = 11.5638
stat.node.2.injector.aggregate_gbps = 15.9009
stat.node.2.llc.cxl_miss = 800
stat.node.2.llc.total_miss = 800
stat.node.2.llc.avg_miss_lat = 695.186
stat.node.2.llc.avg_cxl_lat = 695.186
stat.node.2.llc.miss_lat_hist_bin_ns = 10
stat.node.4.cpu.0.avg_load_issue_to_complete_lat = 869.129
stat.node.4.injector.phase_cycles = 696125
stat.node.4.injector.request_bytes = 157248
stat.node.4.injector.response_bytes = 419264
stat.node.4.injector.aggregate_bytes = 576512
stat.node.4.injector.request_gbps = 4.3371
stat.node.4.injector.response_gbps = 11.5638
stat.node.4.injector.aggregate_gbps = 15.9009
stat.node.4.llc.cxl_miss = 800
stat.node.4.llc.total_miss = 800
stat.node.4.llc.avg_miss_lat = 695.216
stat.node.4.llc.avg_cxl_lat = 695.216
stat.node.4.llc.miss_lat_hist_bin_ns = 10
stat.node.4.llc.miss_lat_hist = [0,0,0,0,0,0,0,0,0,0,0,0,0,0,0,0,0,0,0,0,0,0,0,0,0,0,359,76,12,25,21,111,62,119,10,5]
stat.node.4.util.dram_avg = 1.50827e-05
stat.node.4.walltime_s = 125.682
stat.node.4.active_time_s = 18.1294
stat.node.2.llc.miss_lat_hist = [0,0,0,0,0,0,0,0,0,0,0,0,0,0,0,0,0,0,0,0,0,0,0,0,0,0,389,41,18,28,16,118,58,120,8,4]
stat.node.2.util.dram_avg = 1.50827e-05
stat.node.2.walltime_s = 125.682
stat.node.2.active_time_s = 20.3929
stat.pool.107.util.mem_avg = 0.117563
stat.pool.107.util.req_link_avg = 0.503478
stat.pool.107.walltime_s = 125.682
stat.pool.107.active_time_s = 0.51826
stat.pool.106.util.mem_avg = 0.117564
stat.pool.106.util.req_link_avg = 0.503478
stat.pool.106.walltime_s = 125.682
stat.pool.106.active_time_s = 0.579182
stat.pool.105.util.mem_avg = 0.117565
stat.pool.105.util.req_link_avg = 0.50348
stat.pool.105.walltime_s = 125.682
stat.pool.105.active_time_s = 0.548795
stat.pool.104.util.mem_avg = 0.117565
stat.pool.104.util.req_link_avg = 0.50348
stat.pool.104.walltime_s = 125.682
stat.pool.104.active_time_s = 0.627191
stat.pool.103.util.mem_avg = 0.117565
stat.pool.103.util.req_link_avg = 0.50348
stat.pool.103.walltime_s = 125.682
stat.pool.103.active_time_s = 0.538405
stat.pool.102.util.mem_avg = 0.117565
stat.pool.102.util.req_link_avg = 0.50348
stat.pool.102.walltime_s = 125.682
stat.pool.102.active_time_s = 0.625798
stat.pool.101.util.mem_avg = 0.117565
stat.pool.101.util.req_link_avg = 0.50348
stat.pool.101.walltime_s = 125.682
stat.pool.101.active_time_s = 0.624751
stat.pool.100.util.mem_avg = 0.117566
stat.pool.100.util.req_link_avg = 0.50348
stat.pool.100.walltime_s = 125.682
stat.pool.100.active_time_s = 0.624646
stat.switch.replicated_messages = 239552
stat.switch.util.node_ingress_avg = 0.0918659
stat.switch.util.pool_ingress_avg = 0.264411
stat.switch.bw.host_to_switch_gbps = 4.51632
stat.switch.bw.switch_to_host_gbps = 12.9965
stat.switch.bw.host_link_total_gbps = 17.5128
stat.switch.walltime_s = 125.682
stat.switch.active_time_s = 3.96755
Simulation is complete, simulated time: 663.542 us
