stat.node.0.cpu.0.retired = 747
stat.node.0.cpu.0.cycles = 1000000
stat.node.1.cpu.0.retired = 745
stat.node.1.cpu.0.cycles = 1000000
stat.node.2.cpu.0.retired = 742
stat.node.2.cpu.0.cycles = 1000000
stat.node.3.cpu.0.retired = 745
stat.node.3.cpu.0.cycles = 1000000
stat.node.4.cpu.0.retired = 738
stat.node.4.cpu.0.cycles = 1000000
stat.node.5.cpu.0.retired = 748
stat.node.5.cpu.0.cycles = 1000000
stat.node.6.cpu.0.retired = 747
stat.node.6.cpu.0.cycles = 1000000
stat.node.7.cpu.0.retired = 745
stat.node.7.cpu.0.cycles = 1000000
stat.node.5.cpu.0.load_issue_to_complete_count = 799
stat.node.5.cpu.0.avg_load_issue_to_complete_lat = 1021.89
stat.node.5.injector.phase_cycles = 818410
stat.node.5.injector.request_bytes = 176664
stat.node.5.injector.response_bytes = 471168
stat.node.5.injector.aggregate_bytes = 647832
stat.node.5.injector.request_gbps = 4.14456
stat.node.5.injector.response_gbps = 11.0537
stat.node.5.injector.aggregate_gbps = 15.1982
stat.node.5.llc.cxl_miss = 800
stat.node.5.llc.total_miss = 800
stat.node.5.llc.avg_miss_lat = 846.7
stat.node.5.llc.avg_cxl_lat = 846.7
stat.node.5.llc.miss_lat_hist_bin_ns = 10
stat.node.5.llc.miss_lat_hist = [0,0,0,0,0,0,0,0,0,0,0,0,0,0,0,0,0,0,0,0,0,0,0,0,0,0,0,0,0,0,0,6,26,28,154,469,70,20,24,3]
stat.node.5.util.dram_avg = 1.28029e-05
stat.node.5.walltime_s = 341.419
stat.node.5.active_time_s = 29.8491
stat.node.6.cpu.0.load_issue_to_complete_count = 799
stat.node.6.cpu.0.avg_load_issue_to_complete_lat = 1021.22
stat.node.6.injector.phase_cycles = 817833
stat.node.6.injector.request_bytes = 176560
stat.node.6.injector.response_bytes = 470848
stat.node.6.injector.aggregate_bytes = 647408
stat.node.6.injector.request_gbps = 4.14504
stat.node.6.injector.response_gbps = 11.0539
stat.node.6.injector.aggregate_gbps = 15.199
stat.node.6.llc.cxl_miss = 800
stat.node.6.llc.total_miss = 800
stat.node.6.llc.avg_miss_lat = 845.778
stat.node.6.llc.avg_cxl_lat = 845.778
stat.node.6.llc.miss_lat_hist_bin_ns = 10
stat.node.6.llc.miss_lat_hist = [0,0,0,0,0,0,0,0,0,0,0,0,0,0,0,0,0,0,0,0,0,0,0,0,0,0,0,0,0,0,0,4,16,62,160,451,45,45,12,5]
stat.node.6.util.dram_avg = 1.28e-05
stat.node.6.walltime_s = 341.428
stat.node.6.active_time_s = 28.3021
stat.node.0.cpu.0.load_issue_to_complete_count = 799
stat.node.0.cpu.0.avg_load_issue_to_complete_lat = 1020.77
stat.node.0.injector.phase_cycles = 817523
stat.node.0.injector.request_bytes = 176472
stat.node.0.injector.response_bytes = 470656
stat.node.0.injector.aggregate_bytes = 647128
stat.node.0.injector.request_gbps = 4.14455
stat.node.0.injector.response_gbps = 11.0536
stat.node.0.injector.aggregate_gbps = 15.1982
stat.node.0.llc.cxl_miss = 800
stat.node.0.llc.total_miss = 800
stat.node.0.llc.avg_miss_lat = 845.452
stat.node.0.llc.avg_cxl_lat = 845.452
stat.node.0.llc.miss_lat_hist_bin_ns = 10
stat.node.0.llc.miss_lat_hist = [0,0,0,0,0,0,0,0,0,0,0,0,0,0,0,0,0,0,0,0,0,0,0,0,0,0,0,0,0,0,0,5,26,47,140,472,65,30,12,3]
stat.node.0.util.dram_avg = 1.27999e-05
stat.node.0.walltime_s = 341.445
stat.node.0.active_time_s = 29.1925
stat.node.7.cpu.0.load_issue_to_complete_count = 799
stat.node.7.cpu.0.avg_load_issue_to_complete_lat = 1021.1
stat.node.7.injector.phase_cycles = 817770
stat.node.7.injector.request_bytes = 176552
stat.node.7.injector.response_bytes = 470784
stat.node.7.injector.aggregate_bytes = 647336
stat.node.7.injector.request_gbps = 4.14517
stat.node.7.injector.response_gbps = 11.0533
stat.node.7.injector.aggregate_gbps = 15.1985
stat.node.7.llc.cxl_miss = 800
stat.node.7.llc.total_miss = 800
stat.node.7.llc.avg_miss_lat = 845.832
stat.node.7.llc.avg_cxl_lat = 845.832
stat.node.7.llc.miss_lat_hist_bin_ns = 10
stat.node.7.llc.miss_lat_hist = [0,0,0,0,0,0,0,0,0,0,0,0,0,0,0,0,0,0,0,0,0,0,0,0,0,0,0,0,0,0,0,7,20,39,162,461,73,19,15,4]
stat.node.7.util.dram_avg = 1.27907e-05
stat.node.7.walltime_s = 341.44
stat.node.7.active_time_s = 27.4397
stat.node.3.cpu.0.load_issue_to_complete_count = 799
stat.node.3.cpu.0.avg_load_issue_to_complete_lat = 1021.21
stat.node.3.injector.phase_cycles = 817895
stat.node.3.injector.request_bytes = 176624
stat.node.3.injector.response_bytes = 470848
stat.node.3.injector.aggregate_bytes = 647472
stat.node.3.injector.request_gbps = 4.14623
stat.node.3.injector.response_gbps = 11.0531
stat.node.3.injector.aggregate_gbps = 15.1993
stat.node.3.llc.cxl_miss = 800
stat.node.3.llc.total_miss = 800
stat.node.3.llc.avg_miss_lat = 845.931
stat.node.3.llc.avg_cxl_lat = 845.931
stat.node.3.llc.miss_lat_hist_bin_ns = 10
stat.node.3.llc.miss_lat_hist = [0,0,0,0,0,0,0,0,0,0,0,0,0,0,0,0,0,0,0,0,0,0,0,0,0,0,0,0,0,0,0,3,20,50,161,447,76,27,14,2]
stat.node.3.util.dram_avg = 1.27861e-05
stat.node.3.walltime_s = 341.486
stat.node.3.active_time_s = 29.5881
stat.node.1.cpu.0.load_issue_to_complete_count = 799
stat.node.1.cpu.0.avg_load_issue_to_complete_lat = 1023.7
stat.node.1.injector.phase_cycles = 819845
stat.node.1.injector.request_bytes = 177016
stat.node.1.injector.response_bytes = 472000
stat.node.1.injector.aggregate_bytes = 649016
stat.node.1.injector.request_gbps = 4.14555
stat.node.1.injector.response_gbps = 11.0538
stat.node.1.injector.aggregate_gbps = 15.1993
stat.node.1.llc.cxl_miss = 800
stat.node.1.llc.total_miss = 800
stat.node.1.llc.avg_miss_lat = 848.439
stat.node.1.llc.avg_cxl_lat = 848.439
stat.node.1.llc.miss_lat_hist_bin_ns = 10
stat.node.1.llc.miss_lat_hist = [0,0,0,0,0,0,0,0,0,0,0,0,0,0,0,0,0,0,0,0,0,0,0,0,0,0,0,0,0,0,0,1,22,36,145,455,83,37,16,5]
stat.node.1.util.dram_avg = 1.27749e-05
stat.node.1.walltime_s = 341.515
stat.node.1.active_time_s = 26.6429
stat.node.2.cpu.0.load_issue_to_complete_count = 799
stat.node.2.cpu.0.avg_load_issue_to_complete_lat = 1024.01
stat.node.2.injector.phase_cycles = 820092
stat.node.2.injector.request_bytes = 177104
stat.node.2.injector.response_bytes = 472128
stat.node.2.injector.aggregate_bytes = 649232
stat.node.2.injector.request_gbps = 4.14636
stat.node.2.injector.response_gbps = 11.0535
stat.node.2.injector.aggregate_gbps = 15.1998
stat.node.2.llc.cxl_miss = 800
stat.node.2.llc.total_miss = 800
stat.node.2.llc.avg_miss_lat = 848.801
stat.node.2.llc.avg_cxl_lat = 848.801
stat.node.2.llc.miss_lat_hist_bin_ns = 10
stat.node.2.llc.miss_lat_hist = [0,0,0,0,0,0,0,0,0,0,0,0,0,0,0,0,0,0,0,0,0,0,0,0,0,0,0,0,0,0,0,9,10,18,152,483,81,24,16,7]
stat.node.2.util.dram_avg = 1.27538e-05
stat.node.2.walltime_s = 341.583
stat.node.2.active_time_s = 22.6143
stat.node.4.cpu.0.load_issue_to_complete_count = 799
stat.node.4.cpu.0.avg_load_issue_to_complete_lat = 1027.24
stat.node.4.injector.phase_cycles = 822664
stat.node.4.injector.request_bytes = 177608
stat.node.4.injector.response_bytes = 473600
stat.node.4.injector.aggregate_bytes = 651208
stat.node.4.injector.request_gbps = 4.14516
stat.node.4.injector.response_gbps = 11.0533
stat.node.4.injector.aggregate_gbps = 15.1984
stat.node.4.llc.cxl_miss = 800
stat.node.4.llc.total_miss = 800
stat.node.4.llc.avg_miss_lat = 851.921
stat.node.4.llc.avg_cxl_lat = 851.921
stat.node.4.llc.miss_lat_hist_bin_ns = 10
stat.node.4.llc.miss_lat_hist = [0,0,0,0,0,0,0,0,0,0,0,0,0,0,0,0,0,0,0,0,0,0,0,0,0,0,0,0,0,0,0,7,6,12,158,445,114,29,18,10,1]
stat.node.4.util.dram_avg = 1.26913e-05
stat.node.4.walltime_s = 341.756
stat.node.4.active_time_s = 28.91
stat.pool.101.util.mem_avg = 0.231642
stat.pool.101.util.req_link_avg = 0.574428
stat.pool.101.walltime_s = 341.74
stat.pool.101.active_time_s = 1.05116
stat.pool.100.util.mem_avg = 0.231642
stat.pool.100.util.req_link_avg = 0.574428
stat.pool.100.walltime_s = 341.74
stat.pool.100.active_time_s = 1.02286
stat.switch.replicated_messages = 68032
stat.switch.util.node_ingress_avg = 0.0874093
stat.switch.util.pool_ingress_avg = 0.998001
stat.switch.bw.host_to_switch_gbps = 4.29644
stat.switch.bw.switch_to_host_gbps = 12.2634
stat.switch.bw.host_link_total_gbps = 16.5599
stat.switch.walltime_s = 341.74
stat.switch.active_time_s = 3.65751
Simulation is complete, simulated time: 788.571 us
