stat.node.5.cpu.0.retired = 184
stat.node.5.cpu.0.cycles = 1000000
stat.node.6.cpu.0.retired = 181
stat.node.6.cpu.0.cycles = 1000000
stat.node.7.cpu.0.retired = 187
stat.node.7.cpu.0.cycles = 1000000
stat.node.1.cpu.0.retired = 207
stat.node.1.cpu.0.cycles = 1000000
stat.node.3.cpu.0.retired = 178
stat.node.3.cpu.0.cycles = 1000000
stat.node.4.cpu.0.retired = 173
stat.node.0.cpu.0.retired = 192
stat.node.0.cpu.0.cycles = 1000000
stat.node.2.cpu.0.retired = 193
stat.node.2.cpu.0.cycles = 1000000
stat.node.4.cpu.0.cycles = 1000000
stat.node.4.cpu.0.retired = 366
stat.node.4.cpu.0.cycles = 2000000
stat.node.2.cpu.0.retired = 387
stat.node.2.cpu.0.cycles = 2000000
stat.node.7.cpu.0.retired = 381
stat.node.7.cpu.0.cycles = 2000000
stat.node.0.cpu.0.retired = 386
stat.node.0.cpu.0.cycles = 2000000
stat.node.1.cpu.0.retired = 400
stat.node.3.cpu.0.retired = 369
stat.node.3.cpu.0.cycles = 2000000
stat.node.5.cpu.0.retired = 379
stat.node.5.cpu.0.cycles = 2000000
stat.node.6.cpu.0.retired = 373
stat.node.6.cpu.0.cycles = 2000000
stat.node.1.cpu.0.cycles = 2000000
stat.node.6.cpu.0.retired = 604
stat.node.6.cpu.0.cycles = 3000000
stat.node.3.cpu.0.retired = 599
stat.node.3.cpu.0.cycles = 3000000
stat.node.5.cpu.0.retired = 613
stat.node.1.cpu.0.retired = 639
stat.node.1.cpu.0.cycles = 3000000
stat.node.4.cpu.0.retired = 595
stat.node.4.cpu.0.cycles = 3000000
stat.node.2.cpu.0.retired = 624
stat.node.2.cpu.0.cycles = 3000000
stat.node.7.cpu.0.retired = 613
stat.node.7.cpu.0.cycles = 3000000
stat.node.0.cpu.0.retired = 622
stat.node.0.cpu.0.cycles = 3000000
stat.node.5.cpu.0.cycles = 3000000
stat.node.5.cpu.0.retired = 855
stat.node.5.cpu.0.cycles = 4000000
stat.node.1.cpu.0.retired = 886
stat.node.1.cpu.0.cycles = 4000000
stat.node.4.cpu.0.retired = 836
stat.node.4.cpu.0.cycles = 4000000
stat.node.2.cpu.0.retired = 865
stat.node.2.cpu.0.cycles = 4000000
stat.node.7.cpu.0.retired = 855
stat.node.7.cpu.0.cycles = 4000000
stat.node.0.cpu.0.retired = 864
stat.node.0.cpu.0.cycles = 4000000
stat.node.6.cpu.0.retired = 845
stat.node.6.cpu.0.cycles = 4000000
stat.node.3.cpu.0.retired = 838
stat.node.3.cpu.0.cycles = 4000000
stat.node.4.cpu.0.retired = 1088
stat.node.4.cpu.0.cycles = 5000000
stat.node.2.cpu.0.retired = 1119
stat.node.2.cpu.0.cycles = 5000000
stat.node.7.cpu.0.retired = 1110
stat.node.7.cpu.0.cycles = 5000000
stat.node.0.cpu.0.retired = 1116
stat.node.0.cpu.0.cycles = 5000000
stat.node.6.cpu.0.retired = 1098
stat.node.6.cpu.0.cycles = 5000000
stat.node.3.cpu.0.retired = 1091
stat.node.3.cpu.0.cycles = 5000000
stat.node.5.cpu.0.retired = 1107
stat.node.5.cpu.0.cycles = 5000000
stat.node.1.cpu.0.retired = 1140
stat.node.1.cpu.0.cycles = 5000000
stat.node.5.cpu.0.retired = 1366
stat.node.5.cpu.0.cycles = 6000000
stat.node.6.cpu.0.retired = 1355
stat.node.6.cpu.0.cycles = 6000000
stat.node.4.cpu.0.retired = 1347
stat.node.4.cpu.0.cycles = 6000000
stat.node.2.cpu.0.retired = 1373
stat.node.2.cpu.0.cycles = 6000000
stat.node.7.cpu.0.retired = 1362
stat.node.7.cpu.0.cycles = 6000000
stat.node.0.cpu.0.retired = 1370
stat.node.0.cpu.0.cycles = 6000000
stat.node.1.cpu.0.retired = 1397
stat.node.1.cpu.0.cycles = 6000000
stat.node.3.cpu.0.retired = 1350
stat.node.3.cpu.0.cycles = 6000000
stat.node.1.cpu.0.load_issue_to_complete_count = 799
stat.node.1.cpu.0.avg_load_issue_to_complete_lat = 3888.16
stat.node.1.injector.phase_cycles = 3111530
stat.node.1.injector.request_bytes = 1025176
stat.node.1.injector.response_bytes = 248576
stat.node.1.injector.aggregate_bytes = 1273752
stat.node.1.injector.request_gbps = 6.32595
stat.node.1.injector.response_gbps = 1.53386
stat.node.1.injector.aggregate_gbps = 7.85981
stat.node.1.llc.cxl_miss = 800
stat.node.1.llc.total_miss = 800
stat.node.1.llc.avg_miss_lat = 3666.23
stat.node.1.llc.avg_cxl_lat = 3666.23
stat.node.1.llc.miss_lat_hist_bin_ns = 10
stat.node.1.llc.miss_lat_hist = [0,0,0,0,0,0,0,0,0,0,0,0,0,0,0,0,0,0,0,0,0,0,0,0,0,0,0,0,0,0,0,0,0,0,0,0,0,0,0,0,0,0,0,0,0,0,0,0,0,0,0,0,0,0,0,0,0,0,0,0,0,0,0,0,0,0,0,0,0,0,0,0,0,0,0,0,0,0,0,0,0,0,0,0,0,0,0,0,0,0,0,0,0,0,0,0,0,0,0,0,0,0,0,0,0,0,0,0,1,0,0,1,0,2,0,1,3,1,3,2,1,6,3,5,3,10,4,5,7,9,7,8,8,7,7,8,11,18,11,34,21,17,15,14,15,27,22,20,15,16,16,26,18,20,16,18,15,16,17,17,17,18,13,14,19,15,8,7,11,12,14,11,3,7,2,3,6,8,5,2,5,5,4,5,1,2,4,2,1,3,5,3,2,2,0,0,0,2,1,3,1,1,0,1,2,0,0,0,0,0,1,1,0,0,0,0,0,0,0,1]
stat.node.1.util.dram_avg = 3.54165e-06
stat.node.1.walltime_s = 776.721
stat.node.1.active_time_s = 94.8859
stat.node.2.cpu.0.load_issue_to_complete_count = 799
stat.node.2.cpu.0.avg_load_issue_to_complete_lat = 3903.99
stat.node.2.injector.phase_cycles = 3124353
stat.node.2.injector.request_bytes = 1025576
stat.node.2.injector.response_bytes = 248640
stat.node.2.injector.aggregate_bytes = 1274216
stat.node.2.injector.request_gbps = 6.30244
stat.node.2.injector.response_gbps = 1.52796
stat.node.2.injector.aggregate_gbps = 7.8304
stat.node.2.llc.cxl_miss = 800
stat.node.2.llc.total_miss = 800
stat.node.2.llc.avg_miss_lat = 3684.23
stat.node.2.llc.avg_cxl_lat = 3684.23
stat.node.2.llc.miss_lat_hist_bin_ns = 10
stat.node.2.llc.miss_lat_hist = [0,0,0,0,0,0,0,0,0,0,0,0,0,0,0,0,0,0,0,0,0,0,0,0,0,0,0,0,0,0,0,0,0,0,0,0,0,0,0,0,0,0,0,0,0,0,0,0,0,0,0,0,0,0,0,0,0,0,0,0,0,0,0,0,0,0,0,0,0,0,0,0,0,0,0,0,0,0,0,0,0,0,0,0,0,0,0,0,0,0,0,0,0,0,0,0,0,0,0,0,0,0,0,0,0,0,0,0,0,1,1,0,1,1,0,1,0,1,2,2,1,3,4,2,5,6,11,1,8,6,8,12,13,11,8,12,14,14,23,17,19,17,22,20,13,23,19,16,16,16,15,11,23,18,16,17,19,12,11,9,20,15,13,14,15,17,7,12,11,7,13,13,5,13,6,9,2,5,7,4,6,6,6,3,4,4,4,2,4,1,4,6,7,3,1,2,1,1,1,0,1,0,0,1,0,0,0,1,0,0,1,0,0,0,0,0,0,1]
stat.node.2.util.dram_avg = 3.49258e-06
stat.node.2.walltime_s = 784.669
stat.node.2.active_time_s = 112.696
stat.node.0.cpu.0.load_issue_to_complete_count = 799
stat.node.0.cpu.0.avg_load_issue_to_complete_lat = 3931.89
stat.node.0.injector.phase_cycles = 3146526
stat.node.0.injector.request_bytes = 1030920
stat.node.0.injector.response_bytes = 249920
stat.node.0.injector.aggregate_bytes = 1280840
stat.node.0.injector.request_gbps = 6.29064
stat.node.0.injector.response_gbps = 1.525
stat.node.0.injector.aggregate_gbps = 7.81564
stat.node.0.llc.cxl_miss = 800
stat.node.0.llc.total_miss = 800
stat.node.0.llc.avg_miss_lat = 3712.59
stat.node.0.llc.avg_cxl_lat = 3712.59
stat.node.0.llc.miss_lat_hist_bin_ns = 10
stat.node.0.llc.miss_lat_hist = [0,0,0,0,0,0,0,0,0,0,0,0,0,0,0,0,0,0,0,0,0,0,0,0,0,0,0,0,0,0,0,0,0,0,0,0,0,0,0,0,0,0,0,0,0,0,0,0,0,0,0,0,0,0,0,0,0,0,0,0,0,0,0,0,0,0,0,0,0,0,0,0,0,0,0,0,0,0,0,0,0,0,0,0,0,0,0,0,0,0,0,0,0,0,0,0,0,0,0,0,0,0,0,0,0,0,0,1,0,0,1,0,0,0,0,0,1,1,3,0,2,0,2,1,7,5,3,1,5,7,7,9,9,10,4,12,11,15,18,15,14,12,27,28,19,19,18,26,26,23,14,20,20,11,17,21,16,14,19,11,15,22,12,16,12,16,9,4,10,9,8,11,7,9,10,6,6,5,8,7,6,4,3,3,5,1,5,1,4,9,6,3,4,4,3,1,0,2,1,1,0,0,1,1,0,0,1,0,1,1,0,0,0,0,1,0,0,0,0,1]
stat.node.0.util.dram_avg = 3.48261e-06
stat.node.0.walltime_s = 785.952
stat.node.0.active_time_s = 90.4133
stat.node.7.cpu.0.load_issue_to_complete_count = 799
stat.node.7.cpu.0.avg_load_issue_to_complete_lat = 3923.4
stat.node.7.injector.phase_cycles = 3139130
stat.node.7.injector.request_bytes = 1024712
stat.node.7.injector.response_bytes = 248448
stat.node.7.injector.aggregate_bytes = 1273160
stat.node.7.injector.request_gbps = 6.26749
stat.node.7.injector.response_gbps = 1.51959
stat.node.7.injector.aggregate_gbps = 7.78708
stat.node.7.llc.cxl_miss = 800
stat.node.7.llc.total_miss = 800
stat.node.7.llc.avg_miss_lat = 3703.99
stat.node.7.llc.avg_cxl_lat = 3703.99
stat.node.7.llc.miss_lat_hist_bin_ns = 10
stat.node.7.llc.miss_lat_hist = [0,0,0,0,0,0,0,0,0,0,0,0,0,0,0,0,0,0,0,0,0,0,0,0,0,0,0,0,0,0,0,0,0,0,0,0,0,0,0,0,0,0,0,0,0,0,0,0,0,0,0,0,0,0,0,0,0,0,0,0,0,0,0,0,0,0,0,0,0,0,0,0,0,0,0,0,0,0,0,0,0,0,0,0,0,0,0,0,0,0,0,0,0,0,0,0,0,0,0,0,0,0,0,0,0,0,0,0,0,0,0,0,0,0,1,1,2,1,1,2,2,1,1,3,4,1,5,6,8,9,5,8,17,10,11,11,13,9,13,13,21,17,16,23,10,19,20,19,21,17,17,13,28,14,18,19,14,20,20,13,22,16,14,17,15,14,10,14,10,7,10,12,6,14,6,6,7,7,5,4,6,9,5,10,5,1,2,5,1,2,1,5,1,2,1,0,1,1,0,1,1,0,0,1,0,2,1,0,0,0,0,2,0,1]
stat.node.7.util.dram_avg = 3.46986e-06
stat.node.7.walltime_s = 787.618
stat.node.7.active_time_s = 111.766
stat.node.5.cpu.0.load_issue_to_complete_count = 799
stat.node.5.cpu.0.avg_load_issue_to_complete_lat = 3913.48
stat.node.5.injector.phase_cycles = 3131134
stat.node.5.injector.request_bytes = 1030264
stat.node.5.injector.response_bytes = 249792
stat.node.5.injector.aggregate_bytes = 1280056
stat.node.5.injector.request_gbps = 6.31754
stat.node.5.injector.response_gbps = 1.53172
stat.node.5.injector.aggregate_gbps = 7.84926
stat.node.5.llc.cxl_miss = 800
stat.node.5.llc.total_miss = 800
stat.node.5.llc.avg_miss_lat = 3692.16
stat.node.5.llc.avg_cxl_lat = 3692.16
stat.node.5.llc.miss_lat_hist_bin_ns = 10
stat.node.5.llc.miss_lat_hist = [0,0,0,0,0,0,0,0,0,0,0,0,0,0,0,0,0,0,0,0,0,0,0,0,0,0,0,0,0,0,0,0,0,0,0,0,0,0,0,0,0,0,0,0,0,0,0,0,0,0,0,0,0,0,0,0,0,0,0,0,0,0,0,0,0,0,0,0,0,0,0,0,0,0,0,0,0,0,0,0,0,0,0,0,0,0,0,0,0,0,0,0,0,0,0,0,0,0,0,0,0,0,0,0,1,0,0,1,0,0,0,0,0,0,0,0,3,3,1,1,2,6,4,4,4,3,7,3,6,8,7,7,8,7,7,5,11,10,15,20,15,17,20,29,13,22,20,22,22,20,18,25,15,28,11,11,22,8,20,22,11,8,17,16,15,15,7,9,15,15,8,11,8,8,9,10,10,6,10,6,2,4,2,7,5,2,3,4,1,0,2,2,5,0,2,1,1,2,2,0,1,1,0,0,0,1,1,0,1]
stat.node.5.util.dram_avg = 3.46917e-06
stat.node.5.walltime_s = 787.681
stat.node.5.active_time_s = 95.3629
stat.node.6.cpu.0.load_issue_to_complete_count = 799
stat.node.6.cpu.0.avg_load_issue_to_complete_lat = 3912.64
stat.node.6.injector.phase_cycles = 3131206
stat.node.6.injector.request_bytes = 1025712
stat.node.6.injector.response_bytes = 248704
stat.node.6.injector.aggregate_bytes = 1274416
stat.node.6.injector.request_gbps = 6.28948
stat.node.6.injector.response_gbps = 1.52501
stat.node.6.injector.aggregate_gbps = 7.81449
stat.node.6.llc.cxl_miss = 800
stat.node.6.llc.total_miss = 800
stat.node.6.llc.avg_miss_lat = 3691.24
stat.node.6.llc.avg_cxl_lat = 3691.24
stat.node.6.llc.miss_lat_hist_bin_ns = 10
stat.node.6.llc.miss_lat_hist = [0,0,0,0,0,0,0,0,0,0,0,0,0,0,0,0,0,0,0,0,0,0,0,0,0,0,0,0,0,0,0,0,0,0,0,0,0,0,0,0,0,0,0,0,0,0,0,0,0,0,0,0,0,0,0,0,0,0,0,0,0,0,0,0,0,0,0,0,0,0,0,0,0,0,0,0,0,0,0,0,0,0,0,0,0,0,0,0,0,0,0,0,0,0,0,0,0,0,0,0,0,0,0,0,0,0,0,0,2,0,1,0,0,1,1,0,1,1,4,4,2,5,3,5,2,5,4,3,6,10,5,7,11,13,8,6,17,10,10,23,13,18,20,17,14,17,25,14,15,15,19,16,14,18,21,32,16,19,17,19,20,18,10,3,21,17,16,14,9,6,11,8,5,8,10,7,11,4,5,3,7,3,8,3,3,4,6,5,4,4,3,0,1,0,4,0,3,1,3,1,0,0,0,1,0,0,0,0,0,0,0,0,1]
stat.node.6.util.dram_avg = 3.45405e-06
stat.node.6.walltime_s = 789.332
stat.node.6.active_time_s = 91.8226
stat.node.3.cpu.0.load_issue_to_complete_count = 799
stat.node.3.cpu.0.avg_load_issue_to_complete_lat = 3912.38
stat.node.3.injector.phase_cycles = 3130953
stat.node.3.injector.request_bytes = 1030000
stat.node.3.injector.response_bytes = 249664
stat.node.3.injector.aggregate_bytes = 1279664
stat.node.3.injector.request_gbps = 6.31629
stat.node.3.injector.response_gbps = 1.53102
stat.node.3.injector.aggregate_gbps = 7.84731
stat.node.3.llc.cxl_miss = 800
stat.node.3.llc.total_miss = 800
stat.node.3.llc.avg_miss_lat = 3688.02
stat.node.3.llc.avg_cxl_lat = 3688.02
stat.node.3.llc.miss_lat_hist_bin_ns = 10
stat.node.3.llc.miss_lat_hist = [0,0,0,0,0,0,0,0,0,0,0,0,0,0,0,0,0,0,0,0,0,0,0,0,0,0,0,0,0,0,0,0,0,0,0,0,0,0,0,0,0,0,0,0,0,0,0,0,0,0,0,0,0,0,0,0,0,0,0,0,0,0,0,0,0,0,0,0,0,0,0,0,0,0,0,0,0,0,0,0,0,0,0,0,0,0,0,0,0,0,0,0,0,0,0,0,0,0,0,0,0,0,0,0,0,0,0,0,0,0,2,1,1,0,1,0,1,2,2,3,3,2,1,3,4,4,4,8,6,5,7,7,10,11,5,15,12,15,20,13,16,18,10,20,20,21,25,31,20,25,13,18,18,20,17,6,23,12,17,20,16,16,13,21,11,16,9,13,13,8,12,5,4,6,7,8,2,9,6,6,3,6,2,5,3,3,2,6,1,3,1,3,5,0,0,3,0,1,2,2,0,2,0,1,1,0,1,0,1,1,0,0,0,0,1,0,1,0,0,0,0,0,0,0,0,0,0,0,0,0,0,0,0,0,0,0,0,0,0,0,0,0,0,0,0,0,0,0,1]
stat.node.3.util.dram_avg = 3.44043e-06
stat.node.3.walltime_s = 790.852
stat.node.3.active_time_s = 96.6653
stat.node.4.cpu.0.load_issue_to_complete_count = 799
stat.node.4.cpu.0.avg_load_issue_to_complete_lat = 3907.16
stat.node.4.injector.phase_cycles = 3126296
stat.node.4.injector.request_bytes = 1028024
stat.node.4.injector.response_bytes = 249216
stat.node.4.injector.aggregate_bytes = 1277240
stat.node.4.injector.request_gbps = 6.31356
stat.node.4.injector.response_gbps = 1.53055
stat.node.4.injector.aggregate_gbps = 7.84411
stat.node.4.llc.cxl_miss = 800
stat.node.4.llc.total_miss = 800
stat.node.4.llc.avg_miss_lat = 3684.32
stat.node.4.llc.avg_cxl_lat = 3684.32
stat.node.4.llc.miss_lat_hist_bin_ns = 10
stat.node.4.llc.miss_lat_hist = [0,0,0,0,0,0,0,0,0,0,0,0,0,0,0,0,0,0,0,0,0,0,0,0,0,0,0,0,0,0,0,0,0,0,0,0,0,0,0,0,0,0,0,0,0,0,0,0,0,0,0,0,0,0,0,0,0,0,0,0,0,0,0,0,0,0,0,0,0,0,0,0,0,0,0,0,0,0,0,0,0,0,0,0,0,0,0,0,0,0,0,0,0,0,0,0,0,0,1,0,0,0,0,0,0,0,2,0,0,0,0,1,0,0,2,0,3,1,2,1,2,4,2,3,4,3,5,6,7,5,11,11,8,13,16,13,12,24,15,20,15,13,19,11,19,19,13,13,17,20,16,20,8,14,21,17,19,14,21,15,19,23,12,20,12,11,15,8,15,8,8,5,9,11,8,7,11,6,7,3,8,3,3,7,4,1,4,1,1,3,1,4,3,2,2,0,2,1,1,1,0,0,3,0,0,0,0,1,1,1,1,0,0,1,0,0,0,0,0,0,0,0,0,0,0,0,0,0,0,0,0,0,0,1]
stat.node.4.util.dram_avg = 3.43661e-06
stat.node.4.walltime_s = 791.331
stat.node.4.active_time_s = 87.0852
stat.pool.106.util.mem_avg = 0.16603
stat.pool.106.util.req_link_avg = 0.999928
stat.pool.106.walltime_s = 791.331
stat.pool.106.active_time_s = 3.01078
stat.pool.105.util.mem_avg = 0.166033
stat.pool.105.util.req_link_avg = 0.99993
stat.pool.105.walltime_s = 791.331
stat.pool.105.active_time_s = 2.97854
stat.pool.104.util.mem_avg = 0.16603
stat.pool.104.util.req_link_avg = 0.999928
stat.pool.104.walltime_s = 791.331
stat.pool.104.active_time_s = 2.93856
stat.pool.103.util.mem_avg = 0.166034
stat.pool.103.util.req_link_avg = 0.999929
stat.pool.103.walltime_s = 791.331
stat.pool.103.active_time_s = 3.1145
stat.pool.102.util.mem_avg = 0.166034
stat.pool.102.util.req_link_avg = 0.99993
stat.pool.102.walltime_s = 791.331
stat.pool.102.active_time_s = 3.28686
stat.pool.101.util.mem_avg = 0.166031
stat.pool.101.util.req_link_avg = 0.999929
stat.pool.101.walltime_s = 791.331
stat.pool.101.active_time_s = 3.15549
stat.pool.100.util.mem_avg = 0.166035
stat.pool.100.util.req_link_avg = 0.99993
stat.pool.100.walltime_s = 791.331
stat.pool.100.active_time_s = 3.28132
stat.switch.replicated_messages = 1944817
stat.switch.util.node_ingress_avg = 0.129074
stat.switch.util.pool_ingress_avg = 0.043191
stat.switch.bw.host_to_switch_gbps = 6.34437
stat.switch.bw.switch_to_host_gbps = 1.85755
stat.switch.bw.host_link_total_gbps = 8.20192
stat.switch.walltime_s = 791.331
stat.switch.active_time_s = 20.8126
Simulation is complete, simulated time: 2.91217 ms
