stat.node.5.cpu.0.retired = 800
stat.node.5.cpu.0.cycles = 1000000
stat.node.6.cpu.0.retired = 799
stat.node.6.cpu.0.cycles = 1000000
stat.node.7.cpu.0.retired = 800
stat.node.7.cpu.0.cycles = 1000000
stat.node.0.cpu.0.retired = 798
stat.node.0.cpu.0.cycles = 1000000
stat.node.1.cpu.0.retired = 799
stat.node.1.cpu.0.cycles = 1000000
stat.node.2.cpu.0.retired = 800
stat.node.2.cpu.0.cycles = 1000000
stat.node.3.cpu.0.retired = 799
stat.node.3.cpu.0.cycles = 1000000
stat.node.4.cpu.0.retired = 799
stat.node.4.cpu.0.cycles = 1000000
stat.node.5.cpu.0.load_issue_to_complete_count = 799
stat.node.5.cpu.0.avg_load_issue_to_complete_lat = 1011.05
stat.node.5.injector.phase_cycles = 809755
stat.node.5.injector.request_bytes = 235248
stat.node.5.injector.response_bytes = 144704
stat.node.5.injector.aggregate_bytes = 379952
stat.node.5.injector.request_gbps = 5.57794
stat.node.5.injector.response_gbps = 3.43106
stat.node.5.injector.aggregate_gbps = 9.00899
stat.node.5.llc.cxl_miss = 800
stat.node.5.llc.total_miss = 800
stat.node.5.llc.avg_miss_lat = 836.227
stat.node.5.llc.avg_cxl_lat = 836.227
stat.node.5.llc.miss_lat_hist_bin_ns = 10
stat.node.5.llc.miss_lat_hist = [0,0,0,0,0,0,0,0,0,0,0,0,0,0,0,0,0,0,0,0,0,0,0,0,0,0,3,9,23,37,70,70,57,43,42,86,134,75,47,57,33,11,1,0,2]
stat.node.5.util.dram_avg = 1.3263e-05
stat.node.5.walltime_s = 171.283
stat.node.5.active_time_s = 24.5608
stat.node.7.cpu.0.load_issue_to_complete_count = 799
stat.node.7.cpu.0.avg_load_issue_to_complete_lat = 1012.08
stat.node.7.injector.phase_cycles = 810423
stat.node.7.injector.request_bytes = 235456
stat.node.7.injector.response_bytes = 144832
stat.node.7.injector.aggregate_bytes = 380288
stat.node.7.injector.request_gbps = 5.57827
stat.node.7.injector.response_gbps = 3.43126
stat.node.7.injector.aggregate_gbps = 9.00953
stat.node.7.llc.cxl_miss = 800
stat.node.7.llc.total_miss = 800
stat.node.7.llc.avg_miss_lat = 836.83
stat.node.7.llc.avg_cxl_lat = 836.83
stat.node.7.llc.miss_lat_hist_bin_ns = 10
stat.node.7.llc.miss_lat_hist = [0,0,0,0,0,0,0,0,0,0,0,0,0,0,0,0,0,0,0,0,0,0,0,0,0,0,4,8,21,42,80,62,59,37,42,65,128,95,56,60,26,8,2,2,3]
stat.node.7.util.dram_avg = 1.32598e-05
stat.node.7.walltime_s = 171.287
stat.node.7.active_time_s = 28.233
stat.node.2.cpu.0.load_issue_to_complete_count = 799
stat.node.2.cpu.0.avg_load_issue_to_complete_lat = 1011.92
stat.node.2.injector.phase_cycles = 810448
stat.node.2.injector.request_bytes = 235456
stat.node.2.injector.response_bytes = 144832
stat.node.2.injector.aggregate_bytes = 380288
stat.node.2.injector.request_gbps = 5.57809
stat.node.2.injector.response_gbps = 3.43116
stat.node.2.injector.aggregate_gbps = 9.00925
stat.node.2.llc.cxl_miss = 800
stat.node.2.llc.total_miss = 800
stat.node.2.llc.avg_miss_lat = 836.966
stat.node.2.llc.avg_cxl_lat = 836.966
stat.node.2.llc.miss_lat_hist_bin_ns = 10
stat.node.2.llc.miss_lat_hist = [0,0,0,0,0,0,0,0,0,0,0,0,0,0,0,0,0,0,0,0,0,0,0,0,0,0,2,6,28,55,71,68,40,28,43,67,135,117,37,49,46,7,0,0,1]
stat.node.2.util.dram_avg = 1.32577e-05
stat.node.2.walltime_s = 171.325
stat.node.2.active_time_s = 26.2522
stat.node.4.cpu.0.load_issue_to_complete_count = 799
stat.node.4.cpu.0.avg_load_issue_to_complete_lat = 1011.84
stat.node.4.injector.phase_cycles = 810257
stat.node.4.injector.request_bytes = 235384
stat.node.4.injector.response_bytes = 144832
stat.node.4.injector.aggregate_bytes = 380216
stat.node.4.injector.request_gbps = 5.5777
stat.node.4.injector.response_gbps = 3.43197
stat.node.4.injector.aggregate_gbps = 9.00967
stat.node.4.llc.cxl_miss = 800
stat.node.4.llc.total_miss = 800
stat.node.4.llc.avg_miss_lat = 836.779
stat.node.4.llc.avg_cxl_lat = 836.779
stat.node.4.llc.miss_lat_hist_bin_ns = 10
stat.node.4.llc.miss_lat_hist = [0,0,0,0,0,0,0,0,0,0,0,0,0,0,0,0,0,0,0,0,0,0,0,0,0,0,0,3,33,41,85,74,42,20,42,62,152,101,36,63,41,1,0,2,2]
stat.node.4.util.dram_avg = 1.32563e-05
stat.node.4.walltime_s = 171.321
stat.node.4.active_time_s = 25.0255
stat.node.1.cpu.0.load_issue_to_complete_count = 799
stat.node.1.cpu.0.avg_load_issue_to_complete_lat = 1011.86
stat.node.1.injector.phase_cycles = 810377
stat.node.1.injector.request_bytes = 235456
stat.node.1.injector.response_bytes = 144832
stat.node.1.injector.aggregate_bytes = 380288
stat.node.1.injector.request_gbps = 5.57858
stat.node.1.injector.response_gbps = 3.43146
stat.node.1.injector.aggregate_gbps = 9.01004
stat.node.1.llc.cxl_miss = 800
stat.node.1.llc.total_miss = 800
stat.node.1.llc.avg_miss_lat = 836.768
stat.node.1.llc.avg_cxl_lat = 836.768
stat.node.1.llc.miss_lat_hist_bin_ns = 10
stat.node.1.llc.miss_lat_hist = [0,0,0,0,0,0,0,0,0,0,0,0,0,0,0,0,0,0,0,0,0,0,0,0,0,0,0,4,13,78,71,81,41,15,26,68,141,109,45,64,39,1,1,1,2]
stat.node.1.util.dram_avg = 1.32532e-05
stat.node.1.walltime_s = 171.353
stat.node.1.active_time_s = 20.4613
stat.node.6.cpu.0.load_issue_to_complete_count = 799
stat.node.6.cpu.0.avg_load_issue_to_complete_lat = 1012.65
stat.node.6.injector.phase_cycles = 810883
stat.node.6.injector.request_bytes = 235592
stat.node.6.injector.response_bytes = 144960
stat.node.6.injector.aggregate_bytes = 380552
stat.node.6.injector.request_gbps = 5.57832
stat.node.6.injector.response_gbps = 3.43235
stat.node.6.injector.aggregate_gbps = 9.01067
stat.node.6.llc.cxl_miss = 800
stat.node.6.llc.total_miss = 800
stat.node.6.llc.avg_miss_lat = 837.125
stat.node.6.llc.avg_cxl_lat = 837.125
stat.node.6.llc.miss_lat_hist_bin_ns = 10
stat.node.6.llc.miss_lat_hist = [0,0,0,0,0,0,0,0,0,0,0,0,0,0,0,0,0,0,0,0,0,0,0,0,0,0,1,3,27,50,72,88,43,29,31,60,158,83,45,50,48,8,1,2,1]
stat.node.6.util.dram_avg = 1.32511e-05
stat.node.6.walltime_s = 171.351
stat.node.6.active_time_s = 28.9564
stat.node.3.cpu.0.load_issue_to_complete_count = 799
stat.node.3.cpu.0.avg_load_issue_to_complete_lat = 1012.39
stat.node.3.injector.phase_cycles = 810700
stat.node.3.injector.request_bytes = 235528
stat.node.3.injector.response_bytes = 144896
stat.node.3.injector.aggregate_bytes = 380424
stat.node.3.injector.request_gbps = 5.57807
stat.node.3.injector.response_gbps = 3.43161
stat.node.3.injector.aggregate_gbps = 9.00967
stat.node.3.llc.cxl_miss = 800
stat.node.3.llc.total_miss = 800
stat.node.3.llc.avg_miss_lat = 837.17
stat.node.3.llc.avg_cxl_lat = 837.17
stat.node.3.llc.miss_lat_hist_bin_ns = 10
stat.node.3.llc.miss_lat_hist = [0,0,0,0,0,0,0,0,0,0,0,0,0,0,0,0,0,0,0,0,0,0,0,0,0,0,0,1,19,72,86,68,30,36,26,53,154,104,44,57,42,0,4,2,2]
stat.node.3.util.dram_avg = 1.3248e-05
stat.node.3.walltime_s = 171.359
stat.node.3.active_time_s = 21.601
stat.node.0.cpu.0.load_issue_to_complete_count = 799
stat.node.0.cpu.0.avg_load_issue_to_complete_lat = 1012.22
stat.node.0.injector.phase_cycles = 810674
stat.node.0.injector.request_bytes = 235520
stat.node.0.injector.response_bytes = 144896
stat.node.0.injector.aggregate_bytes = 380416
stat.node.0.injector.request_gbps = 5.57805
stat.node.0.injector.response_gbps = 3.43172
stat.node.0.injector.aggregate_gbps = 9.00977
stat.node.0.llc.cxl_miss = 800
stat.node.0.llc.total_miss = 800
stat.node.0.llc.avg_miss_lat = 837.356
stat.node.0.llc.avg_cxl_lat = 837.356
stat.node.0.llc.miss_lat_hist_bin_ns = 10
stat.node.0.llc.miss_lat_hist = [0,0,0,0,0,0,0,0,0,0,0,0,0,0,0,0,0,0,0,0,0,0,0,0,0,0,1,4,29,48,50,91,58,31,29,85,141,86,45,46,44,7,3,1,1]
stat.node.0.util.dram_avg = 1.32457e-05
stat.node.0.walltime_s = 171.39
stat.node.0.active_time_s = 22.7229
stat.pool.100.util.mem_avg = 0.256149
stat.pool.100.util.req_link_avg = 0.933084
stat.pool.100.walltime_s = 171.37
stat.pool.100.active_time_s = 1.01057
stat.switch.replicated_messages = 60720
stat.switch.util.node_ingress_avg = 0.116657
stat.switch.util.pool_ingress_avg = 0.763272
stat.switch.bw.host_to_switch_gbps = 5.73449
stat.switch.bw.switch_to_host_gbps = 4.68945
stat.switch.bw.host_link_total_gbps = 10.4239
stat.switch.walltime_s = 171.37
stat.switch.active_time_s = 2.97946
Simulation is complete, simulated time: 755.564 us
