stat.node.0.cpu.0.retired = 748
stat.node.0.cpu.0.cycles = 1000000
stat.node.1.cpu.0.retired = 748
stat.node.1.cpu.0.cycles = 1000000
stat.node.2.cpu.0.retired = 751
stat.node.2.cpu.0.cycles = 1000000
stat.node.3.cpu.0.retired = 747
stat.node.3.cpu.0.cycles = 1000000
stat.node.4.cpu.0.retired = 751
stat.node.4.cpu.0.cycles = 1000000
stat.node.5.cpu.0.retired = 751
stat.node.6.cpu.0.retired = 749
stat.node.6.cpu.0.cycles = 1000000
stat.node.7.cpu.0.retired = 749
stat.node.7.cpu.0.cycles = 1000000
stat.node.5.cpu.0.cycles = 1000000
stat.node.4.cpu.0.load_issue_to_complete_count = 799
stat.node.4.cpu.0.avg_load_issue_to_complete_lat = 1008.73
stat.node.4.injector.phase_cycles = 807887
stat.node.4.injector.request_bytes = 227592
stat.node.4.injector.response_bytes = 202304
stat.node.4.injector.aggregate_bytes = 429896
stat.node.4.injector.request_gbps = 5.40888
stat.node.4.injector.response_gbps = 4.8079
stat.node.4.injector.aggregate_gbps = 10.2168
stat.node.4.llc.cxl_miss = 800
stat.node.4.llc.total_miss = 800
stat.node.4.llc.avg_miss_lat = 833.291
stat.node.4.llc.avg_cxl_lat = 833.291
stat.node.4.llc.miss_lat_hist_bin_ns = 10
stat.node.4.llc.miss_lat_hist = [0,0,0,0,0,0,0,0,0,0,0,0,0,0,0,0,0,0,0,0,0,0,0,0,0,0,0,0,0,11,26,142,169,78,49,43,44,56,65,60,44,13]
stat.node.4.util.dram_avg = 1.29201e-05
stat.node.4.walltime_s = 246.144
stat.node.4.active_time_s = 25.6878
stat.node.5.cpu.0.load_issue_to_complete_count = 799
stat.node.5.cpu.0.avg_load_issue_to_complete_lat = 1009.36
stat.node.5.injector.phase_cycles = 808307
stat.node.5.injector.request_bytes = 227736
stat.node.5.injector.response_bytes = 202432
stat.node.5.injector.aggregate_bytes = 430168
stat.node.5.injector.request_gbps = 5.40949
stat.node.5.injector.response_gbps = 4.80844
stat.node.5.injector.aggregate_gbps = 10.2179
stat.node.5.llc.cxl_miss = 800
stat.node.5.llc.total_miss = 800
stat.node.5.llc.avg_miss_lat = 833.606
stat.node.5.llc.avg_cxl_lat = 833.606
stat.node.5.llc.miss_lat_hist_bin_ns = 10
stat.node.5.llc.miss_lat_hist = [0,0,0,0,0,0,0,0,0,0,0,0,0,0,0,0,0,0,0,0,0,0,0,0,0,0,0,0,0,7,17,154,164,97,52,33,26,49,85,71,41,4]
stat.node.5.util.dram_avg = 1.29101e-05
stat.node.5.walltime_s = 246.436
stat.node.5.active_time_s = 26.4221
stat.node.2.cpu.0.load_issue_to_complete_count = 799
stat.node.2.cpu.0.avg_load_issue_to_complete_lat = 1008.97
stat.node.2.injector.phase_cycles = 807982
stat.node.2.injector.request_bytes = 227664
stat.node.2.injector.response_bytes = 202304
stat.node.2.injector.aggregate_bytes = 429968
stat.node.2.injector.request_gbps = 5.40996
stat.node.2.injector.response_gbps = 4.80733
stat.node.2.injector.aggregate_gbps = 10.2173
stat.node.2.llc.cxl_miss = 800
stat.node.2.llc.total_miss = 800
stat.node.2.llc.avg_miss_lat = 833.469
stat.node.2.llc.avg_cxl_lat = 833.469
stat.node.2.llc.miss_lat_hist_bin_ns = 10
stat.node.2.llc.miss_lat_hist = [0,0,0,0,0,0,0,0,0,0,0,0,0,0,0,0,0,0,0,0,0,0,0,0,0,0,0,0,0,6,22,136,170,85,59,46,51,48,63,61,46,6,1]
stat.node.2.util.dram_avg = 1.29073e-05
stat.node.2.walltime_s = 246.44
stat.node.2.active_time_s = 25.2423
stat.node.7.cpu.0.load_issue_to_complete_count = 799
stat.node.7.cpu.0.avg_load_issue_to_complete_lat = 1007.22
stat.node.7.injector.phase_cycles = 806592
stat.node.7.injector.request_bytes = 227232
stat.node.7.injector.response_bytes = 201984
stat.node.7.injector.aggregate_bytes = 429216
stat.node.7.injector.request_gbps = 5.409
stat.node.7.injector.response_gbps = 4.808
stat.node.7.injector.aggregate_gbps = 10.217
stat.node.7.llc.cxl_miss = 800
stat.node.7.llc.total_miss = 800
stat.node.7.llc.avg_miss_lat = 831.472
stat.node.7.llc.avg_cxl_lat = 831.472
stat.node.7.llc.miss_lat_hist_bin_ns = 10
stat.node.7.llc.miss_lat_hist = [0,0,0,0,0,0,0,0,0,0,0,0,0,0,0,0,0,0,0,0,0,0,0,0,0,0,0,0,3,14,25,149,163,85,60,38,32,34,63,81,47,6]
stat.node.7.util.dram_avg = 1.29044e-05
stat.node.7.walltime_s = 246.452
stat.node.7.active_time_s = 25.3777
stat.node.6.cpu.0.load_issue_to_complete_count = 799
stat.node.6.cpu.0.avg_load_issue_to_complete_lat = 1011.44
stat.node.6.injector.phase_cycles = 809983
stat.node.6.injector.request_bytes = 228240
stat.node.6.injector.response_bytes = 202816
stat.node.6.injector.aggregate_bytes = 431056
stat.node.6.injector.request_gbps = 5.41025
stat.node.6.injector.response_gbps = 4.80759
stat.node.6.injector.aggregate_gbps = 10.2178
stat.node.6.llc.cxl_miss = 800
stat.node.6.llc.total_miss = 800
stat.node.6.llc.avg_miss_lat = 835.199
stat.node.6.llc.avg_cxl_lat = 835.199
stat.node.6.llc.miss_lat_hist_bin_ns = 10
stat.node.6.llc.miss_lat_hist = [0,0,0,0,0,0,0,0,0,0,0,0,0,0,0,0,0,0,0,0,0,0,0,0,0,0,0,0,1,8,21,143,190,97,38,18,12,38,79,91,56,8]
stat.node.6.util.dram_avg = 1.2888e-05
stat.node.6.walltime_s = 246.697
stat.node.6.active_time_s = 31.5342
stat.node.1.cpu.0.load_issue_to_complete_count = 799
stat.node.1.cpu.0.avg_load_issue_to_complete_lat = 1012
stat.node.1.injector.phase_cycles = 810413
stat.node.1.injector.request_bytes = 228312
stat.node.1.injector.response_bytes = 202944
stat.node.1.injector.aggregate_bytes = 431256
stat.node.1.injector.request_gbps = 5.40908
stat.node.1.injector.response_gbps = 4.80807
stat.node.1.injector.aggregate_gbps = 10.2172
stat.node.1.llc.cxl_miss = 800
stat.node.1.llc.total_miss = 800
stat.node.1.llc.avg_miss_lat = 836.518
stat.node.1.llc.avg_cxl_lat = 836.518
stat.node.1.llc.miss_lat_hist_bin_ns = 10
stat.node.1.llc.miss_lat_hist = [0,0,0,0,0,0,0,0,0,0,0,0,0,0,0,0,0,0,0,0,0,0,0,0,0,0,0,0,0,5,22,176,173,90,29,9,13,26,73,120,56,8]
stat.node.1.util.dram_avg = 1.28762e-05
stat.node.1.walltime_s = 246.769
stat.node.1.active_time_s = 28.4954
stat.node.0.cpu.0.load_issue_to_complete_count = 799
stat.node.0.cpu.0.avg_load_issue_to_complete_lat = 1012.33
stat.node.0.injector.phase_cycles = 810675
stat.node.0.injector.request_bytes = 228384
stat.node.0.injector.response_bytes = 203008
stat.node.0.injector.aggregate_bytes = 431392
stat.node.0.injector.request_gbps = 5.40904
stat.node.0.injector.response_gbps = 4.80803
stat.node.0.injector.aggregate_gbps = 10.2171
stat.node.0.llc.cxl_miss = 800
stat.node.0.llc.total_miss = 800
stat.node.0.llc.avg_miss_lat = 836.91
stat.node.0.llc.avg_cxl_lat = 836.91
stat.node.0.llc.miss_lat_hist_bin_ns = 10
stat.node.0.llc.miss_lat_hist = [0,0,0,0,0,0,0,0,0,0,0,0,0,0,0,0,0,0,0,0,0,0,0,0,0,0,0,0,0,7,25,142,169,103,41,26,23,36,68,100,51,8,1]
stat.node.0.util.dram_avg = 1.28726e-05
stat.node.0.walltime_s = 246.792
stat.node.0.active_time_s = 26.8461
stat.node.3.cpu.0.load_issue_to_complete_count = 799
stat.node.3.cpu.0.avg_load_issue_to_complete_lat = 1013.97
stat.node.3.injector.phase_cycles = 811995
stat.node.3.injector.request_bytes = 228744
stat.node.3.injector.response_bytes = 203328
stat.node.3.injector.aggregate_bytes = 432072
stat.node.3.injector.request_gbps = 5.40876
stat.node.3.injector.response_gbps = 4.80779
stat.node.3.injector.aggregate_gbps = 10.2165
stat.node.3.llc.cxl_miss = 800
stat.node.3.llc.total_miss = 800
stat.node.3.llc.avg_miss_lat = 837.829
stat.node.3.llc.avg_cxl_lat = 837.829
stat.node.3.llc.miss_lat_hist_bin_ns = 10
stat.node.3.llc.miss_lat_hist = [0,0,0,0,0,0,0,0,0,0,0,0,0,0,0,0,0,0,0,0,0,0,0,0,0,0,0,0,0,3,22,145,198,101,28,9,6,29,79,107,60,13]
stat.node.3.util.dram_avg = 1.2855e-05
stat.node.3.walltime_s = 247.002
stat.node.3.active_time_s = 25.8672
stat.pool.100.util.mem_avg = 0.282221
stat.pool.100.util.req_link_avg = 0.904995
stat.pool.100.walltime_s = 247.024
stat.pool.100.active_time_s = 0.94312
stat.switch.replicated_messages = 58432
stat.switch.util.node_ingress_avg = 0.113142
stat.switch.util.pool_ingress_avg = 0.981546
stat.switch.bw.host_to_switch_gbps = 5.56141
stat.switch.bw.switch_to_host_gbps = 6.03063
stat.switch.bw.host_link_total_gbps = 11.592
stat.switch.walltime_s = 247.024
stat.switch.active_time_s = 2.99398
Simulation is complete, simulated time: 778.528 us
