stat.node.0.cpu.0.retired = 753
stat.node.0.cpu.0.cycles = 1000000
stat.node.1.cpu.0.retired = 753
stat.node.1.cpu.0.cycles = 1000000
stat.node.2.cpu.0.retired = 744
stat.node.2.cpu.0.cycles = 1000000
stat.node.3.cpu.0.retired = 754
stat.node.3.cpu.0.cycles = 1000000
stat.node.4.cpu.0.retired = 744
stat.node.5.cpu.0.retired = 752
stat.node.5.cpu.0.cycles = 1000000
stat.node.6.cpu.0.retired = 752
stat.node.6.cpu.0.cycles = 1000000
stat.node.7.cpu.0.retired = 749
stat.node.7.cpu.0.cycles = 1000000
stat.node.4.cpu.0.cycles = 1000000
stat.node.3.cpu.0.load_issue_to_complete_count = 799
stat.node.3.cpu.0.avg_load_issue_to_complete_lat = 1010.58
stat.node.3.injector.phase_cycles = 809351
stat.node.3.injector.request_bytes = 232248
stat.node.3.injector.response_bytes = 983488
stat.node.3.injector.aggregate_bytes = 1215736
stat.node.3.injector.request_gbps = 5.50955
stat.node.3.injector.response_gbps = 23.331
stat.node.3.injector.aggregate_gbps = 28.8406
stat.node.3.llc.cxl_miss = 800
stat.node.3.llc.total_miss = 800
stat.node.3.llc.avg_miss_lat = 835.53
stat.node.3.llc.avg_cxl_lat = 835.53
stat.node.3.llc.miss_lat_hist_bin_ns = 10
stat.node.3.llc.miss_lat_hist = [0,0,0,0,0,0,0,0,0,0,0,0,0,0,0,0,0,0,0,0,0,0,0,0,0,0,0,0,0,0,0,4,10,109,323,278,63,13]
stat.node.3.util.dram_avg = 1.29193e-05
stat.node.3.walltime_s = 117.466
stat.node.3.active_time_s = 21.745
stat.node.1.cpu.0.load_issue_to_complete_count = 799
stat.node.1.cpu.0.avg_load_issue_to_complete_lat = 1010.5
stat.node.1.injector.phase_cycles = 809287
stat.node.1.injector.request_bytes = 232176
stat.node.1.injector.response_bytes = 983360
stat.node.1.injector.aggregate_bytes = 1215536
stat.node.1.injector.request_gbps = 5.50828
stat.node.1.injector.response_gbps = 23.3298
stat.node.1.injector.aggregate_gbps = 28.8381
stat.node.1.llc.cxl_miss = 800
stat.node.1.llc.total_miss = 800
stat.node.1.llc.avg_miss_lat = 835.435
stat.node.1.llc.avg_cxl_lat = 835.435
stat.node.1.llc.miss_lat_hist_bin_ns = 10
stat.node.1.llc.miss_lat_hist = [0,0,0,0,0,0,0,0,0,0,0,0,0,0,0,0,0,0,0,0,0,0,0,0,0,0,0,0,0,0,0,0,16,87,356,257,77,6,1]
stat.node.1.util.dram_avg = 1.29139e-05
stat.node.1.walltime_s = 117.495
stat.node.1.active_time_s = 25.1867
stat.node.0.cpu.0.load_issue_to_complete_count = 799
stat.node.0.cpu.0.avg_load_issue_to_complete_lat = 1010.65
stat.node.0.injector.phase_cycles = 809388
stat.node.0.injector.request_bytes = 232256
stat.node.0.injector.response_bytes = 983488
stat.node.0.injector.aggregate_bytes = 1215744
stat.node.0.injector.request_gbps = 5.50949
stat.node.0.injector.response_gbps = 23.3299
stat.node.0.injector.aggregate_gbps = 28.8394
stat.node.0.llc.cxl_miss = 800
stat.node.0.llc.total_miss = 800
stat.node.0.llc.avg_miss_lat = 835.658
stat.node.0.llc.avg_cxl_lat = 835.658
stat.node.0.llc.miss_lat_hist_bin_ns = 10
stat.node.0.llc.miss_lat_hist = [0,0,0,0,0,0,0,0,0,0,0,0,0,0,0,0,0,0,0,0,0,0,0,0,0,0,0,0,0,0,0,1,3,105,337,296,47,11]
stat.node.0.util.dram_avg = 1.29093e-05
stat.node.0.walltime_s = 117.525
stat.node.0.active_time_s = 25.0941
stat.node.6.cpu.0.load_issue_to_complete_count = 799
stat.node.6.cpu.0.avg_load_issue_to_complete_lat = 1011.27
stat.node.6.injector.phase_cycles = 809905
stat.node.6.injector.request_bytes = 232392
stat.node.6.injector.response_bytes = 984128
stat.node.6.injector.aggregate_bytes = 1216520
stat.node.6.injector.request_gbps = 5.5092
stat.node.6.injector.response_gbps = 23.3302
stat.node.6.injector.aggregate_gbps = 28.8394
stat.node.6.llc.cxl_miss = 800
stat.node.6.llc.total_miss = 800
stat.node.6.llc.avg_miss_lat = 836.204
stat.node.6.llc.avg_cxl_lat = 836.204
stat.node.6.llc.miss_lat_hist_bin_ns = 10
stat.node.6.llc.miss_lat_hist = [0,0,0,0,0,0,0,0,0,0,0,0,0,0,0,0,0,0,0,0,0,0,0,0,0,0,0,0,0,0,0,2,8,95,333,298,58,6]
stat.node.6.util.dram_avg = 1.29045e-05
stat.node.6.walltime_s = 117.556
stat.node.6.active_time_s = 21.8927
stat.node.5.cpu.0.load_issue_to_complete_count = 799
stat.node.5.cpu.0.avg_load_issue_to_complete_lat = 1014.56
stat.node.5.injector.phase_cycles = 812533
stat.node.5.injector.request_bytes = 233112
stat.node.5.injector.response_bytes = 987328
stat.node.5.injector.aggregate_bytes = 1220440
stat.node.5.injector.request_gbps = 5.50839
stat.node.5.injector.response_gbps = 23.3304
stat.node.5.injector.aggregate_gbps = 28.8388
stat.node.5.llc.cxl_miss = 800
stat.node.5.llc.total_miss = 800
stat.node.5.llc.avg_miss_lat = 839.445
stat.node.5.llc.avg_cxl_lat = 839.445
stat.node.5.llc.miss_lat_hist_bin_ns = 10
stat.node.5.llc.miss_lat_hist = [0,0,0,0,0,0,0,0,0,0,0,0,0,0,0,0,0,0,0,0,0,0,0,0,0,0,0,0,0,0,0,1,6,84,273,355,69,11,1]
stat.node.5.util.dram_avg = 1.28815e-05
stat.node.5.walltime_s = 117.675
stat.node.5.active_time_s = 26.2699
stat.node.7.cpu.0.load_issue_to_complete_count = 799
stat.node.7.cpu.0.avg_load_issue_to_complete_lat = 1017.42
stat.node.7.injector.phase_cycles = 814820
stat.node.7.injector.request_bytes = 233776
stat.node.7.injector.response_bytes = 990080
stat.node.7.injector.aggregate_bytes = 1223856
stat.node.7.injector.request_gbps = 5.50858
stat.node.7.injector.response_gbps = 23.3297
stat.node.7.injector.aggregate_gbps = 28.8383
stat.node.7.llc.cxl_miss = 800
stat.node.7.llc.total_miss = 800
stat.node.7.llc.avg_miss_lat = 842.258
stat.node.7.llc.avg_cxl_lat = 842.258
stat.node.7.llc.miss_lat_hist_bin_ns = 10
stat.node.7.llc.miss_lat_hist = [0,0,0,0,0,0,0,0,0,0,0,0,0,0,0,0,0,0,0,0,0,0,0,0,0,0,0,0,0,0,0,0,9,49,256,390,72,22,2]
stat.node.7.util.dram_avg = 1.28327e-05
stat.node.7.walltime_s = 117.825
stat.node.7.active_time_s = 27.4856
stat.node.4.cpu.0.load_issue_to_complete_count = 799
stat.node.4.cpu.0.avg_load_issue_to_complete_lat = 1021.95
stat.node.4.injector.phase_cycles = 818438
stat.node.4.injector.request_bytes = 234840
stat.node.4.injector.response_bytes = 994560
stat.node.4.injector.aggregate_bytes = 1229400
stat.node.4.injector.request_gbps = 5.50919
stat.node.4.injector.response_gbps = 23.3317
stat.node.4.injector.aggregate_gbps = 28.8409
stat.node.4.llc.cxl_miss = 800
stat.node.4.llc.total_miss = 800
stat.node.4.llc.avg_miss_lat = 846.678
stat.node.4.llc.avg_cxl_lat = 846.678
stat.node.4.llc.miss_lat_hist_bin_ns = 10
stat.node.4.llc.miss_lat_hist = [0,0,0,0,0,0,0,0,0,0,0,0,0,0,0,0,0,0,0,0,0,0,0,0,0,0,0,0,0,0,0,1,13,25,193,450,87,31]
stat.node.4.util.dram_avg = 1.27687e-05
stat.node.4.walltime_s = 118.204
stat.node.4.active_time_s = 24.4878
stat.node.2.cpu.0.load_issue_to_complete_count = 799
stat.node.2.cpu.0.avg_load_issue_to_complete_lat = 1022.92
stat.node.2.injector.phase_cycles = 819211
stat.node.2.injector.request_bytes = 235024
stat.node.2.injector.response_bytes = 995392
stat.node.2.injector.aggregate_bytes = 1230416
stat.node.2.injector.request_gbps = 5.5083
stat.node.2.injector.response_gbps = 23.3292
stat.node.2.injector.aggregate_gbps = 28.8375
stat.node.2.llc.cxl_miss = 800
stat.node.2.llc.total_miss = 800
stat.node.2.llc.avg_miss_lat = 847.585
stat.pool.103.util.mem_avg = 0.227296
stat.pool.103.util.req_link_avg = 0.546637
stat.pool.103.walltime_s = 118.208
stat.pool.103.active_time_s = 0.806188
stat.pool.102.util.mem_avg = 0.227297
stat.pool.102.util.req_link_avg = 0.546637
stat.pool.102.walltime_s = 118.208
stat.pool.102.active_time_s = 0.866311
stat.pool.101.util.mem_avg = 0.227297
stat.pool.101.util.req_link_avg = 0.546638
stat.pool.101.walltime_s = 118.208
stat.pool.101.active_time_s = 0.956001
stat.pool.100.util.mem_avg = 0.227298
stat.pool.100.util.req_link_avg = 0.546639
stat.pool.100.walltime_s = 118.208
stat.pool.100.active_time_s = 1.02851
stat.switch.replicated_messages = 126880
stat.switch.util.node_ingress_avg = 0.11517
stat.switch.util.pool_ingress_avg = 0.9987
stat.switch.bw.host_to_switch_gbps = 5.66105
stat.switch.bw.switch_to_host_gbps = 24.544
stat.switch.bw.host_link_total_gbps = 30.2051
stat.switch.walltime_s = 118.208
stat.switch.active_time_s = 4.16376
stat.node.2.llc.avg_cxl_lat = 847.585
stat.node.2.llc.miss_lat_hist_bin_ns = 10
stat.node.2.llc.miss_lat_hist = [0,0,0,0,0,0,0,0,0,0,0,0,0,0,0,0,0,0,0,0,0,0,0,0,0,0,0,0,0,0,0,0,6,22,166,499,85,22]
stat.node.2.util.dram_avg = 1.27675e-05
stat.node.2.walltime_s = 118.208
stat.node.2.active_time_s = 22.3572
Simulation is complete, simulated time: 783.867 us
