stat.node.3.cpu.0.retired = 884
stat.node.3.cpu.0.cycles = 1000000
stat.node.4.cpu.0.retired = 869
stat.node.4.cpu.0.cycles = 1000000
stat.node.5.cpu.0.retired = 885
stat.node.5.cpu.0.cycles = 1000000
stat.node.6.cpu.0.retired = 886
stat.node.6.cpu.0.cycles = 1000000
stat.node.7.cpu.0.retired = 867
stat.node.7.cpu.0.cycles = 1000000
stat.node.0.cpu.0.retired = 878
stat.node.0.cpu.0.cycles = 1000000
stat.node.1.cpu.0.retired = 891
stat.node.2.cpu.0.retired = 882
stat.node.2.cpu.0.cycles = 1000000
stat.node.1.cpu.0.cycles = 1000000
stat.node.1.cpu.0.load_issue_to_complete_count = 799
stat.node.1.cpu.0.avg_load_issue_to_complete_lat = 877.17
stat.node.1.injector.phase_cycles = 702715
stat.node.1.injector.request_bytes = 235672
stat.node.1.injector.response_bytes = 297728
stat.node.1.injector.aggregate_bytes = 533400
stat.node.1.injector.request_gbps = 6.43917
stat.node.1.injector.response_gbps = 8.1347
stat.node.1.injector.aggregate_gbps = 14.5739
stat.node.1.llc.cxl_miss = 800
stat.node.1.llc.total_miss = 800
stat.node.1.llc.avg_miss_lat = 704.761
stat.node.1.llc.avg_cxl_lat = 704.761
stat.node.1.llc.miss_lat_hist_bin_ns = 10
stat.node.1.llc.miss_lat_hist = [0,0,0,0,0,0,0,0,0,0,0,0,0,0,0,0,0,0,0,0,0,0,0,0,0,0,0,276,181,115,1,25,133,61,8]
stat.node.1.util.dram_avg = 1.48022e-05
stat.node.1.walltime_s = 188.911
stat.node.1.active_time_s = 25.2874
stat.node.6.cpu.0.load_issue_to_complete_count = 799
stat.node.6.cpu.0.avg_load_issue_to_complete_lat = 881.045
stat.node.6.injector.phase_cycles = 705739
stat.node.6.injector.request_bytes = 236664
stat.node.6.injector.response_bytes = 299008
stat.node.6.injector.aggregate_bytes = 535672
stat.node.6.injector.request_gbps = 6.43857
stat.node.6.injector.response_gbps = 8.13467
stat.node.6.injector.aggregate_gbps = 14.5732
stat.node.6.llc.cxl_miss = 800
stat.node.6.llc.total_miss = 800
stat.node.6.llc.avg_miss_lat = 707.7
stat.node.6.llc.avg_cxl_lat = 707.7
stat.node.6.llc.miss_lat_hist_bin_ns = 10
stat.node.6.llc.miss_lat_hist = [0,0,0,0,0,0,0,0,0,0,0,0,0,0,0,0,0,0,0,0,0,0,0,0,0,0,49,252,28,8,235,159,68,0,1]
stat.node.6.util.dram_avg = 1.47349e-05
stat.node.6.walltime_s = 189.687
stat.node.6.active_time_s = 18.4905
stat.node.3.cpu.0.load_issue_to_complete_count = 799
stat.node.3.cpu.0.avg_load_issue_to_complete_lat = 881.421
stat.node.3.injector.phase_cycles = 706089
stat.node.3.injector.request_bytes = 236816
stat.node.3.injector.response_bytes = 299136
stat.node.3.injector.aggregate_bytes = 535952
stat.node.3.injector.request_gbps = 6.43951
stat.node.3.injector.response_gbps = 8.13412
stat.node.3.injector.aggregate_gbps = 14.5736
stat.node.3.llc.cxl_miss = 800
stat.node.3.llc.total_miss = 800
stat.node.3.llc.avg_miss_lat = 708.469
stat.node.3.llc.avg_cxl_lat = 708.469
stat.node.3.llc.miss_lat_hist_bin_ns = 10
stat.node.3.llc.miss_lat_hist = [0,0,0,0,0,0,0,0,0,0,0,0,0,0,0,0,0,0,0,0,0,0,0,0,0,0,4,268,53,119,121,128,90,16,1]
stat.node.3.util.dram_avg = 1.47238e-05
stat.node.3.walltime_s = 189.91
stat.node.3.active_time_s = 24.1883
stat.node.2.cpu.0.load_issue_to_complete_count = 799
stat.node.2.cpu.0.avg_load_issue_to_complete_lat = 881.009
stat.node.2.injector.phase_cycles = 705631
stat.node.2.injector.request_bytes = 236664
stat.node.2.injector.response_bytes = 298880
stat.node.2.injector.aggregate_bytes = 535544
stat.node.2.injector.request_gbps = 6.43955
stat.node.2.injector.response_gbps = 8.13243
stat.node.2.injector.aggregate_gbps = 14.572
stat.node.2.llc.cxl_miss = 800
stat.node.2.llc.total_miss = 800
stat.node.2.llc.avg_miss_lat = 707.72
stat.node.2.llc.avg_cxl_lat = 707.72
stat.node.2.llc.miss_lat_hist_bin_ns = 10
stat.node.2.llc.miss_lat_hist = [0,0,0,0,0,0,0,0,0,0,0,0,0,0,0,0,0,0,0,0,0,0,0,0,0,0,164,224,159,17,0,0,0,42,173,21]
stat.node.2.util.dram_avg = 1.47166e-05
stat.node.2.walltime_s = 189.943
stat.node.2.active_time_s = 18.8833
stat.node.0.cpu.0.load_issue_to_complete_count = 799
stat.node.0.cpu.0.avg_load_issue_to_complete_lat = 876.919
stat.node.0.injector.phase_cycles = 702463
stat.node.0.injector.request_bytes = 235600
stat.node.0.injector.response_bytes = 297600
stat.node.0.injector.aggregate_bytes = 533200
stat.node.0.injector.request_gbps = 6.43951
stat.node.0.injector.response_gbps = 8.13412
stat.node.0.injector.aggregate_gbps = 14.5736
stat.node.0.llc.cxl_miss = 800
stat.node.0.llc.total_miss = 800
stat.node.0.llc.avg_miss_lat = 703.526
stat.node.0.llc.avg_cxl_lat = 703.526
stat.node.0.llc.miss_lat_hist_bin_ns = 10
stat.node.0.llc.miss_lat_hist = [0,0,0,0,0,0,0,0,0,0,0,0,0,0,0,0,0,0,0,0,0,0,0,0,0,0,63,261,40,102,51,205,78]
stat.node.0.util.dram_avg = 1.47093e-05
stat.node.0.walltime_s = 189.977
stat.node.0.active_time_s = 21.0938
stat.node.5.cpu.0.load_issue_to_complete_count = 799
stat.node.5.cpu.0.avg_load_issue_to_complete_lat = 888.771
stat.node.5.injector.phase_cycles = 711960
stat.node.5.injector.request_bytes = 238792
stat.node.5.injector.response_bytes = 301632
stat.node.5.injector.aggregate_bytes = 540424
stat.node.5.injector.request_gbps = 6.4397
stat.node.5.injector.response_gbps = 8.13435
stat.node.5.injector.aggregate_gbps = 14.5741
stat.node.5.llc.cxl_miss = 800
stat.node.5.llc.total_miss = 800
stat.node.5.llc.avg_miss_lat = 715.576
stat.node.5.llc.avg_cxl_lat = 715.576
stat.node.5.llc.miss_lat_hist_bin_ns = 10
stat.node.5.llc.miss_lat_hist = [0,0,0,0,0,0,0,0,0,0,0,0,0,0,0,0,0,0,0,0,0,0,0,0,0,0,60,204,65,92,115,16,173,75]
stat.node.5.util.dram_avg = 1.46818e-05
stat.node.5.walltime_s = 190.195
stat.node.5.active_time_s = 22.9214
stat.node.7.cpu.0.load_issue_to_complete_count = 799
stat.node.7.cpu.0.avg_load_issue_to_complete_lat = 888.738
stat.node.7.injector.phase_cycles = 711959
stat.node.7.injector.request_bytes = 238792
stat.node.7.injector.response_bytes = 301568
stat.node.7.injector.aggregate_bytes = 540360
stat.node.7.injector.request_gbps = 6.43971
stat.node.7.injector.response_gbps = 8.13264
stat.node.7.injector.aggregate_gbps = 14.5723
stat.node.7.llc.cxl_miss = 800
stat.node.7.llc.total_miss = 800
stat.node.7.llc.avg_miss_lat = 715.161
stat.node.7.llc.avg_cxl_lat = 715.161
stat.node.7.llc.miss_lat_hist_bin_ns = 10
stat.node.7.llc.miss_lat_hist = [0,0,0,0,0,0,0,0,0,0,0,0,0,0,0,0,0,0,0,0,0,0,0,0,0,0,72,238,72,150,7,0,30,184,47]
stat.node.7.util.dram_avg = 1.45447e-05
stat.node.7.walltime_s = 191.79
stat.node.7.active_time_s = 24.3743
stat.node.4.cpu.0.load_issue_to_complete_count = 799
stat.node.4.cpu.0.avg_load_issue_to_complete_lat = 897.432
stat.node.4.injector.phase_cycles = 718779
stat.node.4.injector.request_bytes = 241072
stat.node.4.injector.response_bytes = 304512
stat.node.4.injector.aggregate_bytes = 545584
stat.node.4.injector.request_gbps = 6.43951
stat.node.4.injector.response_gbps = 8.13411
stat.node.4.injector.aggregate_gbps = 14.5736
stat.node.4.llc.cxl_miss = 800
stat.node.4.llc.total_miss = 800
stat.node.4.llc.avg_miss_lat = 723.875
stat.node.4.llc.avg_cxl_lat = 723.875
stat.node.4.llc.miss_lat_hist_bin_ns = 10
stat.node.4.llc.miss_lat_hist = [0,0,0,0,0,0,0,0,0,0,0,0,0,0,0,0,0,0,0,0,0,0,0,0,0,0,78,154,203,72,0,0,0,119,154,20]
stat.node.4.util.dram_avg = 1.45009e-05
stat.node.4.walltime_s = 192.093
stat.node.4.active_time_s = 28.4291
stat.pool.106.util.mem_avg = 0.176604
stat.pool.106.util.req_link_avg = 0.910035
stat.pool.106.walltime_s = 192.093
stat.pool.106.active_time_s = 0.866795
stat.pool.105.util.mem_avg = 0.176604
stat.pool.105.util.req_link_avg = 0.910035
stat.pool.105.walltime_s = 192.093
stat.pool.105.active_time_s = 0.589332
stat.pool.104.util.mem_avg = 0.176604
stat.pool.104.util.req_link_avg = 0.910035
stat.pool.104.walltime_s = 192.093
stat.pool.104.active_time_s = 0.633358
stat.pool.103.util.mem_avg = 0.176605
stat.pool.103.util.req_link_avg = 0.910036
stat.pool.103.walltime_s = 192.093
stat.pool.103.active_time_s = 0.622496
stat.pool.102.util.mem_avg = 0.176605
stat.pool.102.util.req_link_avg = 0.910036
stat.pool.102.walltime_s = 192.093
stat.pool.102.active_time_s = 0.669505
stat.pool.101.util.mem_avg = 0.176605
stat.pool.101.util.req_link_avg = 0.910036
stat.pool.101.walltime_s = 192.093
stat.pool.101.active_time_s = 0.646083
stat.pool.100.util.mem_avg = 0.176605
stat.pool.100.util.req_link_avg = 0.910036
stat.pool.100.walltime_s = 192.093
stat.pool.100.active_time_s = 0.740907
stat.switch.replicated_messages = 408968
stat.switch.util.node_ingress_avg = 0.13454
stat.switch.util.pool_ingress_avg = 0.221493
stat.switch.bw.host_to_switch_gbps = 6.61323
stat.switch.bw.switch_to_host_gbps = 9.52568
stat.switch.bw.host_link_total_gbps = 16.1389
stat.switch.walltime_s = 192.093
stat.switch.active_time_s = 4.4744
Simulation is complete, simulated time: 690.163 us
