stat.node.0.cpu.0.retired = 789
stat.node.0.cpu.0.cycles = 1000000
stat.node.1.cpu.0.retired = 789
stat.node.1.cpu.0.cycles = 1000000
stat.node.2.cpu.0.retired = 788
stat.node.2.cpu.0.cycles = 1000000
stat.node.3.cpu.0.retired = 789
stat.node.3.cpu.0.cycles = 1000000
stat.node.4.cpu.0.retired = 788
stat.node.4.cpu.0.cycles = 1000000
stat.node.5.cpu.0.retired = 789
stat.node.5.cpu.0.cycles = 1000000
stat.node.6.cpu.0.retired = 790
stat.node.6.cpu.0.cycles = 1000000
stat.node.7.cpu.0.retired = 790
stat.node.7.cpu.0.cycles = 1000000
stat.node.7.cpu.0.load_issue_to_complete_count = 799
stat.node.7.cpu.0.avg_load_issue_to_complete_lat = 960.098
stat.node.7.injector.phase_cycles = 768961
stat.node.7.injector.request_bytes = 265392
stat.node.7.injector.response_bytes = 235904
stat.node.7.injector.aggregate_bytes = 501296
stat.node.7.injector.request_gbps = 6.62651
stat.node.7.injector.response_gbps = 5.89023
stat.node.7.injector.aggregate_gbps = 12.5167
stat.node.7.llc.cxl_miss = 800
stat.node.7.llc.total_miss = 800
stat.node.7.llc.avg_miss_lat = 785.832
stat.node.7.llc.avg_cxl_lat = 785.832
stat.node.7.llc.miss_lat_hist_bin_ns = 10
stat.node.7.llc.miss_lat_hist = [0,0,0,0,0,0,0,0,0,0,0,0,0,0,0,0,0,0,0,0,0,0,0,0,0,0,0,0,0,0,0,36,688,76]
stat.node.7.util.dram_avg = 1.34947e-05
stat.node.7.walltime_s = 171.793
stat.node.7.active_time_s = 25.6381
stat.node.6.cpu.0.load_issue_to_complete_count = 799
stat.node.6.cpu.0.avg_load_issue_to_complete_lat = 960.128
stat.node.6.injector.phase_cycles = 768985
stat.node.6.injector.request_bytes = 265392
stat.node.6.injector.response_bytes = 235904
stat.node.6.injector.aggregate_bytes = 501296
stat.node.6.injector.request_gbps = 6.6263
stat.node.6.injector.response_gbps = 5.89005
stat.node.6.injector.aggregate_gbps = 12.5163
stat.node.6.llc.cxl_miss = 800
stat.node.6.llc.total_miss = 800
stat.node.6.llc.avg_miss_lat = 785.862
stat.node.6.llc.avg_cxl_lat = 785.862
stat.node.6.llc.miss_lat_hist_bin_ns = 10
stat.node.6.llc.miss_lat_hist = [0,0,0,0,0,0,0,0,0,0,0,0,0,0,0,0,0,0,0,0,0,0,0,0,0,0,0,0,0,0,0,28,703,69]
stat.node.6.util.dram_avg = 1.34945e-05
stat.node.6.walltime_s = 171.794
stat.node.6.active_time_s = 24.0465
stat.node.0.cpu.0.load_issue_to_complete_count = 799
stat.node.0.cpu.0.avg_load_issue_to_complete_lat = 960.099
stat.node.0.injector.phase_cycles = 768961
stat.node.0.injector.request_bytes = 265392
stat.node.0.injector.response_bytes = 235904
stat.node.0.injector.aggregate_bytes = 501296
stat.node.0.injector.request_gbps = 6.62651
stat.node.0.injector.response_gbps = 5.89023
stat.node.5.cpu.0.load_issue_to_complete_count = 799
stat.node.0.injector.aggregate_gbps = 12.5167
stat.node.0.llc.cxl_miss = 800
stat.node.0.llc.total_miss = 800
stat.node.0.llc.avg_miss_lat = 785.831
stat.node.0.llc.avg_cxl_lat = 785.831
stat.node.0.llc.miss_lat_hist_bin_ns = 10
stat.node.0.llc.miss_lat_hist = [0,0,0,0,0,0,0,0,0,0,0,0,0,0,0,0,0,0,0,0,0,0,0,0,0,0,0,0,0,0,0,0,760,40]
stat.node.0.util.dram_avg = 1.34899e-05
stat.node.0.walltime_s = 171.807
stat.node.0.active_time_s = 22.9098
stat.node.5.cpu.0.avg_load_issue_to_complete_lat = 960.099
stat.node.5.injector.phase_cycles = 768961
stat.node.5.injector.request_bytes = 265392
stat.node.5.injector.response_bytes = 235904
stat.node.5.injector.aggregate_bytes = 501296
stat.node.5.injector.request_gbps = 6.62651
stat.node.5.injector.response_gbps = 5.89023
stat.node.5.injector.aggregate_gbps = 12.5167
stat.node.5.llc.cxl_miss = 800
stat.node.5.llc.total_miss = 800
stat.node.5.llc.avg_miss_lat = 785.831
stat.node.5.llc.avg_cxl_lat = 785.831
stat.node.5.llc.miss_lat_hist_bin_ns = 10
stat.node.5.llc.miss_lat_hist = [0,0,0,0,0,0,0,0,0,0,0,0,0,0,0,0,0,0,0,0,0,0,0,0,0,0,0,0,0,0,0,0,760,40]
stat.node.5.util.dram_avg = 1.34899e-05
stat.node.5.walltime_s = 171.808
stat.node.5.active_time_s = 26.1709
stat.node.1.cpu.0.load_issue_to_complete_count = 799
stat.node.1.cpu.0.avg_load_issue_to_complete_lat = 960.068
stat.node.1.injector.phase_cycles = 768961
stat.node.1.injector.request_bytes = 265392
stat.node.1.injector.response_bytes = 235904
stat.node.1.injector.aggregate_bytes = 501296
stat.node.1.injector.request_gbps = 6.62651
stat.node.1.injector.response_gbps = 5.89023
stat.node.1.injector.aggregate_gbps = 12.5167
stat.node.1.llc.cxl_miss = 800
stat.node.1.llc.total_miss = 800
stat.node.1.llc.avg_miss_lat = 785.926
stat.node.1.llc.avg_cxl_lat = 785.926
stat.node.1.llc.miss_lat_hist_bin_ns = 10
stat.node.1.llc.miss_lat_hist = [0,0,0,0,0,0,0,0,0,0,0,0,0,0,0,0,0,0,0,0,0,0,0,0,0,0,0,0,0,0,0,118,524,155,3]
stat.node.1.util.dram_avg = 1.34883e-05
stat.node.1.walltime_s = 171.825
stat.node.1.active_time_s = 22.0297
stat.node.3.cpu.0.load_issue_to_complete_count = 799
stat.node.3.cpu.0.avg_load_issue_to_complete_lat = 960.098
stat.node.3.injector.phase_cycles = 768985
stat.node.3.injector.request_bytes = 265392
stat.node.3.injector.response_bytes = 235904
stat.node.3.injector.aggregate_bytes = 501296
stat.node.3.injector.request_gbps = 6.6263
stat.node.3.injector.response_gbps = 5.89005
stat.node.3.injector.aggregate_gbps = 12.5163
stat.node.3.llc.cxl_miss = 800
stat.node.3.llc.total_miss = 800
stat.node.3.llc.avg_miss_lat = 785.929
stat.node.3.llc.avg_cxl_lat = 785.929
stat.node.3.llc.miss_lat_hist_bin_ns = 10
stat.node.3.llc.miss_lat_hist = [0,0,0,0,0,0,0,0,0,0,0,0,0,0,0,0,0,0,0,0,0,0,0,0,0,0,0,0,0,0,0,122,516,159,3]
stat.node.3.util.dram_avg = 1.34882e-05
stat.node.3.walltime_s = 171.826
stat.node.3.active_time_s = 21.8743
stat.node.2.cpu.0.load_issue_to_complete_count = 799
stat.node.4.cpu.0.load_issue_to_complete_count = 799
stat.node.4.cpu.0.avg_load_issue_to_complete_lat = 960.099
stat.node.4.injector.phase_cycles = 768961
stat.node.4.injector.request_bytes = 265320
stat.node.4.injector.response_bytes = 235904
stat.node.4.injector.aggregate_bytes = 501224
stat.node.4.injector.request_gbps = 6.62471
stat.node.4.injector.response_gbps = 5.89023
stat.node.4.injector.aggregate_gbps = 12.5149
stat.node.4.llc.cxl_miss = 800
stat.node.4.llc.total_miss = 800
stat.node.4.llc.avg_miss_lat = 785.839
stat.node.4.llc.avg_cxl_lat = 785.839
stat.node.4.llc.miss_lat_hist_bin_ns = 10
stat.node.4.llc.miss_lat_hist = [0,0,0,0,0,0,0,0,0,0,0,0,0,0,0,0,0,0,0,0,0,0,0,0,0,0,0,0,0,0,0,18,724,58]
stat.node.4.util.dram_avg = 1.3482e-05
stat.node.4.walltime_s = 171.854
stat.node.4.active_time_s = 29.4016
stat.node.2.cpu.0.avg_load_issue_to_complete_lat = 960.099
stat.node.2.injector.phase_cycles = 768961
stat.node.2.injector.request_bytes = 265392
stat.node.2.injector.response_bytes = 235904
stat.node.2.injector.aggregate_bytes = 501296
stat.node.2.injector.request_gbps = 6.62651
stat.node.2.injector.response_gbps = 5.89023
stat.node.2.injector.aggregate_gbps = 12.5167
stat.pool.103.util.mem_avg = 0.200019
stat.pool.103.util.req_link_avg = 0.994906
stat.pool.103.walltime_s = 171.855
stat.pool.103.active_time_s = 0.660684
stat.pool.102.util.mem_avg = 0.200019
stat.pool.102.util.req_link_avg = 0.994906
stat.pool.102.walltime_s = 171.855
stat.pool.102.active_time_s = 0.701488
stat.pool.101.util.mem_avg = 0.20002
stat.pool.101.util.req_link_avg = 0.994906
stat.pool.101.walltime_s = 171.855
stat.pool.101.active_time_s = 0.759886
stat.pool.100.util.mem_avg = 0.20002
stat.pool.100.util.req_link_avg = 0.994906
stat.pool.100.walltime_s = 171.855
stat.pool.100.active_time_s = 0.844668
stat.switch.replicated_messages = 273024
stat.switch.util.node_ingress_avg = 0.138056
stat.switch.util.pool_ingress_avg = 0.291745
stat.switch.bw.host_to_switch_gbps = 6.78656
stat.switch.bw.switch_to_host_gbps = 7.16976
stat.switch.bw.host_link_total_gbps = 13.9563
stat.switch.walltime_s = 171.855
stat.switch.active_time_s = 3.55415
stat.node.2.llc.cxl_miss = 800
stat.node.2.llc.total_miss = 800
stat.node.2.llc.avg_miss_lat = 785.841
stat.node.2.llc.avg_cxl_lat = 785.841
stat.node.2.llc.miss_lat_hist_bin_ns = 10
stat.node.2.llc.miss_lat_hist = [0,0,0,0,0,0,0,0,0,0,0,0,0,0,0,0,0,0,0,0,0,0,0,0,0,0,0,0,0,0,0,18,724,58]
stat.node.2.util.dram_avg = 1.3482e-05
stat.node.2.walltime_s = 171.854
stat.node.2.active_time_s = 21.763
Simulation is complete, simulated time: 742.321 us
