stat.node.1.cpu.0.retired = 853
stat.node.1.cpu.0.cycles = 1000000
stat.node.2.cpu.0.retired = 853
stat.node.2.cpu.0.cycles = 1000000
stat.node.3.cpu.0.retired = 853
stat.node.3.cpu.0.cycles = 1000000
stat.node.4.cpu.0.retired = 853
stat.node.4.cpu.0.cycles = 1000000
stat.node.5.cpu.0.retired = 853
stat.node.5.cpu.0.cycles = 1000000
stat.node.6.cpu.0.retired = 853
stat.node.7.cpu.0.retired = 853
stat.node.7.cpu.0.cycles = 1000000
stat.node.0.cpu.0.retired = 853
stat.node.0.cpu.0.cycles = 1000000
stat.node.6.cpu.0.cycles = 1000000
stat.node.3.cpu.0.load_issue_to_complete_count = 799
stat.node.3.cpu.0.avg_load_issue_to_complete_lat = 896.658
stat.node.3.injector.phase_cycles = 718229
stat.node.3.injector.request_bytes = 218352
stat.node.3.injector.response_bytes = 275776
stat.node.3.injector.aggregate_bytes = 494128
stat.node.3.injector.request_gbps = 5.83708
stat.node.3.injector.response_gbps = 7.37216
stat.node.3.injector.aggregate_gbps = 13.2092
stat.node.0.cpu.0.load_issue_to_complete_count = 799
stat.node.0.cpu.0.avg_load_issue_to_complete_lat = 896.658
stat.node.0.injector.phase_cycles = 718229
stat.node.0.injector.request_bytes = 218352
stat.node.0.injector.response_bytes = 275776
stat.node.0.injector.aggregate_bytes = 494128
stat.node.0.injector.request_gbps = 5.83708
stat.node.0.injector.response_gbps = 7.37216
stat.node.0.injector.aggregate_gbps = 13.2092
stat.node.0.llc.cxl_miss = 800
stat.node.0.llc.total_miss = 800
stat.node.0.llc.avg_miss_lat = 723.869
stat.node.0.llc.avg_cxl_lat = 723.869
stat.node.0.llc.miss_lat_hist_bin_ns = 10
stat.node.3.llc.cxl_miss = 800
stat.node.3.llc.total_miss = 800
stat.node.3.llc.avg_miss_lat = 723.9
stat.node.3.llc.avg_cxl_lat = 723.9
stat.node.3.llc.miss_lat_hist_bin_ns = 10
stat.node.3.llc.miss_lat_hist = [0,0,0,0,0,0,0,0,0,0,0,0,0,0,0,0,0,0,0,0,0,0,0,0,0,0,0,0,111,141,223,325]
stat.node.3.util.dram_avg = 1.43811e-05
stat.node.3.walltime_s = 239.27
stat.node.3.active_time_s = 23.0719
stat.node.0.llc.miss_lat_hist = [0,0,0,0,0,0,0,0,0,0,0,0,0,0,0,0,0,0,0,0,0,0,0,0,0,0,0,0,181,2,263,354]
stat.node.0.util.dram_avg = 1.43811e-05
stat.node.0.walltime_s = 239.27
stat.node.0.active_time_s = 24.3614
stat.node.5.cpu.0.load_issue_to_complete_count = 799
stat.node.1.cpu.0.load_issue_to_complete_count = 799
stat.node.1.cpu.0.avg_load_issue_to_complete_lat = 896.69
stat.node.1.injector.phase_cycles = 718254
stat.node.1.injector.request_bytes = 218352
stat.node.1.injector.response_bytes = 275840
stat.node.1.injector.aggregate_bytes = 494192
stat.node.1.injector.request_gbps = 5.83687
stat.node.1.injector.response_gbps = 7.37361
stat.node.1.injector.aggregate_gbps = 13.2105
stat.node.1.llc.cxl_miss = 800
stat.node.5.cpu.0.avg_load_issue_to_complete_lat = 896.658
stat.node.5.injector.phase_cycles = 718229
stat.node.5.injector.request_bytes = 218352
stat.node.5.injector.response_bytes = 275776
stat.node.5.injector.aggregate_bytes = 494128
stat.node.5.injector.request_gbps = 5.83708
stat.node.5.injector.response_gbps = 7.37216
stat.node.5.injector.aggregate_gbps = 13.2092
stat.node.1.llc.total_miss = 800
stat.node.1.llc.avg_miss_lat = 723.65
stat.node.1.llc.avg_cxl_lat = 723.65
stat.node.1.llc.miss_lat_hist_bin_ns = 10
stat.node.1.llc.miss_lat_hist = [0,0,0,0,0,0,0,0,0,0,0,0,0,0,0,0,0,0,0,0,0,0,0,0,0,0,0,0,89,185,219,307]
stat.node.1.util.dram_avg = 1.43809e-05
stat.node.5.llc.cxl_miss = 800
stat.node.5.llc.total_miss = 800
stat.node.5.llc.avg_miss_lat = 723.775
stat.node.5.llc.avg_cxl_lat = 723.775
stat.node.1.walltime_s = 239.271
stat.node.1.active_time_s = 21.0093
stat.node.5.llc.miss_lat_hist_bin_ns = 10
stat.node.5.llc.miss_lat_hist = [0,0,0,0,0,0,0,0,0,0,0,0,0,0,0,0,0,0,0,0,0,0,0,0,0,0,0,0,46,271,195,288]
stat.node.5.util.dram_avg = 1.43809e-05
stat.node.5.walltime_s = 239.271
stat.node.5.active_time_s = 22.6633
stat.node.7.cpu.0.load_issue_to_complete_count = 799
stat.node.2.cpu.0.load_issue_to_complete_count = 799
stat.node.2.cpu.0.avg_load_issue_to_complete_lat = 896.69
stat.node.2.injector.phase_cycles = 718254
stat.node.2.injector.request_bytes = 218352
stat.node.2.injector.response_bytes = 275776
stat.node.2.injector.aggregate_bytes = 494128
stat.node.2.injector.request_gbps = 5.83687
stat.node.2.injector.response_gbps = 7.3719
stat.node.2.injector.aggregate_gbps = 13.2088
stat.node.2.llc.cxl_miss = 800
stat.node.2.llc.total_miss = 800
stat.node.2.llc.avg_miss_lat = 723.65
stat.node.2.llc.avg_cxl_lat = 723.65
stat.node.2.llc.miss_lat_hist_bin_ns = 10
stat.node.2.llc.miss_lat_hist = [0,0,0,0,0,0,0,0,0,0,0,0,0,0,0,0,0,0,0,0,0,0,0,0,0,0,0,0,43,288,209,256,4]
stat.node.6.cpu.0.load_issue_to_complete_count = 799
stat.node.6.cpu.0.avg_load_issue_to_complete_lat = 896.69
stat.node.6.injector.phase_cycles = 718254
stat.node.6.injector.request_bytes = 218352
stat.node.6.injector.response_bytes = 275840
stat.node.6.injector.aggregate_bytes = 494192
stat.node.6.injector.request_gbps = 5.83687
stat.node.2.util.dram_avg = 1.43807e-05
stat.node.2.walltime_s = 239.271
stat.node.2.active_time_s = 29.2087
stat.node.6.injector.response_gbps = 7.37361
stat.node.6.injector.aggregate_gbps = 13.2105
stat.node.6.llc.cxl_miss = 800
stat.node.6.llc.total_miss = 800
stat.node.6.llc.avg_miss_lat = 723.869
stat.node.6.llc.avg_cxl_lat = 723.869
stat.node.6.llc.miss_lat_hist_bin_ns = 10
stat.node.6.llc.miss_lat_hist = [0,0,0,0,0,0,0,0,0,0,0,0,0,0,0,0,0,0,0,0,0,0,0,0,0,0,0,0,34,297,173,293,3]
stat.node.6.util.dram_avg = 1.43807e-05
stat.node.6.walltime_s = 239.256
stat.node.6.active_time_s = 24.8037
stat.node.7.cpu.0.avg_load_issue_to_complete_lat = 896.69
stat.node.7.injector.phase_cycles = 718254
stat.node.7.injector.request_bytes = 218352
stat.node.7.injector.response_bytes = 275840
stat.node.7.injector.aggregate_bytes = 494192
stat.node.7.injector.request_gbps = 5.83687
stat.node.7.injector.response_gbps = 7.37361
stat.node.7.injector.aggregate_gbps = 13.2105
stat.node.7.llc.cxl_miss = 800
stat.node.7.llc.total_miss = 800
stat.node.7.llc.avg_miss_lat = 723.681
stat.node.7.llc.avg_cxl_lat = 723.681
stat.node.7.llc.miss_lat_hist_bin_ns = 10
stat.node.7.llc.miss_lat_hist = [0,0,0,0,0,0,0,0,0,0,0,0,0,0,0,0,0,0,0,0,0,0,0,0,0,0,0,0,16,330,181,273]
stat.node.7.util.dram_avg = 1.43807e-05
stat.node.7.walltime_s = 239.272
stat.node.7.active_time_s = 23.363
stat.node.4.cpu.0.load_issue_to_complete_count = 799
stat.node.4.cpu.0.avg_load_issue_to_complete_lat = 896.752
stat.node.4.injector.phase_cycles = 718304
stat.node.4.injector.request_bytes = 218352
stat.node.4.injector.response_bytes = 275904
stat.node.4.injector.aggregate_bytes = 494256
stat.node.4.injector.request_gbps = 5.83647
stat.node.4.injector.response_gbps = 7.37481
stat.node.4.injector.aggregate_gbps = 13.2113
stat.node.4.llc.cxl_miss = 800
stat.node.4.llc.total_miss = 800
stat.node.4.llc.avg_miss_lat = 723.525
stat.node.4.llc.avg_cxl_lat = 723.525
stat.node.4.llc.miss_lat_hist_bin_ns = 10
stat.node.4.llc.miss_lat_hist = [0,0,0,0,0,0,0,0,0,0,0,0,0,0,0,0,0,0,0,0,0,0,0,0,0,0,0,0,106,193,215,263,23]
stat.node.4.util.dram_avg = 1.43805e-05
stat.node.4.walltime_s = 239.316
stat.node.4.active_time_s = 23.2501
stat.pool.105.util.mem_avg = 0.16587
stat.pool.105.util.req_link_avg = 0.829384
stat.pool.105.walltime_s = 239.396
stat.pool.105.active_time_s = 0.667458
stat.pool.104.util.mem_avg = 0.16587
stat.pool.104.util.req_link_avg = 0.829384
stat.pool.104.walltime_s = 239.396
stat.pool.104.active_time_s = 0.612877
stat.pool.103.util.mem_avg = 0.16587
stat.pool.103.util.req_link_avg = 0.829384
stat.pool.103.walltime_s = 239.396
stat.pool.103.active_time_s = 0.66304
stat.pool.102.util.mem_avg = 0.16587
stat.pool.102.util.req_link_avg = 0.829384
stat.pool.102.walltime_s = 239.396
stat.pool.102.active_time_s = 0.581779
stat.pool.101.util.mem_avg = 0.165871
stat.pool.101.util.req_link_avg = 0.829386
stat.pool.101.walltime_s = 239.396
stat.pool.101.active_time_s = 0.653265
stat.pool.100.util.mem_avg = 0.165872
stat.pool.100.util.req_link_avg = 0.829386
stat.pool.100.walltime_s = 239.396
stat.pool.100.active_time_s = 0.720373
stat.switch.replicated_messages = 320400
stat.switch.util.node_ingress_avg = 0.122206
stat.switch.util.pool_ingress_avg = 0.236987
stat.switch.bw.host_to_switch_gbps = 6.00708
stat.switch.bw.switch_to_host_gbps = 8.73596
stat.switch.bw.host_link_total_gbps = 14.743
stat.switch.walltime_s = 239.396
stat.switch.active_time_s = 3.75001
Simulation is complete, simulated time: 695.944 us
