stat.node.0.cpu.0.retired = 808
stat.node.0.cpu.0.cycles = 1000000
stat.node.1.cpu.0.retired = 810
stat.node.1.cpu.0.cycles = 1000000
stat.node.2.cpu.0.retired = 779
stat.node.2.cpu.0.cycles = 1000000
stat.node.3.cpu.0.retired = 813
stat.node.3.cpu.0.cycles = 1000000
stat.node.4.cpu.0.retired = 776
stat.node.4.cpu.0.cycles = 1000000
stat.node.5.cpu.0.retired = 809
stat.node.6.cpu.0.retired = 811
stat.node.6.cpu.0.cycles = 1000000
stat.node.7.cpu.0.retired = 806
stat.node.7.cpu.0.cycles = 1000000
stat.node.5.cpu.0.cycles = 1000000
stat.node.3.cpu.0.load_issue_to_complete_count = 799
stat.node.3.cpu.0.avg_load_issue_to_complete_lat = 944.856
stat.node.3.injector.phase_cycles = 756771
stat.node.3.injector.request_bytes = 266608
stat.node.3.injector.response_bytes = 336768
stat.node.3.injector.aggregate_bytes = 603376
stat.node.3.injector.request_gbps = 6.7641
stat.node.3.injector.response_gbps = 8.54412
stat.node.3.injector.aggregate_gbps = 15.3082
stat.node.3.llc.cxl_miss = 800
stat.node.3.llc.total_miss = 800
stat.node.3.llc.avg_miss_lat = 770.65
stat.node.3.llc.avg_cxl_lat = 770.65
stat.node.3.llc.miss_lat_hist_bin_ns = 10
stat.node.3.llc.miss_lat_hist = [0,0,0,0,0,0,0,0,0,0,0,0,0,0,0,0,0,0,0,0,0,0,0,0,0,0,0,0,7,89,115,122,227,200,39,1]
stat.node.3.util.dram_avg = 1.37633e-05
stat.node.3.walltime_s = 225.843
stat.node.3.active_time_s = 26.5414
stat.node.6.cpu.0.load_issue_to_complete_count = 799
stat.node.6.cpu.0.avg_load_issue_to_complete_lat = 945.1
stat.node.6.injector.phase_cycles = 756963
stat.node.6.injector.request_bytes = 266688
stat.node.6.injector.response_bytes = 336832
stat.node.6.injector.aggregate_bytes = 603520
stat.node.6.injector.request_gbps = 6.76441
stat.node.6.injector.response_gbps = 8.54358
stat.node.6.injector.aggregate_gbps = 15.308
stat.node.6.llc.cxl_miss = 800
stat.node.6.llc.total_miss = 800
stat.node.6.llc.avg_miss_lat = 771.075
stat.node.6.llc.avg_cxl_lat = 771.075
stat.node.6.llc.miss_lat_hist_bin_ns = 10
stat.node.6.llc.miss_lat_hist = [0,0,0,0,0,0,0,0,0,0,0,0,0,0,0,0,0,0,0,0,0,0,0,0,0,0,0,0,0,50,123,194,213,195,25]
stat.node.6.util.dram_avg = 1.37448e-05
stat.node.6.walltime_s = 225.962
stat.node.6.active_time_s = 23.6465
stat.node.1.cpu.0.load_issue_to_complete_count = 799
stat.node.1.cpu.0.avg_load_issue_to_complete_lat = 946.869
stat.node.1.injector.phase_cycles = 758447
stat.node.1.injector.request_bytes = 267144
stat.node.1.injector.response_bytes = 337472
stat.node.1.injector.aggregate_bytes = 604616
stat.node.1.injector.request_gbps = 6.76272
stat.node.1.injector.response_gbps = 8.54307
stat.node.1.injector.aggregate_gbps = 15.3058
stat.node.1.llc.cxl_miss = 800
stat.node.1.llc.total_miss = 800
stat.node.1.llc.avg_miss_lat = 773.038
stat.node.1.llc.avg_cxl_lat = 773.038
stat.node.1.llc.miss_lat_hist_bin_ns = 10
stat.node.1.llc.miss_lat_hist = [0,0,0,0,0,0,0,0,0,0,0,0,0,0,0,0,0,0,0,0,0,0,0,0,0,0,0,0,8,87,100,138,184,225,51,7]
stat.node.1.util.dram_avg = 1.37348e-05
stat.node.1.walltime_s = 226.02
stat.node.1.active_time_s = 21.4296
stat.node.0.cpu.0.load_issue_to_complete_count = 799
stat.node.0.cpu.0.avg_load_issue_to_complete_lat = 946.085
stat.node.0.injector.phase_cycles = 757756
stat.node.0.injector.request_bytes = 266920
stat.node.0.injector.response_bytes = 337216
stat.node.0.injector.aggregate_bytes = 604136
stat.node.0.injector.request_gbps = 6.76321
stat.node.0.injector.response_gbps = 8.54437
stat.node.0.injector.aggregate_gbps = 15.3076
stat.node.0.llc.cxl_miss = 800
stat.node.0.llc.total_miss = 800
stat.node.0.llc.avg_miss_lat = 771.83
stat.node.0.llc.avg_cxl_lat = 771.83
stat.node.0.llc.miss_lat_hist_bin_ns = 10
stat.node.0.llc.miss_lat_hist = [0,0,0,0,0,0,0,0,0,0,0,0,0,0,0,0,0,0,0,0,0,0,0,0,0,0,0,0,1,25,163,156,228,198,29]
stat.node.0.util.dram_avg = 1.37181e-05
stat.node.0.walltime_s = 226.162
stat.node.0.active_time_s = 25.254
stat.node.5.cpu.0.load_issue_to_complete_count = 799
stat.node.5.cpu.0.avg_load_issue_to_complete_lat = 948.078
stat.node.5.injector.phase_cycles = 759301
stat.node.5.injector.request_bytes = 267520
stat.node.5.injector.response_bytes = 337920
stat.node.5.injector.aggregate_bytes = 605440
stat.node.5.injector.request_gbps = 6.76462
stat.node.5.injector.response_gbps = 8.54479
stat.node.5.injector.aggregate_gbps = 15.3094
stat.node.5.llc.cxl_miss = 800
stat.node.5.llc.total_miss = 800
stat.node.5.llc.avg_miss_lat = 773.954
stat.node.5.llc.avg_cxl_lat = 773.954
stat.node.5.llc.miss_lat_hist_bin_ns = 10
stat.node.5.llc.miss_lat_hist = [0,0,0,0,0,0,0,0,0,0,0,0,0,0,0,0,0,0,0,0,0,0,0,0,0,0,0,0,11,56,100,135,200,275,23]
stat.node.5.util.dram_avg = 1.37137e-05
stat.node.5.walltime_s = 226.253
stat.node.5.active_time_s = 24.511
stat.node.7.cpu.0.load_issue_to_complete_count = 799
stat.node.7.cpu.0.avg_load_issue_to_complete_lat = 953.265
stat.node.7.injector.phase_cycles = 763530
stat.node.7.injector.request_bytes = 269032
stat.node.7.injector.response_bytes = 339776
stat.node.7.injector.aggregate_bytes = 608808
stat.node.7.injector.request_gbps = 6.76518
stat.node.7.injector.response_gbps = 8.54413
stat.node.7.injector.aggregate_gbps = 15.3093
stat.node.7.llc.cxl_miss = 800
stat.node.7.llc.total_miss = 800
stat.node.7.llc.avg_miss_lat = 779.409
stat.node.7.llc.avg_cxl_lat = 779.409
stat.node.7.llc.miss_lat_hist_bin_ns = 10
stat.node.7.llc.miss_lat_hist = [0,0,0,0,0,0,0,0,0,0,0,0,0,0,0,0,0,0,0,0,0,0,0,0,0,0,0,1,20,91,48,42,215,324,59]
stat.node.7.util.dram_avg = 1.36617e-05
stat.node.7.walltime_s = 226.698
stat.node.7.active_time_s = 24.8153
stat.node.2.cpu.0.load_issue_to_complete_count = 799
stat.node.2.cpu.0.avg_load_issue_to_complete_lat = 990.427
stat.node.2.injector.phase_cycles = 793200
stat.node.2.injector.request_bytes = 279384
stat.node.2.injector.response_bytes = 352960
stat.node.2.injector.aggregate_bytes = 632344
stat.node.2.injector.request_gbps = 6.7627
stat.node.2.injector.response_gbps = 8.54366
stat.node.2.injector.aggregate_gbps = 15.3064
stat.node.2.llc.cxl_miss = 800
stat.node.2.llc.total_miss = 800
stat.node.2.llc.avg_miss_lat = 815.645
stat.node.2.llc.avg_cxl_lat = 815.645
stat.node.2.llc.miss_lat_hist_bin_ns = 10
stat.node.2.llc.miss_lat_hist = [0,0,0,0,0,0,0,0,0,0,0,0,0,0,0,0,0,0,0,0,0,0,0,0,0,0,0,0,1,7,5,0,94,361,190,142]
stat.node.2.util.dram_avg = 1.32301e-05
stat.node.2.walltime_s = 229.806
stat.node.2.active_time_s = 24.5013
stat.node.4.cpu.0.load_issue_to_complete_count = 799
stat.node.4.cpu.0.avg_load_issue_to_complete_lat = 990.427
stat.node.4.injector.phase_cycles = 793200
stat.node.4.injector.request_bytes = 279456
stat.pool.102.util.mem_avg = 0.233653
stat.node.4.injector.response_bytes = 352960
stat.node.4.injector.aggregate_bytes = 632416
stat.node.4.injector.request_gbps = 6.76444
stat.node.4.injector.response_gbps = 8.54366
stat.node.4.injector.aggregate_gbps = 15.3081
stat.node.4.llc.cxl_miss = 800
stat.node.4.llc.total_miss = 800
stat.node.4.llc.avg_miss_lat = 815.699
stat.node.4.llc.avg_cxl_lat = 815.699
stat.node.4.llc.miss_lat_hist_bin_ns = 10
stat.node.4.llc.miss_lat_hist = [0,0,0,0,0,0,0,0,0,0,0,0,0,0,0,0,0,0,0,0,0,0,0,0,0,0,0,0,1,6,2,3,112,378,127,166,5]
stat.node.4.util.dram_avg = 1.32081e-05
stat.node.4.walltime_s = 229.866
stat.node.4.active_time_s = 27.4973
stat.pool.102.util.req_link_avg = 0.993546
stat.pool.102.walltime_s = 229.866
stat.pool.102.active_time_s = 0.701614
stat.pool.101.util.mem_avg = 0.233653
stat.pool.101.util.req_link_avg = 0.993546
stat.pool.101.walltime_s = 229.866
stat.pool.101.active_time_s = 0.747256
stat.pool.100.util.mem_avg = 0.233654
stat.pool.100.util.req_link_avg = 0.993546
stat.pool.100.walltime_s = 229.866
stat.pool.100.active_time_s = 0.866095
stat.switch.replicated_messages = 202128
stat.switch.util.node_ingress_avg = 0.140886
stat.switch.util.pool_ingress_avg = 0.533521
stat.switch.bw.host_to_switch_gbps = 6.9251
stat.switch.bw.switch_to_host_gbps = 9.83377
stat.switch.bw.host_link_total_gbps = 16.7589
stat.switch.walltime_s = 229.866
stat.switch.active_time_s = 3.32682
Simulation is complete, simulated time: 757.715 us
