stat.node.6.cpu.0.retired = 761
stat.node.6.cpu.0.cycles = 1000000
stat.node.7.cpu.0.retired = 759
stat.node.7.cpu.0.cycles = 1000000
stat.node.0.cpu.0.retired = 760
stat.node.0.cpu.0.cycles = 1000000
stat.node.1.cpu.0.retired = 760
stat.node.1.cpu.0.cycles = 1000000
stat.node.2.cpu.0.retired = 755
stat.node.2.cpu.0.cycles = 1000000
stat.node.3.cpu.0.retired = 760
stat.node.3.cpu.0.cycles = 1000000
stat.node.4.cpu.0.retired = 755
stat.node.4.cpu.0.cycles = 1000000
stat.node.5.cpu.0.retired = 760
stat.node.5.cpu.0.cycles = 1000000
stat.node.6.cpu.0.load_issue_to_complete_count = 799
stat.node.6.cpu.0.avg_load_issue_to_complete_lat = 991.753
stat.node.6.injector.phase_cycles = 794281
stat.node.6.injector.request_bytes = 346984
stat.node.6.injector.response_bytes = 1469760
stat.node.6.injector.aggregate_bytes = 1816744
stat.node.6.injector.request_gbps = 8.38758
stat.node.6.injector.response_gbps = 35.5282
stat.node.6.injector.aggregate_gbps = 43.9158
stat.node.6.llc.cxl_miss = 800
stat.node.6.llc.total_miss = 800
stat.node.6.llc.avg_miss_lat = 816.97
stat.node.6.llc.avg_cxl_lat = 816.97
stat.node.6.llc.miss_lat_hist_bin_ns = 10
stat.node.6.llc.miss_lat_hist = [0,0,0,0,0,0,0,0,0,0,0,0,0,0,0,0,0,0,0,0,0,0,0,0,0,0,0,0,0,0,0,0,0,358,436,6]
stat.node.6.util.dram_avg = 1.30773e-05
stat.node.6.walltime_s = 269.634
stat.node.6.active_time_s = 26.1051
stat.node.1.cpu.0.load_issue_to_complete_count = 799
stat.node.1.cpu.0.avg_load_issue_to_complete_lat = 992.299
stat.node.1.injector.phase_cycles = 794727
stat.node.1.injector.request_bytes = 347216
stat.node.1.injector.response_bytes = 1470592
stat.node.1.injector.aggregate_bytes = 1817808
stat.node.1.injector.request_gbps = 8.38847
stat.node.1.injector.response_gbps = 35.5284
stat.node.1.injector.aggregate_gbps = 43.9169
stat.node.1.llc.cxl_miss = 800
stat.node.1.llc.total_miss = 800
stat.node.1.llc.avg_miss_lat = 817.533
stat.node.1.llc.avg_cxl_lat = 817.533
stat.node.1.llc.miss_lat_hist_bin_ns = 10
stat.node.1.llc.miss_lat_hist = [0,0,0,0,0,0,0,0,0,0,0,0,0,0,0,0,0,0,0,0,0,0,0,0,0,0,0,0,0,0,0,0,0,311,476,13]
stat.node.1.util.dram_avg = 1.30715e-05
stat.node.1.walltime_s = 269.872
stat.node.1.active_time_s = 24.8801
stat.node.0.cpu.0.load_issue_to_complete_count = 799
stat.node.0.cpu.0.avg_load_issue_to_complete_lat = 992.014
stat.node.0.injector.phase_cycles = 794494
stat.node.0.injector.request_bytes = 347096
stat.node.0.injector.response_bytes = 1470144
stat.node.0.injector.aggregate_bytes = 1817240
stat.node.0.injector.request_gbps = 8.38803
stat.node.0.injector.response_gbps = 35.528
stat.node.0.injector.aggregate_gbps = 43.916
stat.node.0.llc.cxl_miss = 800
stat.node.0.llc.total_miss = 800
stat.node.0.llc.avg_miss_lat = 817.268
stat.node.0.llc.avg_cxl_lat = 817.268
stat.node.0.llc.miss_lat_hist_bin_ns = 10
stat.node.0.llc.miss_lat_hist = [0,0,0,0,0,0,0,0,0,0,0,0,0,0,0,0,0,0,0,0,0,0,0,0,0,0,0,0,0,0,0,0,0,358,431,11]
stat.node.0.util.dram_avg = 1.30703e-05
stat.node.0.walltime_s = 269.9
stat.node.0.active_time_s = 25.8038
stat.node.5.cpu.0.load_issue_to_complete_count = 799
stat.node.5.cpu.0.avg_load_issue_to_complete_lat = 992.572
stat.node.5.injector.phase_cycles = 794936
stat.node.5.injector.request_bytes = 347328
stat.node.5.injector.response_bytes = 1470976
stat.node.5.injector.aggregate_bytes = 1818304
stat.node.5.injector.request_gbps = 8.38897
stat.node.5.injector.response_gbps = 35.5283
stat.node.5.injector.aggregate_gbps = 43.9173
stat.node.5.llc.cxl_miss = 800
stat.node.5.llc.total_miss = 800
stat.node.5.llc.avg_miss_lat = 817.796
stat.node.5.llc.avg_cxl_lat = 817.796
stat.node.5.llc.miss_lat_hist_bin_ns = 10
stat.node.5.llc.miss_lat_hist = [0,0,0,0,0,0,0,0,0,0,0,0,0,0,0,0,0,0,0,0,0,0,0,0,0,0,0,0,0,0,0,0,0,344,440,16]
stat.node.5.util.dram_avg = 1.30679e-05
stat.node.5.walltime_s = 270.152
stat.node.5.active_time_s = 22.9256
stat.node.3.cpu.0.load_issue_to_complete_count = 799
stat.node.3.cpu.0.avg_load_issue_to_complete_lat = 992.32
stat.node.3.injector.phase_cycles = 794733
stat.node.3.injector.request_bytes = 347216
stat.node.3.injector.response_bytes = 1470592
stat.node.3.injector.aggregate_bytes = 1817808
stat.node.3.injector.request_gbps = 8.38841
stat.node.3.injector.response_gbps = 35.5281
stat.node.3.injector.aggregate_gbps = 43.9165
stat.node.3.llc.cxl_miss = 800
stat.node.3.llc.total_miss = 800
stat.node.3.llc.avg_miss_lat = 817.572
stat.node.3.llc.avg_cxl_lat = 817.572
stat.node.3.llc.miss_lat_hist_bin_ns = 10
stat.node.3.llc.miss_lat_hist = [0,0,0,0,0,0,0,0,0,0,0,0,0,0,0,0,0,0,0,0,0,0,0,0,0,0,0,0,0,0,0,0,3,321,469,7]
stat.node.3.util.dram_avg = 1.30667e-05
stat.node.3.walltime_s = 270.156
stat.node.3.active_time_s = 23.1752
stat.node.7.cpu.0.load_issue_to_complete_count = 799
stat.node.7.cpu.0.avg_load_issue_to_complete_lat = 994.181
stat.node.7.injector.phase_cycles = 796250
stat.node.7.injector.request_bytes = 347888
stat.node.7.injector.response_bytes = 1473408
stat.node.7.injector.aggregate_bytes = 1821296
stat.node.7.injector.request_gbps = 8.38863
stat.node.7.injector.response_gbps = 35.5283
stat.node.7.injector.aggregate_gbps = 43.917
stat.node.7.llc.cxl_miss = 800
stat.node.7.llc.total_miss = 800
stat.node.7.llc.avg_miss_lat = 819.466
stat.node.7.llc.avg_cxl_lat = 819.466
stat.node.7.llc.miss_lat_hist_bin_ns = 10
stat.node.7.llc.miss_lat_hist = [0,0,0,0,0,0,0,0,0,0,0,0,0,0,0,0,0,0,0,0,0,0,0,0,0,0,0,0,0,0,0,0,0,293,477,30]
stat.node.7.util.dram_avg = 1.30462e-05
stat.node.7.walltime_s = 271.442
stat.node.7.active_time_s = 30.8715
stat.node.4.cpu.0.load_issue_to_complete_count = 799
stat.node.4.cpu.0.avg_load_issue_to_complete_lat = 999.449
stat.node.4.injector.phase_cycles = 800463
stat.node.4.injector.request_bytes = 349760
stat.node.4.injector.response_bytes = 1481216
stat.node.4.injector.aggregate_bytes = 1830976
stat.node.4.injector.request_gbps = 8.38938
stat.node.4.injector.response_gbps = 35.5286
stat.node.4.injector.aggregate_gbps = 43.918
stat.node.4.llc.cxl_miss = 800
stat.node.4.llc.total_miss = 800
stat.node.4.llc.avg_miss_lat = 824.607
stat.node.4.llc.avg_cxl_lat = 824.607
stat.node.4.llc.miss_lat_hist_bin_ns = 10
stat.node.4.llc.miss_lat_hist = [0,0,0,0,0,0,0,0,0,0,0,0,0,0,0,0,0,0,0,0,0,0,0,0,0,0,0,0,0,0,0,0,3,151,580,63,3]
stat.node.4.util.dram_avg = 1.29922e-05
stat.node.4.walltime_s = 272.119
stat.node.4.active_time_s = 25.8783
stat.node.2.cpu.0.load_issue_to_complete_count = 799
stat.node.2.cpu.0.avg_load_issue_to_complete_lat = 999.165
stat.node.2.injector.phase_cycles = 800211
stat.node.2.injector.request_bytes = 349632
stat.node.2.injector.response_bytes = 1480704
stat.node.2.injector.aggregate_bytes = 1830336
stat.node.2.injector.request_gbps = 8.38896
stat.node.2.injector.response_gbps = 35.5275
stat.node.2.injector.aggregate_gbps = 43.9165
stat.node.2.llc.cxl_miss = 800
stat.node.2.llc.total_miss = 800
stat.node.2.llc.avg_miss_lat = 824.265
stat.node.2.llc.avg_cxl_lat = 824.265
stat.node.2.llc.miss_lat_hist_bin_ns = 10
stat.node.2.llc.miss_lat_hist = [0,0,0,0,0,0,0,0,0,0,0,0,0,0,0,0,0,0,0,0,0,0,0,0,0,0,0,0,0,0,0,0,2,178,536,83,1]
stat.node.2.util.dram_avg = 1.29902e-05
stat.node.2.walltime_s = 272.126
stat.node.2.active_time_s = 32.2974
stat.pool.105.util.mem_avg = 0.262307
stat.pool.105.util.req_link_avg = 0.76698
stat.pool.105.walltime_s = 272.126
stat.pool.105.active_time_s = 0.990558
stat.pool.104.util.mem_avg = 0.262308
stat.pool.104.util.req_link_avg = 0.76698
stat.pool.104.walltime_s = 272.126
stat.pool.104.active_time_s = 0.95505
stat.pool.103.util.mem_avg = 0.262309
stat.pool.103.util.req_link_avg = 0.766982
stat.pool.103.walltime_s = 272.126
stat.pool.103.active_time_s = 1.07137
stat.pool.102.util.mem_avg = 0.262309
stat.pool.102.util.req_link_avg = 0.766982
stat.pool.102.walltime_s = 272.126
stat.pool.102.active_time_s = 1.03014
stat.pool.101.util.mem_avg = 0.262309
stat.pool.101.util.req_link_avg = 0.766982
stat.pool.101.walltime_s = 272.126
stat.pool.101.active_time_s = 0.905846
stat.pool.100.util.mem_avg = 0.262309
stat.pool.100.util.req_link_avg = 0.766982
stat.pool.100.walltime_s = 272.126
stat.pool.100.active_time_s = 1.10325
stat.switch.replicated_messages = 284832
stat.switch.util.node_ingress_avg = 0.1738
stat.switch.util.pool_ingress_avg = 0.997043
stat.switch.bw.host_to_switch_gbps = 8.54338
stat.switch.bw.switch_to_host_gbps = 36.7549
stat.switch.bw.host_link_total_gbps = 45.2983
stat.switch.walltime_s = 272.126
stat.switch.active_time_s = 5.26245
Simulation is complete, simulated time: 770.428 us
