stat.node.3.cpu.0.retired = 148
stat.node.3.cpu.0.cycles = 1000000
stat.node.4.cpu.0.retired = 156
stat.node.4.cpu.0.cycles = 1000000
stat.node.5.cpu.0.retired = 165
stat.node.6.cpu.0.retired = 164
stat.node.6.cpu.0.cycles = 1000000
stat.node.7.cpu.0.retired = 159
stat.node.7.cpu.0.cycles = 1000000
stat.node.0.cpu.0.retired = 149
stat.node.0.cpu.0.cycles = 1000000
stat.node.1.cpu.0.retired = 159
stat.node.1.cpu.0.cycles = 1000000
stat.node.2.cpu.0.retired = 151
stat.node.2.cpu.0.cycles = 1000000
stat.node.5.cpu.0.cycles = 1000000
stat.node.2.cpu.0.retired = 319
stat.node.2.cpu.0.cycles = 2000000
stat.node.6.cpu.0.retired = 338
stat.node.6.cpu.0.cycles = 2000000
stat.node.5.cpu.0.retired = 340
stat.node.5.cpu.0.cycles = 2000000
stat.node.7.cpu.0.retired = 331
stat.node.7.cpu.0.cycles = 2000000
stat.node.0.cpu.0.retired = 318
stat.node.0.cpu.0.cycles = 2000000
stat.node.1.cpu.0.retired = 330
stat.node.1.cpu.0.cycles = 2000000
stat.node.3.cpu.0.retired = 318
stat.node.3.cpu.0.cycles = 2000000
stat.node.4.cpu.0.retired = 328
stat.node.4.cpu.0.cycles = 2000000
stat.node.5.cpu.0.retired = 542
stat.node.5.cpu.0.cycles = 3000000
stat.node.7.cpu.0.retired = 533
stat.node.7.cpu.0.cycles = 3000000
stat.node.0.cpu.0.retired = 519
stat.node.0.cpu.0.cycles = 3000000
stat.node.1.cpu.0.retired = 532
stat.node.1.cpu.0.cycles = 3000000
stat.node.3.cpu.0.retired = 517
stat.node.3.cpu.0.cycles = 3000000
stat.node.6.cpu.0.retired = 540
stat.node.6.cpu.0.cycles = 3000000
stat.node.2.cpu.0.retired = 518
stat.node.2.cpu.0.cycles = 3000000
stat.node.4.cpu.0.retired = 529
stat.node.4.cpu.0.cycles = 3000000
stat.node.5.cpu.0.retired = 759
stat.node.7.cpu.0.retired = 752
stat.node.7.cpu.0.cycles = 4000000
stat.node.0.cpu.0.retired = 737
stat.node.0.cpu.0.cycles = 4000000
stat.node.1.cpu.0.retired = 751
stat.node.1.cpu.0.cycles = 4000000
stat.node.3.cpu.0.retired = 736
stat.node.3.cpu.0.cycles = 4000000
stat.node.6.cpu.0.retired = 758
stat.node.6.cpu.0.cycles = 4000000
stat.node.4.cpu.0.retired = 747
stat.node.4.cpu.0.cycles = 4000000
stat.node.2.cpu.0.retired = 737
stat.node.2.cpu.0.cycles = 4000000
stat.node.5.cpu.0.cycles = 4000000
stat.node.6.cpu.0.retired = 986
stat.node.6.cpu.0.cycles = 5000000
stat.node.2.cpu.0.retired = 964
stat.node.7.cpu.0.retired = 982
stat.node.7.cpu.0.cycles = 5000000
stat.node.0.cpu.0.retired = 964
stat.node.0.cpu.0.cycles = 5000000
stat.node.1.cpu.0.retired = 981
stat.node.1.cpu.0.cycles = 5000000
stat.node.3.cpu.0.retired = 964
stat.node.3.cpu.0.cycles = 5000000
stat.node.5.cpu.0.retired = 988
stat.node.5.cpu.0.cycles = 5000000
stat.node.4.cpu.0.retired = 975
stat.node.4.cpu.0.cycles = 5000000
stat.node.2.cpu.0.cycles = 5000000
stat.node.3.cpu.0.retired = 1196
stat.node.3.cpu.0.cycles = 6000000
stat.node.6.cpu.0.retired = 1218
stat.node.6.cpu.0.cycles = 6000000
stat.node.4.cpu.0.retired = 1207
stat.node.4.cpu.0.cycles = 6000000
stat.node.7.cpu.0.retired = 1214
stat.node.7.cpu.0.cycles = 6000000
stat.node.0.cpu.0.retired = 1196
stat.node.0.cpu.0.cycles = 6000000
stat.node.1.cpu.0.retired = 1212
stat.node.1.cpu.0.cycles = 6000000
stat.node.2.cpu.0.retired = 1196
stat.node.2.cpu.0.cycles = 6000000
stat.node.5.cpu.0.retired = 1219
stat.node.5.cpu.0.cycles = 6000000
stat.node.3.cpu.0.retired = 1427
stat.node.3.cpu.0.cycles = 7000000
stat.node.6.cpu.0.retired = 1448
stat.node.6.cpu.0.cycles = 7000000
stat.node.4.cpu.0.retired = 1438
stat.node.4.cpu.0.cycles = 7000000
stat.node.7.cpu.0.retired = 1446
stat.node.7.cpu.0.cycles = 7000000
stat.node.0.cpu.0.retired = 1428
stat.node.0.cpu.0.cycles = 7000000
stat.node.5.cpu.0.retired = 1449
stat.node.5.cpu.0.cycles = 7000000
stat.node.2.cpu.0.retired = 1428
stat.node.2.cpu.0.cycles = 7000000
stat.node.1.cpu.0.retired = 1442
stat.node.1.cpu.0.cycles = 7000000
stat.node.6.cpu.0.load_issue_to_complete_count = 799
stat.node.6.cpu.0.avg_load_issue_to_complete_lat = 4314.08
stat.node.6.injector.phase_cycles = 3452309
stat.node.6.injector.request_bytes = 1100160
stat.node.6.injector.response_bytes = 0
stat.node.6.injector.aggregate_bytes = 1100160
stat.node.6.injector.request_gbps = 6.11853
stat.node.6.injector.response_gbps = 0
stat.node.6.injector.aggregate_gbps = 6.11853
stat.node.6.llc.cxl_miss = 800
stat.node.6.llc.total_miss = 800
stat.node.6.llc.avg_miss_lat = 3983.55
stat.node.6.llc.avg_cxl_lat = 3983.55
stat.node.6.llc.miss_lat_hist_bin_ns = 10
stat.node.6.llc.miss_lat_hist = [0,0,0,0,0,0,0,0,0,0,0,0,0,0,0,0,0,0,0,0,0,0,0,0,0,0,0,0,0,0,0,0,0,0,0,0,0,0,0,0,0,0,0,0,0,0,0,0,0,0,0,0,0,0,0,0,0,0,0,0,0,0,0,0,0,0,0,0,0,0,0,0,0,0,0,0,0,0,0,0,0,0,0,0,0,0,0,0,0,0,0,0,0,0,0,0,0,0,0,0,0,0,0,0,0,0,0,0,0,0,0,0,0,0,0,0,0,0,0,0,0,0,0,0,0,0,0,0,0,0,0,0,0,0,0,1,0,0,0,0,1,1,1,0,2,0,3,2,2,6,3,2,5,1,11,14,10,21,27,19,39,46,30,67,56,68,46,34,60,35,19,36,10,11,20,9,17,17,7,6,4,3,7,1,2,3,1,7,2,0,3,0,2]
stat.node.6.util.dram_avg = 3.14192e-06
stat.node.6.walltime_s = 588.533
stat.node.6.active_time_s = 96.4733
stat.node.5.cpu.0.load_issue_to_complete_count = 799
stat.node.5.cpu.0.avg_load_issue_to_complete_lat = 4319.79
stat.node.5.injector.phase_cycles = 3456597
stat.node.5.injector.request_bytes = 1096768
stat.node.5.injector.response_bytes = 0
stat.node.5.injector.aggregate_bytes = 1096768
stat.node.5.injector.request_gbps = 6.0921
stat.node.5.injector.response_gbps = 0
stat.node.5.injector.aggregate_gbps = 6.0921
stat.node.5.llc.cxl_miss = 800
stat.node.5.llc.total_miss = 800
stat.node.5.llc.avg_miss_lat = 3991.96
stat.node.5.llc.avg_cxl_lat = 3991.96
stat.node.5.llc.miss_lat_hist_bin_ns = 10
stat.node.5.llc.miss_lat_hist = [0,0,0,0,0,0,0,0,0,0,0,0,0,0,0,0,0,0,0,0,0,0,0,0,0,0,0,0,0,0,0,0,0,0,0,0,0,0,0,0,0,0,0,0,0,0,0,0,0,0,0,0,0,0,0,0,0,0,0,0,0,0,0,0,0,0,0,0,0,0,0,0,0,0,0,0,0,0,0,0,0,0,0,0,0,0,0,0,0,0,0,0,0,0,0,0,0,0,0,0,0,0,0,0,0,0,0,0,0,0,0,0,0,0,0,0,0,0,0,0,0,0,0,0,0,0,0,0,0,0,0,0,0,0,0,0,0,1,1,0,1,1,0,0,1,0,0,5,2,3,3,5,6,2,11,20,15,15,25,17,36,34,49,83,41,47,32,42,55,36,16,36,29,14,19,5,19,21,1,6,11,1,5,1,5,9,0,2,3,0,0,0,1,1,0,0,2,1,0,0,0,0,1,0,0,0,0,0,0,1,0,0,0,1]
stat.node.5.util.dram_avg = 3.14191e-06
stat.node.5.walltime_s = 588.534
stat.node.5.active_time_s = 103.945
stat.node.7.cpu.0.load_issue_to_complete_count = 799
stat.node.7.cpu.0.avg_load_issue_to_complete_lat = 4298
stat.node.7.injector.phase_cycles = 3439065
stat.node.7.injector.request_bytes = 1106112
stat.node.7.injector.response_bytes = 0
stat.node.7.injector.aggregate_bytes = 1106112
stat.node.7.injector.request_gbps = 6.17533
stat.node.7.injector.response_gbps = 0
stat.node.7.injector.aggregate_gbps = 6.17533
stat.node.7.llc.cxl_miss = 800
stat.node.7.llc.total_miss = 800
stat.node.7.llc.avg_miss_lat = 3968.33
stat.node.7.llc.avg_cxl_lat = 3968.33
stat.node.7.llc.miss_lat_hist_bin_ns = 10
stat.node.7.llc.miss_lat_hist = [0,0,0,0,0,0,0,0,0,0,0,0,0,0,0,0,0,0,0,0,0,0,0,0,0,0,0,0,0,0,0,0,0,0,0,0,0,0,0,0,0,0,0,0,0,0,0,0,0,0,0,0,0,0,0,0,0,0,0,0,0,0,0,0,0,0,0,0,0,0,0,0,0,0,0,0,0,0,0,0,0,0,0,0,0,0,0,0,0,0,0,0,0,0,0,0,0,0,0,0,0,0,0,0,0,0,0,0,0,0,0,0,0,0,0,0,0,0,0,0,0,0,0,0,0,0,0,0,0,0,0,0,1,0,0,0,0,1,0,1,0,2,1,0,1,1,7,5,2,2,1,3,7,3,8,22,10,23,25,22,53,43,33,73,56,48,37,29,61,30,25,50,19,11,15,6,13,15,1,9,5,0,2,0,3,4,0,3,3,0,1,0,1,0,1,0,1,0,0,0,0,1]
stat.node.7.util.dram_avg = 3.13697e-06
stat.node.7.walltime_s = 589.038
stat.node.7.active_time_s = 104.714
stat.node.1.cpu.0.load_issue_to_complete_count = 799
stat.node.1.cpu.0.avg_load_issue_to_complete_lat = 4302.72
stat.node.1.injector.phase_cycles = 3442913
stat.node.1.injector.request_bytes = 1095488
stat.node.1.injector.response_bytes = 0
stat.node.1.injector.aggregate_bytes = 1095488
stat.node.1.injector.request_gbps = 6.10918
stat.node.1.injector.response_gbps = 0
stat.node.1.injector.aggregate_gbps = 6.10918
stat.node.1.llc.cxl_miss = 800
stat.node.1.llc.total_miss = 800
stat.node.1.llc.avg_miss_lat = 3977.81
stat.node.1.llc.avg_cxl_lat = 3977.81
stat.node.1.llc.miss_lat_hist_bin_ns = 10
stat.node.1.llc.miss_lat_hist = [0,0,0,0,0,0,0,0,0,0,0,0,0,0,0,0,0,0,0,0,0,0,0,0,0,0,0,0,0,0,0,0,0,0,0,0,0,0,0,0,0,0,0,0,0,0,0,0,0,0,0,0,0,0,0,0,0,0,0,0,0,0,0,0,0,0,0,0,0,0,0,0,0,0,0,0,0,0,0,0,0,0,0,0,0,0,0,0,0,0,0,0,0,0,0,0,0,0,0,0,0,0,0,0,0,0,0,0,0,0,0,0,0,0,0,0,0,0,0,0,0,0,0,0,0,0,0,0,0,0,0,1,0,0,0,0,1,0,1,0,0,1,1,1,2,3,0,3,0,3,3,3,12,6,7,10,13,17,28,24,47,31,45,73,46,50,46,41,66,24,16,35,28,12,13,4,14,23,6,8,9,7,2,0,5,4,0,0,0,0,1,1,0,0,0,1,1,1]
stat.node.1.util.dram_avg = 3.13302e-06
stat.node.1.walltime_s = 589.505
stat.node.1.active_time_s = 100.579
stat.node.4.cpu.0.load_issue_to_complete_count = 799
stat.node.4.cpu.0.avg_load_issue_to_complete_lat = 4307.12
stat.node.4.injector.phase_cycles = 3446553
stat.node.4.injector.request_bytes = 1094528
stat.node.4.injector.response_bytes = 0
stat.node.4.injector.aggregate_bytes = 1094528
stat.node.4.injector.request_gbps = 6.09738
stat.node.4.injector.response_gbps = 0
stat.node.4.injector.aggregate_gbps = 6.09738
stat.node.4.llc.cxl_miss = 800
stat.node.4.llc.total_miss = 800
stat.node.4.llc.avg_miss_lat = 3986.62
stat.node.4.llc.avg_cxl_lat = 3986.62
stat.node.4.llc.miss_lat_hist_bin_ns = 10
stat.node.4.llc.miss_lat_hist = [0,0,0,0,0,0,0,0,0,0,0,0,0,0,0,0,0,0,0,0,0,0,0,0,0,0,0,0,0,0,0,0,0,0,0,0,0,0,0,0,0,0,0,0,0,0,0,0,0,0,0,0,0,0,0,0,0,0,0,0,0,0,0,0,0,0,0,0,0,0,0,0,0,0,0,0,0,0,0,0,0,0,0,0,0,0,0,0,0,0,0,0,0,0,0,0,0,0,0,0,0,0,0,0,0,0,0,0,0,0,0,0,0,0,0,0,0,0,0,0,0,0,0,0,0,0,0,0,0,0,0,0,0,0,0,2,0,0,1,0,1,1,0,1,0,2,5,3,0,2,2,3,6,0,4,26,10,20,21,18,47,43,42,86,52,36,55,40,42,23,19,33,32,9,15,5,19,18,6,5,9,2,4,2,4,3,1,3,6,0,4,0,2,2,0,0,1,1,0,1]
stat.node.4.util.dram_avg = 3.12279e-06
stat.node.4.walltime_s = 590.945
stat.node.4.active_time_s = 108.058
stat.node.0.cpu.0.load_issue_to_complete_count = 799
stat.node.0.cpu.0.avg_load_issue_to_complete_lat = 4289.66
stat.node.0.injector.phase_cycles = 3432531
stat.node.0.injector.request_bytes = 1103552
stat.node.0.injector.response_bytes = 0
stat.node.0.injector.aggregate_bytes = 1103552
stat.node.0.injector.request_gbps = 6.17276
stat.node.0.injector.response_gbps = 0
stat.node.0.injector.aggregate_gbps = 6.17276
stat.node.0.llc.cxl_miss = 800
stat.node.0.llc.total_miss = 800
stat.node.0.llc.avg_miss_lat = 3963.79
stat.node.0.llc.avg_cxl_lat = 3963.79
stat.node.0.llc.miss_lat_hist_bin_ns = 10
stat.node.0.llc.miss_lat_hist = [0,0,0,0,0,0,0,0,0,0,0,0,0,0,0,0,0,0,0,0,0,0,0,0,0,0,0,0,0,0,0,0,0,0,0,0,0,0,0,0,0,0,0,0,0,0,0,0,0,0,0,0,0,0,0,0,0,0,0,0,0,0,0,0,0,0,0,0,0,0,0,0,0,0,0,0,0,0,0,0,0,0,0,0,0,0,0,0,0,0,0,0,0,0,0,0,0,0,0,0,0,0,0,0,0,0,0,0,0,0,0,0,0,0,0,0,0,0,0,0,0,0,0,0,0,0,0,0,0,0,0,0,0,0,0,0,1,2,0,1,0,2,3,2,0,0,2,4,2,2,0,3,8,2,5,13,8,17,32,32,54,48,49,79,50,44,48,50,65,25,16,27,17,13,8,4,15,11,1,6,3,1,5,0,7,5,1,1,1,0,0,0,1,1,1,1,1]
stat.node.0.util.dram_avg = 3.10966e-06
stat.node.0.walltime_s = 592.093
stat.node.0.active_time_s = 110.323
stat.node.2.cpu.0.load_issue_to_complete_count = 799
stat.node.2.cpu.0.avg_load_issue_to_complete_lat = 4304.63
stat.node.2.injector.phase_cycles = 3444387
stat.node.2.injector.request_bytes = 1097920
stat.node.2.injector.response_bytes = 0
stat.node.2.injector.aggregate_bytes = 1097920
stat.node.2.injector.request_gbps = 6.12012
stat.node.2.injector.response_gbps = 0
stat.node.2.injector.aggregate_gbps = 6.12012
stat.node.2.llc.cxl_miss = 800
stat.node.2.llc.total_miss = 800
stat.node.2.llc.avg_miss_lat = 3977.74
stat.node.2.llc.avg_cxl_lat = 3977.74
stat.node.2.llc.miss_lat_hist_bin_ns = 10
stat.node.2.llc.miss_lat_hist = [0,0,0,0,0,0,0,0,0,0,0,0,0,0,0,0,0,0,0,0,0,0,0,0,0,0,0,0,0,0,0,0,0,0,0,0,0,0,0,0,0,0,0,0,0,0,0,0,0,0,0,0,0,0,0,0,0,0,0,0,0,0,0,0,0,0,0,0,0,0,0,0,0,0,0,0,0,0,0,0,0,0,0,0,0,0,0,0,0,0,0,0,0,0,0,0,0,0,0,0,0,0,0,0,0,0,0,0,0,0,0,0,0,0,0,0,0,0,0,0,0,0,0,0,0,0,0,0,0,0,0,0,0,0,1,0,0,0,1,0,0,1,0,3,0,0,4,6,2,7,0,6,7,5,11,20,12,14,21,23,58,48,39,55,48,42,40,42,66,26,18,38,14,12,16,6,16,19,8,5,5,3,5,0,5,7,0,3,3,1,2,1,2,2,0,0,1]
stat.node.2.util.dram_avg = 3.10637e-06
stat.node.2.walltime_s = 592.472
stat.node.2.active_time_s = 112.467
stat.node.3.cpu.0.load_issue_to_complete_count = 799
stat.node.3.cpu.0.avg_load_issue_to_complete_lat = 4300.75
stat.node.3.injector.phase_cycles = 3441387
stat.node.3.injector.request_bytes = 1096704
stat.node.3.injector.response_bytes = 0
stat.node.3.injector.aggregate_bytes = 1096704
stat.node.3.injector.request_gbps = 6.11867
stat.node.3.injector.response_gbps = 0
stat.node.3.injector.aggregate_gbps = 6.11867
stat.node.3.llc.cxl_miss = 800
stat.node.3.llc.total_miss = 800
stat.node.3.llc.avg_miss_lat = 3972.37
stat.node.3.llc.avg_cxl_lat = 3972.37
stat.node.3.llc.miss_lat_hist_bin_ns = 10
stat.node.3.llc.miss_lat_hist = [0,0,0,0,0,0,0,0,0,0,0,0,0,0,0,0,0,0,0,0,0,0,0,0,0,0,0,0,0,0,0,0,0,0,0,0,0,0,0,0,0,0,0,0,0,0,0,0,0,0,0,0,0,0,0,0,0,0,0,0,0,0,0,0,0,0,0,0,0,0,0,0,0,0,0,0,0,0,0,0,0,0,0,0,0,0,0,0,0,0,0,0,0,0,0,0,0,0,0,0,0,0,0,0,0,0,0,0,0,0,0,0,0,0,0,0,0,0,0,0,0,0,0,0,0,0,0,0,0,0,0,0,0,0,1,0,0,0,1,0,2,2,0,1,0,3,5,1,1,4,3,6,9,6,5,21,11,17,23,22,59,44,48,58,41,56,32,38,61,29,19,35,21,9,14,7,23,23,2,6,6,3,2,2,7,2,2,1,2,0,0,0,1,0,0,0,2,0,0,0,1]
stat.node.3.util.dram_avg = 3.10439e-06
stat.node.3.walltime_s = 592.682
stat.node.3.active_time_s = 104.422
stat.pool.101.util.mem_avg = 0.163369
stat.pool.101.util.req_link_avg = 0.999938
stat.pool.101.walltime_s = 592.682
stat.pool.101.active_time_s = 3.29907
stat.pool.100.util.mem_avg = 0.16337
stat.pool.100.util.req_link_avg = 0.999938
stat.pool.100.walltime_s = 592.682
stat.pool.100.active_time_s = 3.21773
stat.switch.replicated_messages = 616604
stat.switch.util.node_ingress_avg = 0.125402
stat.switch.util.pool_ingress_avg = 0.024155
stat.switch.bw.host_to_switch_gbps = 6.16385
stat.switch.bw.switch_to_host_gbps = 0.296829
stat.switch.bw.host_link_total_gbps = 6.46068
stat.switch.walltime_s = 592.682
stat.switch.active_time_s = 14.2674
Simulation is complete, simulated time: 3.22382 ms
