stat.node.0.cpu.0.retired = 991
stat.node.0.cpu.0.cycles = 1000000
stat.node.0.cpu.0.retired = 2279
stat.node.0.cpu.0.cycles = 2000000
stat.node.0.cpu.0.retired = 3653
stat.node.0.cpu.0.cycles = 3000000
stat.node.0.cpu.0.load_issue_to_complete_count = 3999
stat.node.0.cpu.0.avg_load_issue_to_complete_lat = 734.945
stat.node.0.injector.phase_cycles = 2943925
stat.node.0.injector.request_bytes = 230008
stat.node.0.injector.response_bytes = 613312
stat.node.0.injector.aggregate_bytes = 843320
stat.node.0.injector.request_gbps = 1.50009
stat.node.0.injector.response_gbps = 3.99996
stat.node.0.injector.aggregate_gbps = 5.50005
stat.node.0.llc.cxl_miss = 4000
stat.node.0.llc.total_miss = 4000
stat.node.0.llc.avg_miss_lat = 627.277
stat.node.0.llc.avg_cxl_lat = 627.277
stat.node.0.llc.miss_lat_hist_bin_ns = 10
stat.node.0.llc.miss_lat_hist = [0,0,0,0,0,0,0,0,0,0,0,0,0,0,0,0,0,0,0,0,0,0,0,0,0,0,3848,118,34]
stat.node.0.util.dram_avg = 6.07475e-06
stat.node.0.walltime_s = 82.1117
stat.node.0.active_time_s = 72.5519
stat.pool.101.util.mem_avg = 0.0124259
stat.pool.101.util.req_link_avg = 0.0275037
stat.pool.101.walltime_s = 82.1117
stat.pool.101.active_time_s = 2.12938
stat.pool.100.util.mem_avg = 0.0124268
stat.pool.100.util.req_link_avg = 0.0275044
stat.pool.100.walltime_s = 82.1117
stat.pool.100.active_time_s = 2.1425
stat.switch.replicated_messages = 6430
stat.switch.util.node_ingress_avg = 0.0346741
stat.switch.util.pool_ingress_avg = 0.0573259
stat.switch.bw.host_to_switch_gbps = 0.213054
stat.switch.bw.switch_to_host_gbps = 0.704438
stat.switch.bw.host_link_total_gbps = 0.917492
stat.switch.walltime_s = 82.1117
stat.switch.active_time_s = 3.67274
Simulation is complete, simulated time: 1.64747 ms
