stat.node.2.cpu.0.retired = 983
stat.node.2.cpu.0.cycles = 1000000
stat.node.3.cpu.0.retired = 985
stat.node.3.cpu.0.cycles = 1000000
stat.node.0.cpu.0.retired = 983
stat.node.0.cpu.0.cycles = 1000000
stat.node.1.cpu.0.retired = 986
stat.node.1.cpu.0.cycles = 1000000
stat.node.2.cpu.0.retired = 2258
stat.node.2.cpu.0.cycles = 2000000
stat.node.1.cpu.0.retired = 2265
stat.node.1.cpu.0.cycles = 2000000
stat.node.3.cpu.0.retired = 2264
stat.node.3.cpu.0.cycles = 2000000
stat.node.0.cpu.0.retired = 2261
stat.node.0.cpu.0.cycles = 2000000
stat.node.2.cpu.0.retired = 3615
stat.node.2.cpu.0.cycles = 3000000
stat.node.0.cpu.0.retired = 3622
stat.node.0.cpu.0.cycles = 3000000
stat.node.1.cpu.0.retired = 3628
stat.node.1.cpu.0.cycles = 3000000
stat.node.3.cpu.0.retired = 3627
stat.node.3.cpu.0.cycles = 3000000
stat.node.1.cpu.0.load_issue_to_complete_count = 3999
stat.node.1.cpu.0.avg_load_issue_to_complete_lat = 740.274
stat.node.1.injector.phase_cycles = 2965234
stat.node.1.injector.request_bytes = 231648
stat.node.1.injector.response_bytes = 617792
stat.node.1.injector.aggregate_bytes = 849440
stat.node.1.injector.request_gbps = 1.49993
stat.node.1.injector.response_gbps = 4.00023
stat.node.1.injector.aggregate_gbps = 5.50016
stat.node.1.llc.cxl_miss = 4000
stat.node.1.llc.total_miss = 4000
stat.node.1.llc.avg_miss_lat = 632.603
stat.node.1.llc.avg_cxl_lat = 632.603
stat.node.1.llc.miss_lat_hist_bin_ns = 10
stat.node.1.llc.miss_lat_hist = [0,0,0,0,0,0,0,0,0,0,0,0,0,0,0,0,0,0,0,0,0,0,0,0,0,0,3550,211,100,138,1]
stat.node.1.util.dram_avg = 6.03633e-06
stat.node.1.walltime_s = 30.7918
stat.node.1.active_time_s = 21.1897
stat.node.3.cpu.0.load_issue_to_complete_count = 3999
stat.node.3.cpu.0.avg_load_issue_to_complete_lat = 740.219
stat.node.3.injector.phase_cycles = 2965014
stat.node.3.injector.request_bytes = 231640
stat.node.3.injector.response_bytes = 617664
stat.node.3.injector.aggregate_bytes = 849304
stat.node.3.injector.request_gbps = 1.49999
stat.node.3.injector.response_gbps = 3.99969
stat.node.3.injector.aggregate_gbps = 5.49968
stat.node.3.llc.cxl_miss = 4000
stat.node.3.llc.total_miss = 4000
stat.node.3.llc.avg_miss_lat = 632.522
stat.node.3.llc.avg_cxl_lat = 632.522
stat.node.3.llc.miss_lat_hist_bin_ns = 10
stat.node.3.llc.miss_lat_hist = [0,0,0,0,0,0,0,0,0,0,0,0,0,0,0,0,0,0,0,0,0,0,0,0,0,0,3571,177,78,167,7]
stat.node.3.util.dram_avg = 6.0352e-06
stat.node.3.walltime_s = 30.7976
stat.node.3.active_time_s = 20.9402
stat.node.0.cpu.0.load_issue_to_complete_count = 3999
stat.node.0.cpu.0.avg_load_issue_to_complete_lat = 740.649
stat.node.0.injector.phase_cycles = 2966734
stat.node.0.injector.request_bytes = 231752
stat.node.0.injector.response_bytes = 618112
stat.node.0.injector.aggregate_bytes = 849864
stat.node.0.injector.request_gbps = 1.49984
stat.node.0.injector.response_gbps = 4.00027
stat.node.0.injector.aggregate_gbps = 5.50012
stat.node.0.llc.cxl_miss = 4000
stat.node.0.llc.total_miss = 4000
stat.node.0.llc.avg_miss_lat = 632.965
stat.node.0.llc.avg_cxl_lat = 632.965
stat.node.0.llc.miss_lat_hist_bin_ns = 10
stat.node.0.llc.miss_lat_hist = [0,0,0,0,0,0,0,0,0,0,0,0,0,0,0,0,0,0,0,0,0,0,0,0,0,0,3535,233,43,123,66]
stat.node.0.util.dram_avg = 6.03074e-06
stat.node.0.walltime_s = 30.8203
stat.node.0.active_time_s = 21.1803
stat.node.2.cpu.0.load_issue_to_complete_count = 3999
stat.node.2.cpu.0.avg_load_issue_to_complete_lat = 742.576
stat.node.2.injector.phase_cycles = 2974440
stat.node.2.injector.request_bytes = 232400
stat.node.2.injector.response_bytes = 619648
stat.node.2.injector.aggregate_bytes = 852048
stat.node.2.injector.request_gbps = 1.50014
stat.node.2.injector.response_gbps = 3.99983
stat.node.2.injector.aggregate_gbps = 5.49997
stat.node.2.llc.cxl_miss = 4000
stat.node.2.llc.total_miss = 4000
stat.node.2.llc.avg_miss_lat = 634.878
stat.node.2.llc.avg_cxl_lat = 634.878
stat.node.2.llc.miss_lat_hist_bin_ns = 10
stat.node.2.llc.miss_lat_hist = [0,0,0,0,0,0,0,0,0,0,0,0,0,0,0,0,0,0,0,0,0,0,0,0,0,0,3425,309,86,47,94,39]
stat.node.2.util.dram_avg = 6.01843e-06
stat.node.2.walltime_s = 30.883
stat.node.2.active_time_s = 21.2674
stat.pool.101.util.mem_avg = 0.0496271
stat.pool.101.util.req_link_avg = 0.109962
stat.pool.101.walltime_s = 30.8831
stat.pool.101.active_time_s = 0.521554
stat.pool.100.util.mem_avg = 0.0496274
stat.pool.100.util.req_link_avg = 0.109962
stat.pool.100.walltime_s = 30.8831
stat.pool.100.active_time_s = 0.566522
stat.switch.replicated_messages = 25960
stat.switch.util.node_ingress_avg = 0.0346459
stat.switch.util.pool_ingress_avg = 0.228819
stat.switch.bw.host_to_switch_gbps = 0.851463
stat.switch.bw.switch_to_host_gbps = 2.81173
stat.switch.bw.host_link_total_gbps = 3.66319
stat.switch.walltime_s = 30.8831
stat.switch.active_time_s = 1.58689
Simulation is complete, simulated time: 1.66289 ms
