stat.node.4.cpu.0.retired = 887
stat.node.4.cpu.0.cycles = 1000000
stat.node.5.cpu.0.retired = 891
stat.node.5.cpu.0.cycles = 1000000
stat.node.6.cpu.0.retired = 887
stat.node.6.cpu.0.cycles = 1000000
stat.node.7.cpu.0.retired = 887
stat.node.7.cpu.0.cycles = 1000000
stat.node.0.cpu.0.retired = 887
stat.node.0.cpu.0.cycles = 1000000
stat.node.1.cpu.0.retired = 886
stat.node.1.cpu.0.cycles = 1000000
stat.node.2.cpu.0.retired = 885
stat.node.2.cpu.0.cycles = 1000000
stat.node.3.cpu.0.retired = 882
stat.node.3.cpu.0.cycles = 1000000
stat.node.1.cpu.0.retired = 2030
stat.node.1.cpu.0.cycles = 2000000
stat.node.2.cpu.0.retired = 2029
stat.node.2.cpu.0.cycles = 2000000
stat.node.4.cpu.0.retired = 2031
stat.node.4.cpu.0.cycles = 2000000
stat.node.5.cpu.0.retired = 2036
stat.node.5.cpu.0.cycles = 2000000
stat.node.6.cpu.0.retired = 2031
stat.node.6.cpu.0.cycles = 2000000
stat.node.3.cpu.0.retired = 2027
stat.node.3.cpu.0.cycles = 2000000
stat.node.7.cpu.0.retired = 2030
stat.node.7.cpu.0.cycles = 2000000
stat.node.0.cpu.0.retired = 2029
stat.node.0.cpu.0.cycles = 2000000
stat.node.2.cpu.0.retired = 3220
stat.node.2.cpu.0.cycles = 3000000
stat.node.4.cpu.0.retired = 3223
stat.node.4.cpu.0.cycles = 3000000
stat.node.5.cpu.0.retired = 3230
stat.node.5.cpu.0.cycles = 3000000
stat.node.0.cpu.0.retired = 3220
stat.node.0.cpu.0.cycles = 3000000
stat.node.3.cpu.0.retired = 3220
stat.node.3.cpu.0.cycles = 3000000
stat.node.7.cpu.0.retired = 3222
stat.node.7.cpu.0.cycles = 3000000
stat.node.6.cpu.0.retired = 3223
stat.node.6.cpu.0.cycles = 3000000
stat.node.1.cpu.0.retired = 3223
stat.node.1.cpu.0.cycles = 3000000
stat.node.7.cpu.0.retired = 4427
stat.node.7.cpu.0.cycles = 4000000
stat.node.6.cpu.0.retired = 4434
stat.node.6.cpu.0.cycles = 4000000
stat.node.5.cpu.0.retired = 4438
stat.node.5.cpu.0.cycles = 4000000
stat.node.2.cpu.0.retired = 4426
stat.node.2.cpu.0.cycles = 4000000
stat.node.4.cpu.0.retired = 4435
stat.node.4.cpu.0.cycles = 4000000
stat.node.1.cpu.0.retired = 4435
stat.node.1.cpu.0.cycles = 4000000
stat.node.0.cpu.0.retired = 4426
stat.node.0.cpu.0.cycles = 4000000
stat.node.3.cpu.0.retired = 4426
stat.node.3.cpu.0.cycles = 4000000
stat.node.5.cpu.0.load_issue_to_complete_count = 3999
stat.node.5.cpu.0.avg_load_issue_to_complete_lat = 839.918
stat.node.5.injector.phase_cycles = 3363762
stat.node.5.injector.request_bytes = 262760
stat.node.5.injector.response_bytes = 700800
stat.node.5.injector.aggregate_bytes = 963560
stat.node.5.injector.request_gbps = 1.49981
stat.node.5.injector.response_gbps = 4.00009
stat.node.5.injector.aggregate_gbps = 5.4999
stat.node.5.llc.cxl_miss = 4000
stat.node.5.llc.total_miss = 4000
stat.node.5.llc.avg_miss_lat = 731.821
stat.node.5.llc.avg_cxl_lat = 731.821
stat.node.5.llc.miss_lat_hist_bin_ns = 10
stat.node.5.llc.miss_lat_hist = [0,0,0,0,0,0,0,0,0,0,0,0,0,0,0,0,0,0,0,0,0,0,0,0,0,0,731,469,481,318,239,315,362,307,262,245,230,41]
stat.node.5.util.dram_avg = 5.37984e-06
stat.node.5.walltime_s = 39.9639
stat.node.5.active_time_s = 23.3371
stat.node.4.cpu.0.load_issue_to_complete_count = 3999
stat.node.4.cpu.0.avg_load_issue_to_complete_lat = 839.703
stat.node.4.injector.phase_cycles = 3362854
stat.node.4.injector.request_bytes = 262736
stat.node.4.injector.response_bytes = 700608
stat.node.4.injector.aggregate_bytes = 963344
stat.node.4.injector.request_gbps = 1.50007
stat.node.4.injector.response_gbps = 4.00008
stat.node.4.injector.aggregate_gbps = 5.50015
stat.node.4.llc.cxl_miss = 4000
stat.node.4.llc.total_miss = 4000
stat.node.4.llc.avg_miss_lat = 731.624
stat.node.4.llc.avg_cxl_lat = 731.624
stat.node.4.llc.miss_lat_hist_bin_ns = 10
stat.node.4.llc.miss_lat_hist = [0,0,0,0,0,0,0,0,0,0,0,0,0,0,0,0,0,0,0,0,0,0,0,0,0,0,742,505,478,307,212,373,519,146,124,143,323,119,7,2]
stat.node.4.util.dram_avg = 5.37686e-06
stat.node.4.walltime_s = 39.9859
stat.node.4.active_time_s = 23.7554
stat.node.1.cpu.0.load_issue_to_complete_count = 3999
stat.node.1.cpu.0.avg_load_issue_to_complete_lat = 839.258
stat.node.1.injector.phase_cycles = 3361160
stat.node.1.injector.request_bytes = 262568
stat.node.1.injector.response_bytes = 700224
stat.node.1.injector.aggregate_bytes = 962792
stat.node.1.injector.request_gbps = 1.49987
stat.node.1.injector.response_gbps = 3.9999
stat.node.1.injector.aggregate_gbps = 5.49977
stat.node.1.llc.cxl_miss = 4000
stat.node.1.llc.total_miss = 4000
stat.node.1.llc.avg_miss_lat = 731.258
stat.node.1.llc.avg_cxl_lat = 731.258
stat.node.1.llc.miss_lat_hist_bin_ns = 10
stat.node.1.llc.miss_lat_hist = [0,0,0,0,0,0,0,0,0,0,0,0,0,0,0,0,0,0,0,0,0,0,0,0,0,0,515,530,487,456,328,411,477,153,168,224,212,38,1]
stat.node.1.util.dram_avg = 5.37644e-06
stat.node.1.walltime_s = 39.9891
stat.node.1.active_time_s = 23.4948
stat.node.6.cpu.0.load_issue_to_complete_count = 3999
stat.node.6.cpu.0.avg_load_issue_to_complete_lat = 840.022
stat.node.6.injector.phase_cycles = 3364202
stat.node.6.injector.request_bytes = 262848
stat.node.6.injector.response_bytes = 700864
stat.node.6.injector.aggregate_bytes = 963712
stat.node.6.injector.request_gbps = 1.50011
stat.node.6.injector.response_gbps = 3.99993
stat.node.6.injector.aggregate_gbps = 5.50005
stat.node.6.llc.cxl_miss = 4000
stat.node.6.llc.total_miss = 4000
stat.node.6.llc.avg_miss_lat = 731.958
stat.node.6.llc.avg_cxl_lat = 731.958
stat.node.6.llc.miss_lat_hist_bin_ns = 10
stat.node.6.llc.miss_lat_hist = [0,0,0,0,0,0,0,0,0,0,0,0,0,0,0,0,0,0,0,0,0,0,0,0,0,0,482,591,543,346,235,422,545,171,174,233,224,31,3]
stat.node.6.util.dram_avg = 5.3749e-06
stat.node.6.walltime_s = 40.0004
stat.node.6.active_time_s = 23.7764
stat.node.7.cpu.0.load_issue_to_complete_count = 3999
stat.node.7.cpu.0.avg_load_issue_to_complete_lat = 841.377
stat.node.7.injector.phase_cycles = 3369595
stat.node.7.injector.request_bytes = 263232
stat.node.7.injector.response_bytes = 702016
stat.node.7.injector.aggregate_bytes = 965248
stat.node.7.injector.request_gbps = 1.4999
stat.node.7.injector.response_gbps = 4.0001
stat.node.7.injector.aggregate_gbps = 5.5
stat.node.7.llc.cxl_miss = 4000
stat.node.7.llc.total_miss = 4000
stat.node.7.llc.avg_miss_lat = 733.287
stat.node.7.llc.avg_cxl_lat = 733.287
stat.node.7.llc.miss_lat_hist_bin_ns = 10
stat.node.7.llc.miss_lat_hist = [0,0,0,0,0,0,0,0,0,0,0,0,0,0,0,0,0,0,0,0,0,0,0,0,0,0,614,553,505,310,240,385,422,158,205,318,252,38]
stat.node.7.util.dram_avg = 5.36836e-06
stat.node.7.walltime_s = 40.0486
stat.node.7.active_time_s = 23.5529
stat.node.0.cpu.0.load_issue_to_complete_count = 3999
stat.node.0.cpu.0.avg_load_issue_to_complete_lat = 841.497
stat.node.0.injector.phase_cycles = 3370124
stat.node.0.injector.request_bytes = 263256
stat.node.0.injector.response_bytes = 702080
stat.node.0.injector.aggregate_bytes = 965336
stat.node.0.injector.request_gbps = 1.4998
stat.node.0.injector.response_gbps = 3.99983
stat.node.0.injector.aggregate_gbps = 5.49963
stat.node.0.llc.cxl_miss = 4000
stat.node.0.llc.total_miss = 4000
stat.node.0.llc.avg_miss_lat = 733.486
stat.node.0.llc.avg_cxl_lat = 733.486
stat.node.0.llc.miss_lat_hist_bin_ns = 10
stat.node.0.llc.miss_lat_hist = [0,0,0,0,0,0,0,0,0,0,0,0,0,0,0,0,0,0,0,0,0,0,0,0,0,0,647,548,478,289,220,310,429,295,235,222,282,44,1]
stat.node.0.util.dram_avg = 5.36751e-06
stat.node.0.walltime_s = 40.0549
stat.node.0.active_time_s = 23.8312
stat.node.2.cpu.0.load_issue_to_complete_count = 3999
stat.node.2.cpu.0.avg_load_issue_to_complete_lat = 841.107
stat.node.2.injector.phase_cycles = 3368491
stat.node.2.injector.request_bytes = 263144
stat.node.2.injector.response_bytes = 701760
stat.node.2.injector.aggregate_bytes = 964904
stat.node.2.injector.request_gbps = 1.49989
stat.node.2.injector.response_gbps = 3.99995
stat.node.2.injector.aggregate_gbps = 5.49984
stat.node.2.llc.cxl_miss = 4000
stat.node.2.llc.total_miss = 4000
stat.node.2.llc.avg_miss_lat = 733.166
stat.node.2.llc.avg_cxl_lat = 733.166
stat.node.2.llc.miss_lat_hist_bin_ns = 10
stat.node.2.llc.miss_lat_hist = [0,0,0,0,0,0,0,0,0,0,0,0,0,0,0,0,0,0,0,0,0,0,0,0,0,0,599,542,504,345,245,442,417,153,142,260,270,71,10]
stat.node.2.util.dram_avg = 5.36718e-06
stat.node.2.walltime_s = 40.0574
stat.node.2.active_time_s = 23.7962
stat.node.3.cpu.0.load_issue_to_complete_count = 3999
stat.node.3.cpu.0.avg_load_issue_to_complete_lat = 840.511
stat.node.3.injector.phase_cycles = 3366198
stat.node.3.injector.request_bytes = 263024
stat.node.3.injector.response_bytes = 701248
stat.node.3.injector.aggregate_bytes = 964272
stat.node.3.injector.request_gbps = 1.50023
stat.node.3.injector.response_gbps = 3.99975
stat.node.3.injector.aggregate_gbps = 5.49998
stat.node.3.llc.cxl_miss = 4000
stat.node.3.llc.total_miss = 4000
stat.node.3.llc.avg_miss_lat = 732.5
stat.node.3.llc.avg_cxl_lat = 732.5
stat.node.3.llc.miss_lat_hist_bin_ns = 10
stat.node.3.llc.miss_lat_hist = [0,0,0,0,0,0,0,0,0,0,0,0,0,0,0,0,0,0,0,0,0,0,0,0,0,0,481,519,535,410,311,434,470,145,228,228,202,37]
stat.node.3.util.dram_avg = 5.36712e-06
stat.node.3.walltime_s = 40.058
stat.node.3.active_time_s = 23.6105
stat.pool.100.util.mem_avg = 0.167865
stat.pool.100.util.req_link_avg = 0.273523
stat.pool.100.walltime_s = 40.058
stat.pool.100.active_time_s = 0.797415
stat.switch.replicated_messages = 0
stat.switch.util.node_ingress_avg = 0.0341915
stat.switch.util.pool_ingress_avg = 0.886411
stat.switch.bw.host_to_switch_gbps = 1.68084
stat.switch.bw.switch_to_host_gbps = 5.44612
stat.switch.bw.host_link_total_gbps = 7.12696
stat.switch.walltime_s = 40.058
stat.switch.active_time_s = 2.49446
Simulation is complete, simulated time: 1.86469 ms
