stat.node.0.llc.cxl_miss = 5964
stat.node.0.llc.total_miss = 5964
stat.node.0.llc.avg_miss_lat = 1320.31
stat.node.0.llc.avg_cxl_lat = 1320.31
stat.node.0.llc.miss_lat_hist_bin_ns = 10
stat.node.0.llc.miss_lat_hist = [0,0,0,0,0,0,0,0,0,0,0,0,0,0,0,0,0,0,0,0,0,0,0,0,0,0,51,54,70,71,86,104,120,129,140,125,119,116,138,139,135,126,125,138,145,129,129,114,123,131,144,106,113,129,102,119,109,109,112,101,76,85,72,95,87,84,78,65,78,74,67,60,64,66,68,56,51,61,50,33,48,37,36,42,31,36,36,29,33,24,24,16,29,17,36,28,20,32,21,22,14,15,14,11,6,6,1,3,12,6,2,3,3]
stat.node.0.util.dram_avg = 1.28462e-05
stat.node.0.walltime_s = 41.6911
stat.node.0.active_time_s = 17.9315
stat.node.1.llc.cxl_miss = 5964
stat.node.1.llc.total_miss = 5964
stat.node.1.llc.avg_miss_lat = 1320.31
stat.node.1.llc.avg_cxl_lat = 1320.31
stat.node.1.llc.miss_lat_hist_bin_ns = 10
stat.node.1.llc.miss_lat_hist = [0,0,0,0,0,0,0,0,0,0,0,0,0,0,0,0,0,0,0,0,0,0,0,0,0,0,51,54,70,71,86,104,120,129,140,125,119,116,138,139,135,126,125,138,145,129,129,114,123,131,144,106,113,129,102,119,109,109,112,101,76,85,72,95,87,84,78,65,78,74,67,60,64,66,68,56,51,61,50,33,48,37,36,42,31,36,36,29,33,24,24,16,29,17,36,28,20,32,21,22,14,15,14,11,6,6,1,3,12,6,2,3,3]
stat.node.1.util.dram_avg = 1.28462e-05
stat.node.1.walltime_s = 41.6911
stat.node.1.active_time_s = 18.5556
stat.node.2.llc.cxl_miss = 5964
stat.node.2.llc.total_miss = 5965
stat.node.2.llc.avg_miss_lat = 1350.64
stat.node.2.llc.avg_cxl_lat = 1350.57
stat.node.2.llc.miss_lat_hist_bin_ns = 10
stat.node.2.llc.miss_lat_hist = [0,0,0,0,0,0,0,0,0,0,0,0,0,0,0,0,0,0,0,0,0,0,0,0,0,0,36,56,72,55,61,91,76,88,104,121,111,127,138,129,109,139,150,124,132,124,150,145,131,136,124,114,107,162,116,103,100,118,104,115,114,119,106,93,77,66,72,59,75,71,87,66,56,57,55,47,63,43,53,55,58,51,38,46,41,31,37,28,26,18,21,17,16,27,22,36,26,29,25,23,23,21,18,15,7,10,8,7,10,10,6,5,2,0,1,0,0,0,0,0,0,0,0,0,0,1,2,1]
stat.node.2.util.dram_avg = 1.27481e-05
stat.node.2.walltime_s = 41.8801
stat.node.2.active_time_s = 18.203
stat.node.3.llc.cxl_miss = 5964
stat.node.3.llc.total_miss = 5965
stat.node.3.llc.avg_miss_lat = 1350.64
stat.node.3.llc.avg_cxl_lat = 1350.57
stat.node.3.llc.miss_lat_hist_bin_ns = 10
stat.node.3.llc.miss_lat_hist = [0,0,0,0,0,0,0,0,0,0,0,0,0,0,0,0,0,0,0,0,0,0,0,0,0,0,36,56,72,55,61,91,76,88,104,121,111,127,138,129,109,139,150,124,132,124,150,145,131,136,124,114,107,162,116,103,100,118,104,115,114,119,106,93,77,66,72,59,75,71,87,66,56,57,55,47,63,43,53,55,58,51,38,46,41,31,37,28,26,18,21,17,16,27,22,36,26,29,25,23,23,21,18,15,7,10,8,7,10,10,6,5,2,0,1,0,0,0,0,0,0,0,0,0,0,1,2,1]
stat.node.3.util.dram_avg = 1.27481e-05
stat.node.3.walltime_s = 41.8802
stat.node.3.active_time_s = 18.2082
stat.node.4.llc.cxl_miss = 5964
stat.node.4.llc.total_miss = 5965
stat.node.4.llc.avg_miss_lat = 1374.52
stat.node.4.llc.avg_cxl_lat = 1374.38
stat.node.4.llc.miss_lat_hist_bin_ns = 10
stat.node.4.llc.miss_lat_hist = [0,0,0,0,0,0,0,0,0,0,0,0,0,0,0,0,0,0,0,0,0,0,0,0,0,0,23,36,42,52,61,56,73,76,95,108,115,139,124,106,112,117,119,125,152,107,118,140,124,147,131,114,141,151,130,144,119,132,122,109,95,111,107,89,96,87,101,82,76,86,71,75,73,45,64,57,64,40,62,55,56,65,41,33,39,37,33,35,24,26,20,19,14,29,34,37,32,30,20,33,11,17,18,11,12,10,9,5,4,5,6,0,0,0,0,0,0,0,0,0,0,0,2,2]
stat.node.4.util.dram_avg = 1.27478e-05
stat.node.4.walltime_s = 41.8811
stat.node.4.active_time_s = 18.0129
stat.node.5.llc.cxl_miss = 5964
stat.node.5.llc.total_miss = 5965
stat.node.5.llc.avg_miss_lat = 1374.52
stat.node.5.llc.avg_cxl_lat = 1374.38
stat.node.5.llc.miss_lat_hist_bin_ns = 10
stat.node.5.llc.miss_lat_hist = [0,0,0,0,0,0,0,0,0,0,0,0,0,0,0,0,0,0,0,0,0,0,0,0,0,0,23,36,42,52,61,56,73,76,95,108,115,139,124,106,112,117,119,125,152,107,118,140,124,147,131,114,141,151,130,144,119,132,122,109,95,111,107,89,96,87,101,82,76,86,71,75,73,45,64,57,64,40,62,55,56,65,41,33,39,37,33,35,24,26,20,19,14,29,34,37,32,30,20,33,11,17,18,11,12,10,9,5,4,5,6,0,0,0,0,0,0,0,0,0,0,0,2,2]
stat.node.5.util.dram_avg = 1.27478e-05
stat.node.5.walltime_s = 41.8811
stat.node.5.active_time_s = 18.2041
stat.node.7.llc.cxl_miss = 5963
stat.node.7.llc.total_miss = 5964
stat.node.7.llc.avg_miss_lat = 1412.22
stat.node.7.llc.avg_cxl_lat = 1412.17
stat.node.7.llc.miss_lat_hist_bin_ns = 10
stat.node.7.llc.miss_lat_hist = [0,0,0,0,0,0,0,0,0,0,0,0,0,0,0,0,0,0,0,0,0,0,0,0,0,0,30,36,47,39,53,48,65,76,72,80,93,95,109,108,115,115,122,120,82,134,110,128,116,149,132,127,151,146,139,149,116,114,116,99,99,100,83,121,98,87,88,75,103,84,69,82,76,74,89,83,72,63,68,60,79,66,45,48,37,44,46,32,31,41,33,23,14,27,33,21,28,26,24,30,25,13,11,8,14,9,3,11,6,6,5,5,0,0,0,1,0,0,1,0,0,0,3,1,2,1,1,4,0,1]
stat.node.7.util.dram_avg = 1.27352e-05
stat.node.7.walltime_s = 41.9038
stat.node.7.active_time_s = 18.1031
stat.node.6.llc.cxl_miss = 5963
stat.node.6.llc.total_miss = 5964
stat.node.6.llc.avg_miss_lat = 1412.22
stat.node.6.llc.avg_cxl_lat = 1412.17
stat.node.6.llc.miss_lat_hist_bin_ns = 10
stat.node.6.llc.miss_lat_hist = [0,0,0,0,0,0,0,0,0,0,0,0,0,0,0,0,0,0,0,0,0,0,0,0,0,0,30,36,47,39,53,48,65,76,72,80,93,95,109,108,115,115,122,120,82,134,110,128,116,149,132,127,151,146,139,149,116,114,116,99,99,100,83,121,98,87,88,75,103,84,69,82,76,74,89,83,72,63,68,60,79,66,45,48,37,44,46,32,31,41,33,23,14,27,33,21,28,26,24,30,25,13,11,8,14,9,3,11,6,6,5,5,0,0,0,1,0,0,1,0,0,0,3,1,2,1,1,4,0,1]
stat.node.6.util.dram_avg = 1.27352e-05
stat.node.6.walltime_s = 41.9037
stat.node.6.active_time_s = 18.095
stat.pool.101.util.mem_avg = 0.154316
stat.pool.101.util.req_link_avg = 0.666091
stat.pool.101.walltime_s = 41.9038
stat.pool.101.active_time_s = 0.319371
stat.pool.100.util.mem_avg = 0.154316
stat.pool.100.util.req_link_avg = 0.666091
stat.pool.100.walltime_s = 41.9038
stat.pool.100.active_time_s = 0.221174
stat.switch.replicated_messages = 93996
stat.switch.util.node_ingress_avg = 0.0885939
stat.switch.util.pool_ingress_avg = 0.341051
stat.switch.walltime_s = 41.904
stat.switch.active_time_s = 0.583048
Simulation is complete, simulated time: 785.855 us
