stat.node.0.llc.pool_accesses = 18045
stat.node.0.llc.pool_completed = 18044
stat.node.0.llc.avg_pool_roundtrip_lat = 732.886
stat.node.0.llc.cxl_miss = 18021
stat.node.0.llc.total_miss = 18022
stat.node.0.llc.avg_miss_lat = 733.875
stat.node.0.llc.avg_cxl_lat = 733.878
stat.node.0.llc.miss_lat_hist_bin_ns = 10
stat.node.0.llc.miss_lat_hist = [0,0,0,0,0,0,0,0,0,0,0,0,0,0,0,0,0,0,0,0,0,0,0,0,0,0,1979,1991,2488,2487,2254,1880,1390,1100,758,501,348,248,189,127,84,60,42,39,22,10,8,8,3,2,1,1,2]
stat.node.0.util.dram_avg = 5.65679e-06
stat.node.0.fabric.ingress_wait_avg_cycles = 145
stat.node.0.fabric.egress_wait_avg_cycles = 1
stat.node.0.fabric.ingress_wait_max_cycles = 145
stat.node.0.fabric.egress_wait_max_cycles = 1
stat.node.0.fabric.ingress_queue_wait_avg_cycles = 0
stat.node.0.fabric.ingress_queue_wait_max_cycles = 0
stat.node.0.fabric.ingress_occ_bytes = 0
stat.node.0.fabric.ready_wait_avg_cycles = 0
stat.node.0.fabric.ready_wait_max_cycles = 0
stat.node.0.fabric.ready_occ_avg_pkts = 0.00448631
stat.node.0.fabric.ready_occ_pkts = 0
stat.node.0.fabric.ready_occ_max_pkts = 1
stat.node.0.fabric.ready_retry_count = 0
stat.node.0.fabric.rx_bytes.demand_req = 0
stat.node.0.fabric.rx_bytes.write_req = 0
stat.node.0.fabric.rx_bytes.response = 1218176
stat.node.0.fabric.tx_bytes.demand_req = 152080
stat.node.0.fabric.tx_bytes.write_req = 699264
stat.node.0.fabric.tx_bytes.response = 0
stat.node.0.fabric.rx_pkts.demand_req = 0
stat.node.0.fabric.rx_pkts.write_req = 0
stat.node.0.fabric.rx_pkts.response = 19034
stat.node.0.fabric.tx_pkts.demand_req = 19010
stat.node.0.fabric.tx_pkts.write_req = 10926
stat.node.0.fabric.tx_pkts.response = 0
stat.node.0.walltime_s = 90.9034
stat.node.0.active_time_s = 40.1155
stat.node.1.llc.pool_accesses = 18045
stat.node.1.llc.pool_completed = 18044
stat.node.1.llc.avg_pool_roundtrip_lat = 732.886
stat.node.1.llc.cxl_miss = 18021
stat.node.1.llc.total_miss = 18022
stat.node.1.llc.avg_miss_lat = 733.875
stat.node.1.llc.avg_cxl_lat = 733.878
stat.node.1.llc.miss_lat_hist_bin_ns = 10
stat.node.1.llc.miss_lat_hist = [0,0,0,0,0,0,0,0,0,0,0,0,0,0,0,0,0,0,0,0,0,0,0,0,0,0,1979,1991,2488,2487,2254,1880,1390,1100,758,501,348,248,189,127,84,60,42,39,22,10,8,8,3,2,1,1,2]
stat.node.1.util.dram_avg = 5.65679e-06
stat.node.1.fabric.ingress_wait_avg_cycles = 145
stat.node.1.fabric.egress_wait_avg_cycles = 1
stat.node.1.fabric.ingress_wait_max_cycles = 145
stat.node.1.fabric.egress_wait_max_cycles = 1
stat.node.1.fabric.ingress_queue_wait_avg_cycles = 0
stat.node.1.fabric.ingress_queue_wait_max_cycles = 0
stat.node.1.fabric.ingress_occ_bytes = 0
stat.node.1.fabric.ready_wait_avg_cycles = 0
stat.node.1.fabric.ready_wait_max_cycles = 0
stat.node.1.fabric.ready_occ_avg_pkts = 0.00448631
stat.node.1.fabric.ready_occ_pkts = 0
stat.node.1.fabric.ready_occ_max_pkts = 1
stat.node.1.fabric.ready_retry_count = 0
stat.node.1.fabric.rx_bytes.demand_req = 0
stat.node.1.fabric.rx_bytes.write_req = 0
stat.node.1.fabric.rx_bytes.response = 1218176
stat.node.1.fabric.tx_bytes.demand_req = 152080
stat.node.1.fabric.tx_bytes.write_req = 699264
stat.node.1.fabric.tx_bytes.response = 0
stat.node.1.fabric.rx_pkts.demand_req = 0
stat.node.1.fabric.rx_pkts.write_req = 0
stat.node.1.fabric.rx_pkts.response = 19034
stat.node.1.fabric.tx_pkts.demand_req = 19010
stat.node.1.fabric.tx_pkts.write_req = 10926
stat.node.1.fabric.tx_pkts.response = 0
stat.node.1.walltime_s = 90.9034
stat.node.1.active_time_s = 40.3527
stat.node.2.llc.pool_accesses = 18045
stat.node.2.llc.pool_completed = 18044
stat.node.2.llc.avg_pool_roundtrip_lat = 738.131
stat.node.2.llc.cxl_miss = 18021
stat.node.2.llc.total_miss = 18022
stat.node.2.llc.avg_miss_lat = 739.12
stat.node.2.llc.avg_cxl_lat = 739.125
stat.node.2.llc.miss_lat_hist_bin_ns = 10
stat.node.2.llc.miss_lat_hist = [0,0,0,0,0,0,0,0,0,0,0,0,0,0,0,0,0,0,0,0,0,0,0,0,0,0,2170,2078,2471,2267,1978,1629,1315,1018,792,616,450,352,238,181,122,106,64,47,38,37,15,9,7,9,3,2,0,2,4,1,1]
stat.node.2.util.dram_avg = 5.65423e-06
stat.node.2.fabric.ingress_wait_avg_cycles = 145
stat.node.2.fabric.egress_wait_avg_cycles = 1
stat.node.2.fabric.ingress_wait_max_cycles = 145
stat.node.2.fabric.egress_wait_max_cycles = 1
stat.node.2.fabric.ingress_queue_wait_avg_cycles = 0
stat.node.2.fabric.ingress_queue_wait_max_cycles = 0
stat.node.2.fabric.ingress_occ_bytes = 0
stat.node.2.fabric.ready_wait_avg_cycles = 0
stat.node.2.fabric.ready_wait_max_cycles = 0
stat.node.2.fabric.ready_occ_avg_pkts = 0.00448428
stat.node.2.fabric.ready_occ_pkts = 0
stat.node.2.fabric.ready_occ_max_pkts = 1
stat.node.2.fabric.ready_retry_count = 0
stat.node.2.fabric.rx_bytes.demand_req = 0
stat.node.2.fabric.rx_bytes.write_req = 0
stat.node.2.fabric.rx_bytes.response = 1218176
stat.node.2.fabric.tx_bytes.demand_req = 152080
stat.node.2.fabric.tx_bytes.write_req = 699264
stat.node.2.fabric.tx_bytes.response = 0
stat.node.2.fabric.rx_pkts.demand_req = 0
stat.node.2.fabric.rx_pkts.write_req = 0
stat.node.2.fabric.rx_pkts.response = 19034
stat.node.2.fabric.tx_pkts.demand_req = 19010
stat.node.2.fabric.tx_pkts.write_req = 10926
stat.node.2.fabric.tx_pkts.response = 0
stat.node.2.walltime_s = 90.9287
stat.node.2.active_time_s = 39.3753
stat.node.3.llc.pool_accesses = 18045
stat.node.3.llc.pool_completed = 18044
stat.node.3.llc.avg_pool_roundtrip_lat = 738.131
stat.node.3.llc.cxl_miss = 18021
stat.node.3.llc.total_miss = 18022
stat.node.3.llc.avg_miss_lat = 739.12
stat.node.3.llc.avg_cxl_lat = 739.125
stat.node.3.llc.miss_lat_hist_bin_ns = 10
stat.node.3.llc.miss_lat_hist = [0,0,0,0,0,0,0,0,0,0,0,0,0,0,0,0,0,0,0,0,0,0,0,0,0,0,2170,2078,2471,2267,1978,1629,1315,1018,792,616,450,352,238,181,122,106,64,47,38,37,15,9,7,9,3,2,0,2,4,1,1]
stat.node.3.util.dram_avg = 5.65423e-06
stat.node.3.fabric.ingress_wait_avg_cycles = 145
stat.node.3.fabric.egress_wait_avg_cycles = 1
stat.node.3.fabric.ingress_wait_max_cycles = 145
stat.node.3.fabric.egress_wait_max_cycles = 1
stat.node.3.fabric.ingress_queue_wait_avg_cycles = 0
stat.node.3.fabric.ingress_queue_wait_max_cycles = 0
stat.node.3.fabric.ingress_occ_bytes = 0
stat.node.3.fabric.ready_wait_avg_cycles = 0
stat.node.3.fabric.ready_wait_max_cycles = 0
stat.node.3.fabric.ready_occ_avg_pkts = 0.00448428
stat.node.3.fabric.ready_occ_pkts = 0
stat.node.3.fabric.ready_occ_max_pkts = 1
stat.node.3.fabric.ready_retry_count = 0
stat.node.3.fabric.rx_bytes.demand_req = 0
stat.node.3.fabric.rx_bytes.write_req = 0
stat.node.3.fabric.rx_bytes.response = 1218176
stat.node.3.fabric.tx_bytes.demand_req = 152080
stat.node.3.fabric.tx_bytes.write_req = 699264
stat.node.3.fabric.tx_bytes.response = 0
stat.node.3.fabric.rx_pkts.demand_req = 0
stat.node.3.fabric.rx_pkts.write_req = 0
stat.node.3.fabric.rx_pkts.response = 19034
stat.node.3.fabric.tx_pkts.demand_req = 19010
stat.node.3.fabric.tx_pkts.write_req = 10926
stat.node.3.fabric.tx_pkts.response = 0
stat.node.3.walltime_s = 90.9289
stat.node.3.active_time_s = 39.9167
stat.node.4.llc.pool_accesses = 18045
stat.node.4.llc.pool_completed = 18044
stat.node.4.llc.avg_pool_roundtrip_lat = 738.581
stat.node.4.llc.cxl_miss = 18021
stat.node.4.llc.total_miss = 18022
stat.node.4.llc.avg_miss_lat = 739.572
stat.node.4.llc.avg_cxl_lat = 739.575
stat.node.4.llc.miss_lat_hist_bin_ns = 10
stat.node.4.llc.miss_lat_hist = [0,0,0,0,0,0,0,0,0,0,0,0,0,0,0,0,0,0,0,0,0,0,0,0,0,0,1977,1957,2503,2356,2076,1722,1390,1021,811,637,456,321,241,164,104,80,52,43,31,27,13,10,6,6,6,1,3,2,2,4]
stat.node.4.util.dram_avg = 5.64956e-06
stat.node.4.fabric.ingress_wait_avg_cycles = 145
stat.node.4.fabric.egress_wait_avg_cycles = 1
stat.node.4.fabric.ingress_wait_max_cycles = 145
stat.node.4.fabric.egress_wait_max_cycles = 1
stat.node.4.fabric.ingress_queue_wait_avg_cycles = 0
stat.node.4.fabric.ingress_queue_wait_max_cycles = 0
stat.node.4.fabric.ingress_occ_bytes = 0
stat.node.4.fabric.ready_wait_avg_cycles = 0
stat.node.4.fabric.ready_wait_max_cycles = 0
stat.node.4.fabric.ready_occ_avg_pkts = 0.00448058
stat.node.4.fabric.ready_occ_pkts = 0
stat.node.4.fabric.ready_occ_max_pkts = 1
stat.node.4.fabric.ready_retry_count = 0
stat.node.5.llc.pool_accesses = 18045
stat.node.5.llc.pool_completed = 18044
stat.node.5.llc.avg_pool_roundtrip_lat = 738.581
stat.node.5.llc.cxl_miss = 18021
stat.node.5.llc.total_miss = 18022
stat.node.5.llc.avg_miss_lat = 739.572
stat.node.5.llc.avg_cxl_lat = 739.575
stat.node.5.llc.miss_lat_hist_bin_ns = 10
stat.node.5.llc.miss_lat_hist = [0,0,0,0,0,0,0,0,0,0,0,0,0,0,0,0,0,0,0,0,0,0,0,0,0,0,1977,1957,2503,2356,2076,1722,1390,1021,811,637,456,321,241,164,104,80,52,43,31,27,13,10,6,6,6,1,3,2,2,4]
stat.node.5.util.dram_avg = 5.64956e-06
stat.node.5.fabric.ingress_wait_avg_cycles = 145
stat.node.5.fabric.egress_wait_avg_cycles = 1
stat.node.5.fabric.ingress_wait_max_cycles = 145
stat.node.5.fabric.egress_wait_max_cycles = 1
stat.node.5.fabric.ingress_queue_wait_avg_cycles = 0
stat.node.5.fabric.ingress_queue_wait_max_cycles = 0
stat.node.5.fabric.ingress_occ_bytes = 0
stat.node.5.fabric.ready_wait_avg_cycles = 0
stat.node.5.fabric.ready_wait_max_cycles = 0
stat.node.5.fabric.ready_occ_avg_pkts = 0.00448058
stat.node.5.fabric.ready_occ_pkts = 0
stat.node.5.fabric.ready_occ_max_pkts = 1
stat.node.5.fabric.ready_retry_count = 0
stat.node.5.fabric.rx_bytes.demand_req = 0
stat.node.5.fabric.rx_bytes.write_req = 0
stat.node.5.fabric.rx_bytes.response = 1218176
stat.node.4.fabric.rx_bytes.demand_req = 0
stat.node.4.fabric.rx_bytes.write_req = 0
stat.node.4.fabric.rx_bytes.response = 1218176
stat.node.4.fabric.tx_bytes.demand_req = 152080
stat.node.4.fabric.tx_bytes.write_req = 699264
stat.node.4.fabric.tx_bytes.response = 0
stat.node.4.fabric.rx_pkts.demand_req = 0
stat.node.4.fabric.rx_pkts.write_req = 0
stat.node.4.fabric.rx_pkts.response = 19034
stat.node.4.fabric.tx_pkts.demand_req = 19010
stat.node.5.fabric.tx_bytes.demand_req = 152080
stat.node.5.fabric.tx_bytes.write_req = 699264
stat.node.5.fabric.tx_bytes.response = 0
stat.node.5.fabric.rx_pkts.demand_req = 0
stat.node.5.fabric.rx_pkts.write_req = 0
stat.node.5.fabric.rx_pkts.response = 19034
stat.node.4.fabric.tx_pkts.write_req = 10926
stat.node.4.fabric.tx_pkts.response = 0
stat.node.4.walltime_s = 90.9736
stat.node.4.active_time_s = 42.6505
stat.node.5.fabric.tx_pkts.demand_req = 19010
stat.node.5.fabric.tx_pkts.write_req = 10926
stat.node.5.fabric.tx_pkts.response = 0
stat.node.5.walltime_s = 90.9737
stat.node.5.active_time_s = 40.0451
stat.node.6.llc.pool_accesses = 18045
stat.node.6.llc.pool_completed = 18044
stat.node.6.llc.avg_pool_roundtrip_lat = 739.463
stat.node.6.llc.cxl_miss = 18021
stat.node.6.llc.total_miss = 18022
stat.node.6.llc.avg_miss_lat = 740.454
stat.node.6.llc.avg_cxl_lat = 740.456
stat.node.6.llc.miss_lat_hist_bin_ns = 10
stat.node.6.llc.miss_lat_hist = [0,0,0,0,0,0,0,0,0,0,0,0,0,0,0,0,0,0,0,0,0,0,0,0,0,0,2027,2020,2485,2360,2023,1637,1311,986,823,632,481,316,260,175,148,90,76,49,32,21,20,15,14,11,6,1,0,0,2,1]
stat.node.6.util.dram_avg = 5.64569e-06
stat.node.6.fabric.ingress_wait_avg_cycles = 145
stat.node.6.fabric.egress_wait_avg_cycles = 1
stat.node.6.fabric.ingress_wait_max_cycles = 145
stat.node.6.fabric.egress_wait_max_cycles = 1
stat.node.6.fabric.ingress_queue_wait_avg_cycles = 0
stat.node.6.fabric.ingress_queue_wait_max_cycles = 0
stat.node.6.fabric.ingress_occ_bytes = 0
stat.node.6.fabric.ready_wait_avg_cycles = 0
stat.node.6.fabric.ready_wait_max_cycles = 0
stat.node.7.llc.pool_accesses = 18045
stat.node.7.llc.pool_completed = 18044
stat.node.7.llc.avg_pool_roundtrip_lat = 739.463
stat.node.7.llc.cxl_miss = 18021
stat.node.7.llc.total_miss = 18022
stat.node.7.llc.avg_miss_lat = 740.454
stat.node.7.llc.avg_cxl_lat = 740.456
stat.node.7.llc.miss_lat_hist_bin_ns = 10
stat.node.7.llc.miss_lat_hist = [0,0,0,0,0,0,0,0,0,0,0,0,0,0,0,0,0,0,0,0,0,0,0,0,0,0,2027,2020,2485,2360,2023,1637,1311,986,823,632,481,316,260,175,148,90,76,49,32,21,20,15,14,11,6,1,0,0,2,1]
stat.node.7.util.dram_avg = 5.64569e-06
stat.node.7.fabric.ingress_wait_avg_cycles = 145
stat.node.7.fabric.egress_wait_avg_cycles = 1
stat.node.7.fabric.ingress_wait_max_cycles = 145
stat.node.7.fabric.egress_wait_max_cycles = 1
stat.node.7.fabric.ingress_queue_wait_avg_cycles = 0
stat.node.7.fabric.ingress_queue_wait_max_cycles = 0
stat.node.7.fabric.ingress_occ_bytes = 0
stat.node.7.fabric.ready_wait_avg_cycles = 0
stat.node.7.fabric.ready_wait_max_cycles = 0
stat.node.7.fabric.ready_occ_avg_pkts = 0.0044775
stat.node.7.fabric.ready_occ_pkts = 0
stat.node.7.fabric.ready_occ_max_pkts = 1
stat.node.7.fabric.ready_retry_count = 0
stat.node.7.fabric.rx_bytes.demand_req = 0
stat.node.7.fabric.rx_bytes.write_req = 0
stat.node.7.fabric.rx_bytes.response = 1218176
stat.node.7.fabric.tx_bytes.demand_req = 152080
stat.node.6.fabric.ready_occ_avg_pkts = 0.0044775
stat.node.6.fabric.ready_occ_pkts = 0
stat.node.6.fabric.ready_occ_max_pkts = 1
stat.node.6.fabric.ready_retry_count = 0
stat.node.6.fabric.rx_bytes.demand_req = 0
stat.node.6.fabric.rx_bytes.write_req = 0
stat.node.6.fabric.rx_bytes.response = 1218176
stat.node.7.fabric.tx_bytes.write_req = 699264
stat.node.7.fabric.tx_bytes.response = 0
stat.node.7.fabric.rx_pkts.demand_req = 0
stat.node.7.fabric.rx_pkts.write_req = 0
stat.node.7.fabric.rx_pkts.response = 19034
stat.node.6.fabric.tx_bytes.demand_req = 152080
stat.node.6.fabric.tx_bytes.write_req = 699264
stat.node.6.fabric.tx_bytes.response = 0
stat.node.6.fabric.rx_pkts.demand_req = 0
stat.node.6.fabric.rx_pkts.write_req = 0
stat.node.6.fabric.rx_pkts.response = 19034
stat.node.6.fabric.tx_pkts.demand_req = 19010
stat.node.6.fabric.tx_pkts.write_req = 10926
stat.node.6.fabric.tx_pkts.response = 0
stat.node.6.walltime_s = 91.0097
stat.node.6.active_time_s = 40.2969
stat.node.7.fabric.tx_pkts.demand_req = 19010
stat.node.7.fabric.tx_pkts.write_req = 10926
stat.node.7.fabric.tx_pkts.response = 0
stat.node.7.walltime_s = 91.0097
stat.node.7.active_time_s = 42.7136
stat.pool.101.util.mem_avg = 0.153882
stat.pool.101.util.req_link_avg = 0.569964
stat.pool.101.fabric.ingress_wait_avg_cycles = 199.17
stat.pool.101.fabric.egress_wait_avg_cycles = 1
stat.pool.101.fabric.ingress_wait_max_cycles = 912
stat.pool.101.fabric.egress_wait_max_cycles = 1
stat.pool.101.fabric.ingress_queue_wait_avg_cycles = 63.947
stat.pool.101.fabric.ingress_queue_wait_max_cycles = 788
stat.pool.101.fabric.ingress_occ_bytes = 0
stat.pool.101.fabric.ready_wait_avg_cycles = 0
stat.pool.101.fabric.ready_wait_max_cycles = 0
stat.pool.101.fabric.ready_occ_avg_pkts = 0.0384704
stat.pool.101.fabric.ready_occ_pkts = 0
stat.pool.101.fabric.ready_occ_max_pkts = 1
stat.pool.101.fabric.ready_retry_count = 0
stat.pool.101.fabric.rx_bytes.demand_req = 608312
stat.pool.101.fabric.rx_bytes.write_req = 5593600
stat.pool.101.fabric.rx_bytes.response = 0
stat.pool.101.fabric.tx_bytes.demand_req = 0
stat.pool.101.fabric.tx_bytes.write_req = 0
stat.pool.101.fabric.tx_bytes.response = 4872896
stat.pool.101.fabric.rx_pkts.demand_req = 76039
stat.pool.101.fabric.rx_pkts.write_req = 87400
stat.pool.101.fabric.rx_pkts.response = 0
stat.pool.101.fabric.tx_pkts.demand_req = 0
stat.pool.101.fabric.tx_pkts.write_req = 0
stat.pool.101.fabric.tx_pkts.response = 76139
stat.pool.101.walltime_s = 91.0098
stat.pool.101.active_time_s = 0.732837
stat.pool.100.util.mem_avg = 0.153882
stat.pool.100.util.req_link_avg = 0.569964
stat.pool.100.fabric.ingress_wait_avg_cycles = 199.17
stat.pool.100.fabric.egress_wait_avg_cycles = 1
stat.pool.100.fabric.ingress_wait_max_cycles = 912
stat.pool.100.fabric.egress_wait_max_cycles = 1
stat.pool.100.fabric.ingress_queue_wait_avg_cycles = 63.947
stat.pool.100.fabric.ingress_queue_wait_max_cycles = 788
stat.pool.100.fabric.ingress_occ_bytes = 0
stat.pool.100.fabric.ready_wait_avg_cycles = 0
stat.pool.100.fabric.ready_wait_max_cycles = 0
stat.pool.100.fabric.ready_occ_avg_pkts = 0.0384704
stat.pool.100.fabric.ready_occ_pkts = 0
stat.pool.100.fabric.ready_occ_max_pkts = 1
stat.pool.100.fabric.ready_retry_count = 0
stat.pool.100.fabric.rx_bytes.demand_req = 608312
stat.pool.100.fabric.rx_bytes.write_req = 5593600
stat.pool.100.fabric.rx_bytes.response = 0
stat.pool.100.fabric.tx_bytes.demand_req = 0
stat.pool.100.fabric.tx_bytes.write_req = 0
stat.pool.100.fabric.tx_bytes.response = 4872896
stat.pool.100.fabric.rx_pkts.demand_req = 76039
stat.pool.100.fabric.rx_pkts.write_req = 87400
stat.pool.100.fabric.rx_pkts.response = 0
stat.pool.100.fabric.tx_pkts.demand_req = 0
stat.pool.100.fabric.tx_pkts.write_req = 0
stat.pool.100.fabric.tx_pkts.response = 76139
stat.pool.100.walltime_s = 91.0098
stat.pool.100.active_time_s = 0.554593
stat.switch.replicated_messages = 174800
stat.switch.util.node_ingress_avg = 0.0782437
stat.switch.util.pool_ingress_avg = 0.447768
stat.switch.fabric.node_ingress_wait_avg_cycles = 132.693
stat.switch.fabric.node_egress_wait_avg_cycles = 1
stat.switch.fabric.pool_ingress_wait_avg_cycles = 187.194
stat.switch.fabric.pool_egress_wait_avg_cycles = 1
stat.switch.fabric.node_ingress_queue_wait_avg_cycles = 1.03526
stat.switch.fabric.pool_ingress_queue_wait_avg_cycles = 42.194
stat.switch.fabric.node_ready_wait_avg_cycles = 0
stat.switch.fabric.pool_ready_wait_avg_cycles = 0
stat.switch.fabric.node_ingress_wait_max_cycles = 169
stat.switch.fabric.node_egress_wait_max_cycles = 1
stat.switch.fabric.pool_ingress_wait_max_cycles = 842
stat.switch.fabric.pool_egress_wait_max_cycles = 1
stat.switch.fabric.node_ingress_queue_wait_max_cycles = 44
stat.switch.fabric.pool_ingress_queue_wait_max_cycles = 697
stat.switch.fabric.node_ready_wait_max_cycles = 0
stat.switch.fabric.pool_ready_wait_max_cycles = 0
stat.switch.fabric.node_ingress_occ_bytes = 528
stat.switch.fabric.pool_ingress_occ_bytes = 0
stat.switch.fabric.node_ready_occ_avg_pkts = 0.00704764
stat.switch.fabric.pool_ready_occ_avg_pkts = 0.0179107
stat.switch.fabric.node_ready_occ_pkts = 0
stat.switch.fabric.pool_ready_occ_pkts = 0
stat.switch.fabric.node_ready_occ_max_pkts = 1
stat.switch.fabric.pool_ready_occ_max_pkts = 1
stat.switch.fabric.node_ready_retry_count = 0
stat.switch.fabric.pool_ready_retry_count = 0
stat.switch.fabric.node_rx_bytes.demand_req = 1216640
stat.switch.fabric.node_rx_bytes.write_req = 5594112
stat.switch.fabric.node_rx_bytes.response = 0
stat.switch.fabric.node_tx_bytes.demand_req = 0
stat.switch.fabric.node_tx_bytes.write_req = 0
stat.switch.fabric.node_tx_bytes.response = 9745792
stat.switch.fabric.pool_rx_bytes.demand_req = 0
stat.switch.fabric.pool_rx_bytes.write_req = 0
stat.switch.fabric.pool_rx_bytes.response = 9745792
stat.switch.fabric.pool_tx_bytes.demand_req = 1216624
stat.switch.fabric.pool_tx_bytes.write_req = 11187200
stat.switch.fabric.pool_tx_bytes.response = 0
stat.switch.fabric.node_rx_pkts.demand_req = 152080
stat.switch.fabric.node_rx_pkts.write_req = 87408
stat.switch.fabric.node_rx_pkts.response = 0
stat.switch.fabric.node_tx_pkts.demand_req = 0
stat.switch.fabric.node_tx_pkts.write_req = 0
stat.switch.fabric.node_tx_pkts.response = 152278
stat.switch.fabric.pool_rx_pkts.demand_req = 0
stat.switch.fabric.pool_rx_pkts.write_req = 0
stat.switch.fabric.pool_rx_pkts.response = 152278
stat.switch.fabric.pool_tx_pkts.demand_req = 152078
stat.switch.fabric.pool_tx_pkts.write_req = 174800
stat.switch.fabric.pool_tx_pkts.response = 0
stat.switch.bw.host_to_switch_gbps = 3.84604
stat.switch.bw.switch_to_host_gbps = 5.50217
stat.switch.bw.host_link_total_gbps = 9.34821
stat.switch.walltime_s = 91.0102
stat.switch.active_time_s = 1.45393
Simulation is complete, simulated time: 1.77268 ms
