stat.node.1.llc.pool_accesses = 11879
stat.node.1.llc.pool_completed = 11878
stat.node.1.llc.avg_pool_roundtrip_lat = 845.4
stat.node.1.llc.cxl_miss = 11840
stat.node.1.llc.total_miss = 11840
stat.node.1.llc.avg_miss_lat = 846.547
stat.node.1.llc.avg_cxl_lat = 846.547
stat.node.1.llc.miss_lat_hist_bin_ns = 10
stat.node.1.llc.miss_lat_hist = [0,0,0,0,0,0,0,0,0,0,0,0,0,0,0,0,0,0,0,0,0,0,0,0,0,0,2029,1517,998,759,625,462,420,405,419,373,320,285,243,254,221,198,186,181,154,152,125,140,121,97,75,68,75,83,85,64,53,63,58,46,28,31,21,38,39,27,23,23,18,18,16,23,13,13,13,8,12,5,6,10,5,3,6,8,3,4,6,6,8,5,7,6,6,6,3,2,3,2,0,2,0,2,0,0,0,1,2,1,0,2,0,1,1]
stat.node.1.util.dram_avg = 6.86102e-06
stat.node.1.fabric.ingress_wait_avg_cycles = 145
stat.node.1.fabric.egress_wait_avg_cycles = 1
stat.node.1.fabric.ingress_wait_max_cycles = 145
stat.node.1.fabric.egress_wait_max_cycles = 1
stat.node.1.fabric.ingress_queue_wait_avg_cycles = 0
stat.node.1.fabric.ingress_queue_wait_max_cycles = 0
stat.node.1.fabric.ingress_occ_bytes = 0
stat.node.1.fabric.ready_wait_avg_cycles = 0
stat.node.1.fabric.ready_wait_max_cycles = 0
stat.node.1.fabric.ready_occ_avg_pkts = 0.00358403
stat.node.1.fabric.ready_occ_pkts = 0
stat.node.1.fabric.ready_occ_max_pkts = 1
stat.node.1.fabric.ready_retry_count = 0
stat.node.1.fabric.ingress_arrival_burst_max_pkts = 1
stat.node.1.fabric.ingress_arrival_burst_max_bytes = 64
stat.node.1.fabric.ingress_arrival_burst_avg_pkts = 1
stat.node.1.fabric.ingress_arrival_burst_avg_bytes = 64
stat.node.1.fabric.ingress_arrival_burst_stddev_pkts = 0
stat.node.1.fabric.ingress_arrival_burst_stddev_bytes = 0
stat.node.1.fabric.ingress_arrival_nonempty_frac = 0.00358403
stat.node.1.fabric.ingress_arrival_run_max_cycles = 1
stat.node.1.fabric.ingress_arrival_run_avg_cycles = 1
stat.node.1.fabric.ingress_arrival_run_stddev_cycles = 0
stat.node.1.fabric.ingress_arrival_gap_max_cycles = 2299
stat.node.1.fabric.ingress_arrival_gap_avg_cycles = 236.132
stat.node.1.fabric.ingress_arrival_gap_stddev_cycles = 346.78
stat.node.1.fabric.ingress_release_burst_max_pkts = 1
stat.node.1.fabric.ingress_release_burst_max_bytes = 64
stat.node.1.fabric.ingress_release_burst_avg_pkts = 1
stat.node.1.fabric.ingress_release_burst_avg_bytes = 64
stat.node.1.fabric.ingress_release_burst_stddev_pkts = 0
stat.node.1.fabric.ingress_release_burst_stddev_bytes = 0
stat.node.1.fabric.ingress_release_nonempty_frac = 0.00358403
stat.node.1.fabric.ingress_release_run_max_cycles = 1
stat.node.1.fabric.ingress_release_run_avg_cycles = 1
stat.node.1.fabric.ingress_release_run_stddev_cycles = 0
stat.node.1.fabric.ingress_release_gap_max_cycles = 2299
stat.node.1.fabric.ingress_release_gap_avg_cycles = 236.115
stat.node.1.fabric.ingress_release_gap_stddev_cycles = 346.772
stat.node.1.fabric.ingress_occ_avg_bytes = 33.0304
stat.node.1.fabric.ingress_occ_stddev_bytes = 67.6985
stat.node.1.fabric.ingress_occ_max_bytes = 384
stat.node.1.fabric.ingress_occ_nonempty_frac = 0.246064
stat.node.1.fabric.ingress_occ_run_max_cycles = 1019
stat.node.1.fabric.ingress_occ_run_avg_cycles = 244.597
stat.node.1.fabric.ingress_occ_run_stddev_cycles = 95.1647
stat.node.1.fabric.ingress_occ_gap_max_cycles = 2156
stat.node.1.fabric.ingress_occ_gap_avg_cycles = 600.203
stat.node.1.fabric.ingress_occ_gap_stddev_cycles = 263.349
stat.node.1.fabric.rx_bytes.demand_req = 0
stat.node.1.fabric.rx_bytes.write_req = 0
stat.node.1.fabric.rx_bytes.response = 802368
stat.node.1.fabric.tx_bytes.demand_req = 99968
stat.node.1.fabric.tx_bytes.write_req = 534208
stat.node.1.fabric.tx_bytes.response = 0
stat.node.1.fabric.rx_pkts.demand_req = 0
stat.node.1.fabric.rx_pkts.write_req = 0
stat.node.1.fabric.rx_pkts.response = 12537
stat.node.1.fabric.tx_pkts.demand_req = 12496
stat.node.1.fabric.tx_pkts.write_req = 8347
stat.node.1.fabric.tx_pkts.response = 0
stat.node.1.walltime_s = 79.1928
stat.node.1.active_time_s = 33.726
stat.node.0.llc.pool_accesses = 11879
stat.node.0.llc.pool_completed = 11878
stat.node.0.llc.avg_pool_roundtrip_lat = 796.842
stat.node.0.llc.cxl_miss = 11840
stat.node.0.llc.total_miss = 11840
stat.node.0.llc.avg_miss_lat = 797.878
stat.node.0.llc.avg_cxl_lat = 797.878
stat.node.0.llc.miss_lat_hist_bin_ns = 10
stat.node.0.llc.miss_lat_hist = [0,0,0,0,0,0,0,0,0,0,0,0,0,0,0,0,0,0,0,0,0,0,0,0,0,0,2002,1806,1315,883,761,556,454,435,402,326,290,223,224,195,218,145,144,141,145,126,126,104,77,82,63,68,55,55,38,37,46,29,30,23,15,19,19,24,18,12,9,9,6,9,3,1,4,7,2,5,4,1,2,4,6,4,5,3,4,2,4,1,3,1,0,1,2,0,1,0,0,2,1,1,1,1]
stat.node.0.util.dram_avg = 6.86078e-06
stat.node.0.fabric.ingress_wait_avg_cycles = 145
stat.node.0.fabric.egress_wait_avg_cycles = 1
stat.node.0.fabric.ingress_wait_max_cycles = 145
stat.node.0.fabric.egress_wait_max_cycles = 1
stat.node.0.fabric.ingress_queue_wait_avg_cycles = 0
stat.node.0.fabric.ingress_queue_wait_max_cycles = 0
stat.node.0.fabric.ingress_occ_bytes = 0
stat.node.0.fabric.ready_wait_avg_cycles = 0
stat.node.0.fabric.ready_wait_max_cycles = 0
stat.node.0.fabric.ready_occ_avg_pkts = 0.0035839
stat.node.0.fabric.ready_occ_pkts = 0
stat.node.0.fabric.ready_occ_max_pkts = 1
stat.node.0.fabric.ready_retry_count = 0
stat.node.0.fabric.ingress_arrival_burst_max_pkts = 1
stat.node.0.fabric.ingress_arrival_burst_max_bytes = 64
stat.node.0.fabric.ingress_arrival_burst_avg_pkts = 1
stat.node.0.fabric.ingress_arrival_burst_avg_bytes = 64
stat.node.0.fabric.ingress_arrival_burst_stddev_pkts = 0
stat.node.0.fabric.ingress_arrival_burst_stddev_bytes = 0
stat.node.0.fabric.ingress_arrival_nonempty_frac = 0.0035839
stat.node.0.fabric.ingress_arrival_run_max_cycles = 1
stat.node.0.fabric.ingress_arrival_run_avg_cycles = 1
stat.node.0.fabric.ingress_arrival_run_stddev_cycles = 0
stat.node.0.fabric.ingress_arrival_gap_max_cycles = 2674
stat.node.0.fabric.ingress_arrival_gap_avg_cycles = 236.144
stat.node.0.fabric.ingress_arrival_gap_stddev_cycles = 348.478
stat.node.0.fabric.ingress_release_burst_max_pkts = 1
stat.node.0.fabric.ingress_release_burst_max_bytes = 64
stat.node.0.fabric.ingress_release_burst_avg_pkts = 1
stat.node.0.fabric.ingress_release_burst_avg_bytes = 64
stat.node.0.fabric.ingress_release_burst_stddev_pkts = 0
stat.node.0.fabric.ingress_release_burst_stddev_bytes = 0
stat.node.0.fabric.ingress_release_nonempty_frac = 0.0035839
stat.node.0.fabric.ingress_release_run_max_cycles = 1
stat.node.0.fabric.ingress_release_run_avg_cycles = 1
stat.node.0.fabric.ingress_release_run_stddev_cycles = 0
stat.node.0.fabric.ingress_release_gap_max_cycles = 2674
stat.node.0.fabric.ingress_release_gap_avg_cycles = 236.127
stat.node.0.fabric.ingress_release_gap_stddev_cycles = 348.469
stat.node.0.fabric.ingress_occ_avg_bytes = 33.0292
stat.node.0.fabric.ingress_occ_stddev_bytes = 67.4463
stat.node.0.fabric.ingress_occ_max_bytes = 384
stat.node.0.fabric.ingress_occ_nonempty_frac = 0.247061
stat.node.0.fabric.ingress_occ_run_max_cycles = 948
stat.node.0.fabric.ingress_occ_run_avg_cycles = 247.001
stat.node.0.fabric.ingress_occ_run_stddev_cycles = 95.6176
stat.node.0.fabric.ingress_occ_gap_max_cycles = 2531
stat.node.0.fabric.ingress_occ_gap_avg_cycles = 602.671
stat.node.0.fabric.ingress_occ_gap_stddev_cycles = 270.754
stat.node.0.fabric.rx_bytes.demand_req = 0
stat.node.0.fabric.rx_bytes.write_req = 0
stat.node.0.fabric.rx_bytes.response = 802368
stat.node.0.fabric.tx_bytes.demand_req = 99968
stat.node.0.fabric.tx_bytes.write_req = 534208
stat.node.0.fabric.tx_bytes.response = 0
stat.node.0.fabric.rx_pkts.demand_req = 0
stat.node.0.fabric.rx_pkts.write_req = 0
stat.node.0.fabric.rx_pkts.response = 12537
stat.node.0.fabric.tx_pkts.demand_req = 12496
stat.node.0.fabric.tx_pkts.write_req = 8347
stat.node.0.fabric.tx_pkts.response = 0
stat.node.0.walltime_s = 79.1949
stat.node.0.active_time_s = 34.3782
stat.node.3.llc.pool_accesses = 11879
stat.node.3.llc.pool_completed = 11878
stat.node.3.llc.avg_pool_roundtrip_lat = 851.125
stat.node.3.llc.cxl_miss = 11840
stat.node.3.llc.total_miss = 11840
stat.node.3.llc.avg_miss_lat = 852.109
stat.node.3.llc.avg_cxl_lat = 852.109
stat.node.3.llc.miss_lat_hist_bin_ns = 10
stat.node.3.llc.miss_lat_hist = [0,0,0,0,0,0,0,0,0,0,0,0,0,0,0,0,0,0,0,0,0,0,0,0,0,0,1498,1143,874,753,682,658,547,497,505,467,410,369,338,274,270,255,194,217,193,162,141,133,116,101,111,109,103,83,72,61,61,42,39,38,32,23,30,25,14,13,21,15,7,12,8,21,20,7,14,4,3,10,5,4,5,2,3,3,3,3,2,1,2,1,2,0,0,2,1,1,0,0,0,0,0,1,0,1,0,0,0,0,0,0,0,1,1,1]
stat.node.3.util.dram_avg = 6.86053e-06
stat.node.3.fabric.ingress_wait_avg_cycles = 145
stat.node.3.fabric.egress_wait_avg_cycles = 1
stat.node.3.fabric.ingress_wait_max_cycles = 145
stat.node.3.fabric.egress_wait_max_cycles = 1
stat.node.3.fabric.ingress_queue_wait_avg_cycles = 0
stat.node.3.fabric.ingress_queue_wait_max_cycles = 0
stat.node.3.fabric.ingress_occ_bytes = 0
stat.node.3.fabric.ready_wait_avg_cycles = 0
stat.node.3.fabric.ready_wait_max_cycles = 0
stat.node.3.fabric.ready_occ_avg_pkts = 0.00358377
stat.node.3.fabric.ready_occ_pkts = 0
stat.node.3.fabric.ready_occ_max_pkts = 1
stat.node.3.fabric.ready_retry_count = 0
stat.node.3.fabric.ingress_arrival_burst_max_pkts = 1
stat.node.3.fabric.ingress_arrival_burst_max_bytes = 64
stat.node.3.fabric.ingress_arrival_burst_avg_pkts = 1
stat.node.3.fabric.ingress_arrival_burst_avg_bytes = 64
stat.node.3.fabric.ingress_arrival_burst_stddev_pkts = 0
stat.node.3.fabric.ingress_arrival_burst_stddev_bytes = 0
stat.node.3.fabric.ingress_arrival_nonempty_frac = 0.00358377
stat.node.3.fabric.ingress_arrival_run_max_cycles = 1
stat.node.3.fabric.ingress_arrival_run_avg_cycles = 1
stat.node.3.fabric.ingress_arrival_run_stddev_cycles = 0
stat.node.3.fabric.ingress_arrival_gap_max_cycles = 1924
stat.node.3.fabric.ingress_arrival_gap_avg_cycles = 236.148
stat.node.3.fabric.ingress_arrival_gap_stddev_cycles = 338.821
stat.node.3.fabric.ingress_release_burst_max_pkts = 1
stat.node.3.fabric.ingress_release_burst_max_bytes = 64
stat.node.3.fabric.ingress_release_burst_avg_pkts = 1
stat.node.3.fabric.ingress_release_burst_avg_bytes = 64
stat.node.3.fabric.ingress_release_burst_stddev_pkts = 0
stat.node.3.fabric.ingress_release_burst_stddev_bytes = 0
stat.node.3.fabric.ingress_release_nonempty_frac = 0.00358377
stat.node.3.fabric.ingress_release_run_max_cycles = 1
stat.node.3.fabric.ingress_release_run_avg_cycles = 1
stat.node.3.fabric.ingress_release_run_stddev_cycles = 0
stat.node.3.fabric.ingress_release_gap_max_cycles = 1924
stat.node.3.fabric.ingress_release_gap_avg_cycles = 236.131
stat.node.3.fabric.ingress_release_gap_stddev_cycles = 338.814
stat.node.3.fabric.ingress_occ_avg_bytes = 33.028
stat.node.3.fabric.ingress_occ_stddev_bytes = 67.2049
stat.node.3.fabric.ingress_occ_max_bytes = 384
stat.node.3.fabric.ingress_occ_nonempty_frac = 0.24949
stat.node.3.fabric.ingress_occ_run_max_cycles = 919
stat.node.3.fabric.ingress_occ_run_avg_cycles = 238.661
stat.node.3.fabric.ingress_occ_run_stddev_cycles = 92.5509
stat.node.3.fabric.ingress_occ_gap_max_cycles = 1781
stat.node.3.fabric.ingress_occ_gap_avg_cycles = 574.314
stat.node.3.fabric.ingress_occ_gap_stddev_cycles = 255.269
stat.node.3.fabric.rx_bytes.demand_req = 0
stat.node.3.fabric.rx_bytes.write_req = 0
stat.node.3.fabric.rx_bytes.response = 802368
stat.node.3.fabric.tx_bytes.demand_req = 99968
stat.node.3.fabric.tx_bytes.write_req = 534208
stat.node.3.fabric.tx_bytes.response = 0
stat.node.3.fabric.rx_pkts.demand_req = 0
stat.node.3.fabric.rx_pkts.write_req = 0
stat.node.3.fabric.rx_pkts.response = 12537
stat.node.3.fabric.tx_pkts.demand_req = 12496
stat.node.3.fabric.tx_pkts.write_req = 8347
stat.node.3.fabric.tx_pkts.response = 0
stat.node.3.walltime_s = 79.197
stat.node.3.active_time_s = 33.7159
stat.node.2.llc.pool_accesses = 11879
stat.node.2.llc.pool_completed = 11878
stat.node.2.llc.avg_pool_roundtrip_lat = 825.516
stat.node.2.llc.cxl_miss = 11840
stat.node.2.llc.total_miss = 11840
stat.node.2.llc.avg_miss_lat = 826.529
stat.node.2.llc.avg_cxl_lat = 826.529
stat.node.2.llc.miss_lat_hist_bin_ns = 10
stat.node.2.llc.miss_lat_hist = [0,0,0,0,0,0,0,0,0,0,0,0,0,0,0,0,0,0,0,0,0,0,0,0,0,0,1526,1273,977,835,775,710,625,548,469,454,387,332,295,244,251,230,196,185,176,164,144,133,117,102,79,65,64,65,54,51,33,31,24,23,23,11,11,14,12,7,9,9,15,13,9,10,9,8,4,6,2,1,4,3,2,2,1,1,5,1,2,0,1,0,0,0,1,0,0,0,0,0,0,1,1,0,0,0,0,0,0,0,1,0,0,3,1]
stat.node.2.util.dram_avg = 6.86033e-06
stat.node.2.fabric.ingress_wait_avg_cycles = 145
stat.node.2.fabric.egress_wait_avg_cycles = 1
stat.node.2.fabric.ingress_wait_max_cycles = 145
stat.node.2.fabric.egress_wait_max_cycles = 1
stat.node.2.fabric.ingress_queue_wait_avg_cycles = 0
stat.node.2.fabric.ingress_queue_wait_max_cycles = 0
stat.node.2.fabric.ingress_occ_bytes = 0
stat.node.2.fabric.ready_wait_avg_cycles = 0
stat.node.2.fabric.ready_wait_max_cycles = 0
stat.node.2.fabric.ready_occ_avg_pkts = 0.00358367
stat.node.2.fabric.ready_occ_pkts = 0
stat.node.2.fabric.ready_occ_max_pkts = 1
stat.node.2.fabric.ready_retry_count = 0
stat.node.2.fabric.ingress_arrival_burst_max_pkts = 1
stat.node.2.fabric.ingress_arrival_burst_max_bytes = 64
stat.node.2.fabric.ingress_arrival_burst_avg_pkts = 1
stat.node.2.fabric.ingress_arrival_burst_avg_bytes = 64
stat.node.2.fabric.ingress_arrival_burst_stddev_pkts = 0
stat.node.2.fabric.ingress_arrival_burst_stddev_bytes = 0
stat.node.2.fabric.ingress_arrival_nonempty_frac = 0.00358367
stat.node.2.fabric.ingress_arrival_run_max_cycles = 1
stat.node.2.fabric.ingress_arrival_run_avg_cycles = 1
stat.node.2.fabric.ingress_arrival_run_stddev_cycles = 0
stat.node.2.fabric.ingress_arrival_gap_max_cycles = 2074
stat.node.2.fabric.ingress_arrival_gap_avg_cycles = 236.158
stat.node.2.fabric.ingress_arrival_gap_stddev_cycles = 339.484
stat.node.2.fabric.ingress_release_burst_max_pkts = 1
stat.node.2.fabric.ingress_release_burst_max_bytes = 64
stat.node.2.fabric.ingress_release_burst_avg_pkts = 1
stat.node.2.fabric.ingress_release_burst_avg_bytes = 64
stat.node.2.fabric.ingress_release_burst_stddev_pkts = 0
stat.node.2.fabric.ingress_release_burst_stddev_bytes = 0
stat.node.2.fabric.ingress_release_nonempty_frac = 0.00358367
stat.node.2.fabric.ingress_release_run_max_cycles = 1
stat.node.2.fabric.ingress_release_run_avg_cycles = 1
stat.node.2.fabric.ingress_release_run_stddev_cycles = 0
stat.node.2.fabric.ingress_release_gap_max_cycles = 2074
stat.node.2.fabric.ingress_release_gap_avg_cycles = 236.141
stat.node.2.fabric.ingress_release_gap_stddev_cycles = 339.476
stat.node.2.fabric.ingress_occ_avg_bytes = 33.0271
stat.node.2.fabric.ingress_occ_stddev_bytes = 67.0114
stat.node.2.fabric.ingress_occ_max_bytes = 384
stat.node.2.fabric.ingress_occ_nonempty_frac = 0.249995
stat.node.2.fabric.ingress_occ_run_max_cycles = 969
stat.node.2.fabric.ingress_occ_run_avg_cycles = 239.873
stat.node.2.fabric.ingress_occ_run_stddev_cycles = 94.1368
stat.node.2.fabric.ingress_occ_gap_max_cycles = 1931
stat.node.2.fabric.ingress_occ_gap_avg_cycles = 575.59
stat.node.2.fabric.ingress_occ_gap_stddev_cycles = 257.951
stat.node.2.fabric.rx_bytes.demand_req = 0
stat.node.2.fabric.rx_bytes.write_req = 0
stat.node.2.fabric.rx_bytes.response = 802368
stat.node.2.fabric.tx_bytes.demand_req = 99968
stat.node.2.fabric.tx_bytes.write_req = 534208
stat.node.2.fabric.tx_bytes.response = 0
stat.node.2.fabric.rx_pkts.demand_req = 0
stat.node.2.fabric.rx_pkts.write_req = 0
stat.node.2.fabric.rx_pkts.response = 12537
stat.node.2.fabric.tx_pkts.demand_req = 12496
stat.node.2.fabric.tx_pkts.write_req = 8347
stat.node.2.fabric.tx_pkts.response = 0
stat.node.2.walltime_s = 79.1989
stat.node.2.active_time_s = 33.5303
stat.node.6.llc.pool_accesses = 11878
stat.node.6.llc.pool_completed = 11878
stat.node.6.llc.avg_pool_roundtrip_lat = 872.912
stat.node.6.llc.cxl_miss = 11840
stat.node.6.llc.total_miss = 11840
stat.node.6.llc.avg_miss_lat = 874.01
stat.node.6.llc.avg_cxl_lat = 874.01
stat.node.6.llc.miss_lat_hist_bin_ns = 10
stat.node.6.llc.miss_lat_hist = [0,0,0,0,0,0,0,0,0,0,0,0,0,0,0,0,0,0,0,0,0,0,0,0,0,0,1574,1199,859,740,577,531,516,492,429,440,388,360,303,310,243,230,239,228,224,172,141,168,124,117,106,74,68,61,80,72,59,61,53,48,42,38,37,35,24,31,24,21,12,15,13,19,26,16,25,13,6,10,2,5,8,10,10,6,5,9,6,9,7,10,6,11,7,5,3,6,6,4,1,0,0,0,1,1,1,1,0,2,1,0,1,1,1,1]
stat.node.6.util.dram_avg = 6.86014e-06
stat.node.6.fabric.ingress_wait_avg_cycles = 145
stat.node.6.fabric.egress_wait_avg_cycles = 1
stat.node.6.fabric.ingress_wait_max_cycles = 145
stat.node.6.fabric.egress_wait_max_cycles = 1
stat.node.6.fabric.ingress_queue_wait_avg_cycles = 0
stat.node.6.fabric.ingress_queue_wait_max_cycles = 0
stat.node.6.fabric.ingress_occ_bytes = 0
stat.node.6.fabric.ready_wait_avg_cycles = 0
stat.node.6.fabric.ready_wait_max_cycles = 0
stat.node.6.fabric.ready_occ_avg_pkts = 0.00358356
stat.node.6.fabric.ready_occ_pkts = 0
stat.node.6.fabric.ready_occ_max_pkts = 1
stat.node.6.fabric.ready_retry_count = 0
stat.node.6.fabric.ingress_arrival_burst_max_pkts = 1
stat.node.6.fabric.ingress_arrival_burst_max_bytes = 64
stat.node.6.fabric.ingress_arrival_burst_avg_pkts = 1
stat.node.6.fabric.ingress_arrival_burst_avg_bytes = 64
stat.node.6.fabric.ingress_arrival_burst_stddev_pkts = 0
stat.node.6.fabric.ingress_arrival_burst_stddev_bytes = 0
stat.node.6.fabric.ingress_arrival_nonempty_frac = 0.00358356
stat.node.6.fabric.ingress_arrival_run_max_cycles = 1
stat.node.6.fabric.ingress_arrival_run_avg_cycles = 1
stat.node.6.fabric.ingress_arrival_run_stddev_cycles = 0
stat.node.6.fabric.ingress_arrival_gap_max_cycles = 2224
stat.node.6.fabric.ingress_arrival_gap_avg_cycles = 236.158
stat.node.6.fabric.ingress_arrival_gap_stddev_cycles = 345.288
stat.node.6.fabric.ingress_release_burst_max_pkts = 1
stat.node.6.fabric.ingress_release_burst_max_bytes = 64
stat.node.6.fabric.ingress_release_burst_avg_pkts = 1
stat.node.6.fabric.ingress_release_burst_avg_bytes = 64
stat.node.6.fabric.ingress_release_burst_stddev_pkts = 0
stat.node.6.fabric.ingress_release_burst_stddev_bytes = 0
stat.node.6.fabric.ingress_release_nonempty_frac = 0.00358356
stat.node.6.fabric.ingress_release_run_max_cycles = 1
stat.node.6.fabric.ingress_release_run_avg_cycles = 1
stat.node.6.fabric.ingress_release_run_stddev_cycles = 0
stat.node.6.fabric.ingress_release_gap_max_cycles = 2224
stat.node.6.fabric.ingress_release_gap_avg_cycles = 236.141
stat.node.6.fabric.ingress_release_gap_stddev_cycles = 345.28
stat.node.6.fabric.ingress_occ_avg_bytes = 33.0261
stat.node.6.fabric.ingress_occ_stddev_bytes = 68.0418
stat.node.6.fabric.ingress_occ_max_bytes = 384
stat.node.6.fabric.ingress_occ_nonempty_frac = 0.245315
stat.node.6.fabric.ingress_occ_run_max_cycles = 944
stat.node.6.fabric.ingress_occ_run_avg_cycles = 241.822
stat.node.6.fabric.ingress_occ_run_stddev_cycles = 91.5412
stat.node.6.fabric.ingress_occ_gap_max_cycles = 2081
stat.node.6.fabric.ingress_occ_gap_avg_cycles = 595.928
stat.node.6.fabric.ingress_occ_gap_stddev_cycles = 258.964
stat.node.6.fabric.rx_bytes.demand_req = 0
stat.node.6.fabric.rx_bytes.write_req = 0
stat.node.6.fabric.rx_bytes.response = 802368
stat.node.6.fabric.tx_bytes.demand_req = 99960
stat.node.6.fabric.tx_bytes.write_req = 534208
stat.node.6.fabric.tx_bytes.response = 0
stat.node.6.fabric.rx_pkts.demand_req = 0
stat.node.6.fabric.rx_pkts.write_req = 0
stat.node.6.fabric.rx_pkts.response = 12537
stat.node.6.fabric.tx_pkts.demand_req = 12495
stat.node.6.fabric.tx_pkts.write_req = 8347
stat.node.6.fabric.tx_pkts.response = 0
stat.node.6.walltime_s = 79.2009
stat.node.6.active_time_s = 34.1681
stat.node.4.llc.pool_accesses = 11879
stat.node.4.llc.pool_completed = 11878
stat.node.4.llc.avg_pool_roundtrip_lat = 890.837
stat.node.4.llc.cxl_miss = 11840
stat.node.4.llc.total_miss = 11841
stat.node.4.llc.avg_miss_lat = 891.925
stat.node.4.llc.avg_cxl_lat = 891.887
stat.node.4.llc.miss_lat_hist_bin_ns = 10
stat.node.4.llc.miss_lat_hist = [0,0,0,0,0,0,0,0,0,0,0,0,0,0,0,0,0,0,0,0,0,0,0,0,0,0,1797,1181,741,600,492,473,443,455,449,435,358,335,298,294,239,232,235,242,203,184,190,169,141,136,132,126,88,96,74,70,70,59,55,66,64,72,52,43,25,23,26,17,27,16,15,16,12,20,14,17,15,15,11,13,12,6,13,12,10,10,13,7,11,8,5,8,10,5,5,6,6,4,4,3,0,2,0,0,2,3,0,0,1,0,0,4]
stat.node.4.util.dram_avg = 6.85979e-06
stat.node.4.fabric.ingress_wait_avg_cycles = 145
stat.node.4.fabric.egress_wait_avg_cycles = 1
stat.node.4.fabric.ingress_wait_max_cycles = 145
stat.node.4.fabric.egress_wait_max_cycles = 1
stat.node.4.fabric.ingress_queue_wait_avg_cycles = 0
stat.node.4.fabric.ingress_queue_wait_max_cycles = 0
stat.node.4.fabric.ingress_occ_bytes = 0
stat.node.4.fabric.ready_wait_avg_cycles = 0
stat.node.4.fabric.ready_wait_max_cycles = 0
stat.node.4.fabric.ready_occ_avg_pkts = 0.00358339
stat.node.4.fabric.ready_occ_pkts = 0
stat.node.4.fabric.ready_occ_max_pkts = 1
stat.node.4.fabric.ready_retry_count = 0
stat.node.4.fabric.ingress_arrival_burst_max_pkts = 1
stat.node.4.fabric.ingress_arrival_burst_max_bytes = 64
stat.node.4.fabric.ingress_arrival_burst_avg_pkts = 1
stat.node.4.fabric.ingress_arrival_burst_avg_bytes = 64
stat.node.4.fabric.ingress_arrival_burst_stddev_pkts = 0
stat.node.4.fabric.ingress_arrival_burst_stddev_bytes = 0
stat.node.4.fabric.ingress_arrival_nonempty_frac = 0.00358339
stat.node.4.fabric.ingress_arrival_run_max_cycles = 1
stat.node.4.fabric.ingress_arrival_run_avg_cycles = 1
stat.node.4.fabric.ingress_arrival_run_stddev_cycles = 0
stat.node.4.fabric.ingress_arrival_gap_max_cycles = 2074
stat.node.4.fabric.ingress_arrival_gap_avg_cycles = 236.176
stat.node.4.fabric.ingress_arrival_gap_stddev_cycles = 345.205
stat.node.4.fabric.ingress_release_burst_max_pkts = 1
stat.node.4.fabric.ingress_release_burst_max_bytes = 64
stat.node.4.fabric.ingress_release_burst_avg_pkts = 1
stat.node.4.fabric.ingress_release_burst_avg_bytes = 64
stat.node.4.fabric.ingress_release_burst_stddev_pkts = 0
stat.node.4.fabric.ingress_release_burst_stddev_bytes = 0
stat.node.4.fabric.ingress_release_nonempty_frac = 0.00358339
stat.node.4.fabric.ingress_release_run_max_cycles = 1
stat.node.4.fabric.ingress_release_run_avg_cycles = 1
stat.node.4.fabric.ingress_release_run_stddev_cycles = 0
stat.node.4.fabric.ingress_release_gap_max_cycles = 2074
stat.node.4.fabric.ingress_release_gap_avg_cycles = 236.159
stat.node.4.fabric.ingress_release_gap_stddev_cycles = 345.197
stat.node.4.fabric.ingress_occ_avg_bytes = 33.0245
stat.node.4.fabric.ingress_occ_stddev_bytes = 67.9226
stat.node.4.fabric.ingress_occ_max_bytes = 384
stat.node.4.fabric.ingress_occ_nonempty_frac = 0.24568
stat.node.4.fabric.ingress_occ_run_max_cycles = 994
stat.node.4.fabric.ingress_occ_run_avg_cycles = 241.04
stat.node.4.fabric.ingress_occ_run_stddev_cycles = 91.8273
stat.node.4.fabric.ingress_occ_gap_max_cycles = 1931
stat.node.4.fabric.ingress_occ_gap_avg_cycles = 592.781
stat.node.4.fabric.ingress_occ_gap_stddev_cycles = 261.924
stat.node.4.fabric.rx_bytes.demand_req = 0
stat.node.4.fabric.rx_bytes.write_req = 0
stat.node.4.fabric.rx_bytes.response = 802368
stat.node.4.fabric.tx_bytes.demand_req = 99968
stat.node.4.fabric.tx_bytes.write_req = 534208
stat.node.4.fabric.tx_bytes.response = 0
stat.node.4.fabric.rx_pkts.demand_req = 0
stat.node.4.fabric.rx_pkts.write_req = 0
stat.node.4.fabric.rx_pkts.response = 12537
stat.node.4.fabric.tx_pkts.demand_req = 12496
stat.node.4.fabric.tx_pkts.write_req = 8347
stat.node.4.fabric.tx_pkts.response = 0
stat.node.4.walltime_s = 79.2039
stat.node.4.active_time_s = 34.0452
stat.node.5.llc.pool_accesses = 11879
stat.node.5.llc.pool_completed = 11878
stat.node.5.llc.avg_pool_roundtrip_lat = 881.157
stat.node.5.llc.cxl_miss = 11840
stat.node.5.llc.total_miss = 11840
stat.node.5.llc.avg_miss_lat = 882.146
stat.node.5.llc.avg_cxl_lat = 882.146
stat.node.5.llc.miss_lat_hist_bin_ns = 10
stat.node.5.llc.miss_lat_hist = [0,0,0,0,0,0,0,0,0,0,0,0,0,0,0,0,0,0,0,0,0,0,0,0,0,0,1748,1173,749,611,571,508,473,460,462,420,366,335,282,304,284,236,217,223,176,161,182,169,159,136,127,95,100,73,93,64,64,98,70,61,52,52,47,44,50,30,21,20,22,14,20,20,22,17,17,18,8,11,8,3,12,4,7,2,5,4,5,5,4,5,6,4,4,4,1,2,3,2,1,0,1,1,1,3,3,1,1,0,0,2,1]
stat.node.5.util.dram_avg = 6.8596e-06
stat.node.5.fabric.ingress_wait_avg_cycles = 145
stat.node.5.fabric.egress_wait_avg_cycles = 1
stat.node.5.fabric.ingress_wait_max_cycles = 145
stat.node.5.fabric.egress_wait_max_cycles = 1
stat.node.5.fabric.ingress_queue_wait_avg_cycles = 0
stat.node.5.fabric.ingress_queue_wait_max_cycles = 0
stat.node.5.fabric.ingress_occ_bytes = 0
stat.node.5.fabric.ready_wait_avg_cycles = 0
stat.node.5.fabric.ready_wait_max_cycles = 0
stat.node.5.fabric.ready_occ_avg_pkts = 0.00358328
stat.node.5.fabric.ready_occ_pkts = 0
stat.node.5.fabric.ready_occ_max_pkts = 1
stat.node.5.fabric.ready_retry_count = 0
stat.node.5.fabric.ingress_arrival_burst_max_pkts = 1
stat.node.5.fabric.ingress_arrival_burst_max_bytes = 64
stat.node.5.fabric.ingress_arrival_burst_avg_pkts = 1
stat.node.5.fabric.ingress_arrival_burst_avg_bytes = 64
stat.node.5.fabric.ingress_arrival_burst_stddev_pkts = 0
stat.node.5.fabric.ingress_arrival_burst_stddev_bytes = 0
stat.node.5.fabric.ingress_arrival_nonempty_frac = 0.00358328
stat.node.5.fabric.ingress_arrival_run_max_cycles = 1
stat.node.5.fabric.ingress_arrival_run_avg_cycles = 1
stat.node.5.fabric.ingress_arrival_run_stddev_cycles = 0
stat.node.5.fabric.ingress_arrival_gap_max_cycles = 2174
stat.node.5.fabric.ingress_arrival_gap_avg_cycles = 236.182
stat.node.5.fabric.ingress_arrival_gap_stddev_cycles = 342.942
stat.node.5.fabric.ingress_release_burst_max_pkts = 1
stat.node.5.fabric.ingress_release_burst_max_bytes = 64
stat.node.5.fabric.ingress_release_burst_avg_pkts = 1
stat.node.5.fabric.ingress_release_burst_avg_bytes = 64
stat.node.5.fabric.ingress_release_burst_stddev_pkts = 0
stat.node.5.fabric.ingress_release_burst_stddev_bytes = 0
stat.node.5.fabric.ingress_release_nonempty_frac = 0.00358328
stat.node.5.fabric.ingress_release_run_max_cycles = 1
stat.node.5.fabric.ingress_release_run_avg_cycles = 1
stat.node.5.fabric.ingress_release_run_stddev_cycles = 0
stat.node.5.fabric.ingress_release_gap_max_cycles = 2174
stat.node.5.fabric.ingress_release_gap_avg_cycles = 236.165
stat.node.5.fabric.ingress_release_gap_stddev_cycles = 342.933
stat.node.5.fabric.ingress_occ_avg_bytes = 33.0235
stat.node.5.fabric.ingress_occ_stddev_bytes = 67.67
stat.node.5.fabric.ingress_occ_max_bytes = 384
stat.node.5.fabric.ingress_occ_nonempty_frac = 0.246806
stat.node.5.fabric.ingress_occ_run_max_cycles = 1119
stat.node.5.fabric.ingress_occ_run_avg_cycles = 241.407
stat.node.5.fabric.ingress_occ_run_stddev_cycles = 94.5271
stat.node.5.fabric.ingress_occ_gap_max_cycles = 2031
stat.node.5.fabric.ingress_occ_gap_avg_cycles = 589.87
stat.node.5.fabric.ingress_occ_gap_stddev_cycles = 255.843
stat.node.5.fabric.rx_bytes.demand_req = 0
stat.node.5.fabric.rx_bytes.write_req = 0
stat.node.5.fabric.rx_bytes.response = 802368
stat.node.5.fabric.tx_bytes.demand_req = 99968
stat.node.5.fabric.tx_bytes.write_req = 534208
stat.node.5.fabric.tx_bytes.response = 0
stat.node.5.fabric.rx_pkts.demand_req = 0
stat.node.5.fabric.rx_pkts.write_req = 0
stat.node.5.fabric.rx_pkts.response = 12537
stat.node.5.fabric.tx_pkts.demand_req = 12496
stat.node.5.fabric.tx_pkts.write_req = 8347
stat.node.5.fabric.tx_pkts.response = 0
stat.node.5.walltime_s = 79.2058
stat.node.5.active_time_s = 34.5952
stat.node.7.llc.pool_accesses = 11878
stat.node.7.llc.pool_completed = 11878
stat.node.7.llc.avg_pool_roundtrip_lat = 898.389
stat.node.7.llc.cxl_miss = 11840
stat.node.7.llc.total_miss = 11840
stat.node.7.llc.avg_miss_lat = 899.422
stat.node.7.llc.avg_cxl_lat = 899.422
stat.node.7.llc.miss_lat_hist_bin_ns = 10
stat.node.7.llc.miss_lat_hist = [0,0,0,0,0,0,0,0,0,0,0,0,0,0,0,0,0,0,0,0,0,0,0,0,0,0,1771,1248,813,593,502,476,437,438,446,383,328,294,230,272,235,235,239,210,181,173,166,184,153,157,129,132,108,99,82,72,74,80,48,57,46,53,59,39,44,42,34,42,44,34,27,27,25,20,25,15,18,18,16,10,8,6,6,7,13,3,8,4,4,7,11,9,10,6,6,6,2,2,5,1,3,2,3,3,2,3,3,3,2,1,1,1,3,3]
stat.node.7.util.dram_avg = 6.85945e-06
stat.node.7.fabric.ingress_wait_avg_cycles = 145
stat.node.7.fabric.egress_wait_avg_cycles = 1
stat.node.7.fabric.ingress_wait_max_cycles = 145
stat.node.7.fabric.egress_wait_max_cycles = 1
stat.node.7.fabric.ingress_queue_wait_avg_cycles = 0
stat.node.7.fabric.ingress_queue_wait_max_cycles = 0
stat.node.7.fabric.ingress_occ_bytes = 0
stat.node.7.fabric.ready_wait_avg_cycles = 0
stat.node.7.fabric.ready_wait_max_cycles = 0
stat.node.7.fabric.ready_occ_avg_pkts = 0.00358321
stat.node.7.fabric.ready_occ_pkts = 0
stat.node.7.fabric.ready_occ_max_pkts = 1
stat.node.7.fabric.ready_retry_count = 0
stat.node.7.fabric.ingress_arrival_burst_max_pkts = 1
stat.node.7.fabric.ingress_arrival_burst_max_bytes = 64
stat.node.7.fabric.ingress_arrival_burst_avg_pkts = 1
stat.node.7.fabric.ingress_arrival_burst_avg_bytes = 64
stat.node.7.fabric.ingress_arrival_burst_stddev_pkts = 0
stat.node.7.fabric.ingress_arrival_burst_stddev_bytes = 0
stat.node.7.fabric.ingress_arrival_nonempty_frac = 0.00358321
stat.node.7.fabric.ingress_arrival_run_max_cycles = 1
stat.node.7.fabric.ingress_arrival_run_avg_cycles = 1
stat.node.7.fabric.ingress_arrival_run_stddev_cycles = 0
stat.node.7.fabric.ingress_arrival_gap_max_cycles = 2374
stat.node.7.fabric.ingress_arrival_gap_avg_cycles = 236.184
stat.node.7.fabric.ingress_arrival_gap_stddev_cycles = 349.797
stat.node.7.fabric.ingress_release_burst_max_pkts = 1
stat.node.7.fabric.ingress_release_burst_max_bytes = 64
stat.node.7.fabric.ingress_release_burst_avg_pkts = 1
stat.node.7.fabric.ingress_release_burst_avg_bytes = 64
stat.node.7.fabric.ingress_release_burst_stddev_pkts = 0
stat.node.7.fabric.ingress_release_burst_stddev_bytes = 0
stat.node.7.fabric.ingress_release_nonempty_frac = 0.00358321
stat.node.7.fabric.ingress_release_run_max_cycles = 1
stat.node.7.fabric.ingress_release_run_avg_cycles = 1
stat.node.7.fabric.ingress_release_run_stddev_cycles = 0
stat.node.7.fabric.ingress_release_gap_max_cycles = 2374
stat.node.7.fabric.ingress_release_gap_avg_cycles = 236.167
stat.node.7.fabric.ingress_release_gap_stddev_cycles = 349.789
stat.node.7.fabric.ingress_occ_avg_bytes = 33.0228
stat.node.7.fabric.ingress_occ_stddev_bytes = 68.4018
stat.node.7.fabric.ingress_occ_max_bytes = 384
stat.node.7.fabric.ingress_occ_nonempty_frac = 0.243036
stat.node.7.fabric.ingress_occ_run_max_cycles = 994
stat.node.7.fabric.ingress_occ_run_avg_cycles = 243.093
stat.node.7.fabric.ingress_occ_run_stddev_cycles = 90.3309
stat.node.7.fabric.ingress_occ_gap_max_cycles = 2231
stat.node.7.fabric.ingress_occ_gap_avg_cycles = 606.965
stat.node.7.fabric.ingress_occ_gap_stddev_cycles = 266.303
stat.node.7.fabric.rx_bytes.demand_req = 0
stat.node.7.fabric.rx_bytes.write_req = 0
stat.node.7.fabric.rx_bytes.response = 802368
stat.node.7.fabric.tx_bytes.demand_req = 99960
stat.node.7.fabric.tx_bytes.write_req = 534208
stat.node.7.fabric.tx_bytes.response = 0
stat.node.7.fabric.rx_pkts.demand_req = 0
stat.node.7.fabric.rx_pkts.write_req = 0
stat.node.7.fabric.rx_pkts.response = 12537
stat.node.7.fabric.tx_pkts.demand_req = 12495
stat.node.7.fabric.tx_pkts.write_req = 8347
stat.node.7.fabric.tx_pkts.response = 0
stat.node.7.walltime_s = 79.2075
stat.node.7.active_time_s = 33.9532
stat.pool.100.util.mem_avg = 0.190995
stat.pool.100.util.req_link_avg = 0.566661
stat.pool.100.memq.demand.completed = 99964
stat.pool.100.memq.demand.response_completed = 99964
stat.pool.100.memq.demand.queue_wait_avg_cycles = 1.94969
stat.pool.100.memq.demand.queue_wait_max_cycles = 42
stat.pool.100.memq.demand.service_avg_cycles = 92.1398
stat.pool.100.memq.demand.service_max_cycles = 483
stat.pool.100.memq.demand.total_avg_cycles = 94.0895
stat.pool.100.memq.demand.total_max_cycles = 525
stat.pool.100.memq.demand.ahead_pkts_avg.load = 1.25344
stat.pool.100.memq.demand.ahead_pkts_max.load = 26
stat.pool.100.memq.demand.ahead_bytes_avg.load = 80.2202
stat.pool.100.memq.demand.ahead_bytes_max.load = 1664
stat.pool.100.memq.demand.ahead_pkts_avg.rfo = 2.8078
stat.pool.100.memq.demand.ahead_pkts_max.rfo = 43
stat.pool.100.memq.demand.ahead_bytes_avg.rfo = 179.699
stat.pool.100.memq.demand.ahead_bytes_max.rfo = 2752
stat.pool.100.memq.demand.ahead_pkts_avg.write = 2.24238
stat.pool.100.memq.demand.ahead_pkts_max.write = 10
stat.pool.100.memq.demand.ahead_bytes_avg.write = 143.512
stat.pool.100.memq.demand.ahead_bytes_max.write = 640
stat.pool.100.memq.demand.ahead_pkts_avg.other = 0.0112941
stat.pool.100.memq.demand.ahead_pkts_max.other = 3
stat.pool.100.memq.demand.ahead_bytes_avg.other = 0.72282
stat.pool.100.memq.demand.ahead_bytes_max.other = 192
stat.pool.100.memq.queue_occ_avg_bytes = 275.319
stat.pool.100.memq.queue_occ_stddev_bytes = 239.132
stat.pool.100.memq.queue_occ_max_bytes = 4096
stat.pool.100.memq.queue_occ_nonempty_frac = 0.836168
stat.pool.100.memq.enqueue_burst_avg_pkts = 1
stat.pool.100.memq.enqueue_burst_stddev_pkts = 0
stat.pool.100.memq.enqueue_burst_max_pkts = 1
stat.pool.100.memq.complete_burst_avg_pkts = 1.00193
stat.pool.100.memq.complete_burst_stddev_pkts = 0.0438337
stat.pool.100.memq.complete_burst_max_pkts = 2
stat.pool.100.memq.queue_occ_avg_bytes.load = 66.2343
stat.pool.100.memq.queue_occ_max_bytes.load = 1664
stat.pool.100.memq.queue_occ_avg_pkts.load = 1.03491
stat.pool.100.memq.queue_occ_max_pkts.load = 26
stat.pool.100.memq.enqueue_burst_avg_pkts.load = 0.240142
stat.pool.100.memq.enqueue_burst_max_pkts.load = 1
stat.pool.100.memq.complete_burst_avg_pkts.load = 0.240607
stat.pool.100.memq.complete_burst_max_pkts.load = 2
stat.pool.100.memq.queue_occ_avg_bytes.rfo = 105.811
stat.pool.100.memq.queue_occ_max_bytes.rfo = 2816
stat.pool.100.memq.queue_occ_avg_pkts.rfo = 1.6533
stat.pool.100.memq.queue_occ_max_pkts.rfo = 44
stat.pool.100.memq.enqueue_burst_avg_pkts.rfo = 0.358201
stat.pool.100.memq.enqueue_burst_max_pkts.rfo = 1
stat.pool.100.memq.complete_burst_avg_pkts.rfo = 0.358895
stat.pool.100.memq.complete_burst_max_pkts.rfo = 2
stat.pool.100.memq.queue_occ_avg_bytes.write = 102.724
stat.pool.100.memq.queue_occ_max_bytes.write = 704
stat.pool.100.memq.queue_occ_avg_pkts.write = 1.60506
stat.pool.100.memq.queue_occ_max_pkts.write = 11
stat.pool.100.memq.enqueue_burst_avg_pkts.write = 0.399646
stat.pool.100.memq.enqueue_burst_max_pkts.write = 1
stat.pool.100.memq.complete_burst_avg_pkts.write = 0.400408
stat.pool.100.memq.complete_burst_max_pkts.write = 2
stat.pool.100.memq.queue_occ_avg_bytes.other = 0.549689
stat.pool.100.memq.queue_occ_max_bytes.other = 192
stat.pool.100.memq.queue_occ_avg_pkts.other = 0.00858889
stat.pool.100.memq.queue_occ_max_pkts.other = 3
stat.pool.100.memq.enqueue_burst_avg_pkts.other = 0.00201116
stat.pool.100.memq.enqueue_burst_max_pkts.other = 1
stat.pool.100.memq.complete_burst_avg_pkts.other = 0.00201505
stat.pool.100.memq.complete_burst_max_pkts.other = 1
stat.pool.100.memq.load.completed = 40120
stat.pool.100.memq.load.response_completed = 40120
stat.pool.100.memq.load.queue_wait_avg_cycles = 1.8495
stat.pool.100.memq.load.queue_wait_max_cycles = 35
stat.pool.100.memq.load.service_avg_cycles = 88.404
stat.pool.100.memq.load.service_max_cycles = 483
stat.pool.100.memq.load.total_avg_cycles = 90.2535
stat.pool.100.memq.load.total_max_cycles = 518
stat.pool.100.memq.load.ahead_pkts_avg.load = 1.27974
stat.pool.100.memq.load.ahead_pkts_max.load = 25
stat.pool.100.memq.load.ahead_bytes_avg.load = 81.9031
stat.pool.100.memq.load.ahead_bytes_max.load = 1600
stat.pool.100.memq.load.ahead_pkts_avg.rfo = 2.2826
stat.pool.100.memq.load.ahead_pkts_max.rfo = 43
stat.pool.100.memq.load.ahead_bytes_avg.rfo = 146.087
stat.pool.100.memq.load.ahead_bytes_max.rfo = 2752
stat.pool.100.memq.load.ahead_pkts_avg.write = 2.16867
stat.pool.100.memq.load.ahead_pkts_max.write = 10
stat.pool.100.memq.load.ahead_bytes_avg.write = 138.795
stat.pool.100.memq.load.ahead_bytes_max.write = 640
stat.pool.100.memq.load.ahead_pkts_avg.other = 0.0123878
stat.pool.100.memq.load.ahead_pkts_max.other = 3
stat.pool.100.memq.load.ahead_bytes_avg.other = 0.792822
stat.pool.100.memq.load.ahead_bytes_max.other = 192
stat.pool.100.respq.load.attempted = 40120
stat.pool.100.respq.load.completed = 40120
stat.pool.100.respq.load.can_send_blocked = 0
stat.pool.100.respq.load.send_failed = 0
stat.pool.100.respq.load.wait_avg_cycles = 0
stat.pool.100.respq.load.wait_max_cycles = 0
stat.pool.100.memq.rfo.completed = 59844
stat.pool.100.memq.rfo.response_completed = 59844
stat.pool.100.memq.rfo.queue_wait_avg_cycles = 2.01686
stat.pool.100.memq.rfo.queue_wait_max_cycles = 42
stat.pool.100.memq.rfo.service_avg_cycles = 94.6443
stat.pool.100.memq.rfo.service_max_cycles = 483
stat.pool.100.memq.rfo.total_avg_cycles = 96.6611
stat.pool.100.memq.rfo.total_max_cycles = 525
stat.pool.100.memq.rfo.ahead_pkts_avg.load = 1.23581
stat.pool.100.memq.rfo.ahead_pkts_max.load = 26
stat.pool.100.memq.rfo.ahead_bytes_avg.load = 79.092
stat.pool.100.memq.rfo.ahead_bytes_max.load = 1664
stat.pool.100.memq.rfo.ahead_pkts_avg.rfo = 3.1599
stat.pool.100.memq.rfo.ahead_pkts_max.rfo = 43
stat.pool.100.memq.rfo.ahead_bytes_avg.rfo = 202.234
stat.pool.100.memq.rfo.ahead_bytes_max.rfo = 2752
stat.pool.100.memq.rfo.ahead_pkts_avg.write = 2.29179
stat.pool.100.memq.rfo.ahead_pkts_max.write = 10
stat.pool.100.memq.rfo.ahead_bytes_avg.write = 146.675
stat.pool.100.memq.rfo.ahead_bytes_max.write = 640
stat.pool.100.memq.rfo.ahead_pkts_avg.other = 0.0105608
stat.pool.100.memq.rfo.ahead_pkts_max.other = 3
stat.pool.100.memq.rfo.ahead_bytes_avg.other = 0.675891
stat.pool.100.memq.rfo.ahead_bytes_max.other = 192
stat.pool.100.respq.rfo.attempted = 59844
stat.pool.100.respq.rfo.completed = 59844
stat.pool.100.respq.rfo.can_send_blocked = 0
stat.pool.100.respq.rfo.send_failed = 0
stat.pool.100.respq.rfo.wait_avg_cycles = 0
stat.pool.100.respq.rfo.wait_max_cycles = 0
stat.pool.100.memq.write.completed = 66766
stat.pool.100.memq.write.response_completed = 0
stat.pool.100.memq.write.queue_wait_avg_cycles = 1
stat.pool.100.memq.write.queue_wait_max_cycles = 1
stat.pool.100.memq.write.service_avg_cycles = 83.1102
stat.pool.100.memq.write.service_max_cycles = 483
stat.pool.100.memq.write.total_avg_cycles = 84.1102
stat.pool.100.memq.write.total_max_cycles = 484
stat.pool.100.memq.write.ahead_pkts_avg.load = 1.00437
stat.pool.100.memq.write.ahead_pkts_max.load = 23
stat.pool.100.memq.write.ahead_bytes_avg.load = 64.2799
stat.pool.100.memq.write.ahead_bytes_max.load = 1472
stat.pool.100.memq.write.ahead_pkts_avg.rfo = 1.61581
stat.pool.100.memq.write.ahead_pkts_max.rfo = 42
stat.pool.100.memq.write.ahead_bytes_avg.rfo = 103.412
stat.pool.100.memq.write.ahead_bytes_max.rfo = 2688
stat.pool.100.memq.write.ahead_pkts_avg.write = 1.77545
stat.pool.100.memq.write.ahead_pkts_max.write = 10
stat.pool.100.memq.write.ahead_bytes_avg.write = 113.629
stat.pool.100.memq.write.ahead_bytes_max.write = 640
stat.pool.100.memq.write.ahead_pkts_avg.other = 0.0076536
stat.pool.100.memq.write.ahead_pkts_max.other = 3
stat.pool.100.memq.write.ahead_bytes_avg.other = 0.48983
stat.pool.100.memq.write.ahead_bytes_max.other = 192
stat.pool.100.respq.write.attempted = 0
stat.pool.100.respq.write.completed = 0
stat.pool.100.respq.write.can_send_blocked = 0
stat.pool.100.respq.write.send_failed = 0
stat.pool.100.respq.write.wait_avg_cycles = 0
stat.pool.100.respq.write.wait_max_cycles = 0
stat.pool.100.memq.other.completed = 336
stat.pool.100.memq.other.response_completed = 336
stat.pool.100.memq.other.queue_wait_avg_cycles = 1.65179
stat.pool.100.memq.other.queue_wait_max_cycles = 7
stat.pool.100.memq.other.service_avg_cycles = 87.7857
stat.pool.100.memq.other.service_max_cycles = 243
stat.pool.100.memq.other.total_avg_cycles = 89.4375
stat.pool.100.memq.other.total_max_cycles = 244
stat.pool.100.memq.other.ahead_pkts_avg.load = 1.21429
stat.pool.100.memq.other.ahead_pkts_max.load = 8
stat.pool.100.memq.other.ahead_bytes_avg.load = 77.7143
stat.pool.100.memq.other.ahead_bytes_max.load = 512
stat.pool.100.memq.other.ahead_pkts_avg.rfo = 2.16964
stat.pool.100.memq.other.ahead_pkts_max.rfo = 13
stat.pool.100.memq.other.ahead_bytes_avg.rfo = 138.857
stat.pool.100.memq.other.ahead_bytes_max.rfo = 832
stat.pool.100.memq.other.ahead_pkts_avg.write = 2.1756
stat.pool.100.memq.other.ahead_pkts_max.write = 6
stat.pool.100.memq.other.ahead_bytes_avg.write = 139.238
stat.pool.100.memq.other.ahead_bytes_max.write = 384
stat.pool.100.memq.other.ahead_pkts_avg.other = 0.25
stat.pool.100.memq.other.ahead_pkts_max.other = 2
stat.pool.100.memq.other.ahead_bytes_avg.other = 16
stat.pool.100.memq.other.ahead_bytes_max.other = 128
stat.pool.100.respq.other.attempted = 336
stat.pool.100.respq.other.completed = 336
stat.pool.100.respq.other.can_send_blocked = 0
stat.pool.100.respq.other.send_failed = 0
stat.pool.100.respq.other.wait_avg_cycles = 0
stat.pool.100.respq.other.wait_max_cycles = 0
stat.pool.100.response.returned_burst_max_pkts = 2
stat.pool.100.response.returned_burst_avg_pkts = 1.00118
stat.pool.100.response.returned_burst_stddev_pkts = 0.0342997
stat.pool.100.response.returned_nonempty_frac = 0.028633
stat.pool.100.response.sent_burst_max_pkts = 2
stat.pool.100.response.sent_burst_avg_pkts = 1.00118
stat.pool.100.response.sent_burst_stddev_pkts = 0.0342997
stat.pool.100.response.sent_nonempty_frac = 0.028633
stat.pool.100.response.blocked_cycles = 0
stat.pool.100.response.blocked_avg_pending_pkts = 0
stat.pool.100.response.blocked_max_pending_pkts = 0
stat.pool.100.response.returned_occ_avg_pkts = 0.0286668
stat.pool.100.response.returned_occ_stddev_pkts = 0.16707
stat.pool.100.response.returned_occ_max_pkts = 2
stat.pool.100.response.pending_occ_avg = 2.72546
stat.pool.100.response.pending_occ_stddev = 3.12998
stat.pool.100.response.pending_occ_max = 57
stat.pool.100.fabric.ingress_wait_avg_cycles = 147.327
stat.pool.100.fabric.egress_wait_avg_cycles = 1
stat.pool.100.fabric.ingress_wait_max_cycles = 502
stat.pool.100.fabric.egress_wait_max_cycles = 1
stat.pool.100.fabric.ingress_queue_wait_avg_cycles = 14.9346
stat.pool.100.fabric.ingress_queue_wait_max_cycles = 370
stat.pool.100.fabric.ingress_occ_bytes = 200
stat.pool.100.fabric.ready_wait_avg_cycles = 0
stat.pool.100.fabric.ready_wait_max_cycles = 0
stat.pool.100.fabric.ready_occ_avg_pkts = 0.0477498
stat.pool.100.fabric.ready_occ_pkts = 0
stat.pool.100.fabric.ready_occ_max_pkts = 1
stat.pool.100.fabric.ready_retry_count = 0
stat.pool.100.fabric.ingress_arrival_burst_max_pkts = 8
stat.pool.100.fabric.ingress_arrival_burst_max_bytes = 80
stat.pool.100.fabric.ingress_arrival_burst_avg_pkts = 1.01801
stat.pool.100.fabric.ingress_arrival_burst_avg_bytes = 30.9276
stat.pool.100.fabric.ingress_arrival_burst_stddev_pkts = 0.140285
stat.pool.100.fabric.ingress_arrival_burst_stddev_bytes = 27.6107
stat.pool.100.fabric.ingress_arrival_nonempty_frac = 0.0469063
stat.pool.100.fabric.ingress_arrival_run_max_cycles = 4
stat.pool.100.fabric.ingress_arrival_run_avg_cycles = 1.03477
stat.pool.100.fabric.ingress_arrival_run_stddev_cycles = 0.187372
stat.pool.100.fabric.ingress_arrival_gap_max_cycles = 560
stat.pool.100.fabric.ingress_arrival_gap_avg_cycles = 17.7165
stat.pool.100.fabric.ingress_arrival_gap_stddev_cycles = 17.1128
stat.pool.100.fabric.ingress_release_burst_max_pkts = 1
stat.pool.100.fabric.ingress_release_burst_max_bytes = 64
stat.pool.100.fabric.ingress_release_burst_avg_pkts = 1
stat.pool.100.fabric.ingress_release_burst_avg_bytes = 30.3802
stat.pool.100.fabric.ingress_release_burst_stddev_pkts = 0
stat.pool.100.fabric.ingress_release_burst_stddev_bytes = 27.4302
stat.pool.100.fabric.ingress_release_nonempty_frac = 0.0477498
stat.pool.100.fabric.ingress_release_run_max_cycles = 1
stat.pool.100.fabric.ingress_release_run_avg_cycles = 1
stat.pool.100.fabric.ingress_release_run_stddev_cycles = 0
stat.pool.100.fabric.ingress_release_gap_max_cycles = 479
stat.pool.100.fabric.ingress_release_gap_avg_cycles = 16.8006
stat.pool.100.fabric.ingress_release_gap_stddev_cycles = 18.1528
stat.pool.100.fabric.ingress_occ_avg_bytes = 222.375
stat.pool.100.fabric.ingress_occ_stddev_bytes = 151.823
stat.pool.100.fabric.ingress_occ_max_bytes = 1320
stat.pool.100.fabric.ingress_occ_nonempty_frac = 0.848008
stat.pool.100.fabric.ingress_occ_run_max_cycles = 82028
stat.pool.100.fabric.ingress_occ_run_avg_cycles = 13610.2
stat.pool.100.fabric.ingress_occ_run_stddev_cycles = 17152.6
stat.pool.100.fabric.ingress_occ_gap_max_cycles = 336
stat.pool.100.fabric.ingress_occ_gap_avg_cycles = 32.2673
stat.pool.100.fabric.ingress_occ_gap_stddev_cycles = 43.1279
stat.pool.100.fabric.rx_bytes.demand_req = 799720
stat.pool.100.fabric.rx_bytes.write_req = 4273344
stat.pool.100.fabric.rx_bytes.response = 0
stat.pool.100.fabric.tx_bytes.demand_req = 0
stat.pool.100.fabric.tx_bytes.write_req = 0
stat.pool.100.fabric.tx_bytes.response = 6419200
stat.pool.100.fabric.rx_pkts.demand_req = 99965
stat.pool.100.fabric.rx_pkts.write_req = 66771
stat.pool.100.fabric.rx_pkts.response = 0
stat.pool.100.fabric.tx_pkts.demand_req = 0
stat.pool.100.fabric.tx_pkts.write_req = 0
stat.pool.100.fabric.tx_pkts.response = 100300
stat.pool.100.port.switch.ingress_wait_avg_cycles = 147.327
stat.pool.100.port.switch.ingress_wait_max_cycles = 502
stat.pool.100.port.switch.ingress_queue_wait_avg_cycles = 14.9346
stat.pool.100.port.switch.ingress_queue_wait_max_cycles = 370
stat.pool.100.port.switch.ingress_arrival_burst_avg_bytes = 30.9276
stat.pool.100.port.switch.ingress_arrival_nonempty_frac = 0.0469063
stat.pool.100.port.switch.ingress_arrival_run_max_cycles = 4
stat.pool.100.port.switch.ingress_arrival_run_avg_cycles = 1.03477
stat.pool.100.port.switch.ingress_arrival_gap_max_cycles = 560
stat.pool.100.port.switch.ingress_arrival_gap_avg_cycles = 17.7165
stat.pool.100.port.switch.ingress_release_burst_avg_bytes = 30.3802
stat.pool.100.port.switch.ingress_release_nonempty_frac = 0.0477498
stat.pool.100.port.switch.ingress_release_run_max_cycles = 1
stat.pool.100.port.switch.ingress_release_run_avg_cycles = 1
stat.pool.100.port.switch.ingress_release_gap_max_cycles = 479
stat.pool.100.port.switch.ingress_release_gap_avg_cycles = 16.8006
stat.pool.100.port.switch.ingress_occ_avg_bytes = 222.375
stat.pool.100.port.switch.ingress_occ_stddev_bytes = 151.823
stat.pool.100.port.switch.ingress_occ_max_bytes = 1320
stat.pool.100.port.switch.ingress_occ_nonempty_frac = 0.848008
stat.pool.100.port.switch.ingress_occ_run_max_cycles = 82028
stat.pool.100.port.switch.ingress_occ_run_avg_cycles = 13610.2
stat.pool.100.port.switch.ingress_occ_gap_max_cycles = 336
stat.pool.100.port.switch.ingress_occ_gap_avg_cycles = 32.2673
stat.pool.100.port.switch.rx_bytes.demand_req = 799720
stat.pool.100.port.switch.rx_bytes.write_req = 4273344
stat.pool.100.port.switch.rx_bytes.response = 0
stat.pool.100.port.switch.tx_bytes.demand_req = 0
stat.pool.100.port.switch.tx_bytes.write_req = 0
stat.pool.100.port.switch.tx_bytes.response = 6419200
stat.pool.100.walltime_s = 79.2078
stat.pool.100.active_time_s = 0.773001
stat.switch.replicated_messages = 0
stat.switch.util.node_ingress_avg = 0.0708359
stat.switch.util.pool_ingress_avg = 0.716663
stat.switch.fabric.node_ingress_wait_avg_cycles = 132.851
stat.switch.fabric.node_egress_wait_avg_cycles = 1
stat.switch.fabric.pool_ingress_wait_avg_cycles = 343.389
stat.switch.fabric.pool_egress_wait_avg_cycles = 1
stat.switch.fabric.node_ingress_queue_wait_avg_cycles = 0.457994
stat.switch.fabric.pool_ingress_queue_wait_avg_cycles = 198.389
stat.switch.fabric.node_ready_wait_avg_cycles = 0
stat.switch.fabric.pool_ready_wait_avg_cycles = 0
stat.switch.fabric.node_ingress_wait_max_cycles = 159
stat.switch.fabric.node_egress_wait_max_cycles = 1
stat.switch.fabric.pool_ingress_wait_max_cycles = 2014
stat.switch.fabric.pool_egress_wait_max_cycles = 1
stat.switch.fabric.node_ingress_queue_wait_max_cycles = 35
stat.switch.fabric.pool_ingress_queue_wait_max_cycles = 1869
stat.switch.fabric.node_ready_wait_max_cycles = 0
stat.switch.fabric.pool_ready_wait_max_cycles = 0
stat.switch.fabric.node_ingress_occ_bytes = 328
stat.switch.fabric.pool_ingress_occ_bytes = 64
stat.switch.fabric.node_ready_occ_avg_pkts = 0.00596886
stat.switch.fabric.pool_ready_occ_avg_pkts = 0.0286665
stat.switch.fabric.node_ready_occ_pkts = 0
stat.switch.fabric.pool_ready_occ_pkts = 0
stat.switch.fabric.node_ready_occ_max_pkts = 1
stat.switch.fabric.pool_ready_occ_max_pkts = 1
stat.switch.fabric.node_ready_retry_count = 0
stat.switch.fabric.pool_ready_retry_count = 0
stat.switch.fabric.node_ingress_arrival_burst_max_pkts = 2
stat.switch.fabric.node_ingress_arrival_burst_max_bytes = 72
stat.switch.fabric.node_ingress_arrival_burst_avg_pkts = 1.00073
stat.switch.fabric.node_ingress_arrival_burst_avg_bytes = 30.4037
stat.switch.fabric.node_ingress_arrival_burst_stddev_pkts = 0.0268481
stat.switch.fabric.node_ingress_arrival_burst_stddev_bytes = 27.4419
stat.switch.fabric.node_ingress_arrival_nonempty_frac = 0.00596472
stat.switch.fabric.node_ingress_arrival_run_max_cycles = 4
stat.switch.fabric.node_ingress_arrival_run_avg_cycles = 1.02708
stat.switch.fabric.node_ingress_arrival_run_stddev_cycles = 0.17185
stat.switch.fabric.node_ingress_arrival_gap_max_cycles = 2358
stat.switch.fabric.node_ingress_arrival_gap_avg_cycles = 145.332
stat.switch.fabric.node_ingress_arrival_gap_stddev_cycles = 243.734
stat.switch.fabric.node_ingress_release_burst_max_pkts = 1
stat.switch.fabric.node_ingress_release_burst_max_bytes = 64
stat.switch.fabric.node_ingress_release_burst_avg_pkts = 1
stat.switch.fabric.node_ingress_release_burst_avg_bytes = 30.3806
stat.switch.fabric.node_ingress_release_burst_stddev_pkts = 0
stat.switch.fabric.node_ingress_release_burst_stddev_bytes = 27.4303
stat.switch.fabric.node_ingress_release_nonempty_frac = 0.00596886
stat.switch.fabric.node_ingress_release_run_max_cycles = 1
stat.switch.fabric.node_ingress_release_run_avg_cycles = 1
stat.switch.fabric.node_ingress_release_run_stddev_cycles = 0
stat.switch.fabric.node_ingress_release_gap_max_cycles = 2379
stat.switch.fabric.node_ingress_release_gap_avg_cycles = 141.407
stat.switch.fabric.node_ingress_release_gap_stddev_cycles = 248.632
stat.switch.fabric.pool_ingress_arrival_burst_max_pkts = 2
stat.switch.fabric.pool_ingress_arrival_burst_max_bytes = 128
stat.switch.fabric.pool_ingress_arrival_burst_avg_pkts = 1.00118
stat.switch.fabric.pool_ingress_arrival_burst_avg_bytes = 64.0754
stat.switch.fabric.pool_ingress_arrival_burst_stddev_pkts = 0.0342997
stat.switch.fabric.pool_ingress_arrival_burst_stddev_bytes = 2.19518
stat.switch.fabric.pool_ingress_arrival_nonempty_frac = 0.028633
stat.switch.fabric.pool_ingress_arrival_run_max_cycles = 3
stat.switch.fabric.pool_ingress_arrival_run_avg_cycles = 1.00263
stat.switch.fabric.pool_ingress_arrival_run_stddev_cycles = 0.0523956
stat.switch.fabric.pool_ingress_arrival_gap_max_cycles = 1059
stat.switch.fabric.pool_ingress_arrival_gap_avg_cycles = 28.7591
stat.switch.fabric.pool_ingress_arrival_gap_stddev_cycles = 37.8914
stat.switch.fabric.pool_ingress_release_burst_max_pkts = 1
stat.switch.fabric.pool_ingress_release_burst_max_bytes = 64
stat.switch.fabric.pool_ingress_release_burst_avg_pkts = 1
stat.switch.fabric.pool_ingress_release_burst_avg_bytes = 64
stat.switch.fabric.pool_ingress_release_burst_stddev_pkts = 0
stat.switch.fabric.pool_ingress_release_burst_stddev_bytes = 0
stat.switch.fabric.pool_ingress_release_nonempty_frac = 0.0286665
stat.switch.fabric.pool_ingress_release_run_max_cycles = 1
stat.switch.fabric.pool_ingress_release_run_avg_cycles = 1
stat.switch.fabric.pool_ingress_release_run_stddev_cycles = 0
stat.switch.fabric.pool_ingress_release_gap_max_cycles = 494
stat.switch.fabric.pool_ingress_release_gap_avg_cycles = 28.6482
stat.switch.fabric.pool_ingress_release_gap_stddev_cycles = 18.1618
stat.switch.fabric.node_ingress_occ_avg_bytes = 25.5407
stat.switch.fabric.node_ingress_occ_stddev_bytes = 51.4698
stat.switch.fabric.node_ingress_occ_max_bytes = 424
stat.switch.fabric.node_ingress_occ_nonempty_frac = 0.330845
stat.switch.fabric.node_ingress_occ_run_max_cycles = 1123
stat.switch.fabric.node_ingress_occ_run_avg_cycles = 282.316
stat.switch.fabric.node_ingress_occ_run_stddev_cycles = 116.44
stat.switch.fabric.node_ingress_occ_gap_max_cycles = 2236
stat.switch.fabric.node_ingress_occ_gap_avg_cycles = 443.111
stat.switch.fabric.node_ingress_occ_gap_stddev_cycles = 260.426
stat.switch.fabric.pool_ingress_occ_avg_bytes = 628.167
stat.switch.fabric.pool_ingress_occ_stddev_bytes = 645.37
stat.switch.fabric.pool_ingress_occ_max_bytes = 5184
stat.switch.fabric.pool_ingress_occ_nonempty_frac = 0.8445
stat.switch.fabric.pool_ingress_occ_run_max_cycles = 49618
stat.switch.fabric.pool_ingress_occ_run_avg_cycles = 5564.51
stat.switch.fabric.pool_ingress_occ_run_stddev_cycles = 7778.03
stat.switch.fabric.pool_ingress_occ_gap_max_cycles = 351
stat.switch.fabric.pool_ingress_occ_gap_avg_cycles = 35.983
stat.switch.fabric.pool_ingress_occ_gap_stddev_cycles = 38.8298
stat.switch.route.blocked_to_node = 0
stat.switch.route.blocked_to_pool = 0
stat.switch.route.blocked_replicated_write = 0
stat.switch.route.send_fail_to_node = 0
stat.switch.route.send_fail_to_pool = 0
stat.switch.fabric.node_rx_bytes.demand_req = 799728
stat.switch.fabric.node_rx_bytes.write_req = 4273664
stat.switch.fabric.node_rx_bytes.response = 0
stat.switch.fabric.node_tx_bytes.demand_req = 0
stat.switch.fabric.node_tx_bytes.write_req = 0
stat.switch.fabric.node_tx_bytes.response = 6419136
stat.switch.fabric.pool_rx_bytes.demand_req = 0
stat.switch.fabric.pool_rx_bytes.write_req = 0
stat.switch.fabric.pool_rx_bytes.response = 6419200
stat.switch.fabric.pool_tx_bytes.demand_req = 799720
stat.switch.fabric.pool_tx_bytes.write_req = 4273344
stat.switch.fabric.pool_tx_bytes.response = 0
stat.switch.fabric.node_rx_pkts.demand_req = 99966
stat.switch.fabric.node_rx_pkts.write_req = 66776
stat.switch.fabric.node_rx_pkts.response = 0
stat.switch.fabric.node_tx_pkts.demand_req = 0
stat.switch.fabric.node_tx_pkts.write_req = 0
stat.switch.fabric.node_tx_pkts.response = 100299
stat.switch.fabric.pool_rx_pkts.demand_req = 0
stat.switch.fabric.pool_rx_pkts.write_req = 0
stat.switch.fabric.pool_rx_pkts.response = 100300
stat.switch.fabric.pool_tx_pkts.demand_req = 99965
stat.switch.fabric.pool_tx_pkts.write_req = 66771
stat.switch.fabric.pool_tx_pkts.response = 0
stat.switch.bw.host_to_switch_gbps = 3.48191
stat.switch.bw.switch_to_host_gbps = 4.40317
stat.switch.bw.host_link_total_gbps = 7.88508
stat.switch.port.node.0.ingress_wait_avg_cycles = 132.875
stat.switch.port.node.0.ingress_wait_max_cycles = 158
stat.switch.port.node.0.egress_wait_avg_cycles = 1
stat.switch.port.node.0.egress_wait_max_cycles = 1
stat.switch.port.node.0.ingress_queue_wait_avg_cycles = 0.481638
stat.switch.port.node.0.ingress_queue_wait_max_cycles = 33
stat.switch.port.node.0.ingress_arrival_burst_avg_bytes = 30.4045
stat.switch.port.node.0.ingress_arrival_nonempty_frac = 0.00596458
stat.switch.port.node.0.ingress_arrival_run_max_cycles = 4
stat.switch.port.node.0.ingress_arrival_run_avg_cycles = 1.02732
stat.switch.port.node.0.ingress_arrival_gap_max_cycles = 2358
stat.switch.port.node.0.ingress_arrival_gap_avg_cycles = 145.355
stat.switch.port.node.0.ingress_release_burst_avg_bytes = 30.3812
stat.switch.port.node.0.ingress_release_nonempty_frac = 0.00596915
stat.switch.port.node.0.ingress_release_run_max_cycles = 1
stat.switch.port.node.0.ingress_release_run_avg_cycles = 1
stat.switch.port.node.0.ingress_release_gap_max_cycles = 2379
stat.switch.port.node.0.ingress_release_gap_avg_cycles = 141.4
stat.switch.port.node.0.ingress_occ_avg_bytes = 25.5435
stat.switch.port.node.0.ingress_occ_stddev_bytes = 51.3144
stat.switch.port.node.0.ingress_occ_max_bytes = 400
stat.switch.port.node.0.ingress_occ_nonempty_frac = 0.33109
stat.switch.port.node.0.ingress_occ_run_max_cycles = 1044
stat.switch.port.node.0.ingress_occ_run_avg_cycles = 284.137
stat.switch.port.node.0.ingress_occ_gap_max_cycles = 2236
stat.switch.port.node.0.ingress_occ_gap_avg_cycles = 445.36
stat.switch.port.node.0.rx_bytes.demand_req = 99968
stat.switch.port.node.0.rx_bytes.write_req = 534208
stat.switch.port.node.0.rx_bytes.response = 0
stat.switch.port.node.0.tx_bytes.demand_req = 0
stat.switch.port.node.0.tx_bytes.write_req = 0
stat.switch.port.node.0.tx_bytes.response = 802432
stat.switch.port.node.1.ingress_wait_avg_cycles = 132.842
stat.switch.port.node.1.ingress_wait_max_cycles = 159
stat.switch.port.node.1.egress_wait_avg_cycles = 1
stat.switch.port.node.1.egress_wait_max_cycles = 1
stat.switch.port.node.1.ingress_queue_wait_avg_cycles = 0.449413
stat.switch.port.node.1.ingress_queue_wait_max_cycles = 35
stat.switch.port.node.1.ingress_arrival_burst_avg_bytes = 30.406
stat.switch.port.node.1.ingress_arrival_nonempty_frac = 0.00596429
stat.switch.port.node.1.ingress_arrival_run_max_cycles = 4
stat.switch.port.node.1.ingress_arrival_run_avg_cycles = 1.02651
stat.switch.port.node.1.ingress_arrival_gap_max_cycles = 2299
stat.switch.port.node.1.ingress_arrival_gap_avg_cycles = 145.242
stat.switch.port.node.1.ingress_release_burst_avg_bytes = 30.3812
stat.switch.port.node.1.ingress_release_nonempty_frac = 0.00596915
stat.switch.port.node.1.ingress_release_run_max_cycles = 1
stat.switch.port.node.1.ingress_release_run_avg_cycles = 1
stat.switch.port.node.1.ingress_release_gap_max_cycles = 2299
stat.switch.port.node.1.ingress_release_gap_avg_cycles = 141.4
stat.switch.port.node.1.ingress_occ_avg_bytes = 25.5408
stat.switch.port.node.1.ingress_occ_stddev_bytes = 51.4372
stat.switch.port.node.1.ingress_occ_max_bytes = 424
stat.switch.port.node.1.ingress_occ_nonempty_frac = 0.330849
stat.switch.port.node.1.ingress_occ_run_max_cycles = 1034
stat.switch.port.node.1.ingress_occ_run_avg_cycles = 284.488
stat.switch.port.node.1.ingress_occ_gap_max_cycles = 2156
stat.switch.port.node.1.ingress_occ_gap_avg_cycles = 446.443
stat.switch.port.node.1.rx_bytes.demand_req = 99968
stat.switch.port.node.1.rx_bytes.write_req = 534208
stat.switch.port.node.1.rx_bytes.response = 0
stat.switch.port.node.1.tx_bytes.demand_req = 0
stat.switch.port.node.1.tx_bytes.write_req = 0
stat.switch.port.node.1.tx_bytes.response = 802432
stat.switch.port.node.2.ingress_wait_avg_cycles = 132.85
stat.switch.port.node.2.ingress_wait_max_cycles = 159
stat.switch.port.node.2.egress_wait_avg_cycles = 1
stat.switch.port.node.2.egress_wait_max_cycles = 1
stat.switch.port.node.2.ingress_queue_wait_avg_cycles = 0.456835
stat.switch.port.node.2.ingress_queue_wait_max_cycles = 35
stat.switch.port.node.2.ingress_arrival_burst_avg_bytes = 30.4016
stat.switch.port.node.2.ingress_arrival_nonempty_frac = 0.00596515
stat.switch.port.node.2.ingress_arrival_run_max_cycles = 4
stat.switch.port.node.2.ingress_arrival_run_avg_cycles = 1.02727
stat.switch.port.node.2.ingress_arrival_gap_max_cycles = 1836
stat.switch.port.node.2.ingress_arrival_gap_avg_cycles = 145.345
stat.switch.port.node.2.ingress_release_burst_avg_bytes = 30.3812
stat.switch.port.node.2.ingress_release_nonempty_frac = 0.00596915
stat.switch.port.node.2.ingress_release_run_max_cycles = 1
stat.switch.port.node.2.ingress_release_run_avg_cycles = 1
stat.switch.port.node.2.ingress_release_gap_max_cycles = 1857
stat.switch.port.node.2.ingress_release_gap_avg_cycles = 141.4
stat.switch.port.node.2.ingress_occ_avg_bytes = 25.5417
stat.switch.port.node.2.ingress_occ_stddev_bytes = 51.0799
stat.switch.port.node.2.ingress_occ_max_bytes = 400
stat.switch.port.node.2.ingress_occ_nonempty_frac = 0.333052
stat.switch.port.node.2.ingress_occ_run_max_cycles = 1094
stat.switch.port.node.2.ingress_occ_run_avg_cycles = 278.444
stat.switch.port.node.2.ingress_occ_gap_max_cycles = 1714
stat.switch.port.node.2.ingress_occ_gap_avg_cycles = 432.226
stat.switch.port.node.2.rx_bytes.demand_req = 99968
stat.switch.port.node.2.rx_bytes.write_req = 534208
stat.switch.port.node.2.rx_bytes.response = 0
stat.switch.port.node.2.tx_bytes.demand_req = 0
stat.switch.port.node.2.tx_bytes.write_req = 0
stat.switch.port.node.2.tx_bytes.response = 802368
stat.switch.port.node.3.ingress_wait_avg_cycles = 132.827
stat.switch.port.node.3.ingress_wait_max_cycles = 159
stat.switch.port.node.3.egress_wait_avg_cycles = 1
stat.switch.port.node.3.egress_wait_max_cycles = 1
stat.switch.port.node.3.ingress_queue_wait_avg_cycles = 0.434044
stat.switch.port.node.3.ingress_queue_wait_max_cycles = 35
stat.switch.port.node.3.ingress_arrival_burst_avg_bytes = 30.4031
stat.switch.port.node.3.ingress_arrival_nonempty_frac = 0.00596486
stat.switch.port.node.3.ingress_arrival_run_max_cycles = 4
stat.switch.port.node.3.ingress_arrival_run_avg_cycles = 1.02732
stat.switch.port.node.3.ingress_arrival_gap_max_cycles = 1661
stat.switch.port.node.3.ingress_arrival_gap_avg_cycles = 145.354
stat.switch.port.node.3.ingress_release_burst_avg_bytes = 30.3812
stat.switch.port.node.3.ingress_release_nonempty_frac = 0.00596915
stat.switch.port.node.3.ingress_release_run_max_cycles = 1
stat.switch.port.node.3.ingress_release_run_avg_cycles = 1
stat.switch.port.node.3.ingress_release_gap_max_cycles = 1682
stat.switch.port.node.3.ingress_release_gap_avg_cycles = 141.4
stat.switch.port.node.3.ingress_occ_avg_bytes = 25.54
stat.switch.port.node.3.ingress_occ_stddev_bytes = 51.1706
stat.switch.port.node.3.ingress_occ_max_bytes = 424
stat.switch.port.node.3.ingress_occ_nonempty_frac = 0.332828
stat.switch.port.node.3.ingress_occ_run_max_cycles = 1098
stat.switch.port.node.3.ingress_occ_run_avg_cycles = 278.39
stat.switch.port.node.3.ingress_occ_gap_max_cycles = 1539
stat.switch.port.node.3.ingress_occ_gap_avg_cycles = 432.62
stat.switch.port.node.3.rx_bytes.demand_req = 99968
stat.switch.port.node.3.rx_bytes.write_req = 534208
stat.switch.port.node.3.rx_bytes.response = 0
stat.switch.port.node.3.tx_bytes.demand_req = 0
stat.switch.port.node.3.tx_bytes.write_req = 0
stat.switch.port.node.3.tx_bytes.response = 802432
stat.switch.port.node.4.ingress_wait_avg_cycles = 132.868
stat.switch.port.node.4.ingress_wait_max_cycles = 158
stat.switch.port.node.4.egress_wait_avg_cycles = 1
stat.switch.port.node.4.egress_wait_max_cycles = 1
stat.switch.port.node.4.ingress_queue_wait_avg_cycles = 0.475509
stat.switch.port.node.4.ingress_queue_wait_max_cycles = 33
stat.switch.port.node.4.ingress_arrival_burst_avg_bytes = 30.4031
stat.switch.port.node.4.ingress_arrival_nonempty_frac = 0.00596486
stat.switch.port.node.4.ingress_arrival_run_max_cycles = 4
stat.switch.port.node.4.ingress_arrival_run_avg_cycles = 1.02707
stat.switch.port.node.4.ingress_arrival_gap_max_cycles = 1744
stat.switch.port.node.4.ingress_arrival_gap_avg_cycles = 145.337
stat.switch.port.node.4.ingress_release_burst_avg_bytes = 30.3812
stat.switch.port.node.4.ingress_release_nonempty_frac = 0.00596915
stat.switch.port.node.4.ingress_release_run_max_cycles = 1
stat.switch.port.node.4.ingress_release_run_avg_cycles = 1
stat.switch.port.node.4.ingress_release_gap_max_cycles = 1765
stat.switch.port.node.4.ingress_release_gap_avg_cycles = 141.4
stat.switch.port.node.4.ingress_occ_avg_bytes = 25.5425
stat.switch.port.node.4.ingress_occ_stddev_bytes = 51.6515
stat.switch.port.node.4.ingress_occ_max_bytes = 424
stat.switch.port.node.4.ingress_occ_nonempty_frac = 0.330097
stat.switch.port.node.4.ingress_occ_run_max_cycles = 852
stat.switch.port.node.4.ingress_occ_run_avg_cycles = 282.109
stat.switch.port.node.4.ingress_occ_gap_max_cycles = 1622
stat.switch.port.node.4.ingress_occ_gap_avg_cycles = 444.359
stat.switch.port.node.4.rx_bytes.demand_req = 99968
stat.switch.port.node.4.rx_bytes.write_req = 534208
stat.switch.port.node.4.rx_bytes.response = 0
stat.switch.port.node.4.tx_bytes.demand_req = 0
stat.switch.port.node.4.tx_bytes.write_req = 0
stat.switch.port.node.4.tx_bytes.response = 802368
stat.switch.port.node.5.ingress_wait_avg_cycles = 132.858
stat.switch.port.node.5.ingress_wait_max_cycles = 159
stat.switch.port.node.5.egress_wait_avg_cycles = 1
stat.switch.port.node.5.egress_wait_max_cycles = 1
stat.switch.port.node.5.ingress_queue_wait_avg_cycles = 0.465999
stat.switch.port.node.5.ingress_queue_wait_max_cycles = 35
stat.switch.port.node.5.ingress_arrival_burst_avg_bytes = 30.4147
stat.switch.port.node.5.ingress_arrival_nonempty_frac = 0.00596257
stat.switch.port.node.5.ingress_arrival_run_max_cycles = 4
stat.switch.port.node.5.ingress_arrival_run_avg_cycles = 1.02672
stat.switch.port.node.5.ingress_arrival_gap_max_cycles = 1925
stat.switch.port.node.5.ingress_arrival_gap_avg_cycles = 145.349
stat.switch.port.node.5.ingress_release_burst_avg_bytes = 30.3791
stat.switch.port.node.5.ingress_release_nonempty_frac = 0.00596829
stat.switch.port.node.5.ingress_release_run_max_cycles = 1
stat.switch.port.node.5.ingress_release_run_avg_cycles = 1
stat.switch.port.node.5.ingress_release_gap_max_cycles = 1946
stat.switch.port.node.5.ingress_release_gap_avg_cycles = 141.421
stat.switch.port.node.5.ingress_occ_avg_bytes = 25.54
stat.switch.port.node.5.ingress_occ_stddev_bytes = 51.5046
stat.switch.port.node.5.ingress_occ_max_bytes = 424
stat.switch.port.node.5.ingress_occ_nonempty_frac = 0.330905
stat.switch.port.node.5.ingress_occ_run_max_cycles = 1123
stat.switch.port.node.5.ingress_occ_run_avg_cycles = 281.972
stat.switch.port.node.5.ingress_occ_gap_max_cycles = 1803
stat.switch.port.node.5.ingress_occ_gap_avg_cycles = 442.479
stat.switch.port.node.5.rx_bytes.demand_req = 99968
stat.switch.port.node.5.rx_bytes.write_req = 534208
stat.switch.port.node.5.rx_bytes.response = 0
stat.switch.port.node.5.tx_bytes.demand_req = 0
stat.switch.port.node.5.tx_bytes.write_req = 0
stat.switch.port.node.5.tx_bytes.response = 802368
stat.switch.port.node.6.ingress_wait_avg_cycles = 132.849
stat.switch.port.node.6.ingress_wait_max_cycles = 158
stat.switch.port.node.6.egress_wait_avg_cycles = 1
stat.switch.port.node.6.egress_wait_max_cycles = 1
stat.switch.port.node.6.ingress_queue_wait_avg_cycles = 0.455373
stat.switch.port.node.6.ingress_queue_wait_max_cycles = 33
stat.switch.port.node.6.ingress_arrival_burst_avg_bytes = 30.3983
stat.switch.port.node.6.ingress_arrival_nonempty_frac = 0.00596572
stat.switch.port.node.6.ingress_arrival_run_max_cycles = 4
stat.switch.port.node.6.ingress_arrival_run_avg_cycles = 1.02742
stat.switch.port.node.6.ingress_arrival_gap_max_cycles = 1817
stat.switch.port.node.6.ingress_arrival_gap_avg_cycles = 145.357
stat.switch.port.node.6.ingress_release_burst_avg_bytes = 30.3823
stat.switch.port.node.6.ingress_release_nonempty_frac = 0.00596886
stat.switch.port.node.6.ingress_release_run_max_cycles = 1
stat.switch.port.node.6.ingress_release_run_avg_cycles = 1
stat.switch.port.node.6.ingress_release_gap_max_cycles = 1838
stat.switch.port.node.6.ingress_release_gap_avg_cycles = 141.407
stat.switch.port.node.6.ingress_occ_avg_bytes = 25.5408
stat.switch.port.node.6.ingress_occ_stddev_bytes = 51.6858
stat.switch.port.node.6.ingress_occ_max_bytes = 424
stat.switch.port.node.6.ingress_occ_nonempty_frac = 0.329775
stat.switch.port.node.6.ingress_occ_run_max_cycles = 1034
stat.switch.port.node.6.ingress_occ_run_avg_cycles = 282.8
stat.switch.port.node.6.ingress_occ_gap_max_cycles = 1695
stat.switch.port.node.6.ingress_occ_gap_avg_cycles = 446.16
stat.switch.port.node.6.rx_bytes.demand_req = 99960
stat.switch.port.node.6.rx_bytes.write_req = 534208
stat.switch.port.node.6.rx_bytes.response = 0
stat.switch.port.node.6.tx_bytes.demand_req = 0
stat.switch.port.node.6.tx_bytes.write_req = 0
stat.switch.port.node.6.tx_bytes.response = 802368
stat.switch.port.node.7.ingress_wait_avg_cycles = 132.837
stat.switch.port.node.7.ingress_wait_max_cycles = 159
stat.switch.port.node.7.egress_wait_avg_cycles = 1
stat.switch.port.node.7.egress_wait_max_cycles = 1
stat.switch.port.node.7.ingress_queue_wait_avg_cycles = 0.445142
stat.switch.port.node.7.ingress_queue_wait_max_cycles = 35
stat.switch.port.node.7.ingress_arrival_burst_avg_bytes = 30.3983
stat.switch.port.node.7.ingress_arrival_nonempty_frac = 0.00596572
stat.switch.port.node.7.ingress_arrival_run_max_cycles = 4
stat.switch.port.node.7.ingress_arrival_run_avg_cycles = 1.02701
stat.switch.port.node.7.ingress_arrival_gap_max_cycles = 2125
stat.switch.port.node.7.ingress_arrival_gap_avg_cycles = 145.317
stat.switch.port.node.7.ingress_release_burst_avg_bytes = 30.3775
stat.switch.port.node.7.ingress_release_nonempty_frac = 0.00596801
stat.switch.port.node.7.ingress_release_run_max_cycles = 1
stat.switch.port.node.7.ingress_release_run_avg_cycles = 1
stat.switch.port.node.7.ingress_release_gap_max_cycles = 2146
stat.switch.port.node.7.ingress_release_gap_avg_cycles = 141.428
stat.switch.port.node.7.ingress_occ_avg_bytes = 25.536
stat.switch.port.node.7.ingress_occ_stddev_bytes = 51.9142
stat.switch.port.node.7.ingress_occ_max_bytes = 424
stat.switch.port.node.7.ingress_occ_nonempty_frac = 0.328167
stat.switch.port.node.7.ingress_occ_run_max_cycles = 919
stat.switch.port.node.7.ingress_occ_run_avg_cycles = 286.191
stat.switch.port.node.7.ingress_occ_gap_max_cycles = 2003
stat.switch.port.node.7.ingress_occ_gap_avg_cycles = 455.238
stat.switch.port.node.7.rx_bytes.demand_req = 99960
stat.switch.port.node.7.rx_bytes.write_req = 534208
stat.switch.port.node.7.rx_bytes.response = 0
stat.switch.port.node.7.tx_bytes.demand_req = 0
stat.switch.port.node.7.tx_bytes.write_req = 0
stat.switch.port.node.7.tx_bytes.response = 802368
stat.switch.port.pool.0.ingress_wait_avg_cycles = 343.389
stat.switch.port.pool.0.ingress_wait_max_cycles = 2014
stat.switch.port.pool.0.egress_wait_avg_cycles = 1
stat.switch.port.pool.0.egress_wait_max_cycles = 1
stat.switch.port.pool.0.ingress_queue_wait_avg_cycles = 198.389
stat.switch.port.pool.0.ingress_queue_wait_max_cycles = 1869
stat.switch.port.pool.0.ingress_arrival_burst_avg_bytes = 64.0754
stat.switch.port.pool.0.ingress_arrival_nonempty_frac = 0.028633
stat.switch.port.pool.0.ingress_arrival_run_max_cycles = 3
stat.switch.port.pool.0.ingress_arrival_run_avg_cycles = 1.00263
stat.switch.port.pool.0.ingress_arrival_gap_max_cycles = 1059
stat.switch.port.pool.0.ingress_arrival_gap_avg_cycles = 28.7591
stat.switch.port.pool.0.ingress_release_burst_avg_bytes = 64
stat.switch.port.pool.0.ingress_release_nonempty_frac = 0.0286665
stat.switch.port.pool.0.ingress_release_run_max_cycles = 1
stat.switch.port.pool.0.ingress_release_run_avg_cycles = 1
stat.switch.port.pool.0.ingress_release_gap_max_cycles = 494
stat.switch.port.pool.0.ingress_release_gap_avg_cycles = 28.6482
stat.switch.port.pool.0.ingress_occ_avg_bytes = 628.167
stat.switch.port.pool.0.ingress_occ_stddev_bytes = 645.37
stat.switch.port.pool.0.ingress_occ_max_bytes = 5184
stat.switch.port.pool.0.ingress_occ_nonempty_frac = 0.8445
stat.switch.port.pool.0.ingress_occ_run_max_cycles = 49618
stat.switch.port.pool.0.ingress_occ_run_avg_cycles = 5564.51
stat.switch.port.pool.0.ingress_occ_gap_max_cycles = 351
stat.switch.port.pool.0.ingress_occ_gap_avg_cycles = 35.983
stat.switch.port.pool.0.rx_bytes.demand_req = 0
stat.switch.port.pool.0.rx_bytes.write_req = 0
stat.switch.port.pool.0.rx_bytes.response = 6419200
stat.switch.port.pool.0.tx_bytes.demand_req = 799720
stat.switch.port.pool.0.tx_bytes.write_req = 4273344
stat.switch.port.pool.0.tx_bytes.response = 0
stat.switch.walltime_s = 79.2093
stat.switch.active_time_s = 1.50326
Simulation is complete, simulated time: 1.45901 ms
