stat.node.2.llc.pool_accesses = 10219
stat.node.2.llc.pool_completed = 10218
stat.node.2.llc.avg_pool_roundtrip_lat = 772.744
stat.node.2.llc.cxl_miss = 10184
stat.node.2.llc.total_miss = 10189
stat.node.2.llc.avg_miss_lat = 773.869
stat.node.2.llc.avg_cxl_lat = 773.874
stat.node.2.llc.miss_lat_hist_bin_ns = 10
stat.node.2.llc.miss_lat_hist = [0,0,0,0,0,0,0,0,0,0,0,0,0,0,0,0,0,0,0,0,0,0,0,0,0,0,2045,1697,1209,787,607,454,371,363,309,253,202,199,165,151,142,124,127,121,87,90,72,66,56,45,60,43,39,36,29,34,24,18,26,17,13,11,9,12,12,7,8,10,5,9,3,1,2,1,1,0,1,4,1,3,1,2,2,0,1,1,0,1]
stat.node.2.util.dram_avg = 7.52196e-06
stat.node.2.fabric.ingress_wait_avg_cycles = 145
stat.node.2.fabric.egress_wait_avg_cycles = 1
stat.node.2.fabric.ingress_wait_max_cycles = 145
stat.node.2.fabric.egress_wait_max_cycles = 1
stat.node.2.fabric.ingress_queue_wait_avg_cycles = 0
stat.node.2.fabric.ingress_queue_wait_max_cycles = 0
stat.node.2.fabric.ingress_occ_bytes = 0
stat.node.2.fabric.ready_wait_avg_cycles = 0
stat.node.2.fabric.ready_wait_max_cycles = 0
stat.node.2.fabric.ready_occ_avg_pkts = 0.00338081
stat.node.2.fabric.ready_occ_pkts = 0
stat.node.2.fabric.ready_occ_max_pkts = 1
stat.node.2.fabric.ready_retry_count = 0
stat.node.2.fabric.rx_bytes.demand_req = 0
stat.node.2.fabric.rx_bytes.write_req = 0
stat.node.2.fabric.rx_bytes.response = 690368
stat.node.2.fabric.tx_bytes.demand_req = 86000
stat.node.2.fabric.tx_bytes.write_req = 460608
stat.node.2.fabric.tx_bytes.response = 0
stat.node.2.fabric.rx_pkts.demand_req = 0
stat.node.2.fabric.rx_pkts.write_req = 0
stat.node.2.fabric.rx_pkts.response = 10787
stat.node.2.fabric.tx_pkts.demand_req = 10750
stat.node.2.fabric.tx_pkts.write_req = 7197
stat.node.2.fabric.tx_pkts.response = 0
stat.node.2.walltime_s = 69.1456
stat.node.2.active_time_s = 29.8173
stat.node.1.llc.pool_accesses = 10219
stat.node.1.llc.pool_completed = 10218
stat.node.1.llc.avg_pool_roundtrip_lat = 827.569
stat.node.1.llc.cxl_miss = 10184
stat.node.1.llc.total_miss = 10189
stat.node.1.llc.avg_miss_lat = 828.503
stat.node.1.llc.avg_cxl_lat = 828.569
stat.node.1.llc.miss_lat_hist_bin_ns = 10
stat.node.1.llc.miss_lat_hist = [0,0,0,0,0,0,0,0,0,0,0,0,0,0,0,0,0,0,0,0,0,0,0,0,0,0,1871,1221,823,640,568,477,421,349,341,315,288,277,230,199,184,192,183,137,126,111,120,111,105,91,89,59,52,63,66,49,38,31,34,33,25,23,19,18,19,22,22,17,13,9,10,11,5,12,12,11,10,7,5,2,2,3,3,2,2,1,2,1,0,1,0,0,2,2,0,1,1]
stat.node.1.util.dram_avg = 7.52134e-06
stat.node.1.fabric.ingress_wait_avg_cycles = 145
stat.node.1.fabric.egress_wait_avg_cycles = 1
stat.node.1.fabric.ingress_wait_max_cycles = 145
stat.node.1.fabric.egress_wait_max_cycles = 1
stat.node.1.fabric.ingress_queue_wait_avg_cycles = 0
stat.node.1.fabric.ingress_queue_wait_max_cycles = 0
stat.node.1.fabric.ingress_occ_bytes = 0
stat.node.1.fabric.ready_wait_avg_cycles = 0
stat.node.1.fabric.ready_wait_max_cycles = 0
stat.node.1.fabric.ready_occ_avg_pkts = 0.00338053
stat.node.1.fabric.ready_occ_pkts = 0
stat.node.1.fabric.ready_occ_max_pkts = 1
stat.node.1.fabric.ready_retry_count = 0
stat.node.1.fabric.rx_bytes.demand_req = 0
stat.node.1.fabric.rx_bytes.write_req = 0
stat.node.1.fabric.rx_bytes.response = 690368
stat.node.1.fabric.tx_bytes.demand_req = 86000
stat.node.1.fabric.tx_bytes.write_req = 460608
stat.node.1.fabric.tx_bytes.response = 0
stat.node.1.fabric.rx_pkts.demand_req = 0
stat.node.1.fabric.rx_pkts.write_req = 0
stat.node.1.fabric.rx_pkts.response = 10787
stat.node.1.fabric.tx_pkts.demand_req = 10750
stat.node.1.fabric.tx_pkts.write_req = 7197
stat.node.1.fabric.tx_pkts.response = 0
stat.node.1.walltime_s = 69.1516
stat.node.1.active_time_s = 29.5124
stat.node.0.llc.pool_accesses = 10219
stat.node.0.llc.pool_completed = 10218
stat.node.0.llc.avg_pool_roundtrip_lat = 779.086
stat.node.0.llc.cxl_miss = 10184
stat.node.0.llc.total_miss = 10189
stat.node.0.llc.avg_miss_lat = 780.087
stat.node.0.llc.avg_cxl_lat = 780.148
stat.node.0.llc.miss_lat_hist_bin_ns = 10
stat.node.0.llc.miss_lat_hist = [0,0,0,0,0,0,0,0,0,0,0,0,0,0,0,0,0,0,0,0,0,0,0,0,0,0,1896,1577,1168,781,631,515,442,369,306,254,223,208,196,201,179,136,129,121,97,87,69,48,56,58,56,52,42,37,31,34,19,13,12,16,16,9,7,4,9,14,7,11,12,8,7,5,3,3,2,1,1,0,0,2,2,1,2,0,2,1,1]
stat.node.0.util.dram_avg = 7.52126e-06
stat.node.0.fabric.ingress_wait_avg_cycles = 145
stat.node.0.fabric.egress_wait_avg_cycles = 1
stat.node.0.fabric.ingress_wait_max_cycles = 145
stat.node.0.fabric.egress_wait_max_cycles = 1
stat.node.0.fabric.ingress_queue_wait_avg_cycles = 0
stat.node.0.fabric.ingress_queue_wait_max_cycles = 0
stat.node.0.fabric.ingress_occ_bytes = 0
stat.node.0.fabric.ready_wait_avg_cycles = 0
stat.node.0.fabric.ready_wait_max_cycles = 0
stat.node.0.fabric.ready_occ_avg_pkts = 0.00338049
stat.node.0.fabric.ready_occ_pkts = 0
stat.node.0.fabric.ready_occ_max_pkts = 1
stat.node.0.fabric.ready_retry_count = 0
stat.node.0.fabric.rx_bytes.demand_req = 0
stat.node.0.fabric.rx_bytes.write_req = 0
stat.node.0.fabric.rx_bytes.response = 690368
stat.node.0.fabric.tx_bytes.demand_req = 86000
stat.node.0.fabric.tx_bytes.write_req = 460608
stat.node.0.fabric.tx_bytes.response = 0
stat.node.0.fabric.rx_pkts.demand_req = 0
stat.node.0.fabric.rx_pkts.write_req = 0
stat.node.0.fabric.rx_pkts.response = 10787
stat.node.0.fabric.tx_pkts.demand_req = 10750
stat.node.0.fabric.tx_pkts.write_req = 7197
stat.node.0.fabric.tx_pkts.response = 0
stat.node.0.walltime_s = 69.1522
stat.node.0.active_time_s = 30.5459
stat.node.5.llc.pool_accesses = 10219
stat.node.5.llc.pool_completed = 10218
stat.node.5.llc.avg_pool_roundtrip_lat = 826.916
stat.node.5.llc.cxl_miss = 10184
stat.node.5.llc.total_miss = 10189
stat.node.5.llc.avg_miss_lat = 828.298
stat.node.5.llc.avg_cxl_lat = 828.162
stat.node.5.llc.miss_lat_hist_bin_ns = 10
stat.node.5.llc.miss_lat_hist = [0,0,0,0,0,0,0,0,0,0,0,0,0,0,0,0,0,0,0,0,0,0,0,0,0,0,1819,1153,784,660,536,470,397,411,368,350,326,278,288,253,259,230,175,138,121,112,89,81,74,80,48,61,63,54,51,41,35,26,36,29,28,26,23,11,20,14,12,8,10,10,14,12,19,13,6,13,4,2,7,7,5,6,4,0,4,1,2,2,2,1,2,0,2,0,1,0,0,0,1,0,0,1]
stat.node.5.util.dram_avg = 7.52108e-06
stat.node.5.fabric.ingress_wait_avg_cycles = 145
stat.node.5.fabric.egress_wait_avg_cycles = 1
stat.node.5.fabric.ingress_wait_max_cycles = 145
stat.node.5.fabric.egress_wait_max_cycles = 1
stat.node.5.fabric.ingress_queue_wait_avg_cycles = 0
stat.node.5.fabric.ingress_queue_wait_max_cycles = 0
stat.node.5.fabric.ingress_occ_bytes = 0
stat.node.5.fabric.ready_wait_avg_cycles = 0
stat.node.5.fabric.ready_wait_max_cycles = 0
stat.node.5.fabric.ready_occ_avg_pkts = 0.00338041
stat.node.5.fabric.ready_occ_pkts = 0
stat.node.5.fabric.ready_occ_max_pkts = 1
stat.node.5.fabric.ready_retry_count = 0
stat.node.5.fabric.rx_bytes.demand_req = 0
stat.node.5.fabric.rx_bytes.write_req = 0
stat.node.5.fabric.rx_bytes.response = 690368
stat.node.5.fabric.tx_bytes.demand_req = 86000
stat.node.5.fabric.tx_bytes.write_req = 460608
stat.node.5.fabric.tx_bytes.response = 0
stat.node.5.fabric.rx_pkts.demand_req = 0
stat.node.5.fabric.rx_pkts.write_req = 0
stat.node.5.fabric.rx_pkts.response = 10787
stat.node.5.fabric.tx_pkts.demand_req = 10750
stat.node.5.fabric.tx_pkts.write_req = 7197
stat.node.5.fabric.tx_pkts.response = 0
stat.node.5.walltime_s = 69.1536
stat.node.5.active_time_s = 29.6231
stat.node.7.llc.pool_accesses = 10219
stat.node.7.llc.pool_completed = 10218
stat.node.7.llc.avg_pool_roundtrip_lat = 823.936
stat.node.7.llc.cxl_miss = 10184
stat.node.7.llc.total_miss = 10189
stat.node.7.llc.avg_miss_lat = 825.375
stat.node.7.llc.avg_cxl_lat = 825.15
stat.node.7.llc.miss_lat_hist_bin_ns = 10
stat.node.7.llc.miss_lat_hist = [0,0,0,0,0,0,0,0,0,0,0,0,0,0,0,0,0,0,0,0,0,0,0,0,0,0,1710,1162,819,640,531,481,450,410,384,331,326,294,286,268,234,233,178,160,160,128,116,103,75,75,51,41,39,49,42,43,42,30,30,24,27,32,20,15,10,10,12,11,13,13,8,7,1,9,6,10,8,4,2,1,4,5,6,2,1,0,1,1,4,0,0,1]
stat.node.7.util.dram_avg = 7.52083e-06
stat.node.7.fabric.ingress_wait_avg_cycles = 145
stat.node.7.fabric.egress_wait_avg_cycles = 1
stat.node.7.fabric.ingress_wait_max_cycles = 145
stat.node.7.fabric.egress_wait_max_cycles = 1
stat.node.7.fabric.ingress_queue_wait_avg_cycles = 0
stat.node.7.fabric.ingress_queue_wait_max_cycles = 0
stat.node.7.fabric.ingress_occ_bytes = 0
stat.node.7.fabric.ready_wait_avg_cycles = 0
stat.node.7.fabric.ready_wait_max_cycles = 0
stat.node.7.fabric.ready_occ_avg_pkts = 0.0033803
stat.node.7.fabric.ready_occ_pkts = 0
stat.node.7.fabric.ready_occ_max_pkts = 1
stat.node.7.fabric.ready_retry_count = 0
stat.node.7.fabric.rx_bytes.demand_req = 0
stat.node.7.fabric.rx_bytes.write_req = 0
stat.node.7.fabric.rx_bytes.response = 690368
stat.node.7.fabric.tx_bytes.demand_req = 86000
stat.node.7.fabric.tx_bytes.write_req = 460608
stat.node.7.fabric.tx_bytes.response = 0
stat.node.7.fabric.rx_pkts.demand_req = 0
stat.node.7.fabric.rx_pkts.write_req = 0
stat.node.7.fabric.rx_pkts.response = 10787
stat.node.7.fabric.tx_pkts.demand_req = 10750
stat.node.7.fabric.tx_pkts.write_req = 7197
stat.node.7.fabric.tx_pkts.response = 0
stat.node.7.walltime_s = 69.1553
stat.node.7.active_time_s = 30.0974
stat.node.4.llc.pool_accesses = 10219
stat.node.4.llc.pool_completed = 10218
stat.node.4.llc.avg_pool_roundtrip_lat = 829.161
stat.node.4.llc.cxl_miss = 10184
stat.node.4.llc.total_miss = 10189
stat.node.4.llc.avg_miss_lat = 830.403
stat.node.4.llc.avg_cxl_lat = 830.324
stat.node.4.llc.miss_lat_hist_bin_ns = 10
stat.node.4.llc.miss_lat_hist = [0,0,0,0,0,0,0,0,0,0,0,0,0,0,0,0,0,0,0,0,0,0,0,0,0,0,1758,1160,755,593,542,509,443,438,368,373,291,289,287,247,228,211,191,138,129,119,105,94,98,76,79,56,50,56,43,46,52,34,32,36,27,16,17,16,18,18,10,15,12,14,11,10,7,7,7,8,7,7,6,4,5,4,1,0,0,2,1,2,0,1,1,0,2,1,0,0,0,0,1,1,1,0,2,0,1]
stat.node.4.util.dram_avg = 7.52055e-06
stat.node.4.fabric.ingress_wait_avg_cycles = 145
stat.node.4.fabric.egress_wait_avg_cycles = 1
stat.node.4.fabric.ingress_wait_max_cycles = 145
stat.node.4.fabric.egress_wait_max_cycles = 1
stat.node.4.fabric.ingress_queue_wait_avg_cycles = 0
stat.node.4.fabric.ingress_queue_wait_max_cycles = 0
stat.node.4.fabric.ingress_occ_bytes = 0
stat.node.4.fabric.ready_wait_avg_cycles = 0
stat.node.4.fabric.ready_wait_max_cycles = 0
stat.node.4.fabric.ready_occ_avg_pkts = 0.00338018
stat.node.4.fabric.ready_occ_pkts = 0
stat.node.4.fabric.ready_occ_max_pkts = 1
stat.node.4.fabric.ready_retry_count = 0
stat.node.4.fabric.rx_bytes.demand_req = 0
stat.node.4.fabric.rx_bytes.write_req = 0
stat.node.4.fabric.rx_bytes.response = 690368
stat.node.4.fabric.tx_bytes.demand_req = 86000
stat.node.4.fabric.tx_bytes.write_req = 460608
stat.node.4.fabric.tx_bytes.response = 0
stat.node.4.fabric.rx_pkts.demand_req = 0
stat.node.4.fabric.rx_pkts.write_req = 0
stat.node.4.fabric.rx_pkts.response = 10787
stat.node.4.fabric.tx_pkts.demand_req = 10750
stat.node.4.fabric.tx_pkts.write_req = 7197
stat.node.4.fabric.tx_pkts.response = 0
stat.node.4.walltime_s = 69.1571
stat.node.4.active_time_s = 30.1808
stat.node.3.llc.pool_accesses = 10219
stat.node.3.llc.pool_completed = 10218
stat.node.3.llc.avg_pool_roundtrip_lat = 859.943
stat.node.3.llc.cxl_miss = 10184
stat.node.3.llc.total_miss = 10189
stat.node.3.llc.avg_miss_lat = 861.069
stat.node.3.llc.avg_cxl_lat = 861.062
stat.node.3.llc.miss_lat_hist_bin_ns = 10
stat.node.3.llc.miss_lat_hist = [0,0,0,0,0,0,0,0,0,0,0,0,0,0,0,0,0,0,0,0,0,0,0,0,0,0,1837,1249,797,592,475,430,332,314,270,301,270,276,226,217,210,191,170,145,149,123,117,105,112,111,111,92,76,51,59,61,65,50,47,35,36,28,29,23,39,27,28,21,23,18,20,9,21,11,16,15,15,14,17,17,10,11,6,12,4,8,11,5,7,7,2,5,3,1,1,0,0,1,0,1,0,0,0,1]
stat.node.3.util.dram_avg = 7.52026e-06
stat.node.3.fabric.ingress_wait_avg_cycles = 145
stat.node.3.fabric.egress_wait_avg_cycles = 1
stat.node.3.fabric.ingress_wait_max_cycles = 145
stat.node.3.fabric.egress_wait_max_cycles = 1
stat.node.3.fabric.ingress_queue_wait_avg_cycles = 0
stat.node.3.fabric.ingress_queue_wait_max_cycles = 0
stat.node.3.fabric.ingress_occ_bytes = 0
stat.node.3.fabric.ready_wait_avg_cycles = 0
stat.node.3.fabric.ready_wait_max_cycles = 0
stat.node.3.fabric.ready_occ_avg_pkts = 0.00338004
stat.node.3.fabric.ready_occ_pkts = 0
stat.node.3.fabric.ready_occ_max_pkts = 1
stat.node.3.fabric.ready_retry_count = 0
stat.node.3.fabric.rx_bytes.demand_req = 0
stat.node.3.fabric.rx_bytes.write_req = 0
stat.node.3.fabric.rx_bytes.response = 690368
stat.node.3.fabric.tx_bytes.demand_req = 86000
stat.node.3.fabric.tx_bytes.write_req = 460608
stat.node.3.fabric.tx_bytes.response = 0
stat.node.3.fabric.rx_pkts.demand_req = 0
stat.node.3.fabric.rx_pkts.write_req = 0
stat.node.3.fabric.rx_pkts.response = 10787
stat.node.3.fabric.tx_pkts.demand_req = 10750
stat.node.3.fabric.tx_pkts.write_req = 7197
stat.node.3.fabric.tx_pkts.response = 0
stat.node.3.walltime_s = 69.159
stat.node.3.active_time_s = 29.9956
stat.node.6.llc.pool_accesses = 10219
stat.node.6.llc.pool_completed = 10218
stat.node.6.llc.avg_pool_roundtrip_lat = 856.842
stat.node.6.llc.cxl_miss = 10184
stat.node.6.llc.total_miss = 10189
stat.node.6.llc.avg_miss_lat = 858.179
stat.node.6.llc.avg_cxl_lat = 857.988
stat.node.6.llc.miss_lat_hist_bin_ns = 10
stat.node.6.llc.miss_lat_hist = [0,0,0,0,0,0,0,0,0,0,0,0,0,0,0,0,0,0,0,0,0,0,0,0,0,0,1897,1242,753,563,453,373,312,333,351,309,271,235,227,236,217,173,223,164,168,130,129,107,106,107,82,79,69,46,60,53,62,54,57,45,45,40,30,26,24,34,34,27,26,24,23,14,11,14,12,11,13,15,13,14,8,7,6,2,4,7,1,2,4,1,1,1,2,2,1,2,0,0,0,0,0,0,0,2]
stat.node.6.util.dram_avg = 7.51962e-06
stat.node.6.fabric.ingress_wait_avg_cycles = 145
stat.node.6.fabric.egress_wait_avg_cycles = 1
stat.node.6.fabric.ingress_wait_max_cycles = 145
stat.node.6.fabric.egress_wait_max_cycles = 1
stat.node.6.fabric.ingress_queue_wait_avg_cycles = 0
stat.node.6.fabric.ingress_queue_wait_max_cycles = 0
stat.node.6.fabric.ingress_occ_bytes = 0
stat.node.6.fabric.ready_wait_avg_cycles = 0
stat.node.6.fabric.ready_wait_max_cycles = 0
stat.node.6.fabric.ready_occ_avg_pkts = 0.00337976
stat.node.6.fabric.ready_occ_pkts = 0
stat.node.6.fabric.ready_occ_max_pkts = 1
stat.node.6.fabric.ready_retry_count = 0
stat.node.6.fabric.rx_bytes.demand_req = 0
stat.node.6.fabric.rx_bytes.write_req = 0
stat.node.6.fabric.rx_bytes.response = 690368
stat.node.6.fabric.tx_bytes.demand_req = 86000
stat.node.6.fabric.tx_bytes.write_req = 460608
stat.node.6.fabric.tx_bytes.response = 0
stat.node.6.fabric.rx_pkts.demand_req = 0
stat.node.6.fabric.rx_pkts.write_req = 0
stat.node.6.fabric.rx_pkts.response = 10787
stat.node.6.fabric.tx_pkts.demand_req = 10750
stat.node.6.fabric.tx_pkts.write_req = 7197
stat.node.6.fabric.tx_pkts.response = 0
stat.node.6.walltime_s = 69.1626
stat.node.6.active_time_s = 30.0881
stat.pool.100.util.mem_avg = 0.180313
stat.pool.100.util.req_link_avg = 0.535475
stat.pool.100.fabric.ingress_wait_avg_cycles = 145.788
stat.pool.100.fabric.egress_wait_avg_cycles = 1
stat.pool.100.fabric.ingress_wait_max_cycles = 456
stat.pool.100.fabric.egress_wait_max_cycles = 1
stat.pool.100.fabric.ingress_queue_wait_avg_cycles = 13.3842
stat.pool.100.fabric.ingress_queue_wait_max_cycles = 325
stat.pool.100.fabric.ingress_occ_bytes = 64
stat.pool.100.fabric.ready_wait_avg_cycles = 0
stat.pool.100.fabric.ready_wait_max_cycles = 0
stat.pool.100.fabric.ready_occ_avg_pkts = 0.0450792
stat.pool.100.fabric.ready_occ_pkts = 0
stat.pool.100.fabric.ready_occ_max_pkts = 1
stat.pool.100.fabric.ready_retry_count = 0
stat.pool.100.fabric.rx_bytes.demand_req = 687992
stat.pool.100.fabric.rx_bytes.write_req = 3684800
stat.pool.100.fabric.rx_bytes.response = 0
stat.pool.100.fabric.tx_bytes.demand_req = 0
stat.pool.100.fabric.tx_bytes.write_req = 0
stat.pool.100.fabric.tx_bytes.response = 5523328
stat.pool.100.fabric.rx_pkts.demand_req = 85999
stat.pool.100.fabric.rx_pkts.write_req = 57575
stat.pool.100.fabric.rx_pkts.response = 0
stat.pool.100.fabric.tx_pkts.demand_req = 0
stat.pool.100.fabric.tx_pkts.write_req = 0
stat.pool.100.fabric.tx_pkts.response = 86302
stat.pool.100.walltime_s = 69.1628
stat.pool.100.active_time_s = 0.435737
stat.switch.replicated_messages = 0
stat.switch.util.node_ingress_avg = 0.0669354
stat.switch.util.pool_ingress_avg = 0.675989
stat.switch.fabric.node_ingress_wait_avg_cycles = 132.742
stat.switch.fabric.node_egress_wait_avg_cycles = 1
stat.switch.fabric.pool_ingress_wait_avg_cycles = 310.326
stat.switch.fabric.pool_egress_wait_avg_cycles = 1
stat.switch.fabric.node_ingress_queue_wait_avg_cycles = 0.338502
stat.switch.fabric.pool_ingress_queue_wait_avg_cycles = 165.326
stat.switch.fabric.node_ready_wait_avg_cycles = 0
stat.switch.fabric.pool_ready_wait_avg_cycles = 0
stat.switch.fabric.node_ingress_wait_max_cycles = 158
stat.switch.fabric.node_egress_wait_max_cycles = 1
stat.switch.fabric.pool_ingress_wait_max_cycles = 1625
stat.switch.fabric.pool_egress_wait_max_cycles = 1
stat.switch.fabric.node_ingress_queue_wait_max_cycles = 31
stat.switch.fabric.pool_ingress_queue_wait_max_cycles = 1480
stat.switch.fabric.node_ready_wait_max_cycles = 0
stat.switch.fabric.pool_ready_wait_max_cycles = 0
stat.switch.fabric.node_ingress_occ_bytes = 72
stat.switch.fabric.pool_ingress_occ_bytes = 64
stat.switch.fabric.node_ready_occ_avg_pkts = 0.00563493
stat.switch.fabric.pool_ready_occ_avg_pkts = 0.0270396
stat.switch.fabric.node_ready_occ_pkts = 0
stat.switch.fabric.pool_ready_occ_pkts = 0
stat.switch.fabric.node_ready_occ_max_pkts = 1
stat.switch.fabric.pool_ready_occ_max_pkts = 1
stat.switch.fabric.node_ready_retry_count = 0
stat.switch.fabric.pool_ready_retry_count = 0
stat.switch.fabric.node_rx_bytes.demand_req = 688000
stat.switch.fabric.node_rx_bytes.write_req = 3684864
stat.switch.fabric.node_rx_bytes.response = 0
stat.switch.fabric.node_tx_bytes.demand_req = 0
stat.switch.fabric.node_tx_bytes.write_req = 0
stat.switch.fabric.node_tx_bytes.response = 5523264
stat.switch.fabric.pool_rx_bytes.demand_req = 0
stat.switch.fabric.pool_rx_bytes.write_req = 0
stat.switch.fabric.pool_rx_bytes.response = 5523328
stat.switch.fabric.pool_tx_bytes.demand_req = 687992
stat.switch.fabric.pool_tx_bytes.write_req = 3684800
stat.switch.fabric.pool_tx_bytes.response = 0
stat.switch.fabric.node_rx_pkts.demand_req = 86000
stat.switch.fabric.node_rx_pkts.write_req = 57576
stat.switch.fabric.node_rx_pkts.response = 0
stat.switch.fabric.node_tx_pkts.demand_req = 0
stat.switch.fabric.node_tx_pkts.write_req = 0
stat.switch.fabric.node_tx_pkts.response = 86301
stat.switch.fabric.pool_rx_pkts.demand_req = 0
stat.switch.fabric.pool_rx_pkts.write_req = 0
stat.switch.fabric.pool_rx_pkts.response = 86302
stat.switch.fabric.pool_tx_pkts.demand_req = 85999
stat.switch.fabric.pool_tx_pkts.write_req = 57575
stat.switch.fabric.pool_tx_pkts.response = 0
stat.switch.bw.host_to_switch_gbps = 3.29005
stat.switch.bw.switch_to_host_gbps = 4.15328
stat.switch.bw.host_link_total_gbps = 7.44334
stat.switch.walltime_s = 69.1631
stat.switch.active_time_s = 0.983378
Simulation is complete, simulated time: 1.33092 ms
