stat.node.1.llc.pool_accesses = 2021
stat.node.1.llc.pool_completed = 2020
stat.node.1.llc.avg_pool_roundtrip_lat = 634.859
stat.node.1.llc.cxl_miss = 2016
stat.node.1.llc.total_miss = 2016
stat.node.1.llc.avg_miss_lat = 635.841
stat.node.1.llc.avg_cxl_lat = 635.841
stat.node.1.llc.miss_lat_hist_bin_ns = 10
stat.node.1.llc.miss_lat_hist = [0,0,0,0,0,0,0,0,0,0,0,0,0,0,0,0,0,0,0,0,0,0,0,0,0,0,1690,208,59,24,13,6,7,3,2,1,1,0,1,1]
stat.node.1.util.dram_avg = 1.31372e-05
stat.node.1.fabric.ingress_wait_avg_cycles = 145
stat.node.1.fabric.egress_wait_avg_cycles = 1
stat.node.1.fabric.ingress_wait_max_cycles = 145
stat.node.1.fabric.egress_wait_max_cycles = 1
stat.node.1.fabric.ingress_queue_wait_avg_cycles = 0
stat.node.1.fabric.ingress_queue_wait_max_cycles = 0
stat.node.1.fabric.ingress_occ_bytes = 0
stat.node.1.fabric.ready_wait_avg_cycles = 0
stat.node.1.fabric.ready_wait_max_cycles = 0
stat.node.1.fabric.ready_occ_avg_pkts = 0.00117851
stat.node.1.fabric.ready_occ_pkts = 0
stat.node.1.fabric.ready_occ_max_pkts = 1
stat.node.0.llc.pool_accesses = 2021
stat.node.0.llc.pool_completed = 2020
stat.node.0.llc.avg_pool_roundtrip_lat = 634.859
stat.node.0.llc.cxl_miss = 2016
stat.node.0.llc.total_miss = 2016
stat.node.0.llc.avg_miss_lat = 635.841
stat.node.0.llc.avg_cxl_lat = 635.841
stat.node.0.llc.miss_lat_hist_bin_ns = 10
stat.node.0.llc.miss_lat_hist = [0,0,0,0,0,0,0,0,0,0,0,0,0,0,0,0,0,0,0,0,0,0,0,0,0,0,1690,208,59,24,13,6,7,3,2,1,1,0,1,1]
stat.node.0.util.dram_avg = 1.31372e-05
stat.node.0.fabric.ingress_wait_avg_cycles = 145
stat.node.0.fabric.egress_wait_avg_cycles = 1
stat.node.0.fabric.ingress_wait_max_cycles = 145
stat.node.0.fabric.egress_wait_max_cycles = 1
stat.node.0.fabric.ingress_queue_wait_avg_cycles = 0
stat.node.0.fabric.ingress_queue_wait_max_cycles = 0
stat.node.0.fabric.ingress_occ_bytes = 0
stat.node.0.fabric.ready_wait_avg_cycles = 0
stat.node.0.fabric.ready_wait_max_cycles = 0
stat.node.0.fabric.ready_occ_avg_pkts = 0.00117851
stat.node.0.fabric.ready_occ_pkts = 0
stat.node.0.fabric.ready_occ_max_pkts = 1
stat.node.0.fabric.ready_retry_count = 0
stat.node.0.fabric.rx_bytes.demand_req = 0
stat.node.0.fabric.rx_bytes.write_req = 0
stat.node.0.fabric.rx_bytes.response = 137792
stat.node.0.fabric.tx_bytes.demand_req = 17192
stat.node.0.fabric.tx_bytes.write_req = 50880
stat.node.0.fabric.tx_bytes.response = 0
stat.node.0.fabric.rx_pkts.demand_req = 0
stat.node.0.fabric.rx_pkts.write_req = 0
stat.node.0.fabric.rx_pkts.response = 2153
stat.node.0.fabric.tx_pkts.demand_req = 2149
stat.node.0.fabric.tx_pkts.write_req = 795
stat.node.0.fabric.tx_pkts.response = 0
stat.node.0.walltime_s = 41.7255
stat.node.0.active_time_s = 18.3515
stat.node.1.fabric.ready_retry_count = 0
stat.node.1.fabric.rx_bytes.demand_req = 0
stat.node.1.fabric.rx_bytes.write_req = 0
stat.node.1.fabric.rx_bytes.response = 137792
stat.node.1.fabric.tx_bytes.demand_req = 17192
stat.node.1.fabric.tx_bytes.write_req = 50880
stat.node.1.fabric.tx_bytes.response = 0
stat.node.1.fabric.rx_pkts.demand_req = 0
stat.node.1.fabric.rx_pkts.write_req = 0
stat.node.1.fabric.rx_pkts.response = 2153
stat.node.1.fabric.tx_pkts.demand_req = 2149
stat.node.1.fabric.tx_pkts.write_req = 795
stat.node.1.fabric.tx_pkts.response = 0
stat.node.1.walltime_s = 41.7255
stat.node.1.active_time_s = 18.7541
stat.node.2.llc.pool_accesses = 2021
stat.node.2.llc.pool_completed = 2020
stat.node.2.llc.avg_pool_roundtrip_lat = 635.795
stat.node.2.llc.cxl_miss = 2016
stat.node.2.llc.total_miss = 2016
stat.node.2.llc.avg_miss_lat = 636.782
stat.node.2.llc.avg_cxl_lat = 636.782
stat.node.2.llc.miss_lat_hist_bin_ns = 10
stat.node.2.llc.miss_lat_hist = [0,0,0,0,0,0,0,0,0,0,0,0,0,0,0,0,0,0,0,0,0,0,0,0,0,0,1652,207,82,36,15,7,8,5,2,2]
stat.node.2.util.dram_avg = 1.31355e-05
stat.node.2.fabric.ingress_wait_avg_cycles = 145
stat.node.2.fabric.egress_wait_avg_cycles = 1
stat.node.2.fabric.ingress_wait_max_cycles = 145
stat.node.2.fabric.egress_wait_max_cycles = 1
stat.node.2.fabric.ingress_queue_wait_avg_cycles = 0
stat.node.2.fabric.ingress_queue_wait_max_cycles = 0
stat.node.2.fabric.ingress_occ_bytes = 0
stat.node.2.fabric.ready_wait_avg_cycles = 0
stat.node.2.fabric.ready_wait_max_cycles = 0
stat.node.2.fabric.ready_occ_avg_pkts = 0.00117837
stat.node.2.fabric.ready_occ_pkts = 0
stat.node.2.fabric.ready_occ_max_pkts = 1
stat.node.2.fabric.ready_retry_count = 0
stat.node.2.fabric.rx_bytes.demand_req = 0
stat.node.2.fabric.rx_bytes.write_req = 0
stat.node.2.fabric.rx_bytes.response = 137792
stat.node.2.fabric.tx_bytes.demand_req = 17192
stat.node.2.fabric.tx_bytes.write_req = 50880
stat.node.2.fabric.tx_bytes.response = 0
stat.node.2.fabric.rx_pkts.demand_req = 0
stat.node.2.fabric.rx_pkts.write_req = 0
stat.node.2.fabric.rx_pkts.response = 2153
stat.node.2.fabric.tx_pkts.demand_req = 2149
stat.node.2.fabric.tx_pkts.write_req = 795
stat.node.2.fabric.tx_pkts.response = 0
stat.node.2.walltime_s = 41.7286
stat.node.2.active_time_s = 18.0762
stat.pool.100.util.mem_avg = 0.0327624
stat.pool.100.util.req_link_avg = 0.1017
stat.pool.100.fabric.ingress_wait_avg_cycles = 145.849
stat.pool.100.fabric.egress_wait_avg_cycles = 1
stat.pool.100.fabric.ingress_wait_max_cycles = 445
stat.pool.100.fabric.egress_wait_max_cycles = 1
stat.pool.100.fabric.ingress_queue_wait_avg_cycles = 12.9306
stat.pool.100.fabric.ingress_queue_wait_max_cycles = 300
stat.pool.100.fabric.ingress_occ_bytes = 0
stat.pool.100.fabric.ready_wait_avg_cycles = 0
stat.pool.100.fabric.ready_wait_max_cycles = 0
stat.pool.100.fabric.ready_occ_avg_pkts = 0.00819194
stat.pool.100.fabric.ready_occ_pkts = 0
stat.pool.100.fabric.ready_occ_max_pkts = 1
stat.pool.100.fabric.ready_retry_count = 0
stat.pool.100.fabric.rx_bytes.demand_req = 68768
stat.pool.100.fabric.rx_bytes.write_req = 407040
stat.pool.100.fabric.rx_bytes.response = 0
stat.pool.100.fabric.tx_bytes.demand_req = 0
stat.pool.100.fabric.tx_bytes.write_req = 0
stat.pool.100.fabric.tx_bytes.response = 551296
stat.pool.100.fabric.rx_pkts.demand_req = 8596
stat.pool.100.fabric.rx_pkts.write_req = 6360
stat.pool.100.fabric.rx_pkts.response = 0
stat.pool.100.fabric.tx_pkts.demand_req = 0
stat.pool.100.fabric.tx_pkts.write_req = 0
stat.pool.100.fabric.tx_pkts.response = 8614
stat.pool.100.walltime_s = 41.7413
stat.pool.100.active_time_s = 0.176719
stat.switch.replicated_messages = 12720
stat.switch.util.node_ingress_avg = 0.0145537
stat.switch.util.pool_ingress_avg = 0.117797
stat.switch.fabric.node_ingress_wait_avg_cycles = 129.692
stat.switch.fabric.node_egress_wait_avg_cycles = 1
stat.switch.fabric.pool_ingress_wait_avg_cycles = 152.636
stat.switch.fabric.pool_egress_wait_avg_cycles = 1
stat.switch.fabric.node_ingress_queue_wait_avg_cycles = 0.0309427
stat.switch.fabric.pool_ingress_queue_wait_avg_cycles = 7.63583
stat.switch.fabric.node_ready_wait_avg_cycles = 0
stat.switch.fabric.pool_ready_wait_avg_cycles = 0
stat.switch.fabric.node_ingress_wait_max_cycles = 148
stat.switch.fabric.node_egress_wait_max_cycles = 1
stat.switch.fabric.pool_ingress_wait_max_cycles = 408
stat.switch.fabric.pool_egress_wait_max_cycles = 1
stat.switch.fabric.node_ingress_queue_wait_max_cycles = 24
stat.switch.fabric.pool_ingress_queue_wait_max_cycles = 263
stat.switch.fabric.node_ready_wait_max_cycles = 0
stat.switch.fabric.pool_ready_wait_max_cycles = 0
stat.switch.fabric.node_ingress_occ_bytes = 0
stat.switch.fabric.pool_ingress_occ_bytes = 0
stat.switch.fabric.node_ready_occ_avg_pkts = 0.00161312
stat.switch.fabric.pool_ready_occ_avg_pkts = 0.0047119
stat.switch.fabric.node_ready_occ_pkts = 0
stat.switch.fabric.pool_ready_occ_pkts = 0
stat.switch.fabric.node_ready_occ_max_pkts = 1
stat.switch.fabric.pool_ready_occ_max_pkts = 1
stat.switch.fabric.node_ready_retry_count = 0
stat.switch.fabric.pool_ready_retry_count = 0
stat.switch.fabric.node_rx_bytes.demand_req = 137536
stat.switch.fabric.node_rx_bytes.write_req = 407040
stat.switch.fabric.node_rx_bytes.response = 0
stat.switch.fabric.node_tx_bytes.demand_req = 0
stat.switch.fabric.node_tx_bytes.write_req = 0
stat.switch.fabric.node_tx_bytes.response = 1102592
stat.switch.fabric.pool_rx_bytes.demand_req = 0
stat.switch.fabric.pool_rx_bytes.write_req = 0
stat.switch.fabric.pool_rx_bytes.response = 1102592
stat.switch.fabric.pool_tx_bytes.demand_req = 137536
stat.switch.fabric.pool_tx_bytes.write_req = 814080
stat.switch.fabric.pool_tx_bytes.response = 0
stat.switch.fabric.node_rx_pkts.demand_req = 17192
stat.switch.fabric.node_rx_pkts.write_req = 6360
stat.switch.fabric.node_rx_pkts.response = 0
stat.switch.fabric.node_tx_pkts.demand_req = 0
stat.switch.fabric.node_tx_pkts.write_req = 0
stat.switch.fabric.node_tx_pkts.response = 17228
stat.switch.fabric.pool_rx_pkts.demand_req = 0
stat.switch.fabric.pool_rx_pkts.write_req = 0
stat.switch.fabric.pool_rx_pkts.response = 17228
stat.switch.fabric.pool_tx_pkts.demand_req = 17192
stat.switch.fabric.pool_tx_pkts.write_req = 12720
stat.switch.fabric.pool_tx_pkts.response = 0
stat.switch.bw.host_to_switch_gbps = 0.715345
stat.switch.bw.switch_to_host_gbps = 1.44749
stat.switch.bwstat.pool.101.util.mem_avg = 0.0327624
stat.pool.101.util.req_link_avg = 0.1017
stat.pool.101.fabric.ingress_wait_avg_cycles = 145.849
stat.pool.101.fabric.egress_wait_avg_cycles = 1
stat.pool.101.fabric.ingress_wait_max_cycles = 445
stat.pool.101.fabric.egress_wait_max_cycles = 1
stat.pool.101.fabric.ingress_queue_wait_avg_cycles = 12.9306
stat.pool.101.fabric.ingress_queue_wait_max_cycles = 300
stat.pool.101.fabric.ingress_occ_bytes = 0
stat.pool.101.fabric.ready_wait_avg_cycles = 0
stat.pool.101.fabric.ready_wait_max_cycles = 0
stat.pool.101.fabric.ready_occ_avg_pkts = 0.00819194
stat.pool.101.fabric.ready_occ_pkts = 0
stat.pool.101.fabric.ready_occ_max_pkts = 1
stat.pool.101.fabric.ready_retry_count = 0
stat.pool.101.fabric.rx_bytes.demand_req = 68768
stat.pool.101.fabric.rx_bytes.write_req = 407040
stat.pool.101.fabric.rx_bytes.response = 0
stat.pool.101.fabric.tx_bytes.demand_req = 0
stat.pool.101.fabric.tx_bytes.write_req = 0
stat.pool.101.fabric.tx_bytes.response = 551296
stat.pool.101.fabric.rx_pkts.demand_req = 8596
stat.pool.101.fabric.rx_pkts.write_req = 6360
stat.pool.101.fabric.rx_pkts.response = 0
stat.pool.101.fabric.tx_pkts.demand_req = 0
stat.pool.101.fabric.tx_pkts.write_req = 0
stat.pool.101.fabric.tx_pkts.response = 8614
stat.pool.101.walltime_s = 41.7413
stat.pool.101.active_time_s = 0.259579
stat.node.3.llc.pool_accesses = 2021
stat.node.3.llc.pool_completed = 2020
stat.node.3.llc.avg_pool_roundtrip_lat = 635.795
stat.node.3.llc.cxl_miss = 2016
stat.node.3.llc.total_miss = 2016
stat.node.3.llc.avg_miss_lat = 636.782
stat.node.3.llc.avg_cxl_lat = 636.782
stat.node.3.llc.miss_lat_hist_bin_ns = 10
stat.node.3.llc.miss_lat_hist = [0,0,0,0,0,0,0,0,0,0,0,0,0,0,0,0,0,0,0,0,0,0,0,0,0,0,1652,207,82,36,15,7,8,5,2,2]
stat.node.3.util.dram_avg = 1.31355e-05
stat.node.3.fabric.ingress_wait_avg_cycles = 145
stat.node.3.fabric.egress_wait_avg_cycles = 1
stat.node.3.fabric.ingress_wait_max_cycles = 145
stat.node.3.fabric.egress_wait_max_cycles = 1
stat.node.3.fabric.ingress_queue_wait_avg_cycles = 0
stat.node.3.fabric.ingress_queue_wait_max_cycles = 0
stat.node.3.fabric.ingress_occ_bytes = 0
stat.node.3.fabric.ready_wait_avg_cycles = 0
stat.node.3.fabric.ready_wait_max_cycles = 0
stat.node.3.fabric.ready_occ_avg_pkts = 0.00117837
stat.node.3.fabric.ready_occ_pkts = 0
stat.node.3.fabric.ready_occ_max_pkts = 1
stat.node.3.fabric.ready_retry_count = 0
stat.node.3.fabric.rx_bytes.demand_req = 0
stat.node.3.fabric.rx_bytes.write_req = 0
stat.node.3.fabric.rx_bytes.response = 137792
stat.node.3.fabric.tx_bytes.demand_req = 17192
stat.node.3.fabric.tx_bytes.write_req = 50880
stat.node.3.fabric.tx_bytes.response = 0
stat.node.3.fabric.rx_pkts.demand_req = 0
stat.node.3.fabric.rx_pkts.write_req = 0
stat.node.3.fabric.rx_pkts.response = 2153
stat.node.3.fabric.tx_pkts.demand_req = 2149
stat.node.3.fabric.tx_pkts.write_req = 795
stat.node.3.fabric.tx_pkts.response = 0
stat.node.3.walltime_s = 41.7287
stat.node.3.active_time_s = 18.4726
stat.node.4.llc.pool_accesses = 2021
stat.node.4.llc.pool_completed = 2020
stat.node.4.llc.avg_pool_roundtrip_lat = 638.403
stat.node.4.llc.cxl_miss = 2016
stat.node.4.llc.total_miss = 2016
stat.node.4.llc.avg_miss_lat = 639.402
stat.node.4.llc.avg_cxl_lat = 639.402
stat.node.4.llc.miss_lat_hist_bin_ns = 10
stat.node.4.llc.miss_lat_hist = [0,0,0,0,0,0,0,0,0,0,0,0,0,0,0,0,0,0,0,0,0,0,0,0,0,0,1586,247,85,41,13,21,9,7,0,1,3,1,1,1]
stat.node.4.util.dram_avg = 1.31281e-05
stat.node.4.fabric.ingress_wait_avg_cycles = 145
stat.node.4.fabric.egress_wait_avg_cycles = 1
stat.node.4.fabric.ingress_wait_max_cycles = 145
stat.node.4.fabric.egress_wait_max_cycles = 1
stat.node.4.fabric.ingress_queue_wait_avg_cycles = 0
stat.node.4.fabric.ingress_queue_wait_max_cycles = 0
stat.node.4.fabric.ingress_occ_bytes = 0
stat.node.4.fabric.ready_wait_avg_cycles = 0
stat.node.4.fabric.ready_wait_max_cycles = 0
stat.node.4.fabric.ready_occ_avg_pkts = 0.0011777
stat.node.4.fabric.ready_occ_pkts = 0
stat.node.4.fabric.ready_occ_max_pkts = 1
stat.node.4.fabric.ready_retry_count = 0
stat.node.4.fabric.rx_bytes.demand_req = 0
stat.node.4.fabric.rx_bytes.write_req = 0
stat.node.4.fabric.rx_bytes.response = 137792
stat.node.4.fabric.tx_bytes.demand_req = 17192
stat.node.4.fabric.tx_bytes.write_req = 50880
stat.node.4.fabric.tx_bytes.response = 0
stat.node.4.fabric.rx_pkts.demand_req = 0
stat.node.4.fabric.rx_pkts.write_req = 0
stat.node.4.fabric.rx_pkts.response = 2153
stat.node.4.fabric.tx_pkts.demand_req = 2149
stat.node.4.fabric.tx_pkts.write_req = 795
stat.node.4.fabric.tx_pkts.response = 0
stat.node.4.walltime_s = 41.7412
stat.node.4.active_time_s = 18.535
stat.node.5.llc.pool_accesses = 2021
stat.node.5.llc.pool_completed = 2020
stat.node.5.llc.avg_pool_roundtrip_lat = 638.403
stat.node.5.llc.cxl_miss = 2016
stat.node.5.llc.total_miss = 2016
stat.node.5.llc.avg_miss_lat = 639.402
stat.node.5.llc.avg_cxl_lat = 639.402
stat.node.5.llc.miss_lat_hist_bin_ns = 10
stat.node.5.llc.miss_lat_hist = [0,0,0,0,0,0,0,0,0,0,0,0,0,0,0,0,0,0,0,0,0,0,0,0,0,0,1586,247,85,41,13,21,9,7,0,1,3,1,1,1]
stat.node.5.util.dram_avg = 1.31281e-05
stat.node.5.fabric.ingress_wait_avg_cycles = 145
stat.node.5.fabric.egress_wait_avg_cycles = 1
stat.node.5.fabric.ingress_wait_max_cycles = 145
stat.node.5.fabric.egress_wait_max_cycles = 1
stat.node.5.fabric.ingress_queue_wait_avg_cycles = 0
stat.node.5.fabric.ingress_queue_wait_max_cycles = 0
stat.node.5.fabric.ingress_occ_bytes = 0
stat.node.5.fabric.ready_wait_avg_cycles = 0
stat.node.5.fabric.ready_wait_max_cycles = 0
stat.node.5.fabric.ready_occ_avg_pkts = 0.0011777
stat.node.5.fabric.ready_occ_pkts = 0
stat.node.5.fabric.ready_occ_max_pkts = 1
stat.node.5.fabric.ready_retry_count = 0
stat.node.5.fabric.rx_bytes.demand_req = 0
stat.node.5.fabric.rx_bytes.write_req = 0
stat.node.5.fabric.rx_bytes.response = 137792
stat.node.5.fabric.tx_bytes.demand_req = 17192
stat.node.5.fabric.tx_bytes.write_req = 50880
stat.node.5.fabric.tx_bytes.response = 0
stat.node.5.fabric.rx_pkts.demand_req = 0
stat.node.5.fabric.rx_pkts.write_req = 0
stat.node.5.fabric.rx_pkts.response = 2153
stat.node.5.fabric.tx_pkts.demand_req = 2149
stat.node.5.fabric.tx_pkts.write_req = 795
stat.node.5.fabric.tx_pkts.response = 0
stat.node.5.walltime_s = 41.7411
stat.node.5.active_time_s = 18.4578
stat.node.6.llc.pool_accesses = 2021
stat.node.6.llc.pool_completed = 2020
stat.node.6.llc.avg_pool_roundtrip_lat = 637.388
stat.node.6.llc.cxl_miss = 2016
stat.node.6.llc.total_miss = 2016
stat.node.6.llc.avg_miss_lat = 638.38
stat.node.6.llc.avg_cxl_lat = 638.38
stat.node.6.llc.miss_lat_hist_bin_ns = 10
stat.node.6.llc.miss_lat_hist = [0,0,0,0,0,0,0,0,0,0,0,0,0,0,0,0,0,0,0,0,0,0,0,0,0,0,1617,218,90,40,27,9,3,3,4,1,1,3]
stat.node.6.util.dram_avg = 1.31283e-05
stat.node.6.fabric.ingress_wait_avg_cycles = 145
stat.node.6.fabric.egress_wait_avg_cycles = 1
stat.node.6.fabric.ingress_wait_max_cycles = 145
stat.node.6.fabric.egress_wait_max_cycles = 1
stat.node.6.fabric.ingress_queue_wait_avg_cycles = 0
stat.node.6.fabric.ingress_queue_wait_max_cycles = 0
stat.node.6.fabric.ingress_occ_bytes = 0
stat.node.6.fabric.ready_wait_avg_cycles = 0
stat.node.6.fabric.ready_wait_max_cycles = 0
stat.node.6.fabric.ready_occ_avg_pkts = 0.00117772
stat.node.6.fabric.ready_occ_pkts = 0
stat.node.6.fabric.ready_occ_max_pkts = 1
stat.node.6.fabric.ready_retry_count = 0
stat.node.6.fabric.rx_bytes.demand_req = 0
stat.node.6.fabric.rx_bytes.write_req = 0
stat.node.6.fabric.rx_bytes.response = 137792
stat.node.6.fabric.tx_bytes.demand_req = 17192
stat.node.6.fabric.tx_bytes.write_req = 50880
stat.node.6.fabric.tx_bytes.response = 0
stat.node.6.fabric.rx_pkts.demand_req = 0
stat.node.6.fabric.rx_pkts.write_req = 0
stat.node.6.fabric.rx_pkts.response = 2153
stat.node.6.fabric.tx_pkts.demand_req = 2149
stat.node.6.fabric.tx_pkts.write_req = 795
stat.node.6.fabric.tx_pkts.response = 0
stat.node.6.walltime_s = 41.7405
stat.node.6.active_time_s = 18.4101
stat.node.7.llc.pool_accesses = 2021
stat.node.7.llc.pool_completed = 2020
stat.node.7.llc.avg_pool_roundtrip_lat = 637.388
stat.node.7.llc.cxl_miss = 2016
stat.node.7.llc.total_miss = 2016
stat.node.7.llc.avg_miss_lat = 638.38
stat.node.7.llc.avg_cxl_lat = 638.38
stat.node.7.llc.miss_lat_hist_bin_ns = 10
stat.node.7.llc.miss_lat_hist = [0,0,0,0,0,0,0,0,0,0,0,0,0,0,0,0,0,0,0,0,0,0,0,0,0,0,1617,218,90,40,27,9,3,3,4,1,1,3]
stat.node.7.util.dram_avg = 1.31283e-05
stat.node.7.fabric.ingress_wait_avg_cycles = 145
stat.node.7.fabric.egress_wait_avg_cycles = 1
stat.node.7.fabric.ingress_wait_max_cycles = 145
stat.node.7.fabric.egress_wait_max_cycles = 1
stat.node.7.fabric.ingress_queue_wait_avg_cycles = 0
stat.node.7.fabric.ingress_queue_wait_max_cycles = 0
stat.node.7.fabric.ingress_occ_bytes = 0
stat.node.7.fabric.ready_wait_avg_cycles = 0
stat.node.7.fabric.ready_wait_max_cycles = 0
stat.node.7.fabric.ready_occ_avg_pkts = 0.00117772
stat.node.7.fabric.ready_occ_pkts = 0
stat.node.7.fabric.ready_occ_max_pkts = 1
stat.node.7.fabric.ready_retry_count = 0
stat.node.7.fabric.rx_bytes.demand_req = 0
stat.node.7.fabric.rx_bytes.write_req = 0
stat.node.7.fabric.rx_bytes.response = 137792
stat.node.7.fabric.tx_bytes.demand_req = 17192
stat.node.7.fabric.tx_bytes.write_req = 50880
stat.node.7.fabric.tx_bytes.response = 0
stat.node.7.fabric.rx_pkts.demand_req = 0
stat.node.7.fabric.rx_pkts.write_req = 0
stat.node.7.fabric.rx_pkts.response = 2153
stat.node.7.fabric.tx_pkts.demand_req = 2149
stat.node.7.fabric.tx_pkts.write_req = 795
stat.node.7.fabric.tx_pkts.response = 0
stat.node.7.walltime_s = 41.7405
stat.node.7.active_time_s = 18.5012
.host_link_total_gbps = 2.16284
stat.switch.walltime_s = 41.7417
stat.switch.active_time_s = 0.556451
Simulation is complete, simulated time: 762.333 us
