stat.node.1.llc.cxl_miss = 11948
stat.node.1.llc.total_miss = 11955
stat.node.1.llc.avg_miss_lat = 1897.74
stat.node.1.llc.avg_cxl_lat = 1898.26
stat.node.1.llc.miss_lat_hist_bin_ns = 10
stat.node.1.llc.miss_lat_hist = [0,0,0,0,0,0,0,0,0,0,0,0,0,0,0,0,0,0,0,0,0,0,0,0,0,0,38,56,39,45,57,55,77,80,69,78,73,82,108,100,98,102,97,97,108,92,92,84,102,119,147,148,135,141,126,122,158,142,153,147,143,144,156,155,145,135,136,140,127,124,111,165,151,142,160,146,125,150,137,169,157,126,127,148,128,140,137,133,114,132,144,150,139,144,146,140,121,122,154,114,137,128,134,138,116,111,112,116,118,114,103,97,92,77,81,97,84,87,57,58,43,63,50,51,49,47,39,57,67,55,55,140,223,11,0,1,3]
stat.node.1.util.dram_avg = 7.3927e-06
stat.node.1.walltime_s = 74.8222
stat.node.1.active_time_s = 32.5608
stat.node.6.llc.cxl_miss = 11948
stat.node.6.llc.total_miss = 11955
stat.node.6.llc.avg_miss_lat = 1819
stat.node.6.llc.avg_cxl_lat = 1819.54
stat.node.6.llc.miss_lat_hist_bin_ns = 10
stat.node.6.llc.miss_lat_hist = [0,0,0,0,0,0,0,0,0,0,0,0,0,0,0,0,0,0,0,0,0,0,0,0,0,0,13,38,35,30,45,44,58,59,69,76,87,87,89,110,107,132,120,125,121,149,157,142,160,154,130,147,165,165,164,166,161,177,142,152,188,179,214,176,194,179,153,194,174,170,163,188,201,174,183,174,142,185,182,150,146,156,137,123,120,121,141,115,117,119,120,117,99,106,104,89,86,87,87,83,72,77,74,73,74,53,59,65,55,54,46,50,43,56,56,46,50,54,59,70,53,54,59,56,65,67,58,64,63,56,69,200,284,7,0,1,0,0,0,0,0,0,0,0,0,0,0,0,1]
stat.node.6.util.dram_avg = 7.39179e-06
stat.node.6.walltime_s = 74.8278
stat.node.6.active_time_s = 31.4735
stat.node.7.llc.cxl_miss = 11948
stat.node.7.llc.total_miss = 11955
stat.node.7.llc.avg_miss_lat = 1981.5
stat.node.7.llc.avg_cxl_lat = 1981.49
stat.node.7.llc.miss_lat_hist_bin_ns = 10
stat.node.7.llc.miss_lat_hist = [0,0,0,0,0,0,0,0,0,0,0,0,0,0,0,0,0,0,0,0,0,0,0,0,0,0,19,37,47,41,47,36,48,53,36,65,63,74,71,71,70,71,67,100,98,97,85,78,110,83,114,126,130,125,105,101,110,149,121,143,133,154,122,120,113,127,132,145,142,129,146,137,115,131,139,134,158,139,141,158,157,124,137,170,166,170,178,170,147,170,151,147,161,146,149,139,141,127,158,136,163,159,132,120,112,134,125,109,114,116,118,107,98,82,82,92,92,68,68,101,90,96,72,50,72,92,72,71,54,64,67,160,225,14,1,1,2,2,1,0,0,0,1,1,0,0,0,2,1,2]
stat.node.7.util.dram_avg = 7.39059e-06
stat.node.7.walltime_s = 74.8349
stat.node.7.active_time_s = 33.3258
stat.node.2.llc.cxl_miss = 11948
stat.node.2.llc.total_miss = 11955
stat.node.2.llc.avg_miss_lat = 1764.81
stat.node.2.llc.avg_cxl_lat = 1765.34
stat.node.2.llc.miss_lat_hist_bin_ns = 10
stat.node.2.llc.miss_lat_hist = [0,0,0,0,0,0,0,0,0,0,0,0,0,0,0,0,0,0,0,0,0,0,0,0,0,0,22,44,52,59,68,52,52,79,80,96,99,103,104,134,139,157,151,144,172,157,136,160,153,143,150,177,164,154,178,190,210,186,200,176,175,185,222,218,177,166,171,191,173,196,136,174,172,159,165,190,151,147,142,123,138,112,119,139,130,122,113,114,108,106,106,97,94,83,83,68,60,74,64,60,65,67,52,57,40,35,37,55,54,51,40,39,38,58,52,56,53,52,55,67,48,72,71,53,46,66,59,92,70,63,68,213,225,12,2,1,0,1,0,1,0,0,0,1,0,2,2]
stat.node.2.util.dram_avg = 7.39031e-06
stat.node.2.walltime_s = 74.8369
stat.node.2.active_time_s = 31.4174
stat.node.0.llc.cxl_miss = 11948
stat.node.0.llc.total_miss = 11955
stat.node.0.llc.avg_miss_lat = 1910.83
stat.node.0.llc.avg_cxl_lat = 1911.23
stat.node.0.llc.miss_lat_hist_bin_ns = 10
stat.node.0.llc.miss_lat_hist = [0,0,0,0,0,0,0,0,0,0,0,0,0,0,0,0,0,0,0,0,0,0,0,0,0,0,24,43,28,41,34,31,38,60,51,53,65,93,91,92,83,92,93,90,96,118,111,129,119,107,104,138,120,139,138,140,141,133,134,136,162,156,165,139,144,175,169,155,173,195,164,156,163,171,135,174,168,163,156,157,160,132,161,152,141,139,166,157,142,143,140,146,127,132,136,120,124,115,100,117,113,100,130,99,96,81,83,90,71,80,89,82,76,83,64,66,75,75,74,60,59,68,79,54,77,70,77,76,58,45,77,175,246,7,1,0,0,0,0,1,0,1,1,1]
stat.node.0.util.dram_avg = 7.38877e-06
stat.node.0.walltime_s = 74.8456
stat.node.0.active_time_s = 33.0464
stat.node.4.llc.cxl_miss = 11948
stat.node.4.llc.total_miss = 11955
stat.node.4.llc.avg_miss_lat = 1842.37
stat.node.4.llc.avg_cxl_lat = 1843
stat.node.4.llc.miss_lat_hist_bin_ns = 10
stat.node.4.llc.miss_lat_hist = [0,0,0,0,0,0,0,0,0,0,0,0,0,0,0,0,0,0,0,0,0,0,0,0,0,0,20,39,47,44,53,47,64,63,69,73,102,81,75,84,85,125,108,97,129,114,123,138,126,147,166,176,155,178,178,187,175,174,158,150,151,163,168,166,198,155,162,150,161,178,158,151,158,160,151,143,152,168,163,164,146,149,164,168,153,147,149,123,143,122,138,125,110,113,89,88,79,100,91,86,69,79,99,85,62,52,77,72,65,73,69,55,58,54,46,68,79,52,51,67,49,67,47,53,63,63,73,64,50,44,65,207,303,13,3,0,2,1,0,1,0,1,0,0,1]
stat.node.4.util.dram_avg = 7.38838e-06
stat.node.4.walltime_s = 74.8481
stat.node.4.active_time_s = 32.3636
stat.node.3.llc.cxl_miss = 11948
stat.node.3.llc.total_miss = 11955
stat.node.3.llc.avg_miss_lat = 1952.44
stat.node.3.llc.avg_cxl_lat = 1952.78
stat.node.3.llc.miss_lat_hist_bin_ns = 10
stat.node.3.llc.miss_lat_hist = [0,0,0,0,0,0,0,0,0,0,0,0,0,0,0,0,0,0,0,0,0,0,0,0,0,0,21,35,21,27,40,54,57,54,37,50,56,75,65,74,96,93,87,80,98,91,101,118,136,127,110,124,120,119,125,122,164,137,138,140,149,140,166,157,138,136,125,140,129,149,139,145,141,154,161,122,152,179,177,149,130,119,145,115,152,172,119,164,143,135,142,141,174,161,160,135,138,137,115,129,103,98,111,122,110,105,106,116,97,101,95,107,95,109,93,103,89,77,85,105,60,89,56,72,56,73,58,64,58,55,67,197,245,6,1,2,1,1,0,0,1]
stat.node.3.util.dram_avg = 7.38764e-06
stat.node.3.walltime_s = 74.8526
stat.node.3.active_time_s = 31.5227
stat.node.5.llc.cxl_miss = 11948
stat.node.5.llc.total_miss = 11955
stat.node.5.llc.avg_miss_lat = 1799.33
stat.node.5.llc.avg_cxl_lat = 1799.28
stat.node.5.llc.miss_lat_hist_bin_ns = 10
stat.node.5.llc.miss_lat_hist = [0,0,0,0,0,0,0,0,0,0,0,0,0,0,0,0,0,0,0,0,0,0,0,0,0,0,25,55,51,49,76,78,84,69,104,83,102,100,116,130,138,135,122,121,141,128,129,134,129,152,149,167,148,141,158,177,170,157,145,181,169,199,208,174,140,148,152,117,129,128,150,133,137,161,159,144,160,144,146,122,146,131,142,134,129,134,135,144,128,122,126,129,128,140,106,117,131,91,101,112,103,73,106,101,81,63,83,92,87,79,71,66,76,75,53,76,53,69,68,38,43,35,40,35,33,38,41,48,45,41,50,173,214,8,1,2,0,1,1,1,0,0,0,0,1,1]
stat.node.5.util.dram_avg = 7.38752e-06
stat.node.5.walltime_s = 74.8534
stat.node.5.active_time_s = 31.2314
stat.pool.100.util.mem_avg = 0.240264
stat.pool.100.util.req_link_avg = 0.816874
stat.pool.100.walltime_s = 74.8534
stat.pool.100.active_time_s = 0.456895
stat.switch.replicated_messages = 0
stat.switch.util.node_ingress_avg = 0.102149
stat.switch.util.pool_ingress_avg = 0.782627
stat.switch.walltime_s = 74.8536
stat.switch.active_time_s = 0.980765
Simulation is complete, simulated time: 1.35472 ms
