stat.node.0.llc.cxl_miss = 13407
stat.node.0.llc.total_miss = 13407
stat.node.0.llc.avg_miss_lat = 669.778
stat.node.0.llc.avg_cxl_lat = 669.778
stat.node.0.llc.miss_lat_hist_bin_ns = 10
stat.node.0.llc.miss_lat_hist = [0,0,0,0,0,0,0,0,0,0,0,0,0,0,0,0,0,0,0,0,0,0,0,0,0,0,6686,2617,1492,857,490,326,218,142,131,81,82,55,51,43,37,22,22,14,10,6,7,7,6,2,1,2]
stat.node.0.util.dram_avg = 5.38512e-06
stat.node.0.walltime_s = 100.444
stat.node.0.active_time_s = 44.2713
stat.node.1.llc.cxl_miss = 13407
stat.node.1.llc.total_miss = 13407
stat.node.1.llc.avg_miss_lat = 676.398
stat.node.1.llc.avg_cxl_lat = 676.398
stat.node.1.llc.miss_lat_hist_bin_ns = 10
stat.node.1.llc.miss_lat_hist = [0,0,0,0,0,0,0,0,0,0,0,0,0,0,0,0,0,0,0,0,0,0,0,0,0,0,5903,2469,1564,1054,744,510,348,238,155,109,79,46,42,33,32,18,15,16,11,11,2,4,0,1,1,0,0,1,1]
stat.node.1.util.dram_avg = 5.385e-06
stat.node.1.walltime_s = 100.445
stat.node.1.active_time_s = 43.7193
stat.node.2.llc.cxl_miss = 13407
stat.node.2.llc.total_miss = 13407
stat.node.2.llc.avg_miss_lat = 681.903
stat.node.2.llc.avg_cxl_lat = 681.903
stat.node.2.llc.miss_lat_hist_bin_ns = 10
stat.node.2.llc.miss_lat_hist = [0,0,0,0,0,0,0,0,0,0,0,0,0,0,0,0,0,0,0,0,0,0,0,0,0,0,5905,2121,1456,1025,719,600,433,322,260,153,120,80,44,31,31,36,28,19,13,2,4,2,1,2]
stat.node.2.util.dram_avg = 5.38491e-06
stat.node.2.walltime_s = 100.447
stat.node.2.active_time_s = 44.1359
stat.node.3.llc.cxl_miss = 13407
stat.node.3.llc.total_miss = 13407
stat.node.3.llc.avg_miss_lat = 686.158
stat.node.3.llc.avg_cxl_lat = 686.158
stat.node.3.llc.miss_lat_hist_bin_ns = 10
stat.node.3.llc.miss_lat_hist = [0,0,0,0,0,0,0,0,0,0,0,0,0,0,0,0,0,0,0,0,0,0,0,0,0,0,6011,1961,1295,962,696,574,449,352,255,224,183,121,94,70,50,29,26,23,16,10,4,2]
stat.node.3.util.dram_avg = 5.38447e-06
stat.node.3.walltime_s = 100.452
stat.node.3.active_time_s = 44.1395
stat.node.4.llc.cxl_miss = 13407
stat.node.4.llc.total_miss = 13407
stat.node.4.llc.avg_miss_lat = 687.514
stat.node.4.llc.avg_cxl_lat = 687.514
stat.node.4.llc.miss_lat_hist_bin_ns = 10
stat.node.4.llc.miss_lat_hist = [0,0,0,0,0,0,0,0,0,0,0,0,0,0,0,0,0,0,0,0,0,0,0,0,0,0,6228,1922,1250,896,656,468,393,359,291,199,171,130,99,91,56,62,32,31,21,19,7,6,6,1,5,2,1,1,1,1,1,1]
stat.node.4.util.dram_avg = 5.38284e-06
stat.node.4.walltime_s = 100.47
stat.node.4.active_time_s = 44.0472
stat.node.5.llc.cxl_miss = 13407
stat.node.5.llc.total_miss = 13407
stat.node.5.llc.avg_miss_lat = 688.588
stat.node.5.llc.avg_cxl_lat = 688.588
stat.node.5.llc.miss_lat_hist_bin_ns = 10
stat.node.5.llc.miss_lat_hist = [0,0,0,0,0,0,0,0,0,0,0,0,0,0,0,0,0,0,0,0,0,0,0,0,0,0,6417,1907,1175,869,603,447,340,302,275,227,158,119,120,92,81,56,58,36,37,24,18,16,11,4,5,1,1,0,0,0,1,0,2,1,1,1,2]
stat.node.5.util.dram_avg = 5.38216e-06
stat.node.5.walltime_s = 100.478
stat.node.5.active_time_s = 44.779
stat.node.6.llc.cxl_miss = 13407
stat.node.6.llc.total_miss = 13407
stat.node.6.llc.avg_miss_lat = 681.273
stat.node.6.llc.avg_cxl_lat = 681.273
stat.node.6.llc.miss_lat_hist_bin_ns = 10
stat.node.6.llc.miss_lat_hist = [0,0,0,0,0,0,0,0,0,0,0,0,0,0,0,0,0,0,0,0,0,0,0,0,0,0,6308,2324,1410,936,627,390,222,189,176,153,137,109,68,58,48,45,46,41,30,24,19,15,11,8,2,3,4,4]
stat.node.6.util.dram_avg = 5.37638e-06
stat.node.6.walltime_s = 100.538
stat.node.6.active_time_s = 44.5463
stat.node.7.llc.cxl_miss = 13407
stat.node.7.llc.total_miss = 13407
stat.node.7.llc.avg_miss_lat = 675.86
stat.node.7.llc.avg_cxl_lat = 675.86
stat.node.7.llc.miss_lat_hist_bin_ns = 10
stat.node.7.llc.miss_lat_hist = [0,0,0,0,0,0,0,0,0,0,0,0,0,0,0,0,0,0,0,0,0,0,0,0,0,0,6249,2648,1551,834,554,359,247,205,167,129,103,73,58,36,39,32,21,19,26,15,12,12,8,8,1,0,1]
stat.node.7.util.dram_avg = 5.37386e-06
stat.node.7.walltime_s = 100.564
stat.node.7.active_time_s = 44.3462
stat.pool.100.util.mem_avg = 0.101441
stat.pool.100.util.req_link_avg = 0.0792511
stat.pool.100.walltime_s = 100.564
stat.pool.100.active_time_s = 0.502134
stat.switch.replicated_messages = 0
stat.switch.util.node_ingress_avg = 0.00990639
stat.switch.util.pool_ingress_avg = 0.634009
stat.switch.walltime_s = 100.564
stat.switch.active_time_s = 1.24252
Simulation is complete, simulated time: 1.86235 ms
