stat.node.6.llc.cxl_miss = 10484
stat.node.6.llc.total_miss = 10489
stat.node.6.llc.avg_miss_lat = 834.393
stat.node.6.llc.avg_cxl_lat = 834.435
stat.node.6.llc.miss_lat_hist_bin_ns = 10
stat.node.6.llc.miss_lat_hist = [0,0,0,0,0,0,0,0,0,0,0,0,0,0,0,0,0,0,0,0,0,0,0,0,0,0,813,671,821,858,816,735,686,639,540,457,374,382,287,263,250,241,232,216,154,148,129,126,76,68,75,52,46,55,53,43,41,27,25,12,7,7,3,7,4,11,11,8,6,2,0,2,1,0,0,3,2,2,2]
stat.node.6.util.dram_avg = 8.1124e-06
stat.node.6.walltime_s = 66.103
stat.node.6.active_time_s = 29.3802
stat.node.7.llc.cxl_miss = 10484
stat.node.7.llc.total_miss = 10489
stat.node.7.llc.avg_miss_lat = 834.393
stat.node.7.llc.avg_cxl_lat = 834.435
stat.node.7.llc.miss_lat_hist_bin_ns = 10
stat.node.7.llc.miss_lat_hist = [0,0,0,0,0,0,0,0,0,0,0,0,0,0,0,0,0,0,0,0,0,0,0,0,0,0,813,671,821,858,816,735,686,639,540,457,374,382,287,263,250,241,232,216,154,148,129,126,76,68,75,52,46,55,53,43,41,27,25,12,7,7,3,7,4,11,11,8,6,2,0,2,1,0,0,3,2,2,2]
stat.node.7.util.dram_avg = 8.1124e-06
stat.node.7.walltime_s = 66.103
stat.node.7.active_time_s = 28.4315
stat.node.0.llc.cxl_miss = 10484
stat.node.0.llc.total_miss = 10489
stat.node.0.llc.avg_miss_lat = 819.82
stat.node.0.llc.avg_cxl_lat = 819.904
stat.node.0.llc.miss_lat_hist_bin_ns = 10
stat.node.0.llc.miss_lat_hist = [0,0,0,0,0,0,0,0,0,0,0,0,0,0,0,0,0,0,0,0,0,0,0,0,0,0,861,704,849,860,875,797,709,659,567,486,427,378,325,308,235,216,169,135,124,108,89,72,67,43,54,61,47,38,31,32,29,20,20,13,8,15,6,8,12,3,10,4,3,0,2,2,0,0,1,3,2,2]
stat.node.0.util.dram_avg = 8.10752e-06
stat.node.0.walltime_s = 66.1413
stat.node.0.active_time_s = 28.4376
stat.node.1.llc.cxl_miss = 10484
stat.node.1.llc.total_miss = 10489
stat.node.1.llc.avg_miss_lat = 819.82
stat.node.1.llc.avg_cxl_lat = 819.904
stat.node.1.llc.miss_lat_hist_bin_ns = 10
stat.node.1.llc.miss_lat_hist = [0,0,0,0,0,0,0,0,0,0,0,0,0,0,0,0,0,0,0,0,0,0,0,0,0,0,861,704,849,860,875,797,709,659,567,486,427,378,325,308,235,216,169,135,124,108,89,72,67,43,54,61,47,38,31,32,29,20,20,13,8,15,6,8,12,3,10,4,3,0,2,2,0,0,1,3,2,2]
stat.node.1.util.dram_avg = 8.10752e-06
stat.node.1.walltime_s = 66.1413
stat.node.1.active_time_s = 29.674
stat.node.4.llc.cxl_miss = 10484
stat.node.4.llc.total_miss = 10489
stat.node.4.llc.avg_miss_lat = 850.399
stat.node.4.llc.avg_cxl_lat = 850.496
stat.node.4.llc.miss_lat_hist_bin_ns = 10
stat.node.4.llc.miss_lat_hist = [0,0,0,0,0,0,0,0,0,0,0,0,0,0,0,0,0,0,0,0,0,0,0,0,0,0,701,677,829,754,732,679,648,594,566,488,422,383,298,324,284,258,201,194,180,172,161,116,103,87,81,71,68,74,57,46,43,28,24,22,15,9,13,8,9,10,4,9,8,3,4,4,2,1,5,7,8,2,2,0,0,1]
stat.node.4.util.dram_avg = 8.10207e-06
stat.node.4.walltime_s = 66.1672
stat.node.4.active_time_s = 29.1697
stat.node.5.llc.cxl_miss = 10484
stat.node.5.llc.total_miss = 10489
stat.node.5.llc.avg_miss_lat = 850.399
stat.node.5.llc.avg_cxl_lat = 850.496
stat.node.5.llc.miss_lat_hist_bin_ns = 10
stat.node.5.llc.miss_lat_hist = [0,0,0,0,0,0,0,0,0,0,0,0,0,0,0,0,0,0,0,0,0,0,0,0,0,0,701,677,829,754,732,679,648,594,566,488,422,383,298,324,284,258,201,194,180,172,161,116,103,87,81,71,68,74,57,46,43,28,24,22,15,9,13,8,9,10,4,9,8,3,4,4,2,1,5,7,8,2,2,0,0,1]
stat.node.5.util.dram_avg = 8.10207e-06
stat.node.5.walltime_s = 66.1672
stat.node.5.active_time_s = 28.6131
stat.node.2.llc.cxl_miss = 10484
stat.node.2.llc.total_miss = 10489
stat.node.2.llc.avg_miss_lat = 845.561
stat.node.2.llc.avg_cxl_lat = 845.657
stat.node.2.llc.miss_lat_hist_bin_ns = 10
stat.node.2.llc.miss_lat_hist = [0,0,0,0,0,0,0,0,0,0,0,0,0,0,0,0,0,0,0,0,0,0,0,0,0,0,743,687,751,728,719,713,728,637,507,451,440,435,348,314,288,244,221,180,202,165,120,92,114,82,87,79,74,55,39,37,36,31,23,15,13,16,14,10,11,7,4,7,5,4,3,0,0,0,1,3,3,1,1,1]
stat.node.2.util.dram_avg = 8.09878e-06
stat.node.2.walltime_s = 66.1822
stat.node.2.active_time_s = 29.0456
stat.node.3.llc.cxl_miss = 10484
stat.node.3.llc.total_miss = 10489
stat.node.3.llc.avg_miss_lat = 845.561
stat.node.3.llc.avg_cxl_lat = 845.657
stat.node.3.llc.miss_lat_hist_bin_ns = 10
stat.node.3.llc.miss_lat_hist = [0,0,0,0,0,0,0,0,0,0,0,0,0,0,0,0,0,0,0,0,0,0,0,0,0,0,743,687,751,728,719,713,728,637,507,451,440,435,348,314,288,244,221,180,202,165,120,92,114,82,87,79,74,55,39,37,36,31,23,15,13,16,14,10,11,7,4,7,5,4,3,0,0,0,1,3,3,1,1,1]
stat.node.3.util.dram_avg = 8.09878e-06
stat.node.3.walltime_s = 66.1824
stat.node.3.active_time_s = 29.0347
stat.pool.101.util.mem_avg = 0.150625
stat.pool.101.util.req_link_avg = 0.614302
stat.pool.101.walltime_s = 66.1825
stat.pool.101.active_time_s = 0.490939
stat.pool.100.util.mem_avg = 0.150625
stat.pool.100.util.req_link_avg = 0.614302
stat.pool.100.walltime_s = 66.1825
stat.pool.100.active_time_s = 0.349223
stat.switch.replicated_messages = 134556
stat.switch.util.node_ingress_avg = 0.0826299
stat.switch.util.pool_ingress_avg = 0.373835
stat.switch.walltime_s = 66.1826
stat.switch.active_time_s = 0.90893
Simulation is complete, simulated time: 1.23574 ms
