stat.node.0.llc.cxl_miss = 5973
stat.node.0.llc.total_miss = 5973
stat.node.0.llc.avg_miss_lat = 654.428
stat.node.0.llc.avg_cxl_lat = 654.428
stat.node.0.llc.miss_lat_hist_bin_ns = 10
stat.node.0.llc.miss_lat_hist = [0,0,0,0,0,0,0,0,0,0,0,0,0,0,0,0,0,0,0,0,0,0,0,0,0,0,3455,1344,593,275,124,54,33,16,19,11,12,8,9,5,2,4,2,0,1,0,1,2,0,1,0,0,0,0,0,0,0,1,0,1]
stat.node.0.util.dram_avg = 8.88157e-06
stat.node.0.walltime_s = 61.8563
stat.node.0.active_time_s = 27.4085
stat.node.1.llc.cxl_miss = 5973
stat.node.1.llc.total_miss = 5973
stat.node.1.llc.avg_miss_lat = 658.614
stat.node.1.llc.avg_cxl_lat = 658.614
stat.node.1.llc.miss_lat_hist_bin_ns = 10
stat.node.1.llc.miss_lat_hist = [0,0,0,0,0,0,0,0,0,0,0,0,0,0,0,0,0,0,0,0,0,0,0,0,0,0,3213,1316,643,328,174,106,61,56,20,10,10,6,12,4,2,4,1,1,4,1,0,0,1]
stat.node.1.util.dram_avg = 8.87815e-06
stat.node.1.walltime_s = 61.8713
stat.node.1.active_time_s = 26.7545
stat.node.2.llc.cxl_miss = 5973
stat.node.2.llc.total_miss = 5973
stat.node.2.llc.avg_miss_lat = 662.346
stat.node.2.llc.avg_cxl_lat = 662.346
stat.node.2.llc.miss_lat_hist_bin_ns = 10
stat.node.2.llc.miss_lat_hist = [0,0,0,0,0,0,0,0,0,0,0,0,0,0,0,0,0,0,0,0,0,0,0,0,0,0,3094,1300,647,345,203,118,74,54,40,23,24,11,11,9,2,1,3,5,2,1,2,1,3]
stat.node.2.util.dram_avg = 8.87698e-06
stat.node.2.walltime_s = 61.8766
stat.node.2.active_time_s = 27.2223
stat.node.3.llc.cxl_miss = 5973
stat.node.3.llc.total_miss = 5973
stat.node.3.llc.avg_miss_lat = 665.52
stat.node.3.llc.avg_cxl_lat = 665.52
stat.node.3.llc.miss_lat_hist_bin_ns = 10
stat.node.3.llc.miss_lat_hist = [0,0,0,0,0,0,0,0,0,0,0,0,0,0,0,0,0,0,0,0,0,0,0,0,0,0,3084,1272,580,339,233,140,83,55,43,37,27,19,18,9,6,3,3,4,2,2,2,4,0,2,1,0,1,2,0,0,2]
stat.node.3.util.dram_avg = 8.8738e-06
stat.node.3.walltime_s = 61.8898
stat.node.3.active_time_s = 27.6532
stat.node.4.llc.cxl_miss = 5973
stat.node.4.llc.total_miss = 5973
stat.node.4.llc.avg_miss_lat = 669.13
stat.node.4.llc.avg_cxl_lat = 669.13
stat.node.4.llc.miss_lat_hist_bin_ns = 10
stat.node.4.llc.miss_lat_hist = [0,0,0,0,0,0,0,0,0,0,0,0,0,0,0,0,0,0,0,0,0,0,0,0,0,0,3034,1225,582,339,244,149,102,68,41,39,27,25,20,16,10,12,6,10,5,0,5,2,1,0,1,1,1,2,2,1,2,1]
stat.node.4.util.dram_avg = 8.87281e-06
stat.node.4.walltime_s = 61.894
stat.node.4.active_time_s = 27.3631
stat.node.5.llc.cxl_miss = 5973
stat.node.5.llc.total_miss = 5973
stat.node.5.llc.avg_miss_lat = 666.57
stat.node.5.llc.avg_cxl_lat = 666.57
stat.node.5.llc.miss_lat_hist_bin_ns = 10
stat.node.5.llc.miss_lat_hist = [0,0,0,0,0,0,0,0,0,0,0,0,0,0,0,0,0,0,0,0,0,0,0,0,0,0,3119,1286,608,328,196,108,79,47,27,23,31,32,17,9,10,3,5,2,9,3,6,5,3,0,1,1,0,0,3,5,2,2,3]
stat.node.5.util.dram_avg = 8.86558e-06
stat.node.5.walltime_s = 61.9232
stat.node.5.active_time_s = 27.636
stat.node.6.llc.cxl_miss = 5973
stat.node.6.llc.total_miss = 5973
stat.node.6.llc.avg_miss_lat = 667.675
stat.node.6.llc.avg_cxl_lat = 667.675
stat.node.6.llc.miss_lat_hist_bin_ns = 10
stat.node.6.llc.miss_lat_hist = [0,0,0,0,0,0,0,0,0,0,0,0,0,0,0,0,0,0,0,0,0,0,0,0,0,0,3026,1358,588,325,190,126,91,52,39,32,16,23,16,13,15,7,8,4,3,9,6,7,6,3,2,2,1,2,1,2]
stat.node.6.util.dram_avg = 8.85748e-06
stat.node.6.walltime_s = 61.9542
stat.node.6.active_time_s = 27.7461
stat.node.7.llc.cxl_miss = 5973
stat.node.7.llc.total_miss = 5973
stat.node.7.llc.avg_miss_lat = 663.646
stat.node.7.llc.avg_cxl_lat = 663.646
stat.node.7.llc.miss_lat_hist_bin_ns = 10
stat.node.7.llc.miss_lat_hist = [0,0,0,0,0,0,0,0,0,0,0,0,0,0,0,0,0,0,0,0,0,0,0,0,0,0,2994,1494,651,342,152,99,60,30,20,22,20,19,7,10,7,8,7,1,1,1,2,2,4,2,5,3,2,1,1,3,1,0,2]
stat.node.7.util.dram_avg = 8.8532e-06
stat.node.7.walltime_s = 61.9697
stat.node.7.active_time_s = 27.0388
stat.pool.100.util.mem_avg = 0.111066
stat.pool.100.util.req_link_avg = 0.284372
stat.pool.100.walltime_s = 61.9698
stat.pool.100.active_time_s = 0.307951
stat.switch.replicated_messages = 0
stat.switch.util.node_ingress_avg = 0.0355465
stat.switch.util.pool_ingress_avg = 0.468334
stat.switch.walltime_s = 61.97
stat.switch.active_time_s = 0.778973
Simulation is complete, simulated time: 1.13044 ms
