stat.node.0.llc.cxl_miss = 1473
stat.node.0.llc.total_miss = 1473
stat.node.0.llc.avg_miss_lat = 627.814
stat.node.0.llc.avg_cxl_lat = 627.814
stat.node.0.llc.miss_lat_hist_bin_ns = 10
stat.node.0.llc.miss_lat_hist = [0,0,0,0,0,0,0,0,0,0,0,0,0,0,0,0,0,0,0,0,0,0,0,0,0,0,1424,45,1,3]
stat.node.0.util.dram_avg = 1.35551e-05
stat.node.0.walltime_s = 41.7781
stat.node.0.active_time_s = 18.7274
stat.node.1.llc.cxl_miss = 1473
stat.node.1.llc.total_miss = 1473
stat.node.1.llc.avg_miss_lat = 628.261
stat.node.1.llc.avg_cxl_lat = 628.261
stat.node.1.llc.miss_lat_hist_bin_ns = 10
stat.node.1.llc.miss_lat_hist = [0,0,0,0,0,0,0,0,0,0,0,0,0,0,0,0,0,0,0,0,0,0,0,0,0,0,1419,49,2,2,1]
stat.node.1.util.dram_avg = 1.35539e-05
stat.node.1.walltime_s = 41.7802
stat.node.1.active_time_s = 18.3961
stat.node.2.llc.cxl_miss = 1473
stat.node.2.llc.total_miss = 1473
stat.node.2.llc.avg_miss_lat = 628.703
stat.node.2.llc.avg_cxl_lat = 628.703
stat.node.2.llc.miss_lat_hist_bin_ns = 10
stat.node.2.llc.miss_lat_hist = [0,0,0,0,0,0,0,0,0,0,0,0,0,0,0,0,0,0,0,0,0,0,0,0,0,0,1411,49,4,3,3,2,1]
stat.node.2.util.dram_avg = 1.35535e-05
stat.node.2.walltime_s = 41.7812
stat.node.2.active_time_s = 18.3241
stat.node.3.llc.cxl_miss = 1473
stat.node.3.llc.total_miss = 1473
stat.node.3.llc.avg_miss_lat = 628.984
stat.node.3.llc.avg_cxl_lat = 628.984
stat.node.3.llc.miss_lat_hist_bin_ns = 10
stat.node.3.llc.miss_lat_hist = [0,0,0,0,0,0,0,0,0,0,0,0,0,0,0,0,0,0,0,0,0,0,0,0,0,0,1405,55,5,2,1,0,0,1,2,2]
stat.node.3.util.dram_avg = 1.35527e-05
stat.node.3.walltime_s = 41.7828
stat.node.3.active_time_s = 18.56
stat.node.4.llc.cxl_miss = 1473
stat.node.4.llc.total_miss = 1473
stat.node.4.llc.avg_miss_lat = 629.643
stat.node.4.llc.avg_cxl_lat = 629.643
stat.node.4.llc.miss_lat_hist_bin_ns = 10
stat.node.4.llc.miss_lat_hist = [0,0,0,0,0,0,0,0,0,0,0,0,0,0,0,0,0,0,0,0,0,0,0,0,0,0,1394,57,10,3,3,1,0,0,1,1,1,1,1]
stat.node.4.util.dram_avg = 1.3552e-05
stat.node.4.walltime_s = 41.7844
stat.node.4.active_time_s = 18.4409
stat.node.5.llc.cxl_miss = 1473
stat.node.5.llc.total_miss = 1473
stat.node.5.llc.avg_miss_lat = 630.533
stat.node.5.llc.avg_cxl_lat = 630.533
stat.node.5.llc.miss_lat_hist_bin_ns = 10
stat.node.5.llc.miss_lat_hist = [0,0,0,0,0,0,0,0,0,0,0,0,0,0,0,0,0,0,0,0,0,0,0,0,0,0,1372,77,12,3,0,2,1,1,0,0,0,0,1,2,2]
stat.node.5.util.dram_avg = 1.35452e-05
stat.node.5.walltime_s = 41.7959
stat.node.5.active_time_s = 19.4838
stat.node.6.llc.cxl_miss = 1473
stat.node.6.llc.total_miss = 1473
stat.node.6.llc.avg_miss_lat = 630.56
stat.node.6.llc.avg_cxl_lat = 630.56
stat.node.6.llc.miss_lat_hist_bin_ns = 10
stat.node.6.llc.miss_lat_hist = [0,0,0,0,0,0,0,0,0,0,0,0,0,0,0,0,0,0,0,0,0,0,0,0,0,0,1388,61,10,2,4,2,0,0,0,0,1,0,0,0,1,2,2]
stat.node.6.util.dram_avg = 1.35444e-05
stat.node.6.walltime_s = 41.7975
stat.node.6.active_time_s = 19.136
stat.node.7.llc.cxl_miss = 1473
stat.node.7.llc.total_miss = 1473
stat.node.7.llc.avg_miss_lat = 631.637
stat.node.7.llc.avg_cxl_lat = 631.637
stat.node.7.llc.miss_lat_hist_bin_ns = 10
stat.node.7.llc.miss_lat_hist = [0,0,0,0,0,0,0,0,0,0,0,0,0,0,0,0,0,0,0,0,0,0,0,0,0,0,1359,90,7,3,3,5,0,0,0,0,0,1,0,0,0,0,1,3,0,1]
stat.node.7.util.dram_avg = 1.35362e-05
stat.node.7.walltime_s = 41.8101
stat.node.7.active_time_s = 18.3433
stat.pool.100.util.mem_avg = 0.0323244
stat.pool.100.util.req_link_avg = 0.0460794
stat.pool.100.walltime_s = 41.8101
stat.pool.100.active_time_s = 0.167657
stat.switch.replicated_messages = 0
stat.switch.util.node_ingress_avg = 0.00575992
stat.switch.util.pool_ingress_avg = 0.178226
stat.switch.walltime_s = 41.8103
stat.switch.active_time_s = 0.457437
Simulation is complete, simulated time: 739.352 us
