stat.node.2.llc.cxl_miss = 11497
stat.node.2.llc.total_miss = 11504
stat.node.2.llc.avg_miss_lat = 1584.33
stat.node.2.llc.avg_cxl_lat = 1584.88
stat.node.2.llc.miss_lat_hist_bin_ns = 10
stat.node.2.llc.miss_lat_hist = [0,0,0,0,0,0,0,0,0,0,0,0,0,0,0,0,0,0,0,0,0,0,0,0,0,0,22,16,32,34,53,68,83,89,76,83,137,140,137,133,140,162,166,152,189,176,199,178,193,195,194,200,233,216,217,222,208,261,221,211,214,202,207,195,170,181,214,194,194,172,194,158,170,175,144,182,145,155,140,142,148,123,151,139,137,123,109,88,124,119,117,101,76,84,93,86,74,91,82,70,83,56,59,53,43,50,45,31,28,24,30,24,18,21,29,25,26,15,15,11,12,10,7,11,8,8,5,5,7,3,2,3,2,4,2,0,3,6,0,1]
stat.node.2.util.dram_avg = 8.01681e-06
stat.node.2.walltime_s = 70.8186
stat.node.2.active_time_s = 30.8012
stat.node.3.llc.cxl_miss = 11497
stat.node.3.llc.total_miss = 11504
stat.node.3.llc.avg_miss_lat = 1584.33
stat.node.3.llc.avg_cxl_lat = 1584.88
stat.node.3.llc.miss_lat_hist_bin_ns = 10
stat.node.3.llc.miss_lat_hist = [0,0,0,0,0,0,0,0,0,0,0,0,0,0,0,0,0,0,0,0,0,0,0,0,0,0,22,16,32,34,53,68,83,89,76,83,137,140,137,133,140,162,166,152,189,176,199,178,193,195,194,200,233,216,217,222,208,261,221,211,214,202,207,195,170,181,214,194,194,172,194,158,170,175,144,182,145,155,140,142,148,123,151,139,137,123,109,88,124,119,117,101,76,84,93,86,74,91,82,70,83,56,59,53,43,50,45,31,28,24,30,24,18,21,29,25,26,15,15,11,12,10,7,11,8,8,5,5,7,3,2,3,2,4,2,0,3,6,0,1]
stat.node.3.util.dram_avg = 8.01681e-06
stat.node.3.walltime_s = 70.8186
stat.node.3.active_time_s = 28.6592
stat.node.1.llc.cxl_miss = 11503
stat.node.1.llc.total_miss = 11510
stat.node.1.llc.avg_miss_lat = 1619.42
stat.node.1.llc.avg_cxl_lat = 1619.96
stat.node.1.llc.miss_lat_hist_bin_ns = 10
stat.node.1.llc.miss_lat_hist = [0,0,0,0,0,0,0,0,0,0,0,0,0,0,0,0,0,0,0,0,0,0,0,0,0,0,7,12,22,37,51,55,58,81,88,93,122,99,104,117,150,152,138,149,153,168,177,183,180,206,185,193,207,222,228,189,200,213,229,216,245,240,220,178,170,161,186,202,218,188,193,201,169,145,175,173,172,181,166,139,112,122,108,128,138,129,117,128,100,112,135,130,113,90,87,85,106,70,85,60,68,55,63,78,71,50,55,60,45,48,32,25,40,29,31,29,24,25,31,12,11,10,12,6,11,6,7,3,0,0,0,1,5,2,2,1,1]
stat.node.1.util.dram_avg = 7.99493e-06
stat.node.1.walltime_s = 70.9312
stat.node.1.active_time_s = 31.6373
stat.node.0.llc.cxl_miss = 11503
stat.node.0.llc.total_miss = 11510
stat.node.0.llc.avg_miss_lat = 1619.42
stat.node.0.llc.avg_cxl_lat = 1619.96
stat.node.0.llc.miss_lat_hist_bin_ns = 10
stat.node.0.llc.miss_lat_hist = [0,0,0,0,0,0,0,0,0,0,0,0,0,0,0,0,0,0,0,0,0,0,0,0,0,0,7,12,22,37,51,55,58,81,88,93,122,99,104,117,150,152,138,149,153,168,177,183,180,206,185,193,207,222,228,189,200,213,229,216,245,240,220,178,170,161,186,202,218,188,193,201,169,145,175,173,172,181,166,139,112,122,108,128,138,129,117,128,100,112,135,130,113,90,87,85,106,70,85,60,68,55,63,78,71,50,55,60,45,48,32,25,40,29,31,29,24,25,31,12,11,10,12,6,11,6,7,3,0,0,0,1,5,2,2,1,1]
stat.node.0.util.dram_avg = 7.99493e-06
stat.node.0.walltime_s = 70.9314
stat.node.0.active_time_s = 29.206
stat.node.4.llc.cxl_miss = 11497
stat.node.4.llc.total_miss = 11504
stat.node.4.llc.avg_miss_lat = 1687.35
stat.node.4.llc.avg_cxl_lat = 1687.88
stat.node.4.llc.miss_lat_hist_bin_ns = 10
stat.node.4.llc.miss_lat_hist = [0,0,0,0,0,0,0,0,0,0,0,0,0,0,0,0,0,0,0,0,0,0,0,0,0,0,17,15,16,22,31,42,54,66,62,66,57,83,90,96,75,102,121,118,134,139,171,153,161,188,177,167,184,179,212,226,203,210,192,177,192,199,201,224,220,215,191,192,208,184,196,172,202,184,167,157,147,168,178,176,176,150,172,186,186,203,165,163,137,118,130,109,107,99,101,89,102,97,88,105,90,85,66,70,57,53,48,50,40,31,41,21,23,28,24,34,30,18,14,20,21,8,13,18,10,18,18,15,11,9,4,9,8,13,12,6,4,1,0,0,0,0,0,0,0,0,0,0,0,1]
stat.node.4.util.dram_avg = 7.994e-06
stat.node.4.walltime_s = 70.9359
stat.node.4.active_time_s = 29.8133
stat.node.5.llc.cxl_miss = 11497
stat.node.5.llc.total_miss = 11504
stat.node.5.llc.avg_miss_lat = 1687.35
stat.node.5.llc.avg_cxl_lat = 1687.88
stat.node.5.llc.miss_lat_hist_bin_ns = 10
stat.node.5.llc.miss_lat_hist = [0,0,0,0,0,0,0,0,0,0,0,0,0,0,0,0,0,0,0,0,0,0,0,0,0,0,17,15,16,22,31,42,54,66,62,66,57,83,90,96,75,102,121,118,134,139,171,153,161,188,177,167,184,179,212,226,203,210,192,177,192,199,201,224,220,215,191,192,208,184,196,172,202,184,167,157,147,168,178,176,176,150,172,186,186,203,165,163,137,118,130,109,107,99,101,89,102,97,88,105,90,85,66,70,57,53,48,50,40,31,41,21,23,28,24,34,30,18,14,20,21,8,13,18,10,18,18,15,11,9,4,9,8,13,12,6,4,1,0,0,0,0,0,0,0,0,0,0,0,1]
stat.node.5.util.dram_avg = 7.994e-06
stat.node.5.walltime_s = 70.9359
stat.node.5.active_time_s = 29.8092
stat.node.6.llc.cxl_miss = 11503
stat.node.6.llc.total_miss = 11510
stat.node.6.llc.avg_miss_lat = 1709.2
stat.node.6.llc.avg_cxl_lat = 1709.63
stat.node.6.llc.miss_lat_hist_bin_ns = 10
stat.node.6.llc.miss_lat_hist = [0,0,0,0,0,0,0,0,0,0,0,0,0,0,0,0,0,0,0,0,0,0,0,0,0,0,13,13,29,26,42,45,39,61,77,62,66,89,88,95,109,107,98,116,129,108,121,141,146,144,152,131,132,156,162,185,202,185,182,180,197,197,204,219,224,210,218,246,199,200,212,195,175,198,158,172,183,176,167,174,181,180,167,159,144,155,166,194,176,154,144,130,139,133,145,113,122,103,98,105,85,84,59,69,70,66,82,61,51,52,25,34,28,32,18,34,28,25,15,11,7,8,5,7,7,6,12,17,6,5,0,3,3,10,12,5,4,1]
stat.node.6.util.dram_avg = 7.98305e-06
stat.node.6.walltime_s = 70.9838
stat.node.6.active_time_s = 28.7011
stat.node.7.llc.cxl_miss = 11503
stat.node.7.llc.total_miss = 11510
stat.node.7.llc.avg_miss_lat = 1709.2
stat.node.7.llc.avg_cxl_lat = 1709.63
stat.node.7.llc.miss_lat_hist_bin_ns = 10
stat.node.7.llc.miss_lat_hist = [0,0,0,0,0,0,0,0,0,0,0,0,0,0,0,0,0,0,0,0,0,0,0,0,0,0,13,13,29,26,42,45,39,61,77,62,66,89,88,95,109,107,98,116,129,108,121,141,146,144,152,131,132,156,162,185,202,185,182,180,197,197,204,219,224,210,218,246,199,200,212,195,175,198,158,172,183,176,167,174,181,180,167,159,144,155,166,194,176,154,144,130,139,133,145,113,122,103,98,105,85,84,59,69,70,66,82,61,51,52,25,34,28,32,18,34,28,25,15,11,7,8,5,7,7,6,12,17,6,5,0,3,3,10,12,5,4,1]
stat.node.7.util.dram_avg = 7.98305e-06
stat.node.7.walltime_s = 70.9838
stat.node.7.active_time_s = 28.5773
stat.pool.101.util.mem_avg = 0.184946
stat.pool.101.util.req_link_avg = 0.79919
stat.pool.101.walltime_s = 70.9839
stat.pool.101.active_time_s = 0.543502
stat.pool.100.util.mem_avg = 0.184946
stat.pool.100.util.req_link_avg = 0.79919
stat.pool.100.walltime_s = 70.9839
stat.pool.100.active_time_s = 0.390166
stat.switch.replicated_messages = 179960
stat.switch.util.node_ingress_avg = 0.106272
stat.switch.util.pool_ingress_avg = 0.407671
stat.switch.bw.host_to_switch_gbps = 5.22355
stat.switch.bw.switch_to_host_gbps = 5.00942
stat.switch.bw.host_link_total_gbps = 10.233
stat.switch.walltime_s = 70.984
stat.switch.active_time_s = 0.964341
Simulation is complete, simulated time: 1.25366 ms
