stat.node.0.llc.cxl_miss = 2563
stat.node.0.llc.total_miss = 2563
stat.node.0.llc.avg_miss_lat = 626.805
stat.node.0.llc.avg_cxl_lat = 626.805
stat.node.0.llc.miss_lat_hist_bin_ns = 10
stat.node.0.llc.miss_lat_hist = [0,0,0,0,0,0,0,0,0,0,0,0,0,0,0,0,0,0,0,0,0,0,0,0,0,0,2511,46,6]
stat.node.0.util.dram_avg = 1.05252e-05
stat.node.0.fabric.ingress_wait_avg_cycles = 145
stat.node.0.fabric.egress_wait_avg_cycles = 1
stat.node.0.fabric.ingress_wait_max_cycles = 145
stat.node.0.fabric.egress_wait_max_cycles = 1
stat.node.0.fabric.ingress_queue_wait_avg_cycles = 0
stat.node.0.fabric.ingress_queue_wait_max_cycles = 0
stat.node.0.fabric.ingress_occ_bytes = 0
stat.node.0.walltime_s = 51.2034
stat.node.0.active_time_s = 22.8241
stat.node.1.llc.cxl_miss = 2563
stat.node.1.llc.total_miss = 2563
stat.node.1.llc.avg_miss_lat = 626.805
stat.node.1.llc.avg_cxl_lat = 626.805
stat.node.1.llc.miss_lat_hist_bin_ns = 10
stat.node.1.llc.miss_lat_hist = [0,0,0,0,0,0,0,0,0,0,0,0,0,0,0,0,0,0,0,0,0,0,0,0,0,0,2511,46,6]
stat.node.1.util.dram_avg = 1.05252e-05
stat.node.1.fabric.ingress_wait_avg_cycles = 145
stat.node.1.fabric.egress_wait_avg_cycles = 1
stat.node.1.fabric.ingress_wait_max_cycles = 145
stat.node.1.fabric.egress_wait_max_cycles = 1
stat.node.1.fabric.ingress_queue_wait_avg_cycles = 0
stat.node.1.fabric.ingress_queue_wait_max_cycles = 0
stat.node.1.fabric.ingress_occ_bytes = 0
stat.node.1.walltime_s = 51.2034
stat.node.1.active_time_s = 22.9608
stat.node.2.llc.cxl_miss = 2563
stat.node.2.llc.total_miss = 2563
stat.node.2.llc.avg_miss_lat = 626.84
stat.node.2.llc.avg_cxl_lat = 626.84
stat.node.2.llc.miss_lat_hist_bin_ns = 10
stat.node.2.llc.miss_lat_hist = [0,0,0,0,0,0,0,0,0,0,0,0,0,0,0,0,0,0,0,0,0,0,0,0,0,0,2510,46,6,1]
stat.node.2.util.dram_avg = 1.05246e-05
stat.node.2.fabric.ingress_wait_avg_cycles = 145
stat.node.2.fabric.egress_wait_avg_cycles = 1
stat.node.2.fabric.ingress_wait_max_cycles = 145
stat.node.2.fabric.egress_wait_max_cycles = 1
stat.node.2.fabric.ingress_queue_wait_avg_cycles = 0
stat.node.2.fabric.ingress_queue_wait_max_cycles = 0
stat.node.2.fabric.ingress_occ_bytes = 0
stat.node.2.walltime_s = 51.2051
stat.node.2.active_time_s = 22.2041
stat.node.3.llc.cxl_miss = 2563
stat.node.3.llc.total_miss = 2563
stat.node.3.llc.avg_miss_lat = 626.84
stat.node.3.llc.avg_cxl_lat = 626.84
stat.node.3.llc.miss_lat_hist_bin_ns = 10
stat.node.3.llc.miss_lat_hist = [0,0,0,0,0,0,0,0,0,0,0,0,0,0,0,0,0,0,0,0,0,0,0,0,0,0,2510,46,6,1]
stat.node.3.util.dram_avg = 1.05246e-05
stat.node.3.fabric.ingress_wait_avg_cycles = 145
stat.node.3.fabric.egress_wait_avg_cycles = 1
stat.node.3.fabric.ingress_wait_max_cycles = 145
stat.node.3.fabric.egress_wait_max_cycles = 1
stat.node.3.fabric.ingress_queue_wait_avg_cycles = 0
stat.node.3.fabric.ingress_queue_wait_max_cycles = 0
stat.node.3.fabric.ingress_occ_bytes = 0
stat.node.3.walltime_s = 51.2052
stat.node.3.active_time_s = 22.5366
stat.node.4.llc.cxl_miss = 2563
stat.node.4.llc.total_miss = 2563
stat.node.4.llc.avg_miss_lat = 626.893
stat.node.4.llc.avg_cxl_lat = 626.893
stat.node.4.llc.miss_lat_hist_bin_ns = 10
stat.node.4.llc.miss_lat_hist = [0,0,0,0,0,0,0,0,0,0,0,0,0,0,0,0,0,0,0,0,0,0,0,0,0,0,2509,46,5,2,1]
stat.node.4.util.dram_avg = 1.0524e-05
stat.node.4.fabric.ingress_wait_avg_cycles = 145
stat.node.5.llc.cxl_miss = 2563
stat.node.5.llc.total_miss = 2563
stat.node.5.llc.avg_miss_lat = 626.893
stat.node.5.llc.avg_cxl_lat = 626.893
stat.node.5.llc.miss_lat_hist_bin_ns = 10
stat.node.5.llc.miss_lat_hist = [0,0,0,0,0,0,0,0,0,0,0,0,0,0,0,0,0,0,0,0,0,0,0,0,0,0,2509,46,5,2,1]
stat.node.5.util.dram_avg = 1.0524e-05
stat.node.5.fabric.ingress_wait_avg_cycles = 145
stat.node.4.fabric.egress_wait_avg_cycles = 1
stat.node.4.fabric.ingress_wait_max_cycles = 145
stat.node.4.fabric.egress_wait_max_cycles = 1
stat.node.5.fabric.egress_wait_avg_cycles = 1
stat.node.5.fabric.ingress_wait_max_cycles = 145
stat.node.5.fabric.egress_wait_max_cycles = 1
stat.node.5.fabric.ingress_queue_wait_avg_cycles = 0
stat.node.5.fabric.ingress_queue_wait_max_cycles = 0
stat.node.4.fabric.ingress_queue_wait_avg_cycles = 0
stat.node.4.fabric.ingress_queue_wait_max_cycles = 0
stat.node.4.fabric.ingress_occ_bytes = 0
stat.node.4.walltime_s = 51.2071
stat.node.4.active_time_s = 22.8544
stat.node.5.fabric.ingress_occ_bytes = 0
stat.node.5.walltime_s = 51.2071
stat.node.5.active_time_s = 22.8933
stat.node.6.llc.cxl_miss = 2563
stat.node.6.llc.total_miss = 2563
stat.node.6.llc.avg_miss_lat = 626.942
stat.node.6.llc.avg_cxl_lat = 626.942
stat.node.6.llc.miss_lat_hist_bin_ns = 10
stat.node.6.llc.miss_lat_hist = [0,0,0,0,0,0,0,0,0,0,0,0,0,0,0,0,0,0,0,0,0,0,0,0,0,0,2509,45,5,1,2,1]
stat.node.6.util.dram_avg = 1.05235e-05
stat.node.7.llc.cxl_miss = 2563
stat.node.7.llc.total_miss = 2563
stat.node.7.llc.avg_miss_lat = 626.942
stat.node.7.llc.avg_cxl_lat = 626.942
stat.node.7.llc.miss_lat_hist_bin_ns = 10
stat.node.7.llc.miss_lat_hist = [0,0,0,0,0,0,0,0,0,0,0,0,0,0,0,0,0,0,0,0,0,0,0,0,0,0,2509,45,5,1,2,1]
stat.node.7.util.dram_avg = 1.05235e-05
stat.node.7.fabric.ingress_wait_avg_cycles = 145
stat.node.7.fabric.egress_wait_avg_cycles = 1
stat.node.7.fabric.ingress_wait_max_cycles = 145
stat.node.6.fabric.ingress_wait_avg_cycles = 145
stat.node.6.fabric.egress_wait_avg_cycles = 1
stat.node.6.fabric.ingress_wait_max_cycles = 145
stat.node.6.fabric.egress_wait_max_cycles = 1
stat.node.7.fabric.egress_wait_max_cycles = 1
stat.node.7.fabric.ingress_queue_wait_avg_cycles = 0
stat.node.7.fabric.ingress_queue_wait_max_cycles = 0
stat.node.6.fabric.ingress_queue_wait_avg_cycles = 0
stat.node.6.fabric.ingress_queue_wait_max_cycles = 0
stat.node.6.fabric.ingress_occ_bytes = 0
stat.node.6.walltime_s = 51.2089
stat.node.6.active_time_s = 24.236
stat.node.7.fabric.ingress_occ_bytes = 0
stat.node.7.walltime_s = 51.2089
stat.node.7.active_time_s = 22.6883
stat.pool.101.util.mem_avg = 0.0190896
stat.pool.101.util.req_link_avg = 0.0149137
stat.pool.101.fabric.ingress_wait_avg_cycles = 124.003
stat.pool.101.fabric.egress_wait_avg_cycles = 1
stat.pool.101.fabric.ingress_wait_max_cycles = 133
stat.pool.101.fabric.egress_wait_max_cycles = 1
stat.pool.101.fabric.ingress_queue_wait_avg_cycles = 0.00330761
stat.pool.101.fabric.ingress_queue_wait_max_cycles = 9
stat.pool.101.fabric.ingress_occ_bytes = 0
stat.pool.101.walltime_s = 51.209
stat.pool.101.active_time_s = 0.308767
stat.pool.100.util.mem_avg = 0.0190896
stat.pool.100.util.req_link_avg = 0.0149137
stat.pool.100.fabric.ingress_wait_avg_cycles = 124.003
stat.pool.100.fabric.egress_wait_avg_cycles = 1
stat.pool.100.fabric.ingress_wait_max_cycles = 133
stat.pool.100.fabric.egress_wait_max_cycles = 1
stat.pool.100.fabric.ingress_queue_wait_avg_cycles = 0.00330761
stat.pool.100.fabric.ingress_queue_wait_max_cycles = 9
stat.pool.100.fabric.ingress_occ_bytes = 0
stat.pool.100.walltime_s = 51.209
stat.pool.100.active_time_s = 0.205874
stat.switch.replicated_messages = 0
stat.switch.util.node_ingress_avg = 0.00372843
stat.switch.util.pool_ingress_avg = 0.11931
stat.switch.fabric.node_ingress_wait_avg_cycles = 124.02
stat.switch.fabric.node_egress_wait_avg_cycles = 1
stat.switch.fabric.pool_ingress_wait_avg_cycles = 147.061
stat.switch.fabric.pool_egress_wait_avg_cycles = 1
stat.switch.fabric.node_ingress_queue_wait_avg_cycles = 0.0202132
stat.switch.fabric.pool_ingress_queue_wait_avg_cycles = 2.06064
stat.switch.fabric.node_ingress_wait_max_cycles = 128
stat.switch.fabric.node_egress_wait_max_cycles = 1
stat.switch.fabric.pool_ingress_wait_max_cycles = 276
stat.switch.fabric.pool_egress_wait_max_cycles = 1
stat.switch.fabric.node_ingress_queue_wait_max_cycles = 4
stat.switch.fabric.pool_ingress_queue_wait_max_cycles = 131
stat.switch.fabric.node_ingress_occ_bytes = 0
stat.switch.fabric.pool_ingress_occ_bytes = 0
stat.switch.bw.host_to_switch_gbps = 0.18326
stat.switch.bw.switch_to_host_gbps = 1.46608
stat.switch.bw.host_link_total_gbps = 1.64934
stat.switch.walltime_s = 51.2093
stat.switch.active_time_s = 0.634666
Simulation is complete, simulated time: 951.018 us
