stat.node.0.llc.pool_accesses = 11498
stat.node.0.llc.pool_completed = 11498
stat.node.0.llc.avg_pool_roundtrip_lat = 684.446
stat.node.0.llc.cxl_miss = 11486
stat.node.0.llc.total_miss = 11489
stat.node.0.llc.avg_miss_lat = 685.445
stat.node.0.llc.avg_cxl_lat = 685.451
stat.node.0.llc.miss_lat_hist_bin_ns = 10
stat.node.0.llc.miss_lat_hist = [0,0,0,0,0,0,0,0,0,0,0,0,0,0,0,0,0,0,0,0,0,0,0,0,0,0,3357,2187,1890,1430,998,650,418,257,136,89,36,19,14,4,3,1]
stat.node.0.util.dram_avg = 6.62954e-06
stat.node.0.fabric.ingress_wait_avg_cycles = 145
stat.node.0.fabric.egress_wait_avg_cycles = 1
stat.node.0.fabric.ingress_wait_max_cycles = 145
stat.node.0.fabric.egress_wait_max_cycles = 1
stat.node.0.fabric.ingress_queue_wait_avg_cycles = 0
stat.node.0.fabric.ingress_queue_wait_max_cycles = 0
stat.node.0.fabric.ingress_occ_bytes = 0
stat.node.0.fabric.ready_wait_avg_cycles = 0
stat.node.0.fabric.ready_wait_max_cycles = 0
stat.node.0.fabric.ready_occ_avg_pkts = 0.00335151
stat.node.0.fabric.ready_occ_pkts = 0
stat.node.0.fabric.ready_occ_max_pkts = 1
stat.node.1.llc.pool_accesses = 11498
stat.node.1.llc.pool_completed = 11498
stat.node.1.llc.avg_pool_roundtrip_lat = 684.446
stat.node.1.llc.cxl_miss = 11486
stat.node.1.llc.total_miss = 11489
stat.node.1.llc.avg_miss_lat = 685.445
stat.node.1.llc.avg_cxl_lat = 685.451
stat.node.1.llc.miss_lat_hist_bin_ns = 10
stat.node.1.llc.miss_lat_hist = [0,0,0,0,0,0,0,0,0,0,0,0,0,0,0,0,0,0,0,0,0,0,0,0,0,0,3357,2187,1890,1430,998,650,418,257,136,89,36,19,14,4,3,1]
stat.node.1.util.dram_avg = 6.62954e-06
stat.node.1.fabric.ingress_wait_avg_cycles = 145
stat.node.1.fabric.egress_wait_avg_cycles = 1
stat.node.1.fabric.ingress_wait_max_cycles = 145
stat.node.1.fabric.egress_wait_max_cycles = 1
stat.node.1.fabric.ingress_queue_wait_avg_cycles = 0
stat.node.1.fabric.ingress_queue_wait_max_cycles = 0
stat.node.1.fabric.ingress_occ_bytes = 0
stat.node.1.fabric.ready_wait_avg_cycles = 0
stat.node.1.fabric.ready_wait_max_cycles = 0
stat.node.1.fabric.ready_occ_avg_pkts = 0.00335151
stat.node.1.fabric.ready_occ_pkts = 0
stat.node.1.fabric.ready_occ_max_pkts = 1
stat.node.1.fabric.ready_retry_count = 0
stat.node.1.fabric.rx_bytes.demand_req = 0
stat.node.1.fabric.rx_bytes.write_req = 0
stat.node.1.fabric.rx_bytes.response = 776512
stat.node.1.fabric.tx_bytes.demand_req = 96952
stat.node.1.fabric.tx_bytes.write_req = 370368
stat.node.1.fabric.tx_bytes.response = 0
stat.node.1.fabric.rx_pkts.demand_req = 0
stat.node.1.fabric.rx_pkts.write_req = 0
stat.node.1.fabric.rx_pkts.response = 12133
stat.node.1.fabric.tx_pkts.demand_req = 12119
stat.node.1.fabric.tx_pkts.write_req = 5787
stat.node.1.fabric.tx_pkts.response = 0
stat.node.1.walltime_s = 86.129
stat.node.0.fabric.ready_retry_count = 0
stat.node.0.fabric.rx_bytes.demand_req = 0
stat.node.0.fabric.rx_bytes.write_req = 0
stat.node.0.fabric.rx_bytes.response = 776512
stat.node.0.fabric.tx_bytes.demand_req = 96952
stat.node.0.fabric.tx_bytes.write_req = 370368
stat.node.0.fabric.tx_bytes.response = 0
stat.node.0.fabric.rx_pkts.demand_req = 0
stat.node.0.fabric.rx_pkts.write_req = 0
stat.node.0.fabric.rx_pkts.response = 12133
stat.node.0.fabric.tx_pkts.demand_req = 12119
stat.node.0.fabric.tx_pkts.write_req = 5787
stat.node.0.fabric.tx_pkts.response = 0
stat.node.0.walltime_s = 86.129
stat.node.0.active_time_s = 34.7998
stat.node.1.active_time_s = 38.5921
stat.node.2.llc.pool_accesses = 11498
stat.node.2.llc.pool_completed = 11498
stat.node.2.llc.avg_pool_roundtrip_lat = 686.91
stat.node.2.llc.cxl_miss = 11486
stat.node.2.llc.total_miss = 11489
stat.node.2.llc.avg_miss_lat = 687.932
stat.node.2.llc.avg_cxl_lat = 687.934
stat.node.2.llc.miss_lat_hist_bin_ns = 10
stat.node.2.llc.miss_lat_hist = [0,0,0,0,0,0,0,0,0,0,0,0,0,0,0,0,0,0,0,0,0,0,0,0,0,0,3336,2027,1945,1392,976,694,462,260,154,103,74,31,18,11,2,2,1,1]
stat.node.2.util.dram_avg = 6.62749e-06
stat.node.2.fabric.ingress_wait_avg_cycles = 145
stat.node.2.fabric.egress_wait_avg_cycles = 1
stat.node.2.fabric.ingress_wait_max_cycles = 145
stat.node.2.fabric.egress_wait_max_cycles = 1
stat.node.2.fabric.ingress_queue_wait_avg_cycles = 0
stat.node.2.fabric.ingress_queue_wait_max_cycles = 0
stat.node.2.fabric.ingress_occ_bytes = 0
stat.node.2.fabric.ready_wait_avg_cycles = 0
stat.node.2.fabric.ready_wait_max_cycles = 0
stat.node.2.fabric.ready_occ_avg_pkts = 0.00335047
stat.node.2.fabric.ready_occ_pkts = 0
stat.node.2.fabric.ready_occ_max_pkts = 1
stat.node.2.fabric.ready_retry_count = 0
stat.node.2.fabric.rx_bytes.demand_req = 0
stat.node.2.fabric.rx_bytes.write_req = 0
stat.node.2.fabric.rx_bytes.response = 776512
stat.node.2.fabric.tx_bytes.demand_req = 96952
stat.node.2.fabric.tx_bytes.write_req = 370368
stat.node.2.fabric.tx_bytes.response = 0
stat.node.2.fabric.rx_pkts.demand_req = 0
stat.node.2.fabric.rx_pkts.write_req = 0
stat.node.2.fabric.rx_pkts.response = 12133
stat.node.2.fabric.tx_pkts.demand_req = 12119
stat.node.2.fabric.tx_pkts.write_req = 5787
stat.node.2.fabric.tx_pkts.response = 0
stat.node.2.walltime_s = 86.1433
stat.node.2.active_time_s = 37.8724
stat.node.3.llc.pool_accesses = 11498
stat.node.3.llc.pool_completed = 11498
stat.node.3.llc.avg_pool_roundtrip_lat = 686.91
stat.node.3.llc.cxl_miss = 11486
stat.node.3.llc.total_miss = 11489
stat.node.3.llc.avg_miss_lat = 687.932
stat.node.3.llc.avg_cxl_lat = 687.934
stat.node.3.llc.miss_lat_hist_bin_ns = 10
stat.node.3.llc.miss_lat_hist = [0,0,0,0,0,0,0,0,0,0,0,0,0,0,0,0,0,0,0,0,0,0,0,0,0,0,3336,2027,1945,1392,976,694,462,260,154,103,74,31,18,11,2,2,1,1]
stat.node.3.util.dram_avg = 6.62749e-06
stat.node.3.fabric.ingress_wait_avg_cycles = 145
stat.node.3.fabric.egress_wait_avg_cycles = 1
stat.node.3.fabric.ingress_wait_max_cycles = 145
stat.node.3.fabric.egress_wait_max_cycles = 1
stat.node.3.fabric.ingress_queue_wait_avg_cycles = 0
stat.node.3.fabric.ingress_queue_wait_max_cycles = 0
stat.node.3.fabric.ingress_occ_bytes = 0
stat.node.3.fabric.ready_wait_avg_cycles = 0
stat.node.3.fabric.ready_wait_max_cycles = 0
stat.node.3.fabric.ready_occ_avg_pkts = 0.00335047
stat.node.3.fabric.ready_occ_pkts = 0
stat.node.3.fabric.ready_occ_max_pkts = 1
stat.node.3.fabric.ready_retry_count = 0
stat.node.3.fabric.rx_bytes.demand_req = 0
stat.node.3.fabric.rx_bytes.write_req = 0
stat.node.3.fabric.rx_bytes.response = 776512
stat.node.3.fabric.tx_bytes.demand_req = 96952
stat.node.3.fabric.tx_bytes.write_req = 370368
stat.node.3.fabric.tx_bytes.response = 0
stat.node.3.fabric.rx_pkts.demand_req = 0
stat.node.3.fabric.rx_pkts.write_req = 0
stat.node.3.fabric.rx_pkts.response = 12133
stat.node.3.fabric.tx_pkts.demand_req = 12119
stat.node.3.fabric.tx_pkts.write_req = 5787
stat.node.3.fabric.tx_pkts.response = 0
stat.node.3.walltime_s = 86.1435
stat.node.3.active_time_s = 34.7979
stat.node.4.llc.pool_accesses = 11498
stat.node.4.llc.pool_completed = 11498
stat.node.4.llc.avg_pool_roundtrip_lat = 686.264
stat.node.4.llc.cxl_miss = 11486
stat.node.4.llc.total_miss = 11489
stat.node.4.llc.avg_miss_lat = 687.271
stat.node.4.llc.avg_cxl_lat = 687.284
stat.node.4.llc.miss_lat_hist_bin_ns = 10
stat.node.4.llc.miss_lat_hist = [0,0,0,0,0,0,0,0,0,0,0,0,0,0,0,0,0,0,0,0,0,0,0,0,0,0,3385,1999,1925,1422,1010,693,423,263,155,100,48,29,19,5,6,1,4,2]
stat.node.5.llc.pool_accesses = 11498
stat.node.5.llc.pool_completed = 11498
stat.node.5.llc.avg_pool_roundtrip_lat = 686.264
stat.node.5.llc.cxl_miss = 11486
stat.node.5.llc.total_miss = 11489
stat.node.5.llc.avg_miss_lat = 687.271
stat.node.5.llc.avg_cxl_lat = 687.284
stat.node.5.llc.miss_lat_hist_bin_ns = 10
stat.node.5.llc.miss_lat_hist = [0,0,0,0,0,0,0,0,0,0,0,0,0,0,0,0,0,0,0,0,0,0,0,0,0,0,3385,1999,1925,1422,1010,693,423,263,155,100,48,29,19,5,6,1,4,2]
stat.node.5.util.dram_avg = 6.62553e-06
stat.node.5.fabric.ingress_wait_avg_cycles = 145
stat.node.5.fabric.egress_wait_avg_cycles = 1
stat.node.5.fabric.ingress_wait_max_cycles = 145
stat.node.5.fabric.egress_wait_max_cycles = 1
stat.node.4.util.dram_avg = 6.62553e-06
stat.node.4.fabric.ingress_wait_avg_cycles = 145
stat.node.4.fabric.egress_wait_avg_cycles = 1
stat.node.4.fabric.ingress_wait_max_cycles = 145
stat.node.4.fabric.egress_wait_max_cycles = 1
stat.node.5.fabric.ingress_queue_wait_avg_cycles = 0
stat.node.5.fabric.ingress_queue_wait_max_cycles = 0
stat.node.5.fabric.ingress_occ_bytes = 0
stat.node.5.fabric.ready_wait_avg_cycles = 0
stat.node.5.fabric.ready_wait_max_cycles = 0
stat.node.5.fabric.ready_occ_avg_pkts = 0.00334948
stat.node.4.fabric.ingress_queue_wait_avg_cycles = 0
stat.node.4.fabric.ingress_queue_wait_max_cycles = 0
stat.node.4.fabric.ingress_occ_bytes = 0
stat.node.4.fabric.ready_wait_avg_cycles = 0
stat.node.4.fabric.ready_wait_max_cycles = 0
stat.node.4.fabric.ready_occ_avg_pkts = 0.00334948
stat.node.4.fabric.ready_occ_pkts = 0
stat.node.4.fabric.ready_occ_max_pkts = 1
stat.node.4.fabric.ready_retry_count = 0
stat.node.5.fabric.ready_occ_pkts = 0
stat.node.5.fabric.ready_occ_max_pkts = 1
stat.node.5.fabric.ready_retry_count = 0
stat.node.5.fabric.rx_bytes.demand_req = 0
stat.node.5.fabric.rx_bytes.write_req = 0
stat.node.5.fabric.rx_bytes.response = 776512
stat.node.5.fabric.tx_bytes.demand_req = 96952
stat.node.5.fabric.tx_bytes.write_req = 370368
stat.node.5.fabric.tx_bytes.response = 0
stat.node.5.fabric.rx_pkts.demand_req = 0
stat.node.5.fabric.rx_pkts.write_req = 0
stat.node.5.fabric.rx_pkts.response = 12133
stat.node.5.fabric.tx_pkts.demand_req = 12119
stat.node.5.fabric.tx_pkts.write_req = 5787
stat.node.5.fabric.tx_pkts.response = 0
stat.node.4.fabric.rx_bytes.demand_req = 0
stat.node.4.fabric.rx_bytes.write_req = 0
stat.node.4.fabric.rx_bytes.response = 776512
stat.node.4.fabric.tx_bytes.demand_req = 96952
stat.node.4.fabric.tx_bytes.write_req = 370368
stat.node.4.fabric.tx_bytes.response = 0
stat.node.4.fabric.rx_pkts.demand_req = 0
stat.node.4.fabric.rx_pkts.write_req = 0
stat.node.4.fabric.rx_pkts.response = 12133
stat.node.4.fabric.tx_pkts.demand_req = 12119
stat.node.4.fabric.tx_pkts.write_req = 5787
stat.node.4.fabric.tx_pkts.response = 0
stat.node.4.walltime_s = 86.1571
stat.node.4.active_time_s = 34.8575
stat.node.5.walltime_s = 86.1571
stat.node.5.active_time_s = 34.5988
stat.node.6.llc.pool_accesses = 11498
stat.node.6.llc.pool_completed = 11498
stat.node.6.llc.avg_pool_roundtrip_lat = 686.848
stat.node.6.llc.cxl_miss = 11486
stat.node.6.llc.total_miss = 11489
stat.node.6.llc.avg_miss_lat = 687.856
stat.node.6.llc.avg_cxl_lat = 687.868
stat.node.6.llc.miss_lat_hist_bin_ns = 10
stat.node.6.llc.miss_lat_hist = [0,0,0,0,0,0,0,0,0,0,0,0,0,0,0,0,0,0,0,0,0,0,0,0,0,0,3177,2109,2056,1500,984,623,381,254,158,97,63,41,28,9,7,1,0,1]
stat.node.6.util.dram_avg = 6.61453e-06
stat.node.6.fabric.ingress_wait_avg_cycles = 145
stat.node.6.fabric.egress_wait_avg_cycles = 1
stat.node.6.fabric.ingress_wait_max_cycles = 145
stat.node.6.fabric.egress_wait_max_cycles = 1
stat.node.6.fabric.ingress_queue_wait_avg_cycles = 0
stat.node.6.fabric.ingress_queue_wait_max_cycles = 0
stat.node.6.fabric.ingress_occ_bytes = 0
stat.node.6.fabric.ready_wait_avg_cycles = 0
stat.node.7.llc.pool_accesses = 11498
stat.node.7.llc.pool_completed = 11498
stat.node.7.llc.avg_pool_roundtrip_lat = 686.848
stat.node.7.llc.cxl_miss = 11486
stat.node.7.llc.total_miss = 11489
stat.node.7.llc.avg_miss_lat = 687.856
stat.node.7.llc.avg_cxl_lat = 687.868
stat.node.7.llc.miss_lat_hist_bin_ns = 10
stat.node.7.llc.miss_lat_hist = [0,0,0,0,0,0,0,0,0,0,0,0,0,0,0,0,0,0,0,0,0,0,0,0,0,0,3177,2109,2056,1500,984,623,381,254,158,97,63,41,28,9,7,1,0,1]
stat.node.7.util.dram_avg = 6.61453e-06
stat.node.7.fabric.ingress_wait_avg_cycles = 145
stat.node.7.fabric.egress_wait_avg_cycles = 1
stat.node.7.fabric.ingress_wait_max_cycles = 145
stat.node.7.fabric.egress_wait_max_cycles = 1
stat.node.7.fabric.ingress_queue_wait_avg_cycles = 0
stat.node.7.fabric.ingress_queue_wait_max_cycles = 0
stat.node.7.fabric.ingress_occ_bytes = 0
stat.node.7.fabric.ready_wait_avg_cycles = 0
stat.node.7.fabric.ready_wait_max_cycles = 0
stat.node.7.fabric.ready_occ_avg_pkts = 0.00334392
stat.node.7.fabric.ready_occ_pkts = 0
stat.node.7.fabric.ready_occ_max_pkts = 1
stat.node.7.fabric.ready_retry_count = 0
stat.node.7.fabric.rx_bytes.demand_req = 0
stat.node.7.fabric.rx_bytes.write_req = 0
stat.node.7.fabric.rx_bytes.response = 776512
stat.node.7.fabric.tx_bytes.demand_req = 96952
stat.node.7.fabric.tx_bytes.write_req = 370368
stat.node.6.fabric.ready_wait_max_cycles = 0
stat.node.6.fabric.ready_occ_avg_pkts = 0.00334392
stat.node.6.fabric.ready_occ_pkts = 0
stat.node.6.fabric.ready_occ_max_pkts = 1
stat.node.6.fabric.ready_retry_count = 0
stat.node.6.fabric.rx_bytes.demand_req = 0
stat.node.6.fabric.rx_bytes.write_req = 0
stat.node.6.fabric.rx_bytes.response = 776512
stat.node.7.fabric.tx_bytes.response = 0
stat.node.7.fabric.rx_pkts.demand_req = 0
stat.node.7.fabric.rx_pkts.write_req = 0
stat.node.7.fabric.rx_pkts.response = 12133
stat.node.7.fabric.tx_pkts.demand_req = 12119
stat.node.7.fabric.tx_pkts.write_req = 5787
stat.node.7.fabric.tx_pkts.response = 0
stat.node.6.fabric.tx_bytes.demand_req = 96952
stat.node.6.fabric.tx_bytes.write_req = 370368
stat.node.6.fabric.tx_bytes.response = 0
stat.node.6.fabric.rx_pkts.demand_req = 0
stat.node.6.fabric.rx_pkts.write_req = 0
stat.node.6.fabric.rx_pkts.response = 12133
stat.node.6.fabric.tx_pkts.demand_req = 12119
stat.node.6.fabric.tx_pkts.write_req = 5787
stat.node.6.fabric.tx_pkts.response = 0
stat.node.6.walltime_s = 86.2276
stat.node.6.active_time_s = 34.8536
stat.node.7.walltime_s = 86.2275
stat.node.7.active_time_s = 35.0812
stat.pool.101.util.mem_avg = 0.104538
stat.pool.101.util.req_link_avg = 0.360771
stat.pool.101.fabric.ingress_wait_avg_cycles = 165.887
stat.pool.101.fabric.egress_wait_avg_cycles = 1
stat.pool.101.fabric.ingress_wait_max_cycles = 661
stat.pool.101.fabric.egress_wait_max_cycles = 1
stat.pool.101.fabric.ingress_queue_wait_avg_cycles = 31.6348
stat.pool.101.fabric.ingress_queue_wait_max_cycles = 534
stat.pool.101.fabric.ingress_occ_bytes = 0
stat.pool.101.fabric.ready_wait_avg_cycles = 0
stat.pool.101.fabric.ready_wait_max_cycles = 0
stat.pool.101.fabric.ready_occ_avg_pkts = 0.0261345
stat.pool.101.fabric.ready_occ_pkts = 0
stat.pool.101.fabric.ready_occ_max_pkts = 1
stat.pool.101.fabric.ready_retry_count = 0
stat.pool.101.fabric.rx_bytes.demand_req = 387808
stat.pool.101.fabric.rx_bytes.write_req = 2962816
stat.pool.101.fabric.rx_bytes.response = 0
stat.pool.101.fabric.tx_bytes.demand_req = 0
stat.pool.101.fabric.tx_bytes.write_req = 0
stat.pool.101.fabric.tx_bytes.response = 3106048
stat.pool.101.fabric.rx_pkts.demand_req = 48476
stat.pool.101.fabric.rx_pkts.write_req = 46294
stat.pool.101.fabric.rx_pkts.response = 0
stat.pool.101.fabric.tx_pkts.demand_req = 0
stat.pool.101.fabric.tx_pkts.write_req = 0
stat.pool.101.fabric.tx_pkts.response = 48532
stat.pool.101.walltime_s = 86.2278
stat.pool.101.active_time_s = 0.584684
stat.pool.100.util.mem_avg = 0.104538
stat.pool.100.util.req_link_avg = 0.360771
stat.pool.100.fabric.ingress_wait_avg_cycles = 165.887
stat.pool.100.fabric.egress_wait_avg_cycles = 1
stat.pool.100.fabric.ingress_wait_max_cycles = 661
stat.pool.100.fabric.egress_wait_max_cycles = 1
stat.pool.100.fabric.ingress_queue_wait_avg_cycles = 31.6348
stat.pool.100.fabric.ingress_queue_wait_max_cycles = 534
stat.pool.100.fabric.ingress_occ_bytes = 0
stat.pool.100.fabric.ready_wait_avg_cycles = 0
stat.pool.100.fabric.ready_wait_max_cycles = 0
stat.pool.100.fabric.ready_occ_avg_pkts = 0.0261345
stat.pool.100.fabric.ready_occ_pkts = 0
stat.pool.100.fabric.ready_occ_max_pkts = 1
stat.pool.100.fabric.ready_retry_count = 0
stat.pool.100.fabric.rx_bytes.demand_req = 387808
stat.pool.100.fabric.rx_bytes.write_req = 2962816
stat.pool.100.fabric.rx_bytes.response = 0
stat.pool.100.fabric.tx_bytes.demand_req = 0
stat.pool.100.fabric.tx_bytes.write_req = 0
stat.pool.100.fabric.tx_bytes.response = 3106048
stat.pool.100.fabric.rx_pkts.demand_req = 48476
stat.pool.100.fabric.rx_pkts.write_req = 46294
stat.pool.100.fabric.rx_pkts.response = 0
stat.pool.100.fabric.tx_pkts.demand_req = 0
stat.pool.100.fabric.tx_pkts.write_req = 0
stat.pool.100.fabric.tx_pkts.response = 48532
stat.pool.100.walltime_s = 86.2278
stat.pool.100.active_time_s = 0.430218
stat.switch.replicated_messages = 92588
stat.switch.util.node_ingress_avg = 0.0503212
stat.switch.util.pool_ingress_avg = 0.334392
stat.switch.fabric.node_ingress_wait_avg_cycles = 131.268
stat.switch.fabric.node_egress_wait_avg_cycles = 1
stat.switch.fabric.pool_ingress_wait_avg_cycles = 175.542
stat.switch.fabric.pool_egress_wait_avg_cycles = 1
stat.switch.fabric.node_ingress_queue_wait_avg_cycles = 0.486711
stat.switch.fabric.pool_ingress_queue_wait_avg_cycles = 30.5422
stat.switch.fabric.node_ready_wait_avg_cycles = 0
stat.switch.fabric.pool_ready_wait_avg_cycles = 0
stat.switch.fabric.node_ingress_wait_max_cycles = 161
stat.switch.fabric.node_egress_wait_max_cycles = 1
stat.switch.fabric.pool_ingress_wait_max_cycles = 574
stat.switch.fabric.pool_egress_wait_max_cycles = 1
stat.switch.fabric.node_ingress_queue_wait_max_cycles = 37
stat.switch.fabric.pool_ingress_queue_wait_max_cycles = 429
stat.switch.fabric.node_ready_wait_max_cycles = 0
stat.switch.fabric.pool_ready_wait_max_cycles = 0
stat.switch.fabric.node_ingress_occ_bytes = 128
stat.switch.fabric.pool_ingress_occ_bytes = 0
stat.switch.fabric.node_ready_occ_avg_pkts = 0.00493878
stat.switch.fabric.pool_ready_occ_avg_pkts = 0.0133757
stat.switch.fabric.node_ready_occ_pkts = 0
stat.switch.fabric.pool_ready_occ_pkts = 0
stat.switch.fabric.node_ready_occ_max_pkts = 1
stat.switch.fabric.pool_ready_occ_max_pkts = 1
stat.switch.fabric.node_ready_retry_count = 0
stat.switch.fabric.pool_ready_retry_count = 0
stat.switch.fabric.node_rx_bytes.demand_req = 775616
stat.switch.fabric.node_rx_bytes.write_req = 2962944
stat.switch.fabric.node_rx_bytes.response = 0
stat.switch.fabric.node_tx_bytes.demand_req = 0
stat.switch.fabric.node_tx_bytes.write_req = 0
stat.switch.fabric.node_tx_bytes.response = 6212096
stat.switch.fabric.pool_rx_bytes.demand_req = 0
stat.switch.fabric.pool_rx_bytes.write_req = 0
stat.switch.fabric.pool_rx_bytes.response = 6212096
stat.switch.fabric.pool_tx_bytes.demand_req = 775616
stat.switch.fabric.pool_tx_bytes.write_req = 5925632
stat.switch.fabric.pool_tx_bytes.response = 0
stat.switch.fabric.node_rx_pkts.demand_req = 96952
stat.switch.fabric.node_rx_pkts.write_req = 46296
stat.switch.fabric.node_rx_pkts.response = 0
stat.switch.fabric.node_tx_pkts.demand_req = 0
stat.switch.fabric.node_tx_pkts.write_req = 0
stat.switch.fabric.node_tx_pkts.response = 97064
stat.switch.fabric.pool_rx_pkts.demand_req = 0
stat.switch.fabric.pool_rx_pkts.write_req = 0
stat.switch.fabric.pool_rx_pkts.response = 97064
stat.switch.fabric.pool_tx_pkts.demand_req = 96952
stat.switch.fabric.pool_tx_pkts.write_req = 92588
stat.switch.fabric.pool_tx_pkts.response = 0
stat.switch.bw.host_to_switch_gbps = 2.47347
stat.switch.bw.switch_to_host_gbps = 4.10901
stat.switch.bw.host_link_total_gbps = 6.58248
stat.switch.walltime_s = 86.2281
stat.switch.active_time_s = 1.20429
Simulation is complete, simulated time: 1.51303 ms
