stat.node.0.llc.cxl_miss = 21981
stat.node.0.llc.total_miss = 21982
stat.node.0.llc.avg_miss_lat = 668.839
stat.node.0.llc.avg_cxl_lat = 668.838
stat.node.0.llc.miss_lat_hist_bin_ns = 10
stat.node.0.llc.miss_lat_hist = [0,0,0,0,0,0,0,0,0,0,0,0,0,0,0,0,0,0,0,0,0,0,0,0,0,0,8354,5057,3872,2348,1208,590,276,123,62,36,16,9,4,5,3,5,7,3,2,1,1]
stat.node.0.util.dram_avg = 4.98773e-06
stat.node.0.fabric.ingress_wait_avg_cycles = 145
stat.node.0.fabric.egress_wait_avg_cycles = 1
stat.node.0.fabric.ingress_wait_max_cycles = 145
stat.node.1.llc.cxl_miss = 21981
stat.node.1.llc.total_miss = 21982
stat.node.1.llc.avg_miss_lat = 668.839
stat.node.1.llc.avg_cxl_lat = 668.838
stat.node.1.llc.miss_lat_hist_bin_ns = 10
stat.node.1.llc.miss_lat_hist = [0,0,0,0,0,0,0,0,0,0,0,0,0,0,0,0,0,0,0,0,0,0,0,0,0,0,8354,5057,3872,2348,1208,590,276,123,62,36,16,9,4,5,3,5,7,3,2,1,1]
stat.node.1.util.dram_avg = 4.98773e-06
stat.node.1.fabric.ingress_wait_avg_cycles = 145
stat.node.1.fabric.egress_wait_avg_cycles = 1
stat.node.1.fabric.ingress_wait_max_cycles = 145
stat.node.1.fabric.egress_wait_max_cycles = 1
stat.node.1.fabric.ingress_queue_wait_avg_cycles = 0
stat.node.1.fabric.ingress_queue_wait_max_cycles = 0
stat.node.1.fabric.ingress_occ_bytes = 64
stat.node.1.walltime_s = 111.557
stat.node.1.active_time_s = 49.8142
stat.node.0.fabric.egress_wait_max_cycles = 1
stat.node.0.fabric.ingress_queue_wait_avg_cycles = 0
stat.node.0.fabric.ingress_queue_wait_max_cycles = 0
stat.node.0.fabric.ingress_occ_bytes = 64
stat.node.0.walltime_s = 111.557
stat.node.0.active_time_s = 46.2396
stat.node.2.llc.cxl_miss = 21981
stat.node.2.llc.total_miss = 21982
stat.node.2.llc.avg_miss_lat = 672.422
stat.node.2.llc.avg_cxl_lat = 672.42
stat.node.2.llc.miss_lat_hist_bin_ns = 10
stat.node.2.llc.miss_lat_hist = [0,0,0,0,0,0,0,0,0,0,0,0,0,0,0,0,0,0,0,0,0,0,0,0,0,0,8264,4835,3619,2219,1259,749,458,250,140,90,36,23,17,9,8,3,2,1]
stat.node.2.util.dram_avg = 4.98757e-06
stat.node.2.fabric.ingress_wait_avg_cycles = 145
stat.node.2.fabric.egress_wait_avg_cycles = 1
stat.node.2.fabric.ingress_wait_max_cycles = 145
stat.node.2.fabric.egress_wait_max_cycles = 1
stat.node.2.fabric.ingress_queue_wait_avg_cycles = 0
stat.node.2.fabric.ingress_queue_wait_max_cycles = 0
stat.node.2.fabric.ingress_occ_bytes = 64
stat.node.2.walltime_s = 111.559
stat.node.2.active_time_s = 48.5771
stat.node.3.llc.cxl_miss = 21981
stat.node.3.llc.total_miss = 21982
stat.node.3.llc.avg_miss_lat = 672.422
stat.node.3.llc.avg_cxl_lat = 672.42
stat.node.3.llc.miss_lat_hist_bin_ns = 10
stat.node.3.llc.miss_lat_hist = [0,0,0,0,0,0,0,0,0,0,0,0,0,0,0,0,0,0,0,0,0,0,0,0,0,0,8264,4835,3619,2219,1259,749,458,250,140,90,36,23,17,9,8,3,2,1]
stat.node.3.util.dram_avg = 4.98757e-06
stat.node.3.fabric.ingress_wait_avg_cycles = 145
stat.node.3.fabric.egress_wait_avg_cycles = 1
stat.node.3.fabric.ingress_wait_max_cycles = 145
stat.node.3.fabric.egress_wait_max_cycles = 1
stat.node.3.fabric.ingress_queue_wait_avg_cycles = 0
stat.node.3.fabric.ingress_queue_wait_max_cycles = 0
stat.node.3.fabric.ingress_occ_bytes = 64
stat.node.3.walltime_s = 111.56
stat.node.3.active_time_s = 46.0628
stat.node.4.llc.cxl_miss = 21981
stat.node.4.llc.total_miss = 21982
stat.node.5.llc.cxl_miss = 21981
stat.node.5.llc.total_miss = 21982
stat.node.5.llc.avg_miss_lat = 673.696
stat.node.5.llc.avg_cxl_lat = 673.694
stat.node.5.llc.miss_lat_hist_bin_ns = 10
stat.node.5.llc.miss_lat_hist = [0,0,0,0,0,0,0,0,0,0,0,0,0,0,0,0,0,0,0,0,0,0,0,0,0,0,8667,4772,3503,1968,1044,635,430,303,204,150,103,72,47,24,19,18,11,7,3,1,1]
stat.node.4.llc.avg_miss_lat = 673.696
stat.node.4.llc.avg_cxl_lat = 673.694
stat.node.5.util.dram_avg = 4.98736e-06
stat.node.4.llc.miss_lat_hist_bin_ns = 10
stat.node.4.llc.miss_lat_hist = [0,0,0,0,0,0,0,0,0,0,0,0,0,0,0,0,0,0,0,0,0,0,0,0,0,0,8667,4772,3503,1968,1044,635,430,303,204,150,103,72,47,24,19,18,11,7,3,1,1]
stat.node.4.util.dram_avg = 4.98736e-06
stat.node.4.fabric.ingress_wait_avg_cycles = 145
stat.node.5.fabric.ingress_wait_avg_cycles = 145
stat.node.5.fabric.egress_wait_avg_cycles = 1
stat.node.5.fabric.ingress_wait_max_cycles = 145
stat.node.5.fabric.egress_wait_max_cycles = 1
stat.node.5.fabric.ingress_queue_wait_avg_cycles = 0
stat.node.5.fabric.ingress_queue_wait_max_cycles = 0
stat.node.5.fabric.ingress_occ_bytes = 64
stat.node.5.walltime_s = 111.562
stat.node.4.fabric.egress_wait_avg_cycles = 1
stat.node.4.fabric.ingress_wait_max_cycles = 145
stat.node.4.fabric.egress_wait_max_cycles = 1
stat.node.5.active_time_s = 46.6062
stat.node.4.fabric.ingress_queue_wait_avg_cycles = 0
stat.node.4.fabric.ingress_queue_wait_max_cycles = 0
stat.node.4.fabric.ingress_occ_bytes = 64
stat.node.4.walltime_s = 111.562
stat.node.4.active_time_s = 47.1409
stat.node.7.llc.cxl_miss = 21981
stat.node.7.llc.total_miss = 21982
stat.node.7.llc.avg_miss_lat = 673.856
stat.node.7.llc.avg_cxl_lat = 673.855
stat.node.7.llc.miss_lat_hist_bin_ns = 10
stat.node.6.llc.cxl_miss = 21981
stat.node.6.llc.total_miss = 21982
stat.node.7.llc.miss_lat_hist = [0,0,0,0,0,0,0,0,0,0,0,0,0,0,0,0,0,0,0,0,0,0,0,0,0,0,8798,4799,3485,1971,1016,523,350,258,214,152,119,81,60,50,37,18,19,12,12,7,1]
stat.node.7.util.dram_avg = 4.98711e-06
stat.node.7.fabric.ingress_wait_avg_cycles = 145
stat.node.7.fabric.egress_wait_avg_cycles = 1
stat.node.7.fabric.ingress_wait_max_cycles = 145
stat.node.7.fabric.egress_wait_max_cycles = 1
stat.node.7.fabric.ingress_queue_wait_avg_cycles = 0
stat.node.7.fabric.ingress_queue_wait_max_cycles = 0
stat.node.7.fabric.ingress_occ_bytes = 64
stat.node.7.walltime_s = 111.565
stat.node.7.active_time_s = 46.1202
stat.node.6.llc.avg_miss_lat = 673.856
stat.node.6.llc.avg_cxl_lat = 673.855
stat.node.6.llc.miss_lat_hist_bin_ns = 10
stat.node.6.llc.miss_lat_hist = [0,0,0,0,0,0,0,0,0,0,0,0,0,0,0,0,0,0,0,0,0,0,0,0,0,0,8798,4799,3485,1971,1016,523,350,258,214,152,119,81,60,50,37,18,19,12,12,7,1]
stat.node.6.util.dram_avg = 4.98711e-06
stat.node.6.fabric.ingress_wait_avg_cycles = 145
stat.node.6.fabric.egress_wait_avg_cycles = 1
stat.node.6.fabric.ingress_wait_max_cycles = 145
stat.node.6.fabric.egress_wait_max_cycles = 1
stat.node.6.fabric.ingress_queue_wait_avg_cycles = 0
stat.node.6.fabric.ingress_queue_wait_max_cycles = 0
stat.node.6.fabric.ingress_occ_bytes = 64
stat.node.6.walltime_s = 111.565
stat.node.6.active_time_s = 46.0929
stat.pool.101.util.mem_avg = 0.115791
stat.pool.101.util.req_link_avg = 0.301884
stat.pool.101.fabric.ingress_wait_avg_cycles = 147.847
stat.pool.101.fabric.egress_wait_avg_cycles = 1
stat.pool.101.fabric.ingress_wait_max_cycles = 599
stat.pool.101.fabric.egress_wait_max_cycles = 1
stat.pool.101.fabric.ingress_queue_wait_avg_cycles = 16.8351
stat.pool.101.fabric.ingress_queue_wait_max_cycles = 454
stat.pool.101.fabric.ingress_occ_bytes = 0
stat.pool.101.walltime_s = 111.566
stat.pool.101.active_time_s = 0.745346
stat.pool.100.util.mem_avg = 0.115791
stat.pool.100.util.req_link_avg = 0.301884
stat.pool.100.fabric.ingress_wait_avg_cycles = 147.847
stat.pool.100.fabric.egress_wait_avg_cycles = 1
stat.pool.100.fabric.ingress_wait_max_cycles = 599
stat.pool.100.fabric.egress_wait_max_cycles = 1
stat.pool.100.fabric.ingress_queue_wait_avg_cycles = 16.8351
stat.pool.100.fabric.ingress_queue_wait_max_cycles = 454
stat.pool.100.fabric.ingress_occ_bytes = 0
stat.pool.100.walltime_s = 111.566
stat.pool.100.active_time_s = 0.575353
stat.switch.replicated_messages = 93024
stat.switch.util.node_ingress_avg = 0.0452678
stat.switch.util.pool_ingress_avg = 0.482066
stat.switch.fabric.node_ingress_wait_avg_cycles = 129.179
stat.switch.fabric.node_egress_wait_avg_cycles = 1
stat.switch.fabric.pool_ingress_wait_avg_cycles = 176.943
stat.switch.fabric.pool_egress_wait_avg_cycles = 1
stat.switch.fabric.node_ingress_queue_wait_avg_cycles = 0.971125
stat.switch.fabric.pool_ingress_queue_wait_avg_cycles = 31.9431
stat.switch.fabric.node_ingress_wait_max_cycles = 160
stat.switch.fabric.node_egress_wait_max_cycles = 1
stat.switch.fabric.pool_ingress_wait_max_cycles = 1088
stat.switch.fabric.pool_egress_wait_max_cycles = 1
stat.switch.fabric.node_ingress_queue_wait_max_cycles = 36
stat.switch.fabric.pool_ingress_queue_wait_max_cycles = 943
stat.switch.fabric.node_ingress_occ_bytes = 0
stat.switch.fabric.pool_ingress_occ_bytes = 0
stat.switch.bw.host_to_switch_gbps = 2.225
stat.switch.bw.switch_to_host_gbps = 5.92363
stat.switch.bw.host_link_total_gbps = 8.14863
stat.switch.walltime_s = 111.566
stat.switch.active_time_s = 1.51417
Simulation is complete, simulated time: 2.00677 ms
