stat.node.0.llc.pool_accesses = 16386
stat.node.0.llc.pool_completed = 16383
stat.node.0.llc.avg_pool_roundtrip_lat = 736.365
stat.node.0.llc.cxl_miss = 16364
stat.node.0.llc.total_miss = 16365
stat.node.0.llc.avg_miss_lat = 737.374
stat.node.0.llc.avg_cxl_lat = 737.379
stat.node.0.llc.miss_lat_hist_bin_ns = 10
stat.node.0.llc.miss_lat_hist = [0,0,0,0,0,0,0,0,0,0,0,0,0,0,0,0,0,0,0,0,0,0,0,0,0,0,3793,2844,2073,1477,1092,790,573,539,431,357,352,310,255,219,196,181,160,153,104,72,65,50,54,41,39,27,25,23,17,10,9,5,1,1,2,2,1,5,3,4,4,5,1]
stat.node.0.util.dram_avg = 5.23257e-06
stat.node.0.fabric.ingress_wait_avg_cycles = 145
stat.node.0.fabric.egress_wait_avg_cycles = 1
stat.node.0.fabric.ingress_wait_max_cycles = 145
stat.node.0.fabric.egress_wait_max_cycles = 1
stat.node.0.fabric.ingress_queue_wait_avg_cycles = 0
stat.node.0.fabric.ingress_queue_wait_max_cycles = 0
stat.node.0.fabric.ingress_occ_bytes = 192
stat.node.0.fabric.ready_wait_avg_cycles = 0
stat.node.0.fabric.ready_wait_max_cycles = 0
stat.node.0.fabric.ready_occ_avg_pkts = 0.00376702
stat.node.0.fabric.ready_occ_pkts = 0
stat.node.0.fabric.ready_occ_max_pkts = 1
stat.node.0.fabric.ready_retry_count = 0
stat.node.0.fabric.ingress_arrival_burst_max_pkts = 1
stat.node.0.fabric.ingress_arrival_burst_max_bytes = 64
stat.node.0.fabric.ingress_arrival_burst_avg_pkts = 1
stat.node.0.fabric.ingress_arrival_burst_avg_bytes = 64
stat.node.0.fabric.ingress_arrival_burst_stddev_pkts = 0
stat.node.0.fabric.ingress_arrival_burst_stddev_bytes = 0
stat.node.0.fabric.ingress_arrival_nonempty_frac = 0.00376767
stat.node.0.fabric.ingress_release_burst_max_pkts = 1
stat.node.0.fabric.ingress_release_burst_max_bytes = 64
stat.node.0.fabric.ingress_release_burst_avg_pkts = 1
stat.node.0.fabric.ingress_release_burst_avg_bytes = 64
stat.node.0.fabric.ingress_release_burst_stddev_pkts = 0
stat.node.0.fabric.ingress_release_burst_stddev_bytes = 0
stat.node.0.fabric.ingress_release_nonempty_frac = 0.00376702
stat.node.0.fabric.ingress_occ_avg_bytes = 34.7203
stat.node.0.fabric.ingress_occ_stddev_bytes = 70.7368
stat.node.0.fabric.ingress_occ_max_bytes = 384
stat.node.0.fabric.ingress_occ_nonempty_frac = 0.24839
stat.node.0.fabric.rx_bytes.demand_req = 0
stat.node.0.fabric.rx_bytes.write_req = 0
stat.node.0.fabric.rx_bytes.response = 1105984
stat.node.0.fabric.tx_bytes.demand_req = 138080
stat.node.0.fabric.tx_bytes.write_req = 403392
stat.node.0.fabric.tx_bytes.response = 0
stat.node.0.fabric.rx_pkts.demand_req = 0
stat.node.0.fabric.rx_pkts.write_req = 0
stat.node.0.fabric.rx_pkts.response = 17281
stat.node.0.fabric.tx_pkts.demand_req = 17260
stat.node.0.fabric.tx_pkts.write_req = 6303
stat.node.0.fabric.tx_pkts.response = 0
stat.node.0.walltime_s = 104.4
stat.node.0.active_time_s = 45.1214
stat.node.1.llc.pool_accesses = 16386
stat.node.1.llc.pool_completed = 16383
stat.node.1.llc.avg_pool_roundtrip_lat = 747.139
stat.node.1.llc.cxl_miss = 16364
stat.node.1.llc.total_miss = 16365
stat.node.1.llc.avg_miss_lat = 748.127
stat.node.1.llc.avg_cxl_lat = 748.132
stat.node.1.llc.miss_lat_hist_bin_ns = 10
stat.node.1.llc.miss_lat_hist = [0,0,0,0,0,0,0,0,0,0,0,0,0,0,0,0,0,0,0,0,0,0,0,0,0,0,3148,2522,1972,1507,1218,943,740,647,573,481,406,351,309,253,236,199,146,140,107,94,64,61,58,36,31,17,19,17,10,9,6,7,6,6,2,1,2,0,5,6,1,1,0,2,2,3,1]
stat.node.1.util.dram_avg = 5.23234e-06
stat.node.1.fabric.ingress_wait_avg_cycles = 145
stat.node.1.fabric.egress_wait_avg_cycles = 1
stat.node.1.fabric.ingress_wait_max_cycles = 145
stat.node.1.fabric.egress_wait_max_cycles = 1
stat.node.1.fabric.ingress_queue_wait_avg_cycles = 0
stat.node.1.fabric.ingress_queue_wait_max_cycles = 0
stat.node.1.fabric.ingress_occ_bytes = 192
stat.node.1.fabric.ready_wait_avg_cycles = 0
stat.node.1.fabric.ready_wait_max_cycles = 0
stat.node.1.fabric.ready_occ_avg_pkts = 0.00376685
stat.node.1.fabric.ready_occ_pkts = 0
stat.node.1.fabric.ready_occ_max_pkts = 1
stat.node.1.fabric.ready_retry_count = 0
stat.node.1.fabric.ingress_arrival_burst_max_pkts = 1
stat.node.1.fabric.ingress_arrival_burst_max_bytes = 64
stat.node.1.fabric.ingress_arrival_burst_avg_pkts = 1
stat.node.1.fabric.ingress_arrival_burst_avg_bytes = 64
stat.node.1.fabric.ingress_arrival_burst_stddev_pkts = 0
stat.node.1.fabric.ingress_arrival_burst_stddev_bytes = 0
stat.node.1.fabric.ingress_arrival_nonempty_frac = 0.00376751
stat.node.1.fabric.ingress_release_burst_max_pkts = 1
stat.node.1.fabric.ingress_release_burst_max_bytes = 64
stat.node.1.fabric.ingress_release_burst_avg_pkts = 1
stat.node.1.fabric.ingress_release_burst_avg_bytes = 64
stat.node.1.fabric.ingress_release_burst_stddev_pkts = 0
stat.node.1.fabric.ingress_release_burst_stddev_bytes = 0
stat.node.1.fabric.ingress_release_nonempty_frac = 0.00376685
stat.node.1.fabric.ingress_occ_avg_bytes = 34.7195
stat.node.1.fabric.ingress_occ_stddev_bytes = 71.2395
stat.node.1.fabric.ingress_occ_max_bytes = 384
stat.node.1.fabric.ingress_occ_nonempty_frac = 0.245409
stat.node.1.fabric.rx_bytes.demand_req = 0
stat.node.1.fabric.rx_bytes.write_req = 0
stat.node.1.fabric.rx_bytes.response = 1105984
stat.node.1.fabric.tx_bytes.demand_req = 138080
stat.node.1.fabric.tx_bytes.write_req = 403392
stat.node.1.fabric.tx_bytes.response = 0
stat.node.1.fabric.rx_pkts.demand_req = 0
stat.node.1.fabric.rx_pkts.write_req = 0
stat.node.1.fabric.rx_pkts.response = 17281
stat.node.1.fabric.tx_pkts.demand_req = 17260
stat.node.1.fabric.tx_pkts.write_req = 6303
stat.node.1.fabric.tx_pkts.response = 0
stat.node.1.walltime_s = 104.403
stat.node.1.active_time_s = 44.4832
stat.node.6.llc.pool_accesses = 16386
stat.node.6.llc.pool_completed = 16383
stat.node.6.llc.avg_pool_roundtrip_lat = 761.075
stat.node.6.llc.cxl_miss = 16364
stat.node.6.llc.total_miss = 16365
stat.node.6.llc.avg_miss_lat = 762.028
stat.node.6.llc.avg_cxl_lat = 762.035
stat.node.6.llc.miss_lat_hist_bin_ns = 10
stat.node.6.llc.miss_lat_hist = [0,0,0,0,0,0,0,0,0,0,0,0,0,0,0,0,0,0,0,0,0,0,0,0,0,0,2836,2040,1682,1412,1291,1032,835,777,730,632,543,412,347,287,276,241,205,178,117,120,88,63,51,33,29,21,17,12,14,12,8,8,3,1,1,0,0,0,0,4,3,3,1]
stat.node.6.util.dram_avg = 5.23223e-06
stat.node.6.fabric.ingress_wait_avg_cycles = 145
stat.node.6.fabric.egress_wait_avg_cycles = 1
stat.node.6.fabric.ingress_wait_max_cycles = 145
stat.node.6.fabric.egress_wait_max_cycles = 1
stat.node.6.fabric.ingress_queue_wait_avg_cycles = 0
stat.node.6.fabric.ingress_queue_wait_max_cycles = 0
stat.node.6.fabric.ingress_occ_bytes = 192
stat.node.6.fabric.ready_wait_avg_cycles = 0
stat.node.6.fabric.ready_wait_max_cycles = 0
stat.node.6.fabric.ready_occ_avg_pkts = 0.00376677
stat.node.6.fabric.ready_occ_pkts = 0
stat.node.6.fabric.ready_occ_max_pkts = 1
stat.node.6.fabric.ready_retry_count = 0
stat.node.6.fabric.ingress_arrival_burst_max_pkts = 1
stat.node.6.fabric.ingress_arrival_burst_max_bytes = 64
stat.node.6.fabric.ingress_arrival_burst_avg_pkts = 1
stat.node.6.fabric.ingress_arrival_burst_avg_bytes = 64
stat.node.6.fabric.ingress_arrival_burst_stddev_pkts = 0
stat.node.6.fabric.ingress_arrival_burst_stddev_bytes = 0
stat.node.6.fabric.ingress_arrival_nonempty_frac = 0.00376742
stat.node.6.fabric.ingress_release_burst_max_pkts = 1
stat.node.6.fabric.ingress_release_burst_max_bytes = 64
stat.node.6.fabric.ingress_release_burst_avg_pkts = 1
stat.node.6.fabric.ingress_release_burst_avg_bytes = 64
stat.node.6.fabric.ingress_release_burst_stddev_pkts = 0
stat.node.6.fabric.ingress_release_burst_stddev_bytes = 0
stat.node.6.fabric.ingress_release_nonempty_frac = 0.00376677
stat.node.6.fabric.ingress_occ_avg_bytes = 34.7188
stat.node.6.fabric.ingress_occ_stddev_bytes = 71.552
stat.node.6.fabric.ingress_occ_max_bytes = 384
stat.node.6.fabric.ingress_occ_nonempty_frac = 0.243845
stat.node.6.fabric.rx_bytes.demand_req = 0
stat.node.6.fabric.rx_bytes.write_req = 0
stat.node.6.fabric.rx_bytes.response = 1105984
stat.node.6.fabric.tx_bytes.demand_req = 138080
stat.node.6.fabric.tx_bytes.write_req = 403392
stat.node.6.fabric.tx_bytes.response = 0
stat.node.6.fabric.rx_pkts.demand_req = 0
stat.node.6.fabric.rx_pkts.write_req = 0
stat.node.6.fabric.rx_pkts.response = 17281
stat.node.6.fabric.tx_pkts.demand_req = 17260
stat.node.6.fabric.tx_pkts.write_req = 6303
stat.node.6.fabric.tx_pkts.response = 0
stat.node.6.walltime_s = 104.404
stat.node.6.active_time_s = 44.1532
stat.node.4.llc.pool_accesses = 16386
stat.node.4.llc.pool_completed = 16383
stat.node.4.llc.avg_pool_roundtrip_lat = 777.235
stat.node.4.llc.cxl_miss = 16364
stat.node.4.llc.total_miss = 16365
stat.node.4.llc.avg_miss_lat = 778.179
stat.node.4.llc.avg_cxl_lat = 778.186
stat.node.4.llc.miss_lat_hist_bin_ns = 10
stat.node.4.llc.miss_lat_hist = [0,0,0,0,0,0,0,0,0,0,0,0,0,0,0,0,0,0,0,0,0,0,0,0,0,0,3334,1943,1345,1187,970,862,775,693,666,544,524,501,442,401,373,306,255,239,177,172,111,101,82,78,58,46,24,25,15,20,18,16,6,9,6,6,4,4,4,3,4,3,6,2,2,1,0,1,0,1]
stat.node.4.util.dram_avg = 5.23193e-06
stat.node.4.fabric.ingress_wait_avg_cycles = 145
stat.node.4.fabric.egress_wait_avg_cycles = 1
stat.node.4.fabric.ingress_wait_max_cycles = 145
stat.node.4.fabric.egress_wait_max_cycles = 1
stat.node.4.fabric.ingress_queue_wait_avg_cycles = 0
stat.node.4.fabric.ingress_queue_wait_max_cycles = 0
stat.node.4.fabric.ingress_occ_bytes = 192
stat.node.4.fabric.ready_wait_avg_cycles = 0
stat.node.4.fabric.ready_wait_max_cycles = 0
stat.node.4.fabric.ready_occ_avg_pkts = 0.00376655
stat.node.4.fabric.ready_occ_pkts = 0
stat.node.4.fabric.ready_occ_max_pkts = 1
stat.node.4.fabric.ready_retry_count = 0
stat.node.4.fabric.ingress_arrival_burst_max_pkts = 1
stat.node.4.fabric.ingress_arrival_burst_max_bytes = 64
stat.node.4.fabric.ingress_arrival_burst_avg_pkts = 1
stat.node.4.fabric.ingress_arrival_burst_avg_bytes = 64
stat.node.4.fabric.ingress_arrival_burst_stddev_pkts = 0
stat.node.4.fabric.ingress_arrival_burst_stddev_bytes = 0
stat.node.4.fabric.ingress_arrival_nonempty_frac = 0.00376721
stat.node.4.fabric.ingress_release_burst_max_pkts = 1
stat.node.4.fabric.ingress_release_burst_max_bytes = 64
stat.node.4.fabric.ingress_release_burst_avg_pkts = 1
stat.node.4.fabric.ingress_release_burst_avg_bytes = 64
stat.node.4.fabric.ingress_release_burst_stddev_pkts = 0
stat.node.4.fabric.ingress_release_burst_stddev_bytes = 0
stat.node.4.fabric.ingress_release_nonempty_frac = 0.00376655
stat.node.4.fabric.ingress_occ_avg_bytes = 34.7168
stat.node.4.fabric.ingress_occ_stddev_bytes = 71.8741
stat.node.4.fabric.ingress_occ_max_bytes = 384
stat.node.4.fabric.ingress_occ_nonempty_frac = 0.242719
stat.node.4.fabric.rx_bytes.demand_req = 0
stat.node.4.fabric.rx_bytes.write_req = 0
stat.node.4.fabric.rx_bytes.response = 1105984
stat.node.4.fabric.tx_bytes.demand_req = 138080
stat.node.4.fabric.tx_bytes.write_req = 403392
stat.node.4.fabric.tx_bytes.response = 0
stat.node.4.fabric.rx_pkts.demand_req = 0
stat.node.4.fabric.rx_pkts.write_req = 0
stat.node.4.fabric.rx_pkts.response = 17281
stat.node.4.fabric.tx_pkts.demand_req = 17260
stat.node.4.fabric.tx_pkts.write_req = 6303
stat.node.4.fabric.tx_pkts.response = 0
stat.node.4.walltime_s = 104.408
stat.node.4.active_time_s = 44.5059
stat.node.3.llc.pool_accesses = 16386
stat.node.3.llc.pool_completed = 16383
stat.node.3.llc.avg_pool_roundtrip_lat = 779.121
stat.node.3.llc.cxl_miss = 16364
stat.node.3.llc.total_miss = 16365
stat.node.3.llc.avg_miss_lat = 780.077
stat.node.3.llc.avg_cxl_lat = 780.084
stat.node.3.llc.miss_lat_hist_bin_ns = 10
stat.node.3.llc.miss_lat_hist = [0,0,0,0,0,0,0,0,0,0,0,0,0,0,0,0,0,0,0,0,0,0,0,0,0,0,3403,1972,1329,1057,972,875,770,706,649,628,526,447,382,348,358,298,285,249,206,173,114,110,88,75,71,51,38,24,25,18,15,12,15,12,12,8,7,9,10,6,6,1,1,0,1,0,0,0,0,0,0,0,1,1,1]
stat.node.3.util.dram_avg = 5.23182e-06
stat.node.3.fabric.ingress_wait_avg_cycles = 145
stat.node.3.fabric.egress_wait_avg_cycles = 1
stat.node.3.fabric.ingress_wait_max_cycles = 145
stat.node.3.fabric.egress_wait_max_cycles = 1
stat.node.3.fabric.ingress_queue_wait_avg_cycles = 0
stat.node.3.fabric.ingress_queue_wait_max_cycles = 0
stat.node.3.fabric.ingress_occ_bytes = 192
stat.node.3.fabric.ready_wait_avg_cycles = 0
stat.node.3.fabric.ready_wait_max_cycles = 0
stat.node.3.fabric.ready_occ_avg_pkts = 0.00376647
stat.node.3.fabric.ready_occ_pkts = 0
stat.node.3.fabric.ready_occ_max_pkts = 1
stat.node.3.fabric.ready_retry_count = 0
stat.node.3.fabric.ingress_arrival_burst_max_pkts = 1
stat.node.3.fabric.ingress_arrival_burst_max_bytes = 64
stat.node.3.fabric.ingress_arrival_burst_avg_pkts = 1
stat.node.3.fabric.ingress_arrival_burst_avg_bytes = 64
stat.node.3.fabric.ingress_arrival_burst_stddev_pkts = 0
stat.node.3.fabric.ingress_arrival_burst_stddev_bytes = 0
stat.node.3.fabric.ingress_arrival_nonempty_frac = 0.00376713
stat.node.3.fabric.ingress_release_burst_max_pkts = 1
stat.node.3.fabric.ingress_release_burst_max_bytes = 64
stat.node.3.fabric.ingress_release_burst_avg_pkts = 1
stat.node.3.fabric.ingress_release_burst_avg_bytes = 64
stat.node.3.fabric.ingress_release_burst_stddev_pkts = 0
stat.node.3.fabric.ingress_release_burst_stddev_bytes = 0
stat.node.3.fabric.ingress_release_nonempty_frac = 0.00376647
stat.node.3.fabric.ingress_occ_avg_bytes = 34.716
stat.node.3.fabric.ingress_occ_stddev_bytes = 71.783
stat.node.3.fabric.ingress_occ_max_bytes = 384
stat.node.3.fabric.ingress_occ_nonempty_frac = 0.243225
stat.node.3.fabric.rx_bytes.demand_req = 0
stat.node.3.fabric.rx_bytes.write_req = 0
stat.node.3.fabric.rx_bytes.response = 1105984
stat.node.3.fabric.tx_bytes.demand_req = 138080
stat.node.3.fabric.tx_bytes.write_req = 403392
stat.node.3.fabric.tx_bytes.response = 0
stat.node.3.fabric.rx_pkts.demand_req = 0
stat.node.3.fabric.rx_pkts.write_req = 0
stat.node.3.fabric.rx_pkts.response = 17281
stat.node.3.fabric.tx_pkts.demand_req = 17260
stat.node.3.fabric.tx_pkts.write_req = 6303
stat.node.3.fabric.tx_pkts.response = 0
stat.node.3.walltime_s = 104.41
stat.node.3.active_time_s = 44.3331
stat.node.2.llc.pool_accesses = 16386
stat.node.2.llc.pool_completed = 16383
stat.node.2.llc.avg_pool_roundtrip_lat = 768.374
stat.node.2.llc.cxl_miss = 16364
stat.node.2.llc.total_miss = 16365
stat.node.2.llc.avg_miss_lat = 769.328
stat.node.2.llc.avg_cxl_lat = 769.335
stat.node.2.llc.miss_lat_hist_bin_ns = 10
stat.node.2.llc.miss_lat_hist = [0,0,0,0,0,0,0,0,0,0,0,0,0,0,0,0,0,0,0,0,0,0,0,0,0,0,2990,1967,1588,1268,1146,997,870,743,710,606,552,444,402,367,293,258,196,165,160,128,99,93,86,42,41,26,18,17,12,10,6,6,6,13,10,6,4,7,2,2,1,0,2,0,0,3,0,1,0,0,0,2]
stat.node.2.util.dram_avg = 5.2317e-06
stat.node.2.fabric.ingress_wait_avg_cycles = 145
stat.node.2.fabric.egress_wait_avg_cycles = 1
stat.node.2.fabric.ingress_wait_max_cycles = 145
stat.node.2.fabric.egress_wait_max_cycles = 1
stat.node.2.fabric.ingress_queue_wait_avg_cycles = 0
stat.node.2.fabric.ingress_queue_wait_max_cycles = 0
stat.node.2.fabric.ingress_occ_bytes = 192
stat.node.2.fabric.ready_wait_avg_cycles = 0
stat.node.2.fabric.ready_wait_max_cycles = 0
stat.node.2.fabric.ready_occ_avg_pkts = 0.00376639
stat.node.2.fabric.ready_occ_pkts = 0
stat.node.2.fabric.ready_occ_max_pkts = 1
stat.node.2.fabric.ready_retry_count = 0
stat.node.2.fabric.ingress_arrival_burst_max_pkts = 1
stat.node.2.fabric.ingress_arrival_burst_max_bytes = 64
stat.node.2.fabric.ingress_arrival_burst_avg_pkts = 1
stat.node.2.fabric.ingress_arrival_burst_avg_bytes = 64
stat.node.2.fabric.ingress_arrival_burst_stddev_pkts = 0
stat.node.2.fabric.ingress_arrival_burst_stddev_bytes = 0
stat.node.2.fabric.ingress_arrival_nonempty_frac = 0.00376704
stat.node.2.fabric.ingress_release_burst_max_pkts = 1
stat.node.2.fabric.ingress_release_burst_max_bytes = 64
stat.node.2.fabric.ingress_release_burst_avg_pkts = 1
stat.node.2.fabric.ingress_release_burst_avg_bytes = 64
stat.node.2.fabric.ingress_release_burst_stddev_pkts = 0
stat.node.2.fabric.ingress_release_burst_stddev_bytes = 0
stat.node.2.fabric.ingress_release_nonempty_frac = 0.00376639
stat.node.2.fabric.ingress_occ_avg_bytes = 34.7153
stat.node.2.fabric.ingress_occ_stddev_bytes = 71.7684
stat.node.2.fabric.ingress_occ_max_bytes = 384
stat.node.2.fabric.ingress_occ_nonempty_frac = 0.242593
stat.node.2.fabric.rx_bytes.demand_req = 0
stat.node.2.fabric.rx_bytes.write_req = 0
stat.node.2.fabric.rx_bytes.response = 1105984
stat.node.2.fabric.tx_bytes.demand_req = 138080
stat.node.2.fabric.tx_bytes.write_req = 403392
stat.node.2.fabric.tx_bytes.response = 0
stat.node.2.fabric.rx_pkts.demand_req = 0
stat.node.2.fabric.rx_pkts.write_req = 0
stat.node.2.fabric.rx_pkts.response = 17281
stat.node.2.fabric.tx_pkts.demand_req = 17260
stat.node.2.fabric.tx_pkts.write_req = 6303
stat.node.2.fabric.tx_pkts.response = 0
stat.node.2.walltime_s = 104.412
stat.node.2.active_time_s = 45.4846
stat.node.7.llc.pool_accesses = 16386
stat.node.7.llc.pool_completed = 16383
stat.node.7.llc.avg_pool_roundtrip_lat = 766.536
stat.node.7.llc.cxl_miss = 16364
stat.node.7.llc.total_miss = 16365
stat.node.7.llc.avg_miss_lat = 767.544
stat.node.7.llc.avg_cxl_lat = 767.552
stat.node.7.llc.miss_lat_hist_bin_ns = 10
stat.node.7.llc.miss_lat_hist = [0,0,0,0,0,0,0,0,0,0,0,0,0,0,0,0,0,0,0,0,0,0,0,0,0,0,3346,2414,1648,1281,1007,823,709,610,551,520,414,393,362,271,287,240,225,193,178,151,126,117,108,76,53,48,46,25,20,21,12,12,7,5,6,6,3,1,7,7,5,8,8,7,3,4,1]
stat.node.7.util.dram_avg = 5.22868e-06
stat.node.7.fabric.ingress_wait_avg_cycles = 145
stat.node.7.fabric.egress_wait_avg_cycles = 1
stat.node.7.fabric.ingress_wait_max_cycles = 145
stat.node.7.fabric.egress_wait_max_cycles = 1
stat.node.7.fabric.ingress_queue_wait_avg_cycles = 0
stat.node.7.fabric.ingress_queue_wait_max_cycles = 0
stat.node.7.fabric.ingress_occ_bytes = 192
stat.node.7.fabric.ready_wait_avg_cycles = 0
stat.node.7.fabric.ready_wait_max_cycles = 0
stat.node.7.fabric.ready_occ_avg_pkts = 0.00376421
stat.node.7.fabric.ready_occ_pkts = 0
stat.node.7.fabric.ready_occ_max_pkts = 1
stat.node.7.fabric.ready_retry_count = 0
stat.node.7.fabric.ingress_arrival_burst_max_pkts = 1
stat.node.7.fabric.ingress_arrival_burst_max_bytes = 64
stat.node.7.fabric.ingress_arrival_burst_avg_pkts = 1
stat.node.7.fabric.ingress_arrival_burst_avg_bytes = 64
stat.node.7.fabric.ingress_arrival_burst_stddev_pkts = 0
stat.node.7.fabric.ingress_arrival_burst_stddev_bytes = 0
stat.node.7.fabric.ingress_arrival_nonempty_frac = 0.00376487
stat.node.7.fabric.ingress_release_burst_max_pkts = 1
stat.node.7.fabric.ingress_release_burst_max_bytes = 64
stat.node.7.fabric.ingress_release_burst_avg_pkts = 1
stat.node.7.fabric.ingress_release_burst_avg_bytes = 64
stat.node.7.fabric.ingress_release_burst_stddev_pkts = 0
stat.node.7.fabric.ingress_release_burst_stddev_bytes = 0
stat.node.7.fabric.ingress_release_nonempty_frac = 0.00376421
stat.node.7.fabric.ingress_occ_avg_bytes = 34.695
stat.node.7.fabric.ingress_occ_stddev_bytes = 71.1163
stat.node.7.fabric.ingress_occ_max_bytes = 384
stat.node.7.fabric.ingress_occ_nonempty_frac = 0.247124
stat.node.7.fabric.rx_bytes.demand_req = 0
stat.node.7.fabric.rx_bytes.write_req = 0
stat.node.7.fabric.rx_bytes.response = 1105984
stat.node.7.fabric.tx_bytes.demand_req = 138080
stat.node.7.fabric.tx_bytes.write_req = 403392
stat.node.7.fabric.tx_bytes.response = 0
stat.node.7.fabric.rx_pkts.demand_req = 0
stat.node.7.fabric.rx_pkts.write_req = 0
stat.node.7.fabric.rx_pkts.response = 17281
stat.node.7.fabric.tx_pkts.demand_req = 17260
stat.node.7.fabric.tx_pkts.write_req = 6303
stat.node.7.fabric.tx_pkts.response = 0
stat.node.7.walltime_s = 104.445
stat.node.7.active_time_s = 45.314
stat.node.5.llc.pool_accesses = 16386
stat.node.5.llc.pool_completed = 16383
stat.node.5.llc.avg_pool_roundtrip_lat = 754.34
stat.node.5.llc.cxl_miss = 16364
stat.node.5.llc.total_miss = 16365
stat.node.5.llc.avg_miss_lat = 755.361
stat.node.5.llc.avg_cxl_lat = 755.363
stat.node.5.llc.miss_lat_hist_bin_ns = 10
stat.node.5.llc.miss_lat_hist = [0,0,0,0,0,0,0,0,0,0,0,0,0,0,0,0,0,0,0,0,0,0,0,0,0,0,3501,2618,1904,1321,1001,795,661,563,517,495,400,319,297,290,246,242,174,141,134,133,113,88,67,52,48,48,46,36,16,24,7,3,6,10,5,5,7,6,4,0,0,0,1,2,2,2,3,2,2,2,3,1,1,1]
stat.node.5.util.dram_avg = 5.22777e-06
stat.node.5.fabric.ingress_wait_avg_cycles = 145
stat.node.5.fabric.egress_wait_avg_cycles = 1
stat.node.5.fabric.ingress_wait_max_cycles = 145
stat.node.5.fabric.egress_wait_max_cycles = 1
stat.node.5.fabric.ingress_queue_wait_avg_cycles = 0
stat.node.5.fabric.ingress_queue_wait_max_cycles = 0
stat.node.5.fabric.ingress_occ_bytes = 192
stat.node.5.fabric.ready_wait_avg_cycles = 0
stat.node.5.fabric.ready_wait_max_cycles = 0
stat.node.5.fabric.ready_occ_avg_pkts = 0.00376356
stat.node.5.fabric.ready_occ_pkts = 0
stat.node.5.fabric.ready_occ_max_pkts = 1
stat.node.5.fabric.ready_retry_count = 0
stat.node.5.fabric.ingress_arrival_burst_max_pkts = 1
stat.node.5.fabric.ingress_arrival_burst_max_bytes = 64
stat.node.5.fabric.ingress_arrival_burst_avg_pkts = 1
stat.node.5.fabric.ingress_arrival_burst_avg_bytes = 64
stat.node.5.fabric.ingress_arrival_burst_stddev_pkts = 0
stat.node.5.fabric.ingress_arrival_burst_stddev_bytes = 0
stat.node.5.fabric.ingress_arrival_nonempty_frac = 0.00376422
stat.node.5.fabric.ingress_release_burst_max_pkts = 1
stat.node.5.fabric.ingress_release_burst_max_bytes = 64
stat.node.5.fabric.ingress_release_burst_avg_pkts = 1
stat.node.5.fabric.ingress_release_burst_avg_bytes = 64
stat.node.5.fabric.ingress_release_burst_stddev_pkts = 0
stat.node.5.fabric.ingress_release_burst_stddev_bytes = 0
stat.node.5.fabric.ingress_release_nonempty_frac = 0.00376356
stat.node.5.fabric.ingress_occ_avg_bytes = 34.6892
stat.node.5.fabric.ingress_occ_stddev_bytes = 70.0943
stat.node.5.fabric.ingress_occ_max_bytes = 384
stat.node.5.fabric.ingress_occ_nonempty_frac = 0.252379
stat.node.5.fabric.rx_bytes.demand_req = 0
stat.node.5.fabric.rx_bytes.write_req = 0
stat.node.5.fabric.rx_bytes.response = 1105984
stat.node.5.fabric.tx_bytes.demand_req = 138080
stat.node.5.fabric.tx_bytes.write_req = 403392
stat.node.5.fabric.tx_bytes.response = 0
stat.node.5.fabric.rx_pkts.demand_req = 0
stat.node.5.fabric.rx_pkts.write_req = 0
stat.node.5.fabric.rx_pkts.response = 17281
stat.node.5.fabric.tx_pkts.demand_req = 17260
stat.node.5.fabric.tx_pkts.write_req = 6303
stat.node.5.fabric.tx_pkts.response = 0
stat.node.5.walltime_s = 104.455
stat.node.5.active_time_s = 45.6978
stat.pool.100.util.mem_avg = 0.164389
stat.pool.100.util.req_link_avg = 0.368694
stat.pool.100.memq.demand.completed = 138080
stat.pool.100.memq.demand.response_completed = 138080
stat.pool.100.memq.demand.queue_wait_avg_cycles = 1.56857
stat.pool.100.memq.demand.queue_wait_max_cycles = 49
stat.pool.100.memq.demand.service_avg_cycles = 79.9863
stat.pool.100.memq.demand.service_max_cycles = 483
stat.pool.100.memq.demand.total_avg_cycles = 81.5549
stat.pool.100.memq.demand.total_max_cycles = 532
stat.pool.100.memq.demand.ahead_pkts_avg.load = 2.02978
stat.pool.100.memq.demand.ahead_pkts_max.load = 23
stat.pool.100.memq.demand.ahead_bytes_avg.load = 129.906
stat.pool.100.memq.demand.ahead_bytes_max.load = 1472
stat.pool.100.memq.demand.ahead_pkts_avg.rfo = 1.02837
stat.pool.100.memq.demand.ahead_pkts_max.rfo = 24
stat.pool.100.memq.demand.ahead_bytes_avg.rfo = 65.816
stat.pool.100.memq.demand.ahead_bytes_max.rfo = 1536
stat.pool.100.memq.demand.ahead_pkts_avg.write = 1.2093
stat.pool.100.memq.demand.ahead_pkts_max.write = 5
stat.pool.100.memq.demand.ahead_bytes_avg.write = 77.3951
stat.pool.100.memq.demand.ahead_bytes_max.write = 320
stat.pool.100.memq.demand.ahead_pkts_avg.other = 0.00404838
stat.pool.100.memq.demand.ahead_pkts_max.other = 4
stat.pool.100.memq.demand.ahead_bytes_avg.other = 0.259096
stat.pool.100.memq.demand.ahead_bytes_max.other = 256
stat.pool.100.memq.load.completed = 96616
stat.pool.100.memq.load.response_completed = 96616
stat.pool.100.memq.load.queue_wait_avg_cycles = 1.57085
stat.pool.100.memq.load.queue_wait_max_cycles = 49
stat.pool.100.memq.load.service_avg_cycles = 79.8847
stat.pool.100.memq.load.service_max_cycles = 483
stat.pool.100.memq.load.total_avg_cycles = 81.4555
stat.pool.100.memq.load.total_max_cycles = 532
stat.pool.100.memq.load.ahead_pkts_avg.load = 2.10104
stat.pool.100.memq.load.ahead_pkts_max.load = 23
stat.pool.100.memq.load.ahead_bytes_avg.load = 134.467
stat.pool.100.memq.load.ahead_bytes_max.load = 1472
stat.pool.100.memq.load.ahead_pkts_avg.rfo = 0.992186
stat.pool.100.memq.load.ahead_pkts_max.rfo = 24
stat.pool.100.memq.load.ahead_bytes_avg.rfo = 63.4999
stat.pool.100.memq.load.ahead_bytes_max.rfo = 1536
stat.pool.100.memq.load.ahead_pkts_avg.write = 1.20101
stat.pool.100.memq.load.ahead_pkts_max.write = 5
stat.pool.100.memq.load.ahead_bytes_avg.write = 76.8648
stat.pool.100.memq.load.ahead_bytes_max.write = 320
stat.pool.100.memq.load.ahead_pkts_avg.other = 0.00381924
stat.pool.100.memq.load.ahead_pkts_max.other = 4
stat.pool.100.memq.load.ahead_bytes_avg.other = 0.244432
stat.pool.100.memq.load.ahead_bytes_max.other = 256
stat.pool.100.respq.load.completed = 96616
stat.pool.100.respq.load.wait_avg_cycles = 0
stat.pool.100.respq.load.wait_max_cycles = 0
stat.pool.100.memq.rfo.completed = 41464
stat.pool.100.memq.rfo.response_completed = 41464
stat.pool.100.memq.rfo.queue_wait_avg_cycles = 1.56326
stat.pool.100.memq.rfo.queue_wait_max_cycles = 28
stat.pool.100.memq.rfo.service_avg_cycles = 80.2232
stat.pool.100.memq.rfo.service_max_cycles = 363
stat.pool.100.memq.rfo.total_avg_cycles = 81.7865
stat.pool.100.memq.rfo.total_max_cycles = 377
stat.pool.100.memq.rfo.ahead_pkts_avg.load = 1.86374
stat.pool.100.memq.rfo.ahead_pkts_max.load = 21
stat.pool.100.memq.rfo.ahead_bytes_avg.load = 119.279
stat.pool.100.memq.rfo.ahead_bytes_max.load = 1344
stat.pool.100.memq.rfo.ahead_pkts_avg.rfo = 1.1127
stat.pool.100.memq.rfo.ahead_pkts_max.rfo = 23
stat.pool.100.memq.rfo.ahead_bytes_avg.rfo = 71.2128
stat.pool.100.memq.rfo.ahead_bytes_max.rfo = 1472
stat.pool.100.memq.rfo.ahead_pkts_avg.write = 1.22861
stat.pool.100.memq.rfo.ahead_pkts_max.write = 5
stat.pool.100.memq.rfo.ahead_bytes_avg.write = 78.6309
stat.pool.100.memq.rfo.ahead_bytes_max.write = 320
stat.pool.100.memq.rfo.ahead_pkts_avg.other = 0.00458229
stat.pool.100.memq.rfo.ahead_pkts_max.other = 4
stat.pool.100.memq.rfo.ahead_bytes_avg.other = 0.293266
stat.pool.100.memq.rfo.ahead_bytes_max.other = 256
stat.pool.100.respq.rfo.completed = 41464
stat.pool.100.respq.rfo.wait_avg_cycles = 0
stat.pool.100.respq.rfo.wait_max_cycles = 0
stat.pool.100.memq.write.completed = 50424
stat.pool.100.memq.write.response_completed = 0
stat.pool.100.memq.write.queue_wait_avg_cycles = 1
stat.pool.100.memq.write.queue_wait_max_cycles = 1
stat.pool.100.memq.write.service_avg_cycles = 77.7687
stat.pool.100.memq.write.service_max_cycles = 363
stat.pool.100.memq.write.total_avg_cycles = 78.7687
stat.pool.100.memq.write.total_max_cycles = 364
stat.pool.100.memq.write.ahead_pkts_avg.load = 1.51047
stat.pool.100.memq.write.ahead_pkts_max.load = 19
stat.pool.100.memq.write.ahead_bytes_avg.load = 96.6702
stat.pool.100.memq.write.ahead_bytes_max.load = 1216
stat.pool.100.memq.write.ahead_pkts_avg.rfo = 0.645526
stat.pool.100.memq.write.ahead_pkts_max.rfo = 14
stat.pool.100.memq.write.ahead_bytes_avg.rfo = 41.3137
stat.pool.100.memq.write.ahead_bytes_max.rfo = 896
stat.pool.100.memq.write.ahead_pkts_avg.write = 0.978403
stat.pool.100.memq.write.ahead_pkts_max.write = 4
stat.pool.100.memq.write.ahead_bytes_avg.write = 62.6178
stat.pool.100.memq.write.ahead_bytes_max.write = 256
stat.pool.100.memq.write.ahead_pkts_avg.other = 0.00275662
stat.pool.100.memq.write.ahead_pkts_max.other = 3
stat.pool.100.memq.write.ahead_bytes_avg.other = 0.176424
stat.pool.100.memq.write.ahead_bytes_max.other = 192
stat.pool.100.respq.write.completed = 0
stat.pool.100.respq.write.wait_avg_cycles = 0
stat.pool.100.respq.write.wait_max_cycles = 0
stat.pool.100.memq.other.completed = 168
stat.pool.100.memq.other.response_completed = 168
stat.pool.100.memq.other.queue_wait_avg_cycles = 1.83333
stat.pool.100.memq.other.queue_wait_max_cycles = 12
stat.pool.100.memq.other.service_avg_cycles = 85.5714
stat.pool.100.memq.other.service_max_cycles = 363
stat.pool.100.memq.other.total_avg_cycles = 87.4048
stat.pool.100.memq.other.total_max_cycles = 375
stat.pool.100.memq.other.ahead_pkts_avg.load = 1.96429
stat.pool.100.memq.other.ahead_pkts_max.load = 17
stat.pool.100.memq.other.ahead_bytes_avg.load = 125.714
stat.pool.100.memq.other.ahead_bytes_max.load = 1088
stat.pool.100.memq.other.ahead_pkts_avg.rfo = 1.43452
stat.pool.100.memq.other.ahead_pkts_max.rfo = 13
stat.pool.100.memq.other.ahead_bytes_avg.rfo = 91.8095
stat.pool.100.memq.other.ahead_bytes_max.rfo = 832
stat.pool.100.memq.other.ahead_pkts_avg.write = 1.35714
stat.pool.100.memq.other.ahead_pkts_max.write = 4
stat.pool.100.memq.other.ahead_bytes_avg.write = 86.8571
stat.pool.100.memq.other.ahead_bytes_max.write = 256
stat.pool.100.memq.other.ahead_pkts_avg.other = 0.267857
stat.pool.100.memq.other.ahead_pkts_max.other = 3
stat.pool.100.memq.other.ahead_bytes_avg.other = 17.1429
stat.pool.100.memq.other.ahead_bytes_max.other = 192
stat.pool.100.respq.other.completed = 168
stat.pool.100.respq.other.wait_avg_cycles = 0
stat.pool.100.respq.other.wait_max_cycles = 0
stat.pool.100.fabric.ingress_wait_avg_cycles = 134.584
stat.pool.100.fabric.egress_wait_avg_cycles = 1
stat.pool.100.fabric.ingress_wait_max_cycles = 333
stat.pool.100.fabric.egress_wait_max_cycles = 1
stat.pool.100.fabric.ingress_queue_wait_avg_cycles = 4.97131
stat.pool.100.fabric.ingress_queue_wait_max_cycles = 190
stat.pool.100.fabric.ingress_occ_bytes = 0
stat.pool.100.fabric.ready_wait_avg_cycles = 0
stat.pool.100.fabric.ready_wait_max_cycles = 0
stat.pool.100.fabric.ready_occ_avg_pkts = 0.0410973
stat.pool.100.fabric.ready_occ_pkts = 0
stat.pool.100.fabric.ready_occ_max_pkts = 1
stat.pool.100.fabric.ready_retry_count = 0
stat.pool.100.fabric.ingress_arrival_burst_max_pkts = 8
stat.pool.100.fabric.ingress_arrival_burst_max_bytes = 80
stat.pool.100.fabric.ingress_arrival_burst_avg_pkts = 1.01093
stat.pool.100.fabric.ingress_arrival_burst_avg_bytes = 23.2173
stat.pool.100.fabric.ingress_arrival_burst_stddev_pkts = 0.111463
stat.pool.100.fabric.ingress_arrival_burst_stddev_bytes = 24.9405
stat.pool.100.fabric.ingress_arrival_nonempty_frac = 0.0406531
stat.pool.100.fabric.ingress_release_burst_max_pkts = 1
stat.pool.100.fabric.ingress_release_burst_max_bytes = 64
stat.pool.100.fabric.ingress_release_burst_avg_pkts = 1
stat.pool.100.fabric.ingress_release_burst_avg_bytes = 22.9664
stat.pool.100.fabric.ingress_release_burst_stddev_pkts = 0
stat.pool.100.fabric.ingress_release_burst_stddev_bytes = 24.7816
stat.pool.100.fabric.ingress_release_nonempty_frac = 0.0410973
stat.pool.100.fabric.ingress_occ_avg_bytes = 133.607
stat.pool.100.fabric.ingress_occ_stddev_bytes = 94.7846
stat.pool.100.fabric.ingress_occ_max_bytes = 864
stat.pool.100.fabric.ingress_occ_nonempty_frac = 0.882632
stat.pool.100.fabric.rx_bytes.demand_req = 1104640
stat.pool.100.fabric.rx_bytes.write_req = 3227136
stat.pool.100.fabric.rx_bytes.response = 0
stat.pool.100.fabric.tx_bytes.demand_req = 0
stat.pool.100.fabric.tx_bytes.write_req = 0
stat.pool.100.fabric.tx_bytes.response = 8847872
stat.pool.100.fabric.rx_pkts.demand_req = 138080
stat.pool.100.fabric.rx_pkts.write_req = 50424
stat.pool.100.fabric.rx_pkts.response = 0
stat.pool.100.fabric.tx_pkts.demand_req = 0
stat.pool.100.fabric.tx_pkts.write_req = 0
stat.pool.100.fabric.tx_pkts.response = 138248
stat.pool.100.walltime_s = 104.456
stat.pool.100.active_time_s = 0.770242
stat.switch.replicated_messages = 0
stat.switch.util.node_ingress_avg = 0.0460868
stat.switch.util.pool_ingress_avg = 0.752842
stat.switch.fabric.node_ingress_wait_avg_cycles = 130.394
stat.switch.fabric.node_egress_wait_avg_cycles = 1
stat.switch.fabric.pool_ingress_wait_avg_cycles = 273.593
stat.switch.fabric.pool_egress_wait_avg_cycles = 1
stat.switch.fabric.node_ingress_queue_wait_avg_cycles = 0.781695
stat.switch.fabric.pool_ingress_queue_wait_avg_cycles = 128.593
stat.switch.fabric.node_ready_wait_avg_cycles = 0
stat.switch.fabric.pool_ready_wait_avg_cycles = 0
stat.switch.fabric.node_ingress_wait_max_cycles = 164
stat.switch.fabric.node_egress_wait_max_cycles = 1
stat.switch.fabric.pool_ingress_wait_max_cycles = 1372
stat.switch.fabric.pool_egress_wait_max_cycles = 1
stat.switch.fabric.node_ingress_queue_wait_max_cycles = 35
stat.switch.fabric.pool_ingress_queue_wait_max_cycles = 1227
stat.switch.fabric.node_ready_wait_max_cycles = 0
stat.switch.fabric.pool_ready_wait_max_cycles = 0
stat.switch.fabric.node_ingress_occ_bytes = 0
stat.switch.fabric.pool_ingress_occ_bytes = 0
stat.switch.fabric.node_ready_occ_avg_pkts = 0.00513716
stat.switch.fabric.pool_ready_occ_avg_pkts = 0.0301137
stat.switch.fabric.node_ready_occ_pkts = 0
stat.switch.fabric.pool_ready_occ_pkts = 0
stat.switch.fabric.node_ready_occ_max_pkts = 1
stat.switch.fabric.pool_ready_occ_max_pkts = 1
stat.switch.fabric.node_ready_retry_count = 0
stat.switch.fabric.pool_ready_retry_count = 0
stat.switch.fabric.node_ingress_arrival_burst_max_pkts = 2
stat.switch.fabric.node_ingress_arrival_burst_max_bytes = 72
stat.switch.fabric.node_ingress_arrival_burst_avg_pkts = 1.00124
stat.switch.fabric.node_ingress_arrival_burst_avg_bytes = 22.9949
stat.switch.fabric.node_ingress_arrival_burst_stddev_pkts = 0.0350931
stat.switch.fabric.node_ingress_arrival_burst_stddev_bytes = 24.8094
stat.switch.fabric.node_ingress_arrival_nonempty_frac = 0.00513079
stat.switch.fabric.node_ingress_release_burst_max_pkts = 1
stat.switch.fabric.node_ingress_release_burst_max_bytes = 64
stat.switch.fabric.node_ingress_release_burst_avg_pkts = 1
stat.switch.fabric.node_ingress_release_burst_avg_bytes = 22.9664
stat.switch.fabric.node_ingress_release_burst_stddev_pkts = 0
stat.switch.fabric.node_ingress_release_burst_stddev_bytes = 24.7816
stat.switch.fabric.node_ingress_release_nonempty_frac = 0.00513716
stat.switch.fabric.pool_ingress_arrival_burst_max_pkts = 2
stat.switch.fabric.pool_ingress_arrival_burst_max_bytes = 128
stat.switch.fabric.pool_ingress_arrival_burst_avg_pkts = 1.00064
stat.switch.fabric.pool_ingress_arrival_burst_avg_bytes = 64.0412
stat.switch.fabric.pool_ingress_arrival_burst_stddev_pkts = 0.0253726
stat.switch.fabric.pool_ingress_arrival_burst_stddev_bytes = 1.62385
stat.switch.fabric.pool_ingress_arrival_nonempty_frac = 0.0300943
stat.switch.fabric.pool_ingress_release_burst_max_pkts = 1
stat.switch.fabric.pool_ingress_release_burst_max_bytes = 64
stat.switch.fabric.pool_ingress_release_burst_avg_pkts = 1
stat.switch.fabric.pool_ingress_release_burst_avg_bytes = 64
stat.switch.fabric.pool_ingress_release_burst_stddev_pkts = 0
stat.switch.fabric.pool_ingress_release_burst_stddev_bytes = 0
stat.switch.fabric.pool_ingress_release_nonempty_frac = 0.0301137
stat.switch.fabric.node_ingress_occ_avg_bytes = 16.3987
stat.switch.fabric.node_ingress_occ_stddev_bytes = 37.52
stat.switch.fabric.node_ingress_occ_max_bytes = 392
stat.switch.fabric.node_ingress_occ_nonempty_frac = 0.266977
stat.switch.fabric.pool_ingress_occ_avg_bytes = 525.363
stat.switch.fabric.pool_ingress_occ_stddev_bytes = 425.194
stat.switch.fabric.pool_ingress_occ_max_bytes = 3520
stat.switch.fabric.pool_ingress_occ_nonempty_frac = 0.884961
stat.switch.fabric.node_rx_bytes.demand_req = 1104640
stat.switch.fabric.node_rx_bytes.write_req = 3227136
stat.switch.fabric.node_rx_bytes.response = 0
stat.switch.fabric.node_tx_bytes.demand_req = 0
stat.switch.fabric.node_tx_bytes.write_req = 0
stat.switch.fabric.node_tx_bytes.response = 8847872
stat.switch.fabric.pool_rx_bytes.demand_req = 0
stat.switch.fabric.pool_rx_bytes.write_req = 0
stat.switch.fabric.pool_rx_bytes.response = 8847872
stat.switch.fabric.pool_tx_bytes.demand_req = 1104640
stat.switch.fabric.pool_tx_bytes.write_req = 3227136
stat.switch.fabric.pool_tx_bytes.response = 0
stat.switch.fabric.node_rx_pkts.demand_req = 138080
stat.switch.fabric.node_rx_pkts.write_req = 50424
stat.switch.fabric.node_rx_pkts.response = 0
stat.switch.fabric.node_tx_pkts.demand_req = 0
stat.switch.fabric.node_tx_pkts.write_req = 0
stat.switch.fabric.node_tx_pkts.response = 138248
stat.switch.fabric.pool_rx_pkts.demand_req = 0
stat.switch.fabric.pool_rx_pkts.write_req = 0
stat.switch.fabric.pool_rx_pkts.response = 138248
stat.switch.fabric.pool_tx_pkts.demand_req = 138080
stat.switch.fabric.pool_tx_pkts.write_req = 50424
stat.switch.fabric.pool_tx_pkts.response = 0
stat.switch.bw.host_to_switch_gbps = 2.26526
stat.switch.bw.switch_to_host_gbps = 4.62547
stat.switch.bw.host_link_total_gbps = 6.89072
stat.switch.walltime_s = 104.456
stat.switch.active_time_s = 1.79668
Simulation is complete, simulated time: 1.91439 ms
